[2024-03-24T19:53:25.992+0800][0.020s] CardTable entry size: 512
[2024-03-24T19:53:25.992+0800][0.021s] Using G1
[2024-03-24T19:53:26.141+0800][0.171s] Version: 21.0.1+12-LTS-29 (release)
[2024-03-24T19:53:26.141+0800][0.171s] CPUs: 8 total, 8 available
[2024-03-24T19:53:26.141+0800][0.171s] Memory: 16023M
[2024-03-24T19:53:26.141+0800][0.171s] Large Page Support: Disabled
[2024-03-24T19:53:26.141+0800][0.171s] NUMA Support: Disabled
[2024-03-24T19:53:26.141+0800][0.171s] Compressed Oops: Enabled (32-bit)
[2024-03-24T19:53:26.141+0800][0.171s] Heap Region Size: 1M
[2024-03-24T19:53:26.141+0800][0.171s] Heap Min Capacity: 512M
[2024-03-24T19:53:26.141+0800][0.171s] Heap Initial Capacity: 512M
[2024-03-24T19:53:26.141+0800][0.171s] Heap Max Capacity: 512M
[2024-03-24T19:53:26.150+0800][0.173s] Pre-touch: Enabled
[2024-03-24T19:53:26.150+0800][0.173s] Parallel Workers: 8
[2024-03-24T19:53:26.150+0800][0.173s] Concurrent Workers: 2
[2024-03-24T19:53:26.150+0800][0.173s] Concurrent Refinement Workers: 8
[2024-03-24T19:53:26.150+0800][0.173s] Periodic GC: Disabled
[2024-03-24T19:53:26.165+0800][0.188s] CDS archive(s) mapped at: [0x0000017180000000-0x0000017180c90000-0x0000017180c90000), size 13172736, SharedBaseAddress: 0x0000017180000000, ArchiveRelocationMode: 1.
[2024-03-24T19:53:26.165+0800][0.188s] Compressed class space mapped at: 0x0000017181000000-0x00000171c1000000, reserved size: 1073741824
[2024-03-24T19:53:26.165+0800][0.188s] Narrow klass base: 0x0000017180000000, Narrow klass shift: 0, Narrow klass range: 0x100000000
[2024-03-24T19:53:27.441+0800][1.467s] GC(0) Pause Young (Normal) (G1 Evacuation Pause)
[2024-03-24T19:53:27.441+0800][1.468s] GC(0) Using 8 workers of 8 for evacuation
[2024-03-24T19:53:27.472+0800][1.496s] GC(0)   Pre Evacuate Collection Set: 0.2ms
[2024-03-24T19:53:27.472+0800][1.496s] GC(0)   Merge Heap Roots: 0.1ms
[2024-03-24T19:53:27.472+0800][1.496s] GC(0)   Evacuate Collection Set: 27.4ms
[2024-03-24T19:53:27.472+0800][1.496s] GC(0)   Post Evacuate Collection Set: 0.7ms
[2024-03-24T19:53:27.472+0800][1.496s] GC(0)   Other: 0.7ms
[2024-03-24T19:53:27.472+0800][1.496s] GC(0) Eden regions: 29->0(43)
[2024-03-24T19:53:27.472+0800][1.496s] GC(0) Survivor regions: 0->4(4)
[2024-03-24T19:53:27.472+0800][1.496s] GC(0) Old regions: 0->0
[2024-03-24T19:53:27.472+0800][1.496s] GC(0) Humongous regions: 0->0
[2024-03-24T19:53:27.472+0800][1.496s] GC(0) Metaspace: 5457K(5696K)->5457K(5696K) NonClass: 4873K(4992K)->4873K(4992K) Class: 584K(704K)->584K(704K)
[2024-03-24T19:53:27.474+0800][1.497s] GC(0) Pause Young (Normal) (G1 Evacuation Pause) 29M->3M(512M) 29.570ms
[2024-03-24T19:53:27.474+0800][1.497s] GC(0) User=0.02s Sys=0.00s Real=0.03s
[2024-03-24T19:53:28.857+0800][2.881s] GC(1) Pause Young (Normal) (G1 Evacuation Pause)
[2024-03-24T19:53:28.857+0800][2.881s] GC(1) Using 8 workers of 8 for evacuation
[2024-03-24T19:53:28.869+0800][2.891s] GC(1)   Pre Evacuate Collection Set: 0.2ms
[2024-03-24T19:53:28.869+0800][2.891s] GC(1)   Merge Heap Roots: 0.1ms
[2024-03-24T19:53:28.869+0800][2.891s] GC(1)   Evacuate Collection Set: 8.9ms
[2024-03-24T19:53:28.869+0800][2.891s] GC(1)   Post Evacuate Collection Set: 0.8ms
[2024-03-24T19:53:28.869+0800][2.891s] GC(1)   Other: 0.1ms
[2024-03-24T19:53:28.869+0800][2.891s] GC(1) Eden regions: 43->0(301)
[2024-03-24T19:53:28.869+0800][2.891s] GC(1) Survivor regions: 4->6(6)
[2024-03-24T19:53:28.869+0800][2.892s] GC(1) Old regions: 0->8
[2024-03-24T19:53:28.869+0800][2.892s] GC(1) Humongous regions: 4->4
[2024-03-24T19:53:28.869+0800][2.892s] GC(1) Metaspace: 16842K(17216K)->16842K(17216K) NonClass: 14905K(15104K)->14905K(15104K) Class: 1936K(2112K)->1936K(2112K)
[2024-03-24T19:53:28.869+0800][2.892s] GC(1) Pause Young (Normal) (G1 Evacuation Pause) 50M->17M(512M) 10.443ms
[2024-03-24T19:53:28.869+0800][2.892s] GC(1) User=0.02s Sys=0.00s Real=0.01s
[2024-03-24T19:53:29.778+0800][3.811s] GC(2) Pause Young (Normal) (G1 Evacuation Pause)
[2024-03-24T19:53:29.778+0800][3.811s] GC(2) Using 8 workers of 8 for evacuation
[2024-03-24T19:53:29.794+0800][3.817s] GC(2)   Pre Evacuate Collection Set: 0.1ms
[2024-03-24T19:53:29.794+0800][3.817s] GC(2)   Merge Heap Roots: 0.2ms
[2024-03-24T19:53:29.794+0800][3.817s] GC(2)   Evacuate Collection Set: 4.2ms
[2024-03-24T19:53:29.794+0800][3.817s] GC(2)   Post Evacuate Collection Set: 1.2ms
[2024-03-24T19:53:29.794+0800][3.817s] GC(2)   Other: 0.2ms
[2024-03-24T19:53:29.794+0800][3.817s] GC(2) Eden regions: 301->0(295)
[2024-03-24T19:53:29.794+0800][3.817s] GC(2) Survivor regions: 6->12(39)
[2024-03-24T19:53:29.794+0800][3.817s] GC(2) Old regions: 8->8
[2024-03-24T19:53:29.794+0800][3.817s] GC(2) Humongous regions: 4->4
[2024-03-24T19:53:29.794+0800][3.817s] GC(2) Metaspace: 19683K(20096K)->19683K(20096K) NonClass: 17425K(17664K)->17425K(17664K) Class: 2258K(2432K)->2258K(2432K)
[2024-03-24T19:53:29.794+0800][3.817s] GC(2) Pause Young (Normal) (G1 Evacuation Pause) 318M->23M(512M) 6.212ms
[2024-03-24T19:53:29.794+0800][3.817s] GC(2) User=0.00s Sys=0.00s Real=0.02s
[2024-03-24T19:53:30.324+0800][4.350s] GC(3) Pause Young (Concurrent Start) (Metadata GC Threshold)
[2024-03-24T19:53:30.324+0800][4.350s] GC(3) Using 8 workers of 8 for evacuation
[2024-03-24T19:53:30.334+0800][4.357s] GC(3)   Pre Evacuate Collection Set: 0.2ms
[2024-03-24T19:53:30.334+0800][4.357s] GC(3)   Merge Heap Roots: 0.1ms
[2024-03-24T19:53:30.334+0800][4.357s] GC(3)   Evacuate Collection Set: 5.2ms
[2024-03-24T19:53:30.334+0800][4.357s] GC(3)   Post Evacuate Collection Set: 0.6ms
[2024-03-24T19:53:30.334+0800][4.357s] GC(3)   Other: 0.1ms
[2024-03-24T19:53:30.334+0800][4.357s] GC(3) Eden regions: 114->0(294)
[2024-03-24T19:53:30.334+0800][4.357s] GC(3) Survivor regions: 12->13(39)
[2024-03-24T19:53:30.334+0800][4.357s] GC(3) Old regions: 8->8
[2024-03-24T19:53:30.334+0800][4.357s] GC(3) Humongous regions: 4->4
[2024-03-24T19:53:30.334+0800][4.357s] GC(3) Metaspace: 21066K(21504K)->21066K(21504K) NonClass: 18660K(18880K)->18660K(18880K) Class: 2405K(2624K)->2405K(2624K)
[2024-03-24T19:53:30.334+0800][4.357s] GC(3) Pause Young (Concurrent Start) (Metadata GC Threshold) 136M->24M(512M) 6.598ms
[2024-03-24T19:53:30.334+0800][4.357s] GC(4) Concurrent Mark Cycle
[2024-03-24T19:53:30.334+0800][4.357s] GC(3) User=0.00s Sys=0.00s Real=0.01s
[2024-03-24T19:53:30.334+0800][4.357s] GC(4) Concurrent Scan Root Regions
[2024-03-24T19:53:30.339+0800][4.363s] GC(4) Concurrent Scan Root Regions 6.084ms
[2024-03-24T19:53:30.339+0800][4.363s] GC(4) Concurrent Mark
[2024-03-24T19:53:30.339+0800][4.363s] GC(4) Concurrent Mark From Roots
[2024-03-24T19:53:30.339+0800][4.363s] GC(4) Using 2 workers of 2 for marking
[2024-03-24T19:53:30.349+0800][4.374s] GC(4) Concurrent Mark From Roots 11.161ms
[2024-03-24T19:53:30.349+0800][4.374s] GC(4) Concurrent Preclean
[2024-03-24T19:53:30.349+0800][4.374s] GC(4) Concurrent Preclean 0.115ms
[2024-03-24T19:53:30.363+0800][4.385s] GC(4) Pause Remark
[2024-03-24T19:53:30.363+0800][4.387s] GC(4) Pause Remark 25M->25M(512M) 2.109ms
[2024-03-24T19:53:30.363+0800][4.387s] GC(4) User=0.00s Sys=0.00s Real=0.00s
[2024-03-24T19:53:30.363+0800][4.387s] GC(4) Concurrent Mark 24.384ms
[2024-03-24T19:53:30.363+0800][4.387s] GC(4) Concurrent Rebuild Remembered Sets and Scrub Regions
[2024-03-24T19:53:30.369+0800][4.392s] GC(4) Concurrent Rebuild Remembered Sets and Scrub Regions 4.581ms
[2024-03-24T19:53:30.369+0800][4.393s] GC(4) Pause Cleanup
[2024-03-24T19:53:30.369+0800][4.393s] GC(4) Pause Cleanup 25M->25M(512M) 0.225ms
[2024-03-24T19:53:30.369+0800][4.393s] GC(4) User=0.00s Sys=0.00s Real=0.00s
[2024-03-24T19:53:30.369+0800][4.393s] GC(4) Concurrent Clear Claimed Marks
[2024-03-24T19:53:30.369+0800][4.393s] GC(4) Concurrent Clear Claimed Marks 0.051ms
[2024-03-24T19:53:30.369+0800][4.393s] GC(4) Concurrent Cleanup for Next Mark
[2024-03-24T19:53:30.369+0800][4.394s] GC(4) Concurrent Cleanup for Next Mark 1.093ms
[2024-03-24T19:53:30.369+0800][4.394s] GC(4) Concurrent Mark Cycle 37.384ms
[2024-03-24T19:53:32.273+0800][6.300s] GC(5) Pause Young (Concurrent Start) (Metadata GC Threshold)
[2024-03-24T19:53:32.273+0800][6.300s] GC(5) Using 8 workers of 8 for evacuation
[2024-03-24T19:53:32.285+0800][6.309s] GC(5)   Pre Evacuate Collection Set: 0.1ms
[2024-03-24T19:53:32.285+0800][6.309s] GC(5)   Merge Heap Roots: 0.0ms
[2024-03-24T19:53:32.285+0800][6.309s] GC(5)   Evacuate Collection Set: 6.8ms
[2024-03-24T19:53:32.285+0800][6.309s] GC(5)   Post Evacuate Collection Set: 1.1ms
[2024-03-24T19:53:32.285+0800][6.309s] GC(5)   Other: 0.1ms
[2024-03-24T19:53:32.285+0800][6.309s] GC(5) Eden regions: 130->0(291)
[2024-03-24T19:53:32.285+0800][6.309s] GC(5) Survivor regions: 13->16(39)
[2024-03-24T19:53:32.285+0800][6.309s] GC(5) Old regions: 8->8
[2024-03-24T19:53:32.285+0800][6.309s] GC(5) Humongous regions: 4->4
[2024-03-24T19:53:32.285+0800][6.309s] GC(5) Metaspace: 36521K(36928K)->36521K(36928K) NonClass: 32439K(32640K)->32439K(32640K) Class: 4082K(4288K)->4082K(4288K)
[2024-03-24T19:53:32.285+0800][6.309s] GC(5) Pause Young (Concurrent Start) (Metadata GC Threshold) 153M->27M(512M) 8.609ms
[2024-03-24T19:53:32.285+0800][6.309s] GC(5) User=0.03s Sys=0.00s Real=0.01s
[2024-03-24T19:53:32.285+0800][6.309s] GC(6) Concurrent Mark Cycle
[2024-03-24T19:53:32.285+0800][6.309s] GC(6) Concurrent Scan Root Regions
[2024-03-24T19:53:32.285+0800][6.314s] GC(6) Concurrent Scan Root Regions 4.996ms
[2024-03-24T19:53:32.285+0800][6.314s] GC(6) Concurrent Mark
[2024-03-24T19:53:32.285+0800][6.314s] GC(6) Concurrent Mark From Roots
[2024-03-24T19:53:32.285+0800][6.314s] GC(6) Using 2 workers of 2 for marking
[2024-03-24T19:53:32.297+0800][6.320s] GC(6) Concurrent Mark From Roots 5.828ms
[2024-03-24T19:53:32.297+0800][6.320s] GC(6) Concurrent Preclean
[2024-03-24T19:53:32.297+0800][6.320s] GC(6) Concurrent Preclean 0.052ms
[2024-03-24T19:53:32.297+0800][6.320s] GC(6) Pause Remark
[2024-03-24T19:53:32.297+0800][6.323s] GC(6) Pause Remark 28M->28M(512M) 3.275ms
[2024-03-24T19:53:32.297+0800][6.324s] GC(6) User=0.00s Sys=0.00s Real=0.00s
[2024-03-24T19:53:32.301+0800][6.324s] GC(6) Concurrent Mark 9.495ms
[2024-03-24T19:53:32.301+0800][6.324s] GC(6) Concurrent Rebuild Remembered Sets and Scrub Regions
[2024-03-24T19:53:32.301+0800][6.327s] GC(6) Concurrent Rebuild Remembered Sets and Scrub Regions 3.280ms
[2024-03-24T19:53:32.301+0800][6.327s] GC(6) Pause Cleanup
[2024-03-24T19:53:32.301+0800][6.327s] GC(6) Pause Cleanup 28M->28M(512M) 0.150ms
[2024-03-24T19:53:32.301+0800][6.327s] GC(6) User=0.00s Sys=0.00s Real=0.00s
[2024-03-24T19:53:32.301+0800][6.327s] GC(6) Concurrent Clear Claimed Marks
[2024-03-24T19:53:32.301+0800][6.327s] GC(6) Concurrent Clear Claimed Marks 0.053ms
[2024-03-24T19:53:32.301+0800][6.327s] GC(6) Concurrent Cleanup for Next Mark
[2024-03-24T19:53:32.305+0800][6.328s] GC(6) Concurrent Cleanup for Next Mark 1.104ms
[2024-03-24T19:53:32.305+0800][6.329s] GC(6) Concurrent Mark Cycle 19.558ms
[2024-03-24T19:53:35.324+0800][9.348s] GC(7) Pause Young (Normal) (G1 Evacuation Pause)
[2024-03-24T19:53:35.324+0800][9.349s] GC(7) Using 8 workers of 8 for evacuation
[2024-03-24T19:53:35.356+0800][9.379s] GC(7)   Pre Evacuate Collection Set: 0.3ms
[2024-03-24T19:53:35.356+0800][9.379s] GC(7)   Merge Heap Roots: 0.2ms
[2024-03-24T19:53:35.356+0800][9.379s] GC(7)   Evacuate Collection Set: 27.3ms
[2024-03-24T19:53:35.356+0800][9.379s] GC(7)   Post Evacuate Collection Set: 2.2ms
[2024-03-24T19:53:35.356+0800][9.379s] GC(7)   Other: 0.2ms
[2024-03-24T19:53:35.356+0800][9.379s] GC(7) Eden regions: 291->0(275)
[2024-03-24T19:53:35.356+0800][9.379s] GC(7) Survivor regions: 16->32(39)
[2024-03-24T19:53:35.357+0800][9.379s] GC(7) Old regions: 8->8
[2024-03-24T19:53:35.357+0800][9.379s] GC(7) Humongous regions: 4->4
[2024-03-24T19:53:35.357+0800][9.379s] GC(7) Metaspace: 54149K(54720K)->54149K(54720K) NonClass: 47691K(48000K)->47691K(48000K) Class: 6458K(6720K)->6458K(6720K)
[2024-03-24T19:53:35.357+0800][9.379s] GC(7) Pause Young (Normal) (G1 Evacuation Pause) 318M->43M(512M) 30.901ms
[2024-03-24T19:53:35.357+0800][9.379s] GC(7) User=0.14s Sys=0.00s Real=0.03s
[2024-03-24T19:57:12.100+0800][226.132s] GC(8) Pause Young (Normal) (G1 Evacuation Pause)
[2024-03-24T19:57:12.100+0800][226.132s] GC(8) Using 8 workers of 8 for evacuation
[2024-03-24T19:57:12.142+0800][226.165s] GC(8)   Pre Evacuate Collection Set: 0.4ms
[2024-03-24T19:57:12.142+0800][226.166s] GC(8)   Merge Heap Roots: 0.4ms
[2024-03-24T19:57:12.142+0800][226.166s] GC(8)   Evacuate Collection Set: 29.6ms
[2024-03-24T19:57:12.142+0800][226.166s] GC(8)   Post Evacuate Collection Set: 2.3ms
[2024-03-24T19:57:12.142+0800][226.166s] GC(8)   Other: 0.3ms
[2024-03-24T19:57:12.142+0800][226.166s] GC(8) Eden regions: 275->0(285)
[2024-03-24T19:57:12.142+0800][226.166s] GC(8) Survivor regions: 32->22(39)
[2024-03-24T19:57:12.142+0800][226.166s] GC(8) Old regions: 8->19
[2024-03-24T19:57:12.142+0800][226.166s] GC(8) Humongous regions: 4->4
[2024-03-24T19:57:12.142+0800][226.166s] GC(8) Metaspace: 58579K(59264K)->58579K(59264K) NonClass: 51540K(51904K)->51540K(51904K) Class: 7038K(7360K)->7038K(7360K)
[2024-03-24T19:57:12.142+0800][226.166s] GC(8) Pause Young (Normal) (G1 Evacuation Pause) 318M->44M(512M) 33.825ms
[2024-03-24T19:57:12.142+0800][226.166s] GC(8) User=0.08s Sys=0.00s Real=0.04s
[2024-03-24T19:57:14.878+0800][228.904s] GC(9) Pause Young (Concurrent Start) (Metadata GC Threshold)
[2024-03-24T19:57:14.878+0800][228.904s] GC(9) Using 8 workers of 8 for evacuation
[2024-03-24T19:57:14.907+0800][228.931s] GC(9)   Pre Evacuate Collection Set: 0.5ms
[2024-03-24T19:57:14.907+0800][228.932s] GC(9)   Merge Heap Roots: 0.4ms
[2024-03-24T19:57:14.907+0800][228.932s] GC(9)   Evacuate Collection Set: 23.5ms
[2024-03-24T19:57:14.907+0800][228.932s] GC(9)   Post Evacuate Collection Set: 2.4ms
[2024-03-24T19:57:14.907+0800][228.932s] GC(9)   Other: 0.3ms
[2024-03-24T19:57:14.907+0800][228.932s] GC(9) Eden regions: 200->0(286)
[2024-03-24T19:57:14.907+0800][228.932s] GC(9) Survivor regions: 22->21(39)
[2024-03-24T19:57:14.907+0800][228.932s] GC(9) Old regions: 19->24
[2024-03-24T19:57:14.907+0800][228.932s] GC(9) Humongous regions: 4->4
[2024-03-24T19:57:14.907+0800][228.932s] GC(9) Metaspace: 61076K(61696K)->61076K(61696K) NonClass: 53732K(54080K)->53732K(54080K) Class: 7343K(7616K)->7343K(7616K)
[2024-03-24T19:57:14.907+0800][228.932s] GC(9) Pause Young (Concurrent Start) (Metadata GC Threshold) 244M->47M(512M) 27.897ms
[2024-03-24T19:57:14.907+0800][228.932s] GC(9) User=0.08s Sys=0.02s Real=0.03s
[2024-03-24T19:57:14.907+0800][228.932s] GC(10) Concurrent Mark Cycle
[2024-03-24T19:57:14.907+0800][228.932s] GC(10) Concurrent Scan Root Regions
[2024-03-24T19:57:14.931+0800][228.955s] GC(10) Concurrent Scan Root Regions 22.784ms
[2024-03-24T19:57:14.931+0800][228.955s] GC(10) Concurrent Mark
[2024-03-24T19:57:14.931+0800][228.955s] GC(10) Concurrent Mark From Roots
[2024-03-24T19:57:14.931+0800][228.955s] GC(10) Using 2 workers of 2 for marking
[2024-03-24T19:57:14.969+0800][228.997s] GC(10) Concurrent Mark From Roots 41.765ms
[2024-03-24T19:57:14.969+0800][228.997s] GC(10) Concurrent Preclean
[2024-03-24T19:57:14.969+0800][228.998s] GC(10) Concurrent Preclean 0.255ms
[2024-03-24T19:57:14.969+0800][228.998s] GC(10) Pause Remark
[2024-03-24T19:57:14.981+0800][229.006s] GC(10) Pause Remark 53M->53M(512M) 8.371ms
[2024-03-24T19:57:14.981+0800][229.006s] GC(10) User=0.02s Sys=0.00s Real=0.01s
[2024-03-24T19:57:14.981+0800][229.006s] GC(10) Concurrent Mark 51.030ms
[2024-03-24T19:57:14.981+0800][229.007s] GC(10) Concurrent Rebuild Remembered Sets and Scrub Regions
[2024-03-24T19:57:15.001+0800][229.024s] GC(10) Concurrent Rebuild Remembered Sets and Scrub Regions 17.460ms
[2024-03-24T19:57:15.001+0800][229.024s] GC(10) Pause Cleanup
[2024-03-24T19:57:15.001+0800][229.025s] GC(10) Pause Cleanup 55M->55M(512M) 0.314ms
[2024-03-24T19:57:15.001+0800][229.025s] GC(10) User=0.00s Sys=0.00s Real=0.00s
[2024-03-24T19:57:15.001+0800][229.025s] GC(10) Concurrent Clear Claimed Marks
[2024-03-24T19:57:15.001+0800][229.025s] GC(10) Concurrent Clear Claimed Marks 0.163ms
[2024-03-24T19:57:15.001+0800][229.025s] GC(10) Concurrent Cleanup for Next Mark
[2024-03-24T19:57:15.001+0800][229.026s] GC(10) Concurrent Cleanup for Next Mark 1.143ms
[2024-03-24T19:57:15.001+0800][229.026s] GC(10) Concurrent Mark Cycle 93.960ms
[2024-03-24T19:57:18.180+0800][232.204s] GC(11) Pause Young (Prepare Mixed) (G1 Evacuation Pause)
[2024-03-24T19:57:18.180+0800][232.204s] GC(11) Using 8 workers of 8 for evacuation
[2024-03-24T19:57:18.198+0800][232.229s] GC(11)   Pre Evacuate Collection Set: 0.5ms
[2024-03-24T19:57:18.198+0800][232.229s] GC(11)   Merge Heap Roots: 0.2ms
[2024-03-24T19:57:18.198+0800][232.229s] GC(11)   Evacuate Collection Set: 21.8ms
[2024-03-24T19:57:18.198+0800][232.229s] GC(11)   Post Evacuate Collection Set: 2.0ms
[2024-03-24T19:57:18.198+0800][232.229s] GC(11)   Other: 0.2ms
[2024-03-24T19:57:18.198+0800][232.229s] GC(11) Eden regions: 286->0(286)
[2024-03-24T19:57:18.198+0800][232.229s] GC(11) Survivor regions: 21->21(39)
[2024-03-24T19:57:18.198+0800][232.229s] GC(11) Old regions: 24->24
[2024-03-24T19:57:18.198+0800][232.229s] GC(11) Humongous regions: 4->4
[2024-03-24T19:57:18.198+0800][232.229s] GC(11) Metaspace: 61850K(62528K)->61850K(62528K) NonClass: 54414K(54784K)->54414K(54784K) Class: 7436K(7744K)->7436K(7744K)
[2024-03-24T19:57:18.198+0800][232.229s] GC(11) Pause Young (Prepare Mixed) (G1 Evacuation Pause) 333M->48M(512M) 25.245ms
[2024-03-24T19:57:18.198+0800][232.229s] GC(11) User=0.06s Sys=0.00s Real=0.02s
[2024-03-24T19:57:21.197+0800][235.222s] GC(12) Pause Young (Mixed) (G1 Evacuation Pause)
[2024-03-24T19:57:21.197+0800][235.222s] GC(12) Using 8 workers of 8 for evacuation
[2024-03-24T19:57:21.219+0800][235.242s] GC(12)   Pre Evacuate Collection Set: 0.3ms
[2024-03-24T19:57:21.219+0800][235.242s] GC(12)   Merge Heap Roots: 0.2ms
[2024-03-24T19:57:21.219+0800][235.242s] GC(12)   Evacuate Collection Set: 17.6ms
[2024-03-24T19:57:21.219+0800][235.242s] GC(12)   Post Evacuate Collection Set: 1.2ms
[2024-03-24T19:57:21.219+0800][235.242s] GC(12)   Other: 0.1ms
[2024-03-24T19:57:21.219+0800][235.242s] GC(12) Eden regions: 286->0(285)
[2024-03-24T19:57:21.219+0800][235.242s] GC(12) Survivor regions: 21->22(39)
[2024-03-24T19:57:21.219+0800][235.242s] GC(12) Old regions: 24->24
[2024-03-24T19:57:21.219+0800][235.242s] GC(12) Humongous regions: 4->4
[2024-03-24T19:57:21.219+0800][235.242s] GC(12) Metaspace: 62157K(62784K)->62157K(62784K) NonClass: 54719K(55040K)->54719K(55040K) Class: 7437K(7744K)->7437K(7744K)
[2024-03-24T19:57:21.219+0800][235.242s] GC(12) Pause Young (Mixed) (G1 Evacuation Pause) 334M->49M(512M) 19.939ms
[2024-03-24T19:57:21.219+0800][235.242s] GC(12) User=0.16s Sys=0.00s Real=0.02s
[2024-03-24T19:57:23.976+0800][238.004s] GC(13) Pause Young (Normal) (G1 Evacuation Pause)
[2024-03-24T19:57:23.976+0800][238.005s] GC(13) Using 8 workers of 8 for evacuation
[2024-03-24T19:57:23.992+0800][238.027s] GC(13)   Pre Evacuate Collection Set: 0.4ms
[2024-03-24T19:57:23.992+0800][238.027s] GC(13)   Merge Heap Roots: 0.4ms
[2024-03-24T19:57:23.992+0800][238.027s] GC(13)   Evacuate Collection Set: 18.3ms
[2024-03-24T19:57:23.992+0800][238.027s] GC(13)   Post Evacuate Collection Set: 2.7ms
[2024-03-24T19:57:23.992+0800][238.027s] GC(13)   Other: 0.2ms
[2024-03-24T19:57:23.992+0800][238.027s] GC(13) Eden regions: 285->0(286)
[2024-03-24T19:57:23.992+0800][238.027s] GC(13) Survivor regions: 22->21(39)
[2024-03-24T19:57:23.992+0800][238.027s] GC(13) Old regions: 24->24
[2024-03-24T19:57:23.992+0800][238.027s] GC(13) Humongous regions: 4->4
[2024-03-24T19:57:23.992+0800][238.027s] GC(13) Metaspace: 62376K(63040K)->62376K(63040K) NonClass: 54937K(55296K)->54937K(55296K) Class: 7438K(7744K)->7438K(7744K)
[2024-03-24T19:57:23.992+0800][238.027s] GC(13) Pause Young (Normal) (G1 Evacuation Pause) 334M->48M(512M) 22.614ms
[2024-03-24T19:57:23.992+0800][238.027s] GC(13) User=0.08s Sys=0.00s Real=0.02s
[2024-03-24T19:57:26.945+0800][240.972s] GC(14) Pause Young (Normal) (G1 Evacuation Pause)
[2024-03-24T19:57:26.945+0800][240.973s] GC(14) Using 8 workers of 8 for evacuation
[2024-03-24T19:57:26.969+0800][240.994s] GC(14)   Pre Evacuate Collection Set: 0.2ms
[2024-03-24T19:57:26.969+0800][240.994s] GC(14)   Merge Heap Roots: 0.1ms
[2024-03-24T19:57:26.969+0800][240.994s] GC(14)   Evacuate Collection Set: 18.7ms
[2024-03-24T19:57:26.969+0800][240.994s] GC(14)   Post Evacuate Collection Set: 1.9ms
[2024-03-24T19:57:26.969+0800][240.994s] GC(14)   Other: 0.2ms
[2024-03-24T19:57:26.969+0800][240.994s] GC(14) Eden regions: 286->0(286)
[2024-03-24T19:57:26.969+0800][240.994s] GC(14) Survivor regions: 21->21(39)
[2024-03-24T19:57:26.969+0800][240.994s] GC(14) Old regions: 24->24
[2024-03-24T19:57:26.969+0800][240.994s] GC(14) Humongous regions: 4->4
[2024-03-24T19:57:26.969+0800][240.994s] GC(14) Metaspace: 62562K(63232K)->62562K(63232K) NonClass: 55121K(55488K)->55121K(55488K) Class: 7440K(7744K)->7440K(7744K)
[2024-03-24T19:57:26.969+0800][240.994s] GC(14) Pause Young (Normal) (G1 Evacuation Pause) 334M->48M(512M) 21.615ms
[2024-03-24T19:57:26.969+0800][240.994s] GC(14) User=0.08s Sys=0.00s Real=0.02s
[2024-03-24T19:57:29.821+0800][243.844s] GC(15) Pause Young (Normal) (G1 Evacuation Pause)
[2024-03-24T19:57:29.821+0800][243.844s] GC(15) Using 8 workers of 8 for evacuation
[2024-03-24T19:57:29.842+0800][243.865s] GC(15)   Pre Evacuate Collection Set: 0.3ms
[2024-03-24T19:57:29.842+0800][243.865s] GC(15)   Merge Heap Roots: 0.5ms
[2024-03-24T19:57:29.842+0800][243.865s] GC(15)   Evacuate Collection Set: 18.9ms
[2024-03-24T19:57:29.842+0800][243.866s] GC(15)   Post Evacuate Collection Set: 1.7ms
[2024-03-24T19:57:29.842+0800][243.866s] GC(15)   Other: 0.2ms
[2024-03-24T19:57:29.842+0800][243.866s] GC(15) Eden regions: 286->0(286)
[2024-03-24T19:57:29.842+0800][243.866s] GC(15) Survivor regions: 21->21(39)
[2024-03-24T19:57:29.842+0800][243.866s] GC(15) Old regions: 24->24
[2024-03-24T19:57:29.842+0800][243.866s] GC(15) Humongous regions: 4->4
[2024-03-24T19:57:29.842+0800][243.866s] GC(15) Metaspace: 62716K(63360K)->62716K(63360K) NonClass: 55275K(55616K)->55275K(55616K) Class: 7440K(7744K)->7440K(7744K)
[2024-03-24T19:57:29.842+0800][243.866s] GC(15) Pause Young (Normal) (G1 Evacuation Pause) 334M->48M(512M) 21.986ms
[2024-03-24T19:57:29.842+0800][243.866s] GC(15) User=0.09s Sys=0.00s Real=0.02s
[2024-03-24T19:57:32.625+0800][246.649s] GC(16) Pause Young (Normal) (G1 Evacuation Pause)
[2024-03-24T19:57:32.625+0800][246.650s] GC(16) Using 8 workers of 8 for evacuation
[2024-03-24T19:57:32.646+0800][246.670s] GC(16)   Pre Evacuate Collection Set: 0.4ms
[2024-03-24T19:57:32.646+0800][246.670s] GC(16)   Merge Heap Roots: 0.4ms
[2024-03-24T19:57:32.646+0800][246.670s] GC(16)   Evacuate Collection Set: 17.4ms
[2024-03-24T19:57:32.646+0800][246.670s] GC(16)   Post Evacuate Collection Set: 1.8ms
[2024-03-24T19:57:32.646+0800][246.670s] GC(16)   Other: 0.2ms
[2024-03-24T19:57:32.646+0800][246.670s] GC(16) Eden regions: 286->0(286)
[2024-03-24T19:57:32.646+0800][246.670s] GC(16) Survivor regions: 21->21(39)
[2024-03-24T19:57:32.646+0800][246.670s] GC(16) Old regions: 24->24
[2024-03-24T19:57:32.646+0800][246.670s] GC(16) Humongous regions: 4->4
[2024-03-24T19:57:32.646+0800][246.670s] GC(16) Metaspace: 62879K(63552K)->62879K(63552K) NonClass: 55438K(55808K)->55438K(55808K) Class: 7440K(7744K)->7440K(7744K)
[2024-03-24T19:57:32.646+0800][246.670s] GC(16) Pause Young (Normal) (G1 Evacuation Pause) 334M->48M(512M) 20.895ms
[2024-03-24T19:57:32.646+0800][246.670s] GC(16) User=0.11s Sys=0.00s Real=0.02s
[2024-03-24T19:57:35.372+0800][249.396s] GC(17) Pause Young (Normal) (G1 Evacuation Pause)
[2024-03-24T19:57:35.372+0800][249.396s] GC(17) Using 8 workers of 8 for evacuation
[2024-03-24T19:57:35.392+0800][249.416s] GC(17)   Pre Evacuate Collection Set: 0.3ms
[2024-03-24T19:57:35.392+0800][249.416s] GC(17)   Merge Heap Roots: 0.2ms
[2024-03-24T19:57:35.392+0800][249.416s] GC(17)   Evacuate Collection Set: 17.7ms
[2024-03-24T19:57:35.392+0800][249.416s] GC(17)   Post Evacuate Collection Set: 1.8ms
[2024-03-24T19:57:35.392+0800][249.416s] GC(17)   Other: 0.2ms
[2024-03-24T19:57:35.392+0800][249.416s] GC(17) Eden regions: 286->0(286)
[2024-03-24T19:57:35.392+0800][249.416s] GC(17) Survivor regions: 21->21(39)
[2024-03-24T19:57:35.392+0800][249.416s] GC(17) Old regions: 24->24
[2024-03-24T19:57:35.392+0800][249.416s] GC(17) Humongous regions: 4->4
[2024-03-24T19:57:35.392+0800][249.416s] GC(17) Metaspace: 62954K(63616K)->62954K(63616K) NonClass: 55513K(55872K)->55513K(55872K) Class: 7440K(7744K)->7440K(7744K)
[2024-03-24T19:57:35.392+0800][249.416s] GC(17) Pause Young (Normal) (G1 Evacuation Pause) 334M->48M(512M) 20.566ms
[2024-03-24T19:57:35.392+0800][249.416s] GC(17) User=0.12s Sys=0.00s Real=0.02s
[2024-03-24T19:57:38.118+0800][252.144s] GC(18) Pause Young (Normal) (G1 Evacuation Pause)
[2024-03-24T19:57:38.118+0800][252.145s] GC(18) Using 8 workers of 8 for evacuation
[2024-03-24T19:57:38.129+0800][252.165s] GC(18)   Pre Evacuate Collection Set: 0.5ms
[2024-03-24T19:57:38.129+0800][252.165s] GC(18)   Merge Heap Roots: 0.4ms
[2024-03-24T19:57:38.143+0800][252.165s] GC(18)   Evacuate Collection Set: 17.8ms
[2024-03-24T19:57:38.143+0800][252.165s] GC(18)   Post Evacuate Collection Set: 1.5ms
[2024-03-24T19:57:38.143+0800][252.165s] GC(18)   Other: 0.2ms
[2024-03-24T19:57:38.143+0800][252.165s] GC(18) Eden regions: 286->0(285)
[2024-03-24T19:57:38.143+0800][252.165s] GC(18) Survivor regions: 21->22(39)
[2024-03-24T19:57:38.143+0800][252.165s] GC(18) Old regions: 24->24
[2024-03-24T19:57:38.143+0800][252.165s] GC(18) Humongous regions: 4->4
[2024-03-24T19:57:38.143+0800][252.165s] GC(18) Metaspace: 63081K(63744K)->63081K(63744K) NonClass: 55640K(56000K)->55640K(56000K) Class: 7440K(7744K)->7440K(7744K)
[2024-03-24T19:57:38.143+0800][252.166s] GC(18) Pause Young (Normal) (G1 Evacuation Pause) 334M->48M(512M) 21.069ms
[2024-03-24T19:57:38.143+0800][252.166s] GC(18) User=0.11s Sys=0.00s Real=0.02s
[2024-03-24T19:57:40.769+0800][254.794s] GC(19) Pause Young (Normal) (G1 Evacuation Pause)
[2024-03-24T19:57:40.769+0800][254.794s] GC(19) Using 8 workers of 8 for evacuation
[2024-03-24T19:57:40.785+0800][254.817s] GC(19)   Pre Evacuate Collection Set: 0.5ms
[2024-03-24T19:57:40.785+0800][254.818s] GC(19)   Merge Heap Roots: 0.3ms
[2024-03-24T19:57:40.785+0800][254.818s] GC(19)   Evacuate Collection Set: 20.5ms
[2024-03-24T19:57:40.785+0800][254.818s] GC(19)   Post Evacuate Collection Set: 2.2ms
[2024-03-24T19:57:40.785+0800][254.818s] GC(19)   Other: 0.2ms
[2024-03-24T19:57:40.785+0800][254.818s] GC(19) Eden regions: 285->0(285)
[2024-03-24T19:57:40.785+0800][254.818s] GC(19) Survivor regions: 22->22(39)
[2024-03-24T19:57:40.785+0800][254.818s] GC(19) Old regions: 24->24
[2024-03-24T19:57:40.785+0800][254.818s] GC(19) Humongous regions: 4->4
[2024-03-24T19:57:40.785+0800][254.818s] GC(19) Metaspace: 63142K(63808K)->63142K(63808K) NonClass: 55701K(56064K)->55701K(56064K) Class: 7440K(7744K)->7440K(7744K)
[2024-03-24T19:57:40.785+0800][254.818s] GC(19) Pause Young (Normal) (G1 Evacuation Pause) 333M->48M(512M) 24.215ms
[2024-03-24T19:57:40.785+0800][254.818s] GC(19) User=0.09s Sys=0.00s Real=0.02s
[2024-03-24T19:57:43.535+0800][257.558s] GC(20) Pause Young (Normal) (G1 Evacuation Pause)
[2024-03-24T19:57:43.535+0800][257.558s] GC(20) Using 8 workers of 8 for evacuation
[2024-03-24T19:57:43.560+0800][257.584s] GC(20)   Pre Evacuate Collection Set: 1.0ms
[2024-03-24T19:57:43.560+0800][257.584s] GC(20)   Merge Heap Roots: 0.1ms
[2024-03-24T19:57:43.560+0800][257.584s] GC(20)   Evacuate Collection Set: 22.1ms
[2024-03-24T19:57:43.560+0800][257.584s] GC(20)   Post Evacuate Collection Set: 1.6ms
[2024-03-24T19:57:43.560+0800][257.584s] GC(20)   Other: 0.3ms
[2024-03-24T19:57:43.560+0800][257.584s] GC(20) Eden regions: 285->0(285)
[2024-03-24T19:57:43.560+0800][257.584s] GC(20) Survivor regions: 22->22(39)
[2024-03-24T19:57:43.560+0800][257.584s] GC(20) Old regions: 24->24
[2024-03-24T19:57:43.560+0800][257.584s] GC(20) Humongous regions: 4->4
[2024-03-24T19:57:43.560+0800][257.584s] GC(20) Metaspace: 63247K(63936K)->63247K(63936K) NonClass: 55806K(56192K)->55806K(56192K) Class: 7441K(7744K)->7441K(7744K)
[2024-03-24T19:57:43.560+0800][257.584s] GC(20) Pause Young (Normal) (G1 Evacuation Pause) 333M->48M(512M) 26.096ms
[2024-03-24T19:57:43.560+0800][257.584s] GC(20) User=0.09s Sys=0.00s Real=0.02s
[2024-03-24T19:57:46.256+0800][260.279s] GC(21) Pause Young (Normal) (G1 Evacuation Pause)
[2024-03-24T19:57:46.256+0800][260.279s] GC(21) Using 8 workers of 8 for evacuation
[2024-03-24T19:57:46.273+0800][260.296s] GC(21)   Pre Evacuate Collection Set: 0.2ms
[2024-03-24T19:57:46.273+0800][260.296s] GC(21)   Merge Heap Roots: 0.1ms
[2024-03-24T19:57:46.273+0800][260.296s] GC(21)   Evacuate Collection Set: 16.2ms
[2024-03-24T19:57:46.273+0800][260.296s] GC(21)   Post Evacuate Collection Set: 1.1ms
[2024-03-24T19:57:46.273+0800][260.296s] GC(21)   Other: 0.1ms
[2024-03-24T19:57:46.273+0800][260.297s] GC(21) Eden regions: 285->0(286)
[2024-03-24T19:57:46.273+0800][260.297s] GC(21) Survivor regions: 22->21(39)
[2024-03-24T19:57:46.273+0800][260.297s] GC(21) Old regions: 24->24
[2024-03-24T19:57:46.273+0800][260.297s] GC(21) Humongous regions: 4->4
[2024-03-24T19:57:46.273+0800][260.297s] GC(21) Metaspace: 63324K(63936K)->63324K(63936K) NonClass: 55882K(56192K)->55882K(56192K) Class: 7441K(7744K)->7441K(7744K)
[2024-03-24T19:57:46.273+0800][260.297s] GC(21) Pause Young (Normal) (G1 Evacuation Pause) 333M->48M(512M) 18.071ms
[2024-03-24T19:57:46.274+0800][260.297s] GC(21) User=0.06s Sys=0.00s Real=0.02s
[2024-03-24T19:57:48.951+0800][262.975s] GC(22) Pause Young (Normal) (G1 Evacuation Pause)
[2024-03-24T19:57:48.951+0800][262.975s] GC(22) Using 8 workers of 8 for evacuation
[2024-03-24T19:57:48.973+0800][262.996s] GC(22)   Pre Evacuate Collection Set: 0.3ms
[2024-03-24T19:57:48.973+0800][262.996s] GC(22)   Merge Heap Roots: 0.2ms
[2024-03-24T19:57:48.973+0800][262.996s] GC(22)   Evacuate Collection Set: 18.1ms
[2024-03-24T19:57:48.973+0800][262.996s] GC(22)   Post Evacuate Collection Set: 1.5ms
[2024-03-24T19:57:48.973+0800][262.996s] GC(22)   Other: 0.1ms
[2024-03-24T19:57:48.973+0800][262.996s] GC(22) Eden regions: 286->0(285)
[2024-03-24T19:57:48.973+0800][262.996s] GC(22) Survivor regions: 21->22(39)
[2024-03-24T19:57:48.973+0800][262.996s] GC(22) Old regions: 24->24
[2024-03-24T19:57:48.973+0800][262.996s] GC(22) Humongous regions: 4->4
[2024-03-24T19:57:48.973+0800][262.996s] GC(22) Metaspace: 63407K(64128K)->63407K(64128K) NonClass: 55965K(56384K)->55965K(56384K) Class: 7441K(7744K)->7441K(7744K)
[2024-03-24T19:57:48.973+0800][262.996s] GC(22) Pause Young (Normal) (G1 Evacuation Pause) 334M->49M(512M) 20.614ms
[2024-03-24T19:57:48.973+0800][262.996s] GC(22) User=0.06s Sys=0.00s Real=0.02s
[2024-03-24T19:57:51.659+0800][265.684s] GC(23) Pause Young (Normal) (G1 Evacuation Pause)
[2024-03-24T19:57:51.662+0800][265.685s] GC(23) Using 8 workers of 8 for evacuation
[2024-03-24T19:57:51.679+0800][265.702s] GC(23)   Pre Evacuate Collection Set: 0.3ms
[2024-03-24T19:57:51.679+0800][265.703s] GC(23)   Merge Heap Roots: 0.2ms
[2024-03-24T19:57:51.679+0800][265.703s] GC(23)   Evacuate Collection Set: 15.9ms
[2024-03-24T19:57:51.679+0800][265.703s] GC(23)   Post Evacuate Collection Set: 1.4ms
[2024-03-24T19:57:51.679+0800][265.703s] GC(23)   Other: 0.2ms
[2024-03-24T19:57:51.679+0800][265.703s] GC(23) Eden regions: 285->0(299)
[2024-03-24T19:57:51.679+0800][265.703s] GC(23) Survivor regions: 22->8(39)
[2024-03-24T19:57:51.679+0800][265.703s] GC(23) Old regions: 24->38
[2024-03-24T19:57:51.679+0800][265.703s] GC(23) Humongous regions: 4->4
[2024-03-24T19:57:51.679+0800][265.703s] GC(23) Metaspace: 63469K(64128K)->63469K(64128K) NonClass: 56027K(56384K)->56027K(56384K) Class: 7441K(7744K)->7441K(7744K)
[2024-03-24T19:57:51.679+0800][265.703s] GC(23) Pause Young (Normal) (G1 Evacuation Pause) 334M->49M(512M) 18.671ms
[2024-03-24T19:57:51.679+0800][265.703s] GC(23) User=0.02s Sys=0.02s Real=0.02s
[2024-03-24T19:57:58.269+0800][272.292s] GC(24) Pause Young (Normal) (G1 Evacuation Pause)
[2024-03-24T19:57:58.269+0800][272.292s] GC(24) Using 8 workers of 8 for evacuation
[2024-03-24T19:57:58.280+0800][272.304s] GC(24)   Pre Evacuate Collection Set: 0.4ms
[2024-03-24T19:57:58.280+0800][272.304s] GC(24)   Merge Heap Roots: 0.3ms
[2024-03-24T19:57:58.280+0800][272.304s] GC(24)   Evacuate Collection Set: 9.1ms
[2024-03-24T19:57:58.280+0800][272.304s] GC(24)   Post Evacuate Collection Set: 1.5ms
[2024-03-24T19:57:58.280+0800][272.304s] GC(24)   Other: 0.3ms
[2024-03-24T19:57:58.280+0800][272.304s] GC(24) Eden regions: 299->0(302)
[2024-03-24T19:57:58.280+0800][272.304s] GC(24) Survivor regions: 8->5(39)
[2024-03-24T19:57:58.280+0800][272.304s] GC(24) Old regions: 38->41
[2024-03-24T19:57:58.280+0800][272.304s] GC(24) Humongous regions: 4->4
[2024-03-24T19:57:58.280+0800][272.304s] GC(24) Metaspace: 63503K(64192K)->63503K(64192K) NonClass: 56060K(56448K)->56060K(56448K) Class: 7442K(7744K)->7442K(7744K)
[2024-03-24T19:57:58.280+0800][272.304s] GC(24) Pause Young (Normal) (G1 Evacuation Pause) 348M->48M(512M) 12.243ms
[2024-03-24T19:57:58.280+0800][272.305s] GC(24) User=0.02s Sys=0.00s Real=0.01s
[2024-03-24T19:58:01.015+0800][275.039s] GC(25) Pause Young (Normal) (G1 Evacuation Pause)
[2024-03-24T19:58:01.015+0800][275.039s] GC(25) Using 8 workers of 8 for evacuation
[2024-03-24T19:58:01.015+0800][275.044s] GC(25)   Pre Evacuate Collection Set: 0.3ms
[2024-03-24T19:58:01.015+0800][275.044s] GC(25)   Merge Heap Roots: 0.1ms
[2024-03-24T19:58:01.015+0800][275.045s] GC(25)   Evacuate Collection Set: 4.0ms
[2024-03-24T19:58:01.015+0800][275.045s] GC(25)   Post Evacuate Collection Set: 0.9ms
[2024-03-24T19:58:01.015+0800][275.045s] GC(25)   Other: 0.2ms
[2024-03-24T19:58:01.022+0800][275.045s] GC(25) Eden regions: 302->0(305)
[2024-03-24T19:58:01.022+0800][275.045s] GC(25) Survivor regions: 5->2(39)
[2024-03-24T19:58:01.022+0800][275.045s] GC(25) Old regions: 41->43
[2024-03-24T19:58:01.022+0800][275.045s] GC(25) Humongous regions: 4->4
[2024-03-24T19:58:01.022+0800][275.045s] GC(25) Metaspace: 63574K(64256K)->63574K(64256K) NonClass: 56131K(56512K)->56131K(56512K) Class: 7442K(7744K)->7442K(7744K)
[2024-03-24T19:58:01.022+0800][275.045s] GC(25) Pause Young (Normal) (G1 Evacuation Pause) 350M->48M(512M) 6.197ms
[2024-03-24T19:58:01.022+0800][275.045s] GC(25) User=0.00s Sys=0.00s Real=0.01s
[2024-03-24T19:58:03.794+0800][277.816s] GC(26) Pause Young (Normal) (G1 Evacuation Pause)
[2024-03-24T19:58:03.794+0800][277.817s] GC(26) Using 8 workers of 8 for evacuation
[2024-03-24T19:58:03.794+0800][277.822s] GC(26)   Pre Evacuate Collection Set: 0.3ms
[2024-03-24T19:58:03.800+0800][277.822s] GC(26)   Merge Heap Roots: 0.3ms
[2024-03-24T19:58:03.800+0800][277.822s] GC(26)   Evacuate Collection Set: 3.8ms
[2024-03-24T19:58:03.800+0800][277.822s] GC(26)   Post Evacuate Collection Set: 1.2ms
[2024-03-24T19:58:03.800+0800][277.823s] GC(26)   Other: 0.2ms
[2024-03-24T19:58:03.800+0800][277.823s] GC(26) Eden regions: 305->0(305)
[2024-03-24T19:58:03.800+0800][277.823s] GC(26) Survivor regions: 2->2(39)
[2024-03-24T19:58:03.800+0800][277.823s] GC(26) Old regions: 43->44
[2024-03-24T19:58:03.800+0800][277.823s] GC(26) Humongous regions: 4->4
[2024-03-24T19:58:03.800+0800][277.823s] GC(26) Metaspace: 63630K(64256K)->63630K(64256K) NonClass: 56182K(56512K)->56182K(56512K) Class: 7447K(7744K)->7447K(7744K)
[2024-03-24T19:58:03.800+0800][277.823s] GC(26) Pause Young (Normal) (G1 Evacuation Pause) 353M->48M(512M) 6.436ms
[2024-03-24T19:58:03.800+0800][277.823s] GC(26) User=0.00s Sys=0.00s Real=0.01s
[2024-03-24T19:58:06.564+0800][280.588s] GC(27) Pause Young (Normal) (G1 Evacuation Pause)
[2024-03-24T19:58:06.564+0800][280.588s] GC(27) Using 8 workers of 8 for evacuation
[2024-03-24T19:58:06.564+0800][280.593s] GC(27)   Pre Evacuate Collection Set: 0.4ms
[2024-03-24T19:58:06.564+0800][280.593s] GC(27)   Merge Heap Roots: 0.2ms
[2024-03-24T19:58:06.564+0800][280.593s] GC(27)   Evacuate Collection Set: 2.5ms
[2024-03-24T19:58:06.564+0800][280.593s] GC(27)   Post Evacuate Collection Set: 1.3ms
[2024-03-24T19:58:06.564+0800][280.593s] GC(27)   Other: 0.3ms
[2024-03-24T19:58:06.564+0800][280.593s] GC(27) Eden regions: 305->0(305)
[2024-03-24T19:58:06.564+0800][280.593s] GC(27) Survivor regions: 2->2(39)
[2024-03-24T19:58:06.564+0800][280.593s] GC(27) Old regions: 44->44
[2024-03-24T19:58:06.564+0800][280.594s] GC(27) Humongous regions: 4->4
[2024-03-24T19:58:06.564+0800][280.594s] GC(27) Metaspace: 63718K(64384K)->63718K(64384K) NonClass: 56270K(56640K)->56270K(56640K) Class: 7447K(7744K)->7447K(7744K)
[2024-03-24T19:58:06.564+0800][280.594s] GC(27) Pause Young (Normal) (G1 Evacuation Pause) 353M->48M(512M) 5.526ms
[2024-03-24T19:58:06.564+0800][280.594s] GC(27) User=0.00s Sys=0.00s Real=0.00s
[2024-03-24T19:58:09.538+0800][283.565s] GC(28) Pause Young (Normal) (G1 Evacuation Pause)
[2024-03-24T19:58:09.538+0800][283.565s] GC(28) Using 8 workers of 8 for evacuation
[2024-03-24T19:58:09.547+0800][283.570s] GC(28)   Pre Evacuate Collection Set: 0.3ms
[2024-03-24T19:58:09.547+0800][283.570s] GC(28)   Merge Heap Roots: 0.4ms
[2024-03-24T19:58:09.547+0800][283.570s] GC(28)   Evacuate Collection Set: 2.9ms
[2024-03-24T19:58:09.547+0800][283.570s] GC(28)   Post Evacuate Collection Set: 1.2ms
[2024-03-24T19:58:09.547+0800][283.570s] GC(28)   Other: 0.2ms
[2024-03-24T19:58:09.547+0800][283.570s] GC(28) Eden regions: 305->0(305)
[2024-03-24T19:58:09.547+0800][283.570s] GC(28) Survivor regions: 2->2(39)
[2024-03-24T19:58:09.547+0800][283.570s] GC(28) Old regions: 44->44
[2024-03-24T19:58:09.547+0800][283.570s] GC(28) Humongous regions: 4->4
[2024-03-24T19:58:09.547+0800][283.570s] GC(28) Metaspace: 63746K(64448K)->63746K(64448K) NonClass: 56298K(56704K)->56298K(56704K) Class: 7447K(7744K)->7447K(7744K)
[2024-03-24T19:58:09.547+0800][283.571s] GC(28) Pause Young (Normal) (G1 Evacuation Pause) 353M->48M(512M) 5.639ms
[2024-03-24T19:58:09.547+0800][283.571s] GC(28) User=0.02s Sys=0.00s Real=0.01s
[2024-03-24T19:58:12.297+0800][286.324s] GC(29) Pause Young (Normal) (G1 Evacuation Pause)
[2024-03-24T19:58:12.297+0800][286.324s] GC(29) Using 8 workers of 8 for evacuation
[2024-03-24T19:58:12.306+0800][286.329s] GC(29)   Pre Evacuate Collection Set: 0.5ms
[2024-03-24T19:58:12.306+0800][286.329s] GC(29)   Merge Heap Roots: 0.2ms
[2024-03-24T19:58:12.307+0800][286.329s] GC(29)   Evacuate Collection Set: 2.8ms
[2024-03-24T19:58:12.307+0800][286.329s] GC(29)   Post Evacuate Collection Set: 1.3ms
[2024-03-24T19:58:12.307+0800][286.329s] GC(29)   Other: 0.2ms
[2024-03-24T19:58:12.307+0800][286.329s] GC(29) Eden regions: 305->0(305)
[2024-03-24T19:58:12.307+0800][286.330s] GC(29) Survivor regions: 2->2(39)
[2024-03-24T19:58:12.307+0800][286.330s] GC(29) Old regions: 44->44
[2024-03-24T19:58:12.307+0800][286.330s] GC(29) Humongous regions: 4->4
[2024-03-24T19:58:12.307+0800][286.330s] GC(29) Metaspace: 63790K(64448K)->63790K(64448K) NonClass: 56342K(56704K)->56342K(56704K) Class: 7447K(7744K)->7447K(7744K)
[2024-03-24T19:58:12.307+0800][286.330s] GC(29) Pause Young (Normal) (G1 Evacuation Pause) 353M->48M(512M) 5.571ms
[2024-03-24T19:58:12.307+0800][286.330s] GC(29) User=0.00s Sys=0.00s Real=0.01s
[2024-03-24T19:58:15.061+0800][289.088s] GC(30) Pause Young (Normal) (G1 Evacuation Pause)
[2024-03-24T19:58:15.061+0800][289.088s] GC(30) Using 8 workers of 8 for evacuation
[2024-03-24T19:58:15.070+0800][289.092s] GC(30)   Pre Evacuate Collection Set: 0.4ms
[2024-03-24T19:58:15.070+0800][289.093s] GC(30)   Merge Heap Roots: 0.2ms
[2024-03-24T19:58:15.070+0800][289.093s] GC(30)   Evacuate Collection Set: 2.1ms
[2024-03-24T19:58:15.070+0800][289.093s] GC(30)   Post Evacuate Collection Set: 1.2ms
[2024-03-24T19:58:15.070+0800][289.093s] GC(30)   Other: 0.3ms
[2024-03-24T19:58:15.070+0800][289.093s] GC(30) Eden regions: 305->0(305)
[2024-03-24T19:58:15.070+0800][289.093s] GC(30) Survivor regions: 2->2(39)
[2024-03-24T19:58:15.070+0800][289.093s] GC(30) Old regions: 44->44
[2024-03-24T19:58:15.070+0800][289.093s] GC(30) Humongous regions: 4->4
[2024-03-24T19:58:15.070+0800][289.093s] GC(30) Metaspace: 63820K(64512K)->63820K(64512K) NonClass: 56373K(56768K)->56373K(56768K) Class: 7447K(7744K)->7447K(7744K)
[2024-03-24T19:58:15.070+0800][289.093s] GC(30) Pause Young (Normal) (G1 Evacuation Pause) 353M->48M(512M) 5.003ms
[2024-03-24T19:58:15.070+0800][289.093s] GC(30) User=0.00s Sys=0.00s Real=0.01s
[2024-03-24T19:58:17.801+0800][291.825s] GC(31) Pause Young (Normal) (G1 Evacuation Pause)
[2024-03-24T19:58:17.801+0800][291.825s] GC(31) Using 8 workers of 8 for evacuation
[2024-03-24T19:58:17.802+0800][291.829s] GC(31)   Pre Evacuate Collection Set: 0.4ms
[2024-03-24T19:58:17.802+0800][291.829s] GC(31)   Merge Heap Roots: 0.2ms
[2024-03-24T19:58:17.802+0800][291.829s] GC(31)   Evacuate Collection Set: 2.3ms
[2024-03-24T19:58:17.802+0800][291.829s] GC(31)   Post Evacuate Collection Set: 1.3ms
[2024-03-24T19:58:17.802+0800][291.829s] GC(31)   Other: 0.2ms
[2024-03-24T19:58:17.802+0800][291.829s] GC(31) Eden regions: 305->0(305)
[2024-03-24T19:58:17.802+0800][291.830s] GC(31) Survivor regions: 2->2(39)
[2024-03-24T19:58:17.802+0800][291.830s] GC(31) Old regions: 44->44
[2024-03-24T19:58:17.802+0800][291.830s] GC(31) Humongous regions: 4->4
[2024-03-24T19:58:17.802+0800][291.830s] GC(31) Metaspace: 63847K(64512K)->63847K(64512K) NonClass: 56399K(56768K)->56399K(56768K) Class: 7448K(7744K)->7448K(7744K)
[2024-03-24T19:58:17.802+0800][291.830s] GC(31) Pause Young (Normal) (G1 Evacuation Pause) 353M->48M(512M) 5.113ms
[2024-03-24T19:58:17.802+0800][291.830s] GC(31) User=0.00s Sys=0.00s Real=0.00s
[2024-03-24T19:58:20.616+0800][294.643s] GC(32) Pause Young (Normal) (G1 Evacuation Pause)
[2024-03-24T19:58:20.616+0800][294.643s] GC(32) Using 8 workers of 8 for evacuation
[2024-03-24T19:58:20.622+0800][294.648s] GC(32)   Pre Evacuate Collection Set: 0.4ms
[2024-03-24T19:58:20.622+0800][294.648s] GC(32)   Merge Heap Roots: 0.8ms
[2024-03-24T19:58:20.622+0800][294.648s] GC(32)   Evacuate Collection Set: 2.1ms
[2024-03-24T19:58:20.622+0800][294.648s] GC(32)   Post Evacuate Collection Set: 1.1ms
[2024-03-24T19:58:20.622+0800][294.648s] GC(32)   Other: 0.2ms
[2024-03-24T19:58:20.622+0800][294.648s] GC(32) Eden regions: 305->0(305)
[2024-03-24T19:58:20.622+0800][294.648s] GC(32) Survivor regions: 2->2(39)
[2024-03-24T19:58:20.622+0800][294.648s] GC(32) Old regions: 44->44
[2024-03-24T19:58:20.622+0800][294.648s] GC(32) Humongous regions: 4->4
[2024-03-24T19:58:20.622+0800][294.648s] GC(32) Metaspace: 63911K(64576K)->63911K(64576K) NonClass: 56461K(56832K)->56461K(56832K) Class: 7449K(7744K)->7449K(7744K)
[2024-03-24T19:58:20.622+0800][294.648s] GC(32) Pause Young (Normal) (G1 Evacuation Pause) 353M->48M(512M) 5.356ms
[2024-03-24T19:58:20.622+0800][294.648s] GC(32) User=0.02s Sys=0.00s Real=0.01s
[2024-03-24T19:58:23.412+0800][297.438s] GC(33) Pause Young (Normal) (G1 Evacuation Pause)
[2024-03-24T19:58:23.412+0800][297.438s] GC(33) Using 8 workers of 8 for evacuation
[2024-03-24T19:58:23.420+0800][297.443s] GC(33)   Pre Evacuate Collection Set: 0.4ms
[2024-03-24T19:58:23.420+0800][297.443s] GC(33)   Merge Heap Roots: 0.1ms
[2024-03-24T19:58:23.420+0800][297.443s] GC(33)   Evacuate Collection Set: 2.9ms
[2024-03-24T19:58:23.420+0800][297.443s] GC(33)   Post Evacuate Collection Set: 1.0ms
[2024-03-24T19:58:23.420+0800][297.443s] GC(33)   Other: 0.3ms
[2024-03-24T19:58:23.420+0800][297.443s] GC(33) Eden regions: 305->0(305)
[2024-03-24T19:58:23.420+0800][297.443s] GC(33) Survivor regions: 2->2(39)
[2024-03-24T19:58:23.420+0800][297.443s] GC(33) Old regions: 44->44
[2024-03-24T19:58:23.420+0800][297.443s] GC(33) Humongous regions: 4->4
[2024-03-24T19:58:23.420+0800][297.443s] GC(33) Metaspace: 64085K(64768K)->64085K(64768K) NonClass: 56630K(57024K)->56630K(57024K) Class: 7455K(7744K)->7455K(7744K)
[2024-03-24T19:58:23.420+0800][297.443s] GC(33) Pause Young (Normal) (G1 Evacuation Pause) 353M->48M(512M) 5.494ms
[2024-03-24T19:58:23.420+0800][297.444s] GC(33) User=0.02s Sys=0.00s Real=0.01s
[2024-03-24T19:58:26.087+0800][300.112s] GC(34) Pause Young (Normal) (G1 Evacuation Pause)
[2024-03-24T19:58:26.087+0800][300.112s] GC(34) Using 8 workers of 8 for evacuation
[2024-03-24T19:58:26.092+0800][300.118s] GC(34)   Pre Evacuate Collection Set: 0.3ms
[2024-03-24T19:58:26.092+0800][300.118s] GC(34)   Merge Heap Roots: 1.0ms
[2024-03-24T19:58:26.092+0800][300.118s] GC(34)   Evacuate Collection Set: 3.1ms
[2024-03-24T19:58:26.092+0800][300.118s] GC(34)   Post Evacuate Collection Set: 1.3ms
[2024-03-24T19:58:26.092+0800][300.118s] GC(34)   Other: 0.5ms
[2024-03-24T19:58:26.092+0800][300.119s] GC(34) Eden regions: 305->0(305)
[2024-03-24T19:58:26.092+0800][300.119s] GC(34) Survivor regions: 2->2(39)
[2024-03-24T19:58:26.092+0800][300.119s] GC(34) Old regions: 44->44
[2024-03-24T19:58:26.092+0800][300.119s] GC(34) Humongous regions: 4->4
[2024-03-24T19:58:26.092+0800][300.119s] GC(34) Metaspace: 64136K(64768K)->64136K(64768K) NonClass: 56681K(57024K)->56681K(57024K) Class: 7455K(7744K)->7455K(7744K)
[2024-03-24T19:58:26.092+0800][300.119s] GC(34) Pause Young (Normal) (G1 Evacuation Pause) 353M->48M(512M) 6.850ms
[2024-03-24T19:58:26.092+0800][300.119s] GC(34) User=0.02s Sys=0.00s Real=0.01s
[2024-03-24T19:58:29.074+0800][303.098s] GC(35) Pause Young (Normal) (G1 Evacuation Pause)
[2024-03-24T19:58:29.074+0800][303.098s] GC(35) Using 8 workers of 8 for evacuation
[2024-03-24T19:58:29.074+0800][303.104s] GC(35)   Pre Evacuate Collection Set: 0.3ms
[2024-03-24T19:58:29.074+0800][303.104s] GC(35)   Merge Heap Roots: 0.3ms
[2024-03-24T19:58:29.074+0800][303.104s] GC(35)   Evacuate Collection Set: 3.5ms
[2024-03-24T19:58:29.074+0800][303.104s] GC(35)   Post Evacuate Collection Set: 1.8ms
[2024-03-24T19:58:29.074+0800][303.104s] GC(35)   Other: 0.2ms
[2024-03-24T19:58:29.074+0800][303.104s] GC(35) Eden regions: 305->0(305)
[2024-03-24T19:58:29.074+0800][303.104s] GC(35) Survivor regions: 2->2(39)
[2024-03-24T19:58:29.074+0800][303.105s] GC(35) Old regions: 44->44
[2024-03-24T19:58:29.074+0800][303.105s] GC(35) Humongous regions: 4->4
[2024-03-24T19:58:29.074+0800][303.105s] GC(35) Metaspace: 64298K(64960K)->64298K(64960K) NonClass: 56842K(57216K)->56842K(57216K) Class: 7455K(7744K)->7455K(7744K)
[2024-03-24T19:58:29.074+0800][303.105s] GC(35) Pause Young (Normal) (G1 Evacuation Pause) 353M->48M(512M) 6.857ms
[2024-03-24T19:58:29.074+0800][303.105s] GC(35) User=0.00s Sys=0.00s Real=0.00s
[2024-03-24T19:58:31.914+0800][305.942s] GC(36) Pause Young (Normal) (G1 Evacuation Pause)
[2024-03-24T19:58:31.914+0800][305.942s] GC(36) Using 8 workers of 8 for evacuation
[2024-03-24T19:58:31.922+0800][305.946s] GC(36)   Pre Evacuate Collection Set: 0.4ms
[2024-03-24T19:58:31.922+0800][305.947s] GC(36)   Merge Heap Roots: 0.5ms
[2024-03-24T19:58:31.922+0800][305.947s] GC(36)   Evacuate Collection Set: 2.1ms
[2024-03-24T19:58:31.922+0800][305.947s] GC(36)   Post Evacuate Collection Set: 1.1ms
[2024-03-24T19:58:31.922+0800][305.947s] GC(36)   Other: 0.3ms
[2024-03-24T19:58:31.922+0800][305.947s] GC(36) Eden regions: 305->0(305)
[2024-03-24T19:58:31.922+0800][305.947s] GC(36) Survivor regions: 2->2(39)
[2024-03-24T19:58:31.922+0800][305.947s] GC(36) Old regions: 44->44
[2024-03-24T19:58:31.922+0800][305.947s] GC(36) Humongous regions: 4->4
[2024-03-24T19:58:31.922+0800][305.947s] GC(36) Metaspace: 64324K(65024K)->64324K(65024K) NonClass: 56869K(57280K)->56869K(57280K) Class: 7455K(7744K)->7455K(7744K)
[2024-03-24T19:58:31.922+0800][305.947s] GC(36) Pause Young (Normal) (G1 Evacuation Pause) 353M->49M(512M) 5.218ms
[2024-03-24T19:58:31.922+0800][305.947s] GC(36) User=0.05s Sys=0.00s Real=0.01s
[2024-03-24T19:58:34.641+0800][308.664s] GC(37) Pause Young (Normal) (G1 Evacuation Pause)
[2024-03-24T19:58:34.641+0800][308.664s] GC(37) Using 8 workers of 8 for evacuation
[2024-03-24T19:58:34.641+0800][308.669s] GC(37)   Pre Evacuate Collection Set: 0.3ms
[2024-03-24T19:58:34.641+0800][308.669s] GC(37)   Merge Heap Roots: 0.6ms
[2024-03-24T19:58:34.641+0800][308.669s] GC(37)   Evacuate Collection Set: 2.5ms
[2024-03-24T19:58:34.641+0800][308.669s] GC(37)   Post Evacuate Collection Set: 1.2ms
[2024-03-24T19:58:34.641+0800][308.669s] GC(37)   Other: 0.2ms
[2024-03-24T19:58:34.641+0800][308.669s] GC(37) Eden regions: 305->0(305)
[2024-03-24T19:58:34.641+0800][308.669s] GC(37) Survivor regions: 2->2(39)
[2024-03-24T19:58:34.641+0800][308.669s] GC(37) Old regions: 44->44
[2024-03-24T19:58:34.641+0800][308.669s] GC(37) Humongous regions: 4->4
[2024-03-24T19:58:34.641+0800][308.669s] GC(37) Metaspace: 64327K(65024K)->64327K(65024K) NonClass: 56872K(57280K)->56872K(57280K) Class: 7455K(7744K)->7455K(7744K)
[2024-03-24T19:58:34.641+0800][308.669s] GC(37) Pause Young (Normal) (G1 Evacuation Pause) 354M->49M(512M) 5.360ms
[2024-03-24T19:58:34.641+0800][308.669s] GC(37) User=0.00s Sys=0.00s Real=0.00s
[2024-03-24T19:58:37.444+0800][311.469s] GC(38) Pause Young (Normal) (G1 Evacuation Pause)
[2024-03-24T19:58:37.444+0800][311.469s] GC(38) Using 8 workers of 8 for evacuation
[2024-03-24T19:58:37.451+0800][311.474s] GC(38)   Pre Evacuate Collection Set: 0.4ms
[2024-03-24T19:58:37.451+0800][311.475s] GC(38)   Merge Heap Roots: 0.3ms
[2024-03-24T19:58:37.451+0800][311.475s] GC(38)   Evacuate Collection Set: 2.7ms
[2024-03-24T19:58:37.451+0800][311.475s] GC(38)   Post Evacuate Collection Set: 1.7ms
[2024-03-24T19:58:37.451+0800][311.475s] GC(38)   Other: 0.3ms
[2024-03-24T19:58:37.451+0800][311.475s] GC(38) Eden regions: 305->0(305)
[2024-03-24T19:58:37.451+0800][311.475s] GC(38) Survivor regions: 2->2(39)
[2024-03-24T19:58:37.451+0800][311.475s] GC(38) Old regions: 44->44
[2024-03-24T19:58:37.451+0800][311.475s] GC(38) Humongous regions: 4->4
[2024-03-24T19:58:37.451+0800][311.475s] GC(38) Metaspace: 64333K(65024K)->64333K(65024K) NonClass: 56878K(57280K)->56878K(57280K) Class: 7455K(7744K)->7455K(7744K)
[2024-03-24T19:58:37.451+0800][311.475s] GC(38) Pause Young (Normal) (G1 Evacuation Pause) 354M->48M(512M) 6.623ms
[2024-03-24T19:58:37.451+0800][311.475s] GC(38) User=0.00s Sys=0.00s Real=0.01s
[2024-03-24T19:58:40.251+0800][314.276s] GC(39) Pause Young (Normal) (G1 Evacuation Pause)
[2024-03-24T19:58:40.251+0800][314.276s] GC(39) Using 8 workers of 8 for evacuation
[2024-03-24T19:58:40.256+0800][314.280s] GC(39)   Pre Evacuate Collection Set: 0.4ms
[2024-03-24T19:58:40.256+0800][314.280s] GC(39)   Merge Heap Roots: 0.2ms
[2024-03-24T19:58:40.256+0800][314.280s] GC(39)   Evacuate Collection Set: 2.6ms
[2024-03-24T19:58:40.256+0800][314.280s] GC(39)   Post Evacuate Collection Set: 0.9ms
[2024-03-24T19:58:40.256+0800][314.280s] GC(39)   Other: 0.2ms
[2024-03-24T19:58:40.256+0800][314.280s] GC(39) Eden regions: 305->0(305)
[2024-03-24T19:58:40.256+0800][314.281s] GC(39) Survivor regions: 2->2(39)
[2024-03-24T19:58:40.256+0800][314.281s] GC(39) Old regions: 44->44
[2024-03-24T19:58:40.256+0800][314.281s] GC(39) Humongous regions: 4->4
[2024-03-24T19:58:40.256+0800][314.281s] GC(39) Metaspace: 64359K(65024K)->64359K(65024K) NonClass: 56904K(57280K)->56904K(57280K) Class: 7455K(7744K)->7455K(7744K)
[2024-03-24T19:58:40.256+0800][314.281s] GC(39) Pause Young (Normal) (G1 Evacuation Pause) 353M->48M(512M) 4.938ms
[2024-03-24T19:58:40.256+0800][314.281s] GC(39) User=0.00s Sys=0.00s Real=0.01s
[2024-03-24T19:58:43.045+0800][317.071s] GC(40) Pause Young (Normal) (G1 Evacuation Pause)
[2024-03-24T19:58:43.045+0800][317.071s] GC(40) Using 8 workers of 8 for evacuation
[2024-03-24T19:58:43.049+0800][317.074s] GC(40)   Pre Evacuate Collection Set: 0.2ms
[2024-03-24T19:58:43.049+0800][317.075s] GC(40)   Merge Heap Roots: 0.1ms
[2024-03-24T19:58:43.049+0800][317.075s] GC(40)   Evacuate Collection Set: 2.3ms
[2024-03-24T19:58:43.049+0800][317.075s] GC(40)   Post Evacuate Collection Set: 0.8ms
[2024-03-24T19:58:43.049+0800][317.075s] GC(40)   Other: 0.1ms
[2024-03-24T19:58:43.049+0800][317.075s] GC(40) Eden regions: 305->0(305)
[2024-03-24T19:58:43.049+0800][317.075s] GC(40) Survivor regions: 2->2(39)
[2024-03-24T19:58:43.049+0800][317.075s] GC(40) Old regions: 44->44
[2024-03-24T19:58:43.049+0800][317.075s] GC(40) Humongous regions: 4->4
[2024-03-24T19:58:43.049+0800][317.075s] GC(40) Metaspace: 64368K(65024K)->64368K(65024K) NonClass: 56913K(57280K)->56913K(57280K) Class: 7455K(7744K)->7455K(7744K)
[2024-03-24T19:58:43.049+0800][317.075s] GC(40) Pause Young (Normal) (G1 Evacuation Pause) 353M->48M(512M) 4.314ms
[2024-03-24T19:58:43.049+0800][317.075s] GC(40) User=0.00s Sys=0.00s Real=0.00s
[2024-03-24T19:58:45.951+0800][319.974s] GC(41) Pause Young (Normal) (G1 Evacuation Pause)
[2024-03-24T19:58:45.951+0800][319.974s] GC(41) Using 8 workers of 8 for evacuation
[2024-03-24T19:58:45.951+0800][319.978s] GC(41)   Pre Evacuate Collection Set: 0.4ms
[2024-03-24T19:58:45.951+0800][319.978s] GC(41)   Merge Heap Roots: 0.2ms
[2024-03-24T19:58:45.951+0800][319.978s] GC(41)   Evacuate Collection Set: 2.3ms
[2024-03-24T19:58:45.951+0800][319.978s] GC(41)   Post Evacuate Collection Set: 1.2ms
[2024-03-24T19:58:45.951+0800][319.978s] GC(41)   Other: 0.2ms
[2024-03-24T19:58:45.951+0800][319.978s] GC(41) Eden regions: 305->0(305)
[2024-03-24T19:58:45.951+0800][319.979s] GC(41) Survivor regions: 2->2(39)
[2024-03-24T19:58:45.951+0800][319.979s] GC(41) Old regions: 44->44
[2024-03-24T19:58:45.951+0800][319.979s] GC(41) Humongous regions: 4->4
[2024-03-24T19:58:45.951+0800][319.979s] GC(41) Metaspace: 64383K(65024K)->64383K(65024K) NonClass: 56928K(57280K)->56928K(57280K) Class: 7455K(7744K)->7455K(7744K)
[2024-03-24T19:58:45.951+0800][319.979s] GC(41) Pause Young (Normal) (G1 Evacuation Pause) 353M->49M(512M) 4.900ms
[2024-03-24T19:58:45.951+0800][319.979s] GC(41) User=0.00s Sys=0.00s Real=0.00s
[2024-03-24T19:58:48.844+0800][322.868s] GC(42) Pause Young (Normal) (G1 Evacuation Pause)
[2024-03-24T19:58:48.844+0800][322.868s] GC(42) Using 8 workers of 8 for evacuation
[2024-03-24T19:58:48.848+0800][322.872s] GC(42)   Pre Evacuate Collection Set: 0.3ms
[2024-03-24T19:58:48.848+0800][322.872s] GC(42)   Merge Heap Roots: 0.1ms
[2024-03-24T19:58:48.848+0800][322.872s] GC(42)   Evacuate Collection Set: 1.8ms
[2024-03-24T19:58:48.848+0800][322.872s] GC(42)   Post Evacuate Collection Set: 1.1ms
[2024-03-24T19:58:48.848+0800][322.872s] GC(42)   Other: 0.2ms
[2024-03-24T19:58:48.848+0800][322.872s] GC(42) Eden regions: 305->0(305)
[2024-03-24T19:58:48.848+0800][322.872s] GC(42) Survivor regions: 2->2(39)
[2024-03-24T19:58:48.848+0800][322.872s] GC(42) Old regions: 44->44
[2024-03-24T19:58:48.848+0800][322.872s] GC(42) Humongous regions: 4->4
[2024-03-24T19:58:48.848+0800][322.872s] GC(42) Metaspace: 64385K(65024K)->64385K(65024K) NonClass: 56930K(57280K)->56930K(57280K) Class: 7455K(7744K)->7455K(7744K)
[2024-03-24T19:58:48.848+0800][322.872s] GC(42) Pause Young (Normal) (G1 Evacuation Pause) 354M->49M(512M) 4.297ms
[2024-03-24T19:58:48.848+0800][322.873s] GC(42) User=0.00s Sys=0.00s Real=0.00s
[2024-03-24T19:58:51.771+0800][325.800s] GC(43) Pause Young (Normal) (G1 Evacuation Pause)
[2024-03-24T19:58:51.771+0800][325.801s] GC(43) Using 8 workers of 8 for evacuation
[2024-03-24T19:58:51.779+0800][325.805s] GC(43)   Pre Evacuate Collection Set: 0.4ms
[2024-03-24T19:58:51.779+0800][325.805s] GC(43)   Merge Heap Roots: 0.3ms
[2024-03-24T19:58:51.779+0800][325.805s] GC(43)   Evacuate Collection Set: 2.5ms
[2024-03-24T19:58:51.779+0800][325.805s] GC(43)   Post Evacuate Collection Set: 0.9ms
[2024-03-24T19:58:51.779+0800][325.805s] GC(43)   Other: 0.2ms
[2024-03-24T19:58:51.779+0800][325.805s] GC(43) Eden regions: 305->0(305)
[2024-03-24T19:58:51.779+0800][325.805s] GC(43) Survivor regions: 2->2(39)
[2024-03-24T19:58:51.779+0800][325.805s] GC(43) Old regions: 44->44
[2024-03-24T19:58:51.779+0800][325.805s] GC(43) Humongous regions: 4->4
[2024-03-24T19:58:51.779+0800][325.805s] GC(43) Metaspace: 64416K(65088K)->64416K(65088K) NonClass: 56960K(57344K)->56960K(57344K) Class: 7455K(7744K)->7455K(7744K)
[2024-03-24T19:58:51.779+0800][325.805s] GC(43) Pause Young (Normal) (G1 Evacuation Pause) 354M->49M(512M) 5.128ms
[2024-03-24T19:58:51.779+0800][325.806s] GC(43) User=0.05s Sys=0.00s Real=0.01s
[2024-03-24T19:58:54.464+0800][328.491s] GC(44) Pause Young (Normal) (G1 Evacuation Pause)
[2024-03-24T19:58:54.464+0800][328.491s] GC(44) Using 8 workers of 8 for evacuation
[2024-03-24T19:58:54.464+0800][328.495s] GC(44)   Pre Evacuate Collection Set: 0.4ms
[2024-03-24T19:58:54.472+0800][328.495s] GC(44)   Merge Heap Roots: 0.2ms
[2024-03-24T19:58:54.472+0800][328.495s] GC(44)   Evacuate Collection Set: 1.8ms
[2024-03-24T19:58:54.472+0800][328.495s] GC(44)   Post Evacuate Collection Set: 0.9ms
[2024-03-24T19:58:54.472+0800][328.495s] GC(44)   Other: 0.2ms
[2024-03-24T19:58:54.472+0800][328.495s] GC(44) Eden regions: 305->0(305)
[2024-03-24T19:58:54.472+0800][328.495s] GC(44) Survivor regions: 2->2(39)
[2024-03-24T19:58:54.472+0800][328.495s] GC(44) Old regions: 44->44
[2024-03-24T19:58:54.472+0800][328.495s] GC(44) Humongous regions: 4->4
[2024-03-24T19:58:54.472+0800][328.495s] GC(44) Metaspace: 64499K(65152K)->64499K(65152K) NonClass: 57043K(57408K)->57043K(57408K) Class: 7455K(7744K)->7455K(7744K)
[2024-03-24T19:58:54.472+0800][328.495s] GC(44) Pause Young (Normal) (G1 Evacuation Pause) 354M->48M(512M) 4.038ms
[2024-03-24T19:58:54.472+0800][328.495s] GC(44) User=0.00s Sys=0.00s Real=0.01s
[2024-03-24T19:58:57.154+0800][331.177s] GC(45) Pause Young (Normal) (G1 Evacuation Pause)
[2024-03-24T19:58:57.154+0800][331.178s] GC(45) Using 8 workers of 8 for evacuation
[2024-03-24T19:58:57.158+0800][331.182s] GC(45)   Pre Evacuate Collection Set: 0.3ms
[2024-03-24T19:58:57.158+0800][331.182s] GC(45)   Merge Heap Roots: 0.1ms
[2024-03-24T19:58:57.158+0800][331.182s] GC(45)   Evacuate Collection Set: 2.8ms
[2024-03-24T19:58:57.158+0800][331.182s] GC(45)   Post Evacuate Collection Set: 0.7ms
[2024-03-24T19:58:57.158+0800][331.182s] GC(45)   Other: 0.1ms
[2024-03-24T19:58:57.158+0800][331.182s] GC(45) Eden regions: 305->0(305)
[2024-03-24T19:58:57.158+0800][331.182s] GC(45) Survivor regions: 2->2(39)
[2024-03-24T19:58:57.158+0800][331.182s] GC(45) Old regions: 44->44
[2024-03-24T19:58:57.158+0800][331.182s] GC(45) Humongous regions: 4->4
[2024-03-24T19:58:57.158+0800][331.182s] GC(45) Metaspace: 64570K(65216K)->64570K(65216K) NonClass: 57114K(57472K)->57114K(57472K) Class: 7455K(7744K)->7455K(7744K)
[2024-03-24T19:58:57.158+0800][331.182s] GC(45) Pause Young (Normal) (G1 Evacuation Pause) 353M->48M(512M) 4.725ms
[2024-03-24T19:58:57.158+0800][331.182s] GC(45) User=0.00s Sys=0.00s Real=0.00s
[2024-03-24T19:59:00.127+0800][334.154s] GC(46) Pause Young (Normal) (G1 Evacuation Pause)
[2024-03-24T19:59:00.127+0800][334.155s] GC(46) Using 8 workers of 8 for evacuation
[2024-03-24T19:59:00.135+0800][334.159s] GC(46)   Pre Evacuate Collection Set: 0.4ms
[2024-03-24T19:59:00.135+0800][334.159s] GC(46)   Merge Heap Roots: 0.2ms
[2024-03-24T19:59:00.135+0800][334.159s] GC(46)   Evacuate Collection Set: 2.2ms
[2024-03-24T19:59:00.135+0800][334.159s] GC(46)   Post Evacuate Collection Set: 1.0ms
[2024-03-24T19:59:00.135+0800][334.159s] GC(46)   Other: 0.2ms
[2024-03-24T19:59:00.135+0800][334.159s] GC(46) Eden regions: 305->0(305)
[2024-03-24T19:59:00.135+0800][334.159s] GC(46) Survivor regions: 2->2(39)
[2024-03-24T19:59:00.135+0800][334.159s] GC(46) Old regions: 44->44
[2024-03-24T19:59:00.135+0800][334.159s] GC(46) Humongous regions: 4->4
[2024-03-24T19:59:00.135+0800][334.159s] GC(46) Metaspace: 64588K(65216K)->64588K(65216K) NonClass: 57132K(57472K)->57132K(57472K) Class: 7455K(7744K)->7455K(7744K)
[2024-03-24T19:59:00.135+0800][334.159s] GC(46) Pause Young (Normal) (G1 Evacuation Pause) 353M->48M(512M) 4.883ms
[2024-03-24T19:59:00.135+0800][334.159s] GC(46) User=0.00s Sys=0.00s Real=0.01s
[2024-03-24T19:59:03.009+0800][337.040s] GC(47) Pause Young (Normal) (G1 Evacuation Pause)
[2024-03-24T19:59:03.009+0800][337.040s] GC(47) Using 8 workers of 8 for evacuation
[2024-03-24T19:59:03.021+0800][337.044s] GC(47)   Pre Evacuate Collection Set: 0.3ms
[2024-03-24T19:59:03.021+0800][337.044s] GC(47)   Merge Heap Roots: 0.2ms
[2024-03-24T19:59:03.021+0800][337.044s] GC(47)   Evacuate Collection Set: 2.6ms
[2024-03-24T19:59:03.021+0800][337.044s] GC(47)   Post Evacuate Collection Set: 0.7ms
[2024-03-24T19:59:03.021+0800][337.044s] GC(47)   Other: 0.2ms
[2024-03-24T19:59:03.021+0800][337.044s] GC(47) Eden regions: 305->0(305)
[2024-03-24T19:59:03.021+0800][337.044s] GC(47) Survivor regions: 2->2(39)
[2024-03-24T19:59:03.021+0800][337.044s] GC(47) Old regions: 44->44
[2024-03-24T19:59:03.021+0800][337.044s] GC(47) Humongous regions: 4->4
[2024-03-24T19:59:03.021+0800][337.044s] GC(47) Metaspace: 64715K(65344K)->64715K(65344K) NonClass: 57260K(57600K)->57260K(57600K) Class: 7455K(7744K)->7455K(7744K)
[2024-03-24T19:59:03.021+0800][337.044s] GC(47) Pause Young (Normal) (G1 Evacuation Pause) 353M->49M(512M) 4.513ms
[2024-03-24T19:59:03.021+0800][337.045s] GC(47) User=0.02s Sys=0.00s Real=0.01s
[2024-03-24T19:59:05.953+0800][339.977s] GC(48) Pause Young (Normal) (G1 Evacuation Pause)
[2024-03-24T19:59:05.953+0800][339.977s] GC(48) Using 8 workers of 8 for evacuation
[2024-03-24T19:59:05.959+0800][339.983s] GC(48)   Pre Evacuate Collection Set: 0.4ms
[2024-03-24T19:59:05.959+0800][339.983s] GC(48)   Merge Heap Roots: 0.4ms
[2024-03-24T19:59:05.959+0800][339.983s] GC(48)   Evacuate Collection Set: 3.0ms
[2024-03-24T19:59:05.959+0800][339.983s] GC(48)   Post Evacuate Collection Set: 1.7ms
[2024-03-24T19:59:05.959+0800][339.983s] GC(48)   Other: 0.3ms
[2024-03-24T19:59:05.959+0800][339.983s] GC(48) Eden regions: 305->0(305)
[2024-03-24T19:59:05.959+0800][339.983s] GC(48) Survivor regions: 2->2(39)
[2024-03-24T19:59:05.959+0800][339.983s] GC(48) Old regions: 44->44
[2024-03-24T19:59:05.959+0800][339.983s] GC(48) Humongous regions: 4->4
[2024-03-24T19:59:05.959+0800][339.983s] GC(48) Metaspace: 64721K(65344K)->64721K(65344K) NonClass: 57266K(57600K)->57266K(57600K) Class: 7455K(7744K)->7455K(7744K)
[2024-03-24T19:59:05.959+0800][339.983s] GC(48) Pause Young (Normal) (G1 Evacuation Pause) 354M->49M(512M) 6.527ms
[2024-03-24T19:59:05.959+0800][339.983s] GC(48) User=0.00s Sys=0.00s Real=0.01s
[2024-03-24T19:59:08.730+0800][342.754s] GC(49) Pause Young (Normal) (G1 Evacuation Pause)
[2024-03-24T19:59:08.730+0800][342.755s] GC(49) Using 8 workers of 8 for evacuation
[2024-03-24T19:59:08.737+0800][342.759s] GC(49)   Pre Evacuate Collection Set: 0.4ms
[2024-03-24T19:59:08.737+0800][342.759s] GC(49)   Merge Heap Roots: 0.2ms
[2024-03-24T19:59:08.737+0800][342.760s] GC(49)   Evacuate Collection Set: 2.4ms
[2024-03-24T19:59:08.737+0800][342.760s] GC(49)   Post Evacuate Collection Set: 1.3ms
[2024-03-24T19:59:08.737+0800][342.760s] GC(49)   Other: 0.3ms
[2024-03-24T19:59:08.737+0800][342.760s] GC(49) Eden regions: 305->0(305)
[2024-03-24T19:59:08.737+0800][342.760s] GC(49) Survivor regions: 2->2(39)
[2024-03-24T19:59:08.737+0800][342.760s] GC(49) Old regions: 44->44
[2024-03-24T19:59:08.737+0800][342.760s] GC(49) Humongous regions: 4->4
[2024-03-24T19:59:08.737+0800][342.760s] GC(49) Metaspace: 64723K(65344K)->64723K(65344K) NonClass: 57267K(57600K)->57267K(57600K) Class: 7455K(7744K)->7455K(7744K)
[2024-03-24T19:59:08.737+0800][342.760s] GC(49) Pause Young (Normal) (G1 Evacuation Pause) 354M->49M(512M) 5.673ms
[2024-03-24T19:59:08.737+0800][342.760s] GC(49) User=0.00s Sys=0.00s Real=0.01s
[2024-03-24T19:59:11.350+0800][345.373s] GC(50) Pause Young (Normal) (G1 Evacuation Pause)
[2024-03-24T19:59:11.350+0800][345.373s] GC(50) Using 8 workers of 8 for evacuation
[2024-03-24T19:59:11.350+0800][345.378s] GC(50)   Pre Evacuate Collection Set: 0.4ms
[2024-03-24T19:59:11.350+0800][345.378s] GC(50)   Merge Heap Roots: 0.5ms
[2024-03-24T19:59:11.350+0800][345.378s] GC(50)   Evacuate Collection Set: 2.8ms
[2024-03-24T19:59:11.350+0800][345.378s] GC(50)   Post Evacuate Collection Set: 0.9ms
[2024-03-24T19:59:11.355+0800][345.378s] GC(50)   Other: 0.2ms
[2024-03-24T19:59:11.355+0800][345.378s] GC(50) Eden regions: 305->0(305)
[2024-03-24T19:59:11.355+0800][345.378s] GC(50) Survivor regions: 2->2(39)
[2024-03-24T19:59:11.355+0800][345.378s] GC(50) Old regions: 44->44
[2024-03-24T19:59:11.355+0800][345.378s] GC(50) Humongous regions: 4->4
[2024-03-24T19:59:11.355+0800][345.378s] GC(50) Metaspace: 64725K(65344K)->64725K(65344K) NonClass: 57269K(57600K)->57269K(57600K) Class: 7455K(7744K)->7455K(7744K)
[2024-03-24T19:59:11.355+0800][345.378s] GC(50) Pause Young (Normal) (G1 Evacuation Pause) 354M->49M(512M) 5.512ms
[2024-03-24T19:59:11.355+0800][345.378s] GC(50) User=0.02s Sys=0.00s Real=0.01s
[2024-03-24T19:59:14.105+0800][348.129s] GC(51) Pause Young (Normal) (G1 Evacuation Pause)
[2024-03-24T19:59:14.105+0800][348.129s] GC(51) Using 8 workers of 8 for evacuation
[2024-03-24T19:59:14.110+0800][348.133s] GC(51)   Pre Evacuate Collection Set: 0.3ms
[2024-03-24T19:59:14.110+0800][348.133s] GC(51)   Merge Heap Roots: 0.2ms
[2024-03-24T19:59:14.110+0800][348.133s] GC(51)   Evacuate Collection Set: 2.0ms
[2024-03-24T19:59:14.110+0800][348.133s] GC(51)   Post Evacuate Collection Set: 1.1ms
[2024-03-24T19:59:14.110+0800][348.134s] GC(51)   Other: 0.3ms
[2024-03-24T19:59:14.110+0800][348.134s] GC(51) Eden regions: 305->0(305)
[2024-03-24T19:59:14.110+0800][348.134s] GC(51) Survivor regions: 2->2(39)
[2024-03-24T19:59:14.110+0800][348.134s] GC(51) Old regions: 44->44
[2024-03-24T19:59:14.110+0800][348.134s] GC(51) Humongous regions: 4->4
[2024-03-24T19:59:14.110+0800][348.134s] GC(51) Metaspace: 64735K(65344K)->64735K(65344K) NonClass: 57280K(57600K)->57280K(57600K) Class: 7455K(7744K)->7455K(7744K)
[2024-03-24T19:59:14.110+0800][348.134s] GC(51) Pause Young (Normal) (G1 Evacuation Pause) 354M->48M(512M) 5.443ms
[2024-03-24T19:59:14.110+0800][348.134s] GC(51) User=0.00s Sys=0.00s Real=0.00s
[2024-03-24T19:59:16.631+0800][350.655s] GC(52) Pause Young (Normal) (G1 Evacuation Pause)
[2024-03-24T19:59:16.631+0800][350.655s] GC(52) Using 8 workers of 8 for evacuation
[2024-03-24T19:59:16.637+0800][350.660s] GC(52)   Pre Evacuate Collection Set: 0.5ms
[2024-03-24T19:59:16.637+0800][350.661s] GC(52)   Merge Heap Roots: 0.2ms
[2024-03-24T19:59:16.637+0800][350.661s] GC(52)   Evacuate Collection Set: 2.4ms
[2024-03-24T19:59:16.637+0800][350.661s] GC(52)   Post Evacuate Collection Set: 2.0ms
[2024-03-24T19:59:16.637+0800][350.661s] GC(52)   Other: 0.2ms
[2024-03-24T19:59:16.637+0800][350.661s] GC(52) Eden regions: 305->0(305)
[2024-03-24T19:59:16.637+0800][350.661s] GC(52) Survivor regions: 2->2(39)
[2024-03-24T19:59:16.637+0800][350.661s] GC(52) Old regions: 44->44
[2024-03-24T19:59:16.637+0800][350.661s] GC(52) Humongous regions: 4->4
[2024-03-24T19:59:16.637+0800][350.661s] GC(52) Metaspace: 64735K(65344K)->64735K(65344K) NonClass: 57280K(57600K)->57280K(57600K) Class: 7455K(7744K)->7455K(7744K)
[2024-03-24T19:59:16.637+0800][350.661s] GC(52) Pause Young (Normal) (G1 Evacuation Pause) 353M->49M(512M) 5.941ms
[2024-03-24T19:59:16.637+0800][350.661s] GC(52) User=0.00s Sys=0.00s Real=0.01s
[2024-03-24T19:59:19.351+0800][353.378s] GC(53) Pause Young (Normal) (G1 Evacuation Pause)
[2024-03-24T19:59:19.351+0800][353.378s] GC(53) Using 8 workers of 8 for evacuation
[2024-03-24T19:59:19.359+0800][353.382s] GC(53)   Pre Evacuate Collection Set: 0.4ms
[2024-03-24T19:59:19.359+0800][353.382s] GC(53)   Merge Heap Roots: 0.1ms
[2024-03-24T19:59:19.359+0800][353.382s] GC(53)   Evacuate Collection Set: 2.0ms
[2024-03-24T19:59:19.359+0800][353.382s] GC(53)   Post Evacuate Collection Set: 0.7ms
[2024-03-24T19:59:19.359+0800][353.382s] GC(53)   Other: 0.2ms
[2024-03-24T19:59:19.359+0800][353.382s] GC(53) Eden regions: 305->0(305)
[2024-03-24T19:59:19.359+0800][353.382s] GC(53) Survivor regions: 2->2(39)
[2024-03-24T19:59:19.359+0800][353.382s] GC(53) Old regions: 44->44
[2024-03-24T19:59:19.359+0800][353.382s] GC(53) Humongous regions: 4->4
[2024-03-24T19:59:19.359+0800][353.382s] GC(53) Metaspace: 64740K(65344K)->64740K(65344K) NonClass: 57285K(57600K)->57285K(57600K) Class: 7455K(7744K)->7455K(7744K)
[2024-03-24T19:59:19.359+0800][353.382s] GC(53) Pause Young (Normal) (G1 Evacuation Pause) 354M->49M(512M) 3.798ms
[2024-03-24T19:59:19.359+0800][353.382s] GC(53) User=0.00s Sys=0.00s Real=0.01s
[2024-03-24T19:59:22.136+0800][356.162s] GC(54) Pause Young (Normal) (G1 Evacuation Pause)
[2024-03-24T19:59:22.136+0800][356.162s] GC(54) Using 8 workers of 8 for evacuation
[2024-03-24T19:59:22.140+0800][356.166s] GC(54)   Pre Evacuate Collection Set: 0.3ms
[2024-03-24T19:59:22.140+0800][356.166s] GC(54)   Merge Heap Roots: 0.2ms
[2024-03-24T19:59:22.140+0800][356.166s] GC(54)   Evacuate Collection Set: 2.5ms
[2024-03-24T19:59:22.140+0800][356.166s] GC(54)   Post Evacuate Collection Set: 1.0ms
[2024-03-24T19:59:22.140+0800][356.166s] GC(54)   Other: 0.2ms
[2024-03-24T19:59:22.140+0800][356.166s] GC(54) Eden regions: 305->0(305)
[2024-03-24T19:59:22.140+0800][356.166s] GC(54) Survivor regions: 2->2(39)
[2024-03-24T19:59:22.140+0800][356.166s] GC(54) Old regions: 44->44
[2024-03-24T19:59:22.140+0800][356.166s] GC(54) Humongous regions: 4->4
[2024-03-24T19:59:22.140+0800][356.166s] GC(54) Metaspace: 64782K(65472K)->64782K(65472K) NonClass: 57324K(57728K)->57324K(57728K) Class: 7458K(7744K)->7458K(7744K)
[2024-03-24T19:59:22.140+0800][356.166s] GC(54) Pause Young (Normal) (G1 Evacuation Pause) 354M->49M(512M) 4.766ms
[2024-03-24T19:59:22.140+0800][356.166s] GC(54) User=0.00s Sys=0.00s Real=0.00s
[2024-03-24T19:59:24.816+0800][358.848s] GC(55) Pause Young (Normal) (G1 Evacuation Pause)
[2024-03-24T19:59:24.816+0800][358.848s] GC(55) Using 8 workers of 8 for evacuation
[2024-03-24T19:59:24.827+0800][358.851s] GC(55)   Pre Evacuate Collection Set: 0.3ms
[2024-03-24T19:59:24.827+0800][358.851s] GC(55)   Merge Heap Roots: 0.2ms
[2024-03-24T19:59:24.827+0800][358.851s] GC(55)   Evacuate Collection Set: 1.8ms
[2024-03-24T19:59:24.827+0800][358.851s] GC(55)   Post Evacuate Collection Set: 0.6ms
[2024-03-24T19:59:24.827+0800][358.851s] GC(55)   Other: 0.2ms
[2024-03-24T19:59:24.827+0800][358.851s] GC(55) Eden regions: 305->0(305)
[2024-03-24T19:59:24.827+0800][358.851s] GC(55) Survivor regions: 2->2(39)
[2024-03-24T19:59:24.827+0800][358.851s] GC(55) Old regions: 44->44
[2024-03-24T19:59:24.827+0800][358.851s] GC(55) Humongous regions: 4->4
[2024-03-24T19:59:24.827+0800][358.851s] GC(55) Metaspace: 64829K(65472K)->64829K(65472K) NonClass: 57371K(57728K)->57371K(57728K) Class: 7458K(7744K)->7458K(7744K)
[2024-03-24T19:59:24.829+0800][358.851s] GC(55) Pause Young (Normal) (G1 Evacuation Pause) 354M->49M(512M) 3.854ms
[2024-03-24T19:59:24.829+0800][358.851s] GC(55) User=0.06s Sys=0.00s Real=0.01s
[2024-03-24T19:59:27.441+0800][361.472s] GC(56) Pause Young (Normal) (G1 Evacuation Pause)
[2024-03-24T19:59:27.441+0800][361.472s] GC(56) Using 8 workers of 8 for evacuation
[2024-03-24T19:59:27.452+0800][361.475s] GC(56)   Pre Evacuate Collection Set: 0.3ms
[2024-03-24T19:59:27.452+0800][361.475s] GC(56)   Merge Heap Roots: 0.1ms
[2024-03-24T19:59:27.452+0800][361.475s] GC(56)   Evacuate Collection Set: 1.8ms
[2024-03-24T19:59:27.452+0800][361.475s] GC(56)   Post Evacuate Collection Set: 0.4ms
[2024-03-24T19:59:27.452+0800][361.475s] GC(56)   Other: 0.1ms
[2024-03-24T19:59:27.452+0800][361.475s] GC(56) Eden regions: 305->0(305)
[2024-03-24T19:59:27.452+0800][361.475s] GC(56) Survivor regions: 2->2(39)
[2024-03-24T19:59:27.452+0800][361.475s] GC(56) Old regions: 44->44
[2024-03-24T19:59:27.452+0800][361.475s] GC(56) Humongous regions: 4->4
[2024-03-24T19:59:27.452+0800][361.475s] GC(56) Metaspace: 64832K(65472K)->64832K(65472K) NonClass: 57373K(57728K)->57373K(57728K) Class: 7458K(7744K)->7458K(7744K)
[2024-03-24T19:59:27.452+0800][361.475s] GC(56) Pause Young (Normal) (G1 Evacuation Pause) 354M->49M(512M) 3.044ms
[2024-03-24T19:59:27.452+0800][361.475s] GC(56) User=0.02s Sys=0.00s Real=0.01s
[2024-03-24T19:59:30.178+0800][364.200s] GC(57) Pause Young (Normal) (G1 Evacuation Pause)
[2024-03-24T19:59:30.178+0800][364.201s] GC(57) Using 8 workers of 8 for evacuation
[2024-03-24T19:59:30.178+0800][364.205s] GC(57)   Pre Evacuate Collection Set: 0.3ms
[2024-03-24T19:59:30.178+0800][364.205s] GC(57)   Merge Heap Roots: 0.2ms
[2024-03-24T19:59:30.178+0800][364.205s] GC(57)   Evacuate Collection Set: 2.7ms
[2024-03-24T19:59:30.178+0800][364.205s] GC(57)   Post Evacuate Collection Set: 1.2ms
[2024-03-24T19:59:30.178+0800][364.206s] GC(57)   Other: 0.2ms
[2024-03-24T19:59:30.178+0800][364.206s] GC(57) Eden regions: 305->0(305)
[2024-03-24T19:59:30.178+0800][364.206s] GC(57) Survivor regions: 2->2(39)
[2024-03-24T19:59:30.178+0800][364.206s] GC(57) Old regions: 44->44
[2024-03-24T19:59:30.178+0800][364.206s] GC(57) Humongous regions: 4->4
[2024-03-24T19:59:30.178+0800][364.206s] GC(57) Metaspace: 65093K(65728K)->65093K(65728K) NonClass: 57635K(57984K)->57635K(57984K) Class: 7458K(7744K)->7458K(7744K)
[2024-03-24T19:59:30.178+0800][364.206s] GC(57) Pause Young (Normal) (G1 Evacuation Pause) 354M->49M(512M) 5.431ms
[2024-03-24T19:59:30.178+0800][364.206s] GC(57) User=0.00s Sys=0.00s Real=0.00s
[2024-03-24T19:59:32.787+0800][366.815s] GC(58) Pause Young (Normal) (G1 Evacuation Pause)
[2024-03-24T19:59:32.787+0800][366.815s] GC(58) Using 8 workers of 8 for evacuation
[2024-03-24T19:59:32.797+0800][366.820s] GC(58)   Pre Evacuate Collection Set: 0.4ms
[2024-03-24T19:59:32.797+0800][366.820s] GC(58)   Merge Heap Roots: 0.2ms
[2024-03-24T19:59:32.797+0800][366.820s] GC(58)   Evacuate Collection Set: 2.4ms
[2024-03-24T19:59:32.797+0800][366.820s] GC(58)   Post Evacuate Collection Set: 1.3ms
[2024-03-24T19:59:32.797+0800][366.820s] GC(58)   Other: 0.2ms
[2024-03-24T19:59:32.797+0800][366.820s] GC(58) Eden regions: 305->0(305)
[2024-03-24T19:59:32.797+0800][366.820s] GC(58) Survivor regions: 2->2(39)
[2024-03-24T19:59:32.797+0800][366.820s] GC(58) Old regions: 44->44
[2024-03-24T19:59:32.797+0800][366.820s] GC(58) Humongous regions: 4->4
[2024-03-24T19:59:32.797+0800][366.820s] GC(58) Metaspace: 65095K(65728K)->65095K(65728K) NonClass: 57637K(57984K)->57637K(57984K) Class: 7458K(7744K)->7458K(7744K)
[2024-03-24T19:59:32.797+0800][366.820s] GC(58) Pause Young (Normal) (G1 Evacuation Pause) 354M->49M(512M) 4.966ms
[2024-03-24T19:59:32.797+0800][366.820s] GC(58) User=0.02s Sys=0.00s Real=0.01s
[2024-03-24T19:59:40.509+0800][374.540s] GC(59) Pause Young (Normal) (G1 Evacuation Pause)
[2024-03-24T19:59:40.509+0800][374.540s] GC(59) Using 8 workers of 8 for evacuation
[2024-03-24T19:59:40.509+0800][374.545s] GC(59)   Pre Evacuate Collection Set: 0.4ms
[2024-03-24T19:59:40.509+0800][374.545s] GC(59)   Merge Heap Roots: 0.5ms
[2024-03-24T19:59:40.509+0800][374.545s] GC(59)   Evacuate Collection Set: 3.2ms
[2024-03-24T19:59:40.509+0800][374.545s] GC(59)   Post Evacuate Collection Set: 1.3ms
[2024-03-24T19:59:40.509+0800][374.546s] GC(59)   Other: 0.2ms
[2024-03-24T19:59:40.509+0800][374.546s] GC(59) Eden regions: 305->0(305)
[2024-03-24T19:59:40.509+0800][374.546s] GC(59) Survivor regions: 2->2(39)
[2024-03-24T19:59:40.509+0800][374.546s] GC(59) Old regions: 44->44
[2024-03-24T19:59:40.509+0800][374.546s] GC(59) Humongous regions: 4->4
[2024-03-24T19:59:40.509+0800][374.546s] GC(59) Metaspace: 65368K(65984K)->65368K(65984K) NonClass: 57910K(58240K)->57910K(58240K) Class: 7458K(7744K)->7458K(7744K)
[2024-03-24T19:59:40.509+0800][374.546s] GC(59) Pause Young (Normal) (G1 Evacuation Pause) 354M->49M(512M) 6.351ms
[2024-03-24T19:59:40.509+0800][374.546s] GC(59) User=0.00s Sys=0.00s Real=0.00s
[2024-03-24T19:59:43.221+0800][377.247s] GC(60) Pause Young (Normal) (G1 Evacuation Pause)
[2024-03-24T19:59:43.221+0800][377.248s] GC(60) Using 8 workers of 8 for evacuation
[2024-03-24T19:59:43.221+0800][377.253s] GC(60)   Pre Evacuate Collection Set: 0.3ms
[2024-03-24T19:59:43.221+0800][377.253s] GC(60)   Merge Heap Roots: 0.2ms
[2024-03-24T19:59:43.221+0800][377.254s] GC(60)   Evacuate Collection Set: 3.3ms
[2024-03-24T19:59:43.221+0800][377.254s] GC(60)   Post Evacuate Collection Set: 1.5ms
[2024-03-24T19:59:43.221+0800][377.254s] GC(60)   Other: 0.3ms
[2024-03-24T19:59:43.221+0800][377.254s] GC(60) Eden regions: 305->0(305)
[2024-03-24T19:59:43.221+0800][377.254s] GC(60) Survivor regions: 2->2(39)
[2024-03-24T19:59:43.221+0800][377.254s] GC(60) Old regions: 44->44
[2024-03-24T19:59:43.231+0800][377.254s] GC(60) Humongous regions: 4->4
[2024-03-24T19:59:43.231+0800][377.254s] GC(60) Metaspace: 65368K(65984K)->65368K(65984K) NonClass: 57910K(58240K)->57910K(58240K) Class: 7458K(7744K)->7458K(7744K)
[2024-03-24T19:59:43.231+0800][377.254s] GC(60) Pause Young (Normal) (G1 Evacuation Pause) 354M->49M(512M) 6.505ms
[2024-03-24T19:59:43.231+0800][377.254s] GC(60) User=0.00s Sys=0.00s Real=0.01s
[2024-03-24T19:59:45.956+0800][379.979s] GC(61) Pause Young (Normal) (G1 Evacuation Pause)
[2024-03-24T19:59:45.956+0800][379.979s] GC(61) Using 8 workers of 8 for evacuation
[2024-03-24T19:59:45.956+0800][379.983s] GC(61)   Pre Evacuate Collection Set: 0.3ms
[2024-03-24T19:59:45.956+0800][379.983s] GC(61)   Merge Heap Roots: 0.2ms
[2024-03-24T19:59:45.956+0800][379.983s] GC(61)   Evacuate Collection Set: 2.1ms
[2024-03-24T19:59:45.956+0800][379.983s] GC(61)   Post Evacuate Collection Set: 0.8ms
[2024-03-24T19:59:45.956+0800][379.983s] GC(61)   Other: 0.2ms
[2024-03-24T19:59:45.956+0800][379.983s] GC(61) Eden regions: 305->0(305)
[2024-03-24T19:59:45.956+0800][379.983s] GC(61) Survivor regions: 2->2(39)
[2024-03-24T19:59:45.956+0800][379.983s] GC(61) Old regions: 44->45
[2024-03-24T19:59:45.956+0800][379.983s] GC(61) Humongous regions: 4->4
[2024-03-24T19:59:45.956+0800][379.983s] GC(61) Metaspace: 65368K(65984K)->65368K(65984K) NonClass: 57910K(58240K)->57910K(58240K) Class: 7458K(7744K)->7458K(7744K)
[2024-03-24T19:59:45.956+0800][379.983s] GC(61) Pause Young (Normal) (G1 Evacuation Pause) 354M->49M(512M) 4.373ms
[2024-03-24T19:59:45.956+0800][379.983s] GC(61) User=0.00s Sys=0.00s Real=0.00s
[2024-03-24T19:59:48.572+0800][382.599s] GC(62) Pause Young (Normal) (G1 Evacuation Pause)
[2024-03-24T19:59:48.572+0800][382.599s] GC(62) Using 8 workers of 8 for evacuation
[2024-03-24T19:59:48.578+0800][382.604s] GC(62)   Pre Evacuate Collection Set: 0.3ms
[2024-03-24T19:59:48.578+0800][382.604s] GC(62)   Merge Heap Roots: 0.3ms
[2024-03-24T19:59:48.578+0800][382.604s] GC(62)   Evacuate Collection Set: 2.1ms
[2024-03-24T19:59:48.578+0800][382.604s] GC(62)   Post Evacuate Collection Set: 1.5ms
[2024-03-24T19:59:48.578+0800][382.604s] GC(62)   Other: 0.2ms
[2024-03-24T19:59:48.578+0800][382.604s] GC(62) Eden regions: 305->0(305)
[2024-03-24T19:59:48.578+0800][382.604s] GC(62) Survivor regions: 2->2(39)
[2024-03-24T19:59:48.578+0800][382.604s] GC(62) Old regions: 45->45
[2024-03-24T19:59:48.578+0800][382.604s] GC(62) Humongous regions: 4->4
[2024-03-24T19:59:48.578+0800][382.604s] GC(62) Metaspace: 65368K(65984K)->65368K(65984K) NonClass: 57910K(58240K)->57910K(58240K) Class: 7458K(7744K)->7458K(7744K)
[2024-03-24T19:59:48.578+0800][382.605s] GC(62) Pause Young (Normal) (G1 Evacuation Pause) 354M->49M(512M) 5.224ms
[2024-03-24T19:59:48.578+0800][382.605s] GC(62) User=0.02s Sys=0.00s Real=0.01s
[2024-03-24T19:59:51.312+0800][385.337s] GC(63) Pause Young (Normal) (G1 Evacuation Pause)
[2024-03-24T19:59:51.312+0800][385.337s] GC(63) Using 8 workers of 8 for evacuation
[2024-03-24T19:59:51.319+0800][385.342s] GC(63)   Pre Evacuate Collection Set: 0.4ms
[2024-03-24T19:59:51.319+0800][385.342s] GC(63)   Merge Heap Roots: 0.7ms
[2024-03-24T19:59:51.319+0800][385.342s] GC(63)   Evacuate Collection Set: 2.3ms
[2024-03-24T19:59:51.319+0800][385.342s] GC(63)   Post Evacuate Collection Set: 1.2ms
[2024-03-24T19:59:51.319+0800][385.342s] GC(63)   Other: 0.2ms
[2024-03-24T19:59:51.319+0800][385.343s] GC(63) Eden regions: 305->0(305)
[2024-03-24T19:59:51.319+0800][385.343s] GC(63) Survivor regions: 2->2(39)
[2024-03-24T19:59:51.319+0800][385.343s] GC(63) Old regions: 45->45
[2024-03-24T19:59:51.319+0800][385.343s] GC(63) Humongous regions: 4->4
[2024-03-24T19:59:51.319+0800][385.343s] GC(63) Metaspace: 65371K(65984K)->65371K(65984K) NonClass: 57913K(58240K)->57913K(58240K) Class: 7458K(7744K)->7458K(7744K)
[2024-03-24T19:59:51.319+0800][385.343s] GC(63) Pause Young (Normal) (G1 Evacuation Pause) 354M->49M(512M) 5.929ms
[2024-03-24T19:59:51.319+0800][385.343s] GC(63) User=0.00s Sys=0.00s Real=0.01s
[2024-03-24T19:59:54.121+0800][388.145s] GC(64) Pause Young (Normal) (G1 Evacuation Pause)
[2024-03-24T19:59:54.121+0800][388.145s] GC(64) Using 8 workers of 8 for evacuation
[2024-03-24T19:59:54.121+0800][388.149s] GC(64)   Pre Evacuate Collection Set: 0.3ms
[2024-03-24T19:59:54.121+0800][388.149s] GC(64)   Merge Heap Roots: 0.2ms
[2024-03-24T19:59:54.121+0800][388.149s] GC(64)   Evacuate Collection Set: 1.9ms
[2024-03-24T19:59:54.121+0800][388.149s] GC(64)   Post Evacuate Collection Set: 0.9ms
[2024-03-24T19:59:54.121+0800][388.149s] GC(64)   Other: 0.2ms
[2024-03-24T19:59:54.121+0800][388.149s] GC(64) Eden regions: 305->0(305)
[2024-03-24T19:59:54.121+0800][388.149s] GC(64) Survivor regions: 2->2(39)
[2024-03-24T19:59:54.121+0800][388.149s] GC(64) Old regions: 45->45
[2024-03-24T19:59:54.121+0800][388.149s] GC(64) Humongous regions: 4->4
[2024-03-24T19:59:54.121+0800][388.149s] GC(64) Metaspace: 65371K(65984K)->65371K(65984K) NonClass: 57913K(58240K)->57913K(58240K) Class: 7458K(7744K)->7458K(7744K)
[2024-03-24T19:59:54.121+0800][388.149s] GC(64) Pause Young (Normal) (G1 Evacuation Pause) 354M->49M(512M) 4.403ms
[2024-03-24T19:59:54.121+0800][388.149s] GC(64) User=0.00s Sys=0.00s Real=0.00s
[2024-03-24T19:59:56.776+0800][390.803s] GC(65) Pause Young (Normal) (G1 Evacuation Pause)
[2024-03-24T19:59:56.776+0800][390.803s] GC(65) Using 8 workers of 8 for evacuation
[2024-03-24T19:59:56.784+0800][390.807s] GC(65)   Pre Evacuate Collection Set: 0.3ms
[2024-03-24T19:59:56.784+0800][390.807s] GC(65)   Merge Heap Roots: 0.3ms
[2024-03-24T19:59:56.784+0800][390.808s] GC(65)   Evacuate Collection Set: 2.3ms
[2024-03-24T19:59:56.784+0800][390.808s] GC(65)   Post Evacuate Collection Set: 1.4ms
[2024-03-24T19:59:56.784+0800][390.808s] GC(65)   Other: 0.2ms
[2024-03-24T19:59:56.784+0800][390.808s] GC(65) Eden regions: 305->0(305)
[2024-03-24T19:59:56.784+0800][390.808s] GC(65) Survivor regions: 2->2(39)
[2024-03-24T19:59:56.784+0800][390.808s] GC(65) Old regions: 45->45
[2024-03-24T19:59:56.784+0800][390.808s] GC(65) Humongous regions: 4->4
[2024-03-24T19:59:56.784+0800][390.808s] GC(65) Metaspace: 65374K(65984K)->65374K(65984K) NonClass: 57916K(58240K)->57916K(58240K) Class: 7458K(7744K)->7458K(7744K)
[2024-03-24T19:59:56.784+0800][390.808s] GC(65) Pause Young (Normal) (G1 Evacuation Pause) 354M->49M(512M) 5.425ms
[2024-03-24T19:59:56.784+0800][390.808s] GC(65) User=0.00s Sys=0.00s Real=0.01s
[2024-03-24T19:59:59.194+0800][393.221s] GC(66) Pause Young (Normal) (G1 Evacuation Pause)
[2024-03-24T19:59:59.194+0800][393.221s] GC(66) Using 8 workers of 8 for evacuation
[2024-03-24T19:59:59.201+0800][393.224s] GC(66)   Pre Evacuate Collection Set: 0.4ms
[2024-03-24T19:59:59.201+0800][393.224s] GC(66)   Merge Heap Roots: 0.1ms
[2024-03-24T19:59:59.201+0800][393.224s] GC(66)   Evacuate Collection Set: 1.7ms
[2024-03-24T19:59:59.201+0800][393.225s] GC(66)   Post Evacuate Collection Set: 0.8ms
[2024-03-24T19:59:59.201+0800][393.225s] GC(66)   Other: 0.3ms
[2024-03-24T19:59:59.201+0800][393.225s] GC(66) Eden regions: 305->0(305)
[2024-03-24T19:59:59.201+0800][393.225s] GC(66) Survivor regions: 2->2(39)
[2024-03-24T19:59:59.201+0800][393.225s] GC(66) Old regions: 45->45
[2024-03-24T19:59:59.201+0800][393.225s] GC(66) Humongous regions: 4->4
[2024-03-24T19:59:59.201+0800][393.225s] GC(66) Metaspace: 65380K(65984K)->65380K(65984K) NonClass: 57922K(58240K)->57922K(58240K) Class: 7458K(7744K)->7458K(7744K)
[2024-03-24T19:59:59.201+0800][393.225s] GC(66) Pause Young (Normal) (G1 Evacuation Pause) 354M->49M(512M) 3.932ms
[2024-03-24T19:59:59.202+0800][393.225s] GC(66) User=0.05s Sys=0.00s Real=0.01s
[2024-03-24T20:00:02.109+0800][396.132s] GC(67) Pause Young (Normal) (G1 Evacuation Pause)
[2024-03-24T20:00:02.109+0800][396.132s] GC(67) Using 8 workers of 8 for evacuation
[2024-03-24T20:00:02.114+0800][396.137s] GC(67)   Pre Evacuate Collection Set: 0.4ms
[2024-03-24T20:00:02.114+0800][396.137s] GC(67)   Merge Heap Roots: 0.2ms
[2024-03-24T20:00:02.114+0800][396.137s] GC(67)   Evacuate Collection Set: 2.5ms
[2024-03-24T20:00:02.114+0800][396.137s] GC(67)   Post Evacuate Collection Set: 1.5ms
[2024-03-24T20:00:02.114+0800][396.138s] GC(67)   Other: 0.2ms
[2024-03-24T20:00:02.114+0800][396.138s] GC(67) Eden regions: 305->0(305)
[2024-03-24T20:00:02.114+0800][396.138s] GC(67) Survivor regions: 2->2(39)
[2024-03-24T20:00:02.114+0800][396.138s] GC(67) Old regions: 45->45
[2024-03-24T20:00:02.114+0800][396.138s] GC(67) Humongous regions: 4->4
[2024-03-24T20:00:02.114+0800][396.138s] GC(67) Metaspace: 65381K(65984K)->65381K(65984K) NonClass: 57923K(58240K)->57923K(58240K) Class: 7458K(7744K)->7458K(7744K)
[2024-03-24T20:00:02.114+0800][396.138s] GC(67) Pause Young (Normal) (G1 Evacuation Pause) 354M->49M(512M) 5.760ms
[2024-03-24T20:00:02.114+0800][396.138s] GC(67) User=0.03s Sys=0.00s Real=0.01s
[2024-03-24T20:00:04.777+0800][398.801s] GC(68) Pause Young (Normal) (G1 Evacuation Pause)
[2024-03-24T20:00:04.777+0800][398.802s] GC(68) Using 8 workers of 8 for evacuation
[2024-03-24T20:00:04.777+0800][398.805s] GC(68)   Pre Evacuate Collection Set: 0.3ms
[2024-03-24T20:00:04.777+0800][398.805s] GC(68)   Merge Heap Roots: 0.2ms
[2024-03-24T20:00:04.777+0800][398.805s] GC(68)   Evacuate Collection Set: 2.0ms
[2024-03-24T20:00:04.777+0800][398.805s] GC(68)   Post Evacuate Collection Set: 0.9ms
[2024-03-24T20:00:04.777+0800][398.805s] GC(68)   Other: 0.2ms
[2024-03-24T20:00:04.777+0800][398.805s] GC(68) Eden regions: 305->0(305)
[2024-03-24T20:00:04.777+0800][398.805s] GC(68) Survivor regions: 2->2(39)
[2024-03-24T20:00:04.777+0800][398.805s] GC(68) Old regions: 45->45
[2024-03-24T20:00:04.777+0800][398.805s] GC(68) Humongous regions: 4->4
[2024-03-24T20:00:04.777+0800][398.806s] GC(68) Metaspace: 65383K(65984K)->65383K(65984K) NonClass: 57924K(58240K)->57924K(58240K) Class: 7458K(7744K)->7458K(7744K)
[2024-03-24T20:00:04.777+0800][398.806s] GC(68) Pause Young (Normal) (G1 Evacuation Pause) 354M->49M(512M) 4.176ms
[2024-03-24T20:00:04.777+0800][398.806s] GC(68) User=0.00s Sys=0.00s Real=0.00s
[2024-03-24T20:00:07.565+0800][401.591s] GC(69) Pause Young (Normal) (G1 Evacuation Pause)
[2024-03-24T20:00:07.565+0800][401.592s] GC(69) Using 8 workers of 8 for evacuation
[2024-03-24T20:00:07.572+0800][401.597s] GC(69)   Pre Evacuate Collection Set: 0.4ms
[2024-03-24T20:00:07.572+0800][401.597s] GC(69)   Merge Heap Roots: 0.2ms
[2024-03-24T20:00:07.572+0800][401.597s] GC(69)   Evacuate Collection Set: 3.0ms
[2024-03-24T20:00:07.572+0800][401.597s] GC(69)   Post Evacuate Collection Set: 1.1ms
[2024-03-24T20:00:07.572+0800][401.597s] GC(69)   Other: 0.3ms
[2024-03-24T20:00:07.572+0800][401.597s] GC(69) Eden regions: 305->0(305)
[2024-03-24T20:00:07.572+0800][401.597s] GC(69) Survivor regions: 2->2(39)
[2024-03-24T20:00:07.572+0800][401.597s] GC(69) Old regions: 45->45
[2024-03-24T20:00:07.572+0800][401.598s] GC(69) Humongous regions: 4->4
[2024-03-24T20:00:07.572+0800][401.598s] GC(69) Metaspace: 65424K(66048K)->65424K(66048K) NonClass: 57965K(58304K)->57965K(58304K) Class: 7458K(7744K)->7458K(7744K)
[2024-03-24T20:00:07.572+0800][401.598s] GC(69) Pause Young (Normal) (G1 Evacuation Pause) 354M->49M(512M) 6.313ms
[2024-03-24T20:00:07.572+0800][401.598s] GC(69) User=0.00s Sys=0.00s Real=0.01s
[2024-03-24T20:00:10.432+0800][404.457s] GC(70) Pause Young (Normal) (G1 Evacuation Pause)
[2024-03-24T20:00:10.432+0800][404.457s] GC(70) Using 8 workers of 8 for evacuation
[2024-03-24T20:00:10.437+0800][404.461s] GC(70)   Pre Evacuate Collection Set: 0.4ms
[2024-03-24T20:00:10.437+0800][404.461s] GC(70)   Merge Heap Roots: 0.2ms
[2024-03-24T20:00:10.437+0800][404.461s] GC(70)   Evacuate Collection Set: 2.2ms
[2024-03-24T20:00:10.437+0800][404.461s] GC(70)   Post Evacuate Collection Set: 0.9ms
[2024-03-24T20:00:10.437+0800][404.461s] GC(70)   Other: 0.2ms
[2024-03-24T20:00:10.437+0800][404.462s] GC(70) Eden regions: 305->0(305)
[2024-03-24T20:00:10.437+0800][404.462s] GC(70) Survivor regions: 2->2(39)
[2024-03-24T20:00:10.437+0800][404.462s] GC(70) Old regions: 45->45
[2024-03-24T20:00:10.437+0800][404.462s] GC(70) Humongous regions: 4->4
[2024-03-24T20:00:10.437+0800][404.462s] GC(70) Metaspace: 65425K(66048K)->65425K(66048K) NonClass: 57967K(58304K)->57967K(58304K) Class: 7458K(7744K)->7458K(7744K)
[2024-03-24T20:00:10.437+0800][404.462s] GC(70) Pause Young (Normal) (G1 Evacuation Pause) 354M->49M(512M) 4.347ms
[2024-03-24T20:00:10.437+0800][404.462s] GC(70) User=0.00s Sys=0.00s Real=0.01s
[2024-03-24T20:00:13.503+0800][407.526s] GC(71) Pause Young (Normal) (G1 Evacuation Pause)
[2024-03-24T20:00:13.503+0800][407.526s] GC(71) Using 8 workers of 8 for evacuation
[2024-03-24T20:00:13.505+0800][407.528s] GC(71)   Pre Evacuate Collection Set: 0.2ms
[2024-03-24T20:00:13.505+0800][407.528s] GC(71)   Merge Heap Roots: 0.1ms
[2024-03-24T20:00:13.505+0800][407.528s] GC(71)   Evacuate Collection Set: 1.6ms
[2024-03-24T20:00:13.505+0800][407.528s] GC(71)   Post Evacuate Collection Set: 0.5ms
[2024-03-24T20:00:13.505+0800][407.528s] GC(71)   Other: 0.1ms
[2024-03-24T20:00:13.505+0800][407.528s] GC(71) Eden regions: 305->0(305)
[2024-03-24T20:00:13.505+0800][407.528s] GC(71) Survivor regions: 2->2(39)
[2024-03-24T20:00:13.505+0800][407.528s] GC(71) Old regions: 45->45
[2024-03-24T20:00:13.505+0800][407.528s] GC(71) Humongous regions: 4->4
[2024-03-24T20:00:13.505+0800][407.528s] GC(71) Metaspace: 65464K(66112K)->65464K(66112K) NonClass: 58005K(58368K)->58005K(58368K) Class: 7458K(7744K)->7458K(7744K)
[2024-03-24T20:00:13.505+0800][407.528s] GC(71) Pause Young (Normal) (G1 Evacuation Pause) 354M->49M(512M) 2.754ms
[2024-03-24T20:00:13.505+0800][407.528s] GC(71) User=0.03s Sys=0.02s Real=0.00s
[2024-03-24T20:00:16.370+0800][410.398s] GC(72) Pause Young (Normal) (G1 Evacuation Pause)
[2024-03-24T20:00:16.370+0800][410.399s] GC(72) Using 8 workers of 8 for evacuation
[2024-03-24T20:00:16.380+0800][410.403s] GC(72)   Pre Evacuate Collection Set: 0.4ms
[2024-03-24T20:00:16.380+0800][410.404s] GC(72)   Merge Heap Roots: 0.2ms
[2024-03-24T20:00:16.380+0800][410.404s] GC(72)   Evacuate Collection Set: 2.7ms
[2024-03-24T20:00:16.380+0800][410.404s] GC(72)   Post Evacuate Collection Set: 1.1ms
[2024-03-24T20:00:16.380+0800][410.404s] GC(72)   Other: 0.3ms
[2024-03-24T20:00:16.380+0800][410.404s] GC(72) Eden regions: 305->0(305)
[2024-03-24T20:00:16.380+0800][410.404s] GC(72) Survivor regions: 2->2(39)
[2024-03-24T20:00:16.380+0800][410.404s] GC(72) Old regions: 45->45
[2024-03-24T20:00:16.380+0800][410.404s] GC(72) Humongous regions: 4->4
[2024-03-24T20:00:16.380+0800][410.404s] GC(72) Metaspace: 65487K(66112K)->65487K(66112K) NonClass: 58027K(58368K)->58027K(58368K) Class: 7459K(7744K)->7459K(7744K)
[2024-03-24T20:00:16.380+0800][410.404s] GC(72) Pause Young (Normal) (G1 Evacuation Pause) 354M->49M(512M) 5.706ms
[2024-03-24T20:00:16.380+0800][410.404s] GC(72) User=0.00s Sys=0.00s Real=0.01s
[2024-03-24T20:00:19.513+0800][413.538s] GC(73) Pause Young (Normal) (G1 Evacuation Pause)
[2024-03-24T20:00:19.513+0800][413.538s] GC(73) Using 8 workers of 8 for evacuation
[2024-03-24T20:00:19.513+0800][413.542s] GC(73)   Pre Evacuate Collection Set: 0.4ms
[2024-03-24T20:00:19.513+0800][413.542s] GC(73)   Merge Heap Roots: 0.4ms
[2024-03-24T20:00:19.513+0800][413.542s] GC(73)   Evacuate Collection Set: 2.1ms
[2024-03-24T20:00:19.513+0800][413.542s] GC(73)   Post Evacuate Collection Set: 1.1ms
[2024-03-24T20:00:19.513+0800][413.542s] GC(73)   Other: 0.2ms
[2024-03-24T20:00:19.513+0800][413.542s] GC(73) Eden regions: 305->0(305)
[2024-03-24T20:00:19.513+0800][413.542s] GC(73) Survivor regions: 2->2(39)
[2024-03-24T20:00:19.513+0800][413.542s] GC(73) Old regions: 45->45
[2024-03-24T20:00:19.513+0800][413.542s] GC(73) Humongous regions: 4->4
[2024-03-24T20:00:19.513+0800][413.542s] GC(73) Metaspace: 65511K(66112K)->65511K(66112K) NonClass: 58050K(58368K)->58050K(58368K) Class: 7461K(7744K)->7461K(7744K)
[2024-03-24T20:00:19.513+0800][413.543s] GC(73) Pause Young (Normal) (G1 Evacuation Pause) 354M->49M(512M) 4.718ms
[2024-03-24T20:00:19.513+0800][413.543s] GC(73) User=0.00s Sys=0.00s Real=0.00s
[2024-03-24T20:00:22.565+0800][416.599s] GC(74) Pause Young (Normal) (G1 Evacuation Pause)
[2024-03-24T20:00:22.565+0800][416.599s] GC(74) Using 8 workers of 8 for evacuation
[2024-03-24T20:00:22.581+0800][416.605s] GC(74)   Pre Evacuate Collection Set: 0.3ms
[2024-03-24T20:00:22.581+0800][416.605s] GC(74)   Merge Heap Roots: 0.2ms
[2024-03-24T20:00:22.581+0800][416.605s] GC(74)   Evacuate Collection Set: 3.7ms
[2024-03-24T20:00:22.581+0800][416.605s] GC(74)   Post Evacuate Collection Set: 1.3ms
[2024-03-24T20:00:22.581+0800][416.605s] GC(74)   Other: 0.2ms
[2024-03-24T20:00:22.581+0800][416.605s] GC(74) Eden regions: 305->0(305)
[2024-03-24T20:00:22.581+0800][416.605s] GC(74) Survivor regions: 2->2(39)
[2024-03-24T20:00:22.581+0800][416.605s] GC(74) Old regions: 45->45
[2024-03-24T20:00:22.581+0800][416.605s] GC(74) Humongous regions: 4->4
[2024-03-24T20:00:22.581+0800][416.605s] GC(74) Metaspace: 65513K(66112K)->65513K(66112K) NonClass: 58052K(58368K)->58052K(58368K) Class: 7461K(7744K)->7461K(7744K)
[2024-03-24T20:00:22.581+0800][416.605s] GC(74) Pause Young (Normal) (G1 Evacuation Pause) 354M->49M(512M) 6.223ms
[2024-03-24T20:00:22.581+0800][416.605s] GC(74) User=0.02s Sys=0.00s Real=0.02s
[2024-03-24T20:00:25.487+0800][419.510s] GC(75) Pause Young (Normal) (G1 Evacuation Pause)
[2024-03-24T20:00:25.487+0800][419.510s] GC(75) Using 8 workers of 8 for evacuation
[2024-03-24T20:00:25.490+0800][419.513s] GC(75)   Pre Evacuate Collection Set: 0.3ms
[2024-03-24T20:00:25.490+0800][419.513s] GC(75)   Merge Heap Roots: 0.1ms
[2024-03-24T20:00:25.490+0800][419.513s] GC(75)   Evacuate Collection Set: 1.7ms
[2024-03-24T20:00:25.490+0800][419.513s] GC(75)   Post Evacuate Collection Set: 0.8ms
[2024-03-24T20:00:25.490+0800][419.513s] GC(75)   Other: 0.2ms
[2024-03-24T20:00:25.490+0800][419.513s] GC(75) Eden regions: 305->0(305)
[2024-03-24T20:00:25.490+0800][419.514s] GC(75) Survivor regions: 2->2(39)
[2024-03-24T20:00:25.490+0800][419.514s] GC(75) Old regions: 45->45
[2024-03-24T20:00:25.490+0800][419.514s] GC(75) Humongous regions: 4->4
[2024-03-24T20:00:25.490+0800][419.514s] GC(75) Metaspace: 65513K(66112K)->65513K(66112K) NonClass: 58052K(58368K)->58052K(58368K) Class: 7461K(7744K)->7461K(7744K)
[2024-03-24T20:00:25.490+0800][419.514s] GC(75) Pause Young (Normal) (G1 Evacuation Pause) 354M->49M(512M) 3.720ms
[2024-03-24T20:00:25.490+0800][419.514s] GC(75) User=0.05s Sys=0.00s Real=0.00s
[2024-03-24T20:00:28.454+0800][422.479s] GC(76) Pause Young (Normal) (G1 Evacuation Pause)
[2024-03-24T20:00:28.454+0800][422.479s] GC(76) Using 8 workers of 8 for evacuation
[2024-03-24T20:00:28.454+0800][422.483s] GC(76)   Pre Evacuate Collection Set: 0.3ms
[2024-03-24T20:00:28.454+0800][422.483s] GC(76)   Merge Heap Roots: 0.2ms
[2024-03-24T20:00:28.454+0800][422.483s] GC(76)   Evacuate Collection Set: 2.0ms
[2024-03-24T20:00:28.454+0800][422.483s] GC(76)   Post Evacuate Collection Set: 0.9ms
[2024-03-24T20:00:28.454+0800][422.483s] GC(76)   Other: 0.2ms
[2024-03-24T20:00:28.454+0800][422.483s] GC(76) Eden regions: 305->0(305)
[2024-03-24T20:00:28.454+0800][422.483s] GC(76) Survivor regions: 2->2(39)
[2024-03-24T20:00:28.454+0800][422.483s] GC(76) Old regions: 45->45
[2024-03-24T20:00:28.454+0800][422.483s] GC(76) Humongous regions: 4->4
[2024-03-24T20:00:28.454+0800][422.483s] GC(76) Metaspace: 65516K(66112K)->65516K(66112K) NonClass: 58054K(58368K)->58054K(58368K) Class: 7461K(7744K)->7461K(7744K)
[2024-03-24T20:00:28.454+0800][422.483s] GC(76) Pause Young (Normal) (G1 Evacuation Pause) 354M->49M(512M) 4.257ms
[2024-03-24T20:00:28.454+0800][422.484s] GC(76) User=0.00s Sys=0.00s Real=0.00s
[2024-03-24T20:00:31.404+0800][425.427s] GC(77) Pause Young (Normal) (G1 Evacuation Pause)
[2024-03-24T20:00:31.404+0800][425.427s] GC(77) Using 8 workers of 8 for evacuation
[2024-03-24T20:00:31.406+0800][425.431s] GC(77)   Pre Evacuate Collection Set: 0.3ms
[2024-03-24T20:00:31.406+0800][425.431s] GC(77)   Merge Heap Roots: 0.2ms
[2024-03-24T20:00:31.406+0800][425.431s] GC(77)   Evacuate Collection Set: 2.1ms
[2024-03-24T20:00:31.406+0800][425.431s] GC(77)   Post Evacuate Collection Set: 1.4ms
[2024-03-24T20:00:31.406+0800][425.431s] GC(77)   Other: 0.2ms
[2024-03-24T20:00:31.406+0800][425.431s] GC(77) Eden regions: 305->0(305)
[2024-03-24T20:00:31.406+0800][425.431s] GC(77) Survivor regions: 2->2(39)
[2024-03-24T20:00:31.406+0800][425.432s] GC(77) Old regions: 45->45
[2024-03-24T20:00:31.406+0800][425.432s] GC(77) Humongous regions: 4->4
[2024-03-24T20:00:31.406+0800][425.432s] GC(77) Metaspace: 65532K(66112K)->65532K(66112K) NonClass: 58071K(58368K)->58071K(58368K) Class: 7461K(7744K)->7461K(7744K)
[2024-03-24T20:00:31.406+0800][425.432s] GC(77) Pause Young (Normal) (G1 Evacuation Pause) 354M->49M(512M) 5.014ms
[2024-03-24T20:00:31.406+0800][425.432s] GC(77) User=0.00s Sys=0.00s Real=0.00s
[2024-03-24T20:00:34.493+0800][428.519s] GC(78) Pause Young (Normal) (G1 Evacuation Pause)
[2024-03-24T20:00:34.493+0800][428.519s] GC(78) Using 8 workers of 8 for evacuation
[2024-03-24T20:00:34.499+0800][428.524s] GC(78)   Pre Evacuate Collection Set: 0.3ms
[2024-03-24T20:00:34.499+0800][428.524s] GC(78)   Merge Heap Roots: 0.2ms
[2024-03-24T20:00:34.499+0800][428.524s] GC(78)   Evacuate Collection Set: 2.5ms
[2024-03-24T20:00:34.499+0800][428.524s] GC(78)   Post Evacuate Collection Set: 1.3ms
[2024-03-24T20:00:34.499+0800][428.524s] GC(78)   Other: 0.2ms
[2024-03-24T20:00:34.499+0800][428.524s] GC(78) Eden regions: 305->0(305)
[2024-03-24T20:00:34.499+0800][428.524s] GC(78) Survivor regions: 2->2(39)
[2024-03-24T20:00:34.499+0800][428.524s] GC(78) Old regions: 45->45
[2024-03-24T20:00:34.499+0800][428.524s] GC(78) Humongous regions: 4->4
[2024-03-24T20:00:34.499+0800][428.524s] GC(78) Metaspace: 65542K(66176K)->65542K(66176K) NonClass: 58081K(58432K)->58081K(58432K) Class: 7461K(7744K)->7461K(7744K)
[2024-03-24T20:00:34.499+0800][428.524s] GC(78) Pause Young (Normal) (G1 Evacuation Pause) 354M->49M(512M) 4.983ms
[2024-03-24T20:00:34.499+0800][428.524s] GC(78) User=0.02s Sys=0.00s Real=0.01s
[2024-03-24T20:00:37.481+0800][431.509s] GC(79) Pause Young (Normal) (G1 Evacuation Pause)
[2024-03-24T20:00:37.486+0800][431.509s] GC(79) Using 8 workers of 8 for evacuation
[2024-03-24T20:00:37.487+0800][431.514s] GC(79)   Pre Evacuate Collection Set: 0.4ms
[2024-03-24T20:00:37.487+0800][431.514s] GC(79)   Merge Heap Roots: 0.2ms
[2024-03-24T20:00:37.487+0800][431.514s] GC(79)   Evacuate Collection Set: 2.5ms
[2024-03-24T20:00:37.487+0800][431.514s] GC(79)   Post Evacuate Collection Set: 1.4ms
[2024-03-24T20:00:37.487+0800][431.514s] GC(79)   Other: 0.2ms
[2024-03-24T20:00:37.487+0800][431.514s] GC(79) Eden regions: 305->0(305)
[2024-03-24T20:00:37.487+0800][431.514s] GC(79) Survivor regions: 2->2(39)
[2024-03-24T20:00:37.487+0800][431.514s] GC(79) Old regions: 45->45
[2024-03-24T20:00:37.487+0800][431.514s] GC(79) Humongous regions: 4->4
[2024-03-24T20:00:37.487+0800][431.514s] GC(79) Metaspace: 65573K(66240K)->65573K(66240K) NonClass: 58112K(58496K)->58112K(58496K) Class: 7461K(7744K)->7461K(7744K)
[2024-03-24T20:00:37.487+0800][431.514s] GC(79) Pause Young (Normal) (G1 Evacuation Pause) 354M->49M(512M) 5.339ms
[2024-03-24T20:00:37.487+0800][431.514s] GC(79) User=0.00s Sys=0.00s Real=0.01s
[2024-03-24T20:00:40.611+0800][434.634s] GC(80) Pause Young (Normal) (G1 Evacuation Pause)
[2024-03-24T20:00:40.611+0800][434.634s] GC(80) Using 8 workers of 8 for evacuation
[2024-03-24T20:00:40.614+0800][434.638s] GC(80)   Pre Evacuate Collection Set: 0.4ms
[2024-03-24T20:00:40.614+0800][434.639s] GC(80)   Merge Heap Roots: 0.3ms
[2024-03-24T20:00:40.614+0800][434.639s] GC(80)   Evacuate Collection Set: 2.3ms
[2024-03-24T20:00:40.614+0800][434.639s] GC(80)   Post Evacuate Collection Set: 1.2ms
[2024-03-24T20:00:40.614+0800][434.639s] GC(80)   Other: 0.2ms
[2024-03-24T20:00:40.614+0800][434.639s] GC(80) Eden regions: 305->0(305)
[2024-03-24T20:00:40.614+0800][434.639s] GC(80) Survivor regions: 2->2(39)
[2024-03-24T20:00:40.614+0800][434.639s] GC(80) Old regions: 45->45
[2024-03-24T20:00:40.614+0800][434.639s] GC(80) Humongous regions: 4->4
[2024-03-24T20:00:40.614+0800][434.639s] GC(80) Metaspace: 65573K(66240K)->65573K(66240K) NonClass: 58112K(58496K)->58112K(58496K) Class: 7461K(7744K)->7461K(7744K)
[2024-03-24T20:00:40.614+0800][434.639s] GC(80) Pause Young (Normal) (G1 Evacuation Pause) 354M->49M(512M) 4.990ms
[2024-03-24T20:00:40.614+0800][434.639s] GC(80) User=0.00s Sys=0.00s Real=0.00s
[2024-03-24T20:00:43.519+0800][437.545s] GC(81) Pause Young (Normal) (G1 Evacuation Pause)
[2024-03-24T20:00:43.519+0800][437.545s] GC(81) Using 8 workers of 8 for evacuation
[2024-03-24T20:00:43.524+0800][437.549s] GC(81)   Pre Evacuate Collection Set: 0.2ms
[2024-03-24T20:00:43.524+0800][437.549s] GC(81)   Merge Heap Roots: 0.1ms
[2024-03-24T20:00:43.524+0800][437.549s] GC(81)   Evacuate Collection Set: 2.1ms
[2024-03-24T20:00:43.524+0800][437.549s] GC(81)   Post Evacuate Collection Set: 0.9ms
[2024-03-24T20:00:43.524+0800][437.549s] GC(81)   Other: 0.2ms
[2024-03-24T20:00:43.524+0800][437.549s] GC(81) Eden regions: 305->0(305)
[2024-03-24T20:00:43.524+0800][437.549s] GC(81) Survivor regions: 2->2(39)
[2024-03-24T20:00:43.524+0800][437.549s] GC(81) Old regions: 45->45
[2024-03-24T20:00:43.524+0800][437.549s] GC(81) Humongous regions: 4->4
[2024-03-24T20:00:43.524+0800][437.549s] GC(81) Metaspace: 65575K(66240K)->65575K(66240K) NonClass: 58113K(58496K)->58113K(58496K) Class: 7461K(7744K)->7461K(7744K)
[2024-03-24T20:00:43.524+0800][437.549s] GC(81) Pause Young (Normal) (G1 Evacuation Pause) 354M->49M(512M) 4.387ms
[2024-03-24T20:00:43.524+0800][437.549s] GC(81) User=0.00s Sys=0.00s Real=0.00s
[2024-03-24T20:00:46.559+0800][440.583s] GC(82) Pause Young (Normal) (G1 Evacuation Pause)
[2024-03-24T20:00:46.561+0800][440.583s] GC(82) Using 8 workers of 8 for evacuation
[2024-03-24T20:00:46.561+0800][440.589s] GC(82)   Pre Evacuate Collection Set: 0.7ms
[2024-03-24T20:00:46.561+0800][440.590s] GC(82)   Merge Heap Roots: 0.4ms
[2024-03-24T20:00:46.561+0800][440.590s] GC(82)   Evacuate Collection Set: 2.4ms
[2024-03-24T20:00:46.561+0800][440.590s] GC(82)   Post Evacuate Collection Set: 2.0ms
[2024-03-24T20:00:46.561+0800][440.590s] GC(82)   Other: 0.4ms
[2024-03-24T20:00:46.561+0800][440.590s] GC(82) Eden regions: 305->0(305)
[2024-03-24T20:00:46.561+0800][440.590s] GC(82) Survivor regions: 2->2(39)
[2024-03-24T20:00:46.561+0800][440.590s] GC(82) Old regions: 45->45
[2024-03-24T20:00:46.561+0800][440.590s] GC(82) Humongous regions: 4->4
[2024-03-24T20:00:46.561+0800][440.590s] GC(82) Metaspace: 65575K(66240K)->65575K(66240K) NonClass: 58113K(58496K)->58113K(58496K) Class: 7461K(7744K)->7461K(7744K)
[2024-03-24T20:00:46.561+0800][440.590s] GC(82) Pause Young (Normal) (G1 Evacuation Pause) 354M->50M(512M) 7.059ms
[2024-03-24T20:00:46.561+0800][440.590s] GC(82) User=0.00s Sys=0.00s Real=0.00s
[2024-03-24T20:00:49.626+0800][443.649s] GC(83) Pause Young (Normal) (G1 Evacuation Pause)
[2024-03-24T20:00:49.626+0800][443.650s] GC(83) Using 8 workers of 8 for evacuation
[2024-03-24T20:00:49.631+0800][443.655s] GC(83)   Pre Evacuate Collection Set: 0.2ms
[2024-03-24T20:00:49.631+0800][443.655s] GC(83)   Merge Heap Roots: 0.1ms
[2024-03-24T20:00:49.631+0800][443.655s] GC(83)   Evacuate Collection Set: 4.0ms
[2024-03-24T20:00:49.631+0800][443.655s] GC(83)   Post Evacuate Collection Set: 0.7ms
[2024-03-24T20:00:49.631+0800][443.655s] GC(83)   Other: 0.2ms
[2024-03-24T20:00:49.631+0800][443.655s] GC(83) Eden regions: 305->0(305)
[2024-03-24T20:00:49.631+0800][443.655s] GC(83) Survivor regions: 2->2(39)
[2024-03-24T20:00:49.631+0800][443.655s] GC(83) Old regions: 45->45
[2024-03-24T20:00:49.631+0800][443.655s] GC(83) Humongous regions: 4->4
[2024-03-24T20:00:49.631+0800][443.655s] GC(83) Metaspace: 65579K(66240K)->65579K(66240K) NonClass: 58118K(58496K)->58118K(58496K) Class: 7461K(7744K)->7461K(7744K)
[2024-03-24T20:00:49.631+0800][443.655s] GC(83) Pause Young (Normal) (G1 Evacuation Pause) 355M->49M(512M) 5.890ms
[2024-03-24T20:00:49.631+0800][443.655s] GC(83) User=0.00s Sys=0.00s Real=0.01s
[2024-03-24T20:00:52.589+0800][446.616s] GC(84) Pause Young (Normal) (G1 Evacuation Pause)
[2024-03-24T20:00:52.589+0800][446.616s] GC(84) Using 8 workers of 8 for evacuation
[2024-03-24T20:00:52.589+0800][446.620s] GC(84)   Pre Evacuate Collection Set: 0.4ms
[2024-03-24T20:00:52.589+0800][446.620s] GC(84)   Merge Heap Roots: 0.2ms
[2024-03-24T20:00:52.589+0800][446.620s] GC(84)   Evacuate Collection Set: 2.3ms
[2024-03-24T20:00:52.589+0800][446.621s] GC(84)   Post Evacuate Collection Set: 1.2ms
[2024-03-24T20:00:52.589+0800][446.621s] GC(84)   Other: 0.2ms
[2024-03-24T20:00:52.589+0800][446.621s] GC(84) Eden regions: 305->0(305)
[2024-03-24T20:00:52.589+0800][446.621s] GC(84) Survivor regions: 2->2(39)
[2024-03-24T20:00:52.589+0800][446.621s] GC(84) Old regions: 45->45
[2024-03-24T20:00:52.589+0800][446.621s] GC(84) Humongous regions: 4->4
[2024-03-24T20:00:52.589+0800][446.621s] GC(84) Metaspace: 65588K(66240K)->65588K(66240K) NonClass: 58127K(58496K)->58127K(58496K) Class: 7461K(7744K)->7461K(7744K)
[2024-03-24T20:00:52.589+0800][446.621s] GC(84) Pause Young (Normal) (G1 Evacuation Pause) 354M->49M(512M) 4.812ms
[2024-03-24T20:00:52.589+0800][446.621s] GC(84) User=0.00s Sys=0.00s Real=0.00s
[2024-03-24T20:00:55.643+0800][449.671s] GC(85) Pause Young (Normal) (G1 Evacuation Pause)
[2024-03-24T20:00:55.643+0800][449.671s] GC(85) Using 8 workers of 8 for evacuation
[2024-03-24T20:00:55.643+0800][449.675s] GC(85)   Pre Evacuate Collection Set: 0.3ms
[2024-03-24T20:00:55.643+0800][449.675s] GC(85)   Merge Heap Roots: 0.4ms
[2024-03-24T20:00:55.643+0800][449.675s] GC(85)   Evacuate Collection Set: 2.7ms
[2024-03-24T20:00:55.643+0800][449.675s] GC(85)   Post Evacuate Collection Set: 0.9ms
[2024-03-24T20:00:55.643+0800][449.675s] GC(85)   Other: 0.2ms
[2024-03-24T20:00:55.643+0800][449.676s] GC(85) Eden regions: 305->0(305)
[2024-03-24T20:00:55.643+0800][449.676s] GC(85) Survivor regions: 2->2(39)
[2024-03-24T20:00:55.643+0800][449.676s] GC(85) Old regions: 45->45
[2024-03-24T20:00:55.643+0800][449.676s] GC(85) Humongous regions: 4->4
[2024-03-24T20:00:55.643+0800][449.676s] GC(85) Metaspace: 65588K(66240K)->65588K(66240K) NonClass: 58127K(58496K)->58127K(58496K) Class: 7461K(7744K)->7461K(7744K)
[2024-03-24T20:00:55.643+0800][449.676s] GC(85) Pause Young (Normal) (G1 Evacuation Pause) 354M->50M(512M) 5.267ms
[2024-03-24T20:00:55.653+0800][449.676s] GC(85) User=0.00s Sys=0.00s Real=0.01s
[2024-03-24T20:00:58.628+0800][452.655s] GC(86) Pause Young (Normal) (G1 Evacuation Pause)
[2024-03-24T20:00:58.628+0800][452.656s] GC(86) Using 8 workers of 8 for evacuation
[2024-03-24T20:00:58.634+0800][452.660s] GC(86)   Pre Evacuate Collection Set: 0.3ms
[2024-03-24T20:00:58.634+0800][452.660s] GC(86)   Merge Heap Roots: 0.2ms
[2024-03-24T20:00:58.634+0800][452.660s] GC(86)   Evacuate Collection Set: 2.6ms
[2024-03-24T20:00:58.634+0800][452.660s] GC(86)   Post Evacuate Collection Set: 0.7ms
[2024-03-24T20:00:58.634+0800][452.660s] GC(86)   Other: 0.2ms
[2024-03-24T20:00:58.634+0800][452.660s] GC(86) Eden regions: 305->0(305)
[2024-03-24T20:00:58.634+0800][452.660s] GC(86) Survivor regions: 2->2(39)
[2024-03-24T20:00:58.634+0800][452.660s] GC(86) Old regions: 45->45
[2024-03-24T20:00:58.634+0800][452.660s] GC(86) Humongous regions: 4->4
[2024-03-24T20:00:58.634+0800][452.660s] GC(86) Metaspace: 65588K(66240K)->65588K(66240K) NonClass: 58127K(58496K)->58127K(58496K) Class: 7461K(7744K)->7461K(7744K)
[2024-03-24T20:00:58.634+0800][452.660s] GC(86) Pause Young (Normal) (G1 Evacuation Pause) 355M->49M(512M) 4.664ms
[2024-03-24T20:00:58.634+0800][452.660s] GC(86) User=0.00s Sys=0.00s Real=0.01s
[2024-03-24T20:01:01.513+0800][455.536s] GC(87) Pause Young (Normal) (G1 Evacuation Pause)
[2024-03-24T20:01:01.513+0800][455.537s] GC(87) Using 8 workers of 8 for evacuation
[2024-03-24T20:01:01.513+0800][455.541s] GC(87)   Pre Evacuate Collection Set: 0.5ms
[2024-03-24T20:01:01.513+0800][455.541s] GC(87)   Merge Heap Roots: 0.2ms
[2024-03-24T20:01:01.513+0800][455.541s] GC(87)   Evacuate Collection Set: 2.1ms
[2024-03-24T20:01:01.513+0800][455.541s] GC(87)   Post Evacuate Collection Set: 1.0ms
[2024-03-24T20:01:01.513+0800][455.541s] GC(87)   Other: 0.2ms
[2024-03-24T20:01:01.513+0800][455.541s] GC(87) Eden regions: 305->0(305)
[2024-03-24T20:01:01.513+0800][455.541s] GC(87) Survivor regions: 2->2(39)
[2024-03-24T20:01:01.513+0800][455.541s] GC(87) Old regions: 45->45
[2024-03-24T20:01:01.513+0800][455.541s] GC(87) Humongous regions: 4->4
[2024-03-24T20:01:01.513+0800][455.541s] GC(87) Metaspace: 65588K(66240K)->65588K(66240K) NonClass: 58127K(58496K)->58127K(58496K) Class: 7461K(7744K)->7461K(7744K)
[2024-03-24T20:01:01.513+0800][455.541s] GC(87) Pause Young (Normal) (G1 Evacuation Pause) 354M->49M(512M) 4.541ms
[2024-03-24T20:01:01.513+0800][455.541s] GC(87) User=0.00s Sys=0.00s Real=0.00s
[2024-03-24T20:01:04.581+0800][458.609s] GC(88) Pause Young (Normal) (G1 Evacuation Pause)
[2024-03-24T20:01:04.581+0800][458.609s] GC(88) Using 8 workers of 8 for evacuation
[2024-03-24T20:01:04.581+0800][458.613s] GC(88)   Pre Evacuate Collection Set: 0.4ms
[2024-03-24T20:01:04.591+0800][458.614s] GC(88)   Merge Heap Roots: 0.2ms
[2024-03-24T20:01:04.591+0800][458.614s] GC(88)   Evacuate Collection Set: 2.8ms
[2024-03-24T20:01:04.591+0800][458.614s] GC(88)   Post Evacuate Collection Set: 0.9ms
[2024-03-24T20:01:04.591+0800][458.614s] GC(88)   Other: 0.2ms
[2024-03-24T20:01:04.591+0800][458.614s] GC(88) Eden regions: 305->0(305)
[2024-03-24T20:01:04.591+0800][458.614s] GC(88) Survivor regions: 2->2(39)
[2024-03-24T20:01:04.591+0800][458.614s] GC(88) Old regions: 45->45
[2024-03-24T20:01:04.591+0800][458.614s] GC(88) Humongous regions: 4->4
[2024-03-24T20:01:04.591+0800][458.614s] GC(88) Metaspace: 65597K(66240K)->65597K(66240K) NonClass: 58136K(58496K)->58136K(58496K) Class: 7461K(7744K)->7461K(7744K)
[2024-03-24T20:01:04.591+0800][458.614s] GC(88) Pause Young (Normal) (G1 Evacuation Pause) 354M->49M(512M) 5.216ms
[2024-03-24T20:01:04.591+0800][458.614s] GC(88) User=0.00s Sys=0.00s Real=0.01s
[2024-03-24T20:01:07.670+0800][461.694s] GC(89) Pause Young (Normal) (G1 Evacuation Pause)
[2024-03-24T20:01:07.671+0800][461.694s] GC(89) Using 8 workers of 8 for evacuation
[2024-03-24T20:01:07.671+0800][461.699s] GC(89)   Pre Evacuate Collection Set: 0.4ms
[2024-03-24T20:01:07.671+0800][461.699s] GC(89)   Merge Heap Roots: 0.3ms
[2024-03-24T20:01:07.671+0800][461.699s] GC(89)   Evacuate Collection Set: 2.7ms
[2024-03-24T20:01:07.671+0800][461.699s] GC(89)   Post Evacuate Collection Set: 1.4ms
[2024-03-24T20:01:07.671+0800][461.699s] GC(89)   Other: 0.2ms
[2024-03-24T20:01:07.671+0800][461.699s] GC(89) Eden regions: 305->0(305)
[2024-03-24T20:01:07.671+0800][461.699s] GC(89) Survivor regions: 2->2(39)
[2024-03-24T20:01:07.671+0800][461.699s] GC(89) Old regions: 45->45
[2024-03-24T20:01:07.671+0800][461.699s] GC(89) Humongous regions: 4->4
[2024-03-24T20:01:07.671+0800][461.699s] GC(89) Metaspace: 65598K(66240K)->65598K(66240K) NonClass: 58137K(58496K)->58137K(58496K) Class: 7461K(7744K)->7461K(7744K)
[2024-03-24T20:01:07.671+0800][461.699s] GC(89) Pause Young (Normal) (G1 Evacuation Pause) 354M->49M(512M) 5.715ms
[2024-03-24T20:01:07.671+0800][461.699s] GC(89) User=0.00s Sys=0.00s Real=0.00s
[2024-03-24T20:01:10.727+0800][464.753s] GC(90) Pause Young (Normal) (G1 Evacuation Pause)
[2024-03-24T20:01:10.727+0800][464.753s] GC(90) Using 8 workers of 8 for evacuation
[2024-03-24T20:01:10.734+0800][464.757s] GC(90)   Pre Evacuate Collection Set: 0.3ms
[2024-03-24T20:01:10.734+0800][464.757s] GC(90)   Merge Heap Roots: 0.2ms
[2024-03-24T20:01:10.734+0800][464.757s] GC(90)   Evacuate Collection Set: 2.3ms
[2024-03-24T20:01:10.734+0800][464.757s] GC(90)   Post Evacuate Collection Set: 1.0ms
[2024-03-24T20:01:10.734+0800][464.757s] GC(90)   Other: 0.2ms
[2024-03-24T20:01:10.734+0800][464.757s] GC(90) Eden regions: 305->0(305)
[2024-03-24T20:01:10.734+0800][464.757s] GC(90) Survivor regions: 2->2(39)
[2024-03-24T20:01:10.735+0800][464.757s] GC(90) Old regions: 45->45
[2024-03-24T20:01:10.735+0800][464.757s] GC(90) Humongous regions: 4->4
[2024-03-24T20:01:10.735+0800][464.757s] GC(90) Metaspace: 65606K(66304K)->65606K(66304K) NonClass: 58145K(58560K)->58145K(58560K) Class: 7461K(7744K)->7461K(7744K)
[2024-03-24T20:01:10.735+0800][464.757s] GC(90) Pause Young (Normal) (G1 Evacuation Pause) 354M->49M(512M) 4.920ms
[2024-03-24T20:01:10.735+0800][464.758s] GC(90) User=0.08s Sys=0.00s Real=0.01s
[2024-03-24T20:01:13.755+0800][467.782s] GC(91) Pause Young (Normal) (G1 Evacuation Pause)
[2024-03-24T20:01:13.755+0800][467.782s] GC(91) Using 8 workers of 8 for evacuation
[2024-03-24T20:01:13.760+0800][467.786s] GC(91)   Pre Evacuate Collection Set: 0.3ms
[2024-03-24T20:01:13.760+0800][467.786s] GC(91)   Merge Heap Roots: 0.2ms
[2024-03-24T20:01:13.760+0800][467.786s] GC(91)   Evacuate Collection Set: 2.1ms
[2024-03-24T20:01:13.760+0800][467.786s] GC(91)   Post Evacuate Collection Set: 1.2ms
[2024-03-24T20:01:13.760+0800][467.786s] GC(91)   Other: 0.2ms
[2024-03-24T20:01:13.760+0800][467.787s] GC(91) Eden regions: 305->0(305)
[2024-03-24T20:01:13.760+0800][467.787s] GC(91) Survivor regions: 2->2(39)
[2024-03-24T20:01:13.760+0800][467.787s] GC(91) Old regions: 45->45
[2024-03-24T20:01:13.760+0800][467.787s] GC(91) Humongous regions: 4->4
[2024-03-24T20:01:13.760+0800][467.787s] GC(91) Metaspace: 65609K(66304K)->65609K(66304K) NonClass: 58148K(58560K)->58148K(58560K) Class: 7461K(7744K)->7461K(7744K)
[2024-03-24T20:01:13.760+0800][467.787s] GC(91) Pause Young (Normal) (G1 Evacuation Pause) 354M->49M(512M) 4.979ms
[2024-03-24T20:01:13.760+0800][467.787s] GC(91) User=0.00s Sys=0.00s Real=0.00s
[2024-03-24T20:01:16.739+0800][470.763s] GC(92) Pause Young (Normal) (G1 Evacuation Pause)
[2024-03-24T20:01:16.739+0800][470.763s] GC(92) Using 8 workers of 8 for evacuation
[2024-03-24T20:01:16.739+0800][470.767s] GC(92)   Pre Evacuate Collection Set: 0.3ms
[2024-03-24T20:01:16.739+0800][470.767s] GC(92)   Merge Heap Roots: 0.5ms
[2024-03-24T20:01:16.739+0800][470.767s] GC(92)   Evacuate Collection Set: 2.0ms
[2024-03-24T20:01:16.739+0800][470.767s] GC(92)   Post Evacuate Collection Set: 0.8ms
[2024-03-24T20:01:16.739+0800][470.767s] GC(92)   Other: 0.2ms
[2024-03-24T20:01:16.739+0800][470.767s] GC(92) Eden regions: 305->0(305)
[2024-03-24T20:01:16.739+0800][470.767s] GC(92) Survivor regions: 2->2(39)
[2024-03-24T20:01:16.739+0800][470.767s] GC(92) Old regions: 45->45
[2024-03-24T20:01:16.739+0800][470.767s] GC(92) Humongous regions: 4->4
[2024-03-24T20:01:16.739+0800][470.767s] GC(92) Metaspace: 65610K(66304K)->65610K(66304K) NonClass: 58148K(58560K)->58148K(58560K) Class: 7461K(7744K)->7461K(7744K)
[2024-03-24T20:01:16.739+0800][470.767s] GC(92) Pause Young (Normal) (G1 Evacuation Pause) 354M->49M(512M) 4.602ms
[2024-03-24T20:01:16.745+0800][470.767s] GC(92) User=0.00s Sys=0.00s Real=0.01s
[2024-03-24T20:01:19.801+0800][473.823s] GC(93) Pause Young (Normal) (G1 Evacuation Pause)
[2024-03-24T20:01:19.801+0800][473.824s] GC(93) Using 8 workers of 8 for evacuation
[2024-03-24T20:01:19.801+0800][473.828s] GC(93)   Pre Evacuate Collection Set: 0.4ms
[2024-03-24T20:01:19.801+0800][473.829s] GC(93)   Merge Heap Roots: 0.3ms
[2024-03-24T20:01:19.801+0800][473.829s] GC(93)   Evacuate Collection Set: 2.4ms
[2024-03-24T20:01:19.801+0800][473.829s] GC(93)   Post Evacuate Collection Set: 1.4ms
[2024-03-24T20:01:19.801+0800][473.829s] GC(93)   Other: 0.2ms
[2024-03-24T20:01:19.801+0800][473.829s] GC(93) Eden regions: 305->0(305)
[2024-03-24T20:01:19.801+0800][473.829s] GC(93) Survivor regions: 2->2(39)
[2024-03-24T20:01:19.801+0800][473.829s] GC(93) Old regions: 45->45
[2024-03-24T20:01:19.801+0800][473.829s] GC(93) Humongous regions: 4->4
[2024-03-24T20:01:19.801+0800][473.829s] GC(93) Metaspace: 65612K(66304K)->65612K(66304K) NonClass: 58151K(58560K)->58151K(58560K) Class: 7461K(7744K)->7461K(7744K)
[2024-03-24T20:01:19.801+0800][473.829s] GC(93) Pause Young (Normal) (G1 Evacuation Pause) 354M->49M(512M) 5.606ms
[2024-03-24T20:01:19.801+0800][473.829s] GC(93) User=0.00s Sys=0.00s Real=0.00s
[2024-03-24T20:01:22.883+0800][476.906s] GC(94) Pause Young (Normal) (G1 Evacuation Pause)
[2024-03-24T20:01:22.883+0800][476.907s] GC(94) Using 8 workers of 8 for evacuation
[2024-03-24T20:01:22.888+0800][476.911s] GC(94)   Pre Evacuate Collection Set: 0.3ms
[2024-03-24T20:01:22.888+0800][476.912s] GC(94)   Merge Heap Roots: 0.2ms
[2024-03-24T20:01:22.888+0800][476.912s] GC(94)   Evacuate Collection Set: 3.0ms
[2024-03-24T20:01:22.888+0800][476.912s] GC(94)   Post Evacuate Collection Set: 1.1ms
[2024-03-24T20:01:22.889+0800][476.912s] GC(94)   Other: 0.3ms
[2024-03-24T20:01:22.889+0800][476.912s] GC(94) Eden regions: 305->0(305)
[2024-03-24T20:01:22.889+0800][476.912s] GC(94) Survivor regions: 2->2(39)
[2024-03-24T20:01:22.889+0800][476.912s] GC(94) Old regions: 45->45
[2024-03-24T20:01:22.889+0800][476.912s] GC(94) Humongous regions: 4->4
[2024-03-24T20:01:22.889+0800][476.912s] GC(94) Metaspace: 65612K(66304K)->65612K(66304K) NonClass: 58151K(58560K)->58151K(58560K) Class: 7461K(7744K)->7461K(7744K)
[2024-03-24T20:01:22.889+0800][476.912s] GC(94) Pause Young (Normal) (G1 Evacuation Pause) 354M->50M(512M) 5.780ms
[2024-03-24T20:01:22.889+0800][476.912s] GC(94) User=0.05s Sys=0.00s Real=0.01s
[2024-03-24T20:01:25.904+0800][479.931s] GC(95) Pause Young (Normal) (G1 Evacuation Pause)
[2024-03-24T20:01:25.904+0800][479.931s] GC(95) Using 8 workers of 8 for evacuation
[2024-03-24T20:01:25.904+0800][479.936s] GC(95)   Pre Evacuate Collection Set: 0.4ms
[2024-03-24T20:01:25.904+0800][479.936s] GC(95)   Merge Heap Roots: 0.4ms
[2024-03-24T20:01:25.904+0800][479.936s] GC(95)   Evacuate Collection Set: 2.4ms
[2024-03-24T20:01:25.904+0800][479.936s] GC(95)   Post Evacuate Collection Set: 1.3ms
[2024-03-24T20:01:25.904+0800][479.936s] GC(95)   Other: 0.2ms
[2024-03-24T20:01:25.904+0800][479.936s] GC(95) Eden regions: 305->0(305)
[2024-03-24T20:01:25.904+0800][479.936s] GC(95) Survivor regions: 2->2(39)
[2024-03-24T20:01:25.904+0800][479.937s] GC(95) Old regions: 45->45
[2024-03-24T20:01:25.904+0800][479.937s] GC(95) Humongous regions: 4->4
[2024-03-24T20:01:25.904+0800][479.937s] GC(95) Metaspace: 65638K(66304K)->65638K(66304K) NonClass: 58176K(58560K)->58176K(58560K) Class: 7461K(7744K)->7461K(7744K)
[2024-03-24T20:01:25.904+0800][479.937s] GC(95) Pause Young (Normal) (G1 Evacuation Pause) 355M->49M(512M) 5.383ms
[2024-03-24T20:01:25.904+0800][479.937s] GC(95) User=0.00s Sys=0.00s Real=0.00s
[2024-03-24T20:01:28.911+0800][482.939s] GC(96) Pause Young (Normal) (G1 Evacuation Pause)
[2024-03-24T20:01:28.911+0800][482.939s] GC(96) Using 8 workers of 8 for evacuation
[2024-03-24T20:01:28.911+0800][482.944s] GC(96)   Pre Evacuate Collection Set: 0.4ms
[2024-03-24T20:01:28.911+0800][482.944s] GC(96)   Merge Heap Roots: 0.2ms
[2024-03-24T20:01:28.911+0800][482.944s] GC(96)   Evacuate Collection Set: 2.4ms
[2024-03-24T20:01:28.911+0800][482.944s] GC(96)   Post Evacuate Collection Set: 1.1ms
[2024-03-24T20:01:28.911+0800][482.944s] GC(96)   Other: 0.2ms
[2024-03-24T20:01:28.911+0800][482.944s] GC(96) Eden regions: 305->0(305)
[2024-03-24T20:01:28.911+0800][482.944s] GC(96) Survivor regions: 2->2(39)
[2024-03-24T20:01:28.911+0800][482.944s] GC(96) Old regions: 45->45
[2024-03-24T20:01:28.911+0800][482.944s] GC(96) Humongous regions: 4->4
[2024-03-24T20:01:28.911+0800][482.944s] GC(96) Metaspace: 65642K(66304K)->65642K(66304K) NonClass: 58180K(58560K)->58180K(58560K) Class: 7461K(7744K)->7461K(7744K)
[2024-03-24T20:01:28.911+0800][482.944s] GC(96) Pause Young (Normal) (G1 Evacuation Pause) 354M->50M(512M) 5.116ms
[2024-03-24T20:01:28.911+0800][482.944s] GC(96) User=0.00s Sys=0.00s Real=0.00s
[2024-03-24T20:01:31.975+0800][486.005s] GC(97) Pause Young (Normal) (G1 Evacuation Pause)
[2024-03-24T20:01:31.983+0800][486.005s] GC(97) Using 8 workers of 8 for evacuation
[2024-03-24T20:01:31.985+0800][486.009s] GC(97)   Pre Evacuate Collection Set: 0.4ms
[2024-03-24T20:01:31.985+0800][486.009s] GC(97)   Merge Heap Roots: 0.2ms
[2024-03-24T20:01:31.985+0800][486.009s] GC(97)   Evacuate Collection Set: 1.8ms
[2024-03-24T20:01:31.985+0800][486.009s] GC(97)   Post Evacuate Collection Set: 1.0ms
[2024-03-24T20:01:31.985+0800][486.009s] GC(97)   Other: 0.2ms
[2024-03-24T20:01:31.985+0800][486.009s] GC(97) Eden regions: 305->0(305)
[2024-03-24T20:01:31.985+0800][486.009s] GC(97) Survivor regions: 2->2(39)
[2024-03-24T20:01:31.985+0800][486.009s] GC(97) Old regions: 45->45
[2024-03-24T20:01:31.985+0800][486.009s] GC(97) Humongous regions: 4->4
[2024-03-24T20:01:31.985+0800][486.009s] GC(97) Metaspace: 65643K(66304K)->65643K(66304K) NonClass: 58181K(58560K)->58181K(58560K) Class: 7461K(7744K)->7461K(7744K)
[2024-03-24T20:01:31.985+0800][486.009s] GC(97) Pause Young (Normal) (G1 Evacuation Pause) 355M->49M(512M) 4.241ms
[2024-03-24T20:01:31.985+0800][486.009s] GC(97) User=0.00s Sys=0.00s Real=0.01s
[2024-03-24T20:01:34.997+0800][489.021s] GC(98) Pause Young (Normal) (G1 Evacuation Pause)
[2024-03-24T20:01:34.997+0800][489.021s] GC(98) Using 8 workers of 8 for evacuation
[2024-03-24T20:01:34.997+0800][489.026s] GC(98)   Pre Evacuate Collection Set: 0.4ms
[2024-03-24T20:01:34.997+0800][489.026s] GC(98)   Merge Heap Roots: 0.2ms
[2024-03-24T20:01:34.997+0800][489.026s] GC(98)   Evacuate Collection Set: 2.4ms
[2024-03-24T20:01:34.997+0800][489.026s] GC(98)   Post Evacuate Collection Set: 1.1ms
[2024-03-24T20:01:34.997+0800][489.026s] GC(98)   Other: 0.3ms
[2024-03-24T20:01:34.997+0800][489.026s] GC(98) Eden regions: 305->0(305)
[2024-03-24T20:01:34.997+0800][489.026s] GC(98) Survivor regions: 2->2(39)
[2024-03-24T20:01:34.997+0800][489.026s] GC(98) Old regions: 45->45
[2024-03-24T20:01:34.997+0800][489.026s] GC(98) Humongous regions: 4->4
[2024-03-24T20:01:34.997+0800][489.026s] GC(98) Metaspace: 65654K(66304K)->65654K(66304K) NonClass: 58192K(58560K)->58192K(58560K) Class: 7461K(7744K)->7461K(7744K)
[2024-03-24T20:01:35.004+0800][489.026s] GC(98) Pause Young (Normal) (G1 Evacuation Pause) 354M->49M(512M) 5.398ms
[2024-03-24T20:01:35.004+0800][489.027s] GC(98) User=0.00s Sys=0.00s Real=0.01s
[2024-03-24T20:01:38.062+0800][492.090s] GC(99) Pause Young (Normal) (G1 Evacuation Pause)
[2024-03-24T20:01:38.062+0800][492.090s] GC(99) Using 8 workers of 8 for evacuation
[2024-03-24T20:01:38.067+0800][492.095s] GC(99)   Pre Evacuate Collection Set: 0.3ms
[2024-03-24T20:01:38.072+0800][492.095s] GC(99)   Merge Heap Roots: 0.2ms
[2024-03-24T20:01:38.072+0800][492.095s] GC(99)   Evacuate Collection Set: 2.3ms
[2024-03-24T20:01:38.072+0800][492.095s] GC(99)   Post Evacuate Collection Set: 1.6ms
[2024-03-24T20:01:38.072+0800][492.095s] GC(99)   Other: 0.2ms
[2024-03-24T20:01:38.072+0800][492.095s] GC(99) Eden regions: 305->0(305)
[2024-03-24T20:01:38.072+0800][492.095s] GC(99) Survivor regions: 2->2(39)
[2024-03-24T20:01:38.072+0800][492.095s] GC(99) Old regions: 45->45
[2024-03-24T20:01:38.072+0800][492.095s] GC(99) Humongous regions: 4->4
[2024-03-24T20:01:38.072+0800][492.095s] GC(99) Metaspace: 65657K(66304K)->65657K(66304K) NonClass: 58195K(58560K)->58195K(58560K) Class: 7461K(7744K)->7461K(7744K)
[2024-03-24T20:01:38.072+0800][492.095s] GC(99) Pause Young (Normal) (G1 Evacuation Pause) 354M->49M(512M) 5.420ms
[2024-03-24T20:01:38.072+0800][492.095s] GC(99) User=0.00s Sys=0.00s Real=0.01s
[2024-03-24T20:01:40.972+0800][494.998s] GC(100) Pause Young (Normal) (G1 Evacuation Pause)
[2024-03-24T20:01:40.972+0800][494.998s] GC(100) Using 8 workers of 8 for evacuation
[2024-03-24T20:01:40.972+0800][495.002s] GC(100)   Pre Evacuate Collection Set: 0.3ms
[2024-03-24T20:01:40.972+0800][495.002s] GC(100)   Merge Heap Roots: 0.2ms
[2024-03-24T20:01:40.972+0800][495.002s] GC(100)   Evacuate Collection Set: 2.4ms
[2024-03-24T20:01:40.972+0800][495.003s] GC(100)   Post Evacuate Collection Set: 0.9ms
[2024-03-24T20:01:40.972+0800][495.003s] GC(100)   Other: 0.2ms
[2024-03-24T20:01:40.972+0800][495.003s] GC(100) Eden regions: 305->0(305)
[2024-03-24T20:01:40.972+0800][495.003s] GC(100) Survivor regions: 2->2(39)
[2024-03-24T20:01:40.972+0800][495.003s] GC(100) Old regions: 45->45
[2024-03-24T20:01:40.972+0800][495.003s] GC(100) Humongous regions: 4->4
[2024-03-24T20:01:40.972+0800][495.003s] GC(100) Metaspace: 65657K(66304K)->65657K(66304K) NonClass: 58195K(58560K)->58195K(58560K) Class: 7461K(7744K)->7461K(7744K)
[2024-03-24T20:01:40.972+0800][495.003s] GC(100) Pause Young (Normal) (G1 Evacuation Pause) 354M->50M(512M) 4.755ms
[2024-03-24T20:01:40.980+0800][495.003s] GC(100) User=0.00s Sys=0.00s Real=0.01s
[2024-03-24T20:01:43.887+0800][497.910s] GC(101) Pause Young (Normal) (G1 Evacuation Pause)
[2024-03-24T20:01:43.887+0800][497.910s] GC(101) Using 8 workers of 8 for evacuation
[2024-03-24T20:01:43.892+0800][497.915s] GC(101)   Pre Evacuate Collection Set: 0.5ms
[2024-03-24T20:01:43.892+0800][497.915s] GC(101)   Merge Heap Roots: 0.4ms
[2024-03-24T20:01:43.892+0800][497.915s] GC(101)   Evacuate Collection Set: 2.2ms
[2024-03-24T20:01:43.892+0800][497.915s] GC(101)   Post Evacuate Collection Set: 0.9ms
[2024-03-24T20:01:43.892+0800][497.915s] GC(101)   Other: 0.2ms
[2024-03-24T20:01:43.892+0800][497.915s] GC(101) Eden regions: 305->0(305)
[2024-03-24T20:01:43.892+0800][497.915s] GC(101) Survivor regions: 2->2(39)
[2024-03-24T20:01:43.892+0800][497.915s] GC(101) Old regions: 45->45
[2024-03-24T20:01:43.892+0800][497.915s] GC(101) Humongous regions: 4->4
[2024-03-24T20:01:43.892+0800][497.915s] GC(101) Metaspace: 65658K(66304K)->65658K(66304K) NonClass: 58196K(58560K)->58196K(58560K) Class: 7461K(7744K)->7461K(7744K)
[2024-03-24T20:01:43.892+0800][497.915s] GC(101) Pause Young (Normal) (G1 Evacuation Pause) 355M->50M(512M) 5.073ms
[2024-03-24T20:01:43.892+0800][497.915s] GC(101) User=0.00s Sys=0.00s Real=0.00s
[2024-03-24T20:01:47.051+0800][501.074s] GC(102) Pause Young (Normal) (G1 Evacuation Pause)
[2024-03-24T20:01:47.051+0800][501.074s] GC(102) Using 8 workers of 8 for evacuation
[2024-03-24T20:01:47.052+0800][501.079s] GC(102)   Pre Evacuate Collection Set: 0.3ms
[2024-03-24T20:01:47.052+0800][501.079s] GC(102)   Merge Heap Roots: 0.4ms
[2024-03-24T20:01:47.052+0800][501.079s] GC(102)   Evacuate Collection Set: 2.4ms
[2024-03-24T20:01:47.052+0800][501.079s] GC(102)   Post Evacuate Collection Set: 1.4ms
[2024-03-24T20:01:47.052+0800][501.079s] GC(102)   Other: 0.2ms
[2024-03-24T20:01:47.052+0800][501.079s] GC(102) Eden regions: 305->0(305)
[2024-03-24T20:01:47.052+0800][501.079s] GC(102) Survivor regions: 2->2(39)
[2024-03-24T20:01:47.052+0800][501.079s] GC(102) Old regions: 45->45
[2024-03-24T20:01:47.052+0800][501.079s] GC(102) Humongous regions: 4->4
[2024-03-24T20:01:47.052+0800][501.079s] GC(102) Metaspace: 65659K(66304K)->65659K(66304K) NonClass: 58197K(58560K)->58197K(58560K) Class: 7461K(7744K)->7461K(7744K)
[2024-03-24T20:01:47.052+0800][501.080s] GC(102) Pause Young (Normal) (G1 Evacuation Pause) 355M->50M(512M) 5.499ms
[2024-03-24T20:01:47.052+0800][501.080s] GC(102) User=0.00s Sys=0.00s Real=0.00s
[2024-03-24T20:01:50.241+0800][504.266s] GC(103) Pause Young (Normal) (G1 Evacuation Pause)
[2024-03-24T20:01:50.241+0800][504.267s] GC(103) Using 8 workers of 8 for evacuation
[2024-03-24T20:01:50.241+0800][504.271s] GC(103)   Pre Evacuate Collection Set: 0.4ms
[2024-03-24T20:01:50.241+0800][504.272s] GC(103)   Merge Heap Roots: 0.2ms
[2024-03-24T20:01:50.241+0800][504.272s] GC(103)   Evacuate Collection Set: 3.0ms
[2024-03-24T20:01:50.241+0800][504.272s] GC(103)   Post Evacuate Collection Set: 0.9ms
[2024-03-24T20:01:50.241+0800][504.272s] GC(103)   Other: 0.2ms
[2024-03-24T20:01:50.241+0800][504.272s] GC(103) Eden regions: 305->0(305)
[2024-03-24T20:01:50.241+0800][504.272s] GC(103) Survivor regions: 2->2(39)
[2024-03-24T20:01:50.241+0800][504.272s] GC(103) Old regions: 45->45
[2024-03-24T20:01:50.241+0800][504.272s] GC(103) Humongous regions: 4->4
[2024-03-24T20:01:50.241+0800][504.272s] GC(103) Metaspace: 65659K(66304K)->65659K(66304K) NonClass: 58197K(58560K)->58197K(58560K) Class: 7461K(7744K)->7461K(7744K)
[2024-03-24T20:01:50.241+0800][504.272s] GC(103) Pause Young (Normal) (G1 Evacuation Pause) 355M->50M(512M) 5.379ms
[2024-03-24T20:01:50.241+0800][504.272s] GC(103) User=0.00s Sys=0.00s Real=0.00s
[2024-03-24T20:01:53.172+0800][507.202s] GC(104) Pause Young (Normal) (G1 Evacuation Pause)
[2024-03-24T20:01:53.172+0800][507.202s] GC(104) Using 8 workers of 8 for evacuation
[2024-03-24T20:01:53.182+0800][507.207s] GC(104)   Pre Evacuate Collection Set: 0.5ms
[2024-03-24T20:01:53.182+0800][507.208s] GC(104)   Merge Heap Roots: 1.1ms
[2024-03-24T20:01:53.182+0800][507.208s] GC(104)   Evacuate Collection Set: 2.1ms
[2024-03-24T20:01:53.182+0800][507.208s] GC(104)   Post Evacuate Collection Set: 1.4ms
[2024-03-24T20:01:53.182+0800][507.208s] GC(104)   Other: 0.2ms
[2024-03-24T20:01:53.182+0800][507.208s] GC(104) Eden regions: 305->0(305)
[2024-03-24T20:01:53.182+0800][507.208s] GC(104) Survivor regions: 2->2(39)
[2024-03-24T20:01:53.182+0800][507.208s] GC(104) Old regions: 45->45
[2024-03-24T20:01:53.182+0800][507.208s] GC(104) Humongous regions: 4->4
[2024-03-24T20:01:53.182+0800][507.208s] GC(104) Metaspace: 65659K(66304K)->65659K(66304K) NonClass: 58197K(58560K)->58197K(58560K) Class: 7461K(7744K)->7461K(7744K)
[2024-03-24T20:01:53.182+0800][507.208s] GC(104) Pause Young (Normal) (G1 Evacuation Pause) 355M->50M(512M) 6.448ms
[2024-03-24T20:01:53.182+0800][507.208s] GC(104) User=0.03s Sys=0.00s Real=0.01s
[2024-03-24T20:01:56.157+0800][510.188s] GC(105) Pause Young (Normal) (G1 Evacuation Pause)
[2024-03-24T20:01:56.157+0800][510.188s] GC(105) Using 8 workers of 8 for evacuation
[2024-03-24T20:01:56.168+0800][510.193s] GC(105)   Pre Evacuate Collection Set: 0.3ms
[2024-03-24T20:01:56.168+0800][510.193s] GC(105)   Merge Heap Roots: 0.2ms
[2024-03-24T20:01:56.168+0800][510.193s] GC(105)   Evacuate Collection Set: 3.1ms
[2024-03-24T20:01:56.168+0800][510.193s] GC(105)   Post Evacuate Collection Set: 1.3ms
[2024-03-24T20:01:56.168+0800][510.193s] GC(105)   Other: 0.2ms
[2024-03-24T20:01:56.168+0800][510.193s] GC(105) Eden regions: 305->0(305)
[2024-03-24T20:01:56.168+0800][510.193s] GC(105) Survivor regions: 2->2(39)
[2024-03-24T20:01:56.168+0800][510.193s] GC(105) Old regions: 45->45
[2024-03-24T20:01:56.168+0800][510.193s] GC(105) Humongous regions: 4->4
[2024-03-24T20:01:56.168+0800][510.193s] GC(105) Metaspace: 65659K(66304K)->65659K(66304K) NonClass: 58197K(58560K)->58197K(58560K) Class: 7461K(7744K)->7461K(7744K)
[2024-03-24T20:01:56.168+0800][510.193s] GC(105) Pause Young (Normal) (G1 Evacuation Pause) 355M->50M(512M) 5.616ms
[2024-03-24T20:01:56.168+0800][510.193s] GC(105) User=0.02s Sys=0.00s Real=0.01s
[2024-03-24T20:01:59.272+0800][513.299s] GC(106) Pause Young (Normal) (G1 Evacuation Pause)
[2024-03-24T20:01:59.272+0800][513.299s] GC(106) Using 8 workers of 8 for evacuation
[2024-03-24T20:01:59.278+0800][513.302s] GC(106)   Pre Evacuate Collection Set: 0.2ms
[2024-03-24T20:01:59.278+0800][513.302s] GC(106)   Merge Heap Roots: 0.1ms
[2024-03-24T20:01:59.278+0800][513.302s] GC(106)   Evacuate Collection Set: 1.9ms
[2024-03-24T20:01:59.278+0800][513.302s] GC(106)   Post Evacuate Collection Set: 0.8ms
[2024-03-24T20:01:59.278+0800][513.302s] GC(106)   Other: 0.2ms
[2024-03-24T20:01:59.278+0800][513.302s] GC(106) Eden regions: 305->0(305)
[2024-03-24T20:01:59.278+0800][513.302s] GC(106) Survivor regions: 2->2(39)
[2024-03-24T20:01:59.278+0800][513.302s] GC(106) Old regions: 45->45
[2024-03-24T20:01:59.278+0800][513.302s] GC(106) Humongous regions: 4->4
[2024-03-24T20:01:59.278+0800][513.302s] GC(106) Metaspace: 65664K(66304K)->65664K(66304K) NonClass: 58202K(58560K)->58202K(58560K) Class: 7461K(7744K)->7461K(7744K)
[2024-03-24T20:01:59.278+0800][513.303s] GC(106) Pause Young (Normal) (G1 Evacuation Pause) 355M->50M(512M) 3.766ms
[2024-03-24T20:01:59.278+0800][513.303s] GC(106) User=0.02s Sys=0.00s Real=0.01s
[2024-03-24T20:02:02.316+0800][516.340s] GC(107) Pause Young (Normal) (G1 Evacuation Pause)
[2024-03-24T20:02:02.316+0800][516.341s] GC(107) Using 8 workers of 8 for evacuation
[2024-03-24T20:02:02.320+0800][516.344s] GC(107)   Pre Evacuate Collection Set: 0.2ms
[2024-03-24T20:02:02.320+0800][516.344s] GC(107)   Merge Heap Roots: 0.1ms
[2024-03-24T20:02:02.320+0800][516.344s] GC(107)   Evacuate Collection Set: 1.8ms
[2024-03-24T20:02:02.320+0800][516.344s] GC(107)   Post Evacuate Collection Set: 0.8ms
[2024-03-24T20:02:02.320+0800][516.344s] GC(107)   Other: 0.2ms
[2024-03-24T20:02:02.320+0800][516.344s] GC(107) Eden regions: 305->0(305)
[2024-03-24T20:02:02.320+0800][516.344s] GC(107) Survivor regions: 2->2(39)
[2024-03-24T20:02:02.320+0800][516.344s] GC(107) Old regions: 45->45
[2024-03-24T20:02:02.320+0800][516.344s] GC(107) Humongous regions: 4->4
[2024-03-24T20:02:02.320+0800][516.344s] GC(107) Metaspace: 65681K(66304K)->65681K(66304K) NonClass: 58219K(58560K)->58219K(58560K) Class: 7461K(7744K)->7461K(7744K)
[2024-03-24T20:02:02.320+0800][516.344s] GC(107) Pause Young (Normal) (G1 Evacuation Pause) 355M->50M(512M) 3.717ms
[2024-03-24T20:02:02.320+0800][516.344s] GC(107) User=0.00s Sys=0.00s Real=0.00s
[2024-03-24T20:02:05.049+0800][519.078s] GC(108) Pause Young (Normal) (G1 Evacuation Pause)
[2024-03-24T20:02:05.049+0800][519.078s] GC(108) Using 8 workers of 8 for evacuation
[2024-03-24T20:02:05.060+0800][519.085s] GC(108)   Pre Evacuate Collection Set: 0.5ms
[2024-03-24T20:02:05.060+0800][519.085s] GC(108)   Merge Heap Roots: 0.8ms
[2024-03-24T20:02:05.060+0800][519.085s] GC(108)   Evacuate Collection Set: 3.8ms
[2024-03-24T20:02:05.060+0800][519.085s] GC(108)   Post Evacuate Collection Set: 1.3ms
[2024-03-24T20:02:05.060+0800][519.085s] GC(108)   Other: 0.2ms
[2024-03-24T20:02:05.060+0800][519.085s] GC(108) Eden regions: 305->0(305)
[2024-03-24T20:02:05.060+0800][519.086s] GC(108) Survivor regions: 2->2(39)
[2024-03-24T20:02:05.060+0800][519.086s] GC(108) Old regions: 45->45
[2024-03-24T20:02:05.060+0800][519.086s] GC(108) Humongous regions: 4->4
[2024-03-24T20:02:05.060+0800][519.086s] GC(108) Metaspace: 65681K(66304K)->65681K(66304K) NonClass: 58219K(58560K)->58219K(58560K) Class: 7461K(7744K)->7461K(7744K)
[2024-03-24T20:02:05.060+0800][519.086s] GC(108) Pause Young (Normal) (G1 Evacuation Pause) 355M->50M(512M) 7.669ms
[2024-03-24T20:02:05.060+0800][519.086s] GC(108) User=0.00s Sys=0.00s Real=0.01s
[2024-03-24T20:02:08.144+0800][522.169s] GC(109) Pause Young (Normal) (G1 Evacuation Pause)
[2024-03-24T20:02:08.144+0800][522.170s] GC(109) Using 8 workers of 8 for evacuation
[2024-03-24T20:02:08.147+0800][522.174s] GC(109)   Pre Evacuate Collection Set: 0.5ms
[2024-03-24T20:02:08.147+0800][522.174s] GC(109)   Merge Heap Roots: 0.2ms
[2024-03-24T20:02:08.147+0800][522.174s] GC(109)   Evacuate Collection Set: 2.2ms
[2024-03-24T20:02:08.147+0800][522.174s] GC(109)   Post Evacuate Collection Set: 1.5ms
[2024-03-24T20:02:08.147+0800][522.174s] GC(109)   Other: 0.2ms
[2024-03-24T20:02:08.147+0800][522.175s] GC(109) Eden regions: 305->0(305)
[2024-03-24T20:02:08.147+0800][522.175s] GC(109) Survivor regions: 2->2(39)
[2024-03-24T20:02:08.147+0800][522.175s] GC(109) Old regions: 45->45
[2024-03-24T20:02:08.147+0800][522.175s] GC(109) Humongous regions: 4->4
[2024-03-24T20:02:08.147+0800][522.175s] GC(109) Metaspace: 65681K(66304K)->65681K(66304K) NonClass: 58219K(58560K)->58219K(58560K) Class: 7461K(7744K)->7461K(7744K)
[2024-03-24T20:02:08.147+0800][522.175s] GC(109) Pause Young (Normal) (G1 Evacuation Pause) 355M->50M(512M) 5.388ms
[2024-03-24T20:02:08.147+0800][522.175s] GC(109) User=0.00s Sys=0.00s Real=0.00s
[2024-03-24T20:02:11.022+0800][525.046s] GC(110) Pause Young (Normal) (G1 Evacuation Pause)
[2024-03-24T20:02:11.022+0800][525.046s] GC(110) Using 8 workers of 8 for evacuation
[2024-03-24T20:02:11.027+0800][525.050s] GC(110)   Pre Evacuate Collection Set: 0.3ms
[2024-03-24T20:02:11.027+0800][525.051s] GC(110)   Merge Heap Roots: 0.2ms
[2024-03-24T20:02:11.027+0800][525.051s] GC(110)   Evacuate Collection Set: 2.4ms
[2024-03-24T20:02:11.027+0800][525.051s] GC(110)   Post Evacuate Collection Set: 1.0ms
[2024-03-24T20:02:11.027+0800][525.051s] GC(110)   Other: 0.2ms
[2024-03-24T20:02:11.027+0800][525.051s] GC(110) Eden regions: 305->0(305)
[2024-03-24T20:02:11.027+0800][525.051s] GC(110) Survivor regions: 2->2(39)
[2024-03-24T20:02:11.027+0800][525.051s] GC(110) Old regions: 45->45
[2024-03-24T20:02:11.027+0800][525.051s] GC(110) Humongous regions: 4->4
[2024-03-24T20:02:11.027+0800][525.051s] GC(110) Metaspace: 65688K(66304K)->65688K(66304K) NonClass: 58226K(58560K)->58226K(58560K) Class: 7461K(7744K)->7461K(7744K)
[2024-03-24T20:02:11.027+0800][525.052s] GC(110) Pause Young (Normal) (G1 Evacuation Pause) 355M->50M(512M) 5.474ms
[2024-03-24T20:02:11.027+0800][525.052s] GC(110) User=0.00s Sys=0.00s Real=0.00s
[2024-03-24T20:02:14.110+0800][528.135s] GC(111) Pause Young (Normal) (G1 Evacuation Pause)
[2024-03-24T20:02:14.110+0800][528.135s] GC(111) Using 8 workers of 8 for evacuation
[2024-03-24T20:02:14.114+0800][528.137s] GC(111)   Pre Evacuate Collection Set: 0.2ms
[2024-03-24T20:02:14.114+0800][528.137s] GC(111)   Merge Heap Roots: 0.1ms
[2024-03-24T20:02:14.114+0800][528.138s] GC(111)   Evacuate Collection Set: 1.0ms
[2024-03-24T20:02:14.114+0800][528.138s] GC(111)   Post Evacuate Collection Set: 0.8ms
[2024-03-24T20:02:14.114+0800][528.138s] GC(111)   Other: 0.2ms
[2024-03-24T20:02:14.114+0800][528.138s] GC(111) Eden regions: 305->0(305)
[2024-03-24T20:02:14.114+0800][528.138s] GC(111) Survivor regions: 2->2(39)
[2024-03-24T20:02:14.114+0800][528.138s] GC(111) Old regions: 45->45
[2024-03-24T20:02:14.115+0800][528.138s] GC(111) Humongous regions: 4->4
[2024-03-24T20:02:14.115+0800][528.138s] GC(111) Metaspace: 65688K(66304K)->65688K(66304K) NonClass: 58226K(58560K)->58226K(58560K) Class: 7461K(7744K)->7461K(7744K)
[2024-03-24T20:02:14.115+0800][528.138s] GC(111) Pause Young (Normal) (G1 Evacuation Pause) 355M->50M(512M) 3.356ms
[2024-03-24T20:02:14.115+0800][528.138s] GC(111) User=0.05s Sys=0.00s Real=0.01s
[2024-03-24T20:02:17.258+0800][531.281s] GC(112) Pause Young (Normal) (G1 Evacuation Pause)
[2024-03-24T20:02:17.258+0800][531.281s] GC(112) Using 8 workers of 8 for evacuation
[2024-03-24T20:02:17.260+0800][531.285s] GC(112)   Pre Evacuate Collection Set: 0.2ms
[2024-03-24T20:02:17.260+0800][531.285s] GC(112)   Merge Heap Roots: 0.1ms
[2024-03-24T20:02:17.260+0800][531.285s] GC(112)   Evacuate Collection Set: 2.6ms
[2024-03-24T20:02:17.260+0800][531.285s] GC(112)   Post Evacuate Collection Set: 0.9ms
[2024-03-24T20:02:17.260+0800][531.285s] GC(112)   Other: 0.2ms
[2024-03-24T20:02:17.260+0800][531.285s] GC(112) Eden regions: 305->0(305)
[2024-03-24T20:02:17.260+0800][531.285s] GC(112) Survivor regions: 2->2(39)
[2024-03-24T20:02:17.263+0800][531.285s] GC(112) Old regions: 45->46
[2024-03-24T20:02:17.263+0800][531.285s] GC(112) Humongous regions: 4->4
[2024-03-24T20:02:17.263+0800][531.285s] GC(112) Metaspace: 65691K(66304K)->65691K(66304K) NonClass: 58229K(58560K)->58229K(58560K) Class: 7461K(7744K)->7461K(7744K)
[2024-03-24T20:02:17.263+0800][531.285s] GC(112) Pause Young (Normal) (G1 Evacuation Pause) 355M->50M(512M) 4.629ms
[2024-03-24T20:02:17.263+0800][531.286s] GC(112) User=0.03s Sys=0.00s Real=0.01s
[2024-03-24T20:02:19.970+0800][534.001s] GC(113) Pause Young (Normal) (G1 Evacuation Pause)
[2024-03-24T20:02:19.970+0800][534.001s] GC(113) Using 8 workers of 8 for evacuation
[2024-03-24T20:02:19.983+0800][534.006s] GC(113)   Pre Evacuate Collection Set: 0.5ms
[2024-03-24T20:02:19.983+0800][534.006s] GC(113)   Merge Heap Roots: 0.6ms
[2024-03-24T20:02:19.983+0800][534.006s] GC(113)   Evacuate Collection Set: 2.2ms
[2024-03-24T20:02:19.983+0800][534.006s] GC(113)   Post Evacuate Collection Set: 1.4ms
[2024-03-24T20:02:19.983+0800][534.006s] GC(113)   Other: 0.2ms
[2024-03-24T20:02:19.983+0800][534.006s] GC(113) Eden regions: 305->0(305)
[2024-03-24T20:02:19.983+0800][534.006s] GC(113) Survivor regions: 2->2(39)
[2024-03-24T20:02:19.983+0800][534.006s] GC(113) Old regions: 46->46
[2024-03-24T20:02:19.983+0800][534.006s] GC(113) Humongous regions: 4->4
[2024-03-24T20:02:19.983+0800][534.007s] GC(113) Metaspace: 65691K(66304K)->65691K(66304K) NonClass: 58229K(58560K)->58229K(58560K) Class: 7461K(7744K)->7461K(7744K)
[2024-03-24T20:02:19.984+0800][534.007s] GC(113) Pause Young (Normal) (G1 Evacuation Pause) 355M->50M(512M) 5.870ms
[2024-03-24T20:02:19.984+0800][534.007s] GC(113) User=0.00s Sys=0.00s Real=0.01s
[2024-03-24T20:02:22.586+0800][536.611s] GC(114) Pause Young (Normal) (G1 Evacuation Pause)
[2024-03-24T20:02:22.586+0800][536.611s] GC(114) Using 8 workers of 8 for evacuation
[2024-03-24T20:02:22.590+0800][536.615s] GC(114)   Pre Evacuate Collection Set: 0.3ms
[2024-03-24T20:02:22.590+0800][536.615s] GC(114)   Merge Heap Roots: 0.2ms
[2024-03-24T20:02:22.590+0800][536.615s] GC(114)   Evacuate Collection Set: 2.0ms
[2024-03-24T20:02:22.590+0800][536.615s] GC(114)   Post Evacuate Collection Set: 0.8ms
[2024-03-24T20:02:22.590+0800][536.615s] GC(114)   Other: 0.2ms
[2024-03-24T20:02:22.590+0800][536.615s] GC(114) Eden regions: 305->0(305)
[2024-03-24T20:02:22.590+0800][536.615s] GC(114) Survivor regions: 2->2(39)
[2024-03-24T20:02:22.590+0800][536.615s] GC(114) Old regions: 46->46
[2024-03-24T20:02:22.590+0800][536.615s] GC(114) Humongous regions: 4->4
[2024-03-24T20:02:22.590+0800][536.615s] GC(114) Metaspace: 65691K(66304K)->65691K(66304K) NonClass: 58229K(58560K)->58229K(58560K) Class: 7461K(7744K)->7461K(7744K)
[2024-03-24T20:02:22.590+0800][536.615s] GC(114) Pause Young (Normal) (G1 Evacuation Pause) 355M->50M(512M) 4.106ms
[2024-03-24T20:02:22.590+0800][536.615s] GC(114) User=0.02s Sys=0.00s Real=0.00s
[2024-03-24T20:02:25.472+0800][539.498s] GC(115) Pause Young (Normal) (G1 Evacuation Pause)
[2024-03-24T20:02:25.472+0800][539.498s] GC(115) Using 8 workers of 8 for evacuation
[2024-03-24T20:02:25.479+0800][539.503s] GC(115)   Pre Evacuate Collection Set: 0.3ms
[2024-03-24T20:02:25.479+0800][539.503s] GC(115)   Merge Heap Roots: 0.2ms
[2024-03-24T20:02:25.479+0800][539.503s] GC(115)   Evacuate Collection Set: 2.8ms
[2024-03-24T20:02:25.479+0800][539.503s] GC(115)   Post Evacuate Collection Set: 1.1ms
[2024-03-24T20:02:25.479+0800][539.503s] GC(115)   Other: 0.2ms
[2024-03-24T20:02:25.479+0800][539.503s] GC(115) Eden regions: 305->0(305)
[2024-03-24T20:02:25.479+0800][539.503s] GC(115) Survivor regions: 2->2(39)
[2024-03-24T20:02:25.479+0800][539.503s] GC(115) Old regions: 46->46
[2024-03-24T20:02:25.479+0800][539.503s] GC(115) Humongous regions: 4->4
[2024-03-24T20:02:25.479+0800][539.503s] GC(115) Metaspace: 65704K(66368K)->65704K(66368K) NonClass: 58241K(58624K)->58241K(58624K) Class: 7462K(7744K)->7462K(7744K)
[2024-03-24T20:02:25.479+0800][539.503s] GC(115) Pause Young (Normal) (G1 Evacuation Pause) 355M->50M(512M) 5.286ms
[2024-03-24T20:02:25.479+0800][539.503s] GC(115) User=0.00s Sys=0.00s Real=0.01s
[2024-03-24T20:02:28.245+0800][542.273s] GC(116) Pause Young (Normal) (G1 Evacuation Pause)
[2024-03-24T20:02:28.245+0800][542.273s] GC(116) Using 8 workers of 8 for evacuation
[2024-03-24T20:02:28.254+0800][542.278s] GC(116)   Pre Evacuate Collection Set: 0.7ms
[2024-03-24T20:02:28.254+0800][542.278s] GC(116)   Merge Heap Roots: 0.1ms
[2024-03-24T20:02:28.254+0800][542.278s] GC(116)   Evacuate Collection Set: 2.0ms
[2024-03-24T20:02:28.254+0800][542.278s] GC(116)   Post Evacuate Collection Set: 1.3ms
[2024-03-24T20:02:28.254+0800][542.278s] GC(116)   Other: 0.3ms
[2024-03-24T20:02:28.254+0800][542.278s] GC(116) Eden regions: 305->0(305)
[2024-03-24T20:02:28.254+0800][542.278s] GC(116) Survivor regions: 2->2(39)
[2024-03-24T20:02:28.254+0800][542.278s] GC(116) Old regions: 46->46
[2024-03-24T20:02:28.254+0800][542.278s] GC(116) Humongous regions: 4->4
[2024-03-24T20:02:28.254+0800][542.278s] GC(116) Metaspace: 65704K(66368K)->65704K(66368K) NonClass: 58241K(58624K)->58241K(58624K) Class: 7462K(7744K)->7462K(7744K)
[2024-03-24T20:02:28.254+0800][542.278s] GC(116) Pause Young (Normal) (G1 Evacuation Pause) 355M->50M(512M) 5.369ms
[2024-03-24T20:02:28.254+0800][542.278s] GC(116) User=0.00s Sys=0.00s Real=0.01s
[2024-03-24T20:02:31.154+0800][545.179s] GC(117) Pause Young (Normal) (G1 Evacuation Pause)
[2024-03-24T20:02:31.154+0800][545.179s] GC(117) Using 8 workers of 8 for evacuation
[2024-03-24T20:02:31.159+0800][545.184s] GC(117)   Pre Evacuate Collection Set: 0.3ms
[2024-03-24T20:02:31.159+0800][545.184s] GC(117)   Merge Heap Roots: 0.1ms
[2024-03-24T20:02:31.159+0800][545.184s] GC(117)   Evacuate Collection Set: 3.7ms
[2024-03-24T20:02:31.159+0800][545.184s] GC(117)   Post Evacuate Collection Set: 0.8ms
[2024-03-24T20:02:31.159+0800][545.184s] GC(117)   Other: 0.2ms
[2024-03-24T20:02:31.159+0800][545.184s] GC(117) Eden regions: 305->0(305)
[2024-03-24T20:02:31.159+0800][545.184s] GC(117) Survivor regions: 2->2(39)
[2024-03-24T20:02:31.159+0800][545.184s] GC(117) Old regions: 46->46
[2024-03-24T20:02:31.159+0800][545.184s] GC(117) Humongous regions: 4->4
[2024-03-24T20:02:31.159+0800][545.184s] GC(117) Metaspace: 65716K(66368K)->65716K(66368K) NonClass: 58254K(58624K)->58254K(58624K) Class: 7462K(7744K)->7462K(7744K)
[2024-03-24T20:02:31.162+0800][545.184s] GC(117) Pause Young (Normal) (G1 Evacuation Pause) 355M->50M(512M) 5.466ms
[2024-03-24T20:02:31.162+0800][545.185s] GC(117) User=0.00s Sys=0.00s Real=0.01s
[2024-03-24T20:02:33.845+0800][547.868s] GC(118) Pause Young (Normal) (G1 Evacuation Pause)
[2024-03-24T20:02:33.845+0800][547.868s] GC(118) Using 8 workers of 8 for evacuation
[2024-03-24T20:02:33.850+0800][547.873s] GC(118)   Pre Evacuate Collection Set: 0.3ms
[2024-03-24T20:02:33.850+0800][547.873s] GC(118)   Merge Heap Roots: 0.2ms
[2024-03-24T20:02:33.850+0800][547.873s] GC(118)   Evacuate Collection Set: 2.8ms
[2024-03-24T20:02:33.850+0800][547.873s] GC(118)   Post Evacuate Collection Set: 0.8ms
[2024-03-24T20:02:33.850+0800][547.873s] GC(118)   Other: 0.2ms
[2024-03-24T20:02:33.850+0800][547.873s] GC(118) Eden regions: 305->0(306)
[2024-03-24T20:02:33.850+0800][547.873s] GC(118) Survivor regions: 2->1(39)
[2024-03-24T20:02:33.850+0800][547.873s] GC(118) Old regions: 46->46
[2024-03-24T20:02:33.850+0800][547.873s] GC(118) Humongous regions: 4->4
[2024-03-24T20:02:33.850+0800][547.873s] GC(118) Metaspace: 65717K(66368K)->65717K(66368K) NonClass: 58255K(58624K)->58255K(58624K) Class: 7462K(7744K)->7462K(7744K)
[2024-03-24T20:02:33.850+0800][547.873s] GC(118) Pause Young (Normal) (G1 Evacuation Pause) 355M->50M(512M) 4.876ms
[2024-03-24T20:02:33.850+0800][547.873s] GC(118) User=0.00s Sys=0.00s Real=0.00s
[2024-03-24T20:02:36.590+0800][550.613s] GC(119) Pause Young (Normal) (G1 Evacuation Pause)
[2024-03-24T20:02:36.590+0800][550.614s] GC(119) Using 8 workers of 8 for evacuation
[2024-03-24T20:02:36.593+0800][550.618s] GC(119)   Pre Evacuate Collection Set: 0.3ms
[2024-03-24T20:02:36.593+0800][550.618s] GC(119)   Merge Heap Roots: 0.2ms
[2024-03-24T20:02:36.593+0800][550.618s] GC(119)   Evacuate Collection Set: 2.2ms
[2024-03-24T20:02:36.593+0800][550.618s] GC(119)   Post Evacuate Collection Set: 1.0ms
[2024-03-24T20:02:36.593+0800][550.618s] GC(119)   Other: 0.3ms
[2024-03-24T20:02:36.593+0800][550.618s] GC(119) Eden regions: 306->0(305)
[2024-03-24T20:02:36.593+0800][550.618s] GC(119) Survivor regions: 1->2(39)
[2024-03-24T20:02:36.593+0800][550.618s] GC(119) Old regions: 46->46
[2024-03-24T20:02:36.593+0800][550.618s] GC(119) Humongous regions: 4->4
[2024-03-24T20:02:36.593+0800][550.618s] GC(119) Metaspace: 65763K(66368K)->65763K(66368K) NonClass: 58300K(58624K)->58300K(58624K) Class: 7463K(7744K)->7463K(7744K)
[2024-03-24T20:02:36.593+0800][550.618s] GC(119) Pause Young (Normal) (G1 Evacuation Pause) 356M->50M(512M) 4.631ms
[2024-03-24T20:02:36.593+0800][550.618s] GC(119) User=0.00s Sys=0.00s Real=0.00s
[2024-03-24T20:02:39.416+0800][553.440s] GC(120) Pause Young (Normal) (G1 Evacuation Pause)
[2024-03-24T20:02:39.416+0800][553.440s] GC(120) Using 8 workers of 8 for evacuation
[2024-03-24T20:02:39.420+0800][553.443s] GC(120)   Pre Evacuate Collection Set: 0.2ms
[2024-03-24T20:02:39.420+0800][553.443s] GC(120)   Merge Heap Roots: 0.1ms
[2024-03-24T20:02:39.420+0800][553.443s] GC(120)   Evacuate Collection Set: 1.8ms
[2024-03-24T20:02:39.420+0800][553.443s] GC(120)   Post Evacuate Collection Set: 0.6ms
[2024-03-24T20:02:39.420+0800][553.443s] GC(120)   Other: 0.1ms
[2024-03-24T20:02:39.420+0800][553.443s] GC(120) Eden regions: 305->0(305)
[2024-03-24T20:02:39.420+0800][553.443s] GC(120) Survivor regions: 2->2(39)
[2024-03-24T20:02:39.420+0800][553.443s] GC(120) Old regions: 46->46
[2024-03-24T20:02:39.420+0800][553.443s] GC(120) Humongous regions: 4->4
[2024-03-24T20:02:39.421+0800][553.443s] GC(120) Metaspace: 65763K(66368K)->65763K(66368K) NonClass: 58300K(58624K)->58300K(58624K) Class: 7463K(7744K)->7463K(7744K)
[2024-03-24T20:02:39.421+0800][553.443s] GC(120) Pause Young (Normal) (G1 Evacuation Pause) 355M->50M(512M) 3.182ms
[2024-03-24T20:02:39.421+0800][553.443s] GC(120) User=0.00s Sys=0.00s Real=0.01s
[2024-03-24T20:02:42.234+0800][556.259s] GC(121) Pause Young (Normal) (G1 Evacuation Pause)
[2024-03-24T20:02:42.234+0800][556.259s] GC(121) Using 8 workers of 8 for evacuation
[2024-03-24T20:02:42.234+0800][556.266s] GC(121)   Pre Evacuate Collection Set: 0.5ms
[2024-03-24T20:02:42.234+0800][556.266s] GC(121)   Merge Heap Roots: 0.5ms
[2024-03-24T20:02:42.234+0800][556.266s] GC(121)   Evacuate Collection Set: 4.4ms
[2024-03-24T20:02:42.234+0800][556.266s] GC(121)   Post Evacuate Collection Set: 1.2ms
[2024-03-24T20:02:42.234+0800][556.266s] GC(121)   Other: 0.3ms
[2024-03-24T20:02:42.234+0800][556.266s] GC(121) Eden regions: 305->0(305)
[2024-03-24T20:02:42.234+0800][556.266s] GC(121) Survivor regions: 2->2(39)
[2024-03-24T20:02:42.234+0800][556.266s] GC(121) Old regions: 46->46
[2024-03-24T20:02:42.234+0800][556.266s] GC(121) Humongous regions: 4->4
[2024-03-24T20:02:42.234+0800][556.266s] GC(121) Metaspace: 65763K(66368K)->65763K(66368K) NonClass: 58300K(58624K)->58300K(58624K) Class: 7463K(7744K)->7463K(7744K)
[2024-03-24T20:02:42.234+0800][556.266s] GC(121) Pause Young (Normal) (G1 Evacuation Pause) 355M->50M(512M) 7.585ms
[2024-03-24T20:02:42.234+0800][556.266s] GC(121) User=0.00s Sys=0.00s Real=0.00s
[2024-03-24T20:02:45.112+0800][559.135s] GC(122) Pause Young (Normal) (G1 Evacuation Pause)
[2024-03-24T20:02:45.112+0800][559.135s] GC(122) Using 8 workers of 8 for evacuation
[2024-03-24T20:02:45.114+0800][559.140s] GC(122)   Pre Evacuate Collection Set: 0.3ms
[2024-03-24T20:02:45.114+0800][559.140s] GC(122)   Merge Heap Roots: 0.2ms
[2024-03-24T20:02:45.114+0800][559.140s] GC(122)   Evacuate Collection Set: 2.9ms
[2024-03-24T20:02:45.114+0800][559.140s] GC(122)   Post Evacuate Collection Set: 0.9ms
[2024-03-24T20:02:45.114+0800][559.140s] GC(122)   Other: 0.2ms
[2024-03-24T20:02:45.114+0800][559.140s] GC(122) Eden regions: 305->0(305)
[2024-03-24T20:02:45.114+0800][559.140s] GC(122) Survivor regions: 2->2(39)
[2024-03-24T20:02:45.114+0800][559.140s] GC(122) Old regions: 46->46
[2024-03-24T20:02:45.114+0800][559.140s] GC(122) Humongous regions: 4->4
[2024-03-24T20:02:45.114+0800][559.141s] GC(122) Metaspace: 65763K(66368K)->65763K(66368K) NonClass: 58300K(58624K)->58300K(58624K) Class: 7463K(7744K)->7463K(7744K)
[2024-03-24T20:02:45.114+0800][559.141s] GC(122) Pause Young (Normal) (G1 Evacuation Pause) 355M->50M(512M) 5.432ms
[2024-03-24T20:02:45.114+0800][559.141s] GC(122) User=0.00s Sys=0.00s Real=0.00s
[2024-03-24T20:02:48.219+0800][562.244s] GC(123) Pause Young (Normal) (G1 Evacuation Pause)
[2024-03-24T20:02:48.219+0800][562.244s] GC(123) Using 8 workers of 8 for evacuation
[2024-03-24T20:02:48.227+0800][562.250s] GC(123)   Pre Evacuate Collection Set: 0.4ms
[2024-03-24T20:02:48.227+0800][562.251s] GC(123)   Merge Heap Roots: 0.2ms
[2024-03-24T20:02:48.227+0800][562.251s] GC(123)   Evacuate Collection Set: 4.2ms
[2024-03-24T20:02:48.227+0800][562.251s] GC(123)   Post Evacuate Collection Set: 1.0ms
[2024-03-24T20:02:48.227+0800][562.251s] GC(123)   Other: 0.3ms
[2024-03-24T20:02:48.227+0800][562.251s] GC(123) Eden regions: 305->0(305)
[2024-03-24T20:02:48.227+0800][562.251s] GC(123) Survivor regions: 2->2(39)
[2024-03-24T20:02:48.227+0800][562.251s] GC(123) Old regions: 46->46
[2024-03-24T20:02:48.227+0800][562.251s] GC(123) Humongous regions: 4->4
[2024-03-24T20:02:48.228+0800][562.251s] GC(123) Metaspace: 65763K(66368K)->65763K(66368K) NonClass: 58300K(58624K)->58300K(58624K) Class: 7463K(7744K)->7463K(7744K)
[2024-03-24T20:02:48.228+0800][562.251s] GC(123) Pause Young (Normal) (G1 Evacuation Pause) 355M->50M(512M) 6.935ms
[2024-03-24T20:02:48.228+0800][562.251s] GC(123) User=0.02s Sys=0.00s Real=0.01s
[2024-03-24T20:02:51.222+0800][565.253s] GC(124) Pause Young (Normal) (G1 Evacuation Pause)
[2024-03-24T20:02:51.222+0800][565.253s] GC(124) Using 8 workers of 8 for evacuation
[2024-03-24T20:02:51.233+0800][565.259s] GC(124)   Pre Evacuate Collection Set: 0.3ms
[2024-03-24T20:02:51.233+0800][565.259s] GC(124)   Merge Heap Roots: 0.2ms
[2024-03-24T20:02:51.233+0800][565.259s] GC(124)   Evacuate Collection Set: 4.0ms
[2024-03-24T20:02:51.233+0800][565.259s] GC(124)   Post Evacuate Collection Set: 1.1ms
[2024-03-24T20:02:51.233+0800][565.259s] GC(124)   Other: 0.2ms
[2024-03-24T20:02:51.233+0800][565.259s] GC(124) Eden regions: 305->0(305)
[2024-03-24T20:02:51.233+0800][565.259s] GC(124) Survivor regions: 2->2(39)
[2024-03-24T20:02:51.233+0800][565.259s] GC(124) Old regions: 46->46
[2024-03-24T20:02:51.233+0800][565.259s] GC(124) Humongous regions: 4->4
[2024-03-24T20:02:51.233+0800][565.259s] GC(124) Metaspace: 65763K(66368K)->65763K(66368K) NonClass: 58300K(58624K)->58300K(58624K) Class: 7463K(7744K)->7463K(7744K)
[2024-03-24T20:02:51.233+0800][565.260s] GC(124) Pause Young (Normal) (G1 Evacuation Pause) 355M->50M(512M) 6.752ms
[2024-03-24T20:02:51.233+0800][565.260s] GC(124) User=0.02s Sys=0.00s Real=0.01s
[2024-03-24T20:02:54.245+0800][568.276s] GC(125) Pause Young (Normal) (G1 Evacuation Pause)
[2024-03-24T20:02:54.245+0800][568.277s] GC(125) Using 8 workers of 8 for evacuation
[2024-03-24T20:02:54.258+0800][568.281s] GC(125)   Pre Evacuate Collection Set: 0.5ms
[2024-03-24T20:02:54.258+0800][568.282s] GC(125)   Merge Heap Roots: 0.2ms
[2024-03-24T20:02:54.258+0800][568.282s] GC(125)   Evacuate Collection Set: 2.7ms
[2024-03-24T20:02:54.258+0800][568.282s] GC(125)   Post Evacuate Collection Set: 1.4ms
[2024-03-24T20:02:54.258+0800][568.282s] GC(125)   Other: 0.2ms
[2024-03-24T20:02:54.258+0800][568.282s] GC(125) Eden regions: 305->0(305)
[2024-03-24T20:02:54.258+0800][568.282s] GC(125) Survivor regions: 2->2(39)
[2024-03-24T20:02:54.258+0800][568.282s] GC(125) Old regions: 46->46
[2024-03-24T20:02:54.258+0800][568.282s] GC(125) Humongous regions: 4->4
[2024-03-24T20:02:54.258+0800][568.282s] GC(125) Metaspace: 65763K(66368K)->65763K(66368K) NonClass: 58300K(58624K)->58300K(58624K) Class: 7463K(7744K)->7463K(7744K)
[2024-03-24T20:02:54.259+0800][568.282s] GC(125) Pause Young (Normal) (G1 Evacuation Pause) 355M->50M(512M) 5.753ms
[2024-03-24T20:02:54.259+0800][568.282s] GC(125) User=0.02s Sys=0.00s Real=0.01s
[2024-03-24T20:02:57.031+0800][571.060s] GC(126) Pause Young (Normal) (G1 Evacuation Pause)
[2024-03-24T20:02:57.031+0800][571.060s] GC(126) Using 8 workers of 8 for evacuation
[2024-03-24T20:02:57.042+0800][571.064s] GC(126)   Pre Evacuate Collection Set: 0.2ms
[2024-03-24T20:02:57.042+0800][571.064s] GC(126)   Merge Heap Roots: 0.1ms
[2024-03-24T20:02:57.042+0800][571.064s] GC(126)   Evacuate Collection Set: 2.4ms
[2024-03-24T20:02:57.042+0800][571.064s] GC(126)   Post Evacuate Collection Set: 0.9ms
[2024-03-24T20:02:57.042+0800][571.064s] GC(126)   Other: 0.3ms
[2024-03-24T20:02:57.042+0800][571.064s] GC(126) Eden regions: 305->0(305)
[2024-03-24T20:02:57.042+0800][571.064s] GC(126) Survivor regions: 2->2(39)
[2024-03-24T20:02:57.042+0800][571.064s] GC(126) Old regions: 46->46
[2024-03-24T20:02:57.042+0800][571.064s] GC(126) Humongous regions: 4->4
[2024-03-24T20:02:57.042+0800][571.064s] GC(126) Metaspace: 65763K(66368K)->65763K(66368K) NonClass: 58300K(58624K)->58300K(58624K) Class: 7463K(7744K)->7463K(7744K)
[2024-03-24T20:02:57.042+0800][571.064s] GC(126) Pause Young (Normal) (G1 Evacuation Pause) 355M->50M(512M) 4.347ms
[2024-03-24T20:02:57.042+0800][571.065s] GC(126) User=0.00s Sys=0.00s Real=0.01s
[2024-03-24T20:03:00.079+0800][574.107s] GC(127) Pause Young (Normal) (G1 Evacuation Pause)
[2024-03-24T20:03:00.079+0800][574.107s] GC(127) Using 8 workers of 8 for evacuation
[2024-03-24T20:03:00.088+0800][574.112s] GC(127)   Pre Evacuate Collection Set: 0.3ms
[2024-03-24T20:03:00.088+0800][574.112s] GC(127)   Merge Heap Roots: 0.2ms
[2024-03-24T20:03:00.088+0800][574.112s] GC(127)   Evacuate Collection Set: 2.7ms
[2024-03-24T20:03:00.088+0800][574.112s] GC(127)   Post Evacuate Collection Set: 0.9ms
[2024-03-24T20:03:00.089+0800][574.112s] GC(127)   Other: 0.2ms
[2024-03-24T20:03:00.089+0800][574.112s] GC(127) Eden regions: 305->0(305)
[2024-03-24T20:03:00.089+0800][574.112s] GC(127) Survivor regions: 2->2(39)
[2024-03-24T20:03:00.089+0800][574.112s] GC(127) Old regions: 46->46
[2024-03-24T20:03:00.089+0800][574.112s] GC(127) Humongous regions: 4->4
[2024-03-24T20:03:00.089+0800][574.112s] GC(127) Metaspace: 65763K(66368K)->65763K(66368K) NonClass: 58300K(58624K)->58300K(58624K) Class: 7463K(7744K)->7463K(7744K)
[2024-03-24T20:03:00.089+0800][574.112s] GC(127) Pause Young (Normal) (G1 Evacuation Pause) 355M->50M(512M) 5.137ms
[2024-03-24T20:03:00.089+0800][574.112s] GC(127) User=0.00s Sys=0.00s Real=0.01s
[2024-03-24T20:03:03.066+0800][577.093s] GC(128) Pause Young (Normal) (G1 Evacuation Pause)
[2024-03-24T20:03:03.066+0800][577.094s] GC(128) Using 8 workers of 8 for evacuation
[2024-03-24T20:03:03.066+0800][577.098s] GC(128)   Pre Evacuate Collection Set: 0.3ms
[2024-03-24T20:03:03.066+0800][577.099s] GC(128)   Merge Heap Roots: 0.5ms
[2024-03-24T20:03:03.066+0800][577.099s] GC(128)   Evacuate Collection Set: 2.1ms
[2024-03-24T20:03:03.066+0800][577.099s] GC(128)   Post Evacuate Collection Set: 1.5ms
[2024-03-24T20:03:03.066+0800][577.099s] GC(128)   Other: 0.2ms
[2024-03-24T20:03:03.076+0800][577.099s] GC(128) Eden regions: 305->0(305)
[2024-03-24T20:03:03.076+0800][577.099s] GC(128) Survivor regions: 2->2(39)
[2024-03-24T20:03:03.076+0800][577.099s] GC(128) Old regions: 46->46
[2024-03-24T20:03:03.076+0800][577.099s] GC(128) Humongous regions: 4->4
[2024-03-24T20:03:03.076+0800][577.099s] GC(128) Metaspace: 65763K(66368K)->65763K(66368K) NonClass: 58300K(58624K)->58300K(58624K) Class: 7463K(7744K)->7463K(7744K)
[2024-03-24T20:03:03.076+0800][577.099s] GC(128) Pause Young (Normal) (G1 Evacuation Pause) 355M->50M(512M) 6.012ms
[2024-03-24T20:03:03.076+0800][577.100s] GC(128) User=0.00s Sys=0.00s Real=0.01s
[2024-03-24T20:03:05.795+0800][579.820s] GC(129) Pause Young (Normal) (G1 Evacuation Pause)
[2024-03-24T20:03:05.795+0800][579.820s] GC(129) Using 8 workers of 8 for evacuation
[2024-03-24T20:03:05.795+0800][579.824s] GC(129)   Pre Evacuate Collection Set: 0.3ms
[2024-03-24T20:03:05.795+0800][579.824s] GC(129)   Merge Heap Roots: 0.2ms
[2024-03-24T20:03:05.795+0800][579.824s] GC(129)   Evacuate Collection Set: 2.4ms
[2024-03-24T20:03:05.795+0800][579.824s] GC(129)   Post Evacuate Collection Set: 0.8ms
[2024-03-24T20:03:05.795+0800][579.824s] GC(129)   Other: 0.2ms
[2024-03-24T20:03:05.795+0800][579.824s] GC(129) Eden regions: 305->0(305)
[2024-03-24T20:03:05.795+0800][579.824s] GC(129) Survivor regions: 2->2(39)
[2024-03-24T20:03:05.795+0800][579.824s] GC(129) Old regions: 46->46
[2024-03-24T20:03:05.795+0800][579.824s] GC(129) Humongous regions: 4->4
[2024-03-24T20:03:05.795+0800][579.824s] GC(129) Metaspace: 65763K(66368K)->65763K(66368K) NonClass: 58300K(58624K)->58300K(58624K) Class: 7463K(7744K)->7463K(7744K)
[2024-03-24T20:03:05.795+0800][579.824s] GC(129) Pause Young (Normal) (G1 Evacuation Pause) 355M->50M(512M) 4.533ms
[2024-03-24T20:03:05.795+0800][579.825s] GC(129) User=0.00s Sys=0.00s Real=0.00s
[2024-03-24T20:03:08.705+0800][582.732s] GC(130) Pause Young (Normal) (G1 Evacuation Pause)
[2024-03-24T20:03:08.705+0800][582.732s] GC(130) Using 8 workers of 8 for evacuation
[2024-03-24T20:03:08.712+0800][582.737s] GC(130)   Pre Evacuate Collection Set: 0.4ms
[2024-03-24T20:03:08.712+0800][582.737s] GC(130)   Merge Heap Roots: 0.2ms
[2024-03-24T20:03:08.712+0800][582.737s] GC(130)   Evacuate Collection Set: 3.3ms
[2024-03-24T20:03:08.712+0800][582.737s] GC(130)   Post Evacuate Collection Set: 1.2ms
[2024-03-24T20:03:08.712+0800][582.737s] GC(130)   Other: 0.2ms
[2024-03-24T20:03:08.712+0800][582.737s] GC(130) Eden regions: 305->0(305)
[2024-03-24T20:03:08.712+0800][582.737s] GC(130) Survivor regions: 2->2(39)
[2024-03-24T20:03:08.712+0800][582.737s] GC(130) Old regions: 46->46
[2024-03-24T20:03:08.712+0800][582.737s] GC(130) Humongous regions: 4->4
[2024-03-24T20:03:08.712+0800][582.737s] GC(130) Metaspace: 65764K(66368K)->65764K(66368K) NonClass: 58300K(58624K)->58300K(58624K) Class: 7463K(7744K)->7463K(7744K)
[2024-03-24T20:03:08.712+0800][582.737s] GC(130) Pause Young (Normal) (G1 Evacuation Pause) 355M->50M(512M) 5.908ms
[2024-03-24T20:03:08.712+0800][582.737s] GC(130) User=0.00s Sys=0.00s Real=0.01s
[2024-03-24T20:03:11.728+0800][585.753s] GC(131) Pause Young (Normal) (G1 Evacuation Pause)
[2024-03-24T20:03:11.728+0800][585.753s] GC(131) Using 8 workers of 8 for evacuation
[2024-03-24T20:03:11.728+0800][585.757s] GC(131)   Pre Evacuate Collection Set: 0.3ms
[2024-03-24T20:03:11.728+0800][585.757s] GC(131)   Merge Heap Roots: 0.2ms
[2024-03-24T20:03:11.728+0800][585.757s] GC(131)   Evacuate Collection Set: 2.4ms
[2024-03-24T20:03:11.728+0800][585.757s] GC(131)   Post Evacuate Collection Set: 0.9ms
[2024-03-24T20:03:11.728+0800][585.757s] GC(131)   Other: 0.2ms
[2024-03-24T20:03:11.728+0800][585.758s] GC(131) Eden regions: 305->0(305)
[2024-03-24T20:03:11.728+0800][585.758s] GC(131) Survivor regions: 2->2(39)
[2024-03-24T20:03:11.728+0800][585.758s] GC(131) Old regions: 46->46
[2024-03-24T20:03:11.728+0800][585.758s] GC(131) Humongous regions: 4->4
[2024-03-24T20:03:11.728+0800][585.758s] GC(131) Metaspace: 65772K(66432K)->65772K(66432K) NonClass: 58308K(58688K)->58308K(58688K) Class: 7463K(7744K)->7463K(7744K)
[2024-03-24T20:03:11.728+0800][585.758s] GC(131) Pause Young (Normal) (G1 Evacuation Pause) 355M->50M(512M) 5.517ms
[2024-03-24T20:03:11.736+0800][585.759s] GC(131) User=0.00s Sys=0.00s Real=0.01s
[2024-03-24T20:03:14.698+0800][588.723s] GC(132) Pause Young (Normal) (G1 Evacuation Pause)
[2024-03-24T20:03:14.698+0800][588.723s] GC(132) Using 8 workers of 8 for evacuation
[2024-03-24T20:03:14.698+0800][588.727s] GC(132)   Pre Evacuate Collection Set: 0.3ms
[2024-03-24T20:03:14.698+0800][588.728s] GC(132)   Merge Heap Roots: 0.2ms
[2024-03-24T20:03:14.698+0800][588.728s] GC(132)   Evacuate Collection Set: 2.4ms
[2024-03-24T20:03:14.698+0800][588.728s] GC(132)   Post Evacuate Collection Set: 0.9ms
[2024-03-24T20:03:14.698+0800][588.728s] GC(132)   Other: 0.2ms
[2024-03-24T20:03:14.698+0800][588.728s] GC(132) Eden regions: 305->0(305)
[2024-03-24T20:03:14.698+0800][588.728s] GC(132) Survivor regions: 2->2(39)
[2024-03-24T20:03:14.698+0800][588.728s] GC(132) Old regions: 46->46
[2024-03-24T20:03:14.698+0800][588.728s] GC(132) Humongous regions: 4->4
[2024-03-24T20:03:14.698+0800][588.728s] GC(132) Metaspace: 65772K(66432K)->65772K(66432K) NonClass: 58308K(58688K)->58308K(58688K) Class: 7463K(7744K)->7463K(7744K)
[2024-03-24T20:03:14.698+0800][588.728s] GC(132) Pause Young (Normal) (G1 Evacuation Pause) 355M->50M(512M) 4.564ms
[2024-03-24T20:03:14.698+0800][588.728s] GC(132) User=0.00s Sys=0.00s Real=0.00s
[2024-03-24T20:03:17.380+0800][591.403s] GC(133) Pause Young (Normal) (G1 Evacuation Pause)
[2024-03-24T20:03:17.380+0800][591.404s] GC(133) Using 8 workers of 8 for evacuation
[2024-03-24T20:03:17.384+0800][591.407s] GC(133)   Pre Evacuate Collection Set: 0.4ms
[2024-03-24T20:03:17.384+0800][591.407s] GC(133)   Merge Heap Roots: 0.2ms
[2024-03-24T20:03:17.384+0800][591.407s] GC(133)   Evacuate Collection Set: 2.2ms
[2024-03-24T20:03:17.384+0800][591.407s] GC(133)   Post Evacuate Collection Set: 0.7ms
[2024-03-24T20:03:17.384+0800][591.408s] GC(133)   Other: 0.2ms
[2024-03-24T20:03:17.384+0800][591.408s] GC(133) Eden regions: 305->0(305)
[2024-03-24T20:03:17.384+0800][591.408s] GC(133) Survivor regions: 2->2(39)
[2024-03-24T20:03:17.384+0800][591.408s] GC(133) Old regions: 46->46
[2024-03-24T20:03:17.384+0800][591.408s] GC(133) Humongous regions: 4->4
[2024-03-24T20:03:17.384+0800][591.408s] GC(133) Metaspace: 65775K(66432K)->65775K(66432K) NonClass: 58311K(58688K)->58311K(58688K) Class: 7463K(7744K)->7463K(7744K)
[2024-03-24T20:03:17.384+0800][591.408s] GC(133) Pause Young (Normal) (G1 Evacuation Pause) 355M->50M(512M) 4.212ms
[2024-03-24T20:03:17.384+0800][591.408s] GC(133) User=0.00s Sys=0.00s Real=0.00s
[2024-03-24T20:03:20.139+0800][594.164s] GC(134) Pause Young (Normal) (G1 Evacuation Pause)
[2024-03-24T20:03:20.139+0800][594.164s] GC(134) Using 8 workers of 8 for evacuation
[2024-03-24T20:03:20.145+0800][594.168s] GC(134)   Pre Evacuate Collection Set: 0.3ms
[2024-03-24T20:03:20.145+0800][594.168s] GC(134)   Merge Heap Roots: 0.4ms
[2024-03-24T20:03:20.145+0800][594.168s] GC(134)   Evacuate Collection Set: 1.9ms
[2024-03-24T20:03:20.145+0800][594.168s] GC(134)   Post Evacuate Collection Set: 1.1ms
[2024-03-24T20:03:20.145+0800][594.168s] GC(134)   Other: 0.2ms
[2024-03-24T20:03:20.146+0800][594.168s] GC(134) Eden regions: 305->0(306)
[2024-03-24T20:03:20.146+0800][594.168s] GC(134) Survivor regions: 2->1(39)
[2024-03-24T20:03:20.146+0800][594.168s] GC(134) Old regions: 46->46
[2024-03-24T20:03:20.146+0800][594.168s] GC(134) Humongous regions: 4->4
[2024-03-24T20:03:20.146+0800][594.168s] GC(134) Metaspace: 65775K(66432K)->65775K(66432K) NonClass: 58311K(58688K)->58311K(58688K) Class: 7463K(7744K)->7463K(7744K)
[2024-03-24T20:03:20.146+0800][594.169s] GC(134) Pause Young (Normal) (G1 Evacuation Pause) 355M->50M(512M) 4.607ms
[2024-03-24T20:03:20.146+0800][594.169s] GC(134) User=0.00s Sys=0.00s Real=0.01s
[2024-03-24T20:03:22.919+0800][596.943s] GC(135) Pause Young (Normal) (G1 Evacuation Pause)
[2024-03-24T20:03:22.919+0800][596.944s] GC(135) Using 8 workers of 8 for evacuation
[2024-03-24T20:03:22.922+0800][596.948s] GC(135)   Pre Evacuate Collection Set: 0.4ms
[2024-03-24T20:03:22.922+0800][596.948s] GC(135)   Merge Heap Roots: 0.4ms
[2024-03-24T20:03:22.922+0800][596.948s] GC(135)   Evacuate Collection Set: 2.3ms
[2024-03-24T20:03:22.922+0800][596.948s] GC(135)   Post Evacuate Collection Set: 1.1ms
[2024-03-24T20:03:22.922+0800][596.948s] GC(135)   Other: 0.2ms
[2024-03-24T20:03:22.922+0800][596.948s] GC(135) Eden regions: 306->0(305)
[2024-03-24T20:03:22.922+0800][596.948s] GC(135) Survivor regions: 1->2(39)
[2024-03-24T20:03:22.922+0800][596.948s] GC(135) Old regions: 46->46
[2024-03-24T20:03:22.922+0800][596.948s] GC(135) Humongous regions: 4->4
[2024-03-24T20:03:22.922+0800][596.949s] GC(135) Metaspace: 65775K(66432K)->65775K(66432K) NonClass: 58311K(58688K)->58311K(58688K) Class: 7463K(7744K)->7463K(7744K)
[2024-03-24T20:03:22.922+0800][596.949s] GC(135) Pause Young (Normal) (G1 Evacuation Pause) 356M->50M(512M) 5.168ms
[2024-03-24T20:03:22.922+0800][596.949s] GC(135) User=0.00s Sys=0.00s Real=0.00s
[2024-03-24T20:03:25.592+0800][599.619s] GC(136) Pause Young (Normal) (G1 Evacuation Pause)
[2024-03-24T20:03:25.592+0800][599.619s] GC(136) Using 8 workers of 8 for evacuation
[2024-03-24T20:03:25.598+0800][599.623s] GC(136)   Pre Evacuate Collection Set: 0.3ms
[2024-03-24T20:03:25.598+0800][599.623s] GC(136)   Merge Heap Roots: 0.2ms
[2024-03-24T20:03:25.598+0800][599.623s] GC(136)   Evacuate Collection Set: 2.1ms
[2024-03-24T20:03:25.598+0800][599.624s] GC(136)   Post Evacuate Collection Set: 1.0ms
[2024-03-24T20:03:25.598+0800][599.624s] GC(136)   Other: 0.2ms
[2024-03-24T20:03:25.598+0800][599.624s] GC(136) Eden regions: 305->0(305)
[2024-03-24T20:03:25.598+0800][599.624s] GC(136) Survivor regions: 2->2(39)
[2024-03-24T20:03:25.598+0800][599.624s] GC(136) Old regions: 46->46
[2024-03-24T20:03:25.598+0800][599.624s] GC(136) Humongous regions: 4->4
[2024-03-24T20:03:25.598+0800][599.624s] GC(136) Metaspace: 65775K(66432K)->65775K(66432K) NonClass: 58311K(58688K)->58311K(58688K) Class: 7463K(7744K)->7463K(7744K)
[2024-03-24T20:03:25.598+0800][599.624s] GC(136) Pause Young (Normal) (G1 Evacuation Pause) 355M->50M(512M) 4.503ms
[2024-03-24T20:03:25.598+0800][599.624s] GC(136) User=0.02s Sys=0.00s Real=0.01s
[2024-03-24T20:03:28.328+0800][602.358s] GC(137) Pause Young (Normal) (G1 Evacuation Pause)
[2024-03-24T20:03:28.328+0800][602.358s] GC(137) Using 8 workers of 8 for evacuation
[2024-03-24T20:03:28.338+0800][602.362s] GC(137)   Pre Evacuate Collection Set: 0.4ms
[2024-03-24T20:03:28.338+0800][602.362s] GC(137)   Merge Heap Roots: 0.1ms
[2024-03-24T20:03:28.338+0800][602.362s] GC(137)   Evacuate Collection Set: 2.3ms
[2024-03-24T20:03:28.338+0800][602.363s] GC(137)   Post Evacuate Collection Set: 1.2ms
[2024-03-24T20:03:28.338+0800][602.363s] GC(137)   Other: 0.3ms
[2024-03-24T20:03:28.338+0800][602.363s] GC(137) Eden regions: 305->0(305)
[2024-03-24T20:03:28.338+0800][602.363s] GC(137) Survivor regions: 2->2(39)
[2024-03-24T20:03:28.338+0800][602.363s] GC(137) Old regions: 46->46
[2024-03-24T20:03:28.338+0800][602.363s] GC(137) Humongous regions: 4->4
[2024-03-24T20:03:28.338+0800][602.363s] GC(137) Metaspace: 65776K(66432K)->65776K(66432K) NonClass: 58312K(58688K)->58312K(58688K) Class: 7463K(7744K)->7463K(7744K)
[2024-03-24T20:03:28.338+0800][602.363s] GC(137) Pause Young (Normal) (G1 Evacuation Pause) 355M->50M(512M) 5.082ms
[2024-03-24T20:03:28.340+0800][602.363s] GC(137) User=0.00s Sys=0.00s Real=0.01s
[2024-03-24T20:03:31.286+0800][605.310s] GC(138) Pause Young (Normal) (G1 Evacuation Pause)
[2024-03-24T20:03:31.286+0800][605.310s] GC(138) Using 8 workers of 8 for evacuation
[2024-03-24T20:03:31.286+0800][605.314s] GC(138)   Pre Evacuate Collection Set: 0.3ms
[2024-03-24T20:03:31.286+0800][605.315s] GC(138)   Merge Heap Roots: 0.3ms
[2024-03-24T20:03:31.286+0800][605.315s] GC(138)   Evacuate Collection Set: 2.6ms
[2024-03-24T20:03:31.286+0800][605.315s] GC(138)   Post Evacuate Collection Set: 1.1ms
[2024-03-24T20:03:31.286+0800][605.315s] GC(138)   Other: 0.2ms
[2024-03-24T20:03:31.286+0800][605.315s] GC(138) Eden regions: 305->0(305)
[2024-03-24T20:03:31.286+0800][605.315s] GC(138) Survivor regions: 2->2(39)
[2024-03-24T20:03:31.286+0800][605.315s] GC(138) Old regions: 46->46
[2024-03-24T20:03:31.286+0800][605.315s] GC(138) Humongous regions: 4->4
[2024-03-24T20:03:31.286+0800][605.315s] GC(138) Metaspace: 65792K(66432K)->65792K(66432K) NonClass: 58324K(58688K)->58324K(58688K) Class: 7468K(7744K)->7468K(7744K)
[2024-03-24T20:03:31.286+0800][605.315s] GC(138) Pause Young (Normal) (G1 Evacuation Pause) 355M->50M(512M) 5.315ms
[2024-03-24T20:03:31.286+0800][605.315s] GC(138) User=0.00s Sys=0.00s Real=0.00s
[2024-03-24T20:03:34.215+0800][608.244s] GC(139) Pause Young (Normal) (G1 Evacuation Pause)
[2024-03-24T20:03:34.215+0800][608.244s] GC(139) Using 8 workers of 8 for evacuation
[2024-03-24T20:03:34.226+0800][608.249s] GC(139)   Pre Evacuate Collection Set: 0.5ms
[2024-03-24T20:03:34.226+0800][608.249s] GC(139)   Merge Heap Roots: 0.3ms
[2024-03-24T20:03:34.226+0800][608.249s] GC(139)   Evacuate Collection Set: 2.6ms
[2024-03-24T20:03:34.226+0800][608.249s] GC(139)   Post Evacuate Collection Set: 1.1ms
[2024-03-24T20:03:34.226+0800][608.249s] GC(139)   Other: 0.3ms
[2024-03-24T20:03:34.226+0800][608.249s] GC(139) Eden regions: 305->0(305)
[2024-03-24T20:03:34.226+0800][608.249s] GC(139) Survivor regions: 2->2(39)
[2024-03-24T20:03:34.226+0800][608.249s] GC(139) Old regions: 46->46
[2024-03-24T20:03:34.226+0800][608.249s] GC(139) Humongous regions: 4->4
[2024-03-24T20:03:34.226+0800][608.249s] GC(139) Metaspace: 65792K(66432K)->65792K(66432K) NonClass: 58324K(58688K)->58324K(58688K) Class: 7468K(7744K)->7468K(7744K)
[2024-03-24T20:03:34.226+0800][608.249s] GC(139) Pause Young (Normal) (G1 Evacuation Pause) 355M->50M(512M) 5.477ms
[2024-03-24T20:03:34.226+0800][608.250s] GC(139) User=0.00s Sys=0.00s Real=0.01s
[2024-03-24T20:03:36.962+0800][610.993s] GC(140) Pause Young (Normal) (G1 Evacuation Pause)
[2024-03-24T20:03:36.962+0800][610.993s] GC(140) Using 8 workers of 8 for evacuation
[2024-03-24T20:03:36.974+0800][610.998s] GC(140)   Pre Evacuate Collection Set: 0.3ms
[2024-03-24T20:03:36.974+0800][610.998s] GC(140)   Merge Heap Roots: 0.5ms
[2024-03-24T20:03:36.974+0800][610.998s] GC(140)   Evacuate Collection Set: 2.8ms
[2024-03-24T20:03:36.974+0800][610.998s] GC(140)   Post Evacuate Collection Set: 1.2ms
[2024-03-24T20:03:36.974+0800][610.998s] GC(140)   Other: 0.2ms
[2024-03-24T20:03:36.974+0800][610.998s] GC(140) Eden regions: 305->0(305)
[2024-03-24T20:03:36.974+0800][610.998s] GC(140) Survivor regions: 2->2(39)
[2024-03-24T20:03:36.974+0800][610.998s] GC(140) Old regions: 46->46
[2024-03-24T20:03:36.974+0800][610.998s] GC(140) Humongous regions: 4->4
[2024-03-24T20:03:36.974+0800][610.999s] GC(140) Metaspace: 65796K(66432K)->65796K(66432K) NonClass: 58327K(58688K)->58327K(58688K) Class: 7468K(7744K)->7468K(7744K)
[2024-03-24T20:03:36.974+0800][610.999s] GC(140) Pause Young (Normal) (G1 Evacuation Pause) 355M->50M(512M) 5.949ms
[2024-03-24T20:03:36.974+0800][610.999s] GC(140) User=0.02s Sys=0.00s Real=0.01s
[2024-03-24T20:03:40.013+0800][614.041s] GC(141) Pause Young (Normal) (G1 Evacuation Pause)
[2024-03-24T20:03:40.013+0800][614.041s] GC(141) Using 8 workers of 8 for evacuation
[2024-03-24T20:03:40.022+0800][614.045s] GC(141)   Pre Evacuate Collection Set: 0.3ms
[2024-03-24T20:03:40.022+0800][614.045s] GC(141)   Merge Heap Roots: 0.2ms
[2024-03-24T20:03:40.022+0800][614.045s] GC(141)   Evacuate Collection Set: 2.4ms
[2024-03-24T20:03:40.022+0800][614.045s] GC(141)   Post Evacuate Collection Set: 0.8ms
[2024-03-24T20:03:40.022+0800][614.045s] GC(141)   Other: 0.1ms
[2024-03-24T20:03:40.022+0800][614.045s] GC(141) Eden regions: 305->0(305)
[2024-03-24T20:03:40.022+0800][614.045s] GC(141) Survivor regions: 2->2(39)
[2024-03-24T20:03:40.022+0800][614.045s] GC(141) Old regions: 46->46
[2024-03-24T20:03:40.022+0800][614.045s] GC(141) Humongous regions: 4->4
[2024-03-24T20:03:40.022+0800][614.045s] GC(141) Metaspace: 65796K(66432K)->65796K(66432K) NonClass: 58327K(58688K)->58327K(58688K) Class: 7468K(7744K)->7468K(7744K)
[2024-03-24T20:03:40.022+0800][614.046s] GC(141) Pause Young (Normal) (G1 Evacuation Pause) 355M->50M(512M) 4.406ms
[2024-03-24T20:03:40.022+0800][614.046s] GC(141) User=0.00s Sys=0.00s Real=0.01s
[2024-03-24T20:03:42.975+0800][617.001s] GC(142) Pause Young (Normal) (G1 Evacuation Pause)
[2024-03-24T20:03:42.975+0800][617.001s] GC(142) Using 8 workers of 8 for evacuation
[2024-03-24T20:03:42.980+0800][617.005s] GC(142)   Pre Evacuate Collection Set: 0.3ms
[2024-03-24T20:03:42.980+0800][617.005s] GC(142)   Merge Heap Roots: 0.2ms
[2024-03-24T20:03:42.980+0800][617.005s] GC(142)   Evacuate Collection Set: 2.2ms
[2024-03-24T20:03:42.980+0800][617.005s] GC(142)   Post Evacuate Collection Set: 1.1ms
[2024-03-24T20:03:42.980+0800][617.005s] GC(142)   Other: 0.2ms
[2024-03-24T20:03:42.980+0800][617.005s] GC(142) Eden regions: 305->0(305)
[2024-03-24T20:03:42.980+0800][617.005s] GC(142) Survivor regions: 2->2(39)
[2024-03-24T20:03:42.980+0800][617.005s] GC(142) Old regions: 46->46
[2024-03-24T20:03:42.980+0800][617.005s] GC(142) Humongous regions: 4->4
[2024-03-24T20:03:42.980+0800][617.005s] GC(142) Metaspace: 65796K(66432K)->65796K(66432K) NonClass: 58327K(58688K)->58327K(58688K) Class: 7468K(7744K)->7468K(7744K)
[2024-03-24T20:03:42.980+0800][617.005s] GC(142) Pause Young (Normal) (G1 Evacuation Pause) 355M->50M(512M) 4.536ms
[2024-03-24T20:03:42.980+0800][617.005s] GC(142) User=0.02s Sys=0.00s Real=0.01s
[2024-03-24T20:03:45.975+0800][619.998s] GC(143) Pause Young (Normal) (G1 Evacuation Pause)
[2024-03-24T20:03:45.975+0800][619.998s] GC(143) Using 8 workers of 8 for evacuation
[2024-03-24T20:03:45.975+0800][620.003s] GC(143)   Pre Evacuate Collection Set: 0.3ms
[2024-03-24T20:03:45.975+0800][620.003s] GC(143)   Merge Heap Roots: 0.4ms
[2024-03-24T20:03:45.975+0800][620.003s] GC(143)   Evacuate Collection Set: 2.9ms
[2024-03-24T20:03:45.975+0800][620.003s] GC(143)   Post Evacuate Collection Set: 1.6ms
[2024-03-24T20:03:45.975+0800][620.003s] GC(143)   Other: 0.2ms
[2024-03-24T20:03:45.975+0800][620.004s] GC(143) Eden regions: 305->0(305)
[2024-03-24T20:03:45.975+0800][620.004s] GC(143) Survivor regions: 2->2(39)
[2024-03-24T20:03:45.975+0800][620.004s] GC(143) Old regions: 46->46
[2024-03-24T20:03:45.975+0800][620.004s] GC(143) Humongous regions: 4->4
[2024-03-24T20:03:45.975+0800][620.004s] GC(143) Metaspace: 65797K(66432K)->65797K(66432K) NonClass: 58328K(58688K)->58328K(58688K) Class: 7468K(7744K)->7468K(7744K)
[2024-03-24T20:03:45.975+0800][620.004s] GC(143) Pause Young (Normal) (G1 Evacuation Pause) 355M->50M(512M) 6.193ms
[2024-03-24T20:03:45.975+0800][620.004s] GC(143) User=0.00s Sys=0.00s Real=0.00s
[2024-03-24T20:03:48.857+0800][622.887s] GC(144) Pause Young (Normal) (G1 Evacuation Pause)
[2024-03-24T20:03:48.857+0800][622.887s] GC(144) Using 8 workers of 8 for evacuation
[2024-03-24T20:03:48.868+0800][622.893s] GC(144)   Pre Evacuate Collection Set: 0.4ms
[2024-03-24T20:03:48.868+0800][622.893s] GC(144)   Merge Heap Roots: 0.4ms
[2024-03-24T20:03:48.868+0800][622.893s] GC(144)   Evacuate Collection Set: 3.3ms
[2024-03-24T20:03:48.868+0800][622.893s] GC(144)   Post Evacuate Collection Set: 1.2ms
[2024-03-24T20:03:48.868+0800][622.893s] GC(144)   Other: 0.3ms
[2024-03-24T20:03:48.868+0800][622.893s] GC(144) Eden regions: 305->0(305)
[2024-03-24T20:03:48.868+0800][622.893s] GC(144) Survivor regions: 2->2(39)
[2024-03-24T20:03:48.868+0800][622.893s] GC(144) Old regions: 46->46
[2024-03-24T20:03:48.868+0800][622.893s] GC(144) Humongous regions: 4->4
[2024-03-24T20:03:48.868+0800][622.893s] GC(144) Metaspace: 65797K(66432K)->65797K(66432K) NonClass: 58328K(58688K)->58328K(58688K) Class: 7468K(7744K)->7468K(7744K)
[2024-03-24T20:03:48.868+0800][622.893s] GC(144) Pause Young (Normal) (G1 Evacuation Pause) 355M->50M(512M) 6.532ms
[2024-03-24T20:03:48.868+0800][622.893s] GC(144) User=0.00s Sys=0.00s Real=0.01s
[2024-03-24T20:03:51.770+0800][625.796s] GC(145) Pause Young (Normal) (G1 Evacuation Pause)
[2024-03-24T20:03:51.770+0800][625.796s] GC(145) Using 8 workers of 8 for evacuation
[2024-03-24T20:03:51.770+0800][625.800s] GC(145)   Pre Evacuate Collection Set: 0.6ms
[2024-03-24T20:03:51.770+0800][625.800s] GC(145)   Merge Heap Roots: 0.1ms
[2024-03-24T20:03:51.770+0800][625.800s] GC(145)   Evacuate Collection Set: 2.1ms
[2024-03-24T20:03:51.770+0800][625.800s] GC(145)   Post Evacuate Collection Set: 0.9ms
[2024-03-24T20:03:51.770+0800][625.800s] GC(145)   Other: 0.3ms
[2024-03-24T20:03:51.770+0800][625.800s] GC(145) Eden regions: 305->0(305)
[2024-03-24T20:03:51.770+0800][625.800s] GC(145) Survivor regions: 2->2(39)
[2024-03-24T20:03:51.770+0800][625.801s] GC(145) Old regions: 46->46
[2024-03-24T20:03:51.770+0800][625.801s] GC(145) Humongous regions: 4->4
[2024-03-24T20:03:51.770+0800][625.801s] GC(145) Metaspace: 65797K(66432K)->65797K(66432K) NonClass: 58328K(58688K)->58328K(58688K) Class: 7468K(7744K)->7468K(7744K)
[2024-03-24T20:03:51.770+0800][625.801s] GC(145) Pause Young (Normal) (G1 Evacuation Pause) 355M->50M(512M) 4.728ms
[2024-03-24T20:03:51.770+0800][625.801s] GC(145) User=0.00s Sys=0.00s Real=0.00s
[2024-03-24T20:03:54.589+0800][628.614s] GC(146) Pause Young (Normal) (G1 Evacuation Pause)
[2024-03-24T20:03:54.589+0800][628.614s] GC(146) Using 8 workers of 8 for evacuation
[2024-03-24T20:03:54.594+0800][628.618s] GC(146)   Pre Evacuate Collection Set: 0.3ms
[2024-03-24T20:03:54.594+0800][628.618s] GC(146)   Merge Heap Roots: 0.1ms
[2024-03-24T20:03:54.594+0800][628.618s] GC(146)   Evacuate Collection Set: 2.3ms
[2024-03-24T20:03:54.594+0800][628.618s] GC(146)   Post Evacuate Collection Set: 0.7ms
[2024-03-24T20:03:54.594+0800][628.618s] GC(146)   Other: 0.2ms
[2024-03-24T20:03:54.594+0800][628.618s] GC(146) Eden regions: 305->0(305)
[2024-03-24T20:03:54.594+0800][628.618s] GC(146) Survivor regions: 2->2(39)
[2024-03-24T20:03:54.594+0800][628.618s] GC(146) Old regions: 46->46
[2024-03-24T20:03:54.594+0800][628.618s] GC(146) Humongous regions: 4->4
[2024-03-24T20:03:54.594+0800][628.618s] GC(146) Metaspace: 65797K(66432K)->65797K(66432K) NonClass: 58329K(58688K)->58329K(58688K) Class: 7468K(7744K)->7468K(7744K)
[2024-03-24T20:03:54.594+0800][628.618s] GC(146) Pause Young (Normal) (G1 Evacuation Pause) 355M->51M(512M) 4.235ms
[2024-03-24T20:03:54.594+0800][628.619s] GC(146) User=0.00s Sys=0.00s Real=0.01s
[2024-03-24T20:03:57.478+0800][631.501s] GC(147) Pause Young (Normal) (G1 Evacuation Pause)
[2024-03-24T20:03:57.478+0800][631.501s] GC(147) Using 8 workers of 8 for evacuation
[2024-03-24T20:03:57.480+0800][631.505s] GC(147)   Pre Evacuate Collection Set: 0.3ms
[2024-03-24T20:03:57.480+0800][631.505s] GC(147)   Merge Heap Roots: 0.2ms
[2024-03-24T20:03:57.480+0800][631.505s] GC(147)   Evacuate Collection Set: 2.2ms
[2024-03-24T20:03:57.480+0800][631.505s] GC(147)   Post Evacuate Collection Set: 1.0ms
[2024-03-24T20:03:57.480+0800][631.505s] GC(147)   Other: 0.2ms
[2024-03-24T20:03:57.480+0800][631.505s] GC(147) Eden regions: 305->0(305)
[2024-03-24T20:03:57.480+0800][631.505s] GC(147) Survivor regions: 2->2(39)
[2024-03-24T20:03:57.480+0800][631.505s] GC(147) Old regions: 46->46
[2024-03-24T20:03:57.480+0800][631.505s] GC(147) Humongous regions: 4->4
[2024-03-24T20:03:57.480+0800][631.505s] GC(147) Metaspace: 65800K(66432K)->65800K(66432K) NonClass: 58331K(58688K)->58331K(58688K) Class: 7468K(7744K)->7468K(7744K)
[2024-03-24T20:03:57.480+0800][631.506s] GC(147) Pause Young (Normal) (G1 Evacuation Pause) 356M->51M(512M) 4.554ms
[2024-03-24T20:03:57.480+0800][631.506s] GC(147) User=0.03s Sys=0.00s Real=0.00s
[2024-03-24T20:04:00.488+0800][634.517s] GC(148) Pause Young (Normal) (G1 Evacuation Pause)
[2024-03-24T20:04:00.488+0800][634.517s] GC(148) Using 8 workers of 8 for evacuation
[2024-03-24T20:04:00.496+0800][634.521s] GC(148)   Pre Evacuate Collection Set: 0.3ms
[2024-03-24T20:04:00.496+0800][634.521s] GC(148)   Merge Heap Roots: 0.1ms
[2024-03-24T20:04:00.496+0800][634.521s] GC(148)   Evacuate Collection Set: 2.3ms
[2024-03-24T20:04:00.496+0800][634.521s] GC(148)   Post Evacuate Collection Set: 0.8ms
[2024-03-24T20:04:00.496+0800][634.521s] GC(148)   Other: 0.2ms
[2024-03-24T20:04:00.496+0800][634.521s] GC(148) Eden regions: 305->0(305)
[2024-03-24T20:04:00.496+0800][634.521s] GC(148) Survivor regions: 2->2(39)
[2024-03-24T20:04:00.496+0800][634.521s] GC(148) Old regions: 46->46
[2024-03-24T20:04:00.496+0800][634.521s] GC(148) Humongous regions: 4->4
[2024-03-24T20:04:00.496+0800][634.521s] GC(148) Metaspace: 65800K(66432K)->65800K(66432K) NonClass: 58331K(58688K)->58331K(58688K) Class: 7468K(7744K)->7468K(7744K)
[2024-03-24T20:04:00.496+0800][634.521s] GC(148) Pause Young (Normal) (G1 Evacuation Pause) 356M->50M(512M) 4.220ms
[2024-03-24T20:04:00.496+0800][634.521s] GC(148) User=0.03s Sys=0.00s Real=0.01s
[2024-03-24T20:04:03.251+0800][637.275s] GC(149) Pause Young (Normal) (G1 Evacuation Pause)
[2024-03-24T20:04:03.251+0800][637.275s] GC(149) Using 8 workers of 8 for evacuation
[2024-03-24T20:04:03.255+0800][637.278s] GC(149)   Pre Evacuate Collection Set: 0.3ms
[2024-03-24T20:04:03.255+0800][637.278s] GC(149)   Merge Heap Roots: 0.1ms
[2024-03-24T20:04:03.255+0800][637.278s] GC(149)   Evacuate Collection Set: 1.8ms
[2024-03-24T20:04:03.255+0800][637.279s] GC(149)   Post Evacuate Collection Set: 0.6ms
[2024-03-24T20:04:03.255+0800][637.279s] GC(149)   Other: 0.2ms
[2024-03-24T20:04:03.255+0800][637.279s] GC(149) Eden regions: 305->0(305)
[2024-03-24T20:04:03.255+0800][637.279s] GC(149) Survivor regions: 2->2(39)
[2024-03-24T20:04:03.255+0800][637.279s] GC(149) Old regions: 46->46
[2024-03-24T20:04:03.255+0800][637.279s] GC(149) Humongous regions: 4->4
[2024-03-24T20:04:03.255+0800][637.279s] GC(149) Metaspace: 65801K(66432K)->65801K(66432K) NonClass: 58332K(58688K)->58332K(58688K) Class: 7468K(7744K)->7468K(7744K)
[2024-03-24T20:04:03.255+0800][637.279s] GC(149) Pause Young (Normal) (G1 Evacuation Pause) 355M->50M(512M) 3.381ms
[2024-03-24T20:04:03.256+0800][637.279s] GC(149) User=0.00s Sys=0.02s Real=0.01s
[2024-03-24T20:04:06.031+0800][640.054s] GC(150) Pause Young (Normal) (G1 Evacuation Pause)
[2024-03-24T20:04:06.031+0800][640.054s] GC(150) Using 8 workers of 8 for evacuation
[2024-03-24T20:04:06.031+0800][640.059s] GC(150)   Pre Evacuate Collection Set: 0.1ms
[2024-03-24T20:04:06.031+0800][640.059s] GC(150)   Merge Heap Roots: 0.1ms
[2024-03-24T20:04:06.031+0800][640.059s] GC(150)   Evacuate Collection Set: 3.3ms
[2024-03-24T20:04:06.031+0800][640.059s] GC(150)   Post Evacuate Collection Set: 1.0ms
[2024-03-24T20:04:06.031+0800][640.059s] GC(150)   Other: 0.1ms
[2024-03-24T20:04:06.031+0800][640.059s] GC(150) Eden regions: 305->0(305)
[2024-03-24T20:04:06.031+0800][640.059s] GC(150) Survivor regions: 2->2(39)
[2024-03-24T20:04:06.031+0800][640.059s] GC(150) Old regions: 46->46
[2024-03-24T20:04:06.031+0800][640.059s] GC(150) Humongous regions: 4->4
[2024-03-24T20:04:06.031+0800][640.059s] GC(150) Metaspace: 65803K(66432K)->65803K(66432K) NonClass: 58334K(58688K)->58334K(58688K) Class: 7468K(7744K)->7468K(7744K)
[2024-03-24T20:04:06.031+0800][640.059s] GC(150) Pause Young (Normal) (G1 Evacuation Pause) 355M->50M(512M) 5.337ms
[2024-03-24T20:04:06.031+0800][640.059s] GC(150) User=0.00s Sys=0.00s Real=0.00s
[2024-03-24T20:04:08.528+0800][642.551s] GC(151) Pause Young (Normal) (G1 Evacuation Pause)
[2024-03-24T20:04:08.528+0800][642.551s] GC(151) Using 8 workers of 8 for evacuation
[2024-03-24T20:04:08.532+0800][642.556s] GC(151)   Pre Evacuate Collection Set: 0.4ms
[2024-03-24T20:04:08.532+0800][642.556s] GC(151)   Merge Heap Roots: 0.5ms
[2024-03-24T20:04:08.532+0800][642.557s] GC(151)   Evacuate Collection Set: 2.4ms
[2024-03-24T20:04:08.532+0800][642.557s] GC(151)   Post Evacuate Collection Set: 1.3ms
[2024-03-24T20:04:08.532+0800][642.557s] GC(151)   Other: 0.3ms
[2024-03-24T20:04:08.532+0800][642.557s] GC(151) Eden regions: 305->0(305)
[2024-03-24T20:04:08.532+0800][642.557s] GC(151) Survivor regions: 2->2(39)
[2024-03-24T20:04:08.532+0800][642.557s] GC(151) Old regions: 46->46
[2024-03-24T20:04:08.532+0800][642.557s] GC(151) Humongous regions: 4->4
[2024-03-24T20:04:08.532+0800][642.557s] GC(151) Metaspace: 65804K(66432K)->65804K(66432K) NonClass: 58335K(58688K)->58335K(58688K) Class: 7468K(7744K)->7468K(7744K)
[2024-03-24T20:04:08.532+0800][642.557s] GC(151) Pause Young (Normal) (G1 Evacuation Pause) 355M->51M(512M) 5.636ms
[2024-03-24T20:04:08.532+0800][642.557s] GC(151) User=0.00s Sys=0.00s Real=0.00s
[2024-03-24T20:04:11.299+0800][645.322s] GC(152) Pause Young (Normal) (G1 Evacuation Pause)
[2024-03-24T20:04:11.299+0800][645.322s] GC(152) Using 8 workers of 8 for evacuation
[2024-03-24T20:04:11.299+0800][645.325s] GC(152)   Pre Evacuate Collection Set: 0.3ms
[2024-03-24T20:04:11.299+0800][645.326s] GC(152)   Merge Heap Roots: 0.2ms
[2024-03-24T20:04:11.299+0800][645.326s] GC(152)   Evacuate Collection Set: 2.1ms
[2024-03-24T20:04:11.299+0800][645.326s] GC(152)   Post Evacuate Collection Set: 0.6ms
[2024-03-24T20:04:11.299+0800][645.326s] GC(152)   Other: 0.2ms
[2024-03-24T20:04:11.299+0800][645.326s] GC(152) Eden regions: 305->0(305)
[2024-03-24T20:04:11.299+0800][645.326s] GC(152) Survivor regions: 2->2(39)
[2024-03-24T20:04:11.299+0800][645.326s] GC(152) Old regions: 46->46
[2024-03-24T20:04:11.299+0800][645.326s] GC(152) Humongous regions: 4->4
[2024-03-24T20:04:11.299+0800][645.326s] GC(152) Metaspace: 65805K(66432K)->65805K(66432K) NonClass: 58336K(58688K)->58336K(58688K) Class: 7468K(7744K)->7468K(7744K)
[2024-03-24T20:04:11.299+0800][645.326s] GC(152) Pause Young (Normal) (G1 Evacuation Pause) 356M->50M(512M) 3.931ms
[2024-03-24T20:04:11.299+0800][645.326s] GC(152) User=0.00s Sys=0.00s Real=0.00s
[2024-03-24T20:04:14.448+0800][648.471s] GC(153) Pause Young (Normal) (G1 Evacuation Pause)
[2024-03-24T20:04:14.448+0800][648.471s] GC(153) Using 8 workers of 8 for evacuation
[2024-03-24T20:04:14.451+0800][648.477s] GC(153)   Pre Evacuate Collection Set: 0.3ms
[2024-03-24T20:04:14.451+0800][648.477s] GC(153)   Merge Heap Roots: 0.2ms
[2024-03-24T20:04:14.451+0800][648.477s] GC(153)   Evacuate Collection Set: 3.8ms
[2024-03-24T20:04:14.451+0800][648.477s] GC(153)   Post Evacuate Collection Set: 0.9ms
[2024-03-24T20:04:14.451+0800][648.477s] GC(153)   Other: 0.2ms
[2024-03-24T20:04:14.451+0800][648.477s] GC(153) Eden regions: 305->0(305)
[2024-03-24T20:04:14.451+0800][648.477s] GC(153) Survivor regions: 2->2(39)
[2024-03-24T20:04:14.451+0800][648.477s] GC(153) Old regions: 46->46
[2024-03-24T20:04:14.451+0800][648.477s] GC(153) Humongous regions: 4->4
[2024-03-24T20:04:14.451+0800][648.477s] GC(153) Metaspace: 65805K(66432K)->65805K(66432K) NonClass: 58336K(58688K)->58336K(58688K) Class: 7468K(7744K)->7468K(7744K)
[2024-03-24T20:04:14.451+0800][648.477s] GC(153) Pause Young (Normal) (G1 Evacuation Pause) 355M->50M(512M) 6.126ms
[2024-03-24T20:04:14.451+0800][648.477s] GC(153) User=0.00s Sys=0.00s Real=0.00s
[2024-03-24T20:04:17.410+0800][651.436s] GC(154) Pause Young (Normal) (G1 Evacuation Pause)
[2024-03-24T20:04:17.410+0800][651.436s] GC(154) Using 8 workers of 8 for evacuation
[2024-03-24T20:04:17.410+0800][651.441s] GC(154)   Pre Evacuate Collection Set: 0.3ms
[2024-03-24T20:04:17.410+0800][651.442s] GC(154)   Merge Heap Roots: 0.2ms
[2024-03-24T20:04:17.410+0800][651.442s] GC(154)   Evacuate Collection Set: 3.8ms
[2024-03-24T20:04:17.410+0800][651.442s] GC(154)   Post Evacuate Collection Set: 0.9ms
[2024-03-24T20:04:17.410+0800][651.442s] GC(154)   Other: 0.2ms
[2024-03-24T20:04:17.410+0800][651.442s] GC(154) Eden regions: 305->0(304)
[2024-03-24T20:04:17.410+0800][651.442s] GC(154) Survivor regions: 2->3(39)
[2024-03-24T20:04:17.410+0800][651.442s] GC(154) Old regions: 46->46
[2024-03-24T20:04:17.410+0800][651.442s] GC(154) Humongous regions: 4->4
[2024-03-24T20:04:17.410+0800][651.442s] GC(154) Metaspace: 65843K(66432K)->65843K(66432K) NonClass: 58373K(58688K)->58373K(58688K) Class: 7469K(7744K)->7469K(7744K)
[2024-03-24T20:04:17.410+0800][651.442s] GC(154) Pause Young (Normal) (G1 Evacuation Pause) 355M->52M(512M) 6.146ms
[2024-03-24T20:04:17.410+0800][651.442s] GC(154) User=0.00s Sys=0.00s Real=0.00s
[2024-03-24T20:04:20.103+0800][654.126s] GC(155) Pause Young (Normal) (G1 Evacuation Pause)
[2024-03-24T20:04:20.103+0800][654.126s] GC(155) Using 8 workers of 8 for evacuation
[2024-03-24T20:04:20.105+0800][654.130s] GC(155)   Pre Evacuate Collection Set: 0.5ms
[2024-03-24T20:04:20.105+0800][654.130s] GC(155)   Merge Heap Roots: 0.2ms
[2024-03-24T20:04:20.105+0800][654.130s] GC(155)   Evacuate Collection Set: 1.6ms
[2024-03-24T20:04:20.105+0800][654.130s] GC(155)   Post Evacuate Collection Set: 1.2ms
[2024-03-24T20:04:20.105+0800][654.130s] GC(155)   Other: 0.2ms
[2024-03-24T20:04:20.105+0800][654.130s] GC(155) Eden regions: 304->0(305)
[2024-03-24T20:04:20.105+0800][654.130s] GC(155) Survivor regions: 3->2(39)
[2024-03-24T20:04:20.105+0800][654.130s] GC(155) Old regions: 46->46
[2024-03-24T20:04:20.105+0800][654.130s] GC(155) Humongous regions: 4->4
[2024-03-24T20:04:20.105+0800][654.130s] GC(155) Metaspace: 65843K(66432K)->65843K(66432K) NonClass: 58373K(58688K)->58373K(58688K) Class: 7469K(7744K)->7469K(7744K)
[2024-03-24T20:04:20.105+0800][654.131s] GC(155) Pause Young (Normal) (G1 Evacuation Pause) 356M->50M(512M) 4.365ms
[2024-03-24T20:04:20.105+0800][654.131s] GC(155) User=0.02s Sys=0.00s Real=0.00s
[2024-03-24T20:04:22.674+0800][656.697s] GC(156) Pause Young (Normal) (G1 Evacuation Pause)
[2024-03-24T20:04:22.674+0800][656.697s] GC(156) Using 8 workers of 8 for evacuation
[2024-03-24T20:04:22.674+0800][656.701s] GC(156)   Pre Evacuate Collection Set: 0.3ms
[2024-03-24T20:04:22.674+0800][656.701s] GC(156)   Merge Heap Roots: 0.1ms
[2024-03-24T20:04:22.674+0800][656.701s] GC(156)   Evacuate Collection Set: 2.2ms
[2024-03-24T20:04:22.674+0800][656.701s] GC(156)   Post Evacuate Collection Set: 0.7ms
[2024-03-24T20:04:22.674+0800][656.701s] GC(156)   Other: 0.2ms
[2024-03-24T20:04:22.674+0800][656.701s] GC(156) Eden regions: 305->0(305)
[2024-03-24T20:04:22.674+0800][656.701s] GC(156) Survivor regions: 2->2(39)
[2024-03-24T20:04:22.674+0800][656.701s] GC(156) Old regions: 46->46
[2024-03-24T20:04:22.674+0800][656.701s] GC(156) Humongous regions: 4->4
[2024-03-24T20:04:22.674+0800][656.701s] GC(156) Metaspace: 65843K(66432K)->65843K(66432K) NonClass: 58373K(58688K)->58373K(58688K) Class: 7469K(7744K)->7469K(7744K)
[2024-03-24T20:04:22.674+0800][656.702s] GC(156) Pause Young (Normal) (G1 Evacuation Pause) 355M->51M(512M) 4.284ms
[2024-03-24T20:04:22.674+0800][656.702s] GC(156) User=0.00s Sys=0.00s Real=0.00s
[2024-03-24T20:04:25.686+0800][659.709s] GC(157) Pause Young (Normal) (G1 Evacuation Pause)
[2024-03-24T20:04:25.686+0800][659.709s] GC(157) Using 8 workers of 8 for evacuation
[2024-03-24T20:04:25.691+0800][659.714s] GC(157)   Pre Evacuate Collection Set: 0.5ms
[2024-03-24T20:04:25.691+0800][659.714s] GC(157)   Merge Heap Roots: 0.3ms
[2024-03-24T20:04:25.691+0800][659.715s] GC(157)   Evacuate Collection Set: 2.5ms
[2024-03-24T20:04:25.691+0800][659.715s] GC(157)   Post Evacuate Collection Set: 1.2ms
[2024-03-24T20:04:25.691+0800][659.715s] GC(157)   Other: 0.3ms
[2024-03-24T20:04:25.691+0800][659.715s] GC(157) Eden regions: 305->0(305)
[2024-03-24T20:04:25.691+0800][659.715s] GC(157) Survivor regions: 2->2(39)
[2024-03-24T20:04:25.691+0800][659.715s] GC(157) Old regions: 46->46
[2024-03-24T20:04:25.691+0800][659.715s] GC(157) Humongous regions: 4->4
[2024-03-24T20:04:25.691+0800][659.715s] GC(157) Metaspace: 65843K(66432K)->65843K(66432K) NonClass: 58373K(58688K)->58373K(58688K) Class: 7469K(7744K)->7469K(7744K)
[2024-03-24T20:04:25.691+0800][659.715s] GC(157) Pause Young (Normal) (G1 Evacuation Pause) 356M->51M(512M) 6.073ms
[2024-03-24T20:04:25.691+0800][659.715s] GC(157) User=0.00s Sys=0.00s Real=0.00s
[2024-03-24T20:04:28.685+0800][662.710s] GC(158) Pause Young (Normal) (G1 Evacuation Pause)
[2024-03-24T20:04:28.685+0800][662.710s] GC(158) Using 8 workers of 8 for evacuation
[2024-03-24T20:04:28.690+0800][662.714s] GC(158)   Pre Evacuate Collection Set: 0.3ms
[2024-03-24T20:04:28.690+0800][662.714s] GC(158)   Merge Heap Roots: 0.3ms
[2024-03-24T20:04:28.692+0800][662.714s] GC(158)   Evacuate Collection Set: 2.3ms
[2024-03-24T20:04:28.692+0800][662.714s] GC(158)   Post Evacuate Collection Set: 0.8ms
[2024-03-24T20:04:28.692+0800][662.714s] GC(158)   Other: 0.2ms
[2024-03-24T20:04:28.692+0800][662.714s] GC(158) Eden regions: 305->0(305)
[2024-03-24T20:04:28.692+0800][662.714s] GC(158) Survivor regions: 2->2(39)
[2024-03-24T20:04:28.692+0800][662.715s] GC(158) Old regions: 46->46
[2024-03-24T20:04:28.692+0800][662.715s] GC(158) Humongous regions: 4->4
[2024-03-24T20:04:28.692+0800][662.715s] GC(158) Metaspace: 65843K(66432K)->65843K(66432K) NonClass: 58373K(58688K)->58373K(58688K) Class: 7469K(7744K)->7469K(7744K)
[2024-03-24T20:04:28.692+0800][662.715s] GC(158) Pause Young (Normal) (G1 Evacuation Pause) 356M->50M(512M) 4.619ms
[2024-03-24T20:04:28.692+0800][662.715s] GC(158) User=0.00s Sys=0.00s Real=0.01s
[2024-03-24T20:04:31.599+0800][665.623s] GC(159) Pause Young (Normal) (G1 Evacuation Pause)
[2024-03-24T20:04:31.599+0800][665.623s] GC(159) Using 8 workers of 8 for evacuation
[2024-03-24T20:04:31.599+0800][665.627s] GC(159)   Pre Evacuate Collection Set: 0.3ms
[2024-03-24T20:04:31.604+0800][665.627s] GC(159)   Merge Heap Roots: 0.2ms
[2024-03-24T20:04:31.604+0800][665.627s] GC(159)   Evacuate Collection Set: 2.0ms
[2024-03-24T20:04:31.604+0800][665.627s] GC(159)   Post Evacuate Collection Set: 0.9ms
[2024-03-24T20:04:31.604+0800][665.627s] GC(159)   Other: 0.3ms
[2024-03-24T20:04:31.604+0800][665.627s] GC(159) Eden regions: 305->0(305)
[2024-03-24T20:04:31.604+0800][665.627s] GC(159) Survivor regions: 2->2(39)
[2024-03-24T20:04:31.604+0800][665.627s] GC(159) Old regions: 46->46
[2024-03-24T20:04:31.604+0800][665.627s] GC(159) Humongous regions: 4->4
[2024-03-24T20:04:31.604+0800][665.627s] GC(159) Metaspace: 65843K(66432K)->65843K(66432K) NonClass: 58374K(58688K)->58374K(58688K) Class: 7469K(7744K)->7469K(7744K)
[2024-03-24T20:04:31.604+0800][665.628s] GC(159) Pause Young (Normal) (G1 Evacuation Pause) 355M->50M(512M) 4.980ms
[2024-03-24T20:04:31.604+0800][665.628s] GC(159) User=0.00s Sys=0.00s Real=0.01s
[2024-03-24T20:04:34.517+0800][668.543s] GC(160) Pause Young (Normal) (G1 Evacuation Pause)
[2024-03-24T20:04:34.517+0800][668.543s] GC(160) Using 8 workers of 8 for evacuation
[2024-03-24T20:04:34.522+0800][668.548s] GC(160)   Pre Evacuate Collection Set: 0.3ms
[2024-03-24T20:04:34.522+0800][668.548s] GC(160)   Merge Heap Roots: 0.1ms
[2024-03-24T20:04:34.522+0800][668.548s] GC(160)   Evacuate Collection Set: 2.8ms
[2024-03-24T20:04:34.526+0800][668.548s] GC(160)   Post Evacuate Collection Set: 1.5ms
[2024-03-24T20:04:34.526+0800][668.548s] GC(160)   Other: 0.2ms
[2024-03-24T20:04:34.526+0800][668.548s] GC(160) Eden regions: 305->0(305)
[2024-03-24T20:04:34.526+0800][668.548s] GC(160) Survivor regions: 2->2(39)
[2024-03-24T20:04:34.526+0800][668.549s] GC(160) Old regions: 46->46
[2024-03-24T20:04:34.526+0800][668.549s] GC(160) Humongous regions: 4->4
[2024-03-24T20:04:34.526+0800][668.549s] GC(160) Metaspace: 65844K(66432K)->65844K(66432K) NonClass: 58375K(58688K)->58375K(58688K) Class: 7469K(7744K)->7469K(7744K)
[2024-03-24T20:04:34.526+0800][668.549s] GC(160) Pause Young (Normal) (G1 Evacuation Pause) 355M->51M(512M) 5.677ms
[2024-03-24T20:04:34.526+0800][668.549s] GC(160) User=0.00s Sys=0.00s Real=0.01s
[2024-03-24T20:04:37.462+0800][671.493s] GC(161) Pause Young (Normal) (G1 Evacuation Pause)
[2024-03-24T20:04:37.462+0800][671.493s] GC(161) Using 8 workers of 8 for evacuation
[2024-03-24T20:04:37.478+0800][671.501s] GC(161)   Pre Evacuate Collection Set: 0.5ms
[2024-03-24T20:04:37.478+0800][671.501s] GC(161)   Merge Heap Roots: 0.3ms
[2024-03-24T20:04:37.478+0800][671.501s] GC(161)   Evacuate Collection Set: 4.7ms
[2024-03-24T20:04:37.478+0800][671.501s] GC(161)   Post Evacuate Collection Set: 1.8ms
[2024-03-24T20:04:37.478+0800][671.501s] GC(161)   Other: 0.4ms
[2024-03-24T20:04:37.478+0800][671.501s] GC(161) Eden regions: 305->0(305)
[2024-03-24T20:04:37.478+0800][671.501s] GC(161) Survivor regions: 2->2(39)
[2024-03-24T20:04:37.478+0800][671.501s] GC(161) Old regions: 46->46
[2024-03-24T20:04:37.478+0800][671.501s] GC(161) Humongous regions: 4->4
[2024-03-24T20:04:37.478+0800][671.501s] GC(161) Metaspace: 65844K(66432K)->65844K(66432K) NonClass: 58375K(58688K)->58375K(58688K) Class: 7469K(7744K)->7469K(7744K)
[2024-03-24T20:04:37.478+0800][671.501s] GC(161) Pause Young (Normal) (G1 Evacuation Pause) 356M->51M(512M) 8.727ms
[2024-03-24T20:04:37.478+0800][671.501s] GC(161) User=0.00s Sys=0.00s Real=0.02s
[2024-03-24T20:04:40.272+0800][674.304s] GC(162) Pause Young (Normal) (G1 Evacuation Pause)
[2024-03-24T20:04:40.272+0800][674.304s] GC(162) Using 8 workers of 8 for evacuation
[2024-03-24T20:04:40.282+0800][674.309s] GC(162)   Pre Evacuate Collection Set: 0.4ms
[2024-03-24T20:04:40.282+0800][674.309s] GC(162)   Merge Heap Roots: 0.7ms
[2024-03-24T20:04:40.282+0800][674.310s] GC(162)   Evacuate Collection Set: 2.6ms
[2024-03-24T20:04:40.282+0800][674.310s] GC(162)   Post Evacuate Collection Set: 1.5ms
[2024-03-24T20:04:40.282+0800][674.310s] GC(162)   Other: 0.3ms
[2024-03-24T20:04:40.282+0800][674.310s] GC(162) Eden regions: 305->0(305)
[2024-03-24T20:04:40.282+0800][674.310s] GC(162) Survivor regions: 2->2(39)
[2024-03-24T20:04:40.282+0800][674.310s] GC(162) Old regions: 46->46
[2024-03-24T20:04:40.282+0800][674.310s] GC(162) Humongous regions: 4->4
[2024-03-24T20:04:40.282+0800][674.310s] GC(162) Metaspace: 65844K(66432K)->65844K(66432K) NonClass: 58375K(58688K)->58375K(58688K) Class: 7469K(7744K)->7469K(7744K)
[2024-03-24T20:04:40.282+0800][674.310s] GC(162) Pause Young (Normal) (G1 Evacuation Pause) 356M->50M(512M) 6.097ms
[2024-03-24T20:04:40.282+0800][674.310s] GC(162) User=0.00s Sys=0.00s Real=0.01s
[2024-03-24T20:04:43.211+0800][677.237s] GC(163) Pause Young (Normal) (G1 Evacuation Pause)
[2024-03-24T20:04:43.211+0800][677.237s] GC(163) Using 8 workers of 8 for evacuation
[2024-03-24T20:04:43.217+0800][677.241s] GC(163)   Pre Evacuate Collection Set: 0.4ms
[2024-03-24T20:04:43.217+0800][677.241s] GC(163)   Merge Heap Roots: 0.3ms
[2024-03-24T20:04:43.217+0800][677.241s] GC(163)   Evacuate Collection Set: 2.3ms
[2024-03-24T20:04:43.217+0800][677.241s] GC(163)   Post Evacuate Collection Set: 1.1ms
[2024-03-24T20:04:43.217+0800][677.241s] GC(163)   Other: 0.2ms
[2024-03-24T20:04:43.217+0800][677.241s] GC(163) Eden regions: 305->0(305)
[2024-03-24T20:04:43.217+0800][677.241s] GC(163) Survivor regions: 2->2(39)
[2024-03-24T20:04:43.217+0800][677.241s] GC(163) Old regions: 46->46
[2024-03-24T20:04:43.217+0800][677.241s] GC(163) Humongous regions: 4->4
[2024-03-24T20:04:43.217+0800][677.241s] GC(163) Metaspace: 65845K(66432K)->65845K(66432K) NonClass: 58376K(58688K)->58376K(58688K) Class: 7469K(7744K)->7469K(7744K)
[2024-03-24T20:04:43.217+0800][677.242s] GC(163) Pause Young (Normal) (G1 Evacuation Pause) 355M->50M(512M) 4.937ms
[2024-03-24T20:04:43.217+0800][677.242s] GC(163) User=0.02s Sys=0.00s Real=0.01s
[2024-03-24T20:04:46.171+0800][680.193s] GC(164) Pause Young (Normal) (G1 Evacuation Pause)
[2024-03-24T20:04:46.171+0800][680.193s] GC(164) Using 8 workers of 8 for evacuation
[2024-03-24T20:04:46.174+0800][680.199s] GC(164)   Pre Evacuate Collection Set: 0.3ms
[2024-03-24T20:04:46.174+0800][680.199s] GC(164)   Merge Heap Roots: 0.2ms
[2024-03-24T20:04:46.174+0800][680.199s] GC(164)   Evacuate Collection Set: 3.5ms
[2024-03-24T20:04:46.174+0800][680.199s] GC(164)   Post Evacuate Collection Set: 0.9ms
[2024-03-24T20:04:46.174+0800][680.199s] GC(164)   Other: 0.2ms
[2024-03-24T20:04:46.174+0800][680.199s] GC(164) Eden regions: 305->0(305)
[2024-03-24T20:04:46.174+0800][680.199s] GC(164) Survivor regions: 2->2(39)
[2024-03-24T20:04:46.174+0800][680.199s] GC(164) Old regions: 46->46
[2024-03-24T20:04:46.174+0800][680.199s] GC(164) Humongous regions: 4->4
[2024-03-24T20:04:46.174+0800][680.199s] GC(164) Metaspace: 65845K(66432K)->65845K(66432K) NonClass: 58376K(58688K)->58376K(58688K) Class: 7469K(7744K)->7469K(7744K)
[2024-03-24T20:04:46.176+0800][680.199s] GC(164) Pause Young (Normal) (G1 Evacuation Pause) 355M->50M(512M) 5.774ms
[2024-03-24T20:04:46.176+0800][680.199s] GC(164) User=0.00s Sys=0.00s Real=0.01s
[2024-03-24T20:04:49.020+0800][683.047s] GC(165) Pause Young (Normal) (G1 Evacuation Pause)
[2024-03-24T20:04:49.020+0800][683.047s] GC(165) Using 8 workers of 8 for evacuation
[2024-03-24T20:04:49.032+0800][683.055s] GC(165)   Pre Evacuate Collection Set: 0.4ms
[2024-03-24T20:04:49.032+0800][683.055s] GC(165)   Merge Heap Roots: 0.2ms
[2024-03-24T20:04:49.032+0800][683.055s] GC(165)   Evacuate Collection Set: 5.9ms
[2024-03-24T20:04:49.032+0800][683.055s] GC(165)   Post Evacuate Collection Set: 1.6ms
[2024-03-24T20:04:49.032+0800][683.055s] GC(165)   Other: 0.2ms
[2024-03-24T20:04:49.032+0800][683.055s] GC(165) Eden regions: 305->0(305)
[2024-03-24T20:04:49.032+0800][683.055s] GC(165) Survivor regions: 2->2(39)
[2024-03-24T20:04:49.032+0800][683.055s] GC(165) Old regions: 46->46
[2024-03-24T20:04:49.032+0800][683.055s] GC(165) Humongous regions: 4->4
[2024-03-24T20:04:49.032+0800][683.055s] GC(165) Metaspace: 65845K(66432K)->65845K(66432K) NonClass: 58376K(58688K)->58376K(58688K) Class: 7469K(7744K)->7469K(7744K)
[2024-03-24T20:04:49.032+0800][683.055s] GC(165) Pause Young (Normal) (G1 Evacuation Pause) 355M->50M(512M) 8.678ms
[2024-03-24T20:04:49.032+0800][683.055s] GC(165) User=0.00s Sys=0.00s Real=0.01s
[2024-03-24T20:04:51.705+0800][685.727s] GC(166) Pause Young (Normal) (G1 Evacuation Pause)
[2024-03-24T20:04:51.705+0800][685.727s] GC(166) Using 8 workers of 8 for evacuation
[2024-03-24T20:04:51.710+0800][685.733s] GC(166)   Pre Evacuate Collection Set: 0.4ms
[2024-03-24T20:04:51.710+0800][685.733s] GC(166)   Merge Heap Roots: 0.3ms
[2024-03-24T20:04:51.710+0800][685.733s] GC(166)   Evacuate Collection Set: 3.6ms
[2024-03-24T20:04:51.710+0800][685.733s] GC(166)   Post Evacuate Collection Set: 1.1ms
[2024-03-24T20:04:51.710+0800][685.733s] GC(166)   Other: 0.3ms
[2024-03-24T20:04:51.710+0800][685.734s] GC(166) Eden regions: 305->0(305)
[2024-03-24T20:04:51.710+0800][685.734s] GC(166) Survivor regions: 2->2(39)
[2024-03-24T20:04:51.710+0800][685.734s] GC(166) Old regions: 46->46
[2024-03-24T20:04:51.710+0800][685.734s] GC(166) Humongous regions: 4->4
[2024-03-24T20:04:51.710+0800][685.734s] GC(166) Metaspace: 65846K(66432K)->65846K(66432K) NonClass: 58376K(58688K)->58376K(58688K) Class: 7469K(7744K)->7469K(7744K)
[2024-03-24T20:04:51.710+0800][685.734s] GC(166) Pause Young (Normal) (G1 Evacuation Pause) 355M->51M(512M) 6.631ms
[2024-03-24T20:04:51.710+0800][685.734s] GC(166) User=0.00s Sys=0.00s Real=0.01s
[2024-03-24T20:04:54.229+0800][688.255s] GC(167) Pause Young (Normal) (G1 Evacuation Pause)
[2024-03-24T20:04:54.229+0800][688.255s] GC(167) Using 8 workers of 8 for evacuation
[2024-03-24T20:04:54.229+0800][688.260s] GC(167)   Pre Evacuate Collection Set: 0.4ms
[2024-03-24T20:04:54.229+0800][688.260s] GC(167)   Merge Heap Roots: 0.2ms
[2024-03-24T20:04:54.229+0800][688.260s] GC(167)   Evacuate Collection Set: 2.7ms
[2024-03-24T20:04:54.229+0800][688.260s] GC(167)   Post Evacuate Collection Set: 1.2ms
[2024-03-24T20:04:54.229+0800][688.260s] GC(167)   Other: 0.2ms
[2024-03-24T20:04:54.229+0800][688.260s] GC(167) Eden regions: 305->0(305)
[2024-03-24T20:04:54.229+0800][688.260s] GC(167) Survivor regions: 2->2(39)
[2024-03-24T20:04:54.229+0800][688.260s] GC(167) Old regions: 46->46
[2024-03-24T20:04:54.229+0800][688.260s] GC(167) Humongous regions: 4->4
[2024-03-24T20:04:54.229+0800][688.260s] GC(167) Metaspace: 65854K(66496K)->65854K(66496K) NonClass: 58384K(58752K)->58384K(58752K) Class: 7469K(7744K)->7469K(7744K)
[2024-03-24T20:04:54.229+0800][688.260s] GC(167) Pause Young (Normal) (G1 Evacuation Pause) 356M->51M(512M) 5.857ms
[2024-03-24T20:04:54.229+0800][688.261s] GC(167) User=0.00s Sys=0.00s Real=0.00s
[2024-03-24T20:04:56.927+0800][690.958s] GC(168) Pause Young (Normal) (G1 Evacuation Pause)
[2024-03-24T20:04:56.927+0800][690.958s] GC(168) Using 8 workers of 8 for evacuation
[2024-03-24T20:04:56.940+0800][690.962s] GC(168)   Pre Evacuate Collection Set: 0.4ms
[2024-03-24T20:04:56.940+0800][690.962s] GC(168)   Merge Heap Roots: 0.2ms
[2024-03-24T20:04:56.940+0800][690.962s] GC(168)   Evacuate Collection Set: 2.9ms
[2024-03-24T20:04:56.940+0800][690.962s] GC(168)   Post Evacuate Collection Set: 0.8ms
[2024-03-24T20:04:56.940+0800][690.962s] GC(168)   Other: 0.2ms
[2024-03-24T20:04:56.940+0800][690.962s] GC(168) Eden regions: 305->0(305)
[2024-03-24T20:04:56.940+0800][690.962s] GC(168) Survivor regions: 2->2(39)
[2024-03-24T20:04:56.940+0800][690.963s] GC(168) Old regions: 46->46
[2024-03-24T20:04:56.940+0800][690.963s] GC(168) Humongous regions: 4->4
[2024-03-24T20:04:56.940+0800][690.963s] GC(168) Metaspace: 65856K(66496K)->65856K(66496K) NonClass: 58386K(58752K)->58386K(58752K) Class: 7469K(7744K)->7469K(7744K)
[2024-03-24T20:04:56.940+0800][690.963s] GC(168) Pause Young (Normal) (G1 Evacuation Pause) 356M->51M(512M) 4.788ms
[2024-03-24T20:04:56.940+0800][690.963s] GC(168) User=0.03s Sys=0.02s Real=0.01s
[2024-03-24T20:04:59.628+0800][693.651s] GC(169) Pause Young (Normal) (G1 Evacuation Pause)
[2024-03-24T20:04:59.628+0800][693.651s] GC(169) Using 8 workers of 8 for evacuation
[2024-03-24T20:04:59.632+0800][693.656s] GC(169)   Pre Evacuate Collection Set: 0.4ms
[2024-03-24T20:04:59.633+0800][693.656s] GC(169)   Merge Heap Roots: 0.2ms
[2024-03-24T20:04:59.633+0800][693.656s] GC(169)   Evacuate Collection Set: 2.9ms
[2024-03-24T20:04:59.633+0800][693.656s] GC(169)   Post Evacuate Collection Set: 1.3ms
[2024-03-24T20:04:59.633+0800][693.656s] GC(169)   Other: 0.2ms
[2024-03-24T20:04:59.633+0800][693.656s] GC(169) Eden regions: 305->0(305)
[2024-03-24T20:04:59.633+0800][693.656s] GC(169) Survivor regions: 2->2(39)
[2024-03-24T20:04:59.633+0800][693.656s] GC(169) Old regions: 46->46
[2024-03-24T20:04:59.633+0800][693.656s] GC(169) Humongous regions: 4->4
[2024-03-24T20:04:59.633+0800][693.656s] GC(169) Metaspace: 65856K(66496K)->65856K(66496K) NonClass: 58386K(58752K)->58386K(58752K) Class: 7469K(7744K)->7469K(7744K)
[2024-03-24T20:04:59.633+0800][693.656s] GC(169) Pause Young (Normal) (G1 Evacuation Pause) 356M->51M(512M) 5.746ms
[2024-03-24T20:04:59.633+0800][693.657s] GC(169) User=0.00s Sys=0.00s Real=0.00s
[2024-03-24T20:05:02.287+0800][696.313s] GC(170) Pause Young (Normal) (G1 Evacuation Pause)
[2024-03-24T20:05:02.287+0800][696.313s] GC(170) Using 8 workers of 8 for evacuation
[2024-03-24T20:05:02.293+0800][696.317s] GC(170)   Pre Evacuate Collection Set: 0.2ms
[2024-03-24T20:05:02.293+0800][696.317s] GC(170)   Merge Heap Roots: 0.1ms
[2024-03-24T20:05:02.293+0800][696.317s] GC(170)   Evacuate Collection Set: 2.2ms
[2024-03-24T20:05:02.293+0800][696.317s] GC(170)   Post Evacuate Collection Set: 0.7ms
[2024-03-24T20:05:02.293+0800][696.317s] GC(170)   Other: 0.1ms
[2024-03-24T20:05:02.293+0800][696.317s] GC(170) Eden regions: 305->0(305)
[2024-03-24T20:05:02.293+0800][696.317s] GC(170) Survivor regions: 2->2(39)
[2024-03-24T20:05:02.293+0800][696.317s] GC(170) Old regions: 46->46
[2024-03-24T20:05:02.293+0800][696.317s] GC(170) Humongous regions: 4->4
[2024-03-24T20:05:02.295+0800][696.317s] GC(170) Metaspace: 65857K(66496K)->65857K(66496K) NonClass: 58388K(58752K)->58388K(58752K) Class: 7469K(7744K)->7469K(7744K)
[2024-03-24T20:05:02.295+0800][696.317s] GC(170) Pause Young (Normal) (G1 Evacuation Pause) 356M->51M(512M) 3.847ms
[2024-03-24T20:05:02.295+0800][696.317s] GC(170) User=0.08s Sys=0.00s Real=0.01s
[2024-03-24T20:05:05.033+0800][699.061s] GC(171) Pause Young (Normal) (G1 Evacuation Pause)
[2024-03-24T20:05:05.033+0800][699.061s] GC(171) Using 8 workers of 8 for evacuation
[2024-03-24T20:05:05.041+0800][699.066s] GC(171)   Pre Evacuate Collection Set: 0.4ms
[2024-03-24T20:05:05.041+0800][699.066s] GC(171)   Merge Heap Roots: 0.3ms
[2024-03-24T20:05:05.041+0800][699.066s] GC(171)   Evacuate Collection Set: 2.6ms
[2024-03-24T20:05:05.041+0800][699.066s] GC(171)   Post Evacuate Collection Set: 1.8ms
[2024-03-24T20:05:05.041+0800][699.066s] GC(171)   Other: 0.3ms
[2024-03-24T20:05:05.041+0800][699.066s] GC(171) Eden regions: 305->0(305)
[2024-03-24T20:05:05.041+0800][699.067s] GC(171) Survivor regions: 2->2(39)
[2024-03-24T20:05:05.041+0800][699.067s] GC(171) Old regions: 46->46
[2024-03-24T20:05:05.041+0800][699.067s] GC(171) Humongous regions: 4->4
[2024-03-24T20:05:05.041+0800][699.067s] GC(171) Metaspace: 65861K(66496K)->65861K(66496K) NonClass: 58391K(58752K)->58391K(58752K) Class: 7469K(7744K)->7469K(7744K)
[2024-03-24T20:05:05.041+0800][699.067s] GC(171) Pause Young (Normal) (G1 Evacuation Pause) 356M->51M(512M) 6.239ms
[2024-03-24T20:05:05.041+0800][699.067s] GC(171) User=0.00s Sys=0.00s Real=0.01s
[2024-03-24T20:05:07.817+0800][701.842s] GC(172) Pause Young (Normal) (G1 Evacuation Pause)
[2024-03-24T20:05:07.817+0800][701.842s] GC(172) Using 8 workers of 8 for evacuation
[2024-03-24T20:05:07.817+0800][701.847s] GC(172)   Pre Evacuate Collection Set: 0.4ms
[2024-03-24T20:05:07.817+0800][701.847s] GC(172)   Merge Heap Roots: 0.5ms
[2024-03-24T20:05:07.817+0800][701.847s] GC(172)   Evacuate Collection Set: 2.8ms
[2024-03-24T20:05:07.817+0800][701.847s] GC(172)   Post Evacuate Collection Set: 0.8ms
[2024-03-24T20:05:07.817+0800][701.847s] GC(172)   Other: 0.2ms
[2024-03-24T20:05:07.817+0800][701.847s] GC(172) Eden regions: 305->0(305)
[2024-03-24T20:05:07.817+0800][701.847s] GC(172) Survivor regions: 2->2(39)
[2024-03-24T20:05:07.817+0800][701.847s] GC(172) Old regions: 46->46
[2024-03-24T20:05:07.817+0800][701.847s] GC(172) Humongous regions: 4->4
[2024-03-24T20:05:07.817+0800][701.848s] GC(172) Metaspace: 65861K(66496K)->65861K(66496K) NonClass: 58391K(58752K)->58391K(58752K) Class: 7469K(7744K)->7469K(7744K)
[2024-03-24T20:05:07.817+0800][701.848s] GC(172) Pause Young (Normal) (G1 Evacuation Pause) 356M->51M(512M) 5.347ms
[2024-03-24T20:05:07.817+0800][701.848s] GC(172) User=0.00s Sys=0.00s Real=0.00s
[2024-03-24T20:05:14.310+0800][708.336s] GC(173) Pause Young (Normal) (G1 Evacuation Pause)
[2024-03-24T20:05:14.310+0800][708.336s] GC(173) Using 8 workers of 8 for evacuation
[2024-03-24T20:05:14.315+0800][708.340s] GC(173)   Pre Evacuate Collection Set: 0.4ms
[2024-03-24T20:05:14.315+0800][708.340s] GC(173)   Merge Heap Roots: 0.2ms
[2024-03-24T20:05:14.315+0800][708.340s] GC(173)   Evacuate Collection Set: 2.2ms
[2024-03-24T20:05:14.315+0800][708.340s] GC(173)   Post Evacuate Collection Set: 1.0ms
[2024-03-24T20:05:14.315+0800][708.340s] GC(173)   Other: 0.2ms
[2024-03-24T20:05:14.315+0800][708.340s] GC(173) Eden regions: 305->0(305)
[2024-03-24T20:05:14.315+0800][708.340s] GC(173) Survivor regions: 2->2(39)
[2024-03-24T20:05:14.315+0800][708.340s] GC(173) Old regions: 46->46
[2024-03-24T20:05:14.315+0800][708.340s] GC(173) Humongous regions: 4->4
[2024-03-24T20:05:14.315+0800][708.340s] GC(173) Metaspace: 65861K(66496K)->65861K(66496K) NonClass: 58391K(58752K)->58391K(58752K) Class: 7469K(7744K)->7469K(7744K)
[2024-03-24T20:05:14.315+0800][708.340s] GC(173) Pause Young (Normal) (G1 Evacuation Pause) 356M->51M(512M) 4.606ms
[2024-03-24T20:05:14.315+0800][708.340s] GC(173) User=0.00s Sys=0.00s Real=0.01s
[2024-03-24T20:05:16.964+0800][710.990s] GC(174) Pause Young (Normal) (G1 Evacuation Pause)
[2024-03-24T20:05:16.964+0800][710.990s] GC(174) Using 8 workers of 8 for evacuation
[2024-03-24T20:05:16.964+0800][710.994s] GC(174)   Pre Evacuate Collection Set: 0.4ms
[2024-03-24T20:05:16.964+0800][710.995s] GC(174)   Merge Heap Roots: 0.3ms
[2024-03-24T20:05:16.964+0800][710.995s] GC(174)   Evacuate Collection Set: 2.6ms
[2024-03-24T20:05:16.964+0800][710.995s] GC(174)   Post Evacuate Collection Set: 0.9ms
[2024-03-24T20:05:16.964+0800][710.995s] GC(174)   Other: 0.2ms
[2024-03-24T20:05:16.964+0800][710.995s] GC(174) Eden regions: 305->0(305)
[2024-03-24T20:05:16.964+0800][710.995s] GC(174) Survivor regions: 2->2(39)
[2024-03-24T20:05:16.964+0800][710.995s] GC(174) Old regions: 46->46
[2024-03-24T20:05:16.964+0800][710.995s] GC(174) Humongous regions: 4->4
[2024-03-24T20:05:16.964+0800][710.995s] GC(174) Metaspace: 65861K(66496K)->65861K(66496K) NonClass: 58391K(58752K)->58391K(58752K) Class: 7469K(7744K)->7469K(7744K)
[2024-03-24T20:05:16.964+0800][710.995s] GC(174) Pause Young (Normal) (G1 Evacuation Pause) 356M->51M(512M) 4.938ms
[2024-03-24T20:05:16.964+0800][710.995s] GC(174) User=0.00s Sys=0.00s Real=0.00s
[2024-03-24T20:05:19.580+0800][713.603s] GC(175) Pause Young (Normal) (G1 Evacuation Pause)
[2024-03-24T20:05:19.580+0800][713.603s] GC(175) Using 8 workers of 8 for evacuation
[2024-03-24T20:05:19.586+0800][713.609s] GC(175)   Pre Evacuate Collection Set: 0.2ms
[2024-03-24T20:05:19.586+0800][713.609s] GC(175)   Merge Heap Roots: 0.1ms
[2024-03-24T20:05:19.586+0800][713.609s] GC(175)   Evacuate Collection Set: 3.9ms
[2024-03-24T20:05:19.586+0800][713.609s] GC(175)   Post Evacuate Collection Set: 1.3ms
[2024-03-24T20:05:19.586+0800][713.609s] GC(175)   Other: 0.2ms
[2024-03-24T20:05:19.586+0800][713.609s] GC(175) Eden regions: 305->0(305)
[2024-03-24T20:05:19.586+0800][713.609s] GC(175) Survivor regions: 2->2(39)
[2024-03-24T20:05:19.586+0800][713.609s] GC(175) Old regions: 46->46
[2024-03-24T20:05:19.586+0800][713.609s] GC(175) Humongous regions: 4->4
[2024-03-24T20:05:19.586+0800][713.609s] GC(175) Metaspace: 65864K(66496K)->65864K(66496K) NonClass: 58394K(58752K)->58394K(58752K) Class: 7470K(7744K)->7470K(7744K)
[2024-03-24T20:05:19.586+0800][713.609s] GC(175) Pause Young (Normal) (G1 Evacuation Pause) 356M->51M(512M) 6.124ms
[2024-03-24T20:05:19.586+0800][713.609s] GC(175) User=0.00s Sys=0.00s Real=0.01s
[2024-03-24T20:05:22.198+0800][716.227s] GC(176) Pause Young (Normal) (G1 Evacuation Pause)
[2024-03-24T20:05:22.198+0800][716.227s] GC(176) Using 8 workers of 8 for evacuation
[2024-03-24T20:05:22.208+0800][716.232s] GC(176)   Pre Evacuate Collection Set: 0.3ms
[2024-03-24T20:05:22.208+0800][716.232s] GC(176)   Merge Heap Roots: 0.2ms
[2024-03-24T20:05:22.208+0800][716.232s] GC(176)   Evacuate Collection Set: 2.9ms
[2024-03-24T20:05:22.208+0800][716.232s] GC(176)   Post Evacuate Collection Set: 1.2ms
[2024-03-24T20:05:22.208+0800][716.232s] GC(176)   Other: 0.2ms
[2024-03-24T20:05:22.208+0800][716.232s] GC(176) Eden regions: 305->0(305)
[2024-03-24T20:05:22.208+0800][716.232s] GC(176) Survivor regions: 2->2(39)
[2024-03-24T20:05:22.208+0800][716.232s] GC(176) Old regions: 46->46
[2024-03-24T20:05:22.208+0800][716.232s] GC(176) Humongous regions: 4->4
[2024-03-24T20:05:22.208+0800][716.232s] GC(176) Metaspace: 65864K(66496K)->65864K(66496K) NonClass: 58394K(58752K)->58394K(58752K) Class: 7470K(7744K)->7470K(7744K)
[2024-03-24T20:05:22.210+0800][716.232s] GC(176) Pause Young (Normal) (G1 Evacuation Pause) 356M->51M(512M) 5.510ms
[2024-03-24T20:05:22.210+0800][716.233s] GC(176) User=0.00s Sys=0.00s Real=0.01s
[2024-03-24T20:05:24.656+0800][718.681s] GC(177) Pause Young (Normal) (G1 Evacuation Pause)
[2024-03-24T20:05:24.656+0800][718.681s] GC(177) Using 8 workers of 8 for evacuation
[2024-03-24T20:05:24.656+0800][718.685s] GC(177)   Pre Evacuate Collection Set: 0.3ms
[2024-03-24T20:05:24.656+0800][718.685s] GC(177)   Merge Heap Roots: 0.1ms
[2024-03-24T20:05:24.656+0800][718.685s] GC(177)   Evacuate Collection Set: 2.0ms
[2024-03-24T20:05:24.656+0800][718.685s] GC(177)   Post Evacuate Collection Set: 1.1ms
[2024-03-24T20:05:24.656+0800][718.685s] GC(177)   Other: 0.2ms
[2024-03-24T20:05:24.656+0800][718.685s] GC(177) Eden regions: 305->0(305)
[2024-03-24T20:05:24.656+0800][718.685s] GC(177) Survivor regions: 2->2(39)
[2024-03-24T20:05:24.656+0800][718.685s] GC(177) Old regions: 46->46
[2024-03-24T20:05:24.656+0800][718.685s] GC(177) Humongous regions: 4->4
[2024-03-24T20:05:24.656+0800][718.685s] GC(177) Metaspace: 65866K(66560K)->65866K(66560K) NonClass: 58395K(58816K)->58395K(58816K) Class: 7470K(7744K)->7470K(7744K)
[2024-03-24T20:05:24.656+0800][718.686s] GC(177) Pause Young (Normal) (G1 Evacuation Pause) 356M->51M(512M) 4.340ms
[2024-03-24T20:05:24.656+0800][718.686s] GC(177) User=0.00s Sys=0.00s Real=0.00s
[2024-03-24T20:05:27.219+0800][721.242s] GC(178) Pause Young (Normal) (G1 Evacuation Pause)
[2024-03-24T20:05:27.219+0800][721.242s] GC(178) Using 8 workers of 8 for evacuation
[2024-03-24T20:05:27.222+0800][721.247s] GC(178)   Pre Evacuate Collection Set: 0.4ms
[2024-03-24T20:05:27.222+0800][721.247s] GC(178)   Merge Heap Roots: 0.1ms
[2024-03-24T20:05:27.222+0800][721.247s] GC(178)   Evacuate Collection Set: 2.6ms
[2024-03-24T20:05:27.222+0800][721.247s] GC(178)   Post Evacuate Collection Set: 1.4ms
[2024-03-24T20:05:27.222+0800][721.247s] GC(178)   Other: 0.2ms
[2024-03-24T20:05:27.222+0800][721.247s] GC(178) Eden regions: 305->0(305)
[2024-03-24T20:05:27.222+0800][721.247s] GC(178) Survivor regions: 2->2(39)
[2024-03-24T20:05:27.222+0800][721.247s] GC(178) Old regions: 46->46
[2024-03-24T20:05:27.222+0800][721.247s] GC(178) Humongous regions: 4->4
[2024-03-24T20:05:27.222+0800][721.247s] GC(178) Metaspace: 65866K(66560K)->65866K(66560K) NonClass: 58395K(58816K)->58395K(58816K) Class: 7470K(7744K)->7470K(7744K)
[2024-03-24T20:05:27.222+0800][721.247s] GC(178) Pause Young (Normal) (G1 Evacuation Pause) 356M->51M(512M) 5.385ms
[2024-03-24T20:05:27.222+0800][721.247s] GC(178) User=0.00s Sys=0.00s Real=0.00s
[2024-03-24T20:05:30.017+0800][724.040s] GC(179) Pause Young (Normal) (G1 Evacuation Pause)
[2024-03-24T20:05:30.017+0800][724.040s] GC(179) Using 8 workers of 8 for evacuation
[2024-03-24T20:05:30.021+0800][724.046s] GC(179)   Pre Evacuate Collection Set: 0.3ms
[2024-03-24T20:05:30.021+0800][724.046s] GC(179)   Merge Heap Roots: 0.1ms
[2024-03-24T20:05:30.021+0800][724.046s] GC(179)   Evacuate Collection Set: 4.4ms
[2024-03-24T20:05:30.021+0800][724.046s] GC(179)   Post Evacuate Collection Set: 0.7ms
[2024-03-24T20:05:30.021+0800][724.046s] GC(179)   Other: 0.2ms
[2024-03-24T20:05:30.021+0800][724.046s] GC(179) Eden regions: 305->0(305)
[2024-03-24T20:05:30.021+0800][724.046s] GC(179) Survivor regions: 2->2(39)
[2024-03-24T20:05:30.021+0800][724.046s] GC(179) Old regions: 46->46
[2024-03-24T20:05:30.021+0800][724.046s] GC(179) Humongous regions: 4->4
[2024-03-24T20:05:30.021+0800][724.046s] GC(179) Metaspace: 65866K(66560K)->65866K(66560K) NonClass: 58395K(58816K)->58395K(58816K) Class: 7470K(7744K)->7470K(7744K)
[2024-03-24T20:05:30.021+0800][724.046s] GC(179) Pause Young (Normal) (G1 Evacuation Pause) 356M->51M(512M) 6.348ms
[2024-03-24T20:05:30.021+0800][724.046s] GC(179) User=0.00s Sys=0.00s Real=0.00s
[2024-03-24T20:05:36.092+0800][730.117s] GC(180) Pause Young (Normal) (G1 Evacuation Pause)
[2024-03-24T20:05:36.094+0800][730.117s] GC(180) Using 8 workers of 8 for evacuation
[2024-03-24T20:05:36.095+0800][730.121s] GC(180)   Pre Evacuate Collection Set: 0.3ms
[2024-03-24T20:05:36.098+0800][730.121s] GC(180)   Merge Heap Roots: 0.2ms
[2024-03-24T20:05:36.098+0800][730.121s] GC(180)   Evacuate Collection Set: 2.2ms
[2024-03-24T20:05:36.098+0800][730.121s] GC(180)   Post Evacuate Collection Set: 0.7ms
[2024-03-24T20:05:36.098+0800][730.121s] GC(180)   Other: 0.3ms
[2024-03-24T20:05:36.098+0800][730.121s] GC(180) Eden regions: 305->0(305)
[2024-03-24T20:05:36.098+0800][730.121s] GC(180) Survivor regions: 2->2(39)
[2024-03-24T20:05:36.098+0800][730.121s] GC(180) Old regions: 46->47
[2024-03-24T20:05:36.098+0800][730.121s] GC(180) Humongous regions: 4->4
[2024-03-24T20:05:36.098+0800][730.122s] GC(180) Metaspace: 65872K(66560K)->65872K(66560K) NonClass: 58402K(58816K)->58402K(58816K) Class: 7470K(7744K)->7470K(7744K)
[2024-03-24T20:05:36.098+0800][730.122s] GC(180) Pause Young (Normal) (G1 Evacuation Pause) 356M->51M(512M) 4.597ms
[2024-03-24T20:05:36.098+0800][730.122s] GC(180) User=0.00s Sys=0.00s Real=0.01s
[2024-03-24T20:05:38.671+0800][732.696s] GC(181) Pause Young (Normal) (G1 Evacuation Pause)
[2024-03-24T20:05:38.671+0800][732.697s] GC(181) Using 8 workers of 8 for evacuation
[2024-03-24T20:05:38.671+0800][732.702s] GC(181)   Pre Evacuate Collection Set: 0.4ms
[2024-03-24T20:05:38.671+0800][732.702s] GC(181)   Merge Heap Roots: 0.2ms
[2024-03-24T20:05:38.671+0800][732.702s] GC(181)   Evacuate Collection Set: 3.0ms
[2024-03-24T20:05:38.671+0800][732.702s] GC(181)   Post Evacuate Collection Set: 1.1ms
[2024-03-24T20:05:38.671+0800][732.702s] GC(181)   Other: 0.3ms
[2024-03-24T20:05:38.671+0800][732.702s] GC(181) Eden regions: 305->0(305)
[2024-03-24T20:05:38.671+0800][732.702s] GC(181) Survivor regions: 2->2(39)
[2024-03-24T20:05:38.671+0800][732.702s] GC(181) Old regions: 47->47
[2024-03-24T20:05:38.671+0800][732.702s] GC(181) Humongous regions: 4->4
[2024-03-24T20:05:38.671+0800][732.702s] GC(181) Metaspace: 65872K(66560K)->65872K(66560K) NonClass: 58402K(58816K)->58402K(58816K) Class: 7470K(7744K)->7470K(7744K)
[2024-03-24T20:05:38.671+0800][732.702s] GC(181) Pause Young (Normal) (G1 Evacuation Pause) 356M->51M(512M) 5.764ms
[2024-03-24T20:05:38.671+0800][732.702s] GC(181) User=0.00s Sys=0.00s Real=0.00s
[2024-03-24T20:05:41.141+0800][735.166s] GC(182) Pause Young (Normal) (G1 Evacuation Pause)
[2024-03-24T20:05:41.141+0800][735.166s] GC(182) Using 8 workers of 8 for evacuation
[2024-03-24T20:05:41.141+0800][735.171s] GC(182)   Pre Evacuate Collection Set: 0.7ms
[2024-03-24T20:05:41.141+0800][735.172s] GC(182)   Merge Heap Roots: 0.2ms
[2024-03-24T20:05:41.141+0800][735.172s] GC(182)   Evacuate Collection Set: 2.3ms
[2024-03-24T20:05:41.141+0800][735.172s] GC(182)   Post Evacuate Collection Set: 1.4ms
[2024-03-24T20:05:41.141+0800][735.172s] GC(182)   Other: 0.3ms
[2024-03-24T20:05:41.141+0800][735.172s] GC(182) Eden regions: 305->0(305)
[2024-03-24T20:05:41.141+0800][735.172s] GC(182) Survivor regions: 2->2(39)
[2024-03-24T20:05:41.141+0800][735.172s] GC(182) Old regions: 47->47
[2024-03-24T20:05:41.141+0800][735.172s] GC(182) Humongous regions: 4->4
[2024-03-24T20:05:41.141+0800][735.172s] GC(182) Metaspace: 65878K(66560K)->65878K(66560K) NonClass: 58408K(58816K)->58408K(58816K) Class: 7470K(7744K)->7470K(7744K)
[2024-03-24T20:05:41.141+0800][735.172s] GC(182) Pause Young (Normal) (G1 Evacuation Pause) 356M->51M(512M) 5.875ms
[2024-03-24T20:05:41.141+0800][735.172s] GC(182) User=0.00s Sys=0.00s Real=0.00s
[2024-03-24T20:05:43.711+0800][737.736s] GC(183) Pause Young (Normal) (G1 Evacuation Pause)
[2024-03-24T20:05:43.711+0800][737.736s] GC(183) Using 8 workers of 8 for evacuation
[2024-03-24T20:05:43.716+0800][737.740s] GC(183)   Pre Evacuate Collection Set: 0.2ms
[2024-03-24T20:05:43.716+0800][737.740s] GC(183)   Merge Heap Roots: 0.1ms
[2024-03-24T20:05:43.716+0800][737.740s] GC(183)   Evacuate Collection Set: 2.0ms
[2024-03-24T20:05:43.716+0800][737.740s] GC(183)   Post Evacuate Collection Set: 0.7ms
[2024-03-24T20:05:43.716+0800][737.740s] GC(183)   Other: 0.2ms
[2024-03-24T20:05:43.716+0800][737.740s] GC(183) Eden regions: 305->0(305)
[2024-03-24T20:05:43.716+0800][737.740s] GC(183) Survivor regions: 2->2(39)
[2024-03-24T20:05:43.716+0800][737.740s] GC(183) Old regions: 47->47
[2024-03-24T20:05:43.716+0800][737.740s] GC(183) Humongous regions: 4->4
[2024-03-24T20:05:43.716+0800][737.740s] GC(183) Metaspace: 65899K(66560K)->65899K(66560K) NonClass: 58428K(58816K)->58428K(58816K) Class: 7471K(7744K)->7471K(7744K)
[2024-03-24T20:05:43.716+0800][737.740s] GC(183) Pause Young (Normal) (G1 Evacuation Pause) 356M->51M(512M) 4.015ms
[2024-03-24T20:05:43.716+0800][737.740s] GC(183) User=0.03s Sys=0.00s Real=0.01s
[2024-03-24T20:05:46.353+0800][740.379s] GC(184) Pause Young (Normal) (G1 Evacuation Pause)
[2024-03-24T20:05:46.353+0800][740.380s] GC(184) Using 8 workers of 8 for evacuation
[2024-03-24T20:05:46.353+0800][740.383s] GC(184)   Pre Evacuate Collection Set: 0.2ms
[2024-03-24T20:05:46.353+0800][740.384s] GC(184)   Merge Heap Roots: 0.2ms
[2024-03-24T20:05:46.353+0800][740.384s] GC(184)   Evacuate Collection Set: 2.3ms
[2024-03-24T20:05:46.353+0800][740.384s] GC(184)   Post Evacuate Collection Set: 0.9ms
[2024-03-24T20:05:46.353+0800][740.384s] GC(184)   Other: 0.2ms
[2024-03-24T20:05:46.353+0800][740.384s] GC(184) Eden regions: 305->0(305)
[2024-03-24T20:05:46.353+0800][740.384s] GC(184) Survivor regions: 2->2(39)
[2024-03-24T20:05:46.353+0800][740.384s] GC(184) Old regions: 47->47
[2024-03-24T20:05:46.353+0800][740.384s] GC(184) Humongous regions: 4->4
[2024-03-24T20:05:46.353+0800][740.384s] GC(184) Metaspace: 65900K(66560K)->65900K(66560K) NonClass: 58429K(58816K)->58429K(58816K) Class: 7471K(7744K)->7471K(7744K)
[2024-03-24T20:05:46.353+0800][740.384s] GC(184) Pause Young (Normal) (G1 Evacuation Pause) 356M->51M(512M) 4.428ms
[2024-03-24T20:05:46.353+0800][740.384s] GC(184) User=0.00s Sys=0.00s Real=0.00s
[2024-03-24T20:05:49.013+0800][743.039s] GC(185) Pause Young (Normal) (G1 Evacuation Pause)
[2024-03-24T20:05:49.013+0800][743.040s] GC(185) Using 8 workers of 8 for evacuation
[2024-03-24T20:05:49.020+0800][743.043s] GC(185)   Pre Evacuate Collection Set: 0.3ms
[2024-03-24T20:05:49.020+0800][743.043s] GC(185)   Merge Heap Roots: 0.1ms
[2024-03-24T20:05:49.020+0800][743.043s] GC(185)   Evacuate Collection Set: 2.3ms
[2024-03-24T20:05:49.020+0800][743.043s] GC(185)   Post Evacuate Collection Set: 0.6ms
[2024-03-24T20:05:49.020+0800][743.043s] GC(185)   Other: 0.2ms
[2024-03-24T20:05:49.020+0800][743.043s] GC(185) Eden regions: 305->0(305)
[2024-03-24T20:05:49.020+0800][743.043s] GC(185) Survivor regions: 2->2(39)
[2024-03-24T20:05:49.020+0800][743.043s] GC(185) Old regions: 47->47
[2024-03-24T20:05:49.020+0800][743.043s] GC(185) Humongous regions: 4->4
[2024-03-24T20:05:49.020+0800][743.043s] GC(185) Metaspace: 65903K(66560K)->65903K(66560K) NonClass: 58432K(58816K)->58432K(58816K) Class: 7471K(7744K)->7471K(7744K)
[2024-03-24T20:05:49.020+0800][743.044s] GC(185) Pause Young (Normal) (G1 Evacuation Pause) 356M->51M(512M) 4.209ms
[2024-03-24T20:05:49.020+0800][743.044s] GC(185) User=0.00s Sys=0.00s Real=0.01s
[2024-03-24T20:05:51.576+0800][745.598s] GC(186) Pause Young (Normal) (G1 Evacuation Pause)
[2024-03-24T20:05:51.576+0800][745.598s] GC(186) Using 8 workers of 8 for evacuation
[2024-03-24T20:05:51.579+0800][745.602s] GC(186)   Pre Evacuate Collection Set: 0.7ms
[2024-03-24T20:05:51.579+0800][745.602s] GC(186)   Merge Heap Roots: 0.2ms
[2024-03-24T20:05:51.579+0800][745.602s] GC(186)   Evacuate Collection Set: 2.0ms
[2024-03-24T20:05:51.579+0800][745.602s] GC(186)   Post Evacuate Collection Set: 0.6ms
[2024-03-24T20:05:51.579+0800][745.602s] GC(186)   Other: 0.3ms
[2024-03-24T20:05:51.579+0800][745.602s] GC(186) Eden regions: 305->0(305)
[2024-03-24T20:05:51.579+0800][745.602s] GC(186) Survivor regions: 2->2(39)
[2024-03-24T20:05:51.579+0800][745.602s] GC(186) Old regions: 47->47
[2024-03-24T20:05:51.579+0800][745.602s] GC(186) Humongous regions: 4->4
[2024-03-24T20:05:51.579+0800][745.602s] GC(186) Metaspace: 65903K(66560K)->65903K(66560K) NonClass: 58432K(58816K)->58432K(58816K) Class: 7471K(7744K)->7471K(7744K)
[2024-03-24T20:05:51.579+0800][745.602s] GC(186) Pause Young (Normal) (G1 Evacuation Pause) 356M->51M(512M) 4.153ms
[2024-03-24T20:05:51.579+0800][745.602s] GC(186) User=0.03s Sys=0.00s Real=0.00s
[2024-03-24T20:05:54.254+0800][748.277s] GC(187) Pause Young (Normal) (G1 Evacuation Pause)
[2024-03-24T20:05:54.254+0800][748.277s] GC(187) Using 8 workers of 8 for evacuation
[2024-03-24T20:05:54.258+0800][748.281s] GC(187)   Pre Evacuate Collection Set: 0.2ms
[2024-03-24T20:05:54.258+0800][748.281s] GC(187)   Merge Heap Roots: 0.1ms
[2024-03-24T20:05:54.258+0800][748.281s] GC(187)   Evacuate Collection Set: 3.1ms
[2024-03-24T20:05:54.258+0800][748.281s] GC(187)   Post Evacuate Collection Set: 0.6ms
[2024-03-24T20:05:54.258+0800][748.281s] GC(187)   Other: 0.1ms
[2024-03-24T20:05:54.258+0800][748.281s] GC(187) Eden regions: 305->0(305)
[2024-03-24T20:05:54.258+0800][748.281s] GC(187) Survivor regions: 2->2(39)
[2024-03-24T20:05:54.259+0800][748.281s] GC(187) Old regions: 47->47
[2024-03-24T20:05:54.259+0800][748.281s] GC(187) Humongous regions: 4->4
[2024-03-24T20:05:54.259+0800][748.281s] GC(187) Metaspace: 65903K(66560K)->65903K(66560K) NonClass: 58432K(58816K)->58432K(58816K) Class: 7471K(7744K)->7471K(7744K)
[2024-03-24T20:05:54.259+0800][748.282s] GC(187) Pause Young (Normal) (G1 Evacuation Pause) 356M->51M(512M) 4.636ms
[2024-03-24T20:05:54.259+0800][748.282s] GC(187) User=0.00s Sys=0.00s Real=0.01s
[2024-03-24T20:05:56.883+0800][750.906s] GC(188) Pause Young (Normal) (G1 Evacuation Pause)
[2024-03-24T20:05:56.883+0800][750.906s] GC(188) Using 8 workers of 8 for evacuation
[2024-03-24T20:05:56.886+0800][750.909s] GC(188)   Pre Evacuate Collection Set: 0.2ms
[2024-03-24T20:05:56.886+0800][750.909s] GC(188)   Merge Heap Roots: 0.1ms
[2024-03-24T20:05:56.886+0800][750.909s] GC(188)   Evacuate Collection Set: 1.7ms
[2024-03-24T20:05:56.886+0800][750.909s] GC(188)   Post Evacuate Collection Set: 0.6ms
[2024-03-24T20:05:56.887+0800][750.909s] GC(188)   Other: 0.1ms
[2024-03-24T20:05:56.887+0800][750.909s] GC(188) Eden regions: 305->0(305)
[2024-03-24T20:05:56.887+0800][750.909s] GC(188) Survivor regions: 2->2(39)
[2024-03-24T20:05:56.887+0800][750.909s] GC(188) Old regions: 47->47
[2024-03-24T20:05:56.887+0800][750.910s] GC(188) Humongous regions: 4->4
[2024-03-24T20:05:56.887+0800][750.910s] GC(188) Metaspace: 65903K(66560K)->65903K(66560K) NonClass: 58432K(58816K)->58432K(58816K) Class: 7471K(7744K)->7471K(7744K)
[2024-03-24T20:05:56.887+0800][750.910s] GC(188) Pause Young (Normal) (G1 Evacuation Pause) 356M->51M(512M) 3.293ms
[2024-03-24T20:05:56.887+0800][750.910s] GC(188) User=0.05s Sys=0.00s Real=0.00s
[2024-03-24T20:05:59.349+0800][753.374s] GC(189) Pause Young (Normal) (G1 Evacuation Pause)
[2024-03-24T20:05:59.349+0800][753.374s] GC(189) Using 8 workers of 8 for evacuation
[2024-03-24T20:05:59.356+0800][753.378s] GC(189)   Pre Evacuate Collection Set: 0.5ms
[2024-03-24T20:05:59.356+0800][753.379s] GC(189)   Merge Heap Roots: 0.2ms
[2024-03-24T20:05:59.356+0800][753.379s] GC(189)   Evacuate Collection Set: 2.7ms
[2024-03-24T20:05:59.356+0800][753.379s] GC(189)   Post Evacuate Collection Set: 0.9ms
[2024-03-24T20:05:59.356+0800][753.379s] GC(189)   Other: 0.2ms
[2024-03-24T20:05:59.356+0800][753.379s] GC(189) Eden regions: 305->0(305)
[2024-03-24T20:05:59.356+0800][753.379s] GC(189) Survivor regions: 2->2(39)
[2024-03-24T20:05:59.356+0800][753.379s] GC(189) Old regions: 47->47
[2024-03-24T20:05:59.356+0800][753.379s] GC(189) Humongous regions: 4->4
[2024-03-24T20:05:59.356+0800][753.379s] GC(189) Metaspace: 65903K(66560K)->65903K(66560K) NonClass: 58432K(58816K)->58432K(58816K) Class: 7471K(7744K)->7471K(7744K)
[2024-03-24T20:05:59.356+0800][753.379s] GC(189) Pause Young (Normal) (G1 Evacuation Pause) 356M->51M(512M) 4.969ms
[2024-03-24T20:05:59.356+0800][753.379s] GC(189) User=0.00s Sys=0.00s Real=0.01s
[2024-03-24T20:06:02.048+0800][756.071s] GC(190) Pause Young (Normal) (G1 Evacuation Pause)
[2024-03-24T20:06:02.048+0800][756.071s] GC(190) Using 8 workers of 8 for evacuation
[2024-03-24T20:06:02.049+0800][756.075s] GC(190)   Pre Evacuate Collection Set: 0.3ms
[2024-03-24T20:06:02.049+0800][756.075s] GC(190)   Merge Heap Roots: 0.1ms
[2024-03-24T20:06:02.049+0800][756.075s] GC(190)   Evacuate Collection Set: 2.2ms
[2024-03-24T20:06:02.049+0800][756.075s] GC(190)   Post Evacuate Collection Set: 1.1ms
[2024-03-24T20:06:02.049+0800][756.075s] GC(190)   Other: 0.2ms
[2024-03-24T20:06:02.049+0800][756.076s] GC(190) Eden regions: 305->0(305)
[2024-03-24T20:06:02.049+0800][756.076s] GC(190) Survivor regions: 2->2(39)
[2024-03-24T20:06:02.049+0800][756.076s] GC(190) Old regions: 47->47
[2024-03-24T20:06:02.049+0800][756.076s] GC(190) Humongous regions: 4->4
[2024-03-24T20:06:02.049+0800][756.076s] GC(190) Metaspace: 65903K(66560K)->65903K(66560K) NonClass: 58432K(58816K)->58432K(58816K) Class: 7471K(7744K)->7471K(7744K)
[2024-03-24T20:06:02.049+0800][756.076s] GC(190) Pause Young (Normal) (G1 Evacuation Pause) 356M->51M(512M) 4.558ms
[2024-03-24T20:06:02.049+0800][756.076s] GC(190) User=0.00s Sys=0.00s Real=0.00s
[2024-03-24T20:06:04.750+0800][758.779s] GC(191) Pause Young (Normal) (G1 Evacuation Pause)
[2024-03-24T20:06:04.750+0800][758.780s] GC(191) Using 8 workers of 8 for evacuation
[2024-03-24T20:06:04.760+0800][758.785s] GC(191)   Pre Evacuate Collection Set: 0.4ms
[2024-03-24T20:06:04.760+0800][758.785s] GC(191)   Merge Heap Roots: 0.2ms
[2024-03-24T20:06:04.760+0800][758.785s] GC(191)   Evacuate Collection Set: 3.8ms
[2024-03-24T20:06:04.760+0800][758.785s] GC(191)   Post Evacuate Collection Set: 1.2ms
[2024-03-24T20:06:04.760+0800][758.786s] GC(191)   Other: 0.2ms
[2024-03-24T20:06:04.760+0800][758.786s] GC(191) Eden regions: 305->0(305)
[2024-03-24T20:06:04.760+0800][758.786s] GC(191) Survivor regions: 2->2(39)
[2024-03-24T20:06:04.760+0800][758.786s] GC(191) Old regions: 47->47
[2024-03-24T20:06:04.760+0800][758.786s] GC(191) Humongous regions: 4->4
[2024-03-24T20:06:04.760+0800][758.786s] GC(191) Metaspace: 65905K(66560K)->65905K(66560K) NonClass: 58434K(58816K)->58434K(58816K) Class: 7471K(7744K)->7471K(7744K)
[2024-03-24T20:06:04.760+0800][758.786s] GC(191) Pause Young (Normal) (G1 Evacuation Pause) 356M->51M(512M) 6.447ms
[2024-03-24T20:06:04.760+0800][758.786s] GC(191) User=0.00s Sys=0.00s Real=0.01s
[2024-03-24T20:06:07.261+0800][761.288s] GC(192) Pause Young (Normal) (G1 Evacuation Pause)
[2024-03-24T20:06:07.261+0800][761.288s] GC(192) Using 8 workers of 8 for evacuation
[2024-03-24T20:06:07.269+0800][761.292s] GC(192)   Pre Evacuate Collection Set: 0.6ms
[2024-03-24T20:06:07.269+0800][761.293s] GC(192)   Merge Heap Roots: 0.3ms
[2024-03-24T20:06:07.269+0800][761.293s] GC(192)   Evacuate Collection Set: 2.3ms
[2024-03-24T20:06:07.269+0800][761.293s] GC(192)   Post Evacuate Collection Set: 1.3ms
[2024-03-24T20:06:07.269+0800][761.293s] GC(192)   Other: 0.2ms
[2024-03-24T20:06:07.269+0800][761.293s] GC(192) Eden regions: 305->0(305)
[2024-03-24T20:06:07.269+0800][761.293s] GC(192) Survivor regions: 2->2(39)
[2024-03-24T20:06:07.269+0800][761.293s] GC(192) Old regions: 47->47
[2024-03-24T20:06:07.269+0800][761.293s] GC(192) Humongous regions: 4->4
[2024-03-24T20:06:07.269+0800][761.293s] GC(192) Metaspace: 65905K(66560K)->65905K(66560K) NonClass: 58434K(58816K)->58434K(58816K) Class: 7471K(7744K)->7471K(7744K)
[2024-03-24T20:06:07.269+0800][761.293s] GC(192) Pause Young (Normal) (G1 Evacuation Pause) 356M->51M(512M) 5.321ms
[2024-03-24T20:06:07.269+0800][761.293s] GC(192) User=0.00s Sys=0.00s Real=0.01s
[2024-03-24T20:06:10.119+0800][764.144s] GC(193) Pause Young (Normal) (G1 Evacuation Pause)
[2024-03-24T20:06:10.119+0800][764.144s] GC(193) Using 8 workers of 8 for evacuation
[2024-03-24T20:06:10.124+0800][764.149s] GC(193)   Pre Evacuate Collection Set: 0.4ms
[2024-03-24T20:06:10.124+0800][764.149s] GC(193)   Merge Heap Roots: 0.2ms
[2024-03-24T20:06:10.124+0800][764.149s] GC(193)   Evacuate Collection Set: 2.3ms
[2024-03-24T20:06:10.124+0800][764.149s] GC(193)   Post Evacuate Collection Set: 1.1ms
[2024-03-24T20:06:10.124+0800][764.149s] GC(193)   Other: 0.2ms
[2024-03-24T20:06:10.124+0800][764.149s] GC(193) Eden regions: 305->0(305)
[2024-03-24T20:06:10.124+0800][764.149s] GC(193) Survivor regions: 2->2(39)
[2024-03-24T20:06:10.124+0800][764.149s] GC(193) Old regions: 47->47
[2024-03-24T20:06:10.124+0800][764.149s] GC(193) Humongous regions: 4->4
[2024-03-24T20:06:10.124+0800][764.149s] GC(193) Metaspace: 65905K(66560K)->65905K(66560K) NonClass: 58434K(58816K)->58434K(58816K) Class: 7471K(7744K)->7471K(7744K)
[2024-03-24T20:06:10.124+0800][764.149s] GC(193) Pause Young (Normal) (G1 Evacuation Pause) 356M->51M(512M) 5.114ms
[2024-03-24T20:06:10.124+0800][764.149s] GC(193) User=0.02s Sys=0.00s Real=0.01s
[2024-03-24T20:06:12.683+0800][766.706s] GC(194) Pause Young (Normal) (G1 Evacuation Pause)
[2024-03-24T20:06:12.683+0800][766.707s] GC(194) Using 8 workers of 8 for evacuation
[2024-03-24T20:06:12.685+0800][766.711s] GC(194)   Pre Evacuate Collection Set: 0.3ms
[2024-03-24T20:06:12.685+0800][766.711s] GC(194)   Merge Heap Roots: 0.2ms
[2024-03-24T20:06:12.685+0800][766.711s] GC(194)   Evacuate Collection Set: 2.6ms
[2024-03-24T20:06:12.685+0800][766.711s] GC(194)   Post Evacuate Collection Set: 0.9ms
[2024-03-24T20:06:12.685+0800][766.711s] GC(194)   Other: 0.2ms
[2024-03-24T20:06:12.685+0800][766.711s] GC(194) Eden regions: 305->0(305)
[2024-03-24T20:06:12.685+0800][766.711s] GC(194) Survivor regions: 2->2(39)
[2024-03-24T20:06:12.685+0800][766.711s] GC(194) Old regions: 47->47
[2024-03-24T20:06:12.685+0800][766.711s] GC(194) Humongous regions: 4->4
[2024-03-24T20:06:12.685+0800][766.711s] GC(194) Metaspace: 65905K(66560K)->65905K(66560K) NonClass: 58434K(58816K)->58434K(58816K) Class: 7471K(7744K)->7471K(7744K)
[2024-03-24T20:06:12.685+0800][766.711s] GC(194) Pause Young (Normal) (G1 Evacuation Pause) 356M->51M(512M) 4.880ms
[2024-03-24T20:06:12.685+0800][766.711s] GC(194) User=0.00s Sys=0.00s Real=0.00s
[2024-03-24T20:06:14.981+0800][769.007s] GC(195) Pause Young (Normal) (G1 Evacuation Pause)
[2024-03-24T20:06:14.981+0800][769.007s] GC(195) Using 8 workers of 8 for evacuation
[2024-03-24T20:06:14.987+0800][769.010s] GC(195)   Pre Evacuate Collection Set: 0.2ms
[2024-03-24T20:06:14.987+0800][769.010s] GC(195)   Merge Heap Roots: 0.1ms
[2024-03-24T20:06:14.987+0800][769.010s] GC(195)   Evacuate Collection Set: 1.4ms
[2024-03-24T20:06:14.987+0800][769.010s] GC(195)   Post Evacuate Collection Set: 0.5ms
[2024-03-24T20:06:14.987+0800][769.010s] GC(195)   Other: 0.1ms
[2024-03-24T20:06:14.987+0800][769.010s] GC(195) Eden regions: 305->0(305)
[2024-03-24T20:06:14.987+0800][769.010s] GC(195) Survivor regions: 2->2(39)
[2024-03-24T20:06:14.987+0800][769.010s] GC(195) Old regions: 47->47
[2024-03-24T20:06:14.987+0800][769.010s] GC(195) Humongous regions: 4->4
[2024-03-24T20:06:14.987+0800][769.010s] GC(195) Metaspace: 65905K(66560K)->65905K(66560K) NonClass: 58434K(58816K)->58434K(58816K) Class: 7471K(7744K)->7471K(7744K)
[2024-03-24T20:06:14.987+0800][769.010s] GC(195) Pause Young (Normal) (G1 Evacuation Pause) 356M->51M(512M) 2.714ms
[2024-03-24T20:06:14.987+0800][769.010s] GC(195) User=0.02s Sys=0.00s Real=0.01s
[2024-03-24T20:06:17.514+0800][771.537s] GC(196) Pause Young (Normal) (G1 Evacuation Pause)
[2024-03-24T20:06:17.515+0800][771.537s] GC(196) Using 8 workers of 8 for evacuation
[2024-03-24T20:06:17.517+0800][771.540s] GC(196)   Pre Evacuate Collection Set: 0.2ms
[2024-03-24T20:06:17.517+0800][771.540s] GC(196)   Merge Heap Roots: 0.1ms
[2024-03-24T20:06:17.517+0800][771.540s] GC(196)   Evacuate Collection Set: 1.5ms
[2024-03-24T20:06:17.517+0800][771.540s] GC(196)   Post Evacuate Collection Set: 0.5ms
[2024-03-24T20:06:17.517+0800][771.540s] GC(196)   Other: 0.1ms
[2024-03-24T20:06:17.517+0800][771.540s] GC(196) Eden regions: 305->0(305)
[2024-03-24T20:06:17.517+0800][771.540s] GC(196) Survivor regions: 2->2(39)
[2024-03-24T20:06:17.517+0800][771.540s] GC(196) Old regions: 47->47
[2024-03-24T20:06:17.517+0800][771.540s] GC(196) Humongous regions: 4->4
[2024-03-24T20:06:17.517+0800][771.540s] GC(196) Metaspace: 65905K(66560K)->65905K(66560K) NonClass: 58434K(58816K)->58434K(58816K) Class: 7471K(7744K)->7471K(7744K)
[2024-03-24T20:06:17.517+0800][771.540s] GC(196) Pause Young (Normal) (G1 Evacuation Pause) 356M->51M(512M) 3.019ms
[2024-03-24T20:06:17.518+0800][771.540s] GC(196) User=0.00s Sys=0.00s Real=0.00s
[2024-03-24T20:06:20.227+0800][774.250s] GC(197) Pause Young (Normal) (G1 Evacuation Pause)
[2024-03-24T20:06:20.227+0800][774.250s] GC(197) Using 8 workers of 8 for evacuation
[2024-03-24T20:06:20.231+0800][774.254s] GC(197)   Pre Evacuate Collection Set: 0.2ms
[2024-03-24T20:06:20.231+0800][774.255s] GC(197)   Merge Heap Roots: 0.1ms
[2024-03-24T20:06:20.231+0800][774.255s] GC(197)   Evacuate Collection Set: 2.0ms
[2024-03-24T20:06:20.231+0800][774.255s] GC(197)   Post Evacuate Collection Set: 1.8ms
[2024-03-24T20:06:20.231+0800][774.255s] GC(197)   Other: 0.2ms
[2024-03-24T20:06:20.231+0800][774.255s] GC(197) Eden regions: 305->0(305)
[2024-03-24T20:06:20.231+0800][774.255s] GC(197) Survivor regions: 2->2(39)
[2024-03-24T20:06:20.231+0800][774.255s] GC(197) Old regions: 47->47
[2024-03-24T20:06:20.231+0800][774.255s] GC(197) Humongous regions: 4->4
[2024-03-24T20:06:20.231+0800][774.255s] GC(197) Metaspace: 65905K(66560K)->65905K(66560K) NonClass: 58434K(58816K)->58434K(58816K) Class: 7471K(7744K)->7471K(7744K)
[2024-03-24T20:06:20.231+0800][774.255s] GC(197) Pause Young (Normal) (G1 Evacuation Pause) 356M->51M(512M) 4.982ms
[2024-03-24T20:06:20.231+0800][774.255s] GC(197) User=0.05s Sys=0.00s Real=0.00s
[2024-03-24T20:06:28.992+0800][783.014s] GC(198) Pause Young (Normal) (G1 Evacuation Pause)
[2024-03-24T20:06:28.992+0800][783.015s] GC(198) Using 8 workers of 8 for evacuation
[2024-03-24T20:06:28.996+0800][783.019s] GC(198)   Pre Evacuate Collection Set: 0.2ms
[2024-03-24T20:06:28.996+0800][783.020s] GC(198)   Merge Heap Roots: 0.1ms
[2024-03-24T20:06:28.996+0800][783.020s] GC(198)   Evacuate Collection Set: 2.7ms
[2024-03-24T20:06:28.996+0800][783.020s] GC(198)   Post Evacuate Collection Set: 1.8ms
[2024-03-24T20:06:28.996+0800][783.020s] GC(198)   Other: 0.2ms
[2024-03-24T20:06:28.996+0800][783.020s] GC(198) Eden regions: 305->0(305)
[2024-03-24T20:06:28.996+0800][783.020s] GC(198) Survivor regions: 2->2(39)
[2024-03-24T20:06:28.996+0800][783.020s] GC(198) Old regions: 47->47
[2024-03-24T20:06:28.996+0800][783.020s] GC(198) Humongous regions: 4->4
[2024-03-24T20:06:28.996+0800][783.020s] GC(198) Metaspace: 65906K(66560K)->65906K(66560K) NonClass: 58435K(58816K)->58435K(58816K) Class: 7471K(7744K)->7471K(7744K)
[2024-03-24T20:06:28.996+0800][783.020s] GC(198) Pause Young (Normal) (G1 Evacuation Pause) 356M->51M(512M) 5.504ms
[2024-03-24T20:06:28.996+0800][783.020s] GC(198) User=0.00s Sys=0.00s Real=0.00s
[2024-03-24T20:06:31.749+0800][785.772s] GC(199) Pause Young (Normal) (G1 Evacuation Pause)
[2024-03-24T20:06:31.750+0800][785.772s] GC(199) Using 8 workers of 8 for evacuation
[2024-03-24T20:06:31.752+0800][785.775s] GC(199)   Pre Evacuate Collection Set: 0.2ms
[2024-03-24T20:06:31.752+0800][785.776s] GC(199)   Merge Heap Roots: 0.1ms
[2024-03-24T20:06:31.752+0800][785.776s] GC(199)   Evacuate Collection Set: 2.1ms
[2024-03-24T20:06:31.752+0800][785.776s] GC(199)   Post Evacuate Collection Set: 0.7ms
[2024-03-24T20:06:31.752+0800][785.776s] GC(199)   Other: 0.2ms
[2024-03-24T20:06:31.752+0800][785.776s] GC(199) Eden regions: 305->0(305)
[2024-03-24T20:06:31.752+0800][785.776s] GC(199) Survivor regions: 2->2(39)
[2024-03-24T20:06:31.752+0800][785.776s] GC(199) Old regions: 47->47
[2024-03-24T20:06:31.752+0800][785.776s] GC(199) Humongous regions: 4->4
[2024-03-24T20:06:31.752+0800][785.776s] GC(199) Metaspace: 65906K(66560K)->65906K(66560K) NonClass: 58435K(58816K)->58435K(58816K) Class: 7471K(7744K)->7471K(7744K)
[2024-03-24T20:06:31.752+0800][785.776s] GC(199) Pause Young (Normal) (G1 Evacuation Pause) 356M->51M(512M) 4.211ms
[2024-03-24T20:06:31.752+0800][785.776s] GC(199) User=0.06s Sys=0.00s Real=0.00s
[2024-03-24T20:06:34.467+0800][788.494s] GC(200) Pause Young (Normal) (G1 Evacuation Pause)
[2024-03-24T20:06:34.472+0800][788.494s] GC(200) Using 8 workers of 8 for evacuation
[2024-03-24T20:06:34.475+0800][788.499s] GC(200)   Pre Evacuate Collection Set: 0.3ms
[2024-03-24T20:06:34.475+0800][788.500s] GC(200)   Merge Heap Roots: 0.2ms
[2024-03-24T20:06:34.475+0800][788.500s] GC(200)   Evacuate Collection Set: 2.6ms
[2024-03-24T20:06:34.475+0800][788.500s] GC(200)   Post Evacuate Collection Set: 1.7ms
[2024-03-24T20:06:34.475+0800][788.500s] GC(200)   Other: 0.3ms
[2024-03-24T20:06:34.475+0800][788.500s] GC(200) Eden regions: 305->0(305)
[2024-03-24T20:06:34.475+0800][788.500s] GC(200) Survivor regions: 2->2(39)
[2024-03-24T20:06:34.475+0800][788.500s] GC(200) Old regions: 47->47
[2024-03-24T20:06:34.475+0800][788.500s] GC(200) Humongous regions: 4->4
[2024-03-24T20:06:34.475+0800][788.500s] GC(200) Metaspace: 65906K(66560K)->65906K(66560K) NonClass: 58435K(58816K)->58435K(58816K) Class: 7471K(7744K)->7471K(7744K)
[2024-03-24T20:06:34.475+0800][788.500s] GC(200) Pause Young (Normal) (G1 Evacuation Pause) 356M->51M(512M) 5.777ms
[2024-03-24T20:06:34.475+0800][788.500s] GC(200) User=0.00s Sys=0.00s Real=0.01s
[2024-03-24T20:06:37.054+0800][791.080s] GC(201) Pause Young (Normal) (G1 Evacuation Pause)
[2024-03-24T20:06:37.054+0800][791.080s] GC(201) Using 8 workers of 8 for evacuation
[2024-03-24T20:06:37.060+0800][791.083s] GC(201)   Pre Evacuate Collection Set: 0.2ms
[2024-03-24T20:06:37.060+0800][791.083s] GC(201)   Merge Heap Roots: 0.2ms
[2024-03-24T20:06:37.060+0800][791.084s] GC(201)   Evacuate Collection Set: 2.0ms
[2024-03-24T20:06:37.060+0800][791.084s] GC(201)   Post Evacuate Collection Set: 0.9ms
[2024-03-24T20:06:37.060+0800][791.084s] GC(201)   Other: 0.2ms
[2024-03-24T20:06:37.060+0800][791.084s] GC(201) Eden regions: 305->0(305)
[2024-03-24T20:06:37.060+0800][791.084s] GC(201) Survivor regions: 2->2(39)
[2024-03-24T20:06:37.060+0800][791.084s] GC(201) Old regions: 47->47
[2024-03-24T20:06:37.060+0800][791.084s] GC(201) Humongous regions: 4->4
[2024-03-24T20:06:37.060+0800][791.084s] GC(201) Metaspace: 65910K(66560K)->65910K(66560K) NonClass: 58439K(58816K)->58439K(58816K) Class: 7471K(7744K)->7471K(7744K)
[2024-03-24T20:06:37.060+0800][791.084s] GC(201) Pause Young (Normal) (G1 Evacuation Pause) 356M->51M(512M) 4.351ms
[2024-03-24T20:06:37.060+0800][791.084s] GC(201) User=0.00s Sys=0.00s Real=0.01s
[2024-03-24T20:06:39.770+0800][793.799s] GC(202) Pause Young (Normal) (G1 Evacuation Pause)
[2024-03-24T20:06:39.770+0800][793.799s] GC(202) Using 8 workers of 8 for evacuation
[2024-03-24T20:06:39.781+0800][793.805s] GC(202)   Pre Evacuate Collection Set: 0.5ms
[2024-03-24T20:06:39.781+0800][793.805s] GC(202)   Merge Heap Roots: 0.6ms
[2024-03-24T20:06:39.781+0800][793.805s] GC(202)   Evacuate Collection Set: 2.9ms
[2024-03-24T20:06:39.781+0800][793.805s] GC(202)   Post Evacuate Collection Set: 1.2ms
[2024-03-24T20:06:39.781+0800][793.805s] GC(202)   Other: 0.3ms
[2024-03-24T20:06:39.781+0800][793.805s] GC(202) Eden regions: 305->0(305)
[2024-03-24T20:06:39.781+0800][793.805s] GC(202) Survivor regions: 2->2(39)
[2024-03-24T20:06:39.781+0800][793.805s] GC(202) Old regions: 47->47
[2024-03-24T20:06:39.781+0800][793.805s] GC(202) Humongous regions: 4->4
[2024-03-24T20:06:39.781+0800][793.806s] GC(202) Metaspace: 65910K(66560K)->65910K(66560K) NonClass: 58439K(58816K)->58439K(58816K) Class: 7471K(7744K)->7471K(7744K)
[2024-03-24T20:06:39.781+0800][793.806s] GC(202) Pause Young (Normal) (G1 Evacuation Pause) 356M->51M(512M) 6.416ms
[2024-03-24T20:06:39.781+0800][793.806s] GC(202) User=0.03s Sys=0.00s Real=0.01s
[2024-03-24T20:06:42.475+0800][796.502s] GC(203) Pause Young (Normal) (G1 Evacuation Pause)
[2024-03-24T20:06:42.475+0800][796.502s] GC(203) Using 8 workers of 8 for evacuation
[2024-03-24T20:06:42.482+0800][796.507s] GC(203)   Pre Evacuate Collection Set: 0.3ms
[2024-03-24T20:06:42.482+0800][796.507s] GC(203)   Merge Heap Roots: 0.2ms
[2024-03-24T20:06:42.482+0800][796.507s] GC(203)   Evacuate Collection Set: 3.2ms
[2024-03-24T20:06:42.482+0800][796.507s] GC(203)   Post Evacuate Collection Set: 1.0ms
[2024-03-24T20:06:42.482+0800][796.507s] GC(203)   Other: 0.2ms
[2024-03-24T20:06:42.485+0800][796.508s] GC(203) Eden regions: 305->0(305)
[2024-03-24T20:06:42.485+0800][796.508s] GC(203) Survivor regions: 2->2(39)
[2024-03-24T20:06:42.485+0800][796.508s] GC(203) Old regions: 47->47
[2024-03-24T20:06:42.485+0800][796.508s] GC(203) Humongous regions: 4->4
[2024-03-24T20:06:42.485+0800][796.508s] GC(203) Metaspace: 65910K(66560K)->65910K(66560K) NonClass: 58439K(58816K)->58439K(58816K) Class: 7471K(7744K)->7471K(7744K)
[2024-03-24T20:06:42.485+0800][796.508s] GC(203) Pause Young (Normal) (G1 Evacuation Pause) 356M->51M(512M) 5.542ms
[2024-03-24T20:06:42.485+0800][796.508s] GC(203) User=0.02s Sys=0.00s Real=0.01s
[2024-03-24T20:06:44.803+0800][798.828s] GC(204) Pause Young (Normal) (G1 Evacuation Pause)
[2024-03-24T20:06:44.803+0800][798.828s] GC(204) Using 8 workers of 8 for evacuation
[2024-03-24T20:06:44.809+0800][798.833s] GC(204)   Pre Evacuate Collection Set: 0.4ms
[2024-03-24T20:06:44.809+0800][798.833s] GC(204)   Merge Heap Roots: 0.4ms
[2024-03-24T20:06:44.809+0800][798.833s] GC(204)   Evacuate Collection Set: 2.8ms
[2024-03-24T20:06:44.811+0800][798.833s] GC(204)   Post Evacuate Collection Set: 1.1ms
[2024-03-24T20:06:44.811+0800][798.833s] GC(204)   Other: 0.3ms
[2024-03-24T20:06:44.811+0800][798.833s] GC(204) Eden regions: 305->0(305)
[2024-03-24T20:06:44.811+0800][798.834s] GC(204) Survivor regions: 2->2(39)
[2024-03-24T20:06:44.811+0800][798.834s] GC(204) Old regions: 47->47
[2024-03-24T20:06:44.811+0800][798.834s] GC(204) Humongous regions: 4->4
[2024-03-24T20:06:44.811+0800][798.834s] GC(204) Metaspace: 65915K(66560K)->65915K(66560K) NonClass: 58444K(58816K)->58444K(58816K) Class: 7471K(7744K)->7471K(7744K)
[2024-03-24T20:06:44.811+0800][798.834s] GC(204) Pause Young (Normal) (G1 Evacuation Pause) 356M->51M(512M) 5.829ms
[2024-03-24T20:06:44.811+0800][798.834s] GC(204) User=0.02s Sys=0.00s Real=0.01s
[2024-03-24T20:06:47.453+0800][801.477s] GC(205) Pause Young (Normal) (G1 Evacuation Pause)
[2024-03-24T20:06:47.453+0800][801.477s] GC(205) Using 8 workers of 8 for evacuation
[2024-03-24T20:06:47.456+0800][801.481s] GC(205)   Pre Evacuate Collection Set: 0.3ms
[2024-03-24T20:06:47.456+0800][801.481s] GC(205)   Merge Heap Roots: 0.2ms
[2024-03-24T20:06:47.456+0800][801.481s] GC(205)   Evacuate Collection Set: 2.9ms
[2024-03-24T20:06:47.456+0800][801.481s] GC(205)   Post Evacuate Collection Set: 0.9ms
[2024-03-24T20:06:47.456+0800][801.481s] GC(205)   Other: 0.2ms
[2024-03-24T20:06:47.456+0800][801.481s] GC(205) Eden regions: 305->0(305)
[2024-03-24T20:06:47.456+0800][801.481s] GC(205) Survivor regions: 2->2(39)
[2024-03-24T20:06:47.456+0800][801.481s] GC(205) Old regions: 47->47
[2024-03-24T20:06:47.456+0800][801.481s] GC(205) Humongous regions: 4->4
[2024-03-24T20:06:47.456+0800][801.481s] GC(205) Metaspace: 65917K(66560K)->65917K(66560K) NonClass: 58446K(58816K)->58446K(58816K) Class: 7471K(7744K)->7471K(7744K)
[2024-03-24T20:06:47.456+0800][801.482s] GC(205) Pause Young (Normal) (G1 Evacuation Pause) 356M->51M(512M) 4.914ms
[2024-03-24T20:06:47.456+0800][801.482s] GC(205) User=0.00s Sys=0.00s Real=0.00s
[2024-03-24T20:06:50.105+0800][804.129s] GC(206) Pause Young (Normal) (G1 Evacuation Pause)
[2024-03-24T20:06:50.105+0800][804.129s] GC(206) Using 8 workers of 8 for evacuation
[2024-03-24T20:06:50.105+0800][804.133s] GC(206)   Pre Evacuate Collection Set: 0.2ms
[2024-03-24T20:06:50.105+0800][804.133s] GC(206)   Merge Heap Roots: 0.2ms
[2024-03-24T20:06:50.105+0800][804.133s] GC(206)   Evacuate Collection Set: 2.1ms
[2024-03-24T20:06:50.105+0800][804.133s] GC(206)   Post Evacuate Collection Set: 0.7ms
[2024-03-24T20:06:50.105+0800][804.133s] GC(206)   Other: 0.2ms
[2024-03-24T20:06:50.105+0800][804.133s] GC(206) Eden regions: 305->0(305)
[2024-03-24T20:06:50.105+0800][804.133s] GC(206) Survivor regions: 2->2(39)
[2024-03-24T20:06:50.105+0800][804.133s] GC(206) Old regions: 47->47
[2024-03-24T20:06:50.105+0800][804.133s] GC(206) Humongous regions: 4->4
[2024-03-24T20:06:50.105+0800][804.133s] GC(206) Metaspace: 65918K(66560K)->65918K(66560K) NonClass: 58447K(58816K)->58447K(58816K) Class: 7471K(7744K)->7471K(7744K)
[2024-03-24T20:06:50.105+0800][804.133s] GC(206) Pause Young (Normal) (G1 Evacuation Pause) 356M->51M(512M) 3.925ms
[2024-03-24T20:06:50.105+0800][804.133s] GC(206) User=0.02s Sys=0.00s Real=0.00s
[2024-03-24T20:06:52.804+0800][806.833s] GC(207) Pause Young (Normal) (G1 Evacuation Pause)
[2024-03-24T20:06:52.804+0800][806.833s] GC(207) Using 8 workers of 8 for evacuation
[2024-03-24T20:06:52.814+0800][806.838s] GC(207)   Pre Evacuate Collection Set: 0.5ms
[2024-03-24T20:06:52.814+0800][806.838s] GC(207)   Merge Heap Roots: 0.3ms
[2024-03-24T20:06:52.816+0800][806.838s] GC(207)   Evacuate Collection Set: 3.4ms
[2024-03-24T20:06:52.816+0800][806.838s] GC(207)   Post Evacuate Collection Set: 0.9ms
[2024-03-24T20:06:52.816+0800][806.838s] GC(207)   Other: 0.2ms
[2024-03-24T20:06:52.816+0800][806.839s] GC(207) Eden regions: 305->0(305)
[2024-03-24T20:06:52.816+0800][806.839s] GC(207) Survivor regions: 2->2(39)
[2024-03-24T20:06:52.816+0800][806.839s] GC(207) Old regions: 47->47
[2024-03-24T20:06:52.816+0800][806.839s] GC(207) Humongous regions: 4->4
[2024-03-24T20:06:52.816+0800][806.839s] GC(207) Metaspace: 65919K(66560K)->65919K(66560K) NonClass: 58448K(58816K)->58448K(58816K) Class: 7471K(7744K)->7471K(7744K)
[2024-03-24T20:06:52.816+0800][806.839s] GC(207) Pause Young (Normal) (G1 Evacuation Pause) 356M->51M(512M) 5.703ms
[2024-03-24T20:06:52.816+0800][806.839s] GC(207) User=0.00s Sys=0.00s Real=0.01s
[2024-03-24T20:06:55.529+0800][809.552s] GC(208) Pause Young (Normal) (G1 Evacuation Pause)
[2024-03-24T20:06:55.529+0800][809.552s] GC(208) Using 8 workers of 8 for evacuation
[2024-03-24T20:06:55.530+0800][809.555s] GC(208)   Pre Evacuate Collection Set: 0.2ms
[2024-03-24T20:06:55.530+0800][809.555s] GC(208)   Merge Heap Roots: 0.1ms
[2024-03-24T20:06:55.530+0800][809.555s] GC(208)   Evacuate Collection Set: 2.0ms
[2024-03-24T20:06:55.530+0800][809.555s] GC(208)   Post Evacuate Collection Set: 0.6ms
[2024-03-24T20:06:55.530+0800][809.555s] GC(208)   Other: 0.1ms
[2024-03-24T20:06:55.530+0800][809.555s] GC(208) Eden regions: 305->0(305)
[2024-03-24T20:06:55.530+0800][809.555s] GC(208) Survivor regions: 2->2(39)
[2024-03-24T20:06:55.530+0800][809.555s] GC(208) Old regions: 47->47
[2024-03-24T20:06:55.530+0800][809.555s] GC(208) Humongous regions: 4->4
[2024-03-24T20:06:55.530+0800][809.555s] GC(208) Metaspace: 65919K(66560K)->65919K(66560K) NonClass: 58448K(58816K)->58448K(58816K) Class: 7471K(7744K)->7471K(7744K)
[2024-03-24T20:06:55.530+0800][809.555s] GC(208) Pause Young (Normal) (G1 Evacuation Pause) 356M->52M(512M) 3.485ms
[2024-03-24T20:06:55.530+0800][809.556s] GC(208) User=0.05s Sys=0.00s Real=0.00s
[2024-03-24T20:06:58.097+0800][812.123s] GC(209) Pause Young (Normal) (G1 Evacuation Pause)
[2024-03-24T20:06:58.097+0800][812.123s] GC(209) Using 8 workers of 8 for evacuation
[2024-03-24T20:06:58.097+0800][812.128s] GC(209)   Pre Evacuate Collection Set: 0.3ms
[2024-03-24T20:06:58.097+0800][812.128s] GC(209)   Merge Heap Roots: 0.2ms
[2024-03-24T20:06:58.097+0800][812.128s] GC(209)   Evacuate Collection Set: 2.6ms
[2024-03-24T20:06:58.097+0800][812.128s] GC(209)   Post Evacuate Collection Set: 0.9ms
[2024-03-24T20:06:58.097+0800][812.128s] GC(209)   Other: 0.2ms
[2024-03-24T20:06:58.097+0800][812.128s] GC(209) Eden regions: 305->0(305)
[2024-03-24T20:06:58.097+0800][812.128s] GC(209) Survivor regions: 2->2(39)
[2024-03-24T20:06:58.097+0800][812.128s] GC(209) Old regions: 47->47
[2024-03-24T20:06:58.097+0800][812.128s] GC(209) Humongous regions: 4->4
[2024-03-24T20:06:58.097+0800][812.128s] GC(209) Metaspace: 65921K(66560K)->65921K(66560K) NonClass: 58450K(58816K)->58450K(58816K) Class: 7471K(7744K)->7471K(7744K)
[2024-03-24T20:06:58.097+0800][812.129s] GC(209) Pause Young (Normal) (G1 Evacuation Pause) 357M->51M(512M) 5.283ms
[2024-03-24T20:06:58.097+0800][812.129s] GC(209) User=0.02s Sys=0.00s Real=0.00s
[2024-03-24T20:07:00.816+0800][814.839s] GC(210) Pause Young (Normal) (G1 Evacuation Pause)
[2024-03-24T20:07:00.816+0800][814.839s] GC(210) Using 8 workers of 8 for evacuation
[2024-03-24T20:07:00.816+0800][814.846s] GC(210)   Pre Evacuate Collection Set: 0.4ms
[2024-03-24T20:07:00.816+0800][814.846s] GC(210)   Merge Heap Roots: 0.1ms
[2024-03-24T20:07:00.816+0800][814.846s] GC(210)   Evacuate Collection Set: 4.5ms
[2024-03-24T20:07:00.816+0800][814.846s] GC(210)   Post Evacuate Collection Set: 1.5ms
[2024-03-24T20:07:00.816+0800][814.846s] GC(210)   Other: 0.2ms
[2024-03-24T20:07:00.824+0800][814.846s] GC(210) Eden regions: 305->0(305)
[2024-03-24T20:07:00.824+0800][814.847s] GC(210) Survivor regions: 2->2(39)
[2024-03-24T20:07:00.824+0800][814.847s] GC(210) Old regions: 47->47
[2024-03-24T20:07:00.824+0800][814.847s] GC(210) Humongous regions: 4->4
[2024-03-24T20:07:00.824+0800][814.847s] GC(210) Metaspace: 65922K(66560K)->65922K(66560K) NonClass: 58451K(58816K)->58451K(58816K) Class: 7471K(7744K)->7471K(7744K)
[2024-03-24T20:07:00.824+0800][814.847s] GC(210) Pause Young (Normal) (G1 Evacuation Pause) 356M->51M(512M) 7.403ms
[2024-03-24T20:07:00.824+0800][814.847s] GC(210) User=0.00s Sys=0.00s Real=0.01s
[2024-03-24T20:07:03.593+0800][817.618s] GC(211) Pause Young (Normal) (G1 Evacuation Pause)
[2024-03-24T20:07:03.593+0800][817.618s] GC(211) Using 8 workers of 8 for evacuation
[2024-03-24T20:07:03.600+0800][817.623s] GC(211)   Pre Evacuate Collection Set: 0.4ms
[2024-03-24T20:07:03.600+0800][817.623s] GC(211)   Merge Heap Roots: 0.3ms
[2024-03-24T20:07:03.600+0800][817.623s] GC(211)   Evacuate Collection Set: 2.6ms
[2024-03-24T20:07:03.600+0800][817.623s] GC(211)   Post Evacuate Collection Set: 1.3ms
[2024-03-24T20:07:03.600+0800][817.623s] GC(211)   Other: 0.2ms
[2024-03-24T20:07:03.600+0800][817.623s] GC(211) Eden regions: 305->0(305)
[2024-03-24T20:07:03.600+0800][817.623s] GC(211) Survivor regions: 2->2(39)
[2024-03-24T20:07:03.600+0800][817.623s] GC(211) Old regions: 47->47
[2024-03-24T20:07:03.600+0800][817.623s] GC(211) Humongous regions: 4->4
[2024-03-24T20:07:03.600+0800][817.623s] GC(211) Metaspace: 65927K(66560K)->65927K(66560K) NonClass: 58456K(58816K)->58456K(58816K) Class: 7471K(7744K)->7471K(7744K)
[2024-03-24T20:07:03.600+0800][817.623s] GC(211) Pause Young (Normal) (G1 Evacuation Pause) 356M->51M(512M) 5.716ms
[2024-03-24T20:07:03.600+0800][817.624s] GC(211) User=0.00s Sys=0.00s Real=0.01s
[2024-03-24T20:07:06.212+0800][820.242s] GC(212) Pause Young (Normal) (G1 Evacuation Pause)
[2024-03-24T20:07:06.212+0800][820.242s] GC(212) Using 8 workers of 8 for evacuation
[2024-03-24T20:07:06.222+0800][820.247s] GC(212)   Pre Evacuate Collection Set: 0.5ms
[2024-03-24T20:07:06.222+0800][820.247s] GC(212)   Merge Heap Roots: 0.3ms
[2024-03-24T20:07:06.222+0800][820.247s] GC(212)   Evacuate Collection Set: 2.2ms
[2024-03-24T20:07:06.222+0800][820.247s] GC(212)   Post Evacuate Collection Set: 1.4ms
[2024-03-24T20:07:06.222+0800][820.247s] GC(212)   Other: 0.4ms
[2024-03-24T20:07:06.222+0800][820.247s] GC(212) Eden regions: 305->0(305)
[2024-03-24T20:07:06.222+0800][820.247s] GC(212) Survivor regions: 2->2(39)
[2024-03-24T20:07:06.222+0800][820.247s] GC(212) Old regions: 47->47
[2024-03-24T20:07:06.222+0800][820.247s] GC(212) Humongous regions: 4->4
[2024-03-24T20:07:06.222+0800][820.247s] GC(212) Metaspace: 65928K(66560K)->65928K(66560K) NonClass: 58456K(58816K)->58456K(58816K) Class: 7471K(7744K)->7471K(7744K)
[2024-03-24T20:07:06.222+0800][820.248s] GC(212) Pause Young (Normal) (G1 Evacuation Pause) 356M->51M(512M) 5.592ms
[2024-03-24T20:07:06.222+0800][820.248s] GC(212) User=0.02s Sys=0.00s Real=0.01s
[2024-03-24T20:07:08.813+0800][822.837s] GC(213) Pause Young (Normal) (G1 Evacuation Pause)
[2024-03-24T20:07:08.813+0800][822.837s] GC(213) Using 8 workers of 8 for evacuation
[2024-03-24T20:07:08.818+0800][822.841s] GC(213)   Pre Evacuate Collection Set: 0.2ms
[2024-03-24T20:07:08.819+0800][822.841s] GC(213)   Merge Heap Roots: 0.5ms
[2024-03-24T20:07:08.819+0800][822.841s] GC(213)   Evacuate Collection Set: 2.3ms
[2024-03-24T20:07:08.819+0800][822.841s] GC(213)   Post Evacuate Collection Set: 0.7ms
[2024-03-24T20:07:08.819+0800][822.841s] GC(213)   Other: 0.2ms
[2024-03-24T20:07:08.819+0800][822.842s] GC(213) Eden regions: 305->0(305)
[2024-03-24T20:07:08.819+0800][822.842s] GC(213) Survivor regions: 2->2(39)
[2024-03-24T20:07:08.819+0800][822.842s] GC(213) Old regions: 47->47
[2024-03-24T20:07:08.819+0800][822.842s] GC(213) Humongous regions: 4->4
[2024-03-24T20:07:08.819+0800][822.842s] GC(213) Metaspace: 65929K(66560K)->65929K(66560K) NonClass: 58457K(58816K)->58457K(58816K) Class: 7471K(7744K)->7471K(7744K)
[2024-03-24T20:07:08.819+0800][822.842s] GC(213) Pause Young (Normal) (G1 Evacuation Pause) 356M->52M(512M) 4.496ms
[2024-03-24T20:07:08.819+0800][822.842s] GC(213) User=0.00s Sys=0.00s Real=0.01s
[2024-03-24T20:07:11.586+0800][825.610s] GC(214) Pause Young (Normal) (G1 Evacuation Pause)
[2024-03-24T20:07:11.586+0800][825.610s] GC(214) Using 8 workers of 8 for evacuation
[2024-03-24T20:07:11.586+0800][825.615s] GC(214)   Pre Evacuate Collection Set: 0.3ms
[2024-03-24T20:07:11.586+0800][825.615s] GC(214)   Merge Heap Roots: 0.2ms
[2024-03-24T20:07:11.586+0800][825.615s] GC(214)   Evacuate Collection Set: 2.8ms
[2024-03-24T20:07:11.586+0800][825.615s] GC(214)   Post Evacuate Collection Set: 1.3ms
[2024-03-24T20:07:11.586+0800][825.615s] GC(214)   Other: 0.3ms
[2024-03-24T20:07:11.586+0800][825.615s] GC(214) Eden regions: 305->0(305)
[2024-03-24T20:07:11.586+0800][825.615s] GC(214) Survivor regions: 2->2(39)
[2024-03-24T20:07:11.586+0800][825.615s] GC(214) Old regions: 47->47
[2024-03-24T20:07:11.586+0800][825.615s] GC(214) Humongous regions: 4->4
[2024-03-24T20:07:11.586+0800][825.615s] GC(214) Metaspace: 65929K(66560K)->65929K(66560K) NonClass: 58457K(58816K)->58457K(58816K) Class: 7471K(7744K)->7471K(7744K)
[2024-03-24T20:07:11.586+0800][825.615s] GC(214) Pause Young (Normal) (G1 Evacuation Pause) 357M->51M(512M) 5.575ms
[2024-03-24T20:07:11.586+0800][825.616s] GC(214) User=0.00s Sys=0.00s Real=0.00s
[2024-03-24T20:07:14.184+0800][828.210s] GC(215) Pause Young (Normal) (G1 Evacuation Pause)
[2024-03-24T20:07:14.184+0800][828.210s] GC(215) Using 8 workers of 8 for evacuation
[2024-03-24T20:07:14.188+0800][828.214s] GC(215)   Pre Evacuate Collection Set: 0.2ms
[2024-03-24T20:07:14.188+0800][828.214s] GC(215)   Merge Heap Roots: 0.1ms
[2024-03-24T20:07:14.188+0800][828.214s] GC(215)   Evacuate Collection Set: 2.2ms
[2024-03-24T20:07:14.188+0800][828.214s] GC(215)   Post Evacuate Collection Set: 0.9ms
[2024-03-24T20:07:14.188+0800][828.214s] GC(215)   Other: 0.2ms
[2024-03-24T20:07:14.188+0800][828.214s] GC(215) Eden regions: 305->0(305)
[2024-03-24T20:07:14.188+0800][828.214s] GC(215) Survivor regions: 2->2(39)
[2024-03-24T20:07:14.188+0800][828.214s] GC(215) Old regions: 47->47
[2024-03-24T20:07:14.188+0800][828.214s] GC(215) Humongous regions: 4->4
[2024-03-24T20:07:14.188+0800][828.214s] GC(215) Metaspace: 65965K(66624K)->65965K(66624K) NonClass: 58494K(58880K)->58494K(58880K) Class: 7471K(7744K)->7471K(7744K)
[2024-03-24T20:07:14.188+0800][828.214s] GC(215) Pause Young (Normal) (G1 Evacuation Pause) 356M->51M(512M) 4.456ms
[2024-03-24T20:07:14.188+0800][828.214s] GC(215) User=0.00s Sys=0.00s Real=0.00s
[2024-03-24T20:07:16.807+0800][830.830s] GC(216) Pause Young (Normal) (G1 Evacuation Pause)
[2024-03-24T20:07:16.807+0800][830.830s] GC(216) Using 8 workers of 8 for evacuation
[2024-03-24T20:07:16.811+0800][830.836s] GC(216)   Pre Evacuate Collection Set: 0.3ms
[2024-03-24T20:07:16.811+0800][830.836s] GC(216)   Merge Heap Roots: 0.1ms
[2024-03-24T20:07:16.811+0800][830.836s] GC(216)   Evacuate Collection Set: 3.7ms
[2024-03-24T20:07:16.811+0800][830.836s] GC(216)   Post Evacuate Collection Set: 1.2ms
[2024-03-24T20:07:16.811+0800][830.836s] GC(216)   Other: 0.2ms
[2024-03-24T20:07:16.811+0800][830.836s] GC(216) Eden regions: 305->0(305)
[2024-03-24T20:07:16.811+0800][830.836s] GC(216) Survivor regions: 2->2(39)
[2024-03-24T20:07:16.811+0800][830.836s] GC(216) Old regions: 47->47
[2024-03-24T20:07:16.811+0800][830.836s] GC(216) Humongous regions: 4->4
[2024-03-24T20:07:16.811+0800][830.836s] GC(216) Metaspace: 65965K(66624K)->65965K(66624K) NonClass: 58494K(58880K)->58494K(58880K) Class: 7471K(7744K)->7471K(7744K)
[2024-03-24T20:07:16.811+0800][830.836s] GC(216) Pause Young (Normal) (G1 Evacuation Pause) 356M->51M(512M) 6.040ms
[2024-03-24T20:07:16.811+0800][830.836s] GC(216) User=0.02s Sys=0.00s Real=0.00s
[2024-03-24T20:07:19.498+0800][833.521s] GC(217) Pause Young (Normal) (G1 Evacuation Pause)
[2024-03-24T20:07:19.498+0800][833.521s] GC(217) Using 8 workers of 8 for evacuation
[2024-03-24T20:07:19.499+0800][833.524s] GC(217)   Pre Evacuate Collection Set: 0.3ms
[2024-03-24T20:07:19.499+0800][833.524s] GC(217)   Merge Heap Roots: 0.1ms
[2024-03-24T20:07:19.499+0800][833.524s] GC(217)   Evacuate Collection Set: 2.1ms
[2024-03-24T20:07:19.499+0800][833.524s] GC(217)   Post Evacuate Collection Set: 0.8ms
[2024-03-24T20:07:19.502+0800][833.524s] GC(217)   Other: 0.2ms
[2024-03-24T20:07:19.502+0800][833.524s] GC(217) Eden regions: 305->0(305)
[2024-03-24T20:07:19.502+0800][833.525s] GC(217) Survivor regions: 2->2(39)
[2024-03-24T20:07:19.502+0800][833.525s] GC(217) Old regions: 47->47
[2024-03-24T20:07:19.502+0800][833.525s] GC(217) Humongous regions: 4->4
[2024-03-24T20:07:19.502+0800][833.525s] GC(217) Metaspace: 65965K(66624K)->65965K(66624K) NonClass: 58494K(58880K)->58494K(58880K) Class: 7471K(7744K)->7471K(7744K)
[2024-03-24T20:07:19.502+0800][833.525s] GC(217) Pause Young (Normal) (G1 Evacuation Pause) 356M->51M(512M) 4.067ms
[2024-03-24T20:07:19.502+0800][833.525s] GC(217) User=0.02s Sys=0.00s Real=0.00s
[2024-03-24T20:07:22.141+0800][836.165s] GC(218) Pause Young (Normal) (G1 Evacuation Pause)
[2024-03-24T20:07:22.141+0800][836.165s] GC(218) Using 8 workers of 8 for evacuation
[2024-03-24T20:07:22.141+0800][836.169s] GC(218)   Pre Evacuate Collection Set: 0.3ms
[2024-03-24T20:07:22.141+0800][836.170s] GC(218)   Merge Heap Roots: 0.2ms
[2024-03-24T20:07:22.141+0800][836.170s] GC(218)   Evacuate Collection Set: 2.6ms
[2024-03-24T20:07:22.141+0800][836.170s] GC(218)   Post Evacuate Collection Set: 1.1ms
[2024-03-24T20:07:22.141+0800][836.170s] GC(218)   Other: 0.2ms
[2024-03-24T20:07:22.141+0800][836.170s] GC(218) Eden regions: 305->0(305)
[2024-03-24T20:07:22.141+0800][836.170s] GC(218) Survivor regions: 2->2(39)
[2024-03-24T20:07:22.141+0800][836.170s] GC(218) Old regions: 47->47
[2024-03-24T20:07:22.141+0800][836.170s] GC(218) Humongous regions: 4->4
[2024-03-24T20:07:22.141+0800][836.170s] GC(218) Metaspace: 65965K(66624K)->65965K(66624K) NonClass: 58494K(58880K)->58494K(58880K) Class: 7471K(7744K)->7471K(7744K)
[2024-03-24T20:07:22.141+0800][836.170s] GC(218) Pause Young (Normal) (G1 Evacuation Pause) 356M->51M(512M) 5.090ms
[2024-03-24T20:07:22.141+0800][836.170s] GC(218) User=0.00s Sys=0.00s Real=0.00s
[2024-03-24T20:07:24.863+0800][838.889s] GC(219) Pause Young (Normal) (G1 Evacuation Pause)
[2024-03-24T20:07:24.867+0800][838.890s] GC(219) Using 8 workers of 8 for evacuation
[2024-03-24T20:07:24.870+0800][838.895s] GC(219)   Pre Evacuate Collection Set: 0.6ms
[2024-03-24T20:07:24.870+0800][838.895s] GC(219)   Merge Heap Roots: 0.4ms
[2024-03-24T20:07:24.870+0800][838.895s] GC(219)   Evacuate Collection Set: 3.4ms
[2024-03-24T20:07:24.870+0800][838.895s] GC(219)   Post Evacuate Collection Set: 1.0ms
[2024-03-24T20:07:24.870+0800][838.895s] GC(219)   Other: 0.2ms
[2024-03-24T20:07:24.870+0800][838.896s] GC(219) Eden regions: 305->0(305)
[2024-03-24T20:07:24.870+0800][838.896s] GC(219) Survivor regions: 2->2(39)
[2024-03-24T20:07:24.870+0800][838.896s] GC(219) Old regions: 47->47
[2024-03-24T20:07:24.870+0800][838.896s] GC(219) Humongous regions: 4->4
[2024-03-24T20:07:24.870+0800][838.896s] GC(219) Metaspace: 65965K(66624K)->65965K(66624K) NonClass: 58494K(58880K)->58494K(58880K) Class: 7471K(7744K)->7471K(7744K)
[2024-03-24T20:07:24.873+0800][838.896s] GC(219) Pause Young (Normal) (G1 Evacuation Pause) 356M->51M(512M) 6.411ms
[2024-03-24T20:07:24.873+0800][838.896s] GC(219) User=0.00s Sys=0.00s Real=0.01s
[2024-03-24T20:07:27.618+0800][841.642s] GC(220) Pause Young (Normal) (G1 Evacuation Pause)
[2024-03-24T20:07:27.618+0800][841.642s] GC(220) Using 8 workers of 8 for evacuation
[2024-03-24T20:07:27.624+0800][841.647s] GC(220)   Pre Evacuate Collection Set: 0.4ms
[2024-03-24T20:07:27.624+0800][841.647s] GC(220)   Merge Heap Roots: 0.2ms
[2024-03-24T20:07:27.624+0800][841.647s] GC(220)   Evacuate Collection Set: 2.6ms
[2024-03-24T20:07:27.624+0800][841.647s] GC(220)   Post Evacuate Collection Set: 1.3ms
[2024-03-24T20:07:27.624+0800][841.647s] GC(220)   Other: 0.2ms
[2024-03-24T20:07:27.624+0800][841.647s] GC(220) Eden regions: 305->0(305)
[2024-03-24T20:07:27.624+0800][841.647s] GC(220) Survivor regions: 2->2(39)
[2024-03-24T20:07:27.624+0800][841.647s] GC(220) Old regions: 47->47
[2024-03-24T20:07:27.624+0800][841.647s] GC(220) Humongous regions: 4->4
[2024-03-24T20:07:27.624+0800][841.647s] GC(220) Metaspace: 65965K(66624K)->65965K(66624K) NonClass: 58494K(58880K)->58494K(58880K) Class: 7471K(7744K)->7471K(7744K)
[2024-03-24T20:07:27.624+0800][841.647s] GC(220) Pause Young (Normal) (G1 Evacuation Pause) 356M->52M(512M) 5.271ms
[2024-03-24T20:07:27.624+0800][841.647s] GC(220) User=0.00s Sys=0.00s Real=0.01s
[2024-03-24T20:07:30.308+0800][844.331s] GC(221) Pause Young (Normal) (G1 Evacuation Pause)
[2024-03-24T20:07:30.308+0800][844.331s] GC(221) Using 8 workers of 8 for evacuation
[2024-03-24T20:07:30.313+0800][844.335s] GC(221)   Pre Evacuate Collection Set: 0.5ms
[2024-03-24T20:07:30.313+0800][844.336s] GC(221)   Merge Heap Roots: 0.2ms
[2024-03-24T20:07:30.313+0800][844.336s] GC(221)   Evacuate Collection Set: 2.3ms
[2024-03-24T20:07:30.313+0800][844.336s] GC(221)   Post Evacuate Collection Set: 1.1ms
[2024-03-24T20:07:30.313+0800][844.336s] GC(221)   Other: 0.3ms
[2024-03-24T20:07:30.313+0800][844.336s] GC(221) Eden regions: 305->0(305)
[2024-03-24T20:07:30.313+0800][844.336s] GC(221) Survivor regions: 2->2(39)
[2024-03-24T20:07:30.313+0800][844.336s] GC(221) Old regions: 47->47
[2024-03-24T20:07:30.313+0800][844.336s] GC(221) Humongous regions: 4->4
[2024-03-24T20:07:30.313+0800][844.336s] GC(221) Metaspace: 65965K(66624K)->65965K(66624K) NonClass: 58494K(58880K)->58494K(58880K) Class: 7471K(7744K)->7471K(7744K)
[2024-03-24T20:07:30.313+0800][844.336s] GC(221) Pause Young (Normal) (G1 Evacuation Pause) 357M->52M(512M) 5.381ms
[2024-03-24T20:07:30.313+0800][844.336s] GC(221) User=0.00s Sys=0.00s Real=0.00s
[2024-03-24T20:07:32.947+0800][846.971s] GC(222) Pause Young (Normal) (G1 Evacuation Pause)
[2024-03-24T20:07:32.947+0800][846.971s] GC(222) Using 8 workers of 8 for evacuation
[2024-03-24T20:07:32.953+0800][846.976s] GC(222)   Pre Evacuate Collection Set: 0.3ms
[2024-03-24T20:07:32.953+0800][846.976s] GC(222)   Merge Heap Roots: 0.2ms
[2024-03-24T20:07:32.953+0800][846.976s] GC(222)   Evacuate Collection Set: 2.4ms
[2024-03-24T20:07:32.953+0800][846.976s] GC(222)   Post Evacuate Collection Set: 1.1ms
[2024-03-24T20:07:32.953+0800][846.976s] GC(222)   Other: 0.2ms
[2024-03-24T20:07:32.953+0800][846.976s] GC(222) Eden regions: 305->0(305)
[2024-03-24T20:07:32.953+0800][846.976s] GC(222) Survivor regions: 2->2(39)
[2024-03-24T20:07:32.953+0800][846.976s] GC(222) Old regions: 47->47
[2024-03-24T20:07:32.953+0800][846.976s] GC(222) Humongous regions: 4->4
[2024-03-24T20:07:32.953+0800][846.976s] GC(222) Metaspace: 65973K(66624K)->65973K(66624K) NonClass: 58501K(58880K)->58501K(58880K) Class: 7472K(7744K)->7472K(7744K)
[2024-03-24T20:07:32.953+0800][846.976s] GC(222) Pause Young (Normal) (G1 Evacuation Pause) 357M->51M(512M) 4.941ms
[2024-03-24T20:07:32.953+0800][846.976s] GC(222) User=0.00s Sys=0.00s Real=0.01s
[2024-03-24T20:07:35.782+0800][849.807s] GC(223) Pause Young (Normal) (G1 Evacuation Pause)
[2024-03-24T20:07:35.782+0800][849.807s] GC(223) Using 8 workers of 8 for evacuation
[2024-03-24T20:07:35.782+0800][849.810s] GC(223)   Pre Evacuate Collection Set: 0.3ms
[2024-03-24T20:07:35.782+0800][849.810s] GC(223)   Merge Heap Roots: 0.2ms
[2024-03-24T20:07:35.782+0800][849.810s] GC(223)   Evacuate Collection Set: 1.9ms
[2024-03-24T20:07:35.782+0800][849.810s] GC(223)   Post Evacuate Collection Set: 0.8ms
[2024-03-24T20:07:35.782+0800][849.810s] GC(223)   Other: 0.2ms
[2024-03-24T20:07:35.782+0800][849.810s] GC(223) Eden regions: 305->0(305)
[2024-03-24T20:07:35.788+0800][849.811s] GC(223) Survivor regions: 2->2(39)
[2024-03-24T20:07:35.788+0800][849.811s] GC(223) Old regions: 47->47
[2024-03-24T20:07:35.788+0800][849.811s] GC(223) Humongous regions: 4->4
[2024-03-24T20:07:35.788+0800][849.811s] GC(223) Metaspace: 65973K(66624K)->65973K(66624K) NonClass: 58501K(58880K)->58501K(58880K) Class: 7472K(7744K)->7472K(7744K)
[2024-03-24T20:07:35.788+0800][849.811s] GC(223) Pause Young (Normal) (G1 Evacuation Pause) 356M->52M(512M) 4.309ms
[2024-03-24T20:07:35.788+0800][849.811s] GC(223) User=0.00s Sys=0.00s Real=0.01s
[2024-03-24T20:07:38.491+0800][852.522s] GC(224) Pause Young (Normal) (G1 Evacuation Pause)
[2024-03-24T20:07:38.491+0800][852.523s] GC(224) Using 8 workers of 8 for evacuation
[2024-03-24T20:07:38.502+0800][852.527s] GC(224)   Pre Evacuate Collection Set: 0.3ms
[2024-03-24T20:07:38.502+0800][852.527s] GC(224)   Merge Heap Roots: 0.4ms
[2024-03-24T20:07:38.502+0800][852.527s] GC(224)   Evacuate Collection Set: 2.5ms
[2024-03-24T20:07:38.502+0800][852.527s] GC(224)   Post Evacuate Collection Set: 1.1ms
[2024-03-24T20:07:38.502+0800][852.527s] GC(224)   Other: 0.2ms
[2024-03-24T20:07:38.502+0800][852.528s] GC(224) Eden regions: 305->0(305)
[2024-03-24T20:07:38.502+0800][852.528s] GC(224) Survivor regions: 2->2(39)
[2024-03-24T20:07:38.502+0800][852.528s] GC(224) Old regions: 47->47
[2024-03-24T20:07:38.502+0800][852.528s] GC(224) Humongous regions: 4->4
[2024-03-24T20:07:38.502+0800][852.528s] GC(224) Metaspace: 65973K(66624K)->65973K(66624K) NonClass: 58501K(58880K)->58501K(58880K) Class: 7472K(7744K)->7472K(7744K)
[2024-03-24T20:07:38.502+0800][852.528s] GC(224) Pause Young (Normal) (G1 Evacuation Pause) 357M->51M(512M) 5.409ms
[2024-03-24T20:07:38.502+0800][852.528s] GC(224) User=0.00s Sys=0.00s Real=0.01s
[2024-03-24T20:07:41.182+0800][855.210s] GC(225) Pause Young (Normal) (G1 Evacuation Pause)
[2024-03-24T20:07:41.182+0800][855.211s] GC(225) Using 8 workers of 8 for evacuation
[2024-03-24T20:07:41.192+0800][855.215s] GC(225)   Pre Evacuate Collection Set: 0.4ms
[2024-03-24T20:07:41.192+0800][855.215s] GC(225)   Merge Heap Roots: 0.4ms
[2024-03-24T20:07:41.192+0800][855.215s] GC(225)   Evacuate Collection Set: 2.6ms
[2024-03-24T20:07:41.192+0800][855.215s] GC(225)   Post Evacuate Collection Set: 1.1ms
[2024-03-24T20:07:41.192+0800][855.215s] GC(225)   Other: 0.2ms
[2024-03-24T20:07:41.192+0800][855.215s] GC(225) Eden regions: 305->0(305)
[2024-03-24T20:07:41.193+0800][855.216s] GC(225) Survivor regions: 2->2(39)
[2024-03-24T20:07:41.193+0800][855.216s] GC(225) Old regions: 47->47
[2024-03-24T20:07:41.193+0800][855.216s] GC(225) Humongous regions: 4->4
[2024-03-24T20:07:41.193+0800][855.216s] GC(225) Metaspace: 65974K(66624K)->65974K(66624K) NonClass: 58501K(58880K)->58501K(58880K) Class: 7472K(7744K)->7472K(7744K)
[2024-03-24T20:07:41.193+0800][855.216s] GC(225) Pause Young (Normal) (G1 Evacuation Pause) 356M->51M(512M) 5.449ms
[2024-03-24T20:07:41.193+0800][855.216s] GC(225) User=0.00s Sys=0.00s Real=0.01s
[2024-03-24T20:07:44.036+0800][858.059s] GC(226) Pause Young (Normal) (G1 Evacuation Pause)
[2024-03-24T20:07:44.036+0800][858.059s] GC(226) Using 8 workers of 8 for evacuation
[2024-03-24T20:07:44.040+0800][858.063s] GC(226)   Pre Evacuate Collection Set: 0.2ms
[2024-03-24T20:07:44.040+0800][858.063s] GC(226)   Merge Heap Roots: 0.2ms
[2024-03-24T20:07:44.040+0800][858.063s] GC(226)   Evacuate Collection Set: 2.6ms
[2024-03-24T20:07:44.040+0800][858.063s] GC(226)   Post Evacuate Collection Set: 0.8ms
[2024-03-24T20:07:44.040+0800][858.063s] GC(226)   Other: 0.1ms
[2024-03-24T20:07:44.040+0800][858.063s] GC(226) Eden regions: 305->0(305)
[2024-03-24T20:07:44.040+0800][858.063s] GC(226) Survivor regions: 2->2(39)
[2024-03-24T20:07:44.040+0800][858.063s] GC(226) Old regions: 47->47
[2024-03-24T20:07:44.040+0800][858.063s] GC(226) Humongous regions: 4->4
[2024-03-24T20:07:44.040+0800][858.064s] GC(226) Metaspace: 65974K(66624K)->65974K(66624K) NonClass: 58501K(58880K)->58501K(58880K) Class: 7472K(7744K)->7472K(7744K)
[2024-03-24T20:07:44.040+0800][858.064s] GC(226) Pause Young (Normal) (G1 Evacuation Pause) 356M->52M(512M) 4.541ms
[2024-03-24T20:07:44.040+0800][858.064s] GC(226) User=0.00s Sys=0.00s Real=0.00s
[2024-03-24T20:07:46.586+0800][860.615s] GC(227) Pause Young (Normal) (G1 Evacuation Pause)
[2024-03-24T20:07:46.586+0800][860.615s] GC(227) Using 8 workers of 8 for evacuation
[2024-03-24T20:07:46.596+0800][860.621s] GC(227)   Pre Evacuate Collection Set: 0.3ms
[2024-03-24T20:07:46.596+0800][860.621s] GC(227)   Merge Heap Roots: 0.1ms
[2024-03-24T20:07:46.596+0800][860.621s] GC(227)   Evacuate Collection Set: 3.3ms
[2024-03-24T20:07:46.596+0800][860.621s] GC(227)   Post Evacuate Collection Set: 1.4ms
[2024-03-24T20:07:46.596+0800][860.621s] GC(227)   Other: 0.1ms
[2024-03-24T20:07:46.596+0800][860.621s] GC(227) Eden regions: 305->0(305)
[2024-03-24T20:07:46.596+0800][860.621s] GC(227) Survivor regions: 2->2(39)
[2024-03-24T20:07:46.596+0800][860.621s] GC(227) Old regions: 47->47
[2024-03-24T20:07:46.596+0800][860.621s] GC(227) Humongous regions: 4->4
[2024-03-24T20:07:46.596+0800][860.621s] GC(227) Metaspace: 65974K(66624K)->65974K(66624K) NonClass: 58501K(58880K)->58501K(58880K) Class: 7472K(7744K)->7472K(7744K)
[2024-03-24T20:07:46.596+0800][860.621s] GC(227) Pause Young (Normal) (G1 Evacuation Pause) 357M->52M(512M) 5.832ms
[2024-03-24T20:07:46.596+0800][860.621s] GC(227) User=0.00s Sys=0.00s Real=0.01s
[2024-03-24T20:07:49.113+0800][863.136s] GC(228) Pause Young (Normal) (G1 Evacuation Pause)
[2024-03-24T20:07:49.113+0800][863.136s] GC(228) Using 8 workers of 8 for evacuation
[2024-03-24T20:07:49.117+0800][863.143s] GC(228)   Pre Evacuate Collection Set: 0.3ms
[2024-03-24T20:07:49.117+0800][863.143s] GC(228)   Merge Heap Roots: 0.1ms
[2024-03-24T20:07:49.117+0800][863.143s] GC(228)   Evacuate Collection Set: 4.4ms
[2024-03-24T20:07:49.117+0800][863.143s] GC(228)   Post Evacuate Collection Set: 1.4ms
[2024-03-24T20:07:49.117+0800][863.143s] GC(228)   Other: 0.2ms
[2024-03-24T20:07:49.117+0800][863.143s] GC(228) Eden regions: 305->0(305)
[2024-03-24T20:07:49.117+0800][863.143s] GC(228) Survivor regions: 2->2(39)
[2024-03-24T20:07:49.117+0800][863.143s] GC(228) Old regions: 47->47
[2024-03-24T20:07:49.117+0800][863.143s] GC(228) Humongous regions: 4->4
[2024-03-24T20:07:49.117+0800][863.143s] GC(228) Metaspace: 65974K(66624K)->65974K(66624K) NonClass: 58501K(58880K)->58501K(58880K) Class: 7472K(7744K)->7472K(7744K)
[2024-03-24T20:07:49.117+0800][863.143s] GC(228) Pause Young (Normal) (G1 Evacuation Pause) 357M->52M(512M) 7.085ms
[2024-03-24T20:07:49.117+0800][863.143s] GC(228) User=0.00s Sys=0.00s Real=0.00s
[2024-03-24T20:07:51.861+0800][865.883s] GC(229) Pause Young (Normal) (G1 Evacuation Pause)
[2024-03-24T20:07:51.861+0800][865.884s] GC(229) Using 8 workers of 8 for evacuation
[2024-03-24T20:07:51.866+0800][865.890s] GC(229)   Pre Evacuate Collection Set: 0.6ms
[2024-03-24T20:07:51.866+0800][865.890s] GC(229)   Merge Heap Roots: 0.3ms
[2024-03-24T20:07:51.866+0800][865.890s] GC(229)   Evacuate Collection Set: 3.3ms
[2024-03-24T20:07:51.866+0800][865.890s] GC(229)   Post Evacuate Collection Set: 1.5ms
[2024-03-24T20:07:51.866+0800][865.890s] GC(229)   Other: 0.2ms
[2024-03-24T20:07:51.866+0800][865.890s] GC(229) Eden regions: 305->0(305)
[2024-03-24T20:07:51.866+0800][865.890s] GC(229) Survivor regions: 2->2(39)
[2024-03-24T20:07:51.866+0800][865.890s] GC(229) Old regions: 47->47
[2024-03-24T20:07:51.866+0800][865.890s] GC(229) Humongous regions: 4->4
[2024-03-24T20:07:51.866+0800][865.890s] GC(229) Metaspace: 65975K(66624K)->65975K(66624K) NonClass: 58502K(58880K)->58502K(58880K) Class: 7472K(7744K)->7472K(7744K)
[2024-03-24T20:07:51.866+0800][865.890s] GC(229) Pause Young (Normal) (G1 Evacuation Pause) 357M->52M(512M) 6.525ms
[2024-03-24T20:07:51.866+0800][865.890s] GC(229) User=0.00s Sys=0.00s Real=0.00s
[2024-03-24T20:07:54.528+0800][868.552s] GC(230) Pause Young (Normal) (G1 Evacuation Pause)
[2024-03-24T20:07:54.528+0800][868.553s] GC(230) Using 8 workers of 8 for evacuation
[2024-03-24T20:07:54.528+0800][868.557s] GC(230)   Pre Evacuate Collection Set: 0.5ms
[2024-03-24T20:07:54.528+0800][868.557s] GC(230)   Merge Heap Roots: 0.3ms
[2024-03-24T20:07:54.528+0800][868.557s] GC(230)   Evacuate Collection Set: 2.5ms
[2024-03-24T20:07:54.528+0800][868.557s] GC(230)   Post Evacuate Collection Set: 0.9ms
[2024-03-24T20:07:54.528+0800][868.557s] GC(230)   Other: 0.2ms
[2024-03-24T20:07:54.528+0800][868.557s] GC(230) Eden regions: 305->0(305)
[2024-03-24T20:07:54.528+0800][868.557s] GC(230) Survivor regions: 2->2(39)
[2024-03-24T20:07:54.528+0800][868.557s] GC(230) Old regions: 47->47
[2024-03-24T20:07:54.528+0800][868.557s] GC(230) Humongous regions: 4->4
[2024-03-24T20:07:54.528+0800][868.557s] GC(230) Metaspace: 65975K(66624K)->65975K(66624K) NonClass: 58503K(58880K)->58503K(58880K) Class: 7472K(7744K)->7472K(7744K)
[2024-03-24T20:07:54.528+0800][868.557s] GC(230) Pause Young (Normal) (G1 Evacuation Pause) 357M->52M(512M) 4.995ms
[2024-03-24T20:07:54.528+0800][868.557s] GC(230) User=0.00s Sys=0.00s Real=0.00s
[2024-03-24T20:07:57.077+0800][871.099s] GC(231) Pause Young (Normal) (G1 Evacuation Pause)
[2024-03-24T20:07:57.077+0800][871.099s] GC(231) Using 8 workers of 8 for evacuation
[2024-03-24T20:07:57.079+0800][871.105s] GC(231)   Pre Evacuate Collection Set: 0.2ms
[2024-03-24T20:07:57.079+0800][871.105s] GC(231)   Merge Heap Roots: 0.1ms
[2024-03-24T20:07:57.079+0800][871.105s] GC(231)   Evacuate Collection Set: 3.7ms
[2024-03-24T20:07:57.079+0800][871.105s] GC(231)   Post Evacuate Collection Set: 1.2ms
[2024-03-24T20:07:57.079+0800][871.105s] GC(231)   Other: 0.2ms
[2024-03-24T20:07:57.079+0800][871.105s] GC(231) Eden regions: 305->0(305)
[2024-03-24T20:07:57.079+0800][871.105s] GC(231) Survivor regions: 2->2(39)
[2024-03-24T20:07:57.079+0800][871.105s] GC(231) Old regions: 47->47
[2024-03-24T20:07:57.079+0800][871.105s] GC(231) Humongous regions: 4->4
[2024-03-24T20:07:57.083+0800][871.105s] GC(231) Metaspace: 65975K(66624K)->65975K(66624K) NonClass: 58503K(58880K)->58503K(58880K) Class: 7472K(7744K)->7472K(7744K)
[2024-03-24T20:07:57.083+0800][871.105s] GC(231) Pause Young (Normal) (G1 Evacuation Pause) 357M->52M(512M) 6.145ms
[2024-03-24T20:07:57.083+0800][871.105s] GC(231) User=0.03s Sys=0.00s Real=0.01s
[2024-03-24T20:07:59.821+0800][873.844s] GC(232) Pause Young (Normal) (G1 Evacuation Pause)
[2024-03-24T20:07:59.821+0800][873.844s] GC(232) Using 8 workers of 8 for evacuation
[2024-03-24T20:07:59.825+0800][873.849s] GC(232)   Pre Evacuate Collection Set: 0.2ms
[2024-03-24T20:07:59.827+0800][873.849s] GC(232)   Merge Heap Roots: 0.1ms
[2024-03-24T20:07:59.827+0800][873.849s] GC(232)   Evacuate Collection Set: 3.0ms
[2024-03-24T20:07:59.827+0800][873.850s] GC(232)   Post Evacuate Collection Set: 1.5ms
[2024-03-24T20:07:59.827+0800][873.850s] GC(232)   Other: 0.2ms
[2024-03-24T20:07:59.827+0800][873.850s] GC(232) Eden regions: 305->0(305)
[2024-03-24T20:07:59.827+0800][873.850s] GC(232) Survivor regions: 2->2(39)
[2024-03-24T20:07:59.827+0800][873.850s] GC(232) Old regions: 47->47
[2024-03-24T20:07:59.827+0800][873.850s] GC(232) Humongous regions: 4->4
[2024-03-24T20:07:59.827+0800][873.850s] GC(232) Metaspace: 65975K(66624K)->65975K(66624K) NonClass: 58503K(58880K)->58503K(58880K) Class: 7472K(7744K)->7472K(7744K)
[2024-03-24T20:07:59.827+0800][873.850s] GC(232) Pause Young (Normal) (G1 Evacuation Pause) 357M->52M(512M) 5.646ms
[2024-03-24T20:07:59.827+0800][873.850s] GC(232) User=0.03s Sys=0.00s Real=0.01s
[2024-03-24T20:08:02.438+0800][876.463s] GC(233) Pause Young (Normal) (G1 Evacuation Pause)
[2024-03-24T20:08:02.440+0800][876.463s] GC(233) Using 8 workers of 8 for evacuation
[2024-03-24T20:08:02.440+0800][876.468s] GC(233)   Pre Evacuate Collection Set: 0.3ms
[2024-03-24T20:08:02.440+0800][876.468s] GC(233)   Merge Heap Roots: 0.2ms
[2024-03-24T20:08:02.440+0800][876.468s] GC(233)   Evacuate Collection Set: 3.3ms
[2024-03-24T20:08:02.440+0800][876.468s] GC(233)   Post Evacuate Collection Set: 0.9ms
[2024-03-24T20:08:02.440+0800][876.468s] GC(233)   Other: 0.2ms
[2024-03-24T20:08:02.440+0800][876.468s] GC(233) Eden regions: 305->0(305)
[2024-03-24T20:08:02.440+0800][876.468s] GC(233) Survivor regions: 2->2(39)
[2024-03-24T20:08:02.440+0800][876.468s] GC(233) Old regions: 47->47
[2024-03-24T20:08:02.440+0800][876.468s] GC(233) Humongous regions: 4->4
[2024-03-24T20:08:02.440+0800][876.468s] GC(233) Metaspace: 65976K(66624K)->65976K(66624K) NonClass: 58504K(58880K)->58504K(58880K) Class: 7472K(7744K)->7472K(7744K)
[2024-03-24T20:08:02.440+0800][876.468s] GC(233) Pause Young (Normal) (G1 Evacuation Pause) 357M->52M(512M) 5.712ms
[2024-03-24T20:08:02.440+0800][876.468s] GC(233) User=0.00s Sys=0.00s Real=0.00s
[2024-03-24T20:08:05.035+0800][879.058s] GC(234) Pause Young (Normal) (G1 Evacuation Pause)
[2024-03-24T20:08:05.035+0800][879.058s] GC(234) Using 8 workers of 8 for evacuation
[2024-03-24T20:08:05.039+0800][879.062s] GC(234)   Pre Evacuate Collection Set: 0.2ms
[2024-03-24T20:08:05.039+0800][879.062s] GC(234)   Merge Heap Roots: 0.1ms
[2024-03-24T20:08:05.039+0800][879.062s] GC(234)   Evacuate Collection Set: 2.5ms
[2024-03-24T20:08:05.039+0800][879.062s] GC(234)   Post Evacuate Collection Set: 0.8ms
[2024-03-24T20:08:05.039+0800][879.062s] GC(234)   Other: 0.1ms
[2024-03-24T20:08:05.039+0800][879.062s] GC(234) Eden regions: 305->0(306)
[2024-03-24T20:08:05.039+0800][879.062s] GC(234) Survivor regions: 2->1(39)
[2024-03-24T20:08:05.039+0800][879.062s] GC(234) Old regions: 47->47
[2024-03-24T20:08:05.039+0800][879.062s] GC(234) Humongous regions: 4->4
[2024-03-24T20:08:05.039+0800][879.062s] GC(234) Metaspace: 65977K(66624K)->65977K(66624K) NonClass: 58505K(58880K)->58505K(58880K) Class: 7472K(7744K)->7472K(7744K)
[2024-03-24T20:08:05.039+0800][879.062s] GC(234) Pause Young (Normal) (G1 Evacuation Pause) 357M->51M(512M) 4.399ms
[2024-03-24T20:08:05.039+0800][879.062s] GC(234) User=0.00s Sys=0.00s Real=0.00s
[2024-03-24T20:08:07.774+0800][881.799s] GC(235) Pause Young (Normal) (G1 Evacuation Pause)
[2024-03-24T20:08:07.774+0800][881.799s] GC(235) Using 8 workers of 8 for evacuation
[2024-03-24T20:08:07.779+0800][881.802s] GC(235)   Pre Evacuate Collection Set: 0.4ms
[2024-03-24T20:08:07.780+0800][881.802s] GC(235)   Merge Heap Roots: 0.2ms
[2024-03-24T20:08:07.780+0800][881.803s] GC(235)   Evacuate Collection Set: 2.1ms
[2024-03-24T20:08:07.780+0800][881.803s] GC(235)   Post Evacuate Collection Set: 0.5ms
[2024-03-24T20:08:07.780+0800][881.803s] GC(235)   Other: 0.1ms
[2024-03-24T20:08:07.780+0800][881.803s] GC(235) Eden regions: 306->0(305)
[2024-03-24T20:08:07.780+0800][881.803s] GC(235) Survivor regions: 1->2(39)
[2024-03-24T20:08:07.780+0800][881.803s] GC(235) Old regions: 47->47
[2024-03-24T20:08:07.780+0800][881.803s] GC(235) Humongous regions: 4->4
[2024-03-24T20:08:07.780+0800][881.803s] GC(235) Metaspace: 65981K(66624K)->65981K(66624K) NonClass: 58508K(58880K)->58508K(58880K) Class: 7472K(7744K)->7472K(7744K)
[2024-03-24T20:08:07.780+0800][881.803s] GC(235) Pause Young (Normal) (G1 Evacuation Pause) 357M->52M(512M) 3.726ms
[2024-03-24T20:08:07.780+0800][881.803s] GC(235) User=0.03s Sys=0.00s Real=0.01s
[2024-03-24T20:08:10.450+0800][884.474s] GC(236) Pause Young (Normal) (G1 Evacuation Pause)
[2024-03-24T20:08:10.450+0800][884.474s] GC(236) Using 8 workers of 8 for evacuation
[2024-03-24T20:08:10.452+0800][884.477s] GC(236)   Pre Evacuate Collection Set: 0.2ms
[2024-03-24T20:08:10.452+0800][884.477s] GC(236)   Merge Heap Roots: 0.1ms
[2024-03-24T20:08:10.452+0800][884.477s] GC(236)   Evacuate Collection Set: 1.7ms
[2024-03-24T20:08:10.452+0800][884.477s] GC(236)   Post Evacuate Collection Set: 0.9ms
[2024-03-24T20:08:10.452+0800][884.477s] GC(236)   Other: 0.2ms
[2024-03-24T20:08:10.452+0800][884.477s] GC(236) Eden regions: 305->0(305)
[2024-03-24T20:08:10.452+0800][884.477s] GC(236) Survivor regions: 2->2(39)
[2024-03-24T20:08:10.452+0800][884.477s] GC(236) Old regions: 47->47
[2024-03-24T20:08:10.452+0800][884.477s] GC(236) Humongous regions: 4->4
[2024-03-24T20:08:10.452+0800][884.477s] GC(236) Metaspace: 65981K(66624K)->65981K(66624K) NonClass: 58508K(58880K)->58508K(58880K) Class: 7472K(7744K)->7472K(7744K)
[2024-03-24T20:08:10.452+0800][884.478s] GC(236) Pause Young (Normal) (G1 Evacuation Pause) 357M->52M(512M) 3.570ms
[2024-03-24T20:08:10.452+0800][884.478s] GC(236) User=0.00s Sys=0.00s Real=0.00s
[2024-03-24T20:08:12.905+0800][886.935s] GC(237) Pause Young (Normal) (G1 Evacuation Pause)
[2024-03-24T20:08:12.905+0800][886.935s] GC(237) Using 8 workers of 8 for evacuation
[2024-03-24T20:08:12.916+0800][886.939s] GC(237)   Pre Evacuate Collection Set: 0.2ms
[2024-03-24T20:08:12.916+0800][886.939s] GC(237)   Merge Heap Roots: 0.2ms
[2024-03-24T20:08:12.916+0800][886.939s] GC(237)   Evacuate Collection Set: 1.8ms
[2024-03-24T20:08:12.916+0800][886.939s] GC(237)   Post Evacuate Collection Set: 0.8ms
[2024-03-24T20:08:12.916+0800][886.939s] GC(237)   Other: 0.2ms
[2024-03-24T20:08:12.916+0800][886.939s] GC(237) Eden regions: 305->0(305)
[2024-03-24T20:08:12.916+0800][886.939s] GC(237) Survivor regions: 2->2(39)
[2024-03-24T20:08:12.916+0800][886.939s] GC(237) Old regions: 47->47
[2024-03-24T20:08:12.916+0800][886.939s] GC(237) Humongous regions: 4->4
[2024-03-24T20:08:12.916+0800][886.939s] GC(237) Metaspace: 65981K(66624K)->65981K(66624K) NonClass: 58508K(58880K)->58508K(58880K) Class: 7472K(7744K)->7472K(7744K)
[2024-03-24T20:08:12.916+0800][886.939s] GC(237) Pause Young (Normal) (G1 Evacuation Pause) 357M->52M(512M) 3.874ms
[2024-03-24T20:08:12.916+0800][886.939s] GC(237) User=0.00s Sys=0.00s Real=0.01s
[2024-03-24T20:08:15.723+0800][889.750s] GC(238) Pause Young (Normal) (G1 Evacuation Pause)
[2024-03-24T20:08:15.723+0800][889.750s] GC(238) Using 8 workers of 8 for evacuation
[2024-03-24T20:08:15.723+0800][889.755s] GC(238)   Pre Evacuate Collection Set: 0.4ms
[2024-03-24T20:08:15.723+0800][889.756s] GC(238)   Merge Heap Roots: 0.2ms
[2024-03-24T20:08:15.723+0800][889.756s] GC(238)   Evacuate Collection Set: 3.7ms
[2024-03-24T20:08:15.723+0800][889.756s] GC(238)   Post Evacuate Collection Set: 1.0ms
[2024-03-24T20:08:15.733+0800][889.756s] GC(238)   Other: 0.2ms
[2024-03-24T20:08:15.733+0800][889.756s] GC(238) Eden regions: 305->0(305)
[2024-03-24T20:08:15.733+0800][889.756s] GC(238) Survivor regions: 2->2(39)
[2024-03-24T20:08:15.733+0800][889.756s] GC(238) Old regions: 47->47
[2024-03-24T20:08:15.733+0800][889.756s] GC(238) Humongous regions: 4->4
[2024-03-24T20:08:15.733+0800][889.756s] GC(238) Metaspace: 65981K(66624K)->65981K(66624K) NonClass: 58508K(58880K)->58508K(58880K) Class: 7472K(7744K)->7472K(7744K)
[2024-03-24T20:08:15.733+0800][889.756s] GC(238) Pause Young (Normal) (G1 Evacuation Pause) 357M->52M(512M) 6.188ms
[2024-03-24T20:08:15.733+0800][889.756s] GC(238) User=0.00s Sys=0.00s Real=0.01s
[2024-03-24T20:08:18.386+0800][892.414s] GC(239) Pause Young (Normal) (G1 Evacuation Pause)
[2024-03-24T20:08:18.386+0800][892.414s] GC(239) Using 8 workers of 8 for evacuation
[2024-03-24T20:08:18.394+0800][892.418s] GC(239)   Pre Evacuate Collection Set: 0.4ms
[2024-03-24T20:08:18.394+0800][892.419s] GC(239)   Merge Heap Roots: 0.2ms
[2024-03-24T20:08:18.394+0800][892.419s] GC(239)   Evacuate Collection Set: 2.2ms
[2024-03-24T20:08:18.394+0800][892.419s] GC(239)   Post Evacuate Collection Set: 1.2ms
[2024-03-24T20:08:18.394+0800][892.419s] GC(239)   Other: 0.3ms
[2024-03-24T20:08:18.394+0800][892.419s] GC(239) Eden regions: 305->0(305)
[2024-03-24T20:08:18.394+0800][892.419s] GC(239) Survivor regions: 2->2(39)
[2024-03-24T20:08:18.394+0800][892.419s] GC(239) Old regions: 47->47
[2024-03-24T20:08:18.394+0800][892.419s] GC(239) Humongous regions: 4->4
[2024-03-24T20:08:18.394+0800][892.419s] GC(239) Metaspace: 65981K(66624K)->65981K(66624K) NonClass: 58508K(58880K)->58508K(58880K) Class: 7472K(7744K)->7472K(7744K)
[2024-03-24T20:08:18.394+0800][892.419s] GC(239) Pause Young (Normal) (G1 Evacuation Pause) 357M->52M(512M) 5.187ms
[2024-03-24T20:08:18.394+0800][892.419s] GC(239) User=0.00s Sys=0.00s Real=0.01s
[2024-03-24T20:08:21.030+0800][895.053s] GC(240) Pause Young (Normal) (G1 Evacuation Pause)
[2024-03-24T20:08:21.030+0800][895.053s] GC(240) Using 8 workers of 8 for evacuation
[2024-03-24T20:08:21.033+0800][895.060s] GC(240)   Pre Evacuate Collection Set: 0.4ms
[2024-03-24T20:08:21.033+0800][895.060s] GC(240)   Merge Heap Roots: 0.3ms
[2024-03-24T20:08:21.033+0800][895.060s] GC(240)   Evacuate Collection Set: 3.6ms
[2024-03-24T20:08:21.033+0800][895.060s] GC(240)   Post Evacuate Collection Set: 1.7ms
[2024-03-24T20:08:21.033+0800][895.060s] GC(240)   Other: 0.3ms
[2024-03-24T20:08:21.033+0800][895.060s] GC(240) Eden regions: 305->0(305)
[2024-03-24T20:08:21.037+0800][895.060s] GC(240) Survivor regions: 2->2(39)
[2024-03-24T20:08:21.037+0800][895.060s] GC(240) Old regions: 47->47
[2024-03-24T20:08:21.037+0800][895.060s] GC(240) Humongous regions: 4->4
[2024-03-24T20:08:21.037+0800][895.060s] GC(240) Metaspace: 65981K(66624K)->65981K(66624K) NonClass: 58508K(58880K)->58508K(58880K) Class: 7472K(7744K)->7472K(7744K)
[2024-03-24T20:08:21.037+0800][895.060s] GC(240) Pause Young (Normal) (G1 Evacuation Pause) 357M->52M(512M) 7.241ms
[2024-03-24T20:08:21.037+0800][895.060s] GC(240) User=0.00s Sys=0.00s Real=0.01s
[2024-03-24T20:08:23.764+0800][897.787s] GC(241) Pause Young (Normal) (G1 Evacuation Pause)
[2024-03-24T20:08:23.764+0800][897.788s] GC(241) Using 8 workers of 8 for evacuation
[2024-03-24T20:08:23.767+0800][897.792s] GC(241)   Pre Evacuate Collection Set: 0.3ms
[2024-03-24T20:08:23.767+0800][897.792s] GC(241)   Merge Heap Roots: 0.1ms
[2024-03-24T20:08:23.767+0800][897.792s] GC(241)   Evacuate Collection Set: 2.3ms
[2024-03-24T20:08:23.767+0800][897.792s] GC(241)   Post Evacuate Collection Set: 1.1ms
[2024-03-24T20:08:23.767+0800][897.792s] GC(241)   Other: 0.3ms
[2024-03-24T20:08:23.767+0800][897.792s] GC(241) Eden regions: 305->0(305)
[2024-03-24T20:08:23.767+0800][897.792s] GC(241) Survivor regions: 2->2(39)
[2024-03-24T20:08:23.767+0800][897.792s] GC(241) Old regions: 47->47
[2024-03-24T20:08:23.767+0800][897.792s] GC(241) Humongous regions: 4->4
[2024-03-24T20:08:23.767+0800][897.792s] GC(241) Metaspace: 65981K(66624K)->65981K(66624K) NonClass: 58508K(58880K)->58508K(58880K) Class: 7472K(7744K)->7472K(7744K)
[2024-03-24T20:08:23.767+0800][897.792s] GC(241) Pause Young (Normal) (G1 Evacuation Pause) 357M->52M(512M) 5.151ms
[2024-03-24T20:08:23.767+0800][897.792s] GC(241) User=0.02s Sys=0.00s Real=0.00s
[2024-03-24T20:08:26.377+0800][900.406s] GC(242) Pause Young (Normal) (G1 Evacuation Pause)
[2024-03-24T20:08:26.377+0800][900.406s] GC(242) Using 8 workers of 8 for evacuation
[2024-03-24T20:08:26.388+0800][900.410s] GC(242)   Pre Evacuate Collection Set: 0.3ms
[2024-03-24T20:08:26.388+0800][900.410s] GC(242)   Merge Heap Roots: 0.2ms
[2024-03-24T20:08:26.388+0800][900.410s] GC(242)   Evacuate Collection Set: 2.2ms
[2024-03-24T20:08:26.388+0800][900.410s] GC(242)   Post Evacuate Collection Set: 0.9ms
[2024-03-24T20:08:26.388+0800][900.410s] GC(242)   Other: 0.2ms
[2024-03-24T20:08:26.388+0800][900.411s] GC(242) Eden regions: 305->0(305)
[2024-03-24T20:08:26.388+0800][900.411s] GC(242) Survivor regions: 2->2(39)
[2024-03-24T20:08:26.388+0800][900.411s] GC(242) Old regions: 47->47
[2024-03-24T20:08:26.388+0800][900.411s] GC(242) Humongous regions: 4->4
[2024-03-24T20:08:26.388+0800][900.411s] GC(242) Metaspace: 65982K(66624K)->65982K(66624K) NonClass: 58509K(58880K)->58509K(58880K) Class: 7472K(7744K)->7472K(7744K)
[2024-03-24T20:08:26.388+0800][900.411s] GC(242) Pause Young (Normal) (G1 Evacuation Pause) 357M->52M(512M) 4.632ms
[2024-03-24T20:08:26.388+0800][900.411s] GC(242) User=0.00s Sys=0.02s Real=0.01s
[2024-03-24T20:08:28.996+0800][903.019s] GC(243) Pause Young (Normal) (G1 Evacuation Pause)
[2024-03-24T20:08:28.996+0800][903.019s] GC(243) Using 8 workers of 8 for evacuation
[2024-03-24T20:08:29.001+0800][903.025s] GC(243)   Pre Evacuate Collection Set: 0.3ms
[2024-03-24T20:08:29.001+0800][903.025s] GC(243)   Merge Heap Roots: 0.1ms
[2024-03-24T20:08:29.001+0800][903.025s] GC(243)   Evacuate Collection Set: 4.4ms
[2024-03-24T20:08:29.001+0800][903.025s] GC(243)   Post Evacuate Collection Set: 1.2ms
[2024-03-24T20:08:29.001+0800][903.026s] GC(243)   Other: 0.2ms
[2024-03-24T20:08:29.001+0800][903.026s] GC(243) Eden regions: 305->0(305)
[2024-03-24T20:08:29.001+0800][903.026s] GC(243) Survivor regions: 2->2(39)
[2024-03-24T20:08:29.001+0800][903.026s] GC(243) Old regions: 47->48
[2024-03-24T20:08:29.001+0800][903.026s] GC(243) Humongous regions: 4->4
[2024-03-24T20:08:29.001+0800][903.026s] GC(243) Metaspace: 65982K(66624K)->65982K(66624K) NonClass: 58509K(58880K)->58509K(58880K) Class: 7472K(7744K)->7472K(7744K)
[2024-03-24T20:08:29.001+0800][903.026s] GC(243) Pause Young (Normal) (G1 Evacuation Pause) 357M->52M(512M) 6.961ms
[2024-03-24T20:08:29.001+0800][903.026s] GC(243) User=0.00s Sys=0.00s Real=0.00s
[2024-03-24T20:08:31.780+0800][905.808s] GC(244) Pause Young (Normal) (G1 Evacuation Pause)
[2024-03-24T20:08:31.780+0800][905.808s] GC(244) Using 8 workers of 8 for evacuation
[2024-03-24T20:08:31.790+0800][905.814s] GC(244)   Pre Evacuate Collection Set: 0.3ms
[2024-03-24T20:08:31.790+0800][905.814s] GC(244)   Merge Heap Roots: 0.2ms
[2024-03-24T20:08:31.790+0800][905.814s] GC(244)   Evacuate Collection Set: 3.9ms
[2024-03-24T20:08:31.790+0800][905.814s] GC(244)   Post Evacuate Collection Set: 1.3ms
[2024-03-24T20:08:31.790+0800][905.814s] GC(244)   Other: 0.2ms
[2024-03-24T20:08:31.790+0800][905.814s] GC(244) Eden regions: 305->0(305)
[2024-03-24T20:08:31.790+0800][905.814s] GC(244) Survivor regions: 2->2(39)
[2024-03-24T20:08:31.790+0800][905.814s] GC(244) Old regions: 48->48
[2024-03-24T20:08:31.790+0800][905.814s] GC(244) Humongous regions: 4->4
[2024-03-24T20:08:31.790+0800][905.814s] GC(244) Metaspace: 65982K(66624K)->65982K(66624K) NonClass: 58509K(58880K)->58509K(58880K) Class: 7472K(7744K)->7472K(7744K)
[2024-03-24T20:08:31.790+0800][905.814s] GC(244) Pause Young (Normal) (G1 Evacuation Pause) 357M->52M(512M) 6.447ms
[2024-03-24T20:08:31.790+0800][905.814s] GC(244) User=0.00s Sys=0.00s Real=0.01s
[2024-03-24T20:08:34.263+0800][908.293s] GC(245) Pause Young (Normal) (G1 Evacuation Pause)
[2024-03-24T20:08:34.263+0800][908.293s] GC(245) Using 8 workers of 8 for evacuation
[2024-03-24T20:08:34.274+0800][908.297s] GC(245)   Pre Evacuate Collection Set: 0.3ms
[2024-03-24T20:08:34.274+0800][908.297s] GC(245)   Merge Heap Roots: 0.2ms
[2024-03-24T20:08:34.274+0800][908.297s] GC(245)   Evacuate Collection Set: 2.5ms
[2024-03-24T20:08:34.274+0800][908.297s] GC(245)   Post Evacuate Collection Set: 1.1ms
[2024-03-24T20:08:34.274+0800][908.297s] GC(245)   Other: 0.2ms
[2024-03-24T20:08:34.274+0800][908.297s] GC(245) Eden regions: 305->0(305)
[2024-03-24T20:08:34.274+0800][908.298s] GC(245) Survivor regions: 2->2(39)
[2024-03-24T20:08:34.274+0800][908.298s] GC(245) Old regions: 48->48
[2024-03-24T20:08:34.274+0800][908.298s] GC(245) Humongous regions: 4->4
[2024-03-24T20:08:34.274+0800][908.298s] GC(245) Metaspace: 65982K(66624K)->65982K(66624K) NonClass: 58509K(58880K)->58509K(58880K) Class: 7472K(7744K)->7472K(7744K)
[2024-03-24T20:08:34.274+0800][908.298s] GC(245) Pause Young (Normal) (G1 Evacuation Pause) 357M->52M(512M) 5.010ms
[2024-03-24T20:08:34.274+0800][908.298s] GC(245) User=0.00s Sys=0.00s Real=0.01s
[2024-03-24T20:08:36.909+0800][910.933s] GC(246) Pause Young (Normal) (G1 Evacuation Pause)
[2024-03-24T20:08:36.909+0800][910.933s] GC(246) Using 8 workers of 8 for evacuation
[2024-03-24T20:08:36.914+0800][910.937s] GC(246)   Pre Evacuate Collection Set: 0.5ms
[2024-03-24T20:08:36.914+0800][910.938s] GC(246)   Merge Heap Roots: 0.2ms
[2024-03-24T20:08:36.914+0800][910.938s] GC(246)   Evacuate Collection Set: 2.3ms
[2024-03-24T20:08:36.914+0800][910.938s] GC(246)   Post Evacuate Collection Set: 1.2ms
[2024-03-24T20:08:36.914+0800][910.938s] GC(246)   Other: 0.2ms
[2024-03-24T20:08:36.914+0800][910.938s] GC(246) Eden regions: 305->0(305)
[2024-03-24T20:08:36.914+0800][910.938s] GC(246) Survivor regions: 2->2(39)
[2024-03-24T20:08:36.914+0800][910.938s] GC(246) Old regions: 48->48
[2024-03-24T20:08:36.914+0800][910.938s] GC(246) Humongous regions: 4->4
[2024-03-24T20:08:36.914+0800][910.938s] GC(246) Metaspace: 65982K(66624K)->65982K(66624K) NonClass: 58509K(58880K)->58509K(58880K) Class: 7472K(7744K)->7472K(7744K)
[2024-03-24T20:08:36.914+0800][910.938s] GC(246) Pause Young (Normal) (G1 Evacuation Pause) 357M->52M(512M) 5.100ms
[2024-03-24T20:08:36.914+0800][910.938s] GC(246) User=0.00s Sys=0.00s Real=0.01s
[2024-03-24T20:08:39.649+0800][913.673s] GC(247) Pause Young (Normal) (G1 Evacuation Pause)
[2024-03-24T20:08:39.649+0800][913.673s] GC(247) Using 8 workers of 8 for evacuation
[2024-03-24T20:08:39.649+0800][913.678s] GC(247)   Pre Evacuate Collection Set: 0.3ms
[2024-03-24T20:08:39.649+0800][913.678s] GC(247)   Merge Heap Roots: 0.3ms
[2024-03-24T20:08:39.649+0800][913.678s] GC(247)   Evacuate Collection Set: 2.7ms
[2024-03-24T20:08:39.649+0800][913.678s] GC(247)   Post Evacuate Collection Set: 1.4ms
[2024-03-24T20:08:39.649+0800][913.679s] GC(247)   Other: 0.3ms
[2024-03-24T20:08:39.649+0800][913.679s] GC(247) Eden regions: 305->0(305)
[2024-03-24T20:08:39.649+0800][913.679s] GC(247) Survivor regions: 2->2(39)
[2024-03-24T20:08:39.649+0800][913.679s] GC(247) Old regions: 48->48
[2024-03-24T20:08:39.649+0800][913.679s] GC(247) Humongous regions: 4->4
[2024-03-24T20:08:39.649+0800][913.679s] GC(247) Metaspace: 65982K(66624K)->65982K(66624K) NonClass: 58509K(58880K)->58509K(58880K) Class: 7472K(7744K)->7472K(7744K)
[2024-03-24T20:08:39.649+0800][913.679s] GC(247) Pause Young (Normal) (G1 Evacuation Pause) 357M->52M(512M) 5.581ms
[2024-03-24T20:08:39.649+0800][913.679s] GC(247) User=0.00s Sys=0.00s Real=0.00s
[2024-03-24T20:08:42.207+0800][916.237s] GC(248) Pause Young (Normal) (G1 Evacuation Pause)
[2024-03-24T20:08:42.207+0800][916.237s] GC(248) Using 8 workers of 8 for evacuation
[2024-03-24T20:08:42.218+0800][916.242s] GC(248)   Pre Evacuate Collection Set: 0.3ms
[2024-03-24T20:08:42.218+0800][916.242s] GC(248)   Merge Heap Roots: 0.2ms
[2024-03-24T20:08:42.218+0800][916.242s] GC(248)   Evacuate Collection Set: 2.9ms
[2024-03-24T20:08:42.218+0800][916.242s] GC(248)   Post Evacuate Collection Set: 1.1ms
[2024-03-24T20:08:42.218+0800][916.242s] GC(248)   Other: 0.2ms
[2024-03-24T20:08:42.218+0800][916.242s] GC(248) Eden regions: 305->0(305)
[2024-03-24T20:08:42.218+0800][916.242s] GC(248) Survivor regions: 2->2(39)
[2024-03-24T20:08:42.218+0800][916.242s] GC(248) Old regions: 48->48
[2024-03-24T20:08:42.218+0800][916.242s] GC(248) Humongous regions: 4->4
[2024-03-24T20:08:42.218+0800][916.242s] GC(248) Metaspace: 65982K(66624K)->65982K(66624K) NonClass: 58509K(58880K)->58509K(58880K) Class: 7472K(7744K)->7472K(7744K)
[2024-03-24T20:08:42.218+0800][916.242s] GC(248) Pause Young (Normal) (G1 Evacuation Pause) 357M->52M(512M) 5.237ms
[2024-03-24T20:08:42.218+0800][916.242s] GC(248) User=0.00s Sys=0.00s Real=0.01s
[2024-03-24T20:08:44.806+0800][918.832s] GC(249) Pause Young (Normal) (G1 Evacuation Pause)
[2024-03-24T20:08:44.806+0800][918.832s] GC(249) Using 8 workers of 8 for evacuation
[2024-03-24T20:08:44.806+0800][918.836s] GC(249)   Pre Evacuate Collection Set: 0.3ms
[2024-03-24T20:08:44.806+0800][918.836s] GC(249)   Merge Heap Roots: 0.2ms
[2024-03-24T20:08:44.806+0800][918.836s] GC(249)   Evacuate Collection Set: 2.4ms
[2024-03-24T20:08:44.806+0800][918.836s] GC(249)   Post Evacuate Collection Set: 1.0ms
[2024-03-24T20:08:44.806+0800][918.836s] GC(249)   Other: 0.2ms
[2024-03-24T20:08:44.806+0800][918.836s] GC(249) Eden regions: 305->0(305)
[2024-03-24T20:08:44.806+0800][918.836s] GC(249) Survivor regions: 2->2(39)
[2024-03-24T20:08:44.806+0800][918.836s] GC(249) Old regions: 48->48
[2024-03-24T20:08:44.806+0800][918.836s] GC(249) Humongous regions: 4->4
[2024-03-24T20:08:44.806+0800][918.837s] GC(249) Metaspace: 65982K(66624K)->65982K(66624K) NonClass: 58509K(58880K)->58509K(58880K) Class: 7472K(7744K)->7472K(7744K)
[2024-03-24T20:08:44.806+0800][918.837s] GC(249) Pause Young (Normal) (G1 Evacuation Pause) 357M->52M(512M) 4.601ms
[2024-03-24T20:08:44.806+0800][918.837s] GC(249) User=0.00s Sys=0.00s Real=0.00s
[2024-03-24T20:08:47.408+0800][921.431s] GC(250) Pause Young (Normal) (G1 Evacuation Pause)
[2024-03-24T20:08:47.408+0800][921.431s] GC(250) Using 8 workers of 8 for evacuation
[2024-03-24T20:08:47.409+0800][921.435s] GC(250)   Pre Evacuate Collection Set: 0.2ms
[2024-03-24T20:08:47.409+0800][921.435s] GC(250)   Merge Heap Roots: 0.2ms
[2024-03-24T20:08:47.409+0800][921.435s] GC(250)   Evacuate Collection Set: 2.3ms
[2024-03-24T20:08:47.409+0800][921.435s] GC(250)   Post Evacuate Collection Set: 0.8ms
[2024-03-24T20:08:47.409+0800][921.435s] GC(250)   Other: 0.1ms
[2024-03-24T20:08:47.409+0800][921.435s] GC(250) Eden regions: 305->0(305)
[2024-03-24T20:08:47.409+0800][921.435s] GC(250) Survivor regions: 2->2(39)
[2024-03-24T20:08:47.409+0800][921.435s] GC(250) Old regions: 48->48
[2024-03-24T20:08:47.409+0800][921.435s] GC(250) Humongous regions: 4->4
[2024-03-24T20:08:47.409+0800][921.435s] GC(250) Metaspace: 65982K(66624K)->65982K(66624K) NonClass: 58509K(58880K)->58509K(58880K) Class: 7472K(7744K)->7472K(7744K)
[2024-03-24T20:08:47.409+0800][921.435s] GC(250) Pause Young (Normal) (G1 Evacuation Pause) 357M->52M(512M) 4.002ms
[2024-03-24T20:08:47.409+0800][921.435s] GC(250) User=0.00s Sys=0.00s Real=0.00s
[2024-03-24T20:08:50.002+0800][924.025s] GC(251) Pause Young (Normal) (G1 Evacuation Pause)
[2024-03-24T20:08:50.002+0800][924.025s] GC(251) Using 8 workers of 8 for evacuation
[2024-03-24T20:08:50.005+0800][924.029s] GC(251)   Pre Evacuate Collection Set: 0.3ms
[2024-03-24T20:08:50.005+0800][924.029s] GC(251)   Merge Heap Roots: 0.2ms
[2024-03-24T20:08:50.005+0800][924.029s] GC(251)   Evacuate Collection Set: 2.4ms
[2024-03-24T20:08:50.005+0800][924.029s] GC(251)   Post Evacuate Collection Set: 1.1ms
[2024-03-24T20:08:50.005+0800][924.029s] GC(251)   Other: 0.2ms
[2024-03-24T20:08:50.005+0800][924.030s] GC(251) Eden regions: 305->0(305)
[2024-03-24T20:08:50.005+0800][924.030s] GC(251) Survivor regions: 2->2(39)
[2024-03-24T20:08:50.005+0800][924.030s] GC(251) Old regions: 48->48
[2024-03-24T20:08:50.005+0800][924.030s] GC(251) Humongous regions: 4->4
[2024-03-24T20:08:50.005+0800][924.030s] GC(251) Metaspace: 65982K(66624K)->65982K(66624K) NonClass: 58509K(58880K)->58509K(58880K) Class: 7472K(7744K)->7472K(7744K)
[2024-03-24T20:08:50.005+0800][924.030s] GC(251) Pause Young (Normal) (G1 Evacuation Pause) 357M->52M(512M) 4.987ms
[2024-03-24T20:08:50.005+0800][924.030s] GC(251) User=0.00s Sys=0.00s Real=0.00s
[2024-03-24T20:08:52.673+0800][926.696s] GC(252) Pause Young (Normal) (G1 Evacuation Pause)
[2024-03-24T20:08:52.673+0800][926.696s] GC(252) Using 8 workers of 8 for evacuation
[2024-03-24T20:08:52.677+0800][926.701s] GC(252)   Pre Evacuate Collection Set: 0.3ms
[2024-03-24T20:08:52.678+0800][926.701s] GC(252)   Merge Heap Roots: 0.1ms
[2024-03-24T20:08:52.678+0800][926.701s] GC(252)   Evacuate Collection Set: 2.8ms
[2024-03-24T20:08:52.678+0800][926.701s] GC(252)   Post Evacuate Collection Set: 1.2ms
[2024-03-24T20:08:52.678+0800][926.701s] GC(252)   Other: 0.2ms
[2024-03-24T20:08:52.678+0800][926.701s] GC(252) Eden regions: 305->0(305)
[2024-03-24T20:08:52.678+0800][926.701s] GC(252) Survivor regions: 2->2(39)
[2024-03-24T20:08:52.678+0800][926.701s] GC(252) Old regions: 48->48
[2024-03-24T20:08:52.678+0800][926.701s] GC(252) Humongous regions: 4->4
[2024-03-24T20:08:52.678+0800][926.701s] GC(252) Metaspace: 65982K(66624K)->65982K(66624K) NonClass: 58509K(58880K)->58509K(58880K) Class: 7472K(7744K)->7472K(7744K)
[2024-03-24T20:08:52.679+0800][926.701s] GC(252) Pause Young (Normal) (G1 Evacuation Pause) 357M->52M(512M) 5.095ms
[2024-03-24T20:08:52.679+0800][926.701s] GC(252) User=0.00s Sys=0.00s Real=0.01s
[2024-03-24T20:08:55.253+0800][929.281s] GC(253) Pause Young (Normal) (G1 Evacuation Pause)
[2024-03-24T20:08:55.253+0800][929.281s] GC(253) Using 8 workers of 8 for evacuation
[2024-03-24T20:08:55.263+0800][929.286s] GC(253)   Pre Evacuate Collection Set: 0.4ms
[2024-03-24T20:08:55.263+0800][929.286s] GC(253)   Merge Heap Roots: 0.2ms
[2024-03-24T20:08:55.263+0800][929.286s] GC(253)   Evacuate Collection Set: 2.6ms
[2024-03-24T20:08:55.263+0800][929.286s] GC(253)   Post Evacuate Collection Set: 1.2ms
[2024-03-24T20:08:55.263+0800][929.286s] GC(253)   Other: 0.2ms
[2024-03-24T20:08:55.263+0800][929.286s] GC(253) Eden regions: 305->0(305)
[2024-03-24T20:08:55.263+0800][929.286s] GC(253) Survivor regions: 2->2(39)
[2024-03-24T20:08:55.263+0800][929.286s] GC(253) Old regions: 48->48
[2024-03-24T20:08:55.263+0800][929.286s] GC(253) Humongous regions: 4->4
[2024-03-24T20:08:55.263+0800][929.286s] GC(253) Metaspace: 65982K(66624K)->65982K(66624K) NonClass: 58509K(58880K)->58509K(58880K) Class: 7472K(7744K)->7472K(7744K)
[2024-03-24T20:08:55.264+0800][929.286s] GC(253) Pause Young (Normal) (G1 Evacuation Pause) 357M->52M(512M) 5.141ms
[2024-03-24T20:08:55.264+0800][929.286s] GC(253) User=0.00s Sys=0.00s Real=0.01s
[2024-03-24T20:08:57.838+0800][931.861s] GC(254) Pause Young (Normal) (G1 Evacuation Pause)
[2024-03-24T20:08:57.838+0800][931.861s] GC(254) Using 8 workers of 8 for evacuation
[2024-03-24T20:08:57.842+0800][931.865s] GC(254)   Pre Evacuate Collection Set: 0.2ms
[2024-03-24T20:08:57.842+0800][931.865s] GC(254)   Merge Heap Roots: 0.1ms
[2024-03-24T20:08:57.842+0800][931.865s] GC(254)   Evacuate Collection Set: 2.3ms
[2024-03-24T20:08:57.842+0800][931.865s] GC(254)   Post Evacuate Collection Set: 0.8ms
[2024-03-24T20:08:57.842+0800][931.865s] GC(254)   Other: 0.2ms
[2024-03-24T20:08:57.842+0800][931.865s] GC(254) Eden regions: 305->0(305)
[2024-03-24T20:08:57.842+0800][931.865s] GC(254) Survivor regions: 2->2(39)
[2024-03-24T20:08:57.842+0800][931.865s] GC(254) Old regions: 48->48
[2024-03-24T20:08:57.842+0800][931.866s] GC(254) Humongous regions: 4->4
[2024-03-24T20:08:57.842+0800][931.866s] GC(254) Metaspace: 65982K(66624K)->65982K(66624K) NonClass: 58509K(58880K)->58509K(58880K) Class: 7472K(7744K)->7472K(7744K)
[2024-03-24T20:08:57.842+0800][931.866s] GC(254) Pause Young (Normal) (G1 Evacuation Pause) 357M->52M(512M) 4.528ms
[2024-03-24T20:08:57.842+0800][931.866s] GC(254) User=0.05s Sys=0.00s Real=0.00s
[2024-03-24T20:09:00.463+0800][934.489s] GC(255) Pause Young (Normal) (G1 Evacuation Pause)
[2024-03-24T20:09:00.463+0800][934.489s] GC(255) Using 8 workers of 8 for evacuation
[2024-03-24T20:09:00.467+0800][934.493s] GC(255)   Pre Evacuate Collection Set: 0.4ms
[2024-03-24T20:09:00.471+0800][934.493s] GC(255)   Merge Heap Roots: 0.2ms
[2024-03-24T20:09:00.471+0800][934.493s] GC(255)   Evacuate Collection Set: 2.2ms
[2024-03-24T20:09:00.471+0800][934.493s] GC(255)   Post Evacuate Collection Set: 1.2ms
[2024-03-24T20:09:00.471+0800][934.493s] GC(255)   Other: 0.2ms
[2024-03-24T20:09:00.471+0800][934.494s] GC(255) Eden regions: 305->0(305)
[2024-03-24T20:09:00.471+0800][934.494s] GC(255) Survivor regions: 2->2(39)
[2024-03-24T20:09:00.471+0800][934.494s] GC(255) Old regions: 48->48
[2024-03-24T20:09:00.471+0800][934.494s] GC(255) Humongous regions: 4->4
[2024-03-24T20:09:00.471+0800][934.494s] GC(255) Metaspace: 65982K(66624K)->65982K(66624K) NonClass: 58509K(58880K)->58509K(58880K) Class: 7472K(7744K)->7472K(7744K)
[2024-03-24T20:09:00.471+0800][934.494s] GC(255) Pause Young (Normal) (G1 Evacuation Pause) 357M->52M(512M) 5.054ms
[2024-03-24T20:09:00.471+0800][934.494s] GC(255) User=0.00s Sys=0.00s Real=0.01s
[2024-03-24T20:09:02.979+0800][937.004s] GC(256) Pause Young (Normal) (G1 Evacuation Pause)
[2024-03-24T20:09:02.979+0800][937.004s] GC(256) Using 8 workers of 8 for evacuation
[2024-03-24T20:09:02.983+0800][937.009s] GC(256)   Pre Evacuate Collection Set: 0.4ms
[2024-03-24T20:09:02.986+0800][937.009s] GC(256)   Merge Heap Roots: 0.3ms
[2024-03-24T20:09:02.986+0800][937.009s] GC(256)   Evacuate Collection Set: 2.5ms
[2024-03-24T20:09:02.986+0800][937.009s] GC(256)   Post Evacuate Collection Set: 1.2ms
[2024-03-24T20:09:02.986+0800][937.009s] GC(256)   Other: 0.3ms
[2024-03-24T20:09:02.986+0800][937.009s] GC(256) Eden regions: 305->0(305)
[2024-03-24T20:09:02.986+0800][937.009s] GC(256) Survivor regions: 2->2(39)
[2024-03-24T20:09:02.986+0800][937.009s] GC(256) Old regions: 48->48
[2024-03-24T20:09:02.986+0800][937.009s] GC(256) Humongous regions: 4->4
[2024-03-24T20:09:02.986+0800][937.009s] GC(256) Metaspace: 65982K(66624K)->65982K(66624K) NonClass: 58509K(58880K)->58509K(58880K) Class: 7472K(7744K)->7472K(7744K)
[2024-03-24T20:09:02.986+0800][937.009s] GC(256) Pause Young (Normal) (G1 Evacuation Pause) 357M->52M(512M) 5.576ms
[2024-03-24T20:09:02.986+0800][937.009s] GC(256) User=0.00s Sys=0.00s Real=0.01s
[2024-03-24T20:09:05.673+0800][939.700s] GC(257) Pause Young (Normal) (G1 Evacuation Pause)
[2024-03-24T20:09:05.677+0800][939.700s] GC(257) Using 8 workers of 8 for evacuation
[2024-03-24T20:09:05.677+0800][939.704s] GC(257)   Pre Evacuate Collection Set: 0.3ms
[2024-03-24T20:09:05.677+0800][939.704s] GC(257)   Merge Heap Roots: 0.2ms
[2024-03-24T20:09:05.677+0800][939.704s] GC(257)   Evacuate Collection Set: 2.4ms
[2024-03-24T20:09:05.677+0800][939.704s] GC(257)   Post Evacuate Collection Set: 1.1ms
[2024-03-24T20:09:05.677+0800][939.704s] GC(257)   Other: 0.2ms
[2024-03-24T20:09:05.677+0800][939.704s] GC(257) Eden regions: 305->0(305)
[2024-03-24T20:09:05.677+0800][939.704s] GC(257) Survivor regions: 2->2(39)
[2024-03-24T20:09:05.677+0800][939.704s] GC(257) Old regions: 48->48
[2024-03-24T20:09:05.677+0800][939.704s] GC(257) Humongous regions: 4->4
[2024-03-24T20:09:05.677+0800][939.705s] GC(257) Metaspace: 65982K(66624K)->65982K(66624K) NonClass: 58509K(58880K)->58509K(58880K) Class: 7472K(7744K)->7472K(7744K)
[2024-03-24T20:09:05.677+0800][939.705s] GC(257) Pause Young (Normal) (G1 Evacuation Pause) 357M->52M(512M) 4.852ms
[2024-03-24T20:09:05.677+0800][939.705s] GC(257) User=0.00s Sys=0.00s Real=0.00s
[2024-03-24T20:09:08.263+0800][942.291s] GC(258) Pause Young (Normal) (G1 Evacuation Pause)
[2024-03-24T20:09:08.263+0800][942.291s] GC(258) Using 8 workers of 8 for evacuation
[2024-03-24T20:09:08.263+0800][942.295s] GC(258)   Pre Evacuate Collection Set: 0.3ms
[2024-03-24T20:09:08.263+0800][942.295s] GC(258)   Merge Heap Roots: 0.2ms
[2024-03-24T20:09:08.263+0800][942.295s] GC(258)   Evacuate Collection Set: 2.2ms
[2024-03-24T20:09:08.263+0800][942.295s] GC(258)   Post Evacuate Collection Set: 0.8ms
[2024-03-24T20:09:08.263+0800][942.295s] GC(258)   Other: 0.2ms
[2024-03-24T20:09:08.263+0800][942.295s] GC(258) Eden regions: 305->0(305)
[2024-03-24T20:09:08.263+0800][942.295s] GC(258) Survivor regions: 2->2(39)
[2024-03-24T20:09:08.263+0800][942.295s] GC(258) Old regions: 48->48
[2024-03-24T20:09:08.263+0800][942.295s] GC(258) Humongous regions: 4->4
[2024-03-24T20:09:08.263+0800][942.295s] GC(258) Metaspace: 65982K(66624K)->65982K(66624K) NonClass: 58509K(58880K)->58509K(58880K) Class: 7472K(7744K)->7472K(7744K)
[2024-03-24T20:09:08.263+0800][942.295s] GC(258) Pause Young (Normal) (G1 Evacuation Pause) 357M->52M(512M) 4.276ms
[2024-03-24T20:09:08.263+0800][942.295s] GC(258) User=0.00s Sys=0.00s Real=0.00s
[2024-03-24T20:09:11.046+0800][945.070s] GC(259) Pause Young (Normal) (G1 Evacuation Pause)
[2024-03-24T20:09:11.046+0800][945.070s] GC(259) Using 8 workers of 8 for evacuation
[2024-03-24T20:09:11.049+0800][945.074s] GC(259)   Pre Evacuate Collection Set: 0.3ms
[2024-03-24T20:09:11.049+0800][945.074s] GC(259)   Merge Heap Roots: 0.2ms
[2024-03-24T20:09:11.049+0800][945.074s] GC(259)   Evacuate Collection Set: 2.3ms
[2024-03-24T20:09:11.049+0800][945.074s] GC(259)   Post Evacuate Collection Set: 1.0ms
[2024-03-24T20:09:11.049+0800][945.074s] GC(259)   Other: 0.2ms
[2024-03-24T20:09:11.049+0800][945.075s] GC(259) Eden regions: 305->0(305)
[2024-03-24T20:09:11.049+0800][945.075s] GC(259) Survivor regions: 2->2(39)
[2024-03-24T20:09:11.049+0800][945.075s] GC(259) Old regions: 48->48
[2024-03-24T20:09:11.049+0800][945.075s] GC(259) Humongous regions: 4->4
[2024-03-24T20:09:11.049+0800][945.075s] GC(259) Metaspace: 65982K(66624K)->65982K(66624K) NonClass: 58509K(58880K)->58509K(58880K) Class: 7472K(7744K)->7472K(7744K)
[2024-03-24T20:09:11.049+0800][945.075s] GC(259) Pause Young (Normal) (G1 Evacuation Pause) 357M->52M(512M) 4.510ms
[2024-03-24T20:09:11.049+0800][945.075s] GC(259) User=0.00s Sys=0.00s Real=0.00s
[2024-03-24T20:09:13.594+0800][947.617s] GC(260) Pause Young (Normal) (G1 Evacuation Pause)
[2024-03-24T20:09:13.594+0800][947.617s] GC(260) Using 8 workers of 8 for evacuation
[2024-03-24T20:09:13.597+0800][947.621s] GC(260)   Pre Evacuate Collection Set: 0.3ms
[2024-03-24T20:09:13.597+0800][947.621s] GC(260)   Merge Heap Roots: 0.2ms
[2024-03-24T20:09:13.597+0800][947.621s] GC(260)   Evacuate Collection Set: 2.6ms
[2024-03-24T20:09:13.597+0800][947.621s] GC(260)   Post Evacuate Collection Set: 1.0ms
[2024-03-24T20:09:13.597+0800][947.621s] GC(260)   Other: 0.2ms
[2024-03-24T20:09:13.597+0800][947.621s] GC(260) Eden regions: 305->0(305)
[2024-03-24T20:09:13.597+0800][947.621s] GC(260) Survivor regions: 2->2(39)
[2024-03-24T20:09:13.597+0800][947.621s] GC(260) Old regions: 48->48
[2024-03-24T20:09:13.597+0800][947.621s] GC(260) Humongous regions: 4->4
[2024-03-24T20:09:13.597+0800][947.621s] GC(260) Metaspace: 65982K(66624K)->65982K(66624K) NonClass: 58509K(58880K)->58509K(58880K) Class: 7472K(7744K)->7472K(7744K)
[2024-03-24T20:09:13.597+0800][947.621s] GC(260) Pause Young (Normal) (G1 Evacuation Pause) 357M->52M(512M) 4.831ms
[2024-03-24T20:09:13.597+0800][947.622s] GC(260) User=0.00s Sys=0.00s Real=0.00s
[2024-03-24T20:09:16.326+0800][950.351s] GC(261) Pause Young (Normal) (G1 Evacuation Pause)
[2024-03-24T20:09:16.328+0800][950.351s] GC(261) Using 8 workers of 8 for evacuation
[2024-03-24T20:09:16.329+0800][950.355s] GC(261)   Pre Evacuate Collection Set: 0.2ms
[2024-03-24T20:09:16.329+0800][950.355s] GC(261)   Merge Heap Roots: 0.1ms
[2024-03-24T20:09:16.329+0800][950.355s] GC(261)   Evacuate Collection Set: 2.1ms
[2024-03-24T20:09:16.329+0800][950.355s] GC(261)   Post Evacuate Collection Set: 1.0ms
[2024-03-24T20:09:16.329+0800][950.355s] GC(261)   Other: 0.3ms
[2024-03-24T20:09:16.329+0800][950.355s] GC(261) Eden regions: 305->0(305)
[2024-03-24T20:09:16.329+0800][950.355s] GC(261) Survivor regions: 2->2(39)
[2024-03-24T20:09:16.329+0800][950.355s] GC(261) Old regions: 48->48
[2024-03-24T20:09:16.329+0800][950.355s] GC(261) Humongous regions: 4->4
[2024-03-24T20:09:16.329+0800][950.355s] GC(261) Metaspace: 65982K(66624K)->65982K(66624K) NonClass: 58509K(58880K)->58509K(58880K) Class: 7472K(7744K)->7472K(7744K)
[2024-03-24T20:09:16.329+0800][950.355s] GC(261) Pause Young (Normal) (G1 Evacuation Pause) 357M->52M(512M) 4.404ms
[2024-03-24T20:09:16.329+0800][950.355s] GC(261) User=0.00s Sys=0.00s Real=0.00s
[2024-03-24T20:09:18.821+0800][952.846s] GC(262) Pause Young (Normal) (G1 Evacuation Pause)
[2024-03-24T20:09:18.821+0800][952.846s] GC(262) Using 8 workers of 8 for evacuation
[2024-03-24T20:09:18.827+0800][952.850s] GC(262)   Pre Evacuate Collection Set: 0.2ms
[2024-03-24T20:09:18.827+0800][952.850s] GC(262)   Merge Heap Roots: 0.1ms
[2024-03-24T20:09:18.827+0800][952.851s] GC(262)   Evacuate Collection Set: 3.4ms
[2024-03-24T20:09:18.827+0800][952.851s] GC(262)   Post Evacuate Collection Set: 0.6ms
[2024-03-24T20:09:18.827+0800][952.851s] GC(262)   Other: 0.2ms
[2024-03-24T20:09:18.827+0800][952.851s] GC(262) Eden regions: 305->0(305)
[2024-03-24T20:09:18.827+0800][952.851s] GC(262) Survivor regions: 2->2(39)
[2024-03-24T20:09:18.827+0800][952.851s] GC(262) Old regions: 48->48
[2024-03-24T20:09:18.827+0800][952.851s] GC(262) Humongous regions: 4->4
[2024-03-24T20:09:18.827+0800][952.851s] GC(262) Metaspace: 65984K(66624K)->65984K(66624K) NonClass: 58511K(58880K)->58511K(58880K) Class: 7472K(7744K)->7472K(7744K)
[2024-03-24T20:09:18.827+0800][952.851s] GC(262) Pause Young (Normal) (G1 Evacuation Pause) 357M->52M(512M) 5.223ms
[2024-03-24T20:09:18.827+0800][952.851s] GC(262) User=0.02s Sys=0.00s Real=0.01s
[2024-03-24T20:09:21.510+0800][955.537s] GC(263) Pause Young (Normal) (G1 Evacuation Pause)
[2024-03-24T20:09:21.510+0800][955.538s] GC(263) Using 8 workers of 8 for evacuation
[2024-03-24T20:09:21.510+0800][955.542s] GC(263)   Pre Evacuate Collection Set: 0.3ms
[2024-03-24T20:09:21.510+0800][955.542s] GC(263)   Merge Heap Roots: 0.2ms
[2024-03-24T20:09:21.510+0800][955.543s] GC(263)   Evacuate Collection Set: 2.7ms
[2024-03-24T20:09:21.510+0800][955.543s] GC(263)   Post Evacuate Collection Set: 1.3ms
[2024-03-24T20:09:21.510+0800][955.543s] GC(263)   Other: 0.2ms
[2024-03-24T20:09:21.510+0800][955.543s] GC(263) Eden regions: 305->0(305)
[2024-03-24T20:09:21.510+0800][955.543s] GC(263) Survivor regions: 2->2(39)
[2024-03-24T20:09:21.510+0800][955.543s] GC(263) Old regions: 48->48
[2024-03-24T20:09:21.510+0800][955.543s] GC(263) Humongous regions: 4->4
[2024-03-24T20:09:21.510+0800][955.543s] GC(263) Metaspace: 65984K(66624K)->65984K(66624K) NonClass: 58511K(58880K)->58511K(58880K) Class: 7472K(7744K)->7472K(7744K)
[2024-03-24T20:09:21.510+0800][955.543s] GC(263) Pause Young (Normal) (G1 Evacuation Pause) 357M->52M(512M) 5.422ms
[2024-03-24T20:09:21.510+0800][955.543s] GC(263) User=0.00s Sys=0.00s Real=0.00s
[2024-03-24T20:09:24.120+0800][958.143s] GC(264) Pause Young (Normal) (G1 Evacuation Pause)
[2024-03-24T20:09:24.120+0800][958.143s] GC(264) Using 8 workers of 8 for evacuation
[2024-03-24T20:09:24.122+0800][958.148s] GC(264)   Pre Evacuate Collection Set: 0.6ms
[2024-03-24T20:09:24.122+0800][958.148s] GC(264)   Merge Heap Roots: 0.3ms
[2024-03-24T20:09:24.122+0800][958.148s] GC(264)   Evacuate Collection Set: 2.6ms
[2024-03-24T20:09:24.122+0800][958.148s] GC(264)   Post Evacuate Collection Set: 0.8ms
[2024-03-24T20:09:24.122+0800][958.148s] GC(264)   Other: 0.3ms
[2024-03-24T20:09:24.122+0800][958.148s] GC(264) Eden regions: 305->0(305)
[2024-03-24T20:09:24.122+0800][958.148s] GC(264) Survivor regions: 2->2(39)
[2024-03-24T20:09:24.122+0800][958.148s] GC(264) Old regions: 48->48
[2024-03-24T20:09:24.122+0800][958.148s] GC(264) Humongous regions: 4->4
[2024-03-24T20:09:24.122+0800][958.148s] GC(264) Metaspace: 65985K(66624K)->65985K(66624K) NonClass: 58512K(58880K)->58512K(58880K) Class: 7472K(7744K)->7472K(7744K)
[2024-03-24T20:09:24.122+0800][958.148s] GC(264) Pause Young (Normal) (G1 Evacuation Pause) 357M->52M(512M) 5.431ms
[2024-03-24T20:09:24.122+0800][958.148s] GC(264) User=0.00s Sys=0.00s Real=0.00s
[2024-03-24T20:09:26.664+0800][960.687s] GC(265) Pause Young (Normal) (G1 Evacuation Pause)
[2024-03-24T20:09:26.664+0800][960.687s] GC(265) Using 8 workers of 8 for evacuation
[2024-03-24T20:09:26.664+0800][960.691s] GC(265)   Pre Evacuate Collection Set: 0.3ms
[2024-03-24T20:09:26.664+0800][960.692s] GC(265)   Merge Heap Roots: 0.2ms
[2024-03-24T20:09:26.664+0800][960.692s] GC(265)   Evacuate Collection Set: 3.0ms
[2024-03-24T20:09:26.664+0800][960.692s] GC(265)   Post Evacuate Collection Set: 1.0ms
[2024-03-24T20:09:26.664+0800][960.692s] GC(265)   Other: 0.1ms
[2024-03-24T20:09:26.664+0800][960.692s] GC(265) Eden regions: 305->0(305)
[2024-03-24T20:09:26.664+0800][960.692s] GC(265) Survivor regions: 2->2(39)
[2024-03-24T20:09:26.664+0800][960.692s] GC(265) Old regions: 48->48
[2024-03-24T20:09:26.664+0800][960.692s] GC(265) Humongous regions: 4->4
[2024-03-24T20:09:26.664+0800][960.692s] GC(265) Metaspace: 65985K(66624K)->65985K(66624K) NonClass: 58512K(58880K)->58512K(58880K) Class: 7472K(7744K)->7472K(7744K)
[2024-03-24T20:09:26.664+0800][960.692s] GC(265) Pause Young (Normal) (G1 Evacuation Pause) 357M->52M(512M) 5.206ms
[2024-03-24T20:09:26.664+0800][960.692s] GC(265) User=0.00s Sys=0.00s Real=0.00s
[2024-03-24T20:09:29.411+0800][963.439s] GC(266) Pause Young (Normal) (G1 Evacuation Pause)
[2024-03-24T20:09:29.411+0800][963.439s] GC(266) Using 8 workers of 8 for evacuation
[2024-03-24T20:09:29.419+0800][963.442s] GC(266)   Pre Evacuate Collection Set: 0.3ms
[2024-03-24T20:09:29.419+0800][963.442s] GC(266)   Merge Heap Roots: 0.1ms
[2024-03-24T20:09:29.419+0800][963.442s] GC(266)   Evacuate Collection Set: 2.2ms
[2024-03-24T20:09:29.419+0800][963.442s] GC(266)   Post Evacuate Collection Set: 0.7ms
[2024-03-24T20:09:29.419+0800][963.442s] GC(266)   Other: 0.2ms
[2024-03-24T20:09:29.419+0800][963.443s] GC(266) Eden regions: 305->0(305)
[2024-03-24T20:09:29.419+0800][963.443s] GC(266) Survivor regions: 2->2(39)
[2024-03-24T20:09:29.419+0800][963.443s] GC(266) Old regions: 48->48
[2024-03-24T20:09:29.420+0800][963.443s] GC(266) Humongous regions: 4->4
[2024-03-24T20:09:29.420+0800][963.443s] GC(266) Metaspace: 65985K(66624K)->65985K(66624K) NonClass: 58512K(58880K)->58512K(58880K) Class: 7472K(7744K)->7472K(7744K)
[2024-03-24T20:09:29.420+0800][963.443s] GC(266) Pause Young (Normal) (G1 Evacuation Pause) 357M->52M(512M) 4.203ms
[2024-03-24T20:09:29.420+0800][963.443s] GC(266) User=0.06s Sys=0.00s Real=0.01s
[2024-03-24T20:09:32.042+0800][966.068s] GC(267) Pause Young (Normal) (G1 Evacuation Pause)
[2024-03-24T20:09:32.042+0800][966.069s] GC(267) Using 8 workers of 8 for evacuation
[2024-03-24T20:09:32.051+0800][966.073s] GC(267)   Pre Evacuate Collection Set: 0.3ms
[2024-03-24T20:09:32.051+0800][966.074s] GC(267)   Merge Heap Roots: 0.3ms
[2024-03-24T20:09:32.051+0800][966.074s] GC(267)   Evacuate Collection Set: 2.7ms
[2024-03-24T20:09:32.051+0800][966.074s] GC(267)   Post Evacuate Collection Set: 1.2ms
[2024-03-24T20:09:32.051+0800][966.074s] GC(267)   Other: 0.3ms
[2024-03-24T20:09:32.051+0800][966.074s] GC(267) Eden regions: 305->0(305)
[2024-03-24T20:09:32.051+0800][966.074s] GC(267) Survivor regions: 2->2(39)
[2024-03-24T20:09:32.051+0800][966.074s] GC(267) Old regions: 48->48
[2024-03-24T20:09:32.051+0800][966.074s] GC(267) Humongous regions: 4->4
[2024-03-24T20:09:32.051+0800][966.074s] GC(267) Metaspace: 65995K(66624K)->65995K(66624K) NonClass: 58522K(58880K)->58522K(58880K) Class: 7472K(7744K)->7472K(7744K)
[2024-03-24T20:09:32.051+0800][966.074s] GC(267) Pause Young (Normal) (G1 Evacuation Pause) 357M->52M(512M) 5.259ms
[2024-03-24T20:09:32.051+0800][966.074s] GC(267) User=0.00s Sys=0.00s Real=0.01s
[2024-03-24T20:09:34.488+0800][968.516s] GC(268) Pause Young (Normal) (G1 Evacuation Pause)
[2024-03-24T20:09:34.488+0800][968.516s] GC(268) Using 8 workers of 8 for evacuation
[2024-03-24T20:09:34.495+0800][968.521s] GC(268)   Pre Evacuate Collection Set: 0.5ms
[2024-03-24T20:09:34.495+0800][968.521s] GC(268)   Merge Heap Roots: 0.2ms
[2024-03-24T20:09:34.495+0800][968.521s] GC(268)   Evacuate Collection Set: 2.7ms
[2024-03-24T20:09:34.495+0800][968.521s] GC(268)   Post Evacuate Collection Set: 1.0ms
[2024-03-24T20:09:34.495+0800][968.521s] GC(268)   Other: 0.3ms
[2024-03-24T20:09:34.495+0800][968.521s] GC(268) Eden regions: 305->0(305)
[2024-03-24T20:09:34.495+0800][968.521s] GC(268) Survivor regions: 2->2(39)
[2024-03-24T20:09:34.495+0800][968.521s] GC(268) Old regions: 48->48
[2024-03-24T20:09:34.495+0800][968.521s] GC(268) Humongous regions: 4->4
[2024-03-24T20:09:34.495+0800][968.521s] GC(268) Metaspace: 65996K(66624K)->65996K(66624K) NonClass: 58523K(58880K)->58523K(58880K) Class: 7472K(7744K)->7472K(7744K)
[2024-03-24T20:09:34.495+0800][968.521s] GC(268) Pause Young (Normal) (G1 Evacuation Pause) 357M->52M(512M) 5.288ms
[2024-03-24T20:09:34.495+0800][968.521s] GC(268) User=0.05s Sys=0.00s Real=0.01s
[2024-03-24T20:09:37.141+0800][971.168s] GC(269) Pause Young (Normal) (G1 Evacuation Pause)
[2024-03-24T20:09:37.141+0800][971.168s] GC(269) Using 8 workers of 8 for evacuation
[2024-03-24T20:09:37.149+0800][971.174s] GC(269)   Pre Evacuate Collection Set: 0.3ms
[2024-03-24T20:09:37.149+0800][971.174s] GC(269)   Merge Heap Roots: 0.4ms
[2024-03-24T20:09:37.149+0800][971.174s] GC(269)   Evacuate Collection Set: 3.0ms
[2024-03-24T20:09:37.149+0800][971.174s] GC(269)   Post Evacuate Collection Set: 1.4ms
[2024-03-24T20:09:37.149+0800][971.174s] GC(269)   Other: 0.4ms
[2024-03-24T20:09:37.152+0800][971.174s] GC(269) Eden regions: 305->0(305)
[2024-03-24T20:09:37.152+0800][971.174s] GC(269) Survivor regions: 2->2(39)
[2024-03-24T20:09:37.152+0800][971.174s] GC(269) Old regions: 48->48
[2024-03-24T20:09:37.152+0800][971.174s] GC(269) Humongous regions: 4->4
[2024-03-24T20:09:37.152+0800][971.174s] GC(269) Metaspace: 65996K(66624K)->65996K(66624K) NonClass: 58523K(58880K)->58523K(58880K) Class: 7472K(7744K)->7472K(7744K)
[2024-03-24T20:09:37.152+0800][971.174s] GC(269) Pause Young (Normal) (G1 Evacuation Pause) 357M->52M(512M) 6.367ms
[2024-03-24T20:09:37.152+0800][971.175s] GC(269) User=0.00s Sys=0.00s Real=0.01s
[2024-03-24T20:09:39.872+0800][973.898s] GC(270) Pause Young (Normal) (G1 Evacuation Pause)
[2024-03-24T20:09:39.872+0800][973.898s] GC(270) Using 8 workers of 8 for evacuation
[2024-03-24T20:09:39.880+0800][973.903s] GC(270)   Pre Evacuate Collection Set: 0.3ms
[2024-03-24T20:09:39.880+0800][973.903s] GC(270)   Merge Heap Roots: 0.3ms
[2024-03-24T20:09:39.880+0800][973.903s] GC(270)   Evacuate Collection Set: 2.9ms
[2024-03-24T20:09:39.880+0800][973.903s] GC(270)   Post Evacuate Collection Set: 1.3ms
[2024-03-24T20:09:39.880+0800][973.903s] GC(270)   Other: 0.1ms
[2024-03-24T20:09:39.880+0800][973.903s] GC(270) Eden regions: 305->0(305)
[2024-03-24T20:09:39.880+0800][973.903s] GC(270) Survivor regions: 2->2(39)
[2024-03-24T20:09:39.880+0800][973.903s] GC(270) Old regions: 48->48
[2024-03-24T20:09:39.880+0800][973.903s] GC(270) Humongous regions: 4->4
[2024-03-24T20:09:39.880+0800][973.903s] GC(270) Metaspace: 65996K(66624K)->65996K(66624K) NonClass: 58523K(58880K)->58523K(58880K) Class: 7472K(7744K)->7472K(7744K)
[2024-03-24T20:09:39.880+0800][973.903s] GC(270) Pause Young (Normal) (G1 Evacuation Pause) 357M->52M(512M) 5.179ms
[2024-03-24T20:09:39.880+0800][973.903s] GC(270) User=0.00s Sys=0.00s Real=0.01s
[2024-03-24T20:09:42.468+0800][976.491s] GC(271) Pause Young (Normal) (G1 Evacuation Pause)
[2024-03-24T20:09:42.468+0800][976.491s] GC(271) Using 8 workers of 8 for evacuation
[2024-03-24T20:09:42.471+0800][976.495s] GC(271)   Pre Evacuate Collection Set: 0.2ms
[2024-03-24T20:09:42.471+0800][976.495s] GC(271)   Merge Heap Roots: 0.1ms
[2024-03-24T20:09:42.471+0800][976.495s] GC(271)   Evacuate Collection Set: 2.3ms
[2024-03-24T20:09:42.471+0800][976.495s] GC(271)   Post Evacuate Collection Set: 1.6ms
[2024-03-24T20:09:42.471+0800][976.495s] GC(271)   Other: 0.2ms
[2024-03-24T20:09:42.471+0800][976.495s] GC(271) Eden regions: 305->0(305)
[2024-03-24T20:09:42.471+0800][976.495s] GC(271) Survivor regions: 2->2(39)
[2024-03-24T20:09:42.471+0800][976.495s] GC(271) Old regions: 48->48
[2024-03-24T20:09:42.471+0800][976.495s] GC(271) Humongous regions: 4->4
[2024-03-24T20:09:42.471+0800][976.495s] GC(271) Metaspace: 65996K(66624K)->65996K(66624K) NonClass: 58523K(58880K)->58523K(58880K) Class: 7472K(7744K)->7472K(7744K)
[2024-03-24T20:09:42.471+0800][976.496s] GC(271) Pause Young (Normal) (G1 Evacuation Pause) 357M->53M(512M) 4.973ms
[2024-03-24T20:09:42.471+0800][976.496s] GC(271) User=0.00s Sys=0.00s Real=0.00s
[2024-03-24T20:09:45.051+0800][979.081s] GC(272) Pause Young (Normal) (G1 Evacuation Pause)
[2024-03-24T20:09:45.051+0800][979.081s] GC(272) Using 8 workers of 8 for evacuation
[2024-03-24T20:09:45.062+0800][979.086s] GC(272)   Pre Evacuate Collection Set: 0.4ms
[2024-03-24T20:09:45.062+0800][979.086s] GC(272)   Merge Heap Roots: 0.3ms
[2024-03-24T20:09:45.062+0800][979.086s] GC(272)   Evacuate Collection Set: 3.2ms
[2024-03-24T20:09:45.062+0800][979.086s] GC(272)   Post Evacuate Collection Set: 0.8ms
[2024-03-24T20:09:45.062+0800][979.086s] GC(272)   Other: 0.2ms
[2024-03-24T20:09:45.062+0800][979.086s] GC(272) Eden regions: 305->0(305)
[2024-03-24T20:09:45.062+0800][979.086s] GC(272) Survivor regions: 2->2(39)
[2024-03-24T20:09:45.062+0800][979.086s] GC(272) Old regions: 48->48
[2024-03-24T20:09:45.062+0800][979.086s] GC(272) Humongous regions: 4->4
[2024-03-24T20:09:45.062+0800][979.086s] GC(272) Metaspace: 65996K(66624K)->65996K(66624K) NonClass: 58523K(58880K)->58523K(58880K) Class: 7472K(7744K)->7472K(7744K)
[2024-03-24T20:09:45.062+0800][979.086s] GC(272) Pause Young (Normal) (G1 Evacuation Pause) 358M->52M(512M) 5.688ms
[2024-03-24T20:09:45.062+0800][979.087s] GC(272) User=0.03s Sys=0.00s Real=0.01s
[2024-03-24T20:09:47.809+0800][981.834s] GC(273) Pause Young (Normal) (G1 Evacuation Pause)
[2024-03-24T20:09:47.809+0800][981.834s] GC(273) Using 8 workers of 8 for evacuation
[2024-03-24T20:09:47.814+0800][981.839s] GC(273)   Pre Evacuate Collection Set: 0.4ms
[2024-03-24T20:09:47.814+0800][981.839s] GC(273)   Merge Heap Roots: 0.2ms
[2024-03-24T20:09:47.814+0800][981.839s] GC(273)   Evacuate Collection Set: 2.4ms
[2024-03-24T20:09:47.814+0800][981.839s] GC(273)   Post Evacuate Collection Set: 1.5ms
[2024-03-24T20:09:47.814+0800][981.839s] GC(273)   Other: 0.2ms
[2024-03-24T20:09:47.814+0800][981.839s] GC(273) Eden regions: 305->0(305)
[2024-03-24T20:09:47.814+0800][981.839s] GC(273) Survivor regions: 2->2(39)
[2024-03-24T20:09:47.814+0800][981.839s] GC(273) Old regions: 48->48
[2024-03-24T20:09:47.817+0800][981.839s] GC(273) Humongous regions: 4->4
[2024-03-24T20:09:47.817+0800][981.839s] GC(273) Metaspace: 65998K(66624K)->65998K(66624K) NonClass: 58525K(58880K)->58525K(58880K) Class: 7472K(7744K)->7472K(7744K)
[2024-03-24T20:09:47.817+0800][981.839s] GC(273) Pause Young (Normal) (G1 Evacuation Pause) 357M->52M(512M) 5.469ms
[2024-03-24T20:09:47.817+0800][981.840s] GC(273) User=0.00s Sys=0.00s Real=0.01s
[2024-03-24T20:09:50.527+0800][984.550s] GC(274) Pause Young (Normal) (G1 Evacuation Pause)
[2024-03-24T20:09:50.527+0800][984.550s] GC(274) Using 8 workers of 8 for evacuation
[2024-03-24T20:09:50.532+0800][984.554s] GC(274)   Pre Evacuate Collection Set: 0.3ms
[2024-03-24T20:09:50.532+0800][984.554s] GC(274)   Merge Heap Roots: 0.5ms
[2024-03-24T20:09:50.532+0800][984.554s] GC(274)   Evacuate Collection Set: 2.4ms
[2024-03-24T20:09:50.532+0800][984.554s] GC(274)   Post Evacuate Collection Set: 0.8ms
[2024-03-24T20:09:50.532+0800][984.554s] GC(274)   Other: 0.2ms
[2024-03-24T20:09:50.532+0800][984.555s] GC(274) Eden regions: 305->0(305)
[2024-03-24T20:09:50.532+0800][984.555s] GC(274) Survivor regions: 2->2(39)
[2024-03-24T20:09:50.532+0800][984.555s] GC(274) Old regions: 48->48
[2024-03-24T20:09:50.532+0800][984.555s] GC(274) Humongous regions: 4->4
[2024-03-24T20:09:50.532+0800][984.555s] GC(274) Metaspace: 65998K(66624K)->65998K(66624K) NonClass: 58525K(58880K)->58525K(58880K) Class: 7472K(7744K)->7472K(7744K)
[2024-03-24T20:09:50.532+0800][984.555s] GC(274) Pause Young (Normal) (G1 Evacuation Pause) 357M->52M(512M) 4.670ms
[2024-03-24T20:09:50.532+0800][984.555s] GC(274) User=0.02s Sys=0.00s Real=0.01s
[2024-03-24T20:09:53.140+0800][987.164s] GC(275) Pause Young (Normal) (G1 Evacuation Pause)
[2024-03-24T20:09:53.140+0800][987.164s] GC(275) Using 8 workers of 8 for evacuation
[2024-03-24T20:09:53.142+0800][987.168s] GC(275)   Pre Evacuate Collection Set: 0.3ms
[2024-03-24T20:09:53.142+0800][987.168s] GC(275)   Merge Heap Roots: 0.3ms
[2024-03-24T20:09:53.142+0800][987.168s] GC(275)   Evacuate Collection Set: 2.4ms
[2024-03-24T20:09:53.142+0800][987.168s] GC(275)   Post Evacuate Collection Set: 1.0ms
[2024-03-24T20:09:53.142+0800][987.168s] GC(275)   Other: 0.2ms
[2024-03-24T20:09:53.142+0800][987.168s] GC(275) Eden regions: 305->0(305)
[2024-03-24T20:09:53.142+0800][987.168s] GC(275) Survivor regions: 2->2(39)
[2024-03-24T20:09:53.142+0800][987.168s] GC(275) Old regions: 48->48
[2024-03-24T20:09:53.142+0800][987.168s] GC(275) Humongous regions: 4->4
[2024-03-24T20:09:53.142+0800][987.169s] GC(275) Metaspace: 65998K(66624K)->65998K(66624K) NonClass: 58525K(58880K)->58525K(58880K) Class: 7472K(7744K)->7472K(7744K)
[2024-03-24T20:09:53.142+0800][987.169s] GC(275) Pause Young (Normal) (G1 Evacuation Pause) 357M->52M(512M) 4.725ms
[2024-03-24T20:09:53.142+0800][987.169s] GC(275) User=0.00s Sys=0.00s Real=0.00s
[2024-03-24T20:09:55.704+0800][989.730s] GC(276) Pause Young (Normal) (G1 Evacuation Pause)
[2024-03-24T20:09:55.704+0800][989.730s] GC(276) Using 8 workers of 8 for evacuation
[2024-03-24T20:09:55.709+0800][989.733s] GC(276)   Pre Evacuate Collection Set: 0.4ms
[2024-03-24T20:09:55.709+0800][989.733s] GC(276)   Merge Heap Roots: 0.2ms
[2024-03-24T20:09:55.709+0800][989.733s] GC(276)   Evacuate Collection Set: 1.8ms
[2024-03-24T20:09:55.709+0800][989.733s] GC(276)   Post Evacuate Collection Set: 0.8ms
[2024-03-24T20:09:55.711+0800][989.733s] GC(276)   Other: 0.2ms
[2024-03-24T20:09:55.711+0800][989.733s] GC(276) Eden regions: 305->0(305)
[2024-03-24T20:09:55.711+0800][989.733s] GC(276) Survivor regions: 2->2(39)
[2024-03-24T20:09:55.711+0800][989.734s] GC(276) Old regions: 48->48
[2024-03-24T20:09:55.711+0800][989.734s] GC(276) Humongous regions: 4->4
[2024-03-24T20:09:55.711+0800][989.734s] GC(276) Metaspace: 65998K(66624K)->65998K(66624K) NonClass: 58525K(58880K)->58525K(58880K) Class: 7472K(7744K)->7472K(7744K)
[2024-03-24T20:09:55.711+0800][989.734s] GC(276) Pause Young (Normal) (G1 Evacuation Pause) 357M->52M(512M) 4.045ms
[2024-03-24T20:09:55.711+0800][989.734s] GC(276) User=0.00s Sys=0.00s Real=0.01s
[2024-03-24T20:09:57.359+0800][991.386s] GC(277) Pause Young (Concurrent Start) (CodeCache GC Threshold)
[2024-03-24T20:09:57.364+0800][991.386s] GC(277) Using 8 workers of 8 for evacuation
[2024-03-24T20:09:57.365+0800][991.392s] GC(277)   Pre Evacuate Collection Set: 0.2ms
[2024-03-24T20:09:57.369+0800][991.392s] GC(277)   Merge Heap Roots: 0.1ms
[2024-03-24T20:09:57.369+0800][991.392s] GC(277)   Evacuate Collection Set: 4.0ms
[2024-03-24T20:09:57.369+0800][991.392s] GC(277)   Post Evacuate Collection Set: 1.0ms
[2024-03-24T20:09:57.369+0800][991.392s] GC(277)   Other: 0.2ms
[2024-03-24T20:09:57.369+0800][991.392s] GC(277) Eden regions: 190->0(305)
[2024-03-24T20:09:57.369+0800][991.392s] GC(277) Survivor regions: 2->2(39)
[2024-03-24T20:09:57.369+0800][991.392s] GC(277) Old regions: 48->48
[2024-03-24T20:09:57.369+0800][991.392s] GC(277) Humongous regions: 4->4
[2024-03-24T20:09:57.369+0800][991.392s] GC(277) Metaspace: 65998K(66624K)->65998K(66624K) NonClass: 58525K(58880K)->58525K(58880K) Class: 7472K(7744K)->7472K(7744K)
[2024-03-24T20:09:57.369+0800][991.392s] GC(277) Pause Young (Concurrent Start) (CodeCache GC Threshold) 242M->52M(512M) 6.331ms
[2024-03-24T20:09:57.369+0800][991.392s] GC(277) User=0.00s Sys=0.00s Real=0.01s
[2024-03-24T20:09:57.369+0800][991.393s] GC(278) Concurrent Mark Cycle
[2024-03-24T20:09:57.369+0800][991.393s] GC(278) Concurrent Scan Root Regions
[2024-03-24T20:09:57.369+0800][991.395s] GC(278) Concurrent Scan Root Regions 1.950ms
[2024-03-24T20:09:57.369+0800][991.395s] GC(278) Concurrent Mark
[2024-03-24T20:09:57.369+0800][991.395s] GC(278) Concurrent Mark From Roots
[2024-03-24T20:09:57.369+0800][991.395s] GC(278) Using 2 workers of 2 for marking
[2024-03-24T20:09:57.456+0800][991.480s] GC(278) Concurrent Mark From Roots 84.736ms
[2024-03-24T20:09:57.456+0800][991.480s] GC(278) Concurrent Preclean
[2024-03-24T20:09:57.457+0800][991.481s] GC(278) Concurrent Preclean 1.163ms
[2024-03-24T20:09:57.457+0800][991.481s] GC(278) Pause Remark
[2024-03-24T20:09:57.504+0800][991.529s] GC(278) Pause Remark 70M->70M(512M) 47.423ms
[2024-03-24T20:09:57.504+0800][991.529s] GC(278) User=0.03s Sys=0.02s Real=0.05s
[2024-03-24T20:09:57.504+0800][991.529s] GC(278) Concurrent Mark 133.995ms
[2024-03-24T20:09:57.504+0800][991.529s] GC(278) Concurrent Rebuild Remembered Sets and Scrub Regions
[2024-03-24T20:09:57.552+0800][991.577s] GC(278) Concurrent Rebuild Remembered Sets and Scrub Regions 48.340ms
[2024-03-24T20:09:57.552+0800][991.577s] GC(278) Pause Cleanup
[2024-03-24T20:09:57.552+0800][991.578s] GC(278) Pause Cleanup 74M->74M(512M) 0.223ms
[2024-03-24T20:09:57.552+0800][991.578s] GC(278) User=0.00s Sys=0.00s Real=0.00s
[2024-03-24T20:09:57.552+0800][991.578s] GC(278) Concurrent Clear Claimed Marks
[2024-03-24T20:09:57.552+0800][991.578s] GC(278) Concurrent Clear Claimed Marks 0.132ms
[2024-03-24T20:09:57.552+0800][991.578s] GC(278) Concurrent Cleanup for Next Mark
[2024-03-24T20:09:57.552+0800][991.580s] GC(278) Concurrent Cleanup for Next Mark 1.988ms
[2024-03-24T20:09:57.552+0800][991.580s] GC(278) Concurrent Mark Cycle 187.341ms
[2024-03-24T20:09:59.948+0800][993.973s] GC(279) Pause Young (Prepare Mixed) (G1 Evacuation Pause)
[2024-03-24T20:09:59.948+0800][993.973s] GC(279) Using 8 workers of 8 for evacuation
[2024-03-24T20:09:59.954+0800][993.978s] GC(279)   Pre Evacuate Collection Set: 0.3ms
[2024-03-24T20:09:59.954+0800][993.978s] GC(279)   Merge Heap Roots: 0.2ms
[2024-03-24T20:09:59.954+0800][993.978s] GC(279)   Evacuate Collection Set: 3.0ms
[2024-03-24T20:09:59.954+0800][993.978s] GC(279)   Post Evacuate Collection Set: 0.6ms
[2024-03-24T20:09:59.954+0800][993.978s] GC(279)   Other: 0.2ms
[2024-03-24T20:09:59.954+0800][993.978s] GC(279) Eden regions: 305->0(305)
[2024-03-24T20:09:59.954+0800][993.978s] GC(279) Survivor regions: 2->2(39)
[2024-03-24T20:09:59.954+0800][993.978s] GC(279) Old regions: 48->48
[2024-03-24T20:09:59.954+0800][993.978s] GC(279) Humongous regions: 4->4
[2024-03-24T20:09:59.954+0800][993.978s] GC(279) Metaspace: 65702K(66624K)->65702K(66624K) NonClass: 58312K(58880K)->58312K(58880K) Class: 7390K(7744K)->7390K(7744K)
[2024-03-24T20:09:59.954+0800][993.978s] GC(279) Pause Young (Prepare Mixed) (G1 Evacuation Pause) 357M->52M(512M) 5.070ms
[2024-03-24T20:09:59.954+0800][993.978s] GC(279) User=0.00s Sys=0.00s Real=0.01s
[2024-03-24T20:10:02.596+0800][996.625s] GC(280) Pause Young (Mixed) (G1 Evacuation Pause)
[2024-03-24T20:10:02.596+0800][996.625s] GC(280) Using 8 workers of 8 for evacuation
[2024-03-24T20:10:02.606+0800][996.634s] GC(280)   Pre Evacuate Collection Set: 0.5ms
[2024-03-24T20:10:02.606+0800][996.634s] GC(280)   Merge Heap Roots: 0.2ms
[2024-03-24T20:10:02.606+0800][996.634s] GC(280)   Evacuate Collection Set: 7.0ms
[2024-03-24T20:10:02.606+0800][996.634s] GC(280)   Post Evacuate Collection Set: 1.0ms
[2024-03-24T20:10:02.606+0800][996.634s] GC(280)   Other: 0.2ms
[2024-03-24T20:10:02.606+0800][996.634s] GC(280) Eden regions: 305->0(305)
[2024-03-24T20:10:02.606+0800][996.634s] GC(280) Survivor regions: 2->2(39)
[2024-03-24T20:10:02.606+0800][996.634s] GC(280) Old regions: 48->45
[2024-03-24T20:10:02.606+0800][996.635s] GC(280) Humongous regions: 4->4
[2024-03-24T20:10:02.606+0800][996.635s] GC(280) Metaspace: 65702K(66624K)->65702K(66624K) NonClass: 58312K(58880K)->58312K(58880K) Class: 7390K(7744K)->7390K(7744K)
[2024-03-24T20:10:02.606+0800][996.635s] GC(280) Pause Young (Mixed) (G1 Evacuation Pause) 357M->50M(512M) 9.490ms
[2024-03-24T20:10:02.612+0800][996.635s] GC(280) User=0.05s Sys=0.00s Real=0.02s
[2024-03-24T20:10:05.262+0800][999.288s] GC(281) Pause Young (Normal) (G1 Evacuation Pause)
[2024-03-24T20:10:05.262+0800][999.289s] GC(281) Using 8 workers of 8 for evacuation
[2024-03-24T20:10:05.270+0800][999.293s] GC(281)   Pre Evacuate Collection Set: 0.4ms
[2024-03-24T20:10:05.270+0800][999.293s] GC(281)   Merge Heap Roots: 0.5ms
[2024-03-24T20:10:05.270+0800][999.293s] GC(281)   Evacuate Collection Set: 2.6ms
[2024-03-24T20:10:05.270+0800][999.294s] GC(281)   Post Evacuate Collection Set: 1.2ms
[2024-03-24T20:10:05.270+0800][999.294s] GC(281)   Other: 0.2ms
[2024-03-24T20:10:05.270+0800][999.294s] GC(281) Eden regions: 305->0(305)
[2024-03-24T20:10:05.270+0800][999.294s] GC(281) Survivor regions: 2->2(39)
[2024-03-24T20:10:05.270+0800][999.294s] GC(281) Old regions: 45->45
[2024-03-24T20:10:05.270+0800][999.294s] GC(281) Humongous regions: 4->4
[2024-03-24T20:10:05.270+0800][999.294s] GC(281) Metaspace: 65706K(66624K)->65706K(66624K) NonClass: 58315K(58880K)->58315K(58880K) Class: 7390K(7744K)->7390K(7744K)
[2024-03-24T20:10:05.270+0800][999.294s] GC(281) Pause Young (Normal) (G1 Evacuation Pause) 355M->50M(512M) 5.291ms
[2024-03-24T20:10:05.270+0800][999.294s] GC(281) User=0.00s Sys=0.00s Real=0.01s
[2024-03-24T20:10:07.750+0800][1001.773s] GC(282) Pause Young (Normal) (G1 Evacuation Pause)
[2024-03-24T20:10:07.750+0800][1001.773s] GC(282) Using 8 workers of 8 for evacuation
[2024-03-24T20:10:07.754+0800][1001.778s] GC(282)   Pre Evacuate Collection Set: 0.4ms
[2024-03-24T20:10:07.754+0800][1001.778s] GC(282)   Merge Heap Roots: 0.2ms
[2024-03-24T20:10:07.754+0800][1001.778s] GC(282)   Evacuate Collection Set: 2.1ms
[2024-03-24T20:10:07.754+0800][1001.778s] GC(282)   Post Evacuate Collection Set: 1.1ms
[2024-03-24T20:10:07.754+0800][1001.778s] GC(282)   Other: 0.2ms
[2024-03-24T20:10:07.754+0800][1001.778s] GC(282) Eden regions: 305->0(305)
[2024-03-24T20:10:07.754+0800][1001.778s] GC(282) Survivor regions: 2->2(39)
[2024-03-24T20:10:07.754+0800][1001.778s] GC(282) Old regions: 45->45
[2024-03-24T20:10:07.754+0800][1001.778s] GC(282) Humongous regions: 4->4
[2024-03-24T20:10:07.754+0800][1001.778s] GC(282) Metaspace: 65706K(66624K)->65706K(66624K) NonClass: 58315K(58880K)->58315K(58880K) Class: 7390K(7744K)->7390K(7744K)
[2024-03-24T20:10:07.754+0800][1001.778s] GC(282) Pause Young (Normal) (G1 Evacuation Pause) 355M->50M(512M) 4.798ms
[2024-03-24T20:10:07.754+0800][1001.778s] GC(282) User=0.00s Sys=0.00s Real=0.00s
[2024-03-24T20:10:10.516+0800][1004.539s] GC(283) Pause Young (Normal) (G1 Evacuation Pause)
[2024-03-24T20:10:10.516+0800][1004.539s] GC(283) Using 8 workers of 8 for evacuation
[2024-03-24T20:10:10.519+0800][1004.543s] GC(283)   Pre Evacuate Collection Set: 0.3ms
[2024-03-24T20:10:10.519+0800][1004.544s] GC(283)   Merge Heap Roots: 0.2ms
[2024-03-24T20:10:10.519+0800][1004.544s] GC(283)   Evacuate Collection Set: 2.7ms
[2024-03-24T20:10:10.519+0800][1004.544s] GC(283)   Post Evacuate Collection Set: 1.0ms
[2024-03-24T20:10:10.519+0800][1004.544s] GC(283)   Other: 0.2ms
[2024-03-24T20:10:10.519+0800][1004.544s] GC(283) Eden regions: 305->0(305)
[2024-03-24T20:10:10.521+0800][1004.544s] GC(283) Survivor regions: 2->2(39)
[2024-03-24T20:10:10.521+0800][1004.544s] GC(283) Old regions: 45->45
[2024-03-24T20:10:10.521+0800][1004.544s] GC(283) Humongous regions: 4->4
[2024-03-24T20:10:10.521+0800][1004.544s] GC(283) Metaspace: 65706K(66624K)->65706K(66624K) NonClass: 58315K(58880K)->58315K(58880K) Class: 7390K(7744K)->7390K(7744K)
[2024-03-24T20:10:10.521+0800][1004.544s] GC(283) Pause Young (Normal) (G1 Evacuation Pause) 355M->50M(512M) 5.111ms
[2024-03-24T20:10:10.521+0800][1004.544s] GC(283) User=0.00s Sys=0.00s Real=0.00s
[2024-03-24T20:10:13.152+0800][1007.175s] GC(284) Pause Young (Normal) (G1 Evacuation Pause)
[2024-03-24T20:10:13.152+0800][1007.175s] GC(284) Using 8 workers of 8 for evacuation
[2024-03-24T20:10:13.155+0800][1007.180s] GC(284)   Pre Evacuate Collection Set: 0.2ms
[2024-03-24T20:10:13.155+0800][1007.180s] GC(284)   Merge Heap Roots: 0.1ms
[2024-03-24T20:10:13.155+0800][1007.180s] GC(284)   Evacuate Collection Set: 3.5ms
[2024-03-24T20:10:13.155+0800][1007.181s] GC(284)   Post Evacuate Collection Set: 1.2ms
[2024-03-24T20:10:13.155+0800][1007.181s] GC(284)   Other: 0.1ms
[2024-03-24T20:10:13.155+0800][1007.181s] GC(284) Eden regions: 305->0(305)
[2024-03-24T20:10:13.155+0800][1007.181s] GC(284) Survivor regions: 2->2(39)
[2024-03-24T20:10:13.155+0800][1007.181s] GC(284) Old regions: 45->46
[2024-03-24T20:10:13.155+0800][1007.181s] GC(284) Humongous regions: 4->4
[2024-03-24T20:10:13.155+0800][1007.181s] GC(284) Metaspace: 65706K(66624K)->65706K(66624K) NonClass: 58315K(58880K)->58315K(58880K) Class: 7390K(7744K)->7390K(7744K)
[2024-03-24T20:10:13.155+0800][1007.181s] GC(284) Pause Young (Normal) (G1 Evacuation Pause) 355M->50M(512M) 5.674ms
[2024-03-24T20:10:13.155+0800][1007.181s] GC(284) User=0.03s Sys=0.00s Real=0.00s
[2024-03-24T20:10:15.723+0800][1009.753s] GC(285) Pause Young (Normal) (G1 Evacuation Pause)
[2024-03-24T20:10:15.723+0800][1009.753s] GC(285) Using 8 workers of 8 for evacuation
[2024-03-24T20:10:15.735+0800][1009.758s] GC(285)   Pre Evacuate Collection Set: 0.3ms
[2024-03-24T20:10:15.735+0800][1009.758s] GC(285)   Merge Heap Roots: 0.2ms
[2024-03-24T20:10:15.735+0800][1009.758s] GC(285)   Evacuate Collection Set: 3.3ms
[2024-03-24T20:10:15.735+0800][1009.758s] GC(285)   Post Evacuate Collection Set: 0.7ms
[2024-03-24T20:10:15.735+0800][1009.758s] GC(285)   Other: 0.2ms
[2024-03-24T20:10:15.735+0800][1009.758s] GC(285) Eden regions: 305->0(305)
[2024-03-24T20:10:15.735+0800][1009.758s] GC(285) Survivor regions: 2->2(39)
[2024-03-24T20:10:15.735+0800][1009.758s] GC(285) Old regions: 46->46
[2024-03-24T20:10:15.735+0800][1009.758s] GC(285) Humongous regions: 4->4
[2024-03-24T20:10:15.735+0800][1009.758s] GC(285) Metaspace: 65706K(66624K)->65706K(66624K) NonClass: 58315K(58880K)->58315K(58880K) Class: 7390K(7744K)->7390K(7744K)
[2024-03-24T20:10:15.735+0800][1009.758s] GC(285) Pause Young (Normal) (G1 Evacuation Pause) 355M->50M(512M) 5.037ms
[2024-03-24T20:10:15.735+0800][1009.758s] GC(285) User=0.00s Sys=0.00s Real=0.01s
[2024-03-24T20:10:18.437+0800][1012.468s] GC(286) Pause Young (Normal) (G1 Evacuation Pause)
[2024-03-24T20:10:18.437+0800][1012.468s] GC(286) Using 8 workers of 8 for evacuation
[2024-03-24T20:10:18.447+0800][1012.472s] GC(286)   Pre Evacuate Collection Set: 0.3ms
[2024-03-24T20:10:18.447+0800][1012.472s] GC(286)   Merge Heap Roots: 0.3ms
[2024-03-24T20:10:18.447+0800][1012.472s] GC(286)   Evacuate Collection Set: 2.0ms
[2024-03-24T20:10:18.447+0800][1012.472s] GC(286)   Post Evacuate Collection Set: 1.1ms
[2024-03-24T20:10:18.447+0800][1012.472s] GC(286)   Other: 0.2ms
[2024-03-24T20:10:18.447+0800][1012.472s] GC(286) Eden regions: 305->0(305)
[2024-03-24T20:10:18.447+0800][1012.472s] GC(286) Survivor regions: 2->2(39)
[2024-03-24T20:10:18.447+0800][1012.472s] GC(286) Old regions: 46->46
[2024-03-24T20:10:18.447+0800][1012.472s] GC(286) Humongous regions: 4->4
[2024-03-24T20:10:18.447+0800][1012.472s] GC(286) Metaspace: 65706K(66624K)->65706K(66624K) NonClass: 58315K(58880K)->58315K(58880K) Class: 7390K(7744K)->7390K(7744K)
[2024-03-24T20:10:18.447+0800][1012.472s] GC(286) Pause Young (Normal) (G1 Evacuation Pause) 355M->50M(512M) 4.418ms
[2024-03-24T20:10:18.447+0800][1012.472s] GC(286) User=0.00s Sys=0.00s Real=0.01s
[2024-03-24T20:10:21.042+0800][1015.065s] GC(287) Pause Young (Normal) (G1 Evacuation Pause)
[2024-03-24T20:10:21.042+0800][1015.065s] GC(287) Using 8 workers of 8 for evacuation
[2024-03-24T20:10:21.045+0800][1015.069s] GC(287)   Pre Evacuate Collection Set: 0.2ms
[2024-03-24T20:10:21.045+0800][1015.069s] GC(287)   Merge Heap Roots: 0.1ms
[2024-03-24T20:10:21.045+0800][1015.069s] GC(287)   Evacuate Collection Set: 2.3ms
[2024-03-24T20:10:21.045+0800][1015.069s] GC(287)   Post Evacuate Collection Set: 0.6ms
[2024-03-24T20:10:21.045+0800][1015.069s] GC(287)   Other: 0.2ms
[2024-03-24T20:10:21.045+0800][1015.069s] GC(287) Eden regions: 305->0(305)
[2024-03-24T20:10:21.045+0800][1015.069s] GC(287) Survivor regions: 2->2(39)
[2024-03-24T20:10:21.045+0800][1015.069s] GC(287) Old regions: 46->46
[2024-03-24T20:10:21.045+0800][1015.069s] GC(287) Humongous regions: 4->4
[2024-03-24T20:10:21.045+0800][1015.069s] GC(287) Metaspace: 65706K(66624K)->65706K(66624K) NonClass: 58315K(58880K)->58315K(58880K) Class: 7390K(7744K)->7390K(7744K)
[2024-03-24T20:10:21.045+0800][1015.069s] GC(287) Pause Young (Normal) (G1 Evacuation Pause) 355M->50M(512M) 4.289ms
[2024-03-24T20:10:21.045+0800][1015.069s] GC(287) User=0.05s Sys=0.00s Real=0.00s
[2024-03-24T20:10:23.527+0800][1017.553s] GC(288) Pause Young (Normal) (G1 Evacuation Pause)
[2024-03-24T20:10:23.527+0800][1017.553s] GC(288) Using 8 workers of 8 for evacuation
[2024-03-24T20:10:23.533+0800][1017.558s] GC(288)   Pre Evacuate Collection Set: 0.1ms
[2024-03-24T20:10:23.533+0800][1017.558s] GC(288)   Merge Heap Roots: 0.1ms
[2024-03-24T20:10:23.533+0800][1017.558s] GC(288)   Evacuate Collection Set: 2.7ms
[2024-03-24T20:10:23.533+0800][1017.558s] GC(288)   Post Evacuate Collection Set: 1.8ms
[2024-03-24T20:10:23.533+0800][1017.558s] GC(288)   Other: 0.1ms
[2024-03-24T20:10:23.533+0800][1017.558s] GC(288) Eden regions: 305->0(305)
[2024-03-24T20:10:23.533+0800][1017.558s] GC(288) Survivor regions: 2->2(39)
[2024-03-24T20:10:23.533+0800][1017.558s] GC(288) Old regions: 46->46
[2024-03-24T20:10:23.533+0800][1017.558s] GC(288) Humongous regions: 4->4
[2024-03-24T20:10:23.533+0800][1017.558s] GC(288) Metaspace: 65706K(66624K)->65706K(66624K) NonClass: 58315K(58880K)->58315K(58880K) Class: 7390K(7744K)->7390K(7744K)
[2024-03-24T20:10:23.533+0800][1017.558s] GC(288) Pause Young (Normal) (G1 Evacuation Pause) 355M->50M(512M) 5.399ms
[2024-03-24T20:10:23.533+0800][1017.558s] GC(288) User=0.03s Sys=0.00s Real=0.01s
[2024-03-24T20:10:26.345+0800][1020.368s] GC(289) Pause Young (Normal) (G1 Evacuation Pause)
[2024-03-24T20:10:26.345+0800][1020.369s] GC(289) Using 8 workers of 8 for evacuation
[2024-03-24T20:10:26.345+0800][1020.374s] GC(289)   Pre Evacuate Collection Set: 0.4ms
[2024-03-24T20:10:26.345+0800][1020.374s] GC(289)   Merge Heap Roots: 0.2ms
[2024-03-24T20:10:26.345+0800][1020.374s] GC(289)   Evacuate Collection Set: 2.8ms
[2024-03-24T20:10:26.345+0800][1020.374s] GC(289)   Post Evacuate Collection Set: 1.3ms
[2024-03-24T20:10:26.345+0800][1020.374s] GC(289)   Other: 0.2ms
[2024-03-24T20:10:26.345+0800][1020.374s] GC(289) Eden regions: 305->0(305)
[2024-03-24T20:10:26.345+0800][1020.374s] GC(289) Survivor regions: 2->2(39)
[2024-03-24T20:10:26.345+0800][1020.374s] GC(289) Old regions: 46->46
[2024-03-24T20:10:26.345+0800][1020.374s] GC(289) Humongous regions: 4->4
[2024-03-24T20:10:26.345+0800][1020.374s] GC(289) Metaspace: 65715K(66624K)->65715K(66624K) NonClass: 58324K(58880K)->58324K(58880K) Class: 7390K(7744K)->7390K(7744K)
[2024-03-24T20:10:26.345+0800][1020.374s] GC(289) Pause Young (Normal) (G1 Evacuation Pause) 355M->50M(512M) 5.859ms
[2024-03-24T20:10:26.345+0800][1020.374s] GC(289) User=0.00s Sys=0.00s Real=0.00s
[2024-03-24T20:10:28.934+0800][1022.963s] GC(290) Pause Young (Normal) (G1 Evacuation Pause)
[2024-03-24T20:10:28.934+0800][1022.963s] GC(290) Using 8 workers of 8 for evacuation
[2024-03-24T20:10:28.934+0800][1022.967s] GC(290)   Pre Evacuate Collection Set: 0.2ms
[2024-03-24T20:10:28.944+0800][1022.967s] GC(290)   Merge Heap Roots: 0.2ms
[2024-03-24T20:10:28.944+0800][1022.967s] GC(290)   Evacuate Collection Set: 2.4ms
[2024-03-24T20:10:28.944+0800][1022.967s] GC(290)   Post Evacuate Collection Set: 0.9ms
[2024-03-24T20:10:28.944+0800][1022.967s] GC(290)   Other: 0.2ms
[2024-03-24T20:10:28.944+0800][1022.967s] GC(290) Eden regions: 305->0(305)
[2024-03-24T20:10:28.944+0800][1022.967s] GC(290) Survivor regions: 2->2(39)
[2024-03-24T20:10:28.944+0800][1022.967s] GC(290) Old regions: 46->46
[2024-03-24T20:10:28.944+0800][1022.967s] GC(290) Humongous regions: 4->4
[2024-03-24T20:10:28.944+0800][1022.967s] GC(290) Metaspace: 65716K(66624K)->65716K(66624K) NonClass: 58325K(58880K)->58325K(58880K) Class: 7390K(7744K)->7390K(7744K)
[2024-03-24T20:10:28.944+0800][1022.967s] GC(290) Pause Young (Normal) (G1 Evacuation Pause) 355M->50M(512M) 4.562ms
[2024-03-24T20:10:28.945+0800][1022.967s] GC(290) User=0.00s Sys=0.00s Real=0.01s
[2024-03-24T20:10:31.641+0800][1025.665s] GC(291) Pause Young (Normal) (G1 Evacuation Pause)
[2024-03-24T20:10:31.641+0800][1025.665s] GC(291) Using 8 workers of 8 for evacuation
[2024-03-24T20:10:31.645+0800][1025.668s] GC(291)   Pre Evacuate Collection Set: 0.2ms
[2024-03-24T20:10:31.645+0800][1025.668s] GC(291)   Merge Heap Roots: 0.1ms
[2024-03-24T20:10:31.645+0800][1025.668s] GC(291)   Evacuate Collection Set: 1.4ms
[2024-03-24T20:10:31.645+0800][1025.668s] GC(291)   Post Evacuate Collection Set: 0.6ms
[2024-03-24T20:10:31.645+0800][1025.668s] GC(291)   Other: 0.2ms
[2024-03-24T20:10:31.645+0800][1025.668s] GC(291) Eden regions: 305->0(305)
[2024-03-24T20:10:31.645+0800][1025.668s] GC(291) Survivor regions: 2->2(39)
[2024-03-24T20:10:31.645+0800][1025.668s] GC(291) Old regions: 46->46
[2024-03-24T20:10:31.645+0800][1025.668s] GC(291) Humongous regions: 4->4
[2024-03-24T20:10:31.645+0800][1025.668s] GC(291) Metaspace: 65716K(66624K)->65716K(66624K) NonClass: 58325K(58880K)->58325K(58880K) Class: 7390K(7744K)->7390K(7744K)
[2024-03-24T20:10:31.645+0800][1025.668s] GC(291) Pause Young (Normal) (G1 Evacuation Pause) 355M->50M(512M) 3.079ms
[2024-03-24T20:10:31.645+0800][1025.668s] GC(291) User=0.02s Sys=0.00s Real=0.00s
[2024-03-24T20:10:34.313+0800][1028.337s] GC(292) Pause Young (Normal) (G1 Evacuation Pause)
[2024-03-24T20:10:34.313+0800][1028.337s] GC(292) Using 8 workers of 8 for evacuation
[2024-03-24T20:10:34.318+0800][1028.342s] GC(292)   Pre Evacuate Collection Set: 0.3ms
[2024-03-24T20:10:34.318+0800][1028.342s] GC(292)   Merge Heap Roots: 0.2ms
[2024-03-24T20:10:34.318+0800][1028.342s] GC(292)   Evacuate Collection Set: 2.9ms
[2024-03-24T20:10:34.318+0800][1028.342s] GC(292)   Post Evacuate Collection Set: 1.3ms
[2024-03-24T20:10:34.318+0800][1028.342s] GC(292)   Other: 0.2ms
[2024-03-24T20:10:34.318+0800][1028.342s] GC(292) Eden regions: 305->0(305)
[2024-03-24T20:10:34.318+0800][1028.342s] GC(292) Survivor regions: 2->2(39)
[2024-03-24T20:10:34.318+0800][1028.342s] GC(292) Old regions: 46->46
[2024-03-24T20:10:34.318+0800][1028.342s] GC(292) Humongous regions: 4->4
[2024-03-24T20:10:34.318+0800][1028.342s] GC(292) Metaspace: 65716K(66624K)->65716K(66624K) NonClass: 58325K(58880K)->58325K(58880K) Class: 7390K(7744K)->7390K(7744K)
[2024-03-24T20:10:34.318+0800][1028.342s] GC(292) Pause Young (Normal) (G1 Evacuation Pause) 355M->50M(512M) 5.465ms
[2024-03-24T20:10:34.318+0800][1028.343s] GC(292) User=0.00s Sys=0.00s Real=0.01s
[2024-03-24T20:10:36.718+0800][1030.745s] GC(293) Pause Young (Normal) (G1 Evacuation Pause)
[2024-03-24T20:10:36.718+0800][1030.745s] GC(293) Using 8 workers of 8 for evacuation
[2024-03-24T20:10:36.726+0800][1030.749s] GC(293)   Pre Evacuate Collection Set: 0.3ms
[2024-03-24T20:10:36.726+0800][1030.749s] GC(293)   Merge Heap Roots: 0.1ms
[2024-03-24T20:10:36.726+0800][1030.749s] GC(293)   Evacuate Collection Set: 2.0ms
[2024-03-24T20:10:36.726+0800][1030.749s] GC(293)   Post Evacuate Collection Set: 0.8ms
[2024-03-24T20:10:36.726+0800][1030.749s] GC(293)   Other: 0.3ms
[2024-03-24T20:10:36.726+0800][1030.749s] GC(293) Eden regions: 305->0(305)
[2024-03-24T20:10:36.726+0800][1030.749s] GC(293) Survivor regions: 2->2(39)
[2024-03-24T20:10:36.726+0800][1030.749s] GC(293) Old regions: 46->46
[2024-03-24T20:10:36.726+0800][1030.749s] GC(293) Humongous regions: 4->4
[2024-03-24T20:10:36.726+0800][1030.749s] GC(293) Metaspace: 65716K(66624K)->65716K(66624K) NonClass: 58325K(58880K)->58325K(58880K) Class: 7390K(7744K)->7390K(7744K)
[2024-03-24T20:10:36.726+0800][1030.749s] GC(293) Pause Young (Normal) (G1 Evacuation Pause) 355M->50M(512M) 4.075ms
[2024-03-24T20:10:36.726+0800][1030.749s] GC(293) User=0.03s Sys=0.00s Real=0.01s
[2024-03-24T20:10:39.427+0800][1033.454s] GC(294) Pause Young (Normal) (G1 Evacuation Pause)
[2024-03-24T20:10:39.427+0800][1033.454s] GC(294) Using 8 workers of 8 for evacuation
[2024-03-24T20:10:39.436+0800][1033.459s] GC(294)   Pre Evacuate Collection Set: 0.2ms
[2024-03-24T20:10:39.436+0800][1033.459s] GC(294)   Merge Heap Roots: 0.2ms
[2024-03-24T20:10:39.436+0800][1033.459s] GC(294)   Evacuate Collection Set: 3.4ms
[2024-03-24T20:10:39.436+0800][1033.459s] GC(294)   Post Evacuate Collection Set: 0.9ms
[2024-03-24T20:10:39.436+0800][1033.459s] GC(294)   Other: 0.2ms
[2024-03-24T20:10:39.436+0800][1033.459s] GC(294) Eden regions: 305->0(305)
[2024-03-24T20:10:39.436+0800][1033.459s] GC(294) Survivor regions: 2->2(39)
[2024-03-24T20:10:39.436+0800][1033.459s] GC(294) Old regions: 46->46
[2024-03-24T20:10:39.436+0800][1033.459s] GC(294) Humongous regions: 4->4
[2024-03-24T20:10:39.436+0800][1033.459s] GC(294) Metaspace: 65716K(66624K)->65716K(66624K) NonClass: 58325K(58880K)->58325K(58880K) Class: 7390K(7744K)->7390K(7744K)
[2024-03-24T20:10:39.436+0800][1033.459s] GC(294) Pause Young (Normal) (G1 Evacuation Pause) 355M->50M(512M) 5.422ms
[2024-03-24T20:10:39.436+0800][1033.459s] GC(294) User=0.00s Sys=0.00s Real=0.01s
[2024-03-24T20:10:42.117+0800][1036.140s] GC(295) Pause Young (Normal) (G1 Evacuation Pause)
[2024-03-24T20:10:42.117+0800][1036.141s] GC(295) Using 8 workers of 8 for evacuation
[2024-03-24T20:10:42.123+0800][1036.145s] GC(295)   Pre Evacuate Collection Set: 0.2ms
[2024-03-24T20:10:42.123+0800][1036.146s] GC(295)   Merge Heap Roots: 0.1ms
[2024-03-24T20:10:42.123+0800][1036.146s] GC(295)   Evacuate Collection Set: 3.9ms
[2024-03-24T20:10:42.123+0800][1036.146s] GC(295)   Post Evacuate Collection Set: 0.7ms
[2024-03-24T20:10:42.123+0800][1036.146s] GC(295)   Other: 0.1ms
[2024-03-24T20:10:42.123+0800][1036.146s] GC(295) Eden regions: 305->0(305)
[2024-03-24T20:10:42.123+0800][1036.146s] GC(295) Survivor regions: 2->2(39)
[2024-03-24T20:10:42.123+0800][1036.146s] GC(295) Old regions: 46->46
[2024-03-24T20:10:42.123+0800][1036.146s] GC(295) Humongous regions: 4->4
[2024-03-24T20:10:42.123+0800][1036.146s] GC(295) Metaspace: 65716K(66624K)->65716K(66624K) NonClass: 58325K(58880K)->58325K(58880K) Class: 7390K(7744K)->7390K(7744K)
[2024-03-24T20:10:42.123+0800][1036.146s] GC(295) Pause Young (Normal) (G1 Evacuation Pause) 355M->50M(512M) 5.306ms
[2024-03-24T20:10:42.123+0800][1036.146s] GC(295) User=0.02s Sys=0.00s Real=0.01s
[2024-03-24T20:10:44.629+0800][1038.652s] GC(296) Pause Young (Normal) (G1 Evacuation Pause)
[2024-03-24T20:10:44.629+0800][1038.652s] GC(296) Using 8 workers of 8 for evacuation
[2024-03-24T20:10:44.629+0800][1038.656s] GC(296)   Pre Evacuate Collection Set: 0.4ms
[2024-03-24T20:10:44.629+0800][1038.656s] GC(296)   Merge Heap Roots: 0.2ms
[2024-03-24T20:10:44.629+0800][1038.656s] GC(296)   Evacuate Collection Set: 2.1ms
[2024-03-24T20:10:44.629+0800][1038.656s] GC(296)   Post Evacuate Collection Set: 0.9ms
[2024-03-24T20:10:44.629+0800][1038.656s] GC(296)   Other: 0.2ms
[2024-03-24T20:10:44.629+0800][1038.656s] GC(296) Eden regions: 305->0(305)
[2024-03-24T20:10:44.629+0800][1038.656s] GC(296) Survivor regions: 2->2(39)
[2024-03-24T20:10:44.629+0800][1038.656s] GC(296) Old regions: 46->46
[2024-03-24T20:10:44.629+0800][1038.656s] GC(296) Humongous regions: 4->4
[2024-03-24T20:10:44.629+0800][1038.657s] GC(296) Metaspace: 65716K(66624K)->65716K(66624K) NonClass: 58325K(58880K)->58325K(58880K) Class: 7390K(7744K)->7390K(7744K)
[2024-03-24T20:10:44.629+0800][1038.657s] GC(296) Pause Young (Normal) (G1 Evacuation Pause) 355M->50M(512M) 4.461ms
[2024-03-24T20:10:44.629+0800][1038.657s] GC(296) User=0.00s Sys=0.00s Real=0.00s
[2024-03-24T20:10:47.190+0800][1041.221s] GC(297) Pause Young (Normal) (G1 Evacuation Pause)
[2024-03-24T20:10:47.190+0800][1041.221s] GC(297) Using 8 workers of 8 for evacuation
[2024-03-24T20:10:47.201+0800][1041.227s] GC(297)   Pre Evacuate Collection Set: 0.4ms
[2024-03-24T20:10:47.201+0800][1041.227s] GC(297)   Merge Heap Roots: 0.2ms
[2024-03-24T20:10:47.201+0800][1041.227s] GC(297)   Evacuate Collection Set: 2.9ms
[2024-03-24T20:10:47.201+0800][1041.227s] GC(297)   Post Evacuate Collection Set: 1.4ms
[2024-03-24T20:10:47.201+0800][1041.227s] GC(297)   Other: 0.2ms
[2024-03-24T20:10:47.201+0800][1041.227s] GC(297) Eden regions: 305->0(305)
[2024-03-24T20:10:47.201+0800][1041.227s] GC(297) Survivor regions: 2->2(39)
[2024-03-24T20:10:47.201+0800][1041.227s] GC(297) Old regions: 46->46
[2024-03-24T20:10:47.201+0800][1041.227s] GC(297) Humongous regions: 4->4
[2024-03-24T20:10:47.201+0800][1041.227s] GC(297) Metaspace: 65716K(66624K)->65716K(66624K) NonClass: 58325K(58880K)->58325K(58880K) Class: 7390K(7744K)->7390K(7744K)
[2024-03-24T20:10:47.201+0800][1041.227s] GC(297) Pause Young (Normal) (G1 Evacuation Pause) 355M->50M(512M) 5.849ms
[2024-03-24T20:10:47.201+0800][1041.227s] GC(297) User=0.02s Sys=0.00s Real=0.01s
[2024-03-24T20:10:49.909+0800][1043.933s] GC(298) Pause Young (Normal) (G1 Evacuation Pause)
[2024-03-24T20:10:49.909+0800][1043.933s] GC(298) Using 8 workers of 8 for evacuation
[2024-03-24T20:10:49.913+0800][1043.937s] GC(298)   Pre Evacuate Collection Set: 0.3ms
[2024-03-24T20:10:49.913+0800][1043.937s] GC(298)   Merge Heap Roots: 0.3ms
[2024-03-24T20:10:49.913+0800][1043.937s] GC(298)   Evacuate Collection Set: 2.7ms
[2024-03-24T20:10:49.913+0800][1043.937s] GC(298)   Post Evacuate Collection Set: 0.9ms
[2024-03-24T20:10:49.913+0800][1043.937s] GC(298)   Other: 0.2ms
[2024-03-24T20:10:49.913+0800][1043.937s] GC(298) Eden regions: 305->0(305)
[2024-03-24T20:10:49.913+0800][1043.938s] GC(298) Survivor regions: 2->2(39)
[2024-03-24T20:10:49.915+0800][1043.938s] GC(298) Old regions: 46->46
[2024-03-24T20:10:49.915+0800][1043.938s] GC(298) Humongous regions: 4->4
[2024-03-24T20:10:49.915+0800][1043.938s] GC(298) Metaspace: 65716K(66624K)->65716K(66624K) NonClass: 58325K(58880K)->58325K(58880K) Class: 7390K(7744K)->7390K(7744K)
[2024-03-24T20:10:49.915+0800][1043.938s] GC(298) Pause Young (Normal) (G1 Evacuation Pause) 355M->50M(512M) 5.008ms
[2024-03-24T20:10:49.915+0800][1043.938s] GC(298) User=0.00s Sys=0.00s Real=0.01s
[2024-03-24T20:10:52.402+0800][1046.426s] GC(299) Pause Young (Normal) (G1 Evacuation Pause)
[2024-03-24T20:10:52.402+0800][1046.426s] GC(299) Using 8 workers of 8 for evacuation
[2024-03-24T20:10:52.405+0800][1046.430s] GC(299)   Pre Evacuate Collection Set: 0.3ms
[2024-03-24T20:10:52.405+0800][1046.430s] GC(299)   Merge Heap Roots: 0.2ms
[2024-03-24T20:10:52.405+0800][1046.430s] GC(299)   Evacuate Collection Set: 2.2ms
[2024-03-24T20:10:52.405+0800][1046.430s] GC(299)   Post Evacuate Collection Set: 0.8ms
[2024-03-24T20:10:52.405+0800][1046.430s] GC(299)   Other: 0.1ms
[2024-03-24T20:10:52.405+0800][1046.430s] GC(299) Eden regions: 305->0(305)
[2024-03-24T20:10:52.405+0800][1046.430s] GC(299) Survivor regions: 2->2(39)
[2024-03-24T20:10:52.405+0800][1046.431s] GC(299) Old regions: 46->46
[2024-03-24T20:10:52.405+0800][1046.431s] GC(299) Humongous regions: 4->4
[2024-03-24T20:10:52.405+0800][1046.431s] GC(299) Metaspace: 65716K(66624K)->65716K(66624K) NonClass: 58325K(58880K)->58325K(58880K) Class: 7390K(7744K)->7390K(7744K)
[2024-03-24T20:10:52.405+0800][1046.431s] GC(299) Pause Young (Normal) (G1 Evacuation Pause) 355M->50M(512M) 4.321ms
[2024-03-24T20:10:52.405+0800][1046.431s] GC(299) User=0.00s Sys=0.00s Real=0.00s
[2024-03-24T20:10:54.933+0800][1048.960s] GC(300) Pause Young (Normal) (G1 Evacuation Pause)
[2024-03-24T20:10:54.933+0800][1048.960s] GC(300) Using 8 workers of 8 for evacuation
[2024-03-24T20:10:54.941+0800][1048.965s] GC(300)   Pre Evacuate Collection Set: 0.4ms
[2024-03-24T20:10:54.941+0800][1048.966s] GC(300)   Merge Heap Roots: 0.4ms
[2024-03-24T20:10:54.941+0800][1048.966s] GC(300)   Evacuate Collection Set: 2.6ms
[2024-03-24T20:10:54.941+0800][1048.966s] GC(300)   Post Evacuate Collection Set: 1.5ms
[2024-03-24T20:10:54.941+0800][1048.966s] GC(300)   Other: 0.2ms
[2024-03-24T20:10:54.941+0800][1048.966s] GC(300) Eden regions: 305->0(305)
[2024-03-24T20:10:54.941+0800][1048.966s] GC(300) Survivor regions: 2->2(39)
[2024-03-24T20:10:54.941+0800][1048.966s] GC(300) Old regions: 46->46
[2024-03-24T20:10:54.941+0800][1048.966s] GC(300) Humongous regions: 4->4
[2024-03-24T20:10:54.941+0800][1048.966s] GC(300) Metaspace: 65716K(66624K)->65716K(66624K) NonClass: 58325K(58880K)->58325K(58880K) Class: 7390K(7744K)->7390K(7744K)
[2024-03-24T20:10:54.941+0800][1048.966s] GC(300) Pause Young (Normal) (G1 Evacuation Pause) 355M->50M(512M) 5.740ms
[2024-03-24T20:10:54.941+0800][1048.966s] GC(300) User=0.00s Sys=0.00s Real=0.01s
[2024-03-24T20:10:57.541+0800][1051.571s] GC(301) Pause Young (Normal) (G1 Evacuation Pause)
[2024-03-24T20:10:57.541+0800][1051.571s] GC(301) Using 8 workers of 8 for evacuation
[2024-03-24T20:10:57.551+0800][1051.576s] GC(301)   Pre Evacuate Collection Set: 0.3ms
[2024-03-24T20:10:57.551+0800][1051.576s] GC(301)   Merge Heap Roots: 0.2ms
[2024-03-24T20:10:57.551+0800][1051.576s] GC(301)   Evacuate Collection Set: 3.0ms
[2024-03-24T20:10:57.551+0800][1051.576s] GC(301)   Post Evacuate Collection Set: 1.2ms
[2024-03-24T20:10:57.551+0800][1051.576s] GC(301)   Other: 0.2ms
[2024-03-24T20:10:57.551+0800][1051.576s] GC(301) Eden regions: 305->0(305)
[2024-03-24T20:10:57.551+0800][1051.576s] GC(301) Survivor regions: 2->2(39)
[2024-03-24T20:10:57.551+0800][1051.576s] GC(301) Old regions: 46->46
[2024-03-24T20:10:57.551+0800][1051.576s] GC(301) Humongous regions: 4->4
[2024-03-24T20:10:57.551+0800][1051.576s] GC(301) Metaspace: 65726K(66624K)->65726K(66624K) NonClass: 58335K(58880K)->58335K(58880K) Class: 7390K(7744K)->7390K(7744K)
[2024-03-24T20:10:57.551+0800][1051.576s] GC(301) Pause Young (Normal) (G1 Evacuation Pause) 355M->50M(512M) 5.709ms
[2024-03-24T20:10:57.551+0800][1051.576s] GC(301) User=0.00s Sys=0.00s Real=0.01s
[2024-03-24T20:11:00.067+0800][1054.089s] GC(302) Pause Young (Normal) (G1 Evacuation Pause)
[2024-03-24T20:11:00.067+0800][1054.090s] GC(302) Using 8 workers of 8 for evacuation
[2024-03-24T20:11:00.069+0800][1054.094s] GC(302)   Pre Evacuate Collection Set: 0.2ms
[2024-03-24T20:11:00.069+0800][1054.095s] GC(302)   Merge Heap Roots: 0.1ms
[2024-03-24T20:11:00.069+0800][1054.095s] GC(302)   Evacuate Collection Set: 3.2ms
[2024-03-24T20:11:00.069+0800][1054.095s] GC(302)   Post Evacuate Collection Set: 1.1ms
[2024-03-24T20:11:00.069+0800][1054.095s] GC(302)   Other: 0.2ms
[2024-03-24T20:11:00.069+0800][1054.095s] GC(302) Eden regions: 305->0(305)
[2024-03-24T20:11:00.069+0800][1054.095s] GC(302) Survivor regions: 2->2(39)
[2024-03-24T20:11:00.069+0800][1054.095s] GC(302) Old regions: 46->46
[2024-03-24T20:11:00.069+0800][1054.095s] GC(302) Humongous regions: 4->4
[2024-03-24T20:11:00.069+0800][1054.095s] GC(302) Metaspace: 65728K(66624K)->65728K(66624K) NonClass: 58337K(58880K)->58337K(58880K) Class: 7390K(7744K)->7390K(7744K)
[2024-03-24T20:11:00.069+0800][1054.095s] GC(302) Pause Young (Normal) (G1 Evacuation Pause) 355M->50M(512M) 5.779ms
[2024-03-24T20:11:00.069+0800][1054.095s] GC(302) User=0.00s Sys=0.00s Real=0.00s
[2024-03-24T20:11:02.767+0800][1056.791s] GC(303) Pause Young (Normal) (G1 Evacuation Pause)
[2024-03-24T20:11:02.767+0800][1056.791s] GC(303) Using 8 workers of 8 for evacuation
[2024-03-24T20:11:02.772+0800][1056.795s] GC(303)   Pre Evacuate Collection Set: 0.2ms
[2024-03-24T20:11:02.772+0800][1056.795s] GC(303)   Merge Heap Roots: 0.1ms
[2024-03-24T20:11:02.772+0800][1056.795s] GC(303)   Evacuate Collection Set: 2.6ms
[2024-03-24T20:11:02.772+0800][1056.795s] GC(303)   Post Evacuate Collection Set: 0.7ms
[2024-03-24T20:11:02.772+0800][1056.795s] GC(303)   Other: 0.1ms
[2024-03-24T20:11:02.772+0800][1056.795s] GC(303) Eden regions: 305->0(305)
[2024-03-24T20:11:02.772+0800][1056.795s] GC(303) Survivor regions: 2->2(39)
[2024-03-24T20:11:02.772+0800][1056.795s] GC(303) Old regions: 46->46
[2024-03-24T20:11:02.772+0800][1056.795s] GC(303) Humongous regions: 4->4
[2024-03-24T20:11:02.772+0800][1056.795s] GC(303) Metaspace: 65728K(66624K)->65728K(66624K) NonClass: 58337K(58880K)->58337K(58880K) Class: 7390K(7744K)->7390K(7744K)
[2024-03-24T20:11:02.772+0800][1056.795s] GC(303) Pause Young (Normal) (G1 Evacuation Pause) 355M->50M(512M) 4.095ms
[2024-03-24T20:11:02.772+0800][1056.795s] GC(303) User=0.00s Sys=0.00s Real=0.01s
[2024-03-24T20:11:05.501+0800][1059.530s] GC(304) Pause Young (Normal) (G1 Evacuation Pause)
[2024-03-24T20:11:05.501+0800][1059.530s] GC(304) Using 8 workers of 8 for evacuation
[2024-03-24T20:11:05.511+0800][1059.534s] GC(304)   Pre Evacuate Collection Set: 0.3ms
[2024-03-24T20:11:05.511+0800][1059.534s] GC(304)   Merge Heap Roots: 0.2ms
[2024-03-24T20:11:05.511+0800][1059.534s] GC(304)   Evacuate Collection Set: 2.6ms
[2024-03-24T20:11:05.511+0800][1059.535s] GC(304)   Post Evacuate Collection Set: 0.9ms
[2024-03-24T20:11:05.511+0800][1059.535s] GC(304)   Other: 0.2ms
[2024-03-24T20:11:05.511+0800][1059.535s] GC(304) Eden regions: 305->0(305)
[2024-03-24T20:11:05.511+0800][1059.535s] GC(304) Survivor regions: 2->2(39)
[2024-03-24T20:11:05.511+0800][1059.535s] GC(304) Old regions: 46->46
[2024-03-24T20:11:05.511+0800][1059.535s] GC(304) Humongous regions: 4->4
[2024-03-24T20:11:05.511+0800][1059.535s] GC(304) Metaspace: 65728K(66624K)->65728K(66624K) NonClass: 58337K(58880K)->58337K(58880K) Class: 7390K(7744K)->7390K(7744K)
[2024-03-24T20:11:05.511+0800][1059.535s] GC(304) Pause Young (Normal) (G1 Evacuation Pause) 355M->50M(512M) 5.007ms
[2024-03-24T20:11:05.511+0800][1059.535s] GC(304) User=0.02s Sys=0.00s Real=0.01s
[2024-03-24T20:11:08.083+0800][1062.106s] GC(305) Pause Young (Normal) (G1 Evacuation Pause)
[2024-03-24T20:11:08.083+0800][1062.106s] GC(305) Using 8 workers of 8 for evacuation
[2024-03-24T20:11:08.088+0800][1062.110s] GC(305)   Pre Evacuate Collection Set: 0.6ms
[2024-03-24T20:11:08.088+0800][1062.111s] GC(305)   Merge Heap Roots: 0.3ms
[2024-03-24T20:11:08.088+0800][1062.111s] GC(305)   Evacuate Collection Set: 2.1ms
[2024-03-24T20:11:08.088+0800][1062.111s] GC(305)   Post Evacuate Collection Set: 1.1ms
[2024-03-24T20:11:08.088+0800][1062.111s] GC(305)   Other: 0.3ms
[2024-03-24T20:11:08.088+0800][1062.111s] GC(305) Eden regions: 305->0(305)
[2024-03-24T20:11:08.088+0800][1062.111s] GC(305) Survivor regions: 2->2(39)
[2024-03-24T20:11:08.088+0800][1062.111s] GC(305) Old regions: 46->46
[2024-03-24T20:11:08.088+0800][1062.111s] GC(305) Humongous regions: 4->4
[2024-03-24T20:11:08.088+0800][1062.111s] GC(305) Metaspace: 65728K(66624K)->65728K(66624K) NonClass: 58337K(58880K)->58337K(58880K) Class: 7390K(7744K)->7390K(7744K)
[2024-03-24T20:11:08.088+0800][1062.111s] GC(305) Pause Young (Normal) (G1 Evacuation Pause) 355M->50M(512M) 4.989ms
[2024-03-24T20:11:08.088+0800][1062.111s] GC(305) User=0.00s Sys=0.00s Real=0.01s
[2024-03-24T20:11:10.728+0800][1064.757s] GC(306) Pause Young (Normal) (G1 Evacuation Pause)
[2024-03-24T20:11:10.728+0800][1064.757s] GC(306) Using 8 workers of 8 for evacuation
[2024-03-24T20:11:10.739+0800][1064.762s] GC(306)   Pre Evacuate Collection Set: 0.5ms
[2024-03-24T20:11:10.739+0800][1064.762s] GC(306)   Merge Heap Roots: 0.3ms
[2024-03-24T20:11:10.739+0800][1064.762s] GC(306)   Evacuate Collection Set: 2.7ms
[2024-03-24T20:11:10.739+0800][1064.762s] GC(306)   Post Evacuate Collection Set: 1.7ms
[2024-03-24T20:11:10.739+0800][1064.762s] GC(306)   Other: 0.2ms
[2024-03-24T20:11:10.739+0800][1064.762s] GC(306) Eden regions: 305->0(305)
[2024-03-24T20:11:10.739+0800][1064.762s] GC(306) Survivor regions: 2->2(39)
[2024-03-24T20:11:10.739+0800][1064.762s] GC(306) Old regions: 46->46
[2024-03-24T20:11:10.739+0800][1064.762s] GC(306) Humongous regions: 4->4
[2024-03-24T20:11:10.739+0800][1064.762s] GC(306) Metaspace: 65728K(66624K)->65728K(66624K) NonClass: 58337K(58880K)->58337K(58880K) Class: 7390K(7744K)->7390K(7744K)
[2024-03-24T20:11:10.739+0800][1064.763s] GC(306) Pause Young (Normal) (G1 Evacuation Pause) 355M->50M(512M) 5.860ms
[2024-03-24T20:11:10.739+0800][1064.763s] GC(306) User=0.02s Sys=0.00s Real=0.01s
[2024-03-24T20:11:13.376+0800][1067.400s] GC(307) Pause Young (Normal) (G1 Evacuation Pause)
[2024-03-24T20:11:13.376+0800][1067.400s] GC(307) Using 8 workers of 8 for evacuation
[2024-03-24T20:11:13.376+0800][1067.405s] GC(307)   Pre Evacuate Collection Set: 0.3ms
[2024-03-24T20:11:13.376+0800][1067.405s] GC(307)   Merge Heap Roots: 0.2ms
[2024-03-24T20:11:13.376+0800][1067.405s] GC(307)   Evacuate Collection Set: 2.6ms
[2024-03-24T20:11:13.376+0800][1067.405s] GC(307)   Post Evacuate Collection Set: 1.6ms
[2024-03-24T20:11:13.376+0800][1067.405s] GC(307)   Other: 0.2ms
[2024-03-24T20:11:13.376+0800][1067.405s] GC(307) Eden regions: 305->0(305)
[2024-03-24T20:11:13.376+0800][1067.405s] GC(307) Survivor regions: 2->2(39)
[2024-03-24T20:11:13.376+0800][1067.405s] GC(307) Old regions: 46->46
[2024-03-24T20:11:13.376+0800][1067.405s] GC(307) Humongous regions: 4->4
[2024-03-24T20:11:13.376+0800][1067.405s] GC(307) Metaspace: 65728K(66624K)->65728K(66624K) NonClass: 58337K(58880K)->58337K(58880K) Class: 7390K(7744K)->7390K(7744K)
[2024-03-24T20:11:13.376+0800][1067.405s] GC(307) Pause Young (Normal) (G1 Evacuation Pause) 355M->50M(512M) 5.816ms
[2024-03-24T20:11:13.376+0800][1067.405s] GC(307) User=0.00s Sys=0.00s Real=0.00s
[2024-03-24T20:11:15.871+0800][1069.903s] GC(308) Pause Young (Normal) (G1 Evacuation Pause)
[2024-03-24T20:11:15.871+0800][1069.903s] GC(308) Using 8 workers of 8 for evacuation
[2024-03-24T20:11:15.883+0800][1069.907s] GC(308)   Pre Evacuate Collection Set: 0.3ms
[2024-03-24T20:11:15.883+0800][1069.907s] GC(308)   Merge Heap Roots: 0.2ms
[2024-03-24T20:11:15.883+0800][1069.907s] GC(308)   Evacuate Collection Set: 2.3ms
[2024-03-24T20:11:15.883+0800][1069.907s] GC(308)   Post Evacuate Collection Set: 1.0ms
[2024-03-24T20:11:15.883+0800][1069.907s] GC(308)   Other: 0.2ms
[2024-03-24T20:11:15.883+0800][1069.907s] GC(308) Eden regions: 305->0(305)
[2024-03-24T20:11:15.883+0800][1069.907s] GC(308) Survivor regions: 2->2(39)
[2024-03-24T20:11:15.883+0800][1069.907s] GC(308) Old regions: 46->46
[2024-03-24T20:11:15.883+0800][1069.907s] GC(308) Humongous regions: 4->4
[2024-03-24T20:11:15.883+0800][1069.907s] GC(308) Metaspace: 65728K(66624K)->65728K(66624K) NonClass: 58337K(58880K)->58337K(58880K) Class: 7390K(7744K)->7390K(7744K)
[2024-03-24T20:11:15.883+0800][1069.907s] GC(308) Pause Young (Normal) (G1 Evacuation Pause) 355M->50M(512M) 4.481ms
[2024-03-24T20:11:15.883+0800][1069.907s] GC(308) User=0.00s Sys=0.00s Real=0.01s
[2024-03-24T20:11:18.555+0800][1072.580s] GC(309) Pause Young (Normal) (G1 Evacuation Pause)
[2024-03-24T20:11:18.555+0800][1072.580s] GC(309) Using 8 workers of 8 for evacuation
[2024-03-24T20:11:18.560+0800][1072.585s] GC(309)   Pre Evacuate Collection Set: 0.5ms
[2024-03-24T20:11:18.560+0800][1072.585s] GC(309)   Merge Heap Roots: 0.2ms
[2024-03-24T20:11:18.560+0800][1072.585s] GC(309)   Evacuate Collection Set: 2.6ms
[2024-03-24T20:11:18.560+0800][1072.585s] GC(309)   Post Evacuate Collection Set: 1.2ms
[2024-03-24T20:11:18.560+0800][1072.585s] GC(309)   Other: 0.2ms
[2024-03-24T20:11:18.562+0800][1072.585s] GC(309) Eden regions: 305->0(305)
[2024-03-24T20:11:18.562+0800][1072.585s] GC(309) Survivor regions: 2->2(39)
[2024-03-24T20:11:18.562+0800][1072.585s] GC(309) Old regions: 46->46
[2024-03-24T20:11:18.562+0800][1072.585s] GC(309) Humongous regions: 4->4
[2024-03-24T20:11:18.562+0800][1072.585s] GC(309) Metaspace: 65728K(66624K)->65728K(66624K) NonClass: 58337K(58880K)->58337K(58880K) Class: 7390K(7744K)->7390K(7744K)
[2024-03-24T20:11:18.562+0800][1072.585s] GC(309) Pause Young (Normal) (G1 Evacuation Pause) 355M->50M(512M) 5.304ms
[2024-03-24T20:11:18.562+0800][1072.585s] GC(309) User=0.02s Sys=0.00s Real=0.01s
[2024-03-24T20:11:21.277+0800][1075.299s] GC(310) Pause Young (Normal) (G1 Evacuation Pause)
[2024-03-24T20:11:21.277+0800][1075.300s] GC(310) Using 8 workers of 8 for evacuation
[2024-03-24T20:11:21.282+0800][1075.306s] GC(310)   Pre Evacuate Collection Set: 0.4ms
[2024-03-24T20:11:21.282+0800][1075.306s] GC(310)   Merge Heap Roots: 0.5ms
[2024-03-24T20:11:21.282+0800][1075.306s] GC(310)   Evacuate Collection Set: 4.0ms
[2024-03-24T20:11:21.282+0800][1075.306s] GC(310)   Post Evacuate Collection Set: 1.5ms
[2024-03-24T20:11:21.282+0800][1075.306s] GC(310)   Other: 0.2ms
[2024-03-24T20:11:21.282+0800][1075.306s] GC(310) Eden regions: 305->0(305)
[2024-03-24T20:11:21.282+0800][1075.306s] GC(310) Survivor regions: 2->2(39)
[2024-03-24T20:11:21.282+0800][1075.306s] GC(310) Old regions: 46->46
[2024-03-24T20:11:21.282+0800][1075.306s] GC(310) Humongous regions: 4->4
[2024-03-24T20:11:21.282+0800][1075.306s] GC(310) Metaspace: 65728K(66624K)->65728K(66624K) NonClass: 58337K(58880K)->58337K(58880K) Class: 7390K(7744K)->7390K(7744K)
[2024-03-24T20:11:21.282+0800][1075.306s] GC(310) Pause Young (Normal) (G1 Evacuation Pause) 355M->50M(512M) 7.097ms
[2024-03-24T20:11:21.282+0800][1075.307s] GC(310) User=0.00s Sys=0.00s Real=0.01s
[2024-03-24T20:11:23.733+0800][1077.759s] GC(311) Pause Young (Normal) (G1 Evacuation Pause)
[2024-03-24T20:11:23.733+0800][1077.759s] GC(311) Using 8 workers of 8 for evacuation
[2024-03-24T20:11:23.739+0800][1077.762s] GC(311)   Pre Evacuate Collection Set: 0.2ms
[2024-03-24T20:11:23.739+0800][1077.762s] GC(311)   Merge Heap Roots: 0.2ms
[2024-03-24T20:11:23.739+0800][1077.762s] GC(311)   Evacuate Collection Set: 1.8ms
[2024-03-24T20:11:23.739+0800][1077.763s] GC(311)   Post Evacuate Collection Set: 0.7ms
[2024-03-24T20:11:23.739+0800][1077.763s] GC(311)   Other: 0.2ms
[2024-03-24T20:11:23.739+0800][1077.763s] GC(311) Eden regions: 305->0(305)
[2024-03-24T20:11:23.739+0800][1077.763s] GC(311) Survivor regions: 2->2(39)
[2024-03-24T20:11:23.739+0800][1077.763s] GC(311) Old regions: 46->46
[2024-03-24T20:11:23.739+0800][1077.763s] GC(311) Humongous regions: 4->4
[2024-03-24T20:11:23.739+0800][1077.763s] GC(311) Metaspace: 65728K(66624K)->65728K(66624K) NonClass: 58337K(58880K)->58337K(58880K) Class: 7390K(7744K)->7390K(7744K)
[2024-03-24T20:11:23.739+0800][1077.763s] GC(311) Pause Young (Normal) (G1 Evacuation Pause) 355M->50M(512M) 3.447ms
[2024-03-24T20:11:23.739+0800][1077.763s] GC(311) User=0.00s Sys=0.00s Real=0.01s
[2024-03-24T20:11:26.342+0800][1080.368s] GC(312) Pause Young (Normal) (G1 Evacuation Pause)
[2024-03-24T20:11:26.342+0800][1080.368s] GC(312) Using 8 workers of 8 for evacuation
[2024-03-24T20:11:26.349+0800][1080.373s] GC(312)   Pre Evacuate Collection Set: 0.4ms
[2024-03-24T20:11:26.349+0800][1080.373s] GC(312)   Merge Heap Roots: 0.3ms
[2024-03-24T20:11:26.349+0800][1080.373s] GC(312)   Evacuate Collection Set: 2.0ms
[2024-03-24T20:11:26.349+0800][1080.373s] GC(312)   Post Evacuate Collection Set: 2.0ms
[2024-03-24T20:11:26.349+0800][1080.373s] GC(312)   Other: 0.2ms
[2024-03-24T20:11:26.349+0800][1080.373s] GC(312) Eden regions: 305->0(305)
[2024-03-24T20:11:26.349+0800][1080.373s] GC(312) Survivor regions: 2->2(39)
[2024-03-24T20:11:26.349+0800][1080.373s] GC(312) Old regions: 46->46
[2024-03-24T20:11:26.349+0800][1080.373s] GC(312) Humongous regions: 4->4
[2024-03-24T20:11:26.349+0800][1080.373s] GC(312) Metaspace: 65735K(66624K)->65735K(66624K) NonClass: 58344K(58880K)->58344K(58880K) Class: 7390K(7744K)->7390K(7744K)
[2024-03-24T20:11:26.349+0800][1080.373s] GC(312) Pause Young (Normal) (G1 Evacuation Pause) 355M->50M(512M) 5.301ms
[2024-03-24T20:11:26.349+0800][1080.373s] GC(312) User=0.00s Sys=0.00s Real=0.01s
[2024-03-24T20:11:28.941+0800][1082.970s] GC(313) Pause Young (Normal) (G1 Evacuation Pause)
[2024-03-24T20:11:28.941+0800][1082.970s] GC(313) Using 8 workers of 8 for evacuation
[2024-03-24T20:11:28.951+0800][1082.974s] GC(313)   Pre Evacuate Collection Set: 0.3ms
[2024-03-24T20:11:28.951+0800][1082.974s] GC(313)   Merge Heap Roots: 0.1ms
[2024-03-24T20:11:28.951+0800][1082.975s] GC(313)   Evacuate Collection Set: 2.6ms
[2024-03-24T20:11:28.951+0800][1082.975s] GC(313)   Post Evacuate Collection Set: 1.0ms
[2024-03-24T20:11:28.951+0800][1082.975s] GC(313)   Other: 0.3ms
[2024-03-24T20:11:28.951+0800][1082.975s] GC(313) Eden regions: 305->0(305)
[2024-03-24T20:11:28.951+0800][1082.975s] GC(313) Survivor regions: 2->2(39)
[2024-03-24T20:11:28.951+0800][1082.975s] GC(313) Old regions: 46->46
[2024-03-24T20:11:28.951+0800][1082.975s] GC(313) Humongous regions: 4->4
[2024-03-24T20:11:28.951+0800][1082.975s] GC(313) Metaspace: 65735K(66624K)->65735K(66624K) NonClass: 58344K(58880K)->58344K(58880K) Class: 7390K(7744K)->7390K(7744K)
[2024-03-24T20:11:28.951+0800][1082.975s] GC(313) Pause Young (Normal) (G1 Evacuation Pause) 355M->50M(512M) 5.113ms
[2024-03-24T20:11:28.951+0800][1082.975s] GC(313) User=0.00s Sys=0.00s Real=0.01s
[2024-03-24T20:11:31.433+0800][1085.460s] GC(314) Pause Young (Normal) (G1 Evacuation Pause)
[2024-03-24T20:11:31.433+0800][1085.460s] GC(314) Using 8 workers of 8 for evacuation
[2024-03-24T20:11:31.438+0800][1085.465s] GC(314)   Pre Evacuate Collection Set: 0.3ms
[2024-03-24T20:11:31.438+0800][1085.465s] GC(314)   Merge Heap Roots: 0.3ms
[2024-03-24T20:11:31.438+0800][1085.465s] GC(314)   Evacuate Collection Set: 2.4ms
[2024-03-24T20:11:31.438+0800][1085.465s] GC(314)   Post Evacuate Collection Set: 1.6ms
[2024-03-24T20:11:31.438+0800][1085.465s] GC(314)   Other: 0.2ms
[2024-03-24T20:11:31.438+0800][1085.465s] GC(314) Eden regions: 305->0(305)
[2024-03-24T20:11:31.438+0800][1085.465s] GC(314) Survivor regions: 2->2(39)
[2024-03-24T20:11:31.438+0800][1085.465s] GC(314) Old regions: 46->46
[2024-03-24T20:11:31.438+0800][1085.465s] GC(314) Humongous regions: 4->4
[2024-03-24T20:11:31.438+0800][1085.465s] GC(314) Metaspace: 65735K(66624K)->65735K(66624K) NonClass: 58344K(58880K)->58344K(58880K) Class: 7390K(7744K)->7390K(7744K)
[2024-03-24T20:11:31.438+0800][1085.465s] GC(314) Pause Young (Normal) (G1 Evacuation Pause) 355M->50M(512M) 5.436ms
[2024-03-24T20:11:31.438+0800][1085.465s] GC(314) User=0.00s Sys=0.00s Real=0.00s
[2024-03-24T20:11:34.151+0800][1088.174s] GC(315) Pause Young (Normal) (G1 Evacuation Pause)
[2024-03-24T20:11:34.151+0800][1088.174s] GC(315) Using 8 workers of 8 for evacuation
[2024-03-24T20:11:34.153+0800][1088.178s] GC(315)   Pre Evacuate Collection Set: 0.3ms
[2024-03-24T20:11:34.153+0800][1088.178s] GC(315)   Merge Heap Roots: 0.2ms
[2024-03-24T20:11:34.153+0800][1088.178s] GC(315)   Evacuate Collection Set: 2.3ms
[2024-03-24T20:11:34.153+0800][1088.178s] GC(315)   Post Evacuate Collection Set: 1.1ms
[2024-03-24T20:11:34.153+0800][1088.178s] GC(315)   Other: 0.3ms
[2024-03-24T20:11:34.153+0800][1088.179s] GC(315) Eden regions: 305->0(305)
[2024-03-24T20:11:34.153+0800][1088.179s] GC(315) Survivor regions: 2->2(39)
[2024-03-24T20:11:34.153+0800][1088.179s] GC(315) Old regions: 46->46
[2024-03-24T20:11:34.153+0800][1088.179s] GC(315) Humongous regions: 4->4
[2024-03-24T20:11:34.153+0800][1088.179s] GC(315) Metaspace: 65737K(66624K)->65737K(66624K) NonClass: 58345K(58880K)->58345K(58880K) Class: 7391K(7744K)->7391K(7744K)
[2024-03-24T20:11:34.153+0800][1088.179s] GC(315) Pause Young (Normal) (G1 Evacuation Pause) 355M->50M(512M) 5.255ms
[2024-03-24T20:11:34.153+0800][1088.179s] GC(315) User=0.00s Sys=0.00s Real=0.00s
[2024-03-24T20:11:36.703+0800][1090.733s] GC(316) Pause Young (Normal) (G1 Evacuation Pause)
[2024-03-24T20:11:36.703+0800][1090.734s] GC(316) Using 8 workers of 8 for evacuation
[2024-03-24T20:11:36.714+0800][1090.738s] GC(316)   Pre Evacuate Collection Set: 0.4ms
[2024-03-24T20:11:36.714+0800][1090.739s] GC(316)   Merge Heap Roots: 0.4ms
[2024-03-24T20:11:36.714+0800][1090.739s] GC(316)   Evacuate Collection Set: 2.7ms
[2024-03-24T20:11:36.716+0800][1090.739s] GC(316)   Post Evacuate Collection Set: 1.1ms
[2024-03-24T20:11:36.716+0800][1090.739s] GC(316)   Other: 0.2ms
[2024-03-24T20:11:36.716+0800][1090.739s] GC(316) Eden regions: 305->0(305)
[2024-03-24T20:11:36.716+0800][1090.739s] GC(316) Survivor regions: 2->2(39)
[2024-03-24T20:11:36.716+0800][1090.739s] GC(316) Old regions: 46->46
[2024-03-24T20:11:36.716+0800][1090.739s] GC(316) Humongous regions: 4->4
[2024-03-24T20:11:36.716+0800][1090.739s] GC(316) Metaspace: 65737K(66624K)->65737K(66624K) NonClass: 58345K(58880K)->58345K(58880K) Class: 7391K(7744K)->7391K(7744K)
[2024-03-24T20:11:36.716+0800][1090.739s] GC(316) Pause Young (Normal) (G1 Evacuation Pause) 355M->50M(512M) 5.729ms
[2024-03-24T20:11:36.716+0800][1090.739s] GC(316) User=0.02s Sys=0.00s Real=0.01s
[2024-03-24T20:11:39.309+0800][1093.336s] GC(317) Pause Young (Normal) (G1 Evacuation Pause)
[2024-03-24T20:11:39.309+0800][1093.336s] GC(317) Using 8 workers of 8 for evacuation
[2024-03-24T20:11:39.317+0800][1093.340s] GC(317)   Pre Evacuate Collection Set: 0.3ms
[2024-03-24T20:11:39.317+0800][1093.340s] GC(317)   Merge Heap Roots: 0.2ms
[2024-03-24T20:11:39.317+0800][1093.340s] GC(317)   Evacuate Collection Set: 2.5ms
[2024-03-24T20:11:39.317+0800][1093.340s] GC(317)   Post Evacuate Collection Set: 0.8ms
[2024-03-24T20:11:39.317+0800][1093.340s] GC(317)   Other: 0.2ms
[2024-03-24T20:11:39.317+0800][1093.340s] GC(317) Eden regions: 305->0(305)
[2024-03-24T20:11:39.317+0800][1093.340s] GC(317) Survivor regions: 2->2(39)
[2024-03-24T20:11:39.317+0800][1093.340s] GC(317) Old regions: 46->46
[2024-03-24T20:11:39.317+0800][1093.340s] GC(317) Humongous regions: 4->4
[2024-03-24T20:11:39.317+0800][1093.340s] GC(317) Metaspace: 65737K(66624K)->65737K(66624K) NonClass: 58345K(58880K)->58345K(58880K) Class: 7391K(7744K)->7391K(7744K)
[2024-03-24T20:11:39.317+0800][1093.340s] GC(317) Pause Young (Normal) (G1 Evacuation Pause) 355M->50M(512M) 4.657ms
[2024-03-24T20:11:39.317+0800][1093.340s] GC(317) User=0.00s Sys=0.00s Real=0.01s
[2024-03-24T20:11:41.857+0800][1095.889s] GC(318) Pause Young (Normal) (G1 Evacuation Pause)
[2024-03-24T20:11:41.857+0800][1095.889s] GC(318) Using 8 workers of 8 for evacuation
[2024-03-24T20:11:41.870+0800][1095.893s] GC(318)   Pre Evacuate Collection Set: 0.3ms
[2024-03-24T20:11:41.870+0800][1095.893s] GC(318)   Merge Heap Roots: 0.3ms
[2024-03-24T20:11:41.870+0800][1095.893s] GC(318)   Evacuate Collection Set: 2.2ms
[2024-03-24T20:11:41.870+0800][1095.893s] GC(318)   Post Evacuate Collection Set: 1.0ms
[2024-03-24T20:11:41.870+0800][1095.893s] GC(318)   Other: 0.2ms
[2024-03-24T20:11:41.870+0800][1095.893s] GC(318) Eden regions: 305->0(305)
[2024-03-24T20:11:41.871+0800][1095.893s] GC(318) Survivor regions: 2->2(39)
[2024-03-24T20:11:41.871+0800][1095.893s] GC(318) Old regions: 46->46
[2024-03-24T20:11:41.871+0800][1095.893s] GC(318) Humongous regions: 4->4
[2024-03-24T20:11:41.871+0800][1095.893s] GC(318) Metaspace: 65737K(66624K)->65737K(66624K) NonClass: 58345K(58880K)->58345K(58880K) Class: 7391K(7744K)->7391K(7744K)
[2024-03-24T20:11:41.871+0800][1095.894s] GC(318) Pause Young (Normal) (G1 Evacuation Pause) 355M->50M(512M) 4.738ms
[2024-03-24T20:11:41.871+0800][1095.894s] GC(318) User=0.00s Sys=0.00s Real=0.01s
[2024-03-24T20:11:44.531+0800][1098.557s] GC(319) Pause Young (Normal) (G1 Evacuation Pause)
[2024-03-24T20:11:44.531+0800][1098.557s] GC(319) Using 8 workers of 8 for evacuation
[2024-03-24T20:11:44.540+0800][1098.562s] GC(319)   Pre Evacuate Collection Set: 0.4ms
[2024-03-24T20:11:44.540+0800][1098.562s] GC(319)   Merge Heap Roots: 0.2ms
[2024-03-24T20:11:44.540+0800][1098.562s] GC(319)   Evacuate Collection Set: 3.2ms
[2024-03-24T20:11:44.540+0800][1098.562s] GC(319)   Post Evacuate Collection Set: 1.2ms
[2024-03-24T20:11:44.540+0800][1098.562s] GC(319)   Other: 0.2ms
[2024-03-24T20:11:44.540+0800][1098.562s] GC(319) Eden regions: 305->0(305)
[2024-03-24T20:11:44.540+0800][1098.562s] GC(319) Survivor regions: 2->2(39)
[2024-03-24T20:11:44.540+0800][1098.563s] GC(319) Old regions: 46->46
[2024-03-24T20:11:44.540+0800][1098.563s] GC(319) Humongous regions: 4->4
[2024-03-24T20:11:44.540+0800][1098.563s] GC(319) Metaspace: 65737K(66624K)->65737K(66624K) NonClass: 58346K(58880K)->58346K(58880K) Class: 7391K(7744K)->7391K(7744K)
[2024-03-24T20:11:44.540+0800][1098.563s] GC(319) Pause Young (Normal) (G1 Evacuation Pause) 355M->50M(512M) 5.762ms
[2024-03-24T20:11:44.540+0800][1098.563s] GC(319) User=0.00s Sys=0.00s Real=0.01s
[2024-03-24T20:11:47.069+0800][1101.093s] GC(320) Pause Young (Normal) (G1 Evacuation Pause)
[2024-03-24T20:11:47.069+0800][1101.094s] GC(320) Using 8 workers of 8 for evacuation
[2024-03-24T20:11:47.074+0800][1101.099s] GC(320)   Pre Evacuate Collection Set: 0.3ms
[2024-03-24T20:11:47.074+0800][1101.099s] GC(320)   Merge Heap Roots: 0.4ms
[2024-03-24T20:11:47.074+0800][1101.099s] GC(320)   Evacuate Collection Set: 3.5ms
[2024-03-24T20:11:47.074+0800][1101.099s] GC(320)   Post Evacuate Collection Set: 1.2ms
[2024-03-24T20:11:47.074+0800][1101.100s] GC(320)   Other: 0.2ms
[2024-03-24T20:11:47.074+0800][1101.100s] GC(320) Eden regions: 305->0(305)
[2024-03-24T20:11:47.074+0800][1101.100s] GC(320) Survivor regions: 2->2(39)
[2024-03-24T20:11:47.074+0800][1101.100s] GC(320) Old regions: 46->46
[2024-03-24T20:11:47.074+0800][1101.100s] GC(320) Humongous regions: 4->4
[2024-03-24T20:11:47.074+0800][1101.100s] GC(320) Metaspace: 65737K(66624K)->65737K(66624K) NonClass: 58346K(58880K)->58346K(58880K) Class: 7391K(7744K)->7391K(7744K)
[2024-03-24T20:11:47.074+0800][1101.100s] GC(320) Pause Young (Normal) (G1 Evacuation Pause) 355M->50M(512M) 6.260ms
[2024-03-24T20:11:47.074+0800][1101.100s] GC(320) User=0.00s Sys=0.00s Real=0.00s
[2024-03-24T20:11:49.602+0800][1103.627s] GC(321) Pause Young (Normal) (G1 Evacuation Pause)
[2024-03-24T20:11:49.602+0800][1103.627s] GC(321) Using 8 workers of 8 for evacuation
[2024-03-24T20:11:49.607+0800][1103.631s] GC(321)   Pre Evacuate Collection Set: 0.3ms
[2024-03-24T20:11:49.607+0800][1103.631s] GC(321)   Merge Heap Roots: 0.2ms
[2024-03-24T20:11:49.607+0800][1103.631s] GC(321)   Evacuate Collection Set: 1.8ms
[2024-03-24T20:11:49.607+0800][1103.631s] GC(321)   Post Evacuate Collection Set: 1.1ms
[2024-03-24T20:11:49.607+0800][1103.631s] GC(321)   Other: 0.2ms
[2024-03-24T20:11:49.608+0800][1103.631s] GC(321) Eden regions: 305->0(305)
[2024-03-24T20:11:49.608+0800][1103.631s] GC(321) Survivor regions: 2->2(39)
[2024-03-24T20:11:49.608+0800][1103.631s] GC(321) Old regions: 46->46
[2024-03-24T20:11:49.608+0800][1103.631s] GC(321) Humongous regions: 4->4
[2024-03-24T20:11:49.608+0800][1103.631s] GC(321) Metaspace: 65737K(66624K)->65737K(66624K) NonClass: 58346K(58880K)->58346K(58880K) Class: 7391K(7744K)->7391K(7744K)
[2024-03-24T20:11:49.608+0800][1103.631s] GC(321) Pause Young (Normal) (G1 Evacuation Pause) 355M->50M(512M) 4.167ms
[2024-03-24T20:11:49.608+0800][1103.631s] GC(321) User=0.02s Sys=0.00s Real=0.01s
[2024-03-24T20:11:52.207+0800][1106.230s] GC(322) Pause Young (Normal) (G1 Evacuation Pause)
[2024-03-24T20:11:52.207+0800][1106.231s] GC(322) Using 8 workers of 8 for evacuation
[2024-03-24T20:11:52.212+0800][1106.236s] GC(322)   Pre Evacuate Collection Set: 0.3ms
[2024-03-24T20:11:52.212+0800][1106.236s] GC(322)   Merge Heap Roots: 0.1ms
[2024-03-24T20:11:52.212+0800][1106.236s] GC(322)   Evacuate Collection Set: 3.5ms
[2024-03-24T20:11:52.212+0800][1106.236s] GC(322)   Post Evacuate Collection Set: 0.7ms
[2024-03-24T20:11:52.212+0800][1106.236s] GC(322)   Other: 0.2ms
[2024-03-24T20:11:52.212+0800][1106.236s] GC(322) Eden regions: 305->0(305)
[2024-03-24T20:11:52.212+0800][1106.236s] GC(322) Survivor regions: 2->2(39)
[2024-03-24T20:11:52.212+0800][1106.236s] GC(322) Old regions: 46->46
[2024-03-24T20:11:52.212+0800][1106.236s] GC(322) Humongous regions: 4->4
[2024-03-24T20:11:52.212+0800][1106.236s] GC(322) Metaspace: 65737K(66624K)->65737K(66624K) NonClass: 58346K(58880K)->58346K(58880K) Class: 7391K(7744K)->7391K(7744K)
[2024-03-24T20:11:52.212+0800][1106.236s] GC(322) Pause Young (Normal) (G1 Evacuation Pause) 355M->50M(512M) 5.362ms
[2024-03-24T20:11:52.212+0800][1106.236s] GC(322) User=0.00s Sys=0.00s Real=0.00s
[2024-03-24T20:11:54.829+0800][1108.853s] GC(323) Pause Young (Normal) (G1 Evacuation Pause)
[2024-03-24T20:11:54.829+0800][1108.853s] GC(323) Using 8 workers of 8 for evacuation
[2024-03-24T20:11:54.835+0800][1108.859s] GC(323)   Pre Evacuate Collection Set: 0.8ms
[2024-03-24T20:11:54.835+0800][1108.859s] GC(323)   Merge Heap Roots: 0.3ms
[2024-03-24T20:11:54.835+0800][1108.859s] GC(323)   Evacuate Collection Set: 3.5ms
[2024-03-24T20:11:54.835+0800][1108.859s] GC(323)   Post Evacuate Collection Set: 0.9ms
[2024-03-24T20:11:54.835+0800][1108.859s] GC(323)   Other: 0.2ms
[2024-03-24T20:11:54.835+0800][1108.859s] GC(323) Eden regions: 305->0(305)
[2024-03-24T20:11:54.835+0800][1108.859s] GC(323) Survivor regions: 2->2(39)
[2024-03-24T20:11:54.835+0800][1108.859s] GC(323) Old regions: 46->46
[2024-03-24T20:11:54.835+0800][1108.859s] GC(323) Humongous regions: 4->4
[2024-03-24T20:11:54.835+0800][1108.859s] GC(323) Metaspace: 65737K(66624K)->65737K(66624K) NonClass: 58346K(58880K)->58346K(58880K) Class: 7391K(7744K)->7391K(7744K)
[2024-03-24T20:11:54.835+0800][1108.859s] GC(323) Pause Young (Normal) (G1 Evacuation Pause) 355M->51M(512M) 6.318ms
[2024-03-24T20:11:54.835+0800][1108.859s] GC(323) User=0.00s Sys=0.00s Real=0.01s
[2024-03-24T20:11:57.299+0800][1111.326s] GC(324) Pause Young (Normal) (G1 Evacuation Pause)
[2024-03-24T20:11:57.299+0800][1111.326s] GC(324) Using 8 workers of 8 for evacuation
[2024-03-24T20:11:57.305+0800][1111.331s] GC(324)   Pre Evacuate Collection Set: 0.2ms
[2024-03-24T20:11:57.305+0800][1111.331s] GC(324)   Merge Heap Roots: 0.1ms
[2024-03-24T20:11:57.305+0800][1111.331s] GC(324)   Evacuate Collection Set: 3.2ms
[2024-03-24T20:11:57.305+0800][1111.331s] GC(324)   Post Evacuate Collection Set: 1.1ms
[2024-03-24T20:11:57.305+0800][1111.331s] GC(324)   Other: 0.1ms
[2024-03-24T20:11:57.305+0800][1111.331s] GC(324) Eden regions: 305->0(305)
[2024-03-24T20:11:57.305+0800][1111.331s] GC(324) Survivor regions: 2->2(39)
[2024-03-24T20:11:57.305+0800][1111.331s] GC(324) Old regions: 46->46
[2024-03-24T20:11:57.305+0800][1111.331s] GC(324) Humongous regions: 4->4
[2024-03-24T20:11:57.305+0800][1111.331s] GC(324) Metaspace: 65737K(66624K)->65737K(66624K) NonClass: 58346K(58880K)->58346K(58880K) Class: 7391K(7744K)->7391K(7744K)
[2024-03-24T20:11:57.305+0800][1111.331s] GC(324) Pause Young (Normal) (G1 Evacuation Pause) 356M->50M(512M) 5.420ms
[2024-03-24T20:11:57.305+0800][1111.331s] GC(324) User=0.00s Sys=0.00s Real=0.01s
[2024-03-24T20:11:59.918+0800][1113.943s] GC(325) Pause Young (Normal) (G1 Evacuation Pause)
[2024-03-24T20:11:59.918+0800][1113.943s] GC(325) Using 8 workers of 8 for evacuation
[2024-03-24T20:11:59.918+0800][1113.949s] GC(325)   Pre Evacuate Collection Set: 0.3ms
[2024-03-24T20:11:59.918+0800][1113.949s] GC(325)   Merge Heap Roots: 0.2ms
[2024-03-24T20:11:59.918+0800][1113.949s] GC(325)   Evacuate Collection Set: 4.1ms
[2024-03-24T20:11:59.918+0800][1113.949s] GC(325)   Post Evacuate Collection Set: 1.1ms
[2024-03-24T20:11:59.918+0800][1113.949s] GC(325)   Other: 0.2ms
[2024-03-24T20:11:59.918+0800][1113.949s] GC(325) Eden regions: 305->0(305)
[2024-03-24T20:11:59.918+0800][1113.949s] GC(325) Survivor regions: 2->2(39)
[2024-03-24T20:11:59.918+0800][1113.949s] GC(325) Old regions: 46->46
[2024-03-24T20:11:59.918+0800][1113.950s] GC(325) Humongous regions: 4->4
[2024-03-24T20:11:59.918+0800][1113.950s] GC(325) Metaspace: 65737K(66624K)->65737K(66624K) NonClass: 58346K(58880K)->58346K(58880K) Class: 7391K(7744K)->7391K(7744K)
[2024-03-24T20:11:59.918+0800][1113.950s] GC(325) Pause Young (Normal) (G1 Evacuation Pause) 355M->50M(512M) 6.628ms
[2024-03-24T20:11:59.918+0800][1113.950s] GC(325) User=0.00s Sys=0.00s Real=0.00s
[2024-03-24T20:12:02.553+0800][1116.578s] GC(326) Pause Young (Normal) (G1 Evacuation Pause)
[2024-03-24T20:12:02.553+0800][1116.578s] GC(326) Using 8 workers of 8 for evacuation
[2024-03-24T20:12:02.561+0800][1116.584s] GC(326)   Pre Evacuate Collection Set: 0.4ms
[2024-03-24T20:12:02.561+0800][1116.584s] GC(326)   Merge Heap Roots: 0.2ms
[2024-03-24T20:12:02.561+0800][1116.584s] GC(326)   Evacuate Collection Set: 3.5ms
[2024-03-24T20:12:02.561+0800][1116.584s] GC(326)   Post Evacuate Collection Set: 1.6ms
[2024-03-24T20:12:02.561+0800][1116.584s] GC(326)   Other: 0.2ms
[2024-03-24T20:12:02.561+0800][1116.584s] GC(326) Eden regions: 305->0(305)
[2024-03-24T20:12:02.561+0800][1116.584s] GC(326) Survivor regions: 2->2(39)
[2024-03-24T20:12:02.561+0800][1116.584s] GC(326) Old regions: 46->46
[2024-03-24T20:12:02.561+0800][1116.584s] GC(326) Humongous regions: 4->4
[2024-03-24T20:12:02.561+0800][1116.584s] GC(326) Metaspace: 65737K(66624K)->65737K(66624K) NonClass: 58346K(58880K)->58346K(58880K) Class: 7391K(7744K)->7391K(7744K)
[2024-03-24T20:12:02.561+0800][1116.584s] GC(326) Pause Young (Normal) (G1 Evacuation Pause) 355M->50M(512M) 6.568ms
[2024-03-24T20:12:02.561+0800][1116.584s] GC(326) User=0.02s Sys=0.00s Real=0.01s
[2024-03-24T20:12:04.937+0800][1118.962s] GC(327) Pause Young (Normal) (G1 Evacuation Pause)
[2024-03-24T20:12:04.937+0800][1118.962s] GC(327) Using 8 workers of 8 for evacuation
[2024-03-24T20:12:04.942+0800][1118.965s] GC(327)   Pre Evacuate Collection Set: 0.3ms
[2024-03-24T20:12:04.942+0800][1118.965s] GC(327)   Merge Heap Roots: 0.1ms
[2024-03-24T20:12:04.942+0800][1118.965s] GC(327)   Evacuate Collection Set: 2.2ms
[2024-03-24T20:12:04.942+0800][1118.965s] GC(327)   Post Evacuate Collection Set: 0.7ms
[2024-03-24T20:12:04.942+0800][1118.966s] GC(327)   Other: 0.2ms
[2024-03-24T20:12:04.942+0800][1118.966s] GC(327) Eden regions: 305->0(305)
[2024-03-24T20:12:04.942+0800][1118.966s] GC(327) Survivor regions: 2->2(39)
[2024-03-24T20:12:04.942+0800][1118.966s] GC(327) Old regions: 46->46
[2024-03-24T20:12:04.942+0800][1118.966s] GC(327) Humongous regions: 4->4
[2024-03-24T20:12:04.942+0800][1118.966s] GC(327) Metaspace: 65737K(66624K)->65737K(66624K) NonClass: 58346K(58880K)->58346K(58880K) Class: 7391K(7744K)->7391K(7744K)
[2024-03-24T20:12:04.942+0800][1118.966s] GC(327) Pause Young (Normal) (G1 Evacuation Pause) 355M->50M(512M) 4.253ms
[2024-03-24T20:12:04.942+0800][1118.966s] GC(327) User=0.00s Sys=0.00s Real=0.00s
[2024-03-24T20:12:07.582+0800][1121.606s] GC(328) Pause Young (Normal) (G1 Evacuation Pause)
[2024-03-24T20:12:07.582+0800][1121.606s] GC(328) Using 8 workers of 8 for evacuation
[2024-03-24T20:12:07.589+0800][1121.612s] GC(328)   Pre Evacuate Collection Set: 0.4ms
[2024-03-24T20:12:07.589+0800][1121.612s] GC(328)   Merge Heap Roots: 0.1ms
[2024-03-24T20:12:07.589+0800][1121.612s] GC(328)   Evacuate Collection Set: 4.2ms
[2024-03-24T20:12:07.589+0800][1121.612s] GC(328)   Post Evacuate Collection Set: 1.0ms
[2024-03-24T20:12:07.589+0800][1121.612s] GC(328)   Other: 0.2ms
[2024-03-24T20:12:07.589+0800][1121.612s] GC(328) Eden regions: 305->0(305)
[2024-03-24T20:12:07.589+0800][1121.612s] GC(328) Survivor regions: 2->2(39)
[2024-03-24T20:12:07.589+0800][1121.612s] GC(328) Old regions: 46->46
[2024-03-24T20:12:07.589+0800][1121.612s] GC(328) Humongous regions: 4->4
[2024-03-24T20:12:07.589+0800][1121.612s] GC(328) Metaspace: 65737K(66624K)->65737K(66624K) NonClass: 58346K(58880K)->58346K(58880K) Class: 7391K(7744K)->7391K(7744K)
[2024-03-24T20:12:07.589+0800][1121.613s] GC(328) Pause Young (Normal) (G1 Evacuation Pause) 355M->50M(512M) 6.913ms
[2024-03-24T20:12:07.589+0800][1121.613s] GC(328) User=0.02s Sys=0.00s Real=0.01s
[2024-03-24T20:12:10.276+0800][1124.298s] GC(329) Pause Young (Normal) (G1 Evacuation Pause)
[2024-03-24T20:12:10.276+0800][1124.298s] GC(329) Using 8 workers of 8 for evacuation
[2024-03-24T20:12:10.277+0800][1124.304s] GC(329)   Pre Evacuate Collection Set: 0.4ms
[2024-03-24T20:12:10.277+0800][1124.304s] GC(329)   Merge Heap Roots: 0.8ms
[2024-03-24T20:12:10.277+0800][1124.304s] GC(329)   Evacuate Collection Set: 3.2ms
[2024-03-24T20:12:10.277+0800][1124.305s] GC(329)   Post Evacuate Collection Set: 1.3ms
[2024-03-24T20:12:10.277+0800][1124.305s] GC(329)   Other: 0.2ms
[2024-03-24T20:12:10.277+0800][1124.305s] GC(329) Eden regions: 305->0(305)
[2024-03-24T20:12:10.277+0800][1124.305s] GC(329) Survivor regions: 2->2(39)
[2024-03-24T20:12:10.277+0800][1124.305s] GC(329) Old regions: 46->46
[2024-03-24T20:12:10.277+0800][1124.305s] GC(329) Humongous regions: 4->4
[2024-03-24T20:12:10.277+0800][1124.305s] GC(329) Metaspace: 65737K(66624K)->65737K(66624K) NonClass: 58346K(58880K)->58346K(58880K) Class: 7391K(7744K)->7391K(7744K)
[2024-03-24T20:12:10.277+0800][1124.305s] GC(329) Pause Young (Normal) (G1 Evacuation Pause) 355M->50M(512M) 6.737ms
[2024-03-24T20:12:10.277+0800][1124.305s] GC(329) User=0.02s Sys=0.00s Real=0.00s
[2024-03-24T20:12:12.856+0800][1126.883s] GC(330) Pause Young (Normal) (G1 Evacuation Pause)
[2024-03-24T20:12:12.856+0800][1126.883s] GC(330) Using 8 workers of 8 for evacuation
[2024-03-24T20:12:12.864+0800][1126.887s] GC(330)   Pre Evacuate Collection Set: 0.2ms
[2024-03-24T20:12:12.864+0800][1126.887s] GC(330)   Merge Heap Roots: 0.1ms
[2024-03-24T20:12:12.864+0800][1126.887s] GC(330)   Evacuate Collection Set: 2.1ms
[2024-03-24T20:12:12.864+0800][1126.887s] GC(330)   Post Evacuate Collection Set: 1.2ms
[2024-03-24T20:12:12.864+0800][1126.887s] GC(330)   Other: 0.2ms
[2024-03-24T20:12:12.864+0800][1126.887s] GC(330) Eden regions: 305->0(305)
[2024-03-24T20:12:12.864+0800][1126.887s] GC(330) Survivor regions: 2->2(39)
[2024-03-24T20:12:12.864+0800][1126.887s] GC(330) Old regions: 46->46
[2024-03-24T20:12:12.864+0800][1126.887s] GC(330) Humongous regions: 4->4
[2024-03-24T20:12:12.864+0800][1126.887s] GC(330) Metaspace: 65737K(66624K)->65737K(66624K) NonClass: 58346K(58880K)->58346K(58880K) Class: 7391K(7744K)->7391K(7744K)
[2024-03-24T20:12:12.864+0800][1126.887s] GC(330) Pause Young (Normal) (G1 Evacuation Pause) 355M->50M(512M) 4.366ms
[2024-03-24T20:12:12.864+0800][1126.888s] GC(330) User=0.00s Sys=0.00s Real=0.01s
[2024-03-24T20:12:15.466+0800][1129.493s] GC(331) Pause Young (Normal) (G1 Evacuation Pause)
[2024-03-24T20:12:15.466+0800][1129.493s] GC(331) Using 8 workers of 8 for evacuation
[2024-03-24T20:12:15.476+0800][1129.498s] GC(331)   Pre Evacuate Collection Set: 0.3ms
[2024-03-24T20:12:15.476+0800][1129.499s] GC(331)   Merge Heap Roots: 0.4ms
[2024-03-24T20:12:15.476+0800][1129.499s] GC(331)   Evacuate Collection Set: 3.0ms
[2024-03-24T20:12:15.476+0800][1129.499s] GC(331)   Post Evacuate Collection Set: 1.4ms
[2024-03-24T20:12:15.476+0800][1129.499s] GC(331)   Other: 0.2ms
[2024-03-24T20:12:15.476+0800][1129.499s] GC(331) Eden regions: 305->0(305)
[2024-03-24T20:12:15.476+0800][1129.499s] GC(331) Survivor regions: 2->2(39)
[2024-03-24T20:12:15.476+0800][1129.499s] GC(331) Old regions: 46->46
[2024-03-24T20:12:15.476+0800][1129.499s] GC(331) Humongous regions: 4->4
[2024-03-24T20:12:15.476+0800][1129.499s] GC(331) Metaspace: 65737K(66624K)->65737K(66624K) NonClass: 58346K(58880K)->58346K(58880K) Class: 7391K(7744K)->7391K(7744K)
[2024-03-24T20:12:15.476+0800][1129.499s] GC(331) Pause Young (Normal) (G1 Evacuation Pause) 355M->50M(512M) 6.141ms
[2024-03-24T20:12:15.476+0800][1129.499s] GC(331) User=0.00s Sys=0.00s Real=0.01s
[2024-03-24T20:12:18.101+0800][1132.125s] GC(332) Pause Young (Normal) (G1 Evacuation Pause)
[2024-03-24T20:12:18.101+0800][1132.125s] GC(332) Using 8 workers of 8 for evacuation
[2024-03-24T20:12:18.107+0800][1132.130s] GC(332)   Pre Evacuate Collection Set: 0.4ms
[2024-03-24T20:12:18.107+0800][1132.130s] GC(332)   Merge Heap Roots: 0.3ms
[2024-03-24T20:12:18.107+0800][1132.130s] GC(332)   Evacuate Collection Set: 3.2ms
[2024-03-24T20:12:18.107+0800][1132.130s] GC(332)   Post Evacuate Collection Set: 1.1ms
[2024-03-24T20:12:18.107+0800][1132.130s] GC(332)   Other: 0.2ms
[2024-03-24T20:12:18.107+0800][1132.130s] GC(332) Eden regions: 305->0(305)
[2024-03-24T20:12:18.107+0800][1132.130s] GC(332) Survivor regions: 2->2(39)
[2024-03-24T20:12:18.107+0800][1132.130s] GC(332) Old regions: 46->46
[2024-03-24T20:12:18.107+0800][1132.130s] GC(332) Humongous regions: 4->4
[2024-03-24T20:12:18.107+0800][1132.130s] GC(332) Metaspace: 65737K(66624K)->65737K(66624K) NonClass: 58346K(58880K)->58346K(58880K) Class: 7391K(7744K)->7391K(7744K)
[2024-03-24T20:12:18.107+0800][1132.130s] GC(332) Pause Young (Normal) (G1 Evacuation Pause) 355M->50M(512M) 5.646ms
[2024-03-24T20:12:18.107+0800][1132.130s] GC(332) User=0.00s Sys=0.00s Real=0.01s
[2024-03-24T20:12:20.725+0800][1134.754s] GC(333) Pause Young (Normal) (G1 Evacuation Pause)
[2024-03-24T20:12:20.725+0800][1134.754s] GC(333) Using 8 workers of 8 for evacuation
[2024-03-24T20:12:20.736+0800][1134.759s] GC(333)   Pre Evacuate Collection Set: 0.3ms
[2024-03-24T20:12:20.736+0800][1134.759s] GC(333)   Merge Heap Roots: 0.2ms
[2024-03-24T20:12:20.736+0800][1134.759s] GC(333)   Evacuate Collection Set: 3.2ms
[2024-03-24T20:12:20.736+0800][1134.759s] GC(333)   Post Evacuate Collection Set: 0.9ms
[2024-03-24T20:12:20.736+0800][1134.759s] GC(333)   Other: 0.2ms
[2024-03-24T20:12:20.736+0800][1134.759s] GC(333) Eden regions: 305->0(305)
[2024-03-24T20:12:20.736+0800][1134.759s] GC(333) Survivor regions: 2->2(39)
[2024-03-24T20:12:20.736+0800][1134.759s] GC(333) Old regions: 46->46
[2024-03-24T20:12:20.736+0800][1134.759s] GC(333) Humongous regions: 4->4
[2024-03-24T20:12:20.736+0800][1134.759s] GC(333) Metaspace: 65737K(66624K)->65737K(66624K) NonClass: 58346K(58880K)->58346K(58880K) Class: 7391K(7744K)->7391K(7744K)
[2024-03-24T20:12:20.736+0800][1134.760s] GC(333) Pause Young (Normal) (G1 Evacuation Pause) 355M->50M(512M) 5.450ms
[2024-03-24T20:12:20.736+0800][1134.760s] GC(333) User=0.00s Sys=0.00s Real=0.01s
[2024-03-24T20:12:23.214+0800][1137.239s] GC(334) Pause Young (Normal) (G1 Evacuation Pause)
[2024-03-24T20:12:23.214+0800][1137.239s] GC(334) Using 8 workers of 8 for evacuation
[2024-03-24T20:12:23.219+0800][1137.244s] GC(334)   Pre Evacuate Collection Set: 0.5ms
[2024-03-24T20:12:23.219+0800][1137.244s] GC(334)   Merge Heap Roots: 0.2ms
[2024-03-24T20:12:23.219+0800][1137.244s] GC(334)   Evacuate Collection Set: 2.5ms
[2024-03-24T20:12:23.219+0800][1137.244s] GC(334)   Post Evacuate Collection Set: 1.6ms
[2024-03-24T20:12:23.219+0800][1137.244s] GC(334)   Other: 0.2ms
[2024-03-24T20:12:23.219+0800][1137.244s] GC(334) Eden regions: 305->0(305)
[2024-03-24T20:12:23.219+0800][1137.245s] GC(334) Survivor regions: 2->2(39)
[2024-03-24T20:12:23.219+0800][1137.245s] GC(334) Old regions: 46->46
[2024-03-24T20:12:23.219+0800][1137.245s] GC(334) Humongous regions: 4->4
[2024-03-24T20:12:23.219+0800][1137.245s] GC(334) Metaspace: 65737K(66624K)->65737K(66624K) NonClass: 58346K(58880K)->58346K(58880K) Class: 7391K(7744K)->7391K(7744K)
[2024-03-24T20:12:23.219+0800][1137.245s] GC(334) Pause Young (Normal) (G1 Evacuation Pause) 355M->51M(512M) 5.733ms
[2024-03-24T20:12:23.219+0800][1137.245s] GC(334) User=0.00s Sys=0.00s Real=0.01s
[2024-03-24T20:12:25.796+0800][1139.822s] GC(335) Pause Young (Normal) (G1 Evacuation Pause)
[2024-03-24T20:12:25.796+0800][1139.822s] GC(335) Using 8 workers of 8 for evacuation
[2024-03-24T20:12:25.803+0800][1139.826s] GC(335)   Pre Evacuate Collection Set: 0.3ms
[2024-03-24T20:12:25.803+0800][1139.826s] GC(335)   Merge Heap Roots: 0.1ms
[2024-03-24T20:12:25.803+0800][1139.826s] GC(335)   Evacuate Collection Set: 2.2ms
[2024-03-24T20:12:25.803+0800][1139.826s] GC(335)   Post Evacuate Collection Set: 1.1ms
[2024-03-24T20:12:25.803+0800][1139.826s] GC(335)   Other: 0.2ms
[2024-03-24T20:12:25.803+0800][1139.826s] GC(335) Eden regions: 305->0(305)
[2024-03-24T20:12:25.803+0800][1139.826s] GC(335) Survivor regions: 2->2(39)
[2024-03-24T20:12:25.803+0800][1139.826s] GC(335) Old regions: 46->46
[2024-03-24T20:12:25.803+0800][1139.826s] GC(335) Humongous regions: 4->4
[2024-03-24T20:12:25.803+0800][1139.826s] GC(335) Metaspace: 65737K(66624K)->65737K(66624K) NonClass: 58346K(58880K)->58346K(58880K) Class: 7391K(7744K)->7391K(7744K)
[2024-03-24T20:12:25.803+0800][1139.827s] GC(335) Pause Young (Normal) (G1 Evacuation Pause) 356M->50M(512M) 4.365ms
[2024-03-24T20:12:25.803+0800][1139.827s] GC(335) User=0.00s Sys=0.00s Real=0.01s
[2024-03-24T20:12:28.288+0800][1142.312s] GC(336) Pause Young (Normal) (G1 Evacuation Pause)
[2024-03-24T20:12:28.288+0800][1142.312s] GC(336) Using 8 workers of 8 for evacuation
[2024-03-24T20:12:28.294+0800][1142.318s] GC(336)   Pre Evacuate Collection Set: 0.4ms
[2024-03-24T20:12:28.294+0800][1142.318s] GC(336)   Merge Heap Roots: 0.2ms
[2024-03-24T20:12:28.294+0800][1142.318s] GC(336)   Evacuate Collection Set: 3.6ms
[2024-03-24T20:12:28.294+0800][1142.318s] GC(336)   Post Evacuate Collection Set: 1.1ms
[2024-03-24T20:12:28.294+0800][1142.318s] GC(336)   Other: 0.2ms
[2024-03-24T20:12:28.294+0800][1142.318s] GC(336) Eden regions: 305->0(305)
[2024-03-24T20:12:28.294+0800][1142.318s] GC(336) Survivor regions: 2->2(39)
[2024-03-24T20:12:28.294+0800][1142.318s] GC(336) Old regions: 46->46
[2024-03-24T20:12:28.294+0800][1142.318s] GC(336) Humongous regions: 4->4
[2024-03-24T20:12:28.294+0800][1142.318s] GC(336) Metaspace: 65737K(66624K)->65737K(66624K) NonClass: 58346K(58880K)->58346K(58880K) Class: 7391K(7744K)->7391K(7744K)
[2024-03-24T20:12:28.294+0800][1142.318s] GC(336) Pause Young (Normal) (G1 Evacuation Pause) 355M->50M(512M) 6.156ms
[2024-03-24T20:12:28.294+0800][1142.318s] GC(336) User=0.00s Sys=0.00s Real=0.01s
[2024-03-24T20:12:30.730+0800][1144.762s] GC(337) Pause Young (Normal) (G1 Evacuation Pause)
[2024-03-24T20:12:30.730+0800][1144.763s] GC(337) Using 8 workers of 8 for evacuation
[2024-03-24T20:12:30.741+0800][1144.767s] GC(337)   Pre Evacuate Collection Set: 0.3ms
[2024-03-24T20:12:30.741+0800][1144.767s] GC(337)   Merge Heap Roots: 0.2ms
[2024-03-24T20:12:30.741+0800][1144.767s] GC(337)   Evacuate Collection Set: 2.5ms
[2024-03-24T20:12:30.741+0800][1144.767s] GC(337)   Post Evacuate Collection Set: 1.3ms
[2024-03-24T20:12:30.741+0800][1144.767s] GC(337)   Other: 0.2ms
[2024-03-24T20:12:30.741+0800][1144.767s] GC(337) Eden regions: 305->0(305)
[2024-03-24T20:12:30.741+0800][1144.767s] GC(337) Survivor regions: 2->2(39)
[2024-03-24T20:12:30.741+0800][1144.767s] GC(337) Old regions: 46->46
[2024-03-24T20:12:30.741+0800][1144.768s] GC(337) Humongous regions: 4->4
[2024-03-24T20:12:30.741+0800][1144.768s] GC(337) Metaspace: 65737K(66624K)->65737K(66624K) NonClass: 58346K(58880K)->58346K(58880K) Class: 7391K(7744K)->7391K(7744K)
[2024-03-24T20:12:30.741+0800][1144.768s] GC(337) Pause Young (Normal) (G1 Evacuation Pause) 355M->50M(512M) 5.092ms
[2024-03-24T20:12:30.741+0800][1144.768s] GC(337) User=0.00s Sys=0.00s Real=0.01s
[2024-03-24T20:12:33.370+0800][1147.397s] GC(338) Pause Young (Normal) (G1 Evacuation Pause)
[2024-03-24T20:12:33.370+0800][1147.397s] GC(338) Using 8 workers of 8 for evacuation
[2024-03-24T20:12:33.374+0800][1147.402s] GC(338)   Pre Evacuate Collection Set: 0.3ms
[2024-03-24T20:12:33.374+0800][1147.402s] GC(338)   Merge Heap Roots: 0.2ms
[2024-03-24T20:12:33.374+0800][1147.402s] GC(338)   Evacuate Collection Set: 2.7ms
[2024-03-24T20:12:33.374+0800][1147.402s] GC(338)   Post Evacuate Collection Set: 1.5ms
[2024-03-24T20:12:33.374+0800][1147.402s] GC(338)   Other: 0.2ms
[2024-03-24T20:12:33.374+0800][1147.402s] GC(338) Eden regions: 305->0(305)
[2024-03-24T20:12:33.374+0800][1147.402s] GC(338) Survivor regions: 2->2(39)
[2024-03-24T20:12:33.374+0800][1147.402s] GC(338) Old regions: 46->46
[2024-03-24T20:12:33.374+0800][1147.402s] GC(338) Humongous regions: 4->4
[2024-03-24T20:12:33.374+0800][1147.402s] GC(338) Metaspace: 65737K(66624K)->65737K(66624K) NonClass: 58346K(58880K)->58346K(58880K) Class: 7391K(7744K)->7391K(7744K)
[2024-03-24T20:12:33.374+0800][1147.403s] GC(338) Pause Young (Normal) (G1 Evacuation Pause) 355M->51M(512M) 5.851ms
[2024-03-24T20:12:33.374+0800][1147.403s] GC(338) User=0.00s Sys=0.00s Real=0.00s
[2024-03-24T20:12:35.930+0800][1149.961s] GC(339) Pause Young (Normal) (G1 Evacuation Pause)
[2024-03-24T20:12:35.930+0800][1149.961s] GC(339) Using 8 workers of 8 for evacuation
[2024-03-24T20:12:35.940+0800][1149.966s] GC(339)   Pre Evacuate Collection Set: 0.4ms
[2024-03-24T20:12:35.940+0800][1149.966s] GC(339)   Merge Heap Roots: 0.5ms
[2024-03-24T20:12:35.940+0800][1149.966s] GC(339)   Evacuate Collection Set: 2.4ms
[2024-03-24T20:12:35.940+0800][1149.966s] GC(339)   Post Evacuate Collection Set: 1.2ms
[2024-03-24T20:12:35.940+0800][1149.967s] GC(339)   Other: 0.4ms
[2024-03-24T20:12:35.940+0800][1149.967s] GC(339) Eden regions: 305->0(305)
[2024-03-24T20:12:35.940+0800][1149.967s] GC(339) Survivor regions: 2->2(39)
[2024-03-24T20:12:35.940+0800][1149.967s] GC(339) Old regions: 46->46
[2024-03-24T20:12:35.940+0800][1149.967s] GC(339) Humongous regions: 4->4
[2024-03-24T20:12:35.940+0800][1149.967s] GC(339) Metaspace: 65737K(66624K)->65737K(66624K) NonClass: 58346K(58880K)->58346K(58880K) Class: 7391K(7744K)->7391K(7744K)
[2024-03-24T20:12:35.940+0800][1149.967s] GC(339) Pause Young (Normal) (G1 Evacuation Pause) 356M->50M(512M) 5.660ms
[2024-03-24T20:12:35.940+0800][1149.967s] GC(339) User=0.02s Sys=0.00s Real=0.01s
[2024-03-24T20:12:38.468+0800][1152.492s] GC(340) Pause Young (Normal) (G1 Evacuation Pause)
[2024-03-24T20:12:38.468+0800][1152.492s] GC(340) Using 8 workers of 8 for evacuation
[2024-03-24T20:12:38.468+0800][1152.496s] GC(340)   Pre Evacuate Collection Set: 0.5ms
[2024-03-24T20:12:38.468+0800][1152.497s] GC(340)   Merge Heap Roots: 0.2ms
[2024-03-24T20:12:38.468+0800][1152.497s] GC(340)   Evacuate Collection Set: 2.2ms
[2024-03-24T20:12:38.468+0800][1152.497s] GC(340)   Post Evacuate Collection Set: 1.1ms
[2024-03-24T20:12:38.468+0800][1152.497s] GC(340)   Other: 0.3ms
[2024-03-24T20:12:38.468+0800][1152.497s] GC(340) Eden regions: 305->0(305)
[2024-03-24T20:12:38.468+0800][1152.497s] GC(340) Survivor regions: 2->2(39)
[2024-03-24T20:12:38.468+0800][1152.497s] GC(340) Old regions: 46->46
[2024-03-24T20:12:38.468+0800][1152.497s] GC(340) Humongous regions: 4->4
[2024-03-24T20:12:38.468+0800][1152.497s] GC(340) Metaspace: 65737K(66624K)->65737K(66624K) NonClass: 58346K(58880K)->58346K(58880K) Class: 7391K(7744K)->7391K(7744K)
[2024-03-24T20:12:38.468+0800][1152.497s] GC(340) Pause Young (Normal) (G1 Evacuation Pause) 355M->50M(512M) 5.140ms
[2024-03-24T20:12:38.468+0800][1152.497s] GC(340) User=0.00s Sys=0.00s Real=0.00s
[2024-03-24T20:12:41.104+0800][1155.129s] GC(341) Pause Young (Normal) (G1 Evacuation Pause)
[2024-03-24T20:12:41.104+0800][1155.129s] GC(341) Using 8 workers of 8 for evacuation
[2024-03-24T20:12:41.104+0800][1155.135s] GC(341)   Pre Evacuate Collection Set: 0.5ms
[2024-03-24T20:12:41.104+0800][1155.135s] GC(341)   Merge Heap Roots: 0.2ms
[2024-03-24T20:12:41.104+0800][1155.135s] GC(341)   Evacuate Collection Set: 3.7ms
[2024-03-24T20:12:41.104+0800][1155.135s] GC(341)   Post Evacuate Collection Set: 1.5ms
[2024-03-24T20:12:41.104+0800][1155.135s] GC(341)   Other: 0.2ms
[2024-03-24T20:12:41.104+0800][1155.135s] GC(341) Eden regions: 305->0(305)
[2024-03-24T20:12:41.104+0800][1155.136s] GC(341) Survivor regions: 2->2(39)
[2024-03-24T20:12:41.104+0800][1155.136s] GC(341) Old regions: 46->46
[2024-03-24T20:12:41.104+0800][1155.136s] GC(341) Humongous regions: 4->4
[2024-03-24T20:12:41.104+0800][1155.136s] GC(341) Metaspace: 65737K(66624K)->65737K(66624K) NonClass: 58346K(58880K)->58346K(58880K) Class: 7391K(7744K)->7391K(7744K)
[2024-03-24T20:12:41.104+0800][1155.136s] GC(341) Pause Young (Normal) (G1 Evacuation Pause) 355M->50M(512M) 6.809ms
[2024-03-24T20:12:41.104+0800][1155.136s] GC(341) User=0.00s Sys=0.00s Real=0.00s
[2024-03-24T20:12:43.668+0800][1157.693s] GC(342) Pause Young (Normal) (G1 Evacuation Pause)
[2024-03-24T20:12:43.668+0800][1157.694s] GC(342) Using 8 workers of 8 for evacuation
[2024-03-24T20:12:43.668+0800][1157.699s] GC(342)   Pre Evacuate Collection Set: 0.4ms
[2024-03-24T20:12:43.668+0800][1157.699s] GC(342)   Merge Heap Roots: 0.3ms
[2024-03-24T20:12:43.668+0800][1157.699s] GC(342)   Evacuate Collection Set: 2.6ms
[2024-03-24T20:12:43.668+0800][1157.699s] GC(342)   Post Evacuate Collection Set: 1.5ms
[2024-03-24T20:12:43.668+0800][1157.699s] GC(342)   Other: 0.3ms
[2024-03-24T20:12:43.668+0800][1157.699s] GC(342) Eden regions: 305->0(305)
[2024-03-24T20:12:43.668+0800][1157.699s] GC(342) Survivor regions: 2->2(39)
[2024-03-24T20:12:43.668+0800][1157.699s] GC(342) Old regions: 46->46
[2024-03-24T20:12:43.668+0800][1157.699s] GC(342) Humongous regions: 4->4
[2024-03-24T20:12:43.668+0800][1157.699s] GC(342) Metaspace: 65737K(66624K)->65737K(66624K) NonClass: 58346K(58880K)->58346K(58880K) Class: 7391K(7744K)->7391K(7744K)
[2024-03-24T20:12:43.668+0800][1157.699s] GC(342) Pause Young (Normal) (G1 Evacuation Pause) 355M->51M(512M) 5.873ms
[2024-03-24T20:12:43.668+0800][1157.700s] GC(342) User=0.00s Sys=0.00s Real=0.00s
[2024-03-24T20:12:46.277+0800][1160.302s] GC(343) Pause Young (Normal) (G1 Evacuation Pause)
[2024-03-24T20:12:46.277+0800][1160.303s] GC(343) Using 8 workers of 8 for evacuation
[2024-03-24T20:12:46.284+0800][1160.307s] GC(343)   Pre Evacuate Collection Set: 0.7ms
[2024-03-24T20:12:46.284+0800][1160.307s] GC(343)   Merge Heap Roots: 0.2ms
[2024-03-24T20:12:46.284+0800][1160.307s] GC(343)   Evacuate Collection Set: 2.2ms
[2024-03-24T20:12:46.284+0800][1160.308s] GC(343)   Post Evacuate Collection Set: 1.3ms
[2024-03-24T20:12:46.284+0800][1160.308s] GC(343)   Other: 0.3ms
[2024-03-24T20:12:46.284+0800][1160.308s] GC(343) Eden regions: 305->0(305)
[2024-03-24T20:12:46.284+0800][1160.308s] GC(343) Survivor regions: 2->2(39)
[2024-03-24T20:12:46.284+0800][1160.308s] GC(343) Old regions: 46->46
[2024-03-24T20:12:46.284+0800][1160.308s] GC(343) Humongous regions: 4->4
[2024-03-24T20:12:46.284+0800][1160.308s] GC(343) Metaspace: 65737K(66624K)->65737K(66624K) NonClass: 58346K(58880K)->58346K(58880K) Class: 7391K(7744K)->7391K(7744K)
[2024-03-24T20:12:46.284+0800][1160.308s] GC(343) Pause Young (Normal) (G1 Evacuation Pause) 356M->51M(512M) 5.780ms
[2024-03-24T20:12:46.284+0800][1160.308s] GC(343) User=0.00s Sys=0.00s Real=0.01s
[2024-03-24T20:12:48.863+0800][1162.886s] GC(344) Pause Young (Normal) (G1 Evacuation Pause)
[2024-03-24T20:12:48.863+0800][1162.886s] GC(344) Using 8 workers of 8 for evacuation
[2024-03-24T20:12:48.866+0800][1162.890s] GC(344)   Pre Evacuate Collection Set: 0.3ms
[2024-03-24T20:12:48.866+0800][1162.890s] GC(344)   Merge Heap Roots: 0.2ms
[2024-03-24T20:12:48.866+0800][1162.890s] GC(344)   Evacuate Collection Set: 2.0ms
[2024-03-24T20:12:48.866+0800][1162.890s] GC(344)   Post Evacuate Collection Set: 1.0ms
[2024-03-24T20:12:48.866+0800][1162.890s] GC(344)   Other: 0.2ms
[2024-03-24T20:12:48.866+0800][1162.890s] GC(344) Eden regions: 305->0(305)
[2024-03-24T20:12:48.866+0800][1162.890s] GC(344) Survivor regions: 2->2(39)
[2024-03-24T20:12:48.866+0800][1162.890s] GC(344) Old regions: 46->46
[2024-03-24T20:12:48.866+0800][1162.890s] GC(344) Humongous regions: 4->4
[2024-03-24T20:12:48.866+0800][1162.890s] GC(344) Metaspace: 65737K(66624K)->65737K(66624K) NonClass: 58346K(58880K)->58346K(58880K) Class: 7391K(7744K)->7391K(7744K)
[2024-03-24T20:12:48.866+0800][1162.890s] GC(344) Pause Young (Normal) (G1 Evacuation Pause) 356M->51M(512M) 4.281ms
[2024-03-24T20:12:48.866+0800][1162.890s] GC(344) User=0.00s Sys=0.00s Real=0.00s
[2024-03-24T20:12:51.296+0800][1165.324s] GC(345) Pause Young (Normal) (G1 Evacuation Pause)
[2024-03-24T20:12:51.296+0800][1165.324s] GC(345) Using 8 workers of 8 for evacuation
[2024-03-24T20:12:51.306+0800][1165.330s] GC(345)   Pre Evacuate Collection Set: 0.3ms
[2024-03-24T20:12:51.306+0800][1165.330s] GC(345)   Merge Heap Roots: 0.3ms
[2024-03-24T20:12:51.306+0800][1165.330s] GC(345)   Evacuate Collection Set: 3.6ms
[2024-03-24T20:12:51.306+0800][1165.330s] GC(345)   Post Evacuate Collection Set: 1.3ms
[2024-03-24T20:12:51.306+0800][1165.330s] GC(345)   Other: 0.2ms
[2024-03-24T20:12:51.306+0800][1165.330s] GC(345) Eden regions: 305->0(305)
[2024-03-24T20:12:51.306+0800][1165.330s] GC(345) Survivor regions: 2->2(39)
[2024-03-24T20:12:51.306+0800][1165.330s] GC(345) Old regions: 46->46
[2024-03-24T20:12:51.306+0800][1165.330s] GC(345) Humongous regions: 4->4
[2024-03-24T20:12:51.306+0800][1165.330s] GC(345) Metaspace: 65737K(66624K)->65737K(66624K) NonClass: 58346K(58880K)->58346K(58880K) Class: 7391K(7744K)->7391K(7744K)
[2024-03-24T20:12:51.306+0800][1165.330s] GC(345) Pause Young (Normal) (G1 Evacuation Pause) 356M->51M(512M) 6.434ms
[2024-03-24T20:12:51.306+0800][1165.330s] GC(345) User=0.00s Sys=0.00s Real=0.01s
[2024-03-24T20:12:53.798+0800][1167.824s] GC(346) Pause Young (Normal) (G1 Evacuation Pause)
[2024-03-24T20:12:53.798+0800][1167.824s] GC(346) Using 8 workers of 8 for evacuation
[2024-03-24T20:12:53.804+0800][1167.828s] GC(346)   Pre Evacuate Collection Set: 0.4ms
[2024-03-24T20:12:53.804+0800][1167.828s] GC(346)   Merge Heap Roots: 0.2ms
[2024-03-24T20:12:53.804+0800][1167.828s] GC(346)   Evacuate Collection Set: 2.4ms
[2024-03-24T20:12:53.804+0800][1167.828s] GC(346)   Post Evacuate Collection Set: 0.9ms
[2024-03-24T20:12:53.804+0800][1167.829s] GC(346)   Other: 0.2ms
[2024-03-24T20:12:53.804+0800][1167.829s] GC(346) Eden regions: 305->0(305)
[2024-03-24T20:12:53.804+0800][1167.829s] GC(346) Survivor regions: 2->2(39)
[2024-03-24T20:12:53.804+0800][1167.829s] GC(346) Old regions: 46->46
[2024-03-24T20:12:53.804+0800][1167.829s] GC(346) Humongous regions: 4->4
[2024-03-24T20:12:53.804+0800][1167.829s] GC(346) Metaspace: 65737K(66624K)->65737K(66624K) NonClass: 58346K(58880K)->58346K(58880K) Class: 7391K(7744K)->7391K(7744K)
[2024-03-24T20:12:53.804+0800][1167.829s] GC(346) Pause Young (Normal) (G1 Evacuation Pause) 356M->50M(512M) 4.875ms
[2024-03-24T20:12:53.804+0800][1167.829s] GC(346) User=0.00s Sys=0.00s Real=0.01s
[2024-03-24T20:12:56.530+0800][1170.553s] GC(347) Pause Young (Normal) (G1 Evacuation Pause)
[2024-03-24T20:12:56.530+0800][1170.554s] GC(347) Using 8 workers of 8 for evacuation
[2024-03-24T20:12:56.530+0800][1170.557s] GC(347)   Pre Evacuate Collection Set: 0.3ms
[2024-03-24T20:12:56.530+0800][1170.557s] GC(347)   Merge Heap Roots: 0.2ms
[2024-03-24T20:12:56.530+0800][1170.557s] GC(347)   Evacuate Collection Set: 2.0ms
[2024-03-24T20:12:56.530+0800][1170.557s] GC(347)   Post Evacuate Collection Set: 0.7ms
[2024-03-24T20:12:56.530+0800][1170.557s] GC(347)   Other: 0.2ms
[2024-03-24T20:12:56.530+0800][1170.557s] GC(347) Eden regions: 305->0(305)
[2024-03-24T20:12:56.535+0800][1170.557s] GC(347) Survivor regions: 2->2(39)
[2024-03-24T20:12:56.535+0800][1170.557s] GC(347) Old regions: 46->46
[2024-03-24T20:12:56.535+0800][1170.557s] GC(347) Humongous regions: 4->4
[2024-03-24T20:12:56.535+0800][1170.558s] GC(347) Metaspace: 65737K(66624K)->65737K(66624K) NonClass: 58346K(58880K)->58346K(58880K) Class: 7391K(7744K)->7391K(7744K)
[2024-03-24T20:12:56.535+0800][1170.558s] GC(347) Pause Young (Normal) (G1 Evacuation Pause) 355M->51M(512M) 4.174ms
[2024-03-24T20:12:56.535+0800][1170.558s] GC(347) User=0.00s Sys=0.00s Real=0.01s
[2024-03-24T20:12:58.936+0800][1172.962s] GC(348) Pause Young (Normal) (G1 Evacuation Pause)
[2024-03-24T20:12:58.936+0800][1172.962s] GC(348) Using 8 workers of 8 for evacuation
[2024-03-24T20:12:58.936+0800][1172.966s] GC(348)   Pre Evacuate Collection Set: 0.4ms
[2024-03-24T20:12:58.936+0800][1172.966s] GC(348)   Merge Heap Roots: 0.2ms
[2024-03-24T20:12:58.936+0800][1172.967s] GC(348)   Evacuate Collection Set: 2.4ms
[2024-03-24T20:12:58.936+0800][1172.967s] GC(348)   Post Evacuate Collection Set: 1.1ms
[2024-03-24T20:12:58.936+0800][1172.967s] GC(348)   Other: 0.3ms
[2024-03-24T20:12:58.936+0800][1172.967s] GC(348) Eden regions: 305->0(305)
[2024-03-24T20:12:58.936+0800][1172.967s] GC(348) Survivor regions: 2->2(39)
[2024-03-24T20:12:58.936+0800][1172.967s] GC(348) Old regions: 46->46
[2024-03-24T20:12:58.936+0800][1172.967s] GC(348) Humongous regions: 4->4
[2024-03-24T20:12:58.936+0800][1172.967s] GC(348) Metaspace: 65737K(66624K)->65737K(66624K) NonClass: 58346K(58880K)->58346K(58880K) Class: 7391K(7744K)->7391K(7744K)
[2024-03-24T20:12:58.936+0800][1172.967s] GC(348) Pause Young (Normal) (G1 Evacuation Pause) 356M->51M(512M) 5.142ms
[2024-03-24T20:12:58.936+0800][1172.967s] GC(348) User=0.00s Sys=0.00s Real=0.00s
[2024-03-24T20:13:01.613+0800][1175.636s] GC(349) Pause Young (Normal) (G1 Evacuation Pause)
[2024-03-24T20:13:01.613+0800][1175.636s] GC(349) Using 8 workers of 8 for evacuation
[2024-03-24T20:13:01.617+0800][1175.640s] GC(349)   Pre Evacuate Collection Set: 0.4ms
[2024-03-24T20:13:01.617+0800][1175.640s] GC(349)   Merge Heap Roots: 0.2ms
[2024-03-24T20:13:01.617+0800][1175.640s] GC(349)   Evacuate Collection Set: 2.4ms
[2024-03-24T20:13:01.617+0800][1175.640s] GC(349)   Post Evacuate Collection Set: 0.8ms
[2024-03-24T20:13:01.617+0800][1175.640s] GC(349)   Other: 0.2ms
[2024-03-24T20:13:01.617+0800][1175.640s] GC(349) Eden regions: 305->0(305)
[2024-03-24T20:13:01.617+0800][1175.640s] GC(349) Survivor regions: 2->2(39)
[2024-03-24T20:13:01.617+0800][1175.640s] GC(349) Old regions: 46->46
[2024-03-24T20:13:01.617+0800][1175.640s] GC(349) Humongous regions: 4->4
[2024-03-24T20:13:01.617+0800][1175.640s] GC(349) Metaspace: 65737K(66624K)->65737K(66624K) NonClass: 58346K(58880K)->58346K(58880K) Class: 7391K(7744K)->7391K(7744K)
[2024-03-24T20:13:01.617+0800][1175.640s] GC(349) Pause Young (Normal) (G1 Evacuation Pause) 356M->51M(512M) 4.537ms
[2024-03-24T20:13:01.617+0800][1175.641s] GC(349) User=0.00s Sys=0.00s Real=0.00s
[2024-03-24T20:13:04.267+0800][1178.292s] GC(350) Pause Young (Normal) (G1 Evacuation Pause)
[2024-03-24T20:13:04.267+0800][1178.292s] GC(350) Using 8 workers of 8 for evacuation
[2024-03-24T20:13:04.267+0800][1178.296s] GC(350)   Pre Evacuate Collection Set: 0.3ms
[2024-03-24T20:13:04.267+0800][1178.296s] GC(350)   Merge Heap Roots: 0.2ms
[2024-03-24T20:13:04.267+0800][1178.296s] GC(350)   Evacuate Collection Set: 2.0ms
[2024-03-24T20:13:04.267+0800][1178.296s] GC(350)   Post Evacuate Collection Set: 1.2ms
[2024-03-24T20:13:04.267+0800][1178.296s] GC(350)   Other: 0.3ms
[2024-03-24T20:13:04.267+0800][1178.296s] GC(350) Eden regions: 305->0(305)
[2024-03-24T20:13:04.267+0800][1178.296s] GC(350) Survivor regions: 2->2(39)
[2024-03-24T20:13:04.267+0800][1178.296s] GC(350) Old regions: 46->46
[2024-03-24T20:13:04.267+0800][1178.297s] GC(350) Humongous regions: 4->4
[2024-03-24T20:13:04.267+0800][1178.297s] GC(350) Metaspace: 65737K(66624K)->65737K(66624K) NonClass: 58346K(58880K)->58346K(58880K) Class: 7391K(7744K)->7391K(7744K)
[2024-03-24T20:13:04.267+0800][1178.297s] GC(350) Pause Young (Normal) (G1 Evacuation Pause) 356M->51M(512M) 4.792ms
[2024-03-24T20:13:04.267+0800][1178.297s] GC(350) User=0.00s Sys=0.00s Real=0.00s
[2024-03-24T20:13:06.859+0800][1180.891s] GC(351) Pause Young (Normal) (G1 Evacuation Pause)
[2024-03-24T20:13:06.859+0800][1180.892s] GC(351) Using 8 workers of 8 for evacuation
[2024-03-24T20:13:06.875+0800][1180.898s] GC(351)   Pre Evacuate Collection Set: 0.3ms
[2024-03-24T20:13:06.875+0800][1180.898s] GC(351)   Merge Heap Roots: 0.3ms
[2024-03-24T20:13:06.875+0800][1180.898s] GC(351)   Evacuate Collection Set: 4.3ms
[2024-03-24T20:13:06.875+0800][1180.898s] GC(351)   Post Evacuate Collection Set: 1.0ms
[2024-03-24T20:13:06.875+0800][1180.898s] GC(351)   Other: 0.2ms
[2024-03-24T20:13:06.875+0800][1180.898s] GC(351) Eden regions: 305->0(305)
[2024-03-24T20:13:06.875+0800][1180.898s] GC(351) Survivor regions: 2->2(39)
[2024-03-24T20:13:06.875+0800][1180.898s] GC(351) Old regions: 46->46
[2024-03-24T20:13:06.875+0800][1180.898s] GC(351) Humongous regions: 4->4
[2024-03-24T20:13:06.875+0800][1180.898s] GC(351) Metaspace: 65815K(66688K)->65815K(66688K) NonClass: 58422K(58944K)->58422K(58944K) Class: 7392K(7744K)->7392K(7744K)
[2024-03-24T20:13:06.875+0800][1180.898s] GC(351) Pause Young (Normal) (G1 Evacuation Pause) 356M->51M(512M) 6.524ms
[2024-03-24T20:13:06.875+0800][1180.898s] GC(351) User=0.00s Sys=0.02s Real=0.02s
[2024-03-24T20:13:09.472+0800][1183.499s] GC(352) Pause Young (Normal) (G1 Evacuation Pause)
[2024-03-24T20:13:09.477+0800][1183.499s] GC(352) Using 8 workers of 8 for evacuation
[2024-03-24T20:13:09.481+0800][1183.504s] GC(352)   Pre Evacuate Collection Set: 0.3ms
[2024-03-24T20:13:09.481+0800][1183.504s] GC(352)   Merge Heap Roots: 0.3ms
[2024-03-24T20:13:09.481+0800][1183.504s] GC(352)   Evacuate Collection Set: 3.5ms
[2024-03-24T20:13:09.481+0800][1183.504s] GC(352)   Post Evacuate Collection Set: 0.7ms
[2024-03-24T20:13:09.481+0800][1183.504s] GC(352)   Other: 0.2ms
[2024-03-24T20:13:09.481+0800][1183.504s] GC(352) Eden regions: 305->0(305)
[2024-03-24T20:13:09.481+0800][1183.505s] GC(352) Survivor regions: 2->2(39)
[2024-03-24T20:13:09.481+0800][1183.505s] GC(352) Old regions: 46->46
[2024-03-24T20:13:09.481+0800][1183.505s] GC(352) Humongous regions: 4->4
[2024-03-24T20:13:09.482+0800][1183.505s] GC(352) Metaspace: 65815K(66688K)->65815K(66688K) NonClass: 58422K(58944K)->58422K(58944K) Class: 7392K(7744K)->7392K(7744K)
[2024-03-24T20:13:09.482+0800][1183.505s] GC(352) Pause Young (Normal) (G1 Evacuation Pause) 356M->51M(512M) 5.647ms
[2024-03-24T20:13:09.482+0800][1183.505s] GC(352) User=0.00s Sys=0.00s Real=0.01s
[2024-03-24T20:13:12.007+0800][1186.030s] GC(353) Pause Young (Normal) (G1 Evacuation Pause)
[2024-03-24T20:13:12.007+0800][1186.030s] GC(353) Using 8 workers of 8 for evacuation
[2024-03-24T20:13:12.007+0800][1186.035s] GC(353)   Pre Evacuate Collection Set: 0.5ms
[2024-03-24T20:13:12.007+0800][1186.035s] GC(353)   Merge Heap Roots: 0.2ms
[2024-03-24T20:13:12.007+0800][1186.035s] GC(353)   Evacuate Collection Set: 2.8ms
[2024-03-24T20:13:12.007+0800][1186.035s] GC(353)   Post Evacuate Collection Set: 1.4ms
[2024-03-24T20:13:12.007+0800][1186.035s] GC(353)   Other: 0.2ms
[2024-03-24T20:13:12.007+0800][1186.035s] GC(353) Eden regions: 305->0(305)
[2024-03-24T20:13:12.007+0800][1186.035s] GC(353) Survivor regions: 2->2(39)
[2024-03-24T20:13:12.007+0800][1186.035s] GC(353) Old regions: 46->46
[2024-03-24T20:13:12.007+0800][1186.035s] GC(353) Humongous regions: 4->4
[2024-03-24T20:13:12.007+0800][1186.035s] GC(353) Metaspace: 65815K(66688K)->65815K(66688K) NonClass: 58422K(58944K)->58422K(58944K) Class: 7392K(7744K)->7392K(7744K)
[2024-03-24T20:13:12.007+0800][1186.035s] GC(353) Pause Young (Normal) (G1 Evacuation Pause) 356M->51M(512M) 5.786ms
[2024-03-24T20:13:12.007+0800][1186.035s] GC(353) User=0.00s Sys=0.00s Real=0.00s
[2024-03-24T20:13:14.611+0800][1188.634s] GC(354) Pause Young (Normal) (G1 Evacuation Pause)
[2024-03-24T20:13:14.611+0800][1188.634s] GC(354) Using 8 workers of 8 for evacuation
[2024-03-24T20:13:14.611+0800][1188.639s] GC(354)   Pre Evacuate Collection Set: 0.6ms
[2024-03-24T20:13:14.611+0800][1188.639s] GC(354)   Merge Heap Roots: 0.5ms
[2024-03-24T20:13:14.611+0800][1188.639s] GC(354)   Evacuate Collection Set: 2.3ms
[2024-03-24T20:13:14.611+0800][1188.639s] GC(354)   Post Evacuate Collection Set: 1.3ms
[2024-03-24T20:13:14.611+0800][1188.639s] GC(354)   Other: 0.3ms
[2024-03-24T20:13:14.611+0800][1188.639s] GC(354) Eden regions: 305->0(305)
[2024-03-24T20:13:14.617+0800][1188.639s] GC(354) Survivor regions: 2->2(39)
[2024-03-24T20:13:14.617+0800][1188.640s] GC(354) Old regions: 46->46
[2024-03-24T20:13:14.617+0800][1188.640s] GC(354) Humongous regions: 4->4
[2024-03-24T20:13:14.617+0800][1188.640s] GC(354) Metaspace: 65815K(66688K)->65815K(66688K) NonClass: 58422K(58944K)->58422K(58944K) Class: 7392K(7744K)->7392K(7744K)
[2024-03-24T20:13:14.617+0800][1188.640s] GC(354) Pause Young (Normal) (G1 Evacuation Pause) 356M->51M(512M) 5.735ms
[2024-03-24T20:13:14.617+0800][1188.640s] GC(354) User=0.00s Sys=0.00s Real=0.01s
[2024-03-24T20:13:17.152+0800][1191.178s] GC(355) Pause Young (Normal) (G1 Evacuation Pause)
[2024-03-24T20:13:17.152+0800][1191.179s] GC(355) Using 8 workers of 8 for evacuation
[2024-03-24T20:13:17.152+0800][1191.182s] GC(355)   Pre Evacuate Collection Set: 0.3ms
[2024-03-24T20:13:17.152+0800][1191.182s] GC(355)   Merge Heap Roots: 0.2ms
[2024-03-24T20:13:17.152+0800][1191.183s] GC(355)   Evacuate Collection Set: 2.3ms
[2024-03-24T20:13:17.152+0800][1191.183s] GC(355)   Post Evacuate Collection Set: 0.8ms
[2024-03-24T20:13:17.152+0800][1191.183s] GC(355)   Other: 0.2ms
[2024-03-24T20:13:17.152+0800][1191.183s] GC(355) Eden regions: 305->0(305)
[2024-03-24T20:13:17.152+0800][1191.183s] GC(355) Survivor regions: 2->2(39)
[2024-03-24T20:13:17.152+0800][1191.183s] GC(355) Old regions: 46->47
[2024-03-24T20:13:17.152+0800][1191.183s] GC(355) Humongous regions: 4->4
[2024-03-24T20:13:17.152+0800][1191.183s] GC(355) Metaspace: 65815K(66688K)->65815K(66688K) NonClass: 58422K(58944K)->58422K(58944K) Class: 7392K(7744K)->7392K(7744K)
[2024-03-24T20:13:17.152+0800][1191.183s] GC(355) Pause Young (Normal) (G1 Evacuation Pause) 356M->51M(512M) 4.627ms
[2024-03-24T20:13:17.152+0800][1191.183s] GC(355) User=0.00s Sys=0.00s Real=0.00s
[2024-03-24T20:13:19.832+0800][1193.855s] GC(356) Pause Young (Normal) (G1 Evacuation Pause)
[2024-03-24T20:13:19.832+0800][1193.856s] GC(356) Using 8 workers of 8 for evacuation
[2024-03-24T20:13:19.834+0800][1193.859s] GC(356)   Pre Evacuate Collection Set: 0.4ms
[2024-03-24T20:13:19.834+0800][1193.859s] GC(356)   Merge Heap Roots: 0.2ms
[2024-03-24T20:13:19.834+0800][1193.860s] GC(356)   Evacuate Collection Set: 2.0ms
[2024-03-24T20:13:19.834+0800][1193.860s] GC(356)   Post Evacuate Collection Set: 1.0ms
[2024-03-24T20:13:19.834+0800][1193.860s] GC(356)   Other: 0.3ms
[2024-03-24T20:13:19.834+0800][1193.860s] GC(356) Eden regions: 305->0(305)
[2024-03-24T20:13:19.834+0800][1193.860s] GC(356) Survivor regions: 2->2(39)
[2024-03-24T20:13:19.834+0800][1193.860s] GC(356) Old regions: 47->47
[2024-03-24T20:13:19.834+0800][1193.860s] GC(356) Humongous regions: 4->4
[2024-03-24T20:13:19.834+0800][1193.860s] GC(356) Metaspace: 65815K(66688K)->65815K(66688K) NonClass: 58422K(58944K)->58422K(58944K) Class: 7392K(7744K)->7392K(7744K)
[2024-03-24T20:13:19.834+0800][1193.860s] GC(356) Pause Young (Normal) (G1 Evacuation Pause) 356M->51M(512M) 4.600ms
[2024-03-24T20:13:19.834+0800][1193.860s] GC(356) User=0.00s Sys=0.00s Real=0.00s
[2024-03-24T20:13:22.517+0800][1196.541s] GC(357) Pause Young (Normal) (G1 Evacuation Pause)
[2024-03-24T20:13:22.517+0800][1196.541s] GC(357) Using 8 workers of 8 for evacuation
[2024-03-24T20:13:22.523+0800][1196.545s] GC(357)   Pre Evacuate Collection Set: 0.5ms
[2024-03-24T20:13:22.523+0800][1196.546s] GC(357)   Merge Heap Roots: 0.4ms
[2024-03-24T20:13:22.523+0800][1196.546s] GC(357)   Evacuate Collection Set: 2.7ms
[2024-03-24T20:13:22.523+0800][1196.546s] GC(357)   Post Evacuate Collection Set: 1.1ms
[2024-03-24T20:13:22.523+0800][1196.546s] GC(357)   Other: 0.2ms
[2024-03-24T20:13:22.523+0800][1196.546s] GC(357) Eden regions: 305->0(305)
[2024-03-24T20:13:22.523+0800][1196.546s] GC(357) Survivor regions: 2->2(39)
[2024-03-24T20:13:22.523+0800][1196.546s] GC(357) Old regions: 47->47
[2024-03-24T20:13:22.523+0800][1196.546s] GC(357) Humongous regions: 4->4
[2024-03-24T20:13:22.523+0800][1196.546s] GC(357) Metaspace: 65815K(66688K)->65815K(66688K) NonClass: 58422K(58944K)->58422K(58944K) Class: 7392K(7744K)->7392K(7744K)
[2024-03-24T20:13:22.523+0800][1196.546s] GC(357) Pause Young (Normal) (G1 Evacuation Pause) 356M->51M(512M) 5.587ms
[2024-03-24T20:13:22.523+0800][1196.546s] GC(357) User=0.00s Sys=0.00s Real=0.01s
[2024-03-24T20:13:24.961+0800][1198.986s] GC(358) Pause Young (Normal) (G1 Evacuation Pause)
[2024-03-24T20:13:24.961+0800][1198.986s] GC(358) Using 8 workers of 8 for evacuation
[2024-03-24T20:13:24.961+0800][1198.990s] GC(358)   Pre Evacuate Collection Set: 0.3ms
[2024-03-24T20:13:24.961+0800][1198.990s] GC(358)   Merge Heap Roots: 0.2ms
[2024-03-24T20:13:24.961+0800][1198.990s] GC(358)   Evacuate Collection Set: 2.7ms
[2024-03-24T20:13:24.961+0800][1198.990s] GC(358)   Post Evacuate Collection Set: 1.1ms
[2024-03-24T20:13:24.961+0800][1198.990s] GC(358)   Other: 0.2ms
[2024-03-24T20:13:24.961+0800][1198.990s] GC(358) Eden regions: 305->0(305)
[2024-03-24T20:13:24.961+0800][1198.990s] GC(358) Survivor regions: 2->2(39)
[2024-03-24T20:13:24.961+0800][1198.990s] GC(358) Old regions: 47->47
[2024-03-24T20:13:24.961+0800][1198.990s] GC(358) Humongous regions: 4->4
[2024-03-24T20:13:24.961+0800][1198.991s] GC(358) Metaspace: 65815K(66688K)->65815K(66688K) NonClass: 58422K(58944K)->58422K(58944K) Class: 7392K(7744K)->7392K(7744K)
[2024-03-24T20:13:24.961+0800][1198.991s] GC(358) Pause Young (Normal) (G1 Evacuation Pause) 356M->51M(512M) 5.059ms
[2024-03-24T20:13:24.961+0800][1198.991s] GC(358) User=0.00s Sys=0.00s Real=0.00s
[2024-03-24T20:13:27.685+0800][1201.709s] GC(359) Pause Young (Normal) (G1 Evacuation Pause)
[2024-03-24T20:13:27.685+0800][1201.709s] GC(359) Using 8 workers of 8 for evacuation
[2024-03-24T20:13:27.692+0800][1201.716s] GC(359)   Pre Evacuate Collection Set: 1.0ms
[2024-03-24T20:13:27.692+0800][1201.716s] GC(359)   Merge Heap Roots: 0.2ms
[2024-03-24T20:13:27.692+0800][1201.716s] GC(359)   Evacuate Collection Set: 4.1ms
[2024-03-24T20:13:27.692+0800][1201.716s] GC(359)   Post Evacuate Collection Set: 1.1ms
[2024-03-24T20:13:27.692+0800][1201.716s] GC(359)   Other: 0.3ms
[2024-03-24T20:13:27.692+0800][1201.716s] GC(359) Eden regions: 305->0(305)
[2024-03-24T20:13:27.692+0800][1201.716s] GC(359) Survivor regions: 2->2(39)
[2024-03-24T20:13:27.692+0800][1201.716s] GC(359) Old regions: 47->47
[2024-03-24T20:13:27.692+0800][1201.716s] GC(359) Humongous regions: 4->4
[2024-03-24T20:13:27.692+0800][1201.717s] GC(359) Metaspace: 65815K(66688K)->65815K(66688K) NonClass: 58422K(58944K)->58422K(58944K) Class: 7392K(7744K)->7392K(7744K)
[2024-03-24T20:13:27.692+0800][1201.717s] GC(359) Pause Young (Normal) (G1 Evacuation Pause) 356M->51M(512M) 7.463ms
[2024-03-24T20:13:27.692+0800][1201.717s] GC(359) User=0.00s Sys=0.00s Real=0.01s
[2024-03-24T20:13:30.255+0800][1204.277s] GC(360) Pause Young (Normal) (G1 Evacuation Pause)
[2024-03-24T20:13:30.255+0800][1204.278s] GC(360) Using 8 workers of 8 for evacuation
[2024-03-24T20:13:30.256+0800][1204.282s] GC(360)   Pre Evacuate Collection Set: 0.3ms
[2024-03-24T20:13:30.256+0800][1204.283s] GC(360)   Merge Heap Roots: 0.4ms
[2024-03-24T20:13:30.256+0800][1204.283s] GC(360)   Evacuate Collection Set: 2.6ms
[2024-03-24T20:13:30.256+0800][1204.283s] GC(360)   Post Evacuate Collection Set: 1.4ms
[2024-03-24T20:13:30.256+0800][1204.283s] GC(360)   Other: 0.2ms
[2024-03-24T20:13:30.256+0800][1204.283s] GC(360) Eden regions: 305->0(305)
[2024-03-24T20:13:30.256+0800][1204.283s] GC(360) Survivor regions: 2->2(39)
[2024-03-24T20:13:30.256+0800][1204.283s] GC(360) Old regions: 47->47
[2024-03-24T20:13:30.256+0800][1204.283s] GC(360) Humongous regions: 4->4
[2024-03-24T20:13:30.256+0800][1204.283s] GC(360) Metaspace: 65817K(66688K)->65817K(66688K) NonClass: 58424K(58944K)->58424K(58944K) Class: 7392K(7744K)->7392K(7744K)
[2024-03-24T20:13:30.256+0800][1204.283s] GC(360) Pause Young (Normal) (G1 Evacuation Pause) 356M->51M(512M) 5.659ms
[2024-03-24T20:13:30.256+0800][1204.283s] GC(360) User=0.00s Sys=0.00s Real=0.00s
[2024-03-24T20:13:32.846+0800][1206.875s] GC(361) Pause Young (Normal) (G1 Evacuation Pause)
[2024-03-24T20:13:32.846+0800][1206.875s] GC(361) Using 8 workers of 8 for evacuation
[2024-03-24T20:13:32.856+0800][1206.880s] GC(361)   Pre Evacuate Collection Set: 0.4ms
[2024-03-24T20:13:32.856+0800][1206.880s] GC(361)   Merge Heap Roots: 0.8ms
[2024-03-24T20:13:32.856+0800][1206.880s] GC(361)   Evacuate Collection Set: 2.2ms
[2024-03-24T20:13:32.856+0800][1206.880s] GC(361)   Post Evacuate Collection Set: 1.2ms
[2024-03-24T20:13:32.856+0800][1206.880s] GC(361)   Other: 0.3ms
[2024-03-24T20:13:32.856+0800][1206.880s] GC(361) Eden regions: 305->0(305)
[2024-03-24T20:13:32.856+0800][1206.880s] GC(361) Survivor regions: 2->2(39)
[2024-03-24T20:13:32.856+0800][1206.880s] GC(361) Old regions: 47->47
[2024-03-24T20:13:32.856+0800][1206.880s] GC(361) Humongous regions: 4->4
[2024-03-24T20:13:32.856+0800][1206.880s] GC(361) Metaspace: 65817K(66688K)->65817K(66688K) NonClass: 58424K(58944K)->58424K(58944K) Class: 7392K(7744K)->7392K(7744K)
[2024-03-24T20:13:32.856+0800][1206.880s] GC(361) Pause Young (Normal) (G1 Evacuation Pause) 356M->51M(512M) 5.616ms
[2024-03-24T20:13:32.856+0800][1206.880s] GC(361) User=0.00s Sys=0.00s Real=0.01s
[2024-03-24T20:13:35.404+0800][1209.433s] GC(362) Pause Young (Normal) (G1 Evacuation Pause)
[2024-03-24T20:13:35.404+0800][1209.433s] GC(362) Using 8 workers of 8 for evacuation
[2024-03-24T20:13:35.413+0800][1209.438s] GC(362)   Pre Evacuate Collection Set: 0.5ms
[2024-03-24T20:13:35.413+0800][1209.439s] GC(362)   Merge Heap Roots: 0.1ms
[2024-03-24T20:13:35.413+0800][1209.439s] GC(362)   Evacuate Collection Set: 2.9ms
[2024-03-24T20:13:35.413+0800][1209.439s] GC(362)   Post Evacuate Collection Set: 1.1ms
[2024-03-24T20:13:35.413+0800][1209.439s] GC(362)   Other: 0.3ms
[2024-03-24T20:13:35.413+0800][1209.439s] GC(362) Eden regions: 305->0(305)
[2024-03-24T20:13:35.413+0800][1209.439s] GC(362) Survivor regions: 2->2(39)
[2024-03-24T20:13:35.413+0800][1209.439s] GC(362) Old regions: 47->47
[2024-03-24T20:13:35.413+0800][1209.439s] GC(362) Humongous regions: 4->4
[2024-03-24T20:13:35.413+0800][1209.439s] GC(362) Metaspace: 65817K(66688K)->65817K(66688K) NonClass: 58424K(58944K)->58424K(58944K) Class: 7392K(7744K)->7392K(7744K)
[2024-03-24T20:13:35.413+0800][1209.439s] GC(362) Pause Young (Normal) (G1 Evacuation Pause) 356M->51M(512M) 5.817ms
[2024-03-24T20:13:35.413+0800][1209.439s] GC(362) User=0.00s Sys=0.00s Real=0.01s
[2024-03-24T20:13:38.054+0800][1212.080s] GC(363) Pause Young (Normal) (G1 Evacuation Pause)
[2024-03-24T20:13:38.054+0800][1212.080s] GC(363) Using 8 workers of 8 for evacuation
[2024-03-24T20:13:38.058+0800][1212.084s] GC(363)   Pre Evacuate Collection Set: 0.4ms
[2024-03-24T20:13:38.058+0800][1212.084s] GC(363)   Merge Heap Roots: 0.2ms
[2024-03-24T20:13:38.058+0800][1212.084s] GC(363)   Evacuate Collection Set: 2.3ms
[2024-03-24T20:13:38.058+0800][1212.084s] GC(363)   Post Evacuate Collection Set: 1.0ms
[2024-03-24T20:13:38.058+0800][1212.084s] GC(363)   Other: 0.2ms
[2024-03-24T20:13:38.058+0800][1212.084s] GC(363) Eden regions: 305->0(305)
[2024-03-24T20:13:38.058+0800][1212.084s] GC(363) Survivor regions: 2->2(39)
[2024-03-24T20:13:38.058+0800][1212.084s] GC(363) Old regions: 47->47
[2024-03-24T20:13:38.058+0800][1212.084s] GC(363) Humongous regions: 4->4
[2024-03-24T20:13:38.058+0800][1212.085s] GC(363) Metaspace: 65817K(66688K)->65817K(66688K) NonClass: 58424K(58944K)->58424K(58944K) Class: 7392K(7744K)->7392K(7744K)
[2024-03-24T20:13:38.058+0800][1212.085s] GC(363) Pause Young (Normal) (G1 Evacuation Pause) 356M->51M(512M) 4.692ms
[2024-03-24T20:13:38.058+0800][1212.085s] GC(363) User=0.02s Sys=0.00s Real=0.00s
[2024-03-24T20:13:40.731+0800][1214.761s] GC(364) Pause Young (Normal) (G1 Evacuation Pause)
[2024-03-24T20:13:40.731+0800][1214.761s] GC(364) Using 8 workers of 8 for evacuation
[2024-03-24T20:13:40.743+0800][1214.767s] GC(364)   Pre Evacuate Collection Set: 0.3ms
[2024-03-24T20:13:40.743+0800][1214.767s] GC(364)   Merge Heap Roots: 0.3ms
[2024-03-24T20:13:40.743+0800][1214.767s] GC(364)   Evacuate Collection Set: 4.0ms
[2024-03-24T20:13:40.743+0800][1214.767s] GC(364)   Post Evacuate Collection Set: 1.2ms
[2024-03-24T20:13:40.743+0800][1214.767s] GC(364)   Other: 0.2ms
[2024-03-24T20:13:40.743+0800][1214.768s] GC(364) Eden regions: 305->0(305)
[2024-03-24T20:13:40.743+0800][1214.768s] GC(364) Survivor regions: 2->2(39)
[2024-03-24T20:13:40.743+0800][1214.768s] GC(364) Old regions: 47->47
[2024-03-24T20:13:40.743+0800][1214.768s] GC(364) Humongous regions: 4->4
[2024-03-24T20:13:40.743+0800][1214.768s] GC(364) Metaspace: 65817K(66688K)->65817K(66688K) NonClass: 58424K(58944K)->58424K(58944K) Class: 7392K(7744K)->7392K(7744K)
[2024-03-24T20:13:40.743+0800][1214.768s] GC(364) Pause Young (Normal) (G1 Evacuation Pause) 356M->51M(512M) 6.511ms
[2024-03-24T20:13:40.743+0800][1214.768s] GC(364) User=0.00s Sys=0.00s Real=0.01s
[2024-03-24T20:13:43.280+0800][1217.304s] GC(365) Pause Young (Normal) (G1 Evacuation Pause)
[2024-03-24T20:13:43.280+0800][1217.304s] GC(365) Using 8 workers of 8 for evacuation
[2024-03-24T20:13:43.285+0800][1217.310s] GC(365)   Pre Evacuate Collection Set: 0.3ms
[2024-03-24T20:13:43.285+0800][1217.310s] GC(365)   Merge Heap Roots: 0.2ms
[2024-03-24T20:13:43.285+0800][1217.310s] GC(365)   Evacuate Collection Set: 3.3ms
[2024-03-24T20:13:43.285+0800][1217.310s] GC(365)   Post Evacuate Collection Set: 1.2ms
[2024-03-24T20:13:43.285+0800][1217.310s] GC(365)   Other: 0.2ms
[2024-03-24T20:13:43.285+0800][1217.310s] GC(365) Eden regions: 305->0(305)
[2024-03-24T20:13:43.285+0800][1217.310s] GC(365) Survivor regions: 2->2(39)
[2024-03-24T20:13:43.285+0800][1217.310s] GC(365) Old regions: 47->47
[2024-03-24T20:13:43.285+0800][1217.310s] GC(365) Humongous regions: 4->4
[2024-03-24T20:13:43.285+0800][1217.310s] GC(365) Metaspace: 65817K(66688K)->65817K(66688K) NonClass: 58424K(58944K)->58424K(58944K) Class: 7392K(7744K)->7392K(7744K)
[2024-03-24T20:13:43.285+0800][1217.310s] GC(365) Pause Young (Normal) (G1 Evacuation Pause) 356M->51M(512M) 6.146ms
[2024-03-24T20:13:43.285+0800][1217.310s] GC(365) User=0.00s Sys=0.00s Real=0.01s
[2024-03-24T20:13:45.753+0800][1219.776s] GC(366) Pause Young (Normal) (G1 Evacuation Pause)
[2024-03-24T20:13:45.753+0800][1219.777s] GC(366) Using 8 workers of 8 for evacuation
[2024-03-24T20:13:45.757+0800][1219.781s] GC(366)   Pre Evacuate Collection Set: 0.4ms
[2024-03-24T20:13:45.757+0800][1219.781s] GC(366)   Merge Heap Roots: 0.2ms
[2024-03-24T20:13:45.757+0800][1219.781s] GC(366)   Evacuate Collection Set: 2.3ms
[2024-03-24T20:13:45.757+0800][1219.781s] GC(366)   Post Evacuate Collection Set: 1.1ms
[2024-03-24T20:13:45.757+0800][1219.781s] GC(366)   Other: 0.3ms
[2024-03-24T20:13:45.757+0800][1219.781s] GC(366) Eden regions: 305->0(305)
[2024-03-24T20:13:45.757+0800][1219.782s] GC(366) Survivor regions: 2->2(39)
[2024-03-24T20:13:45.757+0800][1219.782s] GC(366) Old regions: 47->47
[2024-03-24T20:13:45.757+0800][1219.782s] GC(366) Humongous regions: 4->4
[2024-03-24T20:13:45.757+0800][1219.782s] GC(366) Metaspace: 65817K(66688K)->65817K(66688K) NonClass: 58424K(58944K)->58424K(58944K) Class: 7392K(7744K)->7392K(7744K)
[2024-03-24T20:13:45.757+0800][1219.782s] GC(366) Pause Young (Normal) (G1 Evacuation Pause) 356M->51M(512M) 5.544ms
[2024-03-24T20:13:45.757+0800][1219.782s] GC(366) User=0.00s Sys=0.00s Real=0.00s
[2024-03-24T20:13:48.406+0800][1222.430s] GC(367) Pause Young (Normal) (G1 Evacuation Pause)
[2024-03-24T20:13:48.406+0800][1222.430s] GC(367) Using 8 workers of 8 for evacuation
[2024-03-24T20:13:48.406+0800][1222.434s] GC(367)   Pre Evacuate Collection Set: 0.3ms
[2024-03-24T20:13:48.406+0800][1222.434s] GC(367)   Merge Heap Roots: 0.3ms
[2024-03-24T20:13:48.406+0800][1222.434s] GC(367)   Evacuate Collection Set: 1.9ms
[2024-03-24T20:13:48.406+0800][1222.434s] GC(367)   Post Evacuate Collection Set: 1.2ms
[2024-03-24T20:13:48.406+0800][1222.434s] GC(367)   Other: 0.2ms
[2024-03-24T20:13:48.406+0800][1222.434s] GC(367) Eden regions: 305->0(305)
[2024-03-24T20:13:48.406+0800][1222.434s] GC(367) Survivor regions: 2->2(39)
[2024-03-24T20:13:48.406+0800][1222.434s] GC(367) Old regions: 47->47
[2024-03-24T20:13:48.406+0800][1222.434s] GC(367) Humongous regions: 4->4
[2024-03-24T20:13:48.406+0800][1222.434s] GC(367) Metaspace: 65817K(66688K)->65817K(66688K) NonClass: 58424K(58944K)->58424K(58944K) Class: 7392K(7744K)->7392K(7744K)
[2024-03-24T20:13:48.406+0800][1222.434s] GC(367) Pause Young (Normal) (G1 Evacuation Pause) 356M->51M(512M) 4.867ms
[2024-03-24T20:13:48.406+0800][1222.435s] GC(367) User=0.00s Sys=0.00s Real=0.00s
[2024-03-24T20:13:51.112+0800][1225.136s] GC(368) Pause Young (Normal) (G1 Evacuation Pause)
[2024-03-24T20:13:51.112+0800][1225.137s] GC(368) Using 8 workers of 8 for evacuation
[2024-03-24T20:13:51.117+0800][1225.140s] GC(368)   Pre Evacuate Collection Set: 0.3ms
[2024-03-24T20:13:51.117+0800][1225.141s] GC(368)   Merge Heap Roots: 0.2ms
[2024-03-24T20:13:51.117+0800][1225.141s] GC(368)   Evacuate Collection Set: 2.3ms
[2024-03-24T20:13:51.117+0800][1225.141s] GC(368)   Post Evacuate Collection Set: 0.9ms
[2024-03-24T20:13:51.117+0800][1225.141s] GC(368)   Other: 0.2ms
[2024-03-24T20:13:51.117+0800][1225.141s] GC(368) Eden regions: 305->0(305)
[2024-03-24T20:13:51.117+0800][1225.141s] GC(368) Survivor regions: 2->2(39)
[2024-03-24T20:13:51.117+0800][1225.141s] GC(368) Old regions: 47->47
[2024-03-24T20:13:51.117+0800][1225.141s] GC(368) Humongous regions: 4->4
[2024-03-24T20:13:51.117+0800][1225.141s] GC(368) Metaspace: 65817K(66688K)->65817K(66688K) NonClass: 58425K(58944K)->58425K(58944K) Class: 7392K(7744K)->7392K(7744K)
[2024-03-24T20:13:51.117+0800][1225.141s] GC(368) Pause Young (Normal) (G1 Evacuation Pause) 356M->51M(512M) 4.768ms
[2024-03-24T20:13:51.117+0800][1225.141s] GC(368) User=0.00s Sys=0.00s Real=0.01s
[2024-03-24T20:13:53.649+0800][1227.672s] GC(369) Pause Young (Normal) (G1 Evacuation Pause)
[2024-03-24T20:13:53.649+0800][1227.672s] GC(369) Using 8 workers of 8 for evacuation
[2024-03-24T20:13:53.653+0800][1227.676s] GC(369)   Pre Evacuate Collection Set: 0.4ms
[2024-03-24T20:13:53.653+0800][1227.676s] GC(369)   Merge Heap Roots: 0.2ms
[2024-03-24T20:13:53.653+0800][1227.676s] GC(369)   Evacuate Collection Set: 2.3ms
[2024-03-24T20:13:53.653+0800][1227.676s] GC(369)   Post Evacuate Collection Set: 1.1ms
[2024-03-24T20:13:53.653+0800][1227.676s] GC(369)   Other: 0.2ms
[2024-03-24T20:13:53.653+0800][1227.676s] GC(369) Eden regions: 305->0(305)
[2024-03-24T20:13:53.653+0800][1227.676s] GC(369) Survivor regions: 2->2(39)
[2024-03-24T20:13:53.653+0800][1227.676s] GC(369) Old regions: 47->47
[2024-03-24T20:13:53.653+0800][1227.676s] GC(369) Humongous regions: 4->4
[2024-03-24T20:13:53.653+0800][1227.676s] GC(369) Metaspace: 65817K(66688K)->65817K(66688K) NonClass: 58425K(58944K)->58425K(58944K) Class: 7392K(7744K)->7392K(7744K)
[2024-03-24T20:13:53.653+0800][1227.676s] GC(369) Pause Young (Normal) (G1 Evacuation Pause) 356M->51M(512M) 4.902ms
[2024-03-24T20:13:53.653+0800][1227.676s] GC(369) User=0.02s Sys=0.00s Real=0.00s
[2024-03-24T20:13:56.186+0800][1230.211s] GC(370) Pause Young (Normal) (G1 Evacuation Pause)
[2024-03-24T20:13:56.186+0800][1230.211s] GC(370) Using 8 workers of 8 for evacuation
[2024-03-24T20:13:56.186+0800][1230.215s] GC(370)   Pre Evacuate Collection Set: 0.3ms
[2024-03-24T20:13:56.186+0800][1230.215s] GC(370)   Merge Heap Roots: 0.2ms
[2024-03-24T20:13:56.186+0800][1230.215s] GC(370)   Evacuate Collection Set: 2.2ms
[2024-03-24T20:13:56.186+0800][1230.215s] GC(370)   Post Evacuate Collection Set: 1.1ms
[2024-03-24T20:13:56.186+0800][1230.215s] GC(370)   Other: 0.2ms
[2024-03-24T20:13:56.186+0800][1230.215s] GC(370) Eden regions: 305->0(305)
[2024-03-24T20:13:56.186+0800][1230.215s] GC(370) Survivor regions: 2->2(39)
[2024-03-24T20:13:56.186+0800][1230.215s] GC(370) Old regions: 47->47
[2024-03-24T20:13:56.186+0800][1230.215s] GC(370) Humongous regions: 4->4
[2024-03-24T20:13:56.186+0800][1230.215s] GC(370) Metaspace: 65817K(66688K)->65817K(66688K) NonClass: 58425K(58944K)->58425K(58944K) Class: 7392K(7744K)->7392K(7744K)
[2024-03-24T20:13:56.186+0800][1230.215s] GC(370) Pause Young (Normal) (G1 Evacuation Pause) 356M->51M(512M) 4.623ms
[2024-03-24T20:13:56.186+0800][1230.215s] GC(370) User=0.02s Sys=0.00s Real=0.00s
[2024-03-24T20:13:58.847+0800][1232.870s] GC(371) Pause Young (Normal) (G1 Evacuation Pause)
[2024-03-24T20:13:58.847+0800][1232.870s] GC(371) Using 8 workers of 8 for evacuation
[2024-03-24T20:13:58.851+0800][1232.875s] GC(371)   Pre Evacuate Collection Set: 0.2ms
[2024-03-24T20:13:58.851+0800][1232.875s] GC(371)   Merge Heap Roots: 0.1ms
[2024-03-24T20:13:58.851+0800][1232.875s] GC(371)   Evacuate Collection Set: 2.5ms
[2024-03-24T20:13:58.851+0800][1232.875s] GC(371)   Post Evacuate Collection Set: 1.6ms
[2024-03-24T20:13:58.851+0800][1232.875s] GC(371)   Other: 0.1ms
[2024-03-24T20:13:58.851+0800][1232.875s] GC(371) Eden regions: 305->0(305)
[2024-03-24T20:13:58.851+0800][1232.875s] GC(371) Survivor regions: 2->2(39)
[2024-03-24T20:13:58.851+0800][1232.875s] GC(371) Old regions: 47->47
[2024-03-24T20:13:58.851+0800][1232.875s] GC(371) Humongous regions: 4->4
[2024-03-24T20:13:58.851+0800][1232.875s] GC(371) Metaspace: 65817K(66688K)->65817K(66688K) NonClass: 58425K(58944K)->58425K(58944K) Class: 7392K(7744K)->7392K(7744K)
[2024-03-24T20:13:58.851+0800][1232.875s] GC(371) Pause Young (Normal) (G1 Evacuation Pause) 356M->51M(512M) 5.131ms
[2024-03-24T20:13:58.851+0800][1232.875s] GC(371) User=0.00s Sys=0.00s Real=0.00s
[2024-03-24T20:14:01.369+0800][1235.392s] GC(372) Pause Young (Normal) (G1 Evacuation Pause)
[2024-03-24T20:14:01.369+0800][1235.392s] GC(372) Using 8 workers of 8 for evacuation
[2024-03-24T20:14:01.369+0800][1235.397s] GC(372)   Pre Evacuate Collection Set: 0.4ms
[2024-03-24T20:14:01.374+0800][1235.397s] GC(372)   Merge Heap Roots: 0.2ms
[2024-03-24T20:14:01.374+0800][1235.397s] GC(372)   Evacuate Collection Set: 2.4ms
[2024-03-24T20:14:01.374+0800][1235.397s] GC(372)   Post Evacuate Collection Set: 1.3ms
[2024-03-24T20:14:01.374+0800][1235.397s] GC(372)   Other: 0.2ms
[2024-03-24T20:14:01.374+0800][1235.397s] GC(372) Eden regions: 305->0(305)
[2024-03-24T20:14:01.374+0800][1235.397s] GC(372) Survivor regions: 2->2(39)
[2024-03-24T20:14:01.374+0800][1235.397s] GC(372) Old regions: 47->47
[2024-03-24T20:14:01.374+0800][1235.397s] GC(372) Humongous regions: 4->4
[2024-03-24T20:14:01.374+0800][1235.397s] GC(372) Metaspace: 65817K(66688K)->65817K(66688K) NonClass: 58425K(58944K)->58425K(58944K) Class: 7392K(7744K)->7392K(7744K)
[2024-03-24T20:14:01.374+0800][1235.397s] GC(372) Pause Young (Normal) (G1 Evacuation Pause) 356M->51M(512M) 5.042ms
[2024-03-24T20:14:01.374+0800][1235.397s] GC(372) User=0.00s Sys=0.00s Real=0.01s
[2024-03-24T20:14:03.807+0800][1237.831s] GC(373) Pause Young (Normal) (G1 Evacuation Pause)
[2024-03-24T20:14:03.807+0800][1237.831s] GC(373) Using 8 workers of 8 for evacuation
[2024-03-24T20:14:03.810+0800][1237.834s] GC(373)   Pre Evacuate Collection Set: 0.5ms
[2024-03-24T20:14:03.810+0800][1237.835s] GC(373)   Merge Heap Roots: 0.1ms
[2024-03-24T20:14:03.810+0800][1237.835s] GC(373)   Evacuate Collection Set: 1.9ms
[2024-03-24T20:14:03.810+0800][1237.835s] GC(373)   Post Evacuate Collection Set: 1.0ms
[2024-03-24T20:14:03.810+0800][1237.835s] GC(373)   Other: 0.2ms
[2024-03-24T20:14:03.810+0800][1237.835s] GC(373) Eden regions: 305->0(305)
[2024-03-24T20:14:03.810+0800][1237.835s] GC(373) Survivor regions: 2->2(39)
[2024-03-24T20:14:03.810+0800][1237.835s] GC(373) Old regions: 47->47
[2024-03-24T20:14:03.810+0800][1237.835s] GC(373) Humongous regions: 4->4
[2024-03-24T20:14:03.813+0800][1237.835s] GC(373) Metaspace: 65817K(66688K)->65817K(66688K) NonClass: 58425K(58944K)->58425K(58944K) Class: 7392K(7744K)->7392K(7744K)
[2024-03-24T20:14:03.813+0800][1237.835s] GC(373) Pause Young (Normal) (G1 Evacuation Pause) 356M->51M(512M) 4.684ms
[2024-03-24T20:14:03.813+0800][1237.835s] GC(373) User=0.00s Sys=0.00s Real=0.01s
[2024-03-24T20:14:06.529+0800][1240.552s] GC(374) Pause Young (Normal) (G1 Evacuation Pause)
[2024-03-24T20:14:06.529+0800][1240.552s] GC(374) Using 8 workers of 8 for evacuation
[2024-03-24T20:14:06.533+0800][1240.556s] GC(374)   Pre Evacuate Collection Set: 0.6ms
[2024-03-24T20:14:06.533+0800][1240.556s] GC(374)   Merge Heap Roots: 0.4ms
[2024-03-24T20:14:06.533+0800][1240.556s] GC(374)   Evacuate Collection Set: 2.4ms
[2024-03-24T20:14:06.533+0800][1240.556s] GC(374)   Post Evacuate Collection Set: 0.7ms
[2024-03-24T20:14:06.533+0800][1240.556s] GC(374)   Other: 0.2ms
[2024-03-24T20:14:06.533+0800][1240.556s] GC(374) Eden regions: 305->0(305)
[2024-03-24T20:14:06.533+0800][1240.556s] GC(374) Survivor regions: 2->2(39)
[2024-03-24T20:14:06.533+0800][1240.556s] GC(374) Old regions: 47->47
[2024-03-24T20:14:06.533+0800][1240.556s] GC(374) Humongous regions: 4->4
[2024-03-24T20:14:06.533+0800][1240.556s] GC(374) Metaspace: 65817K(66688K)->65817K(66688K) NonClass: 58425K(58944K)->58425K(58944K) Class: 7392K(7744K)->7392K(7744K)
[2024-03-24T20:14:06.533+0800][1240.557s] GC(374) Pause Young (Normal) (G1 Evacuation Pause) 356M->51M(512M) 4.682ms
[2024-03-24T20:14:06.533+0800][1240.557s] GC(374) User=0.00s Sys=0.00s Real=0.00s
[2024-03-24T20:14:09.231+0800][1243.257s] GC(375) Pause Young (Normal) (G1 Evacuation Pause)
[2024-03-24T20:14:09.231+0800][1243.257s] GC(375) Using 8 workers of 8 for evacuation
[2024-03-24T20:14:09.238+0800][1243.262s] GC(375)   Pre Evacuate Collection Set: 0.5ms
[2024-03-24T20:14:09.238+0800][1243.262s] GC(375)   Merge Heap Roots: 0.3ms
[2024-03-24T20:14:09.238+0800][1243.262s] GC(375)   Evacuate Collection Set: 2.5ms
[2024-03-24T20:14:09.238+0800][1243.262s] GC(375)   Post Evacuate Collection Set: 1.0ms
[2024-03-24T20:14:09.238+0800][1243.262s] GC(375)   Other: 0.3ms
[2024-03-24T20:14:09.238+0800][1243.262s] GC(375) Eden regions: 305->0(305)
[2024-03-24T20:14:09.238+0800][1243.262s] GC(375) Survivor regions: 2->2(39)
[2024-03-24T20:14:09.240+0800][1243.262s] GC(375) Old regions: 47->47
[2024-03-24T20:14:09.240+0800][1243.262s] GC(375) Humongous regions: 4->4
[2024-03-24T20:14:09.240+0800][1243.262s] GC(375) Metaspace: 65817K(66688K)->65817K(66688K) NonClass: 58425K(58944K)->58425K(58944K) Class: 7392K(7744K)->7392K(7744K)
[2024-03-24T20:14:09.240+0800][1243.262s] GC(375) Pause Young (Normal) (G1 Evacuation Pause) 356M->51M(512M) 5.621ms
[2024-03-24T20:14:09.240+0800][1243.263s] GC(375) User=0.00s Sys=0.00s Real=0.01s
[2024-03-24T20:14:11.648+0800][1245.674s] GC(376) Pause Young (Normal) (G1 Evacuation Pause)
[2024-03-24T20:14:11.648+0800][1245.674s] GC(376) Using 8 workers of 8 for evacuation
[2024-03-24T20:14:11.648+0800][1245.678s] GC(376)   Pre Evacuate Collection Set: 0.3ms
[2024-03-24T20:14:11.648+0800][1245.679s] GC(376)   Merge Heap Roots: 0.2ms
[2024-03-24T20:14:11.648+0800][1245.679s] GC(376)   Evacuate Collection Set: 2.3ms
[2024-03-24T20:14:11.648+0800][1245.679s] GC(376)   Post Evacuate Collection Set: 1.3ms
[2024-03-24T20:14:11.648+0800][1245.679s] GC(376)   Other: 0.3ms
[2024-03-24T20:14:11.656+0800][1245.679s] GC(376) Eden regions: 305->0(305)
[2024-03-24T20:14:11.656+0800][1245.679s] GC(376) Survivor regions: 2->2(39)
[2024-03-24T20:14:11.656+0800][1245.679s] GC(376) Old regions: 47->47
[2024-03-24T20:14:11.656+0800][1245.679s] GC(376) Humongous regions: 4->4
[2024-03-24T20:14:11.656+0800][1245.679s] GC(376) Metaspace: 65817K(66688K)->65817K(66688K) NonClass: 58425K(58944K)->58425K(58944K) Class: 7392K(7744K)->7392K(7744K)
[2024-03-24T20:14:11.656+0800][1245.679s] GC(376) Pause Young (Normal) (G1 Evacuation Pause) 356M->51M(512M) 5.362ms
[2024-03-24T20:14:11.656+0800][1245.679s] GC(376) User=0.00s Sys=0.00s Real=0.01s
[2024-03-24T20:14:14.290+0800][1248.313s] GC(377) Pause Young (Normal) (G1 Evacuation Pause)
[2024-03-24T20:14:14.290+0800][1248.314s] GC(377) Using 8 workers of 8 for evacuation
[2024-03-24T20:14:14.292+0800][1248.320s] GC(377)   Pre Evacuate Collection Set: 0.6ms
[2024-03-24T20:14:14.292+0800][1248.320s] GC(377)   Merge Heap Roots: 0.4ms
[2024-03-24T20:14:14.292+0800][1248.320s] GC(377)   Evacuate Collection Set: 3.5ms
[2024-03-24T20:14:14.292+0800][1248.320s] GC(377)   Post Evacuate Collection Set: 1.2ms
[2024-03-24T20:14:14.292+0800][1248.320s] GC(377)   Other: 0.3ms
[2024-03-24T20:14:14.292+0800][1248.320s] GC(377) Eden regions: 305->0(305)
[2024-03-24T20:14:14.292+0800][1248.320s] GC(377) Survivor regions: 2->2(39)
[2024-03-24T20:14:14.292+0800][1248.320s] GC(377) Old regions: 47->47
[2024-03-24T20:14:14.292+0800][1248.320s] GC(377) Humongous regions: 4->4
[2024-03-24T20:14:14.292+0800][1248.320s] GC(377) Metaspace: 65817K(66688K)->65817K(66688K) NonClass: 58425K(58944K)->58425K(58944K) Class: 7392K(7744K)->7392K(7744K)
[2024-03-24T20:14:14.292+0800][1248.320s] GC(377) Pause Young (Normal) (G1 Evacuation Pause) 356M->51M(512M) 6.712ms
[2024-03-24T20:14:14.292+0800][1248.320s] GC(377) User=0.00s Sys=0.00s Real=0.00s
[2024-03-24T20:14:16.828+0800][1250.852s] GC(378) Pause Young (Normal) (G1 Evacuation Pause)
[2024-03-24T20:14:16.828+0800][1250.852s] GC(378) Using 8 workers of 8 for evacuation
[2024-03-24T20:14:16.828+0800][1250.856s] GC(378)   Pre Evacuate Collection Set: 0.4ms
[2024-03-24T20:14:16.828+0800][1250.856s] GC(378)   Merge Heap Roots: 0.1ms
[2024-03-24T20:14:16.828+0800][1250.856s] GC(378)   Evacuate Collection Set: 2.5ms
[2024-03-24T20:14:16.828+0800][1250.856s] GC(378)   Post Evacuate Collection Set: 1.0ms
[2024-03-24T20:14:16.828+0800][1250.856s] GC(378)   Other: 0.2ms
[2024-03-24T20:14:16.828+0800][1250.856s] GC(378) Eden regions: 305->0(306)
[2024-03-24T20:14:16.828+0800][1250.856s] GC(378) Survivor regions: 2->1(39)
[2024-03-24T20:14:16.828+0800][1250.856s] GC(378) Old regions: 47->47
[2024-03-24T20:14:16.828+0800][1250.857s] GC(378) Humongous regions: 4->4
[2024-03-24T20:14:16.828+0800][1250.857s] GC(378) Metaspace: 65817K(66688K)->65817K(66688K) NonClass: 58425K(58944K)->58425K(58944K) Class: 7392K(7744K)->7392K(7744K)
[2024-03-24T20:14:16.828+0800][1250.857s] GC(378) Pause Young (Normal) (G1 Evacuation Pause) 356M->51M(512M) 4.881ms
[2024-03-24T20:14:16.828+0800][1250.857s] GC(378) User=0.00s Sys=0.00s Real=0.00s
[2024-03-24T20:14:19.521+0800][1253.546s] GC(379) Pause Young (Normal) (G1 Evacuation Pause)
[2024-03-24T20:14:19.521+0800][1253.546s] GC(379) Using 8 workers of 8 for evacuation
[2024-03-24T20:14:19.528+0800][1253.551s] GC(379)   Pre Evacuate Collection Set: 0.3ms
[2024-03-24T20:14:19.528+0800][1253.552s] GC(379)   Merge Heap Roots: 0.3ms
[2024-03-24T20:14:19.528+0800][1253.552s] GC(379)   Evacuate Collection Set: 3.5ms
[2024-03-24T20:14:19.528+0800][1253.552s] GC(379)   Post Evacuate Collection Set: 1.4ms
[2024-03-24T20:14:19.528+0800][1253.552s] GC(379)   Other: 0.2ms
[2024-03-24T20:14:19.528+0800][1253.552s] GC(379) Eden regions: 306->0(305)
[2024-03-24T20:14:19.528+0800][1253.552s] GC(379) Survivor regions: 1->2(39)
[2024-03-24T20:14:19.528+0800][1253.552s] GC(379) Old regions: 47->47
[2024-03-24T20:14:19.528+0800][1253.552s] GC(379) Humongous regions: 4->4
[2024-03-24T20:14:19.528+0800][1253.552s] GC(379) Metaspace: 65817K(66688K)->65817K(66688K) NonClass: 58425K(58944K)->58425K(58944K) Class: 7392K(7744K)->7392K(7744K)
[2024-03-24T20:14:19.528+0800][1253.552s] GC(379) Pause Young (Normal) (G1 Evacuation Pause) 357M->51M(512M) 6.852ms
[2024-03-24T20:14:19.528+0800][1253.552s] GC(379) User=0.00s Sys=0.02s Real=0.01s
[2024-03-24T20:14:22.152+0800][1256.175s] GC(380) Pause Young (Normal) (G1 Evacuation Pause)
[2024-03-24T20:14:22.152+0800][1256.175s] GC(380) Using 8 workers of 8 for evacuation
[2024-03-24T20:14:22.153+0800][1256.180s] GC(380)   Pre Evacuate Collection Set: 0.3ms
[2024-03-24T20:14:22.153+0800][1256.180s] GC(380)   Merge Heap Roots: 0.3ms
[2024-03-24T20:14:22.153+0800][1256.180s] GC(380)   Evacuate Collection Set: 2.9ms
[2024-03-24T20:14:22.153+0800][1256.180s] GC(380)   Post Evacuate Collection Set: 1.4ms
[2024-03-24T20:14:22.153+0800][1256.180s] GC(380)   Other: 0.3ms
[2024-03-24T20:14:22.153+0800][1256.181s] GC(380) Eden regions: 305->0(305)
[2024-03-24T20:14:22.158+0800][1256.181s] GC(380) Survivor regions: 2->2(39)
[2024-03-24T20:14:22.158+0800][1256.181s] GC(380) Old regions: 47->47
[2024-03-24T20:14:22.158+0800][1256.181s] GC(380) Humongous regions: 4->4
[2024-03-24T20:14:22.158+0800][1256.181s] GC(380) Metaspace: 65817K(66688K)->65817K(66688K) NonClass: 58425K(58944K)->58425K(58944K) Class: 7392K(7744K)->7392K(7744K)
[2024-03-24T20:14:22.158+0800][1256.181s] GC(380) Pause Young (Normal) (G1 Evacuation Pause) 356M->51M(512M) 5.911ms
[2024-03-24T20:14:22.158+0800][1256.181s] GC(380) User=0.00s Sys=0.00s Real=0.01s
[2024-03-24T20:14:24.689+0800][1258.717s] GC(381) Pause Young (Normal) (G1 Evacuation Pause)
[2024-03-24T20:14:24.689+0800][1258.717s] GC(381) Using 8 workers of 8 for evacuation
[2024-03-24T20:14:24.699+0800][1258.722s] GC(381)   Pre Evacuate Collection Set: 0.5ms
[2024-03-24T20:14:24.699+0800][1258.722s] GC(381)   Merge Heap Roots: 0.3ms
[2024-03-24T20:14:24.699+0800][1258.722s] GC(381)   Evacuate Collection Set: 2.3ms
[2024-03-24T20:14:24.699+0800][1258.722s] GC(381)   Post Evacuate Collection Set: 1.1ms
[2024-03-24T20:14:24.699+0800][1258.722s] GC(381)   Other: 0.3ms
[2024-03-24T20:14:24.699+0800][1258.722s] GC(381) Eden regions: 305->0(305)
[2024-03-24T20:14:24.699+0800][1258.722s] GC(381) Survivor regions: 2->2(39)
[2024-03-24T20:14:24.699+0800][1258.722s] GC(381) Old regions: 47->47
[2024-03-24T20:14:24.699+0800][1258.722s] GC(381) Humongous regions: 4->4
[2024-03-24T20:14:24.699+0800][1258.722s] GC(381) Metaspace: 65817K(66688K)->65817K(66688K) NonClass: 58425K(58944K)->58425K(58944K) Class: 7392K(7744K)->7392K(7744K)
[2024-03-24T20:14:24.699+0800][1258.722s] GC(381) Pause Young (Normal) (G1 Evacuation Pause) 356M->51M(512M) 5.037ms
[2024-03-24T20:14:24.699+0800][1258.722s] GC(381) User=0.00s Sys=0.00s Real=0.01s
[2024-03-24T20:14:27.157+0800][1261.181s] GC(382) Pause Young (Normal) (G1 Evacuation Pause)
[2024-03-24T20:14:27.157+0800][1261.182s] GC(382) Using 8 workers of 8 for evacuation
[2024-03-24T20:14:27.163+0800][1261.186s] GC(382)   Pre Evacuate Collection Set: 0.3ms
[2024-03-24T20:14:27.163+0800][1261.186s] GC(382)   Merge Heap Roots: 0.2ms
[2024-03-24T20:14:27.163+0800][1261.186s] GC(382)   Evacuate Collection Set: 2.4ms
[2024-03-24T20:14:27.163+0800][1261.186s] GC(382)   Post Evacuate Collection Set: 1.5ms
[2024-03-24T20:14:27.163+0800][1261.186s] GC(382)   Other: 0.2ms
[2024-03-24T20:14:27.163+0800][1261.186s] GC(382) Eden regions: 305->0(305)
[2024-03-24T20:14:27.163+0800][1261.187s] GC(382) Survivor regions: 2->2(39)
[2024-03-24T20:14:27.163+0800][1261.187s] GC(382) Old regions: 47->47
[2024-03-24T20:14:27.163+0800][1261.187s] GC(382) Humongous regions: 4->4
[2024-03-24T20:14:27.163+0800][1261.187s] GC(382) Metaspace: 65817K(66688K)->65817K(66688K) NonClass: 58425K(58944K)->58425K(58944K) Class: 7392K(7744K)->7392K(7744K)
[2024-03-24T20:14:27.163+0800][1261.187s] GC(382) Pause Young (Normal) (G1 Evacuation Pause) 356M->51M(512M) 5.181ms
[2024-03-24T20:14:27.163+0800][1261.187s] GC(382) User=0.00s Sys=0.00s Real=0.01s
[2024-03-24T20:14:29.623+0800][1263.649s] GC(383) Pause Young (Normal) (G1 Evacuation Pause)
[2024-03-24T20:14:29.623+0800][1263.649s] GC(383) Using 8 workers of 8 for evacuation
[2024-03-24T20:14:29.623+0800][1263.653s] GC(383)   Pre Evacuate Collection Set: 0.3ms
[2024-03-24T20:14:29.623+0800][1263.653s] GC(383)   Merge Heap Roots: 0.2ms
[2024-03-24T20:14:29.623+0800][1263.653s] GC(383)   Evacuate Collection Set: 2.3ms
[2024-03-24T20:14:29.623+0800][1263.653s] GC(383)   Post Evacuate Collection Set: 1.0ms
[2024-03-24T20:14:29.623+0800][1263.653s] GC(383)   Other: 0.2ms
[2024-03-24T20:14:29.623+0800][1263.653s] GC(383) Eden regions: 305->0(305)
[2024-03-24T20:14:29.623+0800][1263.653s] GC(383) Survivor regions: 2->2(39)
[2024-03-24T20:14:29.623+0800][1263.653s] GC(383) Old regions: 47->47
[2024-03-24T20:14:29.623+0800][1263.653s] GC(383) Humongous regions: 4->4
[2024-03-24T20:14:29.623+0800][1263.653s] GC(383) Metaspace: 65817K(66688K)->65817K(66688K) NonClass: 58425K(58944K)->58425K(58944K) Class: 7392K(7744K)->7392K(7744K)
[2024-03-24T20:14:29.623+0800][1263.654s] GC(383) Pause Young (Normal) (G1 Evacuation Pause) 356M->51M(512M) 4.905ms
[2024-03-24T20:14:29.623+0800][1263.654s] GC(383) User=0.00s Sys=0.00s Real=0.00s
[2024-03-24T20:14:32.213+0800][1266.237s] GC(384) Pause Young (Normal) (G1 Evacuation Pause)
[2024-03-24T20:14:32.213+0800][1266.237s] GC(384) Using 8 workers of 8 for evacuation
[2024-03-24T20:14:32.218+0800][1266.241s] GC(384)   Pre Evacuate Collection Set: 0.3ms
[2024-03-24T20:14:32.218+0800][1266.241s] GC(384)   Merge Heap Roots: 0.3ms
[2024-03-24T20:14:32.218+0800][1266.241s] GC(384)   Evacuate Collection Set: 2.0ms
[2024-03-24T20:14:32.218+0800][1266.241s] GC(384)   Post Evacuate Collection Set: 1.0ms
[2024-03-24T20:14:32.218+0800][1266.241s] GC(384)   Other: 0.2ms
[2024-03-24T20:14:32.218+0800][1266.241s] GC(384) Eden regions: 305->0(305)
[2024-03-24T20:14:32.218+0800][1266.241s] GC(384) Survivor regions: 2->2(39)
[2024-03-24T20:14:32.218+0800][1266.241s] GC(384) Old regions: 47->47
[2024-03-24T20:14:32.218+0800][1266.241s] GC(384) Humongous regions: 4->4
[2024-03-24T20:14:32.218+0800][1266.241s] GC(384) Metaspace: 65817K(66688K)->65817K(66688K) NonClass: 58425K(58944K)->58425K(58944K) Class: 7392K(7744K)->7392K(7744K)
[2024-03-24T20:14:32.218+0800][1266.241s] GC(384) Pause Young (Normal) (G1 Evacuation Pause) 356M->51M(512M) 4.409ms
[2024-03-24T20:14:32.218+0800][1266.241s] GC(384) User=0.00s Sys=0.00s Real=0.00s
[2024-03-24T20:14:34.792+0800][1268.815s] GC(385) Pause Young (Normal) (G1 Evacuation Pause)
[2024-03-24T20:14:34.792+0800][1268.815s] GC(385) Using 8 workers of 8 for evacuation
[2024-03-24T20:14:34.797+0800][1268.820s] GC(385)   Pre Evacuate Collection Set: 0.3ms
[2024-03-24T20:14:34.797+0800][1268.820s] GC(385)   Merge Heap Roots: 0.5ms
[2024-03-24T20:14:34.797+0800][1268.820s] GC(385)   Evacuate Collection Set: 2.5ms
[2024-03-24T20:14:34.797+0800][1268.820s] GC(385)   Post Evacuate Collection Set: 1.2ms
[2024-03-24T20:14:34.797+0800][1268.820s] GC(385)   Other: 0.1ms
[2024-03-24T20:14:34.797+0800][1268.820s] GC(385) Eden regions: 305->0(305)
[2024-03-24T20:14:34.797+0800][1268.820s] GC(385) Survivor regions: 2->2(39)
[2024-03-24T20:14:34.797+0800][1268.820s] GC(385) Old regions: 47->47
[2024-03-24T20:14:34.797+0800][1268.820s] GC(385) Humongous regions: 4->4
[2024-03-24T20:14:34.797+0800][1268.820s] GC(385) Metaspace: 65817K(66688K)->65817K(66688K) NonClass: 58425K(58944K)->58425K(58944K) Class: 7392K(7744K)->7392K(7744K)
[2024-03-24T20:14:34.798+0800][1268.820s] GC(385) Pause Young (Normal) (G1 Evacuation Pause) 356M->51M(512M) 5.410ms
[2024-03-24T20:14:34.798+0800][1268.821s] GC(385) User=0.00s Sys=0.00s Real=0.01s
[2024-03-24T20:14:37.282+0800][1271.306s] GC(386) Pause Young (Normal) (G1 Evacuation Pause)
[2024-03-24T20:14:37.282+0800][1271.306s] GC(386) Using 8 workers of 8 for evacuation
[2024-03-24T20:14:37.287+0800][1271.310s] GC(386)   Pre Evacuate Collection Set: 0.2ms
[2024-03-24T20:14:37.287+0800][1271.311s] GC(386)   Merge Heap Roots: 0.2ms
[2024-03-24T20:14:37.287+0800][1271.311s] GC(386)   Evacuate Collection Set: 3.5ms
[2024-03-24T20:14:37.287+0800][1271.311s] GC(386)   Post Evacuate Collection Set: 0.7ms
[2024-03-24T20:14:37.287+0800][1271.311s] GC(386)   Other: 0.1ms
[2024-03-24T20:14:37.287+0800][1271.311s] GC(386) Eden regions: 305->0(305)
[2024-03-24T20:14:37.287+0800][1271.311s] GC(386) Survivor regions: 2->2(39)
[2024-03-24T20:14:37.287+0800][1271.311s] GC(386) Old regions: 47->47
[2024-03-24T20:14:37.287+0800][1271.311s] GC(386) Humongous regions: 4->4
[2024-03-24T20:14:37.287+0800][1271.311s] GC(386) Metaspace: 65819K(66688K)->65819K(66688K) NonClass: 58427K(58944K)->58427K(58944K) Class: 7392K(7744K)->7392K(7744K)
[2024-03-24T20:14:37.287+0800][1271.311s] GC(386) Pause Young (Normal) (G1 Evacuation Pause) 356M->51M(512M) 5.342ms
[2024-03-24T20:14:37.287+0800][1271.311s] GC(386) User=0.00s Sys=0.00s Real=0.00s
[2024-03-24T20:14:39.988+0800][1274.017s] GC(387) Pause Young (Normal) (G1 Evacuation Pause)
[2024-03-24T20:14:39.988+0800][1274.017s] GC(387) Using 8 workers of 8 for evacuation
[2024-03-24T20:14:39.998+0800][1274.021s] GC(387)   Pre Evacuate Collection Set: 0.3ms
[2024-03-24T20:14:39.998+0800][1274.022s] GC(387)   Merge Heap Roots: 0.1ms
[2024-03-24T20:14:39.998+0800][1274.022s] GC(387)   Evacuate Collection Set: 3.0ms
[2024-03-24T20:14:39.998+0800][1274.022s] GC(387)   Post Evacuate Collection Set: 1.0ms
[2024-03-24T20:14:39.998+0800][1274.022s] GC(387)   Other: 0.2ms
[2024-03-24T20:14:39.998+0800][1274.022s] GC(387) Eden regions: 305->0(305)
[2024-03-24T20:14:39.998+0800][1274.022s] GC(387) Survivor regions: 2->2(39)
[2024-03-24T20:14:39.998+0800][1274.022s] GC(387) Old regions: 47->47
[2024-03-24T20:14:39.998+0800][1274.022s] GC(387) Humongous regions: 4->4
[2024-03-24T20:14:39.998+0800][1274.022s] GC(387) Metaspace: 65819K(66688K)->65819K(66688K) NonClass: 58427K(58944K)->58427K(58944K) Class: 7392K(7744K)->7392K(7744K)
[2024-03-24T20:14:39.998+0800][1274.022s] GC(387) Pause Young (Normal) (G1 Evacuation Pause) 356M->51M(512M) 5.043ms
[2024-03-24T20:14:39.998+0800][1274.022s] GC(387) User=0.02s Sys=0.00s Real=0.01s
[2024-03-24T20:14:42.508+0800][1276.531s] GC(388) Pause Young (Normal) (G1 Evacuation Pause)
[2024-03-24T20:14:42.508+0800][1276.531s] GC(388) Using 8 workers of 8 for evacuation
[2024-03-24T20:14:42.512+0800][1276.534s] GC(388)   Pre Evacuate Collection Set: 0.2ms
[2024-03-24T20:14:42.512+0800][1276.535s] GC(388)   Merge Heap Roots: 0.1ms
[2024-03-24T20:14:42.512+0800][1276.535s] GC(388)   Evacuate Collection Set: 2.3ms
[2024-03-24T20:14:42.512+0800][1276.535s] GC(388)   Post Evacuate Collection Set: 0.8ms
[2024-03-24T20:14:42.512+0800][1276.535s] GC(388)   Other: 0.2ms
[2024-03-24T20:14:42.512+0800][1276.535s] GC(388) Eden regions: 305->0(305)
[2024-03-24T20:14:42.512+0800][1276.535s] GC(388) Survivor regions: 2->2(39)
[2024-03-24T20:14:42.512+0800][1276.535s] GC(388) Old regions: 47->47
[2024-03-24T20:14:42.512+0800][1276.535s] GC(388) Humongous regions: 4->4
[2024-03-24T20:14:42.512+0800][1276.535s] GC(388) Metaspace: 65819K(66688K)->65819K(66688K) NonClass: 58427K(58944K)->58427K(58944K) Class: 7392K(7744K)->7392K(7744K)
[2024-03-24T20:14:42.512+0800][1276.535s] GC(388) Pause Young (Normal) (G1 Evacuation Pause) 356M->51M(512M) 4.453ms
[2024-03-24T20:14:42.512+0800][1276.535s] GC(388) User=0.00s Sys=0.00s Real=0.00s
[2024-03-24T20:14:45.116+0800][1279.143s] GC(389) Pause Young (Normal) (G1 Evacuation Pause)
[2024-03-24T20:14:45.116+0800][1279.143s] GC(389) Using 8 workers of 8 for evacuation
[2024-03-24T20:14:45.126+0800][1279.149s] GC(389)   Pre Evacuate Collection Set: 0.5ms
[2024-03-24T20:14:45.127+0800][1279.149s] GC(389)   Merge Heap Roots: 0.1ms
[2024-03-24T20:14:45.127+0800][1279.149s] GC(389)   Evacuate Collection Set: 3.9ms
[2024-03-24T20:14:45.127+0800][1279.149s] GC(389)   Post Evacuate Collection Set: 1.1ms
[2024-03-24T20:14:45.127+0800][1279.149s] GC(389)   Other: 0.2ms
[2024-03-24T20:14:45.127+0800][1279.150s] GC(389) Eden regions: 305->0(305)
[2024-03-24T20:14:45.127+0800][1279.150s] GC(389) Survivor regions: 2->2(39)
[2024-03-24T20:14:45.127+0800][1279.150s] GC(389) Old regions: 47->47
[2024-03-24T20:14:45.127+0800][1279.150s] GC(389) Humongous regions: 4->4
[2024-03-24T20:14:45.127+0800][1279.150s] GC(389) Metaspace: 65820K(66688K)->65820K(66688K) NonClass: 58427K(58944K)->58427K(58944K) Class: 7392K(7744K)->7392K(7744K)
[2024-03-24T20:14:45.127+0800][1279.150s] GC(389) Pause Young (Normal) (G1 Evacuation Pause) 356M->51M(512M) 6.332ms
[2024-03-24T20:14:45.127+0800][1279.150s] GC(389) User=0.00s Sys=0.00s Real=0.01s
[2024-03-24T20:14:47.593+0800][1281.620s] GC(390) Pause Young (Normal) (G1 Evacuation Pause)
[2024-03-24T20:14:47.597+0800][1281.620s] GC(390) Using 8 workers of 8 for evacuation
[2024-03-24T20:14:47.597+0800][1281.623s] GC(390)   Pre Evacuate Collection Set: 0.3ms
[2024-03-24T20:14:47.597+0800][1281.623s] GC(390)   Merge Heap Roots: 0.1ms
[2024-03-24T20:14:47.597+0800][1281.623s] GC(390)   Evacuate Collection Set: 1.8ms
[2024-03-24T20:14:47.597+0800][1281.623s] GC(390)   Post Evacuate Collection Set: 0.9ms
[2024-03-24T20:14:47.597+0800][1281.624s] GC(390)   Other: 0.2ms
[2024-03-24T20:14:47.597+0800][1281.624s] GC(390) Eden regions: 305->0(305)
[2024-03-24T20:14:47.597+0800][1281.624s] GC(390) Survivor regions: 2->2(39)
[2024-03-24T20:14:47.597+0800][1281.624s] GC(390) Old regions: 47->47
[2024-03-24T20:14:47.597+0800][1281.624s] GC(390) Humongous regions: 4->4
[2024-03-24T20:14:47.597+0800][1281.624s] GC(390) Metaspace: 65820K(66688K)->65820K(66688K) NonClass: 58427K(58944K)->58427K(58944K) Class: 7392K(7744K)->7392K(7744K)
[2024-03-24T20:14:47.597+0800][1281.624s] GC(390) Pause Young (Normal) (G1 Evacuation Pause) 356M->51M(512M) 4.099ms
[2024-03-24T20:14:47.597+0800][1281.624s] GC(390) User=0.00s Sys=0.00s Real=0.00s
[2024-03-24T20:14:50.337+0800][1284.363s] GC(391) Pause Young (Normal) (G1 Evacuation Pause)
[2024-03-24T20:14:50.337+0800][1284.363s] GC(391) Using 8 workers of 8 for evacuation
[2024-03-24T20:14:50.345+0800][1284.368s] GC(391)   Pre Evacuate Collection Set: 0.2ms
[2024-03-24T20:14:50.345+0800][1284.368s] GC(391)   Merge Heap Roots: 0.1ms
[2024-03-24T20:14:50.345+0800][1284.368s] GC(391)   Evacuate Collection Set: 3.5ms
[2024-03-24T20:14:50.345+0800][1284.368s] GC(391)   Post Evacuate Collection Set: 0.8ms
[2024-03-24T20:14:50.345+0800][1284.368s] GC(391)   Other: 0.1ms
[2024-03-24T20:14:50.345+0800][1284.368s] GC(391) Eden regions: 305->0(305)
[2024-03-24T20:14:50.345+0800][1284.368s] GC(391) Survivor regions: 2->2(39)
[2024-03-24T20:14:50.345+0800][1284.368s] GC(391) Old regions: 47->47
[2024-03-24T20:14:50.345+0800][1284.368s] GC(391) Humongous regions: 4->4
[2024-03-24T20:14:50.345+0800][1284.368s] GC(391) Metaspace: 65820K(66688K)->65820K(66688K) NonClass: 58427K(58944K)->58427K(58944K) Class: 7392K(7744K)->7392K(7744K)
[2024-03-24T20:14:50.345+0800][1284.369s] GC(391) Pause Young (Normal) (G1 Evacuation Pause) 356M->51M(512M) 5.454ms
[2024-03-24T20:14:50.345+0800][1284.369s] GC(391) User=0.09s Sys=0.00s Real=0.01s
[2024-03-24T20:14:52.954+0800][1286.979s] GC(392) Pause Young (Normal) (G1 Evacuation Pause)
[2024-03-24T20:14:52.954+0800][1286.979s] GC(392) Using 8 workers of 8 for evacuation
[2024-03-24T20:14:52.959+0800][1286.983s] GC(392)   Pre Evacuate Collection Set: 0.2ms
[2024-03-24T20:14:52.959+0800][1286.983s] GC(392)   Merge Heap Roots: 0.1ms
[2024-03-24T20:14:52.959+0800][1286.983s] GC(392)   Evacuate Collection Set: 2.0ms
[2024-03-24T20:14:52.959+0800][1286.983s] GC(392)   Post Evacuate Collection Set: 1.0ms
[2024-03-24T20:14:52.959+0800][1286.983s] GC(392)   Other: 0.1ms
[2024-03-24T20:14:52.959+0800][1286.983s] GC(392) Eden regions: 305->0(305)
[2024-03-24T20:14:52.959+0800][1286.983s] GC(392) Survivor regions: 2->2(39)
[2024-03-24T20:14:52.959+0800][1286.983s] GC(392) Old regions: 47->47
[2024-03-24T20:14:52.959+0800][1286.983s] GC(392) Humongous regions: 4->4
[2024-03-24T20:14:52.959+0800][1286.983s] GC(392) Metaspace: 65820K(66688K)->65820K(66688K) NonClass: 58427K(58944K)->58427K(58944K) Class: 7392K(7744K)->7392K(7744K)
[2024-03-24T20:14:52.959+0800][1286.983s] GC(392) Pause Young (Normal) (G1 Evacuation Pause) 356M->51M(512M) 4.062ms
[2024-03-24T20:14:52.959+0800][1286.983s] GC(392) User=0.00s Sys=0.00s Real=0.01s
[2024-03-24T20:14:55.536+0800][1289.559s] GC(393) Pause Young (Normal) (G1 Evacuation Pause)
[2024-03-24T20:14:55.536+0800][1289.559s] GC(393) Using 8 workers of 8 for evacuation
[2024-03-24T20:14:55.536+0800][1289.562s] GC(393)   Pre Evacuate Collection Set: 0.3ms
[2024-03-24T20:14:55.536+0800][1289.562s] GC(393)   Merge Heap Roots: 0.1ms
[2024-03-24T20:14:55.536+0800][1289.562s] GC(393)   Evacuate Collection Set: 1.6ms
[2024-03-24T20:14:55.536+0800][1289.562s] GC(393)   Post Evacuate Collection Set: 0.6ms
[2024-03-24T20:14:55.536+0800][1289.562s] GC(393)   Other: 0.2ms
[2024-03-24T20:14:55.536+0800][1289.562s] GC(393) Eden regions: 305->0(305)
[2024-03-24T20:14:55.536+0800][1289.562s] GC(393) Survivor regions: 2->2(39)
[2024-03-24T20:14:55.536+0800][1289.562s] GC(393) Old regions: 47->47
[2024-03-24T20:14:55.536+0800][1289.562s] GC(393) Humongous regions: 4->4
[2024-03-24T20:14:55.536+0800][1289.562s] GC(393) Metaspace: 65821K(66688K)->65821K(66688K) NonClass: 58429K(58944K)->58429K(58944K) Class: 7392K(7744K)->7392K(7744K)
[2024-03-24T20:14:55.536+0800][1289.562s] GC(393) Pause Young (Normal) (G1 Evacuation Pause) 356M->51M(512M) 3.515ms
[2024-03-24T20:14:55.536+0800][1289.562s] GC(393) User=0.00s Sys=0.00s Real=0.00s
[2024-03-24T20:14:58.152+0800][1292.176s] GC(394) Pause Young (Normal) (G1 Evacuation Pause)
[2024-03-24T20:14:58.152+0800][1292.176s] GC(394) Using 8 workers of 8 for evacuation
[2024-03-24T20:14:58.153+0800][1292.181s] GC(394)   Pre Evacuate Collection Set: 0.4ms
[2024-03-24T20:14:58.153+0800][1292.181s] GC(394)   Merge Heap Roots: 0.2ms
[2024-03-24T20:14:58.153+0800][1292.181s] GC(394)   Evacuate Collection Set: 3.5ms
[2024-03-24T20:14:58.153+0800][1292.181s] GC(394)   Post Evacuate Collection Set: 0.9ms
[2024-03-24T20:14:58.153+0800][1292.181s] GC(394)   Other: 0.2ms
[2024-03-24T20:14:58.153+0800][1292.181s] GC(394) Eden regions: 305->0(305)
[2024-03-24T20:14:58.153+0800][1292.181s] GC(394) Survivor regions: 2->2(39)
[2024-03-24T20:14:58.153+0800][1292.181s] GC(394) Old regions: 47->47
[2024-03-24T20:14:58.153+0800][1292.181s] GC(394) Humongous regions: 4->4
[2024-03-24T20:14:58.153+0800][1292.181s] GC(394) Metaspace: 65821K(66688K)->65821K(66688K) NonClass: 58429K(58944K)->58429K(58944K) Class: 7392K(7744K)->7392K(7744K)
[2024-03-24T20:14:58.153+0800][1292.181s] GC(394) Pause Young (Normal) (G1 Evacuation Pause) 356M->51M(512M) 5.827ms
[2024-03-24T20:14:58.153+0800][1292.181s] GC(394) User=0.00s Sys=0.00s Real=0.00s
[2024-03-24T20:15:00.882+0800][1294.905s] GC(395) Pause Young (Normal) (G1 Evacuation Pause)
[2024-03-24T20:15:00.882+0800][1294.906s] GC(395) Using 8 workers of 8 for evacuation
[2024-03-24T20:15:00.882+0800][1294.909s] GC(395)   Pre Evacuate Collection Set: 0.3ms
[2024-03-24T20:15:00.882+0800][1294.910s] GC(395)   Merge Heap Roots: 0.3ms
[2024-03-24T20:15:00.882+0800][1294.910s] GC(395)   Evacuate Collection Set: 1.9ms
[2024-03-24T20:15:00.882+0800][1294.910s] GC(395)   Post Evacuate Collection Set: 1.2ms
[2024-03-24T20:15:00.882+0800][1294.910s] GC(395)   Other: 0.2ms
[2024-03-24T20:15:00.882+0800][1294.910s] GC(395) Eden regions: 305->0(305)
[2024-03-24T20:15:00.882+0800][1294.910s] GC(395) Survivor regions: 2->2(39)
[2024-03-24T20:15:00.882+0800][1294.910s] GC(395) Old regions: 47->47
[2024-03-24T20:15:00.882+0800][1294.910s] GC(395) Humongous regions: 4->4
[2024-03-24T20:15:00.882+0800][1294.910s] GC(395) Metaspace: 65823K(66688K)->65823K(66688K) NonClass: 58430K(58944K)->58430K(58944K) Class: 7392K(7744K)->7392K(7744K)
[2024-03-24T20:15:00.882+0800][1294.910s] GC(395) Pause Young (Normal) (G1 Evacuation Pause) 356M->51M(512M) 4.478ms
[2024-03-24T20:15:00.882+0800][1294.910s] GC(395) User=0.00s Sys=0.00s Real=0.00s
[2024-03-24T20:15:03.239+0800][1297.263s] GC(396) Pause Young (Normal) (G1 Evacuation Pause)
[2024-03-24T20:15:03.241+0800][1297.264s] GC(396) Using 8 workers of 8 for evacuation
[2024-03-24T20:15:03.244+0800][1297.268s] GC(396)   Pre Evacuate Collection Set: 0.2ms
[2024-03-24T20:15:03.244+0800][1297.268s] GC(396)   Merge Heap Roots: 0.1ms
[2024-03-24T20:15:03.244+0800][1297.268s] GC(396)   Evacuate Collection Set: 2.7ms
[2024-03-24T20:15:03.244+0800][1297.268s] GC(396)   Post Evacuate Collection Set: 1.0ms
[2024-03-24T20:15:03.244+0800][1297.268s] GC(396)   Other: 0.3ms
[2024-03-24T20:15:03.244+0800][1297.268s] GC(396) Eden regions: 305->0(305)
[2024-03-24T20:15:03.244+0800][1297.268s] GC(396) Survivor regions: 2->2(39)
[2024-03-24T20:15:03.244+0800][1297.268s] GC(396) Old regions: 47->47
[2024-03-24T20:15:03.244+0800][1297.268s] GC(396) Humongous regions: 4->4
[2024-03-24T20:15:03.244+0800][1297.269s] GC(396) Metaspace: 65823K(66688K)->65823K(66688K) NonClass: 58430K(58944K)->58430K(58944K) Class: 7392K(7744K)->7392K(7744K)
[2024-03-24T20:15:03.244+0800][1297.269s] GC(396) Pause Young (Normal) (G1 Evacuation Pause) 356M->51M(512M) 5.210ms
[2024-03-24T20:15:03.244+0800][1297.269s] GC(396) User=0.00s Sys=0.00s Real=0.00s
[2024-03-24T20:15:05.876+0800][1299.902s] GC(397) Pause Young (Normal) (G1 Evacuation Pause)
[2024-03-24T20:15:05.876+0800][1299.903s] GC(397) Using 8 workers of 8 for evacuation
[2024-03-24T20:15:05.882+0800][1299.907s] GC(397)   Pre Evacuate Collection Set: 0.3ms
[2024-03-24T20:15:05.882+0800][1299.907s] GC(397)   Merge Heap Roots: 0.2ms
[2024-03-24T20:15:05.882+0800][1299.907s] GC(397)   Evacuate Collection Set: 2.8ms
[2024-03-24T20:15:05.882+0800][1299.907s] GC(397)   Post Evacuate Collection Set: 1.0ms
[2024-03-24T20:15:05.882+0800][1299.907s] GC(397)   Other: 0.3ms
[2024-03-24T20:15:05.882+0800][1299.907s] GC(397) Eden regions: 305->0(305)
[2024-03-24T20:15:05.882+0800][1299.907s] GC(397) Survivor regions: 2->2(39)
[2024-03-24T20:15:05.882+0800][1299.907s] GC(397) Old regions: 47->47
[2024-03-24T20:15:05.882+0800][1299.907s] GC(397) Humongous regions: 4->4
[2024-03-24T20:15:05.882+0800][1299.908s] GC(397) Metaspace: 65823K(66688K)->65823K(66688K) NonClass: 58430K(58944K)->58430K(58944K) Class: 7392K(7744K)->7392K(7744K)
[2024-03-24T20:15:05.882+0800][1299.908s] GC(397) Pause Young (Normal) (G1 Evacuation Pause) 356M->51M(512M) 5.192ms
[2024-03-24T20:15:05.885+0800][1299.908s] GC(397) User=0.00s Sys=0.00s Real=0.01s
[2024-03-24T20:15:08.513+0800][1302.537s] GC(398) Pause Young (Normal) (G1 Evacuation Pause)
[2024-03-24T20:15:08.513+0800][1302.537s] GC(398) Using 8 workers of 8 for evacuation
[2024-03-24T20:15:08.517+0800][1302.542s] GC(398)   Pre Evacuate Collection Set: 0.3ms
[2024-03-24T20:15:08.517+0800][1302.542s] GC(398)   Merge Heap Roots: 0.3ms
[2024-03-24T20:15:08.517+0800][1302.542s] GC(398)   Evacuate Collection Set: 2.9ms
[2024-03-24T20:15:08.517+0800][1302.542s] GC(398)   Post Evacuate Collection Set: 0.7ms
[2024-03-24T20:15:08.517+0800][1302.542s] GC(398)   Other: 0.2ms
[2024-03-24T20:15:08.517+0800][1302.542s] GC(398) Eden regions: 305->0(305)
[2024-03-24T20:15:08.517+0800][1302.542s] GC(398) Survivor regions: 2->2(39)
[2024-03-24T20:15:08.517+0800][1302.542s] GC(398) Old regions: 47->47
[2024-03-24T20:15:08.517+0800][1302.542s] GC(398) Humongous regions: 4->4
[2024-03-24T20:15:08.517+0800][1302.542s] GC(398) Metaspace: 65823K(66688K)->65823K(66688K) NonClass: 58430K(58944K)->58430K(58944K) Class: 7392K(7744K)->7392K(7744K)
[2024-03-24T20:15:08.517+0800][1302.543s] GC(398) Pause Young (Normal) (G1 Evacuation Pause) 356M->52M(512M) 5.136ms
[2024-03-24T20:15:08.517+0800][1302.543s] GC(398) User=0.00s Sys=0.00s Real=0.00s
[2024-03-24T20:15:10.980+0800][1305.011s] GC(399) Pause Young (Normal) (G1 Evacuation Pause)
[2024-03-24T20:15:10.980+0800][1305.011s] GC(399) Using 8 workers of 8 for evacuation
[2024-03-24T20:15:10.992+0800][1305.017s] GC(399)   Pre Evacuate Collection Set: 0.6ms
[2024-03-24T20:15:10.992+0800][1305.017s] GC(399)   Merge Heap Roots: 0.2ms
[2024-03-24T20:15:10.992+0800][1305.017s] GC(399)   Evacuate Collection Set: 3.1ms
[2024-03-24T20:15:10.992+0800][1305.017s] GC(399)   Post Evacuate Collection Set: 1.7ms
[2024-03-24T20:15:10.992+0800][1305.017s] GC(399)   Other: 0.2ms
[2024-03-24T20:15:10.992+0800][1305.017s] GC(399) Eden regions: 305->0(305)
[2024-03-24T20:15:10.992+0800][1305.017s] GC(399) Survivor regions: 2->2(39)
[2024-03-24T20:15:10.992+0800][1305.017s] GC(399) Old regions: 47->47
[2024-03-24T20:15:10.992+0800][1305.017s] GC(399) Humongous regions: 4->4
[2024-03-24T20:15:10.992+0800][1305.017s] GC(399) Metaspace: 65823K(66688K)->65823K(66688K) NonClass: 58430K(58944K)->58430K(58944K) Class: 7392K(7744K)->7392K(7744K)
[2024-03-24T20:15:10.992+0800][1305.017s] GC(399) Pause Young (Normal) (G1 Evacuation Pause) 357M->51M(512M) 6.418ms
[2024-03-24T20:15:10.992+0800][1305.017s] GC(399) User=0.00s Sys=0.00s Real=0.01s
[2024-03-24T20:15:13.629+0800][1307.652s] GC(400) Pause Young (Normal) (G1 Evacuation Pause)
[2024-03-24T20:15:13.629+0800][1307.652s] GC(400) Using 8 workers of 8 for evacuation
[2024-03-24T20:15:13.632+0800][1307.655s] GC(400)   Pre Evacuate Collection Set: 0.2ms
[2024-03-24T20:15:13.632+0800][1307.655s] GC(400)   Merge Heap Roots: 0.1ms
[2024-03-24T20:15:13.632+0800][1307.655s] GC(400)   Evacuate Collection Set: 2.1ms
[2024-03-24T20:15:13.632+0800][1307.655s] GC(400)   Post Evacuate Collection Set: 0.5ms
[2024-03-24T20:15:13.632+0800][1307.655s] GC(400)   Other: 0.1ms
[2024-03-24T20:15:13.632+0800][1307.655s] GC(400) Eden regions: 305->0(305)
[2024-03-24T20:15:13.633+0800][1307.655s] GC(400) Survivor regions: 2->2(39)
[2024-03-24T20:15:13.633+0800][1307.655s] GC(400) Old regions: 47->47
[2024-03-24T20:15:13.633+0800][1307.655s] GC(400) Humongous regions: 4->4
[2024-03-24T20:15:13.633+0800][1307.655s] GC(400) Metaspace: 65823K(66688K)->65823K(66688K) NonClass: 58430K(58944K)->58430K(58944K) Class: 7392K(7744K)->7392K(7744K)
[2024-03-24T20:15:13.633+0800][1307.655s] GC(400) Pause Young (Normal) (G1 Evacuation Pause) 356M->51M(512M) 3.419ms
[2024-03-24T20:15:13.633+0800][1307.655s] GC(400) User=0.00s Sys=0.00s Real=0.00s
[2024-03-24T20:15:16.238+0800][1310.264s] GC(401) Pause Young (Normal) (G1 Evacuation Pause)
[2024-03-24T20:15:16.238+0800][1310.264s] GC(401) Using 8 workers of 8 for evacuation
[2024-03-24T20:15:16.244+0800][1310.269s] GC(401)   Pre Evacuate Collection Set: 0.4ms
[2024-03-24T20:15:16.246+0800][1310.269s] GC(401)   Merge Heap Roots: 0.3ms
[2024-03-24T20:15:16.246+0800][1310.269s] GC(401)   Evacuate Collection Set: 2.3ms
[2024-03-24T20:15:16.246+0800][1310.269s] GC(401)   Post Evacuate Collection Set: 1.1ms
[2024-03-24T20:15:16.246+0800][1310.269s] GC(401)   Other: 0.2ms
[2024-03-24T20:15:16.246+0800][1310.269s] GC(401) Eden regions: 305->0(305)
[2024-03-24T20:15:16.246+0800][1310.269s] GC(401) Survivor regions: 2->2(39)
[2024-03-24T20:15:16.246+0800][1310.269s] GC(401) Old regions: 47->47
[2024-03-24T20:15:16.246+0800][1310.269s] GC(401) Humongous regions: 4->4
[2024-03-24T20:15:16.246+0800][1310.269s] GC(401) Metaspace: 65823K(66688K)->65823K(66688K) NonClass: 58430K(58944K)->58430K(58944K) Class: 7392K(7744K)->7392K(7744K)
[2024-03-24T20:15:16.246+0800][1310.269s] GC(401) Pause Young (Normal) (G1 Evacuation Pause) 356M->52M(512M) 5.030ms
[2024-03-24T20:15:16.246+0800][1310.269s] GC(401) User=0.00s Sys=0.00s Real=0.01s
[2024-03-24T20:15:18.817+0800][1312.840s] GC(402) Pause Young (Normal) (G1 Evacuation Pause)
[2024-03-24T20:15:18.817+0800][1312.840s] GC(402) Using 8 workers of 8 for evacuation
[2024-03-24T20:15:18.821+0800][1312.843s] GC(402)   Pre Evacuate Collection Set: 0.2ms
[2024-03-24T20:15:18.821+0800][1312.843s] GC(402)   Merge Heap Roots: 0.1ms
[2024-03-24T20:15:18.821+0800][1312.843s] GC(402)   Evacuate Collection Set: 1.9ms
[2024-03-24T20:15:18.821+0800][1312.843s] GC(402)   Post Evacuate Collection Set: 0.8ms
[2024-03-24T20:15:18.821+0800][1312.843s] GC(402)   Other: 0.2ms
[2024-03-24T20:15:18.821+0800][1312.843s] GC(402) Eden regions: 305->0(305)
[2024-03-24T20:15:18.821+0800][1312.843s] GC(402) Survivor regions: 2->2(39)
[2024-03-24T20:15:18.821+0800][1312.844s] GC(402) Old regions: 47->47
[2024-03-24T20:15:18.821+0800][1312.844s] GC(402) Humongous regions: 4->4
[2024-03-24T20:15:18.821+0800][1312.844s] GC(402) Metaspace: 65823K(66688K)->65823K(66688K) NonClass: 58430K(58944K)->58430K(58944K) Class: 7392K(7744K)->7392K(7744K)
[2024-03-24T20:15:18.821+0800][1312.844s] GC(402) Pause Young (Normal) (G1 Evacuation Pause) 357M->52M(512M) 3.762ms
[2024-03-24T20:15:18.821+0800][1312.844s] GC(402) User=0.00s Sys=0.00s Real=0.00s
[2024-03-24T20:15:21.518+0800][1315.541s] GC(403) Pause Young (Normal) (G1 Evacuation Pause)
[2024-03-24T20:15:21.518+0800][1315.541s] GC(403) Using 8 workers of 8 for evacuation
[2024-03-24T20:15:21.521+0800][1315.547s] GC(403)   Pre Evacuate Collection Set: 0.3ms
[2024-03-24T20:15:21.521+0800][1315.547s] GC(403)   Merge Heap Roots: 0.2ms
[2024-03-24T20:15:21.521+0800][1315.547s] GC(403)   Evacuate Collection Set: 3.3ms
[2024-03-24T20:15:21.521+0800][1315.547s] GC(403)   Post Evacuate Collection Set: 1.2ms
[2024-03-24T20:15:21.521+0800][1315.547s] GC(403)   Other: 0.1ms
[2024-03-24T20:15:21.521+0800][1315.547s] GC(403) Eden regions: 305->0(305)
[2024-03-24T20:15:21.521+0800][1315.547s] GC(403) Survivor regions: 2->2(39)
[2024-03-24T20:15:21.521+0800][1315.547s] GC(403) Old regions: 47->47
[2024-03-24T20:15:21.521+0800][1315.547s] GC(403) Humongous regions: 4->4
[2024-03-24T20:15:21.521+0800][1315.547s] GC(403) Metaspace: 65823K(66688K)->65823K(66688K) NonClass: 58430K(58944K)->58430K(58944K) Class: 7392K(7744K)->7392K(7744K)
[2024-03-24T20:15:21.521+0800][1315.547s] GC(403) Pause Young (Normal) (G1 Evacuation Pause) 357M->52M(512M) 6.049ms
[2024-03-24T20:15:21.521+0800][1315.547s] GC(403) User=0.00s Sys=0.00s Real=0.00s
[2024-03-24T20:15:23.995+0800][1318.019s] GC(404) Pause Young (Normal) (G1 Evacuation Pause)
[2024-03-24T20:15:23.995+0800][1318.019s] GC(404) Using 8 workers of 8 for evacuation
[2024-03-24T20:15:24.001+0800][1318.024s] GC(404)   Pre Evacuate Collection Set: 0.4ms
[2024-03-24T20:15:24.001+0800][1318.024s] GC(404)   Merge Heap Roots: 0.2ms
[2024-03-24T20:15:24.001+0800][1318.025s] GC(404)   Evacuate Collection Set: 2.7ms
[2024-03-24T20:15:24.001+0800][1318.025s] GC(404)   Post Evacuate Collection Set: 1.5ms
[2024-03-24T20:15:24.001+0800][1318.025s] GC(404)   Other: 0.3ms
[2024-03-24T20:15:24.001+0800][1318.025s] GC(404) Eden regions: 305->0(305)
[2024-03-24T20:15:24.001+0800][1318.025s] GC(404) Survivor regions: 2->2(39)
[2024-03-24T20:15:24.001+0800][1318.025s] GC(404) Old regions: 47->47
[2024-03-24T20:15:24.001+0800][1318.025s] GC(404) Humongous regions: 4->4
[2024-03-24T20:15:24.001+0800][1318.025s] GC(404) Metaspace: 65834K(66688K)->65834K(66688K) NonClass: 58441K(58944K)->58441K(58944K) Class: 7392K(7744K)->7392K(7744K)
[2024-03-24T20:15:24.001+0800][1318.025s] GC(404) Pause Young (Normal) (G1 Evacuation Pause) 357M->51M(512M) 5.939ms
[2024-03-24T20:15:24.001+0800][1318.025s] GC(404) User=0.00s Sys=0.00s Real=0.01s
[2024-03-24T20:15:26.619+0800][1320.646s] GC(405) Pause Young (Normal) (G1 Evacuation Pause)
[2024-03-24T20:15:26.619+0800][1320.646s] GC(405) Using 8 workers of 8 for evacuation
[2024-03-24T20:15:26.627+0800][1320.650s] GC(405)   Pre Evacuate Collection Set: 0.2ms
[2024-03-24T20:15:26.627+0800][1320.650s] GC(405)   Merge Heap Roots: 0.1ms
[2024-03-24T20:15:26.627+0800][1320.650s] GC(405)   Evacuate Collection Set: 2.7ms
[2024-03-24T20:15:26.627+0800][1320.650s] GC(405)   Post Evacuate Collection Set: 0.6ms
[2024-03-24T20:15:26.627+0800][1320.650s] GC(405)   Other: 0.1ms
[2024-03-24T20:15:26.627+0800][1320.650s] GC(405) Eden regions: 305->0(305)
[2024-03-24T20:15:26.627+0800][1320.650s] GC(405) Survivor regions: 2->2(39)
[2024-03-24T20:15:26.627+0800][1320.650s] GC(405) Old regions: 47->47
[2024-03-24T20:15:26.627+0800][1320.650s] GC(405) Humongous regions: 4->4
[2024-03-24T20:15:26.627+0800][1320.650s] GC(405) Metaspace: 65834K(66688K)->65834K(66688K) NonClass: 58441K(58944K)->58441K(58944K) Class: 7392K(7744K)->7392K(7744K)
[2024-03-24T20:15:26.627+0800][1320.650s] GC(405) Pause Young (Normal) (G1 Evacuation Pause) 356M->52M(512M) 4.146ms
[2024-03-24T20:15:26.627+0800][1320.650s] GC(405) User=0.00s Sys=0.00s Real=0.01s
[2024-03-24T20:15:29.202+0800][1323.226s] GC(406) Pause Young (Normal) (G1 Evacuation Pause)
[2024-03-24T20:15:29.202+0800][1323.226s] GC(406) Using 8 workers of 8 for evacuation
[2024-03-24T20:15:29.205+0800][1323.230s] GC(406)   Pre Evacuate Collection Set: 0.4ms
[2024-03-24T20:15:29.205+0800][1323.230s] GC(406)   Merge Heap Roots: 0.4ms
[2024-03-24T20:15:29.205+0800][1323.230s] GC(406)   Evacuate Collection Set: 2.4ms
[2024-03-24T20:15:29.205+0800][1323.230s] GC(406)   Post Evacuate Collection Set: 1.1ms
[2024-03-24T20:15:29.205+0800][1323.231s] GC(406)   Other: 0.3ms
[2024-03-24T20:15:29.205+0800][1323.231s] GC(406) Eden regions: 305->0(305)
[2024-03-24T20:15:29.205+0800][1323.231s] GC(406) Survivor regions: 2->2(39)
[2024-03-24T20:15:29.205+0800][1323.231s] GC(406) Old regions: 47->47
[2024-03-24T20:15:29.205+0800][1323.231s] GC(406) Humongous regions: 4->4
[2024-03-24T20:15:29.205+0800][1323.231s] GC(406) Metaspace: 65834K(66688K)->65834K(66688K) NonClass: 58441K(58944K)->58441K(58944K) Class: 7392K(7744K)->7392K(7744K)
[2024-03-24T20:15:29.205+0800][1323.231s] GC(406) Pause Young (Normal) (G1 Evacuation Pause) 357M->51M(512M) 5.253ms
[2024-03-24T20:15:29.205+0800][1323.231s] GC(406) User=0.00s Sys=0.00s Real=0.00s
[2024-03-24T20:15:31.779+0800][1325.809s] GC(407) Pause Young (Normal) (G1 Evacuation Pause)
[2024-03-24T20:15:31.779+0800][1325.809s] GC(407) Using 8 workers of 8 for evacuation
[2024-03-24T20:15:31.789+0800][1325.813s] GC(407)   Pre Evacuate Collection Set: 0.4ms
[2024-03-24T20:15:31.789+0800][1325.813s] GC(407)   Merge Heap Roots: 0.2ms
[2024-03-24T20:15:31.789+0800][1325.813s] GC(407)   Evacuate Collection Set: 2.0ms
[2024-03-24T20:15:31.789+0800][1325.813s] GC(407)   Post Evacuate Collection Set: 1.1ms
[2024-03-24T20:15:31.789+0800][1325.813s] GC(407)   Other: 0.2ms
[2024-03-24T20:15:31.789+0800][1325.814s] GC(407) Eden regions: 305->0(305)
[2024-03-24T20:15:31.789+0800][1325.814s] GC(407) Survivor regions: 2->2(39)
[2024-03-24T20:15:31.789+0800][1325.814s] GC(407) Old regions: 47->47
[2024-03-24T20:15:31.789+0800][1325.814s] GC(407) Humongous regions: 4->4
[2024-03-24T20:15:31.789+0800][1325.814s] GC(407) Metaspace: 65834K(66688K)->65834K(66688K) NonClass: 58441K(58944K)->58441K(58944K) Class: 7392K(7744K)->7392K(7744K)
[2024-03-24T20:15:31.789+0800][1325.814s] GC(407) Pause Young (Normal) (G1 Evacuation Pause) 356M->51M(512M) 4.748ms
[2024-03-24T20:15:31.789+0800][1325.814s] GC(407) User=0.00s Sys=0.00s Real=0.01s
[2024-03-24T20:15:34.178+0800][1328.204s] GC(408) Pause Young (Normal) (G1 Evacuation Pause)
[2024-03-24T20:15:34.178+0800][1328.204s] GC(408) Using 8 workers of 8 for evacuation
[2024-03-24T20:15:34.178+0800][1328.209s] GC(408)   Pre Evacuate Collection Set: 0.5ms
[2024-03-24T20:15:34.178+0800][1328.209s] GC(408)   Merge Heap Roots: 0.3ms
[2024-03-24T20:15:34.178+0800][1328.209s] GC(408)   Evacuate Collection Set: 2.4ms
[2024-03-24T20:15:34.178+0800][1328.209s] GC(408)   Post Evacuate Collection Set: 1.5ms
[2024-03-24T20:15:34.178+0800][1328.209s] GC(408)   Other: 0.2ms
[2024-03-24T20:15:34.187+0800][1328.210s] GC(408) Eden regions: 305->0(305)
[2024-03-24T20:15:34.187+0800][1328.210s] GC(408) Survivor regions: 2->2(39)
[2024-03-24T20:15:34.187+0800][1328.210s] GC(408) Old regions: 47->47
[2024-03-24T20:15:34.187+0800][1328.210s] GC(408) Humongous regions: 4->4
[2024-03-24T20:15:34.187+0800][1328.210s] GC(408) Metaspace: 65834K(66688K)->65834K(66688K) NonClass: 58441K(58944K)->58441K(58944K) Class: 7392K(7744K)->7392K(7744K)
[2024-03-24T20:15:34.187+0800][1328.210s] GC(408) Pause Young (Normal) (G1 Evacuation Pause) 356M->52M(512M) 5.365ms
[2024-03-24T20:15:34.187+0800][1328.210s] GC(408) User=0.00s Sys=0.00s Real=0.01s
[2024-03-24T20:15:36.836+0800][1330.867s] GC(409) Pause Young (Normal) (G1 Evacuation Pause)
[2024-03-24T20:15:36.836+0800][1330.868s] GC(409) Using 8 workers of 8 for evacuation
[2024-03-24T20:15:36.849+0800][1330.873s] GC(409)   Pre Evacuate Collection Set: 0.4ms
[2024-03-24T20:15:36.849+0800][1330.873s] GC(409)   Merge Heap Roots: 0.2ms
[2024-03-24T20:15:36.849+0800][1330.873s] GC(409)   Evacuate Collection Set: 3.1ms
[2024-03-24T20:15:36.849+0800][1330.873s] GC(409)   Post Evacuate Collection Set: 1.3ms
[2024-03-24T20:15:36.849+0800][1330.873s] GC(409)   Other: 0.2ms
[2024-03-24T20:15:36.849+0800][1330.873s] GC(409) Eden regions: 305->0(305)
[2024-03-24T20:15:36.849+0800][1330.873s] GC(409) Survivor regions: 2->2(39)
[2024-03-24T20:15:36.849+0800][1330.873s] GC(409) Old regions: 47->47
[2024-03-24T20:15:36.849+0800][1330.873s] GC(409) Humongous regions: 4->4
[2024-03-24T20:15:36.849+0800][1330.873s] GC(409) Metaspace: 65838K(66688K)->65838K(66688K) NonClass: 58445K(58944K)->58445K(58944K) Class: 7392K(7744K)->7392K(7744K)
[2024-03-24T20:15:36.849+0800][1330.873s] GC(409) Pause Young (Normal) (G1 Evacuation Pause) 357M->51M(512M) 5.866ms
[2024-03-24T20:15:36.849+0800][1330.873s] GC(409) User=0.00s Sys=0.00s Real=0.01s
[2024-03-24T20:15:39.435+0800][1333.459s] GC(410) Pause Young (Normal) (G1 Evacuation Pause)
[2024-03-24T20:15:39.435+0800][1333.459s] GC(410) Using 8 workers of 8 for evacuation
[2024-03-24T20:15:39.435+0800][1333.464s] GC(410)   Pre Evacuate Collection Set: 0.3ms
[2024-03-24T20:15:39.435+0800][1333.464s] GC(410)   Merge Heap Roots: 0.2ms
[2024-03-24T20:15:39.435+0800][1333.464s] GC(410)   Evacuate Collection Set: 2.8ms
[2024-03-24T20:15:39.435+0800][1333.464s] GC(410)   Post Evacuate Collection Set: 0.9ms
[2024-03-24T20:15:39.435+0800][1333.464s] GC(410)   Other: 0.2ms
[2024-03-24T20:15:39.435+0800][1333.464s] GC(410) Eden regions: 305->0(305)
[2024-03-24T20:15:39.435+0800][1333.464s] GC(410) Survivor regions: 2->2(39)
[2024-03-24T20:15:39.435+0800][1333.464s] GC(410) Old regions: 47->47
[2024-03-24T20:15:39.435+0800][1333.464s] GC(410) Humongous regions: 4->4
[2024-03-24T20:15:39.435+0800][1333.464s] GC(410) Metaspace: 65838K(66688K)->65838K(66688K) NonClass: 58445K(58944K)->58445K(58944K) Class: 7392K(7744K)->7392K(7744K)
[2024-03-24T20:15:39.442+0800][1333.464s] GC(410) Pause Young (Normal) (G1 Evacuation Pause) 356M->51M(512M) 5.255ms
[2024-03-24T20:15:39.442+0800][1333.464s] GC(410) User=0.00s Sys=0.00s Real=0.01s
[2024-03-24T20:15:42.044+0800][1336.068s] GC(411) Pause Young (Normal) (G1 Evacuation Pause)
[2024-03-24T20:15:42.044+0800][1336.068s] GC(411) Using 8 workers of 8 for evacuation
[2024-03-24T20:15:42.044+0800][1336.073s] GC(411)   Pre Evacuate Collection Set: 0.2ms
[2024-03-24T20:15:42.044+0800][1336.073s] GC(411)   Merge Heap Roots: 0.2ms
[2024-03-24T20:15:42.044+0800][1336.073s] GC(411)   Evacuate Collection Set: 3.5ms
[2024-03-24T20:15:42.044+0800][1336.073s] GC(411)   Post Evacuate Collection Set: 0.9ms
[2024-03-24T20:15:42.044+0800][1336.073s] GC(411)   Other: 0.2ms
[2024-03-24T20:15:42.044+0800][1336.073s] GC(411) Eden regions: 305->0(305)
[2024-03-24T20:15:42.044+0800][1336.073s] GC(411) Survivor regions: 2->2(39)
[2024-03-24T20:15:42.044+0800][1336.073s] GC(411) Old regions: 47->47
[2024-03-24T20:15:42.044+0800][1336.073s] GC(411) Humongous regions: 4->4
[2024-03-24T20:15:42.044+0800][1336.073s] GC(411) Metaspace: 65838K(66688K)->65838K(66688K) NonClass: 58445K(58944K)->58445K(58944K) Class: 7392K(7744K)->7392K(7744K)
[2024-03-24T20:15:42.044+0800][1336.074s] GC(411) Pause Young (Normal) (G1 Evacuation Pause) 356M->52M(512M) 5.727ms
[2024-03-24T20:15:42.044+0800][1336.074s] GC(411) User=0.00s Sys=0.00s Real=0.00s
[2024-03-24T20:15:44.740+0800][1338.763s] GC(412) Pause Young (Normal) (G1 Evacuation Pause)
[2024-03-24T20:15:44.740+0800][1338.764s] GC(412) Using 8 workers of 8 for evacuation
[2024-03-24T20:15:44.745+0800][1338.769s] GC(412)   Pre Evacuate Collection Set: 0.6ms
[2024-03-24T20:15:44.745+0800][1338.769s] GC(412)   Merge Heap Roots: 0.4ms
[2024-03-24T20:15:44.745+0800][1338.769s] GC(412)   Evacuate Collection Set: 3.0ms
[2024-03-24T20:15:44.745+0800][1338.769s] GC(412)   Post Evacuate Collection Set: 1.2ms
[2024-03-24T20:15:44.745+0800][1338.769s] GC(412)   Other: 0.4ms
[2024-03-24T20:15:44.745+0800][1338.770s] GC(412) Eden regions: 305->0(305)
[2024-03-24T20:15:44.745+0800][1338.770s] GC(412) Survivor regions: 2->2(39)
[2024-03-24T20:15:44.745+0800][1338.770s] GC(412) Old regions: 47->47
[2024-03-24T20:15:44.745+0800][1338.770s] GC(412) Humongous regions: 4->4
[2024-03-24T20:15:44.745+0800][1338.770s] GC(412) Metaspace: 65838K(66688K)->65838K(66688K) NonClass: 58445K(58944K)->58445K(58944K) Class: 7392K(7744K)->7392K(7744K)
[2024-03-24T20:15:44.745+0800][1338.770s] GC(412) Pause Young (Normal) (G1 Evacuation Pause) 357M->52M(512M) 6.732ms
[2024-03-24T20:15:44.745+0800][1338.770s] GC(412) User=0.00s Sys=0.00s Real=0.00s
[2024-03-24T20:15:47.223+0800][1341.250s] GC(413) Pause Young (Normal) (G1 Evacuation Pause)
[2024-03-24T20:15:47.223+0800][1341.251s] GC(413) Using 8 workers of 8 for evacuation
[2024-03-24T20:15:47.232+0800][1341.255s] GC(413)   Pre Evacuate Collection Set: 0.5ms
[2024-03-24T20:15:47.232+0800][1341.255s] GC(413)   Merge Heap Roots: 0.2ms
[2024-03-24T20:15:47.232+0800][1341.255s] GC(413)   Evacuate Collection Set: 2.5ms
[2024-03-24T20:15:47.232+0800][1341.255s] GC(413)   Post Evacuate Collection Set: 1.1ms
[2024-03-24T20:15:47.232+0800][1341.255s] GC(413)   Other: 0.2ms
[2024-03-24T20:15:47.232+0800][1341.255s] GC(413) Eden regions: 305->0(305)
[2024-03-24T20:15:47.232+0800][1341.255s] GC(413) Survivor regions: 2->2(39)
[2024-03-24T20:15:47.232+0800][1341.256s] GC(413) Old regions: 47->47
[2024-03-24T20:15:47.232+0800][1341.256s] GC(413) Humongous regions: 4->4
[2024-03-24T20:15:47.232+0800][1341.256s] GC(413) Metaspace: 65838K(66688K)->65838K(66688K) NonClass: 58445K(58944K)->58445K(58944K) Class: 7392K(7744K)->7392K(7744K)
[2024-03-24T20:15:47.232+0800][1341.256s] GC(413) Pause Young (Normal) (G1 Evacuation Pause) 357M->52M(512M) 5.177ms
[2024-03-24T20:15:47.232+0800][1341.256s] GC(413) User=0.02s Sys=0.00s Real=0.01s
[2024-03-24T20:15:49.784+0800][1343.807s] GC(414) Pause Young (Normal) (G1 Evacuation Pause)
[2024-03-24T20:15:49.785+0800][1343.807s] GC(414) Using 8 workers of 8 for evacuation
[2024-03-24T20:15:49.789+0800][1343.812s] GC(414)   Pre Evacuate Collection Set: 0.3ms
[2024-03-24T20:15:49.789+0800][1343.813s] GC(414)   Merge Heap Roots: 0.2ms
[2024-03-24T20:15:49.789+0800][1343.813s] GC(414)   Evacuate Collection Set: 3.0ms
[2024-03-24T20:15:49.789+0800][1343.813s] GC(414)   Post Evacuate Collection Set: 1.3ms
[2024-03-24T20:15:49.789+0800][1343.813s] GC(414)   Other: 0.2ms
[2024-03-24T20:15:49.789+0800][1343.813s] GC(414) Eden regions: 305->0(305)
[2024-03-24T20:15:49.789+0800][1343.813s] GC(414) Survivor regions: 2->2(39)
[2024-03-24T20:15:49.789+0800][1343.813s] GC(414) Old regions: 47->47
[2024-03-24T20:15:49.789+0800][1343.813s] GC(414) Humongous regions: 4->4
[2024-03-24T20:15:49.789+0800][1343.813s] GC(414) Metaspace: 65838K(66688K)->65838K(66688K) NonClass: 58445K(58944K)->58445K(58944K) Class: 7392K(7744K)->7392K(7744K)
[2024-03-24T20:15:49.790+0800][1343.813s] GC(414) Pause Young (Normal) (G1 Evacuation Pause) 357M->52M(512M) 5.584ms
[2024-03-24T20:15:49.790+0800][1343.813s] GC(414) User=0.00s Sys=0.00s Real=0.01s
[2024-03-24T20:15:52.295+0800][1346.322s] GC(415) Pause Young (Normal) (G1 Evacuation Pause)
[2024-03-24T20:15:52.295+0800][1346.322s] GC(415) Using 8 workers of 8 for evacuation
[2024-03-24T20:15:52.295+0800][1346.327s] GC(415)   Pre Evacuate Collection Set: 0.5ms
[2024-03-24T20:15:52.295+0800][1346.327s] GC(415)   Merge Heap Roots: 0.2ms
[2024-03-24T20:15:52.295+0800][1346.327s] GC(415)   Evacuate Collection Set: 2.7ms
[2024-03-24T20:15:52.305+0800][1346.327s] GC(415)   Post Evacuate Collection Set: 1.1ms
[2024-03-24T20:15:52.305+0800][1346.327s] GC(415)   Other: 0.2ms
[2024-03-24T20:15:52.305+0800][1346.328s] GC(415) Eden regions: 305->0(305)
[2024-03-24T20:15:52.305+0800][1346.328s] GC(415) Survivor regions: 2->2(39)
[2024-03-24T20:15:52.305+0800][1346.328s] GC(415) Old regions: 47->47
[2024-03-24T20:15:52.305+0800][1346.328s] GC(415) Humongous regions: 4->4
[2024-03-24T20:15:52.305+0800][1346.328s] GC(415) Metaspace: 65838K(66688K)->65838K(66688K) NonClass: 58445K(58944K)->58445K(58944K) Class: 7392K(7744K)->7392K(7744K)
[2024-03-24T20:15:52.305+0800][1346.328s] GC(415) Pause Young (Normal) (G1 Evacuation Pause) 357M->52M(512M) 5.574ms
[2024-03-24T20:15:52.305+0800][1346.328s] GC(415) User=0.00s Sys=0.00s Real=0.01s
[2024-03-24T20:15:54.874+0800][1348.903s] GC(416) Pause Young (Normal) (G1 Evacuation Pause)
[2024-03-24T20:15:54.874+0800][1348.903s] GC(416) Using 8 workers of 8 for evacuation
[2024-03-24T20:15:54.885+0800][1348.909s] GC(416)   Pre Evacuate Collection Set: 0.5ms
[2024-03-24T20:15:54.885+0800][1348.909s] GC(416)   Merge Heap Roots: 0.2ms
[2024-03-24T20:15:54.885+0800][1348.909s] GC(416)   Evacuate Collection Set: 2.9ms
[2024-03-24T20:15:54.885+0800][1348.909s] GC(416)   Post Evacuate Collection Set: 1.3ms
[2024-03-24T20:15:54.885+0800][1348.909s] GC(416)   Other: 0.2ms
[2024-03-24T20:15:54.885+0800][1348.909s] GC(416) Eden regions: 305->0(305)
[2024-03-24T20:15:54.885+0800][1348.909s] GC(416) Survivor regions: 2->2(39)
[2024-03-24T20:15:54.885+0800][1348.909s] GC(416) Old regions: 47->47
[2024-03-24T20:15:54.885+0800][1348.909s] GC(416) Humongous regions: 4->4
[2024-03-24T20:15:54.885+0800][1348.909s] GC(416) Metaspace: 65838K(66688K)->65838K(66688K) NonClass: 58445K(58944K)->58445K(58944K) Class: 7392K(7744K)->7392K(7744K)
[2024-03-24T20:15:54.885+0800][1348.909s] GC(416) Pause Young (Normal) (G1 Evacuation Pause) 357M->52M(512M) 5.709ms
[2024-03-24T20:15:54.885+0800][1348.909s] GC(416) User=0.00s Sys=0.00s Real=0.01s
[2024-03-24T20:15:57.286+0800][1351.311s] GC(417) Pause Young (Normal) (G1 Evacuation Pause)
[2024-03-24T20:15:57.286+0800][1351.311s] GC(417) Using 8 workers of 8 for evacuation
[2024-03-24T20:15:57.291+0800][1351.315s] GC(417)   Pre Evacuate Collection Set: 0.4ms
[2024-03-24T20:15:57.291+0800][1351.315s] GC(417)   Merge Heap Roots: 0.4ms
[2024-03-24T20:15:57.291+0800][1351.315s] GC(417)   Evacuate Collection Set: 1.9ms
[2024-03-24T20:15:57.291+0800][1351.315s] GC(417)   Post Evacuate Collection Set: 0.9ms
[2024-03-24T20:15:57.291+0800][1351.315s] GC(417)   Other: 0.2ms
[2024-03-24T20:15:57.291+0800][1351.315s] GC(417) Eden regions: 305->0(305)
[2024-03-24T20:15:57.291+0800][1351.315s] GC(417) Survivor regions: 2->2(39)
[2024-03-24T20:15:57.291+0800][1351.315s] GC(417) Old regions: 47->47
[2024-03-24T20:15:57.291+0800][1351.315s] GC(417) Humongous regions: 4->4
[2024-03-24T20:15:57.291+0800][1351.315s] GC(417) Metaspace: 65838K(66688K)->65838K(66688K) NonClass: 58445K(58944K)->58445K(58944K) Class: 7392K(7744K)->7392K(7744K)
[2024-03-24T20:15:57.291+0800][1351.315s] GC(417) Pause Young (Normal) (G1 Evacuation Pause) 357M->52M(512M) 4.365ms
[2024-03-24T20:15:57.291+0800][1351.315s] GC(417) User=0.03s Sys=0.00s Real=0.00s
[2024-03-24T20:15:59.970+0800][1353.995s] GC(418) Pause Young (Normal) (G1 Evacuation Pause)
[2024-03-24T20:15:59.970+0800][1353.995s] GC(418) Using 8 workers of 8 for evacuation
[2024-03-24T20:15:59.974+0800][1354.000s] GC(418)   Pre Evacuate Collection Set: 0.4ms
[2024-03-24T20:15:59.974+0800][1354.001s] GC(418)   Merge Heap Roots: 0.3ms
[2024-03-24T20:15:59.974+0800][1354.001s] GC(418)   Evacuate Collection Set: 2.7ms
[2024-03-24T20:15:59.974+0800][1354.001s] GC(418)   Post Evacuate Collection Set: 1.4ms
[2024-03-24T20:15:59.974+0800][1354.001s] GC(418)   Other: 0.2ms
[2024-03-24T20:15:59.974+0800][1354.001s] GC(418) Eden regions: 305->0(305)
[2024-03-24T20:15:59.974+0800][1354.001s] GC(418) Survivor regions: 2->2(39)
[2024-03-24T20:15:59.974+0800][1354.001s] GC(418) Old regions: 47->47
[2024-03-24T20:15:59.974+0800][1354.001s] GC(418) Humongous regions: 4->4
[2024-03-24T20:15:59.974+0800][1354.001s] GC(418) Metaspace: 65838K(66688K)->65838K(66688K) NonClass: 58445K(58944K)->58445K(58944K) Class: 7392K(7744K)->7392K(7744K)
[2024-03-24T20:15:59.974+0800][1354.001s] GC(418) Pause Young (Normal) (G1 Evacuation Pause) 357M->52M(512M) 5.632ms
[2024-03-24T20:15:59.974+0800][1354.001s] GC(418) User=0.00s Sys=0.00s Real=0.00s
[2024-03-24T20:16:02.372+0800][1356.398s] GC(419) Pause Young (Normal) (G1 Evacuation Pause)
[2024-03-24T20:16:02.372+0800][1356.398s] GC(419) Using 8 workers of 8 for evacuation
[2024-03-24T20:16:02.378+0800][1356.402s] GC(419)   Pre Evacuate Collection Set: 0.4ms
[2024-03-24T20:16:02.378+0800][1356.402s] GC(419)   Merge Heap Roots: 0.1ms
[2024-03-24T20:16:02.378+0800][1356.402s] GC(419)   Evacuate Collection Set: 2.0ms
[2024-03-24T20:16:02.378+0800][1356.402s] GC(419)   Post Evacuate Collection Set: 1.0ms
[2024-03-24T20:16:02.378+0800][1356.402s] GC(419)   Other: 0.2ms
[2024-03-24T20:16:02.378+0800][1356.403s] GC(419) Eden regions: 305->0(305)
[2024-03-24T20:16:02.380+0800][1356.403s] GC(419) Survivor regions: 2->2(39)
[2024-03-24T20:16:02.380+0800][1356.403s] GC(419) Old regions: 47->47
[2024-03-24T20:16:02.380+0800][1356.403s] GC(419) Humongous regions: 4->4
[2024-03-24T20:16:02.380+0800][1356.403s] GC(419) Metaspace: 65838K(66688K)->65838K(66688K) NonClass: 58445K(58944K)->58445K(58944K) Class: 7392K(7744K)->7392K(7744K)
[2024-03-24T20:16:02.380+0800][1356.403s] GC(419) Pause Young (Normal) (G1 Evacuation Pause) 357M->52M(512M) 4.597ms
[2024-03-24T20:16:02.380+0800][1356.403s] GC(419) User=0.00s Sys=0.00s Real=0.01s
[2024-03-24T20:16:04.939+0800][1358.963s] GC(420) Pause Young (Normal) (G1 Evacuation Pause)
[2024-03-24T20:16:04.939+0800][1358.963s] GC(420) Using 8 workers of 8 for evacuation
[2024-03-24T20:16:04.939+0800][1358.968s] GC(420)   Pre Evacuate Collection Set: 0.5ms
[2024-03-24T20:16:04.939+0800][1358.968s] GC(420)   Merge Heap Roots: 0.2ms
[2024-03-24T20:16:04.939+0800][1358.968s] GC(420)   Evacuate Collection Set: 2.8ms
[2024-03-24T20:16:04.939+0800][1358.969s] GC(420)   Post Evacuate Collection Set: 1.3ms
[2024-03-24T20:16:04.939+0800][1358.969s] GC(420)   Other: 0.2ms
[2024-03-24T20:16:04.939+0800][1358.969s] GC(420) Eden regions: 305->0(305)
[2024-03-24T20:16:04.939+0800][1358.969s] GC(420) Survivor regions: 2->2(39)
[2024-03-24T20:16:04.946+0800][1358.969s] GC(420) Old regions: 47->47
[2024-03-24T20:16:04.946+0800][1358.969s] GC(420) Humongous regions: 4->4
[2024-03-24T20:16:04.946+0800][1358.969s] GC(420) Metaspace: 65838K(66688K)->65838K(66688K) NonClass: 58445K(58944K)->58445K(58944K) Class: 7392K(7744K)->7392K(7744K)
[2024-03-24T20:16:04.946+0800][1358.969s] GC(420) Pause Young (Normal) (G1 Evacuation Pause) 357M->52M(512M) 5.771ms
[2024-03-24T20:16:04.946+0800][1358.969s] GC(420) User=0.00s Sys=0.00s Real=0.01s
[2024-03-24T20:16:07.543+0800][1361.568s] GC(421) Pause Young (Normal) (G1 Evacuation Pause)
[2024-03-24T20:16:07.543+0800][1361.568s] GC(421) Using 8 workers of 8 for evacuation
[2024-03-24T20:16:07.543+0800][1361.573s] GC(421)   Pre Evacuate Collection Set: 0.6ms
[2024-03-24T20:16:07.551+0800][1361.574s] GC(421)   Merge Heap Roots: 0.4ms
[2024-03-24T20:16:07.551+0800][1361.574s] GC(421)   Evacuate Collection Set: 2.6ms
[2024-03-24T20:16:07.551+0800][1361.574s] GC(421)   Post Evacuate Collection Set: 1.4ms
[2024-03-24T20:16:07.551+0800][1361.574s] GC(421)   Other: 0.4ms
[2024-03-24T20:16:07.551+0800][1361.574s] GC(421) Eden regions: 305->0(305)
[2024-03-24T20:16:07.551+0800][1361.574s] GC(421) Survivor regions: 2->2(39)
[2024-03-24T20:16:07.551+0800][1361.574s] GC(421) Old regions: 47->47
[2024-03-24T20:16:07.551+0800][1361.574s] GC(421) Humongous regions: 4->4
[2024-03-24T20:16:07.551+0800][1361.574s] GC(421) Metaspace: 65838K(66688K)->65838K(66688K) NonClass: 58445K(58944K)->58445K(58944K) Class: 7392K(7744K)->7392K(7744K)
[2024-03-24T20:16:07.551+0800][1361.574s] GC(421) Pause Young (Normal) (G1 Evacuation Pause) 357M->52M(512M) 5.996ms
[2024-03-24T20:16:07.551+0800][1361.574s] GC(421) User=0.00s Sys=0.00s Real=0.01s
[2024-03-24T20:16:10.116+0800][1364.142s] GC(422) Pause Young (Normal) (G1 Evacuation Pause)
[2024-03-24T20:16:10.116+0800][1364.142s] GC(422) Using 8 workers of 8 for evacuation
[2024-03-24T20:16:10.122+0800][1364.146s] GC(422)   Pre Evacuate Collection Set: 0.6ms
[2024-03-24T20:16:10.122+0800][1364.146s] GC(422)   Merge Heap Roots: 0.5ms
[2024-03-24T20:16:10.122+0800][1364.146s] GC(422)   Evacuate Collection Set: 1.8ms
[2024-03-24T20:16:10.122+0800][1364.146s] GC(422)   Post Evacuate Collection Set: 1.0ms
[2024-03-24T20:16:10.122+0800][1364.146s] GC(422)   Other: 0.3ms
[2024-03-24T20:16:10.122+0800][1364.147s] GC(422) Eden regions: 305->0(305)
[2024-03-24T20:16:10.122+0800][1364.147s] GC(422) Survivor regions: 2->2(39)
[2024-03-24T20:16:10.122+0800][1364.147s] GC(422) Old regions: 47->47
[2024-03-24T20:16:10.122+0800][1364.147s] GC(422) Humongous regions: 4->4
[2024-03-24T20:16:10.122+0800][1364.147s] GC(422) Metaspace: 65838K(66688K)->65838K(66688K) NonClass: 58445K(58944K)->58445K(58944K) Class: 7392K(7744K)->7392K(7744K)
[2024-03-24T20:16:10.122+0800][1364.147s] GC(422) Pause Young (Normal) (G1 Evacuation Pause) 357M->52M(512M) 5.013ms
[2024-03-24T20:16:10.122+0800][1364.147s] GC(422) User=0.02s Sys=0.00s Real=0.01s
[2024-03-24T20:16:12.789+0800][1366.811s] GC(423) Pause Young (Normal) (G1 Evacuation Pause)
[2024-03-24T20:16:12.789+0800][1366.811s] GC(423) Using 8 workers of 8 for evacuation
[2024-03-24T20:16:12.790+0800][1366.816s] GC(423)   Pre Evacuate Collection Set: 0.3ms
[2024-03-24T20:16:12.790+0800][1366.816s] GC(423)   Merge Heap Roots: 0.2ms
[2024-03-24T20:16:12.790+0800][1366.816s] GC(423)   Evacuate Collection Set: 2.4ms
[2024-03-24T20:16:12.790+0800][1366.816s] GC(423)   Post Evacuate Collection Set: 1.0ms
[2024-03-24T20:16:12.793+0800][1366.816s] GC(423)   Other: 0.2ms
[2024-03-24T20:16:12.793+0800][1366.816s] GC(423) Eden regions: 305->0(305)
[2024-03-24T20:16:12.793+0800][1366.816s] GC(423) Survivor regions: 2->2(39)
[2024-03-24T20:16:12.793+0800][1366.816s] GC(423) Old regions: 47->47
[2024-03-24T20:16:12.793+0800][1366.816s] GC(423) Humongous regions: 4->4
[2024-03-24T20:16:12.793+0800][1366.816s] GC(423) Metaspace: 65838K(66688K)->65838K(66688K) NonClass: 58445K(58944K)->58445K(58944K) Class: 7392K(7744K)->7392K(7744K)
[2024-03-24T20:16:12.793+0800][1366.816s] GC(423) Pause Young (Normal) (G1 Evacuation Pause) 357M->52M(512M) 4.877ms
[2024-03-24T20:16:12.793+0800][1366.816s] GC(423) User=0.00s Sys=0.00s Real=0.00s
[2024-03-24T20:16:15.427+0800][1369.450s] GC(424) Pause Young (Normal) (G1 Evacuation Pause)
[2024-03-24T20:16:15.427+0800][1369.450s] GC(424) Using 8 workers of 8 for evacuation
[2024-03-24T20:16:15.433+0800][1369.457s] GC(424)   Pre Evacuate Collection Set: 0.3ms
[2024-03-24T20:16:15.433+0800][1369.457s] GC(424)   Merge Heap Roots: 0.2ms
[2024-03-24T20:16:15.433+0800][1369.457s] GC(424)   Evacuate Collection Set: 4.3ms
[2024-03-24T20:16:15.433+0800][1369.457s] GC(424)   Post Evacuate Collection Set: 1.3ms
[2024-03-24T20:16:15.433+0800][1369.457s] GC(424)   Other: 0.2ms
[2024-03-24T20:16:15.433+0800][1369.457s] GC(424) Eden regions: 305->0(305)
[2024-03-24T20:16:15.433+0800][1369.457s] GC(424) Survivor regions: 2->2(39)
[2024-03-24T20:16:15.433+0800][1369.457s] GC(424) Old regions: 47->47
[2024-03-24T20:16:15.433+0800][1369.457s] GC(424) Humongous regions: 4->4
[2024-03-24T20:16:15.433+0800][1369.457s] GC(424) Metaspace: 65838K(66688K)->65838K(66688K) NonClass: 58445K(58944K)->58445K(58944K) Class: 7392K(7744K)->7392K(7744K)
[2024-03-24T20:16:15.433+0800][1369.457s] GC(424) Pause Young (Normal) (G1 Evacuation Pause) 357M->52M(512M) 7.080ms
[2024-03-24T20:16:15.433+0800][1369.457s] GC(424) User=0.02s Sys=0.00s Real=0.01s
[2024-03-24T20:16:17.855+0800][1371.878s] GC(425) Pause Young (Normal) (G1 Evacuation Pause)
[2024-03-24T20:16:17.855+0800][1371.878s] GC(425) Using 8 workers of 8 for evacuation
[2024-03-24T20:16:17.858+0800][1371.881s] GC(425)   Pre Evacuate Collection Set: 0.3ms
[2024-03-24T20:16:17.858+0800][1371.881s] GC(425)   Merge Heap Roots: 0.1ms
[2024-03-24T20:16:17.858+0800][1371.881s] GC(425)   Evacuate Collection Set: 1.5ms
[2024-03-24T20:16:17.858+0800][1371.881s] GC(425)   Post Evacuate Collection Set: 0.7ms
[2024-03-24T20:16:17.858+0800][1371.881s] GC(425)   Other: 0.2ms
[2024-03-24T20:16:17.858+0800][1371.881s] GC(425) Eden regions: 305->0(305)
[2024-03-24T20:16:17.858+0800][1371.882s] GC(425) Survivor regions: 2->2(39)
[2024-03-24T20:16:17.858+0800][1371.882s] GC(425) Old regions: 47->48
[2024-03-24T20:16:17.858+0800][1371.882s] GC(425) Humongous regions: 4->4
[2024-03-24T20:16:17.858+0800][1371.882s] GC(425) Metaspace: 65838K(66688K)->65838K(66688K) NonClass: 58445K(58944K)->58445K(58944K) Class: 7392K(7744K)->7392K(7744K)
[2024-03-24T20:16:17.858+0800][1371.882s] GC(425) Pause Young (Normal) (G1 Evacuation Pause) 357M->52M(512M) 3.379ms
[2024-03-24T20:16:17.858+0800][1371.882s] GC(425) User=0.02s Sys=0.00s Real=0.00s
[2024-03-24T20:16:20.662+0800][1374.685s] GC(426) Pause Young (Normal) (G1 Evacuation Pause)
[2024-03-24T20:16:20.662+0800][1374.685s] GC(426) Using 8 workers of 8 for evacuation
[2024-03-24T20:16:20.667+0800][1374.691s] GC(426)   Pre Evacuate Collection Set: 0.5ms
[2024-03-24T20:16:20.667+0800][1374.691s] GC(426)   Merge Heap Roots: 0.5ms
[2024-03-24T20:16:20.667+0800][1374.691s] GC(426)   Evacuate Collection Set: 3.5ms
[2024-03-24T20:16:20.667+0800][1374.692s] GC(426)   Post Evacuate Collection Set: 1.2ms
[2024-03-24T20:16:20.667+0800][1374.692s] GC(426)   Other: 0.3ms
[2024-03-24T20:16:20.667+0800][1374.692s] GC(426) Eden regions: 305->0(305)
[2024-03-24T20:16:20.667+0800][1374.692s] GC(426) Survivor regions: 2->2(39)
[2024-03-24T20:16:20.667+0800][1374.692s] GC(426) Old regions: 48->48
[2024-03-24T20:16:20.667+0800][1374.692s] GC(426) Humongous regions: 4->4
[2024-03-24T20:16:20.667+0800][1374.692s] GC(426) Metaspace: 65838K(66688K)->65838K(66688K) NonClass: 58445K(58944K)->58445K(58944K) Class: 7392K(7744K)->7392K(7744K)
[2024-03-24T20:16:20.667+0800][1374.692s] GC(426) Pause Young (Normal) (G1 Evacuation Pause) 357M->52M(512M) 7.386ms
[2024-03-24T20:16:20.667+0800][1374.692s] GC(426) User=0.00s Sys=0.00s Real=0.01s
[2024-03-24T20:16:23.155+0800][1377.184s] GC(427) Pause Young (Normal) (G1 Evacuation Pause)
[2024-03-24T20:16:23.155+0800][1377.184s] GC(427) Using 8 workers of 8 for evacuation
[2024-03-24T20:16:23.165+0800][1377.189s] GC(427)   Pre Evacuate Collection Set: 0.3ms
[2024-03-24T20:16:23.165+0800][1377.189s] GC(427)   Merge Heap Roots: 0.8ms
[2024-03-24T20:16:23.165+0800][1377.189s] GC(427)   Evacuate Collection Set: 2.3ms
[2024-03-24T20:16:23.165+0800][1377.189s] GC(427)   Post Evacuate Collection Set: 1.2ms
[2024-03-24T20:16:23.165+0800][1377.189s] GC(427)   Other: 0.2ms
[2024-03-24T20:16:23.165+0800][1377.189s] GC(427) Eden regions: 305->0(305)
[2024-03-24T20:16:23.165+0800][1377.189s] GC(427) Survivor regions: 2->2(39)
[2024-03-24T20:16:23.165+0800][1377.189s] GC(427) Old regions: 48->48
[2024-03-24T20:16:23.165+0800][1377.189s] GC(427) Humongous regions: 4->4
[2024-03-24T20:16:23.165+0800][1377.189s] GC(427) Metaspace: 65838K(66688K)->65838K(66688K) NonClass: 58445K(58944K)->58445K(58944K) Class: 7392K(7744K)->7392K(7744K)
[2024-03-24T20:16:23.165+0800][1377.189s] GC(427) Pause Young (Normal) (G1 Evacuation Pause) 357M->52M(512M) 5.809ms
[2024-03-24T20:16:23.165+0800][1377.189s] GC(427) User=0.00s Sys=0.00s Real=0.01s
[2024-03-24T20:16:25.513+0800][1379.536s] GC(428) Pause Young (Normal) (G1 Evacuation Pause)
[2024-03-24T20:16:25.513+0800][1379.536s] GC(428) Using 8 workers of 8 for evacuation
[2024-03-24T20:16:25.513+0800][1379.540s] GC(428)   Pre Evacuate Collection Set: 0.3ms
[2024-03-24T20:16:25.513+0800][1379.541s] GC(428)   Merge Heap Roots: 0.2ms
[2024-03-24T20:16:25.513+0800][1379.541s] GC(428)   Evacuate Collection Set: 2.5ms
[2024-03-24T20:16:25.513+0800][1379.541s] GC(428)   Post Evacuate Collection Set: 0.8ms
[2024-03-24T20:16:25.513+0800][1379.541s] GC(428)   Other: 0.3ms
[2024-03-24T20:16:25.513+0800][1379.541s] GC(428) Eden regions: 305->0(305)
[2024-03-24T20:16:25.513+0800][1379.541s] GC(428) Survivor regions: 2->2(39)
[2024-03-24T20:16:25.513+0800][1379.541s] GC(428) Old regions: 48->48
[2024-03-24T20:16:25.513+0800][1379.541s] GC(428) Humongous regions: 4->4
[2024-03-24T20:16:25.513+0800][1379.541s] GC(428) Metaspace: 65838K(66688K)->65838K(66688K) NonClass: 58445K(58944K)->58445K(58944K) Class: 7392K(7744K)->7392K(7744K)
[2024-03-24T20:16:25.513+0800][1379.541s] GC(428) Pause Young (Normal) (G1 Evacuation Pause) 357M->52M(512M) 5.200ms
[2024-03-24T20:16:25.513+0800][1379.541s] GC(428) User=0.00s Sys=0.00s Real=0.00s
[2024-03-24T20:16:28.209+0800][1382.236s] GC(429) Pause Young (Normal) (G1 Evacuation Pause)
[2024-03-24T20:16:28.209+0800][1382.236s] GC(429) Using 8 workers of 8 for evacuation
[2024-03-24T20:16:28.215+0800][1382.240s] GC(429)   Pre Evacuate Collection Set: 0.3ms
[2024-03-24T20:16:28.215+0800][1382.240s] GC(429)   Merge Heap Roots: 0.1ms
[2024-03-24T20:16:28.215+0800][1382.240s] GC(429)   Evacuate Collection Set: 2.3ms
[2024-03-24T20:16:28.215+0800][1382.241s] GC(429)   Post Evacuate Collection Set: 0.9ms
[2024-03-24T20:16:28.215+0800][1382.241s] GC(429)   Other: 0.2ms
[2024-03-24T20:16:28.215+0800][1382.241s] GC(429) Eden regions: 305->0(305)
[2024-03-24T20:16:28.215+0800][1382.241s] GC(429) Survivor regions: 2->2(39)
[2024-03-24T20:16:28.215+0800][1382.241s] GC(429) Old regions: 48->48
[2024-03-24T20:16:28.215+0800][1382.241s] GC(429) Humongous regions: 4->4
[2024-03-24T20:16:28.215+0800][1382.241s] GC(429) Metaspace: 65838K(66688K)->65838K(66688K) NonClass: 58445K(58944K)->58445K(58944K) Class: 7392K(7744K)->7392K(7744K)
[2024-03-24T20:16:28.215+0800][1382.241s] GC(429) Pause Young (Normal) (G1 Evacuation Pause) 357M->52M(512M) 4.630ms
[2024-03-24T20:16:28.215+0800][1382.241s] GC(429) User=0.02s Sys=0.00s Real=0.01s
[2024-03-24T20:16:30.739+0800][1384.769s] GC(430) Pause Young (Normal) (G1 Evacuation Pause)
[2024-03-24T20:16:30.739+0800][1384.769s] GC(430) Using 8 workers of 8 for evacuation
[2024-03-24T20:16:30.749+0800][1384.774s] GC(430)   Pre Evacuate Collection Set: 0.3ms
[2024-03-24T20:16:30.749+0800][1384.774s] GC(430)   Merge Heap Roots: 0.2ms
[2024-03-24T20:16:30.749+0800][1384.774s] GC(430)   Evacuate Collection Set: 3.5ms
[2024-03-24T20:16:30.749+0800][1384.774s] GC(430)   Post Evacuate Collection Set: 1.0ms
[2024-03-24T20:16:30.749+0800][1384.774s] GC(430)   Other: 0.2ms
[2024-03-24T20:16:30.749+0800][1384.774s] GC(430) Eden regions: 305->0(305)
[2024-03-24T20:16:30.749+0800][1384.775s] GC(430) Survivor regions: 2->2(39)
[2024-03-24T20:16:30.749+0800][1384.775s] GC(430) Old regions: 48->48
[2024-03-24T20:16:30.749+0800][1384.775s] GC(430) Humongous regions: 4->4
[2024-03-24T20:16:30.749+0800][1384.775s] GC(430) Metaspace: 65838K(66688K)->65838K(66688K) NonClass: 58445K(58944K)->58445K(58944K) Class: 7392K(7744K)->7392K(7744K)
[2024-03-24T20:16:30.749+0800][1384.775s] GC(430) Pause Young (Normal) (G1 Evacuation Pause) 357M->52M(512M) 5.824ms
[2024-03-24T20:16:30.749+0800][1384.775s] GC(430) User=0.02s Sys=0.00s Real=0.01s
[2024-03-24T20:16:33.364+0800][1387.387s] GC(431) Pause Young (Normal) (G1 Evacuation Pause)
[2024-03-24T20:16:33.364+0800][1387.388s] GC(431) Using 8 workers of 8 for evacuation
[2024-03-24T20:16:33.369+0800][1387.394s] GC(431)   Pre Evacuate Collection Set: 0.3ms
[2024-03-24T20:16:33.369+0800][1387.394s] GC(431)   Merge Heap Roots: 0.2ms
[2024-03-24T20:16:33.369+0800][1387.394s] GC(431)   Evacuate Collection Set: 4.2ms
[2024-03-24T20:16:33.369+0800][1387.394s] GC(431)   Post Evacuate Collection Set: 1.1ms
[2024-03-24T20:16:33.369+0800][1387.394s] GC(431)   Other: 0.2ms
[2024-03-24T20:16:33.369+0800][1387.394s] GC(431) Eden regions: 305->0(305)
[2024-03-24T20:16:33.369+0800][1387.394s] GC(431) Survivor regions: 2->2(39)
[2024-03-24T20:16:33.369+0800][1387.394s] GC(431) Old regions: 48->48
[2024-03-24T20:16:33.369+0800][1387.394s] GC(431) Humongous regions: 4->4
[2024-03-24T20:16:33.369+0800][1387.394s] GC(431) Metaspace: 65838K(66688K)->65838K(66688K) NonClass: 58445K(58944K)->58445K(58944K) Class: 7392K(7744K)->7392K(7744K)
[2024-03-24T20:16:33.369+0800][1387.394s] GC(431) Pause Young (Normal) (G1 Evacuation Pause) 357M->52M(512M) 6.667ms
[2024-03-24T20:16:33.369+0800][1387.394s] GC(431) User=0.00s Sys=0.00s Real=0.00s
[2024-03-24T20:16:35.748+0800][1389.771s] GC(432) Pause Young (Normal) (G1 Evacuation Pause)
[2024-03-24T20:16:35.748+0800][1389.771s] GC(432) Using 8 workers of 8 for evacuation
[2024-03-24T20:16:35.748+0800][1389.776s] GC(432)   Pre Evacuate Collection Set: 0.5ms
[2024-03-24T20:16:35.748+0800][1389.776s] GC(432)   Merge Heap Roots: 0.5ms
[2024-03-24T20:16:35.748+0800][1389.776s] GC(432)   Evacuate Collection Set: 1.8ms
[2024-03-24T20:16:35.748+0800][1389.776s] GC(432)   Post Evacuate Collection Set: 1.2ms
[2024-03-24T20:16:35.748+0800][1389.776s] GC(432)   Other: 0.2ms
[2024-03-24T20:16:35.748+0800][1389.776s] GC(432) Eden regions: 305->0(305)
[2024-03-24T20:16:35.748+0800][1389.776s] GC(432) Survivor regions: 2->2(39)
[2024-03-24T20:16:35.748+0800][1389.776s] GC(432) Old regions: 48->48
[2024-03-24T20:16:35.748+0800][1389.776s] GC(432) Humongous regions: 4->4
[2024-03-24T20:16:35.748+0800][1389.776s] GC(432) Metaspace: 65838K(66688K)->65838K(66688K) NonClass: 58445K(58944K)->58445K(58944K) Class: 7392K(7744K)->7392K(7744K)
[2024-03-24T20:16:35.748+0800][1389.776s] GC(432) Pause Young (Normal) (G1 Evacuation Pause) 357M->52M(512M) 4.901ms
[2024-03-24T20:16:35.748+0800][1389.776s] GC(432) User=0.00s Sys=0.00s Real=0.00s
[2024-03-24T20:16:38.447+0800][1392.471s] GC(433) Pause Young (Normal) (G1 Evacuation Pause)
[2024-03-24T20:16:38.447+0800][1392.472s] GC(433) Using 8 workers of 8 for evacuation
[2024-03-24T20:16:38.454+0800][1392.477s] GC(433)   Pre Evacuate Collection Set: 0.4ms
[2024-03-24T20:16:38.454+0800][1392.477s] GC(433)   Merge Heap Roots: 0.4ms
[2024-03-24T20:16:38.454+0800][1392.477s] GC(433)   Evacuate Collection Set: 3.1ms
[2024-03-24T20:16:38.454+0800][1392.477s] GC(433)   Post Evacuate Collection Set: 1.0ms
[2024-03-24T20:16:38.454+0800][1392.477s] GC(433)   Other: 0.3ms
[2024-03-24T20:16:38.454+0800][1392.477s] GC(433) Eden regions: 305->0(305)
[2024-03-24T20:16:38.454+0800][1392.477s] GC(433) Survivor regions: 2->2(39)
[2024-03-24T20:16:38.454+0800][1392.477s] GC(433) Old regions: 48->48
[2024-03-24T20:16:38.454+0800][1392.477s] GC(433) Humongous regions: 4->4
[2024-03-24T20:16:38.454+0800][1392.477s] GC(433) Metaspace: 65838K(66688K)->65838K(66688K) NonClass: 58445K(58944K)->58445K(58944K) Class: 7392K(7744K)->7392K(7744K)
[2024-03-24T20:16:38.455+0800][1392.477s] GC(433) Pause Young (Normal) (G1 Evacuation Pause) 357M->52M(512M) 6.037ms
[2024-03-24T20:16:38.455+0800][1392.478s] GC(433) User=0.00s Sys=0.00s Real=0.01s
[2024-03-24T20:16:40.993+0800][1395.017s] GC(434) Pause Young (Normal) (G1 Evacuation Pause)
[2024-03-24T20:16:40.993+0800][1395.017s] GC(434) Using 8 workers of 8 for evacuation
[2024-03-24T20:16:41.000+0800][1395.022s] GC(434)   Pre Evacuate Collection Set: 0.3ms
[2024-03-24T20:16:41.000+0800][1395.022s] GC(434)   Merge Heap Roots: 0.6ms
[2024-03-24T20:16:41.000+0800][1395.023s] GC(434)   Evacuate Collection Set: 2.6ms
[2024-03-24T20:16:41.000+0800][1395.023s] GC(434)   Post Evacuate Collection Set: 1.5ms
[2024-03-24T20:16:41.000+0800][1395.023s] GC(434)   Other: 0.2ms
[2024-03-24T20:16:41.000+0800][1395.023s] GC(434) Eden regions: 305->0(305)
[2024-03-24T20:16:41.000+0800][1395.023s] GC(434) Survivor regions: 2->2(39)
[2024-03-24T20:16:41.000+0800][1395.023s] GC(434) Old regions: 48->48
[2024-03-24T20:16:41.000+0800][1395.023s] GC(434) Humongous regions: 4->4
[2024-03-24T20:16:41.000+0800][1395.023s] GC(434) Metaspace: 65838K(66688K)->65838K(66688K) NonClass: 58445K(58944K)->58445K(58944K) Class: 7392K(7744K)->7392K(7744K)
[2024-03-24T20:16:41.000+0800][1395.023s] GC(434) Pause Young (Normal) (G1 Evacuation Pause) 357M->52M(512M) 6.103ms
[2024-03-24T20:16:41.000+0800][1395.023s] GC(434) User=0.00s Sys=0.00s Real=0.01s
[2024-03-24T20:16:43.648+0800][1397.671s] GC(435) Pause Young (Normal) (G1 Evacuation Pause)
[2024-03-24T20:16:43.648+0800][1397.671s] GC(435) Using 8 workers of 8 for evacuation
[2024-03-24T20:16:43.649+0800][1397.676s] GC(435)   Pre Evacuate Collection Set: 0.3ms
[2024-03-24T20:16:43.649+0800][1397.676s] GC(435)   Merge Heap Roots: 0.2ms
[2024-03-24T20:16:43.649+0800][1397.676s] GC(435)   Evacuate Collection Set: 2.5ms
[2024-03-24T20:16:43.649+0800][1397.676s] GC(435)   Post Evacuate Collection Set: 1.4ms
[2024-03-24T20:16:43.649+0800][1397.676s] GC(435)   Other: 0.2ms
[2024-03-24T20:16:43.649+0800][1397.676s] GC(435) Eden regions: 305->0(305)
[2024-03-24T20:16:43.649+0800][1397.677s] GC(435) Survivor regions: 2->2(39)
[2024-03-24T20:16:43.649+0800][1397.677s] GC(435) Old regions: 48->48
[2024-03-24T20:16:43.649+0800][1397.677s] GC(435) Humongous regions: 4->4
[2024-03-24T20:16:43.649+0800][1397.677s] GC(435) Metaspace: 65838K(66688K)->65838K(66688K) NonClass: 58445K(58944K)->58445K(58944K) Class: 7392K(7744K)->7392K(7744K)
[2024-03-24T20:16:43.649+0800][1397.677s] GC(435) Pause Young (Normal) (G1 Evacuation Pause) 357M->52M(512M) 5.375ms
[2024-03-24T20:16:43.649+0800][1397.677s] GC(435) User=0.00s Sys=0.00s Real=0.00s
[2024-03-24T20:16:46.203+0800][1400.227s] GC(436) Pause Young (Normal) (G1 Evacuation Pause)
[2024-03-24T20:16:46.203+0800][1400.227s] GC(436) Using 8 workers of 8 for evacuation
[2024-03-24T20:16:46.203+0800][1400.231s] GC(436)   Pre Evacuate Collection Set: 0.4ms
[2024-03-24T20:16:46.203+0800][1400.231s] GC(436)   Merge Heap Roots: 0.2ms
[2024-03-24T20:16:46.203+0800][1400.232s] GC(436)   Evacuate Collection Set: 2.4ms
[2024-03-24T20:16:46.203+0800][1400.232s] GC(436)   Post Evacuate Collection Set: 1.3ms
[2024-03-24T20:16:46.209+0800][1400.232s] GC(436)   Other: 0.2ms
[2024-03-24T20:16:46.209+0800][1400.232s] GC(436) Eden regions: 305->0(305)
[2024-03-24T20:16:46.209+0800][1400.232s] GC(436) Survivor regions: 2->2(39)
[2024-03-24T20:16:46.209+0800][1400.232s] GC(436) Old regions: 48->48
[2024-03-24T20:16:46.209+0800][1400.232s] GC(436) Humongous regions: 4->4
[2024-03-24T20:16:46.209+0800][1400.232s] GC(436) Metaspace: 65838K(66688K)->65838K(66688K) NonClass: 58445K(58944K)->58445K(58944K) Class: 7392K(7744K)->7392K(7744K)
[2024-03-24T20:16:46.209+0800][1400.232s] GC(436) Pause Young (Normal) (G1 Evacuation Pause) 357M->52M(512M) 5.308ms
[2024-03-24T20:16:46.209+0800][1400.232s] GC(436) User=0.00s Sys=0.00s Real=0.01s
[2024-03-24T20:16:48.861+0800][1402.887s] GC(437) Pause Young (Normal) (G1 Evacuation Pause)
[2024-03-24T20:16:48.861+0800][1402.887s] GC(437) Using 8 workers of 8 for evacuation
[2024-03-24T20:16:48.868+0800][1402.891s] GC(437)   Pre Evacuate Collection Set: 0.3ms
[2024-03-24T20:16:48.868+0800][1402.891s] GC(437)   Merge Heap Roots: 0.2ms
[2024-03-24T20:16:48.868+0800][1402.891s] GC(437)   Evacuate Collection Set: 2.3ms
[2024-03-24T20:16:48.868+0800][1402.891s] GC(437)   Post Evacuate Collection Set: 1.1ms
[2024-03-24T20:16:48.868+0800][1402.891s] GC(437)   Other: 0.2ms
[2024-03-24T20:16:48.868+0800][1402.891s] GC(437) Eden regions: 305->0(305)
[2024-03-24T20:16:48.868+0800][1402.891s] GC(437) Survivor regions: 2->2(39)
[2024-03-24T20:16:48.868+0800][1402.891s] GC(437) Old regions: 48->48
[2024-03-24T20:16:48.868+0800][1402.891s] GC(437) Humongous regions: 4->4
[2024-03-24T20:16:48.868+0800][1402.891s] GC(437) Metaspace: 65838K(66688K)->65838K(66688K) NonClass: 58445K(58944K)->58445K(58944K) Class: 7392K(7744K)->7392K(7744K)
[2024-03-24T20:16:48.868+0800][1402.892s] GC(437) Pause Young (Normal) (G1 Evacuation Pause) 357M->52M(512M) 4.829ms
[2024-03-24T20:16:48.868+0800][1402.892s] GC(437) User=0.00s Sys=0.00s Real=0.01s
[2024-03-24T20:16:51.311+0800][1405.338s] GC(438) Pause Young (Normal) (G1 Evacuation Pause)
[2024-03-24T20:16:51.315+0800][1405.338s] GC(438) Using 8 workers of 8 for evacuation
[2024-03-24T20:16:51.321+0800][1405.344s] GC(438)   Pre Evacuate Collection Set: 0.3ms
[2024-03-24T20:16:51.321+0800][1405.344s] GC(438)   Merge Heap Roots: 0.2ms
[2024-03-24T20:16:51.321+0800][1405.344s] GC(438)   Evacuate Collection Set: 4.1ms
[2024-03-24T20:16:51.321+0800][1405.344s] GC(438)   Post Evacuate Collection Set: 1.3ms
[2024-03-24T20:16:51.321+0800][1405.344s] GC(438)   Other: 0.2ms
[2024-03-24T20:16:51.321+0800][1405.344s] GC(438) Eden regions: 305->0(305)
[2024-03-24T20:16:51.321+0800][1405.344s] GC(438) Survivor regions: 2->2(39)
[2024-03-24T20:16:51.321+0800][1405.344s] GC(438) Old regions: 48->48
[2024-03-24T20:16:51.321+0800][1405.344s] GC(438) Humongous regions: 4->4
[2024-03-24T20:16:51.321+0800][1405.344s] GC(438) Metaspace: 65838K(66688K)->65838K(66688K) NonClass: 58445K(58944K)->58445K(58944K) Class: 7392K(7744K)->7392K(7744K)
[2024-03-24T20:16:51.321+0800][1405.344s] GC(438) Pause Young (Normal) (G1 Evacuation Pause) 357M->52M(512M) 6.664ms
[2024-03-24T20:16:51.321+0800][1405.344s] GC(438) User=0.00s Sys=0.00s Real=0.01s
[2024-03-24T20:16:53.947+0800][1407.974s] GC(439) Pause Young (Normal) (G1 Evacuation Pause)
[2024-03-24T20:16:53.947+0800][1407.975s] GC(439) Using 8 workers of 8 for evacuation
[2024-03-24T20:16:53.947+0800][1407.979s] GC(439)   Pre Evacuate Collection Set: 0.3ms
[2024-03-24T20:16:53.947+0800][1407.979s] GC(439)   Merge Heap Roots: 0.2ms
[2024-03-24T20:16:53.947+0800][1407.979s] GC(439)   Evacuate Collection Set: 2.6ms
[2024-03-24T20:16:53.947+0800][1407.979s] GC(439)   Post Evacuate Collection Set: 1.1ms
[2024-03-24T20:16:53.947+0800][1407.979s] GC(439)   Other: 0.2ms
[2024-03-24T20:16:53.947+0800][1407.979s] GC(439) Eden regions: 305->0(305)
[2024-03-24T20:16:53.947+0800][1407.979s] GC(439) Survivor regions: 2->2(39)
[2024-03-24T20:16:53.947+0800][1407.980s] GC(439) Old regions: 48->48
[2024-03-24T20:16:53.947+0800][1407.980s] GC(439) Humongous regions: 4->4
[2024-03-24T20:16:53.957+0800][1407.980s] GC(439) Metaspace: 65838K(66688K)->65838K(66688K) NonClass: 58445K(58944K)->58445K(58944K) Class: 7392K(7744K)->7392K(7744K)
[2024-03-24T20:16:53.957+0800][1407.980s] GC(439) Pause Young (Normal) (G1 Evacuation Pause) 357M->52M(512M) 5.287ms
[2024-03-24T20:16:53.957+0800][1407.980s] GC(439) User=0.00s Sys=0.00s Real=0.01s
[2024-03-24T20:16:56.473+0800][1410.497s] GC(440) Pause Young (Normal) (G1 Evacuation Pause)
[2024-03-24T20:16:56.473+0800][1410.498s] GC(440) Using 8 workers of 8 for evacuation
[2024-03-24T20:16:56.478+0800][1410.502s] GC(440)   Pre Evacuate Collection Set: 0.3ms
[2024-03-24T20:16:56.478+0800][1410.502s] GC(440)   Merge Heap Roots: 0.2ms
[2024-03-24T20:16:56.478+0800][1410.502s] GC(440)   Evacuate Collection Set: 2.5ms
[2024-03-24T20:16:56.478+0800][1410.502s] GC(440)   Post Evacuate Collection Set: 1.3ms
[2024-03-24T20:16:56.478+0800][1410.502s] GC(440)   Other: 0.2ms
[2024-03-24T20:16:56.478+0800][1410.502s] GC(440) Eden regions: 305->0(305)
[2024-03-24T20:16:56.478+0800][1410.502s] GC(440) Survivor regions: 2->2(39)
[2024-03-24T20:16:56.478+0800][1410.503s] GC(440) Old regions: 48->48
[2024-03-24T20:16:56.478+0800][1410.503s] GC(440) Humongous regions: 4->4
[2024-03-24T20:16:56.478+0800][1410.503s] GC(440) Metaspace: 65838K(66688K)->65838K(66688K) NonClass: 58445K(58944K)->58445K(58944K) Class: 7392K(7744K)->7392K(7744K)
[2024-03-24T20:16:56.478+0800][1410.503s] GC(440) Pause Young (Normal) (G1 Evacuation Pause) 357M->52M(512M) 5.172ms
[2024-03-24T20:16:56.478+0800][1410.503s] GC(440) User=0.00s Sys=0.00s Real=0.00s
[2024-03-24T20:16:59.022+0800][1413.046s] GC(441) Pause Young (Normal) (G1 Evacuation Pause)
[2024-03-24T20:16:59.022+0800][1413.046s] GC(441) Using 8 workers of 8 for evacuation
[2024-03-24T20:16:59.026+0800][1413.049s] GC(441)   Pre Evacuate Collection Set: 0.2ms
[2024-03-24T20:16:59.026+0800][1413.049s] GC(441)   Merge Heap Roots: 0.1ms
[2024-03-24T20:16:59.026+0800][1413.049s] GC(441)   Evacuate Collection Set: 1.7ms
[2024-03-24T20:16:59.026+0800][1413.049s] GC(441)   Post Evacuate Collection Set: 0.6ms
[2024-03-24T20:16:59.026+0800][1413.049s] GC(441)   Other: 0.2ms
[2024-03-24T20:16:59.026+0800][1413.049s] GC(441) Eden regions: 305->0(305)
[2024-03-24T20:16:59.026+0800][1413.049s] GC(441) Survivor regions: 2->2(39)
[2024-03-24T20:16:59.026+0800][1413.049s] GC(441) Old regions: 48->48
[2024-03-24T20:16:59.026+0800][1413.049s] GC(441) Humongous regions: 4->4
[2024-03-24T20:16:59.026+0800][1413.049s] GC(441) Metaspace: 65838K(66688K)->65838K(66688K) NonClass: 58445K(58944K)->58445K(58944K) Class: 7392K(7744K)->7392K(7744K)
[2024-03-24T20:16:59.026+0800][1413.050s] GC(441) Pause Young (Normal) (G1 Evacuation Pause) 357M->52M(512M) 3.320ms
[2024-03-24T20:16:59.026+0800][1413.050s] GC(441) User=0.00s Sys=0.00s Real=0.00s
[2024-03-24T20:17:01.596+0800][1415.620s] GC(442) Pause Young (Normal) (G1 Evacuation Pause)
[2024-03-24T20:17:01.597+0800][1415.620s] GC(442) Using 8 workers of 8 for evacuation
[2024-03-24T20:17:01.597+0800][1415.625s] GC(442)   Pre Evacuate Collection Set: 0.4ms
[2024-03-24T20:17:01.597+0800][1415.625s] GC(442)   Merge Heap Roots: 0.2ms
[2024-03-24T20:17:01.597+0800][1415.625s] GC(442)   Evacuate Collection Set: 3.1ms
[2024-03-24T20:17:01.597+0800][1415.625s] GC(442)   Post Evacuate Collection Set: 1.2ms
[2024-03-24T20:17:01.597+0800][1415.625s] GC(442)   Other: 0.2ms
[2024-03-24T20:17:01.597+0800][1415.625s] GC(442) Eden regions: 305->0(305)
[2024-03-24T20:17:01.597+0800][1415.625s] GC(442) Survivor regions: 2->2(39)
[2024-03-24T20:17:01.597+0800][1415.625s] GC(442) Old regions: 48->48
[2024-03-24T20:17:01.597+0800][1415.625s] GC(442) Humongous regions: 4->4
[2024-03-24T20:17:01.597+0800][1415.625s] GC(442) Metaspace: 65838K(66688K)->65838K(66688K) NonClass: 58445K(58944K)->58445K(58944K) Class: 7392K(7744K)->7392K(7744K)
[2024-03-24T20:17:01.597+0800][1415.625s] GC(442) Pause Young (Normal) (G1 Evacuation Pause) 357M->52M(512M) 5.804ms
[2024-03-24T20:17:01.597+0800][1415.625s] GC(442) User=0.00s Sys=0.00s Real=0.00s
[2024-03-24T20:17:04.155+0800][1418.179s] GC(443) Pause Young (Normal) (G1 Evacuation Pause)
[2024-03-24T20:17:04.155+0800][1418.179s] GC(443) Using 8 workers of 8 for evacuation
[2024-03-24T20:17:04.155+0800][1418.184s] GC(443)   Pre Evacuate Collection Set: 0.4ms
[2024-03-24T20:17:04.155+0800][1418.184s] GC(443)   Merge Heap Roots: 0.2ms
[2024-03-24T20:17:04.155+0800][1418.184s] GC(443)   Evacuate Collection Set: 3.1ms
[2024-03-24T20:17:04.155+0800][1418.184s] GC(443)   Post Evacuate Collection Set: 1.4ms
[2024-03-24T20:17:04.155+0800][1418.185s] GC(443)   Other: 0.2ms
[2024-03-24T20:17:04.155+0800][1418.185s] GC(443) Eden regions: 305->0(305)
[2024-03-24T20:17:04.155+0800][1418.185s] GC(443) Survivor regions: 2->2(39)
[2024-03-24T20:17:04.155+0800][1418.185s] GC(443) Old regions: 48->48
[2024-03-24T20:17:04.155+0800][1418.185s] GC(443) Humongous regions: 4->4
[2024-03-24T20:17:04.155+0800][1418.185s] GC(443) Metaspace: 65838K(66688K)->65838K(66688K) NonClass: 58446K(58944K)->58446K(58944K) Class: 7392K(7744K)->7392K(7744K)
[2024-03-24T20:17:04.155+0800][1418.185s] GC(443) Pause Young (Normal) (G1 Evacuation Pause) 357M->52M(512M) 6.324ms
[2024-03-24T20:17:04.155+0800][1418.185s] GC(443) User=0.00s Sys=0.00s Real=0.00s
[2024-03-24T20:17:06.574+0800][1420.597s] GC(444) Pause Young (Normal) (G1 Evacuation Pause)
[2024-03-24T20:17:06.574+0800][1420.597s] GC(444) Using 8 workers of 8 for evacuation
[2024-03-24T20:17:06.574+0800][1420.603s] GC(444)   Pre Evacuate Collection Set: 0.3ms
[2024-03-24T20:17:06.574+0800][1420.603s] GC(444)   Merge Heap Roots: 0.2ms
[2024-03-24T20:17:06.574+0800][1420.603s] GC(444)   Evacuate Collection Set: 3.0ms
[2024-03-24T20:17:06.574+0800][1420.603s] GC(444)   Post Evacuate Collection Set: 2.0ms
[2024-03-24T20:17:06.574+0800][1420.603s] GC(444)   Other: 0.2ms
[2024-03-24T20:17:06.574+0800][1420.603s] GC(444) Eden regions: 305->0(306)
[2024-03-24T20:17:06.574+0800][1420.603s] GC(444) Survivor regions: 2->1(39)
[2024-03-24T20:17:06.574+0800][1420.603s] GC(444) Old regions: 48->48
[2024-03-24T20:17:06.574+0800][1420.603s] GC(444) Humongous regions: 4->4
[2024-03-24T20:17:06.574+0800][1420.603s] GC(444) Metaspace: 65838K(66688K)->65838K(66688K) NonClass: 58446K(58944K)->58446K(58944K) Class: 7392K(7744K)->7392K(7744K)
[2024-03-24T20:17:06.574+0800][1420.604s] GC(444) Pause Young (Normal) (G1 Evacuation Pause) 357M->52M(512M) 6.402ms
[2024-03-24T20:17:06.574+0800][1420.604s] GC(444) User=0.00s Sys=0.00s Real=0.00s
[2024-03-24T20:17:09.205+0800][1423.233s] GC(445) Pause Young (Normal) (G1 Evacuation Pause)
[2024-03-24T20:17:09.205+0800][1423.233s] GC(445) Using 8 workers of 8 for evacuation
[2024-03-24T20:17:09.213+0800][1423.238s] GC(445)   Pre Evacuate Collection Set: 0.4ms
[2024-03-24T20:17:09.213+0800][1423.238s] GC(445)   Merge Heap Roots: 0.2ms
[2024-03-24T20:17:09.213+0800][1423.238s] GC(445)   Evacuate Collection Set: 2.8ms
[2024-03-24T20:17:09.213+0800][1423.238s] GC(445)   Post Evacuate Collection Set: 1.1ms
[2024-03-24T20:17:09.213+0800][1423.238s] GC(445)   Other: 0.3ms
[2024-03-24T20:17:09.213+0800][1423.238s] GC(445) Eden regions: 306->0(305)
[2024-03-24T20:17:09.213+0800][1423.238s] GC(445) Survivor regions: 1->2(39)
[2024-03-24T20:17:09.213+0800][1423.238s] GC(445) Old regions: 48->48
[2024-03-24T20:17:09.213+0800][1423.238s] GC(445) Humongous regions: 4->4
[2024-03-24T20:17:09.213+0800][1423.238s] GC(445) Metaspace: 65838K(66688K)->65838K(66688K) NonClass: 58446K(58944K)->58446K(58944K) Class: 7392K(7744K)->7392K(7744K)
[2024-03-24T20:17:09.213+0800][1423.238s] GC(445) Pause Young (Normal) (G1 Evacuation Pause) 358M->52M(512M) 5.319ms
[2024-03-24T20:17:09.216+0800][1423.238s] GC(445) User=0.00s Sys=0.00s Real=0.01s
[2024-03-24T20:17:11.786+0800][1425.810s] GC(446) Pause Young (Normal) (G1 Evacuation Pause)
[2024-03-24T20:17:11.786+0800][1425.810s] GC(446) Using 8 workers of 8 for evacuation
[2024-03-24T20:17:11.790+0800][1425.814s] GC(446)   Pre Evacuate Collection Set: 0.3ms
[2024-03-24T20:17:11.790+0800][1425.814s] GC(446)   Merge Heap Roots: 0.1ms
[2024-03-24T20:17:11.790+0800][1425.814s] GC(446)   Evacuate Collection Set: 2.3ms
[2024-03-24T20:17:11.790+0800][1425.814s] GC(446)   Post Evacuate Collection Set: 1.0ms
[2024-03-24T20:17:11.790+0800][1425.814s] GC(446)   Other: 0.2ms
[2024-03-24T20:17:11.790+0800][1425.814s] GC(446) Eden regions: 305->0(305)
[2024-03-24T20:17:11.790+0800][1425.815s] GC(446) Survivor regions: 2->2(39)
[2024-03-24T20:17:11.790+0800][1425.815s] GC(446) Old regions: 48->48
[2024-03-24T20:17:11.790+0800][1425.815s] GC(446) Humongous regions: 4->4
[2024-03-24T20:17:11.790+0800][1425.815s] GC(446) Metaspace: 65838K(66688K)->65838K(66688K) NonClass: 58446K(58944K)->58446K(58944K) Class: 7392K(7744K)->7392K(7744K)
[2024-03-24T20:17:11.790+0800][1425.815s] GC(446) Pause Young (Normal) (G1 Evacuation Pause) 357M->52M(512M) 4.825ms
[2024-03-24T20:17:11.790+0800][1425.815s] GC(446) User=0.00s Sys=0.00s Real=0.00s
[2024-03-24T20:17:14.294+0800][1428.320s] GC(447) Pause Young (Normal) (G1 Evacuation Pause)
[2024-03-24T20:17:14.294+0800][1428.320s] GC(447) Using 8 workers of 8 for evacuation
[2024-03-24T20:17:14.294+0800][1428.326s] GC(447)   Pre Evacuate Collection Set: 0.4ms
[2024-03-24T20:17:14.294+0800][1428.326s] GC(447)   Merge Heap Roots: 0.2ms
[2024-03-24T20:17:14.294+0800][1428.326s] GC(447)   Evacuate Collection Set: 4.0ms
[2024-03-24T20:17:14.294+0800][1428.326s] GC(447)   Post Evacuate Collection Set: 1.1ms
[2024-03-24T20:17:14.294+0800][1428.326s] GC(447)   Other: 0.2ms
[2024-03-24T20:17:14.294+0800][1428.326s] GC(447) Eden regions: 305->0(305)
[2024-03-24T20:17:14.294+0800][1428.326s] GC(447) Survivor regions: 2->2(39)
[2024-03-24T20:17:14.294+0800][1428.326s] GC(447) Old regions: 48->48
[2024-03-24T20:17:14.294+0800][1428.327s] GC(447) Humongous regions: 4->4
[2024-03-24T20:17:14.294+0800][1428.327s] GC(447) Metaspace: 65838K(66688K)->65838K(66688K) NonClass: 58446K(58944K)->58446K(58944K) Class: 7392K(7744K)->7392K(7744K)
[2024-03-24T20:17:14.294+0800][1428.327s] GC(447) Pause Young (Normal) (G1 Evacuation Pause) 357M->52M(512M) 6.582ms
[2024-03-24T20:17:14.294+0800][1428.327s] GC(447) User=0.00s Sys=0.00s Real=0.00s
[2024-03-24T20:17:16.909+0800][1430.933s] GC(448) Pause Young (Normal) (G1 Evacuation Pause)
[2024-03-24T20:17:16.909+0800][1430.933s] GC(448) Using 8 workers of 8 for evacuation
[2024-03-24T20:17:16.915+0800][1430.938s] GC(448)   Pre Evacuate Collection Set: 0.5ms
[2024-03-24T20:17:16.915+0800][1430.938s] GC(448)   Merge Heap Roots: 0.2ms
[2024-03-24T20:17:16.915+0800][1430.938s] GC(448)   Evacuate Collection Set: 2.6ms
[2024-03-24T20:17:16.915+0800][1430.938s] GC(448)   Post Evacuate Collection Set: 1.1ms
[2024-03-24T20:17:16.915+0800][1430.938s] GC(448)   Other: 0.3ms
[2024-03-24T20:17:16.915+0800][1430.938s] GC(448) Eden regions: 305->0(305)
[2024-03-24T20:17:16.915+0800][1430.938s] GC(448) Survivor regions: 2->2(39)
[2024-03-24T20:17:16.915+0800][1430.938s] GC(448) Old regions: 48->48
[2024-03-24T20:17:16.915+0800][1430.938s] GC(448) Humongous regions: 4->4
[2024-03-24T20:17:16.915+0800][1430.938s] GC(448) Metaspace: 65838K(66688K)->65838K(66688K) NonClass: 58446K(58944K)->58446K(58944K) Class: 7392K(7744K)->7392K(7744K)
[2024-03-24T20:17:16.915+0800][1430.938s] GC(448) Pause Young (Normal) (G1 Evacuation Pause) 357M->52M(512M) 5.462ms
[2024-03-24T20:17:16.915+0800][1430.938s] GC(448) User=0.00s Sys=0.00s Real=0.01s
[2024-03-24T20:17:19.495+0800][1433.522s] GC(449) Pause Young (Normal) (G1 Evacuation Pause)
[2024-03-24T20:17:19.495+0800][1433.522s] GC(449) Using 8 workers of 8 for evacuation
[2024-03-24T20:17:19.504+0800][1433.528s] GC(449)   Pre Evacuate Collection Set: 0.4ms
[2024-03-24T20:17:19.504+0800][1433.528s] GC(449)   Merge Heap Roots: 0.2ms
[2024-03-24T20:17:19.504+0800][1433.528s] GC(449)   Evacuate Collection Set: 3.3ms
[2024-03-24T20:17:19.504+0800][1433.528s] GC(449)   Post Evacuate Collection Set: 1.3ms
[2024-03-24T20:17:19.504+0800][1433.528s] GC(449)   Other: 0.2ms
[2024-03-24T20:17:19.504+0800][1433.528s] GC(449) Eden regions: 305->0(305)
[2024-03-24T20:17:19.504+0800][1433.528s] GC(449) Survivor regions: 2->2(39)
[2024-03-24T20:17:19.504+0800][1433.528s] GC(449) Old regions: 48->48
[2024-03-24T20:17:19.504+0800][1433.528s] GC(449) Humongous regions: 4->4
[2024-03-24T20:17:19.504+0800][1433.528s] GC(449) Metaspace: 65838K(66688K)->65838K(66688K) NonClass: 58446K(58944K)->58446K(58944K) Class: 7392K(7744K)->7392K(7744K)
[2024-03-24T20:17:19.504+0800][1433.528s] GC(449) Pause Young (Normal) (G1 Evacuation Pause) 357M->52M(512M) 6.139ms
[2024-03-24T20:17:19.504+0800][1433.528s] GC(449) User=0.00s Sys=0.00s Real=0.01s
[2024-03-24T20:17:22.036+0800][1436.065s] GC(450) Pause Young (Normal) (G1 Evacuation Pause)
[2024-03-24T20:17:22.036+0800][1436.065s] GC(450) Using 8 workers of 8 for evacuation
[2024-03-24T20:17:22.044+0800][1436.068s] GC(450)   Pre Evacuate Collection Set: 0.3ms
[2024-03-24T20:17:22.044+0800][1436.068s] GC(450)   Merge Heap Roots: 0.2ms
[2024-03-24T20:17:22.044+0800][1436.068s] GC(450)   Evacuate Collection Set: 1.6ms
[2024-03-24T20:17:22.044+0800][1436.069s] GC(450)   Post Evacuate Collection Set: 0.8ms
[2024-03-24T20:17:22.044+0800][1436.069s] GC(450)   Other: 0.2ms
[2024-03-24T20:17:22.046+0800][1436.069s] GC(450) Eden regions: 305->0(305)
[2024-03-24T20:17:22.046+0800][1436.069s] GC(450) Survivor regions: 2->2(39)
[2024-03-24T20:17:22.046+0800][1436.069s] GC(450) Old regions: 48->48
[2024-03-24T20:17:22.046+0800][1436.069s] GC(450) Humongous regions: 4->4
[2024-03-24T20:17:22.046+0800][1436.069s] GC(450) Metaspace: 65838K(66688K)->65838K(66688K) NonClass: 58446K(58944K)->58446K(58944K) Class: 7392K(7744K)->7392K(7744K)
[2024-03-24T20:17:22.046+0800][1436.069s] GC(450) Pause Young (Normal) (G1 Evacuation Pause) 357M->52M(512M) 4.048ms
[2024-03-24T20:17:22.046+0800][1436.069s] GC(450) User=0.02s Sys=0.00s Real=0.01s
[2024-03-24T20:17:24.652+0800][1438.681s] GC(451) Pause Young (Normal) (G1 Evacuation Pause)
[2024-03-24T20:17:24.652+0800][1438.681s] GC(451) Using 8 workers of 8 for evacuation
[2024-03-24T20:17:24.663+0800][1438.686s] GC(451)   Pre Evacuate Collection Set: 0.3ms
[2024-03-24T20:17:24.663+0800][1438.686s] GC(451)   Merge Heap Roots: 0.2ms
[2024-03-24T20:17:24.663+0800][1438.686s] GC(451)   Evacuate Collection Set: 2.5ms
[2024-03-24T20:17:24.663+0800][1438.686s] GC(451)   Post Evacuate Collection Set: 1.3ms
[2024-03-24T20:17:24.663+0800][1438.686s] GC(451)   Other: 0.2ms
[2024-03-24T20:17:24.663+0800][1438.686s] GC(451) Eden regions: 305->0(305)
[2024-03-24T20:17:24.663+0800][1438.686s] GC(451) Survivor regions: 2->2(39)
[2024-03-24T20:17:24.663+0800][1438.686s] GC(451) Old regions: 48->48
[2024-03-24T20:17:24.663+0800][1438.686s] GC(451) Humongous regions: 4->4
[2024-03-24T20:17:24.663+0800][1438.686s] GC(451) Metaspace: 65838K(66688K)->65838K(66688K) NonClass: 58446K(58944K)->58446K(58944K) Class: 7392K(7744K)->7392K(7744K)
[2024-03-24T20:17:24.663+0800][1438.686s] GC(451) Pause Young (Normal) (G1 Evacuation Pause) 357M->52M(512M) 5.290ms
[2024-03-24T20:17:24.663+0800][1438.686s] GC(451) User=0.00s Sys=0.00s Real=0.01s
[2024-03-24T20:17:27.125+0800][1441.155s] GC(452) Pause Young (Normal) (G1 Evacuation Pause)
[2024-03-24T20:17:27.125+0800][1441.155s] GC(452) Using 8 workers of 8 for evacuation
[2024-03-24T20:17:27.125+0800][1441.160s] GC(452)   Pre Evacuate Collection Set: 0.2ms
[2024-03-24T20:17:27.125+0800][1441.160s] GC(452)   Merge Heap Roots: 0.5ms
[2024-03-24T20:17:27.125+0800][1441.160s] GC(452)   Evacuate Collection Set: 2.7ms
[2024-03-24T20:17:27.125+0800][1441.160s] GC(452)   Post Evacuate Collection Set: 1.0ms
[2024-03-24T20:17:27.125+0800][1441.160s] GC(452)   Other: 0.1ms
[2024-03-24T20:17:27.125+0800][1441.160s] GC(452) Eden regions: 305->0(305)
[2024-03-24T20:17:27.125+0800][1441.160s] GC(452) Survivor regions: 2->2(39)
[2024-03-24T20:17:27.125+0800][1441.160s] GC(452) Old regions: 48->48
[2024-03-24T20:17:27.125+0800][1441.160s] GC(452) Humongous regions: 4->4
[2024-03-24T20:17:27.125+0800][1441.160s] GC(452) Metaspace: 65838K(66688K)->65838K(66688K) NonClass: 58446K(58944K)->58446K(58944K) Class: 7392K(7744K)->7392K(7744K)
[2024-03-24T20:17:27.125+0800][1441.160s] GC(452) Pause Young (Normal) (G1 Evacuation Pause) 357M->52M(512M) 5.138ms
[2024-03-24T20:17:27.125+0800][1441.160s] GC(452) User=0.00s Sys=0.00s Real=0.00s
[2024-03-24T20:17:29.731+0800][1443.754s] GC(453) Pause Young (Normal) (G1 Evacuation Pause)
[2024-03-24T20:17:29.732+0800][1443.754s] GC(453) Using 8 workers of 8 for evacuation
[2024-03-24T20:17:29.732+0800][1443.760s] GC(453)   Pre Evacuate Collection Set: 0.4ms
[2024-03-24T20:17:29.732+0800][1443.760s] GC(453)   Merge Heap Roots: 0.2ms
[2024-03-24T20:17:29.732+0800][1443.760s] GC(453)   Evacuate Collection Set: 3.7ms
[2024-03-24T20:17:29.732+0800][1443.760s] GC(453)   Post Evacuate Collection Set: 1.1ms
[2024-03-24T20:17:29.738+0800][1443.760s] GC(453)   Other: 0.3ms
[2024-03-24T20:17:29.738+0800][1443.761s] GC(453) Eden regions: 305->0(305)
[2024-03-24T20:17:29.738+0800][1443.761s] GC(453) Survivor regions: 2->2(39)
[2024-03-24T20:17:29.738+0800][1443.761s] GC(453) Old regions: 48->48
[2024-03-24T20:17:29.738+0800][1443.761s] GC(453) Humongous regions: 4->4
[2024-03-24T20:17:29.738+0800][1443.761s] GC(453) Metaspace: 65838K(66688K)->65838K(66688K) NonClass: 58446K(58944K)->58446K(58944K) Class: 7392K(7744K)->7392K(7744K)
[2024-03-24T20:17:29.738+0800][1443.761s] GC(453) Pause Young (Normal) (G1 Evacuation Pause) 357M->52M(512M) 6.494ms
[2024-03-24T20:17:29.738+0800][1443.761s] GC(453) User=0.00s Sys=0.00s Real=0.01s
[2024-03-24T20:17:32.295+0800][1446.322s] GC(454) Pause Young (Normal) (G1 Evacuation Pause)
[2024-03-24T20:17:32.295+0800][1446.323s] GC(454) Using 8 workers of 8 for evacuation
[2024-03-24T20:17:32.304+0800][1446.327s] GC(454)   Pre Evacuate Collection Set: 0.4ms
[2024-03-24T20:17:32.304+0800][1446.327s] GC(454)   Merge Heap Roots: 0.2ms
[2024-03-24T20:17:32.304+0800][1446.327s] GC(454)   Evacuate Collection Set: 2.5ms
[2024-03-24T20:17:32.304+0800][1446.327s] GC(454)   Post Evacuate Collection Set: 0.8ms
[2024-03-24T20:17:32.304+0800][1446.327s] GC(454)   Other: 0.3ms
[2024-03-24T20:17:32.304+0800][1446.327s] GC(454) Eden regions: 305->0(305)
[2024-03-24T20:17:32.304+0800][1446.327s] GC(454) Survivor regions: 2->2(39)
[2024-03-24T20:17:32.304+0800][1446.327s] GC(454) Old regions: 48->48
[2024-03-24T20:17:32.305+0800][1446.327s] GC(454) Humongous regions: 4->4
[2024-03-24T20:17:32.305+0800][1446.327s] GC(454) Metaspace: 65838K(66688K)->65838K(66688K) NonClass: 58446K(58944K)->58446K(58944K) Class: 7392K(7744K)->7392K(7744K)
[2024-03-24T20:17:32.305+0800][1446.327s] GC(454) Pause Young (Normal) (G1 Evacuation Pause) 357M->52M(512M) 4.831ms
[2024-03-24T20:17:32.305+0800][1446.327s] GC(454) User=0.00s Sys=0.00s Real=0.01s
[2024-03-24T20:17:34.909+0800][1448.935s] GC(455) Pause Young (Normal) (G1 Evacuation Pause)
[2024-03-24T20:17:34.909+0800][1448.936s] GC(455) Using 8 workers of 8 for evacuation
[2024-03-24T20:17:34.913+0800][1448.940s] GC(455)   Pre Evacuate Collection Set: 0.4ms
[2024-03-24T20:17:34.913+0800][1448.940s] GC(455)   Merge Heap Roots: 0.2ms
[2024-03-24T20:17:34.913+0800][1448.940s] GC(455)   Evacuate Collection Set: 2.4ms
[2024-03-24T20:17:34.913+0800][1448.940s] GC(455)   Post Evacuate Collection Set: 1.0ms
[2024-03-24T20:17:34.913+0800][1448.940s] GC(455)   Other: 0.3ms
[2024-03-24T20:17:34.913+0800][1448.940s] GC(455) Eden regions: 305->0(305)
[2024-03-24T20:17:34.913+0800][1448.940s] GC(455) Survivor regions: 2->2(39)
[2024-03-24T20:17:34.913+0800][1448.940s] GC(455) Old regions: 48->48
[2024-03-24T20:17:34.913+0800][1448.940s] GC(455) Humongous regions: 4->4
[2024-03-24T20:17:34.913+0800][1448.940s] GC(455) Metaspace: 65838K(66688K)->65838K(66688K) NonClass: 58446K(58944K)->58446K(58944K) Class: 7392K(7744K)->7392K(7744K)
[2024-03-24T20:17:34.913+0800][1448.941s] GC(455) Pause Young (Normal) (G1 Evacuation Pause) 357M->52M(512M) 5.088ms
[2024-03-24T20:17:34.913+0800][1448.941s] GC(455) User=0.00s Sys=0.00s Real=0.00s
[2024-03-24T20:17:37.362+0800][1451.389s] GC(456) Pause Young (Normal) (G1 Evacuation Pause)
[2024-03-24T20:17:37.362+0800][1451.390s] GC(456) Using 8 workers of 8 for evacuation
[2024-03-24T20:17:37.362+0800][1451.395s] GC(456)   Pre Evacuate Collection Set: 0.3ms
[2024-03-24T20:17:37.373+0800][1451.395s] GC(456)   Merge Heap Roots: 0.2ms
[2024-03-24T20:17:37.373+0800][1451.395s] GC(456)   Evacuate Collection Set: 3.4ms
[2024-03-24T20:17:37.373+0800][1451.395s] GC(456)   Post Evacuate Collection Set: 1.2ms
[2024-03-24T20:17:37.373+0800][1451.395s] GC(456)   Other: 0.2ms
[2024-03-24T20:17:37.373+0800][1451.395s] GC(456) Eden regions: 305->0(305)
[2024-03-24T20:17:37.373+0800][1451.395s] GC(456) Survivor regions: 2->2(39)
[2024-03-24T20:17:37.373+0800][1451.395s] GC(456) Old regions: 48->48
[2024-03-24T20:17:37.373+0800][1451.395s] GC(456) Humongous regions: 4->4
[2024-03-24T20:17:37.373+0800][1451.396s] GC(456) Metaspace: 65838K(66688K)->65838K(66688K) NonClass: 58446K(58944K)->58446K(58944K) Class: 7392K(7744K)->7392K(7744K)
[2024-03-24T20:17:37.373+0800][1451.396s] GC(456) Pause Young (Normal) (G1 Evacuation Pause) 357M->52M(512M) 6.106ms
[2024-03-24T20:17:37.373+0800][1451.396s] GC(456) User=0.00s Sys=0.00s Real=0.01s
[2024-03-24T20:17:39.862+0800][1453.893s] GC(457) Pause Young (Normal) (G1 Evacuation Pause)
[2024-03-24T20:17:39.862+0800][1453.894s] GC(457) Using 8 workers of 8 for evacuation
[2024-03-24T20:17:39.876+0800][1453.899s] GC(457)   Pre Evacuate Collection Set: 0.3ms
[2024-03-24T20:17:39.876+0800][1453.899s] GC(457)   Merge Heap Roots: 0.2ms
[2024-03-24T20:17:39.876+0800][1453.899s] GC(457)   Evacuate Collection Set: 2.9ms
[2024-03-24T20:17:39.876+0800][1453.899s] GC(457)   Post Evacuate Collection Set: 1.4ms
[2024-03-24T20:17:39.876+0800][1453.899s] GC(457)   Other: 0.2ms
[2024-03-24T20:17:39.876+0800][1453.899s] GC(457) Eden regions: 305->0(305)
[2024-03-24T20:17:39.876+0800][1453.899s] GC(457) Survivor regions: 2->2(39)
[2024-03-24T20:17:39.876+0800][1453.899s] GC(457) Old regions: 48->48
[2024-03-24T20:17:39.876+0800][1453.899s] GC(457) Humongous regions: 4->4
[2024-03-24T20:17:39.876+0800][1453.899s] GC(457) Metaspace: 65838K(66688K)->65838K(66688K) NonClass: 58446K(58944K)->58446K(58944K) Class: 7392K(7744K)->7392K(7744K)
[2024-03-24T20:17:39.876+0800][1453.899s] GC(457) Pause Young (Normal) (G1 Evacuation Pause) 357M->52M(512M) 5.508ms
[2024-03-24T20:17:39.876+0800][1453.899s] GC(457) User=0.02s Sys=0.00s Real=0.01s
[2024-03-24T20:17:42.463+0800][1456.486s] GC(458) Pause Young (Normal) (G1 Evacuation Pause)
[2024-03-24T20:17:42.463+0800][1456.486s] GC(458) Using 8 workers of 8 for evacuation
[2024-03-24T20:17:42.467+0800][1456.491s] GC(458)   Pre Evacuate Collection Set: 0.3ms
[2024-03-24T20:17:42.467+0800][1456.491s] GC(458)   Merge Heap Roots: 0.2ms
[2024-03-24T20:17:42.467+0800][1456.491s] GC(458)   Evacuate Collection Set: 3.0ms
[2024-03-24T20:17:42.467+0800][1456.492s] GC(458)   Post Evacuate Collection Set: 1.4ms
[2024-03-24T20:17:42.467+0800][1456.492s] GC(458)   Other: 0.1ms
[2024-03-24T20:17:42.467+0800][1456.492s] GC(458) Eden regions: 305->0(305)
[2024-03-24T20:17:42.467+0800][1456.492s] GC(458) Survivor regions: 2->2(39)
[2024-03-24T20:17:42.467+0800][1456.492s] GC(458) Old regions: 48->48
[2024-03-24T20:17:42.467+0800][1456.492s] GC(458) Humongous regions: 4->4
[2024-03-24T20:17:42.467+0800][1456.492s] GC(458) Metaspace: 65838K(66688K)->65838K(66688K) NonClass: 58446K(58944K)->58446K(58944K) Class: 7392K(7744K)->7392K(7744K)
[2024-03-24T20:17:42.467+0800][1456.492s] GC(458) Pause Young (Normal) (G1 Evacuation Pause) 357M->52M(512M) 5.641ms
[2024-03-24T20:17:42.467+0800][1456.492s] GC(458) User=0.00s Sys=0.00s Real=0.00s
[2024-03-24T20:17:44.928+0800][1458.959s] GC(459) Pause Young (Normal) (G1 Evacuation Pause)
[2024-03-24T20:17:44.928+0800][1458.959s] GC(459) Using 8 workers of 8 for evacuation
[2024-03-24T20:17:44.938+0800][1458.963s] GC(459)   Pre Evacuate Collection Set: 0.3ms
[2024-03-24T20:17:44.938+0800][1458.963s] GC(459)   Merge Heap Roots: 0.3ms
[2024-03-24T20:17:44.938+0800][1458.963s] GC(459)   Evacuate Collection Set: 2.2ms
[2024-03-24T20:17:44.938+0800][1458.963s] GC(459)   Post Evacuate Collection Set: 1.0ms
[2024-03-24T20:17:44.938+0800][1458.963s] GC(459)   Other: 0.1ms
[2024-03-24T20:17:44.938+0800][1458.963s] GC(459) Eden regions: 305->0(305)
[2024-03-24T20:17:44.938+0800][1458.963s] GC(459) Survivor regions: 2->2(39)
[2024-03-24T20:17:44.938+0800][1458.963s] GC(459) Old regions: 48->48
[2024-03-24T20:17:44.938+0800][1458.963s] GC(459) Humongous regions: 4->4
[2024-03-24T20:17:44.938+0800][1458.963s] GC(459) Metaspace: 65838K(66688K)->65838K(66688K) NonClass: 58446K(58944K)->58446K(58944K) Class: 7392K(7744K)->7392K(7744K)
[2024-03-24T20:17:44.938+0800][1458.963s] GC(459) Pause Young (Normal) (G1 Evacuation Pause) 357M->52M(512M) 4.420ms
[2024-03-24T20:17:44.938+0800][1458.963s] GC(459) User=0.00s Sys=0.00s Real=0.01s
[2024-03-24T20:17:47.486+0800][1461.510s] GC(460) Pause Young (Normal) (G1 Evacuation Pause)
[2024-03-24T20:17:47.486+0800][1461.510s] GC(460) Using 8 workers of 8 for evacuation
[2024-03-24T20:17:47.490+0800][1461.514s] GC(460)   Pre Evacuate Collection Set: 0.3ms
[2024-03-24T20:17:47.490+0800][1461.514s] GC(460)   Merge Heap Roots: 0.5ms
[2024-03-24T20:17:47.490+0800][1461.514s] GC(460)   Evacuate Collection Set: 2.2ms
[2024-03-24T20:17:47.490+0800][1461.514s] GC(460)   Post Evacuate Collection Set: 1.1ms
[2024-03-24T20:17:47.490+0800][1461.514s] GC(460)   Other: 0.2ms
[2024-03-24T20:17:47.490+0800][1461.514s] GC(460) Eden regions: 305->0(305)
[2024-03-24T20:17:47.490+0800][1461.514s] GC(460) Survivor regions: 2->2(39)
[2024-03-24T20:17:47.490+0800][1461.514s] GC(460) Old regions: 48->48
[2024-03-24T20:17:47.490+0800][1461.515s] GC(460) Humongous regions: 4->4
[2024-03-24T20:17:47.490+0800][1461.515s] GC(460) Metaspace: 65838K(66688K)->65838K(66688K) NonClass: 58446K(58944K)->58446K(58944K) Class: 7392K(7744K)->7392K(7744K)
[2024-03-24T20:17:47.490+0800][1461.515s] GC(460) Pause Young (Normal) (G1 Evacuation Pause) 357M->52M(512M) 5.002ms
[2024-03-24T20:17:47.490+0800][1461.515s] GC(460) User=0.00s Sys=0.00s Real=0.00s
[2024-03-24T20:17:50.052+0800][1464.075s] GC(461) Pause Young (Normal) (G1 Evacuation Pause)
[2024-03-24T20:17:50.052+0800][1464.075s] GC(461) Using 8 workers of 8 for evacuation
[2024-03-24T20:17:50.056+0800][1464.079s] GC(461)   Pre Evacuate Collection Set: 0.3ms
[2024-03-24T20:17:50.056+0800][1464.079s] GC(461)   Merge Heap Roots: 0.4ms
[2024-03-24T20:17:50.056+0800][1464.079s] GC(461)   Evacuate Collection Set: 2.2ms
[2024-03-24T20:17:50.056+0800][1464.079s] GC(461)   Post Evacuate Collection Set: 1.2ms
[2024-03-24T20:17:50.056+0800][1464.079s] GC(461)   Other: 0.2ms
[2024-03-24T20:17:50.056+0800][1464.080s] GC(461) Eden regions: 305->0(305)
[2024-03-24T20:17:50.056+0800][1464.080s] GC(461) Survivor regions: 2->2(39)
[2024-03-24T20:17:50.056+0800][1464.080s] GC(461) Old regions: 48->48
[2024-03-24T20:17:50.056+0800][1464.080s] GC(461) Humongous regions: 4->4
[2024-03-24T20:17:50.056+0800][1464.080s] GC(461) Metaspace: 65838K(66688K)->65838K(66688K) NonClass: 58446K(58944K)->58446K(58944K) Class: 7392K(7744K)->7392K(7744K)
[2024-03-24T20:17:50.056+0800][1464.080s] GC(461) Pause Young (Normal) (G1 Evacuation Pause) 357M->52M(512M) 5.055ms
[2024-03-24T20:17:50.056+0800][1464.080s] GC(461) User=0.00s Sys=0.00s Real=0.00s
[2024-03-24T20:17:52.665+0800][1466.691s] GC(462) Pause Young (Normal) (G1 Evacuation Pause)
[2024-03-24T20:17:52.665+0800][1466.691s] GC(462) Using 8 workers of 8 for evacuation
[2024-03-24T20:17:52.672+0800][1466.695s] GC(462)   Pre Evacuate Collection Set: 0.3ms
[2024-03-24T20:17:52.672+0800][1466.695s] GC(462)   Merge Heap Roots: 0.1ms
[2024-03-24T20:17:52.672+0800][1466.695s] GC(462)   Evacuate Collection Set: 2.2ms
[2024-03-24T20:17:52.672+0800][1466.695s] GC(462)   Post Evacuate Collection Set: 0.8ms
[2024-03-24T20:17:52.672+0800][1466.695s] GC(462)   Other: 0.2ms
[2024-03-24T20:17:52.672+0800][1466.695s] GC(462) Eden regions: 305->0(305)
[2024-03-24T20:17:52.672+0800][1466.695s] GC(462) Survivor regions: 2->2(39)
[2024-03-24T20:17:52.672+0800][1466.695s] GC(462) Old regions: 48->48
[2024-03-24T20:17:52.672+0800][1466.695s] GC(462) Humongous regions: 4->4
[2024-03-24T20:17:52.672+0800][1466.695s] GC(462) Metaspace: 65838K(66688K)->65838K(66688K) NonClass: 58446K(58944K)->58446K(58944K) Class: 7392K(7744K)->7392K(7744K)
[2024-03-24T20:17:52.672+0800][1466.695s] GC(462) Pause Young (Normal) (G1 Evacuation Pause) 357M->52M(512M) 4.331ms
[2024-03-24T20:17:52.672+0800][1466.695s] GC(462) User=0.00s Sys=0.00s Real=0.01s
[2024-03-24T20:17:55.214+0800][1469.242s] GC(463) Pause Young (Normal) (G1 Evacuation Pause)
[2024-03-24T20:17:55.214+0800][1469.242s] GC(463) Using 8 workers of 8 for evacuation
[2024-03-24T20:17:55.224+0800][1469.248s] GC(463)   Pre Evacuate Collection Set: 0.2ms
[2024-03-24T20:17:55.224+0800][1469.248s] GC(463)   Merge Heap Roots: 0.4ms
[2024-03-24T20:17:55.224+0800][1469.248s] GC(463)   Evacuate Collection Set: 3.4ms
[2024-03-24T20:17:55.224+0800][1469.248s] GC(463)   Post Evacuate Collection Set: 1.6ms
[2024-03-24T20:17:55.224+0800][1469.248s] GC(463)   Other: 0.1ms
[2024-03-24T20:17:55.224+0800][1469.248s] GC(463) Eden regions: 305->0(305)
[2024-03-24T20:17:55.224+0800][1469.248s] GC(463) Survivor regions: 2->2(39)
[2024-03-24T20:17:55.224+0800][1469.248s] GC(463) Old regions: 48->48
[2024-03-24T20:17:55.224+0800][1469.248s] GC(463) Humongous regions: 4->4
[2024-03-24T20:17:55.224+0800][1469.248s] GC(463) Metaspace: 65838K(66688K)->65838K(66688K) NonClass: 58446K(58944K)->58446K(58944K) Class: 7392K(7744K)->7392K(7744K)
[2024-03-24T20:17:55.224+0800][1469.249s] GC(463) Pause Young (Normal) (G1 Evacuation Pause) 357M->52M(512M) 6.210ms
[2024-03-24T20:17:55.224+0800][1469.249s] GC(463) User=0.00s Sys=0.00s Real=0.01s
[2024-03-24T20:17:57.764+0800][1471.790s] GC(464) Pause Young (Normal) (G1 Evacuation Pause)
[2024-03-24T20:17:57.764+0800][1471.790s] GC(464) Using 8 workers of 8 for evacuation
[2024-03-24T20:17:57.768+0800][1471.794s] GC(464)   Pre Evacuate Collection Set: 0.3ms
[2024-03-24T20:17:57.768+0800][1471.794s] GC(464)   Merge Heap Roots: 0.2ms
[2024-03-24T20:17:57.768+0800][1471.794s] GC(464)   Evacuate Collection Set: 2.4ms
[2024-03-24T20:17:57.768+0800][1471.795s] GC(464)   Post Evacuate Collection Set: 1.3ms
[2024-03-24T20:17:57.768+0800][1471.795s] GC(464)   Other: 0.2ms
[2024-03-24T20:17:57.768+0800][1471.795s] GC(464) Eden regions: 305->0(305)
[2024-03-24T20:17:57.768+0800][1471.795s] GC(464) Survivor regions: 2->2(39)
[2024-03-24T20:17:57.768+0800][1471.795s] GC(464) Old regions: 48->48
[2024-03-24T20:17:57.768+0800][1471.795s] GC(464) Humongous regions: 4->4
[2024-03-24T20:17:57.768+0800][1471.795s] GC(464) Metaspace: 65838K(66688K)->65838K(66688K) NonClass: 58446K(58944K)->58446K(58944K) Class: 7392K(7744K)->7392K(7744K)
[2024-03-24T20:17:57.768+0800][1471.795s] GC(464) Pause Young (Normal) (G1 Evacuation Pause) 357M->52M(512M) 5.173ms
[2024-03-24T20:17:57.768+0800][1471.795s] GC(464) User=0.00s Sys=0.00s Real=0.00s
[2024-03-24T20:18:00.453+0800][1474.481s] GC(465) Pause Young (Normal) (G1 Evacuation Pause)
[2024-03-24T20:18:00.453+0800][1474.481s] GC(465) Using 8 workers of 8 for evacuation
[2024-03-24T20:18:00.463+0800][1474.487s] GC(465)   Pre Evacuate Collection Set: 0.3ms
[2024-03-24T20:18:00.463+0800][1474.487s] GC(465)   Merge Heap Roots: 0.2ms
[2024-03-24T20:18:00.463+0800][1474.487s] GC(465)   Evacuate Collection Set: 3.7ms
[2024-03-24T20:18:00.463+0800][1474.487s] GC(465)   Post Evacuate Collection Set: 1.5ms
[2024-03-24T20:18:00.463+0800][1474.487s] GC(465)   Other: 0.2ms
[2024-03-24T20:18:00.463+0800][1474.487s] GC(465) Eden regions: 305->0(305)
[2024-03-24T20:18:00.463+0800][1474.487s] GC(465) Survivor regions: 2->2(39)
[2024-03-24T20:18:00.463+0800][1474.487s] GC(465) Old regions: 48->48
[2024-03-24T20:18:00.463+0800][1474.487s] GC(465) Humongous regions: 4->4
[2024-03-24T20:18:00.463+0800][1474.487s] GC(465) Metaspace: 65838K(66688K)->65838K(66688K) NonClass: 58446K(58944K)->58446K(58944K) Class: 7392K(7744K)->7392K(7744K)
[2024-03-24T20:18:00.463+0800][1474.487s] GC(465) Pause Young (Normal) (G1 Evacuation Pause) 357M->52M(512M) 6.345ms
[2024-03-24T20:18:00.463+0800][1474.487s] GC(465) User=0.03s Sys=0.00s Real=0.01s
[2024-03-24T20:18:02.901+0800][1476.933s] GC(466) Pause Young (Normal) (G1 Evacuation Pause)
[2024-03-24T20:18:02.911+0800][1476.934s] GC(466) Using 8 workers of 8 for evacuation
[2024-03-24T20:18:02.914+0800][1476.937s] GC(466)   Pre Evacuate Collection Set: 0.3ms
[2024-03-24T20:18:02.914+0800][1476.938s] GC(466)   Merge Heap Roots: 0.2ms
[2024-03-24T20:18:02.914+0800][1476.938s] GC(466)   Evacuate Collection Set: 2.3ms
[2024-03-24T20:18:02.914+0800][1476.938s] GC(466)   Post Evacuate Collection Set: 0.8ms
[2024-03-24T20:18:02.914+0800][1476.938s] GC(466)   Other: 0.3ms
[2024-03-24T20:18:02.914+0800][1476.938s] GC(466) Eden regions: 305->0(305)
[2024-03-24T20:18:02.914+0800][1476.938s] GC(466) Survivor regions: 2->2(39)
[2024-03-24T20:18:02.914+0800][1476.938s] GC(466) Old regions: 48->48
[2024-03-24T20:18:02.914+0800][1476.938s] GC(466) Humongous regions: 4->4
[2024-03-24T20:18:02.914+0800][1476.938s] GC(466) Metaspace: 65838K(66688K)->65838K(66688K) NonClass: 58446K(58944K)->58446K(58944K) Class: 7392K(7744K)->7392K(7744K)
[2024-03-24T20:18:02.914+0800][1476.938s] GC(466) Pause Young (Normal) (G1 Evacuation Pause) 357M->52M(512M) 4.627ms
[2024-03-24T20:18:02.914+0800][1476.938s] GC(466) User=0.00s Sys=0.00s Real=0.01s
[2024-03-24T20:18:05.481+0800][1479.508s] GC(467) Pause Young (Normal) (G1 Evacuation Pause)
[2024-03-24T20:18:05.481+0800][1479.508s] GC(467) Using 8 workers of 8 for evacuation
[2024-03-24T20:18:05.492+0800][1479.514s] GC(467)   Pre Evacuate Collection Set: 0.3ms
[2024-03-24T20:18:05.492+0800][1479.515s] GC(467)   Merge Heap Roots: 0.4ms
[2024-03-24T20:18:05.492+0800][1479.515s] GC(467)   Evacuate Collection Set: 3.6ms
[2024-03-24T20:18:05.492+0800][1479.515s] GC(467)   Post Evacuate Collection Set: 2.0ms
[2024-03-24T20:18:05.492+0800][1479.515s] GC(467)   Other: 0.2ms
[2024-03-24T20:18:05.492+0800][1479.515s] GC(467) Eden regions: 305->0(305)
[2024-03-24T20:18:05.492+0800][1479.515s] GC(467) Survivor regions: 2->2(39)
[2024-03-24T20:18:05.492+0800][1479.515s] GC(467) Old regions: 48->48
[2024-03-24T20:18:05.492+0800][1479.515s] GC(467) Humongous regions: 4->4
[2024-03-24T20:18:05.492+0800][1479.515s] GC(467) Metaspace: 65838K(66688K)->65838K(66688K) NonClass: 58446K(58944K)->58446K(58944K) Class: 7392K(7744K)->7392K(7744K)
[2024-03-24T20:18:05.492+0800][1479.515s] GC(467) Pause Young (Normal) (G1 Evacuation Pause) 357M->52M(512M) 7.117ms
[2024-03-24T20:18:05.492+0800][1479.515s] GC(467) User=0.00s Sys=0.00s Real=0.01s
[2024-03-24T20:18:07.928+0800][1481.951s] GC(468) Pause Young (Normal) (G1 Evacuation Pause)
[2024-03-24T20:18:07.928+0800][1481.951s] GC(468) Using 8 workers of 8 for evacuation
[2024-03-24T20:18:07.931+0800][1481.954s] GC(468)   Pre Evacuate Collection Set: 0.3ms
[2024-03-24T20:18:07.931+0800][1481.954s] GC(468)   Merge Heap Roots: 0.1ms
[2024-03-24T20:18:07.931+0800][1481.954s] GC(468)   Evacuate Collection Set: 1.4ms
[2024-03-24T20:18:07.931+0800][1481.954s] GC(468)   Post Evacuate Collection Set: 0.5ms
[2024-03-24T20:18:07.931+0800][1481.954s] GC(468)   Other: 0.2ms
[2024-03-24T20:18:07.931+0800][1481.954s] GC(468) Eden regions: 305->0(305)
[2024-03-24T20:18:07.931+0800][1481.954s] GC(468) Survivor regions: 2->2(39)
[2024-03-24T20:18:07.931+0800][1481.954s] GC(468) Old regions: 48->48
[2024-03-24T20:18:07.931+0800][1481.954s] GC(468) Humongous regions: 4->4
[2024-03-24T20:18:07.931+0800][1481.954s] GC(468) Metaspace: 65838K(66688K)->65838K(66688K) NonClass: 58446K(58944K)->58446K(58944K) Class: 7392K(7744K)->7392K(7744K)
[2024-03-24T20:18:07.931+0800][1481.954s] GC(468) Pause Young (Normal) (G1 Evacuation Pause) 357M->52M(512M) 2.963ms
[2024-03-24T20:18:07.931+0800][1481.954s] GC(468) User=0.00s Sys=0.00s Real=0.00s
[2024-03-24T20:18:10.534+0800][1484.562s] GC(469) Pause Young (Normal) (G1 Evacuation Pause)
[2024-03-24T20:18:10.534+0800][1484.562s] GC(469) Using 8 workers of 8 for evacuation
[2024-03-24T20:18:10.543+0800][1484.567s] GC(469)   Pre Evacuate Collection Set: 0.6ms
[2024-03-24T20:18:10.543+0800][1484.567s] GC(469)   Merge Heap Roots: 0.5ms
[2024-03-24T20:18:10.543+0800][1484.567s] GC(469)   Evacuate Collection Set: 2.2ms
[2024-03-24T20:18:10.543+0800][1484.567s] GC(469)   Post Evacuate Collection Set: 1.3ms
[2024-03-24T20:18:10.543+0800][1484.568s] GC(469)   Other: 0.3ms
[2024-03-24T20:18:10.543+0800][1484.568s] GC(469) Eden regions: 305->0(305)
[2024-03-24T20:18:10.543+0800][1484.568s] GC(469) Survivor regions: 2->2(39)
[2024-03-24T20:18:10.543+0800][1484.568s] GC(469) Old regions: 48->48
[2024-03-24T20:18:10.543+0800][1484.568s] GC(469) Humongous regions: 4->4
[2024-03-24T20:18:10.543+0800][1484.568s] GC(469) Metaspace: 65838K(66688K)->65838K(66688K) NonClass: 58446K(58944K)->58446K(58944K) Class: 7392K(7744K)->7392K(7744K)
[2024-03-24T20:18:10.543+0800][1484.568s] GC(469) Pause Young (Normal) (G1 Evacuation Pause) 357M->52M(512M) 5.720ms
[2024-03-24T20:18:10.543+0800][1484.568s] GC(469) User=0.03s Sys=0.00s Real=0.01s
[2024-03-24T20:18:13.113+0800][1487.137s] GC(470) Pause Young (Normal) (G1 Evacuation Pause)
[2024-03-24T20:18:13.113+0800][1487.137s] GC(470) Using 8 workers of 8 for evacuation
[2024-03-24T20:18:13.113+0800][1487.142s] GC(470)   Pre Evacuate Collection Set: 0.5ms
[2024-03-24T20:18:13.113+0800][1487.142s] GC(470)   Merge Heap Roots: 0.3ms
[2024-03-24T20:18:13.113+0800][1487.142s] GC(470)   Evacuate Collection Set: 2.7ms
[2024-03-24T20:18:13.113+0800][1487.142s] GC(470)   Post Evacuate Collection Set: 1.5ms
[2024-03-24T20:18:13.113+0800][1487.142s] GC(470)   Other: 0.1ms
[2024-03-24T20:18:13.113+0800][1487.142s] GC(470) Eden regions: 305->0(305)
[2024-03-24T20:18:13.113+0800][1487.142s] GC(470) Survivor regions: 2->2(39)
[2024-03-24T20:18:13.113+0800][1487.142s] GC(470) Old regions: 48->48
[2024-03-24T20:18:13.113+0800][1487.142s] GC(470) Humongous regions: 4->4
[2024-03-24T20:18:13.113+0800][1487.142s] GC(470) Metaspace: 65838K(66688K)->65838K(66688K) NonClass: 58446K(58944K)->58446K(58944K) Class: 7392K(7744K)->7392K(7744K)
[2024-03-24T20:18:13.113+0800][1487.143s] GC(470) Pause Young (Normal) (G1 Evacuation Pause) 357M->52M(512M) 5.800ms
[2024-03-24T20:18:13.113+0800][1487.143s] GC(470) User=0.00s Sys=0.00s Real=0.00s
[2024-03-24T20:18:15.810+0800][1489.835s] GC(471) Pause Young (Normal) (G1 Evacuation Pause)
[2024-03-24T20:18:15.810+0800][1489.835s] GC(471) Using 8 workers of 8 for evacuation
[2024-03-24T20:18:15.810+0800][1489.840s] GC(471)   Pre Evacuate Collection Set: 0.3ms
[2024-03-24T20:18:15.810+0800][1489.840s] GC(471)   Merge Heap Roots: 0.3ms
[2024-03-24T20:18:15.810+0800][1489.840s] GC(471)   Evacuate Collection Set: 2.7ms
[2024-03-24T20:18:15.810+0800][1489.840s] GC(471)   Post Evacuate Collection Set: 1.3ms
[2024-03-24T20:18:15.810+0800][1489.840s] GC(471)   Other: 0.1ms
[2024-03-24T20:18:15.810+0800][1489.840s] GC(471) Eden regions: 305->0(305)
[2024-03-24T20:18:15.810+0800][1489.840s] GC(471) Survivor regions: 2->2(39)
[2024-03-24T20:18:15.810+0800][1489.840s] GC(471) Old regions: 48->48
[2024-03-24T20:18:15.810+0800][1489.840s] GC(471) Humongous regions: 4->4
[2024-03-24T20:18:15.810+0800][1489.840s] GC(471) Metaspace: 65838K(66688K)->65838K(66688K) NonClass: 58446K(58944K)->58446K(58944K) Class: 7392K(7744K)->7392K(7744K)
[2024-03-24T20:18:15.810+0800][1489.840s] GC(471) Pause Young (Normal) (G1 Evacuation Pause) 357M->53M(512M) 5.165ms
[2024-03-24T20:18:15.810+0800][1489.840s] GC(471) User=0.00s Sys=0.00s Real=0.00s
[2024-03-24T20:18:18.233+0800][1492.264s] GC(472) Pause Young (Normal) (G1 Evacuation Pause)
[2024-03-24T20:18:18.233+0800][1492.265s] GC(472) Using 8 workers of 8 for evacuation
[2024-03-24T20:18:18.245+0800][1492.269s] GC(472)   Pre Evacuate Collection Set: 0.4ms
[2024-03-24T20:18:18.245+0800][1492.269s] GC(472)   Merge Heap Roots: 0.3ms
[2024-03-24T20:18:18.245+0800][1492.269s] GC(472)   Evacuate Collection Set: 2.6ms
[2024-03-24T20:18:18.245+0800][1492.269s] GC(472)   Post Evacuate Collection Set: 0.9ms
[2024-03-24T20:18:18.245+0800][1492.269s] GC(472)   Other: 0.2ms
[2024-03-24T20:18:18.245+0800][1492.269s] GC(472) Eden regions: 305->0(302)
[2024-03-24T20:18:18.245+0800][1492.269s] GC(472) Survivor regions: 2->5(39)
[2024-03-24T20:18:18.245+0800][1492.269s] GC(472) Old regions: 48->48
[2024-03-24T20:18:18.245+0800][1492.269s] GC(472) Humongous regions: 4->4
[2024-03-24T20:18:18.245+0800][1492.269s] GC(472) Metaspace: 65840K(66688K)->65840K(66688K) NonClass: 58447K(58944K)->58447K(58944K) Class: 7392K(7744K)->7392K(7744K)
[2024-03-24T20:18:18.245+0800][1492.269s] GC(472) Pause Young (Normal) (G1 Evacuation Pause) 358M->55M(512M) 4.837ms
[2024-03-24T20:18:18.245+0800][1492.269s] GC(472) User=0.03s Sys=0.00s Real=0.01s
[2024-03-24T20:18:20.803+0800][1494.834s] GC(473) Pause Young (Normal) (G1 Evacuation Pause)
[2024-03-24T20:18:20.803+0800][1494.834s] GC(473) Using 8 workers of 8 for evacuation
[2024-03-24T20:18:20.813+0800][1494.839s] GC(473)   Pre Evacuate Collection Set: 0.3ms
[2024-03-24T20:18:20.813+0800][1494.839s] GC(473)   Merge Heap Roots: 0.5ms
[2024-03-24T20:18:20.813+0800][1494.839s] GC(473)   Evacuate Collection Set: 2.5ms
[2024-03-24T20:18:20.813+0800][1494.839s] GC(473)   Post Evacuate Collection Set: 1.0ms
[2024-03-24T20:18:20.813+0800][1494.839s] GC(473)   Other: 0.2ms
[2024-03-24T20:18:20.813+0800][1494.839s] GC(473) Eden regions: 302->0(302)
[2024-03-24T20:18:20.813+0800][1494.839s] GC(473) Survivor regions: 5->5(39)
[2024-03-24T20:18:20.813+0800][1494.839s] GC(473) Old regions: 48->48
[2024-03-24T20:18:20.813+0800][1494.839s] GC(473) Humongous regions: 4->4
[2024-03-24T20:18:20.813+0800][1494.839s] GC(473) Metaspace: 65840K(66688K)->65840K(66688K) NonClass: 58447K(58944K)->58447K(58944K) Class: 7392K(7744K)->7392K(7744K)
[2024-03-24T20:18:20.813+0800][1494.840s] GC(473) Pause Young (Normal) (G1 Evacuation Pause) 357M->55M(512M) 5.454ms
[2024-03-24T20:18:20.813+0800][1494.840s] GC(473) User=0.00s Sys=0.00s Real=0.01s
[2024-03-24T20:18:23.472+0800][1497.495s] GC(474) Pause Young (Normal) (G1 Evacuation Pause)
[2024-03-24T20:18:23.472+0800][1497.496s] GC(474) Using 8 workers of 8 for evacuation
[2024-03-24T20:18:23.474+0800][1497.500s] GC(474)   Pre Evacuate Collection Set: 0.3ms
[2024-03-24T20:18:23.474+0800][1497.500s] GC(474)   Merge Heap Roots: 0.2ms
[2024-03-24T20:18:23.474+0800][1497.500s] GC(474)   Evacuate Collection Set: 2.5ms
[2024-03-24T20:18:23.474+0800][1497.500s] GC(474)   Post Evacuate Collection Set: 1.2ms
[2024-03-24T20:18:23.474+0800][1497.500s] GC(474)   Other: 0.2ms
[2024-03-24T20:18:23.474+0800][1497.500s] GC(474) Eden regions: 302->0(302)
[2024-03-24T20:18:23.474+0800][1497.501s] GC(474) Survivor regions: 5->5(39)
[2024-03-24T20:18:23.474+0800][1497.501s] GC(474) Old regions: 48->48
[2024-03-24T20:18:23.474+0800][1497.501s] GC(474) Humongous regions: 4->4
[2024-03-24T20:18:23.474+0800][1497.501s] GC(474) Metaspace: 65840K(66688K)->65840K(66688K) NonClass: 58447K(58944K)->58447K(58944K) Class: 7392K(7744K)->7392K(7744K)
[2024-03-24T20:18:23.474+0800][1497.501s] GC(474) Pause Young (Normal) (G1 Evacuation Pause) 357M->55M(512M) 5.349ms
[2024-03-24T20:18:23.474+0800][1497.501s] GC(474) User=0.00s Sys=0.00s Real=0.00s
[2024-03-24T20:18:26.132+0800][1500.155s] GC(475) Pause Young (Normal) (G1 Evacuation Pause)
[2024-03-24T20:18:26.132+0800][1500.155s] GC(475) Using 8 workers of 8 for evacuation
[2024-03-24T20:18:26.134+0800][1500.160s] GC(475)   Pre Evacuate Collection Set: 0.3ms
[2024-03-24T20:18:26.138+0800][1500.160s] GC(475)   Merge Heap Roots: 0.1ms
[2024-03-24T20:18:26.138+0800][1500.160s] GC(475)   Evacuate Collection Set: 3.6ms
[2024-03-24T20:18:26.138+0800][1500.160s] GC(475)   Post Evacuate Collection Set: 0.8ms
[2024-03-24T20:18:26.138+0800][1500.160s] GC(475)   Other: 0.2ms
[2024-03-24T20:18:26.138+0800][1500.160s] GC(475) Eden regions: 302->0(302)
[2024-03-24T20:18:26.138+0800][1500.160s] GC(475) Survivor regions: 5->5(39)
[2024-03-24T20:18:26.138+0800][1500.160s] GC(475) Old regions: 48->48
[2024-03-24T20:18:26.138+0800][1500.160s] GC(475) Humongous regions: 4->4
[2024-03-24T20:18:26.138+0800][1500.160s] GC(475) Metaspace: 65840K(66688K)->65840K(66688K) NonClass: 58447K(58944K)->58447K(58944K) Class: 7392K(7744K)->7392K(7744K)
[2024-03-24T20:18:26.138+0800][1500.160s] GC(475) Pause Young (Normal) (G1 Evacuation Pause) 357M->56M(512M) 5.514ms
[2024-03-24T20:18:26.138+0800][1500.161s] GC(475) User=0.00s Sys=0.00s Real=0.01s
[2024-03-24T20:18:28.628+0800][1502.652s] GC(476) Pause Young (Normal) (G1 Evacuation Pause)
[2024-03-24T20:18:28.628+0800][1502.652s] GC(476) Using 8 workers of 8 for evacuation
[2024-03-24T20:18:28.634+0800][1502.656s] GC(476)   Pre Evacuate Collection Set: 0.2ms
[2024-03-24T20:18:28.634+0800][1502.656s] GC(476)   Merge Heap Roots: 0.1ms
[2024-03-24T20:18:28.634+0800][1502.656s] GC(476)   Evacuate Collection Set: 3.6ms
[2024-03-24T20:18:28.634+0800][1502.656s] GC(476)   Post Evacuate Collection Set: 0.5ms
[2024-03-24T20:18:28.634+0800][1502.656s] GC(476)   Other: 0.1ms
[2024-03-24T20:18:28.634+0800][1502.656s] GC(476) Eden regions: 302->0(302)
[2024-03-24T20:18:28.634+0800][1502.656s] GC(476) Survivor regions: 5->5(39)
[2024-03-24T20:18:28.634+0800][1502.656s] GC(476) Old regions: 48->48
[2024-03-24T20:18:28.634+0800][1502.656s] GC(476) Humongous regions: 4->4
[2024-03-24T20:18:28.634+0800][1502.657s] GC(476) Metaspace: 65840K(66688K)->65840K(66688K) NonClass: 58447K(58944K)->58447K(58944K) Class: 7392K(7744K)->7392K(7744K)
[2024-03-24T20:18:28.634+0800][1502.657s] GC(476) Pause Young (Normal) (G1 Evacuation Pause) 358M->56M(512M) 4.960ms
[2024-03-24T20:18:28.634+0800][1502.657s] GC(476) User=0.00s Sys=0.00s Real=0.01s
[2024-03-24T20:18:31.087+0800][1505.114s] GC(477) Pause Young (Normal) (G1 Evacuation Pause)
[2024-03-24T20:18:31.087+0800][1505.115s] GC(477) Using 8 workers of 8 for evacuation
[2024-03-24T20:18:31.087+0800][1505.119s] GC(477)   Pre Evacuate Collection Set: 0.3ms
[2024-03-24T20:18:31.087+0800][1505.119s] GC(477)   Merge Heap Roots: 0.2ms
[2024-03-24T20:18:31.087+0800][1505.119s] GC(477)   Evacuate Collection Set: 2.5ms
[2024-03-24T20:18:31.087+0800][1505.119s] GC(477)   Post Evacuate Collection Set: 1.1ms
[2024-03-24T20:18:31.097+0800][1505.119s] GC(477)   Other: 0.2ms
[2024-03-24T20:18:31.097+0800][1505.119s] GC(477) Eden regions: 302->0(302)
[2024-03-24T20:18:31.097+0800][1505.119s] GC(477) Survivor regions: 5->5(39)
[2024-03-24T20:18:31.097+0800][1505.119s] GC(477) Old regions: 48->48
[2024-03-24T20:18:31.097+0800][1505.119s] GC(477) Humongous regions: 4->4
[2024-03-24T20:18:31.097+0800][1505.119s] GC(477) Metaspace: 65840K(66688K)->65840K(66688K) NonClass: 58447K(58944K)->58447K(58944K) Class: 7392K(7744K)->7392K(7744K)
[2024-03-24T20:18:31.097+0800][1505.120s] GC(477) Pause Young (Normal) (G1 Evacuation Pause) 358M->56M(512M) 5.055ms
[2024-03-24T20:18:31.097+0800][1505.120s] GC(477) User=0.00s Sys=0.00s Real=0.01s
[2024-03-24T20:18:33.696+0800][1507.723s] GC(478) Pause Young (Normal) (G1 Evacuation Pause)
[2024-03-24T20:18:33.696+0800][1507.723s] GC(478) Using 8 workers of 8 for evacuation
[2024-03-24T20:18:33.707+0800][1507.730s] GC(478)   Pre Evacuate Collection Set: 0.7ms
[2024-03-24T20:18:33.707+0800][1507.730s] GC(478)   Merge Heap Roots: 0.5ms
[2024-03-24T20:18:33.707+0800][1507.730s] GC(478)   Evacuate Collection Set: 3.2ms
[2024-03-24T20:18:33.707+0800][1507.730s] GC(478)   Post Evacuate Collection Set: 1.6ms
[2024-03-24T20:18:33.707+0800][1507.730s] GC(478)   Other: 0.5ms
[2024-03-24T20:18:33.707+0800][1507.730s] GC(478) Eden regions: 302->0(302)
[2024-03-24T20:18:33.707+0800][1507.730s] GC(478) Survivor regions: 5->5(39)
[2024-03-24T20:18:33.707+0800][1507.730s] GC(478) Old regions: 48->48
[2024-03-24T20:18:33.707+0800][1507.730s] GC(478) Humongous regions: 4->4
[2024-03-24T20:18:33.707+0800][1507.730s] GC(478) Metaspace: 65840K(66688K)->65840K(66688K) NonClass: 58447K(58944K)->58447K(58944K) Class: 7392K(7744K)->7392K(7744K)
[2024-03-24T20:18:33.707+0800][1507.731s] GC(478) Pause Young (Normal) (G1 Evacuation Pause) 358M->55M(512M) 7.303ms
[2024-03-24T20:18:33.707+0800][1507.731s] GC(478) User=0.00s Sys=0.00s Real=0.01s
[2024-03-24T20:18:36.368+0800][1510.394s] GC(479) Pause Young (Normal) (G1 Evacuation Pause)
[2024-03-24T20:18:36.368+0800][1510.394s] GC(479) Using 8 workers of 8 for evacuation
[2024-03-24T20:18:36.372+0800][1510.399s] GC(479)   Pre Evacuate Collection Set: 0.3ms
[2024-03-24T20:18:36.372+0800][1510.399s] GC(479)   Merge Heap Roots: 0.2ms
[2024-03-24T20:18:36.372+0800][1510.399s] GC(479)   Evacuate Collection Set: 2.8ms
[2024-03-24T20:18:36.372+0800][1510.399s] GC(479)   Post Evacuate Collection Set: 1.1ms
[2024-03-24T20:18:36.372+0800][1510.399s] GC(479)   Other: 0.2ms
[2024-03-24T20:18:36.372+0800][1510.399s] GC(479) Eden regions: 302->0(302)
[2024-03-24T20:18:36.372+0800][1510.399s] GC(479) Survivor regions: 5->5(39)
[2024-03-24T20:18:36.372+0800][1510.399s] GC(479) Old regions: 48->48
[2024-03-24T20:18:36.372+0800][1510.399s] GC(479) Humongous regions: 4->4
[2024-03-24T20:18:36.372+0800][1510.399s] GC(479) Metaspace: 65840K(66688K)->65840K(66688K) NonClass: 58447K(58944K)->58447K(58944K) Class: 7392K(7744K)->7392K(7744K)
[2024-03-24T20:18:36.372+0800][1510.399s] GC(479) Pause Young (Normal) (G1 Evacuation Pause) 357M->56M(512M) 5.339ms
[2024-03-24T20:18:36.372+0800][1510.399s] GC(479) User=0.03s Sys=0.00s Real=0.00s
[2024-03-24T20:18:38.863+0800][1512.893s] GC(480) Pause Young (Normal) (G1 Evacuation Pause)
[2024-03-24T20:18:38.863+0800][1512.893s] GC(480) Using 8 workers of 8 for evacuation
[2024-03-24T20:18:38.873+0800][1512.897s] GC(480)   Pre Evacuate Collection Set: 0.3ms
[2024-03-24T20:18:38.873+0800][1512.897s] GC(480)   Merge Heap Roots: 0.1ms
[2024-03-24T20:18:38.873+0800][1512.897s] GC(480)   Evacuate Collection Set: 2.3ms
[2024-03-24T20:18:38.873+0800][1512.897s] GC(480)   Post Evacuate Collection Set: 0.8ms
[2024-03-24T20:18:38.873+0800][1512.897s] GC(480)   Other: 0.2ms
[2024-03-24T20:18:38.873+0800][1512.897s] GC(480) Eden regions: 302->0(302)
[2024-03-24T20:18:38.873+0800][1512.897s] GC(480) Survivor regions: 5->5(39)
[2024-03-24T20:18:38.873+0800][1512.897s] GC(480) Old regions: 48->48
[2024-03-24T20:18:38.873+0800][1512.897s] GC(480) Humongous regions: 4->4
[2024-03-24T20:18:38.874+0800][1512.897s] GC(480) Metaspace: 65840K(66688K)->65840K(66688K) NonClass: 58447K(58944K)->58447K(58944K) Class: 7392K(7744K)->7392K(7744K)
[2024-03-24T20:18:38.874+0800][1512.897s] GC(480) Pause Young (Normal) (G1 Evacuation Pause) 358M->56M(512M) 4.209ms
[2024-03-24T20:18:38.874+0800][1512.897s] GC(480) User=0.03s Sys=0.00s Real=0.01s
[2024-03-24T20:18:41.305+0800][1515.327s] GC(481) Pause Young (Normal) (G1 Evacuation Pause)
[2024-03-24T20:18:41.305+0800][1515.327s] GC(481) Using 8 workers of 8 for evacuation
[2024-03-24T20:18:41.305+0800][1515.333s] GC(481)   Pre Evacuate Collection Set: 0.5ms
[2024-03-24T20:18:41.310+0800][1515.333s] GC(481)   Merge Heap Roots: 0.5ms
[2024-03-24T20:18:41.310+0800][1515.333s] GC(481)   Evacuate Collection Set: 3.1ms
[2024-03-24T20:18:41.310+0800][1515.333s] GC(481)   Post Evacuate Collection Set: 1.1ms
[2024-03-24T20:18:41.310+0800][1515.333s] GC(481)   Other: 0.2ms
[2024-03-24T20:18:41.310+0800][1515.333s] GC(481) Eden regions: 302->0(302)
[2024-03-24T20:18:41.310+0800][1515.333s] GC(481) Survivor regions: 5->5(39)
[2024-03-24T20:18:41.310+0800][1515.333s] GC(481) Old regions: 48->48
[2024-03-24T20:18:41.310+0800][1515.333s] GC(481) Humongous regions: 4->4
[2024-03-24T20:18:41.310+0800][1515.333s] GC(481) Metaspace: 65840K(66688K)->65840K(66688K) NonClass: 58447K(58944K)->58447K(58944K) Class: 7392K(7744K)->7392K(7744K)
[2024-03-24T20:18:41.310+0800][1515.333s] GC(481) Pause Young (Normal) (G1 Evacuation Pause) 358M->56M(512M) 6.054ms
[2024-03-24T20:18:41.310+0800][1515.333s] GC(481) User=0.00s Sys=0.00s Real=0.00s
[2024-03-24T20:18:43.804+0800][1517.831s] GC(482) Pause Young (Normal) (G1 Evacuation Pause)
[2024-03-24T20:18:43.804+0800][1517.831s] GC(482) Using 8 workers of 8 for evacuation
[2024-03-24T20:18:43.804+0800][1517.836s] GC(482)   Pre Evacuate Collection Set: 0.3ms
[2024-03-24T20:18:43.804+0800][1517.836s] GC(482)   Merge Heap Roots: 0.2ms
[2024-03-24T20:18:43.804+0800][1517.836s] GC(482)   Evacuate Collection Set: 3.1ms
[2024-03-24T20:18:43.804+0800][1517.836s] GC(482)   Post Evacuate Collection Set: 1.4ms
[2024-03-24T20:18:43.804+0800][1517.836s] GC(482)   Other: 0.2ms
[2024-03-24T20:18:43.804+0800][1517.836s] GC(482) Eden regions: 302->0(302)
[2024-03-24T20:18:43.804+0800][1517.836s] GC(482) Survivor regions: 5->5(39)
[2024-03-24T20:18:43.804+0800][1517.836s] GC(482) Old regions: 48->48
[2024-03-24T20:18:43.804+0800][1517.836s] GC(482) Humongous regions: 4->4
[2024-03-24T20:18:43.804+0800][1517.836s] GC(482) Metaspace: 65840K(66688K)->65840K(66688K) NonClass: 58447K(58944K)->58447K(58944K) Class: 7392K(7744K)->7392K(7744K)
[2024-03-24T20:18:43.804+0800][1517.836s] GC(482) Pause Young (Normal) (G1 Evacuation Pause) 358M->56M(512M) 5.768ms
[2024-03-24T20:18:43.804+0800][1517.836s] GC(482) User=0.00s Sys=0.00s Real=0.00s
[2024-03-24T20:18:46.417+0800][1520.445s] GC(483) Pause Young (Normal) (G1 Evacuation Pause)
[2024-03-24T20:18:46.417+0800][1520.446s] GC(483) Using 8 workers of 8 for evacuation
[2024-03-24T20:18:46.417+0800][1520.452s] GC(483)   Pre Evacuate Collection Set: 0.3ms
[2024-03-24T20:18:46.417+0800][1520.452s] GC(483)   Merge Heap Roots: 0.3ms
[2024-03-24T20:18:46.417+0800][1520.452s] GC(483)   Evacuate Collection Set: 4.1ms
[2024-03-24T20:18:46.417+0800][1520.452s] GC(483)   Post Evacuate Collection Set: 1.6ms
[2024-03-24T20:18:46.417+0800][1520.452s] GC(483)   Other: 0.2ms
[2024-03-24T20:18:46.417+0800][1520.452s] GC(483) Eden regions: 302->0(302)
[2024-03-24T20:18:46.417+0800][1520.452s] GC(483) Survivor regions: 5->5(39)
[2024-03-24T20:18:46.417+0800][1520.452s] GC(483) Old regions: 48->48
[2024-03-24T20:18:46.417+0800][1520.452s] GC(483) Humongous regions: 4->4
[2024-03-24T20:18:46.417+0800][1520.452s] GC(483) Metaspace: 65840K(66688K)->65840K(66688K) NonClass: 58447K(58944K)->58447K(58944K) Class: 7392K(7744K)->7392K(7744K)
[2024-03-24T20:18:46.417+0800][1520.453s] GC(483) Pause Young (Normal) (G1 Evacuation Pause) 358M->56M(512M) 7.098ms
[2024-03-24T20:18:46.417+0800][1520.453s] GC(483) User=0.00s Sys=0.00s Real=0.00s
[2024-03-24T20:18:48.909+0800][1522.935s] GC(484) Pause Young (Normal) (G1 Evacuation Pause)
[2024-03-24T20:18:48.909+0800][1522.935s] GC(484) Using 8 workers of 8 for evacuation
[2024-03-24T20:18:48.916+0800][1522.939s] GC(484)   Pre Evacuate Collection Set: 0.3ms
[2024-03-24T20:18:48.916+0800][1522.939s] GC(484)   Merge Heap Roots: 0.2ms
[2024-03-24T20:18:48.916+0800][1522.939s] GC(484)   Evacuate Collection Set: 2.0ms
[2024-03-24T20:18:48.916+0800][1522.939s] GC(484)   Post Evacuate Collection Set: 1.3ms
[2024-03-24T20:18:48.916+0800][1522.939s] GC(484)   Other: 0.3ms
[2024-03-24T20:18:48.916+0800][1522.939s] GC(484) Eden regions: 302->0(302)
[2024-03-24T20:18:48.916+0800][1522.939s] GC(484) Survivor regions: 5->5(39)
[2024-03-24T20:18:48.916+0800][1522.939s] GC(484) Old regions: 48->48
[2024-03-24T20:18:48.916+0800][1522.939s] GC(484) Humongous regions: 4->4
[2024-03-24T20:18:48.916+0800][1522.939s] GC(484) Metaspace: 65840K(66688K)->65840K(66688K) NonClass: 58447K(58944K)->58447K(58944K) Class: 7392K(7744K)->7392K(7744K)
[2024-03-24T20:18:48.916+0800][1522.939s] GC(484) Pause Young (Normal) (G1 Evacuation Pause) 358M->56M(512M) 4.775ms
[2024-03-24T20:18:48.916+0800][1522.939s] GC(484) User=0.00s Sys=0.00s Real=0.01s
[2024-03-24T20:18:51.483+0800][1525.506s] GC(485) Pause Young (Normal) (G1 Evacuation Pause)
[2024-03-24T20:18:51.483+0800][1525.506s] GC(485) Using 8 workers of 8 for evacuation
[2024-03-24T20:18:51.487+0800][1525.511s] GC(485)   Pre Evacuate Collection Set: 0.4ms
[2024-03-24T20:18:51.487+0800][1525.511s] GC(485)   Merge Heap Roots: 0.3ms
[2024-03-24T20:18:51.487+0800][1525.511s] GC(485)   Evacuate Collection Set: 2.6ms
[2024-03-24T20:18:51.487+0800][1525.511s] GC(485)   Post Evacuate Collection Set: 1.3ms
[2024-03-24T20:18:51.487+0800][1525.511s] GC(485)   Other: 0.2ms
[2024-03-24T20:18:51.487+0800][1525.511s] GC(485) Eden regions: 302->0(302)
[2024-03-24T20:18:51.487+0800][1525.511s] GC(485) Survivor regions: 5->5(39)
[2024-03-24T20:18:51.487+0800][1525.511s] GC(485) Old regions: 48->48
[2024-03-24T20:18:51.487+0800][1525.511s] GC(485) Humongous regions: 4->4
[2024-03-24T20:18:51.487+0800][1525.511s] GC(485) Metaspace: 65840K(66688K)->65840K(66688K) NonClass: 58447K(58944K)->58447K(58944K) Class: 7392K(7744K)->7392K(7744K)
[2024-03-24T20:18:51.487+0800][1525.511s] GC(485) Pause Young (Normal) (G1 Evacuation Pause) 358M->56M(512M) 5.350ms
[2024-03-24T20:18:51.487+0800][1525.511s] GC(485) User=0.00s Sys=0.00s Real=0.00s
[2024-03-24T20:18:54.173+0800][1528.197s] GC(486) Pause Young (Normal) (G1 Evacuation Pause)
[2024-03-24T20:18:54.173+0800][1528.197s] GC(486) Using 8 workers of 8 for evacuation
[2024-03-24T20:18:54.176+0800][1528.201s] GC(486)   Pre Evacuate Collection Set: 0.3ms
[2024-03-24T20:18:54.176+0800][1528.201s] GC(486)   Merge Heap Roots: 0.2ms
[2024-03-24T20:18:54.176+0800][1528.201s] GC(486)   Evacuate Collection Set: 2.4ms
[2024-03-24T20:18:54.176+0800][1528.201s] GC(486)   Post Evacuate Collection Set: 0.6ms
[2024-03-24T20:18:54.176+0800][1528.201s] GC(486)   Other: 0.1ms
[2024-03-24T20:18:54.176+0800][1528.201s] GC(486) Eden regions: 302->0(302)
[2024-03-24T20:18:54.176+0800][1528.201s] GC(486) Survivor regions: 5->5(39)
[2024-03-24T20:18:54.176+0800][1528.201s] GC(486) Old regions: 48->48
[2024-03-24T20:18:54.176+0800][1528.201s] GC(486) Humongous regions: 4->4
[2024-03-24T20:18:54.176+0800][1528.201s] GC(486) Metaspace: 65840K(66688K)->65840K(66688K) NonClass: 58447K(58944K)->58447K(58944K) Class: 7392K(7744K)->7392K(7744K)
[2024-03-24T20:18:54.176+0800][1528.201s] GC(486) Pause Young (Normal) (G1 Evacuation Pause) 358M->56M(512M) 4.050ms
[2024-03-24T20:18:54.176+0800][1528.201s] GC(486) User=0.00s Sys=0.00s Real=0.00s
[2024-03-24T20:18:56.650+0800][1530.682s] GC(487) Pause Young (Normal) (G1 Evacuation Pause)
[2024-03-24T20:18:56.650+0800][1530.682s] GC(487) Using 8 workers of 8 for evacuation
[2024-03-24T20:18:56.661+0800][1530.688s] GC(487)   Pre Evacuate Collection Set: 0.5ms
[2024-03-24T20:18:56.661+0800][1530.688s] GC(487)   Merge Heap Roots: 0.3ms
[2024-03-24T20:18:56.661+0800][1530.688s] GC(487)   Evacuate Collection Set: 3.4ms
[2024-03-24T20:18:56.661+0800][1530.688s] GC(487)   Post Evacuate Collection Set: 1.5ms
[2024-03-24T20:18:56.661+0800][1530.688s] GC(487)   Other: 0.3ms
[2024-03-24T20:18:56.661+0800][1530.689s] GC(487) Eden regions: 302->0(305)
[2024-03-24T20:18:56.661+0800][1530.689s] GC(487) Survivor regions: 5->2(39)
[2024-03-24T20:18:56.661+0800][1530.689s] GC(487) Old regions: 48->52
[2024-03-24T20:18:56.661+0800][1530.689s] GC(487) Humongous regions: 4->4
[2024-03-24T20:18:56.661+0800][1530.689s] GC(487) Metaspace: 65842K(66688K)->65842K(66688K) NonClass: 58449K(58944K)->58449K(58944K) Class: 7393K(7744K)->7393K(7744K)
[2024-03-24T20:18:56.661+0800][1530.689s] GC(487) Pause Young (Normal) (G1 Evacuation Pause) 358M->56M(512M) 6.796ms
[2024-03-24T20:18:56.661+0800][1530.689s] GC(487) User=0.00s Sys=0.00s Real=0.01s
[2024-03-24T20:18:59.178+0800][1533.201s] GC(488) Pause Young (Normal) (G1 Evacuation Pause)
[2024-03-24T20:18:59.178+0800][1533.201s] GC(488) Using 8 workers of 8 for evacuation
[2024-03-24T20:18:59.178+0800][1533.208s] GC(488)   Pre Evacuate Collection Set: 0.4ms
[2024-03-24T20:18:59.178+0800][1533.209s] GC(488)   Merge Heap Roots: 0.2ms
[2024-03-24T20:18:59.178+0800][1533.209s] GC(488)   Evacuate Collection Set: 5.2ms
[2024-03-24T20:18:59.178+0800][1533.209s] GC(488)   Post Evacuate Collection Set: 1.6ms
[2024-03-24T20:18:59.178+0800][1533.209s] GC(488)   Other: 0.1ms
[2024-03-24T20:18:59.178+0800][1533.209s] GC(488) Eden regions: 305->0(305)
[2024-03-24T20:18:59.178+0800][1533.209s] GC(488) Survivor regions: 2->2(39)
[2024-03-24T20:18:59.178+0800][1533.209s] GC(488) Old regions: 52->52
[2024-03-24T20:18:59.178+0800][1533.209s] GC(488) Humongous regions: 4->4
[2024-03-24T20:18:59.178+0800][1533.209s] GC(488) Metaspace: 65842K(66688K)->65842K(66688K) NonClass: 58449K(58944K)->58449K(58944K) Class: 7393K(7744K)->7393K(7744K)
[2024-03-24T20:18:59.178+0800][1533.209s] GC(488) Pause Young (Normal) (G1 Evacuation Pause) 361M->56M(512M) 8.154ms
[2024-03-24T20:18:59.178+0800][1533.209s] GC(488) User=0.00s Sys=0.00s Real=0.00s
[2024-03-24T20:19:01.864+0800][1535.890s] GC(489) Pause Young (Normal) (G1 Evacuation Pause)
[2024-03-24T20:19:01.864+0800][1535.891s] GC(489) Using 8 workers of 8 for evacuation
[2024-03-24T20:19:01.874+0800][1535.896s] GC(489)   Pre Evacuate Collection Set: 0.5ms
[2024-03-24T20:19:01.874+0800][1535.896s] GC(489)   Merge Heap Roots: 0.3ms
[2024-03-24T20:19:01.874+0800][1535.896s] GC(489)   Evacuate Collection Set: 3.9ms
[2024-03-24T20:19:01.874+0800][1535.896s] GC(489)   Post Evacuate Collection Set: 0.6ms
[2024-03-24T20:19:01.874+0800][1535.897s] GC(489)   Other: 0.2ms
[2024-03-24T20:19:01.874+0800][1535.897s] GC(489) Eden regions: 305->0(305)
[2024-03-24T20:19:01.874+0800][1535.897s] GC(489) Survivor regions: 2->2(39)
[2024-03-24T20:19:01.874+0800][1535.897s] GC(489) Old regions: 52->52
[2024-03-24T20:19:01.874+0800][1535.897s] GC(489) Humongous regions: 4->4
[2024-03-24T20:19:01.874+0800][1535.897s] GC(489) Metaspace: 65842K(66688K)->65842K(66688K) NonClass: 58449K(58944K)->58449K(58944K) Class: 7393K(7744K)->7393K(7744K)
[2024-03-24T20:19:01.874+0800][1535.897s] GC(489) Pause Young (Normal) (G1 Evacuation Pause) 361M->56M(512M) 6.379ms
[2024-03-24T20:19:01.874+0800][1535.897s] GC(489) User=0.02s Sys=0.00s Real=0.01s
[2024-03-24T20:19:04.327+0800][1538.359s] GC(490) Pause Young (Normal) (G1 Evacuation Pause)
[2024-03-24T20:19:04.327+0800][1538.359s] GC(490) Using 8 workers of 8 for evacuation
[2024-03-24T20:19:04.338+0800][1538.364s] GC(490)   Pre Evacuate Collection Set: 0.3ms
[2024-03-24T20:19:04.338+0800][1538.364s] GC(490)   Merge Heap Roots: 0.4ms
[2024-03-24T20:19:04.338+0800][1538.364s] GC(490)   Evacuate Collection Set: 2.7ms
[2024-03-24T20:19:04.338+0800][1538.364s] GC(490)   Post Evacuate Collection Set: 0.9ms
[2024-03-24T20:19:04.338+0800][1538.364s] GC(490)   Other: 0.2ms
[2024-03-24T20:19:04.338+0800][1538.364s] GC(490) Eden regions: 305->0(305)
[2024-03-24T20:19:04.338+0800][1538.364s] GC(490) Survivor regions: 2->2(39)
[2024-03-24T20:19:04.338+0800][1538.364s] GC(490) Old regions: 52->52
[2024-03-24T20:19:04.338+0800][1538.364s] GC(490) Humongous regions: 4->4
[2024-03-24T20:19:04.338+0800][1538.364s] GC(490) Metaspace: 65842K(66688K)->65842K(66688K) NonClass: 58449K(58944K)->58449K(58944K) Class: 7393K(7744K)->7393K(7744K)
[2024-03-24T20:19:04.338+0800][1538.364s] GC(490) Pause Young (Normal) (G1 Evacuation Pause) 361M->56M(512M) 5.094ms
[2024-03-24T20:19:04.338+0800][1538.364s] GC(490) User=0.00s Sys=0.00s Real=0.01s
[2024-03-24T20:19:06.980+0800][1541.002s] GC(491) Pause Young (Normal) (G1 Evacuation Pause)
[2024-03-24T20:19:06.980+0800][1541.002s] GC(491) Using 8 workers of 8 for evacuation
[2024-03-24T20:19:06.980+0800][1541.007s] GC(491)   Pre Evacuate Collection Set: 0.4ms
[2024-03-24T20:19:06.980+0800][1541.007s] GC(491)   Merge Heap Roots: 0.1ms
[2024-03-24T20:19:06.980+0800][1541.007s] GC(491)   Evacuate Collection Set: 2.9ms
[2024-03-24T20:19:06.980+0800][1541.007s] GC(491)   Post Evacuate Collection Set: 0.9ms
[2024-03-24T20:19:06.980+0800][1541.007s] GC(491)   Other: 0.1ms
[2024-03-24T20:19:06.980+0800][1541.007s] GC(491) Eden regions: 305->0(305)
[2024-03-24T20:19:06.980+0800][1541.007s] GC(491) Survivor regions: 2->2(39)
[2024-03-24T20:19:06.980+0800][1541.007s] GC(491) Old regions: 52->52
[2024-03-24T20:19:06.980+0800][1541.007s] GC(491) Humongous regions: 4->4
[2024-03-24T20:19:06.980+0800][1541.007s] GC(491) Metaspace: 65842K(66688K)->65842K(66688K) NonClass: 58449K(58944K)->58449K(58944K) Class: 7393K(7744K)->7393K(7744K)
[2024-03-24T20:19:06.980+0800][1541.007s] GC(491) Pause Young (Normal) (G1 Evacuation Pause) 361M->56M(512M) 5.110ms
[2024-03-24T20:19:06.980+0800][1541.007s] GC(491) User=0.00s Sys=0.00s Real=0.00s
[2024-03-24T20:19:09.455+0800][1543.486s] GC(492) Pause Young (Normal) (G1 Evacuation Pause)
[2024-03-24T20:19:09.455+0800][1543.486s] GC(492) Using 8 workers of 8 for evacuation
[2024-03-24T20:19:09.466+0800][1543.490s] GC(492)   Pre Evacuate Collection Set: 0.2ms
[2024-03-24T20:19:09.466+0800][1543.491s] GC(492)   Merge Heap Roots: 0.1ms
[2024-03-24T20:19:09.466+0800][1543.491s] GC(492)   Evacuate Collection Set: 2.5ms
[2024-03-24T20:19:09.466+0800][1543.491s] GC(492)   Post Evacuate Collection Set: 1.0ms
[2024-03-24T20:19:09.466+0800][1543.491s] GC(492)   Other: 0.1ms
[2024-03-24T20:19:09.466+0800][1543.491s] GC(492) Eden regions: 305->0(305)
[2024-03-24T20:19:09.466+0800][1543.491s] GC(492) Survivor regions: 2->2(39)
[2024-03-24T20:19:09.466+0800][1543.491s] GC(492) Old regions: 52->52
[2024-03-24T20:19:09.466+0800][1543.491s] GC(492) Humongous regions: 4->4
[2024-03-24T20:19:09.466+0800][1543.491s] GC(492) Metaspace: 65842K(66688K)->65842K(66688K) NonClass: 58449K(58944K)->58449K(58944K) Class: 7393K(7744K)->7393K(7744K)
[2024-03-24T20:19:09.468+0800][1543.491s] GC(492) Pause Young (Normal) (G1 Evacuation Pause) 361M->56M(512M) 4.384ms
[2024-03-24T20:19:09.468+0800][1543.491s] GC(492) User=0.03s Sys=0.00s Real=0.01s
[2024-03-24T20:19:11.952+0800][1545.975s] GC(493) Pause Young (Normal) (G1 Evacuation Pause)
[2024-03-24T20:19:11.952+0800][1545.975s] GC(493) Using 8 workers of 8 for evacuation
[2024-03-24T20:19:11.955+0800][1545.978s] GC(493)   Pre Evacuate Collection Set: 0.3ms
[2024-03-24T20:19:11.955+0800][1545.978s] GC(493)   Merge Heap Roots: 0.1ms
[2024-03-24T20:19:11.955+0800][1545.978s] GC(493)   Evacuate Collection Set: 1.8ms
[2024-03-24T20:19:11.955+0800][1545.978s] GC(493)   Post Evacuate Collection Set: 0.8ms
[2024-03-24T20:19:11.955+0800][1545.978s] GC(493)   Other: 0.2ms
[2024-03-24T20:19:11.955+0800][1545.978s] GC(493) Eden regions: 305->0(305)
[2024-03-24T20:19:11.955+0800][1545.978s] GC(493) Survivor regions: 2->2(39)
[2024-03-24T20:19:11.955+0800][1545.978s] GC(493) Old regions: 52->52
[2024-03-24T20:19:11.955+0800][1545.978s] GC(493) Humongous regions: 4->4
[2024-03-24T20:19:11.955+0800][1545.978s] GC(493) Metaspace: 65842K(66688K)->65842K(66688K) NonClass: 58449K(58944K)->58449K(58944K) Class: 7393K(7744K)->7393K(7744K)
[2024-03-24T20:19:11.955+0800][1545.978s] GC(493) Pause Young (Normal) (G1 Evacuation Pause) 361M->56M(512M) 3.658ms
[2024-03-24T20:19:11.956+0800][1545.978s] GC(493) User=0.00s Sys=0.00s Real=0.00s
[2024-03-24T20:19:14.689+0800][1548.714s] GC(494) Pause Young (Normal) (G1 Evacuation Pause)
[2024-03-24T20:19:14.689+0800][1548.714s] GC(494) Using 8 workers of 8 for evacuation
[2024-03-24T20:19:14.692+0800][1548.717s] GC(494)   Pre Evacuate Collection Set: 0.3ms
[2024-03-24T20:19:14.692+0800][1548.718s] GC(494)   Merge Heap Roots: 0.2ms
[2024-03-24T20:19:14.692+0800][1548.718s] GC(494)   Evacuate Collection Set: 2.0ms
[2024-03-24T20:19:14.692+0800][1548.718s] GC(494)   Post Evacuate Collection Set: 1.0ms
[2024-03-24T20:19:14.692+0800][1548.718s] GC(494)   Other: 0.2ms
[2024-03-24T20:19:14.692+0800][1548.718s] GC(494) Eden regions: 305->0(305)
[2024-03-24T20:19:14.692+0800][1548.718s] GC(494) Survivor regions: 2->2(39)
[2024-03-24T20:19:14.692+0800][1548.718s] GC(494) Old regions: 52->52
[2024-03-24T20:19:14.692+0800][1548.718s] GC(494) Humongous regions: 4->4
[2024-03-24T20:19:14.692+0800][1548.718s] GC(494) Metaspace: 65842K(66688K)->65842K(66688K) NonClass: 58449K(58944K)->58449K(58944K) Class: 7393K(7744K)->7393K(7744K)
[2024-03-24T20:19:14.692+0800][1548.718s] GC(494) Pause Young (Normal) (G1 Evacuation Pause) 361M->56M(512M) 4.523ms
[2024-03-24T20:19:14.692+0800][1548.718s] GC(494) User=0.00s Sys=0.00s Real=0.00s
[2024-03-24T20:19:17.146+0800][1551.174s] GC(495) Pause Young (Normal) (G1 Evacuation Pause)
[2024-03-24T20:19:17.146+0800][1551.174s] GC(495) Using 8 workers of 8 for evacuation
[2024-03-24T20:19:17.156+0800][1551.180s] GC(495)   Pre Evacuate Collection Set: 0.5ms
[2024-03-24T20:19:17.156+0800][1551.180s] GC(495)   Merge Heap Roots: 0.3ms
[2024-03-24T20:19:17.156+0800][1551.180s] GC(495)   Evacuate Collection Set: 2.9ms
[2024-03-24T20:19:17.156+0800][1551.180s] GC(495)   Post Evacuate Collection Set: 1.7ms
[2024-03-24T20:19:17.156+0800][1551.180s] GC(495)   Other: 0.3ms
[2024-03-24T20:19:17.156+0800][1551.180s] GC(495) Eden regions: 305->0(306)
[2024-03-24T20:19:17.156+0800][1551.180s] GC(495) Survivor regions: 2->1(39)
[2024-03-24T20:19:17.156+0800][1551.180s] GC(495) Old regions: 52->52
[2024-03-24T20:19:17.156+0800][1551.180s] GC(495) Humongous regions: 4->4
[2024-03-24T20:19:17.156+0800][1551.180s] GC(495) Metaspace: 65842K(66688K)->65842K(66688K) NonClass: 58449K(58944K)->58449K(58944K) Class: 7393K(7744K)->7393K(7744K)
[2024-03-24T20:19:17.156+0800][1551.180s] GC(495) Pause Young (Normal) (G1 Evacuation Pause) 361M->56M(512M) 6.258ms
[2024-03-24T20:19:17.156+0800][1551.180s] GC(495) User=0.00s Sys=0.00s Real=0.01s
[2024-03-24T20:19:19.888+0800][1553.911s] GC(496) Pause Young (Normal) (G1 Evacuation Pause)
[2024-03-24T20:19:19.888+0800][1553.911s] GC(496) Using 8 workers of 8 for evacuation
[2024-03-24T20:19:19.888+0800][1553.916s] GC(496)   Pre Evacuate Collection Set: 0.4ms
[2024-03-24T20:19:19.888+0800][1553.916s] GC(496)   Merge Heap Roots: 0.2ms
[2024-03-24T20:19:19.888+0800][1553.916s] GC(496)   Evacuate Collection Set: 2.4ms
[2024-03-24T20:19:19.888+0800][1553.916s] GC(496)   Post Evacuate Collection Set: 1.1ms
[2024-03-24T20:19:19.888+0800][1553.916s] GC(496)   Other: 0.3ms
[2024-03-24T20:19:19.888+0800][1553.916s] GC(496) Eden regions: 306->0(305)
[2024-03-24T20:19:19.888+0800][1553.916s] GC(496) Survivor regions: 1->2(39)
[2024-03-24T20:19:19.888+0800][1553.916s] GC(496) Old regions: 52->52
[2024-03-24T20:19:19.888+0800][1553.916s] GC(496) Humongous regions: 4->4
[2024-03-24T20:19:19.888+0800][1553.916s] GC(496) Metaspace: 65842K(66688K)->65842K(66688K) NonClass: 58449K(58944K)->58449K(58944K) Class: 7393K(7744K)->7393K(7744K)
[2024-03-24T20:19:19.888+0800][1553.916s] GC(496) Pause Young (Normal) (G1 Evacuation Pause) 362M->56M(512M) 5.316ms
[2024-03-24T20:19:19.888+0800][1553.916s] GC(496) User=0.00s Sys=0.00s Real=0.00s
[2024-03-24T20:19:22.425+0800][1556.452s] GC(497) Pause Young (Normal) (G1 Evacuation Pause)
[2024-03-24T20:19:22.425+0800][1556.452s] GC(497) Using 8 workers of 8 for evacuation
[2024-03-24T20:19:22.425+0800][1556.456s] GC(497)   Pre Evacuate Collection Set: 0.2ms
[2024-03-24T20:19:22.425+0800][1556.456s] GC(497)   Merge Heap Roots: 0.2ms
[2024-03-24T20:19:22.434+0800][1556.456s] GC(497)   Evacuate Collection Set: 2.4ms
[2024-03-24T20:19:22.434+0800][1556.457s] GC(497)   Post Evacuate Collection Set: 1.0ms
[2024-03-24T20:19:22.434+0800][1556.457s] GC(497)   Other: 0.2ms
[2024-03-24T20:19:22.434+0800][1556.457s] GC(497) Eden regions: 305->0(305)
[2024-03-24T20:19:22.434+0800][1556.457s] GC(497) Survivor regions: 2->2(39)
[2024-03-24T20:19:22.434+0800][1556.457s] GC(497) Old regions: 52->52
[2024-03-24T20:19:22.434+0800][1556.457s] GC(497) Humongous regions: 4->4
[2024-03-24T20:19:22.434+0800][1556.457s] GC(497) Metaspace: 65842K(66688K)->65842K(66688K) NonClass: 58449K(58944K)->58449K(58944K) Class: 7393K(7744K)->7393K(7744K)
[2024-03-24T20:19:22.434+0800][1556.457s] GC(497) Pause Young (Normal) (G1 Evacuation Pause) 361M->56M(512M) 4.893ms
[2024-03-24T20:19:22.434+0800][1556.457s] GC(497) User=0.00s Sys=0.00s Real=0.01s
[2024-03-24T20:19:24.971+0800][1558.999s] GC(498) Pause Young (Normal) (G1 Evacuation Pause)
[2024-03-24T20:19:24.977+0800][1558.999s] GC(498) Using 8 workers of 8 for evacuation
[2024-03-24T20:19:24.977+0800][1559.006s] GC(498)   Pre Evacuate Collection Set: 0.3ms
[2024-03-24T20:19:24.977+0800][1559.006s] GC(498)   Merge Heap Roots: 0.2ms
[2024-03-24T20:19:24.977+0800][1559.006s] GC(498)   Evacuate Collection Set: 4.4ms
[2024-03-24T20:19:24.977+0800][1559.006s] GC(498)   Post Evacuate Collection Set: 1.0ms
[2024-03-24T20:19:24.977+0800][1559.006s] GC(498)   Other: 0.2ms
[2024-03-24T20:19:24.977+0800][1559.006s] GC(498) Eden regions: 305->0(305)
[2024-03-24T20:19:24.977+0800][1559.006s] GC(498) Survivor regions: 2->2(39)
[2024-03-24T20:19:24.977+0800][1559.006s] GC(498) Old regions: 52->52
[2024-03-24T20:19:24.977+0800][1559.006s] GC(498) Humongous regions: 4->4
[2024-03-24T20:19:24.977+0800][1559.006s] GC(498) Metaspace: 65842K(66688K)->65842K(66688K) NonClass: 58449K(58944K)->58449K(58944K) Class: 7393K(7744K)->7393K(7744K)
[2024-03-24T20:19:24.977+0800][1559.006s] GC(498) Pause Young (Normal) (G1 Evacuation Pause) 361M->56M(512M) 6.859ms
[2024-03-24T20:19:24.977+0800][1559.006s] GC(498) User=0.00s Sys=0.00s Real=0.01s
[2024-03-24T20:19:27.402+0800][1561.425s] GC(499) Pause Young (Normal) (G1 Evacuation Pause)
[2024-03-24T20:19:27.402+0800][1561.425s] GC(499) Using 8 workers of 8 for evacuation
[2024-03-24T20:19:27.403+0800][1561.430s] GC(499)   Pre Evacuate Collection Set: 0.4ms
[2024-03-24T20:19:27.403+0800][1561.430s] GC(499)   Merge Heap Roots: 0.3ms
[2024-03-24T20:19:27.403+0800][1561.430s] GC(499)   Evacuate Collection Set: 2.4ms
[2024-03-24T20:19:27.403+0800][1561.430s] GC(499)   Post Evacuate Collection Set: 1.3ms
[2024-03-24T20:19:27.403+0800][1561.430s] GC(499)   Other: 0.2ms
[2024-03-24T20:19:27.403+0800][1561.430s] GC(499) Eden regions: 305->0(305)
[2024-03-24T20:19:27.403+0800][1561.430s] GC(499) Survivor regions: 2->2(39)
[2024-03-24T20:19:27.403+0800][1561.430s] GC(499) Old regions: 52->52
[2024-03-24T20:19:27.403+0800][1561.430s] GC(499) Humongous regions: 4->4
[2024-03-24T20:19:27.403+0800][1561.430s] GC(499) Metaspace: 65843K(66688K)->65843K(66688K) NonClass: 58450K(58944K)->58450K(58944K) Class: 7393K(7744K)->7393K(7744K)
[2024-03-24T20:19:27.403+0800][1561.430s] GC(499) Pause Young (Normal) (G1 Evacuation Pause) 361M->56M(512M) 5.202ms
[2024-03-24T20:19:27.403+0800][1561.430s] GC(499) User=0.00s Sys=0.00s Real=0.00s
[2024-03-24T20:19:29.891+0800][1563.915s] GC(500) Pause Young (Normal) (G1 Evacuation Pause)
[2024-03-24T20:19:29.891+0800][1563.915s] GC(500) Using 8 workers of 8 for evacuation
[2024-03-24T20:19:29.893+0800][1563.918s] GC(500)   Pre Evacuate Collection Set: 0.3ms
[2024-03-24T20:19:29.893+0800][1563.918s] GC(500)   Merge Heap Roots: 0.1ms
[2024-03-24T20:19:29.893+0800][1563.919s] GC(500)   Evacuate Collection Set: 2.2ms
[2024-03-24T20:19:29.893+0800][1563.919s] GC(500)   Post Evacuate Collection Set: 0.8ms
[2024-03-24T20:19:29.893+0800][1563.919s] GC(500)   Other: 0.1ms
[2024-03-24T20:19:29.893+0800][1563.919s] GC(500) Eden regions: 305->0(305)
[2024-03-24T20:19:29.893+0800][1563.919s] GC(500) Survivor regions: 2->2(39)
[2024-03-24T20:19:29.893+0800][1563.919s] GC(500) Old regions: 52->52
[2024-03-24T20:19:29.893+0800][1563.919s] GC(500) Humongous regions: 4->4
[2024-03-24T20:19:29.893+0800][1563.919s] GC(500) Metaspace: 65843K(66688K)->65843K(66688K) NonClass: 58450K(58944K)->58450K(58944K) Class: 7393K(7744K)->7393K(7744K)
[2024-03-24T20:19:29.893+0800][1563.919s] GC(500) Pause Young (Normal) (G1 Evacuation Pause) 361M->56M(512M) 4.093ms
[2024-03-24T20:19:29.893+0800][1563.919s] GC(500) User=0.00s Sys=0.00s Real=0.00s
[2024-03-24T20:19:32.565+0800][1566.588s] GC(501) Pause Young (Normal) (G1 Evacuation Pause)
[2024-03-24T20:19:32.565+0800][1566.589s] GC(501) Using 8 workers of 8 for evacuation
[2024-03-24T20:19:32.570+0800][1566.594s] GC(501)   Pre Evacuate Collection Set: 0.5ms
[2024-03-24T20:19:32.570+0800][1566.594s] GC(501)   Merge Heap Roots: 0.2ms
[2024-03-24T20:19:32.570+0800][1566.594s] GC(501)   Evacuate Collection Set: 3.1ms
[2024-03-24T20:19:32.570+0800][1566.594s] GC(501)   Post Evacuate Collection Set: 0.7ms
[2024-03-24T20:19:32.570+0800][1566.594s] GC(501)   Other: 0.4ms
[2024-03-24T20:19:32.570+0800][1566.594s] GC(501) Eden regions: 305->0(305)
[2024-03-24T20:19:32.570+0800][1566.594s] GC(501) Survivor regions: 2->2(39)
[2024-03-24T20:19:32.570+0800][1566.594s] GC(501) Old regions: 52->52
[2024-03-24T20:19:32.570+0800][1566.594s] GC(501) Humongous regions: 4->4
[2024-03-24T20:19:32.570+0800][1566.594s] GC(501) Metaspace: 65843K(66688K)->65843K(66688K) NonClass: 58450K(58944K)->58450K(58944K) Class: 7393K(7744K)->7393K(7744K)
[2024-03-24T20:19:32.570+0800][1566.594s] GC(501) Pause Young (Normal) (G1 Evacuation Pause) 361M->56M(512M) 5.712ms
[2024-03-24T20:19:32.570+0800][1566.594s] GC(501) User=0.00s Sys=0.00s Real=0.00s
[2024-03-24T20:19:35.075+0800][1569.102s] GC(502) Pause Young (Normal) (G1 Evacuation Pause)
[2024-03-24T20:19:35.075+0800][1569.102s] GC(502) Using 8 workers of 8 for evacuation
[2024-03-24T20:19:35.085+0800][1569.108s] GC(502)   Pre Evacuate Collection Set: 0.3ms
[2024-03-24T20:19:35.085+0800][1569.108s] GC(502)   Merge Heap Roots: 0.2ms
[2024-03-24T20:19:35.085+0800][1569.108s] GC(502)   Evacuate Collection Set: 3.9ms
[2024-03-24T20:19:35.085+0800][1569.108s] GC(502)   Post Evacuate Collection Set: 1.2ms
[2024-03-24T20:19:35.085+0800][1569.108s] GC(502)   Other: 0.1ms
[2024-03-24T20:19:35.085+0800][1569.108s] GC(502) Eden regions: 305->0(305)
[2024-03-24T20:19:35.085+0800][1569.108s] GC(502) Survivor regions: 2->2(39)
[2024-03-24T20:19:35.085+0800][1569.108s] GC(502) Old regions: 52->52
[2024-03-24T20:19:35.085+0800][1569.108s] GC(502) Humongous regions: 4->4
[2024-03-24T20:19:35.085+0800][1569.108s] GC(502) Metaspace: 65843K(66688K)->65843K(66688K) NonClass: 58450K(58944K)->58450K(58944K) Class: 7393K(7744K)->7393K(7744K)
[2024-03-24T20:19:35.085+0800][1569.108s] GC(502) Pause Young (Normal) (G1 Evacuation Pause) 361M->56M(512M) 6.388ms
[2024-03-24T20:19:35.085+0800][1569.109s] GC(502) User=0.00s Sys=0.00s Real=0.01s
[2024-03-24T20:19:37.636+0800][1571.659s] GC(503) Pause Young (Normal) (G1 Evacuation Pause)
[2024-03-24T20:19:37.637+0800][1571.660s] GC(503) Using 8 workers of 8 for evacuation
[2024-03-24T20:19:37.642+0800][1571.665s] GC(503)   Pre Evacuate Collection Set: 0.4ms
[2024-03-24T20:19:37.642+0800][1571.665s] GC(503)   Merge Heap Roots: 0.3ms
[2024-03-24T20:19:37.642+0800][1571.665s] GC(503)   Evacuate Collection Set: 2.3ms
[2024-03-24T20:19:37.642+0800][1571.665s] GC(503)   Post Evacuate Collection Set: 2.1ms
[2024-03-24T20:19:37.642+0800][1571.665s] GC(503)   Other: 0.2ms
[2024-03-24T20:19:37.642+0800][1571.665s] GC(503) Eden regions: 305->0(305)
[2024-03-24T20:19:37.642+0800][1571.665s] GC(503) Survivor regions: 2->2(39)
[2024-03-24T20:19:37.642+0800][1571.665s] GC(503) Old regions: 52->52
[2024-03-24T20:19:37.642+0800][1571.665s] GC(503) Humongous regions: 4->4
[2024-03-24T20:19:37.642+0800][1571.665s] GC(503) Metaspace: 65843K(66688K)->65843K(66688K) NonClass: 58450K(58944K)->58450K(58944K) Class: 7393K(7744K)->7393K(7744K)
[2024-03-24T20:19:37.642+0800][1571.665s] GC(503) Pause Young (Normal) (G1 Evacuation Pause) 361M->56M(512M) 5.839ms
[2024-03-24T20:19:37.642+0800][1571.665s] GC(503) User=0.02s Sys=0.00s Real=0.01s
[2024-03-24T20:19:40.215+0800][1574.243s] GC(504) Pause Young (Normal) (G1 Evacuation Pause)
[2024-03-24T20:19:40.215+0800][1574.243s] GC(504) Using 8 workers of 8 for evacuation
[2024-03-24T20:19:40.225+0800][1574.247s] GC(504)   Pre Evacuate Collection Set: 0.5ms
[2024-03-24T20:19:40.225+0800][1574.247s] GC(504)   Merge Heap Roots: 0.2ms
[2024-03-24T20:19:40.225+0800][1574.247s] GC(504)   Evacuate Collection Set: 2.2ms
[2024-03-24T20:19:40.225+0800][1574.247s] GC(504)   Post Evacuate Collection Set: 0.9ms
[2024-03-24T20:19:40.225+0800][1574.247s] GC(504)   Other: 0.1ms
[2024-03-24T20:19:40.225+0800][1574.247s] GC(504) Eden regions: 305->0(305)
[2024-03-24T20:19:40.225+0800][1574.247s] GC(504) Survivor regions: 2->2(39)
[2024-03-24T20:19:40.225+0800][1574.247s] GC(504) Old regions: 52->52
[2024-03-24T20:19:40.225+0800][1574.247s] GC(504) Humongous regions: 4->4
[2024-03-24T20:19:40.225+0800][1574.247s] GC(504) Metaspace: 65843K(66688K)->65843K(66688K) NonClass: 58450K(58944K)->58450K(58944K) Class: 7393K(7744K)->7393K(7744K)
[2024-03-24T20:19:40.225+0800][1574.248s] GC(504) Pause Young (Normal) (G1 Evacuation Pause) 361M->56M(512M) 4.542ms
[2024-03-24T20:19:40.225+0800][1574.248s] GC(504) User=0.02s Sys=0.00s Real=0.01s
[2024-03-24T20:19:42.576+0800][1576.600s] GC(505) Pause Young (Normal) (G1 Evacuation Pause)
[2024-03-24T20:19:42.576+0800][1576.600s] GC(505) Using 8 workers of 8 for evacuation
[2024-03-24T20:19:42.578+0800][1576.605s] GC(505)   Pre Evacuate Collection Set: 0.4ms
[2024-03-24T20:19:42.578+0800][1576.605s] GC(505)   Merge Heap Roots: 0.1ms
[2024-03-24T20:19:42.578+0800][1576.605s] GC(505)   Evacuate Collection Set: 3.1ms
[2024-03-24T20:19:42.578+0800][1576.605s] GC(505)   Post Evacuate Collection Set: 1.2ms
[2024-03-24T20:19:42.578+0800][1576.605s] GC(505)   Other: 0.2ms
[2024-03-24T20:19:42.578+0800][1576.605s] GC(505) Eden regions: 305->0(305)
[2024-03-24T20:19:42.578+0800][1576.605s] GC(505) Survivor regions: 2->2(39)
[2024-03-24T20:19:42.578+0800][1576.605s] GC(505) Old regions: 52->52
[2024-03-24T20:19:42.578+0800][1576.605s] GC(505) Humongous regions: 4->4
[2024-03-24T20:19:42.578+0800][1576.605s] GC(505) Metaspace: 65843K(66688K)->65843K(66688K) NonClass: 58450K(58944K)->58450K(58944K) Class: 7393K(7744K)->7393K(7744K)
[2024-03-24T20:19:42.578+0800][1576.605s] GC(505) Pause Young (Normal) (G1 Evacuation Pause) 361M->56M(512M) 5.791ms
[2024-03-24T20:19:42.578+0800][1576.606s] GC(505) User=0.00s Sys=0.00s Real=0.00s
[2024-03-24T20:19:45.188+0800][1579.211s] GC(506) Pause Young (Normal) (G1 Evacuation Pause)
[2024-03-24T20:19:45.188+0800][1579.212s] GC(506) Using 8 workers of 8 for evacuation
[2024-03-24T20:19:45.193+0800][1579.216s] GC(506)   Pre Evacuate Collection Set: 0.8ms
[2024-03-24T20:19:45.193+0800][1579.216s] GC(506)   Merge Heap Roots: 0.2ms
[2024-03-24T20:19:45.193+0800][1579.216s] GC(506)   Evacuate Collection Set: 2.4ms
[2024-03-24T20:19:45.193+0800][1579.216s] GC(506)   Post Evacuate Collection Set: 1.0ms
[2024-03-24T20:19:45.193+0800][1579.216s] GC(506)   Other: 0.2ms
[2024-03-24T20:19:45.193+0800][1579.216s] GC(506) Eden regions: 305->0(305)
[2024-03-24T20:19:45.193+0800][1579.216s] GC(506) Survivor regions: 2->2(39)
[2024-03-24T20:19:45.193+0800][1579.216s] GC(506) Old regions: 52->52
[2024-03-24T20:19:45.193+0800][1579.216s] GC(506) Humongous regions: 4->4
[2024-03-24T20:19:45.193+0800][1579.216s] GC(506) Metaspace: 65843K(66688K)->65843K(66688K) NonClass: 58450K(58944K)->58450K(58944K) Class: 7393K(7744K)->7393K(7744K)
[2024-03-24T20:19:45.193+0800][1579.217s] GC(506) Pause Young (Normal) (G1 Evacuation Pause) 361M->56M(512M) 5.225ms
[2024-03-24T20:19:45.193+0800][1579.217s] GC(506) User=0.00s Sys=0.00s Real=0.01s
[2024-03-24T20:19:47.638+0800][1581.666s] GC(507) Pause Young (Normal) (G1 Evacuation Pause)
[2024-03-24T20:19:47.638+0800][1581.667s] GC(507) Using 8 workers of 8 for evacuation
[2024-03-24T20:19:47.646+0800][1581.671s] GC(507)   Pre Evacuate Collection Set: 0.3ms
[2024-03-24T20:19:47.646+0800][1581.671s] GC(507)   Merge Heap Roots: 0.2ms
[2024-03-24T20:19:47.646+0800][1581.671s] GC(507)   Evacuate Collection Set: 2.4ms
[2024-03-24T20:19:47.646+0800][1581.671s] GC(507)   Post Evacuate Collection Set: 1.0ms
[2024-03-24T20:19:47.646+0800][1581.671s] GC(507)   Other: 0.2ms
[2024-03-24T20:19:47.646+0800][1581.671s] GC(507) Eden regions: 305->0(305)
[2024-03-24T20:19:47.646+0800][1581.671s] GC(507) Survivor regions: 2->2(39)
[2024-03-24T20:19:47.646+0800][1581.671s] GC(507) Old regions: 52->52
[2024-03-24T20:19:47.646+0800][1581.671s] GC(507) Humongous regions: 4->4
[2024-03-24T20:19:47.646+0800][1581.671s] GC(507) Metaspace: 65843K(66688K)->65843K(66688K) NonClass: 58450K(58944K)->58450K(58944K) Class: 7393K(7744K)->7393K(7744K)
[2024-03-24T20:19:47.646+0800][1581.672s] GC(507) Pause Young (Normal) (G1 Evacuation Pause) 361M->56M(512M) 5.057ms
[2024-03-24T20:19:47.646+0800][1581.672s] GC(507) User=0.00s Sys=0.00s Real=0.01s
[2024-03-24T20:19:50.405+0800][1584.431s] GC(508) Pause Young (Normal) (G1 Evacuation Pause)
[2024-03-24T20:19:50.405+0800][1584.432s] GC(508) Using 8 workers of 8 for evacuation
[2024-03-24T20:19:50.410+0800][1584.437s] GC(508)   Pre Evacuate Collection Set: 0.3ms
[2024-03-24T20:19:50.410+0800][1584.438s] GC(508)   Merge Heap Roots: 0.2ms
[2024-03-24T20:19:50.410+0800][1584.438s] GC(508)   Evacuate Collection Set: 4.0ms
[2024-03-24T20:19:50.410+0800][1584.438s] GC(508)   Post Evacuate Collection Set: 1.2ms
[2024-03-24T20:19:50.410+0800][1584.438s] GC(508)   Other: 0.2ms
[2024-03-24T20:19:50.410+0800][1584.438s] GC(508) Eden regions: 305->0(305)
[2024-03-24T20:19:50.410+0800][1584.438s] GC(508) Survivor regions: 2->2(39)
[2024-03-24T20:19:50.410+0800][1584.438s] GC(508) Old regions: 52->52
[2024-03-24T20:19:50.410+0800][1584.438s] GC(508) Humongous regions: 4->4
[2024-03-24T20:19:50.410+0800][1584.438s] GC(508) Metaspace: 65843K(66688K)->65843K(66688K) NonClass: 58450K(58944K)->58450K(58944K) Class: 7393K(7744K)->7393K(7744K)
[2024-03-24T20:19:50.410+0800][1584.438s] GC(508) Pause Young (Normal) (G1 Evacuation Pause) 361M->56M(512M) 6.545ms
[2024-03-24T20:19:50.410+0800][1584.438s] GC(508) User=0.00s Sys=0.00s Real=0.01s
[2024-03-24T20:19:53.061+0800][1587.086s] GC(509) Pause Young (Normal) (G1 Evacuation Pause)
[2024-03-24T20:19:53.061+0800][1587.086s] GC(509) Using 8 workers of 8 for evacuation
[2024-03-24T20:19:53.067+0800][1587.092s] GC(509)   Pre Evacuate Collection Set: 0.6ms
[2024-03-24T20:19:53.070+0800][1587.092s] GC(509)   Merge Heap Roots: 0.4ms
[2024-03-24T20:19:53.070+0800][1587.092s] GC(509)   Evacuate Collection Set: 3.9ms
[2024-03-24T20:19:53.070+0800][1587.092s] GC(509)   Post Evacuate Collection Set: 1.4ms
[2024-03-24T20:19:53.070+0800][1587.092s] GC(509)   Other: 0.2ms
[2024-03-24T20:19:53.070+0800][1587.092s] GC(509) Eden regions: 305->0(305)
[2024-03-24T20:19:53.070+0800][1587.092s] GC(509) Survivor regions: 2->2(39)
[2024-03-24T20:19:53.070+0800][1587.092s] GC(509) Old regions: 52->52
[2024-03-24T20:19:53.070+0800][1587.092s] GC(509) Humongous regions: 4->4
[2024-03-24T20:19:53.070+0800][1587.092s] GC(509) Metaspace: 65843K(66688K)->65843K(66688K) NonClass: 58450K(58944K)->58450K(58944K) Class: 7393K(7744K)->7393K(7744K)
[2024-03-24T20:19:53.070+0800][1587.092s] GC(509) Pause Young (Normal) (G1 Evacuation Pause) 361M->56M(512M) 6.729ms
[2024-03-24T20:19:53.070+0800][1587.092s] GC(509) User=0.00s Sys=0.00s Real=0.01s
[2024-03-24T20:19:55.537+0800][1589.560s] GC(510) Pause Young (Normal) (G1 Evacuation Pause)
[2024-03-24T20:19:55.537+0800][1589.561s] GC(510) Using 8 workers of 8 for evacuation
[2024-03-24T20:19:55.541+0800][1589.565s] GC(510)   Pre Evacuate Collection Set: 0.7ms
[2024-03-24T20:19:55.541+0800][1589.565s] GC(510)   Merge Heap Roots: 0.1ms
[2024-03-24T20:19:55.541+0800][1589.566s] GC(510)   Evacuate Collection Set: 2.2ms
[2024-03-24T20:19:55.541+0800][1589.566s] GC(510)   Post Evacuate Collection Set: 1.2ms
[2024-03-24T20:19:55.541+0800][1589.566s] GC(510)   Other: 0.4ms
[2024-03-24T20:19:55.541+0800][1589.566s] GC(510) Eden regions: 305->0(305)
[2024-03-24T20:19:55.541+0800][1589.566s] GC(510) Survivor regions: 2->2(39)
[2024-03-24T20:19:55.541+0800][1589.566s] GC(510) Old regions: 52->52
[2024-03-24T20:19:55.541+0800][1589.566s] GC(510) Humongous regions: 4->4
[2024-03-24T20:19:55.541+0800][1589.566s] GC(510) Metaspace: 65843K(66688K)->65843K(66688K) NonClass: 58450K(58944K)->58450K(58944K) Class: 7393K(7744K)->7393K(7744K)
[2024-03-24T20:19:55.541+0800][1589.566s] GC(510) Pause Young (Normal) (G1 Evacuation Pause) 361M->56M(512M) 5.744ms
[2024-03-24T20:19:55.541+0800][1589.566s] GC(510) User=0.02s Sys=0.00s Real=0.00s
[2024-03-24T20:19:58.269+0800][1592.294s] GC(511) Pause Young (Normal) (G1 Evacuation Pause)
[2024-03-24T20:19:58.269+0800][1592.294s] GC(511) Using 8 workers of 8 for evacuation
[2024-03-24T20:19:58.276+0800][1592.300s] GC(511)   Pre Evacuate Collection Set: 0.4ms
[2024-03-24T20:19:58.276+0800][1592.300s] GC(511)   Merge Heap Roots: 0.2ms
[2024-03-24T20:19:58.276+0800][1592.300s] GC(511)   Evacuate Collection Set: 3.2ms
[2024-03-24T20:19:58.276+0800][1592.300s] GC(511)   Post Evacuate Collection Set: 1.2ms
[2024-03-24T20:19:58.276+0800][1592.300s] GC(511)   Other: 0.3ms
[2024-03-24T20:19:58.276+0800][1592.300s] GC(511) Eden regions: 305->0(305)
[2024-03-24T20:19:58.276+0800][1592.300s] GC(511) Survivor regions: 2->2(39)
[2024-03-24T20:19:58.276+0800][1592.300s] GC(511) Old regions: 52->52
[2024-03-24T20:19:58.276+0800][1592.300s] GC(511) Humongous regions: 4->4
[2024-03-24T20:19:58.276+0800][1592.300s] GC(511) Metaspace: 65843K(66688K)->65843K(66688K) NonClass: 58450K(58944K)->58450K(58944K) Class: 7393K(7744K)->7393K(7744K)
[2024-03-24T20:19:58.276+0800][1592.300s] GC(511) Pause Young (Normal) (G1 Evacuation Pause) 361M->56M(512M) 5.819ms
[2024-03-24T20:19:58.276+0800][1592.300s] GC(511) User=0.00s Sys=0.00s Real=0.01s
[2024-03-24T20:20:00.889+0800][1594.917s] GC(512) Pause Young (Normal) (G1 Evacuation Pause)
[2024-03-24T20:20:00.889+0800][1594.917s] GC(512) Using 8 workers of 8 for evacuation
[2024-03-24T20:20:00.897+0800][1594.922s] GC(512)   Pre Evacuate Collection Set: 0.3ms
[2024-03-24T20:20:00.897+0800][1594.922s] GC(512)   Merge Heap Roots: 0.3ms
[2024-03-24T20:20:00.897+0800][1594.922s] GC(512)   Evacuate Collection Set: 2.4ms
[2024-03-24T20:20:00.897+0800][1594.922s] GC(512)   Post Evacuate Collection Set: 1.1ms
[2024-03-24T20:20:00.897+0800][1594.922s] GC(512)   Other: 0.2ms
[2024-03-24T20:20:00.897+0800][1594.922s] GC(512) Eden regions: 305->0(305)
[2024-03-24T20:20:00.897+0800][1594.922s] GC(512) Survivor regions: 2->2(39)
[2024-03-24T20:20:00.897+0800][1594.922s] GC(512) Old regions: 52->52
[2024-03-24T20:20:00.897+0800][1594.922s] GC(512) Humongous regions: 4->4
[2024-03-24T20:20:00.897+0800][1594.922s] GC(512) Metaspace: 65843K(66688K)->65843K(66688K) NonClass: 58450K(58944K)->58450K(58944K) Class: 7393K(7744K)->7393K(7744K)
[2024-03-24T20:20:00.897+0800][1594.922s] GC(512) Pause Young (Normal) (G1 Evacuation Pause) 361M->56M(512M) 5.085ms
[2024-03-24T20:20:00.897+0800][1594.922s] GC(512) User=0.00s Sys=0.00s Real=0.01s
[2024-03-24T20:20:03.452+0800][1597.481s] GC(513) Pause Young (Normal) (G1 Evacuation Pause)
[2024-03-24T20:20:03.452+0800][1597.481s] GC(513) Using 8 workers of 8 for evacuation
[2024-03-24T20:20:03.462+0800][1597.486s] GC(513)   Pre Evacuate Collection Set: 0.4ms
[2024-03-24T20:20:03.462+0800][1597.486s] GC(513)   Merge Heap Roots: 0.6ms
[2024-03-24T20:20:03.462+0800][1597.486s] GC(513)   Evacuate Collection Set: 2.9ms
[2024-03-24T20:20:03.462+0800][1597.486s] GC(513)   Post Evacuate Collection Set: 1.2ms
[2024-03-24T20:20:03.462+0800][1597.486s] GC(513)   Other: 0.2ms
[2024-03-24T20:20:03.462+0800][1597.486s] GC(513) Eden regions: 305->0(305)
[2024-03-24T20:20:03.462+0800][1597.486s] GC(513) Survivor regions: 2->2(39)
[2024-03-24T20:20:03.462+0800][1597.486s] GC(513) Old regions: 52->52
[2024-03-24T20:20:03.462+0800][1597.486s] GC(513) Humongous regions: 4->4
[2024-03-24T20:20:03.462+0800][1597.486s] GC(513) Metaspace: 65843K(66688K)->65843K(66688K) NonClass: 58450K(58944K)->58450K(58944K) Class: 7393K(7744K)->7393K(7744K)
[2024-03-24T20:20:03.462+0800][1597.486s] GC(513) Pause Young (Normal) (G1 Evacuation Pause) 361M->56M(512M) 5.774ms
[2024-03-24T20:20:03.462+0800][1597.486s] GC(513) User=0.00s Sys=0.00s Real=0.01s
[2024-03-24T20:20:06.019+0800][1600.046s] GC(514) Pause Young (Normal) (G1 Evacuation Pause)
[2024-03-24T20:20:06.019+0800][1600.046s] GC(514) Using 8 workers of 8 for evacuation
[2024-03-24T20:20:06.026+0800][1600.051s] GC(514)   Pre Evacuate Collection Set: 0.3ms
[2024-03-24T20:20:06.026+0800][1600.051s] GC(514)   Merge Heap Roots: 0.2ms
[2024-03-24T20:20:06.026+0800][1600.051s] GC(514)   Evacuate Collection Set: 2.6ms
[2024-03-24T20:20:06.026+0800][1600.051s] GC(514)   Post Evacuate Collection Set: 1.3ms
[2024-03-24T20:20:06.026+0800][1600.051s] GC(514)   Other: 0.2ms
[2024-03-24T20:20:06.026+0800][1600.051s] GC(514) Eden regions: 305->0(305)
[2024-03-24T20:20:06.026+0800][1600.051s] GC(514) Survivor regions: 2->2(39)
[2024-03-24T20:20:06.026+0800][1600.051s] GC(514) Old regions: 52->52
[2024-03-24T20:20:06.026+0800][1600.051s] GC(514) Humongous regions: 4->4
[2024-03-24T20:20:06.026+0800][1600.051s] GC(514) Metaspace: 65843K(66688K)->65843K(66688K) NonClass: 58450K(58944K)->58450K(58944K) Class: 7393K(7744K)->7393K(7744K)
[2024-03-24T20:20:06.029+0800][1600.051s] GC(514) Pause Young (Normal) (G1 Evacuation Pause) 361M->56M(512M) 5.313ms
[2024-03-24T20:20:06.029+0800][1600.051s] GC(514) User=0.00s Sys=0.02s Real=0.01s
[2024-03-24T20:20:08.610+0800][1602.636s] GC(515) Pause Young (Normal) (G1 Evacuation Pause)
[2024-03-24T20:20:08.610+0800][1602.636s] GC(515) Using 8 workers of 8 for evacuation
[2024-03-24T20:20:08.616+0800][1602.640s] GC(515)   Pre Evacuate Collection Set: 0.4ms
[2024-03-24T20:20:08.616+0800][1602.640s] GC(515)   Merge Heap Roots: 0.1ms
[2024-03-24T20:20:08.616+0800][1602.641s] GC(515)   Evacuate Collection Set: 2.6ms
[2024-03-24T20:20:08.616+0800][1602.641s] GC(515)   Post Evacuate Collection Set: 1.0ms
[2024-03-24T20:20:08.616+0800][1602.641s] GC(515)   Other: 0.2ms
[2024-03-24T20:20:08.616+0800][1602.641s] GC(515) Eden regions: 305->0(305)
[2024-03-24T20:20:08.616+0800][1602.641s] GC(515) Survivor regions: 2->2(39)
[2024-03-24T20:20:08.616+0800][1602.641s] GC(515) Old regions: 52->52
[2024-03-24T20:20:08.616+0800][1602.641s] GC(515) Humongous regions: 4->4
[2024-03-24T20:20:08.616+0800][1602.641s] GC(515) Metaspace: 65843K(66688K)->65843K(66688K) NonClass: 58450K(58944K)->58450K(58944K) Class: 7393K(7744K)->7393K(7744K)
[2024-03-24T20:20:08.616+0800][1602.641s] GC(515) Pause Young (Normal) (G1 Evacuation Pause) 361M->56M(512M) 4.921ms
[2024-03-24T20:20:08.616+0800][1602.641s] GC(515) User=0.00s Sys=0.00s Real=0.01s
[2024-03-24T20:20:11.151+0800][1605.175s] GC(516) Pause Young (Normal) (G1 Evacuation Pause)
[2024-03-24T20:20:11.151+0800][1605.175s] GC(516) Using 8 workers of 8 for evacuation
[2024-03-24T20:20:11.156+0800][1605.181s] GC(516)   Pre Evacuate Collection Set: 0.5ms
[2024-03-24T20:20:11.156+0800][1605.181s] GC(516)   Merge Heap Roots: 0.2ms
[2024-03-24T20:20:11.156+0800][1605.181s] GC(516)   Evacuate Collection Set: 3.6ms
[2024-03-24T20:20:11.156+0800][1605.181s] GC(516)   Post Evacuate Collection Set: 1.3ms
[2024-03-24T20:20:11.156+0800][1605.181s] GC(516)   Other: 0.2ms
[2024-03-24T20:20:11.156+0800][1605.181s] GC(516) Eden regions: 305->0(305)
[2024-03-24T20:20:11.156+0800][1605.181s] GC(516) Survivor regions: 2->2(39)
[2024-03-24T20:20:11.156+0800][1605.181s] GC(516) Old regions: 52->52
[2024-03-24T20:20:11.158+0800][1605.181s] GC(516) Humongous regions: 4->4
[2024-03-24T20:20:11.158+0800][1605.181s] GC(516) Metaspace: 65843K(66688K)->65843K(66688K) NonClass: 58450K(58944K)->58450K(58944K) Class: 7393K(7744K)->7393K(7744K)
[2024-03-24T20:20:11.158+0800][1605.181s] GC(516) Pause Young (Normal) (G1 Evacuation Pause) 361M->56M(512M) 6.583ms
[2024-03-24T20:20:11.158+0800][1605.181s] GC(516) User=0.00s Sys=0.00s Real=0.01s
[2024-03-24T20:20:13.669+0800][1607.695s] GC(517) Pause Young (Normal) (G1 Evacuation Pause)
[2024-03-24T20:20:13.669+0800][1607.695s] GC(517) Using 8 workers of 8 for evacuation
[2024-03-24T20:20:13.675+0800][1607.699s] GC(517)   Pre Evacuate Collection Set: 0.3ms
[2024-03-24T20:20:13.675+0800][1607.699s] GC(517)   Merge Heap Roots: 0.2ms
[2024-03-24T20:20:13.675+0800][1607.699s] GC(517)   Evacuate Collection Set: 2.4ms
[2024-03-24T20:20:13.675+0800][1607.699s] GC(517)   Post Evacuate Collection Set: 1.2ms
[2024-03-24T20:20:13.675+0800][1607.699s] GC(517)   Other: 0.2ms
[2024-03-24T20:20:13.675+0800][1607.700s] GC(517) Eden regions: 305->0(305)
[2024-03-24T20:20:13.675+0800][1607.700s] GC(517) Survivor regions: 2->2(39)
[2024-03-24T20:20:13.675+0800][1607.700s] GC(517) Old regions: 52->52
[2024-03-24T20:20:13.675+0800][1607.700s] GC(517) Humongous regions: 4->4
[2024-03-24T20:20:13.675+0800][1607.700s] GC(517) Metaspace: 65843K(66688K)->65843K(66688K) NonClass: 58450K(58944K)->58450K(58944K) Class: 7393K(7744K)->7393K(7744K)
[2024-03-24T20:20:13.675+0800][1607.700s] GC(517) Pause Young (Normal) (G1 Evacuation Pause) 361M->56M(512M) 5.022ms
[2024-03-24T20:20:13.675+0800][1607.700s] GC(517) User=0.00s Sys=0.00s Real=0.01s
[2024-03-24T20:20:16.062+0800][1610.090s] GC(518) Pause Young (Normal) (G1 Evacuation Pause)
[2024-03-24T20:20:16.062+0800][1610.090s] GC(518) Using 8 workers of 8 for evacuation
[2024-03-24T20:20:16.070+0800][1610.095s] GC(518)   Pre Evacuate Collection Set: 0.4ms
[2024-03-24T20:20:16.072+0800][1610.095s] GC(518)   Merge Heap Roots: 0.2ms
[2024-03-24T20:20:16.072+0800][1610.095s] GC(518)   Evacuate Collection Set: 2.6ms
[2024-03-24T20:20:16.072+0800][1610.095s] GC(518)   Post Evacuate Collection Set: 1.3ms
[2024-03-24T20:20:16.072+0800][1610.095s] GC(518)   Other: 0.3ms
[2024-03-24T20:20:16.072+0800][1610.095s] GC(518) Eden regions: 305->0(305)
[2024-03-24T20:20:16.072+0800][1610.095s] GC(518) Survivor regions: 2->2(39)
[2024-03-24T20:20:16.072+0800][1610.095s] GC(518) Old regions: 52->52
[2024-03-24T20:20:16.072+0800][1610.095s] GC(518) Humongous regions: 4->4
[2024-03-24T20:20:16.072+0800][1610.095s] GC(518) Metaspace: 65843K(66688K)->65843K(66688K) NonClass: 58450K(58944K)->58450K(58944K) Class: 7393K(7744K)->7393K(7744K)
[2024-03-24T20:20:16.072+0800][1610.095s] GC(518) Pause Young (Normal) (G1 Evacuation Pause) 361M->56M(512M) 5.483ms
[2024-03-24T20:20:16.072+0800][1610.095s] GC(518) User=0.00s Sys=0.00s Real=0.01s
[2024-03-24T20:20:18.785+0800][1612.808s] GC(519) Pause Young (Normal) (G1 Evacuation Pause)
[2024-03-24T20:20:18.785+0800][1612.808s] GC(519) Using 8 workers of 8 for evacuation
[2024-03-24T20:20:18.787+0800][1612.811s] GC(519)   Pre Evacuate Collection Set: 0.2ms
[2024-03-24T20:20:18.788+0800][1612.811s] GC(519)   Merge Heap Roots: 0.1ms
[2024-03-24T20:20:18.788+0800][1612.811s] GC(519)   Evacuate Collection Set: 1.6ms
[2024-03-24T20:20:18.788+0800][1612.811s] GC(519)   Post Evacuate Collection Set: 0.7ms
[2024-03-24T20:20:18.788+0800][1612.811s] GC(519)   Other: 0.1ms
[2024-03-24T20:20:18.788+0800][1612.811s] GC(519) Eden regions: 305->0(305)
[2024-03-24T20:20:18.788+0800][1612.811s] GC(519) Survivor regions: 2->2(39)
[2024-03-24T20:20:18.788+0800][1612.811s] GC(519) Old regions: 52->52
[2024-03-24T20:20:18.788+0800][1612.811s] GC(519) Humongous regions: 4->4
[2024-03-24T20:20:18.788+0800][1612.811s] GC(519) Metaspace: 65843K(66688K)->65843K(66688K) NonClass: 58450K(58944K)->58450K(58944K) Class: 7393K(7744K)->7393K(7744K)
[2024-03-24T20:20:18.788+0800][1612.811s] GC(519) Pause Young (Normal) (G1 Evacuation Pause) 361M->56M(512M) 3.051ms
[2024-03-24T20:20:18.788+0800][1612.811s] GC(519) User=0.00s Sys=0.00s Real=0.00s
[2024-03-24T20:20:21.324+0800][1615.355s] GC(520) Pause Young (Normal) (G1 Evacuation Pause)
[2024-03-24T20:20:21.324+0800][1615.356s] GC(520) Using 8 workers of 8 for evacuation
[2024-03-24T20:20:21.324+0800][1615.360s] GC(520)   Pre Evacuate Collection Set: 0.3ms
[2024-03-24T20:20:21.324+0800][1615.360s] GC(520)   Merge Heap Roots: 0.2ms
[2024-03-24T20:20:21.324+0800][1615.360s] GC(520)   Evacuate Collection Set: 2.8ms
[2024-03-24T20:20:21.324+0800][1615.360s] GC(520)   Post Evacuate Collection Set: 1.2ms
[2024-03-24T20:20:21.324+0800][1615.360s] GC(520)   Other: 0.2ms
[2024-03-24T20:20:21.324+0800][1615.360s] GC(520) Eden regions: 305->0(305)
[2024-03-24T20:20:21.324+0800][1615.360s] GC(520) Survivor regions: 2->2(39)
[2024-03-24T20:20:21.324+0800][1615.361s] GC(520) Old regions: 52->52
[2024-03-24T20:20:21.324+0800][1615.361s] GC(520) Humongous regions: 4->4
[2024-03-24T20:20:21.324+0800][1615.361s] GC(520) Metaspace: 65843K(66688K)->65843K(66688K) NonClass: 58450K(58944K)->58450K(58944K) Class: 7393K(7744K)->7393K(7744K)
[2024-03-24T20:20:21.324+0800][1615.361s] GC(520) Pause Young (Normal) (G1 Evacuation Pause) 361M->56M(512M) 5.150ms
[2024-03-24T20:20:21.324+0800][1615.361s] GC(520) User=0.00s Sys=0.00s Real=0.00s
[2024-03-24T20:20:23.920+0800][1617.945s] GC(521) Pause Young (Normal) (G1 Evacuation Pause)
[2024-03-24T20:20:23.920+0800][1617.945s] GC(521) Using 8 workers of 8 for evacuation
[2024-03-24T20:20:23.928+0800][1617.950s] GC(521)   Pre Evacuate Collection Set: 0.5ms
[2024-03-24T20:20:23.928+0800][1617.951s] GC(521)   Merge Heap Roots: 0.7ms
[2024-03-24T20:20:23.928+0800][1617.951s] GC(521)   Evacuate Collection Set: 2.7ms
[2024-03-24T20:20:23.928+0800][1617.951s] GC(521)   Post Evacuate Collection Set: 0.9ms
[2024-03-24T20:20:23.928+0800][1617.951s] GC(521)   Other: 0.2ms
[2024-03-24T20:20:23.928+0800][1617.951s] GC(521) Eden regions: 305->0(305)
[2024-03-24T20:20:23.928+0800][1617.951s] GC(521) Survivor regions: 2->2(39)
[2024-03-24T20:20:23.928+0800][1617.951s] GC(521) Old regions: 52->52
[2024-03-24T20:20:23.928+0800][1617.951s] GC(521) Humongous regions: 4->4
[2024-03-24T20:20:23.928+0800][1617.951s] GC(521) Metaspace: 65843K(66688K)->65843K(66688K) NonClass: 58450K(58944K)->58450K(58944K) Class: 7393K(7744K)->7393K(7744K)
[2024-03-24T20:20:23.928+0800][1617.951s] GC(521) Pause Young (Normal) (G1 Evacuation Pause) 361M->56M(512M) 5.614ms
[2024-03-24T20:20:23.928+0800][1617.951s] GC(521) User=0.00s Sys=0.00s Real=0.01s
[2024-03-24T20:20:26.595+0800][1620.622s] GC(522) Pause Young (Normal) (G1 Evacuation Pause)
[2024-03-24T20:20:26.595+0800][1620.622s] GC(522) Using 8 workers of 8 for evacuation
[2024-03-24T20:20:26.604+0800][1620.627s] GC(522)   Pre Evacuate Collection Set: 0.3ms
[2024-03-24T20:20:26.604+0800][1620.627s] GC(522)   Merge Heap Roots: 0.2ms
[2024-03-24T20:20:26.604+0800][1620.627s] GC(522)   Evacuate Collection Set: 3.3ms
[2024-03-24T20:20:26.604+0800][1620.627s] GC(522)   Post Evacuate Collection Set: 1.0ms
[2024-03-24T20:20:26.604+0800][1620.627s] GC(522)   Other: 0.2ms
[2024-03-24T20:20:26.604+0800][1620.627s] GC(522) Eden regions: 305->0(305)
[2024-03-24T20:20:26.604+0800][1620.627s] GC(522) Survivor regions: 2->2(39)
[2024-03-24T20:20:26.604+0800][1620.627s] GC(522) Old regions: 52->52
[2024-03-24T20:20:26.604+0800][1620.627s] GC(522) Humongous regions: 4->4
[2024-03-24T20:20:26.604+0800][1620.627s] GC(522) Metaspace: 65843K(66688K)->65843K(66688K) NonClass: 58450K(58944K)->58450K(58944K) Class: 7393K(7744K)->7393K(7744K)
[2024-03-24T20:20:26.604+0800][1620.627s] GC(522) Pause Young (Normal) (G1 Evacuation Pause) 361M->56M(512M) 5.439ms
[2024-03-24T20:20:26.604+0800][1620.627s] GC(522) User=0.00s Sys=0.00s Real=0.01s
[2024-03-24T20:20:29.024+0800][1623.050s] GC(523) Pause Young (Normal) (G1 Evacuation Pause)
[2024-03-24T20:20:29.024+0800][1623.050s] GC(523) Using 8 workers of 8 for evacuation
[2024-03-24T20:20:29.024+0800][1623.054s] GC(523)   Pre Evacuate Collection Set: 0.5ms
[2024-03-24T20:20:29.032+0800][1623.054s] GC(523)   Merge Heap Roots: 0.2ms
[2024-03-24T20:20:29.032+0800][1623.054s] GC(523)   Evacuate Collection Set: 2.4ms
[2024-03-24T20:20:29.032+0800][1623.054s] GC(523)   Post Evacuate Collection Set: 1.1ms
[2024-03-24T20:20:29.032+0800][1623.054s] GC(523)   Other: 0.2ms
[2024-03-24T20:20:29.032+0800][1623.055s] GC(523) Eden regions: 305->0(305)
[2024-03-24T20:20:29.032+0800][1623.055s] GC(523) Survivor regions: 2->2(39)
[2024-03-24T20:20:29.032+0800][1623.055s] GC(523) Old regions: 52->52
[2024-03-24T20:20:29.032+0800][1623.055s] GC(523) Humongous regions: 4->4
[2024-03-24T20:20:29.032+0800][1623.055s] GC(523) Metaspace: 65843K(66688K)->65843K(66688K) NonClass: 58450K(58944K)->58450K(58944K) Class: 7393K(7744K)->7393K(7744K)
[2024-03-24T20:20:29.032+0800][1623.055s] GC(523) Pause Young (Normal) (G1 Evacuation Pause) 361M->56M(512M) 5.344ms
[2024-03-24T20:20:29.032+0800][1623.055s] GC(523) User=0.00s Sys=0.00s Real=0.01s
[2024-03-24T20:20:31.701+0800][1625.723s] GC(524) Pause Young (Normal) (G1 Evacuation Pause)
[2024-03-24T20:20:31.701+0800][1625.724s] GC(524) Using 8 workers of 8 for evacuation
[2024-03-24T20:20:31.705+0800][1625.728s] GC(524)   Pre Evacuate Collection Set: 0.4ms
[2024-03-24T20:20:31.705+0800][1625.728s] GC(524)   Merge Heap Roots: 0.1ms
[2024-03-24T20:20:31.705+0800][1625.728s] GC(524)   Evacuate Collection Set: 2.6ms
[2024-03-24T20:20:31.705+0800][1625.728s] GC(524)   Post Evacuate Collection Set: 0.8ms
[2024-03-24T20:20:31.705+0800][1625.728s] GC(524)   Other: 0.2ms
[2024-03-24T20:20:31.705+0800][1625.728s] GC(524) Eden regions: 305->0(305)
[2024-03-24T20:20:31.705+0800][1625.728s] GC(524) Survivor regions: 2->2(39)
[2024-03-24T20:20:31.705+0800][1625.728s] GC(524) Old regions: 52->52
[2024-03-24T20:20:31.705+0800][1625.728s] GC(524) Humongous regions: 4->4
[2024-03-24T20:20:31.705+0800][1625.728s] GC(524) Metaspace: 65843K(66688K)->65843K(66688K) NonClass: 58450K(58944K)->58450K(58944K) Class: 7393K(7744K)->7393K(7744K)
[2024-03-24T20:20:31.705+0800][1625.728s] GC(524) Pause Young (Normal) (G1 Evacuation Pause) 361M->57M(512M) 4.853ms
[2024-03-24T20:20:31.705+0800][1625.728s] GC(524) User=0.00s Sys=0.00s Real=0.00s
[2024-03-24T20:20:34.367+0800][1628.391s] GC(525) Pause Young (Normal) (G1 Evacuation Pause)
[2024-03-24T20:20:34.367+0800][1628.391s] GC(525) Using 8 workers of 8 for evacuation
[2024-03-24T20:20:34.374+0800][1628.397s] GC(525)   Pre Evacuate Collection Set: 0.5ms
[2024-03-24T20:20:34.374+0800][1628.397s] GC(525)   Merge Heap Roots: 0.1ms
[2024-03-24T20:20:34.374+0800][1628.397s] GC(525)   Evacuate Collection Set: 3.7ms
[2024-03-24T20:20:34.374+0800][1628.397s] GC(525)   Post Evacuate Collection Set: 1.0ms
[2024-03-24T20:20:34.374+0800][1628.397s] GC(525)   Other: 0.2ms
[2024-03-24T20:20:34.374+0800][1628.397s] GC(525) Eden regions: 305->0(305)
[2024-03-24T20:20:34.374+0800][1628.397s] GC(525) Survivor regions: 2->2(39)
[2024-03-24T20:20:34.374+0800][1628.397s] GC(525) Old regions: 52->52
[2024-03-24T20:20:34.374+0800][1628.397s] GC(525) Humongous regions: 4->4
[2024-03-24T20:20:34.374+0800][1628.397s] GC(525) Metaspace: 65843K(66688K)->65843K(66688K) NonClass: 58450K(58944K)->58450K(58944K) Class: 7393K(7744K)->7393K(7744K)
[2024-03-24T20:20:34.375+0800][1628.397s] GC(525) Pause Young (Normal) (G1 Evacuation Pause) 362M->57M(512M) 6.363ms
[2024-03-24T20:20:34.375+0800][1628.397s] GC(525) User=0.09s Sys=0.00s Real=0.01s
[2024-03-24T20:20:36.898+0800][1630.922s] GC(526) Pause Young (Normal) (G1 Evacuation Pause)
[2024-03-24T20:20:36.898+0800][1630.922s] GC(526) Using 8 workers of 8 for evacuation
[2024-03-24T20:20:36.905+0800][1630.927s] GC(526)   Pre Evacuate Collection Set: 0.3ms
[2024-03-24T20:20:36.905+0800][1630.928s] GC(526)   Merge Heap Roots: 0.2ms
[2024-03-24T20:20:36.905+0800][1630.928s] GC(526)   Evacuate Collection Set: 3.8ms
[2024-03-24T20:20:36.905+0800][1630.928s] GC(526)   Post Evacuate Collection Set: 0.9ms
[2024-03-24T20:20:36.905+0800][1630.928s] GC(526)   Other: 0.3ms
[2024-03-24T20:20:36.905+0800][1630.928s] GC(526) Eden regions: 305->0(305)
[2024-03-24T20:20:36.905+0800][1630.928s] GC(526) Survivor regions: 2->2(39)
[2024-03-24T20:20:36.905+0800][1630.928s] GC(526) Old regions: 52->52
[2024-03-24T20:20:36.905+0800][1630.928s] GC(526) Humongous regions: 4->4
[2024-03-24T20:20:36.905+0800][1630.928s] GC(526) Metaspace: 65843K(66688K)->65843K(66688K) NonClass: 58450K(58944K)->58450K(58944K) Class: 7393K(7744K)->7393K(7744K)
[2024-03-24T20:20:36.905+0800][1630.928s] GC(526) Pause Young (Normal) (G1 Evacuation Pause) 362M->57M(512M) 6.160ms
[2024-03-24T20:20:36.905+0800][1630.928s] GC(526) User=0.00s Sys=0.00s Real=0.01s
[2024-03-24T20:20:39.499+0800][1633.526s] GC(527) Pause Young (Normal) (G1 Evacuation Pause)
[2024-03-24T20:20:39.499+0800][1633.526s] GC(527) Using 8 workers of 8 for evacuation
[2024-03-24T20:20:39.505+0800][1633.531s] GC(527)   Pre Evacuate Collection Set: 0.5ms
[2024-03-24T20:20:39.505+0800][1633.531s] GC(527)   Merge Heap Roots: 0.2ms
[2024-03-24T20:20:39.505+0800][1633.531s] GC(527)   Evacuate Collection Set: 2.2ms
[2024-03-24T20:20:39.505+0800][1633.531s] GC(527)   Post Evacuate Collection Set: 1.6ms
[2024-03-24T20:20:39.505+0800][1633.531s] GC(527)   Other: 0.2ms
[2024-03-24T20:20:39.505+0800][1633.531s] GC(527) Eden regions: 305->0(305)
[2024-03-24T20:20:39.505+0800][1633.531s] GC(527) Survivor regions: 2->2(39)
[2024-03-24T20:20:39.505+0800][1633.531s] GC(527) Old regions: 52->52
[2024-03-24T20:20:39.505+0800][1633.531s] GC(527) Humongous regions: 4->4
[2024-03-24T20:20:39.505+0800][1633.531s] GC(527) Metaspace: 65843K(66688K)->65843K(66688K) NonClass: 58450K(58944K)->58450K(58944K) Class: 7393K(7744K)->7393K(7744K)
[2024-03-24T20:20:39.505+0800][1633.531s] GC(527) Pause Young (Normal) (G1 Evacuation Pause) 362M->56M(512M) 5.587ms
[2024-03-24T20:20:39.505+0800][1633.531s] GC(527) User=0.00s Sys=0.00s Real=0.01s
[2024-03-24T20:20:42.119+0800][1636.142s] GC(528) Pause Young (Normal) (G1 Evacuation Pause)
[2024-03-24T20:20:42.119+0800][1636.143s] GC(528) Using 8 workers of 8 for evacuation
[2024-03-24T20:20:42.122+0800][1636.148s] GC(528)   Pre Evacuate Collection Set: 0.4ms
[2024-03-24T20:20:42.122+0800][1636.148s] GC(528)   Merge Heap Roots: 0.2ms
[2024-03-24T20:20:42.122+0800][1636.149s] GC(528)   Evacuate Collection Set: 3.5ms
[2024-03-24T20:20:42.122+0800][1636.149s] GC(528)   Post Evacuate Collection Set: 1.2ms
[2024-03-24T20:20:42.126+0800][1636.149s] GC(528)   Other: 0.2ms
[2024-03-24T20:20:42.126+0800][1636.149s] GC(528) Eden regions: 305->0(305)
[2024-03-24T20:20:42.126+0800][1636.149s] GC(528) Survivor regions: 2->2(39)
[2024-03-24T20:20:42.126+0800][1636.149s] GC(528) Old regions: 52->52
[2024-03-24T20:20:42.126+0800][1636.149s] GC(528) Humongous regions: 4->4
[2024-03-24T20:20:42.126+0800][1636.149s] GC(528) Metaspace: 65843K(66688K)->65843K(66688K) NonClass: 58450K(58944K)->58450K(58944K) Class: 7393K(7744K)->7393K(7744K)
[2024-03-24T20:20:42.126+0800][1636.149s] GC(528) Pause Young (Normal) (G1 Evacuation Pause) 361M->57M(512M) 6.782ms
[2024-03-24T20:20:42.126+0800][1636.149s] GC(528) User=0.03s Sys=0.00s Real=0.01s
[2024-03-24T20:20:44.566+0800][1638.594s] GC(529) Pause Young (Normal) (G1 Evacuation Pause)
[2024-03-24T20:20:44.566+0800][1638.594s] GC(529) Using 8 workers of 8 for evacuation
[2024-03-24T20:20:44.566+0800][1638.598s] GC(529)   Pre Evacuate Collection Set: 0.3ms
[2024-03-24T20:20:44.566+0800][1638.598s] GC(529)   Merge Heap Roots: 0.2ms
[2024-03-24T20:20:44.566+0800][1638.598s] GC(529)   Evacuate Collection Set: 2.3ms
[2024-03-24T20:20:44.566+0800][1638.598s] GC(529)   Post Evacuate Collection Set: 1.1ms
[2024-03-24T20:20:44.566+0800][1638.598s] GC(529)   Other: 0.2ms
[2024-03-24T20:20:44.566+0800][1638.598s] GC(529) Eden regions: 305->0(305)
[2024-03-24T20:20:44.566+0800][1638.598s] GC(529) Survivor regions: 2->2(39)
[2024-03-24T20:20:44.566+0800][1638.598s] GC(529) Old regions: 52->52
[2024-03-24T20:20:44.566+0800][1638.598s] GC(529) Humongous regions: 4->4
[2024-03-24T20:20:44.566+0800][1638.598s] GC(529) Metaspace: 65843K(66688K)->65843K(66688K) NonClass: 58450K(58944K)->58450K(58944K) Class: 7393K(7744K)->7393K(7744K)
[2024-03-24T20:20:44.566+0800][1638.598s] GC(529) Pause Young (Normal) (G1 Evacuation Pause) 362M->56M(512M) 4.797ms
[2024-03-24T20:20:44.566+0800][1638.599s] GC(529) User=0.00s Sys=0.00s Real=0.00s
[2024-03-24T20:20:47.236+0800][1641.263s] GC(530) Pause Young (Normal) (G1 Evacuation Pause)
[2024-03-24T20:20:47.236+0800][1641.263s] GC(530) Using 8 workers of 8 for evacuation
[2024-03-24T20:20:47.236+0800][1641.268s] GC(530)   Pre Evacuate Collection Set: 0.3ms
[2024-03-24T20:20:47.236+0800][1641.268s] GC(530)   Merge Heap Roots: 0.2ms
[2024-03-24T20:20:47.236+0800][1641.268s] GC(530)   Evacuate Collection Set: 3.2ms
[2024-03-24T20:20:47.236+0800][1641.268s] GC(530)   Post Evacuate Collection Set: 1.3ms
[2024-03-24T20:20:47.236+0800][1641.268s] GC(530)   Other: 0.2ms
[2024-03-24T20:20:47.236+0800][1641.269s] GC(530) Eden regions: 305->0(305)
[2024-03-24T20:20:47.236+0800][1641.269s] GC(530) Survivor regions: 2->2(39)
[2024-03-24T20:20:47.236+0800][1641.269s] GC(530) Old regions: 52->52
[2024-03-24T20:20:47.236+0800][1641.269s] GC(530) Humongous regions: 4->4
[2024-03-24T20:20:47.236+0800][1641.269s] GC(530) Metaspace: 65843K(66688K)->65843K(66688K) NonClass: 58450K(58944K)->58450K(58944K) Class: 7393K(7744K)->7393K(7744K)
[2024-03-24T20:20:47.236+0800][1641.269s] GC(530) Pause Young (Normal) (G1 Evacuation Pause) 361M->57M(512M) 5.937ms
[2024-03-24T20:20:47.236+0800][1641.269s] GC(530) User=0.00s Sys=0.00s Real=0.00s
[2024-03-24T20:20:49.784+0800][1643.813s] GC(531) Pause Young (Normal) (G1 Evacuation Pause)
[2024-03-24T20:20:49.784+0800][1643.814s] GC(531) Using 8 workers of 8 for evacuation
[2024-03-24T20:20:49.795+0800][1643.819s] GC(531)   Pre Evacuate Collection Set: 0.3ms
[2024-03-24T20:20:49.795+0800][1643.819s] GC(531)   Merge Heap Roots: 0.2ms
[2024-03-24T20:20:49.795+0800][1643.819s] GC(531)   Evacuate Collection Set: 3.2ms
[2024-03-24T20:20:49.795+0800][1643.819s] GC(531)   Post Evacuate Collection Set: 1.4ms
[2024-03-24T20:20:49.795+0800][1643.819s] GC(531)   Other: 0.2ms
[2024-03-24T20:20:49.795+0800][1643.819s] GC(531) Eden regions: 305->0(305)
[2024-03-24T20:20:49.795+0800][1643.819s] GC(531) Survivor regions: 2->2(39)
[2024-03-24T20:20:49.795+0800][1643.819s] GC(531) Old regions: 52->52
[2024-03-24T20:20:49.795+0800][1643.819s] GC(531) Humongous regions: 4->4
[2024-03-24T20:20:49.795+0800][1643.819s] GC(531) Metaspace: 65843K(66688K)->65843K(66688K) NonClass: 58450K(58944K)->58450K(58944K) Class: 7393K(7744K)->7393K(7744K)
[2024-03-24T20:20:49.795+0800][1643.820s] GC(531) Pause Young (Normal) (G1 Evacuation Pause) 362M->56M(512M) 6.102ms
[2024-03-24T20:20:49.795+0800][1643.820s] GC(531) User=0.00s Sys=0.00s Real=0.01s
[2024-03-24T20:20:52.404+0800][1646.435s] GC(532) Pause Young (Normal) (G1 Evacuation Pause)
[2024-03-24T20:20:52.404+0800][1646.435s] GC(532) Using 8 workers of 8 for evacuation
[2024-03-24T20:20:52.415+0800][1646.439s] GC(532)   Pre Evacuate Collection Set: 0.3ms
[2024-03-24T20:20:52.415+0800][1646.439s] GC(532)   Merge Heap Roots: 0.2ms
[2024-03-24T20:20:52.415+0800][1646.439s] GC(532)   Evacuate Collection Set: 2.7ms
[2024-03-24T20:20:52.415+0800][1646.439s] GC(532)   Post Evacuate Collection Set: 1.0ms
[2024-03-24T20:20:52.415+0800][1646.440s] GC(532)   Other: 0.2ms
[2024-03-24T20:20:52.415+0800][1646.440s] GC(532) Eden regions: 305->0(305)
[2024-03-24T20:20:52.415+0800][1646.440s] GC(532) Survivor regions: 2->2(39)
[2024-03-24T20:20:52.415+0800][1646.440s] GC(532) Old regions: 52->52
[2024-03-24T20:20:52.415+0800][1646.440s] GC(532) Humongous regions: 4->4
[2024-03-24T20:20:52.415+0800][1646.440s] GC(532) Metaspace: 65843K(66688K)->65843K(66688K) NonClass: 58450K(58944K)->58450K(58944K) Class: 7393K(7744K)->7393K(7744K)
[2024-03-24T20:20:52.415+0800][1646.440s] GC(532) Pause Young (Normal) (G1 Evacuation Pause) 361M->56M(512M) 5.223ms
[2024-03-24T20:20:52.415+0800][1646.440s] GC(532) User=0.00s Sys=0.00s Real=0.01s
[2024-03-24T20:20:54.975+0800][1649.003s] GC(533) Pause Young (Normal) (G1 Evacuation Pause)
[2024-03-24T20:20:54.975+0800][1649.003s] GC(533) Using 8 workers of 8 for evacuation
[2024-03-24T20:20:54.985+0800][1649.008s] GC(533)   Pre Evacuate Collection Set: 0.5ms
[2024-03-24T20:20:54.985+0800][1649.008s] GC(533)   Merge Heap Roots: 0.2ms
[2024-03-24T20:20:54.985+0800][1649.008s] GC(533)   Evacuate Collection Set: 2.8ms
[2024-03-24T20:20:54.985+0800][1649.008s] GC(533)   Post Evacuate Collection Set: 1.1ms
[2024-03-24T20:20:54.985+0800][1649.008s] GC(533)   Other: 0.2ms
[2024-03-24T20:20:54.985+0800][1649.008s] GC(533) Eden regions: 305->0(305)
[2024-03-24T20:20:54.985+0800][1649.008s] GC(533) Survivor regions: 2->2(39)
[2024-03-24T20:20:54.985+0800][1649.008s] GC(533) Old regions: 52->52
[2024-03-24T20:20:54.985+0800][1649.008s] GC(533) Humongous regions: 4->4
[2024-03-24T20:20:54.985+0800][1649.009s] GC(533) Metaspace: 65843K(66688K)->65843K(66688K) NonClass: 58450K(58944K)->58450K(58944K) Class: 7393K(7744K)->7393K(7744K)
[2024-03-24T20:20:54.985+0800][1649.009s] GC(533) Pause Young (Normal) (G1 Evacuation Pause) 361M->56M(512M) 5.661ms
[2024-03-24T20:20:54.985+0800][1649.009s] GC(533) User=0.02s Sys=0.00s Real=0.01s
[2024-03-24T20:20:57.531+0800][1651.555s] GC(534) Pause Young (Normal) (G1 Evacuation Pause)
[2024-03-24T20:20:57.531+0800][1651.555s] GC(534) Using 8 workers of 8 for evacuation
[2024-03-24T20:20:57.531+0800][1651.559s] GC(534)   Pre Evacuate Collection Set: 0.2ms
[2024-03-24T20:20:57.531+0800][1651.559s] GC(534)   Merge Heap Roots: 0.4ms
[2024-03-24T20:20:57.531+0800][1651.559s] GC(534)   Evacuate Collection Set: 2.4ms
[2024-03-24T20:20:57.531+0800][1651.559s] GC(534)   Post Evacuate Collection Set: 0.8ms
[2024-03-24T20:20:57.531+0800][1651.559s] GC(534)   Other: 0.1ms
[2024-03-24T20:20:57.531+0800][1651.559s] GC(534) Eden regions: 305->0(305)
[2024-03-24T20:20:57.531+0800][1651.559s] GC(534) Survivor regions: 2->2(39)
[2024-03-24T20:20:57.531+0800][1651.559s] GC(534) Old regions: 52->52
[2024-03-24T20:20:57.531+0800][1651.559s] GC(534) Humongous regions: 4->4
[2024-03-24T20:20:57.531+0800][1651.559s] GC(534) Metaspace: 65843K(66688K)->65843K(66688K) NonClass: 58450K(58944K)->58450K(58944K) Class: 7393K(7744K)->7393K(7744K)
[2024-03-24T20:20:57.531+0800][1651.559s] GC(534) Pause Young (Normal) (G1 Evacuation Pause) 361M->56M(512M) 4.535ms
[2024-03-24T20:20:57.531+0800][1651.559s] GC(534) User=0.00s Sys=0.00s Real=0.00s
[2024-03-24T20:21:00.118+0800][1654.142s] GC(535) Pause Young (Normal) (G1 Evacuation Pause)
[2024-03-24T20:21:00.118+0800][1654.142s] GC(535) Using 8 workers of 8 for evacuation
[2024-03-24T20:21:00.123+0800][1654.146s] GC(535)   Pre Evacuate Collection Set: 0.3ms
[2024-03-24T20:21:00.123+0800][1654.146s] GC(535)   Merge Heap Roots: 0.2ms
[2024-03-24T20:21:00.123+0800][1654.146s] GC(535)   Evacuate Collection Set: 2.4ms
[2024-03-24T20:21:00.123+0800][1654.146s] GC(535)   Post Evacuate Collection Set: 1.0ms
[2024-03-24T20:21:00.123+0800][1654.146s] GC(535)   Other: 0.2ms
[2024-03-24T20:21:00.123+0800][1654.146s] GC(535) Eden regions: 305->0(305)
[2024-03-24T20:21:00.123+0800][1654.146s] GC(535) Survivor regions: 2->2(39)
[2024-03-24T20:21:00.123+0800][1654.146s] GC(535) Old regions: 52->52
[2024-03-24T20:21:00.123+0800][1654.146s] GC(535) Humongous regions: 4->4
[2024-03-24T20:21:00.123+0800][1654.146s] GC(535) Metaspace: 65843K(66688K)->65843K(66688K) NonClass: 58450K(58944K)->58450K(58944K) Class: 7393K(7744K)->7393K(7744K)
[2024-03-24T20:21:00.123+0800][1654.146s] GC(535) Pause Young (Normal) (G1 Evacuation Pause) 361M->57M(512M) 4.540ms
[2024-03-24T20:21:00.123+0800][1654.146s] GC(535) User=0.00s Sys=0.00s Real=0.00s
[2024-03-24T20:21:02.666+0800][1656.689s] GC(536) Pause Young (Normal) (G1 Evacuation Pause)
[2024-03-24T20:21:02.666+0800][1656.689s] GC(536) Using 8 workers of 8 for evacuation
[2024-03-24T20:21:02.669+0800][1656.694s] GC(536)   Pre Evacuate Collection Set: 0.3ms
[2024-03-24T20:21:02.669+0800][1656.694s] GC(536)   Merge Heap Roots: 0.3ms
[2024-03-24T20:21:02.669+0800][1656.694s] GC(536)   Evacuate Collection Set: 2.7ms
[2024-03-24T20:21:02.669+0800][1656.694s] GC(536)   Post Evacuate Collection Set: 1.1ms
[2024-03-24T20:21:02.669+0800][1656.694s] GC(536)   Other: 0.2ms
[2024-03-24T20:21:02.669+0800][1656.694s] GC(536) Eden regions: 305->0(305)
[2024-03-24T20:21:02.669+0800][1656.694s] GC(536) Survivor regions: 2->2(39)
[2024-03-24T20:21:02.669+0800][1656.694s] GC(536) Old regions: 52->52
[2024-03-24T20:21:02.669+0800][1656.694s] GC(536) Humongous regions: 4->4
[2024-03-24T20:21:02.669+0800][1656.694s] GC(536) Metaspace: 65843K(66688K)->65843K(66688K) NonClass: 58450K(58944K)->58450K(58944K) Class: 7393K(7744K)->7393K(7744K)
[2024-03-24T20:21:02.669+0800][1656.694s] GC(536) Pause Young (Normal) (G1 Evacuation Pause) 362M->56M(512M) 5.660ms
[2024-03-24T20:21:02.669+0800][1656.695s] GC(536) User=0.00s Sys=0.00s Real=0.00s
[2024-03-24T20:21:05.308+0800][1659.335s] GC(537) Pause Young (Normal) (G1 Evacuation Pause)
[2024-03-24T20:21:05.308+0800][1659.335s] GC(537) Using 8 workers of 8 for evacuation
[2024-03-24T20:21:05.308+0800][1659.339s] GC(537)   Pre Evacuate Collection Set: 0.2ms
[2024-03-24T20:21:05.308+0800][1659.339s] GC(537)   Merge Heap Roots: 0.1ms
[2024-03-24T20:21:05.308+0800][1659.339s] GC(537)   Evacuate Collection Set: 2.3ms
[2024-03-24T20:21:05.308+0800][1659.339s] GC(537)   Post Evacuate Collection Set: 1.0ms
[2024-03-24T20:21:05.308+0800][1659.339s] GC(537)   Other: 0.2ms
[2024-03-24T20:21:05.308+0800][1659.339s] GC(537) Eden regions: 305->0(305)
[2024-03-24T20:21:05.308+0800][1659.340s] GC(537) Survivor regions: 2->2(39)
[2024-03-24T20:21:05.308+0800][1659.340s] GC(537) Old regions: 52->52
[2024-03-24T20:21:05.308+0800][1659.340s] GC(537) Humongous regions: 4->4
[2024-03-24T20:21:05.308+0800][1659.340s] GC(537) Metaspace: 65843K(66688K)->65843K(66688K) NonClass: 58450K(58944K)->58450K(58944K) Class: 7393K(7744K)->7393K(7744K)
[2024-03-24T20:21:05.308+0800][1659.340s] GC(537) Pause Young (Normal) (G1 Evacuation Pause) 361M->57M(512M) 4.581ms
[2024-03-24T20:21:05.308+0800][1659.340s] GC(537) User=0.00s Sys=0.00s Real=0.00s
[2024-03-24T20:21:07.930+0800][1661.953s] GC(538) Pause Young (Normal) (G1 Evacuation Pause)
[2024-03-24T20:21:07.930+0800][1661.953s] GC(538) Using 8 workers of 8 for evacuation
[2024-03-24T20:21:07.934+0800][1661.958s] GC(538)   Pre Evacuate Collection Set: 0.3ms
[2024-03-24T20:21:07.934+0800][1661.958s] GC(538)   Merge Heap Roots: 0.3ms
[2024-03-24T20:21:07.934+0800][1661.958s] GC(538)   Evacuate Collection Set: 2.8ms
[2024-03-24T20:21:07.934+0800][1661.958s] GC(538)   Post Evacuate Collection Set: 1.3ms
[2024-03-24T20:21:07.934+0800][1661.958s] GC(538)   Other: 0.1ms
[2024-03-24T20:21:07.934+0800][1661.958s] GC(538) Eden regions: 305->0(305)
[2024-03-24T20:21:07.934+0800][1661.958s] GC(538) Survivor regions: 2->2(39)
[2024-03-24T20:21:07.934+0800][1661.958s] GC(538) Old regions: 52->52
[2024-03-24T20:21:07.934+0800][1661.958s] GC(538) Humongous regions: 4->4
[2024-03-24T20:21:07.934+0800][1661.958s] GC(538) Metaspace: 65843K(66688K)->65843K(66688K) NonClass: 58450K(58944K)->58450K(58944K) Class: 7393K(7744K)->7393K(7744K)
[2024-03-24T20:21:07.934+0800][1661.959s] GC(538) Pause Young (Normal) (G1 Evacuation Pause) 362M->56M(512M) 5.349ms
[2024-03-24T20:21:07.934+0800][1661.959s] GC(538) User=0.00s Sys=0.00s Real=0.00s
[2024-03-24T20:21:10.587+0800][1664.613s] GC(539) Pause Young (Normal) (G1 Evacuation Pause)
[2024-03-24T20:21:10.587+0800][1664.614s] GC(539) Using 8 workers of 8 for evacuation
[2024-03-24T20:21:10.595+0800][1664.617s] GC(539)   Pre Evacuate Collection Set: 0.3ms
[2024-03-24T20:21:10.595+0800][1664.618s] GC(539)   Merge Heap Roots: 0.2ms
[2024-03-24T20:21:10.595+0800][1664.618s] GC(539)   Evacuate Collection Set: 2.3ms
[2024-03-24T20:21:10.595+0800][1664.618s] GC(539)   Post Evacuate Collection Set: 1.0ms
[2024-03-24T20:21:10.595+0800][1664.618s] GC(539)   Other: 0.2ms
[2024-03-24T20:21:10.595+0800][1664.618s] GC(539) Eden regions: 305->0(305)
[2024-03-24T20:21:10.595+0800][1664.618s] GC(539) Survivor regions: 2->2(39)
[2024-03-24T20:21:10.595+0800][1664.618s] GC(539) Old regions: 52->52
[2024-03-24T20:21:10.595+0800][1664.618s] GC(539) Humongous regions: 4->4
[2024-03-24T20:21:10.595+0800][1664.618s] GC(539) Metaspace: 65843K(66688K)->65843K(66688K) NonClass: 58450K(58944K)->58450K(58944K) Class: 7393K(7744K)->7393K(7744K)
[2024-03-24T20:21:10.595+0800][1664.618s] GC(539) Pause Young (Normal) (G1 Evacuation Pause) 361M->56M(512M) 4.596ms
[2024-03-24T20:21:10.595+0800][1664.618s] GC(539) User=0.02s Sys=0.00s Real=0.01s
[2024-03-24T20:21:13.113+0800][1667.140s] GC(540) Pause Young (Normal) (G1 Evacuation Pause)
[2024-03-24T20:21:13.113+0800][1667.141s] GC(540) Using 8 workers of 8 for evacuation
[2024-03-24T20:21:13.123+0800][1667.146s] GC(540)   Pre Evacuate Collection Set: 0.4ms
[2024-03-24T20:21:13.123+0800][1667.146s] GC(540)   Merge Heap Roots: 0.3ms
[2024-03-24T20:21:13.123+0800][1667.147s] GC(540)   Evacuate Collection Set: 3.5ms
[2024-03-24T20:21:13.123+0800][1667.147s] GC(540)   Post Evacuate Collection Set: 1.2ms
[2024-03-24T20:21:13.123+0800][1667.147s] GC(540)   Other: 0.3ms
[2024-03-24T20:21:13.123+0800][1667.147s] GC(540) Eden regions: 305->0(305)
[2024-03-24T20:21:13.123+0800][1667.147s] GC(540) Survivor regions: 2->2(39)
[2024-03-24T20:21:13.123+0800][1667.147s] GC(540) Old regions: 52->52
[2024-03-24T20:21:13.123+0800][1667.147s] GC(540) Humongous regions: 4->4
[2024-03-24T20:21:13.123+0800][1667.147s] GC(540) Metaspace: 65843K(66688K)->65843K(66688K) NonClass: 58450K(58944K)->58450K(58944K) Class: 7393K(7744K)->7393K(7744K)
[2024-03-24T20:21:13.123+0800][1667.147s] GC(540) Pause Young (Normal) (G1 Evacuation Pause) 361M->56M(512M) 6.508ms
[2024-03-24T20:21:13.123+0800][1667.147s] GC(540) User=0.00s Sys=0.00s Real=0.01s
[2024-03-24T20:21:15.537+0800][1669.564s] GC(541) Pause Young (Normal) (G1 Evacuation Pause)
[2024-03-24T20:21:15.537+0800][1669.564s] GC(541) Using 8 workers of 8 for evacuation
[2024-03-24T20:21:15.545+0800][1669.568s] GC(541)   Pre Evacuate Collection Set: 0.4ms
[2024-03-24T20:21:15.545+0800][1669.568s] GC(541)   Merge Heap Roots: 0.1ms
[2024-03-24T20:21:15.545+0800][1669.568s] GC(541)   Evacuate Collection Set: 1.7ms
[2024-03-24T20:21:15.545+0800][1669.568s] GC(541)   Post Evacuate Collection Set: 1.4ms
[2024-03-24T20:21:15.545+0800][1669.568s] GC(541)   Other: 0.2ms
[2024-03-24T20:21:15.545+0800][1669.568s] GC(541) Eden regions: 305->0(305)
[2024-03-24T20:21:15.545+0800][1669.568s] GC(541) Survivor regions: 2->2(39)
[2024-03-24T20:21:15.545+0800][1669.568s] GC(541) Old regions: 52->52
[2024-03-24T20:21:15.545+0800][1669.568s] GC(541) Humongous regions: 4->4
[2024-03-24T20:21:15.545+0800][1669.568s] GC(541) Metaspace: 65843K(66688K)->65843K(66688K) NonClass: 58450K(58944K)->58450K(58944K) Class: 7393K(7744K)->7393K(7744K)
[2024-03-24T20:21:15.545+0800][1669.568s] GC(541) Pause Young (Normal) (G1 Evacuation Pause) 361M->56M(512M) 4.658ms
[2024-03-24T20:21:15.545+0800][1669.569s] GC(541) User=0.02s Sys=0.00s Real=0.01s
[2024-03-24T20:21:18.114+0800][1672.145s] GC(542) Pause Young (Normal) (G1 Evacuation Pause)
[2024-03-24T20:21:18.114+0800][1672.146s] GC(542) Using 8 workers of 8 for evacuation
[2024-03-24T20:21:18.127+0800][1672.150s] GC(542)   Pre Evacuate Collection Set: 0.4ms
[2024-03-24T20:21:18.127+0800][1672.150s] GC(542)   Merge Heap Roots: 0.3ms
[2024-03-24T20:21:18.127+0800][1672.150s] GC(542)   Evacuate Collection Set: 2.7ms
[2024-03-24T20:21:18.127+0800][1672.150s] GC(542)   Post Evacuate Collection Set: 0.7ms
[2024-03-24T20:21:18.127+0800][1672.150s] GC(542)   Other: 0.2ms
[2024-03-24T20:21:18.127+0800][1672.150s] GC(542) Eden regions: 305->0(305)
[2024-03-24T20:21:18.127+0800][1672.150s] GC(542) Survivor regions: 2->2(39)
[2024-03-24T20:21:18.127+0800][1672.150s] GC(542) Old regions: 52->52
[2024-03-24T20:21:18.127+0800][1672.150s] GC(542) Humongous regions: 4->4
[2024-03-24T20:21:18.127+0800][1672.150s] GC(542) Metaspace: 65843K(66688K)->65843K(66688K) NonClass: 58450K(58944K)->58450K(58944K) Class: 7393K(7744K)->7393K(7744K)
[2024-03-24T20:21:18.127+0800][1672.150s] GC(542) Pause Young (Normal) (G1 Evacuation Pause) 361M->57M(512M) 4.816ms
[2024-03-24T20:21:18.127+0800][1672.150s] GC(542) User=0.05s Sys=0.00s Real=0.01s
[2024-03-24T20:21:20.717+0800][1674.744s] GC(543) Pause Young (Normal) (G1 Evacuation Pause)
[2024-03-24T20:21:20.717+0800][1674.744s] GC(543) Using 8 workers of 8 for evacuation
[2024-03-24T20:21:20.728+0800][1674.751s] GC(543)   Pre Evacuate Collection Set: 0.3ms
[2024-03-24T20:21:20.728+0800][1674.751s] GC(543)   Merge Heap Roots: 0.3ms
[2024-03-24T20:21:20.728+0800][1674.751s] GC(543)   Evacuate Collection Set: 4.3ms
[2024-03-24T20:21:20.728+0800][1674.751s] GC(543)   Post Evacuate Collection Set: 1.6ms
[2024-03-24T20:21:20.728+0800][1674.751s] GC(543)   Other: 0.2ms
[2024-03-24T20:21:20.728+0800][1674.751s] GC(543) Eden regions: 305->0(305)
[2024-03-24T20:21:20.728+0800][1674.751s] GC(543) Survivor regions: 2->2(39)
[2024-03-24T20:21:20.728+0800][1674.751s] GC(543) Old regions: 52->52
[2024-03-24T20:21:20.728+0800][1674.751s] GC(543) Humongous regions: 4->4
[2024-03-24T20:21:20.728+0800][1674.751s] GC(543) Metaspace: 65843K(66688K)->65843K(66688K) NonClass: 58450K(58944K)->58450K(58944K) Class: 7393K(7744K)->7393K(7744K)
[2024-03-24T20:21:20.728+0800][1674.751s] GC(543) Pause Young (Normal) (G1 Evacuation Pause) 362M->57M(512M) 7.429ms
[2024-03-24T20:21:20.728+0800][1674.751s] GC(543) User=0.00s Sys=0.00s Real=0.01s
[2024-03-24T20:21:23.212+0800][1677.237s] GC(544) Pause Young (Normal) (G1 Evacuation Pause)
[2024-03-24T20:21:23.212+0800][1677.237s] GC(544) Using 8 workers of 8 for evacuation
[2024-03-24T20:21:23.218+0800][1677.243s] GC(544)   Pre Evacuate Collection Set: 0.3ms
[2024-03-24T20:21:23.218+0800][1677.243s] GC(544)   Merge Heap Roots: 0.1ms
[2024-03-24T20:21:23.218+0800][1677.243s] GC(544)   Evacuate Collection Set: 4.1ms
[2024-03-24T20:21:23.218+0800][1677.243s] GC(544)   Post Evacuate Collection Set: 0.8ms
[2024-03-24T20:21:23.218+0800][1677.243s] GC(544)   Other: 0.2ms
[2024-03-24T20:21:23.218+0800][1677.243s] GC(544) Eden regions: 305->0(305)
[2024-03-24T20:21:23.218+0800][1677.243s] GC(544) Survivor regions: 2->2(39)
[2024-03-24T20:21:23.218+0800][1677.243s] GC(544) Old regions: 52->52
[2024-03-24T20:21:23.218+0800][1677.243s] GC(544) Humongous regions: 4->4
[2024-03-24T20:21:23.218+0800][1677.243s] GC(544) Metaspace: 65843K(66688K)->65843K(66688K) NonClass: 58450K(58944K)->58450K(58944K) Class: 7393K(7744K)->7393K(7744K)
[2024-03-24T20:21:23.218+0800][1677.243s] GC(544) Pause Young (Normal) (G1 Evacuation Pause) 362M->57M(512M) 6.045ms
[2024-03-24T20:21:23.218+0800][1677.243s] GC(544) User=0.00s Sys=0.00s Real=0.01s
[2024-03-24T20:21:25.881+0800][1679.910s] GC(545) Pause Young (Normal) (G1 Evacuation Pause)
[2024-03-24T20:21:25.881+0800][1679.910s] GC(545) Using 8 workers of 8 for evacuation
[2024-03-24T20:21:25.888+0800][1679.914s] GC(545)   Pre Evacuate Collection Set: 0.4ms
[2024-03-24T20:21:25.888+0800][1679.914s] GC(545)   Merge Heap Roots: 0.3ms
[2024-03-24T20:21:25.888+0800][1679.914s] GC(545)   Evacuate Collection Set: 2.1ms
[2024-03-24T20:21:25.888+0800][1679.914s] GC(545)   Post Evacuate Collection Set: 1.1ms
[2024-03-24T20:21:25.888+0800][1679.914s] GC(545)   Other: 0.2ms
[2024-03-24T20:21:25.888+0800][1679.915s] GC(545) Eden regions: 305->0(305)
[2024-03-24T20:21:25.888+0800][1679.915s] GC(545) Survivor regions: 2->2(39)
[2024-03-24T20:21:25.888+0800][1679.915s] GC(545) Old regions: 52->52
[2024-03-24T20:21:25.888+0800][1679.915s] GC(545) Humongous regions: 4->4
[2024-03-24T20:21:25.888+0800][1679.915s] GC(545) Metaspace: 65843K(66688K)->65843K(66688K) NonClass: 58450K(58944K)->58450K(58944K) Class: 7393K(7744K)->7393K(7744K)
[2024-03-24T20:21:25.888+0800][1679.915s] GC(545) Pause Young (Normal) (G1 Evacuation Pause) 362M->56M(512M) 4.893ms
[2024-03-24T20:21:25.888+0800][1679.915s] GC(545) User=0.09s Sys=0.00s Real=0.01s
[2024-03-24T20:21:28.600+0800][1682.623s] GC(546) Pause Young (Normal) (G1 Evacuation Pause)
[2024-03-24T20:21:28.600+0800][1682.623s] GC(546) Using 8 workers of 8 for evacuation
[2024-03-24T20:21:28.600+0800][1682.628s] GC(546)   Pre Evacuate Collection Set: 0.3ms
[2024-03-24T20:21:28.600+0800][1682.628s] GC(546)   Merge Heap Roots: 0.4ms
[2024-03-24T20:21:28.600+0800][1682.628s] GC(546)   Evacuate Collection Set: 2.5ms
[2024-03-24T20:21:28.600+0800][1682.628s] GC(546)   Post Evacuate Collection Set: 1.0ms
[2024-03-24T20:21:28.600+0800][1682.628s] GC(546)   Other: 0.2ms
[2024-03-24T20:21:28.600+0800][1682.628s] GC(546) Eden regions: 305->0(305)
[2024-03-24T20:21:28.600+0800][1682.628s] GC(546) Survivor regions: 2->2(39)
[2024-03-24T20:21:28.600+0800][1682.628s] GC(546) Old regions: 52->52
[2024-03-24T20:21:28.600+0800][1682.628s] GC(546) Humongous regions: 4->4
[2024-03-24T20:21:28.600+0800][1682.628s] GC(546) Metaspace: 65843K(66688K)->65843K(66688K) NonClass: 58450K(58944K)->58450K(58944K) Class: 7393K(7744K)->7393K(7744K)
[2024-03-24T20:21:28.600+0800][1682.628s] GC(546) Pause Young (Normal) (G1 Evacuation Pause) 361M->57M(512M) 4.959ms
[2024-03-24T20:21:28.600+0800][1682.628s] GC(546) User=0.00s Sys=0.00s Real=0.00s
[2024-03-24T20:21:31.148+0800][1685.171s] GC(547) Pause Young (Normal) (G1 Evacuation Pause)
[2024-03-24T20:21:31.148+0800][1685.172s] GC(547) Using 8 workers of 8 for evacuation
[2024-03-24T20:21:31.152+0800][1685.175s] GC(547)   Pre Evacuate Collection Set: 0.3ms
[2024-03-24T20:21:31.152+0800][1685.175s] GC(547)   Merge Heap Roots: 0.1ms
[2024-03-24T20:21:31.152+0800][1685.175s] GC(547)   Evacuate Collection Set: 1.6ms
[2024-03-24T20:21:31.152+0800][1685.175s] GC(547)   Post Evacuate Collection Set: 1.0ms
[2024-03-24T20:21:31.152+0800][1685.175s] GC(547)   Other: 0.2ms
[2024-03-24T20:21:31.152+0800][1685.175s] GC(547) Eden regions: 305->0(305)
[2024-03-24T20:21:31.153+0800][1685.175s] GC(547) Survivor regions: 2->2(39)
[2024-03-24T20:21:31.153+0800][1685.175s] GC(547) Old regions: 52->52
[2024-03-24T20:21:31.153+0800][1685.175s] GC(547) Humongous regions: 4->4
[2024-03-24T20:21:31.153+0800][1685.175s] GC(547) Metaspace: 65843K(66688K)->65843K(66688K) NonClass: 58450K(58944K)->58450K(58944K) Class: 7393K(7744K)->7393K(7744K)
[2024-03-24T20:21:31.153+0800][1685.175s] GC(547) Pause Young (Normal) (G1 Evacuation Pause) 362M->57M(512M) 3.892ms
[2024-03-24T20:21:31.153+0800][1685.175s] GC(547) User=0.02s Sys=0.00s Real=0.01s
[2024-03-24T20:21:33.842+0800][1687.865s] GC(548) Pause Young (Normal) (G1 Evacuation Pause)
[2024-03-24T20:21:33.842+0800][1687.865s] GC(548) Using 8 workers of 8 for evacuation
[2024-03-24T20:21:33.848+0800][1687.870s] GC(548)   Pre Evacuate Collection Set: 0.6ms
[2024-03-24T20:21:33.848+0800][1687.871s] GC(548)   Merge Heap Roots: 0.4ms
[2024-03-24T20:21:33.848+0800][1687.871s] GC(548)   Evacuate Collection Set: 2.7ms
[2024-03-24T20:21:33.848+0800][1687.871s] GC(548)   Post Evacuate Collection Set: 1.3ms
[2024-03-24T20:21:33.848+0800][1687.871s] GC(548)   Other: 0.2ms
[2024-03-24T20:21:33.848+0800][1687.871s] GC(548) Eden regions: 305->0(305)
[2024-03-24T20:21:33.848+0800][1687.871s] GC(548) Survivor regions: 2->2(39)
[2024-03-24T20:21:33.848+0800][1687.871s] GC(548) Old regions: 52->52
[2024-03-24T20:21:33.848+0800][1687.871s] GC(548) Humongous regions: 4->4
[2024-03-24T20:21:33.848+0800][1687.871s] GC(548) Metaspace: 65843K(66688K)->65843K(66688K) NonClass: 58450K(58944K)->58450K(58944K) Class: 7393K(7744K)->7393K(7744K)
[2024-03-24T20:21:33.848+0800][1687.871s] GC(548) Pause Young (Normal) (G1 Evacuation Pause) 362M->57M(512M) 5.862ms
[2024-03-24T20:21:33.848+0800][1687.871s] GC(548) User=0.00s Sys=0.00s Real=0.01s
[2024-03-24T20:21:36.513+0800][1690.536s] GC(549) Pause Young (Normal) (G1 Evacuation Pause)
[2024-03-24T20:21:36.513+0800][1690.536s] GC(549) Using 8 workers of 8 for evacuation
[2024-03-24T20:21:36.513+0800][1690.541s] GC(549)   Pre Evacuate Collection Set: 0.2ms
[2024-03-24T20:21:36.513+0800][1690.541s] GC(549)   Merge Heap Roots: 0.2ms
[2024-03-24T20:21:36.513+0800][1690.541s] GC(549)   Evacuate Collection Set: 3.1ms
[2024-03-24T20:21:36.513+0800][1690.541s] GC(549)   Post Evacuate Collection Set: 1.2ms
[2024-03-24T20:21:36.513+0800][1690.541s] GC(549)   Other: 0.1ms
[2024-03-24T20:21:36.513+0800][1690.541s] GC(549) Eden regions: 305->0(305)
[2024-03-24T20:21:36.513+0800][1690.541s] GC(549) Survivor regions: 2->2(39)
[2024-03-24T20:21:36.513+0800][1690.542s] GC(549) Old regions: 52->52
[2024-03-24T20:21:36.513+0800][1690.542s] GC(549) Humongous regions: 4->4
[2024-03-24T20:21:36.513+0800][1690.542s] GC(549) Metaspace: 65843K(66688K)->65843K(66688K) NonClass: 58450K(58944K)->58450K(58944K) Class: 7393K(7744K)->7393K(7744K)
[2024-03-24T20:21:36.513+0800][1690.542s] GC(549) Pause Young (Normal) (G1 Evacuation Pause) 362M->57M(512M) 5.441ms
[2024-03-24T20:21:36.513+0800][1690.542s] GC(549) User=0.00s Sys=0.00s Real=0.00s
[2024-03-24T20:21:38.882+0800][1692.908s] GC(550) Pause Young (Normal) (G1 Evacuation Pause)
[2024-03-24T20:21:38.882+0800][1692.908s] GC(550) Using 8 workers of 8 for evacuation
[2024-03-24T20:21:38.889+0800][1692.913s] GC(550)   Pre Evacuate Collection Set: 0.3ms
[2024-03-24T20:21:38.889+0800][1692.913s] GC(550)   Merge Heap Roots: 0.2ms
[2024-03-24T20:21:38.889+0800][1692.913s] GC(550)   Evacuate Collection Set: 3.3ms
[2024-03-24T20:21:38.889+0800][1692.913s] GC(550)   Post Evacuate Collection Set: 1.0ms
[2024-03-24T20:21:38.889+0800][1692.913s] GC(550)   Other: 0.2ms
[2024-03-24T20:21:38.889+0800][1692.913s] GC(550) Eden regions: 305->0(305)
[2024-03-24T20:21:38.889+0800][1692.913s] GC(550) Survivor regions: 2->2(39)
[2024-03-24T20:21:38.889+0800][1692.913s] GC(550) Old regions: 52->52
[2024-03-24T20:21:38.889+0800][1692.913s] GC(550) Humongous regions: 4->4
[2024-03-24T20:21:38.889+0800][1692.913s] GC(550) Metaspace: 65843K(66688K)->65843K(66688K) NonClass: 58450K(58944K)->58450K(58944K) Class: 7393K(7744K)->7393K(7744K)
[2024-03-24T20:21:38.889+0800][1692.913s] GC(550) Pause Young (Normal) (G1 Evacuation Pause) 362M->57M(512M) 5.780ms
[2024-03-24T20:21:38.889+0800][1692.913s] GC(550) User=0.00s Sys=0.00s Real=0.01s
[2024-03-24T20:21:41.550+0800][1695.578s] GC(551) Pause Young (Normal) (G1 Evacuation Pause)
[2024-03-24T20:21:41.550+0800][1695.578s] GC(551) Using 8 workers of 8 for evacuation
[2024-03-24T20:21:41.558+0800][1695.582s] GC(551)   Pre Evacuate Collection Set: 0.3ms
[2024-03-24T20:21:41.558+0800][1695.582s] GC(551)   Merge Heap Roots: 0.2ms
[2024-03-24T20:21:41.558+0800][1695.583s] GC(551)   Evacuate Collection Set: 2.4ms
[2024-03-24T20:21:41.558+0800][1695.583s] GC(551)   Post Evacuate Collection Set: 1.1ms
[2024-03-24T20:21:41.558+0800][1695.583s] GC(551)   Other: 0.2ms
[2024-03-24T20:21:41.558+0800][1695.583s] GC(551) Eden regions: 305->0(305)
[2024-03-24T20:21:41.558+0800][1695.583s] GC(551) Survivor regions: 2->2(39)
[2024-03-24T20:21:41.558+0800][1695.583s] GC(551) Old regions: 52->52
[2024-03-24T20:21:41.558+0800][1695.583s] GC(551) Humongous regions: 4->4
[2024-03-24T20:21:41.558+0800][1695.583s] GC(551) Metaspace: 65843K(66688K)->65843K(66688K) NonClass: 58450K(58944K)->58450K(58944K) Class: 7393K(7744K)->7393K(7744K)
[2024-03-24T20:21:41.558+0800][1695.583s] GC(551) Pause Young (Normal) (G1 Evacuation Pause) 362M->57M(512M) 4.810ms
[2024-03-24T20:21:41.558+0800][1695.583s] GC(551) User=0.00s Sys=0.00s Real=0.01s
[2024-03-24T20:21:44.189+0800][1698.218s] GC(552) Pause Young (Normal) (G1 Evacuation Pause)
[2024-03-24T20:21:44.189+0800][1698.218s] GC(552) Using 8 workers of 8 for evacuation
[2024-03-24T20:21:44.199+0800][1698.222s] GC(552)   Pre Evacuate Collection Set: 0.5ms
[2024-03-24T20:21:44.199+0800][1698.222s] GC(552)   Merge Heap Roots: 0.2ms
[2024-03-24T20:21:44.199+0800][1698.222s] GC(552)   Evacuate Collection Set: 2.1ms
[2024-03-24T20:21:44.199+0800][1698.222s] GC(552)   Post Evacuate Collection Set: 1.3ms
[2024-03-24T20:21:44.199+0800][1698.222s] GC(552)   Other: 0.2ms
[2024-03-24T20:21:44.199+0800][1698.223s] GC(552) Eden regions: 305->0(305)
[2024-03-24T20:21:44.199+0800][1698.223s] GC(552) Survivor regions: 2->2(39)
[2024-03-24T20:21:44.199+0800][1698.223s] GC(552) Old regions: 52->52
[2024-03-24T20:21:44.199+0800][1698.223s] GC(552) Humongous regions: 4->4
[2024-03-24T20:21:44.199+0800][1698.223s] GC(552) Metaspace: 65843K(66688K)->65843K(66688K) NonClass: 58450K(58944K)->58450K(58944K) Class: 7393K(7744K)->7393K(7744K)
[2024-03-24T20:21:44.199+0800][1698.223s] GC(552) Pause Young (Normal) (G1 Evacuation Pause) 362M->57M(512M) 5.245ms
[2024-03-24T20:21:44.199+0800][1698.223s] GC(552) User=0.00s Sys=0.00s Real=0.01s
[2024-03-24T20:21:46.683+0800][1700.708s] GC(553) Pause Young (Normal) (G1 Evacuation Pause)
[2024-03-24T20:21:46.683+0800][1700.708s] GC(553) Using 8 workers of 8 for evacuation
[2024-03-24T20:21:46.683+0800][1700.713s] GC(553)   Pre Evacuate Collection Set: 0.5ms
[2024-03-24T20:21:46.683+0800][1700.713s] GC(553)   Merge Heap Roots: 0.2ms
[2024-03-24T20:21:46.683+0800][1700.713s] GC(553)   Evacuate Collection Set: 2.5ms
[2024-03-24T20:21:46.683+0800][1700.713s] GC(553)   Post Evacuate Collection Set: 1.1ms
[2024-03-24T20:21:46.683+0800][1700.713s] GC(553)   Other: 0.3ms
[2024-03-24T20:21:46.683+0800][1700.713s] GC(553) Eden regions: 305->0(305)
[2024-03-24T20:21:46.683+0800][1700.713s] GC(553) Survivor regions: 2->2(39)
[2024-03-24T20:21:46.683+0800][1700.713s] GC(553) Old regions: 52->52
[2024-03-24T20:21:46.683+0800][1700.713s] GC(553) Humongous regions: 4->4
[2024-03-24T20:21:46.683+0800][1700.713s] GC(553) Metaspace: 65843K(66688K)->65843K(66688K) NonClass: 58450K(58944K)->58450K(58944K) Class: 7393K(7744K)->7393K(7744K)
[2024-03-24T20:21:46.683+0800][1700.713s] GC(553) Pause Young (Normal) (G1 Evacuation Pause) 362M->57M(512M) 5.315ms
[2024-03-24T20:21:46.683+0800][1700.713s] GC(553) User=0.00s Sys=0.00s Real=0.00s
[2024-03-24T20:21:49.158+0800][1703.191s] GC(554) Pause Young (Normal) (G1 Evacuation Pause)
[2024-03-24T20:21:49.158+0800][1703.191s] GC(554) Using 8 workers of 8 for evacuation
[2024-03-24T20:21:49.172+0800][1703.195s] GC(554)   Pre Evacuate Collection Set: 0.4ms
[2024-03-24T20:21:49.172+0800][1703.196s] GC(554)   Merge Heap Roots: 0.2ms
[2024-03-24T20:21:49.172+0800][1703.196s] GC(554)   Evacuate Collection Set: 2.5ms
[2024-03-24T20:21:49.172+0800][1703.196s] GC(554)   Post Evacuate Collection Set: 1.4ms
[2024-03-24T20:21:49.172+0800][1703.196s] GC(554)   Other: 0.1ms
[2024-03-24T20:21:49.172+0800][1703.196s] GC(554) Eden regions: 305->0(305)
[2024-03-24T20:21:49.172+0800][1703.196s] GC(554) Survivor regions: 2->2(39)
[2024-03-24T20:21:49.172+0800][1703.196s] GC(554) Old regions: 52->52
[2024-03-24T20:21:49.172+0800][1703.196s] GC(554) Humongous regions: 4->4
[2024-03-24T20:21:49.172+0800][1703.196s] GC(554) Metaspace: 65843K(66688K)->65843K(66688K) NonClass: 58450K(58944K)->58450K(58944K) Class: 7393K(7744K)->7393K(7744K)
[2024-03-24T20:21:49.172+0800][1703.196s] GC(554) Pause Young (Normal) (G1 Evacuation Pause) 362M->57M(512M) 5.304ms
[2024-03-24T20:21:49.172+0800][1703.196s] GC(554) User=0.02s Sys=0.00s Real=0.01s
[2024-03-24T20:21:51.840+0800][1705.865s] GC(555) Pause Young (Normal) (G1 Evacuation Pause)
[2024-03-24T20:21:51.840+0800][1705.865s] GC(555) Using 8 workers of 8 for evacuation
[2024-03-24T20:21:51.847+0800][1705.870s] GC(555)   Pre Evacuate Collection Set: 0.5ms
[2024-03-24T20:21:51.848+0800][1705.870s] GC(555)   Merge Heap Roots: 0.3ms
[2024-03-24T20:21:51.848+0800][1705.870s] GC(555)   Evacuate Collection Set: 2.9ms
[2024-03-24T20:21:51.848+0800][1705.870s] GC(555)   Post Evacuate Collection Set: 1.0ms
[2024-03-24T20:21:51.848+0800][1705.870s] GC(555)   Other: 0.1ms
[2024-03-24T20:21:51.848+0800][1705.870s] GC(555) Eden regions: 305->0(305)
[2024-03-24T20:21:51.848+0800][1705.870s] GC(555) Survivor regions: 2->2(39)
[2024-03-24T20:21:51.848+0800][1705.870s] GC(555) Old regions: 52->52
[2024-03-24T20:21:51.848+0800][1705.870s] GC(555) Humongous regions: 4->4
[2024-03-24T20:21:51.848+0800][1705.870s] GC(555) Metaspace: 65843K(66688K)->65843K(66688K) NonClass: 58450K(58944K)->58450K(58944K) Class: 7393K(7744K)->7393K(7744K)
[2024-03-24T20:21:51.848+0800][1705.870s] GC(555) Pause Young (Normal) (G1 Evacuation Pause) 362M->57M(512M) 5.245ms
[2024-03-24T20:21:51.848+0800][1705.870s] GC(555) User=0.00s Sys=0.00s Real=0.01s
[2024-03-24T20:21:54.424+0800][1708.455s] GC(556) Pause Young (Normal) (G1 Evacuation Pause)
[2024-03-24T20:21:54.424+0800][1708.456s] GC(556) Using 8 workers of 8 for evacuation
[2024-03-24T20:21:54.436+0800][1708.459s] GC(556)   Pre Evacuate Collection Set: 0.3ms
[2024-03-24T20:21:54.436+0800][1708.460s] GC(556)   Merge Heap Roots: 0.2ms
[2024-03-24T20:21:54.436+0800][1708.460s] GC(556)   Evacuate Collection Set: 2.0ms
[2024-03-24T20:21:54.436+0800][1708.460s] GC(556)   Post Evacuate Collection Set: 1.1ms
[2024-03-24T20:21:54.436+0800][1708.460s] GC(556)   Other: 0.2ms
[2024-03-24T20:21:54.436+0800][1708.460s] GC(556) Eden regions: 305->0(305)
[2024-03-24T20:21:54.436+0800][1708.460s] GC(556) Survivor regions: 2->2(39)
[2024-03-24T20:21:54.436+0800][1708.460s] GC(556) Old regions: 52->52
[2024-03-24T20:21:54.436+0800][1708.460s] GC(556) Humongous regions: 4->4
[2024-03-24T20:21:54.436+0800][1708.460s] GC(556) Metaspace: 65843K(66688K)->65843K(66688K) NonClass: 58450K(58944K)->58450K(58944K) Class: 7393K(7744K)->7393K(7744K)
[2024-03-24T20:21:54.436+0800][1708.460s] GC(556) Pause Young (Normal) (G1 Evacuation Pause) 362M->57M(512M) 4.622ms
[2024-03-24T20:21:54.436+0800][1708.460s] GC(556) User=0.00s Sys=0.00s Real=0.01s
[2024-03-24T20:21:57.072+0800][1711.095s] GC(557) Pause Young (Normal) (G1 Evacuation Pause)
[2024-03-24T20:21:57.072+0800][1711.095s] GC(557) Using 8 workers of 8 for evacuation
[2024-03-24T20:21:57.076+0800][1711.099s] GC(557)   Pre Evacuate Collection Set: 0.3ms
[2024-03-24T20:21:57.076+0800][1711.099s] GC(557)   Merge Heap Roots: 0.2ms
[2024-03-24T20:21:57.076+0800][1711.099s] GC(557)   Evacuate Collection Set: 2.5ms
[2024-03-24T20:21:57.076+0800][1711.099s] GC(557)   Post Evacuate Collection Set: 0.9ms
[2024-03-24T20:21:57.076+0800][1711.099s] GC(557)   Other: 0.2ms
[2024-03-24T20:21:57.077+0800][1711.099s] GC(557) Eden regions: 305->0(305)
[2024-03-24T20:21:57.077+0800][1711.099s] GC(557) Survivor regions: 2->2(39)
[2024-03-24T20:21:57.077+0800][1711.099s] GC(557) Old regions: 52->53
[2024-03-24T20:21:57.077+0800][1711.099s] GC(557) Humongous regions: 4->4
[2024-03-24T20:21:57.077+0800][1711.100s] GC(557) Metaspace: 65843K(66688K)->65843K(66688K) NonClass: 58450K(58944K)->58450K(58944K) Class: 7393K(7744K)->7393K(7744K)
[2024-03-24T20:21:57.077+0800][1711.100s] GC(557) Pause Young (Normal) (G1 Evacuation Pause) 362M->57M(512M) 5.049ms
[2024-03-24T20:21:57.077+0800][1711.100s] GC(557) User=0.02s Sys=0.00s Real=0.01s
[2024-03-24T20:21:59.614+0800][1713.638s] GC(558) Pause Young (Normal) (G1 Evacuation Pause)
[2024-03-24T20:21:59.614+0800][1713.639s] GC(558) Using 8 workers of 8 for evacuation
[2024-03-24T20:21:59.614+0800][1713.643s] GC(558)   Pre Evacuate Collection Set: 0.4ms
[2024-03-24T20:21:59.614+0800][1713.643s] GC(558)   Merge Heap Roots: 0.2ms
[2024-03-24T20:21:59.614+0800][1713.643s] GC(558)   Evacuate Collection Set: 2.7ms
[2024-03-24T20:21:59.614+0800][1713.643s] GC(558)   Post Evacuate Collection Set: 1.3ms
[2024-03-24T20:21:59.614+0800][1713.643s] GC(558)   Other: 0.2ms
[2024-03-24T20:21:59.614+0800][1713.644s] GC(558) Eden regions: 305->0(305)
[2024-03-24T20:21:59.614+0800][1713.644s] GC(558) Survivor regions: 2->2(39)
[2024-03-24T20:21:59.614+0800][1713.644s] GC(558) Old regions: 53->53
[2024-03-24T20:21:59.614+0800][1713.644s] GC(558) Humongous regions: 4->4
[2024-03-24T20:21:59.614+0800][1713.644s] GC(558) Metaspace: 65843K(66688K)->65843K(66688K) NonClass: 58450K(58944K)->58450K(58944K) Class: 7393K(7744K)->7393K(7744K)
[2024-03-24T20:21:59.614+0800][1713.644s] GC(558) Pause Young (Normal) (G1 Evacuation Pause) 362M->57M(512M) 5.339ms
[2024-03-24T20:21:59.614+0800][1713.644s] GC(558) User=0.00s Sys=0.00s Real=0.00s
[2024-03-24T20:22:02.159+0800][1716.185s] GC(559) Pause Young (Normal) (G1 Evacuation Pause)
[2024-03-24T20:22:02.159+0800][1716.185s] GC(559) Using 8 workers of 8 for evacuation
[2024-03-24T20:22:02.159+0800][1716.189s] GC(559)   Pre Evacuate Collection Set: 0.4ms
[2024-03-24T20:22:02.159+0800][1716.190s] GC(559)   Merge Heap Roots: 0.4ms
[2024-03-24T20:22:02.159+0800][1716.190s] GC(559)   Evacuate Collection Set: 2.1ms
[2024-03-24T20:22:02.159+0800][1716.190s] GC(559)   Post Evacuate Collection Set: 1.3ms
[2024-03-24T20:22:02.167+0800][1716.190s] GC(559)   Other: 0.3ms
[2024-03-24T20:22:02.167+0800][1716.190s] GC(559) Eden regions: 305->0(305)
[2024-03-24T20:22:02.167+0800][1716.190s] GC(559) Survivor regions: 2->2(39)
[2024-03-24T20:22:02.167+0800][1716.190s] GC(559) Old regions: 53->53
[2024-03-24T20:22:02.167+0800][1716.190s] GC(559) Humongous regions: 4->4
[2024-03-24T20:22:02.167+0800][1716.190s] GC(559) Metaspace: 65843K(66688K)->65843K(66688K) NonClass: 58450K(58944K)->58450K(58944K) Class: 7393K(7744K)->7393K(7744K)
[2024-03-24T20:22:02.167+0800][1716.190s] GC(559) Pause Young (Normal) (G1 Evacuation Pause) 362M->57M(512M) 5.241ms
[2024-03-24T20:22:02.167+0800][1716.190s] GC(559) User=0.00s Sys=0.00s Real=0.01s
[2024-03-24T20:22:04.651+0800][1718.674s] GC(560) Pause Young (Normal) (G1 Evacuation Pause)
[2024-03-24T20:22:04.651+0800][1718.674s] GC(560) Using 8 workers of 8 for evacuation
[2024-03-24T20:22:04.654+0800][1718.678s] GC(560)   Pre Evacuate Collection Set: 0.2ms
[2024-03-24T20:22:04.654+0800][1718.678s] GC(560)   Merge Heap Roots: 0.1ms
[2024-03-24T20:22:04.654+0800][1718.678s] GC(560)   Evacuate Collection Set: 2.7ms
[2024-03-24T20:22:04.654+0800][1718.678s] GC(560)   Post Evacuate Collection Set: 0.7ms
[2024-03-24T20:22:04.654+0800][1718.678s] GC(560)   Other: 0.2ms
[2024-03-24T20:22:04.654+0800][1718.678s] GC(560) Eden regions: 305->0(305)
[2024-03-24T20:22:04.654+0800][1718.678s] GC(560) Survivor regions: 2->2(39)
[2024-03-24T20:22:04.654+0800][1718.678s] GC(560) Old regions: 53->53
[2024-03-24T20:22:04.654+0800][1718.678s] GC(560) Humongous regions: 4->4
[2024-03-24T20:22:04.654+0800][1718.678s] GC(560) Metaspace: 65843K(66688K)->65843K(66688K) NonClass: 58450K(58944K)->58450K(58944K) Class: 7393K(7744K)->7393K(7744K)
[2024-03-24T20:22:04.654+0800][1718.678s] GC(560) Pause Young (Normal) (G1 Evacuation Pause) 362M->57M(512M) 4.259ms
[2024-03-24T20:22:04.654+0800][1718.678s] GC(560) User=0.03s Sys=0.02s Real=0.00s
[2024-03-24T20:22:07.283+0800][1721.305s] GC(561) Pause Young (Normal) (G1 Evacuation Pause)
[2024-03-24T20:22:07.283+0800][1721.306s] GC(561) Using 8 workers of 8 for evacuation
[2024-03-24T20:22:07.287+0800][1721.310s] GC(561)   Pre Evacuate Collection Set: 0.2ms
[2024-03-24T20:22:07.287+0800][1721.310s] GC(561)   Merge Heap Roots: 0.1ms
[2024-03-24T20:22:07.287+0800][1721.310s] GC(561)   Evacuate Collection Set: 2.9ms
[2024-03-24T20:22:07.287+0800][1721.311s] GC(561)   Post Evacuate Collection Set: 1.2ms
[2024-03-24T20:22:07.287+0800][1721.311s] GC(561)   Other: 0.2ms
[2024-03-24T20:22:07.287+0800][1721.311s] GC(561) Eden regions: 305->0(305)
[2024-03-24T20:22:07.287+0800][1721.311s] GC(561) Survivor regions: 2->2(39)
[2024-03-24T20:22:07.287+0800][1721.311s] GC(561) Old regions: 53->53
[2024-03-24T20:22:07.287+0800][1721.311s] GC(561) Humongous regions: 4->4
[2024-03-24T20:22:07.287+0800][1721.311s] GC(561) Metaspace: 65843K(66688K)->65843K(66688K) NonClass: 58450K(58944K)->58450K(58944K) Class: 7393K(7744K)->7393K(7744K)
[2024-03-24T20:22:07.287+0800][1721.311s] GC(561) Pause Young (Normal) (G1 Evacuation Pause) 362M->57M(512M) 5.531ms
[2024-03-24T20:22:07.287+0800][1721.311s] GC(561) User=0.00s Sys=0.00s Real=0.00s
[2024-03-24T20:22:09.673+0800][1723.698s] GC(562) Pause Young (Normal) (G1 Evacuation Pause)
[2024-03-24T20:22:09.673+0800][1723.698s] GC(562) Using 8 workers of 8 for evacuation
[2024-03-24T20:22:09.673+0800][1723.702s] GC(562)   Pre Evacuate Collection Set: 0.5ms
[2024-03-24T20:22:09.673+0800][1723.702s] GC(562)   Merge Heap Roots: 0.2ms
[2024-03-24T20:22:09.673+0800][1723.702s] GC(562)   Evacuate Collection Set: 2.0ms
[2024-03-24T20:22:09.673+0800][1723.702s] GC(562)   Post Evacuate Collection Set: 0.8ms
[2024-03-24T20:22:09.673+0800][1723.702s] GC(562)   Other: 0.2ms
[2024-03-24T20:22:09.673+0800][1723.702s] GC(562) Eden regions: 305->0(305)
[2024-03-24T20:22:09.673+0800][1723.702s] GC(562) Survivor regions: 2->2(39)
[2024-03-24T20:22:09.673+0800][1723.702s] GC(562) Old regions: 53->53
[2024-03-24T20:22:09.673+0800][1723.702s] GC(562) Humongous regions: 4->4
[2024-03-24T20:22:09.673+0800][1723.702s] GC(562) Metaspace: 65843K(66688K)->65843K(66688K) NonClass: 58450K(58944K)->58450K(58944K) Class: 7393K(7744K)->7393K(7744K)
[2024-03-24T20:22:09.673+0800][1723.703s] GC(562) Pause Young (Normal) (G1 Evacuation Pause) 362M->57M(512M) 4.545ms
[2024-03-24T20:22:09.673+0800][1723.703s] GC(562) User=0.00s Sys=0.00s Real=0.00s
[2024-03-24T20:22:12.405+0800][1726.433s] GC(563) Pause Young (Normal) (G1 Evacuation Pause)
[2024-03-24T20:22:12.405+0800][1726.433s] GC(563) Using 8 workers of 8 for evacuation
[2024-03-24T20:22:12.416+0800][1726.439s] GC(563)   Pre Evacuate Collection Set: 0.3ms
[2024-03-24T20:22:12.416+0800][1726.439s] GC(563)   Merge Heap Roots: 0.5ms
[2024-03-24T20:22:12.416+0800][1726.439s] GC(563)   Evacuate Collection Set: 2.9ms
[2024-03-24T20:22:12.416+0800][1726.439s] GC(563)   Post Evacuate Collection Set: 1.2ms
[2024-03-24T20:22:12.416+0800][1726.439s] GC(563)   Other: 0.2ms
[2024-03-24T20:22:12.416+0800][1726.439s] GC(563) Eden regions: 305->0(305)
[2024-03-24T20:22:12.416+0800][1726.439s] GC(563) Survivor regions: 2->2(39)
[2024-03-24T20:22:12.416+0800][1726.439s] GC(563) Old regions: 53->53
[2024-03-24T20:22:12.416+0800][1726.439s] GC(563) Humongous regions: 4->4
[2024-03-24T20:22:12.416+0800][1726.439s] GC(563) Metaspace: 65843K(66688K)->65843K(66688K) NonClass: 58450K(58944K)->58450K(58944K) Class: 7393K(7744K)->7393K(7744K)
[2024-03-24T20:22:12.416+0800][1726.439s] GC(563) Pause Young (Normal) (G1 Evacuation Pause) 362M->57M(512M) 5.757ms
[2024-03-24T20:22:12.416+0800][1726.439s] GC(563) User=0.00s Sys=0.00s Real=0.01s
[2024-03-24T20:22:14.962+0800][1728.990s] GC(564) Pause Young (Normal) (G1 Evacuation Pause)
[2024-03-24T20:22:14.962+0800][1728.990s] GC(564) Using 8 workers of 8 for evacuation
[2024-03-24T20:22:14.972+0800][1728.995s] GC(564)   Pre Evacuate Collection Set: 0.4ms
[2024-03-24T20:22:14.972+0800][1728.995s] GC(564)   Merge Heap Roots: 0.2ms
[2024-03-24T20:22:14.972+0800][1728.996s] GC(564)   Evacuate Collection Set: 2.8ms
[2024-03-24T20:22:14.972+0800][1728.996s] GC(564)   Post Evacuate Collection Set: 1.2ms
[2024-03-24T20:22:14.972+0800][1728.996s] GC(564)   Other: 0.3ms
[2024-03-24T20:22:14.972+0800][1728.996s] GC(564) Eden regions: 305->0(305)
[2024-03-24T20:22:14.972+0800][1728.996s] GC(564) Survivor regions: 2->2(39)
[2024-03-24T20:22:14.972+0800][1728.996s] GC(564) Old regions: 53->53
[2024-03-24T20:22:14.972+0800][1728.996s] GC(564) Humongous regions: 4->4
[2024-03-24T20:22:14.972+0800][1728.996s] GC(564) Metaspace: 65843K(66688K)->65843K(66688K) NonClass: 58450K(58944K)->58450K(58944K) Class: 7393K(7744K)->7393K(7744K)
[2024-03-24T20:22:14.972+0800][1728.996s] GC(564) Pause Young (Normal) (G1 Evacuation Pause) 362M->57M(512M) 5.476ms
[2024-03-24T20:22:14.972+0800][1728.996s] GC(564) User=0.03s Sys=0.00s Real=0.01s
[2024-03-24T20:22:17.401+0800][1731.425s] GC(565) Pause Young (Normal) (G1 Evacuation Pause)
[2024-03-24T20:22:17.401+0800][1731.425s] GC(565) Using 8 workers of 8 for evacuation
[2024-03-24T20:22:17.408+0800][1731.431s] GC(565)   Pre Evacuate Collection Set: 0.4ms
[2024-03-24T20:22:17.408+0800][1731.431s] GC(565)   Merge Heap Roots: 0.2ms
[2024-03-24T20:22:17.408+0800][1731.431s] GC(565)   Evacuate Collection Set: 3.1ms
[2024-03-24T20:22:17.408+0800][1731.431s] GC(565)   Post Evacuate Collection Set: 1.5ms
[2024-03-24T20:22:17.408+0800][1731.431s] GC(565)   Other: 0.3ms
[2024-03-24T20:22:17.408+0800][1731.431s] GC(565) Eden regions: 305->0(305)
[2024-03-24T20:22:17.408+0800][1731.431s] GC(565) Survivor regions: 2->2(39)
[2024-03-24T20:22:17.408+0800][1731.431s] GC(565) Old regions: 53->53
[2024-03-24T20:22:17.408+0800][1731.431s] GC(565) Humongous regions: 4->4
[2024-03-24T20:22:17.408+0800][1731.431s] GC(565) Metaspace: 65843K(66688K)->65843K(66688K) NonClass: 58450K(58944K)->58450K(58944K) Class: 7393K(7744K)->7393K(7744K)
[2024-03-24T20:22:17.408+0800][1731.431s] GC(565) Pause Young (Normal) (G1 Evacuation Pause) 362M->57M(512M) 6.397ms
[2024-03-24T20:22:17.408+0800][1731.431s] GC(565) User=0.00s Sys=0.00s Real=0.01s
[2024-03-24T20:22:19.938+0800][1733.964s] GC(566) Pause Young (Normal) (G1 Evacuation Pause)
[2024-03-24T20:22:19.938+0800][1733.964s] GC(566) Using 8 workers of 8 for evacuation
[2024-03-24T20:22:19.938+0800][1733.969s] GC(566)   Pre Evacuate Collection Set: 0.3ms
[2024-03-24T20:22:19.938+0800][1733.969s] GC(566)   Merge Heap Roots: 0.3ms
[2024-03-24T20:22:19.938+0800][1733.969s] GC(566)   Evacuate Collection Set: 2.3ms
[2024-03-24T20:22:19.938+0800][1733.969s] GC(566)   Post Evacuate Collection Set: 1.2ms
[2024-03-24T20:22:19.938+0800][1733.969s] GC(566)   Other: 0.2ms
[2024-03-24T20:22:19.938+0800][1733.969s] GC(566) Eden regions: 305->0(305)
[2024-03-24T20:22:19.938+0800][1733.969s] GC(566) Survivor regions: 2->2(39)
[2024-03-24T20:22:19.938+0800][1733.969s] GC(566) Old regions: 53->53
[2024-03-24T20:22:19.938+0800][1733.969s] GC(566) Humongous regions: 4->4
[2024-03-24T20:22:19.938+0800][1733.969s] GC(566) Metaspace: 65843K(66688K)->65843K(66688K) NonClass: 58450K(58944K)->58450K(58944K) Class: 7393K(7744K)->7393K(7744K)
[2024-03-24T20:22:19.938+0800][1733.969s] GC(566) Pause Young (Normal) (G1 Evacuation Pause) 362M->57M(512M) 4.926ms
[2024-03-24T20:22:19.938+0800][1733.969s] GC(566) User=0.00s Sys=0.00s Real=0.00s
[2024-03-24T20:22:22.534+0800][1736.558s] GC(567) Pause Young (Normal) (G1 Evacuation Pause)
[2024-03-24T20:22:22.534+0800][1736.558s] GC(567) Using 8 workers of 8 for evacuation
[2024-03-24T20:22:22.537+0800][1736.562s] GC(567)   Pre Evacuate Collection Set: 0.3ms
[2024-03-24T20:22:22.537+0800][1736.562s] GC(567)   Merge Heap Roots: 0.1ms
[2024-03-24T20:22:22.537+0800][1736.562s] GC(567)   Evacuate Collection Set: 1.9ms
[2024-03-24T20:22:22.537+0800][1736.562s] GC(567)   Post Evacuate Collection Set: 1.0ms
[2024-03-24T20:22:22.537+0800][1736.562s] GC(567)   Other: 0.2ms
[2024-03-24T20:22:22.537+0800][1736.562s] GC(567) Eden regions: 305->0(305)
[2024-03-24T20:22:22.537+0800][1736.562s] GC(567) Survivor regions: 2->2(39)
[2024-03-24T20:22:22.537+0800][1736.562s] GC(567) Old regions: 53->53
[2024-03-24T20:22:22.537+0800][1736.562s] GC(567) Humongous regions: 4->4
[2024-03-24T20:22:22.537+0800][1736.562s] GC(567) Metaspace: 65843K(66688K)->65843K(66688K) NonClass: 58450K(58944K)->58450K(58944K) Class: 7393K(7744K)->7393K(7744K)
[2024-03-24T20:22:22.537+0800][1736.563s] GC(567) Pause Young (Normal) (G1 Evacuation Pause) 362M->57M(512M) 4.341ms
[2024-03-24T20:22:22.537+0800][1736.563s] GC(567) User=0.00s Sys=0.00s Real=0.00s
[2024-03-24T20:22:25.169+0800][1739.195s] GC(568) Pause Young (Normal) (G1 Evacuation Pause)
[2024-03-24T20:22:25.169+0800][1739.196s] GC(568) Using 8 workers of 8 for evacuation
[2024-03-24T20:22:25.169+0800][1739.201s] GC(568)   Pre Evacuate Collection Set: 0.5ms
[2024-03-24T20:22:25.169+0800][1739.201s] GC(568)   Merge Heap Roots: 0.2ms
[2024-03-24T20:22:25.169+0800][1739.201s] GC(568)   Evacuate Collection Set: 2.8ms
[2024-03-24T20:22:25.169+0800][1739.201s] GC(568)   Post Evacuate Collection Set: 1.4ms
[2024-03-24T20:22:25.169+0800][1739.201s] GC(568)   Other: 0.3ms
[2024-03-24T20:22:25.169+0800][1739.201s] GC(568) Eden regions: 305->0(305)
[2024-03-24T20:22:25.169+0800][1739.201s] GC(568) Survivor regions: 2->2(39)
[2024-03-24T20:22:25.169+0800][1739.201s] GC(568) Old regions: 53->53
[2024-03-24T20:22:25.169+0800][1739.201s] GC(568) Humongous regions: 4->4
[2024-03-24T20:22:25.169+0800][1739.201s] GC(568) Metaspace: 65843K(66688K)->65843K(66688K) NonClass: 58450K(58944K)->58450K(58944K) Class: 7393K(7744K)->7393K(7744K)
[2024-03-24T20:22:25.169+0800][1739.201s] GC(568) Pause Young (Normal) (G1 Evacuation Pause) 362M->57M(512M) 5.869ms
[2024-03-24T20:22:25.169+0800][1739.201s] GC(568) User=0.00s Sys=0.00s Real=0.00s
[2024-03-24T20:22:27.577+0800][1741.601s] GC(569) Pause Young (Normal) (G1 Evacuation Pause)
[2024-03-24T20:22:27.577+0800][1741.601s] GC(569) Using 8 workers of 8 for evacuation
[2024-03-24T20:22:27.582+0800][1741.606s] GC(569)   Pre Evacuate Collection Set: 0.4ms
[2024-03-24T20:22:27.582+0800][1741.607s] GC(569)   Merge Heap Roots: 0.2ms
[2024-03-24T20:22:27.582+0800][1741.607s] GC(569)   Evacuate Collection Set: 3.2ms
[2024-03-24T20:22:27.582+0800][1741.607s] GC(569)   Post Evacuate Collection Set: 1.0ms
[2024-03-24T20:22:27.582+0800][1741.607s] GC(569)   Other: 0.2ms
[2024-03-24T20:22:27.582+0800][1741.607s] GC(569) Eden regions: 305->0(305)
[2024-03-24T20:22:27.582+0800][1741.607s] GC(569) Survivor regions: 2->2(39)
[2024-03-24T20:22:27.582+0800][1741.607s] GC(569) Old regions: 53->53
[2024-03-24T20:22:27.582+0800][1741.607s] GC(569) Humongous regions: 4->4
[2024-03-24T20:22:27.582+0800][1741.607s] GC(569) Metaspace: 65843K(66688K)->65843K(66688K) NonClass: 58450K(58944K)->58450K(58944K) Class: 7393K(7744K)->7393K(7744K)
[2024-03-24T20:22:27.582+0800][1741.607s] GC(569) Pause Young (Normal) (G1 Evacuation Pause) 362M->57M(512M) 5.762ms
[2024-03-24T20:22:27.582+0800][1741.607s] GC(569) User=0.00s Sys=0.00s Real=0.01s
[2024-03-24T20:22:30.150+0800][1744.173s] GC(570) Pause Young (Normal) (G1 Evacuation Pause)
[2024-03-24T20:22:30.150+0800][1744.174s] GC(570) Using 8 workers of 8 for evacuation
[2024-03-24T20:22:30.150+0800][1744.178s] GC(570)   Pre Evacuate Collection Set: 0.4ms
[2024-03-24T20:22:30.150+0800][1744.178s] GC(570)   Merge Heap Roots: 0.5ms
[2024-03-24T20:22:30.150+0800][1744.178s] GC(570)   Evacuate Collection Set: 2.1ms
[2024-03-24T20:22:30.150+0800][1744.178s] GC(570)   Post Evacuate Collection Set: 1.1ms
[2024-03-24T20:22:30.150+0800][1744.178s] GC(570)   Other: 0.2ms
[2024-03-24T20:22:30.150+0800][1744.178s] GC(570) Eden regions: 305->0(305)
[2024-03-24T20:22:30.150+0800][1744.178s] GC(570) Survivor regions: 2->2(39)
[2024-03-24T20:22:30.150+0800][1744.178s] GC(570) Old regions: 53->53
[2024-03-24T20:22:30.150+0800][1744.178s] GC(570) Humongous regions: 4->4
[2024-03-24T20:22:30.150+0800][1744.178s] GC(570) Metaspace: 65843K(66688K)->65843K(66688K) NonClass: 58450K(58944K)->58450K(58944K) Class: 7393K(7744K)->7393K(7744K)
[2024-03-24T20:22:30.150+0800][1744.178s] GC(570) Pause Young (Normal) (G1 Evacuation Pause) 362M->57M(512M) 4.912ms
[2024-03-24T20:22:30.150+0800][1744.178s] GC(570) User=0.00s Sys=0.00s Real=0.00s
[2024-03-24T20:22:32.643+0800][1746.672s] GC(571) Pause Young (Normal) (G1 Evacuation Pause)
[2024-03-24T20:22:32.643+0800][1746.672s] GC(571) Using 8 workers of 8 for evacuation
[2024-03-24T20:22:32.652+0800][1746.676s] GC(571)   Pre Evacuate Collection Set: 0.3ms
[2024-03-24T20:22:32.652+0800][1746.676s] GC(571)   Merge Heap Roots: 0.2ms
[2024-03-24T20:22:32.652+0800][1746.676s] GC(571)   Evacuate Collection Set: 2.1ms
[2024-03-24T20:22:32.652+0800][1746.676s] GC(571)   Post Evacuate Collection Set: 0.9ms
[2024-03-24T20:22:32.652+0800][1746.676s] GC(571)   Other: 0.2ms
[2024-03-24T20:22:32.652+0800][1746.676s] GC(571) Eden regions: 305->0(305)
[2024-03-24T20:22:32.652+0800][1746.676s] GC(571) Survivor regions: 2->2(39)
[2024-03-24T20:22:32.652+0800][1746.676s] GC(571) Old regions: 53->53
[2024-03-24T20:22:32.652+0800][1746.676s] GC(571) Humongous regions: 4->4
[2024-03-24T20:22:32.652+0800][1746.676s] GC(571) Metaspace: 65843K(66688K)->65843K(66688K) NonClass: 58450K(58944K)->58450K(58944K) Class: 7393K(7744K)->7393K(7744K)
[2024-03-24T20:22:32.652+0800][1746.676s] GC(571) Pause Young (Normal) (G1 Evacuation Pause) 362M->57M(512M) 4.300ms
[2024-03-24T20:22:32.652+0800][1746.676s] GC(571) User=0.03s Sys=0.00s Real=0.01s
[2024-03-24T20:22:35.328+0800][1749.354s] GC(572) Pause Young (Normal) (G1 Evacuation Pause)
[2024-03-24T20:22:35.328+0800][1749.354s] GC(572) Using 8 workers of 8 for evacuation
[2024-03-24T20:22:35.328+0800][1749.358s] GC(572)   Pre Evacuate Collection Set: 0.4ms
[2024-03-24T20:22:35.328+0800][1749.358s] GC(572)   Merge Heap Roots: 0.2ms
[2024-03-24T20:22:35.328+0800][1749.358s] GC(572)   Evacuate Collection Set: 2.6ms
[2024-03-24T20:22:35.328+0800][1749.359s] GC(572)   Post Evacuate Collection Set: 1.2ms
[2024-03-24T20:22:35.328+0800][1749.359s] GC(572)   Other: 0.2ms
[2024-03-24T20:22:35.328+0800][1749.359s] GC(572) Eden regions: 305->0(305)
[2024-03-24T20:22:35.328+0800][1749.359s] GC(572) Survivor regions: 2->2(39)
[2024-03-24T20:22:35.328+0800][1749.359s] GC(572) Old regions: 53->53
[2024-03-24T20:22:35.328+0800][1749.359s] GC(572) Humongous regions: 4->4
[2024-03-24T20:22:35.328+0800][1749.359s] GC(572) Metaspace: 65843K(66688K)->65843K(66688K) NonClass: 58450K(58944K)->58450K(58944K) Class: 7393K(7744K)->7393K(7744K)
[2024-03-24T20:22:35.328+0800][1749.359s] GC(572) Pause Young (Normal) (G1 Evacuation Pause) 362M->57M(512M) 5.204ms
[2024-03-24T20:22:35.328+0800][1749.359s] GC(572) User=0.00s Sys=0.00s Real=0.00s
[2024-03-24T20:22:38.034+0800][1752.059s] GC(573) Pause Young (Normal) (G1 Evacuation Pause)
[2024-03-24T20:22:38.034+0800][1752.059s] GC(573) Using 8 workers of 8 for evacuation
[2024-03-24T20:22:38.041+0800][1752.064s] GC(573)   Pre Evacuate Collection Set: 0.3ms
[2024-03-24T20:22:38.042+0800][1752.064s] GC(573)   Merge Heap Roots: 0.1ms
[2024-03-24T20:22:38.042+0800][1752.064s] GC(573)   Evacuate Collection Set: 3.5ms
[2024-03-24T20:22:38.042+0800][1752.064s] GC(573)   Post Evacuate Collection Set: 0.7ms
[2024-03-24T20:22:38.042+0800][1752.064s] GC(573)   Other: 0.2ms
[2024-03-24T20:22:38.042+0800][1752.064s] GC(573) Eden regions: 305->0(305)
[2024-03-24T20:22:38.042+0800][1752.065s] GC(573) Survivor regions: 2->2(39)
[2024-03-24T20:22:38.042+0800][1752.065s] GC(573) Old regions: 53->53
[2024-03-24T20:22:38.042+0800][1752.065s] GC(573) Humongous regions: 4->4
[2024-03-24T20:22:38.042+0800][1752.065s] GC(573) Metaspace: 65843K(66688K)->65843K(66688K) NonClass: 58450K(58944K)->58450K(58944K) Class: 7393K(7744K)->7393K(7744K)
[2024-03-24T20:22:38.042+0800][1752.065s] GC(573) Pause Young (Normal) (G1 Evacuation Pause) 362M->57M(512M) 5.655ms
[2024-03-24T20:22:38.042+0800][1752.065s] GC(573) User=0.00s Sys=0.00s Real=0.01s
[2024-03-24T20:22:40.617+0800][1754.641s] GC(574) Pause Young (Normal) (G1 Evacuation Pause)
[2024-03-24T20:22:40.617+0800][1754.642s] GC(574) Using 8 workers of 8 for evacuation
[2024-03-24T20:22:40.623+0800][1754.648s] GC(574)   Pre Evacuate Collection Set: 0.5ms
[2024-03-24T20:22:40.623+0800][1754.648s] GC(574)   Merge Heap Roots: 0.3ms
[2024-03-24T20:22:40.623+0800][1754.648s] GC(574)   Evacuate Collection Set: 3.3ms
[2024-03-24T20:22:40.623+0800][1754.648s] GC(574)   Post Evacuate Collection Set: 1.7ms
[2024-03-24T20:22:40.623+0800][1754.648s] GC(574)   Other: 0.2ms
[2024-03-24T20:22:40.623+0800][1754.648s] GC(574) Eden regions: 305->0(305)
[2024-03-24T20:22:40.623+0800][1754.648s] GC(574) Survivor regions: 2->2(39)
[2024-03-24T20:22:40.623+0800][1754.648s] GC(574) Old regions: 53->53
[2024-03-24T20:22:40.623+0800][1754.648s] GC(574) Humongous regions: 4->4
[2024-03-24T20:22:40.623+0800][1754.648s] GC(574) Metaspace: 65843K(66688K)->65843K(66688K) NonClass: 58450K(58944K)->58450K(58944K) Class: 7393K(7744K)->7393K(7744K)
[2024-03-24T20:22:40.623+0800][1754.648s] GC(574) Pause Young (Normal) (G1 Evacuation Pause) 362M->57M(512M) 6.750ms
[2024-03-24T20:22:40.623+0800][1754.648s] GC(574) User=0.02s Sys=0.00s Real=0.01s
[2024-03-24T20:22:43.154+0800][1757.181s] GC(575) Pause Young (Normal) (G1 Evacuation Pause)
[2024-03-24T20:22:43.154+0800][1757.181s] GC(575) Using 8 workers of 8 for evacuation
[2024-03-24T20:22:43.161+0800][1757.187s] GC(575)   Pre Evacuate Collection Set: 0.3ms
[2024-03-24T20:22:43.161+0800][1757.187s] GC(575)   Merge Heap Roots: 0.6ms
[2024-03-24T20:22:43.161+0800][1757.187s] GC(575)   Evacuate Collection Set: 2.4ms
[2024-03-24T20:22:43.161+0800][1757.187s] GC(575)   Post Evacuate Collection Set: 1.7ms
[2024-03-24T20:22:43.161+0800][1757.187s] GC(575)   Other: 0.1ms
[2024-03-24T20:22:43.161+0800][1757.187s] GC(575) Eden regions: 305->0(305)
[2024-03-24T20:22:43.161+0800][1757.187s] GC(575) Survivor regions: 2->2(39)
[2024-03-24T20:22:43.161+0800][1757.187s] GC(575) Old regions: 53->53
[2024-03-24T20:22:43.164+0800][1757.187s] GC(575) Humongous regions: 4->4
[2024-03-24T20:22:43.164+0800][1757.187s] GC(575) Metaspace: 65843K(66688K)->65843K(66688K) NonClass: 58450K(58944K)->58450K(58944K) Class: 7393K(7744K)->7393K(7744K)
[2024-03-24T20:22:43.164+0800][1757.187s] GC(575) Pause Young (Normal) (G1 Evacuation Pause) 362M->57M(512M) 5.963ms
[2024-03-24T20:22:43.164+0800][1757.187s] GC(575) User=0.00s Sys=0.00s Real=0.01s
[2024-03-24T20:22:45.752+0800][1759.778s] GC(576) Pause Young (Normal) (G1 Evacuation Pause)
[2024-03-24T20:22:45.752+0800][1759.779s] GC(576) Using 8 workers of 8 for evacuation
[2024-03-24T20:22:45.752+0800][1759.783s] GC(576)   Pre Evacuate Collection Set: 0.4ms
[2024-03-24T20:22:45.752+0800][1759.783s] GC(576)   Merge Heap Roots: 0.5ms
[2024-03-24T20:22:45.752+0800][1759.783s] GC(576)   Evacuate Collection Set: 2.2ms
[2024-03-24T20:22:45.752+0800][1759.783s] GC(576)   Post Evacuate Collection Set: 1.3ms
[2024-03-24T20:22:45.752+0800][1759.783s] GC(576)   Other: 0.2ms
[2024-03-24T20:22:45.752+0800][1759.784s] GC(576) Eden regions: 305->0(305)
[2024-03-24T20:22:45.752+0800][1759.784s] GC(576) Survivor regions: 2->2(39)
[2024-03-24T20:22:45.752+0800][1759.784s] GC(576) Old regions: 53->53
[2024-03-24T20:22:45.752+0800][1759.784s] GC(576) Humongous regions: 4->4
[2024-03-24T20:22:45.752+0800][1759.784s] GC(576) Metaspace: 65843K(66688K)->65843K(66688K) NonClass: 58450K(58944K)->58450K(58944K) Class: 7393K(7744K)->7393K(7744K)
[2024-03-24T20:22:45.752+0800][1759.784s] GC(576) Pause Young (Normal) (G1 Evacuation Pause) 362M->57M(512M) 5.391ms
[2024-03-24T20:22:45.752+0800][1759.784s] GC(576) User=0.00s Sys=0.00s Real=0.00s
[2024-03-24T20:22:48.139+0800][1762.172s] GC(577) Pause Young (Normal) (G1 Evacuation Pause)
[2024-03-24T20:22:48.139+0800][1762.172s] GC(577) Using 8 workers of 8 for evacuation
[2024-03-24T20:22:48.150+0800][1762.176s] GC(577)   Pre Evacuate Collection Set: 0.4ms
[2024-03-24T20:22:48.150+0800][1762.176s] GC(577)   Merge Heap Roots: 0.4ms
[2024-03-24T20:22:48.150+0800][1762.176s] GC(577)   Evacuate Collection Set: 2.2ms
[2024-03-24T20:22:48.150+0800][1762.176s] GC(577)   Post Evacuate Collection Set: 1.0ms
[2024-03-24T20:22:48.150+0800][1762.176s] GC(577)   Other: 0.2ms
[2024-03-24T20:22:48.150+0800][1762.176s] GC(577) Eden regions: 305->0(305)
[2024-03-24T20:22:48.150+0800][1762.176s] GC(577) Survivor regions: 2->2(39)
[2024-03-24T20:22:48.150+0800][1762.176s] GC(577) Old regions: 53->53
[2024-03-24T20:22:48.150+0800][1762.176s] GC(577) Humongous regions: 4->4
[2024-03-24T20:22:48.154+0800][1762.176s] GC(577) Metaspace: 65843K(66688K)->65843K(66688K) NonClass: 58450K(58944K)->58450K(58944K) Class: 7393K(7744K)->7393K(7744K)
[2024-03-24T20:22:48.154+0800][1762.177s] GC(577) Pause Young (Normal) (G1 Evacuation Pause) 362M->57M(512M) 5.031ms
[2024-03-24T20:22:48.154+0800][1762.177s] GC(577) User=0.00s Sys=0.00s Real=0.02s
[2024-03-24T20:22:50.714+0800][1764.742s] GC(578) Pause Young (Normal) (G1 Evacuation Pause)
[2024-03-24T20:22:50.714+0800][1764.742s] GC(578) Using 8 workers of 8 for evacuation
[2024-03-24T20:22:50.724+0800][1764.747s] GC(578)   Pre Evacuate Collection Set: 0.3ms
[2024-03-24T20:22:50.724+0800][1764.748s] GC(578)   Merge Heap Roots: 0.1ms
[2024-03-24T20:22:50.724+0800][1764.748s] GC(578)   Evacuate Collection Set: 3.3ms
[2024-03-24T20:22:50.724+0800][1764.748s] GC(578)   Post Evacuate Collection Set: 1.4ms
[2024-03-24T20:22:50.724+0800][1764.748s] GC(578)   Other: 0.2ms
[2024-03-24T20:22:50.724+0800][1764.748s] GC(578) Eden regions: 305->0(305)
[2024-03-24T20:22:50.724+0800][1764.748s] GC(578) Survivor regions: 2->2(39)
[2024-03-24T20:22:50.724+0800][1764.748s] GC(578) Old regions: 53->53
[2024-03-24T20:22:50.724+0800][1764.748s] GC(578) Humongous regions: 4->4
[2024-03-24T20:22:50.724+0800][1764.748s] GC(578) Metaspace: 65843K(66688K)->65843K(66688K) NonClass: 58450K(58944K)->58450K(58944K) Class: 7393K(7744K)->7393K(7744K)
[2024-03-24T20:22:50.724+0800][1764.748s] GC(578) Pause Young (Normal) (G1 Evacuation Pause) 362M->57M(512M) 6.231ms
[2024-03-24T20:22:50.726+0800][1764.748s] GC(578) User=0.00s Sys=0.00s Real=0.01s
[2024-03-24T20:22:53.405+0800][1767.428s] GC(579) Pause Young (Normal) (G1 Evacuation Pause)
[2024-03-24T20:22:53.405+0800][1767.428s] GC(579) Using 8 workers of 8 for evacuation
[2024-03-24T20:22:53.405+0800][1767.434s] GC(579)   Pre Evacuate Collection Set: 0.3ms
[2024-03-24T20:22:53.405+0800][1767.434s] GC(579)   Merge Heap Roots: 0.7ms
[2024-03-24T20:22:53.405+0800][1767.434s] GC(579)   Evacuate Collection Set: 2.7ms
[2024-03-24T20:22:53.405+0800][1767.434s] GC(579)   Post Evacuate Collection Set: 1.3ms
[2024-03-24T20:22:53.405+0800][1767.434s] GC(579)   Other: 0.2ms
[2024-03-24T20:22:53.405+0800][1767.434s] GC(579) Eden regions: 305->0(305)
[2024-03-24T20:22:53.405+0800][1767.434s] GC(579) Survivor regions: 2->2(39)
[2024-03-24T20:22:53.405+0800][1767.434s] GC(579) Old regions: 53->53
[2024-03-24T20:22:53.405+0800][1767.434s] GC(579) Humongous regions: 4->4
[2024-03-24T20:22:53.405+0800][1767.434s] GC(579) Metaspace: 65843K(66688K)->65843K(66688K) NonClass: 58450K(58944K)->58450K(58944K) Class: 7393K(7744K)->7393K(7744K)
[2024-03-24T20:22:53.405+0800][1767.434s] GC(579) Pause Young (Normal) (G1 Evacuation Pause) 362M->57M(512M) 5.829ms
[2024-03-24T20:22:53.405+0800][1767.434s] GC(579) User=0.00s Sys=0.00s Real=0.00s
[2024-03-24T20:22:55.863+0800][1769.888s] GC(580) Pause Young (Normal) (G1 Evacuation Pause)
[2024-03-24T20:22:55.863+0800][1769.888s] GC(580) Using 8 workers of 8 for evacuation
[2024-03-24T20:22:55.868+0800][1769.892s] GC(580)   Pre Evacuate Collection Set: 0.4ms
[2024-03-24T20:22:55.868+0800][1769.892s] GC(580)   Merge Heap Roots: 0.2ms
[2024-03-24T20:22:55.868+0800][1769.893s] GC(580)   Evacuate Collection Set: 2.1ms
[2024-03-24T20:22:55.868+0800][1769.893s] GC(580)   Post Evacuate Collection Set: 1.1ms
[2024-03-24T20:22:55.868+0800][1769.893s] GC(580)   Other: 0.2ms
[2024-03-24T20:22:55.868+0800][1769.893s] GC(580) Eden regions: 305->0(305)
[2024-03-24T20:22:55.868+0800][1769.893s] GC(580) Survivor regions: 2->2(39)
[2024-03-24T20:22:55.868+0800][1769.893s] GC(580) Old regions: 53->53
[2024-03-24T20:22:55.868+0800][1769.893s] GC(580) Humongous regions: 4->4
[2024-03-24T20:22:55.868+0800][1769.893s] GC(580) Metaspace: 65844K(66688K)->65844K(66688K) NonClass: 58451K(58944K)->58451K(58944K) Class: 7393K(7744K)->7393K(7744K)
[2024-03-24T20:22:55.868+0800][1769.893s] GC(580) Pause Young (Normal) (G1 Evacuation Pause) 362M->57M(512M) 4.738ms
[2024-03-24T20:22:55.868+0800][1769.893s] GC(580) User=0.00s Sys=0.00s Real=0.01s
[2024-03-24T20:22:58.529+0800][1772.552s] GC(581) Pause Young (Normal) (G1 Evacuation Pause)
[2024-03-24T20:22:58.529+0800][1772.552s] GC(581) Using 8 workers of 8 for evacuation
[2024-03-24T20:22:58.532+0800][1772.555s] GC(581)   Pre Evacuate Collection Set: 0.3ms
[2024-03-24T20:22:58.532+0800][1772.555s] GC(581)   Merge Heap Roots: 0.2ms
[2024-03-24T20:22:58.532+0800][1772.555s] GC(581)   Evacuate Collection Set: 1.8ms
[2024-03-24T20:22:58.532+0800][1772.555s] GC(581)   Post Evacuate Collection Set: 0.8ms
[2024-03-24T20:22:58.532+0800][1772.555s] GC(581)   Other: 0.2ms
[2024-03-24T20:22:58.532+0800][1772.555s] GC(581) Eden regions: 305->0(305)
[2024-03-24T20:22:58.532+0800][1772.555s] GC(581) Survivor regions: 2->2(39)
[2024-03-24T20:22:58.532+0800][1772.555s] GC(581) Old regions: 53->53
[2024-03-24T20:22:58.532+0800][1772.556s] GC(581) Humongous regions: 4->4
[2024-03-24T20:22:58.532+0800][1772.556s] GC(581) Metaspace: 65844K(66688K)->65844K(66688K) NonClass: 58451K(58944K)->58451K(58944K) Class: 7393K(7744K)->7393K(7744K)
[2024-03-24T20:22:58.532+0800][1772.556s] GC(581) Pause Young (Normal) (G1 Evacuation Pause) 362M->57M(512M) 3.963ms
[2024-03-24T20:22:58.532+0800][1772.556s] GC(581) User=0.00s Sys=0.00s Real=0.00s
[2024-03-24T20:23:01.057+0800][1775.080s] GC(582) Pause Young (Normal) (G1 Evacuation Pause)
[2024-03-24T20:23:01.057+0800][1775.080s] GC(582) Using 8 workers of 8 for evacuation
[2024-03-24T20:23:01.061+0800][1775.084s] GC(582)   Pre Evacuate Collection Set: 0.3ms
[2024-03-24T20:23:01.061+0800][1775.084s] GC(582)   Merge Heap Roots: 0.2ms
[2024-03-24T20:23:01.061+0800][1775.084s] GC(582)   Evacuate Collection Set: 2.3ms
[2024-03-24T20:23:01.061+0800][1775.084s] GC(582)   Post Evacuate Collection Set: 0.9ms
[2024-03-24T20:23:01.061+0800][1775.084s] GC(582)   Other: 0.2ms
[2024-03-24T20:23:01.061+0800][1775.084s] GC(582) Eden regions: 305->0(305)
[2024-03-24T20:23:01.061+0800][1775.084s] GC(582) Survivor regions: 2->2(39)
[2024-03-24T20:23:01.061+0800][1775.085s] GC(582) Old regions: 53->53
[2024-03-24T20:23:01.061+0800][1775.085s] GC(582) Humongous regions: 4->4
[2024-03-24T20:23:01.061+0800][1775.085s] GC(582) Metaspace: 65844K(66688K)->65844K(66688K) NonClass: 58451K(58944K)->58451K(58944K) Class: 7393K(7744K)->7393K(7744K)
[2024-03-24T20:23:01.061+0800][1775.085s] GC(582) Pause Young (Normal) (G1 Evacuation Pause) 362M->57M(512M) 4.643ms
[2024-03-24T20:23:01.061+0800][1775.085s] GC(582) User=0.00s Sys=0.00s Real=0.00s
[2024-03-24T20:23:03.601+0800][1777.629s] GC(583) Pause Young (Normal) (G1 Evacuation Pause)
[2024-03-24T20:23:03.601+0800][1777.629s] GC(583) Using 8 workers of 8 for evacuation
[2024-03-24T20:23:03.611+0800][1777.633s] GC(583)   Pre Evacuate Collection Set: 0.5ms
[2024-03-24T20:23:03.611+0800][1777.634s] GC(583)   Merge Heap Roots: 0.2ms
[2024-03-24T20:23:03.611+0800][1777.634s] GC(583)   Evacuate Collection Set: 2.2ms
[2024-03-24T20:23:03.611+0800][1777.634s] GC(583)   Post Evacuate Collection Set: 0.7ms
[2024-03-24T20:23:03.611+0800][1777.634s] GC(583)   Other: 0.3ms
[2024-03-24T20:23:03.611+0800][1777.634s] GC(583) Eden regions: 305->0(305)
[2024-03-24T20:23:03.611+0800][1777.634s] GC(583) Survivor regions: 2->2(39)
[2024-03-24T20:23:03.611+0800][1777.634s] GC(583) Old regions: 53->53
[2024-03-24T20:23:03.611+0800][1777.634s] GC(583) Humongous regions: 4->4
[2024-03-24T20:23:03.611+0800][1777.634s] GC(583) Metaspace: 65844K(66688K)->65844K(66688K) NonClass: 58451K(58944K)->58451K(58944K) Class: 7393K(7744K)->7393K(7744K)
[2024-03-24T20:23:03.611+0800][1777.634s] GC(583) Pause Young (Normal) (G1 Evacuation Pause) 362M->57M(512M) 4.731ms
[2024-03-24T20:23:03.611+0800][1777.634s] GC(583) User=0.03s Sys=0.00s Real=0.01s
[2024-03-24T20:23:06.180+0800][1780.211s] GC(584) Pause Young (Normal) (G1 Evacuation Pause)
[2024-03-24T20:23:06.180+0800][1780.211s] GC(584) Using 8 workers of 8 for evacuation
[2024-03-24T20:23:06.192+0800][1780.215s] GC(584)   Pre Evacuate Collection Set: 0.5ms
[2024-03-24T20:23:06.192+0800][1780.215s] GC(584)   Merge Heap Roots: 0.3ms
[2024-03-24T20:23:06.192+0800][1780.215s] GC(584)   Evacuate Collection Set: 2.5ms
[2024-03-24T20:23:06.192+0800][1780.215s] GC(584)   Post Evacuate Collection Set: 1.2ms
[2024-03-24T20:23:06.192+0800][1780.215s] GC(584)   Other: 0.2ms
[2024-03-24T20:23:06.192+0800][1780.215s] GC(584) Eden regions: 305->0(305)
[2024-03-24T20:23:06.192+0800][1780.215s] GC(584) Survivor regions: 2->2(39)
[2024-03-24T20:23:06.192+0800][1780.215s] GC(584) Old regions: 53->53
[2024-03-24T20:23:06.192+0800][1780.215s] GC(584) Humongous regions: 4->4
[2024-03-24T20:23:06.192+0800][1780.216s] GC(584) Metaspace: 65844K(66688K)->65844K(66688K) NonClass: 58451K(58944K)->58451K(58944K) Class: 7393K(7744K)->7393K(7744K)
[2024-03-24T20:23:06.192+0800][1780.216s] GC(584) Pause Young (Normal) (G1 Evacuation Pause) 362M->58M(512M) 4.993ms
[2024-03-24T20:23:06.192+0800][1780.216s] GC(584) User=0.02s Sys=0.00s Real=0.01s
[2024-03-24T20:23:08.697+0800][1782.719s] GC(585) Pause Young (Normal) (G1 Evacuation Pause)
[2024-03-24T20:23:08.697+0800][1782.720s] GC(585) Using 8 workers of 8 for evacuation
[2024-03-24T20:23:08.697+0800][1782.725s] GC(585)   Pre Evacuate Collection Set: 0.5ms
[2024-03-24T20:23:08.697+0800][1782.725s] GC(585)   Merge Heap Roots: 0.2ms
[2024-03-24T20:23:08.697+0800][1782.725s] GC(585)   Evacuate Collection Set: 2.6ms
[2024-03-24T20:23:08.697+0800][1782.725s] GC(585)   Post Evacuate Collection Set: 1.3ms
[2024-03-24T20:23:08.697+0800][1782.725s] GC(585)   Other: 0.5ms
[2024-03-24T20:23:08.697+0800][1782.725s] GC(585) Eden regions: 305->0(305)
[2024-03-24T20:23:08.697+0800][1782.725s] GC(585) Survivor regions: 2->2(39)
[2024-03-24T20:23:08.697+0800][1782.725s] GC(585) Old regions: 53->53
[2024-03-24T20:23:08.697+0800][1782.725s] GC(585) Humongous regions: 4->4
[2024-03-24T20:23:08.697+0800][1782.726s] GC(585) Metaspace: 65844K(66688K)->65844K(66688K) NonClass: 58451K(58944K)->58451K(58944K) Class: 7393K(7744K)->7393K(7744K)
[2024-03-24T20:23:08.697+0800][1782.726s] GC(585) Pause Young (Normal) (G1 Evacuation Pause) 363M->57M(512M) 6.447ms
[2024-03-24T20:23:08.697+0800][1782.726s] GC(585) User=0.00s Sys=0.00s Real=0.00s
[2024-03-24T20:23:11.191+0800][1785.218s] GC(586) Pause Young (Normal) (G1 Evacuation Pause)
[2024-03-24T20:23:11.191+0800][1785.218s] GC(586) Using 8 workers of 8 for evacuation
[2024-03-24T20:23:11.191+0800][1785.222s] GC(586)   Pre Evacuate Collection Set: 0.4ms
[2024-03-24T20:23:11.191+0800][1785.222s] GC(586)   Merge Heap Roots: 0.4ms
[2024-03-24T20:23:11.191+0800][1785.223s] GC(586)   Evacuate Collection Set: 2.2ms
[2024-03-24T20:23:11.191+0800][1785.223s] GC(586)   Post Evacuate Collection Set: 1.2ms
[2024-03-24T20:23:11.191+0800][1785.223s] GC(586)   Other: 0.2ms
[2024-03-24T20:23:11.191+0800][1785.223s] GC(586) Eden regions: 305->0(305)
[2024-03-24T20:23:11.191+0800][1785.223s] GC(586) Survivor regions: 2->2(39)
[2024-03-24T20:23:11.191+0800][1785.223s] GC(586) Old regions: 53->53
[2024-03-24T20:23:11.191+0800][1785.223s] GC(586) Humongous regions: 4->4
[2024-03-24T20:23:11.191+0800][1785.223s] GC(586) Metaspace: 65844K(66688K)->65844K(66688K) NonClass: 58451K(58944K)->58451K(58944K) Class: 7393K(7744K)->7393K(7744K)
[2024-03-24T20:23:11.191+0800][1785.223s] GC(586) Pause Young (Normal) (G1 Evacuation Pause) 362M->57M(512M) 5.068ms
[2024-03-24T20:23:11.191+0800][1785.223s] GC(586) User=0.00s Sys=0.00s Real=0.00s
[2024-03-24T20:23:13.757+0800][1787.780s] GC(587) Pause Young (Normal) (G1 Evacuation Pause)
[2024-03-24T20:23:13.757+0800][1787.780s] GC(587) Using 8 workers of 8 for evacuation
[2024-03-24T20:23:13.761+0800][1787.785s] GC(587)   Pre Evacuate Collection Set: 0.4ms
[2024-03-24T20:23:13.761+0800][1787.785s] GC(587)   Merge Heap Roots: 0.1ms
[2024-03-24T20:23:13.761+0800][1787.785s] GC(587)   Evacuate Collection Set: 3.0ms
[2024-03-24T20:23:13.761+0800][1787.785s] GC(587)   Post Evacuate Collection Set: 1.1ms
[2024-03-24T20:23:13.761+0800][1787.785s] GC(587)   Other: 0.1ms
[2024-03-24T20:23:13.761+0800][1787.785s] GC(587) Eden regions: 305->0(305)
[2024-03-24T20:23:13.761+0800][1787.785s] GC(587) Survivor regions: 2->2(39)
[2024-03-24T20:23:13.761+0800][1787.785s] GC(587) Old regions: 53->53
[2024-03-24T20:23:13.761+0800][1787.785s] GC(587) Humongous regions: 4->4
[2024-03-24T20:23:13.761+0800][1787.785s] GC(587) Metaspace: 65844K(66688K)->65844K(66688K) NonClass: 58451K(58944K)->58451K(58944K) Class: 7393K(7744K)->7393K(7744K)
[2024-03-24T20:23:13.761+0800][1787.785s] GC(587) Pause Young (Normal) (G1 Evacuation Pause) 362M->57M(512M) 5.192ms
[2024-03-24T20:23:13.761+0800][1787.785s] GC(587) User=0.00s Sys=0.00s Real=0.00s
[2024-03-24T20:23:16.326+0800][1790.357s] GC(588) Pause Young (Normal) (G1 Evacuation Pause)
[2024-03-24T20:23:16.326+0800][1790.357s] GC(588) Using 8 workers of 8 for evacuation
[2024-03-24T20:23:16.337+0800][1790.362s] GC(588)   Pre Evacuate Collection Set: 0.5ms
[2024-03-24T20:23:16.337+0800][1790.362s] GC(588)   Merge Heap Roots: 0.4ms
[2024-03-24T20:23:16.337+0800][1790.362s] GC(588)   Evacuate Collection Set: 2.5ms
[2024-03-24T20:23:16.337+0800][1790.362s] GC(588)   Post Evacuate Collection Set: 1.1ms
[2024-03-24T20:23:16.337+0800][1790.362s] GC(588)   Other: 0.2ms
[2024-03-24T20:23:16.337+0800][1790.362s] GC(588) Eden regions: 305->0(305)
[2024-03-24T20:23:16.337+0800][1790.362s] GC(588) Survivor regions: 2->2(39)
[2024-03-24T20:23:16.337+0800][1790.362s] GC(588) Old regions: 53->53
[2024-03-24T20:23:16.337+0800][1790.362s] GC(588) Humongous regions: 4->4
[2024-03-24T20:23:16.337+0800][1790.362s] GC(588) Metaspace: 65844K(66688K)->65844K(66688K) NonClass: 58451K(58944K)->58451K(58944K) Class: 7393K(7744K)->7393K(7744K)
[2024-03-24T20:23:16.337+0800][1790.362s] GC(588) Pause Young (Normal) (G1 Evacuation Pause) 362M->57M(512M) 5.424ms
[2024-03-24T20:23:16.337+0800][1790.363s] GC(588) User=0.00s Sys=0.00s Real=0.01s
[2024-03-24T20:23:18.904+0800][1792.927s] GC(589) Pause Young (Normal) (G1 Evacuation Pause)
[2024-03-24T20:23:18.904+0800][1792.928s] GC(589) Using 8 workers of 8 for evacuation
[2024-03-24T20:23:18.904+0800][1792.931s] GC(589)   Pre Evacuate Collection Set: 0.3ms
[2024-03-24T20:23:18.904+0800][1792.931s] GC(589)   Merge Heap Roots: 0.1ms
[2024-03-24T20:23:18.904+0800][1792.931s] GC(589)   Evacuate Collection Set: 2.0ms
[2024-03-24T20:23:18.904+0800][1792.931s] GC(589)   Post Evacuate Collection Set: 0.7ms
[2024-03-24T20:23:18.904+0800][1792.931s] GC(589)   Other: 0.1ms
[2024-03-24T20:23:18.904+0800][1792.931s] GC(589) Eden regions: 305->0(305)
[2024-03-24T20:23:18.904+0800][1792.931s] GC(589) Survivor regions: 2->2(39)
[2024-03-24T20:23:18.904+0800][1792.931s] GC(589) Old regions: 53->53
[2024-03-24T20:23:18.904+0800][1792.931s] GC(589) Humongous regions: 4->4
[2024-03-24T20:23:18.904+0800][1792.931s] GC(589) Metaspace: 65844K(66688K)->65844K(66688K) NonClass: 58451K(58944K)->58451K(58944K) Class: 7393K(7744K)->7393K(7744K)
[2024-03-24T20:23:18.904+0800][1792.931s] GC(589) Pause Young (Normal) (G1 Evacuation Pause) 362M->57M(512M) 3.928ms
[2024-03-24T20:23:18.904+0800][1792.931s] GC(589) User=0.00s Sys=0.00s Real=0.00s
[2024-03-24T20:23:21.328+0800][1795.352s] GC(590) Pause Young (Normal) (G1 Evacuation Pause)
[2024-03-24T20:23:21.328+0800][1795.352s] GC(590) Using 8 workers of 8 for evacuation
[2024-03-24T20:23:21.328+0800][1795.358s] GC(590)   Pre Evacuate Collection Set: 0.4ms
[2024-03-24T20:23:21.328+0800][1795.358s] GC(590)   Merge Heap Roots: 0.2ms
[2024-03-24T20:23:21.328+0800][1795.358s] GC(590)   Evacuate Collection Set: 3.4ms
[2024-03-24T20:23:21.328+0800][1795.358s] GC(590)   Post Evacuate Collection Set: 1.2ms
[2024-03-24T20:23:21.328+0800][1795.358s] GC(590)   Other: 0.2ms
[2024-03-24T20:23:21.328+0800][1795.358s] GC(590) Eden regions: 305->0(305)
[2024-03-24T20:23:21.328+0800][1795.358s] GC(590) Survivor regions: 2->2(39)
[2024-03-24T20:23:21.328+0800][1795.358s] GC(590) Old regions: 53->53
[2024-03-24T20:23:21.328+0800][1795.358s] GC(590) Humongous regions: 4->4
[2024-03-24T20:23:21.328+0800][1795.358s] GC(590) Metaspace: 65844K(66688K)->65844K(66688K) NonClass: 58451K(58944K)->58451K(58944K) Class: 7393K(7744K)->7393K(7744K)
[2024-03-24T20:23:21.328+0800][1795.358s] GC(590) Pause Young (Normal) (G1 Evacuation Pause) 362M->57M(512M) 6.176ms
[2024-03-24T20:23:21.328+0800][1795.358s] GC(590) User=0.00s Sys=0.00s Real=0.00s
[2024-03-24T20:23:23.912+0800][1797.936s] GC(591) Pause Young (Normal) (G1 Evacuation Pause)
[2024-03-24T20:23:23.913+0800][1797.936s] GC(591) Using 8 workers of 8 for evacuation
[2024-03-24T20:23:23.917+0800][1797.940s] GC(591)   Pre Evacuate Collection Set: 0.4ms
[2024-03-24T20:23:23.917+0800][1797.941s] GC(591)   Merge Heap Roots: 0.2ms
[2024-03-24T20:23:23.917+0800][1797.941s] GC(591)   Evacuate Collection Set: 2.4ms
[2024-03-24T20:23:23.917+0800][1797.941s] GC(591)   Post Evacuate Collection Set: 1.2ms
[2024-03-24T20:23:23.917+0800][1797.941s] GC(591)   Other: 0.4ms
[2024-03-24T20:23:23.917+0800][1797.941s] GC(591) Eden regions: 305->0(305)
[2024-03-24T20:23:23.917+0800][1797.941s] GC(591) Survivor regions: 2->2(39)
[2024-03-24T20:23:23.917+0800][1797.941s] GC(591) Old regions: 53->53
[2024-03-24T20:23:23.917+0800][1797.941s] GC(591) Humongous regions: 4->4
[2024-03-24T20:23:23.917+0800][1797.941s] GC(591) Metaspace: 65844K(66688K)->65844K(66688K) NonClass: 58451K(58944K)->58451K(58944K) Class: 7393K(7744K)->7393K(7744K)
[2024-03-24T20:23:23.917+0800][1797.941s] GC(591) Pause Young (Normal) (G1 Evacuation Pause) 362M->57M(512M) 5.363ms
[2024-03-24T20:23:23.917+0800][1797.941s] GC(591) User=0.02s Sys=0.00s Real=0.01s
[2024-03-24T20:23:26.430+0800][1800.454s] GC(592) Pause Young (Normal) (G1 Evacuation Pause)
[2024-03-24T20:23:26.430+0800][1800.454s] GC(592) Using 8 workers of 8 for evacuation
[2024-03-24T20:23:26.432+0800][1800.458s] GC(592)   Pre Evacuate Collection Set: 0.3ms
[2024-03-24T20:23:26.432+0800][1800.458s] GC(592)   Merge Heap Roots: 0.1ms
[2024-03-24T20:23:26.432+0800][1800.458s] GC(592)   Evacuate Collection Set: 2.4ms
[2024-03-24T20:23:26.432+0800][1800.458s] GC(592)   Post Evacuate Collection Set: 0.9ms
[2024-03-24T20:23:26.432+0800][1800.458s] GC(592)   Other: 0.2ms
[2024-03-24T20:23:26.432+0800][1800.458s] GC(592) Eden regions: 305->0(305)
[2024-03-24T20:23:26.432+0800][1800.458s] GC(592) Survivor regions: 2->2(39)
[2024-03-24T20:23:26.432+0800][1800.458s] GC(592) Old regions: 53->53
[2024-03-24T20:23:26.432+0800][1800.458s] GC(592) Humongous regions: 4->4
[2024-03-24T20:23:26.432+0800][1800.458s] GC(592) Metaspace: 65844K(66688K)->65844K(66688K) NonClass: 58451K(58944K)->58451K(58944K) Class: 7393K(7744K)->7393K(7744K)
[2024-03-24T20:23:26.432+0800][1800.458s] GC(592) Pause Young (Normal) (G1 Evacuation Pause) 362M->57M(512M) 4.622ms
[2024-03-24T20:23:26.432+0800][1800.459s] GC(592) User=0.06s Sys=0.00s Real=0.00s
[2024-03-24T20:23:29.090+0800][1803.113s] GC(593) Pause Young (Normal) (G1 Evacuation Pause)
[2024-03-24T20:23:29.090+0800][1803.113s] GC(593) Using 8 workers of 8 for evacuation
[2024-03-24T20:23:29.095+0800][1803.118s] GC(593)   Pre Evacuate Collection Set: 0.3ms
[2024-03-24T20:23:29.095+0800][1803.118s] GC(593)   Merge Heap Roots: 0.2ms
[2024-03-24T20:23:29.095+0800][1803.118s] GC(593)   Evacuate Collection Set: 2.6ms
[2024-03-24T20:23:29.095+0800][1803.118s] GC(593)   Post Evacuate Collection Set: 1.2ms
[2024-03-24T20:23:29.095+0800][1803.118s] GC(593)   Other: 0.3ms
[2024-03-24T20:23:29.095+0800][1803.118s] GC(593) Eden regions: 305->0(305)
[2024-03-24T20:23:29.095+0800][1803.118s] GC(593) Survivor regions: 2->2(39)
[2024-03-24T20:23:29.095+0800][1803.118s] GC(593) Old regions: 53->53
[2024-03-24T20:23:29.095+0800][1803.118s] GC(593) Humongous regions: 4->4
[2024-03-24T20:23:29.095+0800][1803.118s] GC(593) Metaspace: 65844K(66688K)->65844K(66688K) NonClass: 58451K(58944K)->58451K(58944K) Class: 7393K(7744K)->7393K(7744K)
[2024-03-24T20:23:29.095+0800][1803.118s] GC(593) Pause Young (Normal) (G1 Evacuation Pause) 362M->57M(512M) 5.415ms
[2024-03-24T20:23:29.095+0800][1803.118s] GC(593) User=0.00s Sys=0.02s Real=0.01s
[2024-03-24T20:23:31.586+0800][1805.609s] GC(594) Pause Young (Normal) (G1 Evacuation Pause)
[2024-03-24T20:23:31.586+0800][1805.609s] GC(594) Using 8 workers of 8 for evacuation
[2024-03-24T20:23:31.592+0800][1805.615s] GC(594)   Pre Evacuate Collection Set: 0.3ms
[2024-03-24T20:23:31.592+0800][1805.615s] GC(594)   Merge Heap Roots: 0.7ms
[2024-03-24T20:23:31.592+0800][1805.615s] GC(594)   Evacuate Collection Set: 3.7ms
[2024-03-24T20:23:31.592+0800][1805.615s] GC(594)   Post Evacuate Collection Set: 0.8ms
[2024-03-24T20:23:31.592+0800][1805.615s] GC(594)   Other: 0.2ms
[2024-03-24T20:23:31.592+0800][1805.615s] GC(594) Eden regions: 305->0(305)
[2024-03-24T20:23:31.592+0800][1805.615s] GC(594) Survivor regions: 2->2(39)
[2024-03-24T20:23:31.592+0800][1805.615s] GC(594) Old regions: 53->53
[2024-03-24T20:23:31.592+0800][1805.615s] GC(594) Humongous regions: 4->4
[2024-03-24T20:23:31.592+0800][1805.615s] GC(594) Metaspace: 65844K(66688K)->65844K(66688K) NonClass: 58451K(58944K)->58451K(58944K) Class: 7393K(7744K)->7393K(7744K)
[2024-03-24T20:23:31.592+0800][1805.615s] GC(594) Pause Young (Normal) (G1 Evacuation Pause) 362M->58M(512M) 6.343ms
[2024-03-24T20:23:31.592+0800][1805.615s] GC(594) User=0.08s Sys=0.00s Real=0.01s
[2024-03-24T20:23:34.134+0800][1808.160s] GC(595) Pause Young (Normal) (G1 Evacuation Pause)
[2024-03-24T20:23:34.134+0800][1808.161s] GC(595) Using 8 workers of 8 for evacuation
[2024-03-24T20:23:34.142+0800][1808.165s] GC(595)   Pre Evacuate Collection Set: 0.3ms
[2024-03-24T20:23:34.142+0800][1808.166s] GC(595)   Merge Heap Roots: 0.3ms
[2024-03-24T20:23:34.142+0800][1808.166s] GC(595)   Evacuate Collection Set: 2.4ms
[2024-03-24T20:23:34.142+0800][1808.166s] GC(595)   Post Evacuate Collection Set: 1.6ms
[2024-03-24T20:23:34.142+0800][1808.166s] GC(595)   Other: 0.2ms
[2024-03-24T20:23:34.142+0800][1808.166s] GC(595) Eden regions: 305->0(305)
[2024-03-24T20:23:34.142+0800][1808.166s] GC(595) Survivor regions: 2->2(39)
[2024-03-24T20:23:34.142+0800][1808.166s] GC(595) Old regions: 53->53
[2024-03-24T20:23:34.142+0800][1808.166s] GC(595) Humongous regions: 4->4
[2024-03-24T20:23:34.142+0800][1808.166s] GC(595) Metaspace: 65844K(66688K)->65844K(66688K) NonClass: 58451K(58944K)->58451K(58944K) Class: 7393K(7744K)->7393K(7744K)
[2024-03-24T20:23:34.142+0800][1808.166s] GC(595) Pause Young (Normal) (G1 Evacuation Pause) 363M->58M(512M) 5.701ms
[2024-03-24T20:23:34.142+0800][1808.166s] GC(595) User=0.02s Sys=0.00s Real=0.01s
[2024-03-24T20:23:36.793+0800][1810.824s] GC(596) Pause Young (Normal) (G1 Evacuation Pause)
[2024-03-24T20:23:36.793+0800][1810.824s] GC(596) Using 8 workers of 8 for evacuation
[2024-03-24T20:23:36.804+0800][1810.828s] GC(596)   Pre Evacuate Collection Set: 0.2ms
[2024-03-24T20:23:36.804+0800][1810.828s] GC(596)   Merge Heap Roots: 0.2ms
[2024-03-24T20:23:36.804+0800][1810.829s] GC(596)   Evacuate Collection Set: 2.6ms
[2024-03-24T20:23:36.804+0800][1810.829s] GC(596)   Post Evacuate Collection Set: 1.3ms
[2024-03-24T20:23:36.804+0800][1810.829s] GC(596)   Other: 0.2ms
[2024-03-24T20:23:36.804+0800][1810.829s] GC(596) Eden regions: 305->0(305)
[2024-03-24T20:23:36.804+0800][1810.829s] GC(596) Survivor regions: 2->2(39)
[2024-03-24T20:23:36.804+0800][1810.829s] GC(596) Old regions: 53->53
[2024-03-24T20:23:36.804+0800][1810.829s] GC(596) Humongous regions: 4->4
[2024-03-24T20:23:36.804+0800][1810.829s] GC(596) Metaspace: 65844K(66688K)->65844K(66688K) NonClass: 58451K(58944K)->58451K(58944K) Class: 7393K(7744K)->7393K(7744K)
[2024-03-24T20:23:36.804+0800][1810.829s] GC(596) Pause Young (Normal) (G1 Evacuation Pause) 363M->57M(512M) 5.241ms
[2024-03-24T20:23:36.804+0800][1810.829s] GC(596) User=0.00s Sys=0.00s Real=0.01s
[2024-03-24T20:23:39.364+0800][1813.392s] GC(597) Pause Young (Normal) (G1 Evacuation Pause)
[2024-03-24T20:23:39.364+0800][1813.392s] GC(597) Using 8 workers of 8 for evacuation
[2024-03-24T20:23:39.371+0800][1813.398s] GC(597)   Pre Evacuate Collection Set: 0.5ms
[2024-03-24T20:23:39.371+0800][1813.398s] GC(597)   Merge Heap Roots: 0.3ms
[2024-03-24T20:23:39.371+0800][1813.398s] GC(597)   Evacuate Collection Set: 3.1ms
[2024-03-24T20:23:39.371+0800][1813.398s] GC(597)   Post Evacuate Collection Set: 1.1ms
[2024-03-24T20:23:39.371+0800][1813.398s] GC(597)   Other: 0.2ms
[2024-03-24T20:23:39.371+0800][1813.398s] GC(597) Eden regions: 305->0(305)
[2024-03-24T20:23:39.371+0800][1813.398s] GC(597) Survivor regions: 2->2(39)
[2024-03-24T20:23:39.371+0800][1813.398s] GC(597) Old regions: 53->53
[2024-03-24T20:23:39.371+0800][1813.398s] GC(597) Humongous regions: 4->4
[2024-03-24T20:23:39.371+0800][1813.398s] GC(597) Metaspace: 65844K(66688K)->65844K(66688K) NonClass: 58451K(58944K)->58451K(58944K) Class: 7393K(7744K)->7393K(7744K)
[2024-03-24T20:23:39.371+0800][1813.398s] GC(597) Pause Young (Normal) (G1 Evacuation Pause) 362M->57M(512M) 5.789ms
[2024-03-24T20:23:39.371+0800][1813.398s] GC(597) User=0.00s Sys=0.00s Real=0.01s
[2024-03-24T20:23:41.881+0800][1815.907s] GC(598) Pause Young (Normal) (G1 Evacuation Pause)
[2024-03-24T20:23:41.881+0800][1815.907s] GC(598) Using 8 workers of 8 for evacuation
[2024-03-24T20:23:41.889+0800][1815.912s] GC(598)   Pre Evacuate Collection Set: 0.4ms
[2024-03-24T20:23:41.889+0800][1815.912s] GC(598)   Merge Heap Roots: 0.2ms
[2024-03-24T20:23:41.889+0800][1815.912s] GC(598)   Evacuate Collection Set: 2.7ms
[2024-03-24T20:23:41.889+0800][1815.912s] GC(598)   Post Evacuate Collection Set: 1.2ms
[2024-03-24T20:23:41.889+0800][1815.912s] GC(598)   Other: 0.3ms
[2024-03-24T20:23:41.889+0800][1815.912s] GC(598) Eden regions: 305->0(305)
[2024-03-24T20:23:41.889+0800][1815.912s] GC(598) Survivor regions: 2->2(39)
[2024-03-24T20:23:41.889+0800][1815.912s] GC(598) Old regions: 53->53
[2024-03-24T20:23:41.889+0800][1815.912s] GC(598) Humongous regions: 4->4
[2024-03-24T20:23:41.889+0800][1815.912s] GC(598) Metaspace: 65844K(66688K)->65844K(66688K) NonClass: 58451K(58944K)->58451K(58944K) Class: 7393K(7744K)->7393K(7744K)
[2024-03-24T20:23:41.889+0800][1815.913s] GC(598) Pause Young (Normal) (G1 Evacuation Pause) 362M->57M(512M) 5.412ms
[2024-03-24T20:23:41.889+0800][1815.913s] GC(598) User=0.00s Sys=0.02s Real=0.01s
[2024-03-24T20:23:44.477+0800][1818.504s] GC(599) Pause Young (Normal) (G1 Evacuation Pause)
[2024-03-24T20:23:44.477+0800][1818.505s] GC(599) Using 8 workers of 8 for evacuation
[2024-03-24T20:23:44.477+0800][1818.509s] GC(599)   Pre Evacuate Collection Set: 0.3ms
[2024-03-24T20:23:44.477+0800][1818.509s] GC(599)   Merge Heap Roots: 0.2ms
[2024-03-24T20:23:44.477+0800][1818.509s] GC(599)   Evacuate Collection Set: 2.6ms
[2024-03-24T20:23:44.477+0800][1818.509s] GC(599)   Post Evacuate Collection Set: 0.9ms
[2024-03-24T20:23:44.477+0800][1818.509s] GC(599)   Other: 0.1ms
[2024-03-24T20:23:44.477+0800][1818.509s] GC(599) Eden regions: 305->0(305)
[2024-03-24T20:23:44.477+0800][1818.509s] GC(599) Survivor regions: 2->2(39)
[2024-03-24T20:23:44.477+0800][1818.509s] GC(599) Old regions: 53->53
[2024-03-24T20:23:44.477+0800][1818.509s] GC(599) Humongous regions: 4->4
[2024-03-24T20:23:44.477+0800][1818.509s] GC(599) Metaspace: 65844K(66688K)->65844K(66688K) NonClass: 58451K(58944K)->58451K(58944K) Class: 7393K(7744K)->7393K(7744K)
[2024-03-24T20:23:44.477+0800][1818.509s] GC(599) Pause Young (Normal) (G1 Evacuation Pause) 362M->57M(512M) 4.756ms
[2024-03-24T20:23:44.477+0800][1818.509s] GC(599) User=0.00s Sys=0.00s Real=0.00s
[2024-03-24T20:23:47.026+0800][1821.050s] GC(600) Pause Young (Normal) (G1 Evacuation Pause)
[2024-03-24T20:23:47.026+0800][1821.050s] GC(600) Using 8 workers of 8 for evacuation
[2024-03-24T20:23:47.030+0800][1821.054s] GC(600)   Pre Evacuate Collection Set: 0.4ms
[2024-03-24T20:23:47.030+0800][1821.054s] GC(600)   Merge Heap Roots: 0.2ms
[2024-03-24T20:23:47.030+0800][1821.054s] GC(600)   Evacuate Collection Set: 2.1ms
[2024-03-24T20:23:47.030+0800][1821.054s] GC(600)   Post Evacuate Collection Set: 0.8ms
[2024-03-24T20:23:47.030+0800][1821.054s] GC(600)   Other: 0.2ms
[2024-03-24T20:23:47.030+0800][1821.054s] GC(600) Eden regions: 305->0(305)
[2024-03-24T20:23:47.030+0800][1821.054s] GC(600) Survivor regions: 2->2(39)
[2024-03-24T20:23:47.030+0800][1821.054s] GC(600) Old regions: 53->53
[2024-03-24T20:23:47.030+0800][1821.054s] GC(600) Humongous regions: 4->4
[2024-03-24T20:23:47.030+0800][1821.054s] GC(600) Metaspace: 65844K(66688K)->65844K(66688K) NonClass: 58451K(58944K)->58451K(58944K) Class: 7393K(7744K)->7393K(7744K)
[2024-03-24T20:23:47.030+0800][1821.054s] GC(600) Pause Young (Normal) (G1 Evacuation Pause) 362M->57M(512M) 4.246ms
[2024-03-24T20:23:47.030+0800][1821.054s] GC(600) User=0.00s Sys=0.00s Real=0.00s
[2024-03-24T20:23:49.449+0800][1823.476s] GC(601) Pause Young (Normal) (G1 Evacuation Pause)
[2024-03-24T20:23:49.449+0800][1823.476s] GC(601) Using 8 workers of 8 for evacuation
[2024-03-24T20:23:49.449+0800][1823.480s] GC(601)   Pre Evacuate Collection Set: 0.3ms
[2024-03-24T20:23:49.449+0800][1823.480s] GC(601)   Merge Heap Roots: 0.2ms
[2024-03-24T20:23:49.449+0800][1823.480s] GC(601)   Evacuate Collection Set: 2.2ms
[2024-03-24T20:23:49.449+0800][1823.480s] GC(601)   Post Evacuate Collection Set: 0.9ms
[2024-03-24T20:23:49.449+0800][1823.480s] GC(601)   Other: 0.2ms
[2024-03-24T20:23:49.449+0800][1823.480s] GC(601) Eden regions: 305->0(306)
[2024-03-24T20:23:49.449+0800][1823.480s] GC(601) Survivor regions: 2->1(39)
[2024-03-24T20:23:49.449+0800][1823.480s] GC(601) Old regions: 53->53
[2024-03-24T20:23:49.449+0800][1823.480s] GC(601) Humongous regions: 4->4
[2024-03-24T20:23:49.449+0800][1823.480s] GC(601) Metaspace: 65844K(66688K)->65844K(66688K) NonClass: 58451K(58944K)->58451K(58944K) Class: 7393K(7744K)->7393K(7744K)
[2024-03-24T20:23:49.449+0800][1823.481s] GC(601) Pause Young (Normal) (G1 Evacuation Pause) 362M->57M(512M) 4.379ms
[2024-03-24T20:23:49.449+0800][1823.481s] GC(601) User=0.00s Sys=0.00s Real=0.00s
[2024-03-24T20:23:52.001+0800][1826.032s] GC(602) Pause Young (Normal) (G1 Evacuation Pause)
[2024-03-24T20:23:52.001+0800][1826.032s] GC(602) Using 8 workers of 8 for evacuation
[2024-03-24T20:23:52.013+0800][1826.036s] GC(602)   Pre Evacuate Collection Set: 0.3ms
[2024-03-24T20:23:52.013+0800][1826.036s] GC(602)   Merge Heap Roots: 0.2ms
[2024-03-24T20:23:52.013+0800][1826.036s] GC(602)   Evacuate Collection Set: 2.3ms
[2024-03-24T20:23:52.013+0800][1826.036s] GC(602)   Post Evacuate Collection Set: 1.0ms
[2024-03-24T20:23:52.013+0800][1826.036s] GC(602)   Other: 0.1ms
[2024-03-24T20:23:52.013+0800][1826.036s] GC(602) Eden regions: 306->0(305)
[2024-03-24T20:23:52.013+0800][1826.036s] GC(602) Survivor regions: 1->2(39)
[2024-03-24T20:23:52.013+0800][1826.036s] GC(602) Old regions: 53->53
[2024-03-24T20:23:52.013+0800][1826.036s] GC(602) Humongous regions: 4->4
[2024-03-24T20:23:52.013+0800][1826.036s] GC(602) Metaspace: 65844K(66688K)->65844K(66688K) NonClass: 58451K(58944K)->58451K(58944K) Class: 7393K(7744K)->7393K(7744K)
[2024-03-24T20:23:52.013+0800][1826.037s] GC(602) Pause Young (Normal) (G1 Evacuation Pause) 363M->57M(512M) 4.558ms
[2024-03-24T20:23:52.013+0800][1826.037s] GC(602) User=0.00s Sys=0.00s Real=0.01s
[2024-03-24T20:23:54.529+0800][1828.562s] GC(603) Pause Young (Normal) (G1 Evacuation Pause)
[2024-03-24T20:23:54.529+0800][1828.562s] GC(603) Using 8 workers of 8 for evacuation
[2024-03-24T20:23:54.542+0800][1828.566s] GC(603)   Pre Evacuate Collection Set: 0.5ms
[2024-03-24T20:23:54.542+0800][1828.566s] GC(603)   Merge Heap Roots: 0.1ms
[2024-03-24T20:23:54.543+0800][1828.566s] GC(603)   Evacuate Collection Set: 2.0ms
[2024-03-24T20:23:54.543+0800][1828.566s] GC(603)   Post Evacuate Collection Set: 0.9ms
[2024-03-24T20:23:54.543+0800][1828.566s] GC(603)   Other: 0.2ms
[2024-03-24T20:23:54.543+0800][1828.566s] GC(603) Eden regions: 305->0(305)
[2024-03-24T20:23:54.543+0800][1828.566s] GC(603) Survivor regions: 2->2(39)
[2024-03-24T20:23:54.543+0800][1828.566s] GC(603) Old regions: 53->53
[2024-03-24T20:23:54.543+0800][1828.566s] GC(603) Humongous regions: 4->4
[2024-03-24T20:23:54.543+0800][1828.566s] GC(603) Metaspace: 65844K(66688K)->65844K(66688K) NonClass: 58451K(58944K)->58451K(58944K) Class: 7393K(7744K)->7393K(7744K)
[2024-03-24T20:23:54.543+0800][1828.566s] GC(603) Pause Young (Normal) (G1 Evacuation Pause) 362M->57M(512M) 4.132ms
[2024-03-24T20:23:54.543+0800][1828.566s] GC(603) User=0.00s Sys=0.00s Real=0.01s
[2024-03-24T20:23:57.225+0800][1831.250s] GC(604) Pause Young (Normal) (G1 Evacuation Pause)
[2024-03-24T20:23:57.225+0800][1831.250s] GC(604) Using 8 workers of 8 for evacuation
[2024-03-24T20:23:57.231+0800][1831.254s] GC(604)   Pre Evacuate Collection Set: 0.4ms
[2024-03-24T20:23:57.231+0800][1831.255s] GC(604)   Merge Heap Roots: 0.4ms
[2024-03-24T20:23:57.231+0800][1831.255s] GC(604)   Evacuate Collection Set: 2.3ms
[2024-03-24T20:23:57.231+0800][1831.255s] GC(604)   Post Evacuate Collection Set: 1.3ms
[2024-03-24T20:23:57.231+0800][1831.255s] GC(604)   Other: 0.2ms
[2024-03-24T20:23:57.231+0800][1831.255s] GC(604) Eden regions: 305->0(305)
[2024-03-24T20:23:57.231+0800][1831.255s] GC(604) Survivor regions: 2->2(39)
[2024-03-24T20:23:57.231+0800][1831.255s] GC(604) Old regions: 53->53
[2024-03-24T20:23:57.231+0800][1831.255s] GC(604) Humongous regions: 4->4
[2024-03-24T20:23:57.231+0800][1831.255s] GC(604) Metaspace: 65844K(66688K)->65844K(66688K) NonClass: 58451K(58944K)->58451K(58944K) Class: 7393K(7744K)->7393K(7744K)
[2024-03-24T20:23:57.231+0800][1831.255s] GC(604) Pause Young (Normal) (G1 Evacuation Pause) 362M->57M(512M) 5.388ms
[2024-03-24T20:23:57.231+0800][1831.255s] GC(604) User=0.00s Sys=0.00s Real=0.01s
[2024-03-24T20:23:59.633+0800][1833.658s] GC(605) Pause Young (Normal) (G1 Evacuation Pause)
[2024-03-24T20:23:59.633+0800][1833.659s] GC(605) Using 8 workers of 8 for evacuation
[2024-03-24T20:23:59.633+0800][1833.663s] GC(605)   Pre Evacuate Collection Set: 0.3ms
[2024-03-24T20:23:59.633+0800][1833.664s] GC(605)   Merge Heap Roots: 0.4ms
[2024-03-24T20:23:59.633+0800][1833.664s] GC(605)   Evacuate Collection Set: 2.5ms
[2024-03-24T20:23:59.633+0800][1833.664s] GC(605)   Post Evacuate Collection Set: 1.5ms
[2024-03-24T20:23:59.633+0800][1833.664s] GC(605)   Other: 0.2ms
[2024-03-24T20:23:59.633+0800][1833.664s] GC(605) Eden regions: 305->0(305)
[2024-03-24T20:23:59.633+0800][1833.664s] GC(605) Survivor regions: 2->2(39)
[2024-03-24T20:23:59.633+0800][1833.664s] GC(605) Old regions: 53->53
[2024-03-24T20:23:59.633+0800][1833.664s] GC(605) Humongous regions: 4->4
[2024-03-24T20:23:59.633+0800][1833.664s] GC(605) Metaspace: 65844K(66688K)->65844K(66688K) NonClass: 58451K(58944K)->58451K(58944K) Class: 7393K(7744K)->7393K(7744K)
[2024-03-24T20:23:59.633+0800][1833.664s] GC(605) Pause Young (Normal) (G1 Evacuation Pause) 362M->57M(512M) 5.587ms
[2024-03-24T20:23:59.633+0800][1833.664s] GC(605) User=0.00s Sys=0.00s Real=0.00s
[2024-03-24T20:24:02.221+0800][1836.248s] GC(606) Pause Young (Normal) (G1 Evacuation Pause)
[2024-03-24T20:24:02.221+0800][1836.248s] GC(606) Using 8 workers of 8 for evacuation
[2024-03-24T20:24:02.229+0800][1836.252s] GC(606)   Pre Evacuate Collection Set: 0.6ms
[2024-03-24T20:24:02.229+0800][1836.253s] GC(606)   Merge Heap Roots: 0.2ms
[2024-03-24T20:24:02.229+0800][1836.253s] GC(606)   Evacuate Collection Set: 2.4ms
[2024-03-24T20:24:02.229+0800][1836.253s] GC(606)   Post Evacuate Collection Set: 1.1ms
[2024-03-24T20:24:02.230+0800][1836.253s] GC(606)   Other: 0.2ms
[2024-03-24T20:24:02.230+0800][1836.253s] GC(606) Eden regions: 305->0(305)
[2024-03-24T20:24:02.230+0800][1836.253s] GC(606) Survivor regions: 2->2(39)
[2024-03-24T20:24:02.230+0800][1836.253s] GC(606) Old regions: 53->53
[2024-03-24T20:24:02.230+0800][1836.253s] GC(606) Humongous regions: 4->4
[2024-03-24T20:24:02.230+0800][1836.253s] GC(606) Metaspace: 65844K(66688K)->65844K(66688K) NonClass: 58451K(58944K)->58451K(58944K) Class: 7393K(7744K)->7393K(7744K)
[2024-03-24T20:24:02.230+0800][1836.253s] GC(606) Pause Young (Normal) (G1 Evacuation Pause) 362M->58M(512M) 5.387ms
[2024-03-24T20:24:02.230+0800][1836.253s] GC(606) User=0.02s Sys=0.00s Real=0.01s
[2024-03-24T20:24:04.806+0800][1838.834s] GC(607) Pause Young (Normal) (G1 Evacuation Pause)
[2024-03-24T20:24:04.806+0800][1838.834s] GC(607) Using 8 workers of 8 for evacuation
[2024-03-24T20:24:04.813+0800][1838.839s] GC(607)   Pre Evacuate Collection Set: 0.3ms
[2024-03-24T20:24:04.813+0800][1838.839s] GC(607)   Merge Heap Roots: 0.2ms
[2024-03-24T20:24:04.813+0800][1838.839s] GC(607)   Evacuate Collection Set: 2.6ms
[2024-03-24T20:24:04.813+0800][1838.839s] GC(607)   Post Evacuate Collection Set: 1.1ms
[2024-03-24T20:24:04.813+0800][1838.839s] GC(607)   Other: 0.2ms
[2024-03-24T20:24:04.813+0800][1838.839s] GC(607) Eden regions: 305->0(305)
[2024-03-24T20:24:04.813+0800][1838.839s] GC(607) Survivor regions: 2->2(39)
[2024-03-24T20:24:04.813+0800][1838.839s] GC(607) Old regions: 53->53
[2024-03-24T20:24:04.813+0800][1838.839s] GC(607) Humongous regions: 4->4
[2024-03-24T20:24:04.813+0800][1838.839s] GC(607) Metaspace: 65844K(66688K)->65844K(66688K) NonClass: 58451K(58944K)->58451K(58944K) Class: 7393K(7744K)->7393K(7744K)
[2024-03-24T20:24:04.813+0800][1838.839s] GC(607) Pause Young (Normal) (G1 Evacuation Pause) 363M->58M(512M) 5.145ms
[2024-03-24T20:24:04.813+0800][1838.840s] GC(607) User=0.02s Sys=0.00s Real=0.01s
[2024-03-24T20:24:07.354+0800][1841.381s] GC(608) Pause Young (Normal) (G1 Evacuation Pause)
[2024-03-24T20:24:07.354+0800][1841.382s] GC(608) Using 8 workers of 8 for evacuation
[2024-03-24T20:24:07.362+0800][1841.387s] GC(608)   Pre Evacuate Collection Set: 0.2ms
[2024-03-24T20:24:07.362+0800][1841.387s] GC(608)   Merge Heap Roots: 0.4ms
[2024-03-24T20:24:07.362+0800][1841.387s] GC(608)   Evacuate Collection Set: 3.5ms
[2024-03-24T20:24:07.362+0800][1841.387s] GC(608)   Post Evacuate Collection Set: 1.1ms
[2024-03-24T20:24:07.362+0800][1841.387s] GC(608)   Other: 0.2ms
[2024-03-24T20:24:07.362+0800][1841.387s] GC(608) Eden regions: 305->0(305)
[2024-03-24T20:24:07.362+0800][1841.387s] GC(608) Survivor regions: 2->2(39)
[2024-03-24T20:24:07.362+0800][1841.387s] GC(608) Old regions: 53->53
[2024-03-24T20:24:07.362+0800][1841.387s] GC(608) Humongous regions: 4->4
[2024-03-24T20:24:07.362+0800][1841.387s] GC(608) Metaspace: 65844K(66688K)->65844K(66688K) NonClass: 58451K(58944K)->58451K(58944K) Class: 7393K(7744K)->7393K(7744K)
[2024-03-24T20:24:07.362+0800][1841.387s] GC(608) Pause Young (Normal) (G1 Evacuation Pause) 363M->57M(512M) 5.757ms
[2024-03-24T20:24:07.362+0800][1841.387s] GC(608) User=0.00s Sys=0.00s Real=0.01s
[2024-03-24T20:24:09.968+0800][1843.996s] GC(609) Pause Young (Normal) (G1 Evacuation Pause)
[2024-03-24T20:24:09.968+0800][1843.996s] GC(609) Using 8 workers of 8 for evacuation
[2024-03-24T20:24:09.976+0800][1844.001s] GC(609)   Pre Evacuate Collection Set: 0.4ms
[2024-03-24T20:24:09.976+0800][1844.001s] GC(609)   Merge Heap Roots: 0.1ms
[2024-03-24T20:24:09.976+0800][1844.001s] GC(609)   Evacuate Collection Set: 2.6ms
[2024-03-24T20:24:09.976+0800][1844.001s] GC(609)   Post Evacuate Collection Set: 1.2ms
[2024-03-24T20:24:09.976+0800][1844.001s] GC(609)   Other: 0.2ms
[2024-03-24T20:24:09.976+0800][1844.001s] GC(609) Eden regions: 305->0(305)
[2024-03-24T20:24:09.976+0800][1844.001s] GC(609) Survivor regions: 2->2(39)
[2024-03-24T20:24:09.976+0800][1844.001s] GC(609) Old regions: 53->53
[2024-03-24T20:24:09.976+0800][1844.001s] GC(609) Humongous regions: 4->4
[2024-03-24T20:24:09.976+0800][1844.001s] GC(609) Metaspace: 65844K(66688K)->65844K(66688K) NonClass: 58451K(58944K)->58451K(58944K) Class: 7393K(7744K)->7393K(7744K)
[2024-03-24T20:24:09.976+0800][1844.001s] GC(609) Pause Young (Normal) (G1 Evacuation Pause) 362M->58M(512M) 5.193ms
[2024-03-24T20:24:09.976+0800][1844.001s] GC(609) User=0.00s Sys=0.00s Real=0.01s
[2024-03-24T20:24:12.439+0800][1846.462s] GC(610) Pause Young (Normal) (G1 Evacuation Pause)
[2024-03-24T20:24:12.439+0800][1846.462s] GC(610) Using 8 workers of 8 for evacuation
[2024-03-24T20:24:12.443+0800][1846.466s] GC(610)   Pre Evacuate Collection Set: 0.4ms
[2024-03-24T20:24:12.443+0800][1846.467s] GC(610)   Merge Heap Roots: 0.2ms
[2024-03-24T20:24:12.443+0800][1846.467s] GC(610)   Evacuate Collection Set: 2.3ms
[2024-03-24T20:24:12.443+0800][1846.467s] GC(610)   Post Evacuate Collection Set: 1.1ms
[2024-03-24T20:24:12.443+0800][1846.467s] GC(610)   Other: 0.2ms
[2024-03-24T20:24:12.443+0800][1846.467s] GC(610) Eden regions: 305->0(305)
[2024-03-24T20:24:12.443+0800][1846.467s] GC(610) Survivor regions: 2->2(39)
[2024-03-24T20:24:12.443+0800][1846.467s] GC(610) Old regions: 53->53
[2024-03-24T20:24:12.443+0800][1846.467s] GC(610) Humongous regions: 4->4
[2024-03-24T20:24:12.443+0800][1846.467s] GC(610) Metaspace: 65844K(66688K)->65844K(66688K) NonClass: 58451K(58944K)->58451K(58944K) Class: 7393K(7744K)->7393K(7744K)
[2024-03-24T20:24:12.443+0800][1846.467s] GC(610) Pause Young (Normal) (G1 Evacuation Pause) 363M->58M(512M) 4.864ms
[2024-03-24T20:24:12.443+0800][1846.467s] GC(610) User=0.00s Sys=0.00s Real=0.00s
[2024-03-24T20:24:15.000+0800][1849.031s] GC(611) Pause Young (Normal) (G1 Evacuation Pause)
[2024-03-24T20:24:15.000+0800][1849.031s] GC(611) Using 8 workers of 8 for evacuation
[2024-03-24T20:24:15.000+0800][1849.035s] GC(611)   Pre Evacuate Collection Set: 0.4ms
[2024-03-24T20:24:15.000+0800][1849.036s] GC(611)   Merge Heap Roots: 0.2ms
[2024-03-24T20:24:15.000+0800][1849.036s] GC(611)   Evacuate Collection Set: 2.4ms
[2024-03-24T20:24:15.000+0800][1849.036s] GC(611)   Post Evacuate Collection Set: 1.2ms
[2024-03-24T20:24:15.000+0800][1849.036s] GC(611)   Other: 0.2ms
[2024-03-24T20:24:15.000+0800][1849.036s] GC(611) Eden regions: 305->0(305)
[2024-03-24T20:24:15.000+0800][1849.036s] GC(611) Survivor regions: 2->2(39)
[2024-03-24T20:24:15.000+0800][1849.036s] GC(611) Old regions: 53->53
[2024-03-24T20:24:15.000+0800][1849.036s] GC(611) Humongous regions: 4->4
[2024-03-24T20:24:15.000+0800][1849.036s] GC(611) Metaspace: 65844K(66688K)->65844K(66688K) NonClass: 58451K(58944K)->58451K(58944K) Class: 7393K(7744K)->7393K(7744K)
[2024-03-24T20:24:15.000+0800][1849.036s] GC(611) Pause Young (Normal) (G1 Evacuation Pause) 363M->58M(512M) 5.136ms
[2024-03-24T20:24:15.000+0800][1849.036s] GC(611) User=0.00s Sys=0.00s Real=0.00s
[2024-03-24T20:24:17.593+0800][1851.625s] GC(612) Pause Young (Normal) (G1 Evacuation Pause)
[2024-03-24T20:24:17.603+0800][1851.626s] GC(612) Using 8 workers of 8 for evacuation
[2024-03-24T20:24:17.607+0800][1851.631s] GC(612)   Pre Evacuate Collection Set: 0.3ms
[2024-03-24T20:24:17.607+0800][1851.631s] GC(612)   Merge Heap Roots: 0.5ms
[2024-03-24T20:24:17.607+0800][1851.631s] GC(612)   Evacuate Collection Set: 2.7ms
[2024-03-24T20:24:17.607+0800][1851.631s] GC(612)   Post Evacuate Collection Set: 1.4ms
[2024-03-24T20:24:17.607+0800][1851.631s] GC(612)   Other: 0.4ms
[2024-03-24T20:24:17.607+0800][1851.631s] GC(612) Eden regions: 305->0(305)
[2024-03-24T20:24:17.607+0800][1851.631s] GC(612) Survivor regions: 2->2(39)
[2024-03-24T20:24:17.607+0800][1851.631s] GC(612) Old regions: 53->53
[2024-03-24T20:24:17.607+0800][1851.631s] GC(612) Humongous regions: 4->4
[2024-03-24T20:24:17.607+0800][1851.631s] GC(612) Metaspace: 65844K(66688K)->65844K(66688K) NonClass: 58451K(58944K)->58451K(58944K) Class: 7393K(7744K)->7393K(7744K)
[2024-03-24T20:24:17.607+0800][1851.631s] GC(612) Pause Young (Normal) (G1 Evacuation Pause) 363M->57M(512M) 6.074ms
[2024-03-24T20:24:17.607+0800][1851.632s] GC(612) User=0.03s Sys=0.00s Real=0.01s
[2024-03-24T20:24:20.108+0800][1854.131s] GC(613) Pause Young (Normal) (G1 Evacuation Pause)
[2024-03-24T20:24:20.108+0800][1854.131s] GC(613) Using 8 workers of 8 for evacuation
[2024-03-24T20:24:20.114+0800][1854.137s] GC(613)   Pre Evacuate Collection Set: 0.3ms
[2024-03-24T20:24:20.114+0800][1854.137s] GC(613)   Merge Heap Roots: 0.2ms
[2024-03-24T20:24:20.114+0800][1854.137s] GC(613)   Evacuate Collection Set: 4.2ms
[2024-03-24T20:24:20.115+0800][1854.137s] GC(613)   Post Evacuate Collection Set: 0.9ms
[2024-03-24T20:24:20.115+0800][1854.137s] GC(613)   Other: 0.2ms
[2024-03-24T20:24:20.115+0800][1854.137s] GC(613) Eden regions: 305->0(305)
[2024-03-24T20:24:20.115+0800][1854.138s] GC(613) Survivor regions: 2->2(39)
[2024-03-24T20:24:20.115+0800][1854.138s] GC(613) Old regions: 53->53
[2024-03-24T20:24:20.115+0800][1854.138s] GC(613) Humongous regions: 4->4
[2024-03-24T20:24:20.115+0800][1854.138s] GC(613) Metaspace: 65844K(66688K)->65844K(66688K) NonClass: 58451K(58944K)->58451K(58944K) Class: 7393K(7744K)->7393K(7744K)
[2024-03-24T20:24:20.115+0800][1854.138s] GC(613) Pause Young (Normal) (G1 Evacuation Pause) 362M->58M(512M) 6.598ms
[2024-03-24T20:24:20.115+0800][1854.138s] GC(613) User=0.00s Sys=0.00s Real=0.01s
[2024-03-24T20:24:22.630+0800][1856.657s] GC(614) Pause Young (Normal) (G1 Evacuation Pause)
[2024-03-24T20:24:22.630+0800][1856.657s] GC(614) Using 8 workers of 8 for evacuation
[2024-03-24T20:24:22.630+0800][1856.661s] GC(614)   Pre Evacuate Collection Set: 0.4ms
[2024-03-24T20:24:22.630+0800][1856.661s] GC(614)   Merge Heap Roots: 0.2ms
[2024-03-24T20:24:22.630+0800][1856.661s] GC(614)   Evacuate Collection Set: 2.6ms
[2024-03-24T20:24:22.630+0800][1856.661s] GC(614)   Post Evacuate Collection Set: 1.1ms
[2024-03-24T20:24:22.630+0800][1856.661s] GC(614)   Other: 0.2ms
[2024-03-24T20:24:22.630+0800][1856.661s] GC(614) Eden regions: 305->0(305)
[2024-03-24T20:24:22.630+0800][1856.661s] GC(614) Survivor regions: 2->2(39)
[2024-03-24T20:24:22.630+0800][1856.661s] GC(614) Old regions: 53->53
[2024-03-24T20:24:22.630+0800][1856.661s] GC(614) Humongous regions: 4->4
[2024-03-24T20:24:22.630+0800][1856.662s] GC(614) Metaspace: 65844K(66688K)->65844K(66688K) NonClass: 58451K(58944K)->58451K(58944K) Class: 7393K(7744K)->7393K(7744K)
[2024-03-24T20:24:22.630+0800][1856.662s] GC(614) Pause Young (Normal) (G1 Evacuation Pause) 363M->58M(512M) 5.061ms
[2024-03-24T20:24:22.630+0800][1856.662s] GC(614) User=0.00s Sys=0.00s Real=0.00s
[2024-03-24T20:24:25.199+0800][1859.225s] GC(615) Pause Young (Normal) (G1 Evacuation Pause)
[2024-03-24T20:24:25.199+0800][1859.225s] GC(615) Using 8 workers of 8 for evacuation
[2024-03-24T20:24:25.208+0800][1859.230s] GC(615)   Pre Evacuate Collection Set: 0.3ms
[2024-03-24T20:24:25.208+0800][1859.230s] GC(615)   Merge Heap Roots: 0.2ms
[2024-03-24T20:24:25.208+0800][1859.230s] GC(615)   Evacuate Collection Set: 3.0ms
[2024-03-24T20:24:25.208+0800][1859.231s] GC(615)   Post Evacuate Collection Set: 1.3ms
[2024-03-24T20:24:25.208+0800][1859.231s] GC(615)   Other: 0.2ms
[2024-03-24T20:24:25.208+0800][1859.231s] GC(615) Eden regions: 305->0(305)
[2024-03-24T20:24:25.208+0800][1859.231s] GC(615) Survivor regions: 2->2(39)
[2024-03-24T20:24:25.208+0800][1859.231s] GC(615) Old regions: 53->53
[2024-03-24T20:24:25.208+0800][1859.231s] GC(615) Humongous regions: 4->4
[2024-03-24T20:24:25.208+0800][1859.231s] GC(615) Metaspace: 65844K(66688K)->65844K(66688K) NonClass: 58451K(58944K)->58451K(58944K) Class: 7393K(7744K)->7393K(7744K)
[2024-03-24T20:24:25.208+0800][1859.231s] GC(615) Pause Young (Normal) (G1 Evacuation Pause) 363M->58M(512M) 5.970ms
[2024-03-24T20:24:25.208+0800][1859.231s] GC(615) User=0.00s Sys=0.00s Real=0.01s
[2024-03-24T20:24:27.876+0800][1861.899s] GC(616) Pause Young (Normal) (G1 Evacuation Pause)
[2024-03-24T20:24:27.876+0800][1861.899s] GC(616) Using 8 workers of 8 for evacuation
[2024-03-24T20:24:27.880+0800][1861.905s] GC(616)   Pre Evacuate Collection Set: 0.3ms
[2024-03-24T20:24:27.880+0800][1861.905s] GC(616)   Merge Heap Roots: 0.1ms
[2024-03-24T20:24:27.880+0800][1861.905s] GC(616)   Evacuate Collection Set: 3.2ms
[2024-03-24T20:24:27.880+0800][1861.905s] GC(616)   Post Evacuate Collection Set: 1.5ms
[2024-03-24T20:24:27.880+0800][1861.905s] GC(616)   Other: 0.3ms
[2024-03-24T20:24:27.880+0800][1861.905s] GC(616) Eden regions: 305->0(305)
[2024-03-24T20:24:27.880+0800][1861.905s] GC(616) Survivor regions: 2->2(39)
[2024-03-24T20:24:27.880+0800][1861.905s] GC(616) Old regions: 53->53
[2024-03-24T20:24:27.880+0800][1861.905s] GC(616) Humongous regions: 4->4
[2024-03-24T20:24:27.880+0800][1861.905s] GC(616) Metaspace: 65844K(66688K)->65844K(66688K) NonClass: 58451K(58944K)->58451K(58944K) Class: 7393K(7744K)->7393K(7744K)
[2024-03-24T20:24:27.880+0800][1861.905s] GC(616) Pause Young (Normal) (G1 Evacuation Pause) 363M->58M(512M) 6.188ms
[2024-03-24T20:24:27.880+0800][1861.905s] GC(616) User=0.00s Sys=0.00s Real=0.00s
[2024-03-24T20:24:30.540+0800][1864.563s] GC(617) Pause Young (Normal) (G1 Evacuation Pause)
[2024-03-24T20:24:30.540+0800][1864.563s] GC(617) Using 8 workers of 8 for evacuation
[2024-03-24T20:24:30.544+0800][1864.568s] GC(617)   Pre Evacuate Collection Set: 0.3ms
[2024-03-24T20:24:30.544+0800][1864.568s] GC(617)   Merge Heap Roots: 0.2ms
[2024-03-24T20:24:30.544+0800][1864.568s] GC(617)   Evacuate Collection Set: 2.5ms
[2024-03-24T20:24:30.544+0800][1864.568s] GC(617)   Post Evacuate Collection Set: 1.5ms
[2024-03-24T20:24:30.544+0800][1864.568s] GC(617)   Other: 0.2ms
[2024-03-24T20:24:30.544+0800][1864.568s] GC(617) Eden regions: 305->0(305)
[2024-03-24T20:24:30.544+0800][1864.568s] GC(617) Survivor regions: 2->2(39)
[2024-03-24T20:24:30.544+0800][1864.569s] GC(617) Old regions: 53->53
[2024-03-24T20:24:30.544+0800][1864.569s] GC(617) Humongous regions: 4->4
[2024-03-24T20:24:30.544+0800][1864.569s] GC(617) Metaspace: 65844K(66688K)->65844K(66688K) NonClass: 58451K(58944K)->58451K(58944K) Class: 7393K(7744K)->7393K(7744K)
[2024-03-24T20:24:30.544+0800][1864.569s] GC(617) Pause Young (Normal) (G1 Evacuation Pause) 363M->58M(512M) 5.552ms
[2024-03-24T20:24:30.544+0800][1864.569s] GC(617) User=0.02s Sys=0.00s Real=0.00s
[2024-03-24T20:24:33.019+0800][1867.042s] GC(618) Pause Young (Normal) (G1 Evacuation Pause)
[2024-03-24T20:24:33.019+0800][1867.043s] GC(618) Using 8 workers of 8 for evacuation
[2024-03-24T20:24:33.024+0800][1867.048s] GC(618)   Pre Evacuate Collection Set: 0.4ms
[2024-03-24T20:24:33.024+0800][1867.048s] GC(618)   Merge Heap Roots: 0.2ms
[2024-03-24T20:24:33.024+0800][1867.048s] GC(618)   Evacuate Collection Set: 3.4ms
[2024-03-24T20:24:33.024+0800][1867.048s] GC(618)   Post Evacuate Collection Set: 1.1ms
[2024-03-24T20:24:33.024+0800][1867.048s] GC(618)   Other: 0.2ms
[2024-03-24T20:24:33.026+0800][1867.048s] GC(618) Eden regions: 305->0(305)
[2024-03-24T20:24:33.026+0800][1867.048s] GC(618) Survivor regions: 2->2(39)
[2024-03-24T20:24:33.026+0800][1867.048s] GC(618) Old regions: 53->53
[2024-03-24T20:24:33.026+0800][1867.048s] GC(618) Humongous regions: 4->4
[2024-03-24T20:24:33.026+0800][1867.048s] GC(618) Metaspace: 65844K(66688K)->65844K(66688K) NonClass: 58451K(58944K)->58451K(58944K) Class: 7393K(7744K)->7393K(7744K)
[2024-03-24T20:24:33.026+0800][1867.048s] GC(618) Pause Young (Normal) (G1 Evacuation Pause) 363M->58M(512M) 6.160ms
[2024-03-24T20:24:33.026+0800][1867.048s] GC(618) User=0.00s Sys=0.00s Real=0.01s
[2024-03-24T20:24:35.747+0800][1869.772s] GC(619) Pause Young (Normal) (G1 Evacuation Pause)
[2024-03-24T20:24:35.747+0800][1869.772s] GC(619) Using 8 workers of 8 for evacuation
[2024-03-24T20:24:35.753+0800][1869.777s] GC(619)   Pre Evacuate Collection Set: 0.3ms
[2024-03-24T20:24:35.753+0800][1869.777s] GC(619)   Merge Heap Roots: 0.4ms
[2024-03-24T20:24:35.753+0800][1869.777s] GC(619)   Evacuate Collection Set: 2.7ms
[2024-03-24T20:24:35.753+0800][1869.777s] GC(619)   Post Evacuate Collection Set: 1.2ms
[2024-03-24T20:24:35.753+0800][1869.777s] GC(619)   Other: 0.2ms
[2024-03-24T20:24:35.753+0800][1869.777s] GC(619) Eden regions: 305->0(305)
[2024-03-24T20:24:35.753+0800][1869.777s] GC(619) Survivor regions: 2->2(39)
[2024-03-24T20:24:35.753+0800][1869.777s] GC(619) Old regions: 53->53
[2024-03-24T20:24:35.753+0800][1869.777s] GC(619) Humongous regions: 4->4
[2024-03-24T20:24:35.753+0800][1869.777s] GC(619) Metaspace: 65844K(66688K)->65844K(66688K) NonClass: 58451K(58944K)->58451K(58944K) Class: 7393K(7744K)->7393K(7744K)
[2024-03-24T20:24:35.753+0800][1869.777s] GC(619) Pause Young (Normal) (G1 Evacuation Pause) 363M->58M(512M) 5.398ms
[2024-03-24T20:24:35.753+0800][1869.777s] GC(619) User=0.00s Sys=0.00s Real=0.01s
[2024-03-24T20:24:38.397+0800][1872.423s] GC(620) Pause Young (Normal) (G1 Evacuation Pause)
[2024-03-24T20:24:38.397+0800][1872.423s] GC(620) Using 8 workers of 8 for evacuation
[2024-03-24T20:24:38.397+0800][1872.429s] GC(620)   Pre Evacuate Collection Set: 0.3ms
[2024-03-24T20:24:38.397+0800][1872.430s] GC(620)   Merge Heap Roots: 0.2ms
[2024-03-24T20:24:38.397+0800][1872.430s] GC(620)   Evacuate Collection Set: 4.2ms
[2024-03-24T20:24:38.397+0800][1872.430s] GC(620)   Post Evacuate Collection Set: 1.2ms
[2024-03-24T20:24:38.407+0800][1872.430s] GC(620)   Other: 0.2ms
[2024-03-24T20:24:38.407+0800][1872.430s] GC(620) Eden regions: 305->0(305)
[2024-03-24T20:24:38.407+0800][1872.430s] GC(620) Survivor regions: 2->2(39)
[2024-03-24T20:24:38.407+0800][1872.430s] GC(620) Old regions: 53->53
[2024-03-24T20:24:38.407+0800][1872.430s] GC(620) Humongous regions: 4->4
[2024-03-24T20:24:38.407+0800][1872.430s] GC(620) Metaspace: 65844K(66688K)->65844K(66688K) NonClass: 58451K(58944K)->58451K(58944K) Class: 7393K(7744K)->7393K(7744K)
[2024-03-24T20:24:38.407+0800][1872.430s] GC(620) Pause Young (Normal) (G1 Evacuation Pause) 363M->58M(512M) 6.948ms
[2024-03-24T20:24:38.407+0800][1872.430s] GC(620) User=0.00s Sys=0.00s Real=0.01s
[2024-03-24T20:24:40.833+0800][1874.858s] GC(621) Pause Young (Normal) (G1 Evacuation Pause)
[2024-03-24T20:24:40.833+0800][1874.858s] GC(621) Using 8 workers of 8 for evacuation
[2024-03-24T20:24:40.833+0800][1874.862s] GC(621)   Pre Evacuate Collection Set: 0.3ms
[2024-03-24T20:24:40.833+0800][1874.862s] GC(621)   Merge Heap Roots: 0.1ms
[2024-03-24T20:24:40.833+0800][1874.862s] GC(621)   Evacuate Collection Set: 2.3ms
[2024-03-24T20:24:40.833+0800][1874.862s] GC(621)   Post Evacuate Collection Set: 0.9ms
[2024-03-24T20:24:40.833+0800][1874.863s] GC(621)   Other: 0.2ms
[2024-03-24T20:24:40.833+0800][1874.863s] GC(621) Eden regions: 305->0(305)
[2024-03-24T20:24:40.840+0800][1874.863s] GC(621) Survivor regions: 2->2(39)
[2024-03-24T20:24:40.840+0800][1874.863s] GC(621) Old regions: 53->53
[2024-03-24T20:24:40.840+0800][1874.863s] GC(621) Humongous regions: 4->4
[2024-03-24T20:24:40.840+0800][1874.863s] GC(621) Metaspace: 65844K(66688K)->65844K(66688K) NonClass: 58451K(58944K)->58451K(58944K) Class: 7393K(7744K)->7393K(7744K)
[2024-03-24T20:24:40.840+0800][1874.863s] GC(621) Pause Young (Normal) (G1 Evacuation Pause) 363M->57M(512M) 5.022ms
[2024-03-24T20:24:40.840+0800][1874.863s] GC(621) User=0.00s Sys=0.00s Real=0.01s
[2024-03-24T20:24:43.439+0800][1877.467s] GC(622) Pause Young (Normal) (G1 Evacuation Pause)
[2024-03-24T20:24:43.439+0800][1877.467s] GC(622) Using 8 workers of 8 for evacuation
[2024-03-24T20:24:43.448+0800][1877.472s] GC(622)   Pre Evacuate Collection Set: 0.5ms
[2024-03-24T20:24:43.448+0800][1877.472s] GC(622)   Merge Heap Roots: 0.1ms
[2024-03-24T20:24:43.448+0800][1877.472s] GC(622)   Evacuate Collection Set: 2.4ms
[2024-03-24T20:24:43.448+0800][1877.472s] GC(622)   Post Evacuate Collection Set: 1.4ms
[2024-03-24T20:24:43.448+0800][1877.472s] GC(622)   Other: 0.3ms
[2024-03-24T20:24:43.448+0800][1877.472s] GC(622) Eden regions: 305->0(305)
[2024-03-24T20:24:43.448+0800][1877.472s] GC(622) Survivor regions: 2->2(39)
[2024-03-24T20:24:43.448+0800][1877.472s] GC(622) Old regions: 53->53
[2024-03-24T20:24:43.448+0800][1877.472s] GC(622) Humongous regions: 4->4
[2024-03-24T20:24:43.448+0800][1877.472s] GC(622) Metaspace: 65844K(66688K)->65844K(66688K) NonClass: 58451K(58944K)->58451K(58944K) Class: 7393K(7744K)->7393K(7744K)
[2024-03-24T20:24:43.448+0800][1877.472s] GC(622) Pause Young (Normal) (G1 Evacuation Pause) 362M->58M(512M) 5.453ms
[2024-03-24T20:24:43.448+0800][1877.472s] GC(622) User=0.02s Sys=0.00s Real=0.01s
[2024-03-24T20:24:46.088+0800][1880.114s] GC(623) Pause Young (Normal) (G1 Evacuation Pause)
[2024-03-24T20:24:46.088+0800][1880.114s] GC(623) Using 8 workers of 8 for evacuation
[2024-03-24T20:24:46.088+0800][1880.119s] GC(623)   Pre Evacuate Collection Set: 0.3ms
[2024-03-24T20:24:46.088+0800][1880.119s] GC(623)   Merge Heap Roots: 0.2ms
[2024-03-24T20:24:46.088+0800][1880.119s] GC(623)   Evacuate Collection Set: 3.0ms
[2024-03-24T20:24:46.088+0800][1880.119s] GC(623)   Post Evacuate Collection Set: 1.2ms
[2024-03-24T20:24:46.088+0800][1880.119s] GC(623)   Other: 0.1ms
[2024-03-24T20:24:46.088+0800][1880.119s] GC(623) Eden regions: 305->0(305)
[2024-03-24T20:24:46.088+0800][1880.119s] GC(623) Survivor regions: 2->2(39)
[2024-03-24T20:24:46.088+0800][1880.119s] GC(623) Old regions: 53->53
[2024-03-24T20:24:46.088+0800][1880.119s] GC(623) Humongous regions: 4->4
[2024-03-24T20:24:46.088+0800][1880.119s] GC(623) Metaspace: 65844K(66688K)->65844K(66688K) NonClass: 58451K(58944K)->58451K(58944K) Class: 7393K(7744K)->7393K(7744K)
[2024-03-24T20:24:46.088+0800][1880.119s] GC(623) Pause Young (Normal) (G1 Evacuation Pause) 363M->58M(512M) 5.689ms
[2024-03-24T20:24:46.088+0800][1880.119s] GC(623) User=0.00s Sys=0.00s Real=0.00s
[2024-03-24T20:24:48.524+0800][1882.547s] GC(624) Pause Young (Normal) (G1 Evacuation Pause)
[2024-03-24T20:24:48.524+0800][1882.547s] GC(624) Using 8 workers of 8 for evacuation
[2024-03-24T20:24:48.525+0800][1882.552s] GC(624)   Pre Evacuate Collection Set: 0.3ms
[2024-03-24T20:24:48.525+0800][1882.552s] GC(624)   Merge Heap Roots: 0.1ms
[2024-03-24T20:24:48.525+0800][1882.552s] GC(624)   Evacuate Collection Set: 2.3ms
[2024-03-24T20:24:48.525+0800][1882.552s] GC(624)   Post Evacuate Collection Set: 1.7ms
[2024-03-24T20:24:48.525+0800][1882.552s] GC(624)   Other: 0.2ms
[2024-03-24T20:24:48.525+0800][1882.552s] GC(624) Eden regions: 305->0(305)
[2024-03-24T20:24:48.525+0800][1882.552s] GC(624) Survivor regions: 2->2(39)
[2024-03-24T20:24:48.525+0800][1882.552s] GC(624) Old regions: 53->53
[2024-03-24T20:24:48.525+0800][1882.552s] GC(624) Humongous regions: 4->4
[2024-03-24T20:24:48.525+0800][1882.552s] GC(624) Metaspace: 65844K(66688K)->65844K(66688K) NonClass: 58451K(58944K)->58451K(58944K) Class: 7393K(7744K)->7393K(7744K)
[2024-03-24T20:24:48.525+0800][1882.552s] GC(624) Pause Young (Normal) (G1 Evacuation Pause) 363M->58M(512M) 5.351ms
[2024-03-24T20:24:48.525+0800][1882.552s] GC(624) User=0.00s Sys=0.00s Real=0.00s
[2024-03-24T20:24:51.112+0800][1885.135s] GC(625) Pause Young (Normal) (G1 Evacuation Pause)
[2024-03-24T20:24:51.113+0800][1885.136s] GC(625) Using 8 workers of 8 for evacuation
[2024-03-24T20:24:51.113+0800][1885.141s] GC(625)   Pre Evacuate Collection Set: 0.2ms
[2024-03-24T20:24:51.113+0800][1885.141s] GC(625)   Merge Heap Roots: 0.1ms
[2024-03-24T20:24:51.113+0800][1885.141s] GC(625)   Evacuate Collection Set: 4.0ms
[2024-03-24T20:24:51.113+0800][1885.141s] GC(625)   Post Evacuate Collection Set: 1.0ms
[2024-03-24T20:24:51.113+0800][1885.141s] GC(625)   Other: 0.1ms
[2024-03-24T20:24:51.113+0800][1885.141s] GC(625) Eden regions: 305->0(305)
[2024-03-24T20:24:51.113+0800][1885.141s] GC(625) Survivor regions: 2->2(39)
[2024-03-24T20:24:51.113+0800][1885.141s] GC(625) Old regions: 53->53
[2024-03-24T20:24:51.113+0800][1885.141s] GC(625) Humongous regions: 4->4
[2024-03-24T20:24:51.113+0800][1885.141s] GC(625) Metaspace: 65844K(66688K)->65844K(66688K) NonClass: 58451K(58944K)->58451K(58944K) Class: 7393K(7744K)->7393K(7744K)
[2024-03-24T20:24:51.113+0800][1885.141s] GC(625) Pause Young (Normal) (G1 Evacuation Pause) 363M->58M(512M) 5.849ms
[2024-03-24T20:24:51.113+0800][1885.141s] GC(625) User=0.00s Sys=0.00s Real=0.00s
[2024-03-24T20:24:53.440+0800][1887.471s] GC(626) Pause Young (Normal) (G1 Evacuation Pause)
[2024-03-24T20:24:53.440+0800][1887.471s] GC(626) Using 8 workers of 8 for evacuation
[2024-03-24T20:24:53.451+0800][1887.475s] GC(626)   Pre Evacuate Collection Set: 0.3ms
[2024-03-24T20:24:53.451+0800][1887.475s] GC(626)   Merge Heap Roots: 0.2ms
[2024-03-24T20:24:53.451+0800][1887.475s] GC(626)   Evacuate Collection Set: 2.4ms
[2024-03-24T20:24:53.451+0800][1887.475s] GC(626)   Post Evacuate Collection Set: 0.9ms
[2024-03-24T20:24:53.451+0800][1887.475s] GC(626)   Other: 0.2ms
[2024-03-24T20:24:53.451+0800][1887.475s] GC(626) Eden regions: 305->0(305)
[2024-03-24T20:24:53.451+0800][1887.475s] GC(626) Survivor regions: 2->2(39)
[2024-03-24T20:24:53.451+0800][1887.475s] GC(626) Old regions: 53->53
[2024-03-24T20:24:53.451+0800][1887.475s] GC(626) Humongous regions: 4->4
[2024-03-24T20:24:53.451+0800][1887.475s] GC(626) Metaspace: 65844K(66688K)->65844K(66688K) NonClass: 58451K(58944K)->58451K(58944K) Class: 7393K(7744K)->7393K(7744K)
[2024-03-24T20:24:53.451+0800][1887.476s] GC(626) Pause Young (Normal) (G1 Evacuation Pause) 363M->58M(512M) 4.723ms
[2024-03-24T20:24:53.451+0800][1887.476s] GC(626) User=0.02s Sys=0.00s Real=0.01s
[2024-03-24T20:24:56.086+0800][1890.109s] GC(627) Pause Young (Normal) (G1 Evacuation Pause)
[2024-03-24T20:24:56.087+0800][1890.110s] GC(627) Using 8 workers of 8 for evacuation
[2024-03-24T20:24:56.087+0800][1890.115s] GC(627)   Pre Evacuate Collection Set: 0.3ms
[2024-03-24T20:24:56.087+0800][1890.115s] GC(627)   Merge Heap Roots: 0.2ms
[2024-03-24T20:24:56.087+0800][1890.115s] GC(627)   Evacuate Collection Set: 2.6ms
[2024-03-24T20:24:56.087+0800][1890.115s] GC(627)   Post Evacuate Collection Set: 1.6ms
[2024-03-24T20:24:56.087+0800][1890.115s] GC(627)   Other: 0.2ms
[2024-03-24T20:24:56.087+0800][1890.115s] GC(627) Eden regions: 305->0(305)
[2024-03-24T20:24:56.087+0800][1890.115s] GC(627) Survivor regions: 2->2(39)
[2024-03-24T20:24:56.087+0800][1890.115s] GC(627) Old regions: 53->53
[2024-03-24T20:24:56.087+0800][1890.115s] GC(627) Humongous regions: 4->4
[2024-03-24T20:24:56.087+0800][1890.115s] GC(627) Metaspace: 65844K(66688K)->65844K(66688K) NonClass: 58451K(58944K)->58451K(58944K) Class: 7393K(7744K)->7393K(7744K)
[2024-03-24T20:24:56.087+0800][1890.115s] GC(627) Pause Young (Normal) (G1 Evacuation Pause) 363M->58M(512M) 5.533ms
[2024-03-24T20:24:56.087+0800][1890.115s] GC(627) User=0.00s Sys=0.00s Real=0.00s
[2024-03-24T20:24:58.593+0800][1892.625s] GC(628) Pause Young (Normal) (G1 Evacuation Pause)
[2024-03-24T20:24:58.593+0800][1892.625s] GC(628) Using 8 workers of 8 for evacuation
[2024-03-24T20:24:58.604+0800][1892.629s] GC(628)   Pre Evacuate Collection Set: 0.4ms
[2024-03-24T20:24:58.604+0800][1892.630s] GC(628)   Merge Heap Roots: 0.2ms
[2024-03-24T20:24:58.604+0800][1892.630s] GC(628)   Evacuate Collection Set: 2.6ms
[2024-03-24T20:24:58.604+0800][1892.630s] GC(628)   Post Evacuate Collection Set: 0.8ms
[2024-03-24T20:24:58.604+0800][1892.630s] GC(628)   Other: 0.2ms
[2024-03-24T20:24:58.604+0800][1892.630s] GC(628) Eden regions: 305->0(305)
[2024-03-24T20:24:58.604+0800][1892.630s] GC(628) Survivor regions: 2->2(39)
[2024-03-24T20:24:58.604+0800][1892.630s] GC(628) Old regions: 53->53
[2024-03-24T20:24:58.604+0800][1892.630s] GC(628) Humongous regions: 4->4
[2024-03-24T20:24:58.604+0800][1892.630s] GC(628) Metaspace: 65844K(66688K)->65844K(66688K) NonClass: 58451K(58944K)->58451K(58944K) Class: 7393K(7744K)->7393K(7744K)
[2024-03-24T20:24:58.604+0800][1892.630s] GC(628) Pause Young (Normal) (G1 Evacuation Pause) 363M->58M(512M) 4.803ms
[2024-03-24T20:24:58.604+0800][1892.630s] GC(628) User=0.02s Sys=0.00s Real=0.01s
[2024-03-24T20:25:01.270+0800][1895.294s] GC(629) Pause Young (Normal) (G1 Evacuation Pause)
[2024-03-24T20:25:01.270+0800][1895.294s] GC(629) Using 8 workers of 8 for evacuation
[2024-03-24T20:25:01.276+0800][1895.299s] GC(629)   Pre Evacuate Collection Set: 0.3ms
[2024-03-24T20:25:01.276+0800][1895.299s] GC(629)   Merge Heap Roots: 0.2ms
[2024-03-24T20:25:01.276+0800][1895.300s] GC(629)   Evacuate Collection Set: 3.5ms
[2024-03-24T20:25:01.276+0800][1895.300s] GC(629)   Post Evacuate Collection Set: 1.0ms
[2024-03-24T20:25:01.276+0800][1895.300s] GC(629)   Other: 0.2ms
[2024-03-24T20:25:01.276+0800][1895.300s] GC(629) Eden regions: 305->0(305)
[2024-03-24T20:25:01.276+0800][1895.300s] GC(629) Survivor regions: 2->2(39)
[2024-03-24T20:25:01.276+0800][1895.300s] GC(629) Old regions: 53->54
[2024-03-24T20:25:01.276+0800][1895.300s] GC(629) Humongous regions: 4->4
[2024-03-24T20:25:01.276+0800][1895.300s] GC(629) Metaspace: 65844K(66688K)->65844K(66688K) NonClass: 58451K(58944K)->58451K(58944K) Class: 7393K(7744K)->7393K(7744K)
[2024-03-24T20:25:01.276+0800][1895.300s] GC(629) Pause Young (Normal) (G1 Evacuation Pause) 363M->58M(512M) 6.003ms
[2024-03-24T20:25:01.276+0800][1895.300s] GC(629) User=0.00s Sys=0.00s Real=0.01s
[2024-03-24T20:25:03.795+0800][1897.821s] GC(630) Pause Young (Normal) (G1 Evacuation Pause)
[2024-03-24T20:25:03.795+0800][1897.821s] GC(630) Using 8 workers of 8 for evacuation
[2024-03-24T20:25:03.801+0800][1897.826s] GC(630)   Pre Evacuate Collection Set: 0.3ms
[2024-03-24T20:25:03.801+0800][1897.826s] GC(630)   Merge Heap Roots: 0.2ms
[2024-03-24T20:25:03.801+0800][1897.826s] GC(630)   Evacuate Collection Set: 2.6ms
[2024-03-24T20:25:03.801+0800][1897.826s] GC(630)   Post Evacuate Collection Set: 1.1ms
[2024-03-24T20:25:03.801+0800][1897.826s] GC(630)   Other: 0.2ms
[2024-03-24T20:25:03.801+0800][1897.826s] GC(630) Eden regions: 305->0(305)
[2024-03-24T20:25:03.801+0800][1897.826s] GC(630) Survivor regions: 2->2(39)
[2024-03-24T20:25:03.801+0800][1897.826s] GC(630) Old regions: 54->54
[2024-03-24T20:25:03.801+0800][1897.826s] GC(630) Humongous regions: 4->4
[2024-03-24T20:25:03.801+0800][1897.826s] GC(630) Metaspace: 65844K(66688K)->65844K(66688K) NonClass: 58451K(58944K)->58451K(58944K) Class: 7393K(7744K)->7393K(7744K)
[2024-03-24T20:25:03.801+0800][1897.826s] GC(630) Pause Young (Normal) (G1 Evacuation Pause) 363M->58M(512M) 5.148ms
[2024-03-24T20:25:03.801+0800][1897.826s] GC(630) User=0.00s Sys=0.00s Real=0.01s
[2024-03-24T20:25:06.485+0800][1900.514s] GC(631) Pause Young (Normal) (G1 Evacuation Pause)
[2024-03-24T20:25:06.485+0800][1900.515s] GC(631) Using 8 workers of 8 for evacuation
[2024-03-24T20:25:06.496+0800][1900.520s] GC(631)   Pre Evacuate Collection Set: 0.3ms
[2024-03-24T20:25:06.496+0800][1900.520s] GC(631)   Merge Heap Roots: 0.2ms
[2024-03-24T20:25:06.496+0800][1900.520s] GC(631)   Evacuate Collection Set: 3.1ms
[2024-03-24T20:25:06.496+0800][1900.520s] GC(631)   Post Evacuate Collection Set: 1.2ms
[2024-03-24T20:25:06.496+0800][1900.520s] GC(631)   Other: 0.2ms
[2024-03-24T20:25:06.496+0800][1900.520s] GC(631) Eden regions: 305->0(305)
[2024-03-24T20:25:06.496+0800][1900.520s] GC(631) Survivor regions: 2->2(39)
[2024-03-24T20:25:06.496+0800][1900.520s] GC(631) Old regions: 54->54
[2024-03-24T20:25:06.496+0800][1900.520s] GC(631) Humongous regions: 4->4
[2024-03-24T20:25:06.496+0800][1900.520s] GC(631) Metaspace: 65844K(66688K)->65844K(66688K) NonClass: 58451K(58944K)->58451K(58944K) Class: 7393K(7744K)->7393K(7744K)
[2024-03-24T20:25:06.496+0800][1900.520s] GC(631) Pause Young (Normal) (G1 Evacuation Pause) 363M->58M(512M) 5.788ms
[2024-03-24T20:25:06.496+0800][1900.520s] GC(631) User=0.00s Sys=0.00s Real=0.01s
[2024-03-24T20:25:08.983+0800][1903.007s] GC(632) Pause Young (Normal) (G1 Evacuation Pause)
[2024-03-24T20:25:08.983+0800][1903.007s] GC(632) Using 8 workers of 8 for evacuation
[2024-03-24T20:25:08.984+0800][1903.011s] GC(632)   Pre Evacuate Collection Set: 0.3ms
[2024-03-24T20:25:08.984+0800][1903.011s] GC(632)   Merge Heap Roots: 0.2ms
[2024-03-24T20:25:08.984+0800][1903.011s] GC(632)   Evacuate Collection Set: 3.1ms
[2024-03-24T20:25:08.984+0800][1903.011s] GC(632)   Post Evacuate Collection Set: 0.9ms
[2024-03-24T20:25:08.984+0800][1903.012s] GC(632)   Other: 0.2ms
[2024-03-24T20:25:08.984+0800][1903.012s] GC(632) Eden regions: 305->0(305)
[2024-03-24T20:25:08.984+0800][1903.012s] GC(632) Survivor regions: 2->2(39)
[2024-03-24T20:25:08.984+0800][1903.012s] GC(632) Old regions: 54->54
[2024-03-24T20:25:08.984+0800][1903.012s] GC(632) Humongous regions: 4->4
[2024-03-24T20:25:08.984+0800][1903.012s] GC(632) Metaspace: 65844K(66688K)->65844K(66688K) NonClass: 58451K(58944K)->58451K(58944K) Class: 7393K(7744K)->7393K(7744K)
[2024-03-24T20:25:08.984+0800][1903.012s] GC(632) Pause Young (Normal) (G1 Evacuation Pause) 363M->58M(512M) 5.208ms
[2024-03-24T20:25:08.984+0800][1903.012s] GC(632) User=0.00s Sys=0.00s Real=0.00s
[2024-03-24T20:25:11.457+0800][1905.487s] GC(633) Pause Young (Normal) (G1 Evacuation Pause)
[2024-03-24T20:25:11.457+0800][1905.487s] GC(633) Using 8 workers of 8 for evacuation
[2024-03-24T20:25:11.471+0800][1905.495s] GC(633)   Pre Evacuate Collection Set: 0.3ms
[2024-03-24T20:25:11.471+0800][1905.495s] GC(633)   Merge Heap Roots: 0.2ms
[2024-03-24T20:25:11.471+0800][1905.495s] GC(633)   Evacuate Collection Set: 5.5ms
[2024-03-24T20:25:11.473+0800][1905.495s] GC(633)   Post Evacuate Collection Set: 1.8ms
[2024-03-24T20:25:11.473+0800][1905.496s] GC(633)   Other: 0.2ms
[2024-03-24T20:25:11.473+0800][1905.496s] GC(633) Eden regions: 305->0(305)
[2024-03-24T20:25:11.473+0800][1905.496s] GC(633) Survivor regions: 2->2(39)
[2024-03-24T20:25:11.473+0800][1905.496s] GC(633) Old regions: 54->54
[2024-03-24T20:25:11.473+0800][1905.496s] GC(633) Humongous regions: 4->4
[2024-03-24T20:25:11.473+0800][1905.496s] GC(633) Metaspace: 65844K(66688K)->65844K(66688K) NonClass: 58451K(58944K)->58451K(58944K) Class: 7393K(7744K)->7393K(7744K)
[2024-03-24T20:25:11.473+0800][1905.496s] GC(633) Pause Young (Normal) (G1 Evacuation Pause) 363M->58M(512M) 8.993ms
[2024-03-24T20:25:11.473+0800][1905.496s] GC(633) User=0.00s Sys=0.00s Real=0.02s
[2024-03-24T20:25:14.003+0800][1908.026s] GC(634) Pause Young (Normal) (G1 Evacuation Pause)
[2024-03-24T20:25:14.003+0800][1908.026s] GC(634) Using 8 workers of 8 for evacuation
[2024-03-24T20:25:14.006+0800][1908.031s] GC(634)   Pre Evacuate Collection Set: 0.3ms
[2024-03-24T20:25:14.006+0800][1908.031s] GC(634)   Merge Heap Roots: 0.3ms
[2024-03-24T20:25:14.006+0800][1908.031s] GC(634)   Evacuate Collection Set: 3.0ms
[2024-03-24T20:25:14.006+0800][1908.031s] GC(634)   Post Evacuate Collection Set: 0.8ms
[2024-03-24T20:25:14.006+0800][1908.031s] GC(634)   Other: 0.2ms
[2024-03-24T20:25:14.006+0800][1908.031s] GC(634) Eden regions: 305->0(305)
[2024-03-24T20:25:14.006+0800][1908.031s] GC(634) Survivor regions: 2->2(39)
[2024-03-24T20:25:14.006+0800][1908.031s] GC(634) Old regions: 54->54
[2024-03-24T20:25:14.006+0800][1908.031s] GC(634) Humongous regions: 4->4
[2024-03-24T20:25:14.006+0800][1908.031s] GC(634) Metaspace: 65844K(66688K)->65844K(66688K) NonClass: 58451K(58944K)->58451K(58944K) Class: 7393K(7744K)->7393K(7744K)
[2024-03-24T20:25:14.006+0800][1908.031s] GC(634) Pause Young (Normal) (G1 Evacuation Pause) 363M->58M(512M) 5.411ms
[2024-03-24T20:25:14.006+0800][1908.031s] GC(634) User=0.00s Sys=0.00s Real=0.00s
[2024-03-24T20:25:16.574+0800][1910.599s] GC(635) Pause Young (Normal) (G1 Evacuation Pause)
[2024-03-24T20:25:16.574+0800][1910.599s] GC(635) Using 8 workers of 8 for evacuation
[2024-03-24T20:25:16.581+0800][1910.604s] GC(635)   Pre Evacuate Collection Set: 0.3ms
[2024-03-24T20:25:16.581+0800][1910.604s] GC(635)   Merge Heap Roots: 0.1ms
[2024-03-24T20:25:16.581+0800][1910.604s] GC(635)   Evacuate Collection Set: 2.2ms
[2024-03-24T20:25:16.581+0800][1910.604s] GC(635)   Post Evacuate Collection Set: 1.3ms
[2024-03-24T20:25:16.581+0800][1910.604s] GC(635)   Other: 0.2ms
[2024-03-24T20:25:16.582+0800][1910.604s] GC(635) Eden regions: 305->0(305)
[2024-03-24T20:25:16.582+0800][1910.604s] GC(635) Survivor regions: 2->2(39)
[2024-03-24T20:25:16.582+0800][1910.604s] GC(635) Old regions: 54->54
[2024-03-24T20:25:16.582+0800][1910.604s] GC(635) Humongous regions: 4->4
[2024-03-24T20:25:16.582+0800][1910.604s] GC(635) Metaspace: 65844K(66688K)->65844K(66688K) NonClass: 58451K(58944K)->58451K(58944K) Class: 7393K(7744K)->7393K(7744K)
[2024-03-24T20:25:16.582+0800][1910.605s] GC(635) Pause Young (Normal) (G1 Evacuation Pause) 363M->58M(512M) 5.329ms
[2024-03-24T20:25:16.582+0800][1910.605s] GC(635) User=0.00s Sys=0.00s Real=0.01s
[2024-03-24T20:25:19.193+0800][1913.218s] GC(636) Pause Young (Normal) (G1 Evacuation Pause)
[2024-03-24T20:25:19.193+0800][1913.218s] GC(636) Using 8 workers of 8 for evacuation
[2024-03-24T20:25:19.197+0800][1913.221s] GC(636)   Pre Evacuate Collection Set: 0.2ms
[2024-03-24T20:25:19.197+0800][1913.221s] GC(636)   Merge Heap Roots: 0.1ms
[2024-03-24T20:25:19.197+0800][1913.221s] GC(636)   Evacuate Collection Set: 1.6ms
[2024-03-24T20:25:19.197+0800][1913.221s] GC(636)   Post Evacuate Collection Set: 0.6ms
[2024-03-24T20:25:19.197+0800][1913.221s] GC(636)   Other: 0.2ms
[2024-03-24T20:25:19.197+0800][1913.221s] GC(636) Eden regions: 305->0(305)
[2024-03-24T20:25:19.197+0800][1913.221s] GC(636) Survivor regions: 2->2(39)
[2024-03-24T20:25:19.197+0800][1913.221s] GC(636) Old regions: 54->54
[2024-03-24T20:25:19.197+0800][1913.221s] GC(636) Humongous regions: 4->4
[2024-03-24T20:25:19.197+0800][1913.221s] GC(636) Metaspace: 65844K(66688K)->65844K(66688K) NonClass: 58451K(58944K)->58451K(58944K) Class: 7393K(7744K)->7393K(7744K)
[2024-03-24T20:25:19.197+0800][1913.221s] GC(636) Pause Young (Normal) (G1 Evacuation Pause) 363M->58M(512M) 3.214ms
[2024-03-24T20:25:19.197+0800][1913.221s] GC(636) User=0.00s Sys=0.00s Real=0.00s
[2024-03-24T20:25:21.695+0800][1915.719s] GC(637) Pause Young (Normal) (G1 Evacuation Pause)
[2024-03-24T20:25:21.697+0800][1915.719s] GC(637) Using 8 workers of 8 for evacuation
[2024-03-24T20:25:21.700+0800][1915.722s] GC(637)   Pre Evacuate Collection Set: 0.2ms
[2024-03-24T20:25:21.700+0800][1915.722s] GC(637)   Merge Heap Roots: 0.1ms
[2024-03-24T20:25:21.700+0800][1915.722s] GC(637)   Evacuate Collection Set: 1.9ms
[2024-03-24T20:25:21.700+0800][1915.722s] GC(637)   Post Evacuate Collection Set: 0.6ms
[2024-03-24T20:25:21.700+0800][1915.723s] GC(637)   Other: 0.2ms
[2024-03-24T20:25:21.700+0800][1915.723s] GC(637) Eden regions: 305->0(305)
[2024-03-24T20:25:21.700+0800][1915.723s] GC(637) Survivor regions: 2->2(39)
[2024-03-24T20:25:21.700+0800][1915.723s] GC(637) Old regions: 54->54
[2024-03-24T20:25:21.700+0800][1915.723s] GC(637) Humongous regions: 4->4
[2024-03-24T20:25:21.700+0800][1915.723s] GC(637) Metaspace: 65844K(66688K)->65844K(66688K) NonClass: 58451K(58944K)->58451K(58944K) Class: 7393K(7744K)->7393K(7744K)
[2024-03-24T20:25:21.700+0800][1915.723s] GC(637) Pause Young (Normal) (G1 Evacuation Pause) 363M->58M(512M) 3.627ms
[2024-03-24T20:25:21.700+0800][1915.723s] GC(637) User=0.05s Sys=0.00s Real=0.01s
[2024-03-24T20:25:24.142+0800][1918.165s] GC(638) Pause Young (Normal) (G1 Evacuation Pause)
[2024-03-24T20:25:24.142+0800][1918.165s] GC(638) Using 8 workers of 8 for evacuation
[2024-03-24T20:25:24.145+0800][1918.170s] GC(638)   Pre Evacuate Collection Set: 0.4ms
[2024-03-24T20:25:24.145+0800][1918.170s] GC(638)   Merge Heap Roots: 0.2ms
[2024-03-24T20:25:24.145+0800][1918.170s] GC(638)   Evacuate Collection Set: 2.9ms
[2024-03-24T20:25:24.145+0800][1918.170s] GC(638)   Post Evacuate Collection Set: 1.1ms
[2024-03-24T20:25:24.145+0800][1918.170s] GC(638)   Other: 0.3ms
[2024-03-24T20:25:24.145+0800][1918.170s] GC(638) Eden regions: 305->0(305)
[2024-03-24T20:25:24.145+0800][1918.170s] GC(638) Survivor regions: 2->2(39)
[2024-03-24T20:25:24.145+0800][1918.170s] GC(638) Old regions: 54->54
[2024-03-24T20:25:24.145+0800][1918.170s] GC(638) Humongous regions: 4->4
[2024-03-24T20:25:24.145+0800][1918.170s] GC(638) Metaspace: 65844K(66688K)->65844K(66688K) NonClass: 58451K(58944K)->58451K(58944K) Class: 7393K(7744K)->7393K(7744K)
[2024-03-24T20:25:24.145+0800][1918.170s] GC(638) Pause Young (Normal) (G1 Evacuation Pause) 363M->58M(512M) 5.511ms
[2024-03-24T20:25:24.145+0800][1918.170s] GC(638) User=0.00s Sys=0.00s Real=0.00s
[2024-03-24T20:25:26.749+0800][1920.773s] GC(639) Pause Young (Normal) (G1 Evacuation Pause)
[2024-03-24T20:25:26.749+0800][1920.773s] GC(639) Using 8 workers of 8 for evacuation
[2024-03-24T20:25:26.753+0800][1920.777s] GC(639)   Pre Evacuate Collection Set: 0.4ms
[2024-03-24T20:25:26.753+0800][1920.777s] GC(639)   Merge Heap Roots: 0.3ms
[2024-03-24T20:25:26.753+0800][1920.777s] GC(639)   Evacuate Collection Set: 1.5ms
[2024-03-24T20:25:26.753+0800][1920.777s] GC(639)   Post Evacuate Collection Set: 0.9ms
[2024-03-24T20:25:26.754+0800][1920.777s] GC(639)   Other: 0.2ms
[2024-03-24T20:25:26.754+0800][1920.777s] GC(639) Eden regions: 305->0(305)
[2024-03-24T20:25:26.754+0800][1920.777s] GC(639) Survivor regions: 2->2(39)
[2024-03-24T20:25:26.754+0800][1920.777s] GC(639) Old regions: 54->54
[2024-03-24T20:25:26.754+0800][1920.777s] GC(639) Humongous regions: 4->4
[2024-03-24T20:25:26.754+0800][1920.777s] GC(639) Metaspace: 65844K(66688K)->65844K(66688K) NonClass: 58451K(58944K)->58451K(58944K) Class: 7393K(7744K)->7393K(7744K)
[2024-03-24T20:25:26.754+0800][1920.777s] GC(639) Pause Young (Normal) (G1 Evacuation Pause) 363M->58M(512M) 3.997ms
[2024-03-24T20:25:26.754+0800][1920.777s] GC(639) User=0.00s Sys=0.00s Real=0.00s
[2024-03-24T20:25:29.375+0800][1923.406s] GC(640) Pause Young (Normal) (G1 Evacuation Pause)
[2024-03-24T20:25:29.375+0800][1923.406s] GC(640) Using 8 workers of 8 for evacuation
[2024-03-24T20:25:29.386+0800][1923.411s] GC(640)   Pre Evacuate Collection Set: 0.4ms
[2024-03-24T20:25:29.386+0800][1923.411s] GC(640)   Merge Heap Roots: 0.2ms
[2024-03-24T20:25:29.386+0800][1923.411s] GC(640)   Evacuate Collection Set: 2.7ms
[2024-03-24T20:25:29.386+0800][1923.411s] GC(640)   Post Evacuate Collection Set: 1.1ms
[2024-03-24T20:25:29.386+0800][1923.411s] GC(640)   Other: 0.2ms
[2024-03-24T20:25:29.386+0800][1923.411s] GC(640) Eden regions: 305->0(305)
[2024-03-24T20:25:29.386+0800][1923.411s] GC(640) Survivor regions: 2->2(39)
[2024-03-24T20:25:29.386+0800][1923.411s] GC(640) Old regions: 54->54
[2024-03-24T20:25:29.386+0800][1923.411s] GC(640) Humongous regions: 4->4
[2024-03-24T20:25:29.386+0800][1923.411s] GC(640) Metaspace: 65844K(66688K)->65844K(66688K) NonClass: 58451K(58944K)->58451K(58944K) Class: 7393K(7744K)->7393K(7744K)
[2024-03-24T20:25:29.386+0800][1923.411s] GC(640) Pause Young (Normal) (G1 Evacuation Pause) 363M->58M(512M) 5.191ms
[2024-03-24T20:25:29.386+0800][1923.411s] GC(640) User=0.00s Sys=0.00s Real=0.01s
[2024-03-24T20:25:31.893+0800][1925.925s] GC(641) Pause Young (Normal) (G1 Evacuation Pause)
[2024-03-24T20:25:31.893+0800][1925.925s] GC(641) Using 8 workers of 8 for evacuation
[2024-03-24T20:25:31.907+0800][1925.932s] GC(641)   Pre Evacuate Collection Set: 0.4ms
[2024-03-24T20:25:31.907+0800][1925.933s] GC(641)   Merge Heap Roots: 0.5ms
[2024-03-24T20:25:31.907+0800][1925.933s] GC(641)   Evacuate Collection Set: 4.2ms
[2024-03-24T20:25:31.907+0800][1925.933s] GC(641)   Post Evacuate Collection Set: 1.7ms
[2024-03-24T20:25:31.907+0800][1925.933s] GC(641)   Other: 0.3ms
[2024-03-24T20:25:31.907+0800][1925.933s] GC(641) Eden regions: 305->0(305)
[2024-03-24T20:25:31.907+0800][1925.933s] GC(641) Survivor regions: 2->2(39)
[2024-03-24T20:25:31.907+0800][1925.933s] GC(641) Old regions: 54->54
[2024-03-24T20:25:31.907+0800][1925.933s] GC(641) Humongous regions: 4->4
[2024-03-24T20:25:31.907+0800][1925.933s] GC(641) Metaspace: 65844K(66688K)->65844K(66688K) NonClass: 58451K(58944K)->58451K(58944K) Class: 7393K(7744K)->7393K(7744K)
[2024-03-24T20:25:31.907+0800][1925.933s] GC(641) Pause Young (Normal) (G1 Evacuation Pause) 363M->58M(512M) 8.060ms
[2024-03-24T20:25:31.907+0800][1925.933s] GC(641) User=0.00s Sys=0.00s Real=0.01s
[2024-03-24T20:25:34.493+0800][1928.522s] GC(642) Pause Young (Normal) (G1 Evacuation Pause)
[2024-03-24T20:25:34.493+0800][1928.522s] GC(642) Using 8 workers of 8 for evacuation
[2024-03-24T20:25:34.503+0800][1928.528s] GC(642)   Pre Evacuate Collection Set: 0.4ms
[2024-03-24T20:25:34.503+0800][1928.528s] GC(642)   Merge Heap Roots: 0.2ms
[2024-03-24T20:25:34.503+0800][1928.528s] GC(642)   Evacuate Collection Set: 3.7ms
[2024-03-24T20:25:34.503+0800][1928.528s] GC(642)   Post Evacuate Collection Set: 1.5ms
[2024-03-24T20:25:34.503+0800][1928.528s] GC(642)   Other: 0.3ms
[2024-03-24T20:25:34.503+0800][1928.528s] GC(642) Eden regions: 305->0(305)
[2024-03-24T20:25:34.503+0800][1928.529s] GC(642) Survivor regions: 2->2(39)
[2024-03-24T20:25:34.503+0800][1928.529s] GC(642) Old regions: 54->54
[2024-03-24T20:25:34.503+0800][1928.529s] GC(642) Humongous regions: 4->4
[2024-03-24T20:25:34.503+0800][1928.529s] GC(642) Metaspace: 65844K(66688K)->65844K(66688K) NonClass: 58451K(58944K)->58451K(58944K) Class: 7393K(7744K)->7393K(7744K)
[2024-03-24T20:25:34.506+0800][1928.529s] GC(642) Pause Young (Normal) (G1 Evacuation Pause) 363M->58M(512M) 6.848ms
[2024-03-24T20:25:34.506+0800][1928.529s] GC(642) User=0.00s Sys=0.00s Real=0.01s
[2024-03-24T20:25:37.007+0800][1931.032s] GC(643) Pause Young (Normal) (G1 Evacuation Pause)
[2024-03-24T20:25:37.007+0800][1931.032s] GC(643) Using 8 workers of 8 for evacuation
[2024-03-24T20:25:37.007+0800][1931.036s] GC(643)   Pre Evacuate Collection Set: 0.4ms
[2024-03-24T20:25:37.007+0800][1931.036s] GC(643)   Merge Heap Roots: 0.1ms
[2024-03-24T20:25:37.007+0800][1931.036s] GC(643)   Evacuate Collection Set: 2.1ms
[2024-03-24T20:25:37.007+0800][1931.036s] GC(643)   Post Evacuate Collection Set: 1.1ms
[2024-03-24T20:25:37.007+0800][1931.037s] GC(643)   Other: 0.3ms
[2024-03-24T20:25:37.007+0800][1931.037s] GC(643) Eden regions: 305->0(305)
[2024-03-24T20:25:37.007+0800][1931.037s] GC(643) Survivor regions: 2->2(39)
[2024-03-24T20:25:37.007+0800][1931.037s] GC(643) Old regions: 54->54
[2024-03-24T20:25:37.007+0800][1931.037s] GC(643) Humongous regions: 4->4
[2024-03-24T20:25:37.007+0800][1931.037s] GC(643) Metaspace: 65858K(66688K)->65858K(66688K) NonClass: 58464K(58944K)->58464K(58944K) Class: 7393K(7744K)->7393K(7744K)
[2024-03-24T20:25:37.007+0800][1931.037s] GC(643) Pause Young (Normal) (G1 Evacuation Pause) 363M->58M(512M) 4.849ms
[2024-03-24T20:25:37.007+0800][1931.037s] GC(643) User=0.00s Sys=0.00s Real=0.00s
[2024-03-24T20:25:39.592+0800][1933.618s] GC(644) Pause Young (Normal) (G1 Evacuation Pause)
[2024-03-24T20:25:39.592+0800][1933.618s] GC(644) Using 8 workers of 8 for evacuation
[2024-03-24T20:25:39.602+0800][1933.624s] GC(644)   Pre Evacuate Collection Set: 0.4ms
[2024-03-24T20:25:39.602+0800][1933.625s] GC(644)   Merge Heap Roots: 0.2ms
[2024-03-24T20:25:39.602+0800][1933.625s] GC(644)   Evacuate Collection Set: 3.8ms
[2024-03-24T20:25:39.602+0800][1933.625s] GC(644)   Post Evacuate Collection Set: 1.3ms
[2024-03-24T20:25:39.602+0800][1933.625s] GC(644)   Other: 0.2ms
[2024-03-24T20:25:39.602+0800][1933.625s] GC(644) Eden regions: 305->0(305)
[2024-03-24T20:25:39.602+0800][1933.625s] GC(644) Survivor regions: 2->2(39)
[2024-03-24T20:25:39.602+0800][1933.625s] GC(644) Old regions: 54->54
[2024-03-24T20:25:39.602+0800][1933.625s] GC(644) Humongous regions: 4->4
[2024-03-24T20:25:39.602+0800][1933.625s] GC(644) Metaspace: 65858K(66688K)->65858K(66688K) NonClass: 58464K(58944K)->58464K(58944K) Class: 7393K(7744K)->7393K(7744K)
[2024-03-24T20:25:39.602+0800][1933.625s] GC(644) Pause Young (Normal) (G1 Evacuation Pause) 363M->59M(512M) 6.649ms
[2024-03-24T20:25:39.602+0800][1933.625s] GC(644) User=0.00s Sys=0.00s Real=0.01s
[2024-03-24T20:25:42.135+0800][1936.158s] GC(645) Pause Young (Normal) (G1 Evacuation Pause)
[2024-03-24T20:25:42.136+0800][1936.158s] GC(645) Using 8 workers of 8 for evacuation
[2024-03-24T20:25:42.136+0800][1936.163s] GC(645)   Pre Evacuate Collection Set: 0.4ms
[2024-03-24T20:25:42.136+0800][1936.163s] GC(645)   Merge Heap Roots: 0.5ms
[2024-03-24T20:25:42.136+0800][1936.163s] GC(645)   Evacuate Collection Set: 2.9ms
[2024-03-24T20:25:42.136+0800][1936.164s] GC(645)   Post Evacuate Collection Set: 1.1ms
[2024-03-24T20:25:42.136+0800][1936.164s] GC(645)   Other: 0.2ms
[2024-03-24T20:25:42.136+0800][1936.164s] GC(645) Eden regions: 305->0(305)
[2024-03-24T20:25:42.136+0800][1936.164s] GC(645) Survivor regions: 2->2(39)
[2024-03-24T20:25:42.136+0800][1936.164s] GC(645) Old regions: 54->54
[2024-03-24T20:25:42.136+0800][1936.164s] GC(645) Humongous regions: 4->4
[2024-03-24T20:25:42.136+0800][1936.164s] GC(645) Metaspace: 65858K(66688K)->65858K(66688K) NonClass: 58464K(58944K)->58464K(58944K) Class: 7393K(7744K)->7393K(7744K)
[2024-03-24T20:25:42.136+0800][1936.164s] GC(645) Pause Young (Normal) (G1 Evacuation Pause) 364M->58M(512M) 5.798ms
[2024-03-24T20:25:42.136+0800][1936.164s] GC(645) User=0.00s Sys=0.00s Real=0.00s
[2024-03-24T20:25:44.516+0800][1938.543s] GC(646) Pause Young (Normal) (G1 Evacuation Pause)
[2024-03-24T20:25:44.516+0800][1938.544s] GC(646) Using 8 workers of 8 for evacuation
[2024-03-24T20:25:44.516+0800][1938.548s] GC(646)   Pre Evacuate Collection Set: 0.4ms
[2024-03-24T20:25:44.516+0800][1938.548s] GC(646)   Merge Heap Roots: 0.1ms
[2024-03-24T20:25:44.516+0800][1938.548s] GC(646)   Evacuate Collection Set: 2.9ms
[2024-03-24T20:25:44.516+0800][1938.548s] GC(646)   Post Evacuate Collection Set: 0.8ms
[2024-03-24T20:25:44.516+0800][1938.548s] GC(646)   Other: 0.2ms
[2024-03-24T20:25:44.516+0800][1938.548s] GC(646) Eden regions: 305->0(305)
[2024-03-24T20:25:44.516+0800][1938.548s] GC(646) Survivor regions: 2->2(39)
[2024-03-24T20:25:44.516+0800][1938.548s] GC(646) Old regions: 54->54
[2024-03-24T20:25:44.516+0800][1938.548s] GC(646) Humongous regions: 4->4
[2024-03-24T20:25:44.516+0800][1938.548s] GC(646) Metaspace: 65911K(66688K)->65911K(66688K) NonClass: 58513K(58944K)->58513K(58944K) Class: 7397K(7744K)->7397K(7744K)
[2024-03-24T20:25:44.516+0800][1938.548s] GC(646) Pause Young (Normal) (G1 Evacuation Pause) 363M->58M(512M) 5.001ms
[2024-03-24T20:25:44.516+0800][1938.548s] GC(646) User=0.00s Sys=0.00s Real=0.00s
[2024-03-24T20:25:47.145+0800][1941.168s] GC(647) Pause Young (Normal) (G1 Evacuation Pause)
[2024-03-24T20:25:47.145+0800][1941.168s] GC(647) Using 8 workers of 8 for evacuation
[2024-03-24T20:25:47.151+0800][1941.174s] GC(647)   Pre Evacuate Collection Set: 0.2ms
[2024-03-24T20:25:47.151+0800][1941.174s] GC(647)   Merge Heap Roots: 0.1ms
[2024-03-24T20:25:47.151+0800][1941.174s] GC(647)   Evacuate Collection Set: 4.6ms
[2024-03-24T20:25:47.151+0800][1941.174s] GC(647)   Post Evacuate Collection Set: 0.8ms
[2024-03-24T20:25:47.151+0800][1941.174s] GC(647)   Other: 0.1ms
[2024-03-24T20:25:47.151+0800][1941.174s] GC(647) Eden regions: 305->0(305)
[2024-03-24T20:25:47.151+0800][1941.174s] GC(647) Survivor regions: 2->2(39)
[2024-03-24T20:25:47.151+0800][1941.174s] GC(647) Old regions: 54->54
[2024-03-24T20:25:47.151+0800][1941.174s] GC(647) Humongous regions: 4->4
[2024-03-24T20:25:47.151+0800][1941.174s] GC(647) Metaspace: 65911K(66688K)->65911K(66688K) NonClass: 58513K(58944K)->58513K(58944K) Class: 7397K(7744K)->7397K(7744K)
[2024-03-24T20:25:47.151+0800][1941.174s] GC(647) Pause Young (Normal) (G1 Evacuation Pause) 363M->58M(512M) 6.277ms
[2024-03-24T20:25:47.151+0800][1941.174s] GC(647) User=0.00s Sys=0.00s Real=0.01s
[2024-03-24T20:25:49.809+0800][1943.841s] GC(648) Pause Young (Normal) (G1 Evacuation Pause)
[2024-03-24T20:25:49.809+0800][1943.841s] GC(648) Using 8 workers of 8 for evacuation
[2024-03-24T20:25:49.819+0800][1943.845s] GC(648)   Pre Evacuate Collection Set: 0.4ms
[2024-03-24T20:25:49.819+0800][1943.845s] GC(648)   Merge Heap Roots: 0.3ms
[2024-03-24T20:25:49.819+0800][1943.845s] GC(648)   Evacuate Collection Set: 2.5ms
[2024-03-24T20:25:49.819+0800][1943.846s] GC(648)   Post Evacuate Collection Set: 1.2ms
[2024-03-24T20:25:49.819+0800][1943.846s] GC(648)   Other: 0.2ms
[2024-03-24T20:25:49.819+0800][1943.846s] GC(648) Eden regions: 305->0(305)
[2024-03-24T20:25:49.819+0800][1943.846s] GC(648) Survivor regions: 2->2(39)
[2024-03-24T20:25:49.819+0800][1943.846s] GC(648) Old regions: 54->54
[2024-03-24T20:25:49.819+0800][1943.846s] GC(648) Humongous regions: 4->4
[2024-03-24T20:25:49.819+0800][1943.846s] GC(648) Metaspace: 65911K(66688K)->65911K(66688K) NonClass: 58513K(58944K)->58513K(58944K) Class: 7397K(7744K)->7397K(7744K)
[2024-03-24T20:25:49.819+0800][1943.846s] GC(648) Pause Young (Normal) (G1 Evacuation Pause) 363M->58M(512M) 5.260ms
[2024-03-24T20:25:49.819+0800][1943.846s] GC(648) User=0.00s Sys=0.00s Real=0.01s
[2024-03-24T20:25:52.511+0800][1946.534s] GC(649) Pause Young (Normal) (G1 Evacuation Pause)
[2024-03-24T20:25:52.511+0800][1946.534s] GC(649) Using 8 workers of 8 for evacuation
[2024-03-24T20:25:52.517+0800][1946.540s] GC(649)   Pre Evacuate Collection Set: 0.3ms
[2024-03-24T20:25:52.517+0800][1946.540s] GC(649)   Merge Heap Roots: 0.4ms
[2024-03-24T20:25:52.517+0800][1946.540s] GC(649)   Evacuate Collection Set: 3.9ms
[2024-03-24T20:25:52.517+0800][1946.540s] GC(649)   Post Evacuate Collection Set: 1.0ms
[2024-03-24T20:25:52.517+0800][1946.540s] GC(649)   Other: 0.1ms
[2024-03-24T20:25:52.517+0800][1946.540s] GC(649) Eden regions: 305->0(305)
[2024-03-24T20:25:52.517+0800][1946.540s] GC(649) Survivor regions: 2->2(39)
[2024-03-24T20:25:52.517+0800][1946.540s] GC(649) Old regions: 54->54
[2024-03-24T20:25:52.517+0800][1946.540s] GC(649) Humongous regions: 4->4
[2024-03-24T20:25:52.517+0800][1946.540s] GC(649) Metaspace: 65911K(66688K)->65911K(66688K) NonClass: 58513K(58944K)->58513K(58944K) Class: 7397K(7744K)->7397K(7744K)
[2024-03-24T20:25:52.517+0800][1946.540s] GC(649) Pause Young (Normal) (G1 Evacuation Pause) 363M->58M(512M) 6.119ms
[2024-03-24T20:25:52.517+0800][1946.540s] GC(649) User=0.00s Sys=0.00s Real=0.01s
[2024-03-24T20:25:54.944+0800][1948.971s] GC(650) Pause Young (Normal) (G1 Evacuation Pause)
[2024-03-24T20:25:54.944+0800][1948.971s] GC(650) Using 8 workers of 8 for evacuation
[2024-03-24T20:25:54.954+0800][1948.977s] GC(650)   Pre Evacuate Collection Set: 0.5ms
[2024-03-24T20:25:54.954+0800][1948.977s] GC(650)   Merge Heap Roots: 0.3ms
[2024-03-24T20:25:54.954+0800][1948.977s] GC(650)   Evacuate Collection Set: 3.4ms
[2024-03-24T20:25:54.954+0800][1948.977s] GC(650)   Post Evacuate Collection Set: 1.3ms
[2024-03-24T20:25:54.954+0800][1948.977s] GC(650)   Other: 0.2ms
[2024-03-24T20:25:54.954+0800][1948.977s] GC(650) Eden regions: 305->0(305)
[2024-03-24T20:25:54.954+0800][1948.977s] GC(650) Survivor regions: 2->2(39)
[2024-03-24T20:25:54.954+0800][1948.977s] GC(650) Old regions: 54->54
[2024-03-24T20:25:54.954+0800][1948.978s] GC(650) Humongous regions: 4->4
[2024-03-24T20:25:54.954+0800][1948.978s] GC(650) Metaspace: 65911K(66688K)->65911K(66688K) NonClass: 58513K(58944K)->58513K(58944K) Class: 7397K(7744K)->7397K(7744K)
[2024-03-24T20:25:54.954+0800][1948.978s] GC(650) Pause Young (Normal) (G1 Evacuation Pause) 363M->58M(512M) 6.526ms
[2024-03-24T20:25:54.954+0800][1948.978s] GC(650) User=0.00s Sys=0.00s Real=0.01s
[2024-03-24T20:25:57.611+0800][1951.635s] GC(651) Pause Young (Normal) (G1 Evacuation Pause)
[2024-03-24T20:25:57.611+0800][1951.635s] GC(651) Using 8 workers of 8 for evacuation
[2024-03-24T20:25:57.617+0800][1951.640s] GC(651)   Pre Evacuate Collection Set: 1.0ms
[2024-03-24T20:25:57.617+0800][1951.641s] GC(651)   Merge Heap Roots: 0.5ms
[2024-03-24T20:25:57.617+0800][1951.641s] GC(651)   Evacuate Collection Set: 2.5ms
[2024-03-24T20:25:57.617+0800][1951.641s] GC(651)   Post Evacuate Collection Set: 1.3ms
[2024-03-24T20:25:57.617+0800][1951.641s] GC(651)   Other: 0.3ms
[2024-03-24T20:25:57.617+0800][1951.641s] GC(651) Eden regions: 305->0(305)
[2024-03-24T20:25:57.617+0800][1951.641s] GC(651) Survivor regions: 2->2(39)
[2024-03-24T20:25:57.617+0800][1951.641s] GC(651) Old regions: 54->54
[2024-03-24T20:25:57.617+0800][1951.641s] GC(651) Humongous regions: 4->4
[2024-03-24T20:25:57.617+0800][1951.641s] GC(651) Metaspace: 65911K(66688K)->65911K(66688K) NonClass: 58513K(58944K)->58513K(58944K) Class: 7397K(7744K)->7397K(7744K)
[2024-03-24T20:25:57.617+0800][1951.641s] GC(651) Pause Young (Normal) (G1 Evacuation Pause) 363M->58M(512M) 6.397ms
[2024-03-24T20:25:57.617+0800][1951.641s] GC(651) User=0.00s Sys=0.00s Real=0.01s
[2024-03-24T20:26:00.312+0800][1954.336s] GC(652) Pause Young (Normal) (G1 Evacuation Pause)
[2024-03-24T20:26:00.312+0800][1954.337s] GC(652) Using 8 workers of 8 for evacuation
[2024-03-24T20:26:00.312+0800][1954.342s] GC(652)   Pre Evacuate Collection Set: 0.3ms
[2024-03-24T20:26:00.319+0800][1954.342s] GC(652)   Merge Heap Roots: 0.2ms
[2024-03-24T20:26:00.319+0800][1954.342s] GC(652)   Evacuate Collection Set: 3.6ms
[2024-03-24T20:26:00.319+0800][1954.342s] GC(652)   Post Evacuate Collection Set: 1.0ms
[2024-03-24T20:26:00.319+0800][1954.342s] GC(652)   Other: 0.2ms
[2024-03-24T20:26:00.319+0800][1954.342s] GC(652) Eden regions: 305->0(305)
[2024-03-24T20:26:00.319+0800][1954.342s] GC(652) Survivor regions: 2->2(39)
[2024-03-24T20:26:00.319+0800][1954.342s] GC(652) Old regions: 54->54
[2024-03-24T20:26:00.319+0800][1954.342s] GC(652) Humongous regions: 4->4
[2024-03-24T20:26:00.319+0800][1954.342s] GC(652) Metaspace: 65911K(66688K)->65911K(66688K) NonClass: 58513K(58944K)->58513K(58944K) Class: 7397K(7744K)->7397K(7744K)
[2024-03-24T20:26:00.319+0800][1954.343s] GC(652) Pause Young (Normal) (G1 Evacuation Pause) 363M->58M(512M) 6.059ms
[2024-03-24T20:26:00.319+0800][1954.343s] GC(652) User=0.00s Sys=0.00s Real=0.01s
[2024-03-24T20:26:02.905+0800][1956.928s] GC(653) Pause Young (Normal) (G1 Evacuation Pause)
[2024-03-24T20:26:02.905+0800][1956.928s] GC(653) Using 8 workers of 8 for evacuation
[2024-03-24T20:26:02.909+0800][1956.933s] GC(653)   Pre Evacuate Collection Set: 0.2ms
[2024-03-24T20:26:02.911+0800][1956.934s] GC(653)   Merge Heap Roots: 0.2ms
[2024-03-24T20:26:02.911+0800][1956.934s] GC(653)   Evacuate Collection Set: 3.7ms
[2024-03-24T20:26:02.911+0800][1956.934s] GC(653)   Post Evacuate Collection Set: 1.1ms
[2024-03-24T20:26:02.911+0800][1956.934s] GC(653)   Other: 0.1ms
[2024-03-24T20:26:02.911+0800][1956.934s] GC(653) Eden regions: 305->0(305)
[2024-03-24T20:26:02.911+0800][1956.934s] GC(653) Survivor regions: 2->2(39)
[2024-03-24T20:26:02.911+0800][1956.934s] GC(653) Old regions: 54->54
[2024-03-24T20:26:02.911+0800][1956.934s] GC(653) Humongous regions: 4->4
[2024-03-24T20:26:02.911+0800][1956.934s] GC(653) Metaspace: 65911K(66688K)->65911K(66688K) NonClass: 58513K(58944K)->58513K(58944K) Class: 7397K(7744K)->7397K(7744K)
[2024-03-24T20:26:02.911+0800][1956.934s] GC(653) Pause Young (Normal) (G1 Evacuation Pause) 363M->58M(512M) 6.278ms
[2024-03-24T20:26:02.911+0800][1956.934s] GC(653) User=0.00s Sys=0.00s Real=0.01s
[2024-03-24T20:26:05.417+0800][1959.440s] GC(654) Pause Young (Normal) (G1 Evacuation Pause)
[2024-03-24T20:26:05.417+0800][1959.440s] GC(654) Using 8 workers of 8 for evacuation
[2024-03-24T20:26:05.417+0800][1959.444s] GC(654)   Pre Evacuate Collection Set: 0.3ms
[2024-03-24T20:26:05.417+0800][1959.444s] GC(654)   Merge Heap Roots: 0.2ms
[2024-03-24T20:26:05.417+0800][1959.444s] GC(654)   Evacuate Collection Set: 2.4ms
[2024-03-24T20:26:05.417+0800][1959.444s] GC(654)   Post Evacuate Collection Set: 0.9ms
[2024-03-24T20:26:05.417+0800][1959.444s] GC(654)   Other: 0.1ms
[2024-03-24T20:26:05.417+0800][1959.444s] GC(654) Eden regions: 305->0(305)
[2024-03-24T20:26:05.417+0800][1959.444s] GC(654) Survivor regions: 2->2(39)
[2024-03-24T20:26:05.417+0800][1959.444s] GC(654) Old regions: 54->54
[2024-03-24T20:26:05.417+0800][1959.444s] GC(654) Humongous regions: 4->4
[2024-03-24T20:26:05.417+0800][1959.444s] GC(654) Metaspace: 65911K(66688K)->65911K(66688K) NonClass: 58513K(58944K)->58513K(58944K) Class: 7397K(7744K)->7397K(7744K)
[2024-03-24T20:26:05.417+0800][1959.444s] GC(654) Pause Young (Normal) (G1 Evacuation Pause) 363M->58M(512M) 4.735ms
[2024-03-24T20:26:05.417+0800][1959.445s] GC(654) User=0.00s Sys=0.00s Real=0.00s
[2024-03-24T20:26:08.062+0800][1962.086s] GC(655) Pause Young (Normal) (G1 Evacuation Pause)
[2024-03-24T20:26:08.062+0800][1962.086s] GC(655) Using 8 workers of 8 for evacuation
[2024-03-24T20:26:08.066+0800][1962.092s] GC(655)   Pre Evacuate Collection Set: 0.4ms
[2024-03-24T20:26:08.066+0800][1962.092s] GC(655)   Merge Heap Roots: 0.2ms
[2024-03-24T20:26:08.066+0800][1962.092s] GC(655)   Evacuate Collection Set: 4.0ms
[2024-03-24T20:26:08.066+0800][1962.093s] GC(655)   Post Evacuate Collection Set: 1.2ms
[2024-03-24T20:26:08.066+0800][1962.093s] GC(655)   Other: 0.2ms
[2024-03-24T20:26:08.066+0800][1962.093s] GC(655) Eden regions: 305->0(305)
[2024-03-24T20:26:08.066+0800][1962.093s] GC(655) Survivor regions: 2->2(39)
[2024-03-24T20:26:08.066+0800][1962.093s] GC(655) Old regions: 54->54
[2024-03-24T20:26:08.066+0800][1962.093s] GC(655) Humongous regions: 4->4
[2024-03-24T20:26:08.066+0800][1962.093s] GC(655) Metaspace: 65911K(66688K)->65911K(66688K) NonClass: 58513K(58944K)->58513K(58944K) Class: 7397K(7744K)->7397K(7744K)
[2024-03-24T20:26:08.066+0800][1962.093s] GC(655) Pause Young (Normal) (G1 Evacuation Pause) 363M->58M(512M) 6.655ms
[2024-03-24T20:26:08.066+0800][1962.093s] GC(655) User=0.00s Sys=0.00s Real=0.00s
[2024-03-24T20:26:10.758+0800][1964.781s] GC(656) Pause Young (Normal) (G1 Evacuation Pause)
[2024-03-24T20:26:10.758+0800][1964.782s] GC(656) Using 8 workers of 8 for evacuation
[2024-03-24T20:26:10.761+0800][1964.787s] GC(656)   Pre Evacuate Collection Set: 0.4ms
[2024-03-24T20:26:10.761+0800][1964.787s] GC(656)   Merge Heap Roots: 0.4ms
[2024-03-24T20:26:10.761+0800][1964.787s] GC(656)   Evacuate Collection Set: 2.6ms
[2024-03-24T20:26:10.761+0800][1964.787s] GC(656)   Post Evacuate Collection Set: 1.7ms
[2024-03-24T20:26:10.761+0800][1964.787s] GC(656)   Other: 0.3ms
[2024-03-24T20:26:10.761+0800][1964.787s] GC(656) Eden regions: 305->0(305)
[2024-03-24T20:26:10.761+0800][1964.787s] GC(656) Survivor regions: 2->2(39)
[2024-03-24T20:26:10.761+0800][1964.787s] GC(656) Old regions: 54->54
[2024-03-24T20:26:10.761+0800][1964.787s] GC(656) Humongous regions: 4->4
[2024-03-24T20:26:10.761+0800][1964.787s] GC(656) Metaspace: 65911K(66688K)->65911K(66688K) NonClass: 58513K(58944K)->58513K(58944K) Class: 7397K(7744K)->7397K(7744K)
[2024-03-24T20:26:10.761+0800][1964.787s] GC(656) Pause Young (Normal) (G1 Evacuation Pause) 363M->58M(512M) 6.057ms
[2024-03-24T20:26:10.761+0800][1964.788s] GC(656) User=0.05s Sys=0.00s Real=0.00s
[2024-03-24T20:26:13.284+0800][1967.314s] GC(657) Pause Young (Normal) (G1 Evacuation Pause)
[2024-03-24T20:26:13.284+0800][1967.314s] GC(657) Using 8 workers of 8 for evacuation
[2024-03-24T20:26:13.294+0800][1967.321s] GC(657)   Pre Evacuate Collection Set: 0.6ms
[2024-03-24T20:26:13.294+0800][1967.321s] GC(657)   Merge Heap Roots: 0.7ms
[2024-03-24T20:26:13.294+0800][1967.321s] GC(657)   Evacuate Collection Set: 3.1ms
[2024-03-24T20:26:13.294+0800][1967.321s] GC(657)   Post Evacuate Collection Set: 1.7ms
[2024-03-24T20:26:13.294+0800][1967.321s] GC(657)   Other: 0.4ms
[2024-03-24T20:26:13.299+0800][1967.321s] GC(657) Eden regions: 305->0(305)
[2024-03-24T20:26:13.299+0800][1967.321s] GC(657) Survivor regions: 2->2(39)
[2024-03-24T20:26:13.299+0800][1967.321s] GC(657) Old regions: 54->54
[2024-03-24T20:26:13.299+0800][1967.321s] GC(657) Humongous regions: 4->4
[2024-03-24T20:26:13.299+0800][1967.321s] GC(657) Metaspace: 65911K(66688K)->65911K(66688K) NonClass: 58513K(58944K)->58513K(58944K) Class: 7397K(7744K)->7397K(7744K)
[2024-03-24T20:26:13.299+0800][1967.321s] GC(657) Pause Young (Normal) (G1 Evacuation Pause) 363M->58M(512M) 7.230ms
[2024-03-24T20:26:13.299+0800][1967.322s] GC(657) User=0.02s Sys=0.00s Real=0.02s
[2024-03-24T20:26:15.886+0800][1969.910s] GC(658) Pause Young (Normal) (G1 Evacuation Pause)
[2024-03-24T20:26:15.886+0800][1969.910s] GC(658) Using 8 workers of 8 for evacuation
[2024-03-24T20:26:15.886+0800][1969.916s] GC(658)   Pre Evacuate Collection Set: 0.3ms
[2024-03-24T20:26:15.886+0800][1969.916s] GC(658)   Merge Heap Roots: 0.2ms
[2024-03-24T20:26:15.886+0800][1969.916s] GC(658)   Evacuate Collection Set: 3.2ms
[2024-03-24T20:26:15.886+0800][1969.916s] GC(658)   Post Evacuate Collection Set: 1.4ms
[2024-03-24T20:26:15.886+0800][1969.916s] GC(658)   Other: 0.2ms
[2024-03-24T20:26:15.886+0800][1969.916s] GC(658) Eden regions: 305->0(305)
[2024-03-24T20:26:15.886+0800][1969.916s] GC(658) Survivor regions: 2->2(39)
[2024-03-24T20:26:15.886+0800][1969.916s] GC(658) Old regions: 54->54
[2024-03-24T20:26:15.886+0800][1969.916s] GC(658) Humongous regions: 4->4
[2024-03-24T20:26:15.886+0800][1969.916s] GC(658) Metaspace: 65911K(66688K)->65911K(66688K) NonClass: 58513K(58944K)->58513K(58944K) Class: 7397K(7744K)->7397K(7744K)
[2024-03-24T20:26:15.886+0800][1969.916s] GC(658) Pause Young (Normal) (G1 Evacuation Pause) 363M->58M(512M) 6.049ms
[2024-03-24T20:26:15.886+0800][1969.916s] GC(658) User=0.00s Sys=0.00s Real=0.00s
[2024-03-24T20:26:18.558+0800][1972.587s] GC(659) Pause Young (Normal) (G1 Evacuation Pause)
[2024-03-24T20:26:18.558+0800][1972.587s] GC(659) Using 8 workers of 8 for evacuation
[2024-03-24T20:26:18.569+0800][1972.593s] GC(659)   Pre Evacuate Collection Set: 0.3ms
[2024-03-24T20:26:18.569+0800][1972.593s] GC(659)   Merge Heap Roots: 0.2ms
[2024-03-24T20:26:18.569+0800][1972.593s] GC(659)   Evacuate Collection Set: 3.2ms
[2024-03-24T20:26:18.569+0800][1972.593s] GC(659)   Post Evacuate Collection Set: 1.4ms
[2024-03-24T20:26:18.569+0800][1972.593s] GC(659)   Other: 0.2ms
[2024-03-24T20:26:18.569+0800][1972.593s] GC(659) Eden regions: 305->0(305)
[2024-03-24T20:26:18.569+0800][1972.593s] GC(659) Survivor regions: 2->2(39)
[2024-03-24T20:26:18.569+0800][1972.593s] GC(659) Old regions: 54->54
[2024-03-24T20:26:18.569+0800][1972.593s] GC(659) Humongous regions: 4->4
[2024-03-24T20:26:18.569+0800][1972.593s] GC(659) Metaspace: 65911K(66688K)->65911K(66688K) NonClass: 58513K(58944K)->58513K(58944K) Class: 7397K(7744K)->7397K(7744K)
[2024-03-24T20:26:18.569+0800][1972.593s] GC(659) Pause Young (Normal) (G1 Evacuation Pause) 363M->58M(512M) 5.901ms
[2024-03-24T20:26:18.569+0800][1972.593s] GC(659) User=0.00s Sys=0.00s Real=0.01s
[2024-03-24T20:26:21.135+0800][1975.163s] GC(660) Pause Young (Normal) (G1 Evacuation Pause)
[2024-03-24T20:26:21.135+0800][1975.163s] GC(660) Using 8 workers of 8 for evacuation
[2024-03-24T20:26:21.146+0800][1975.168s] GC(660)   Pre Evacuate Collection Set: 0.3ms
[2024-03-24T20:26:21.146+0800][1975.168s] GC(660)   Merge Heap Roots: 0.2ms
[2024-03-24T20:26:21.146+0800][1975.168s] GC(660)   Evacuate Collection Set: 3.3ms
[2024-03-24T20:26:21.146+0800][1975.169s] GC(660)   Post Evacuate Collection Set: 1.1ms
[2024-03-24T20:26:21.146+0800][1975.169s] GC(660)   Other: 0.2ms
[2024-03-24T20:26:21.146+0800][1975.169s] GC(660) Eden regions: 305->0(305)
[2024-03-24T20:26:21.146+0800][1975.169s] GC(660) Survivor regions: 2->2(39)
[2024-03-24T20:26:21.146+0800][1975.169s] GC(660) Old regions: 54->54
[2024-03-24T20:26:21.146+0800][1975.169s] GC(660) Humongous regions: 4->4
[2024-03-24T20:26:21.146+0800][1975.169s] GC(660) Metaspace: 65911K(66688K)->65911K(66688K) NonClass: 58513K(58944K)->58513K(58944K) Class: 7397K(7744K)->7397K(7744K)
[2024-03-24T20:26:21.146+0800][1975.169s] GC(660) Pause Young (Normal) (G1 Evacuation Pause) 363M->58M(512M) 5.916ms
[2024-03-24T20:26:21.146+0800][1975.169s] GC(660) User=0.00s Sys=0.00s Real=0.01s
[2024-03-24T20:26:23.682+0800][1977.707s] GC(661) Pause Young (Normal) (G1 Evacuation Pause)
[2024-03-24T20:26:23.682+0800][1977.707s] GC(661) Using 8 workers of 8 for evacuation
[2024-03-24T20:26:23.687+0800][1977.713s] GC(661)   Pre Evacuate Collection Set: 0.4ms
[2024-03-24T20:26:23.687+0800][1977.713s] GC(661)   Merge Heap Roots: 0.2ms
[2024-03-24T20:26:23.687+0800][1977.713s] GC(661)   Evacuate Collection Set: 3.6ms
[2024-03-24T20:26:23.687+0800][1977.714s] GC(661)   Post Evacuate Collection Set: 1.4ms
[2024-03-24T20:26:23.687+0800][1977.714s] GC(661)   Other: 0.3ms
[2024-03-24T20:26:23.687+0800][1977.714s] GC(661) Eden regions: 305->0(305)
[2024-03-24T20:26:23.687+0800][1977.714s] GC(661) Survivor regions: 2->2(39)
[2024-03-24T20:26:23.687+0800][1977.714s] GC(661) Old regions: 54->54
[2024-03-24T20:26:23.687+0800][1977.714s] GC(661) Humongous regions: 4->4
[2024-03-24T20:26:23.687+0800][1977.714s] GC(661) Metaspace: 65911K(66688K)->65911K(66688K) NonClass: 58513K(58944K)->58513K(58944K) Class: 7397K(7744K)->7397K(7744K)
[2024-03-24T20:26:23.687+0800][1977.714s] GC(661) Pause Young (Normal) (G1 Evacuation Pause) 363M->58M(512M) 6.781ms
[2024-03-24T20:26:23.687+0800][1977.714s] GC(661) User=0.00s Sys=0.00s Real=0.01s
[2024-03-24T20:26:26.192+0800][1980.214s] GC(662) Pause Young (Normal) (G1 Evacuation Pause)
[2024-03-24T20:26:26.192+0800][1980.214s] GC(662) Using 8 workers of 8 for evacuation
[2024-03-24T20:26:26.192+0800][1980.220s] GC(662)   Pre Evacuate Collection Set: 0.3ms
[2024-03-24T20:26:26.192+0800][1980.220s] GC(662)   Merge Heap Roots: 0.5ms
[2024-03-24T20:26:26.192+0800][1980.220s] GC(662)   Evacuate Collection Set: 2.3ms
[2024-03-24T20:26:26.192+0800][1980.220s] GC(662)   Post Evacuate Collection Set: 1.9ms
[2024-03-24T20:26:26.192+0800][1980.220s] GC(662)   Other: 0.2ms
[2024-03-24T20:26:26.192+0800][1980.220s] GC(662) Eden regions: 305->0(305)
[2024-03-24T20:26:26.192+0800][1980.220s] GC(662) Survivor regions: 2->2(39)
[2024-03-24T20:26:26.192+0800][1980.220s] GC(662) Old regions: 54->54
[2024-03-24T20:26:26.192+0800][1980.220s] GC(662) Humongous regions: 4->4
[2024-03-24T20:26:26.192+0800][1980.220s] GC(662) Metaspace: 65911K(66688K)->65911K(66688K) NonClass: 58513K(58944K)->58513K(58944K) Class: 7397K(7744K)->7397K(7744K)
[2024-03-24T20:26:26.192+0800][1980.220s] GC(662) Pause Young (Normal) (G1 Evacuation Pause) 363M->58M(512M) 5.922ms
[2024-03-24T20:26:26.192+0800][1980.220s] GC(662) User=0.00s Sys=0.00s Real=0.00s
[2024-03-24T20:26:28.760+0800][1982.784s] GC(663) Pause Young (Normal) (G1 Evacuation Pause)
[2024-03-24T20:26:28.761+0800][1982.784s] GC(663) Using 8 workers of 8 for evacuation
[2024-03-24T20:26:28.766+0800][1982.789s] GC(663)   Pre Evacuate Collection Set: 0.4ms
[2024-03-24T20:26:28.766+0800][1982.789s] GC(663)   Merge Heap Roots: 0.1ms
[2024-03-24T20:26:28.766+0800][1982.789s] GC(663)   Evacuate Collection Set: 3.3ms
[2024-03-24T20:26:28.766+0800][1982.789s] GC(663)   Post Evacuate Collection Set: 0.7ms
[2024-03-24T20:26:28.766+0800][1982.789s] GC(663)   Other: 0.2ms
[2024-03-24T20:26:28.766+0800][1982.789s] GC(663) Eden regions: 305->0(305)
[2024-03-24T20:26:28.766+0800][1982.789s] GC(663) Survivor regions: 2->2(39)
[2024-03-24T20:26:28.766+0800][1982.789s] GC(663) Old regions: 54->54
[2024-03-24T20:26:28.766+0800][1982.789s] GC(663) Humongous regions: 4->4
[2024-03-24T20:26:28.766+0800][1982.789s] GC(663) Metaspace: 65911K(66688K)->65911K(66688K) NonClass: 58513K(58944K)->58513K(58944K) Class: 7397K(7744K)->7397K(7744K)
[2024-03-24T20:26:28.766+0800][1982.789s] GC(663) Pause Young (Normal) (G1 Evacuation Pause) 363M->58M(512M) 5.343ms
[2024-03-24T20:26:28.766+0800][1982.789s] GC(663) User=0.02s Sys=0.00s Real=0.01s
[2024-03-24T20:26:31.431+0800][1985.455s] GC(664) Pause Young (Normal) (G1 Evacuation Pause)
[2024-03-24T20:26:31.431+0800][1985.455s] GC(664) Using 8 workers of 8 for evacuation
[2024-03-24T20:26:31.434+0800][1985.461s] GC(664)   Pre Evacuate Collection Set: 0.4ms
[2024-03-24T20:26:31.434+0800][1985.461s] GC(664)   Merge Heap Roots: 0.2ms
[2024-03-24T20:26:31.434+0800][1985.461s] GC(664)   Evacuate Collection Set: 3.9ms
[2024-03-24T20:26:31.434+0800][1985.461s] GC(664)   Post Evacuate Collection Set: 1.2ms
[2024-03-24T20:26:31.434+0800][1985.461s] GC(664)   Other: 0.2ms
[2024-03-24T20:26:31.434+0800][1985.461s] GC(664) Eden regions: 305->0(305)
[2024-03-24T20:26:31.434+0800][1985.461s] GC(664) Survivor regions: 2->2(39)
[2024-03-24T20:26:31.434+0800][1985.461s] GC(664) Old regions: 54->54
[2024-03-24T20:26:31.434+0800][1985.461s] GC(664) Humongous regions: 4->4
[2024-03-24T20:26:31.434+0800][1985.461s] GC(664) Metaspace: 65911K(66688K)->65911K(66688K) NonClass: 58513K(58944K)->58513K(58944K) Class: 7397K(7744K)->7397K(7744K)
[2024-03-24T20:26:31.434+0800][1985.461s] GC(664) Pause Young (Normal) (G1 Evacuation Pause) 363M->58M(512M) 6.502ms
[2024-03-24T20:26:31.434+0800][1985.461s] GC(664) User=0.00s Sys=0.00s Real=0.00s
[2024-03-24T20:26:34.048+0800][1988.073s] GC(665) Pause Young (Normal) (G1 Evacuation Pause)
[2024-03-24T20:26:34.051+0800][1988.073s] GC(665) Using 8 workers of 8 for evacuation
[2024-03-24T20:26:34.051+0800][1988.080s] GC(665)   Pre Evacuate Collection Set: 0.3ms
[2024-03-24T20:26:34.051+0800][1988.080s] GC(665)   Merge Heap Roots: 0.2ms
[2024-03-24T20:26:34.051+0800][1988.080s] GC(665)   Evacuate Collection Set: 4.6ms
[2024-03-24T20:26:34.051+0800][1988.080s] GC(665)   Post Evacuate Collection Set: 1.2ms
[2024-03-24T20:26:34.051+0800][1988.080s] GC(665)   Other: 0.2ms
[2024-03-24T20:26:34.051+0800][1988.080s] GC(665) Eden regions: 305->0(305)
[2024-03-24T20:26:34.051+0800][1988.080s] GC(665) Survivor regions: 2->2(39)
[2024-03-24T20:26:34.051+0800][1988.080s] GC(665) Old regions: 54->54
[2024-03-24T20:26:34.051+0800][1988.080s] GC(665) Humongous regions: 4->4
[2024-03-24T20:26:34.051+0800][1988.080s] GC(665) Metaspace: 65911K(66688K)->65911K(66688K) NonClass: 58513K(58944K)->58513K(58944K) Class: 7397K(7744K)->7397K(7744K)
[2024-03-24T20:26:34.051+0800][1988.080s] GC(665) Pause Young (Normal) (G1 Evacuation Pause) 363M->58M(512M) 7.273ms
[2024-03-24T20:26:34.051+0800][1988.080s] GC(665) User=0.00s Sys=0.00s Real=0.00s
[2024-03-24T20:26:36.537+0800][1990.561s] GC(666) Pause Young (Normal) (G1 Evacuation Pause)
[2024-03-24T20:26:36.537+0800][1990.562s] GC(666) Using 8 workers of 8 for evacuation
[2024-03-24T20:26:36.542+0800][1990.566s] GC(666)   Pre Evacuate Collection Set: 0.3ms
[2024-03-24T20:26:36.542+0800][1990.566s] GC(666)   Merge Heap Roots: 0.2ms
[2024-03-24T20:26:36.542+0800][1990.566s] GC(666)   Evacuate Collection Set: 2.5ms
[2024-03-24T20:26:36.542+0800][1990.566s] GC(666)   Post Evacuate Collection Set: 1.2ms
[2024-03-24T20:26:36.542+0800][1990.566s] GC(666)   Other: 0.2ms
[2024-03-24T20:26:36.542+0800][1990.566s] GC(666) Eden regions: 305->0(305)
[2024-03-24T20:26:36.542+0800][1990.566s] GC(666) Survivor regions: 2->2(39)
[2024-03-24T20:26:36.542+0800][1990.566s] GC(666) Old regions: 54->54
[2024-03-24T20:26:36.542+0800][1990.567s] GC(666) Humongous regions: 4->4
[2024-03-24T20:26:36.542+0800][1990.567s] GC(666) Metaspace: 65911K(66688K)->65911K(66688K) NonClass: 58513K(58944K)->58513K(58944K) Class: 7397K(7744K)->7397K(7744K)
[2024-03-24T20:26:36.542+0800][1990.567s] GC(666) Pause Young (Normal) (G1 Evacuation Pause) 363M->58M(512M) 5.168ms
[2024-03-24T20:26:36.542+0800][1990.567s] GC(666) User=0.00s Sys=0.00s Real=0.01s
[2024-03-24T20:26:39.177+0800][1993.204s] GC(667) Pause Young (Normal) (G1 Evacuation Pause)
[2024-03-24T20:26:39.177+0800][1993.204s] GC(667) Using 8 workers of 8 for evacuation
[2024-03-24T20:26:39.186+0800][1993.210s] GC(667)   Pre Evacuate Collection Set: 0.4ms
[2024-03-24T20:26:39.186+0800][1993.210s] GC(667)   Merge Heap Roots: 0.4ms
[2024-03-24T20:26:39.186+0800][1993.210s] GC(667)   Evacuate Collection Set: 3.6ms
[2024-03-24T20:26:39.186+0800][1993.210s] GC(667)   Post Evacuate Collection Set: 1.5ms
[2024-03-24T20:26:39.186+0800][1993.210s] GC(667)   Other: 0.2ms
[2024-03-24T20:26:39.186+0800][1993.210s] GC(667) Eden regions: 305->0(305)
[2024-03-24T20:26:39.186+0800][1993.210s] GC(667) Survivor regions: 2->2(39)
[2024-03-24T20:26:39.186+0800][1993.210s] GC(667) Old regions: 54->54
[2024-03-24T20:26:39.186+0800][1993.210s] GC(667) Humongous regions: 4->4
[2024-03-24T20:26:39.186+0800][1993.210s] GC(667) Metaspace: 65911K(66688K)->65911K(66688K) NonClass: 58513K(58944K)->58513K(58944K) Class: 7397K(7744K)->7397K(7744K)
[2024-03-24T20:26:39.186+0800][1993.211s] GC(667) Pause Young (Normal) (G1 Evacuation Pause) 363M->58M(512M) 6.684ms
[2024-03-24T20:26:39.186+0800][1993.211s] GC(667) User=0.00s Sys=0.00s Real=0.01s
[2024-03-24T20:26:41.692+0800][1995.716s] GC(668) Pause Young (Normal) (G1 Evacuation Pause)
[2024-03-24T20:26:41.692+0800][1995.716s] GC(668) Using 8 workers of 8 for evacuation
[2024-03-24T20:26:41.698+0800][1995.722s] GC(668)   Pre Evacuate Collection Set: 0.5ms
[2024-03-24T20:26:41.698+0800][1995.722s] GC(668)   Merge Heap Roots: 0.2ms
[2024-03-24T20:26:41.698+0800][1995.722s] GC(668)   Evacuate Collection Set: 3.7ms
[2024-03-24T20:26:41.698+0800][1995.722s] GC(668)   Post Evacuate Collection Set: 1.2ms
[2024-03-24T20:26:41.698+0800][1995.722s] GC(668)   Other: 0.4ms
[2024-03-24T20:26:41.698+0800][1995.722s] GC(668) Eden regions: 305->0(305)
[2024-03-24T20:26:41.698+0800][1995.722s] GC(668) Survivor regions: 2->2(39)
[2024-03-24T20:26:41.698+0800][1995.722s] GC(668) Old regions: 54->54
[2024-03-24T20:26:41.698+0800][1995.722s] GC(668) Humongous regions: 4->4
[2024-03-24T20:26:41.698+0800][1995.722s] GC(668) Metaspace: 65911K(66688K)->65911K(66688K) NonClass: 58513K(58944K)->58513K(58944K) Class: 7397K(7744K)->7397K(7744K)
[2024-03-24T20:26:41.698+0800][1995.722s] GC(668) Pause Young (Normal) (G1 Evacuation Pause) 363M->58M(512M) 6.563ms
[2024-03-24T20:26:41.698+0800][1995.722s] GC(668) User=0.00s Sys=0.02s Real=0.01s
[2024-03-24T20:26:44.363+0800][1998.390s] GC(669) Pause Young (Normal) (G1 Evacuation Pause)
[2024-03-24T20:26:44.363+0800][1998.390s] GC(669) Using 8 workers of 8 for evacuation
[2024-03-24T20:26:44.369+0800][1998.395s] GC(669)   Pre Evacuate Collection Set: 0.5ms
[2024-03-24T20:26:44.369+0800][1998.395s] GC(669)   Merge Heap Roots: 0.6ms
[2024-03-24T20:26:44.369+0800][1998.395s] GC(669)   Evacuate Collection Set: 2.8ms
[2024-03-24T20:26:44.369+0800][1998.395s] GC(669)   Post Evacuate Collection Set: 0.9ms
[2024-03-24T20:26:44.369+0800][1998.396s] GC(669)   Other: 0.2ms
[2024-03-24T20:26:44.373+0800][1998.396s] GC(669) Eden regions: 305->0(305)
[2024-03-24T20:26:44.373+0800][1998.396s] GC(669) Survivor regions: 2->2(39)
[2024-03-24T20:26:44.373+0800][1998.396s] GC(669) Old regions: 54->54
[2024-03-24T20:26:44.373+0800][1998.396s] GC(669) Humongous regions: 4->4
[2024-03-24T20:26:44.373+0800][1998.396s] GC(669) Metaspace: 65911K(66688K)->65911K(66688K) NonClass: 58513K(58944K)->58513K(58944K) Class: 7397K(7744K)->7397K(7744K)
[2024-03-24T20:26:44.373+0800][1998.396s] GC(669) Pause Young (Normal) (G1 Evacuation Pause) 363M->59M(512M) 5.774ms
[2024-03-24T20:26:44.373+0800][1998.396s] GC(669) User=0.03s Sys=0.02s Real=0.01s
[2024-03-24T20:26:46.965+0800][2000.990s] GC(670) Pause Young (Normal) (G1 Evacuation Pause)
[2024-03-24T20:26:46.965+0800][2000.990s] GC(670) Using 8 workers of 8 for evacuation
[2024-03-24T20:26:46.971+0800][2000.995s] GC(670)   Pre Evacuate Collection Set: 0.3ms
[2024-03-24T20:26:46.971+0800][2000.995s] GC(670)   Merge Heap Roots: 0.2ms
[2024-03-24T20:26:46.971+0800][2000.996s] GC(670)   Evacuate Collection Set: 3.2ms
[2024-03-24T20:26:46.971+0800][2000.996s] GC(670)   Post Evacuate Collection Set: 1.2ms
[2024-03-24T20:26:46.971+0800][2000.996s] GC(670)   Other: 0.2ms
[2024-03-24T20:26:46.971+0800][2000.996s] GC(670) Eden regions: 305->0(305)
[2024-03-24T20:26:46.971+0800][2000.996s] GC(670) Survivor regions: 2->2(39)
[2024-03-24T20:26:46.971+0800][2000.996s] GC(670) Old regions: 54->54
[2024-03-24T20:26:46.971+0800][2000.996s] GC(670) Humongous regions: 4->4
[2024-03-24T20:26:46.971+0800][2000.996s] GC(670) Metaspace: 65911K(66688K)->65911K(66688K) NonClass: 58513K(58944K)->58513K(58944K) Class: 7397K(7744K)->7397K(7744K)
[2024-03-24T20:26:46.971+0800][2000.996s] GC(670) Pause Young (Normal) (G1 Evacuation Pause) 364M->58M(512M) 5.886ms
[2024-03-24T20:26:46.971+0800][2000.996s] GC(670) User=0.00s Sys=0.00s Real=0.01s
[2024-03-24T20:26:49.446+0800][2003.476s] GC(671) Pause Young (Normal) (G1 Evacuation Pause)
[2024-03-24T20:26:49.446+0800][2003.476s] GC(671) Using 8 workers of 8 for evacuation
[2024-03-24T20:26:49.457+0800][2003.482s] GC(671)   Pre Evacuate Collection Set: 0.4ms
[2024-03-24T20:26:49.457+0800][2003.482s] GC(671)   Merge Heap Roots: 0.2ms
[2024-03-24T20:26:49.457+0800][2003.482s] GC(671)   Evacuate Collection Set: 3.8ms
[2024-03-24T20:26:49.457+0800][2003.482s] GC(671)   Post Evacuate Collection Set: 1.4ms
[2024-03-24T20:26:49.457+0800][2003.482s] GC(671)   Other: 0.2ms
[2024-03-24T20:26:49.457+0800][2003.482s] GC(671) Eden regions: 305->0(305)
[2024-03-24T20:26:49.457+0800][2003.482s] GC(671) Survivor regions: 2->2(39)
[2024-03-24T20:26:49.457+0800][2003.482s] GC(671) Old regions: 54->54
[2024-03-24T20:26:49.457+0800][2003.482s] GC(671) Humongous regions: 4->4
[2024-03-24T20:26:49.457+0800][2003.482s] GC(671) Metaspace: 65911K(66688K)->65911K(66688K) NonClass: 58513K(58944K)->58513K(58944K) Class: 7397K(7744K)->7397K(7744K)
[2024-03-24T20:26:49.457+0800][2003.482s] GC(671) Pause Young (Normal) (G1 Evacuation Pause) 363M->58M(512M) 6.563ms
[2024-03-24T20:26:49.457+0800][2003.482s] GC(671) User=0.00s Sys=0.00s Real=0.01s
[2024-03-24T20:26:52.146+0800][2006.176s] GC(672) Pause Young (Normal) (G1 Evacuation Pause)
[2024-03-24T20:26:52.146+0800][2006.176s] GC(672) Using 8 workers of 8 for evacuation
[2024-03-24T20:26:52.157+0800][2006.181s] GC(672)   Pre Evacuate Collection Set: 0.4ms
[2024-03-24T20:26:52.157+0800][2006.182s] GC(672)   Merge Heap Roots: 0.4ms
[2024-03-24T20:26:52.157+0800][2006.182s] GC(672)   Evacuate Collection Set: 2.6ms
[2024-03-24T20:26:52.157+0800][2006.182s] GC(672)   Post Evacuate Collection Set: 1.3ms
[2024-03-24T20:26:52.157+0800][2006.182s] GC(672)   Other: 0.2ms
[2024-03-24T20:26:52.157+0800][2006.182s] GC(672) Eden regions: 305->0(305)
[2024-03-24T20:26:52.157+0800][2006.182s] GC(672) Survivor regions: 2->2(39)
[2024-03-24T20:26:52.157+0800][2006.182s] GC(672) Old regions: 54->54
[2024-03-24T20:26:52.157+0800][2006.182s] GC(672) Humongous regions: 4->4
[2024-03-24T20:26:52.157+0800][2006.182s] GC(672) Metaspace: 65911K(66688K)->65911K(66688K) NonClass: 58513K(58944K)->58513K(58944K) Class: 7397K(7744K)->7397K(7744K)
[2024-03-24T20:26:52.157+0800][2006.182s] GC(672) Pause Young (Normal) (G1 Evacuation Pause) 363M->58M(512M) 5.655ms
[2024-03-24T20:26:52.157+0800][2006.182s] GC(672) User=0.00s Sys=0.00s Real=0.01s
[2024-03-24T20:26:54.674+0800][2008.697s] GC(673) Pause Young (Normal) (G1 Evacuation Pause)
[2024-03-24T20:26:54.674+0800][2008.697s] GC(673) Using 8 workers of 8 for evacuation
[2024-03-24T20:26:54.679+0800][2008.704s] GC(673)   Pre Evacuate Collection Set: 0.4ms
[2024-03-24T20:26:54.679+0800][2008.705s] GC(673)   Merge Heap Roots: 0.4ms
[2024-03-24T20:26:54.679+0800][2008.705s] GC(673)   Evacuate Collection Set: 5.2ms
[2024-03-24T20:26:54.679+0800][2008.705s] GC(673)   Post Evacuate Collection Set: 1.2ms
[2024-03-24T20:26:54.679+0800][2008.705s] GC(673)   Other: 0.2ms
[2024-03-24T20:26:54.679+0800][2008.705s] GC(673) Eden regions: 305->0(305)
[2024-03-24T20:26:54.679+0800][2008.705s] GC(673) Survivor regions: 2->2(39)
[2024-03-24T20:26:54.679+0800][2008.705s] GC(673) Old regions: 54->54
[2024-03-24T20:26:54.679+0800][2008.705s] GC(673) Humongous regions: 4->4
[2024-03-24T20:26:54.679+0800][2008.705s] GC(673) Metaspace: 65911K(66688K)->65911K(66688K) NonClass: 58513K(58944K)->58513K(58944K) Class: 7397K(7744K)->7397K(7744K)
[2024-03-24T20:26:54.679+0800][2008.705s] GC(673) Pause Young (Normal) (G1 Evacuation Pause) 363M->58M(512M) 8.069ms
[2024-03-24T20:26:54.679+0800][2008.705s] GC(673) User=0.00s Sys=0.00s Real=0.00s
[2024-03-24T20:26:57.034+0800][2011.059s] GC(674) Pause Young (Normal) (G1 Evacuation Pause)
[2024-03-24T20:26:57.034+0800][2011.059s] GC(674) Using 8 workers of 8 for evacuation
[2024-03-24T20:26:57.042+0800][2011.065s] GC(674)   Pre Evacuate Collection Set: 0.3ms
[2024-03-24T20:26:57.042+0800][2011.065s] GC(674)   Merge Heap Roots: 0.2ms
[2024-03-24T20:26:57.042+0800][2011.065s] GC(674)   Evacuate Collection Set: 3.6ms
[2024-03-24T20:26:57.042+0800][2011.065s] GC(674)   Post Evacuate Collection Set: 1.3ms
[2024-03-24T20:26:57.042+0800][2011.065s] GC(674)   Other: 0.2ms
[2024-03-24T20:26:57.042+0800][2011.065s] GC(674) Eden regions: 305->0(305)
[2024-03-24T20:26:57.042+0800][2011.065s] GC(674) Survivor regions: 2->2(39)
[2024-03-24T20:26:57.042+0800][2011.065s] GC(674) Old regions: 54->54
[2024-03-24T20:26:57.042+0800][2011.065s] GC(674) Humongous regions: 4->4
[2024-03-24T20:26:57.042+0800][2011.065s] GC(674) Metaspace: 65911K(66688K)->65911K(66688K) NonClass: 58513K(58944K)->58513K(58944K) Class: 7397K(7744K)->7397K(7744K)
[2024-03-24T20:26:57.042+0800][2011.065s] GC(674) Pause Young (Normal) (G1 Evacuation Pause) 363M->59M(512M) 6.207ms
[2024-03-24T20:26:57.042+0800][2011.065s] GC(674) User=0.02s Sys=0.00s Real=0.01s
[2024-03-24T20:26:59.606+0800][2013.631s] GC(675) Pause Young (Normal) (G1 Evacuation Pause)
[2024-03-24T20:26:59.606+0800][2013.631s] GC(675) Using 8 workers of 8 for evacuation
[2024-03-24T20:26:59.609+0800][2013.635s] GC(675)   Pre Evacuate Collection Set: 0.3ms
[2024-03-24T20:26:59.609+0800][2013.635s] GC(675)   Merge Heap Roots: 0.4ms
[2024-03-24T20:26:59.609+0800][2013.635s] GC(675)   Evacuate Collection Set: 2.0ms
[2024-03-24T20:26:59.609+0800][2013.635s] GC(675)   Post Evacuate Collection Set: 1.3ms
[2024-03-24T20:26:59.609+0800][2013.635s] GC(675)   Other: 0.3ms
[2024-03-24T20:26:59.609+0800][2013.635s] GC(675) Eden regions: 305->0(305)
[2024-03-24T20:26:59.609+0800][2013.635s] GC(675) Survivor regions: 2->2(39)
[2024-03-24T20:26:59.609+0800][2013.635s] GC(675) Old regions: 54->54
[2024-03-24T20:26:59.609+0800][2013.635s] GC(675) Humongous regions: 4->4
[2024-03-24T20:26:59.609+0800][2013.635s] GC(675) Metaspace: 65911K(66688K)->65911K(66688K) NonClass: 58513K(58944K)->58513K(58944K) Class: 7397K(7744K)->7397K(7744K)
[2024-03-24T20:26:59.609+0800][2013.636s] GC(675) Pause Young (Normal) (G1 Evacuation Pause) 364M->58M(512M) 5.016ms
[2024-03-24T20:26:59.609+0800][2013.636s] GC(675) User=0.00s Sys=0.00s Real=0.00s
[2024-03-24T20:27:02.112+0800][2016.135s] GC(676) Pause Young (Normal) (G1 Evacuation Pause)
[2024-03-24T20:27:02.112+0800][2016.135s] GC(676) Using 8 workers of 8 for evacuation
[2024-03-24T20:27:02.114+0800][2016.140s] GC(676)   Pre Evacuate Collection Set: 0.3ms
[2024-03-24T20:27:02.114+0800][2016.140s] GC(676)   Merge Heap Roots: 0.3ms
[2024-03-24T20:27:02.114+0800][2016.140s] GC(676)   Evacuate Collection Set: 2.8ms
[2024-03-24T20:27:02.114+0800][2016.140s] GC(676)   Post Evacuate Collection Set: 1.3ms
[2024-03-24T20:27:02.114+0800][2016.140s] GC(676)   Other: 0.2ms
[2024-03-24T20:27:02.114+0800][2016.140s] GC(676) Eden regions: 305->0(305)
[2024-03-24T20:27:02.114+0800][2016.140s] GC(676) Survivor regions: 2->2(39)
[2024-03-24T20:27:02.114+0800][2016.140s] GC(676) Old regions: 54->54
[2024-03-24T20:27:02.114+0800][2016.140s] GC(676) Humongous regions: 4->4
[2024-03-24T20:27:02.114+0800][2016.140s] GC(676) Metaspace: 65911K(66688K)->65911K(66688K) NonClass: 58513K(58944K)->58513K(58944K) Class: 7397K(7744K)->7397K(7744K)
[2024-03-24T20:27:02.114+0800][2016.141s] GC(676) Pause Young (Normal) (G1 Evacuation Pause) 363M->59M(512M) 5.727ms
[2024-03-24T20:27:02.114+0800][2016.141s] GC(676) User=0.00s Sys=0.00s Real=0.00s
[2024-03-24T20:27:04.742+0800][2018.767s] GC(677) Pause Young (Normal) (G1 Evacuation Pause)
[2024-03-24T20:27:04.742+0800][2018.767s] GC(677) Using 8 workers of 8 for evacuation
[2024-03-24T20:27:04.749+0800][2018.772s] GC(677)   Pre Evacuate Collection Set: 0.3ms
[2024-03-24T20:27:04.749+0800][2018.772s] GC(677)   Merge Heap Roots: 0.2ms
[2024-03-24T20:27:04.749+0800][2018.772s] GC(677)   Evacuate Collection Set: 3.3ms
[2024-03-24T20:27:04.749+0800][2018.772s] GC(677)   Post Evacuate Collection Set: 1.2ms
[2024-03-24T20:27:04.749+0800][2018.772s] GC(677)   Other: 0.2ms
[2024-03-24T20:27:04.749+0800][2018.772s] GC(677) Eden regions: 305->0(305)
[2024-03-24T20:27:04.749+0800][2018.772s] GC(677) Survivor regions: 2->2(39)
[2024-03-24T20:27:04.749+0800][2018.772s] GC(677) Old regions: 54->54
[2024-03-24T20:27:04.749+0800][2018.772s] GC(677) Humongous regions: 4->4
[2024-03-24T20:27:04.749+0800][2018.773s] GC(677) Metaspace: 65911K(66688K)->65911K(66688K) NonClass: 58513K(58944K)->58513K(58944K) Class: 7397K(7744K)->7397K(7744K)
[2024-03-24T20:27:04.749+0800][2018.773s] GC(677) Pause Young (Normal) (G1 Evacuation Pause) 364M->59M(512M) 5.884ms
[2024-03-24T20:27:04.749+0800][2018.773s] GC(677) User=0.03s Sys=0.00s Real=0.01s
[2024-03-24T20:27:07.154+0800][2021.184s] GC(678) Pause Young (Normal) (G1 Evacuation Pause)
[2024-03-24T20:27:07.154+0800][2021.184s] GC(678) Using 8 workers of 8 for evacuation
[2024-03-24T20:27:07.164+0800][2021.188s] GC(678)   Pre Evacuate Collection Set: 0.3ms
[2024-03-24T20:27:07.164+0800][2021.189s] GC(678)   Merge Heap Roots: 0.2ms
[2024-03-24T20:27:07.164+0800][2021.189s] GC(678)   Evacuate Collection Set: 2.6ms
[2024-03-24T20:27:07.164+0800][2021.189s] GC(678)   Post Evacuate Collection Set: 1.3ms
[2024-03-24T20:27:07.164+0800][2021.189s] GC(678)   Other: 0.2ms
[2024-03-24T20:27:07.164+0800][2021.189s] GC(678) Eden regions: 305->0(305)
[2024-03-24T20:27:07.164+0800][2021.189s] GC(678) Survivor regions: 2->2(39)
[2024-03-24T20:27:07.164+0800][2021.189s] GC(678) Old regions: 54->54
[2024-03-24T20:27:07.164+0800][2021.189s] GC(678) Humongous regions: 4->4
[2024-03-24T20:27:07.164+0800][2021.189s] GC(678) Metaspace: 65911K(66688K)->65911K(66688K) NonClass: 58513K(58944K)->58513K(58944K) Class: 7397K(7744K)->7397K(7744K)
[2024-03-24T20:27:07.164+0800][2021.189s] GC(678) Pause Young (Normal) (G1 Evacuation Pause) 364M->58M(512M) 5.547ms
[2024-03-24T20:27:07.164+0800][2021.189s] GC(678) User=0.00s Sys=0.00s Real=0.01s
[2024-03-24T20:27:09.818+0800][2023.847s] GC(679) Pause Young (Normal) (G1 Evacuation Pause)
[2024-03-24T20:27:09.818+0800][2023.847s] GC(679) Using 8 workers of 8 for evacuation
[2024-03-24T20:27:09.828+0800][2023.852s] GC(679)   Pre Evacuate Collection Set: 0.4ms
[2024-03-24T20:27:09.828+0800][2023.852s] GC(679)   Merge Heap Roots: 0.2ms
[2024-03-24T20:27:09.828+0800][2023.852s] GC(679)   Evacuate Collection Set: 2.6ms
[2024-03-24T20:27:09.828+0800][2023.852s] GC(679)   Post Evacuate Collection Set: 1.0ms
[2024-03-24T20:27:09.828+0800][2023.852s] GC(679)   Other: 0.2ms
[2024-03-24T20:27:09.828+0800][2023.852s] GC(679) Eden regions: 305->0(305)
[2024-03-24T20:27:09.828+0800][2023.852s] GC(679) Survivor regions: 2->2(39)
[2024-03-24T20:27:09.828+0800][2023.852s] GC(679) Old regions: 54->54
[2024-03-24T20:27:09.828+0800][2023.852s] GC(679) Humongous regions: 4->4
[2024-03-24T20:27:09.828+0800][2023.852s] GC(679) Metaspace: 65911K(66688K)->65911K(66688K) NonClass: 58513K(58944K)->58513K(58944K) Class: 7397K(7744K)->7397K(7744K)
[2024-03-24T20:27:09.828+0800][2023.852s] GC(679) Pause Young (Normal) (G1 Evacuation Pause) 363M->59M(512M) 4.930ms
[2024-03-24T20:27:09.828+0800][2023.852s] GC(679) User=0.00s Sys=0.00s Real=0.01s
[2024-03-24T20:27:12.487+0800][2026.511s] GC(680) Pause Young (Normal) (G1 Evacuation Pause)
[2024-03-24T20:27:12.487+0800][2026.511s] GC(680) Using 8 workers of 8 for evacuation
[2024-03-24T20:27:12.487+0800][2026.517s] GC(680)   Pre Evacuate Collection Set: 0.2ms
[2024-03-24T20:27:12.487+0800][2026.517s] GC(680)   Merge Heap Roots: 0.4ms
[2024-03-24T20:27:12.487+0800][2026.517s] GC(680)   Evacuate Collection Set: 4.0ms
[2024-03-24T20:27:12.487+0800][2026.517s] GC(680)   Post Evacuate Collection Set: 1.4ms
[2024-03-24T20:27:12.487+0800][2026.518s] GC(680)   Other: 0.2ms
[2024-03-24T20:27:12.487+0800][2026.518s] GC(680) Eden regions: 305->0(305)
[2024-03-24T20:27:12.487+0800][2026.518s] GC(680) Survivor regions: 2->2(39)
[2024-03-24T20:27:12.487+0800][2026.518s] GC(680) Old regions: 54->54
[2024-03-24T20:27:12.487+0800][2026.518s] GC(680) Humongous regions: 4->4
[2024-03-24T20:27:12.487+0800][2026.518s] GC(680) Metaspace: 65911K(66688K)->65911K(66688K) NonClass: 58513K(58944K)->58513K(58944K) Class: 7397K(7744K)->7397K(7744K)
[2024-03-24T20:27:12.487+0800][2026.518s] GC(680) Pause Young (Normal) (G1 Evacuation Pause) 364M->58M(512M) 7.042ms
[2024-03-24T20:27:12.487+0800][2026.518s] GC(680) User=0.00s Sys=0.00s Real=0.00s
[2024-03-24T20:27:15.055+0800][2029.079s] GC(681) Pause Young (Normal) (G1 Evacuation Pause)
[2024-03-24T20:27:15.055+0800][2029.079s] GC(681) Using 8 workers of 8 for evacuation
[2024-03-24T20:27:15.058+0800][2029.084s] GC(681)   Pre Evacuate Collection Set: 0.4ms
[2024-03-24T20:27:15.058+0800][2029.084s] GC(681)   Merge Heap Roots: 0.5ms
[2024-03-24T20:27:15.058+0800][2029.084s] GC(681)   Evacuate Collection Set: 2.8ms
[2024-03-24T20:27:15.058+0800][2029.084s] GC(681)   Post Evacuate Collection Set: 0.8ms
[2024-03-24T20:27:15.058+0800][2029.084s] GC(681)   Other: 0.2ms
[2024-03-24T20:27:15.058+0800][2029.084s] GC(681) Eden regions: 305->0(305)
[2024-03-24T20:27:15.058+0800][2029.084s] GC(681) Survivor regions: 2->2(39)
[2024-03-24T20:27:15.058+0800][2029.084s] GC(681) Old regions: 54->54
[2024-03-24T20:27:15.058+0800][2029.084s] GC(681) Humongous regions: 4->4
[2024-03-24T20:27:15.058+0800][2029.084s] GC(681) Metaspace: 65911K(66688K)->65911K(66688K) NonClass: 58513K(58944K)->58513K(58944K) Class: 7397K(7744K)->7397K(7744K)
[2024-03-24T20:27:15.062+0800][2029.084s] GC(681) Pause Young (Normal) (G1 Evacuation Pause) 363M->59M(512M) 5.248ms
[2024-03-24T20:27:15.062+0800][2029.084s] GC(681) User=0.03s Sys=0.00s Real=0.01s
[2024-03-24T20:27:17.700+0800][2031.730s] GC(682) Pause Young (Normal) (G1 Evacuation Pause)
[2024-03-24T20:27:17.700+0800][2031.730s] GC(682) Using 8 workers of 8 for evacuation
[2024-03-24T20:27:17.709+0800][2031.734s] GC(682)   Pre Evacuate Collection Set: 0.3ms
[2024-03-24T20:27:17.709+0800][2031.734s] GC(682)   Merge Heap Roots: 0.2ms
[2024-03-24T20:27:17.709+0800][2031.734s] GC(682)   Evacuate Collection Set: 2.5ms
[2024-03-24T20:27:17.709+0800][2031.734s] GC(682)   Post Evacuate Collection Set: 1.1ms
[2024-03-24T20:27:17.709+0800][2031.734s] GC(682)   Other: 0.2ms
[2024-03-24T20:27:17.709+0800][2031.734s] GC(682) Eden regions: 305->0(305)
[2024-03-24T20:27:17.709+0800][2031.734s] GC(682) Survivor regions: 2->2(39)
[2024-03-24T20:27:17.709+0800][2031.735s] GC(682) Old regions: 54->54
[2024-03-24T20:27:17.709+0800][2031.735s] GC(682) Humongous regions: 4->4
[2024-03-24T20:27:17.709+0800][2031.735s] GC(682) Metaspace: 65911K(66688K)->65911K(66688K) NonClass: 58513K(58944K)->58513K(58944K) Class: 7397K(7744K)->7397K(7744K)
[2024-03-24T20:27:17.709+0800][2031.735s] GC(682) Pause Young (Normal) (G1 Evacuation Pause) 364M->59M(512M) 4.929ms
[2024-03-24T20:27:17.709+0800][2031.735s] GC(682) User=0.00s Sys=0.00s Real=0.01s
[2024-03-24T20:27:20.070+0800][2034.092s] GC(683) Pause Young (Normal) (G1 Evacuation Pause)
[2024-03-24T20:27:20.070+0800][2034.093s] GC(683) Using 8 workers of 8 for evacuation
[2024-03-24T20:27:20.074+0800][2034.097s] GC(683)   Pre Evacuate Collection Set: 0.4ms
[2024-03-24T20:27:20.074+0800][2034.097s] GC(683)   Merge Heap Roots: 0.3ms
[2024-03-24T20:27:20.074+0800][2034.097s] GC(683)   Evacuate Collection Set: 2.8ms
[2024-03-24T20:27:20.075+0800][2034.097s] GC(683)   Post Evacuate Collection Set: 0.9ms
[2024-03-24T20:27:20.075+0800][2034.098s] GC(683)   Other: 0.3ms
[2024-03-24T20:27:20.075+0800][2034.098s] GC(683) Eden regions: 305->0(305)
[2024-03-24T20:27:20.075+0800][2034.098s] GC(683) Survivor regions: 2->2(39)
[2024-03-24T20:27:20.075+0800][2034.098s] GC(683) Old regions: 54->54
[2024-03-24T20:27:20.075+0800][2034.098s] GC(683) Humongous regions: 4->4
[2024-03-24T20:27:20.075+0800][2034.098s] GC(683) Metaspace: 65911K(66688K)->65911K(66688K) NonClass: 58513K(58944K)->58513K(58944K) Class: 7397K(7744K)->7397K(7744K)
[2024-03-24T20:27:20.075+0800][2034.098s] GC(683) Pause Young (Normal) (G1 Evacuation Pause) 364M->58M(512M) 5.358ms
[2024-03-24T20:27:20.075+0800][2034.098s] GC(683) User=0.02s Sys=0.00s Real=0.01s
[2024-03-24T20:27:22.673+0800][2036.698s] GC(684) Pause Young (Normal) (G1 Evacuation Pause)
[2024-03-24T20:27:22.673+0800][2036.699s] GC(684) Using 8 workers of 8 for evacuation
[2024-03-24T20:27:22.673+0800][2036.704s] GC(684)   Pre Evacuate Collection Set: 0.4ms
[2024-03-24T20:27:22.673+0800][2036.704s] GC(684)   Merge Heap Roots: 0.3ms
[2024-03-24T20:27:22.673+0800][2036.704s] GC(684)   Evacuate Collection Set: 2.4ms
[2024-03-24T20:27:22.673+0800][2036.704s] GC(684)   Post Evacuate Collection Set: 1.7ms
[2024-03-24T20:27:22.673+0800][2036.704s] GC(684)   Other: 0.2ms
[2024-03-24T20:27:22.673+0800][2036.704s] GC(684) Eden regions: 305->0(305)
[2024-03-24T20:27:22.673+0800][2036.704s] GC(684) Survivor regions: 2->2(39)
[2024-03-24T20:27:22.673+0800][2036.704s] GC(684) Old regions: 54->54
[2024-03-24T20:27:22.673+0800][2036.704s] GC(684) Humongous regions: 4->4
[2024-03-24T20:27:22.673+0800][2036.704s] GC(684) Metaspace: 65911K(66688K)->65911K(66688K) NonClass: 58513K(58944K)->58513K(58944K) Class: 7397K(7744K)->7397K(7744K)
[2024-03-24T20:27:22.673+0800][2036.704s] GC(684) Pause Young (Normal) (G1 Evacuation Pause) 363M->59M(512M) 5.779ms
[2024-03-24T20:27:22.673+0800][2036.704s] GC(684) User=0.00s Sys=0.00s Real=0.00s
[2024-03-24T20:27:25.146+0800][2039.171s] GC(685) Pause Young (Normal) (G1 Evacuation Pause)
[2024-03-24T20:27:25.146+0800][2039.171s] GC(685) Using 8 workers of 8 for evacuation
[2024-03-24T20:27:25.149+0800][2039.174s] GC(685)   Pre Evacuate Collection Set: 0.2ms
[2024-03-24T20:27:25.149+0800][2039.174s] GC(685)   Merge Heap Roots: 0.1ms
[2024-03-24T20:27:25.149+0800][2039.174s] GC(685)   Evacuate Collection Set: 1.9ms
[2024-03-24T20:27:25.149+0800][2039.174s] GC(685)   Post Evacuate Collection Set: 0.9ms
[2024-03-24T20:27:25.149+0800][2039.174s] GC(685)   Other: 0.2ms
[2024-03-24T20:27:25.149+0800][2039.175s] GC(685) Eden regions: 305->0(305)
[2024-03-24T20:27:25.149+0800][2039.175s] GC(685) Survivor regions: 2->2(39)
[2024-03-24T20:27:25.149+0800][2039.175s] GC(685) Old regions: 54->54
[2024-03-24T20:27:25.149+0800][2039.175s] GC(685) Humongous regions: 4->4
[2024-03-24T20:27:25.149+0800][2039.175s] GC(685) Metaspace: 65911K(66688K)->65911K(66688K) NonClass: 58513K(58944K)->58513K(58944K) Class: 7397K(7744K)->7397K(7744K)
[2024-03-24T20:27:25.149+0800][2039.175s] GC(685) Pause Young (Normal) (G1 Evacuation Pause) 364M->59M(512M) 4.133ms
[2024-03-24T20:27:25.149+0800][2039.175s] GC(685) User=0.00s Sys=0.00s Real=0.00s
[2024-03-24T20:27:27.705+0800][2041.729s] GC(686) Pause Young (Normal) (G1 Evacuation Pause)
[2024-03-24T20:27:27.707+0800][2041.729s] GC(686) Using 8 workers of 8 for evacuation
[2024-03-24T20:27:27.710+0800][2041.734s] GC(686)   Pre Evacuate Collection Set: 0.2ms
[2024-03-24T20:27:27.710+0800][2041.734s] GC(686)   Merge Heap Roots: 0.3ms
[2024-03-24T20:27:27.710+0800][2041.734s] GC(686)   Evacuate Collection Set: 3.1ms
[2024-03-24T20:27:27.710+0800][2041.734s] GC(686)   Post Evacuate Collection Set: 1.0ms
[2024-03-24T20:27:27.710+0800][2041.734s] GC(686)   Other: 0.1ms
[2024-03-24T20:27:27.710+0800][2041.734s] GC(686) Eden regions: 305->0(305)
[2024-03-24T20:27:27.710+0800][2041.734s] GC(686) Survivor regions: 2->2(39)
[2024-03-24T20:27:27.710+0800][2041.734s] GC(686) Old regions: 54->54
[2024-03-24T20:27:27.710+0800][2041.734s] GC(686) Humongous regions: 4->4
[2024-03-24T20:27:27.710+0800][2041.734s] GC(686) Metaspace: 65912K(66688K)->65912K(66688K) NonClass: 58514K(58944K)->58514K(58944K) Class: 7397K(7744K)->7397K(7744K)
[2024-03-24T20:27:27.710+0800][2041.735s] GC(686) Pause Young (Normal) (G1 Evacuation Pause) 364M->59M(512M) 5.379ms
[2024-03-24T20:27:27.710+0800][2041.735s] GC(686) User=0.00s Sys=0.00s Real=0.01s
[2024-03-24T20:27:30.201+0800][2044.229s] GC(687) Pause Young (Normal) (G1 Evacuation Pause)
[2024-03-24T20:27:30.201+0800][2044.229s] GC(687) Using 8 workers of 8 for evacuation
[2024-03-24T20:27:30.210+0800][2044.233s] GC(687)   Pre Evacuate Collection Set: 0.3ms
[2024-03-24T20:27:30.210+0800][2044.233s] GC(687)   Merge Heap Roots: 0.2ms
[2024-03-24T20:27:30.210+0800][2044.233s] GC(687)   Evacuate Collection Set: 2.4ms
[2024-03-24T20:27:30.210+0800][2044.233s] GC(687)   Post Evacuate Collection Set: 0.9ms
[2024-03-24T20:27:30.210+0800][2044.233s] GC(687)   Other: 0.1ms
[2024-03-24T20:27:30.210+0800][2044.233s] GC(687) Eden regions: 305->0(305)
[2024-03-24T20:27:30.210+0800][2044.233s] GC(687) Survivor regions: 2->2(39)
[2024-03-24T20:27:30.210+0800][2044.233s] GC(687) Old regions: 54->54
[2024-03-24T20:27:30.210+0800][2044.233s] GC(687) Humongous regions: 4->4
[2024-03-24T20:27:30.210+0800][2044.233s] GC(687) Metaspace: 65912K(66688K)->65912K(66688K) NonClass: 58514K(58944K)->58514K(58944K) Class: 7397K(7744K)->7397K(7744K)
[2024-03-24T20:27:30.210+0800][2044.233s] GC(687) Pause Young (Normal) (G1 Evacuation Pause) 364M->59M(512M) 4.415ms
[2024-03-24T20:27:30.210+0800][2044.233s] GC(687) User=0.00s Sys=0.00s Real=0.01s
[2024-03-24T20:27:32.759+0800][2046.783s] GC(688) Pause Young (Normal) (G1 Evacuation Pause)
[2024-03-24T20:27:32.759+0800][2046.783s] GC(688) Using 8 workers of 8 for evacuation
[2024-03-24T20:27:32.764+0800][2046.789s] GC(688)   Pre Evacuate Collection Set: 0.3ms
[2024-03-24T20:27:32.764+0800][2046.790s] GC(688)   Merge Heap Roots: 0.2ms
[2024-03-24T20:27:32.764+0800][2046.790s] GC(688)   Evacuate Collection Set: 4.4ms
[2024-03-24T20:27:32.764+0800][2046.790s] GC(688)   Post Evacuate Collection Set: 1.0ms
[2024-03-24T20:27:32.764+0800][2046.790s] GC(688)   Other: 0.2ms
[2024-03-24T20:27:32.764+0800][2046.790s] GC(688) Eden regions: 305->0(305)
[2024-03-24T20:27:32.764+0800][2046.790s] GC(688) Survivor regions: 2->2(39)
[2024-03-24T20:27:32.764+0800][2046.790s] GC(688) Old regions: 54->54
[2024-03-24T20:27:32.764+0800][2046.790s] GC(688) Humongous regions: 4->4
[2024-03-24T20:27:32.764+0800][2046.790s] GC(688) Metaspace: 65912K(66688K)->65912K(66688K) NonClass: 58514K(58944K)->58514K(58944K) Class: 7397K(7744K)->7397K(7744K)
[2024-03-24T20:27:32.764+0800][2046.790s] GC(688) Pause Young (Normal) (G1 Evacuation Pause) 364M->59M(512M) 6.719ms
[2024-03-24T20:27:32.764+0800][2046.790s] GC(688) User=0.00s Sys=0.00s Real=0.00s
[2024-03-24T20:27:35.422+0800][2049.451s] GC(689) Pause Young (Normal) (G1 Evacuation Pause)
[2024-03-24T20:27:35.422+0800][2049.451s] GC(689) Using 8 workers of 8 for evacuation
[2024-03-24T20:27:35.432+0800][2049.456s] GC(689)   Pre Evacuate Collection Set: 0.4ms
[2024-03-24T20:27:35.432+0800][2049.456s] GC(689)   Merge Heap Roots: 0.2ms
[2024-03-24T20:27:35.432+0800][2049.456s] GC(689)   Evacuate Collection Set: 3.5ms
[2024-03-24T20:27:35.432+0800][2049.456s] GC(689)   Post Evacuate Collection Set: 1.0ms
[2024-03-24T20:27:35.432+0800][2049.456s] GC(689)   Other: 0.2ms
[2024-03-24T20:27:35.432+0800][2049.456s] GC(689) Eden regions: 305->0(305)
[2024-03-24T20:27:35.432+0800][2049.456s] GC(689) Survivor regions: 2->2(39)
[2024-03-24T20:27:35.432+0800][2049.456s] GC(689) Old regions: 54->54
[2024-03-24T20:27:35.432+0800][2049.456s] GC(689) Humongous regions: 4->4
[2024-03-24T20:27:35.432+0800][2049.456s] GC(689) Metaspace: 65912K(66688K)->65912K(66688K) NonClass: 58514K(58944K)->58514K(58944K) Class: 7397K(7744K)->7397K(7744K)
[2024-03-24T20:27:35.432+0800][2049.456s] GC(689) Pause Young (Normal) (G1 Evacuation Pause) 364M->59M(512M) 5.789ms
[2024-03-24T20:27:35.432+0800][2049.457s] GC(689) User=0.02s Sys=0.00s Real=0.01s
[2024-03-24T20:27:37.879+0800][2051.908s] GC(690) Pause Young (Normal) (G1 Evacuation Pause)
[2024-03-24T20:27:37.879+0800][2051.908s] GC(690) Using 8 workers of 8 for evacuation
[2024-03-24T20:27:37.888+0800][2051.913s] GC(690)   Pre Evacuate Collection Set: 0.2ms
[2024-03-24T20:27:37.888+0800][2051.913s] GC(690)   Merge Heap Roots: 0.1ms
[2024-03-24T20:27:37.888+0800][2051.913s] GC(690)   Evacuate Collection Set: 2.2ms
[2024-03-24T20:27:37.888+0800][2051.913s] GC(690)   Post Evacuate Collection Set: 1.8ms
[2024-03-24T20:27:37.888+0800][2051.913s] GC(690)   Other: 0.2ms
[2024-03-24T20:27:37.888+0800][2051.913s] GC(690) Eden regions: 305->0(305)
[2024-03-24T20:27:37.888+0800][2051.913s] GC(690) Survivor regions: 2->2(39)
[2024-03-24T20:27:37.888+0800][2051.913s] GC(690) Old regions: 54->54
[2024-03-24T20:27:37.888+0800][2051.913s] GC(690) Humongous regions: 4->4
[2024-03-24T20:27:37.888+0800][2051.913s] GC(690) Metaspace: 65912K(66688K)->65912K(66688K) NonClass: 58514K(58944K)->58514K(58944K) Class: 7397K(7744K)->7397K(7744K)
[2024-03-24T20:27:37.888+0800][2051.913s] GC(690) Pause Young (Normal) (G1 Evacuation Pause) 364M->59M(512M) 4.948ms
[2024-03-24T20:27:37.888+0800][2051.913s] GC(690) User=0.08s Sys=0.00s Real=0.01s
[2024-03-24T20:27:40.598+0800][2054.626s] GC(691) Pause Young (Normal) (G1 Evacuation Pause)
[2024-03-24T20:27:40.598+0800][2054.627s] GC(691) Using 8 workers of 8 for evacuation
[2024-03-24T20:27:40.608+0800][2054.631s] GC(691)   Pre Evacuate Collection Set: 0.4ms
[2024-03-24T20:27:40.608+0800][2054.631s] GC(691)   Merge Heap Roots: 0.2ms
[2024-03-24T20:27:40.608+0800][2054.631s] GC(691)   Evacuate Collection Set: 2.6ms
[2024-03-24T20:27:40.608+0800][2054.631s] GC(691)   Post Evacuate Collection Set: 1.0ms
[2024-03-24T20:27:40.608+0800][2054.631s] GC(691)   Other: 0.2ms
[2024-03-24T20:27:40.608+0800][2054.631s] GC(691) Eden regions: 305->0(305)
[2024-03-24T20:27:40.608+0800][2054.631s] GC(691) Survivor regions: 2->2(39)
[2024-03-24T20:27:40.608+0800][2054.631s] GC(691) Old regions: 54->54
[2024-03-24T20:27:40.608+0800][2054.631s] GC(691) Humongous regions: 4->4
[2024-03-24T20:27:40.608+0800][2054.631s] GC(691) Metaspace: 65912K(66688K)->65912K(66688K) NonClass: 58514K(58944K)->58514K(58944K) Class: 7397K(7744K)->7397K(7744K)
[2024-03-24T20:27:40.608+0800][2054.632s] GC(691) Pause Young (Normal) (G1 Evacuation Pause) 364M->59M(512M) 5.065ms
[2024-03-24T20:27:40.608+0800][2054.632s] GC(691) User=0.03s Sys=0.00s Real=0.01s
[2024-03-24T20:27:43.099+0800][2057.122s] GC(692) Pause Young (Normal) (G1 Evacuation Pause)
[2024-03-24T20:27:43.099+0800][2057.122s] GC(692) Using 8 workers of 8 for evacuation
[2024-03-24T20:27:43.099+0800][2057.127s] GC(692)   Pre Evacuate Collection Set: 0.5ms
[2024-03-24T20:27:43.099+0800][2057.127s] GC(692)   Merge Heap Roots: 0.2ms
[2024-03-24T20:27:43.099+0800][2057.127s] GC(692)   Evacuate Collection Set: 2.4ms
[2024-03-24T20:27:43.099+0800][2057.127s] GC(692)   Post Evacuate Collection Set: 1.2ms
[2024-03-24T20:27:43.099+0800][2057.127s] GC(692)   Other: 0.3ms
[2024-03-24T20:27:43.099+0800][2057.127s] GC(692) Eden regions: 305->0(305)
[2024-03-24T20:27:43.099+0800][2057.127s] GC(692) Survivor regions: 2->2(39)
[2024-03-24T20:27:43.099+0800][2057.127s] GC(692) Old regions: 54->54
[2024-03-24T20:27:43.099+0800][2057.127s] GC(692) Humongous regions: 4->4
[2024-03-24T20:27:43.099+0800][2057.127s] GC(692) Metaspace: 65912K(66688K)->65912K(66688K) NonClass: 58514K(58944K)->58514K(58944K) Class: 7397K(7744K)->7397K(7744K)
[2024-03-24T20:27:43.099+0800][2057.128s] GC(692) Pause Young (Normal) (G1 Evacuation Pause) 364M->59M(512M) 5.646ms
[2024-03-24T20:27:43.099+0800][2057.128s] GC(692) User=0.00s Sys=0.00s Real=0.00s
[2024-03-24T20:27:45.700+0800][2059.723s] GC(693) Pause Young (Normal) (G1 Evacuation Pause)
[2024-03-24T20:27:45.700+0800][2059.723s] GC(693) Using 8 workers of 8 for evacuation
[2024-03-24T20:27:45.706+0800][2059.729s] GC(693)   Pre Evacuate Collection Set: 0.2ms
[2024-03-24T20:27:45.706+0800][2059.729s] GC(693)   Merge Heap Roots: 0.1ms
[2024-03-24T20:27:45.706+0800][2059.729s] GC(693)   Evacuate Collection Set: 3.7ms
[2024-03-24T20:27:45.706+0800][2059.729s] GC(693)   Post Evacuate Collection Set: 1.4ms
[2024-03-24T20:27:45.706+0800][2059.729s] GC(693)   Other: 0.2ms
[2024-03-24T20:27:45.706+0800][2059.729s] GC(693) Eden regions: 305->0(305)
[2024-03-24T20:27:45.706+0800][2059.729s] GC(693) Survivor regions: 2->2(39)
[2024-03-24T20:27:45.706+0800][2059.729s] GC(693) Old regions: 54->54
[2024-03-24T20:27:45.706+0800][2059.729s] GC(693) Humongous regions: 4->4
[2024-03-24T20:27:45.706+0800][2059.729s] GC(693) Metaspace: 65912K(66688K)->65912K(66688K) NonClass: 58514K(58944K)->58514K(58944K) Class: 7397K(7744K)->7397K(7744K)
[2024-03-24T20:27:45.707+0800][2059.729s] GC(693) Pause Young (Normal) (G1 Evacuation Pause) 364M->59M(512M) 6.639ms
[2024-03-24T20:27:45.707+0800][2059.730s] GC(693) User=0.00s Sys=0.00s Real=0.01s
[2024-03-24T20:27:48.228+0800][2062.259s] GC(694) Pause Young (Normal) (G1 Evacuation Pause)
[2024-03-24T20:27:48.236+0800][2062.259s] GC(694) Using 8 workers of 8 for evacuation
[2024-03-24T20:27:48.242+0800][2062.265s] GC(694)   Pre Evacuate Collection Set: 0.3ms
[2024-03-24T20:27:48.242+0800][2062.266s] GC(694)   Merge Heap Roots: 0.8ms
[2024-03-24T20:27:48.242+0800][2062.266s] GC(694)   Evacuate Collection Set: 4.1ms
[2024-03-24T20:27:48.242+0800][2062.266s] GC(694)   Post Evacuate Collection Set: 0.9ms
[2024-03-24T20:27:48.242+0800][2062.266s] GC(694)   Other: 0.2ms
[2024-03-24T20:27:48.242+0800][2062.266s] GC(694) Eden regions: 305->0(305)
[2024-03-24T20:27:48.242+0800][2062.266s] GC(694) Survivor regions: 2->2(39)
[2024-03-24T20:27:48.242+0800][2062.266s] GC(694) Old regions: 54->54
[2024-03-24T20:27:48.242+0800][2062.266s] GC(694) Humongous regions: 4->4
[2024-03-24T20:27:48.242+0800][2062.266s] GC(694) Metaspace: 65912K(66688K)->65912K(66688K) NonClass: 58514K(58944K)->58514K(58944K) Class: 7397K(7744K)->7397K(7744K)
[2024-03-24T20:27:48.243+0800][2062.266s] GC(694) Pause Young (Normal) (G1 Evacuation Pause) 364M->59M(512M) 6.982ms
[2024-03-24T20:27:48.243+0800][2062.266s] GC(694) User=0.00s Sys=0.00s Real=0.02s
[2024-03-24T20:27:50.851+0800][2064.876s] GC(695) Pause Young (Normal) (G1 Evacuation Pause)
[2024-03-24T20:27:50.851+0800][2064.876s] GC(695) Using 8 workers of 8 for evacuation
[2024-03-24T20:27:50.859+0800][2064.883s] GC(695)   Pre Evacuate Collection Set: 0.3ms
[2024-03-24T20:27:50.859+0800][2064.883s] GC(695)   Merge Heap Roots: 0.2ms
[2024-03-24T20:27:50.859+0800][2064.883s] GC(695)   Evacuate Collection Set: 4.4ms
[2024-03-24T20:27:50.859+0800][2064.883s] GC(695)   Post Evacuate Collection Set: 1.3ms
[2024-03-24T20:27:50.859+0800][2064.883s] GC(695)   Other: 0.2ms
[2024-03-24T20:27:50.859+0800][2064.883s] GC(695) Eden regions: 305->0(305)
[2024-03-24T20:27:50.859+0800][2064.883s] GC(695) Survivor regions: 2->2(39)
[2024-03-24T20:27:50.859+0800][2064.883s] GC(695) Old regions: 54->54
[2024-03-24T20:27:50.859+0800][2064.883s] GC(695) Humongous regions: 4->4
[2024-03-24T20:27:50.859+0800][2064.883s] GC(695) Metaspace: 65912K(66688K)->65912K(66688K) NonClass: 58514K(58944K)->58514K(58944K) Class: 7397K(7744K)->7397K(7744K)
[2024-03-24T20:27:50.859+0800][2064.883s] GC(695) Pause Young (Normal) (G1 Evacuation Pause) 364M->59M(512M) 7.075ms
[2024-03-24T20:27:50.859+0800][2064.883s] GC(695) User=0.00s Sys=0.02s Real=0.01s
[2024-03-24T20:27:53.438+0800][2067.466s] GC(696) Pause Young (Normal) (G1 Evacuation Pause)
[2024-03-24T20:27:53.438+0800][2067.466s] GC(696) Using 8 workers of 8 for evacuation
[2024-03-24T20:27:53.438+0800][2067.470s] GC(696)   Pre Evacuate Collection Set: 0.3ms
[2024-03-24T20:27:53.438+0800][2067.470s] GC(696)   Merge Heap Roots: 0.1ms
[2024-03-24T20:27:53.438+0800][2067.470s] GC(696)   Evacuate Collection Set: 2.2ms
[2024-03-24T20:27:53.438+0800][2067.470s] GC(696)   Post Evacuate Collection Set: 1.0ms
[2024-03-24T20:27:53.438+0800][2067.470s] GC(696)   Other: 0.2ms
[2024-03-24T20:27:53.438+0800][2067.470s] GC(696) Eden regions: 305->0(305)
[2024-03-24T20:27:53.438+0800][2067.470s] GC(696) Survivor regions: 2->2(39)
[2024-03-24T20:27:53.438+0800][2067.470s] GC(696) Old regions: 54->54
[2024-03-24T20:27:53.438+0800][2067.470s] GC(696) Humongous regions: 4->4
[2024-03-24T20:27:53.438+0800][2067.470s] GC(696) Metaspace: 65912K(66688K)->65912K(66688K) NonClass: 58514K(58944K)->58514K(58944K) Class: 7397K(7744K)->7397K(7744K)
[2024-03-24T20:27:53.438+0800][2067.470s] GC(696) Pause Young (Normal) (G1 Evacuation Pause) 364M->59M(512M) 4.467ms
[2024-03-24T20:27:53.438+0800][2067.470s] GC(696) User=0.00s Sys=0.00s Real=0.00s
[2024-03-24T20:27:55.894+0800][2069.916s] GC(697) Pause Young (Normal) (G1 Evacuation Pause)
[2024-03-24T20:27:55.894+0800][2069.917s] GC(697) Using 8 workers of 8 for evacuation
[2024-03-24T20:27:55.896+0800][2069.922s] GC(697)   Pre Evacuate Collection Set: 0.2ms
[2024-03-24T20:27:55.900+0800][2069.922s] GC(697)   Merge Heap Roots: 0.1ms
[2024-03-24T20:27:55.900+0800][2069.922s] GC(697)   Evacuate Collection Set: 3.8ms
[2024-03-24T20:27:55.900+0800][2069.923s] GC(697)   Post Evacuate Collection Set: 1.2ms
[2024-03-24T20:27:55.900+0800][2069.923s] GC(697)   Other: 0.2ms
[2024-03-24T20:27:55.900+0800][2069.923s] GC(697) Eden regions: 305->0(305)
[2024-03-24T20:27:55.900+0800][2069.923s] GC(697) Survivor regions: 2->2(39)
[2024-03-24T20:27:55.900+0800][2069.923s] GC(697) Old regions: 54->54
[2024-03-24T20:27:55.900+0800][2069.923s] GC(697) Humongous regions: 4->4
[2024-03-24T20:27:55.900+0800][2069.923s] GC(697) Metaspace: 65912K(66688K)->65912K(66688K) NonClass: 58514K(58944K)->58514K(58944K) Class: 7397K(7744K)->7397K(7744K)
[2024-03-24T20:27:55.900+0800][2069.923s] GC(697) Pause Young (Normal) (G1 Evacuation Pause) 364M->59M(512M) 6.473ms
[2024-03-24T20:27:55.900+0800][2069.923s] GC(697) User=0.00s Sys=0.00s Real=0.01s
[2024-03-24T20:27:58.445+0800][2072.471s] GC(698) Pause Young (Normal) (G1 Evacuation Pause)
[2024-03-24T20:27:58.445+0800][2072.471s] GC(698) Using 8 workers of 8 for evacuation
[2024-03-24T20:27:58.445+0800][2072.477s] GC(698)   Pre Evacuate Collection Set: 0.3ms
[2024-03-24T20:27:58.445+0800][2072.477s] GC(698)   Merge Heap Roots: 0.2ms
[2024-03-24T20:27:58.445+0800][2072.477s] GC(698)   Evacuate Collection Set: 4.3ms
[2024-03-24T20:27:58.445+0800][2072.477s] GC(698)   Post Evacuate Collection Set: 1.4ms
[2024-03-24T20:27:58.445+0800][2072.477s] GC(698)   Other: 0.2ms
[2024-03-24T20:27:58.445+0800][2072.477s] GC(698) Eden regions: 305->0(305)
[2024-03-24T20:27:58.445+0800][2072.477s] GC(698) Survivor regions: 2->2(39)
[2024-03-24T20:27:58.445+0800][2072.477s] GC(698) Old regions: 54->55
[2024-03-24T20:27:58.455+0800][2072.477s] GC(698) Humongous regions: 4->4
[2024-03-24T20:27:58.455+0800][2072.478s] GC(698) Metaspace: 65912K(66688K)->65912K(66688K) NonClass: 58514K(58944K)->58514K(58944K) Class: 7397K(7744K)->7397K(7744K)
[2024-03-24T20:27:58.455+0800][2072.478s] GC(698) Pause Young (Normal) (G1 Evacuation Pause) 364M->59M(512M) 7.060ms
[2024-03-24T20:27:58.455+0800][2072.478s] GC(698) User=0.00s Sys=0.00s Real=0.01s
[2024-03-24T20:28:00.965+0800][2074.992s] GC(699) Pause Young (Normal) (G1 Evacuation Pause)
[2024-03-24T20:28:00.965+0800][2074.993s] GC(699) Using 8 workers of 8 for evacuation
[2024-03-24T20:28:00.974+0800][2074.997s] GC(699)   Pre Evacuate Collection Set: 0.5ms
[2024-03-24T20:28:00.974+0800][2074.997s] GC(699)   Merge Heap Roots: 0.2ms
[2024-03-24T20:28:00.974+0800][2074.997s] GC(699)   Evacuate Collection Set: 2.7ms
[2024-03-24T20:28:00.974+0800][2074.997s] GC(699)   Post Evacuate Collection Set: 0.9ms
[2024-03-24T20:28:00.974+0800][2074.997s] GC(699)   Other: 0.3ms
[2024-03-24T20:28:00.974+0800][2074.997s] GC(699) Eden regions: 305->0(305)
[2024-03-24T20:28:00.974+0800][2074.997s] GC(699) Survivor regions: 2->2(39)
[2024-03-24T20:28:00.974+0800][2074.998s] GC(699) Old regions: 55->55
[2024-03-24T20:28:00.974+0800][2074.998s] GC(699) Humongous regions: 4->4
[2024-03-24T20:28:00.974+0800][2074.998s] GC(699) Metaspace: 65912K(66688K)->65912K(66688K) NonClass: 58514K(58944K)->58514K(58944K) Class: 7397K(7744K)->7397K(7744K)
[2024-03-24T20:28:00.974+0800][2074.998s] GC(699) Pause Young (Normal) (G1 Evacuation Pause) 364M->59M(512M) 5.472ms
[2024-03-24T20:28:00.974+0800][2074.998s] GC(699) User=0.00s Sys=0.00s Real=0.01s
[2024-03-24T20:28:03.364+0800][2077.388s] GC(700) Pause Young (Normal) (G1 Evacuation Pause)
[2024-03-24T20:28:03.364+0800][2077.389s] GC(700) Using 8 workers of 8 for evacuation
[2024-03-24T20:28:03.371+0800][2077.394s] GC(700)   Pre Evacuate Collection Set: 0.3ms
[2024-03-24T20:28:03.371+0800][2077.394s] GC(700)   Merge Heap Roots: 0.2ms
[2024-03-24T20:28:03.371+0800][2077.394s] GC(700)   Evacuate Collection Set: 3.6ms
[2024-03-24T20:28:03.371+0800][2077.394s] GC(700)   Post Evacuate Collection Set: 1.5ms
[2024-03-24T20:28:03.371+0800][2077.394s] GC(700)   Other: 0.2ms
[2024-03-24T20:28:03.371+0800][2077.395s] GC(700) Eden regions: 305->0(305)
[2024-03-24T20:28:03.371+0800][2077.395s] GC(700) Survivor regions: 2->2(39)
[2024-03-24T20:28:03.371+0800][2077.395s] GC(700) Old regions: 55->55
[2024-03-24T20:28:03.371+0800][2077.395s] GC(700) Humongous regions: 4->4
[2024-03-24T20:28:03.371+0800][2077.395s] GC(700) Metaspace: 65912K(66688K)->65912K(66688K) NonClass: 58514K(58944K)->58514K(58944K) Class: 7397K(7744K)->7397K(7744K)
[2024-03-24T20:28:03.371+0800][2077.395s] GC(700) Pause Young (Normal) (G1 Evacuation Pause) 364M->59M(512M) 6.355ms
[2024-03-24T20:28:03.371+0800][2077.395s] GC(700) User=0.00s Sys=0.00s Real=0.01s
[2024-03-24T20:28:05.740+0800][2079.763s] GC(701) Pause Young (Normal) (G1 Evacuation Pause)
[2024-03-24T20:28:05.740+0800][2079.764s] GC(701) Using 8 workers of 8 for evacuation
[2024-03-24T20:28:05.746+0800][2079.769s] GC(701)   Pre Evacuate Collection Set: 0.4ms
[2024-03-24T20:28:05.746+0800][2079.769s] GC(701)   Merge Heap Roots: 0.3ms
[2024-03-24T20:28:05.746+0800][2079.769s] GC(701)   Evacuate Collection Set: 3.2ms
[2024-03-24T20:28:05.746+0800][2079.769s] GC(701)   Post Evacuate Collection Set: 1.3ms
[2024-03-24T20:28:05.746+0800][2079.769s] GC(701)   Other: 0.2ms
[2024-03-24T20:28:05.746+0800][2079.770s] GC(701) Eden regions: 305->0(305)
[2024-03-24T20:28:05.746+0800][2079.770s] GC(701) Survivor regions: 2->2(39)
[2024-03-24T20:28:05.746+0800][2079.770s] GC(701) Old regions: 55->55
[2024-03-24T20:28:05.746+0800][2079.770s] GC(701) Humongous regions: 4->4
[2024-03-24T20:28:05.746+0800][2079.770s] GC(701) Metaspace: 65912K(66688K)->65912K(66688K) NonClass: 58514K(58944K)->58514K(58944K) Class: 7397K(7744K)->7397K(7744K)
[2024-03-24T20:28:05.746+0800][2079.770s] GC(701) Pause Young (Normal) (G1 Evacuation Pause) 364M->59M(512M) 6.353ms
[2024-03-24T20:28:05.746+0800][2079.770s] GC(701) User=0.02s Sys=0.00s Real=0.01s
[2024-03-24T20:28:08.243+0800][2082.269s] GC(702) Pause Young (Normal) (G1 Evacuation Pause)
[2024-03-24T20:28:08.243+0800][2082.269s] GC(702) Using 8 workers of 8 for evacuation
[2024-03-24T20:28:08.248+0800][2082.275s] GC(702)   Pre Evacuate Collection Set: 0.4ms
[2024-03-24T20:28:08.248+0800][2082.275s] GC(702)   Merge Heap Roots: 0.2ms
[2024-03-24T20:28:08.248+0800][2082.275s] GC(702)   Evacuate Collection Set: 4.1ms
[2024-03-24T20:28:08.248+0800][2082.275s] GC(702)   Post Evacuate Collection Set: 1.1ms
[2024-03-24T20:28:08.248+0800][2082.275s] GC(702)   Other: 0.2ms
[2024-03-24T20:28:08.248+0800][2082.275s] GC(702) Eden regions: 305->0(305)
[2024-03-24T20:28:08.248+0800][2082.275s] GC(702) Survivor regions: 2->2(39)
[2024-03-24T20:28:08.248+0800][2082.275s] GC(702) Old regions: 55->55
[2024-03-24T20:28:08.248+0800][2082.275s] GC(702) Humongous regions: 4->4
[2024-03-24T20:28:08.248+0800][2082.275s] GC(702) Metaspace: 65912K(66688K)->65912K(66688K) NonClass: 58514K(58944K)->58514K(58944K) Class: 7397K(7744K)->7397K(7744K)
[2024-03-24T20:28:08.248+0800][2082.275s] GC(702) Pause Young (Normal) (G1 Evacuation Pause) 364M->59M(512M) 6.753ms
[2024-03-24T20:28:08.248+0800][2082.275s] GC(702) User=0.02s Sys=0.00s Real=0.00s
[2024-03-24T20:28:10.771+0800][2084.801s] GC(703) Pause Young (Normal) (G1 Evacuation Pause)
[2024-03-24T20:28:10.771+0800][2084.801s] GC(703) Using 8 workers of 8 for evacuation
[2024-03-24T20:28:10.781+0800][2084.806s] GC(703)   Pre Evacuate Collection Set: 0.4ms
[2024-03-24T20:28:10.781+0800][2084.806s] GC(703)   Merge Heap Roots: 0.3ms
[2024-03-24T20:28:10.781+0800][2084.806s] GC(703)   Evacuate Collection Set: 2.4ms
[2024-03-24T20:28:10.781+0800][2084.806s] GC(703)   Post Evacuate Collection Set: 1.5ms
[2024-03-24T20:28:10.781+0800][2084.806s] GC(703)   Other: 0.2ms
[2024-03-24T20:28:10.781+0800][2084.806s] GC(703) Eden regions: 305->0(305)
[2024-03-24T20:28:10.781+0800][2084.806s] GC(703) Survivor regions: 2->2(39)
[2024-03-24T20:28:10.781+0800][2084.806s] GC(703) Old regions: 55->55
[2024-03-24T20:28:10.781+0800][2084.806s] GC(703) Humongous regions: 4->4
[2024-03-24T20:28:10.781+0800][2084.806s] GC(703) Metaspace: 65912K(66688K)->65912K(66688K) NonClass: 58514K(58944K)->58514K(58944K) Class: 7397K(7744K)->7397K(7744K)
[2024-03-24T20:28:10.781+0800][2084.806s] GC(703) Pause Young (Normal) (G1 Evacuation Pause) 364M->59M(512M) 5.632ms
[2024-03-24T20:28:10.781+0800][2084.806s] GC(703) User=0.00s Sys=0.00s Real=0.01s
[2024-03-24T20:28:13.298+0800][2087.326s] GC(704) Pause Young (Normal) (G1 Evacuation Pause)
[2024-03-24T20:28:13.298+0800][2087.326s] GC(704) Using 8 workers of 8 for evacuation
[2024-03-24T20:28:13.306+0800][2087.330s] GC(704)   Pre Evacuate Collection Set: 0.4ms
[2024-03-24T20:28:13.306+0800][2087.330s] GC(704)   Merge Heap Roots: 0.1ms
[2024-03-24T20:28:13.306+0800][2087.330s] GC(704)   Evacuate Collection Set: 2.2ms
[2024-03-24T20:28:13.306+0800][2087.330s] GC(704)   Post Evacuate Collection Set: 1.1ms
[2024-03-24T20:28:13.306+0800][2087.330s] GC(704)   Other: 0.2ms
[2024-03-24T20:28:13.306+0800][2087.330s] GC(704) Eden regions: 305->0(305)
[2024-03-24T20:28:13.306+0800][2087.330s] GC(704) Survivor regions: 2->2(39)
[2024-03-24T20:28:13.306+0800][2087.330s] GC(704) Old regions: 55->55
[2024-03-24T20:28:13.306+0800][2087.330s] GC(704) Humongous regions: 4->4
[2024-03-24T20:28:13.306+0800][2087.330s] GC(704) Metaspace: 65912K(66688K)->65912K(66688K) NonClass: 58514K(58944K)->58514K(58944K) Class: 7397K(7744K)->7397K(7744K)
[2024-03-24T20:28:13.306+0800][2087.330s] GC(704) Pause Young (Normal) (G1 Evacuation Pause) 364M->59M(512M) 4.699ms
[2024-03-24T20:28:13.306+0800][2087.330s] GC(704) User=0.00s Sys=0.00s Real=0.01s
[2024-03-24T20:28:15.825+0800][2089.848s] GC(705) Pause Young (Normal) (G1 Evacuation Pause)
[2024-03-24T20:28:15.825+0800][2089.848s] GC(705) Using 8 workers of 8 for evacuation
[2024-03-24T20:28:15.827+0800][2089.855s] GC(705)   Pre Evacuate Collection Set: 0.4ms
[2024-03-24T20:28:15.827+0800][2089.855s] GC(705)   Merge Heap Roots: 0.2ms
[2024-03-24T20:28:15.827+0800][2089.855s] GC(705)   Evacuate Collection Set: 4.3ms
[2024-03-24T20:28:15.827+0800][2089.855s] GC(705)   Post Evacuate Collection Set: 1.2ms
[2024-03-24T20:28:15.827+0800][2089.855s] GC(705)   Other: 0.2ms
[2024-03-24T20:28:15.827+0800][2089.855s] GC(705) Eden regions: 305->0(305)
[2024-03-24T20:28:15.827+0800][2089.855s] GC(705) Survivor regions: 2->2(39)
[2024-03-24T20:28:15.827+0800][2089.855s] GC(705) Old regions: 55->55
[2024-03-24T20:28:15.827+0800][2089.855s] GC(705) Humongous regions: 4->4
[2024-03-24T20:28:15.827+0800][2089.855s] GC(705) Metaspace: 65912K(66688K)->65912K(66688K) NonClass: 58514K(58944K)->58514K(58944K) Class: 7397K(7744K)->7397K(7744K)
[2024-03-24T20:28:15.827+0800][2089.855s] GC(705) Pause Young (Normal) (G1 Evacuation Pause) 364M->59M(512M) 6.911ms
[2024-03-24T20:28:15.827+0800][2089.855s] GC(705) User=0.00s Sys=0.00s Real=0.00s
[2024-03-24T20:28:18.372+0800][2092.396s] GC(706) Pause Young (Normal) (G1 Evacuation Pause)
[2024-03-24T20:28:18.372+0800][2092.397s] GC(706) Using 8 workers of 8 for evacuation
[2024-03-24T20:28:18.372+0800][2092.403s] GC(706)   Pre Evacuate Collection Set: 0.3ms
[2024-03-24T20:28:18.372+0800][2092.403s] GC(706)   Merge Heap Roots: 0.2ms
[2024-03-24T20:28:18.372+0800][2092.403s] GC(706)   Evacuate Collection Set: 3.9ms
[2024-03-24T20:28:18.372+0800][2092.403s] GC(706)   Post Evacuate Collection Set: 1.3ms
[2024-03-24T20:28:18.372+0800][2092.403s] GC(706)   Other: 0.2ms
[2024-03-24T20:28:18.372+0800][2092.403s] GC(706) Eden regions: 305->0(305)
[2024-03-24T20:28:18.372+0800][2092.403s] GC(706) Survivor regions: 2->2(39)
[2024-03-24T20:28:18.372+0800][2092.403s] GC(706) Old regions: 55->55
[2024-03-24T20:28:18.372+0800][2092.403s] GC(706) Humongous regions: 4->4
[2024-03-24T20:28:18.372+0800][2092.403s] GC(706) Metaspace: 65912K(66688K)->65912K(66688K) NonClass: 58514K(58944K)->58514K(58944K) Class: 7397K(7744K)->7397K(7744K)
[2024-03-24T20:28:18.381+0800][2092.403s] GC(706) Pause Young (Normal) (G1 Evacuation Pause) 364M->59M(512M) 6.799ms
[2024-03-24T20:28:18.381+0800][2092.403s] GC(706) User=0.00s Sys=0.00s Real=0.01s
[2024-03-24T20:28:20.905+0800][2094.931s] GC(707) Pause Young (Normal) (G1 Evacuation Pause)
[2024-03-24T20:28:20.905+0800][2094.931s] GC(707) Using 8 workers of 8 for evacuation
[2024-03-24T20:28:20.905+0800][2094.935s] GC(707)   Pre Evacuate Collection Set: 0.5ms
[2024-03-24T20:28:20.905+0800][2094.935s] GC(707)   Merge Heap Roots: 0.4ms
[2024-03-24T20:28:20.905+0800][2094.935s] GC(707)   Evacuate Collection Set: 2.2ms
[2024-03-24T20:28:20.905+0800][2094.935s] GC(707)   Post Evacuate Collection Set: 0.9ms
[2024-03-24T20:28:20.905+0800][2094.935s] GC(707)   Other: 0.2ms
[2024-03-24T20:28:20.905+0800][2094.936s] GC(707) Eden regions: 305->0(305)
[2024-03-24T20:28:20.905+0800][2094.936s] GC(707) Survivor regions: 2->2(39)
[2024-03-24T20:28:20.905+0800][2094.936s] GC(707) Old regions: 55->55
[2024-03-24T20:28:20.905+0800][2094.936s] GC(707) Humongous regions: 4->4
[2024-03-24T20:28:20.905+0800][2094.936s] GC(707) Metaspace: 65912K(66688K)->65912K(66688K) NonClass: 58514K(58944K)->58514K(58944K) Class: 7397K(7744K)->7397K(7744K)
[2024-03-24T20:28:20.905+0800][2094.936s] GC(707) Pause Young (Normal) (G1 Evacuation Pause) 364M->59M(512M) 4.839ms
[2024-03-24T20:28:20.905+0800][2094.936s] GC(707) User=0.00s Sys=0.00s Real=0.00s
[2024-03-24T20:28:23.410+0800][2097.435s] GC(708) Pause Young (Normal) (G1 Evacuation Pause)
[2024-03-24T20:28:23.410+0800][2097.435s] GC(708) Using 8 workers of 8 for evacuation
[2024-03-24T20:28:23.416+0800][2097.441s] GC(708)   Pre Evacuate Collection Set: 0.2ms
[2024-03-24T20:28:23.416+0800][2097.441s] GC(708)   Merge Heap Roots: 0.1ms
[2024-03-24T20:28:23.416+0800][2097.441s] GC(708)   Evacuate Collection Set: 4.0ms
[2024-03-24T20:28:23.416+0800][2097.441s] GC(708)   Post Evacuate Collection Set: 1.0ms
[2024-03-24T20:28:23.416+0800][2097.441s] GC(708)   Other: 0.2ms
[2024-03-24T20:28:23.416+0800][2097.441s] GC(708) Eden regions: 305->0(305)
[2024-03-24T20:28:23.416+0800][2097.441s] GC(708) Survivor regions: 2->2(39)
[2024-03-24T20:28:23.416+0800][2097.441s] GC(708) Old regions: 55->55
[2024-03-24T20:28:23.416+0800][2097.441s] GC(708) Humongous regions: 4->4
[2024-03-24T20:28:23.416+0800][2097.441s] GC(708) Metaspace: 65912K(66688K)->65912K(66688K) NonClass: 58514K(58944K)->58514K(58944K) Class: 7397K(7744K)->7397K(7744K)
[2024-03-24T20:28:23.416+0800][2097.441s] GC(708) Pause Young (Normal) (G1 Evacuation Pause) 364M->59M(512M) 6.156ms
[2024-03-24T20:28:23.416+0800][2097.441s] GC(708) User=0.00s Sys=0.00s Real=0.01s
[2024-03-24T20:28:26.015+0800][2100.038s] GC(709) Pause Young (Normal) (G1 Evacuation Pause)
[2024-03-24T20:28:26.015+0800][2100.039s] GC(709) Using 8 workers of 8 for evacuation
[2024-03-24T20:28:26.015+0800][2100.043s] GC(709)   Pre Evacuate Collection Set: 0.3ms
[2024-03-24T20:28:26.015+0800][2100.043s] GC(709)   Merge Heap Roots: 0.2ms
[2024-03-24T20:28:26.015+0800][2100.043s] GC(709)   Evacuate Collection Set: 2.5ms
[2024-03-24T20:28:26.015+0800][2100.043s] GC(709)   Post Evacuate Collection Set: 1.2ms
[2024-03-24T20:28:26.015+0800][2100.043s] GC(709)   Other: 0.2ms
[2024-03-24T20:28:26.021+0800][2100.043s] GC(709) Eden regions: 305->0(305)
[2024-03-24T20:28:26.021+0800][2100.043s] GC(709) Survivor regions: 2->2(39)
[2024-03-24T20:28:26.021+0800][2100.044s] GC(709) Old regions: 55->55
[2024-03-24T20:28:26.021+0800][2100.044s] GC(709) Humongous regions: 4->4
[2024-03-24T20:28:26.021+0800][2100.044s] GC(709) Metaspace: 65912K(66688K)->65912K(66688K) NonClass: 58514K(58944K)->58514K(58944K) Class: 7397K(7744K)->7397K(7744K)
[2024-03-24T20:28:26.021+0800][2100.044s] GC(709) Pause Young (Normal) (G1 Evacuation Pause) 364M->59M(512M) 5.253ms
[2024-03-24T20:28:26.021+0800][2100.044s] GC(709) User=0.00s Sys=0.00s Real=0.01s
[2024-03-24T20:28:28.582+0800][2102.605s] GC(710) Pause Young (Normal) (G1 Evacuation Pause)
[2024-03-24T20:28:28.582+0800][2102.605s] GC(710) Using 8 workers of 8 for evacuation
[2024-03-24T20:28:28.582+0800][2102.610s] GC(710)   Pre Evacuate Collection Set: 0.2ms
[2024-03-24T20:28:28.582+0800][2102.611s] GC(710)   Merge Heap Roots: 0.1ms
[2024-03-24T20:28:28.582+0800][2102.611s] GC(710)   Evacuate Collection Set: 3.3ms
[2024-03-24T20:28:28.582+0800][2102.611s] GC(710)   Post Evacuate Collection Set: 1.4ms
[2024-03-24T20:28:28.582+0800][2102.611s] GC(710)   Other: 0.2ms
[2024-03-24T20:28:28.582+0800][2102.611s] GC(710) Eden regions: 305->0(305)
[2024-03-24T20:28:28.582+0800][2102.611s] GC(710) Survivor regions: 2->2(39)
[2024-03-24T20:28:28.582+0800][2102.611s] GC(710) Old regions: 55->55
[2024-03-24T20:28:28.582+0800][2102.611s] GC(710) Humongous regions: 4->4
[2024-03-24T20:28:28.582+0800][2102.611s] GC(710) Metaspace: 65912K(66688K)->65912K(66688K) NonClass: 58514K(58944K)->58514K(58944K) Class: 7397K(7744K)->7397K(7744K)
[2024-03-24T20:28:28.582+0800][2102.611s] GC(710) Pause Young (Normal) (G1 Evacuation Pause) 364M->59M(512M) 5.845ms
[2024-03-24T20:28:28.582+0800][2102.611s] GC(710) User=0.00s Sys=0.00s Real=0.00s
[2024-03-24T20:28:31.043+0800][2105.066s] GC(711) Pause Young (Normal) (G1 Evacuation Pause)
[2024-03-24T20:28:31.043+0800][2105.066s] GC(711) Using 8 workers of 8 for evacuation
[2024-03-24T20:28:31.046+0800][2105.071s] GC(711)   Pre Evacuate Collection Set: 0.3ms
[2024-03-24T20:28:31.046+0800][2105.071s] GC(711)   Merge Heap Roots: 0.2ms
[2024-03-24T20:28:31.046+0800][2105.071s] GC(711)   Evacuate Collection Set: 2.7ms
[2024-03-24T20:28:31.046+0800][2105.071s] GC(711)   Post Evacuate Collection Set: 1.2ms
[2024-03-24T20:28:31.046+0800][2105.071s] GC(711)   Other: 0.2ms
[2024-03-24T20:28:31.046+0800][2105.071s] GC(711) Eden regions: 305->0(305)
[2024-03-24T20:28:31.046+0800][2105.071s] GC(711) Survivor regions: 2->2(39)
[2024-03-24T20:28:31.046+0800][2105.071s] GC(711) Old regions: 55->55
[2024-03-24T20:28:31.046+0800][2105.071s] GC(711) Humongous regions: 4->4
[2024-03-24T20:28:31.046+0800][2105.071s] GC(711) Metaspace: 65912K(66688K)->65912K(66688K) NonClass: 58514K(58944K)->58514K(58944K) Class: 7397K(7744K)->7397K(7744K)
[2024-03-24T20:28:31.046+0800][2105.071s] GC(711) Pause Young (Normal) (G1 Evacuation Pause) 364M->59M(512M) 5.376ms
[2024-03-24T20:28:31.046+0800][2105.071s] GC(711) User=0.00s Sys=0.00s Real=0.00s
[2024-03-24T20:28:33.490+0800][2107.514s] GC(712) Pause Young (Normal) (G1 Evacuation Pause)
[2024-03-24T20:28:33.490+0800][2107.514s] GC(712) Using 8 workers of 8 for evacuation
[2024-03-24T20:28:33.496+0800][2107.518s] GC(712)   Pre Evacuate Collection Set: 0.5ms
[2024-03-24T20:28:33.496+0800][2107.519s] GC(712)   Merge Heap Roots: 0.2ms
[2024-03-24T20:28:33.496+0800][2107.519s] GC(712)   Evacuate Collection Set: 2.8ms
[2024-03-24T20:28:33.496+0800][2107.519s] GC(712)   Post Evacuate Collection Set: 1.1ms
[2024-03-24T20:28:33.496+0800][2107.519s] GC(712)   Other: 0.2ms
[2024-03-24T20:28:33.496+0800][2107.519s] GC(712) Eden regions: 305->0(305)
[2024-03-24T20:28:33.496+0800][2107.519s] GC(712) Survivor regions: 2->2(39)
[2024-03-24T20:28:33.496+0800][2107.519s] GC(712) Old regions: 55->55
[2024-03-24T20:28:33.496+0800][2107.519s] GC(712) Humongous regions: 4->4
[2024-03-24T20:28:33.496+0800][2107.519s] GC(712) Metaspace: 65912K(66688K)->65912K(66688K) NonClass: 58514K(58944K)->58514K(58944K) Class: 7397K(7744K)->7397K(7744K)
[2024-03-24T20:28:33.496+0800][2107.519s] GC(712) Pause Young (Normal) (G1 Evacuation Pause) 364M->59M(512M) 5.335ms
[2024-03-24T20:28:33.496+0800][2107.519s] GC(712) User=0.00s Sys=0.00s Real=0.01s
[2024-03-24T20:28:35.896+0800][2109.920s] GC(713) Pause Young (Normal) (G1 Evacuation Pause)
[2024-03-24T20:28:35.896+0800][2109.920s] GC(713) Using 8 workers of 8 for evacuation
[2024-03-24T20:28:35.901+0800][2109.925s] GC(713)   Pre Evacuate Collection Set: 0.4ms
[2024-03-24T20:28:35.901+0800][2109.925s] GC(713)   Merge Heap Roots: 0.2ms
[2024-03-24T20:28:35.901+0800][2109.925s] GC(713)   Evacuate Collection Set: 2.9ms
[2024-03-24T20:28:35.901+0800][2109.925s] GC(713)   Post Evacuate Collection Set: 0.9ms
[2024-03-24T20:28:35.901+0800][2109.925s] GC(713)   Other: 0.2ms
[2024-03-24T20:28:35.901+0800][2109.925s] GC(713) Eden regions: 305->0(305)
[2024-03-24T20:28:35.901+0800][2109.925s] GC(713) Survivor regions: 2->2(39)
[2024-03-24T20:28:35.901+0800][2109.925s] GC(713) Old regions: 55->55
[2024-03-24T20:28:35.901+0800][2109.925s] GC(713) Humongous regions: 4->4
[2024-03-24T20:28:35.901+0800][2109.925s] GC(713) Metaspace: 65912K(66688K)->65912K(66688K) NonClass: 58514K(58944K)->58514K(58944K) Class: 7397K(7744K)->7397K(7744K)
[2024-03-24T20:28:35.901+0800][2109.925s] GC(713) Pause Young (Normal) (G1 Evacuation Pause) 364M->59M(512M) 5.333ms
[2024-03-24T20:28:35.901+0800][2109.925s] GC(713) User=0.00s Sys=0.00s Real=0.01s
[2024-03-24T20:28:38.408+0800][2112.439s] GC(714) Pause Young (Normal) (G1 Evacuation Pause)
[2024-03-24T20:28:38.408+0800][2112.439s] GC(714) Using 8 workers of 8 for evacuation
[2024-03-24T20:28:38.420+0800][2112.443s] GC(714)   Pre Evacuate Collection Set: 0.3ms
[2024-03-24T20:28:38.420+0800][2112.443s] GC(714)   Merge Heap Roots: 0.2ms
[2024-03-24T20:28:38.420+0800][2112.443s] GC(714)   Evacuate Collection Set: 2.2ms
[2024-03-24T20:28:38.420+0800][2112.443s] GC(714)   Post Evacuate Collection Set: 0.8ms
[2024-03-24T20:28:38.420+0800][2112.443s] GC(714)   Other: 0.2ms
[2024-03-24T20:28:38.420+0800][2112.443s] GC(714) Eden regions: 305->0(305)
[2024-03-24T20:28:38.420+0800][2112.443s] GC(714) Survivor regions: 2->2(39)
[2024-03-24T20:28:38.420+0800][2112.443s] GC(714) Old regions: 55->55
[2024-03-24T20:28:38.420+0800][2112.443s] GC(714) Humongous regions: 4->4
[2024-03-24T20:28:38.420+0800][2112.443s] GC(714) Metaspace: 65912K(66688K)->65912K(66688K) NonClass: 58514K(58944K)->58514K(58944K) Class: 7397K(7744K)->7397K(7744K)
[2024-03-24T20:28:38.420+0800][2112.443s] GC(714) Pause Young (Normal) (G1 Evacuation Pause) 364M->59M(512M) 4.369ms
[2024-03-24T20:28:38.420+0800][2112.443s] GC(714) User=0.00s Sys=0.00s Real=0.01s
[2024-03-24T20:28:40.964+0800][2114.991s] GC(715) Pause Young (Normal) (G1 Evacuation Pause)
[2024-03-24T20:28:40.964+0800][2114.992s] GC(715) Using 8 workers of 8 for evacuation
[2024-03-24T20:28:40.973+0800][2114.996s] GC(715)   Pre Evacuate Collection Set: 0.3ms
[2024-03-24T20:28:40.973+0800][2114.996s] GC(715)   Merge Heap Roots: 0.2ms
[2024-03-24T20:28:40.973+0800][2114.996s] GC(715)   Evacuate Collection Set: 2.5ms
[2024-03-24T20:28:40.973+0800][2114.996s] GC(715)   Post Evacuate Collection Set: 1.1ms
[2024-03-24T20:28:40.973+0800][2114.996s] GC(715)   Other: 0.2ms
[2024-03-24T20:28:40.973+0800][2114.996s] GC(715) Eden regions: 305->0(305)
[2024-03-24T20:28:40.973+0800][2114.996s] GC(715) Survivor regions: 2->2(39)
[2024-03-24T20:28:40.973+0800][2114.996s] GC(715) Old regions: 55->55
[2024-03-24T20:28:40.973+0800][2114.996s] GC(715) Humongous regions: 4->4
[2024-03-24T20:28:40.973+0800][2114.996s] GC(715) Metaspace: 65912K(66688K)->65912K(66688K) NonClass: 58514K(58944K)->58514K(58944K) Class: 7397K(7744K)->7397K(7744K)
[2024-03-24T20:28:40.974+0800][2114.996s] GC(715) Pause Young (Normal) (G1 Evacuation Pause) 364M->59M(512M) 5.158ms
[2024-03-24T20:28:40.974+0800][2114.997s] GC(715) User=0.00s Sys=0.00s Real=0.01s
[2024-03-24T20:28:43.309+0800][2117.341s] GC(716) Pause Young (Normal) (G1 Evacuation Pause)
[2024-03-24T20:28:43.309+0800][2117.341s] GC(716) Using 8 workers of 8 for evacuation
[2024-03-24T20:28:43.320+0800][2117.347s] GC(716)   Pre Evacuate Collection Set: 0.3ms
[2024-03-24T20:28:43.320+0800][2117.347s] GC(716)   Merge Heap Roots: 0.2ms
[2024-03-24T20:28:43.320+0800][2117.347s] GC(716)   Evacuate Collection Set: 3.8ms
[2024-03-24T20:28:43.320+0800][2117.347s] GC(716)   Post Evacuate Collection Set: 1.4ms
[2024-03-24T20:28:43.320+0800][2117.347s] GC(716)   Other: 0.2ms
[2024-03-24T20:28:43.320+0800][2117.347s] GC(716) Eden regions: 305->0(305)
[2024-03-24T20:28:43.320+0800][2117.347s] GC(716) Survivor regions: 2->2(39)
[2024-03-24T20:28:43.320+0800][2117.347s] GC(716) Old regions: 55->55
[2024-03-24T20:28:43.320+0800][2117.348s] GC(716) Humongous regions: 4->4
[2024-03-24T20:28:43.320+0800][2117.348s] GC(716) Metaspace: 65912K(66688K)->65912K(66688K) NonClass: 58514K(58944K)->58514K(58944K) Class: 7397K(7744K)->7397K(7744K)
[2024-03-24T20:28:43.320+0800][2117.348s] GC(716) Pause Young (Normal) (G1 Evacuation Pause) 364M->59M(512M) 6.622ms
[2024-03-24T20:28:43.320+0800][2117.348s] GC(716) User=0.00s Sys=0.00s Real=0.01s
[2024-03-24T20:28:45.698+0800][2119.723s] GC(717) Pause Young (Normal) (G1 Evacuation Pause)
[2024-03-24T20:28:45.698+0800][2119.724s] GC(717) Using 8 workers of 8 for evacuation
[2024-03-24T20:28:45.702+0800][2119.729s] GC(717)   Pre Evacuate Collection Set: 0.5ms
[2024-03-24T20:28:45.702+0800][2119.729s] GC(717)   Merge Heap Roots: 0.6ms
[2024-03-24T20:28:45.706+0800][2119.729s] GC(717)   Evacuate Collection Set: 2.5ms
[2024-03-24T20:28:45.706+0800][2119.729s] GC(717)   Post Evacuate Collection Set: 1.2ms
[2024-03-24T20:28:45.706+0800][2119.729s] GC(717)   Other: 0.2ms
[2024-03-24T20:28:45.706+0800][2119.729s] GC(717) Eden regions: 305->0(305)
[2024-03-24T20:28:45.706+0800][2119.729s] GC(717) Survivor regions: 2->2(39)
[2024-03-24T20:28:45.706+0800][2119.729s] GC(717) Old regions: 55->55
[2024-03-24T20:28:45.706+0800][2119.729s] GC(717) Humongous regions: 4->4
[2024-03-24T20:28:45.706+0800][2119.729s] GC(717) Metaspace: 65912K(66688K)->65912K(66688K) NonClass: 58514K(58944K)->58514K(58944K) Class: 7397K(7744K)->7397K(7744K)
[2024-03-24T20:28:45.706+0800][2119.729s] GC(717) Pause Young (Normal) (G1 Evacuation Pause) 364M->59M(512M) 5.892ms
[2024-03-24T20:28:45.706+0800][2119.729s] GC(717) User=0.00s Sys=0.00s Real=0.01s
[2024-03-24T20:28:48.313+0800][2122.335s] GC(718) Pause Young (Normal) (G1 Evacuation Pause)
[2024-03-24T20:28:48.313+0800][2122.336s] GC(718) Using 8 workers of 8 for evacuation
[2024-03-24T20:28:48.314+0800][2122.340s] GC(718)   Pre Evacuate Collection Set: 0.4ms
[2024-03-24T20:28:48.314+0800][2122.340s] GC(718)   Merge Heap Roots: 0.2ms
[2024-03-24T20:28:48.314+0800][2122.340s] GC(718)   Evacuate Collection Set: 2.3ms
[2024-03-24T20:28:48.314+0800][2122.340s] GC(718)   Post Evacuate Collection Set: 0.9ms
[2024-03-24T20:28:48.314+0800][2122.340s] GC(718)   Other: 0.2ms
[2024-03-24T20:28:48.314+0800][2122.340s] GC(718) Eden regions: 305->0(305)
[2024-03-24T20:28:48.314+0800][2122.340s] GC(718) Survivor regions: 2->2(39)
[2024-03-24T20:28:48.314+0800][2122.340s] GC(718) Old regions: 55->55
[2024-03-24T20:28:48.314+0800][2122.340s] GC(718) Humongous regions: 4->4
[2024-03-24T20:28:48.314+0800][2122.340s] GC(718) Metaspace: 65912K(66688K)->65912K(66688K) NonClass: 58514K(58944K)->58514K(58944K) Class: 7397K(7744K)->7397K(7744K)
[2024-03-24T20:28:48.314+0800][2122.340s] GC(718) Pause Young (Normal) (G1 Evacuation Pause) 364M->59M(512M) 4.922ms
[2024-03-24T20:28:48.314+0800][2122.340s] GC(718) User=0.02s Sys=0.00s Real=0.00s
[2024-03-24T20:28:50.874+0800][2124.897s] GC(719) Pause Young (Normal) (G1 Evacuation Pause)
[2024-03-24T20:28:50.874+0800][2124.897s] GC(719) Using 8 workers of 8 for evacuation
[2024-03-24T20:28:50.878+0800][2124.903s] GC(719)   Pre Evacuate Collection Set: 0.2ms
[2024-03-24T20:28:50.878+0800][2124.903s] GC(719)   Merge Heap Roots: 0.1ms
[2024-03-24T20:28:50.878+0800][2124.903s] GC(719)   Evacuate Collection Set: 4.0ms
[2024-03-24T20:28:50.878+0800][2124.903s] GC(719)   Post Evacuate Collection Set: 1.2ms
[2024-03-24T20:28:50.878+0800][2124.903s] GC(719)   Other: 0.2ms
[2024-03-24T20:28:50.878+0800][2124.903s] GC(719) Eden regions: 305->0(305)
[2024-03-24T20:28:50.878+0800][2124.903s] GC(719) Survivor regions: 2->2(39)
[2024-03-24T20:28:50.878+0800][2124.903s] GC(719) Old regions: 55->55
[2024-03-24T20:28:50.878+0800][2124.903s] GC(719) Humongous regions: 4->4
[2024-03-24T20:28:50.878+0800][2124.903s] GC(719) Metaspace: 65912K(66688K)->65912K(66688K) NonClass: 58514K(58944K)->58514K(58944K) Class: 7397K(7744K)->7397K(7744K)
[2024-03-24T20:28:50.878+0800][2124.904s] GC(719) Pause Young (Normal) (G1 Evacuation Pause) 364M->59M(512M) 6.256ms
[2024-03-24T20:28:50.878+0800][2124.904s] GC(719) User=0.00s Sys=0.00s Real=0.00s
[2024-03-24T20:28:53.321+0800][2127.344s] GC(720) Pause Young (Normal) (G1 Evacuation Pause)
[2024-03-24T20:28:53.321+0800][2127.344s] GC(720) Using 8 workers of 8 for evacuation
[2024-03-24T20:28:53.323+0800][2127.350s] GC(720)   Pre Evacuate Collection Set: 0.2ms
[2024-03-24T20:28:53.323+0800][2127.350s] GC(720)   Merge Heap Roots: 0.2ms
[2024-03-24T20:28:53.323+0800][2127.350s] GC(720)   Evacuate Collection Set: 3.0ms
[2024-03-24T20:28:53.323+0800][2127.350s] GC(720)   Post Evacuate Collection Set: 1.7ms
[2024-03-24T20:28:53.323+0800][2127.350s] GC(720)   Other: 0.2ms
[2024-03-24T20:28:53.323+0800][2127.350s] GC(720) Eden regions: 305->0(305)
[2024-03-24T20:28:53.323+0800][2127.350s] GC(720) Survivor regions: 2->2(39)
[2024-03-24T20:28:53.323+0800][2127.350s] GC(720) Old regions: 55->55
[2024-03-24T20:28:53.323+0800][2127.350s] GC(720) Humongous regions: 4->4
[2024-03-24T20:28:53.323+0800][2127.350s] GC(720) Metaspace: 65912K(66688K)->65912K(66688K) NonClass: 58514K(58944K)->58514K(58944K) Class: 7397K(7744K)->7397K(7744K)
[2024-03-24T20:28:53.323+0800][2127.350s] GC(720) Pause Young (Normal) (G1 Evacuation Pause) 364M->59M(512M) 6.036ms
[2024-03-24T20:28:53.323+0800][2127.350s] GC(720) User=0.00s Sys=0.00s Real=0.00s
[2024-03-24T20:28:55.858+0800][2129.887s] GC(721) Pause Young (Normal) (G1 Evacuation Pause)
[2024-03-24T20:28:55.858+0800][2129.887s] GC(721) Using 8 workers of 8 for evacuation
[2024-03-24T20:28:55.869+0800][2129.891s] GC(721)   Pre Evacuate Collection Set: 0.3ms
[2024-03-24T20:28:55.869+0800][2129.892s] GC(721)   Merge Heap Roots: 0.3ms
[2024-03-24T20:28:55.869+0800][2129.892s] GC(721)   Evacuate Collection Set: 2.4ms
[2024-03-24T20:28:55.869+0800][2129.892s] GC(721)   Post Evacuate Collection Set: 0.9ms
[2024-03-24T20:28:55.869+0800][2129.892s] GC(721)   Other: 0.2ms
[2024-03-24T20:28:55.869+0800][2129.892s] GC(721) Eden regions: 305->0(305)
[2024-03-24T20:28:55.869+0800][2129.892s] GC(721) Survivor regions: 2->2(39)
[2024-03-24T20:28:55.869+0800][2129.892s] GC(721) Old regions: 55->55
[2024-03-24T20:28:55.869+0800][2129.892s] GC(721) Humongous regions: 4->4
[2024-03-24T20:28:55.869+0800][2129.892s] GC(721) Metaspace: 65912K(66688K)->65912K(66688K) NonClass: 58514K(58944K)->58514K(58944K) Class: 7397K(7744K)->7397K(7744K)
[2024-03-24T20:28:55.869+0800][2129.892s] GC(721) Pause Young (Normal) (G1 Evacuation Pause) 364M->59M(512M) 4.809ms
[2024-03-24T20:28:55.869+0800][2129.892s] GC(721) User=0.00s Sys=0.00s Real=0.01s
[2024-03-24T20:28:58.410+0800][2132.439s] GC(722) Pause Young (Normal) (G1 Evacuation Pause)
[2024-03-24T20:28:58.410+0800][2132.439s] GC(722) Using 8 workers of 8 for evacuation
[2024-03-24T20:28:58.420+0800][2132.443s] GC(722)   Pre Evacuate Collection Set: 0.3ms
[2024-03-24T20:28:58.420+0800][2132.443s] GC(722)   Merge Heap Roots: 0.2ms
[2024-03-24T20:28:58.420+0800][2132.443s] GC(722)   Evacuate Collection Set: 2.8ms
[2024-03-24T20:28:58.420+0800][2132.443s] GC(722)   Post Evacuate Collection Set: 0.8ms
[2024-03-24T20:28:58.420+0800][2132.443s] GC(722)   Other: 0.2ms
[2024-03-24T20:28:58.420+0800][2132.443s] GC(722) Eden regions: 305->0(305)
[2024-03-24T20:28:58.420+0800][2132.443s] GC(722) Survivor regions: 2->2(39)
[2024-03-24T20:28:58.420+0800][2132.443s] GC(722) Old regions: 55->55
[2024-03-24T20:28:58.420+0800][2132.443s] GC(722) Humongous regions: 4->4
[2024-03-24T20:28:58.420+0800][2132.443s] GC(722) Metaspace: 65912K(66688K)->65912K(66688K) NonClass: 58514K(58944K)->58514K(58944K) Class: 7397K(7744K)->7397K(7744K)
[2024-03-24T20:28:58.420+0800][2132.443s] GC(722) Pause Young (Normal) (G1 Evacuation Pause) 364M->59M(512M) 4.613ms
[2024-03-24T20:28:58.420+0800][2132.443s] GC(722) User=0.02s Sys=0.00s Real=0.01s
[2024-03-24T20:29:00.889+0800][2134.913s] GC(723) Pause Young (Normal) (G1 Evacuation Pause)
[2024-03-24T20:29:00.889+0800][2134.913s] GC(723) Using 8 workers of 8 for evacuation
[2024-03-24T20:29:00.894+0800][2134.916s] GC(723)   Pre Evacuate Collection Set: 0.3ms
[2024-03-24T20:29:00.894+0800][2134.916s] GC(723)   Merge Heap Roots: 0.2ms
[2024-03-24T20:29:00.894+0800][2134.917s] GC(723)   Evacuate Collection Set: 1.8ms
[2024-03-24T20:29:00.894+0800][2134.917s] GC(723)   Post Evacuate Collection Set: 0.6ms
[2024-03-24T20:29:00.894+0800][2134.917s] GC(723)   Other: 0.2ms
[2024-03-24T20:29:00.894+0800][2134.917s] GC(723) Eden regions: 305->0(305)
[2024-03-24T20:29:00.894+0800][2134.917s] GC(723) Survivor regions: 2->2(39)
[2024-03-24T20:29:00.894+0800][2134.917s] GC(723) Old regions: 55->55
[2024-03-24T20:29:00.894+0800][2134.917s] GC(723) Humongous regions: 4->4
[2024-03-24T20:29:00.894+0800][2134.917s] GC(723) Metaspace: 65912K(66688K)->65912K(66688K) NonClass: 58514K(58944K)->58514K(58944K) Class: 7397K(7744K)->7397K(7744K)
[2024-03-24T20:29:00.894+0800][2134.917s] GC(723) Pause Young (Normal) (G1 Evacuation Pause) 364M->59M(512M) 3.749ms
[2024-03-24T20:29:00.894+0800][2134.917s] GC(723) User=0.00s Sys=0.00s Real=0.01s
[2024-03-24T20:29:03.305+0800][2137.327s] GC(724) Pause Young (Normal) (G1 Evacuation Pause)
[2024-03-24T20:29:03.305+0800][2137.328s] GC(724) Using 8 workers of 8 for evacuation
[2024-03-24T20:29:03.305+0800][2137.332s] GC(724)   Pre Evacuate Collection Set: 0.3ms
[2024-03-24T20:29:03.305+0800][2137.332s] GC(724)   Merge Heap Roots: 0.2ms
[2024-03-24T20:29:03.305+0800][2137.332s] GC(724)   Evacuate Collection Set: 2.7ms
[2024-03-24T20:29:03.305+0800][2137.332s] GC(724)   Post Evacuate Collection Set: 1.2ms
[2024-03-24T20:29:03.305+0800][2137.332s] GC(724)   Other: 0.2ms
[2024-03-24T20:29:03.305+0800][2137.332s] GC(724) Eden regions: 305->0(305)
[2024-03-24T20:29:03.305+0800][2137.333s] GC(724) Survivor regions: 2->2(39)
[2024-03-24T20:29:03.305+0800][2137.333s] GC(724) Old regions: 55->55
[2024-03-24T20:29:03.305+0800][2137.333s] GC(724) Humongous regions: 4->4
[2024-03-24T20:29:03.305+0800][2137.333s] GC(724) Metaspace: 65912K(66688K)->65912K(66688K) NonClass: 58514K(58944K)->58514K(58944K) Class: 7397K(7744K)->7397K(7744K)
[2024-03-24T20:29:03.305+0800][2137.333s] GC(724) Pause Young (Normal) (G1 Evacuation Pause) 364M->59M(512M) 5.256ms
[2024-03-24T20:29:03.305+0800][2137.333s] GC(724) User=0.00s Sys=0.00s Real=0.00s
[2024-03-24T20:29:05.784+0800][2139.812s] GC(725) Pause Young (Normal) (G1 Evacuation Pause)
[2024-03-24T20:29:05.784+0800][2139.813s] GC(725) Using 8 workers of 8 for evacuation
[2024-03-24T20:29:05.794+0800][2139.818s] GC(725)   Pre Evacuate Collection Set: 0.5ms
[2024-03-24T20:29:05.794+0800][2139.818s] GC(725)   Merge Heap Roots: 0.2ms
[2024-03-24T20:29:05.794+0800][2139.818s] GC(725)   Evacuate Collection Set: 2.5ms
[2024-03-24T20:29:05.794+0800][2139.818s] GC(725)   Post Evacuate Collection Set: 1.5ms
[2024-03-24T20:29:05.794+0800][2139.818s] GC(725)   Other: 0.3ms
[2024-03-24T20:29:05.794+0800][2139.818s] GC(725) Eden regions: 305->0(305)
[2024-03-24T20:29:05.794+0800][2139.818s] GC(725) Survivor regions: 2->2(39)
[2024-03-24T20:29:05.794+0800][2139.818s] GC(725) Old regions: 55->55
[2024-03-24T20:29:05.794+0800][2139.818s] GC(725) Humongous regions: 4->4
[2024-03-24T20:29:05.794+0800][2139.818s] GC(725) Metaspace: 65912K(66688K)->65912K(66688K) NonClass: 58514K(58944K)->58514K(58944K) Class: 7397K(7744K)->7397K(7744K)
[2024-03-24T20:29:05.794+0800][2139.818s] GC(725) Pause Young (Normal) (G1 Evacuation Pause) 364M->59M(512M) 5.829ms
[2024-03-24T20:29:05.794+0800][2139.818s] GC(725) User=0.02s Sys=0.00s Real=0.01s
[2024-03-24T20:29:08.373+0800][2142.398s] GC(726) Pause Young (Normal) (G1 Evacuation Pause)
[2024-03-24T20:29:08.373+0800][2142.398s] GC(726) Using 8 workers of 8 for evacuation
[2024-03-24T20:29:08.373+0800][2142.402s] GC(726)   Pre Evacuate Collection Set: 0.3ms
[2024-03-24T20:29:08.373+0800][2142.402s] GC(726)   Merge Heap Roots: 0.2ms
[2024-03-24T20:29:08.373+0800][2142.403s] GC(726)   Evacuate Collection Set: 2.5ms
[2024-03-24T20:29:08.373+0800][2142.403s] GC(726)   Post Evacuate Collection Set: 1.4ms
[2024-03-24T20:29:08.373+0800][2142.403s] GC(726)   Other: 0.2ms
[2024-03-24T20:29:08.373+0800][2142.403s] GC(726) Eden regions: 305->0(305)
[2024-03-24T20:29:08.373+0800][2142.403s] GC(726) Survivor regions: 2->2(39)
[2024-03-24T20:29:08.381+0800][2142.403s] GC(726) Old regions: 55->55
[2024-03-24T20:29:08.381+0800][2142.403s] GC(726) Humongous regions: 4->4
[2024-03-24T20:29:08.381+0800][2142.403s] GC(726) Metaspace: 65912K(66688K)->65912K(66688K) NonClass: 58514K(58944K)->58514K(58944K) Class: 7397K(7744K)->7397K(7744K)
[2024-03-24T20:29:08.381+0800][2142.403s] GC(726) Pause Young (Normal) (G1 Evacuation Pause) 364M->59M(512M) 5.966ms
[2024-03-24T20:29:08.381+0800][2142.404s] GC(726) User=0.00s Sys=0.00s Real=0.01s
[2024-03-24T20:29:10.876+0800][2144.900s] GC(727) Pause Young (Normal) (G1 Evacuation Pause)
[2024-03-24T20:29:10.876+0800][2144.900s] GC(727) Using 8 workers of 8 for evacuation
[2024-03-24T20:29:10.881+0800][2144.905s] GC(727)   Pre Evacuate Collection Set: 0.3ms
[2024-03-24T20:29:10.881+0800][2144.905s] GC(727)   Merge Heap Roots: 0.3ms
[2024-03-24T20:29:10.881+0800][2144.905s] GC(727)   Evacuate Collection Set: 2.7ms
[2024-03-24T20:29:10.881+0800][2144.905s] GC(727)   Post Evacuate Collection Set: 1.5ms
[2024-03-24T20:29:10.881+0800][2144.905s] GC(727)   Other: 0.2ms
[2024-03-24T20:29:10.881+0800][2144.905s] GC(727) Eden regions: 305->0(305)
[2024-03-24T20:29:10.881+0800][2144.905s] GC(727) Survivor regions: 2->2(39)
[2024-03-24T20:29:10.881+0800][2144.906s] GC(727) Old regions: 55->55
[2024-03-24T20:29:10.881+0800][2144.906s] GC(727) Humongous regions: 4->4
[2024-03-24T20:29:10.881+0800][2144.906s] GC(727) Metaspace: 65913K(66688K)->65913K(66688K) NonClass: 58516K(58944K)->58516K(58944K) Class: 7397K(7744K)->7397K(7744K)
[2024-03-24T20:29:10.881+0800][2144.906s] GC(727) Pause Young (Normal) (G1 Evacuation Pause) 364M->59M(512M) 5.620ms
[2024-03-24T20:29:10.881+0800][2144.906s] GC(727) User=0.00s Sys=0.00s Real=0.01s
[2024-03-24T20:29:13.409+0800][2147.432s] GC(728) Pause Young (Normal) (G1 Evacuation Pause)
[2024-03-24T20:29:13.409+0800][2147.433s] GC(728) Using 8 workers of 8 for evacuation
[2024-03-24T20:29:13.414+0800][2147.436s] GC(728)   Pre Evacuate Collection Set: 0.4ms
[2024-03-24T20:29:13.414+0800][2147.436s] GC(728)   Merge Heap Roots: 0.1ms
[2024-03-24T20:29:13.414+0800][2147.437s] GC(728)   Evacuate Collection Set: 2.4ms
[2024-03-24T20:29:13.414+0800][2147.437s] GC(728)   Post Evacuate Collection Set: 0.7ms
[2024-03-24T20:29:13.414+0800][2147.437s] GC(728)   Other: 0.2ms
[2024-03-24T20:29:13.414+0800][2147.437s] GC(728) Eden regions: 305->0(305)
[2024-03-24T20:29:13.414+0800][2147.437s] GC(728) Survivor regions: 2->2(39)
[2024-03-24T20:29:13.414+0800][2147.437s] GC(728) Old regions: 55->55
[2024-03-24T20:29:13.414+0800][2147.437s] GC(728) Humongous regions: 4->4
[2024-03-24T20:29:13.414+0800][2147.437s] GC(728) Metaspace: 65913K(66688K)->65913K(66688K) NonClass: 58516K(58944K)->58516K(58944K) Class: 7397K(7744K)->7397K(7744K)
[2024-03-24T20:29:13.414+0800][2147.437s] GC(728) Pause Young (Normal) (G1 Evacuation Pause) 364M->59M(512M) 4.316ms
[2024-03-24T20:29:13.414+0800][2147.437s] GC(728) User=0.00s Sys=0.00s Real=0.01s
[2024-03-24T20:29:15.895+0800][2149.918s] GC(729) Pause Young (Normal) (G1 Evacuation Pause)
[2024-03-24T20:29:15.895+0800][2149.918s] GC(729) Using 8 workers of 8 for evacuation
[2024-03-24T20:29:15.897+0800][2149.922s] GC(729)   Pre Evacuate Collection Set: 0.3ms
[2024-03-24T20:29:15.897+0800][2149.922s] GC(729)   Merge Heap Roots: 0.3ms
[2024-03-24T20:29:15.897+0800][2149.922s] GC(729)   Evacuate Collection Set: 2.0ms
[2024-03-24T20:29:15.899+0800][2149.922s] GC(729)   Post Evacuate Collection Set: 1.0ms
[2024-03-24T20:29:15.899+0800][2149.922s] GC(729)   Other: 0.3ms
[2024-03-24T20:29:15.899+0800][2149.922s] GC(729) Eden regions: 305->0(305)
[2024-03-24T20:29:15.899+0800][2149.922s] GC(729) Survivor regions: 2->2(39)
[2024-03-24T20:29:15.899+0800][2149.922s] GC(729) Old regions: 55->55
[2024-03-24T20:29:15.899+0800][2149.922s] GC(729) Humongous regions: 4->4
[2024-03-24T20:29:15.899+0800][2149.922s] GC(729) Metaspace: 65914K(66688K)->65914K(66688K) NonClass: 58517K(58944K)->58517K(58944K) Class: 7397K(7744K)->7397K(7744K)
[2024-03-24T20:29:15.899+0800][2149.922s] GC(729) Pause Young (Normal) (G1 Evacuation Pause) 364M->59M(512M) 4.647ms
[2024-03-24T20:29:15.899+0800][2149.922s] GC(729) User=0.00s Sys=0.00s Real=0.00s
[2024-03-24T20:29:18.394+0800][2152.418s] GC(730) Pause Young (Normal) (G1 Evacuation Pause)
[2024-03-24T20:29:18.394+0800][2152.418s] GC(730) Using 8 workers of 8 for evacuation
[2024-03-24T20:29:18.401+0800][2152.425s] GC(730)   Pre Evacuate Collection Set: 0.3ms
[2024-03-24T20:29:18.401+0800][2152.425s] GC(730)   Merge Heap Roots: 0.1ms
[2024-03-24T20:29:18.401+0800][2152.425s] GC(730)   Evacuate Collection Set: 4.4ms
[2024-03-24T20:29:18.401+0800][2152.425s] GC(730)   Post Evacuate Collection Set: 1.6ms
[2024-03-24T20:29:18.401+0800][2152.425s] GC(730)   Other: 0.2ms
[2024-03-24T20:29:18.401+0800][2152.425s] GC(730) Eden regions: 305->0(305)
[2024-03-24T20:29:18.401+0800][2152.425s] GC(730) Survivor regions: 2->2(39)
[2024-03-24T20:29:18.401+0800][2152.425s] GC(730) Old regions: 55->55
[2024-03-24T20:29:18.401+0800][2152.425s] GC(730) Humongous regions: 4->4
[2024-03-24T20:29:18.401+0800][2152.425s] GC(730) Metaspace: 65919K(66688K)->65919K(66688K) NonClass: 58521K(58944K)->58521K(58944K) Class: 7397K(7744K)->7397K(7744K)
[2024-03-24T20:29:18.401+0800][2152.425s] GC(730) Pause Young (Normal) (G1 Evacuation Pause) 364M->59M(512M) 7.381ms
[2024-03-24T20:29:18.401+0800][2152.425s] GC(730) User=0.00s Sys=0.00s Real=0.01s
[2024-03-24T20:29:20.967+0800][2154.992s] GC(731) Pause Young (Normal) (G1 Evacuation Pause)
[2024-03-24T20:29:20.967+0800][2154.992s] GC(731) Using 8 workers of 8 for evacuation
[2024-03-24T20:29:20.972+0800][2154.996s] GC(731)   Pre Evacuate Collection Set: 0.2ms
[2024-03-24T20:29:20.972+0800][2154.996s] GC(731)   Merge Heap Roots: 0.1ms
[2024-03-24T20:29:20.972+0800][2154.996s] GC(731)   Evacuate Collection Set: 2.3ms
[2024-03-24T20:29:20.972+0800][2154.996s] GC(731)   Post Evacuate Collection Set: 1.1ms
[2024-03-24T20:29:20.972+0800][2154.996s] GC(731)   Other: 0.2ms
[2024-03-24T20:29:20.972+0800][2154.996s] GC(731) Eden regions: 305->0(305)
[2024-03-24T20:29:20.972+0800][2154.996s] GC(731) Survivor regions: 2->2(39)
[2024-03-24T20:29:20.972+0800][2154.996s] GC(731) Old regions: 55->55
[2024-03-24T20:29:20.972+0800][2154.996s] GC(731) Humongous regions: 4->4
[2024-03-24T20:29:20.972+0800][2154.996s] GC(731) Metaspace: 65919K(66688K)->65919K(66688K) NonClass: 58521K(58944K)->58521K(58944K) Class: 7397K(7744K)->7397K(7744K)
[2024-03-24T20:29:20.972+0800][2154.996s] GC(731) Pause Young (Normal) (G1 Evacuation Pause) 364M->59M(512M) 4.731ms
[2024-03-24T20:29:20.972+0800][2154.997s] GC(731) User=0.00s Sys=0.00s Real=0.00s
[2024-03-24T20:29:23.501+0800][2157.530s] GC(732) Pause Young (Normal) (G1 Evacuation Pause)
[2024-03-24T20:29:23.501+0800][2157.530s] GC(732) Using 8 workers of 8 for evacuation
[2024-03-24T20:29:23.512+0800][2157.537s] GC(732)   Pre Evacuate Collection Set: 0.5ms
[2024-03-24T20:29:23.515+0800][2157.537s] GC(732)   Merge Heap Roots: 0.5ms
[2024-03-24T20:29:23.515+0800][2157.537s] GC(732)   Evacuate Collection Set: 3.8ms
[2024-03-24T20:29:23.515+0800][2157.537s] GC(732)   Post Evacuate Collection Set: 1.6ms
[2024-03-24T20:29:23.515+0800][2157.537s] GC(732)   Other: 0.3ms
[2024-03-24T20:29:23.515+0800][2157.537s] GC(732) Eden regions: 305->0(305)
[2024-03-24T20:29:23.515+0800][2157.538s] GC(732) Survivor regions: 2->2(39)
[2024-03-24T20:29:23.515+0800][2157.538s] GC(732) Old regions: 55->55
[2024-03-24T20:29:23.515+0800][2157.538s] GC(732) Humongous regions: 4->4
[2024-03-24T20:29:23.515+0800][2157.538s] GC(732) Metaspace: 65919K(66688K)->65919K(66688K) NonClass: 58521K(58944K)->58521K(58944K) Class: 7397K(7744K)->7397K(7744K)
[2024-03-24T20:29:23.515+0800][2157.538s] GC(732) Pause Young (Normal) (G1 Evacuation Pause) 364M->59M(512M) 7.473ms
[2024-03-24T20:29:23.515+0800][2157.538s] GC(732) User=0.00s Sys=0.00s Real=0.01s
[2024-03-24T20:29:26.097+0800][2160.121s] GC(733) Pause Young (Normal) (G1 Evacuation Pause)
[2024-03-24T20:29:26.097+0800][2160.121s] GC(733) Using 8 workers of 8 for evacuation
[2024-03-24T20:29:26.099+0800][2160.127s] GC(733)   Pre Evacuate Collection Set: 0.3ms
[2024-03-24T20:29:26.099+0800][2160.127s] GC(733)   Merge Heap Roots: 0.2ms
[2024-03-24T20:29:26.099+0800][2160.127s] GC(733)   Evacuate Collection Set: 4.2ms
[2024-03-24T20:29:26.099+0800][2160.127s] GC(733)   Post Evacuate Collection Set: 1.0ms
[2024-03-24T20:29:26.099+0800][2160.127s] GC(733)   Other: 0.2ms
[2024-03-24T20:29:26.099+0800][2160.127s] GC(733) Eden regions: 305->0(305)
[2024-03-24T20:29:26.099+0800][2160.127s] GC(733) Survivor regions: 2->2(39)
[2024-03-24T20:29:26.104+0800][2160.127s] GC(733) Old regions: 55->55
[2024-03-24T20:29:26.104+0800][2160.127s] GC(733) Humongous regions: 4->4
[2024-03-24T20:29:26.104+0800][2160.127s] GC(733) Metaspace: 65919K(66688K)->65919K(66688K) NonClass: 58521K(58944K)->58521K(58944K) Class: 7397K(7744K)->7397K(7744K)
[2024-03-24T20:29:26.105+0800][2160.127s] GC(733) Pause Young (Normal) (G1 Evacuation Pause) 364M->59M(512M) 6.487ms
[2024-03-24T20:29:26.105+0800][2160.127s] GC(733) User=0.00s Sys=0.00s Real=0.01s
[2024-03-24T20:29:28.666+0800][2162.694s] GC(734) Pause Young (Normal) (G1 Evacuation Pause)
[2024-03-24T20:29:28.666+0800][2162.694s] GC(734) Using 8 workers of 8 for evacuation
[2024-03-24T20:29:28.675+0800][2162.698s] GC(734)   Pre Evacuate Collection Set: 0.4ms
[2024-03-24T20:29:28.675+0800][2162.698s] GC(734)   Merge Heap Roots: 0.1ms
[2024-03-24T20:29:28.676+0800][2162.698s] GC(734)   Evacuate Collection Set: 2.0ms
[2024-03-24T20:29:28.676+0800][2162.698s] GC(734)   Post Evacuate Collection Set: 0.8ms
[2024-03-24T20:29:28.676+0800][2162.698s] GC(734)   Other: 0.3ms
[2024-03-24T20:29:28.676+0800][2162.699s] GC(734) Eden regions: 305->0(305)
[2024-03-24T20:29:28.676+0800][2162.699s] GC(734) Survivor regions: 2->2(39)
[2024-03-24T20:29:28.676+0800][2162.699s] GC(734) Old regions: 55->55
[2024-03-24T20:29:28.676+0800][2162.699s] GC(734) Humongous regions: 4->4
[2024-03-24T20:29:28.676+0800][2162.699s] GC(734) Metaspace: 65919K(66688K)->65919K(66688K) NonClass: 58521K(58944K)->58521K(58944K) Class: 7397K(7744K)->7397K(7744K)
[2024-03-24T20:29:28.676+0800][2162.699s] GC(734) Pause Young (Normal) (G1 Evacuation Pause) 364M->59M(512M) 4.575ms
[2024-03-24T20:29:28.676+0800][2162.699s] GC(734) User=0.06s Sys=0.00s Real=0.01s
[2024-03-24T20:29:31.263+0800][2165.288s] GC(735) Pause Young (Normal) (G1 Evacuation Pause)
[2024-03-24T20:29:31.263+0800][2165.288s] GC(735) Using 8 workers of 8 for evacuation
[2024-03-24T20:29:31.263+0800][2165.293s] GC(735)   Pre Evacuate Collection Set: 0.5ms
[2024-03-24T20:29:31.263+0800][2165.293s] GC(735)   Merge Heap Roots: 0.3ms
[2024-03-24T20:29:31.263+0800][2165.293s] GC(735)   Evacuate Collection Set: 2.7ms
[2024-03-24T20:29:31.263+0800][2165.293s] GC(735)   Post Evacuate Collection Set: 1.2ms
[2024-03-24T20:29:31.263+0800][2165.293s] GC(735)   Other: 0.2ms
[2024-03-24T20:29:31.263+0800][2165.293s] GC(735) Eden regions: 305->0(305)
[2024-03-24T20:29:31.263+0800][2165.293s] GC(735) Survivor regions: 2->2(39)
[2024-03-24T20:29:31.271+0800][2165.293s] GC(735) Old regions: 55->55
[2024-03-24T20:29:31.271+0800][2165.293s] GC(735) Humongous regions: 4->4
[2024-03-24T20:29:31.271+0800][2165.293s] GC(735) Metaspace: 65920K(66688K)->65920K(66688K) NonClass: 58522K(58944K)->58522K(58944K) Class: 7397K(7744K)->7397K(7744K)
[2024-03-24T20:29:31.271+0800][2165.294s] GC(735) Pause Young (Normal) (G1 Evacuation Pause) 364M->59M(512M) 5.535ms
[2024-03-24T20:29:31.271+0800][2165.294s] GC(735) User=0.00s Sys=0.00s Real=0.01s
[2024-03-24T20:29:33.568+0800][2167.592s] GC(736) Pause Young (Normal) (G1 Evacuation Pause)
[2024-03-24T20:29:33.568+0800][2167.592s] GC(736) Using 8 workers of 8 for evacuation
[2024-03-24T20:29:33.571+0800][2167.598s] GC(736)   Pre Evacuate Collection Set: 0.4ms
[2024-03-24T20:29:33.571+0800][2167.599s] GC(736)   Merge Heap Roots: 0.4ms
[2024-03-24T20:29:33.571+0800][2167.599s] GC(736)   Evacuate Collection Set: 4.0ms
[2024-03-24T20:29:33.571+0800][2167.599s] GC(736)   Post Evacuate Collection Set: 1.3ms
[2024-03-24T20:29:33.571+0800][2167.599s] GC(736)   Other: 0.2ms
[2024-03-24T20:29:33.571+0800][2167.599s] GC(736) Eden regions: 305->0(305)
[2024-03-24T20:29:33.571+0800][2167.599s] GC(736) Survivor regions: 2->2(39)
[2024-03-24T20:29:33.571+0800][2167.599s] GC(736) Old regions: 55->55
[2024-03-24T20:29:33.571+0800][2167.599s] GC(736) Humongous regions: 4->4
[2024-03-24T20:29:33.571+0800][2167.599s] GC(736) Metaspace: 65920K(66688K)->65920K(66688K) NonClass: 58522K(58944K)->58522K(58944K) Class: 7397K(7744K)->7397K(7744K)
[2024-03-24T20:29:33.571+0800][2167.599s] GC(736) Pause Young (Normal) (G1 Evacuation Pause) 364M->59M(512M) 7.260ms
[2024-03-24T20:29:33.571+0800][2167.599s] GC(736) User=0.00s Sys=0.00s Real=0.00s
[2024-03-24T20:29:36.081+0800][2170.112s] GC(737) Pause Young (Normal) (G1 Evacuation Pause)
[2024-03-24T20:29:36.081+0800][2170.113s] GC(737) Using 8 workers of 8 for evacuation
[2024-03-24T20:29:36.094+0800][2170.117s] GC(737)   Pre Evacuate Collection Set: 0.3ms
[2024-03-24T20:29:36.094+0800][2170.117s] GC(737)   Merge Heap Roots: 0.3ms
[2024-03-24T20:29:36.094+0800][2170.117s] GC(737)   Evacuate Collection Set: 2.4ms
[2024-03-24T20:29:36.094+0800][2170.117s] GC(737)   Post Evacuate Collection Set: 1.0ms
[2024-03-24T20:29:36.094+0800][2170.117s] GC(737)   Other: 0.2ms
[2024-03-24T20:29:36.095+0800][2170.117s] GC(737) Eden regions: 305->0(305)
[2024-03-24T20:29:36.095+0800][2170.117s] GC(737) Survivor regions: 2->2(39)
[2024-03-24T20:29:36.095+0800][2170.117s] GC(737) Old regions: 55->55
[2024-03-24T20:29:36.095+0800][2170.117s] GC(737) Humongous regions: 4->4
[2024-03-24T20:29:36.095+0800][2170.117s] GC(737) Metaspace: 65920K(66688K)->65920K(66688K) NonClass: 58522K(58944K)->58522K(58944K) Class: 7397K(7744K)->7397K(7744K)
[2024-03-24T20:29:36.095+0800][2170.117s] GC(737) Pause Young (Normal) (G1 Evacuation Pause) 364M->59M(512M) 4.984ms
[2024-03-24T20:29:36.095+0800][2170.117s] GC(737) User=0.02s Sys=0.00s Real=0.01s
[2024-03-24T20:29:38.569+0800][2172.595s] GC(738) Pause Young (Normal) (G1 Evacuation Pause)
[2024-03-24T20:29:38.569+0800][2172.595s] GC(738) Using 8 workers of 8 for evacuation
[2024-03-24T20:29:38.574+0800][2172.599s] GC(738)   Pre Evacuate Collection Set: 0.4ms
[2024-03-24T20:29:38.574+0800][2172.599s] GC(738)   Merge Heap Roots: 0.1ms
[2024-03-24T20:29:38.574+0800][2172.599s] GC(738)   Evacuate Collection Set: 2.4ms
[2024-03-24T20:29:38.574+0800][2172.599s] GC(738)   Post Evacuate Collection Set: 1.0ms
[2024-03-24T20:29:38.574+0800][2172.599s] GC(738)   Other: 0.2ms
[2024-03-24T20:29:38.574+0800][2172.600s] GC(738) Eden regions: 305->0(305)
[2024-03-24T20:29:38.574+0800][2172.600s] GC(738) Survivor regions: 2->2(39)
[2024-03-24T20:29:38.574+0800][2172.600s] GC(738) Old regions: 55->55
[2024-03-24T20:29:38.574+0800][2172.600s] GC(738) Humongous regions: 4->4
[2024-03-24T20:29:38.574+0800][2172.600s] GC(738) Metaspace: 65920K(66688K)->65920K(66688K) NonClass: 58522K(58944K)->58522K(58944K) Class: 7397K(7744K)->7397K(7744K)
[2024-03-24T20:29:38.574+0800][2172.600s] GC(738) Pause Young (Normal) (G1 Evacuation Pause) 364M->59M(512M) 4.845ms
[2024-03-24T20:29:38.574+0800][2172.600s] GC(738) User=0.05s Sys=0.00s Real=0.00s
[2024-03-24T20:29:41.109+0800][2175.138s] GC(739) Pause Young (Normal) (G1 Evacuation Pause)
[2024-03-24T20:29:41.109+0800][2175.138s] GC(739) Using 8 workers of 8 for evacuation
[2024-03-24T20:29:41.118+0800][2175.143s] GC(739)   Pre Evacuate Collection Set: 0.4ms
[2024-03-24T20:29:41.118+0800][2175.143s] GC(739)   Merge Heap Roots: 0.2ms
[2024-03-24T20:29:41.118+0800][2175.143s] GC(739)   Evacuate Collection Set: 2.7ms
[2024-03-24T20:29:41.118+0800][2175.143s] GC(739)   Post Evacuate Collection Set: 1.1ms
[2024-03-24T20:29:41.118+0800][2175.143s] GC(739)   Other: 0.2ms
[2024-03-24T20:29:41.118+0800][2175.143s] GC(739) Eden regions: 305->0(305)
[2024-03-24T20:29:41.118+0800][2175.143s] GC(739) Survivor regions: 2->2(39)
[2024-03-24T20:29:41.118+0800][2175.143s] GC(739) Old regions: 55->55
[2024-03-24T20:29:41.118+0800][2175.143s] GC(739) Humongous regions: 4->4
[2024-03-24T20:29:41.118+0800][2175.143s] GC(739) Metaspace: 65920K(66688K)->65920K(66688K) NonClass: 58522K(58944K)->58522K(58944K) Class: 7397K(7744K)->7397K(7744K)
[2024-03-24T20:29:41.118+0800][2175.144s] GC(739) Pause Young (Normal) (G1 Evacuation Pause) 364M->59M(512M) 5.502ms
[2024-03-24T20:29:41.118+0800][2175.144s] GC(739) User=0.00s Sys=0.00s Real=0.01s
[2024-03-24T20:29:43.520+0800][2177.543s] GC(740) Pause Young (Normal) (G1 Evacuation Pause)
[2024-03-24T20:29:43.520+0800][2177.543s] GC(740) Using 8 workers of 8 for evacuation
[2024-03-24T20:29:43.524+0800][2177.548s] GC(740)   Pre Evacuate Collection Set: 0.4ms
[2024-03-24T20:29:43.524+0800][2177.548s] GC(740)   Merge Heap Roots: 0.2ms
[2024-03-24T20:29:43.524+0800][2177.548s] GC(740)   Evacuate Collection Set: 3.3ms
[2024-03-24T20:29:43.524+0800][2177.548s] GC(740)   Post Evacuate Collection Set: 1.1ms
[2024-03-24T20:29:43.524+0800][2177.548s] GC(740)   Other: 0.2ms
[2024-03-24T20:29:43.524+0800][2177.548s] GC(740) Eden regions: 305->0(305)
[2024-03-24T20:29:43.524+0800][2177.548s] GC(740) Survivor regions: 2->2(39)
[2024-03-24T20:29:43.524+0800][2177.548s] GC(740) Old regions: 55->55
[2024-03-24T20:29:43.524+0800][2177.548s] GC(740) Humongous regions: 4->4
[2024-03-24T20:29:43.524+0800][2177.549s] GC(740) Metaspace: 65920K(66688K)->65920K(66688K) NonClass: 58522K(58944K)->58522K(58944K) Class: 7397K(7744K)->7397K(7744K)
[2024-03-24T20:29:43.524+0800][2177.549s] GC(740) Pause Young (Normal) (G1 Evacuation Pause) 364M->59M(512M) 5.790ms
[2024-03-24T20:29:43.524+0800][2177.549s] GC(740) User=0.00s Sys=0.00s Real=0.00s
[2024-03-24T20:29:45.923+0800][2179.951s] GC(741) Pause Young (Normal) (G1 Evacuation Pause)
[2024-03-24T20:29:45.923+0800][2179.951s] GC(741) Using 8 workers of 8 for evacuation
[2024-03-24T20:29:45.933+0800][2179.956s] GC(741)   Pre Evacuate Collection Set: 0.3ms
[2024-03-24T20:29:45.933+0800][2179.956s] GC(741)   Merge Heap Roots: 0.4ms
[2024-03-24T20:29:45.933+0800][2179.956s] GC(741)   Evacuate Collection Set: 2.6ms
[2024-03-24T20:29:45.933+0800][2179.956s] GC(741)   Post Evacuate Collection Set: 1.2ms
[2024-03-24T20:29:45.933+0800][2179.956s] GC(741)   Other: 0.3ms
[2024-03-24T20:29:45.933+0800][2179.956s] GC(741) Eden regions: 305->0(305)
[2024-03-24T20:29:45.933+0800][2179.956s] GC(741) Survivor regions: 2->2(39)
[2024-03-24T20:29:45.933+0800][2179.956s] GC(741) Old regions: 55->55
[2024-03-24T20:29:45.933+0800][2179.956s] GC(741) Humongous regions: 4->4
[2024-03-24T20:29:45.933+0800][2179.956s] GC(741) Metaspace: 65920K(66688K)->65920K(66688K) NonClass: 58522K(58944K)->58522K(58944K) Class: 7397K(7744K)->7397K(7744K)
[2024-03-24T20:29:45.933+0800][2179.956s] GC(741) Pause Young (Normal) (G1 Evacuation Pause) 364M->59M(512M) 5.218ms
[2024-03-24T20:29:45.933+0800][2179.956s] GC(741) User=0.02s Sys=0.00s Real=0.01s
[2024-03-24T20:29:48.540+0800][2182.567s] GC(742) Pause Young (Normal) (G1 Evacuation Pause)
[2024-03-24T20:29:48.540+0800][2182.567s] GC(742) Using 8 workers of 8 for evacuation
[2024-03-24T20:29:48.549+0800][2182.571s] GC(742)   Pre Evacuate Collection Set: 0.3ms
[2024-03-24T20:29:48.549+0800][2182.571s] GC(742)   Merge Heap Roots: 0.1ms
[2024-03-24T20:29:48.549+0800][2182.571s] GC(742)   Evacuate Collection Set: 2.9ms
[2024-03-24T20:29:48.549+0800][2182.572s] GC(742)   Post Evacuate Collection Set: 0.8ms
[2024-03-24T20:29:48.549+0800][2182.572s] GC(742)   Other: 0.2ms
[2024-03-24T20:29:48.549+0800][2182.572s] GC(742) Eden regions: 305->0(305)
[2024-03-24T20:29:48.549+0800][2182.572s] GC(742) Survivor regions: 2->2(39)
[2024-03-24T20:29:48.549+0800][2182.572s] GC(742) Old regions: 55->55
[2024-03-24T20:29:48.549+0800][2182.572s] GC(742) Humongous regions: 4->4
[2024-03-24T20:29:48.549+0800][2182.572s] GC(742) Metaspace: 65920K(66688K)->65920K(66688K) NonClass: 58522K(58944K)->58522K(58944K) Class: 7397K(7744K)->7397K(7744K)
[2024-03-24T20:29:48.549+0800][2182.572s] GC(742) Pause Young (Normal) (G1 Evacuation Pause) 364M->60M(512M) 4.676ms
[2024-03-24T20:29:48.549+0800][2182.572s] GC(742) User=0.02s Sys=0.00s Real=0.01s
[2024-03-24T20:29:51.090+0800][2185.117s] GC(743) Pause Young (Normal) (G1 Evacuation Pause)
[2024-03-24T20:29:51.090+0800][2185.117s] GC(743) Using 8 workers of 8 for evacuation
[2024-03-24T20:29:51.097+0800][2185.122s] GC(743)   Pre Evacuate Collection Set: 0.4ms
[2024-03-24T20:29:51.099+0800][2185.122s] GC(743)   Merge Heap Roots: 0.2ms
[2024-03-24T20:29:51.099+0800][2185.122s] GC(743)   Evacuate Collection Set: 2.8ms
[2024-03-24T20:29:51.099+0800][2185.122s] GC(743)   Post Evacuate Collection Set: 0.6ms
[2024-03-24T20:29:51.099+0800][2185.122s] GC(743)   Other: 0.2ms
[2024-03-24T20:29:51.099+0800][2185.122s] GC(743) Eden regions: 305->0(305)
[2024-03-24T20:29:51.099+0800][2185.122s] GC(743) Survivor regions: 2->2(39)
[2024-03-24T20:29:51.099+0800][2185.122s] GC(743) Old regions: 55->55
[2024-03-24T20:29:51.099+0800][2185.122s] GC(743) Humongous regions: 4->4
[2024-03-24T20:29:51.099+0800][2185.122s] GC(743) Metaspace: 65920K(66688K)->65920K(66688K) NonClass: 58522K(58944K)->58522K(58944K) Class: 7397K(7744K)->7397K(7744K)
[2024-03-24T20:29:51.099+0800][2185.122s] GC(743) Pause Young (Normal) (G1 Evacuation Pause) 365M->59M(512M) 4.722ms
[2024-03-24T20:29:51.099+0800][2185.122s] GC(743) User=0.00s Sys=0.00s Real=0.01s
[2024-03-24T20:29:53.480+0800][2187.503s] GC(744) Pause Young (Normal) (G1 Evacuation Pause)
[2024-03-24T20:29:53.480+0800][2187.503s] GC(744) Using 8 workers of 8 for evacuation
[2024-03-24T20:29:53.483+0800][2187.507s] GC(744)   Pre Evacuate Collection Set: 0.4ms
[2024-03-24T20:29:53.483+0800][2187.507s] GC(744)   Merge Heap Roots: 0.2ms
[2024-03-24T20:29:53.483+0800][2187.507s] GC(744)   Evacuate Collection Set: 2.3ms
[2024-03-24T20:29:53.483+0800][2187.507s] GC(744)   Post Evacuate Collection Set: 1.1ms
[2024-03-24T20:29:53.483+0800][2187.507s] GC(744)   Other: 0.2ms
[2024-03-24T20:29:53.483+0800][2187.507s] GC(744) Eden regions: 305->0(305)
[2024-03-24T20:29:53.483+0800][2187.507s] GC(744) Survivor regions: 2->2(39)
[2024-03-24T20:29:53.483+0800][2187.507s] GC(744) Old regions: 55->55
[2024-03-24T20:29:53.483+0800][2187.508s] GC(744) Humongous regions: 4->4
[2024-03-24T20:29:53.483+0800][2187.508s] GC(744) Metaspace: 65920K(66688K)->65920K(66688K) NonClass: 58522K(58944K)->58522K(58944K) Class: 7397K(7744K)->7397K(7744K)
[2024-03-24T20:29:53.483+0800][2187.508s] GC(744) Pause Young (Normal) (G1 Evacuation Pause) 364M->60M(512M) 5.015ms
[2024-03-24T20:29:53.483+0800][2187.508s] GC(744) User=0.00s Sys=0.00s Real=0.00s
[2024-03-24T20:29:55.949+0800][2189.975s] GC(745) Pause Young (Normal) (G1 Evacuation Pause)
[2024-03-24T20:29:55.949+0800][2189.975s] GC(745) Using 8 workers of 8 for evacuation
[2024-03-24T20:29:55.954+0800][2189.979s] GC(745)   Pre Evacuate Collection Set: 0.4ms
[2024-03-24T20:29:55.954+0800][2189.979s] GC(745)   Merge Heap Roots: 0.2ms
[2024-03-24T20:29:55.954+0800][2189.980s] GC(745)   Evacuate Collection Set: 2.3ms
[2024-03-24T20:29:55.954+0800][2189.980s] GC(745)   Post Evacuate Collection Set: 1.0ms
[2024-03-24T20:29:55.954+0800][2189.980s] GC(745)   Other: 0.2ms
[2024-03-24T20:29:55.954+0800][2189.980s] GC(745) Eden regions: 305->0(305)
[2024-03-24T20:29:55.954+0800][2189.980s] GC(745) Survivor regions: 2->2(39)
[2024-03-24T20:29:55.954+0800][2189.980s] GC(745) Old regions: 55->55
[2024-03-24T20:29:55.954+0800][2189.980s] GC(745) Humongous regions: 4->4
[2024-03-24T20:29:55.954+0800][2189.980s] GC(745) Metaspace: 65920K(66688K)->65920K(66688K) NonClass: 58522K(58944K)->58522K(58944K) Class: 7397K(7744K)->7397K(7744K)
[2024-03-24T20:29:55.954+0800][2189.980s] GC(745) Pause Young (Normal) (G1 Evacuation Pause) 365M->59M(512M) 4.724ms
[2024-03-24T20:29:55.954+0800][2189.980s] GC(745) User=0.00s Sys=0.00s Real=0.01s
[2024-03-24T20:29:58.523+0800][2192.546s] GC(746) Pause Young (Normal) (G1 Evacuation Pause)
[2024-03-24T20:29:58.523+0800][2192.546s] GC(746) Using 8 workers of 8 for evacuation
[2024-03-24T20:29:58.528+0800][2192.552s] GC(746)   Pre Evacuate Collection Set: 0.3ms
[2024-03-24T20:29:58.528+0800][2192.552s] GC(746)   Merge Heap Roots: 0.2ms
[2024-03-24T20:29:58.528+0800][2192.552s] GC(746)   Evacuate Collection Set: 4.5ms
[2024-03-24T20:29:58.528+0800][2192.552s] GC(746)   Post Evacuate Collection Set: 0.7ms
[2024-03-24T20:29:58.528+0800][2192.552s] GC(746)   Other: 0.1ms
[2024-03-24T20:29:58.528+0800][2192.552s] GC(746) Eden regions: 305->0(305)
[2024-03-24T20:29:58.528+0800][2192.552s] GC(746) Survivor regions: 2->2(39)
[2024-03-24T20:29:58.528+0800][2192.552s] GC(746) Old regions: 55->55
[2024-03-24T20:29:58.528+0800][2192.552s] GC(746) Humongous regions: 4->4
[2024-03-24T20:29:58.528+0800][2192.552s] GC(746) Metaspace: 65920K(66688K)->65920K(66688K) NonClass: 58522K(58944K)->58522K(58944K) Class: 7397K(7744K)->7397K(7744K)
[2024-03-24T20:29:58.528+0800][2192.552s] GC(746) Pause Young (Normal) (G1 Evacuation Pause) 364M->60M(512M) 6.181ms
[2024-03-24T20:29:58.530+0800][2192.552s] GC(746) User=0.02s Sys=0.00s Real=0.01s
[2024-03-24T20:30:00.990+0800][2195.014s] GC(747) Pause Young (Normal) (G1 Evacuation Pause)
[2024-03-24T20:30:00.990+0800][2195.014s] GC(747) Using 8 workers of 8 for evacuation
[2024-03-24T20:30:00.990+0800][2195.019s] GC(747)   Pre Evacuate Collection Set: 0.5ms
[2024-03-24T20:30:00.990+0800][2195.019s] GC(747)   Merge Heap Roots: 0.2ms
[2024-03-24T20:30:00.990+0800][2195.019s] GC(747)   Evacuate Collection Set: 2.2ms
[2024-03-24T20:30:00.990+0800][2195.019s] GC(747)   Post Evacuate Collection Set: 1.1ms
[2024-03-24T20:30:00.990+0800][2195.019s] GC(747)   Other: 0.2ms
[2024-03-24T20:30:00.990+0800][2195.019s] GC(747) Eden regions: 305->0(305)
[2024-03-24T20:30:00.990+0800][2195.019s] GC(747) Survivor regions: 2->2(39)
[2024-03-24T20:30:00.990+0800][2195.019s] GC(747) Old regions: 55->55
[2024-03-24T20:30:00.990+0800][2195.019s] GC(747) Humongous regions: 4->4
[2024-03-24T20:30:00.990+0800][2195.019s] GC(747) Metaspace: 65920K(66688K)->65920K(66688K) NonClass: 58522K(58944K)->58522K(58944K) Class: 7397K(7744K)->7397K(7744K)
[2024-03-24T20:30:00.990+0800][2195.019s] GC(747) Pause Young (Normal) (G1 Evacuation Pause) 365M->59M(512M) 4.925ms
[2024-03-24T20:30:00.990+0800][2195.019s] GC(747) User=0.00s Sys=0.00s Real=0.00s
[2024-03-24T20:30:03.420+0800][2197.445s] GC(748) Pause Young (Normal) (G1 Evacuation Pause)
[2024-03-24T20:30:03.420+0800][2197.445s] GC(748) Using 8 workers of 8 for evacuation
[2024-03-24T20:30:03.420+0800][2197.449s] GC(748)   Pre Evacuate Collection Set: 0.3ms
[2024-03-24T20:30:03.420+0800][2197.449s] GC(748)   Merge Heap Roots: 0.1ms
[2024-03-24T20:30:03.420+0800][2197.449s] GC(748)   Evacuate Collection Set: 2.0ms
[2024-03-24T20:30:03.420+0800][2197.449s] GC(748)   Post Evacuate Collection Set: 1.2ms
[2024-03-24T20:30:03.420+0800][2197.449s] GC(748)   Other: 0.1ms
[2024-03-24T20:30:03.420+0800][2197.449s] GC(748) Eden regions: 305->0(305)
[2024-03-24T20:30:03.420+0800][2197.449s] GC(748) Survivor regions: 2->2(39)
[2024-03-24T20:30:03.420+0800][2197.449s] GC(748) Old regions: 55->55
[2024-03-24T20:30:03.420+0800][2197.449s] GC(748) Humongous regions: 4->4
[2024-03-24T20:30:03.420+0800][2197.449s] GC(748) Metaspace: 65920K(66688K)->65920K(66688K) NonClass: 58522K(58944K)->58522K(58944K) Class: 7397K(7744K)->7397K(7744K)
[2024-03-24T20:30:03.420+0800][2197.449s] GC(748) Pause Young (Normal) (G1 Evacuation Pause) 364M->59M(512M) 4.191ms
[2024-03-24T20:30:03.420+0800][2197.449s] GC(748) User=0.00s Sys=0.00s Real=0.00s
[2024-03-24T20:30:05.901+0800][2199.924s] GC(749) Pause Young (Normal) (G1 Evacuation Pause)
[2024-03-24T20:30:05.901+0800][2199.924s] GC(749) Using 8 workers of 8 for evacuation
[2024-03-24T20:30:05.901+0800][2199.929s] GC(749)   Pre Evacuate Collection Set: 0.3ms
[2024-03-24T20:30:05.901+0800][2199.929s] GC(749)   Merge Heap Roots: 0.2ms
[2024-03-24T20:30:05.901+0800][2199.929s] GC(749)   Evacuate Collection Set: 3.3ms
[2024-03-24T20:30:05.901+0800][2199.929s] GC(749)   Post Evacuate Collection Set: 1.0ms
[2024-03-24T20:30:05.901+0800][2199.929s] GC(749)   Other: 0.2ms
[2024-03-24T20:30:05.901+0800][2199.929s] GC(749) Eden regions: 305->0(305)
[2024-03-24T20:30:05.901+0800][2199.929s] GC(749) Survivor regions: 2->2(39)
[2024-03-24T20:30:05.901+0800][2199.929s] GC(749) Old regions: 55->55
[2024-03-24T20:30:05.901+0800][2199.929s] GC(749) Humongous regions: 4->4
[2024-03-24T20:30:05.901+0800][2199.929s] GC(749) Metaspace: 65920K(66688K)->65920K(66688K) NonClass: 58522K(58944K)->58522K(58944K) Class: 7397K(7744K)->7397K(7744K)
[2024-03-24T20:30:05.901+0800][2199.929s] GC(749) Pause Young (Normal) (G1 Evacuation Pause) 364M->59M(512M) 5.405ms
[2024-03-24T20:30:05.901+0800][2199.929s] GC(749) User=0.00s Sys=0.00s Real=0.00s
[2024-03-24T20:30:08.425+0800][2202.452s] GC(750) Pause Young (Normal) (G1 Evacuation Pause)
[2024-03-24T20:30:08.425+0800][2202.452s] GC(750) Using 8 workers of 8 for evacuation
[2024-03-24T20:30:08.430+0800][2202.456s] GC(750)   Pre Evacuate Collection Set: 0.3ms
[2024-03-24T20:30:08.430+0800][2202.456s] GC(750)   Merge Heap Roots: 0.2ms
[2024-03-24T20:30:08.430+0800][2202.456s] GC(750)   Evacuate Collection Set: 2.2ms
[2024-03-24T20:30:08.430+0800][2202.456s] GC(750)   Post Evacuate Collection Set: 1.2ms
[2024-03-24T20:30:08.430+0800][2202.456s] GC(750)   Other: 0.2ms
[2024-03-24T20:30:08.430+0800][2202.456s] GC(750) Eden regions: 305->0(305)
[2024-03-24T20:30:08.430+0800][2202.456s] GC(750) Survivor regions: 2->2(39)
[2024-03-24T20:30:08.430+0800][2202.456s] GC(750) Old regions: 55->55
[2024-03-24T20:30:08.430+0800][2202.456s] GC(750) Humongous regions: 4->4
[2024-03-24T20:30:08.430+0800][2202.456s] GC(750) Metaspace: 65920K(66688K)->65920K(66688K) NonClass: 58522K(58944K)->58522K(58944K) Class: 7397K(7744K)->7397K(7744K)
[2024-03-24T20:30:08.434+0800][2202.456s] GC(750) Pause Young (Normal) (G1 Evacuation Pause) 364M->59M(512M) 4.543ms
[2024-03-24T20:30:08.434+0800][2202.457s] GC(750) User=0.00s Sys=0.00s Real=0.01s
[2024-03-24T20:30:10.970+0800][2204.994s] GC(751) Pause Young (Normal) (G1 Evacuation Pause)
[2024-03-24T20:30:10.970+0800][2204.994s] GC(751) Using 8 workers of 8 for evacuation
[2024-03-24T20:30:10.970+0800][2204.998s] GC(751)   Pre Evacuate Collection Set: 0.3ms
[2024-03-24T20:30:10.970+0800][2204.998s] GC(751)   Merge Heap Roots: 0.2ms
[2024-03-24T20:30:10.970+0800][2204.998s] GC(751)   Evacuate Collection Set: 2.4ms
[2024-03-24T20:30:10.970+0800][2204.998s] GC(751)   Post Evacuate Collection Set: 1.0ms
[2024-03-24T20:30:10.970+0800][2204.998s] GC(751)   Other: 0.2ms
[2024-03-24T20:30:10.970+0800][2204.998s] GC(751) Eden regions: 305->0(305)
[2024-03-24T20:30:10.970+0800][2204.998s] GC(751) Survivor regions: 2->2(39)
[2024-03-24T20:30:10.970+0800][2204.998s] GC(751) Old regions: 55->55
[2024-03-24T20:30:10.970+0800][2204.998s] GC(751) Humongous regions: 4->4
[2024-03-24T20:30:10.970+0800][2204.999s] GC(751) Metaspace: 65920K(66688K)->65920K(66688K) NonClass: 58522K(58944K)->58522K(58944K) Class: 7397K(7744K)->7397K(7744K)
[2024-03-24T20:30:10.970+0800][2204.999s] GC(751) Pause Young (Normal) (G1 Evacuation Pause) 364M->59M(512M) 4.820ms
[2024-03-24T20:30:10.970+0800][2204.999s] GC(751) User=0.00s Sys=0.00s Real=0.00s
[2024-03-24T20:30:13.454+0800][2207.477s] GC(752) Pause Young (Normal) (G1 Evacuation Pause)
[2024-03-24T20:30:13.454+0800][2207.477s] GC(752) Using 8 workers of 8 for evacuation
[2024-03-24T20:30:13.454+0800][2207.481s] GC(752)   Pre Evacuate Collection Set: 0.4ms
[2024-03-24T20:30:13.454+0800][2207.481s] GC(752)   Merge Heap Roots: 0.3ms
[2024-03-24T20:30:13.454+0800][2207.481s] GC(752)   Evacuate Collection Set: 2.1ms
[2024-03-24T20:30:13.454+0800][2207.481s] GC(752)   Post Evacuate Collection Set: 1.5ms
[2024-03-24T20:30:13.454+0800][2207.481s] GC(752)   Other: 0.2ms
[2024-03-24T20:30:13.454+0800][2207.482s] GC(752) Eden regions: 305->0(305)
[2024-03-24T20:30:13.454+0800][2207.482s] GC(752) Survivor regions: 2->2(39)
[2024-03-24T20:30:13.454+0800][2207.482s] GC(752) Old regions: 55->55
[2024-03-24T20:30:13.454+0800][2207.482s] GC(752) Humongous regions: 4->4
[2024-03-24T20:30:13.454+0800][2207.482s] GC(752) Metaspace: 65920K(66688K)->65920K(66688K) NonClass: 58522K(58944K)->58522K(58944K) Class: 7397K(7744K)->7397K(7744K)
[2024-03-24T20:30:13.454+0800][2207.482s] GC(752) Pause Young (Normal) (G1 Evacuation Pause) 364M->60M(512M) 5.042ms
[2024-03-24T20:30:13.454+0800][2207.482s] GC(752) User=0.00s Sys=0.00s Real=0.00s
[2024-03-24T20:30:15.916+0800][2209.943s] GC(753) Pause Young (Normal) (G1 Evacuation Pause)
[2024-03-24T20:30:15.916+0800][2209.944s] GC(753) Using 8 workers of 8 for evacuation
[2024-03-24T20:30:15.916+0800][2209.949s] GC(753)   Pre Evacuate Collection Set: 0.4ms
[2024-03-24T20:30:15.916+0800][2209.949s] GC(753)   Merge Heap Roots: 0.5ms
[2024-03-24T20:30:15.926+0800][2209.949s] GC(753)   Evacuate Collection Set: 2.8ms
[2024-03-24T20:30:15.926+0800][2209.949s] GC(753)   Post Evacuate Collection Set: 1.3ms
[2024-03-24T20:30:15.926+0800][2209.949s] GC(753)   Other: 0.2ms
[2024-03-24T20:30:15.926+0800][2209.949s] GC(753) Eden regions: 305->0(305)
[2024-03-24T20:30:15.926+0800][2209.949s] GC(753) Survivor regions: 2->2(39)
[2024-03-24T20:30:15.926+0800][2209.949s] GC(753) Old regions: 55->55
[2024-03-24T20:30:15.926+0800][2209.949s] GC(753) Humongous regions: 4->4
[2024-03-24T20:30:15.926+0800][2209.949s] GC(753) Metaspace: 65920K(66688K)->65920K(66688K) NonClass: 58522K(58944K)->58522K(58944K) Class: 7397K(7744K)->7397K(7744K)
[2024-03-24T20:30:15.926+0800][2209.950s] GC(753) Pause Young (Normal) (G1 Evacuation Pause) 365M->60M(512M) 6.058ms
[2024-03-24T20:30:15.926+0800][2209.950s] GC(753) User=0.00s Sys=0.00s Real=0.01s
[2024-03-24T20:30:18.442+0800][2212.464s] GC(754) Pause Young (Normal) (G1 Evacuation Pause)
[2024-03-24T20:30:18.442+0800][2212.464s] GC(754) Using 8 workers of 8 for evacuation
[2024-03-24T20:30:18.446+0800][2212.470s] GC(754)   Pre Evacuate Collection Set: 0.2ms
[2024-03-24T20:30:18.446+0800][2212.470s] GC(754)   Merge Heap Roots: 0.1ms
[2024-03-24T20:30:18.446+0800][2212.470s] GC(754)   Evacuate Collection Set: 3.2ms
[2024-03-24T20:30:18.446+0800][2212.470s] GC(754)   Post Evacuate Collection Set: 1.4ms
[2024-03-24T20:30:18.446+0800][2212.470s] GC(754)   Other: 0.4ms
[2024-03-24T20:30:18.446+0800][2212.470s] GC(754) Eden regions: 305->0(305)
[2024-03-24T20:30:18.446+0800][2212.470s] GC(754) Survivor regions: 2->2(39)
[2024-03-24T20:30:18.446+0800][2212.470s] GC(754) Old regions: 55->55
[2024-03-24T20:30:18.446+0800][2212.470s] GC(754) Humongous regions: 4->4
[2024-03-24T20:30:18.446+0800][2212.470s] GC(754) Metaspace: 65920K(66688K)->65920K(66688K) NonClass: 58522K(58944K)->58522K(58944K) Class: 7397K(7744K)->7397K(7744K)
[2024-03-24T20:30:18.446+0800][2212.470s] GC(754) Pause Young (Normal) (G1 Evacuation Pause) 365M->60M(512M) 6.032ms
[2024-03-24T20:30:18.446+0800][2212.470s] GC(754) User=0.02s Sys=0.00s Real=0.00s
[2024-03-24T20:30:20.964+0800][2214.987s] GC(755) Pause Young (Normal) (G1 Evacuation Pause)
[2024-03-24T20:30:20.964+0800][2214.987s] GC(755) Using 8 workers of 8 for evacuation
[2024-03-24T20:30:20.964+0800][2214.991s] GC(755)   Pre Evacuate Collection Set: 0.4ms
[2024-03-24T20:30:20.969+0800][2214.991s] GC(755)   Merge Heap Roots: 0.2ms
[2024-03-24T20:30:20.969+0800][2214.991s] GC(755)   Evacuate Collection Set: 2.4ms
[2024-03-24T20:30:20.969+0800][2214.991s] GC(755)   Post Evacuate Collection Set: 1.1ms
[2024-03-24T20:30:20.969+0800][2214.992s] GC(755)   Other: 0.2ms
[2024-03-24T20:30:20.969+0800][2214.992s] GC(755) Eden regions: 305->0(305)
[2024-03-24T20:30:20.969+0800][2214.992s] GC(755) Survivor regions: 2->2(39)
[2024-03-24T20:30:20.969+0800][2214.992s] GC(755) Old regions: 55->55
[2024-03-24T20:30:20.969+0800][2214.992s] GC(755) Humongous regions: 4->4
[2024-03-24T20:30:20.969+0800][2214.992s] GC(755) Metaspace: 65922K(66688K)->65922K(66688K) NonClass: 58524K(58944K)->58524K(58944K) Class: 7397K(7744K)->7397K(7744K)
[2024-03-24T20:30:20.969+0800][2214.992s] GC(755) Pause Young (Normal) (G1 Evacuation Pause) 365M->59M(512M) 4.995ms
[2024-03-24T20:30:20.969+0800][2214.992s] GC(755) User=0.00s Sys=0.00s Real=0.01s
[2024-03-24T20:30:23.487+0800][2217.512s] GC(756) Pause Young (Normal) (G1 Evacuation Pause)
[2024-03-24T20:30:23.487+0800][2217.512s] GC(756) Using 8 workers of 8 for evacuation
[2024-03-24T20:30:23.490+0800][2217.518s] GC(756)   Pre Evacuate Collection Set: 0.3ms
[2024-03-24T20:30:23.490+0800][2217.518s] GC(756)   Merge Heap Roots: 0.2ms
[2024-03-24T20:30:23.490+0800][2217.518s] GC(756)   Evacuate Collection Set: 3.4ms
[2024-03-24T20:30:23.490+0800][2217.518s] GC(756)   Post Evacuate Collection Set: 1.8ms
[2024-03-24T20:30:23.490+0800][2217.518s] GC(756)   Other: 0.2ms
[2024-03-24T20:30:23.490+0800][2217.518s] GC(756) Eden regions: 305->0(305)
[2024-03-24T20:30:23.490+0800][2217.518s] GC(756) Survivor regions: 2->2(39)
[2024-03-24T20:30:23.490+0800][2217.518s] GC(756) Old regions: 55->55
[2024-03-24T20:30:23.490+0800][2217.518s] GC(756) Humongous regions: 4->4
[2024-03-24T20:30:23.490+0800][2217.518s] GC(756) Metaspace: 65922K(66688K)->65922K(66688K) NonClass: 58524K(58944K)->58524K(58944K) Class: 7397K(7744K)->7397K(7744K)
[2024-03-24T20:30:23.490+0800][2217.518s] GC(756) Pause Young (Normal) (G1 Evacuation Pause) 364M->59M(512M) 6.519ms
[2024-03-24T20:30:23.490+0800][2217.518s] GC(756) User=0.00s Sys=0.00s Real=0.00s
[2024-03-24T20:30:25.941+0800][2219.972s] GC(757) Pause Young (Normal) (G1 Evacuation Pause)
[2024-03-24T20:30:25.941+0800][2219.972s] GC(757) Using 8 workers of 8 for evacuation
[2024-03-24T20:30:25.952+0800][2219.977s] GC(757)   Pre Evacuate Collection Set: 0.5ms
[2024-03-24T20:30:25.952+0800][2219.977s] GC(757)   Merge Heap Roots: 0.2ms
[2024-03-24T20:30:25.954+0800][2219.977s] GC(757)   Evacuate Collection Set: 2.4ms
[2024-03-24T20:30:25.954+0800][2219.977s] GC(757)   Post Evacuate Collection Set: 1.2ms
[2024-03-24T20:30:25.954+0800][2219.977s] GC(757)   Other: 0.3ms
[2024-03-24T20:30:25.954+0800][2219.977s] GC(757) Eden regions: 305->0(305)
[2024-03-24T20:30:25.954+0800][2219.977s] GC(757) Survivor regions: 2->2(39)
[2024-03-24T20:30:25.954+0800][2219.977s] GC(757) Old regions: 55->55
[2024-03-24T20:30:25.954+0800][2219.977s] GC(757) Humongous regions: 4->4
[2024-03-24T20:30:25.954+0800][2219.977s] GC(757) Metaspace: 65922K(66688K)->65922K(66688K) NonClass: 58524K(58944K)->58524K(58944K) Class: 7397K(7744K)->7397K(7744K)
[2024-03-24T20:30:25.954+0800][2219.977s] GC(757) Pause Young (Normal) (G1 Evacuation Pause) 364M->59M(512M) 5.425ms
[2024-03-24T20:30:25.954+0800][2219.977s] GC(757) User=0.00s Sys=0.00s Real=0.01s
[2024-03-24T20:30:28.423+0800][2222.452s] GC(758) Pause Young (Normal) (G1 Evacuation Pause)
[2024-03-24T20:30:28.423+0800][2222.453s] GC(758) Using 8 workers of 8 for evacuation
[2024-03-24T20:30:28.433+0800][2222.458s] GC(758)   Pre Evacuate Collection Set: 0.3ms
[2024-03-24T20:30:28.433+0800][2222.458s] GC(758)   Merge Heap Roots: 0.2ms
[2024-03-24T20:30:28.433+0800][2222.458s] GC(758)   Evacuate Collection Set: 3.0ms
[2024-03-24T20:30:28.433+0800][2222.458s] GC(758)   Post Evacuate Collection Set: 1.4ms
[2024-03-24T20:30:28.433+0800][2222.458s] GC(758)   Other: 0.2ms
[2024-03-24T20:30:28.433+0800][2222.458s] GC(758) Eden regions: 305->0(305)
[2024-03-24T20:30:28.433+0800][2222.458s] GC(758) Survivor regions: 2->2(39)
[2024-03-24T20:30:28.433+0800][2222.458s] GC(758) Old regions: 55->55
[2024-03-24T20:30:28.433+0800][2222.458s] GC(758) Humongous regions: 4->4
[2024-03-24T20:30:28.433+0800][2222.458s] GC(758) Metaspace: 65922K(66688K)->65922K(66688K) NonClass: 58524K(58944K)->58524K(58944K) Class: 7397K(7744K)->7397K(7744K)
[2024-03-24T20:30:28.433+0800][2222.458s] GC(758) Pause Young (Normal) (G1 Evacuation Pause) 364M->59M(512M) 5.739ms
[2024-03-24T20:30:28.433+0800][2222.458s] GC(758) User=0.00s Sys=0.00s Real=0.01s
[2024-03-24T20:30:30.993+0800][2225.018s] GC(759) Pause Young (Normal) (G1 Evacuation Pause)
[2024-03-24T20:30:30.993+0800][2225.018s] GC(759) Using 8 workers of 8 for evacuation
[2024-03-24T20:30:30.997+0800][2225.023s] GC(759)   Pre Evacuate Collection Set: 0.6ms
[2024-03-24T20:30:30.997+0800][2225.023s] GC(759)   Merge Heap Roots: 0.3ms
[2024-03-24T20:30:30.997+0800][2225.023s] GC(759)   Evacuate Collection Set: 2.7ms
[2024-03-24T20:30:30.997+0800][2225.024s] GC(759)   Post Evacuate Collection Set: 1.0ms
[2024-03-24T20:30:30.997+0800][2225.024s] GC(759)   Other: 0.3ms
[2024-03-24T20:30:30.997+0800][2225.024s] GC(759) Eden regions: 305->0(305)
[2024-03-24T20:30:30.997+0800][2225.024s] GC(759) Survivor regions: 2->2(39)
[2024-03-24T20:30:30.997+0800][2225.024s] GC(759) Old regions: 55->55
[2024-03-24T20:30:30.997+0800][2225.024s] GC(759) Humongous regions: 4->4
[2024-03-24T20:30:30.997+0800][2225.024s] GC(759) Metaspace: 65922K(66688K)->65922K(66688K) NonClass: 58524K(58944K)->58524K(58944K) Class: 7397K(7744K)->7397K(7744K)
[2024-03-24T20:30:30.997+0800][2225.024s] GC(759) Pause Young (Normal) (G1 Evacuation Pause) 364M->60M(512M) 5.685ms
[2024-03-24T20:30:30.997+0800][2225.024s] GC(759) User=0.02s Sys=0.00s Real=0.00s
[2024-03-24T20:30:33.407+0800][2227.432s] GC(760) Pause Young (Normal) (G1 Evacuation Pause)
[2024-03-24T20:30:33.407+0800][2227.432s] GC(760) Using 8 workers of 8 for evacuation
[2024-03-24T20:30:33.412+0800][2227.437s] GC(760)   Pre Evacuate Collection Set: 0.4ms
[2024-03-24T20:30:33.412+0800][2227.437s] GC(760)   Merge Heap Roots: 0.4ms
[2024-03-24T20:30:33.412+0800][2227.437s] GC(760)   Evacuate Collection Set: 2.3ms
[2024-03-24T20:30:33.412+0800][2227.437s] GC(760)   Post Evacuate Collection Set: 1.2ms
[2024-03-24T20:30:33.412+0800][2227.437s] GC(760)   Other: 0.2ms
[2024-03-24T20:30:33.412+0800][2227.437s] GC(760) Eden regions: 305->0(305)
[2024-03-24T20:30:33.412+0800][2227.437s] GC(760) Survivor regions: 2->2(39)
[2024-03-24T20:30:33.412+0800][2227.437s] GC(760) Old regions: 55->55
[2024-03-24T20:30:33.412+0800][2227.437s] GC(760) Humongous regions: 4->4
[2024-03-24T20:30:33.412+0800][2227.437s] GC(760) Metaspace: 65922K(66688K)->65922K(66688K) NonClass: 58524K(58944K)->58524K(58944K) Class: 7397K(7744K)->7397K(7744K)
[2024-03-24T20:30:33.412+0800][2227.437s] GC(760) Pause Young (Normal) (G1 Evacuation Pause) 365M->60M(512M) 4.984ms
[2024-03-24T20:30:33.412+0800][2227.437s] GC(760) User=0.00s Sys=0.00s Real=0.00s
[2024-03-24T20:30:35.753+0800][2229.778s] GC(761) Pause Young (Normal) (G1 Evacuation Pause)
[2024-03-24T20:30:35.753+0800][2229.779s] GC(761) Using 8 workers of 8 for evacuation
[2024-03-24T20:30:35.760+0800][2229.783s] GC(761)   Pre Evacuate Collection Set: 0.3ms
[2024-03-24T20:30:35.760+0800][2229.783s] GC(761)   Merge Heap Roots: 0.4ms
[2024-03-24T20:30:35.760+0800][2229.783s] GC(761)   Evacuate Collection Set: 2.5ms
[2024-03-24T20:30:35.760+0800][2229.783s] GC(761)   Post Evacuate Collection Set: 1.2ms
[2024-03-24T20:30:35.760+0800][2229.783s] GC(761)   Other: 0.2ms
[2024-03-24T20:30:35.760+0800][2229.783s] GC(761) Eden regions: 305->0(305)
[2024-03-24T20:30:35.760+0800][2229.783s] GC(761) Survivor regions: 2->2(39)
[2024-03-24T20:30:35.760+0800][2229.783s] GC(761) Old regions: 55->55
[2024-03-24T20:30:35.760+0800][2229.783s] GC(761) Humongous regions: 4->4
[2024-03-24T20:30:35.760+0800][2229.783s] GC(761) Metaspace: 65922K(66688K)->65922K(66688K) NonClass: 58524K(58944K)->58524K(58944K) Class: 7397K(7744K)->7397K(7744K)
[2024-03-24T20:30:35.760+0800][2229.784s] GC(761) Pause Young (Normal) (G1 Evacuation Pause) 365M->60M(512M) 5.135ms
[2024-03-24T20:30:35.760+0800][2229.784s] GC(761) User=0.00s Sys=0.00s Real=0.01s
[2024-03-24T20:30:38.357+0800][2232.383s] GC(762) Pause Young (Normal) (G1 Evacuation Pause)
[2024-03-24T20:30:38.357+0800][2232.384s] GC(762) Using 8 workers of 8 for evacuation
[2024-03-24T20:30:38.367+0800][2232.390s] GC(762)   Pre Evacuate Collection Set: 0.3ms
[2024-03-24T20:30:38.367+0800][2232.390s] GC(762)   Merge Heap Roots: 0.2ms
[2024-03-24T20:30:38.367+0800][2232.390s] GC(762)   Evacuate Collection Set: 4.4ms
[2024-03-24T20:30:38.367+0800][2232.390s] GC(762)   Post Evacuate Collection Set: 1.2ms
[2024-03-24T20:30:38.367+0800][2232.390s] GC(762)   Other: 0.3ms
[2024-03-24T20:30:38.367+0800][2232.390s] GC(762) Eden regions: 305->0(305)
[2024-03-24T20:30:38.367+0800][2232.390s] GC(762) Survivor regions: 2->2(39)
[2024-03-24T20:30:38.367+0800][2232.390s] GC(762) Old regions: 55->55
[2024-03-24T20:30:38.367+0800][2232.390s] GC(762) Humongous regions: 4->4
[2024-03-24T20:30:38.367+0800][2232.390s] GC(762) Metaspace: 65922K(66688K)->65922K(66688K) NonClass: 58524K(58944K)->58524K(58944K) Class: 7397K(7744K)->7397K(7744K)
[2024-03-24T20:30:38.367+0800][2232.390s] GC(762) Pause Young (Normal) (G1 Evacuation Pause) 365M->60M(512M) 7.023ms
[2024-03-24T20:30:38.367+0800][2232.390s] GC(762) User=0.00s Sys=0.00s Real=0.01s
[2024-03-24T20:30:40.936+0800][2234.960s] GC(763) Pause Young (Normal) (G1 Evacuation Pause)
[2024-03-24T20:30:40.937+0800][2234.960s] GC(763) Using 8 workers of 8 for evacuation
[2024-03-24T20:30:40.937+0800][2234.965s] GC(763)   Pre Evacuate Collection Set: 0.5ms
[2024-03-24T20:30:40.937+0800][2234.965s] GC(763)   Merge Heap Roots: 0.3ms
[2024-03-24T20:30:40.937+0800][2234.965s] GC(763)   Evacuate Collection Set: 2.6ms
[2024-03-24T20:30:40.937+0800][2234.965s] GC(763)   Post Evacuate Collection Set: 1.2ms
[2024-03-24T20:30:40.937+0800][2234.965s] GC(763)   Other: 0.2ms
[2024-03-24T20:30:40.937+0800][2234.965s] GC(763) Eden regions: 305->0(305)
[2024-03-24T20:30:40.937+0800][2234.965s] GC(763) Survivor regions: 2->2(39)
[2024-03-24T20:30:40.937+0800][2234.965s] GC(763) Old regions: 55->55
[2024-03-24T20:30:40.937+0800][2234.965s] GC(763) Humongous regions: 4->4
[2024-03-24T20:30:40.937+0800][2234.965s] GC(763) Metaspace: 65922K(66688K)->65922K(66688K) NonClass: 58524K(58944K)->58524K(58944K) Class: 7397K(7744K)->7397K(7744K)
[2024-03-24T20:30:40.937+0800][2234.965s] GC(763) Pause Young (Normal) (G1 Evacuation Pause) 365M->60M(512M) 5.647ms
[2024-03-24T20:30:40.937+0800][2234.966s] GC(763) User=0.00s Sys=0.00s Real=0.00s
[2024-03-24T20:30:43.443+0800][2237.471s] GC(764) Pause Young (Normal) (G1 Evacuation Pause)
[2024-03-24T20:30:43.443+0800][2237.471s] GC(764) Using 8 workers of 8 for evacuation
[2024-03-24T20:30:43.453+0800][2237.477s] GC(764)   Pre Evacuate Collection Set: 0.4ms
[2024-03-24T20:30:43.453+0800][2237.477s] GC(764)   Merge Heap Roots: 0.5ms
[2024-03-24T20:30:43.453+0800][2237.477s] GC(764)   Evacuate Collection Set: 3.5ms
[2024-03-24T20:30:43.453+0800][2237.477s] GC(764)   Post Evacuate Collection Set: 1.2ms
[2024-03-24T20:30:43.453+0800][2237.477s] GC(764)   Other: 0.2ms
[2024-03-24T20:30:43.453+0800][2237.477s] GC(764) Eden regions: 305->0(305)
[2024-03-24T20:30:43.453+0800][2237.477s] GC(764) Survivor regions: 2->2(39)
[2024-03-24T20:30:43.453+0800][2237.477s] GC(764) Old regions: 55->55
[2024-03-24T20:30:43.453+0800][2237.477s] GC(764) Humongous regions: 4->4
[2024-03-24T20:30:43.453+0800][2237.477s] GC(764) Metaspace: 65922K(66688K)->65922K(66688K) NonClass: 58524K(58944K)->58524K(58944K) Class: 7397K(7744K)->7397K(7744K)
[2024-03-24T20:30:43.453+0800][2237.477s] GC(764) Pause Young (Normal) (G1 Evacuation Pause) 365M->60M(512M) 6.372ms
[2024-03-24T20:30:43.453+0800][2237.477s] GC(764) User=0.02s Sys=0.00s Real=0.01s
[2024-03-24T20:30:45.853+0800][2239.882s] GC(765) Pause Young (Normal) (G1 Evacuation Pause)
[2024-03-24T20:30:45.853+0800][2239.882s] GC(765) Using 8 workers of 8 for evacuation
[2024-03-24T20:30:45.860+0800][2239.888s] GC(765)   Pre Evacuate Collection Set: 0.3ms
[2024-03-24T20:30:45.860+0800][2239.888s] GC(765)   Merge Heap Roots: 0.2ms
[2024-03-24T20:30:45.860+0800][2239.888s] GC(765)   Evacuate Collection Set: 3.4ms
[2024-03-24T20:30:45.860+0800][2239.888s] GC(765)   Post Evacuate Collection Set: 1.3ms
[2024-03-24T20:30:45.860+0800][2239.888s] GC(765)   Other: 0.1ms
[2024-03-24T20:30:45.860+0800][2239.888s] GC(765) Eden regions: 305->0(305)
[2024-03-24T20:30:45.860+0800][2239.888s] GC(765) Survivor regions: 2->2(39)
[2024-03-24T20:30:45.860+0800][2239.888s] GC(765) Old regions: 55->55
[2024-03-24T20:30:45.860+0800][2239.888s] GC(765) Humongous regions: 4->4
[2024-03-24T20:30:45.860+0800][2239.888s] GC(765) Metaspace: 65922K(66688K)->65922K(66688K) NonClass: 58524K(58944K)->58524K(58944K) Class: 7397K(7744K)->7397K(7744K)
[2024-03-24T20:30:45.860+0800][2239.888s] GC(765) Pause Young (Normal) (G1 Evacuation Pause) 365M->60M(512M) 6.084ms
[2024-03-24T20:30:45.860+0800][2239.888s] GC(765) User=0.00s Sys=0.00s Real=0.01s
[2024-03-24T20:30:48.252+0800][2242.275s] GC(766) Pause Young (Normal) (G1 Evacuation Pause)
[2024-03-24T20:30:48.252+0800][2242.276s] GC(766) Using 8 workers of 8 for evacuation
[2024-03-24T20:30:48.257+0800][2242.280s] GC(766)   Pre Evacuate Collection Set: 0.3ms
[2024-03-24T20:30:48.257+0800][2242.280s] GC(766)   Merge Heap Roots: 0.2ms
[2024-03-24T20:30:48.257+0800][2242.281s] GC(766)   Evacuate Collection Set: 2.9ms
[2024-03-24T20:30:48.257+0800][2242.281s] GC(766)   Post Evacuate Collection Set: 1.1ms
[2024-03-24T20:30:48.257+0800][2242.281s] GC(766)   Other: 0.2ms
[2024-03-24T20:30:48.257+0800][2242.281s] GC(766) Eden regions: 305->0(306)
[2024-03-24T20:30:48.257+0800][2242.281s] GC(766) Survivor regions: 2->1(39)
[2024-03-24T20:30:48.257+0800][2242.281s] GC(766) Old regions: 55->55
[2024-03-24T20:30:48.257+0800][2242.281s] GC(766) Humongous regions: 4->4
[2024-03-24T20:30:48.257+0800][2242.281s] GC(766) Metaspace: 65922K(66688K)->65922K(66688K) NonClass: 58524K(58944K)->58524K(58944K) Class: 7397K(7744K)->7397K(7744K)
[2024-03-24T20:30:48.257+0800][2242.281s] GC(766) Pause Young (Normal) (G1 Evacuation Pause) 365M->59M(512M) 5.315ms
[2024-03-24T20:30:48.257+0800][2242.281s] GC(766) User=0.00s Sys=0.00s Real=0.00s
[2024-03-24T20:30:50.805+0800][2244.827s] GC(767) Pause Young (Normal) (G1 Evacuation Pause)
[2024-03-24T20:30:50.805+0800][2244.827s] GC(767) Using 8 workers of 8 for evacuation
[2024-03-24T20:30:50.808+0800][2244.832s] GC(767)   Pre Evacuate Collection Set: 0.3ms
[2024-03-24T20:30:50.808+0800][2244.832s] GC(767)   Merge Heap Roots: 0.2ms
[2024-03-24T20:30:50.808+0800][2244.832s] GC(767)   Evacuate Collection Set: 2.7ms
[2024-03-24T20:30:50.808+0800][2244.832s] GC(767)   Post Evacuate Collection Set: 1.0ms
[2024-03-24T20:30:50.808+0800][2244.832s] GC(767)   Other: 0.2ms
[2024-03-24T20:30:50.808+0800][2244.832s] GC(767) Eden regions: 306->0(305)
[2024-03-24T20:30:50.808+0800][2244.832s] GC(767) Survivor regions: 1->2(39)
[2024-03-24T20:30:50.808+0800][2244.832s] GC(767) Old regions: 55->55
[2024-03-24T20:30:50.808+0800][2244.832s] GC(767) Humongous regions: 4->4
[2024-03-24T20:30:50.808+0800][2244.832s] GC(767) Metaspace: 65922K(66688K)->65922K(66688K) NonClass: 58524K(58944K)->58524K(58944K) Class: 7397K(7744K)->7397K(7744K)
[2024-03-24T20:30:50.808+0800][2244.832s] GC(767) Pause Young (Normal) (G1 Evacuation Pause) 365M->60M(512M) 5.029ms
[2024-03-24T20:30:50.808+0800][2244.832s] GC(767) User=0.03s Sys=0.00s Real=0.00s
[2024-03-24T20:30:53.337+0800][2247.359s] GC(768) Pause Young (Normal) (G1 Evacuation Pause)
[2024-03-24T20:30:53.337+0800][2247.359s] GC(768) Using 8 workers of 8 for evacuation
[2024-03-24T20:30:53.341+0800][2247.364s] GC(768)   Pre Evacuate Collection Set: 0.3ms
[2024-03-24T20:30:53.341+0800][2247.364s] GC(768)   Merge Heap Roots: 0.6ms
[2024-03-24T20:30:53.341+0800][2247.364s] GC(768)   Evacuate Collection Set: 2.2ms
[2024-03-24T20:30:53.341+0800][2247.364s] GC(768)   Post Evacuate Collection Set: 1.0ms
[2024-03-24T20:30:53.341+0800][2247.364s] GC(768)   Other: 0.2ms
[2024-03-24T20:30:53.341+0800][2247.364s] GC(768) Eden regions: 305->0(305)
[2024-03-24T20:30:53.341+0800][2247.364s] GC(768) Survivor regions: 2->2(39)
[2024-03-24T20:30:53.341+0800][2247.364s] GC(768) Old regions: 55->55
[2024-03-24T20:30:53.341+0800][2247.364s] GC(768) Humongous regions: 4->4
[2024-03-24T20:30:53.341+0800][2247.364s] GC(768) Metaspace: 65922K(66688K)->65922K(66688K) NonClass: 58524K(58944K)->58524K(58944K) Class: 7397K(7744K)->7397K(7744K)
[2024-03-24T20:30:53.341+0800][2247.364s] GC(768) Pause Young (Normal) (G1 Evacuation Pause) 365M->60M(512M) 4.814ms
[2024-03-24T20:30:53.341+0800][2247.364s] GC(768) User=0.02s Sys=0.00s Real=0.00s
[2024-03-24T20:30:55.781+0800][2249.810s] GC(769) Pause Young (Normal) (G1 Evacuation Pause)
[2024-03-24T20:30:55.781+0800][2249.810s] GC(769) Using 8 workers of 8 for evacuation
[2024-03-24T20:30:55.791+0800][2249.815s] GC(769)   Pre Evacuate Collection Set: 0.5ms
[2024-03-24T20:30:55.791+0800][2249.816s] GC(769)   Merge Heap Roots: 0.2ms
[2024-03-24T20:30:55.791+0800][2249.816s] GC(769)   Evacuate Collection Set: 2.4ms
[2024-03-24T20:30:55.791+0800][2249.816s] GC(769)   Post Evacuate Collection Set: 1.7ms
[2024-03-24T20:30:55.791+0800][2249.816s] GC(769)   Other: 0.3ms
[2024-03-24T20:30:55.791+0800][2249.816s] GC(769) Eden regions: 305->0(305)
[2024-03-24T20:30:55.791+0800][2249.816s] GC(769) Survivor regions: 2->2(39)
[2024-03-24T20:30:55.791+0800][2249.816s] GC(769) Old regions: 55->55
[2024-03-24T20:30:55.791+0800][2249.816s] GC(769) Humongous regions: 4->4
[2024-03-24T20:30:55.791+0800][2249.816s] GC(769) Metaspace: 65922K(66688K)->65922K(66688K) NonClass: 58524K(58944K)->58524K(58944K) Class: 7397K(7744K)->7397K(7744K)
[2024-03-24T20:30:55.791+0800][2249.816s] GC(769) Pause Young (Normal) (G1 Evacuation Pause) 365M->60M(512M) 6.212ms
[2024-03-24T20:30:55.791+0800][2249.816s] GC(769) User=0.00s Sys=0.00s Real=0.01s
[2024-03-24T20:30:58.372+0800][2252.395s] GC(770) Pause Young (Normal) (G1 Evacuation Pause)
[2024-03-24T20:30:58.372+0800][2252.395s] GC(770) Using 8 workers of 8 for evacuation
[2024-03-24T20:30:58.376+0800][2252.401s] GC(770)   Pre Evacuate Collection Set: 0.3ms
[2024-03-24T20:30:58.376+0800][2252.402s] GC(770)   Merge Heap Roots: 0.2ms
[2024-03-24T20:30:58.376+0800][2252.402s] GC(770)   Evacuate Collection Set: 4.4ms
[2024-03-24T20:30:58.376+0800][2252.402s] GC(770)   Post Evacuate Collection Set: 1.3ms
[2024-03-24T20:30:58.376+0800][2252.402s] GC(770)   Other: 0.3ms
[2024-03-24T20:30:58.376+0800][2252.402s] GC(770) Eden regions: 305->0(305)
[2024-03-24T20:30:58.376+0800][2252.402s] GC(770) Survivor regions: 2->2(39)
[2024-03-24T20:30:58.376+0800][2252.402s] GC(770) Old regions: 55->55
[2024-03-24T20:30:58.376+0800][2252.402s] GC(770) Humongous regions: 4->4
[2024-03-24T20:30:58.376+0800][2252.402s] GC(770) Metaspace: 65922K(66688K)->65922K(66688K) NonClass: 58524K(58944K)->58524K(58944K) Class: 7397K(7744K)->7397K(7744K)
[2024-03-24T20:30:58.376+0800][2252.402s] GC(770) Pause Young (Normal) (G1 Evacuation Pause) 365M->60M(512M) 7.416ms
[2024-03-24T20:30:58.376+0800][2252.402s] GC(770) User=0.00s Sys=0.00s Real=0.00s
[2024-03-24T20:31:00.915+0800][2254.941s] GC(771) Pause Young (Normal) (G1 Evacuation Pause)
[2024-03-24T20:31:00.915+0800][2254.942s] GC(771) Using 8 workers of 8 for evacuation
[2024-03-24T20:31:00.923+0800][2254.946s] GC(771)   Pre Evacuate Collection Set: 0.6ms
[2024-03-24T20:31:00.923+0800][2254.946s] GC(771)   Merge Heap Roots: 0.2ms
[2024-03-24T20:31:00.923+0800][2254.946s] GC(771)   Evacuate Collection Set: 2.3ms
[2024-03-24T20:31:00.923+0800][2254.946s] GC(771)   Post Evacuate Collection Set: 1.1ms
[2024-03-24T20:31:00.923+0800][2254.946s] GC(771)   Other: 0.2ms
[2024-03-24T20:31:00.923+0800][2254.946s] GC(771) Eden regions: 305->0(305)
[2024-03-24T20:31:00.923+0800][2254.946s] GC(771) Survivor regions: 2->2(39)
[2024-03-24T20:31:00.923+0800][2254.947s] GC(771) Old regions: 55->55
[2024-03-24T20:31:00.923+0800][2254.947s] GC(771) Humongous regions: 4->4
[2024-03-24T20:31:00.923+0800][2254.947s] GC(771) Metaspace: 65922K(66688K)->65922K(66688K) NonClass: 58524K(58944K)->58524K(58944K) Class: 7397K(7744K)->7397K(7744K)
[2024-03-24T20:31:00.923+0800][2254.947s] GC(771) Pause Young (Normal) (G1 Evacuation Pause) 365M->60M(512M) 5.468ms
[2024-03-24T20:31:00.923+0800][2254.947s] GC(771) User=0.02s Sys=0.00s Real=0.01s
[2024-03-24T20:31:03.389+0800][2257.418s] GC(772) Pause Young (Normal) (G1 Evacuation Pause)
[2024-03-24T20:31:03.389+0800][2257.418s] GC(772) Using 8 workers of 8 for evacuation
[2024-03-24T20:31:03.399+0800][2257.423s] GC(772)   Pre Evacuate Collection Set: 0.5ms
[2024-03-24T20:31:03.399+0800][2257.423s] GC(772)   Merge Heap Roots: 0.2ms
[2024-03-24T20:31:03.399+0800][2257.423s] GC(772)   Evacuate Collection Set: 2.7ms
[2024-03-24T20:31:03.399+0800][2257.423s] GC(772)   Post Evacuate Collection Set: 1.1ms
[2024-03-24T20:31:03.399+0800][2257.423s] GC(772)   Other: 0.2ms
[2024-03-24T20:31:03.399+0800][2257.423s] GC(772) Eden regions: 305->0(305)
[2024-03-24T20:31:03.399+0800][2257.423s] GC(772) Survivor regions: 2->2(39)
[2024-03-24T20:31:03.399+0800][2257.423s] GC(772) Old regions: 55->55
[2024-03-24T20:31:03.399+0800][2257.423s] GC(772) Humongous regions: 4->4
[2024-03-24T20:31:03.399+0800][2257.423s] GC(772) Metaspace: 65922K(66688K)->65922K(66688K) NonClass: 58524K(58944K)->58524K(58944K) Class: 7397K(7744K)->7397K(7744K)
[2024-03-24T20:31:03.399+0800][2257.423s] GC(772) Pause Young (Normal) (G1 Evacuation Pause) 365M->60M(512M) 5.334ms
[2024-03-24T20:31:03.399+0800][2257.423s] GC(772) User=0.00s Sys=0.00s Real=0.01s
[2024-03-24T20:31:05.733+0800][2259.757s] GC(773) Pause Young (Normal) (G1 Evacuation Pause)
[2024-03-24T20:31:05.733+0800][2259.757s] GC(773) Using 8 workers of 8 for evacuation
[2024-03-24T20:31:05.739+0800][2259.762s] GC(773)   Pre Evacuate Collection Set: 0.3ms
[2024-03-24T20:31:05.739+0800][2259.762s] GC(773)   Merge Heap Roots: 0.1ms
[2024-03-24T20:31:05.739+0800][2259.762s] GC(773)   Evacuate Collection Set: 3.3ms
[2024-03-24T20:31:05.739+0800][2259.762s] GC(773)   Post Evacuate Collection Set: 0.9ms
[2024-03-24T20:31:05.739+0800][2259.762s] GC(773)   Other: 0.1ms
[2024-03-24T20:31:05.739+0800][2259.762s] GC(773) Eden regions: 305->0(305)
[2024-03-24T20:31:05.739+0800][2259.762s] GC(773) Survivor regions: 2->2(39)
[2024-03-24T20:31:05.739+0800][2259.762s] GC(773) Old regions: 55->56
[2024-03-24T20:31:05.739+0800][2259.762s] GC(773) Humongous regions: 4->4
[2024-03-24T20:31:05.739+0800][2259.762s] GC(773) Metaspace: 65922K(66688K)->65922K(66688K) NonClass: 58524K(58944K)->58524K(58944K) Class: 7397K(7744K)->7397K(7744K)
[2024-03-24T20:31:05.739+0800][2259.762s] GC(773) Pause Young (Normal) (G1 Evacuation Pause) 365M->60M(512M) 5.106ms
[2024-03-24T20:31:05.739+0800][2259.762s] GC(773) User=0.00s Sys=0.02s Real=0.01s
[2024-03-24T20:31:08.199+0800][2262.228s] GC(774) Pause Young (Normal) (G1 Evacuation Pause)
[2024-03-24T20:31:08.199+0800][2262.228s] GC(774) Using 8 workers of 8 for evacuation
[2024-03-24T20:31:08.206+0800][2262.232s] GC(774)   Pre Evacuate Collection Set: 0.3ms
[2024-03-24T20:31:08.206+0800][2262.232s] GC(774)   Merge Heap Roots: 0.2ms
[2024-03-24T20:31:08.206+0800][2262.232s] GC(774)   Evacuate Collection Set: 2.0ms
[2024-03-24T20:31:08.206+0800][2262.232s] GC(774)   Post Evacuate Collection Set: 1.1ms
[2024-03-24T20:31:08.206+0800][2262.232s] GC(774)   Other: 0.2ms
[2024-03-24T20:31:08.206+0800][2262.232s] GC(774) Eden regions: 305->0(305)
[2024-03-24T20:31:08.206+0800][2262.232s] GC(774) Survivor regions: 2->2(39)
[2024-03-24T20:31:08.206+0800][2262.232s] GC(774) Old regions: 56->56
[2024-03-24T20:31:08.206+0800][2262.232s] GC(774) Humongous regions: 4->4
[2024-03-24T20:31:08.206+0800][2262.232s] GC(774) Metaspace: 65922K(66688K)->65922K(66688K) NonClass: 58524K(58944K)->58524K(58944K) Class: 7397K(7744K)->7397K(7744K)
[2024-03-24T20:31:08.206+0800][2262.232s] GC(774) Pause Young (Normal) (G1 Evacuation Pause) 365M->60M(512M) 4.447ms
[2024-03-24T20:31:08.206+0800][2262.232s] GC(774) User=0.00s Sys=0.00s Real=0.01s
[2024-03-24T20:31:10.762+0800][2264.787s] GC(775) Pause Young (Normal) (G1 Evacuation Pause)
[2024-03-24T20:31:10.762+0800][2264.787s] GC(775) Using 8 workers of 8 for evacuation
[2024-03-24T20:31:10.767+0800][2264.791s] GC(775)   Pre Evacuate Collection Set: 0.3ms
[2024-03-24T20:31:10.767+0800][2264.792s] GC(775)   Merge Heap Roots: 0.8ms
[2024-03-24T20:31:10.767+0800][2264.792s] GC(775)   Evacuate Collection Set: 2.1ms
[2024-03-24T20:31:10.767+0800][2264.792s] GC(775)   Post Evacuate Collection Set: 0.9ms
[2024-03-24T20:31:10.767+0800][2264.792s] GC(775)   Other: 0.2ms
[2024-03-24T20:31:10.767+0800][2264.792s] GC(775) Eden regions: 305->0(305)
[2024-03-24T20:31:10.767+0800][2264.792s] GC(775) Survivor regions: 2->2(39)
[2024-03-24T20:31:10.767+0800][2264.792s] GC(775) Old regions: 56->56
[2024-03-24T20:31:10.767+0800][2264.792s] GC(775) Humongous regions: 4->4
[2024-03-24T20:31:10.767+0800][2264.792s] GC(775) Metaspace: 65922K(66688K)->65922K(66688K) NonClass: 58524K(58944K)->58524K(58944K) Class: 7397K(7744K)->7397K(7744K)
[2024-03-24T20:31:10.767+0800][2264.792s] GC(775) Pause Young (Normal) (G1 Evacuation Pause) 365M->60M(512M) 5.114ms
[2024-03-24T20:31:10.767+0800][2264.792s] GC(775) User=0.00s Sys=0.00s Real=0.00s
[2024-03-24T20:31:13.315+0800][2267.338s] GC(776) Pause Young (Normal) (G1 Evacuation Pause)
[2024-03-24T20:31:13.315+0800][2267.338s] GC(776) Using 8 workers of 8 for evacuation
[2024-03-24T20:31:13.318+0800][2267.343s] GC(776)   Pre Evacuate Collection Set: 0.3ms
[2024-03-24T20:31:13.318+0800][2267.343s] GC(776)   Merge Heap Roots: 0.4ms
[2024-03-24T20:31:13.318+0800][2267.343s] GC(776)   Evacuate Collection Set: 2.5ms
[2024-03-24T20:31:13.318+0800][2267.343s] GC(776)   Post Evacuate Collection Set: 1.4ms
[2024-03-24T20:31:13.318+0800][2267.343s] GC(776)   Other: 0.3ms
[2024-03-24T20:31:13.318+0800][2267.343s] GC(776) Eden regions: 305->0(305)
[2024-03-24T20:31:13.318+0800][2267.343s] GC(776) Survivor regions: 2->2(39)
[2024-03-24T20:31:13.318+0800][2267.343s] GC(776) Old regions: 56->56
[2024-03-24T20:31:13.318+0800][2267.343s] GC(776) Humongous regions: 4->4
[2024-03-24T20:31:13.318+0800][2267.343s] GC(776) Metaspace: 65922K(66688K)->65922K(66688K) NonClass: 58524K(58944K)->58524K(58944K) Class: 7397K(7744K)->7397K(7744K)
[2024-03-24T20:31:13.318+0800][2267.343s] GC(776) Pause Young (Normal) (G1 Evacuation Pause) 365M->60M(512M) 5.658ms
[2024-03-24T20:31:13.318+0800][2267.344s] GC(776) User=0.00s Sys=0.00s Real=0.00s
[2024-03-24T20:31:15.799+0800][2269.827s] GC(777) Pause Young (Normal) (G1 Evacuation Pause)
[2024-03-24T20:31:15.799+0800][2269.828s] GC(777) Using 8 workers of 8 for evacuation
[2024-03-24T20:31:15.809+0800][2269.832s] GC(777)   Pre Evacuate Collection Set: 0.2ms
[2024-03-24T20:31:15.809+0800][2269.832s] GC(777)   Merge Heap Roots: 0.1ms
[2024-03-24T20:31:15.809+0800][2269.832s] GC(777)   Evacuate Collection Set: 2.8ms
[2024-03-24T20:31:15.809+0800][2269.832s] GC(777)   Post Evacuate Collection Set: 1.1ms
[2024-03-24T20:31:15.809+0800][2269.832s] GC(777)   Other: 0.2ms
[2024-03-24T20:31:15.809+0800][2269.832s] GC(777) Eden regions: 305->0(305)
[2024-03-24T20:31:15.809+0800][2269.832s] GC(777) Survivor regions: 2->2(39)
[2024-03-24T20:31:15.809+0800][2269.832s] GC(777) Old regions: 56->56
[2024-03-24T20:31:15.809+0800][2269.832s] GC(777) Humongous regions: 4->4
[2024-03-24T20:31:15.809+0800][2269.832s] GC(777) Metaspace: 65922K(66688K)->65922K(66688K) NonClass: 58524K(58944K)->58524K(58944K) Class: 7397K(7744K)->7397K(7744K)
[2024-03-24T20:31:15.809+0800][2269.832s] GC(777) Pause Young (Normal) (G1 Evacuation Pause) 365M->60M(512M) 4.974ms
[2024-03-24T20:31:15.809+0800][2269.833s] GC(777) User=0.00s Sys=0.00s Real=0.01s
[2024-03-24T20:31:18.301+0800][2272.325s] GC(778) Pause Young (Normal) (G1 Evacuation Pause)
[2024-03-24T20:31:18.301+0800][2272.326s] GC(778) Using 8 workers of 8 for evacuation
[2024-03-24T20:31:18.301+0800][2272.330s] GC(778)   Pre Evacuate Collection Set: 0.5ms
[2024-03-24T20:31:18.301+0800][2272.330s] GC(778)   Merge Heap Roots: 0.3ms
[2024-03-24T20:31:18.301+0800][2272.330s] GC(778)   Evacuate Collection Set: 2.5ms
[2024-03-24T20:31:18.301+0800][2272.330s] GC(778)   Post Evacuate Collection Set: 1.1ms
[2024-03-24T20:31:18.308+0800][2272.330s] GC(778)   Other: 0.2ms
[2024-03-24T20:31:18.308+0800][2272.331s] GC(778) Eden regions: 305->0(305)
[2024-03-24T20:31:18.308+0800][2272.331s] GC(778) Survivor regions: 2->2(39)
[2024-03-24T20:31:18.308+0800][2272.331s] GC(778) Old regions: 56->56
[2024-03-24T20:31:18.308+0800][2272.331s] GC(778) Humongous regions: 4->4
[2024-03-24T20:31:18.308+0800][2272.331s] GC(778) Metaspace: 65922K(66688K)->65922K(66688K) NonClass: 58524K(58944K)->58524K(58944K) Class: 7397K(7744K)->7397K(7744K)
[2024-03-24T20:31:18.308+0800][2272.331s] GC(778) Pause Young (Normal) (G1 Evacuation Pause) 365M->60M(512M) 5.393ms
[2024-03-24T20:31:18.308+0800][2272.331s] GC(778) User=0.00s Sys=0.00s Real=0.01s
[2024-03-24T20:31:20.847+0800][2274.877s] GC(779) Pause Young (Normal) (G1 Evacuation Pause)
[2024-03-24T20:31:20.847+0800][2274.877s] GC(779) Using 8 workers of 8 for evacuation
[2024-03-24T20:31:20.857+0800][2274.882s] GC(779)   Pre Evacuate Collection Set: 0.3ms
[2024-03-24T20:31:20.857+0800][2274.882s] GC(779)   Merge Heap Roots: 0.2ms
[2024-03-24T20:31:20.857+0800][2274.882s] GC(779)   Evacuate Collection Set: 2.6ms
[2024-03-24T20:31:20.857+0800][2274.882s] GC(779)   Post Evacuate Collection Set: 1.1ms
[2024-03-24T20:31:20.857+0800][2274.882s] GC(779)   Other: 0.2ms
[2024-03-24T20:31:20.857+0800][2274.882s] GC(779) Eden regions: 305->0(305)
[2024-03-24T20:31:20.857+0800][2274.882s] GC(779) Survivor regions: 2->2(39)
[2024-03-24T20:31:20.857+0800][2274.882s] GC(779) Old regions: 56->56
[2024-03-24T20:31:20.857+0800][2274.882s] GC(779) Humongous regions: 4->4
[2024-03-24T20:31:20.857+0800][2274.882s] GC(779) Metaspace: 65922K(66688K)->65922K(66688K) NonClass: 58524K(58944K)->58524K(58944K) Class: 7397K(7744K)->7397K(7744K)
[2024-03-24T20:31:20.857+0800][2274.882s] GC(779) Pause Young (Normal) (G1 Evacuation Pause) 365M->60M(512M) 5.018ms
[2024-03-24T20:31:20.857+0800][2274.882s] GC(779) User=0.02s Sys=0.00s Real=0.01s
[2024-03-24T20:31:23.344+0800][2277.373s] GC(780) Pause Young (Normal) (G1 Evacuation Pause)
[2024-03-24T20:31:23.344+0800][2277.373s] GC(780) Using 8 workers of 8 for evacuation
[2024-03-24T20:31:23.354+0800][2277.378s] GC(780)   Pre Evacuate Collection Set: 0.5ms
[2024-03-24T20:31:23.354+0800][2277.378s] GC(780)   Merge Heap Roots: 0.3ms
[2024-03-24T20:31:23.354+0800][2277.378s] GC(780)   Evacuate Collection Set: 2.6ms
[2024-03-24T20:31:23.354+0800][2277.378s] GC(780)   Post Evacuate Collection Set: 1.1ms
[2024-03-24T20:31:23.354+0800][2277.378s] GC(780)   Other: 0.3ms
[2024-03-24T20:31:23.354+0800][2277.378s] GC(780) Eden regions: 305->0(305)
[2024-03-24T20:31:23.354+0800][2277.378s] GC(780) Survivor regions: 2->2(39)
[2024-03-24T20:31:23.354+0800][2277.378s] GC(780) Old regions: 56->56
[2024-03-24T20:31:23.354+0800][2277.378s] GC(780) Humongous regions: 4->4
[2024-03-24T20:31:23.354+0800][2277.378s] GC(780) Metaspace: 65922K(66688K)->65922K(66688K) NonClass: 58524K(58944K)->58524K(58944K) Class: 7397K(7744K)->7397K(7744K)
[2024-03-24T20:31:23.354+0800][2277.378s] GC(780) Pause Young (Normal) (G1 Evacuation Pause) 365M->60M(512M) 5.701ms
[2024-03-24T20:31:23.354+0800][2277.378s] GC(780) User=0.00s Sys=0.00s Real=0.01s
[2024-03-24T20:31:25.726+0800][2279.750s] GC(781) Pause Young (Normal) (G1 Evacuation Pause)
[2024-03-24T20:31:25.726+0800][2279.750s] GC(781) Using 8 workers of 8 for evacuation
[2024-03-24T20:31:25.729+0800][2279.754s] GC(781)   Pre Evacuate Collection Set: 0.3ms
[2024-03-24T20:31:25.729+0800][2279.754s] GC(781)   Merge Heap Roots: 0.1ms
[2024-03-24T20:31:25.729+0800][2279.754s] GC(781)   Evacuate Collection Set: 1.9ms
[2024-03-24T20:31:25.729+0800][2279.754s] GC(781)   Post Evacuate Collection Set: 1.4ms
[2024-03-24T20:31:25.729+0800][2279.754s] GC(781)   Other: 0.3ms
[2024-03-24T20:31:25.729+0800][2279.754s] GC(781) Eden regions: 305->0(305)
[2024-03-24T20:31:25.729+0800][2279.754s] GC(781) Survivor regions: 2->2(39)
[2024-03-24T20:31:25.729+0800][2279.754s] GC(781) Old regions: 56->56
[2024-03-24T20:31:25.729+0800][2279.754s] GC(781) Humongous regions: 4->4
[2024-03-24T20:31:25.729+0800][2279.754s] GC(781) Metaspace: 65922K(66688K)->65922K(66688K) NonClass: 58524K(58944K)->58524K(58944K) Class: 7397K(7744K)->7397K(7744K)
[2024-03-24T20:31:25.729+0800][2279.755s] GC(781) Pause Young (Normal) (G1 Evacuation Pause) 365M->60M(512M) 5.013ms
[2024-03-24T20:31:25.729+0800][2279.755s] GC(781) User=0.03s Sys=0.00s Real=0.00s
[2024-03-24T20:31:28.361+0800][2282.385s] GC(782) Pause Young (Normal) (G1 Evacuation Pause)
[2024-03-24T20:31:28.361+0800][2282.385s] GC(782) Using 8 workers of 8 for evacuation
[2024-03-24T20:31:28.361+0800][2282.390s] GC(782)   Pre Evacuate Collection Set: 0.3ms
[2024-03-24T20:31:28.361+0800][2282.390s] GC(782)   Merge Heap Roots: 0.2ms
[2024-03-24T20:31:28.361+0800][2282.390s] GC(782)   Evacuate Collection Set: 3.3ms
[2024-03-24T20:31:28.361+0800][2282.390s] GC(782)   Post Evacuate Collection Set: 1.0ms
[2024-03-24T20:31:28.361+0800][2282.391s] GC(782)   Other: 0.2ms
[2024-03-24T20:31:28.361+0800][2282.391s] GC(782) Eden regions: 305->0(305)
[2024-03-24T20:31:28.361+0800][2282.391s] GC(782) Survivor regions: 2->2(39)
[2024-03-24T20:31:28.361+0800][2282.391s] GC(782) Old regions: 56->56
[2024-03-24T20:31:28.361+0800][2282.391s] GC(782) Humongous regions: 4->4
[2024-03-24T20:31:28.361+0800][2282.391s] GC(782) Metaspace: 65922K(66688K)->65922K(66688K) NonClass: 58524K(58944K)->58524K(58944K) Class: 7397K(7744K)->7397K(7744K)
[2024-03-24T20:31:28.361+0800][2282.391s] GC(782) Pause Young (Normal) (G1 Evacuation Pause) 365M->60M(512M) 5.656ms
[2024-03-24T20:31:28.361+0800][2282.391s] GC(782) User=0.00s Sys=0.00s Real=0.00s
[2024-03-24T20:31:30.872+0800][2284.894s] GC(783) Pause Young (Normal) (G1 Evacuation Pause)
[2024-03-24T20:31:30.872+0800][2284.894s] GC(783) Using 8 workers of 8 for evacuation
[2024-03-24T20:31:30.877+0800][2284.900s] GC(783)   Pre Evacuate Collection Set: 0.3ms
[2024-03-24T20:31:30.877+0800][2284.900s] GC(783)   Merge Heap Roots: 0.5ms
[2024-03-24T20:31:30.877+0800][2284.900s] GC(783)   Evacuate Collection Set: 3.7ms
[2024-03-24T20:31:30.877+0800][2284.900s] GC(783)   Post Evacuate Collection Set: 0.7ms
[2024-03-24T20:31:30.877+0800][2284.900s] GC(783)   Other: 0.2ms
[2024-03-24T20:31:30.877+0800][2284.901s] GC(783) Eden regions: 305->0(305)
[2024-03-24T20:31:30.877+0800][2284.901s] GC(783) Survivor regions: 2->2(39)
[2024-03-24T20:31:30.877+0800][2284.901s] GC(783) Old regions: 56->56
[2024-03-24T20:31:30.877+0800][2284.901s] GC(783) Humongous regions: 4->4
[2024-03-24T20:31:30.877+0800][2284.901s] GC(783) Metaspace: 65922K(66688K)->65922K(66688K) NonClass: 58524K(58944K)->58524K(58944K) Class: 7397K(7744K)->7397K(7744K)
[2024-03-24T20:31:30.877+0800][2284.901s] GC(783) Pause Young (Normal) (G1 Evacuation Pause) 365M->60M(512M) 6.529ms
[2024-03-24T20:31:30.877+0800][2284.901s] GC(783) User=0.00s Sys=0.00s Real=0.01s
[2024-03-24T20:31:33.419+0800][2287.450s] GC(784) Pause Young (Normal) (G1 Evacuation Pause)
[2024-03-24T20:31:33.419+0800][2287.450s] GC(784) Using 8 workers of 8 for evacuation
[2024-03-24T20:31:33.431+0800][2287.456s] GC(784)   Pre Evacuate Collection Set: 0.4ms
[2024-03-24T20:31:33.431+0800][2287.456s] GC(784)   Merge Heap Roots: 0.2ms
[2024-03-24T20:31:33.431+0800][2287.456s] GC(784)   Evacuate Collection Set: 3.3ms
[2024-03-24T20:31:33.431+0800][2287.456s] GC(784)   Post Evacuate Collection Set: 1.2ms
[2024-03-24T20:31:33.431+0800][2287.456s] GC(784)   Other: 0.2ms
[2024-03-24T20:31:33.431+0800][2287.456s] GC(784) Eden regions: 305->0(305)
[2024-03-24T20:31:33.431+0800][2287.456s] GC(784) Survivor regions: 2->2(39)
[2024-03-24T20:31:33.431+0800][2287.456s] GC(784) Old regions: 56->56
[2024-03-24T20:31:33.431+0800][2287.456s] GC(784) Humongous regions: 4->4
[2024-03-24T20:31:33.431+0800][2287.456s] GC(784) Metaspace: 65922K(66688K)->65922K(66688K) NonClass: 58524K(58944K)->58524K(58944K) Class: 7397K(7744K)->7397K(7744K)
[2024-03-24T20:31:33.431+0800][2287.456s] GC(784) Pause Young (Normal) (G1 Evacuation Pause) 365M->60M(512M) 6.070ms
[2024-03-24T20:31:33.431+0800][2287.456s] GC(784) User=0.00s Sys=0.00s Real=0.01s
[2024-03-24T20:31:35.878+0800][2289.907s] GC(785) Pause Young (Normal) (G1 Evacuation Pause)
[2024-03-24T20:31:35.878+0800][2289.907s] GC(785) Using 8 workers of 8 for evacuation
[2024-03-24T20:31:35.888+0800][2289.912s] GC(785)   Pre Evacuate Collection Set: 0.4ms
[2024-03-24T20:31:35.888+0800][2289.912s] GC(785)   Merge Heap Roots: 0.2ms
[2024-03-24T20:31:35.888+0800][2289.912s] GC(785)   Evacuate Collection Set: 3.1ms
[2024-03-24T20:31:35.888+0800][2289.912s] GC(785)   Post Evacuate Collection Set: 1.0ms
[2024-03-24T20:31:35.888+0800][2289.912s] GC(785)   Other: 0.2ms
[2024-03-24T20:31:35.888+0800][2289.912s] GC(785) Eden regions: 305->0(305)
[2024-03-24T20:31:35.888+0800][2289.912s] GC(785) Survivor regions: 2->2(39)
[2024-03-24T20:31:35.888+0800][2289.912s] GC(785) Old regions: 56->56
[2024-03-24T20:31:35.888+0800][2289.912s] GC(785) Humongous regions: 4->4
[2024-03-24T20:31:35.888+0800][2289.912s] GC(785) Metaspace: 65922K(66688K)->65922K(66688K) NonClass: 58524K(58944K)->58524K(58944K) Class: 7397K(7744K)->7397K(7744K)
[2024-03-24T20:31:35.888+0800][2289.913s] GC(785) Pause Young (Normal) (G1 Evacuation Pause) 365M->60M(512M) 5.566ms
[2024-03-24T20:31:35.888+0800][2289.913s] GC(785) User=0.03s Sys=0.00s Real=0.01s
[2024-03-24T20:31:38.300+0800][2292.329s] GC(786) Pause Young (Normal) (G1 Evacuation Pause)
[2024-03-24T20:31:38.300+0800][2292.329s] GC(786) Using 8 workers of 8 for evacuation
[2024-03-24T20:31:38.310+0800][2292.335s] GC(786)   Pre Evacuate Collection Set: 0.4ms
[2024-03-24T20:31:38.310+0800][2292.335s] GC(786)   Merge Heap Roots: 0.2ms
[2024-03-24T20:31:38.310+0800][2292.335s] GC(786)   Evacuate Collection Set: 3.8ms
[2024-03-24T20:31:38.310+0800][2292.335s] GC(786)   Post Evacuate Collection Set: 1.1ms
[2024-03-24T20:31:38.310+0800][2292.335s] GC(786)   Other: 0.2ms
[2024-03-24T20:31:38.310+0800][2292.335s] GC(786) Eden regions: 305->0(305)
[2024-03-24T20:31:38.310+0800][2292.335s] GC(786) Survivor regions: 2->2(39)
[2024-03-24T20:31:38.310+0800][2292.335s] GC(786) Old regions: 56->56
[2024-03-24T20:31:38.310+0800][2292.335s] GC(786) Humongous regions: 4->4
[2024-03-24T20:31:38.310+0800][2292.335s] GC(786) Metaspace: 65922K(66688K)->65922K(66688K) NonClass: 58524K(58944K)->58524K(58944K) Class: 7397K(7744K)->7397K(7744K)
[2024-03-24T20:31:38.310+0800][2292.335s] GC(786) Pause Young (Normal) (G1 Evacuation Pause) 365M->60M(512M) 6.468ms
[2024-03-24T20:31:38.310+0800][2292.335s] GC(786) User=0.02s Sys=0.00s Real=0.01s
[2024-03-24T20:31:40.880+0800][2294.904s] GC(787) Pause Young (Normal) (G1 Evacuation Pause)
[2024-03-24T20:31:40.880+0800][2294.904s] GC(787) Using 8 workers of 8 for evacuation
[2024-03-24T20:31:40.882+0800][2294.909s] GC(787)   Pre Evacuate Collection Set: 0.3ms
[2024-03-24T20:31:40.886+0800][2294.909s] GC(787)   Merge Heap Roots: 0.5ms
[2024-03-24T20:31:40.886+0800][2294.909s] GC(787)   Evacuate Collection Set: 2.8ms
[2024-03-24T20:31:40.886+0800][2294.909s] GC(787)   Post Evacuate Collection Set: 1.0ms
[2024-03-24T20:31:40.886+0800][2294.909s] GC(787)   Other: 0.2ms
[2024-03-24T20:31:40.886+0800][2294.909s] GC(787) Eden regions: 305->0(305)
[2024-03-24T20:31:40.886+0800][2294.909s] GC(787) Survivor regions: 2->2(39)
[2024-03-24T20:31:40.886+0800][2294.909s] GC(787) Old regions: 56->56
[2024-03-24T20:31:40.886+0800][2294.909s] GC(787) Humongous regions: 4->4
[2024-03-24T20:31:40.886+0800][2294.909s] GC(787) Metaspace: 65922K(66688K)->65922K(66688K) NonClass: 58524K(58944K)->58524K(58944K) Class: 7397K(7744K)->7397K(7744K)
[2024-03-24T20:31:40.886+0800][2294.909s] GC(787) Pause Young (Normal) (G1 Evacuation Pause) 365M->60M(512M) 5.640ms
[2024-03-24T20:31:40.886+0800][2294.909s] GC(787) User=0.00s Sys=0.00s Real=0.01s
[2024-03-24T20:31:43.286+0800][2297.313s] GC(788) Pause Young (Normal) (G1 Evacuation Pause)
[2024-03-24T20:31:43.286+0800][2297.313s] GC(788) Using 8 workers of 8 for evacuation
[2024-03-24T20:31:43.292+0800][2297.316s] GC(788)   Pre Evacuate Collection Set: 0.4ms
[2024-03-24T20:31:43.292+0800][2297.317s] GC(788)   Merge Heap Roots: 0.4ms
[2024-03-24T20:31:43.292+0800][2297.317s] GC(788)   Evacuate Collection Set: 1.2ms
[2024-03-24T20:31:43.292+0800][2297.317s] GC(788)   Post Evacuate Collection Set: 1.0ms
[2024-03-24T20:31:43.292+0800][2297.317s] GC(788)   Other: 0.2ms
[2024-03-24T20:31:43.292+0800][2297.317s] GC(788) Eden regions: 305->0(305)
[2024-03-24T20:31:43.292+0800][2297.317s] GC(788) Survivor regions: 2->2(39)
[2024-03-24T20:31:43.292+0800][2297.317s] GC(788) Old regions: 56->56
[2024-03-24T20:31:43.292+0800][2297.317s] GC(788) Humongous regions: 4->4
[2024-03-24T20:31:43.292+0800][2297.317s] GC(788) Metaspace: 65922K(66688K)->65922K(66688K) NonClass: 58524K(58944K)->58524K(58944K) Class: 7397K(7744K)->7397K(7744K)
[2024-03-24T20:31:43.292+0800][2297.317s] GC(788) Pause Young (Normal) (G1 Evacuation Pause) 365M->60M(512M) 3.726ms
[2024-03-24T20:31:43.292+0800][2297.317s] GC(788) User=0.00s Sys=0.00s Real=0.01s
[2024-03-24T20:31:45.842+0800][2299.869s] GC(789) Pause Young (Normal) (G1 Evacuation Pause)
[2024-03-24T20:31:45.842+0800][2299.869s] GC(789) Using 8 workers of 8 for evacuation
[2024-03-24T20:31:45.852+0800][2299.875s] GC(789)   Pre Evacuate Collection Set: 0.4ms
[2024-03-24T20:31:45.852+0800][2299.875s] GC(789)   Merge Heap Roots: 0.2ms
[2024-03-24T20:31:45.852+0800][2299.875s] GC(789)   Evacuate Collection Set: 3.4ms
[2024-03-24T20:31:45.852+0800][2299.875s] GC(789)   Post Evacuate Collection Set: 0.9ms
[2024-03-24T20:31:45.852+0800][2299.875s] GC(789)   Other: 0.2ms
[2024-03-24T20:31:45.852+0800][2299.875s] GC(789) Eden regions: 305->0(305)
[2024-03-24T20:31:45.852+0800][2299.875s] GC(789) Survivor regions: 2->2(39)
[2024-03-24T20:31:45.852+0800][2299.875s] GC(789) Old regions: 56->56
[2024-03-24T20:31:45.852+0800][2299.875s] GC(789) Humongous regions: 4->4
[2024-03-24T20:31:45.852+0800][2299.875s] GC(789) Metaspace: 65922K(66688K)->65922K(66688K) NonClass: 58524K(58944K)->58524K(58944K) Class: 7397K(7744K)->7397K(7744K)
[2024-03-24T20:31:45.852+0800][2299.875s] GC(789) Pause Young (Normal) (G1 Evacuation Pause) 365M->60M(512M) 5.845ms
[2024-03-24T20:31:45.852+0800][2299.875s] GC(789) User=0.00s Sys=0.00s Real=0.01s
[2024-03-24T20:31:48.421+0800][2302.447s] GC(790) Pause Young (Normal) (G1 Evacuation Pause)
[2024-03-24T20:31:48.421+0800][2302.447s] GC(790) Using 8 workers of 8 for evacuation
[2024-03-24T20:31:48.429+0800][2302.453s] GC(790)   Pre Evacuate Collection Set: 0.3ms
[2024-03-24T20:31:48.429+0800][2302.453s] GC(790)   Merge Heap Roots: 0.2ms
[2024-03-24T20:31:48.429+0800][2302.453s] GC(790)   Evacuate Collection Set: 4.1ms
[2024-03-24T20:31:48.429+0800][2302.453s] GC(790)   Post Evacuate Collection Set: 1.2ms
[2024-03-24T20:31:48.429+0800][2302.453s] GC(790)   Other: 0.2ms
[2024-03-24T20:31:48.429+0800][2302.454s] GC(790) Eden regions: 305->0(305)
[2024-03-24T20:31:48.429+0800][2302.454s] GC(790) Survivor regions: 2->2(39)
[2024-03-24T20:31:48.429+0800][2302.454s] GC(790) Old regions: 56->56
[2024-03-24T20:31:48.429+0800][2302.454s] GC(790) Humongous regions: 4->4
[2024-03-24T20:31:48.429+0800][2302.454s] GC(790) Metaspace: 65922K(66688K)->65922K(66688K) NonClass: 58524K(58944K)->58524K(58944K) Class: 7397K(7744K)->7397K(7744K)
[2024-03-24T20:31:48.429+0800][2302.454s] GC(790) Pause Young (Normal) (G1 Evacuation Pause) 365M->60M(512M) 6.728ms
[2024-03-24T20:31:48.429+0800][2302.454s] GC(790) User=0.00s Sys=0.00s Real=0.01s
[2024-03-24T20:31:50.908+0800][2304.937s] GC(791) Pause Young (Normal) (G1 Evacuation Pause)
[2024-03-24T20:31:50.908+0800][2304.937s] GC(791) Using 8 workers of 8 for evacuation
[2024-03-24T20:31:50.908+0800][2304.942s] GC(791)   Pre Evacuate Collection Set: 0.3ms
[2024-03-24T20:31:50.908+0800][2304.942s] GC(791)   Merge Heap Roots: 0.3ms
[2024-03-24T20:31:50.908+0800][2304.942s] GC(791)   Evacuate Collection Set: 3.5ms
[2024-03-24T20:31:50.908+0800][2304.942s] GC(791)   Post Evacuate Collection Set: 1.1ms
[2024-03-24T20:31:50.908+0800][2304.942s] GC(791)   Other: 0.2ms
[2024-03-24T20:31:50.908+0800][2304.943s] GC(791) Eden regions: 305->0(305)
[2024-03-24T20:31:50.908+0800][2304.943s] GC(791) Survivor regions: 2->2(39)
[2024-03-24T20:31:50.908+0800][2304.943s] GC(791) Old regions: 56->56
[2024-03-24T20:31:50.908+0800][2304.943s] GC(791) Humongous regions: 4->4
[2024-03-24T20:31:50.908+0800][2304.943s] GC(791) Metaspace: 65922K(66688K)->65922K(66688K) NonClass: 58524K(58944K)->58524K(58944K) Class: 7397K(7744K)->7397K(7744K)
[2024-03-24T20:31:50.908+0800][2304.943s] GC(791) Pause Young (Normal) (G1 Evacuation Pause) 365M->60M(512M) 6.168ms
[2024-03-24T20:31:50.908+0800][2304.943s] GC(791) User=0.00s Sys=0.00s Real=0.00s
[2024-03-24T20:31:53.416+0800][2307.439s] GC(792) Pause Young (Normal) (G1 Evacuation Pause)
[2024-03-24T20:31:53.416+0800][2307.439s] GC(792) Using 8 workers of 8 for evacuation
[2024-03-24T20:31:53.417+0800][2307.444s] GC(792)   Pre Evacuate Collection Set: 0.4ms
[2024-03-24T20:31:53.417+0800][2307.444s] GC(792)   Merge Heap Roots: 0.4ms
[2024-03-24T20:31:53.417+0800][2307.444s] GC(792)   Evacuate Collection Set: 2.2ms
[2024-03-24T20:31:53.417+0800][2307.444s] GC(792)   Post Evacuate Collection Set: 1.6ms
[2024-03-24T20:31:53.417+0800][2307.444s] GC(792)   Other: 0.2ms
[2024-03-24T20:31:53.417+0800][2307.444s] GC(792) Eden regions: 305->0(305)
[2024-03-24T20:31:53.417+0800][2307.444s] GC(792) Survivor regions: 2->2(39)
[2024-03-24T20:31:53.417+0800][2307.444s] GC(792) Old regions: 56->56
[2024-03-24T20:31:53.417+0800][2307.444s] GC(792) Humongous regions: 4->4
[2024-03-24T20:31:53.417+0800][2307.444s] GC(792) Metaspace: 65922K(66688K)->65922K(66688K) NonClass: 58524K(58944K)->58524K(58944K) Class: 7397K(7744K)->7397K(7744K)
[2024-03-24T20:31:53.417+0800][2307.445s] GC(792) Pause Young (Normal) (G1 Evacuation Pause) 365M->60M(512M) 5.436ms
[2024-03-24T20:31:53.417+0800][2307.445s] GC(792) User=0.00s Sys=0.00s Real=0.00s
[2024-03-24T20:31:55.864+0800][2309.891s] GC(793) Pause Young (Normal) (G1 Evacuation Pause)
[2024-03-24T20:31:55.864+0800][2309.892s] GC(793) Using 8 workers of 8 for evacuation
[2024-03-24T20:31:55.872+0800][2309.897s] GC(793)   Pre Evacuate Collection Set: 0.6ms
[2024-03-24T20:31:55.872+0800][2309.897s] GC(793)   Merge Heap Roots: 0.2ms
[2024-03-24T20:31:55.872+0800][2309.897s] GC(793)   Evacuate Collection Set: 2.8ms
[2024-03-24T20:31:55.872+0800][2309.897s] GC(793)   Post Evacuate Collection Set: 1.0ms
[2024-03-24T20:31:55.872+0800][2309.897s] GC(793)   Other: 0.3ms
[2024-03-24T20:31:55.872+0800][2309.897s] GC(793) Eden regions: 305->0(305)
[2024-03-24T20:31:55.872+0800][2309.897s] GC(793) Survivor regions: 2->2(39)
[2024-03-24T20:31:55.872+0800][2309.897s] GC(793) Old regions: 56->56
[2024-03-24T20:31:55.872+0800][2309.897s] GC(793) Humongous regions: 4->4
[2024-03-24T20:31:55.872+0800][2309.897s] GC(793) Metaspace: 65922K(66688K)->65922K(66688K) NonClass: 58524K(58944K)->58524K(58944K) Class: 7397K(7744K)->7397K(7744K)
[2024-03-24T20:31:55.872+0800][2309.897s] GC(793) Pause Young (Normal) (G1 Evacuation Pause) 365M->60M(512M) 5.592ms
[2024-03-24T20:31:55.872+0800][2309.897s] GC(793) User=0.02s Sys=0.00s Real=0.01s
[2024-03-24T20:31:58.356+0800][2312.379s] GC(794) Pause Young (Normal) (G1 Evacuation Pause)
[2024-03-24T20:31:58.356+0800][2312.380s] GC(794) Using 8 workers of 8 for evacuation
[2024-03-24T20:31:58.356+0800][2312.386s] GC(794)   Pre Evacuate Collection Set: 0.4ms
[2024-03-24T20:31:58.356+0800][2312.386s] GC(794)   Merge Heap Roots: 0.5ms
[2024-03-24T20:31:58.356+0800][2312.386s] GC(794)   Evacuate Collection Set: 4.2ms
[2024-03-24T20:31:58.356+0800][2312.386s] GC(794)   Post Evacuate Collection Set: 1.0ms
[2024-03-24T20:31:58.356+0800][2312.386s] GC(794)   Other: 0.2ms
[2024-03-24T20:31:58.356+0800][2312.386s] GC(794) Eden regions: 305->0(305)
[2024-03-24T20:31:58.356+0800][2312.386s] GC(794) Survivor regions: 2->2(39)
[2024-03-24T20:31:58.356+0800][2312.386s] GC(794) Old regions: 56->56
[2024-03-24T20:31:58.356+0800][2312.386s] GC(794) Humongous regions: 4->4
[2024-03-24T20:31:58.356+0800][2312.386s] GC(794) Metaspace: 65922K(66688K)->65922K(66688K) NonClass: 58524K(58944K)->58524K(58944K) Class: 7397K(7744K)->7397K(7744K)
[2024-03-24T20:31:58.356+0800][2312.386s] GC(794) Pause Young (Normal) (G1 Evacuation Pause) 365M->60M(512M) 7.048ms
[2024-03-24T20:31:58.356+0800][2312.387s] GC(794) User=0.00s Sys=0.00s Real=0.00s
[2024-03-24T20:32:00.918+0800][2314.945s] GC(795) Pause Young (Normal) (G1 Evacuation Pause)
[2024-03-24T20:32:00.918+0800][2314.945s] GC(795) Using 8 workers of 8 for evacuation
[2024-03-24T20:32:00.918+0800][2314.950s] GC(795)   Pre Evacuate Collection Set: 0.4ms
[2024-03-24T20:32:00.918+0800][2314.950s] GC(795)   Merge Heap Roots: 0.2ms
[2024-03-24T20:32:00.918+0800][2314.950s] GC(795)   Evacuate Collection Set: 3.0ms
[2024-03-24T20:32:00.918+0800][2314.950s] GC(795)   Post Evacuate Collection Set: 1.0ms
[2024-03-24T20:32:00.918+0800][2314.950s] GC(795)   Other: 0.2ms
[2024-03-24T20:32:00.918+0800][2314.950s] GC(795) Eden regions: 305->0(306)
[2024-03-24T20:32:00.918+0800][2314.950s] GC(795) Survivor regions: 2->1(39)
[2024-03-24T20:32:00.918+0800][2314.950s] GC(795) Old regions: 56->56
[2024-03-24T20:32:00.918+0800][2314.950s] GC(795) Humongous regions: 4->4
[2024-03-24T20:32:00.918+0800][2314.950s] GC(795) Metaspace: 65922K(66688K)->65922K(66688K) NonClass: 58524K(58944K)->58524K(58944K) Class: 7397K(7744K)->7397K(7744K)
[2024-03-24T20:32:00.918+0800][2314.951s] GC(795) Pause Young (Normal) (G1 Evacuation Pause) 365M->60M(512M) 5.639ms
[2024-03-24T20:32:00.928+0800][2314.951s] GC(795) User=0.00s Sys=0.00s Real=0.01s
[2024-03-24T20:32:03.499+0800][2317.529s] GC(796) Pause Young (Normal) (G1 Evacuation Pause)
[2024-03-24T20:32:03.499+0800][2317.529s] GC(796) Using 8 workers of 8 for evacuation
[2024-03-24T20:32:03.512+0800][2317.535s] GC(796)   Pre Evacuate Collection Set: 0.6ms
[2024-03-24T20:32:03.512+0800][2317.535s] GC(796)   Merge Heap Roots: 0.2ms
[2024-03-24T20:32:03.512+0800][2317.535s] GC(796)   Evacuate Collection Set: 3.3ms
[2024-03-24T20:32:03.512+0800][2317.535s] GC(796)   Post Evacuate Collection Set: 1.4ms
[2024-03-24T20:32:03.512+0800][2317.535s] GC(796)   Other: 0.2ms
[2024-03-24T20:32:03.512+0800][2317.535s] GC(796) Eden regions: 306->0(305)
[2024-03-24T20:32:03.512+0800][2317.535s] GC(796) Survivor regions: 1->2(39)
[2024-03-24T20:32:03.512+0800][2317.535s] GC(796) Old regions: 56->56
[2024-03-24T20:32:03.512+0800][2317.535s] GC(796) Humongous regions: 4->4
[2024-03-24T20:32:03.512+0800][2317.535s] GC(796) Metaspace: 65922K(66688K)->65922K(66688K) NonClass: 58524K(58944K)->58524K(58944K) Class: 7397K(7744K)->7397K(7744K)
[2024-03-24T20:32:03.512+0800][2317.535s] GC(796) Pause Young (Normal) (G1 Evacuation Pause) 366M->60M(512M) 6.235ms
[2024-03-24T20:32:03.512+0800][2317.535s] GC(796) User=0.00s Sys=0.00s Real=0.01s
[2024-03-24T20:32:05.944+0800][2319.967s] GC(797) Pause Young (Normal) (G1 Evacuation Pause)
[2024-03-24T20:32:05.944+0800][2319.967s] GC(797) Using 8 workers of 8 for evacuation
[2024-03-24T20:32:05.948+0800][2319.972s] GC(797)   Pre Evacuate Collection Set: 0.4ms
[2024-03-24T20:32:05.948+0800][2319.972s] GC(797)   Merge Heap Roots: 0.2ms
[2024-03-24T20:32:05.948+0800][2319.972s] GC(797)   Evacuate Collection Set: 3.5ms
[2024-03-24T20:32:05.948+0800][2319.972s] GC(797)   Post Evacuate Collection Set: 0.6ms
[2024-03-24T20:32:05.948+0800][2319.972s] GC(797)   Other: 0.2ms
[2024-03-24T20:32:05.948+0800][2319.972s] GC(797) Eden regions: 305->0(305)
[2024-03-24T20:32:05.948+0800][2319.972s] GC(797) Survivor regions: 2->2(39)
[2024-03-24T20:32:05.948+0800][2319.972s] GC(797) Old regions: 56->56
[2024-03-24T20:32:05.948+0800][2319.972s] GC(797) Humongous regions: 4->4
[2024-03-24T20:32:05.948+0800][2319.972s] GC(797) Metaspace: 65922K(66688K)->65922K(66688K) NonClass: 58524K(58944K)->58524K(58944K) Class: 7397K(7744K)->7397K(7744K)
[2024-03-24T20:32:05.949+0800][2319.972s] GC(797) Pause Young (Normal) (G1 Evacuation Pause) 365M->60M(512M) 5.371ms
[2024-03-24T20:32:05.949+0800][2319.972s] GC(797) User=0.02s Sys=0.02s Real=0.00s
[2024-03-24T20:32:08.232+0800][2322.260s] GC(798) Pause Young (Normal) (G1 Evacuation Pause)
[2024-03-24T20:32:08.232+0800][2322.261s] GC(798) Using 8 workers of 8 for evacuation
[2024-03-24T20:32:08.240+0800][2322.264s] GC(798)   Pre Evacuate Collection Set: 0.3ms
[2024-03-24T20:32:08.240+0800][2322.265s] GC(798)   Merge Heap Roots: 0.2ms
[2024-03-24T20:32:08.240+0800][2322.265s] GC(798)   Evacuate Collection Set: 2.5ms
[2024-03-24T20:32:08.240+0800][2322.265s] GC(798)   Post Evacuate Collection Set: 0.7ms
[2024-03-24T20:32:08.240+0800][2322.265s] GC(798)   Other: 0.1ms
[2024-03-24T20:32:08.240+0800][2322.265s] GC(798) Eden regions: 305->0(305)
[2024-03-24T20:32:08.240+0800][2322.265s] GC(798) Survivor regions: 2->2(39)
[2024-03-24T20:32:08.240+0800][2322.265s] GC(798) Old regions: 56->56
[2024-03-24T20:32:08.240+0800][2322.265s] GC(798) Humongous regions: 4->4
[2024-03-24T20:32:08.240+0800][2322.265s] GC(798) Metaspace: 65922K(66688K)->65922K(66688K) NonClass: 58524K(58944K)->58524K(58944K) Class: 7397K(7744K)->7397K(7744K)
[2024-03-24T20:32:08.240+0800][2322.265s] GC(798) Pause Young (Normal) (G1 Evacuation Pause) 365M->60M(512M) 4.556ms
[2024-03-24T20:32:08.240+0800][2322.265s] GC(798) User=0.00s Sys=0.00s Real=0.01s
[2024-03-24T20:32:10.722+0800][2324.747s] GC(799) Pause Young (Normal) (G1 Evacuation Pause)
[2024-03-24T20:32:10.722+0800][2324.748s] GC(799) Using 8 workers of 8 for evacuation
[2024-03-24T20:32:10.722+0800][2324.752s] GC(799)   Pre Evacuate Collection Set: 0.3ms
[2024-03-24T20:32:10.722+0800][2324.752s] GC(799)   Merge Heap Roots: 0.2ms
[2024-03-24T20:32:10.722+0800][2324.753s] GC(799)   Evacuate Collection Set: 2.8ms
[2024-03-24T20:32:10.722+0800][2324.753s] GC(799)   Post Evacuate Collection Set: 1.3ms
[2024-03-24T20:32:10.722+0800][2324.753s] GC(799)   Other: 0.2ms
[2024-03-24T20:32:10.722+0800][2324.753s] GC(799) Eden regions: 305->0(305)
[2024-03-24T20:32:10.722+0800][2324.753s] GC(799) Survivor regions: 2->2(39)
[2024-03-24T20:32:10.722+0800][2324.753s] GC(799) Old regions: 56->56
[2024-03-24T20:32:10.722+0800][2324.753s] GC(799) Humongous regions: 4->4
[2024-03-24T20:32:10.722+0800][2324.753s] GC(799) Metaspace: 65922K(66688K)->65922K(66688K) NonClass: 58524K(58944K)->58524K(58944K) Class: 7397K(7744K)->7397K(7744K)
[2024-03-24T20:32:10.722+0800][2324.753s] GC(799) Pause Young (Normal) (G1 Evacuation Pause) 365M->60M(512M) 5.337ms
[2024-03-24T20:32:10.722+0800][2324.753s] GC(799) User=0.00s Sys=0.00s Real=0.00s
[2024-03-24T20:32:12.531+0800][2326.554s] GC(800) Pause Young (Normal) (G1 Evacuation Pause)
[2024-03-24T20:32:12.531+0800][2326.554s] GC(800) Using 8 workers of 8 for evacuation
[2024-03-24T20:32:12.534+0800][2326.557s] GC(800)   Pre Evacuate Collection Set: 0.2ms
[2024-03-24T20:32:12.535+0800][2326.557s] GC(800)   Merge Heap Roots: 0.1ms
[2024-03-24T20:32:12.535+0800][2326.557s] GC(800)   Evacuate Collection Set: 2.1ms
[2024-03-24T20:32:12.535+0800][2326.557s] GC(800)   Post Evacuate Collection Set: 0.6ms
[2024-03-24T20:32:12.535+0800][2326.557s] GC(800)   Other: 0.2ms
[2024-03-24T20:32:12.535+0800][2326.557s] GC(800) Eden regions: 305->0(305)
[2024-03-24T20:32:12.535+0800][2326.557s] GC(800) Survivor regions: 2->2(39)
[2024-03-24T20:32:12.535+0800][2326.557s] GC(800) Old regions: 56->56
[2024-03-24T20:32:12.535+0800][2326.557s] GC(800) Humongous regions: 4->4
[2024-03-24T20:32:12.535+0800][2326.557s] GC(800) Metaspace: 65922K(66688K)->65922K(66688K) NonClass: 58524K(58944K)->58524K(58944K) Class: 7397K(7744K)->7397K(7744K)
[2024-03-24T20:32:12.535+0800][2326.557s] GC(800) Pause Young (Normal) (G1 Evacuation Pause) 365M->60M(512M) 3.564ms
[2024-03-24T20:32:12.535+0800][2326.557s] GC(800) User=0.03s Sys=0.00s Real=0.00s
[2024-03-24T20:32:14.669+0800][2328.691s] GC(801) Pause Young (Normal) (G1 Evacuation Pause)
[2024-03-24T20:32:14.669+0800][2328.692s] GC(801) Using 8 workers of 8 for evacuation
[2024-03-24T20:32:14.670+0800][2328.695s] GC(801)   Pre Evacuate Collection Set: 0.3ms
[2024-03-24T20:32:14.670+0800][2328.695s] GC(801)   Merge Heap Roots: 0.1ms
[2024-03-24T20:32:14.670+0800][2328.695s] GC(801)   Evacuate Collection Set: 1.8ms
[2024-03-24T20:32:14.670+0800][2328.695s] GC(801)   Post Evacuate Collection Set: 0.7ms
[2024-03-24T20:32:14.670+0800][2328.695s] GC(801)   Other: 0.2ms
[2024-03-24T20:32:14.670+0800][2328.695s] GC(801) Eden regions: 305->0(305)
[2024-03-24T20:32:14.670+0800][2328.695s] GC(801) Survivor regions: 2->2(39)
[2024-03-24T20:32:14.670+0800][2328.695s] GC(801) Old regions: 56->56
[2024-03-24T20:32:14.670+0800][2328.695s] GC(801) Humongous regions: 4->4
[2024-03-24T20:32:14.670+0800][2328.695s] GC(801) Metaspace: 65922K(66688K)->65922K(66688K) NonClass: 58524K(58944K)->58524K(58944K) Class: 7397K(7744K)->7397K(7744K)
[2024-03-24T20:32:14.670+0800][2328.695s] GC(801) Pause Young (Normal) (G1 Evacuation Pause) 365M->60M(512M) 3.898ms
[2024-03-24T20:32:14.670+0800][2328.695s] GC(801) User=0.02s Sys=0.02s Real=0.00s
[2024-03-24T20:32:17.153+0800][2331.177s] GC(802) Pause Young (Normal) (G1 Evacuation Pause)
[2024-03-24T20:32:17.153+0800][2331.177s] GC(802) Using 8 workers of 8 for evacuation
[2024-03-24T20:32:17.156+0800][2331.180s] GC(802)   Pre Evacuate Collection Set: 0.1ms
[2024-03-24T20:32:17.156+0800][2331.180s] GC(802)   Merge Heap Roots: 0.1ms
[2024-03-24T20:32:17.156+0800][2331.180s] GC(802)   Evacuate Collection Set: 1.6ms
[2024-03-24T20:32:17.156+0800][2331.180s] GC(802)   Post Evacuate Collection Set: 0.5ms
[2024-03-24T20:32:17.156+0800][2331.180s] GC(802)   Other: 0.1ms
[2024-03-24T20:32:17.156+0800][2331.180s] GC(802) Eden regions: 305->0(305)
[2024-03-24T20:32:17.156+0800][2331.180s] GC(802) Survivor regions: 2->2(39)
[2024-03-24T20:32:17.156+0800][2331.180s] GC(802) Old regions: 56->56
[2024-03-24T20:32:17.156+0800][2331.180s] GC(802) Humongous regions: 4->4
[2024-03-24T20:32:17.156+0800][2331.180s] GC(802) Metaspace: 65922K(66688K)->65922K(66688K) NonClass: 58524K(58944K)->58524K(58944K) Class: 7397K(7744K)->7397K(7744K)
[2024-03-24T20:32:17.156+0800][2331.180s] GC(802) Pause Young (Normal) (G1 Evacuation Pause) 365M->60M(512M) 2.678ms
[2024-03-24T20:32:17.156+0800][2331.180s] GC(802) User=0.00s Sys=0.00s Real=0.00s
[2024-03-24T20:32:19.423+0800][2333.446s] GC(803) Pause Young (Normal) (G1 Evacuation Pause)
[2024-03-24T20:32:19.423+0800][2333.446s] GC(803) Using 8 workers of 8 for evacuation
[2024-03-24T20:32:19.425+0800][2333.448s] GC(803)   Pre Evacuate Collection Set: 0.1ms
[2024-03-24T20:32:19.425+0800][2333.448s] GC(803)   Merge Heap Roots: 0.1ms
[2024-03-24T20:32:19.425+0800][2333.448s] GC(803)   Evacuate Collection Set: 1.3ms
[2024-03-24T20:32:19.425+0800][2333.448s] GC(803)   Post Evacuate Collection Set: 0.6ms
[2024-03-24T20:32:19.425+0800][2333.448s] GC(803)   Other: 0.1ms
[2024-03-24T20:32:19.425+0800][2333.448s] GC(803) Eden regions: 305->0(305)
[2024-03-24T20:32:19.425+0800][2333.448s] GC(803) Survivor regions: 2->2(39)
[2024-03-24T20:32:19.425+0800][2333.448s] GC(803) Old regions: 56->56
[2024-03-24T20:32:19.425+0800][2333.448s] GC(803) Humongous regions: 4->4
[2024-03-24T20:32:19.425+0800][2333.448s] GC(803) Metaspace: 65922K(66688K)->65922K(66688K) NonClass: 58524K(58944K)->58524K(58944K) Class: 7397K(7744K)->7397K(7744K)
[2024-03-24T20:32:19.426+0800][2333.448s] GC(803) Pause Young (Normal) (G1 Evacuation Pause) 365M->60M(512M) 2.593ms
[2024-03-24T20:32:19.426+0800][2333.448s] GC(803) User=0.00s Sys=0.00s Real=0.00s
[2024-03-24T20:32:21.398+0800][2335.421s] GC(804) Pause Young (Normal) (G1 Evacuation Pause)
[2024-03-24T20:32:21.398+0800][2335.421s] GC(804) Using 8 workers of 8 for evacuation
[2024-03-24T20:32:21.399+0800][2335.423s] GC(804)   Pre Evacuate Collection Set: 0.2ms
[2024-03-24T20:32:21.401+0800][2335.424s] GC(804)   Merge Heap Roots: 0.1ms
[2024-03-24T20:32:21.401+0800][2335.424s] GC(804)   Evacuate Collection Set: 1.3ms
[2024-03-24T20:32:21.401+0800][2335.424s] GC(804)   Post Evacuate Collection Set: 0.6ms
[2024-03-24T20:32:21.401+0800][2335.424s] GC(804)   Other: 0.1ms
[2024-03-24T20:32:21.401+0800][2335.424s] GC(804) Eden regions: 305->0(305)
[2024-03-24T20:32:21.401+0800][2335.424s] GC(804) Survivor regions: 2->2(39)
[2024-03-24T20:32:21.401+0800][2335.424s] GC(804) Old regions: 56->56
[2024-03-24T20:32:21.401+0800][2335.424s] GC(804) Humongous regions: 4->4
[2024-03-24T20:32:21.401+0800][2335.424s] GC(804) Metaspace: 65922K(66688K)->65922K(66688K) NonClass: 58524K(58944K)->58524K(58944K) Class: 7397K(7744K)->7397K(7744K)
[2024-03-24T20:32:21.401+0800][2335.424s] GC(804) Pause Young (Normal) (G1 Evacuation Pause) 365M->60M(512M) 2.726ms
[2024-03-24T20:32:21.401+0800][2335.424s] GC(804) User=0.00s Sys=0.00s Real=0.00s
[2024-03-24T20:32:23.443+0800][2337.471s] GC(805) Pause Young (Normal) (G1 Evacuation Pause)
[2024-03-24T20:32:23.443+0800][2337.471s] GC(805) Using 8 workers of 8 for evacuation
[2024-03-24T20:32:23.443+0800][2337.473s] GC(805)   Pre Evacuate Collection Set: 0.1ms
[2024-03-24T20:32:23.443+0800][2337.473s] GC(805)   Merge Heap Roots: 0.1ms
[2024-03-24T20:32:23.443+0800][2337.473s] GC(805)   Evacuate Collection Set: 1.3ms
[2024-03-24T20:32:23.443+0800][2337.473s] GC(805)   Post Evacuate Collection Set: 0.4ms
[2024-03-24T20:32:23.443+0800][2337.473s] GC(805)   Other: 0.1ms
[2024-03-24T20:32:23.443+0800][2337.473s] GC(805) Eden regions: 305->0(305)
[2024-03-24T20:32:23.443+0800][2337.473s] GC(805) Survivor regions: 2->2(39)
[2024-03-24T20:32:23.443+0800][2337.473s] GC(805) Old regions: 56->56
[2024-03-24T20:32:23.443+0800][2337.473s] GC(805) Humongous regions: 4->4
[2024-03-24T20:32:23.443+0800][2337.473s] GC(805) Metaspace: 65922K(66688K)->65922K(66688K) NonClass: 58524K(58944K)->58524K(58944K) Class: 7397K(7744K)->7397K(7744K)
[2024-03-24T20:32:23.443+0800][2337.474s] GC(805) Pause Young (Normal) (G1 Evacuation Pause) 365M->60M(512M) 2.250ms
[2024-03-24T20:32:23.443+0800][2337.474s] GC(805) User=0.00s Sys=0.00s Real=0.00s
[2024-03-24T20:32:25.425+0800][2339.451s] GC(806) Pause Young (Normal) (G1 Evacuation Pause)
[2024-03-24T20:32:25.425+0800][2339.452s] GC(806) Using 8 workers of 8 for evacuation
[2024-03-24T20:32:25.432+0800][2339.455s] GC(806)   Pre Evacuate Collection Set: 0.3ms
[2024-03-24T20:32:25.432+0800][2339.455s] GC(806)   Merge Heap Roots: 0.1ms
[2024-03-24T20:32:25.432+0800][2339.455s] GC(806)   Evacuate Collection Set: 2.2ms
[2024-03-24T20:32:25.432+0800][2339.455s] GC(806)   Post Evacuate Collection Set: 0.5ms
[2024-03-24T20:32:25.432+0800][2339.455s] GC(806)   Other: 0.1ms
[2024-03-24T20:32:25.432+0800][2339.455s] GC(806) Eden regions: 305->0(305)
[2024-03-24T20:32:25.432+0800][2339.455s] GC(806) Survivor regions: 2->2(39)
[2024-03-24T20:32:25.432+0800][2339.455s] GC(806) Old regions: 56->56
[2024-03-24T20:32:25.432+0800][2339.455s] GC(806) Humongous regions: 4->4
[2024-03-24T20:32:25.432+0800][2339.455s] GC(806) Metaspace: 65922K(66688K)->65922K(66688K) NonClass: 58524K(58944K)->58524K(58944K) Class: 7397K(7744K)->7397K(7744K)
[2024-03-24T20:32:25.432+0800][2339.455s] GC(806) Pause Young (Normal) (G1 Evacuation Pause) 365M->60M(512M) 3.661ms
[2024-03-24T20:32:25.432+0800][2339.455s] GC(806) User=0.00s Sys=0.00s Real=0.01s
[2024-03-24T20:32:27.366+0800][2341.393s] GC(807) Pause Young (Normal) (G1 Evacuation Pause)
[2024-03-24T20:32:27.366+0800][2341.393s] GC(807) Using 8 workers of 8 for evacuation
[2024-03-24T20:32:27.366+0800][2341.397s] GC(807)   Pre Evacuate Collection Set: 0.2ms
[2024-03-24T20:32:27.366+0800][2341.397s] GC(807)   Merge Heap Roots: 0.2ms
[2024-03-24T20:32:27.366+0800][2341.397s] GC(807)   Evacuate Collection Set: 2.0ms
[2024-03-24T20:32:27.366+0800][2341.397s] GC(807)   Post Evacuate Collection Set: 1.0ms
[2024-03-24T20:32:27.366+0800][2341.397s] GC(807)   Other: 0.2ms
[2024-03-24T20:32:27.366+0800][2341.397s] GC(807) Eden regions: 305->0(305)
[2024-03-24T20:32:27.366+0800][2341.397s] GC(807) Survivor regions: 2->2(39)
[2024-03-24T20:32:27.366+0800][2341.397s] GC(807) Old regions: 56->56
[2024-03-24T20:32:27.366+0800][2341.397s] GC(807) Humongous regions: 4->4
[2024-03-24T20:32:27.366+0800][2341.397s] GC(807) Metaspace: 65922K(66688K)->65922K(66688K) NonClass: 58524K(58944K)->58524K(58944K) Class: 7397K(7744K)->7397K(7744K)
[2024-03-24T20:32:27.366+0800][2341.397s] GC(807) Pause Young (Normal) (G1 Evacuation Pause) 365M->60M(512M) 4.362ms
[2024-03-24T20:32:27.366+0800][2341.397s] GC(807) User=0.00s Sys=0.00s Real=0.00s
[2024-03-24T20:32:29.385+0800][2343.411s] GC(808) Pause Young (Normal) (G1 Evacuation Pause)
[2024-03-24T20:32:29.385+0800][2343.412s] GC(808) Using 8 workers of 8 for evacuation
[2024-03-24T20:32:29.385+0800][2343.416s] GC(808)   Pre Evacuate Collection Set: 0.4ms
[2024-03-24T20:32:29.385+0800][2343.416s] GC(808)   Merge Heap Roots: 0.1ms
[2024-03-24T20:32:29.385+0800][2343.416s] GC(808)   Evacuate Collection Set: 2.5ms
[2024-03-24T20:32:29.385+0800][2343.416s] GC(808)   Post Evacuate Collection Set: 1.1ms
[2024-03-24T20:32:29.385+0800][2343.416s] GC(808)   Other: 0.1ms
[2024-03-24T20:32:29.385+0800][2343.416s] GC(808) Eden regions: 305->0(305)
[2024-03-24T20:32:29.385+0800][2343.416s] GC(808) Survivor regions: 2->2(39)
[2024-03-24T20:32:29.385+0800][2343.416s] GC(808) Old regions: 56->56
[2024-03-24T20:32:29.385+0800][2343.416s] GC(808) Humongous regions: 4->4
[2024-03-24T20:32:29.385+0800][2343.416s] GC(808) Metaspace: 65922K(66688K)->65922K(66688K) NonClass: 58524K(58944K)->58524K(58944K) Class: 7397K(7744K)->7397K(7744K)
[2024-03-24T20:32:29.385+0800][2343.416s] GC(808) Pause Young (Normal) (G1 Evacuation Pause) 365M->60M(512M) 5.075ms
[2024-03-24T20:32:29.385+0800][2343.416s] GC(808) User=0.00s Sys=0.00s Real=0.00s
[2024-03-24T20:32:31.310+0800][2345.337s] GC(809) Pause Young (Normal) (G1 Evacuation Pause)
[2024-03-24T20:32:31.310+0800][2345.338s] GC(809) Using 8 workers of 8 for evacuation
[2024-03-24T20:32:31.318+0800][2345.341s] GC(809)   Pre Evacuate Collection Set: 0.3ms
[2024-03-24T20:32:31.318+0800][2345.341s] GC(809)   Merge Heap Roots: 0.2ms
[2024-03-24T20:32:31.318+0800][2345.341s] GC(809)   Evacuate Collection Set: 2.2ms
[2024-03-24T20:32:31.318+0800][2345.341s] GC(809)   Post Evacuate Collection Set: 0.9ms
[2024-03-24T20:32:31.318+0800][2345.341s] GC(809)   Other: 0.1ms
[2024-03-24T20:32:31.318+0800][2345.341s] GC(809) Eden regions: 305->0(305)
[2024-03-24T20:32:31.318+0800][2345.341s] GC(809) Survivor regions: 2->2(39)
[2024-03-24T20:32:31.318+0800][2345.341s] GC(809) Old regions: 56->56
[2024-03-24T20:32:31.318+0800][2345.341s] GC(809) Humongous regions: 4->4
[2024-03-24T20:32:31.318+0800][2345.341s] GC(809) Metaspace: 65922K(66688K)->65922K(66688K) NonClass: 58524K(58944K)->58524K(58944K) Class: 7397K(7744K)->7397K(7744K)
[2024-03-24T20:32:31.318+0800][2345.341s] GC(809) Pause Young (Normal) (G1 Evacuation Pause) 365M->60M(512M) 3.992ms
[2024-03-24T20:32:31.318+0800][2345.341s] GC(809) User=0.00s Sys=0.00s Real=0.01s
[2024-03-24T20:32:33.061+0800][2347.084s] GC(810) Pause Young (Normal) (G1 Evacuation Pause)
[2024-03-24T20:32:33.061+0800][2347.084s] GC(810) Using 8 workers of 8 for evacuation
[2024-03-24T20:32:33.065+0800][2347.088s] GC(810)   Pre Evacuate Collection Set: 0.4ms
[2024-03-24T20:32:33.065+0800][2347.088s] GC(810)   Merge Heap Roots: 0.2ms
[2024-03-24T20:32:33.065+0800][2347.088s] GC(810)   Evacuate Collection Set: 1.8ms
[2024-03-24T20:32:33.065+0800][2347.088s] GC(810)   Post Evacuate Collection Set: 0.9ms
[2024-03-24T20:32:33.065+0800][2347.088s] GC(810)   Other: 0.2ms
[2024-03-24T20:32:33.065+0800][2347.088s] GC(810) Eden regions: 305->0(305)
[2024-03-24T20:32:33.065+0800][2347.088s] GC(810) Survivor regions: 2->2(39)
[2024-03-24T20:32:33.065+0800][2347.088s] GC(810) Old regions: 56->56
[2024-03-24T20:32:33.065+0800][2347.088s] GC(810) Humongous regions: 4->4
[2024-03-24T20:32:33.065+0800][2347.088s] GC(810) Metaspace: 65922K(66688K)->65922K(66688K) NonClass: 58524K(58944K)->58524K(58944K) Class: 7397K(7744K)->7397K(7744K)
[2024-03-24T20:32:33.065+0800][2347.088s] GC(810) Pause Young (Normal) (G1 Evacuation Pause) 365M->60M(512M) 4.003ms
[2024-03-24T20:32:33.065+0800][2347.088s] GC(810) User=0.00s Sys=0.00s Real=0.00s
[2024-03-24T20:32:34.891+0800][2348.918s] GC(811) Pause Young (Normal) (G1 Evacuation Pause)
[2024-03-24T20:32:34.891+0800][2348.918s] GC(811) Using 8 workers of 8 for evacuation
[2024-03-24T20:32:34.891+0800][2348.921s] GC(811)   Pre Evacuate Collection Set: 0.3ms
[2024-03-24T20:32:34.891+0800][2348.921s] GC(811)   Merge Heap Roots: 0.1ms
[2024-03-24T20:32:34.891+0800][2348.921s] GC(811)   Evacuate Collection Set: 1.8ms
[2024-03-24T20:32:34.899+0800][2348.921s] GC(811)   Post Evacuate Collection Set: 0.6ms
[2024-03-24T20:32:34.899+0800][2348.921s] GC(811)   Other: 0.1ms
[2024-03-24T20:32:34.899+0800][2348.921s] GC(811) Eden regions: 305->0(305)
[2024-03-24T20:32:34.899+0800][2348.921s] GC(811) Survivor regions: 2->2(39)
[2024-03-24T20:32:34.899+0800][2348.921s] GC(811) Old regions: 56->56
[2024-03-24T20:32:34.899+0800][2348.921s] GC(811) Humongous regions: 4->4
[2024-03-24T20:32:34.899+0800][2348.921s] GC(811) Metaspace: 65922K(66688K)->65922K(66688K) NonClass: 58524K(58944K)->58524K(58944K) Class: 7397K(7744K)->7397K(7744K)
[2024-03-24T20:32:34.899+0800][2348.921s] GC(811) Pause Young (Normal) (G1 Evacuation Pause) 365M->60M(512M) 3.242ms
[2024-03-24T20:32:34.899+0800][2348.921s] GC(811) User=0.00s Sys=0.00s Real=0.01s
[2024-03-24T20:32:36.784+0800][2350.807s] GC(812) Pause Young (Normal) (G1 Evacuation Pause)
[2024-03-24T20:32:36.785+0800][2350.808s] GC(812) Using 8 workers of 8 for evacuation
[2024-03-24T20:32:36.786+0800][2350.811s] GC(812)   Pre Evacuate Collection Set: 0.4ms
[2024-03-24T20:32:36.786+0800][2350.811s] GC(812)   Merge Heap Roots: 0.1ms
[2024-03-24T20:32:36.786+0800][2350.811s] GC(812)   Evacuate Collection Set: 2.1ms
[2024-03-24T20:32:36.786+0800][2350.811s] GC(812)   Post Evacuate Collection Set: 0.8ms
[2024-03-24T20:32:36.786+0800][2350.811s] GC(812)   Other: 0.2ms
[2024-03-24T20:32:36.786+0800][2350.811s] GC(812) Eden regions: 305->0(305)
[2024-03-24T20:32:36.786+0800][2350.811s] GC(812) Survivor regions: 2->2(39)
[2024-03-24T20:32:36.786+0800][2350.811s] GC(812) Old regions: 56->56
[2024-03-24T20:32:36.786+0800][2350.811s] GC(812) Humongous regions: 4->4
[2024-03-24T20:32:36.786+0800][2350.812s] GC(812) Metaspace: 65922K(66688K)->65922K(66688K) NonClass: 58524K(58944K)->58524K(58944K) Class: 7397K(7744K)->7397K(7744K)
[2024-03-24T20:32:36.786+0800][2350.812s] GC(812) Pause Young (Normal) (G1 Evacuation Pause) 365M->60M(512M) 4.162ms
[2024-03-24T20:32:36.786+0800][2350.812s] GC(812) User=0.00s Sys=0.00s Real=0.00s
[2024-03-24T20:32:38.479+0800][2352.510s] GC(813) Pause Young (Normal) (G1 Evacuation Pause)
[2024-03-24T20:32:38.479+0800][2352.511s] GC(813) Using 8 workers of 8 for evacuation
[2024-03-24T20:32:38.489+0800][2352.513s] GC(813)   Pre Evacuate Collection Set: 0.2ms
[2024-03-24T20:32:38.489+0800][2352.513s] GC(813)   Merge Heap Roots: 0.1ms
[2024-03-24T20:32:38.489+0800][2352.513s] GC(813)   Evacuate Collection Set: 1.4ms
[2024-03-24T20:32:38.489+0800][2352.513s] GC(813)   Post Evacuate Collection Set: 0.6ms
[2024-03-24T20:32:38.489+0800][2352.513s] GC(813)   Other: 0.2ms
[2024-03-24T20:32:38.489+0800][2352.513s] GC(813) Eden regions: 305->0(305)
[2024-03-24T20:32:38.489+0800][2352.513s] GC(813) Survivor regions: 2->2(39)
[2024-03-24T20:32:38.489+0800][2352.513s] GC(813) Old regions: 56->56
[2024-03-24T20:32:38.489+0800][2352.513s] GC(813) Humongous regions: 4->4
[2024-03-24T20:32:38.489+0800][2352.513s] GC(813) Metaspace: 65922K(66688K)->65922K(66688K) NonClass: 58524K(58944K)->58524K(58944K) Class: 7397K(7744K)->7397K(7744K)
[2024-03-24T20:32:38.489+0800][2352.513s] GC(813) Pause Young (Normal) (G1 Evacuation Pause) 365M->60M(512M) 3.129ms
[2024-03-24T20:32:38.489+0800][2352.514s] GC(813) User=0.00s Sys=0.00s Real=0.01s
[2024-03-24T20:32:40.306+0800][2354.332s] GC(814) Pause Young (Normal) (G1 Evacuation Pause)
[2024-03-24T20:32:40.306+0800][2354.332s] GC(814) Using 8 workers of 8 for evacuation
[2024-03-24T20:32:40.306+0800][2354.335s] GC(814)   Pre Evacuate Collection Set: 0.2ms
[2024-03-24T20:32:40.306+0800][2354.335s] GC(814)   Merge Heap Roots: 0.1ms
[2024-03-24T20:32:40.306+0800][2354.335s] GC(814)   Evacuate Collection Set: 1.5ms
[2024-03-24T20:32:40.306+0800][2354.335s] GC(814)   Post Evacuate Collection Set: 0.9ms
[2024-03-24T20:32:40.306+0800][2354.335s] GC(814)   Other: 0.1ms
[2024-03-24T20:32:40.306+0800][2354.335s] GC(814) Eden regions: 305->0(305)
[2024-03-24T20:32:40.306+0800][2354.335s] GC(814) Survivor regions: 2->2(39)
[2024-03-24T20:32:40.306+0800][2354.335s] GC(814) Old regions: 56->56
[2024-03-24T20:32:40.306+0800][2354.335s] GC(814) Humongous regions: 4->4
[2024-03-24T20:32:40.306+0800][2354.335s] GC(814) Metaspace: 65922K(66688K)->65922K(66688K) NonClass: 58524K(58944K)->58524K(58944K) Class: 7397K(7744K)->7397K(7744K)
[2024-03-24T20:32:40.306+0800][2354.335s] GC(814) Pause Young (Normal) (G1 Evacuation Pause) 365M->60M(512M) 3.200ms
[2024-03-24T20:32:40.306+0800][2354.335s] GC(814) User=0.00s Sys=0.00s Real=0.00s
[2024-03-24T20:32:42.107+0800][2356.133s] GC(815) Pause Young (Normal) (G1 Evacuation Pause)
[2024-03-24T20:32:42.107+0800][2356.133s] GC(815) Using 8 workers of 8 for evacuation
[2024-03-24T20:32:42.113+0800][2356.136s] GC(815)   Pre Evacuate Collection Set: 0.2ms
[2024-03-24T20:32:42.113+0800][2356.136s] GC(815)   Merge Heap Roots: 0.1ms
[2024-03-24T20:32:42.113+0800][2356.136s] GC(815)   Evacuate Collection Set: 2.0ms
[2024-03-24T20:32:42.113+0800][2356.136s] GC(815)   Post Evacuate Collection Set: 0.5ms
[2024-03-24T20:32:42.113+0800][2356.136s] GC(815)   Other: 0.1ms
[2024-03-24T20:32:42.113+0800][2356.137s] GC(815) Eden regions: 305->0(305)
[2024-03-24T20:32:42.113+0800][2356.137s] GC(815) Survivor regions: 2->2(39)
[2024-03-24T20:32:42.113+0800][2356.137s] GC(815) Old regions: 56->56
[2024-03-24T20:32:42.113+0800][2356.137s] GC(815) Humongous regions: 4->4
[2024-03-24T20:32:42.113+0800][2356.137s] GC(815) Metaspace: 65922K(66688K)->65922K(66688K) NonClass: 58524K(58944K)->58524K(58944K) Class: 7397K(7744K)->7397K(7744K)
[2024-03-24T20:32:42.113+0800][2356.137s] GC(815) Pause Young (Normal) (G1 Evacuation Pause) 365M->60M(512M) 3.495ms
[2024-03-24T20:32:42.113+0800][2356.137s] GC(815) User=0.00s Sys=0.00s Real=0.01s
[2024-03-24T20:32:43.905+0800][2357.928s] GC(816) Pause Young (Normal) (G1 Evacuation Pause)
[2024-03-24T20:32:43.905+0800][2357.928s] GC(816) Using 8 workers of 8 for evacuation
[2024-03-24T20:32:43.908+0800][2357.932s] GC(816)   Pre Evacuate Collection Set: 0.4ms
[2024-03-24T20:32:43.909+0800][2357.932s] GC(816)   Merge Heap Roots: 0.2ms
[2024-03-24T20:32:43.909+0800][2357.932s] GC(816)   Evacuate Collection Set: 2.1ms
[2024-03-24T20:32:43.909+0800][2357.932s] GC(816)   Post Evacuate Collection Set: 1.0ms
[2024-03-24T20:32:43.909+0800][2357.932s] GC(816)   Other: 0.1ms
[2024-03-24T20:32:43.909+0800][2357.932s] GC(816) Eden regions: 305->0(305)
[2024-03-24T20:32:43.909+0800][2357.932s] GC(816) Survivor regions: 2->2(39)
[2024-03-24T20:32:43.909+0800][2357.932s] GC(816) Old regions: 56->56
[2024-03-24T20:32:43.909+0800][2357.932s] GC(816) Humongous regions: 4->4
[2024-03-24T20:32:43.909+0800][2357.932s] GC(816) Metaspace: 65922K(66688K)->65922K(66688K) NonClass: 58524K(58944K)->58524K(58944K) Class: 7397K(7744K)->7397K(7744K)
[2024-03-24T20:32:43.909+0800][2357.932s] GC(816) Pause Young (Normal) (G1 Evacuation Pause) 365M->60M(512M) 4.324ms
[2024-03-24T20:32:43.909+0800][2357.932s] GC(816) User=0.00s Sys=0.00s Real=0.00s
[2024-03-24T20:32:45.757+0800][2359.782s] GC(817) Pause Young (Normal) (G1 Evacuation Pause)
[2024-03-24T20:32:45.757+0800][2359.782s] GC(817) Using 8 workers of 8 for evacuation
[2024-03-24T20:32:45.763+0800][2359.786s] GC(817)   Pre Evacuate Collection Set: 0.2ms
[2024-03-24T20:32:45.763+0800][2359.786s] GC(817)   Merge Heap Roots: 0.1ms
[2024-03-24T20:32:45.763+0800][2359.786s] GC(817)   Evacuate Collection Set: 2.5ms
[2024-03-24T20:32:45.763+0800][2359.786s] GC(817)   Post Evacuate Collection Set: 0.6ms
[2024-03-24T20:32:45.763+0800][2359.786s] GC(817)   Other: 0.1ms
[2024-03-24T20:32:45.763+0800][2359.786s] GC(817) Eden regions: 305->0(305)
[2024-03-24T20:32:45.763+0800][2359.786s] GC(817) Survivor regions: 2->2(39)
[2024-03-24T20:32:45.763+0800][2359.786s] GC(817) Old regions: 56->56
[2024-03-24T20:32:45.763+0800][2359.786s] GC(817) Humongous regions: 4->4
[2024-03-24T20:32:45.763+0800][2359.786s] GC(817) Metaspace: 65922K(66688K)->65922K(66688K) NonClass: 58524K(58944K)->58524K(58944K) Class: 7397K(7744K)->7397K(7744K)
[2024-03-24T20:32:45.763+0800][2359.786s] GC(817) Pause Young (Normal) (G1 Evacuation Pause) 365M->61M(512M) 3.900ms
[2024-03-24T20:32:45.763+0800][2359.786s] GC(817) User=0.03s Sys=0.00s Real=0.01s
[2024-03-24T20:32:47.602+0800][2361.625s] GC(818) Pause Young (Normal) (G1 Evacuation Pause)
[2024-03-24T20:32:47.602+0800][2361.625s] GC(818) Using 8 workers of 8 for evacuation
[2024-03-24T20:32:47.606+0800][2361.629s] GC(818)   Pre Evacuate Collection Set: 0.2ms
[2024-03-24T20:32:47.606+0800][2361.629s] GC(818)   Merge Heap Roots: 0.1ms
[2024-03-24T20:32:47.606+0800][2361.629s] GC(818)   Evacuate Collection Set: 2.4ms
[2024-03-24T20:32:47.606+0800][2361.629s] GC(818)   Post Evacuate Collection Set: 0.6ms
[2024-03-24T20:32:47.606+0800][2361.629s] GC(818)   Other: 0.1ms
[2024-03-24T20:32:47.606+0800][2361.629s] GC(818) Eden regions: 305->0(305)
[2024-03-24T20:32:47.606+0800][2361.629s] GC(818) Survivor regions: 2->2(39)
[2024-03-24T20:32:47.606+0800][2361.629s] GC(818) Old regions: 56->56
[2024-03-24T20:32:47.606+0800][2361.629s] GC(818) Humongous regions: 4->4
[2024-03-24T20:32:47.606+0800][2361.629s] GC(818) Metaspace: 65922K(66688K)->65922K(66688K) NonClass: 58524K(58944K)->58524K(58944K) Class: 7397K(7744K)->7397K(7744K)
[2024-03-24T20:32:47.606+0800][2361.629s] GC(818) Pause Young (Normal) (G1 Evacuation Pause) 366M->60M(512M) 3.799ms
[2024-03-24T20:32:47.606+0800][2361.629s] GC(818) User=0.02s Sys=0.00s Real=0.00s
[2024-03-24T20:32:49.319+0800][2363.342s] GC(819) Pause Young (Normal) (G1 Evacuation Pause)
[2024-03-24T20:32:49.319+0800][2363.342s] GC(819) Using 8 workers of 8 for evacuation
[2024-03-24T20:32:49.320+0800][2363.345s] GC(819)   Pre Evacuate Collection Set: 0.2ms
[2024-03-24T20:32:49.320+0800][2363.345s] GC(819)   Merge Heap Roots: 0.1ms
[2024-03-24T20:32:49.320+0800][2363.345s] GC(819)   Evacuate Collection Set: 1.4ms
[2024-03-24T20:32:49.320+0800][2363.345s] GC(819)   Post Evacuate Collection Set: 0.7ms
[2024-03-24T20:32:49.320+0800][2363.345s] GC(819)   Other: 0.2ms
[2024-03-24T20:32:49.320+0800][2363.345s] GC(819) Eden regions: 305->0(305)
[2024-03-24T20:32:49.320+0800][2363.345s] GC(819) Survivor regions: 2->2(39)
[2024-03-24T20:32:49.320+0800][2363.345s] GC(819) Old regions: 56->56
[2024-03-24T20:32:49.320+0800][2363.345s] GC(819) Humongous regions: 4->4
[2024-03-24T20:32:49.320+0800][2363.345s] GC(819) Metaspace: 65922K(66688K)->65922K(66688K) NonClass: 58524K(58944K)->58524K(58944K) Class: 7397K(7744K)->7397K(7744K)
[2024-03-24T20:32:49.320+0800][2363.345s] GC(819) Pause Young (Normal) (G1 Evacuation Pause) 365M->60M(512M) 3.005ms
[2024-03-24T20:32:49.320+0800][2363.345s] GC(819) User=0.00s Sys=0.00s Real=0.00s
[2024-03-24T20:32:51.068+0800][2365.091s] GC(820) Pause Young (Normal) (G1 Evacuation Pause)
[2024-03-24T20:32:51.068+0800][2365.091s] GC(820) Using 8 workers of 8 for evacuation
[2024-03-24T20:32:51.071+0800][2365.094s] GC(820)   Pre Evacuate Collection Set: 0.2ms
[2024-03-24T20:32:51.071+0800][2365.094s] GC(820)   Merge Heap Roots: 0.1ms
[2024-03-24T20:32:51.071+0800][2365.094s] GC(820)   Evacuate Collection Set: 1.8ms
[2024-03-24T20:32:51.071+0800][2365.094s] GC(820)   Post Evacuate Collection Set: 0.6ms
[2024-03-24T20:32:51.071+0800][2365.094s] GC(820)   Other: 0.1ms
[2024-03-24T20:32:51.071+0800][2365.094s] GC(820) Eden regions: 305->0(305)
[2024-03-24T20:32:51.071+0800][2365.094s] GC(820) Survivor regions: 2->2(39)
[2024-03-24T20:32:51.071+0800][2365.094s] GC(820) Old regions: 56->56
[2024-03-24T20:32:51.071+0800][2365.094s] GC(820) Humongous regions: 4->4
[2024-03-24T20:32:51.071+0800][2365.094s] GC(820) Metaspace: 65922K(66688K)->65922K(66688K) NonClass: 58524K(58944K)->58524K(58944K) Class: 7397K(7744K)->7397K(7744K)
[2024-03-24T20:32:51.071+0800][2365.094s] GC(820) Pause Young (Normal) (G1 Evacuation Pause) 365M->60M(512M) 3.196ms
[2024-03-24T20:32:51.071+0800][2365.094s] GC(820) User=0.00s Sys=0.00s Real=0.00s
[2024-03-24T20:32:52.830+0800][2366.855s] GC(821) Pause Young (Normal) (G1 Evacuation Pause)
[2024-03-24T20:32:52.830+0800][2366.855s] GC(821) Using 8 workers of 8 for evacuation
[2024-03-24T20:32:52.830+0800][2366.858s] GC(821)   Pre Evacuate Collection Set: 0.3ms
[2024-03-24T20:32:52.830+0800][2366.858s] GC(821)   Merge Heap Roots: 0.1ms
[2024-03-24T20:32:52.830+0800][2366.858s] GC(821)   Evacuate Collection Set: 1.8ms
[2024-03-24T20:32:52.830+0800][2366.858s] GC(821)   Post Evacuate Collection Set: 0.6ms
[2024-03-24T20:32:52.830+0800][2366.858s] GC(821)   Other: 0.1ms
[2024-03-24T20:32:52.830+0800][2366.858s] GC(821) Eden regions: 305->0(305)
[2024-03-24T20:32:52.830+0800][2366.858s] GC(821) Survivor regions: 2->2(39)
[2024-03-24T20:32:52.830+0800][2366.858s] GC(821) Old regions: 56->56
[2024-03-24T20:32:52.830+0800][2366.858s] GC(821) Humongous regions: 4->4
[2024-03-24T20:32:52.830+0800][2366.858s] GC(821) Metaspace: 65922K(66688K)->65922K(66688K) NonClass: 58524K(58944K)->58524K(58944K) Class: 7397K(7744K)->7397K(7744K)
[2024-03-24T20:32:52.830+0800][2366.858s] GC(821) Pause Young (Normal) (G1 Evacuation Pause) 365M->60M(512M) 3.430ms
[2024-03-24T20:32:52.830+0800][2366.858s] GC(821) User=0.00s Sys=0.00s Real=0.00s
[2024-03-24T20:32:54.587+0800][2368.612s] GC(822) Pause Young (Normal) (G1 Evacuation Pause)
[2024-03-24T20:32:54.587+0800][2368.612s] GC(822) Using 8 workers of 8 for evacuation
[2024-03-24T20:32:54.591+0800][2368.615s] GC(822)   Pre Evacuate Collection Set: 0.3ms
[2024-03-24T20:32:54.591+0800][2368.615s] GC(822)   Merge Heap Roots: 0.2ms
[2024-03-24T20:32:54.591+0800][2368.615s] GC(822)   Evacuate Collection Set: 1.4ms
[2024-03-24T20:32:54.591+0800][2368.615s] GC(822)   Post Evacuate Collection Set: 0.7ms
[2024-03-24T20:32:54.591+0800][2368.615s] GC(822)   Other: 0.1ms
[2024-03-24T20:32:54.591+0800][2368.615s] GC(822) Eden regions: 305->0(305)
[2024-03-24T20:32:54.591+0800][2368.615s] GC(822) Survivor regions: 2->2(39)
[2024-03-24T20:32:54.591+0800][2368.615s] GC(822) Old regions: 56->56
[2024-03-24T20:32:54.591+0800][2368.615s] GC(822) Humongous regions: 4->4
[2024-03-24T20:32:54.591+0800][2368.615s] GC(822) Metaspace: 65922K(66688K)->65922K(66688K) NonClass: 58524K(58944K)->58524K(58944K) Class: 7397K(7744K)->7397K(7744K)
[2024-03-24T20:32:54.591+0800][2368.615s] GC(822) Pause Young (Normal) (G1 Evacuation Pause) 365M->61M(512M) 3.097ms
[2024-03-24T20:32:54.591+0800][2368.615s] GC(822) User=0.00s Sys=0.00s Real=0.00s
[2024-03-24T20:32:56.411+0800][2370.434s] GC(823) Pause Young (Normal) (G1 Evacuation Pause)
[2024-03-24T20:32:56.411+0800][2370.434s] GC(823) Using 8 workers of 8 for evacuation
[2024-03-24T20:32:56.412+0800][2370.437s] GC(823)   Pre Evacuate Collection Set: 0.3ms
[2024-03-24T20:32:56.412+0800][2370.437s] GC(823)   Merge Heap Roots: 0.1ms
[2024-03-24T20:32:56.412+0800][2370.437s] GC(823)   Evacuate Collection Set: 1.5ms
[2024-03-24T20:32:56.412+0800][2370.437s] GC(823)   Post Evacuate Collection Set: 0.7ms
[2024-03-24T20:32:56.412+0800][2370.437s] GC(823)   Other: 0.1ms
[2024-03-24T20:32:56.412+0800][2370.437s] GC(823) Eden regions: 305->0(305)
[2024-03-24T20:32:56.412+0800][2370.437s] GC(823) Survivor regions: 2->2(39)
[2024-03-24T20:32:56.412+0800][2370.437s] GC(823) Old regions: 56->56
[2024-03-24T20:32:56.412+0800][2370.437s] GC(823) Humongous regions: 4->4
[2024-03-24T20:32:56.412+0800][2370.437s] GC(823) Metaspace: 65922K(66688K)->65922K(66688K) NonClass: 58524K(58944K)->58524K(58944K) Class: 7397K(7744K)->7397K(7744K)
[2024-03-24T20:32:56.412+0800][2370.437s] GC(823) Pause Young (Normal) (G1 Evacuation Pause) 366M->60M(512M) 3.040ms
[2024-03-24T20:32:56.412+0800][2370.437s] GC(823) User=0.00s Sys=0.00s Real=0.00s
[2024-03-24T20:32:58.110+0800][2372.136s] GC(824) Pause Young (Normal) (G1 Evacuation Pause)
[2024-03-24T20:32:58.110+0800][2372.136s] GC(824) Using 8 workers of 8 for evacuation
[2024-03-24T20:32:58.110+0800][2372.139s] GC(824)   Pre Evacuate Collection Set: 0.3ms
[2024-03-24T20:32:58.110+0800][2372.140s] GC(824)   Merge Heap Roots: 0.1ms
[2024-03-24T20:32:58.110+0800][2372.140s] GC(824)   Evacuate Collection Set: 1.7ms
[2024-03-24T20:32:58.110+0800][2372.140s] GC(824)   Post Evacuate Collection Set: 0.8ms
[2024-03-24T20:32:58.110+0800][2372.140s] GC(824)   Other: 0.1ms
[2024-03-24T20:32:58.110+0800][2372.140s] GC(824) Eden regions: 305->0(305)
[2024-03-24T20:32:58.110+0800][2372.140s] GC(824) Survivor regions: 2->2(39)
[2024-03-24T20:32:58.110+0800][2372.140s] GC(824) Old regions: 56->56
[2024-03-24T20:32:58.110+0800][2372.140s] GC(824) Humongous regions: 4->4
[2024-03-24T20:32:58.110+0800][2372.140s] GC(824) Metaspace: 65922K(66688K)->65922K(66688K) NonClass: 58524K(58944K)->58524K(58944K) Class: 7397K(7744K)->7397K(7744K)
[2024-03-24T20:32:58.110+0800][2372.140s] GC(824) Pause Young (Normal) (G1 Evacuation Pause) 365M->60M(512M) 3.719ms
[2024-03-24T20:32:58.110+0800][2372.140s] GC(824) User=0.00s Sys=0.00s Real=0.00s
[2024-03-24T20:32:59.790+0800][2373.819s] GC(825) Pause Young (Normal) (G1 Evacuation Pause)
[2024-03-24T20:32:59.790+0800][2373.819s] GC(825) Using 8 workers of 8 for evacuation
[2024-03-24T20:32:59.790+0800][2373.822s] GC(825)   Pre Evacuate Collection Set: 0.4ms
[2024-03-24T20:32:59.790+0800][2373.822s] GC(825)   Merge Heap Roots: 0.1ms
[2024-03-24T20:32:59.790+0800][2373.822s] GC(825)   Evacuate Collection Set: 1.7ms
[2024-03-24T20:32:59.790+0800][2373.822s] GC(825)   Post Evacuate Collection Set: 0.8ms
[2024-03-24T20:32:59.790+0800][2373.822s] GC(825)   Other: 0.1ms
[2024-03-24T20:32:59.790+0800][2373.822s] GC(825) Eden regions: 305->0(305)
[2024-03-24T20:32:59.790+0800][2373.822s] GC(825) Survivor regions: 2->2(39)
[2024-03-24T20:32:59.790+0800][2373.822s] GC(825) Old regions: 56->56
[2024-03-24T20:32:59.790+0800][2373.822s] GC(825) Humongous regions: 4->4
[2024-03-24T20:32:59.790+0800][2373.822s] GC(825) Metaspace: 65922K(66688K)->65922K(66688K) NonClass: 58524K(58944K)->58524K(58944K) Class: 7397K(7744K)->7397K(7744K)
[2024-03-24T20:32:59.790+0800][2373.822s] GC(825) Pause Young (Normal) (G1 Evacuation Pause) 365M->61M(512M) 3.670ms
[2024-03-24T20:32:59.790+0800][2373.822s] GC(825) User=0.00s Sys=0.00s Real=0.00s
[2024-03-24T20:33:01.483+0800][2375.506s] GC(826) Pause Young (Normal) (G1 Evacuation Pause)
[2024-03-24T20:33:01.483+0800][2375.507s] GC(826) Using 8 workers of 8 for evacuation
[2024-03-24T20:33:01.484+0800][2375.510s] GC(826)   Pre Evacuate Collection Set: 0.3ms
[2024-03-24T20:33:01.484+0800][2375.510s] GC(826)   Merge Heap Roots: 0.1ms
[2024-03-24T20:33:01.484+0800][2375.510s] GC(826)   Evacuate Collection Set: 2.1ms
[2024-03-24T20:33:01.484+0800][2375.510s] GC(826)   Post Evacuate Collection Set: 0.9ms
[2024-03-24T20:33:01.484+0800][2375.510s] GC(826)   Other: 0.2ms
[2024-03-24T20:33:01.484+0800][2375.510s] GC(826) Eden regions: 305->0(305)
[2024-03-24T20:33:01.484+0800][2375.510s] GC(826) Survivor regions: 2->2(39)
[2024-03-24T20:33:01.484+0800][2375.511s] GC(826) Old regions: 56->56
[2024-03-24T20:33:01.484+0800][2375.511s] GC(826) Humongous regions: 4->4
[2024-03-24T20:33:01.484+0800][2375.511s] GC(826) Metaspace: 65922K(66688K)->65922K(66688K) NonClass: 58524K(58944K)->58524K(58944K) Class: 7397K(7744K)->7397K(7744K)
[2024-03-24T20:33:01.484+0800][2375.511s] GC(826) Pause Young (Normal) (G1 Evacuation Pause) 366M->60M(512M) 4.323ms
[2024-03-24T20:33:01.484+0800][2375.511s] GC(826) User=0.00s Sys=0.00s Real=0.00s
[2024-03-24T20:33:03.224+0800][2377.247s] GC(827) Pause Young (Normal) (G1 Evacuation Pause)
[2024-03-24T20:33:03.224+0800][2377.247s] GC(827) Using 8 workers of 8 for evacuation
[2024-03-24T20:33:03.226+0800][2377.249s] GC(827)   Pre Evacuate Collection Set: 0.1ms
[2024-03-24T20:33:03.226+0800][2377.249s] GC(827)   Merge Heap Roots: 0.1ms
[2024-03-24T20:33:03.226+0800][2377.249s] GC(827)   Evacuate Collection Set: 1.5ms
[2024-03-24T20:33:03.226+0800][2377.249s] GC(827)   Post Evacuate Collection Set: 0.5ms
[2024-03-24T20:33:03.227+0800][2377.249s] GC(827)   Other: 0.1ms
[2024-03-24T20:33:03.227+0800][2377.249s] GC(827) Eden regions: 305->0(305)
[2024-03-24T20:33:03.227+0800][2377.249s] GC(827) Survivor regions: 2->2(39)
[2024-03-24T20:33:03.227+0800][2377.249s] GC(827) Old regions: 56->56
[2024-03-24T20:33:03.227+0800][2377.249s] GC(827) Humongous regions: 4->4
[2024-03-24T20:33:03.227+0800][2377.249s] GC(827) Metaspace: 65922K(66688K)->65922K(66688K) NonClass: 58524K(58944K)->58524K(58944K) Class: 7397K(7744K)->7397K(7744K)
[2024-03-24T20:33:03.227+0800][2377.250s] GC(827) Pause Young (Normal) (G1 Evacuation Pause) 365M->60M(512M) 2.640ms
[2024-03-24T20:33:03.227+0800][2377.250s] GC(827) User=0.00s Sys=0.00s Real=0.00s
[2024-03-24T20:33:04.939+0800][2378.962s] GC(828) Pause Young (Normal) (G1 Evacuation Pause)
[2024-03-24T20:33:04.939+0800][2378.962s] GC(828) Using 8 workers of 8 for evacuation
[2024-03-24T20:33:04.939+0800][2378.966s] GC(828)   Pre Evacuate Collection Set: 0.2ms
[2024-03-24T20:33:04.939+0800][2378.966s] GC(828)   Merge Heap Roots: 0.2ms
[2024-03-24T20:33:04.939+0800][2378.966s] GC(828)   Evacuate Collection Set: 2.4ms
[2024-03-24T20:33:04.939+0800][2378.966s] GC(828)   Post Evacuate Collection Set: 0.6ms
[2024-03-24T20:33:04.939+0800][2378.966s] GC(828)   Other: 0.1ms
[2024-03-24T20:33:04.939+0800][2378.966s] GC(828) Eden regions: 305->0(305)
[2024-03-24T20:33:04.939+0800][2378.966s] GC(828) Survivor regions: 2->2(39)
[2024-03-24T20:33:04.939+0800][2378.966s] GC(828) Old regions: 56->56
[2024-03-24T20:33:04.939+0800][2378.966s] GC(828) Humongous regions: 4->4
[2024-03-24T20:33:04.939+0800][2378.966s] GC(828) Metaspace: 65922K(66688K)->65922K(66688K) NonClass: 58524K(58944K)->58524K(58944K) Class: 7397K(7744K)->7397K(7744K)
[2024-03-24T20:33:04.939+0800][2378.966s] GC(828) Pause Young (Normal) (G1 Evacuation Pause) 365M->60M(512M) 3.755ms
[2024-03-24T20:33:04.939+0800][2378.966s] GC(828) User=0.00s Sys=0.00s Real=0.00s
[2024-03-24T20:33:06.621+0800][2380.645s] GC(829) Pause Young (Normal) (G1 Evacuation Pause)
[2024-03-24T20:33:06.621+0800][2380.645s] GC(829) Using 8 workers of 8 for evacuation
[2024-03-24T20:33:06.621+0800][2380.649s] GC(829)   Pre Evacuate Collection Set: 0.3ms
[2024-03-24T20:33:06.621+0800][2380.649s] GC(829)   Merge Heap Roots: 0.2ms
[2024-03-24T20:33:06.621+0800][2380.649s] GC(829)   Evacuate Collection Set: 2.2ms
[2024-03-24T20:33:06.621+0800][2380.649s] GC(829)   Post Evacuate Collection Set: 1.1ms
[2024-03-24T20:33:06.621+0800][2380.649s] GC(829)   Other: 0.2ms
[2024-03-24T20:33:06.621+0800][2380.649s] GC(829) Eden regions: 305->0(305)
[2024-03-24T20:33:06.621+0800][2380.649s] GC(829) Survivor regions: 2->2(39)
[2024-03-24T20:33:06.621+0800][2380.649s] GC(829) Old regions: 56->56
[2024-03-24T20:33:06.621+0800][2380.649s] GC(829) Humongous regions: 4->4
[2024-03-24T20:33:06.621+0800][2380.649s] GC(829) Metaspace: 65922K(66688K)->65922K(66688K) NonClass: 58524K(58944K)->58524K(58944K) Class: 7397K(7744K)->7397K(7744K)
[2024-03-24T20:33:06.621+0800][2380.649s] GC(829) Pause Young (Normal) (G1 Evacuation Pause) 365M->60M(512M) 4.538ms
[2024-03-24T20:33:06.621+0800][2380.649s] GC(829) User=0.00s Sys=0.00s Real=0.00s
[2024-03-24T20:33:08.510+0800][2382.535s] GC(830) Pause Young (Normal) (G1 Evacuation Pause)
[2024-03-24T20:33:08.510+0800][2382.535s] GC(830) Using 8 workers of 8 for evacuation
[2024-03-24T20:33:08.514+0800][2382.538s] GC(830)   Pre Evacuate Collection Set: 0.3ms
[2024-03-24T20:33:08.514+0800][2382.538s] GC(830)   Merge Heap Roots: 0.1ms
[2024-03-24T20:33:08.514+0800][2382.538s] GC(830)   Evacuate Collection Set: 1.6ms
[2024-03-24T20:33:08.514+0800][2382.538s] GC(830)   Post Evacuate Collection Set: 0.9ms
[2024-03-24T20:33:08.514+0800][2382.538s] GC(830)   Other: 0.1ms
[2024-03-24T20:33:08.514+0800][2382.538s] GC(830) Eden regions: 305->0(305)
[2024-03-24T20:33:08.514+0800][2382.538s] GC(830) Survivor regions: 2->2(39)
[2024-03-24T20:33:08.514+0800][2382.538s] GC(830) Old regions: 56->56
[2024-03-24T20:33:08.514+0800][2382.538s] GC(830) Humongous regions: 4->4
[2024-03-24T20:33:08.514+0800][2382.538s] GC(830) Metaspace: 65922K(66688K)->65922K(66688K) NonClass: 58524K(58944K)->58524K(58944K) Class: 7397K(7744K)->7397K(7744K)
[2024-03-24T20:33:08.514+0800][2382.538s] GC(830) Pause Young (Normal) (G1 Evacuation Pause) 365M->60M(512M) 3.172ms
[2024-03-24T20:33:08.514+0800][2382.538s] GC(830) User=0.03s Sys=0.00s Real=0.00s
[2024-03-24T20:33:10.041+0800][2384.064s] GC(831) Pause Young (Normal) (G1 Evacuation Pause)
[2024-03-24T20:33:10.041+0800][2384.064s] GC(831) Using 8 workers of 8 for evacuation
[2024-03-24T20:33:10.044+0800][2384.067s] GC(831)   Pre Evacuate Collection Set: 0.1ms
[2024-03-24T20:33:10.044+0800][2384.067s] GC(831)   Merge Heap Roots: 0.1ms
[2024-03-24T20:33:10.044+0800][2384.067s] GC(831)   Evacuate Collection Set: 1.5ms
[2024-03-24T20:33:10.044+0800][2384.067s] GC(831)   Post Evacuate Collection Set: 0.4ms
[2024-03-24T20:33:10.044+0800][2384.067s] GC(831)   Other: 0.1ms
[2024-03-24T20:33:10.044+0800][2384.067s] GC(831) Eden regions: 305->0(305)
[2024-03-24T20:33:10.044+0800][2384.067s] GC(831) Survivor regions: 2->2(39)
[2024-03-24T20:33:10.044+0800][2384.067s] GC(831) Old regions: 56->56
[2024-03-24T20:33:10.044+0800][2384.067s] GC(831) Humongous regions: 4->4
[2024-03-24T20:33:10.044+0800][2384.067s] GC(831) Metaspace: 65922K(66688K)->65922K(66688K) NonClass: 58524K(58944K)->58524K(58944K) Class: 7397K(7744K)->7397K(7744K)
[2024-03-24T20:33:10.044+0800][2384.067s] GC(831) Pause Young (Normal) (G1 Evacuation Pause) 365M->60M(512M) 2.676ms
[2024-03-24T20:33:10.044+0800][2384.067s] GC(831) User=0.00s Sys=0.00s Real=0.00s
[2024-03-24T20:33:11.607+0800][2385.634s] GC(832) Pause Young (Normal) (G1 Evacuation Pause)
[2024-03-24T20:33:11.607+0800][2385.634s] GC(832) Using 8 workers of 8 for evacuation
[2024-03-24T20:33:11.607+0800][2385.638s] GC(832)   Pre Evacuate Collection Set: 0.2ms
[2024-03-24T20:33:11.607+0800][2385.638s] GC(832)   Merge Heap Roots: 0.2ms
[2024-03-24T20:33:11.607+0800][2385.638s] GC(832)   Evacuate Collection Set: 2.8ms
[2024-03-24T20:33:11.607+0800][2385.638s] GC(832)   Post Evacuate Collection Set: 1.1ms
[2024-03-24T20:33:11.607+0800][2385.638s] GC(832)   Other: 0.2ms
[2024-03-24T20:33:11.607+0800][2385.638s] GC(832) Eden regions: 305->0(305)
[2024-03-24T20:33:11.607+0800][2385.638s] GC(832) Survivor regions: 2->2(39)
[2024-03-24T20:33:11.607+0800][2385.638s] GC(832) Old regions: 56->56
[2024-03-24T20:33:11.607+0800][2385.639s] GC(832) Humongous regions: 4->4
[2024-03-24T20:33:11.607+0800][2385.639s] GC(832) Metaspace: 65922K(66688K)->65922K(66688K) NonClass: 58524K(58944K)->58524K(58944K) Class: 7397K(7744K)->7397K(7744K)
[2024-03-24T20:33:11.607+0800][2385.639s] GC(832) Pause Young (Normal) (G1 Evacuation Pause) 365M->61M(512M) 5.024ms
[2024-03-24T20:33:11.607+0800][2385.639s] GC(832) User=0.00s Sys=0.00s Real=0.00s
[2024-03-24T20:33:13.414+0800][2387.437s] GC(833) Pause Young (Normal) (G1 Evacuation Pause)
[2024-03-24T20:33:13.414+0800][2387.437s] GC(833) Using 8 workers of 8 for evacuation
[2024-03-24T20:33:13.416+0800][2387.439s] GC(833)   Pre Evacuate Collection Set: 0.1ms
[2024-03-24T20:33:13.417+0800][2387.440s] GC(833)   Merge Heap Roots: 0.1ms
[2024-03-24T20:33:13.417+0800][2387.440s] GC(833)   Evacuate Collection Set: 1.4ms
[2024-03-24T20:33:13.417+0800][2387.440s] GC(833)   Post Evacuate Collection Set: 0.4ms
[2024-03-24T20:33:13.417+0800][2387.440s] GC(833)   Other: 0.1ms
[2024-03-24T20:33:13.417+0800][2387.440s] GC(833) Eden regions: 305->0(305)
[2024-03-24T20:33:13.417+0800][2387.440s] GC(833) Survivor regions: 2->2(39)
[2024-03-24T20:33:13.417+0800][2387.440s] GC(833) Old regions: 56->56
[2024-03-24T20:33:13.417+0800][2387.440s] GC(833) Humongous regions: 4->4
[2024-03-24T20:33:13.417+0800][2387.440s] GC(833) Metaspace: 65922K(66688K)->65922K(66688K) NonClass: 58524K(58944K)->58524K(58944K) Class: 7397K(7744K)->7397K(7744K)
[2024-03-24T20:33:13.417+0800][2387.440s] GC(833) Pause Young (Normal) (G1 Evacuation Pause) 366M->60M(512M) 2.313ms
[2024-03-24T20:33:13.417+0800][2387.440s] GC(833) User=0.00s Sys=0.00s Real=0.00s
[2024-03-24T20:33:15.256+0800][2389.279s] GC(834) Pause Young (Normal) (G1 Evacuation Pause)
[2024-03-24T20:33:15.256+0800][2389.279s] GC(834) Using 8 workers of 8 for evacuation
[2024-03-24T20:33:15.260+0800][2389.283s] GC(834)   Pre Evacuate Collection Set: 0.3ms
[2024-03-24T20:33:15.260+0800][2389.283s] GC(834)   Merge Heap Roots: 0.1ms
[2024-03-24T20:33:15.260+0800][2389.283s] GC(834)   Evacuate Collection Set: 2.3ms
[2024-03-24T20:33:15.260+0800][2389.283s] GC(834)   Post Evacuate Collection Set: 0.6ms
[2024-03-24T20:33:15.260+0800][2389.283s] GC(834)   Other: 0.2ms
[2024-03-24T20:33:15.260+0800][2389.283s] GC(834) Eden regions: 305->0(305)
[2024-03-24T20:33:15.260+0800][2389.283s] GC(834) Survivor regions: 2->2(39)
[2024-03-24T20:33:15.260+0800][2389.283s] GC(834) Old regions: 56->56
[2024-03-24T20:33:15.260+0800][2389.283s] GC(834) Humongous regions: 4->4
[2024-03-24T20:33:15.260+0800][2389.283s] GC(834) Metaspace: 65922K(66688K)->65922K(66688K) NonClass: 58524K(58944K)->58524K(58944K) Class: 7397K(7744K)->7397K(7744K)
[2024-03-24T20:33:15.260+0800][2389.283s] GC(834) Pause Young (Normal) (G1 Evacuation Pause) 365M->61M(512M) 3.861ms
[2024-03-24T20:33:15.260+0800][2389.283s] GC(834) User=0.00s Sys=0.00s Real=0.00s
[2024-03-24T20:33:16.907+0800][2390.938s] GC(835) Pause Young (Normal) (G1 Evacuation Pause)
[2024-03-24T20:33:16.907+0800][2390.938s] GC(835) Using 8 workers of 8 for evacuation
[2024-03-24T20:33:16.919+0800][2390.942s] GC(835)   Pre Evacuate Collection Set: 0.3ms
[2024-03-24T20:33:16.919+0800][2390.942s] GC(835)   Merge Heap Roots: 0.2ms
[2024-03-24T20:33:16.919+0800][2390.942s] GC(835)   Evacuate Collection Set: 2.9ms
[2024-03-24T20:33:16.919+0800][2390.942s] GC(835)   Post Evacuate Collection Set: 0.5ms
[2024-03-24T20:33:16.919+0800][2390.942s] GC(835)   Other: 0.1ms
[2024-03-24T20:33:16.919+0800][2390.942s] GC(835) Eden regions: 305->0(305)
[2024-03-24T20:33:16.919+0800][2390.942s] GC(835) Survivor regions: 2->2(39)
[2024-03-24T20:33:16.919+0800][2390.942s] GC(835) Old regions: 56->56
[2024-03-24T20:33:16.919+0800][2390.942s] GC(835) Humongous regions: 4->4
[2024-03-24T20:33:16.919+0800][2390.942s] GC(835) Metaspace: 65922K(66688K)->65922K(66688K) NonClass: 58524K(58944K)->58524K(58944K) Class: 7397K(7744K)->7397K(7744K)
[2024-03-24T20:33:16.919+0800][2390.942s] GC(835) Pause Young (Normal) (G1 Evacuation Pause) 366M->61M(512M) 4.396ms
[2024-03-24T20:33:16.919+0800][2390.942s] GC(835) User=0.00s Sys=0.00s Real=0.01s
[2024-03-24T20:33:18.747+0800][2392.772s] GC(836) Pause Young (Normal) (G1 Evacuation Pause)
[2024-03-24T20:33:18.747+0800][2392.772s] GC(836) Using 8 workers of 8 for evacuation
[2024-03-24T20:33:18.751+0800][2392.777s] GC(836)   Pre Evacuate Collection Set: 0.5ms
[2024-03-24T20:33:18.751+0800][2392.777s] GC(836)   Merge Heap Roots: 0.1ms
[2024-03-24T20:33:18.751+0800][2392.777s] GC(836)   Evacuate Collection Set: 2.5ms
[2024-03-24T20:33:18.751+0800][2392.777s] GC(836)   Post Evacuate Collection Set: 0.9ms
[2024-03-24T20:33:18.751+0800][2392.777s] GC(836)   Other: 0.2ms
[2024-03-24T20:33:18.751+0800][2392.777s] GC(836) Eden regions: 305->0(305)
[2024-03-24T20:33:18.751+0800][2392.777s] GC(836) Survivor regions: 2->2(39)
[2024-03-24T20:33:18.751+0800][2392.777s] GC(836) Old regions: 56->56
[2024-03-24T20:33:18.751+0800][2392.777s] GC(836) Humongous regions: 4->4
[2024-03-24T20:33:18.751+0800][2392.777s] GC(836) Metaspace: 65922K(66688K)->65922K(66688K) NonClass: 58524K(58944K)->58524K(58944K) Class: 7397K(7744K)->7397K(7744K)
[2024-03-24T20:33:18.751+0800][2392.778s] GC(836) Pause Young (Normal) (G1 Evacuation Pause) 366M->60M(512M) 5.282ms
[2024-03-24T20:33:18.751+0800][2392.778s] GC(836) User=0.00s Sys=0.00s Real=0.00s
[2024-03-24T20:33:20.521+0800][2394.545s] GC(837) Pause Young (Normal) (G1 Evacuation Pause)
[2024-03-24T20:33:20.521+0800][2394.545s] GC(837) Using 8 workers of 8 for evacuation
[2024-03-24T20:33:20.524+0800][2394.547s] GC(837)   Pre Evacuate Collection Set: 0.1ms
[2024-03-24T20:33:20.524+0800][2394.547s] GC(837)   Merge Heap Roots: 0.1ms
[2024-03-24T20:33:20.524+0800][2394.547s] GC(837)   Evacuate Collection Set: 1.2ms
[2024-03-24T20:33:20.524+0800][2394.547s] GC(837)   Post Evacuate Collection Set: 0.4ms
[2024-03-24T20:33:20.524+0800][2394.547s] GC(837)   Other: 0.1ms
[2024-03-24T20:33:20.524+0800][2394.547s] GC(837) Eden regions: 305->0(305)
[2024-03-24T20:33:20.524+0800][2394.547s] GC(837) Survivor regions: 2->2(39)
[2024-03-24T20:33:20.524+0800][2394.547s] GC(837) Old regions: 56->56
[2024-03-24T20:33:20.524+0800][2394.547s] GC(837) Humongous regions: 4->4
[2024-03-24T20:33:20.524+0800][2394.547s] GC(837) Metaspace: 65922K(66688K)->65922K(66688K) NonClass: 58524K(58944K)->58524K(58944K) Class: 7397K(7744K)->7397K(7744K)
[2024-03-24T20:33:20.524+0800][2394.547s] GC(837) Pause Young (Normal) (G1 Evacuation Pause) 365M->61M(512M) 2.200ms
[2024-03-24T20:33:20.524+0800][2394.547s] GC(837) User=0.00s Sys=0.00s Real=0.00s
[2024-03-24T20:33:22.073+0800][2396.096s] GC(838) Pause Young (Normal) (G1 Evacuation Pause)
[2024-03-24T20:33:22.073+0800][2396.096s] GC(838) Using 8 workers of 8 for evacuation
[2024-03-24T20:33:22.073+0800][2396.099s] GC(838)   Pre Evacuate Collection Set: 0.3ms
[2024-03-24T20:33:22.073+0800][2396.099s] GC(838)   Merge Heap Roots: 0.1ms
[2024-03-24T20:33:22.073+0800][2396.099s] GC(838)   Evacuate Collection Set: 1.4ms
[2024-03-24T20:33:22.073+0800][2396.099s] GC(838)   Post Evacuate Collection Set: 0.7ms
[2024-03-24T20:33:22.073+0800][2396.099s] GC(838)   Other: 0.1ms
[2024-03-24T20:33:22.073+0800][2396.099s] GC(838) Eden regions: 305->0(305)
[2024-03-24T20:33:22.073+0800][2396.099s] GC(838) Survivor regions: 2->2(39)
[2024-03-24T20:33:22.073+0800][2396.099s] GC(838) Old regions: 56->56
[2024-03-24T20:33:22.073+0800][2396.099s] GC(838) Humongous regions: 4->4
[2024-03-24T20:33:22.073+0800][2396.099s] GC(838) Metaspace: 65922K(66688K)->65922K(66688K) NonClass: 58524K(58944K)->58524K(58944K) Class: 7397K(7744K)->7397K(7744K)
[2024-03-24T20:33:22.073+0800][2396.099s] GC(838) Pause Young (Normal) (G1 Evacuation Pause) 366M->61M(512M) 2.996ms
[2024-03-24T20:33:22.073+0800][2396.099s] GC(838) User=0.00s Sys=0.00s Real=0.00s
[2024-03-24T20:33:23.832+0800][2397.858s] GC(839) Pause Young (Normal) (G1 Evacuation Pause)
[2024-03-24T20:33:23.832+0800][2397.858s] GC(839) Using 8 workers of 8 for evacuation
[2024-03-24T20:33:23.832+0800][2397.861s] GC(839)   Pre Evacuate Collection Set: 0.3ms
[2024-03-24T20:33:23.832+0800][2397.861s] GC(839)   Merge Heap Roots: 0.1ms
[2024-03-24T20:33:23.832+0800][2397.861s] GC(839)   Evacuate Collection Set: 1.6ms
[2024-03-24T20:33:23.832+0800][2397.861s] GC(839)   Post Evacuate Collection Set: 0.6ms
[2024-03-24T20:33:23.832+0800][2397.861s] GC(839)   Other: 0.1ms
[2024-03-24T20:33:23.832+0800][2397.861s] GC(839) Eden regions: 305->0(305)
[2024-03-24T20:33:23.832+0800][2397.861s] GC(839) Survivor regions: 2->2(39)
[2024-03-24T20:33:23.832+0800][2397.861s] GC(839) Old regions: 56->56
[2024-03-24T20:33:23.832+0800][2397.861s] GC(839) Humongous regions: 4->4
[2024-03-24T20:33:23.832+0800][2397.861s] GC(839) Metaspace: 65922K(66688K)->65922K(66688K) NonClass: 58524K(58944K)->58524K(58944K) Class: 7397K(7744K)->7397K(7744K)
[2024-03-24T20:33:23.832+0800][2397.861s] GC(839) Pause Young (Normal) (G1 Evacuation Pause) 366M->61M(512M) 3.044ms
[2024-03-24T20:33:23.832+0800][2397.861s] GC(839) User=0.00s Sys=0.00s Real=0.00s
[2024-03-24T20:33:25.633+0800][2399.657s] GC(840) Pause Young (Normal) (G1 Evacuation Pause)
[2024-03-24T20:33:25.633+0800][2399.657s] GC(840) Using 8 workers of 8 for evacuation
[2024-03-24T20:33:25.635+0800][2399.659s] GC(840)   Pre Evacuate Collection Set: 0.2ms
[2024-03-24T20:33:25.635+0800][2399.660s] GC(840)   Merge Heap Roots: 0.1ms
[2024-03-24T20:33:25.635+0800][2399.660s] GC(840)   Evacuate Collection Set: 1.4ms
[2024-03-24T20:33:25.635+0800][2399.660s] GC(840)   Post Evacuate Collection Set: 0.7ms
[2024-03-24T20:33:25.635+0800][2399.660s] GC(840)   Other: 0.1ms
[2024-03-24T20:33:25.635+0800][2399.660s] GC(840) Eden regions: 305->0(305)
[2024-03-24T20:33:25.635+0800][2399.660s] GC(840) Survivor regions: 2->2(39)
[2024-03-24T20:33:25.635+0800][2399.660s] GC(840) Old regions: 56->56
[2024-03-24T20:33:25.635+0800][2399.660s] GC(840) Humongous regions: 4->4
[2024-03-24T20:33:25.635+0800][2399.660s] GC(840) Metaspace: 65922K(66688K)->65922K(66688K) NonClass: 58524K(58944K)->58524K(58944K) Class: 7397K(7744K)->7397K(7744K)
[2024-03-24T20:33:25.635+0800][2399.660s] GC(840) Pause Young (Normal) (G1 Evacuation Pause) 366M->61M(512M) 2.833ms
[2024-03-24T20:33:25.635+0800][2399.660s] GC(840) User=0.02s Sys=0.00s Real=0.00s
[2024-03-24T20:33:27.323+0800][2401.346s] GC(841) Pause Young (Normal) (G1 Evacuation Pause)
[2024-03-24T20:33:27.323+0800][2401.346s] GC(841) Using 8 workers of 8 for evacuation
[2024-03-24T20:33:27.326+0800][2401.349s] GC(841)   Pre Evacuate Collection Set: 0.4ms
[2024-03-24T20:33:27.326+0800][2401.350s] GC(841)   Merge Heap Roots: 0.1ms
[2024-03-24T20:33:27.326+0800][2401.350s] GC(841)   Evacuate Collection Set: 2.1ms
[2024-03-24T20:33:27.326+0800][2401.350s] GC(841)   Post Evacuate Collection Set: 1.1ms
[2024-03-24T20:33:27.326+0800][2401.350s] GC(841)   Other: 0.1ms
[2024-03-24T20:33:27.326+0800][2401.350s] GC(841) Eden regions: 305->0(305)
[2024-03-24T20:33:27.326+0800][2401.350s] GC(841) Survivor regions: 2->2(39)
[2024-03-24T20:33:27.326+0800][2401.350s] GC(841) Old regions: 56->56
[2024-03-24T20:33:27.327+0800][2401.350s] GC(841) Humongous regions: 4->4
[2024-03-24T20:33:27.327+0800][2401.350s] GC(841) Metaspace: 65922K(66688K)->65922K(66688K) NonClass: 58524K(58944K)->58524K(58944K) Class: 7397K(7744K)->7397K(7744K)
[2024-03-24T20:33:27.327+0800][2401.350s] GC(841) Pause Young (Normal) (G1 Evacuation Pause) 366M->61M(512M) 4.066ms
[2024-03-24T20:33:27.327+0800][2401.350s] GC(841) User=0.00s Sys=0.00s Real=0.00s
[2024-03-24T20:33:29.096+0800][2403.125s] GC(842) Pause Young (Normal) (G1 Evacuation Pause)
[2024-03-24T20:33:29.096+0800][2403.125s] GC(842) Using 8 workers of 8 for evacuation
[2024-03-24T20:33:29.096+0800][2403.127s] GC(842)   Pre Evacuate Collection Set: 0.2ms
[2024-03-24T20:33:29.096+0800][2403.127s] GC(842)   Merge Heap Roots: 0.1ms
[2024-03-24T20:33:29.096+0800][2403.127s] GC(842)   Evacuate Collection Set: 1.3ms
[2024-03-24T20:33:29.096+0800][2403.127s] GC(842)   Post Evacuate Collection Set: 0.6ms
[2024-03-24T20:33:29.096+0800][2403.127s] GC(842)   Other: 0.2ms
[2024-03-24T20:33:29.096+0800][2403.127s] GC(842) Eden regions: 305->0(305)
[2024-03-24T20:33:29.096+0800][2403.127s] GC(842) Survivor regions: 2->2(39)
[2024-03-24T20:33:29.096+0800][2403.127s] GC(842) Old regions: 56->56
[2024-03-24T20:33:29.096+0800][2403.127s] GC(842) Humongous regions: 4->4
[2024-03-24T20:33:29.096+0800][2403.127s] GC(842) Metaspace: 65922K(66688K)->65922K(66688K) NonClass: 58524K(58944K)->58524K(58944K) Class: 7397K(7744K)->7397K(7744K)
[2024-03-24T20:33:29.096+0800][2403.127s] GC(842) Pause Young (Normal) (G1 Evacuation Pause) 366M->61M(512M) 2.749ms
[2024-03-24T20:33:29.096+0800][2403.127s] GC(842) User=0.00s Sys=0.00s Real=0.00s
[2024-03-24T20:33:30.774+0800][2404.798s] GC(843) Pause Young (Normal) (G1 Evacuation Pause)
[2024-03-24T20:33:30.776+0800][2404.799s] GC(843) Using 8 workers of 8 for evacuation
[2024-03-24T20:33:30.779+0800][2404.802s] GC(843)   Pre Evacuate Collection Set: 0.3ms
[2024-03-24T20:33:30.779+0800][2404.803s] GC(843)   Merge Heap Roots: 0.2ms
[2024-03-24T20:33:30.779+0800][2404.803s] GC(843)   Evacuate Collection Set: 2.1ms
[2024-03-24T20:33:30.779+0800][2404.803s] GC(843)   Post Evacuate Collection Set: 1.1ms
[2024-03-24T20:33:30.779+0800][2404.803s] GC(843)   Other: 0.2ms
[2024-03-24T20:33:30.779+0800][2404.803s] GC(843) Eden regions: 305->0(305)
[2024-03-24T20:33:30.779+0800][2404.803s] GC(843) Survivor regions: 2->2(39)
[2024-03-24T20:33:30.779+0800][2404.803s] GC(843) Old regions: 56->56
[2024-03-24T20:33:30.779+0800][2404.803s] GC(843) Humongous regions: 4->4
[2024-03-24T20:33:30.779+0800][2404.803s] GC(843) Metaspace: 65922K(66688K)->65922K(66688K) NonClass: 58524K(58944K)->58524K(58944K) Class: 7397K(7744K)->7397K(7744K)
[2024-03-24T20:33:30.779+0800][2404.803s] GC(843) Pause Young (Normal) (G1 Evacuation Pause) 366M->60M(512M) 4.454ms
[2024-03-24T20:33:30.779+0800][2404.803s] GC(843) User=0.00s Sys=0.00s Real=0.01s
[2024-03-24T20:33:32.543+0800][2406.568s] GC(844) Pause Young (Normal) (G1 Evacuation Pause)
[2024-03-24T20:33:32.543+0800][2406.568s] GC(844) Using 8 workers of 8 for evacuation
[2024-03-24T20:33:32.547+0800][2406.571s] GC(844)   Pre Evacuate Collection Set: 0.3ms
[2024-03-24T20:33:32.547+0800][2406.571s] GC(844)   Merge Heap Roots: 0.1ms
[2024-03-24T20:33:32.547+0800][2406.571s] GC(844)   Evacuate Collection Set: 1.3ms
[2024-03-24T20:33:32.547+0800][2406.571s] GC(844)   Post Evacuate Collection Set: 0.8ms
[2024-03-24T20:33:32.547+0800][2406.571s] GC(844)   Other: 0.1ms
[2024-03-24T20:33:32.547+0800][2406.571s] GC(844) Eden regions: 305->0(305)
[2024-03-24T20:33:32.547+0800][2406.571s] GC(844) Survivor regions: 2->2(39)
[2024-03-24T20:33:32.547+0800][2406.571s] GC(844) Old regions: 56->56
[2024-03-24T20:33:32.547+0800][2406.571s] GC(844) Humongous regions: 4->4
[2024-03-24T20:33:32.547+0800][2406.571s] GC(844) Metaspace: 65922K(66688K)->65922K(66688K) NonClass: 58524K(58944K)->58524K(58944K) Class: 7397K(7744K)->7397K(7744K)
[2024-03-24T20:33:32.547+0800][2406.571s] GC(844) Pause Young (Normal) (G1 Evacuation Pause) 365M->61M(512M) 3.636ms
[2024-03-24T20:33:32.549+0800][2406.572s] GC(844) User=0.00s Sys=0.00s Real=0.01s
[2024-03-24T20:33:34.350+0800][2408.379s] GC(845) Pause Young (Normal) (G1 Evacuation Pause)
[2024-03-24T20:33:34.350+0800][2408.379s] GC(845) Using 8 workers of 8 for evacuation
[2024-03-24T20:33:34.359+0800][2408.383s] GC(845)   Pre Evacuate Collection Set: 0.4ms
[2024-03-24T20:33:34.359+0800][2408.383s] GC(845)   Merge Heap Roots: 0.2ms
[2024-03-24T20:33:34.359+0800][2408.383s] GC(845)   Evacuate Collection Set: 2.1ms
[2024-03-24T20:33:34.359+0800][2408.383s] GC(845)   Post Evacuate Collection Set: 1.0ms
[2024-03-24T20:33:34.359+0800][2408.383s] GC(845)   Other: 0.1ms
[2024-03-24T20:33:34.359+0800][2408.383s] GC(845) Eden regions: 305->0(305)
[2024-03-24T20:33:34.359+0800][2408.383s] GC(845) Survivor regions: 2->2(39)
[2024-03-24T20:33:34.359+0800][2408.383s] GC(845) Old regions: 56->56
[2024-03-24T20:33:34.359+0800][2408.383s] GC(845) Humongous regions: 4->4
[2024-03-24T20:33:34.359+0800][2408.383s] GC(845) Metaspace: 65922K(66688K)->65922K(66688K) NonClass: 58524K(58944K)->58524K(58944K) Class: 7397K(7744K)->7397K(7744K)
[2024-03-24T20:33:34.359+0800][2408.383s] GC(845) Pause Young (Normal) (G1 Evacuation Pause) 366M->61M(512M) 4.350ms
[2024-03-24T20:33:34.359+0800][2408.383s] GC(845) User=0.02s Sys=0.00s Real=0.01s
[2024-03-24T20:33:36.080+0800][2410.110s] GC(846) Pause Young (Normal) (G1 Evacuation Pause)
[2024-03-24T20:33:36.080+0800][2410.110s] GC(846) Using 8 workers of 8 for evacuation
[2024-03-24T20:33:36.090+0800][2410.113s] GC(846)   Pre Evacuate Collection Set: 0.3ms
[2024-03-24T20:33:36.090+0800][2410.113s] GC(846)   Merge Heap Roots: 0.1ms
[2024-03-24T20:33:36.090+0800][2410.113s] GC(846)   Evacuate Collection Set: 1.7ms
[2024-03-24T20:33:36.090+0800][2410.113s] GC(846)   Post Evacuate Collection Set: 0.8ms
[2024-03-24T20:33:36.090+0800][2410.113s] GC(846)   Other: 0.1ms
[2024-03-24T20:33:36.090+0800][2410.113s] GC(846) Eden regions: 305->0(305)
[2024-03-24T20:33:36.090+0800][2410.113s] GC(846) Survivor regions: 2->2(39)
[2024-03-24T20:33:36.090+0800][2410.113s] GC(846) Old regions: 56->56
[2024-03-24T20:33:36.090+0800][2410.113s] GC(846) Humongous regions: 4->4
[2024-03-24T20:33:36.090+0800][2410.113s] GC(846) Metaspace: 65922K(66688K)->65922K(66688K) NonClass: 58524K(58944K)->58524K(58944K) Class: 7397K(7744K)->7397K(7744K)
[2024-03-24T20:33:36.090+0800][2410.113s] GC(846) Pause Young (Normal) (G1 Evacuation Pause) 366M->61M(512M) 3.594ms
[2024-03-24T20:33:36.090+0800][2410.113s] GC(846) User=0.00s Sys=0.00s Real=0.01s
[2024-03-24T20:33:37.864+0800][2411.893s] GC(847) Pause Young (Normal) (G1 Evacuation Pause)
[2024-03-24T20:33:37.864+0800][2411.893s] GC(847) Using 8 workers of 8 for evacuation
[2024-03-24T20:33:37.874+0800][2411.896s] GC(847)   Pre Evacuate Collection Set: 0.4ms
[2024-03-24T20:33:37.874+0800][2411.897s] GC(847)   Merge Heap Roots: 0.2ms
[2024-03-24T20:33:37.874+0800][2411.897s] GC(847)   Evacuate Collection Set: 2.2ms
[2024-03-24T20:33:37.874+0800][2411.897s] GC(847)   Post Evacuate Collection Set: 0.8ms
[2024-03-24T20:33:37.874+0800][2411.897s] GC(847)   Other: 0.1ms
[2024-03-24T20:33:37.874+0800][2411.897s] GC(847) Eden regions: 305->0(305)
[2024-03-24T20:33:37.874+0800][2411.897s] GC(847) Survivor regions: 2->2(39)
[2024-03-24T20:33:37.874+0800][2411.897s] GC(847) Old regions: 56->56
[2024-03-24T20:33:37.874+0800][2411.897s] GC(847) Humongous regions: 4->4
[2024-03-24T20:33:37.874+0800][2411.897s] GC(847) Metaspace: 65922K(66688K)->65922K(66688K) NonClass: 58524K(58944K)->58524K(58944K) Class: 7397K(7744K)->7397K(7744K)
[2024-03-24T20:33:37.874+0800][2411.897s] GC(847) Pause Young (Normal) (G1 Evacuation Pause) 366M->61M(512M) 4.190ms
[2024-03-24T20:33:37.874+0800][2411.897s] GC(847) User=0.00s Sys=0.00s Real=0.01s
[2024-03-24T20:33:39.644+0800][2413.669s] GC(848) Pause Young (Normal) (G1 Evacuation Pause)
[2024-03-24T20:33:39.644+0800][2413.669s] GC(848) Using 8 workers of 8 for evacuation
[2024-03-24T20:33:39.644+0800][2413.673s] GC(848)   Pre Evacuate Collection Set: 0.2ms
[2024-03-24T20:33:39.644+0800][2413.673s] GC(848)   Merge Heap Roots: 0.1ms
[2024-03-24T20:33:39.644+0800][2413.673s] GC(848)   Evacuate Collection Set: 2.8ms
[2024-03-24T20:33:39.644+0800][2413.673s] GC(848)   Post Evacuate Collection Set: 0.6ms
[2024-03-24T20:33:39.644+0800][2413.673s] GC(848)   Other: 0.1ms
[2024-03-24T20:33:39.644+0800][2413.673s] GC(848) Eden regions: 305->0(305)
[2024-03-24T20:33:39.644+0800][2413.673s] GC(848) Survivor regions: 2->2(39)
[2024-03-24T20:33:39.644+0800][2413.673s] GC(848) Old regions: 56->56
[2024-03-24T20:33:39.644+0800][2413.673s] GC(848) Humongous regions: 4->4
[2024-03-24T20:33:39.644+0800][2413.673s] GC(848) Metaspace: 65922K(66688K)->65922K(66688K) NonClass: 58524K(58944K)->58524K(58944K) Class: 7397K(7744K)->7397K(7744K)
[2024-03-24T20:33:39.644+0800][2413.673s] GC(848) Pause Young (Normal) (G1 Evacuation Pause) 366M->61M(512M) 4.323ms
[2024-03-24T20:33:39.644+0800][2413.673s] GC(848) User=0.00s Sys=0.00s Real=0.00s
[2024-03-24T20:33:41.234+0800][2415.262s] GC(849) Pause Young (Normal) (G1 Evacuation Pause)
[2024-03-24T20:33:41.234+0800][2415.262s] GC(849) Using 8 workers of 8 for evacuation
[2024-03-24T20:33:41.242+0800][2415.265s] GC(849)   Pre Evacuate Collection Set: 0.2ms
[2024-03-24T20:33:41.242+0800][2415.265s] GC(849)   Merge Heap Roots: 0.1ms
[2024-03-24T20:33:41.242+0800][2415.265s] GC(849)   Evacuate Collection Set: 1.8ms
[2024-03-24T20:33:41.242+0800][2415.265s] GC(849)   Post Evacuate Collection Set: 0.7ms
[2024-03-24T20:33:41.242+0800][2415.265s] GC(849)   Other: 0.1ms
[2024-03-24T20:33:41.242+0800][2415.265s] GC(849) Eden regions: 305->0(305)
[2024-03-24T20:33:41.242+0800][2415.265s] GC(849) Survivor regions: 2->2(39)
[2024-03-24T20:33:41.242+0800][2415.265s] GC(849) Old regions: 56->56
[2024-03-24T20:33:41.242+0800][2415.265s] GC(849) Humongous regions: 4->4
[2024-03-24T20:33:41.242+0800][2415.265s] GC(849) Metaspace: 65922K(66688K)->65922K(66688K) NonClass: 58524K(58944K)->58524K(58944K) Class: 7397K(7744K)->7397K(7744K)
[2024-03-24T20:33:41.242+0800][2415.265s] GC(849) Pause Young (Normal) (G1 Evacuation Pause) 366M->61M(512M) 3.297ms
[2024-03-24T20:33:41.242+0800][2415.265s] GC(849) User=0.00s Sys=0.00s Real=0.01s
[2024-03-24T20:33:42.914+0800][2416.936s] GC(850) Pause Young (Normal) (G1 Evacuation Pause)
[2024-03-24T20:33:42.914+0800][2416.937s] GC(850) Using 8 workers of 8 for evacuation
[2024-03-24T20:33:42.914+0800][2416.939s] GC(850)   Pre Evacuate Collection Set: 0.3ms
[2024-03-24T20:33:42.914+0800][2416.939s] GC(850)   Merge Heap Roots: 0.1ms
[2024-03-24T20:33:42.914+0800][2416.939s] GC(850)   Evacuate Collection Set: 1.3ms
[2024-03-24T20:33:42.914+0800][2416.939s] GC(850)   Post Evacuate Collection Set: 0.7ms
[2024-03-24T20:33:42.914+0800][2416.939s] GC(850)   Other: 0.1ms
[2024-03-24T20:33:42.914+0800][2416.939s] GC(850) Eden regions: 305->0(305)
[2024-03-24T20:33:42.914+0800][2416.939s] GC(850) Survivor regions: 2->2(39)
[2024-03-24T20:33:42.914+0800][2416.939s] GC(850) Old regions: 56->57
[2024-03-24T20:33:42.914+0800][2416.940s] GC(850) Humongous regions: 4->4
[2024-03-24T20:33:42.914+0800][2416.940s] GC(850) Metaspace: 65922K(66688K)->65922K(66688K) NonClass: 58524K(58944K)->58524K(58944K) Class: 7397K(7744K)->7397K(7744K)
[2024-03-24T20:33:42.914+0800][2416.940s] GC(850) Pause Young (Normal) (G1 Evacuation Pause) 366M->61M(512M) 3.087ms
[2024-03-24T20:33:42.914+0800][2416.940s] GC(850) User=0.00s Sys=0.00s Real=0.00s
[2024-03-24T20:33:44.720+0800][2418.744s] GC(851) Pause Young (Normal) (G1 Evacuation Pause)
[2024-03-24T20:33:44.720+0800][2418.744s] GC(851) Using 8 workers of 8 for evacuation
[2024-03-24T20:33:44.720+0800][2418.748s] GC(851)   Pre Evacuate Collection Set: 0.2ms
[2024-03-24T20:33:44.720+0800][2418.748s] GC(851)   Merge Heap Roots: 0.2ms
[2024-03-24T20:33:44.720+0800][2418.748s] GC(851)   Evacuate Collection Set: 2.0ms
[2024-03-24T20:33:44.720+0800][2418.748s] GC(851)   Post Evacuate Collection Set: 0.9ms
[2024-03-24T20:33:44.720+0800][2418.748s] GC(851)   Other: 0.1ms
[2024-03-24T20:33:44.720+0800][2418.748s] GC(851) Eden regions: 305->0(305)
[2024-03-24T20:33:44.720+0800][2418.748s] GC(851) Survivor regions: 2->2(39)
[2024-03-24T20:33:44.720+0800][2418.748s] GC(851) Old regions: 57->57
[2024-03-24T20:33:44.720+0800][2418.748s] GC(851) Humongous regions: 4->4
[2024-03-24T20:33:44.720+0800][2418.748s] GC(851) Metaspace: 65922K(66688K)->65922K(66688K) NonClass: 58524K(58944K)->58524K(58944K) Class: 7397K(7744K)->7397K(7744K)
[2024-03-24T20:33:44.720+0800][2418.748s] GC(851) Pause Young (Normal) (G1 Evacuation Pause) 366M->61M(512M) 3.933ms
[2024-03-24T20:33:44.720+0800][2418.748s] GC(851) User=0.00s Sys=0.00s Real=0.00s
[2024-03-24T20:33:46.309+0800][2420.332s] GC(852) Pause Young (Normal) (G1 Evacuation Pause)
[2024-03-24T20:33:46.309+0800][2420.332s] GC(852) Using 8 workers of 8 for evacuation
[2024-03-24T20:33:46.309+0800][2420.334s] GC(852)   Pre Evacuate Collection Set: 0.3ms
[2024-03-24T20:33:46.309+0800][2420.334s] GC(852)   Merge Heap Roots: 0.1ms
[2024-03-24T20:33:46.309+0800][2420.334s] GC(852)   Evacuate Collection Set: 1.2ms
[2024-03-24T20:33:46.309+0800][2420.334s] GC(852)   Post Evacuate Collection Set: 0.6ms
[2024-03-24T20:33:46.309+0800][2420.334s] GC(852)   Other: 0.1ms
[2024-03-24T20:33:46.309+0800][2420.334s] GC(852) Eden regions: 305->0(305)
[2024-03-24T20:33:46.309+0800][2420.334s] GC(852) Survivor regions: 2->2(39)
[2024-03-24T20:33:46.309+0800][2420.334s] GC(852) Old regions: 57->57
[2024-03-24T20:33:46.309+0800][2420.334s] GC(852) Humongous regions: 4->4
[2024-03-24T20:33:46.309+0800][2420.334s] GC(852) Metaspace: 65922K(66688K)->65922K(66688K) NonClass: 58524K(58944K)->58524K(58944K) Class: 7397K(7744K)->7397K(7744K)
[2024-03-24T20:33:46.309+0800][2420.334s] GC(852) Pause Young (Normal) (G1 Evacuation Pause) 366M->61M(512M) 2.777ms
[2024-03-24T20:33:46.309+0800][2420.334s] GC(852) User=0.00s Sys=0.00s Real=0.00s
[2024-03-24T20:33:48.081+0800][2422.104s] GC(853) Pause Young (Normal) (G1 Evacuation Pause)
[2024-03-24T20:33:48.081+0800][2422.104s] GC(853) Using 8 workers of 8 for evacuation
[2024-03-24T20:33:48.084+0800][2422.107s] GC(853)   Pre Evacuate Collection Set: 0.3ms
[2024-03-24T20:33:48.084+0800][2422.107s] GC(853)   Merge Heap Roots: 0.1ms
[2024-03-24T20:33:48.084+0800][2422.107s] GC(853)   Evacuate Collection Set: 1.9ms
[2024-03-24T20:33:48.084+0800][2422.107s] GC(853)   Post Evacuate Collection Set: 0.7ms
[2024-03-24T20:33:48.084+0800][2422.107s] GC(853)   Other: 0.2ms
[2024-03-24T20:33:48.084+0800][2422.107s] GC(853) Eden regions: 305->0(305)
[2024-03-24T20:33:48.084+0800][2422.107s] GC(853) Survivor regions: 2->2(39)
[2024-03-24T20:33:48.084+0800][2422.107s] GC(853) Old regions: 57->57
[2024-03-24T20:33:48.084+0800][2422.107s] GC(853) Humongous regions: 4->4
[2024-03-24T20:33:48.084+0800][2422.107s] GC(853) Metaspace: 65922K(66688K)->65922K(66688K) NonClass: 58524K(58944K)->58524K(58944K) Class: 7397K(7744K)->7397K(7744K)
[2024-03-24T20:33:48.084+0800][2422.107s] GC(853) Pause Young (Normal) (G1 Evacuation Pause) 366M->61M(512M) 3.548ms
[2024-03-24T20:33:48.084+0800][2422.107s] GC(853) User=0.00s Sys=0.00s Real=0.00s
[2024-03-24T20:33:49.894+0800][2423.923s] GC(854) Pause Young (Normal) (G1 Evacuation Pause)
[2024-03-24T20:33:49.894+0800][2423.923s] GC(854) Using 8 workers of 8 for evacuation
[2024-03-24T20:33:49.903+0800][2423.926s] GC(854)   Pre Evacuate Collection Set: 0.3ms
[2024-03-24T20:33:49.903+0800][2423.927s] GC(854)   Merge Heap Roots: 0.2ms
[2024-03-24T20:33:49.904+0800][2423.927s] GC(854)   Evacuate Collection Set: 2.2ms
[2024-03-24T20:33:49.904+0800][2423.927s] GC(854)   Post Evacuate Collection Set: 0.6ms
[2024-03-24T20:33:49.904+0800][2423.927s] GC(854)   Other: 0.1ms
[2024-03-24T20:33:49.904+0800][2423.927s] GC(854) Eden regions: 305->0(305)
[2024-03-24T20:33:49.904+0800][2423.927s] GC(854) Survivor regions: 2->2(39)
[2024-03-24T20:33:49.904+0800][2423.927s] GC(854) Old regions: 57->57
[2024-03-24T20:33:49.904+0800][2423.927s] GC(854) Humongous regions: 4->4
[2024-03-24T20:33:49.904+0800][2423.927s] GC(854) Metaspace: 65922K(66688K)->65922K(66688K) NonClass: 58524K(58944K)->58524K(58944K) Class: 7397K(7744K)->7397K(7744K)
[2024-03-24T20:33:49.904+0800][2423.927s] GC(854) Pause Young (Normal) (G1 Evacuation Pause) 366M->61M(512M) 3.786ms
[2024-03-24T20:33:49.904+0800][2423.927s] GC(854) User=0.02s Sys=0.00s Real=0.01s
[2024-03-24T20:33:51.649+0800][2425.673s] GC(855) Pause Young (Normal) (G1 Evacuation Pause)
[2024-03-24T20:33:51.651+0800][2425.673s] GC(855) Using 8 workers of 8 for evacuation
[2024-03-24T20:33:51.651+0800][2425.677s] GC(855)   Pre Evacuate Collection Set: 0.3ms
[2024-03-24T20:33:51.651+0800][2425.677s] GC(855)   Merge Heap Roots: 0.1ms
[2024-03-24T20:33:51.651+0800][2425.677s] GC(855)   Evacuate Collection Set: 1.5ms
[2024-03-24T20:33:51.651+0800][2425.677s] GC(855)   Post Evacuate Collection Set: 1.0ms
[2024-03-24T20:33:51.651+0800][2425.677s] GC(855)   Other: 0.3ms
[2024-03-24T20:33:51.651+0800][2425.677s] GC(855) Eden regions: 305->0(305)
[2024-03-24T20:33:51.651+0800][2425.677s] GC(855) Survivor regions: 2->2(39)
[2024-03-24T20:33:51.651+0800][2425.677s] GC(855) Old regions: 57->57
[2024-03-24T20:33:51.651+0800][2425.677s] GC(855) Humongous regions: 4->4
[2024-03-24T20:33:51.651+0800][2425.677s] GC(855) Metaspace: 65922K(66688K)->65922K(66688K) NonClass: 58524K(58944K)->58524K(58944K) Class: 7397K(7744K)->7397K(7744K)
[2024-03-24T20:33:51.651+0800][2425.677s] GC(855) Pause Young (Normal) (G1 Evacuation Pause) 366M->61M(512M) 3.817ms
[2024-03-24T20:33:51.651+0800][2425.677s] GC(855) User=0.00s Sys=0.02s Real=0.00s
[2024-03-24T20:33:53.435+0800][2427.463s] GC(856) Pause Young (Normal) (G1 Evacuation Pause)
[2024-03-24T20:33:53.435+0800][2427.463s] GC(856) Using 8 workers of 8 for evacuation
[2024-03-24T20:33:53.443+0800][2427.466s] GC(856)   Pre Evacuate Collection Set: 0.3ms
[2024-03-24T20:33:53.443+0800][2427.466s] GC(856)   Merge Heap Roots: 0.1ms
[2024-03-24T20:33:53.443+0800][2427.466s] GC(856)   Evacuate Collection Set: 1.4ms
[2024-03-24T20:33:53.443+0800][2427.466s] GC(856)   Post Evacuate Collection Set: 0.6ms
[2024-03-24T20:33:53.443+0800][2427.466s] GC(856)   Other: 0.1ms
[2024-03-24T20:33:53.443+0800][2427.466s] GC(856) Eden regions: 305->0(305)
[2024-03-24T20:33:53.443+0800][2427.466s] GC(856) Survivor regions: 2->2(39)
[2024-03-24T20:33:53.443+0800][2427.466s] GC(856) Old regions: 57->57
[2024-03-24T20:33:53.443+0800][2427.466s] GC(856) Humongous regions: 4->4
[2024-03-24T20:33:53.443+0800][2427.466s] GC(856) Metaspace: 65922K(66688K)->65922K(66688K) NonClass: 58524K(58944K)->58524K(58944K) Class: 7397K(7744K)->7397K(7744K)
[2024-03-24T20:33:53.443+0800][2427.466s] GC(856) Pause Young (Normal) (G1 Evacuation Pause) 366M->61M(512M) 2.750ms
[2024-03-24T20:33:53.443+0800][2427.466s] GC(856) User=0.00s Sys=0.00s Real=0.01s
[2024-03-24T20:33:55.227+0800][2429.255s] GC(857) Pause Young (Normal) (G1 Evacuation Pause)
[2024-03-24T20:33:55.227+0800][2429.255s] GC(857) Using 8 workers of 8 for evacuation
[2024-03-24T20:33:55.235+0800][2429.257s] GC(857)   Pre Evacuate Collection Set: 0.3ms
[2024-03-24T20:33:55.235+0800][2429.258s] GC(857)   Merge Heap Roots: 0.2ms
[2024-03-24T20:33:55.235+0800][2429.258s] GC(857)   Evacuate Collection Set: 1.5ms
[2024-03-24T20:33:55.235+0800][2429.258s] GC(857)   Post Evacuate Collection Set: 0.6ms
[2024-03-24T20:33:55.235+0800][2429.258s] GC(857)   Other: 0.1ms
[2024-03-24T20:33:55.235+0800][2429.258s] GC(857) Eden regions: 305->0(305)
[2024-03-24T20:33:55.235+0800][2429.258s] GC(857) Survivor regions: 2->2(39)
[2024-03-24T20:33:55.235+0800][2429.258s] GC(857) Old regions: 57->57
[2024-03-24T20:33:55.235+0800][2429.258s] GC(857) Humongous regions: 4->4
[2024-03-24T20:33:55.235+0800][2429.258s] GC(857) Metaspace: 65922K(66688K)->65922K(66688K) NonClass: 58524K(58944K)->58524K(58944K) Class: 7397K(7744K)->7397K(7744K)
[2024-03-24T20:33:55.235+0800][2429.258s] GC(857) Pause Young (Normal) (G1 Evacuation Pause) 366M->61M(512M) 2.995ms
[2024-03-24T20:33:55.235+0800][2429.258s] GC(857) User=0.03s Sys=0.00s Real=0.01s
[2024-03-24T20:33:57.040+0800][2431.063s] GC(858) Pause Young (Normal) (G1 Evacuation Pause)
[2024-03-24T20:33:57.040+0800][2431.063s] GC(858) Using 8 workers of 8 for evacuation
[2024-03-24T20:33:57.042+0800][2431.066s] GC(858)   Pre Evacuate Collection Set: 0.2ms
[2024-03-24T20:33:57.042+0800][2431.066s] GC(858)   Merge Heap Roots: 0.2ms
[2024-03-24T20:33:57.042+0800][2431.066s] GC(858)   Evacuate Collection Set: 1.6ms
[2024-03-24T20:33:57.042+0800][2431.066s] GC(858)   Post Evacuate Collection Set: 0.6ms
[2024-03-24T20:33:57.042+0800][2431.066s] GC(858)   Other: 0.1ms
[2024-03-24T20:33:57.042+0800][2431.066s] GC(858) Eden regions: 305->0(305)
[2024-03-24T20:33:57.042+0800][2431.066s] GC(858) Survivor regions: 2->2(39)
[2024-03-24T20:33:57.042+0800][2431.066s] GC(858) Old regions: 57->57
[2024-03-24T20:33:57.042+0800][2431.066s] GC(858) Humongous regions: 4->4
[2024-03-24T20:33:57.042+0800][2431.066s] GC(858) Metaspace: 65922K(66688K)->65922K(66688K) NonClass: 58524K(58944K)->58524K(58944K) Class: 7397K(7744K)->7397K(7744K)
[2024-03-24T20:33:57.042+0800][2431.066s] GC(858) Pause Young (Normal) (G1 Evacuation Pause) 366M->61M(512M) 2.914ms
[2024-03-24T20:33:57.043+0800][2431.066s] GC(858) User=0.00s Sys=0.00s Real=0.00s
[2024-03-24T20:33:58.788+0800][2432.815s] GC(859) Pause Young (Normal) (G1 Evacuation Pause)
[2024-03-24T20:33:58.788+0800][2432.815s] GC(859) Using 8 workers of 8 for evacuation
[2024-03-24T20:33:58.788+0800][2432.820s] GC(859)   Pre Evacuate Collection Set: 0.5ms
[2024-03-24T20:33:58.788+0800][2432.820s] GC(859)   Merge Heap Roots: 0.2ms
[2024-03-24T20:33:58.788+0800][2432.820s] GC(859)   Evacuate Collection Set: 3.2ms
[2024-03-24T20:33:58.788+0800][2432.820s] GC(859)   Post Evacuate Collection Set: 1.1ms
[2024-03-24T20:33:58.788+0800][2432.820s] GC(859)   Other: 0.2ms
[2024-03-24T20:33:58.788+0800][2432.820s] GC(859) Eden regions: 305->0(305)
[2024-03-24T20:33:58.788+0800][2432.820s] GC(859) Survivor regions: 2->2(39)
[2024-03-24T20:33:58.788+0800][2432.820s] GC(859) Old regions: 57->57
[2024-03-24T20:33:58.788+0800][2432.820s] GC(859) Humongous regions: 4->4
[2024-03-24T20:33:58.788+0800][2432.820s] GC(859) Metaspace: 65922K(66688K)->65922K(66688K) NonClass: 58524K(58944K)->58524K(58944K) Class: 7397K(7744K)->7397K(7744K)
[2024-03-24T20:33:58.788+0800][2432.820s] GC(859) Pause Young (Normal) (G1 Evacuation Pause) 366M->61M(512M) 5.773ms
[2024-03-24T20:33:58.788+0800][2432.820s] GC(859) User=0.00s Sys=0.00s Real=0.00s
[2024-03-24T20:34:00.633+0800][2434.658s] GC(860) Pause Young (Normal) (G1 Evacuation Pause)
[2024-03-24T20:34:00.633+0800][2434.658s] GC(860) Using 8 workers of 8 for evacuation
[2024-03-24T20:34:00.633+0800][2434.662s] GC(860)   Pre Evacuate Collection Set: 0.7ms
[2024-03-24T20:34:00.633+0800][2434.662s] GC(860)   Merge Heap Roots: 0.2ms
[2024-03-24T20:34:00.633+0800][2434.663s] GC(860)   Evacuate Collection Set: 1.9ms
[2024-03-24T20:34:00.633+0800][2434.663s] GC(860)   Post Evacuate Collection Set: 1.0ms
[2024-03-24T20:34:00.633+0800][2434.663s] GC(860)   Other: 0.3ms
[2024-03-24T20:34:00.633+0800][2434.663s] GC(860) Eden regions: 305->0(305)
[2024-03-24T20:34:00.633+0800][2434.663s] GC(860) Survivor regions: 2->2(39)
[2024-03-24T20:34:00.633+0800][2434.663s] GC(860) Old regions: 57->57
[2024-03-24T20:34:00.633+0800][2434.663s] GC(860) Humongous regions: 4->4
[2024-03-24T20:34:00.633+0800][2434.663s] GC(860) Metaspace: 65922K(66688K)->65922K(66688K) NonClass: 58524K(58944K)->58524K(58944K) Class: 7397K(7744K)->7397K(7744K)
[2024-03-24T20:34:00.633+0800][2434.663s] GC(860) Pause Young (Normal) (G1 Evacuation Pause) 366M->61M(512M) 4.894ms
[2024-03-24T20:34:00.633+0800][2434.663s] GC(860) User=0.00s Sys=0.00s Real=0.00s
[2024-03-24T20:34:02.347+0800][2436.379s] GC(861) Pause Young (Normal) (G1 Evacuation Pause)
[2024-03-24T20:34:02.347+0800][2436.379s] GC(861) Using 8 workers of 8 for evacuation
[2024-03-24T20:34:02.357+0800][2436.383s] GC(861)   Pre Evacuate Collection Set: 0.3ms
[2024-03-24T20:34:02.357+0800][2436.383s] GC(861)   Merge Heap Roots: 0.2ms
[2024-03-24T20:34:02.357+0800][2436.383s] GC(861)   Evacuate Collection Set: 2.2ms
[2024-03-24T20:34:02.357+0800][2436.383s] GC(861)   Post Evacuate Collection Set: 0.9ms
[2024-03-24T20:34:02.357+0800][2436.383s] GC(861)   Other: 0.1ms
[2024-03-24T20:34:02.357+0800][2436.383s] GC(861) Eden regions: 305->0(305)
[2024-03-24T20:34:02.357+0800][2436.383s] GC(861) Survivor regions: 2->2(39)
[2024-03-24T20:34:02.357+0800][2436.383s] GC(861) Old regions: 57->57
[2024-03-24T20:34:02.357+0800][2436.383s] GC(861) Humongous regions: 4->4
[2024-03-24T20:34:02.357+0800][2436.383s] GC(861) Metaspace: 65922K(66688K)->65922K(66688K) NonClass: 58524K(58944K)->58524K(58944K) Class: 7397K(7744K)->7397K(7744K)
[2024-03-24T20:34:02.357+0800][2436.383s] GC(861) Pause Young (Normal) (G1 Evacuation Pause) 366M->61M(512M) 4.287ms
[2024-03-24T20:34:02.357+0800][2436.384s] GC(861) User=0.02s Sys=0.02s Real=0.01s
[2024-03-24T20:34:04.099+0800][2438.131s] GC(862) Pause Young (Normal) (G1 Evacuation Pause)
[2024-03-24T20:34:04.099+0800][2438.131s] GC(862) Using 8 workers of 8 for evacuation
[2024-03-24T20:34:04.112+0800][2438.135s] GC(862)   Pre Evacuate Collection Set: 0.5ms
[2024-03-24T20:34:04.112+0800][2438.135s] GC(862)   Merge Heap Roots: 0.2ms
[2024-03-24T20:34:04.112+0800][2438.135s] GC(862)   Evacuate Collection Set: 2.1ms
[2024-03-24T20:34:04.112+0800][2438.135s] GC(862)   Post Evacuate Collection Set: 0.9ms
[2024-03-24T20:34:04.112+0800][2438.135s] GC(862)   Other: 0.1ms
[2024-03-24T20:34:04.112+0800][2438.135s] GC(862) Eden regions: 305->0(305)
[2024-03-24T20:34:04.112+0800][2438.135s] GC(862) Survivor regions: 2->2(39)
[2024-03-24T20:34:04.112+0800][2438.135s] GC(862) Old regions: 57->57
[2024-03-24T20:34:04.112+0800][2438.135s] GC(862) Humongous regions: 4->4
[2024-03-24T20:34:04.112+0800][2438.135s] GC(862) Metaspace: 65922K(66688K)->65922K(66688K) NonClass: 58524K(58944K)->58524K(58944K) Class: 7397K(7744K)->7397K(7744K)
[2024-03-24T20:34:04.112+0800][2438.135s] GC(862) Pause Young (Normal) (G1 Evacuation Pause) 366M->61M(512M) 4.329ms
[2024-03-24T20:34:04.112+0800][2438.135s] GC(862) User=0.00s Sys=0.00s Real=0.01s
[2024-03-24T20:34:05.849+0800][2439.872s] GC(863) Pause Young (Normal) (G1 Evacuation Pause)
[2024-03-24T20:34:05.849+0800][2439.872s] GC(863) Using 8 workers of 8 for evacuation
[2024-03-24T20:34:05.853+0800][2439.875s] GC(863)   Pre Evacuate Collection Set: 0.4ms
[2024-03-24T20:34:05.853+0800][2439.875s] GC(863)   Merge Heap Roots: 0.2ms
[2024-03-24T20:34:05.853+0800][2439.875s] GC(863)   Evacuate Collection Set: 1.8ms
[2024-03-24T20:34:05.853+0800][2439.875s] GC(863)   Post Evacuate Collection Set: 1.0ms
[2024-03-24T20:34:05.853+0800][2439.875s] GC(863)   Other: 0.1ms
[2024-03-24T20:34:05.853+0800][2439.876s] GC(863) Eden regions: 305->0(305)
[2024-03-24T20:34:05.853+0800][2439.876s] GC(863) Survivor regions: 2->2(39)
[2024-03-24T20:34:05.853+0800][2439.876s] GC(863) Old regions: 57->57
[2024-03-24T20:34:05.853+0800][2439.876s] GC(863) Humongous regions: 4->4
[2024-03-24T20:34:05.853+0800][2439.876s] GC(863) Metaspace: 65922K(66688K)->65922K(66688K) NonClass: 58524K(58944K)->58524K(58944K) Class: 7397K(7744K)->7397K(7744K)
[2024-03-24T20:34:05.853+0800][2439.876s] GC(863) Pause Young (Normal) (G1 Evacuation Pause) 366M->61M(512M) 4.012ms
[2024-03-24T20:34:05.853+0800][2439.876s] GC(863) User=0.00s Sys=0.00s Real=0.00s
[2024-03-24T20:34:07.694+0800][2441.720s] GC(864) Pause Young (Normal) (G1 Evacuation Pause)
[2024-03-24T20:34:07.694+0800][2441.721s] GC(864) Using 8 workers of 8 for evacuation
[2024-03-24T20:34:07.694+0800][2441.724s] GC(864)   Pre Evacuate Collection Set: 0.4ms
[2024-03-24T20:34:07.694+0800][2441.724s] GC(864)   Merge Heap Roots: 0.2ms
[2024-03-24T20:34:07.694+0800][2441.724s] GC(864)   Evacuate Collection Set: 2.0ms
[2024-03-24T20:34:07.694+0800][2441.724s] GC(864)   Post Evacuate Collection Set: 1.0ms
[2024-03-24T20:34:07.694+0800][2441.725s] GC(864)   Other: 0.2ms
[2024-03-24T20:34:07.694+0800][2441.725s] GC(864) Eden regions: 305->0(305)
[2024-03-24T20:34:07.694+0800][2441.725s] GC(864) Survivor regions: 2->2(39)
[2024-03-24T20:34:07.694+0800][2441.725s] GC(864) Old regions: 57->57
[2024-03-24T20:34:07.694+0800][2441.725s] GC(864) Humongous regions: 4->4
[2024-03-24T20:34:07.694+0800][2441.725s] GC(864) Metaspace: 65922K(66688K)->65922K(66688K) NonClass: 58524K(58944K)->58524K(58944K) Class: 7397K(7744K)->7397K(7744K)
[2024-03-24T20:34:07.694+0800][2441.725s] GC(864) Pause Young (Normal) (G1 Evacuation Pause) 366M->61M(512M) 4.561ms
[2024-03-24T20:34:07.694+0800][2441.725s] GC(864) User=0.00s Sys=0.00s Real=0.00s
[2024-03-24T20:34:09.546+0800][2443.571s] GC(865) Pause Young (Normal) (G1 Evacuation Pause)
[2024-03-24T20:34:09.546+0800][2443.571s] GC(865) Using 8 workers of 8 for evacuation
[2024-03-24T20:34:09.552+0800][2443.574s] GC(865)   Pre Evacuate Collection Set: 0.3ms
[2024-03-24T20:34:09.552+0800][2443.574s] GC(865)   Merge Heap Roots: 0.1ms
[2024-03-24T20:34:09.552+0800][2443.574s] GC(865)   Evacuate Collection Set: 1.9ms
[2024-03-24T20:34:09.552+0800][2443.574s] GC(865)   Post Evacuate Collection Set: 0.7ms
[2024-03-24T20:34:09.552+0800][2443.575s] GC(865)   Other: 0.1ms
[2024-03-24T20:34:09.552+0800][2443.575s] GC(865) Eden regions: 305->0(305)
[2024-03-24T20:34:09.552+0800][2443.575s] GC(865) Survivor regions: 2->2(39)
[2024-03-24T20:34:09.552+0800][2443.575s] GC(865) Old regions: 57->57
[2024-03-24T20:34:09.552+0800][2443.575s] GC(865) Humongous regions: 4->4
[2024-03-24T20:34:09.552+0800][2443.575s] GC(865) Metaspace: 65922K(66688K)->65922K(66688K) NonClass: 58524K(58944K)->58524K(58944K) Class: 7397K(7744K)->7397K(7744K)
[2024-03-24T20:34:09.552+0800][2443.575s] GC(865) Pause Young (Normal) (G1 Evacuation Pause) 366M->61M(512M) 3.552ms
[2024-03-24T20:34:09.552+0800][2443.575s] GC(865) User=0.00s Sys=0.00s Real=0.01s
[2024-03-24T20:34:11.295+0800][2445.318s] GC(866) Pause Young (Normal) (G1 Evacuation Pause)
[2024-03-24T20:34:11.295+0800][2445.318s] GC(866) Using 8 workers of 8 for evacuation
[2024-03-24T20:34:11.298+0800][2445.321s] GC(866)   Pre Evacuate Collection Set: 0.2ms
[2024-03-24T20:34:11.298+0800][2445.321s] GC(866)   Merge Heap Roots: 0.2ms
[2024-03-24T20:34:11.298+0800][2445.321s] GC(866)   Evacuate Collection Set: 1.9ms
[2024-03-24T20:34:11.298+0800][2445.321s] GC(866)   Post Evacuate Collection Set: 0.6ms
[2024-03-24T20:34:11.298+0800][2445.321s] GC(866)   Other: 0.1ms
[2024-03-24T20:34:11.299+0800][2445.321s] GC(866) Eden regions: 305->0(305)
[2024-03-24T20:34:11.299+0800][2445.321s] GC(866) Survivor regions: 2->2(39)
[2024-03-24T20:34:11.299+0800][2445.321s] GC(866) Old regions: 57->57
[2024-03-24T20:34:11.299+0800][2445.321s] GC(866) Humongous regions: 4->4
[2024-03-24T20:34:11.299+0800][2445.321s] GC(866) Metaspace: 65922K(66688K)->65922K(66688K) NonClass: 58524K(58944K)->58524K(58944K) Class: 7397K(7744K)->7397K(7744K)
[2024-03-24T20:34:11.299+0800][2445.322s] GC(866) Pause Young (Normal) (G1 Evacuation Pause) 366M->61M(512M) 3.518ms
[2024-03-24T20:34:11.299+0800][2445.322s] GC(866) User=0.00s Sys=0.00s Real=0.00s
[2024-03-24T20:34:12.858+0800][2446.884s] GC(867) Pause Young (Normal) (G1 Evacuation Pause)
[2024-03-24T20:34:12.858+0800][2446.884s] GC(867) Using 8 workers of 8 for evacuation
[2024-03-24T20:34:12.864+0800][2446.887s] GC(867)   Pre Evacuate Collection Set: 0.3ms
[2024-03-24T20:34:12.864+0800][2446.887s] GC(867)   Merge Heap Roots: 0.1ms
[2024-03-24T20:34:12.864+0800][2446.887s] GC(867)   Evacuate Collection Set: 1.2ms
[2024-03-24T20:34:12.864+0800][2446.887s] GC(867)   Post Evacuate Collection Set: 0.7ms
[2024-03-24T20:34:12.864+0800][2446.887s] GC(867)   Other: 0.1ms
[2024-03-24T20:34:12.864+0800][2446.887s] GC(867) Eden regions: 305->0(305)
[2024-03-24T20:34:12.864+0800][2446.887s] GC(867) Survivor regions: 2->2(39)
[2024-03-24T20:34:12.864+0800][2446.887s] GC(867) Old regions: 57->57
[2024-03-24T20:34:12.864+0800][2446.887s] GC(867) Humongous regions: 4->4
[2024-03-24T20:34:12.864+0800][2446.887s] GC(867) Metaspace: 65922K(66688K)->65922K(66688K) NonClass: 58524K(58944K)->58524K(58944K) Class: 7397K(7744K)->7397K(7744K)
[2024-03-24T20:34:12.864+0800][2446.887s] GC(867) Pause Young (Normal) (G1 Evacuation Pause) 366M->61M(512M) 2.978ms
[2024-03-24T20:34:12.864+0800][2446.887s] GC(867) User=0.00s Sys=0.00s Real=0.01s
[2024-03-24T20:34:14.561+0800][2448.584s] GC(868) Pause Young (Normal) (G1 Evacuation Pause)
[2024-03-24T20:34:14.562+0800][2448.584s] GC(868) Using 8 workers of 8 for evacuation
[2024-03-24T20:34:14.565+0800][2448.588s] GC(868)   Pre Evacuate Collection Set: 0.2ms
[2024-03-24T20:34:14.565+0800][2448.588s] GC(868)   Merge Heap Roots: 0.1ms
[2024-03-24T20:34:14.565+0800][2448.588s] GC(868)   Evacuate Collection Set: 2.6ms
[2024-03-24T20:34:14.565+0800][2448.588s] GC(868)   Post Evacuate Collection Set: 0.8ms
[2024-03-24T20:34:14.565+0800][2448.588s] GC(868)   Other: 0.1ms
[2024-03-24T20:34:14.565+0800][2448.588s] GC(868) Eden regions: 305->0(305)
[2024-03-24T20:34:14.565+0800][2448.588s] GC(868) Survivor regions: 2->2(39)
[2024-03-24T20:34:14.565+0800][2448.588s] GC(868) Old regions: 57->57
[2024-03-24T20:34:14.565+0800][2448.588s] GC(868) Humongous regions: 4->4
[2024-03-24T20:34:14.565+0800][2448.588s] GC(868) Metaspace: 65922K(66688K)->65922K(66688K) NonClass: 58524K(58944K)->58524K(58944K) Class: 7397K(7744K)->7397K(7744K)
[2024-03-24T20:34:14.565+0800][2448.588s] GC(868) Pause Young (Normal) (G1 Evacuation Pause) 366M->61M(512M) 4.136ms
[2024-03-24T20:34:14.565+0800][2448.589s] GC(868) User=0.00s Sys=0.00s Real=0.00s
[2024-03-24T20:34:16.339+0800][2450.366s] GC(869) Pause Young (Normal) (G1 Evacuation Pause)
[2024-03-24T20:34:16.339+0800][2450.366s] GC(869) Using 8 workers of 8 for evacuation
[2024-03-24T20:34:16.339+0800][2450.369s] GC(869)   Pre Evacuate Collection Set: 0.3ms
[2024-03-24T20:34:16.339+0800][2450.369s] GC(869)   Merge Heap Roots: 0.1ms
[2024-03-24T20:34:16.339+0800][2450.369s] GC(869)   Evacuate Collection Set: 1.7ms
[2024-03-24T20:34:16.339+0800][2450.369s] GC(869)   Post Evacuate Collection Set: 0.8ms
[2024-03-24T20:34:16.339+0800][2450.369s] GC(869)   Other: 0.1ms
[2024-03-24T20:34:16.339+0800][2450.369s] GC(869) Eden regions: 305->0(305)
[2024-03-24T20:34:16.339+0800][2450.369s] GC(869) Survivor regions: 2->2(39)
[2024-03-24T20:34:16.339+0800][2450.369s] GC(869) Old regions: 57->57
[2024-03-24T20:34:16.339+0800][2450.369s] GC(869) Humongous regions: 4->4
[2024-03-24T20:34:16.339+0800][2450.369s] GC(869) Metaspace: 65922K(66688K)->65922K(66688K) NonClass: 58524K(58944K)->58524K(58944K) Class: 7397K(7744K)->7397K(7744K)
[2024-03-24T20:34:16.339+0800][2450.369s] GC(869) Pause Young (Normal) (G1 Evacuation Pause) 366M->61M(512M) 3.695ms
[2024-03-24T20:34:16.339+0800][2450.369s] GC(869) User=0.00s Sys=0.00s Real=0.00s
[2024-03-24T20:34:18.070+0800][2452.093s] GC(870) Pause Young (Normal) (G1 Evacuation Pause)
[2024-03-24T20:34:18.070+0800][2452.094s] GC(870) Using 8 workers of 8 for evacuation
[2024-03-24T20:34:18.074+0800][2452.097s] GC(870)   Pre Evacuate Collection Set: 0.4ms
[2024-03-24T20:34:18.074+0800][2452.097s] GC(870)   Merge Heap Roots: 0.1ms
[2024-03-24T20:34:18.074+0800][2452.097s] GC(870)   Evacuate Collection Set: 1.9ms
[2024-03-24T20:34:18.075+0800][2452.097s] GC(870)   Post Evacuate Collection Set: 0.9ms
[2024-03-24T20:34:18.075+0800][2452.097s] GC(870)   Other: 0.1ms
[2024-03-24T20:34:18.075+0800][2452.097s] GC(870) Eden regions: 305->0(305)
[2024-03-24T20:34:18.075+0800][2452.097s] GC(870) Survivor regions: 2->2(39)
[2024-03-24T20:34:18.075+0800][2452.097s] GC(870) Old regions: 57->57
[2024-03-24T20:34:18.075+0800][2452.097s] GC(870) Humongous regions: 4->4
[2024-03-24T20:34:18.075+0800][2452.097s] GC(870) Metaspace: 65922K(66688K)->65922K(66688K) NonClass: 58524K(58944K)->58524K(58944K) Class: 7397K(7744K)->7397K(7744K)
[2024-03-24T20:34:18.075+0800][2452.097s] GC(870) Pause Young (Normal) (G1 Evacuation Pause) 366M->61M(512M) 3.984ms
[2024-03-24T20:34:18.075+0800][2452.098s] GC(870) User=0.00s Sys=0.00s Real=0.01s
[2024-03-24T20:34:19.882+0800][2453.905s] GC(871) Pause Young (Normal) (G1 Evacuation Pause)
[2024-03-24T20:34:19.882+0800][2453.905s] GC(871) Using 8 workers of 8 for evacuation
[2024-03-24T20:34:19.886+0800][2453.908s] GC(871)   Pre Evacuate Collection Set: 0.3ms
[2024-03-24T20:34:19.886+0800][2453.908s] GC(871)   Merge Heap Roots: 0.2ms
[2024-03-24T20:34:19.886+0800][2453.908s] GC(871)   Evacuate Collection Set: 2.0ms
[2024-03-24T20:34:19.886+0800][2453.908s] GC(871)   Post Evacuate Collection Set: 0.7ms
[2024-03-24T20:34:19.886+0800][2453.909s] GC(871)   Other: 0.1ms
[2024-03-24T20:34:19.886+0800][2453.909s] GC(871) Eden regions: 305->0(305)
[2024-03-24T20:34:19.886+0800][2453.909s] GC(871) Survivor regions: 2->2(39)
[2024-03-24T20:34:19.886+0800][2453.909s] GC(871) Old regions: 57->57
[2024-03-24T20:34:19.886+0800][2453.909s] GC(871) Humongous regions: 4->4
[2024-03-24T20:34:19.886+0800][2453.909s] GC(871) Metaspace: 65922K(66688K)->65922K(66688K) NonClass: 58524K(58944K)->58524K(58944K) Class: 7397K(7744K)->7397K(7744K)
[2024-03-24T20:34:19.886+0800][2453.909s] GC(871) Pause Young (Normal) (G1 Evacuation Pause) 366M->61M(512M) 3.851ms
[2024-03-24T20:34:19.886+0800][2453.909s] GC(871) User=0.00s Sys=0.00s Real=0.00s
[2024-03-24T20:34:21.680+0800][2455.703s] GC(872) Pause Young (Normal) (G1 Evacuation Pause)
[2024-03-24T20:34:21.681+0800][2455.703s] GC(872) Using 8 workers of 8 for evacuation
[2024-03-24T20:34:21.683+0800][2455.705s] GC(872)   Pre Evacuate Collection Set: 0.3ms
[2024-03-24T20:34:21.683+0800][2455.705s] GC(872)   Merge Heap Roots: 0.1ms
[2024-03-24T20:34:21.683+0800][2455.705s] GC(872)   Evacuate Collection Set: 1.2ms
[2024-03-24T20:34:21.683+0800][2455.705s] GC(872)   Post Evacuate Collection Set: 0.4ms
[2024-03-24T20:34:21.683+0800][2455.705s] GC(872)   Other: 0.1ms
[2024-03-24T20:34:21.683+0800][2455.705s] GC(872) Eden regions: 305->0(305)
[2024-03-24T20:34:21.683+0800][2455.705s] GC(872) Survivor regions: 2->2(39)
[2024-03-24T20:34:21.683+0800][2455.705s] GC(872) Old regions: 57->57
[2024-03-24T20:34:21.683+0800][2455.705s] GC(872) Humongous regions: 4->4
[2024-03-24T20:34:21.683+0800][2455.705s] GC(872) Metaspace: 65922K(66688K)->65922K(66688K) NonClass: 58524K(58944K)->58524K(58944K) Class: 7397K(7744K)->7397K(7744K)
[2024-03-24T20:34:21.683+0800][2455.706s] GC(872) Pause Young (Normal) (G1 Evacuation Pause) 366M->61M(512M) 2.371ms
[2024-03-24T20:34:21.683+0800][2455.706s] GC(872) User=0.00s Sys=0.00s Real=0.00s
[2024-03-24T20:34:23.447+0800][2457.472s] GC(873) Pause Young (Normal) (G1 Evacuation Pause)
[2024-03-24T20:34:23.447+0800][2457.472s] GC(873) Using 8 workers of 8 for evacuation
[2024-03-24T20:34:23.447+0800][2457.475s] GC(873)   Pre Evacuate Collection Set: 0.3ms
[2024-03-24T20:34:23.447+0800][2457.475s] GC(873)   Merge Heap Roots: 0.1ms
[2024-03-24T20:34:23.447+0800][2457.475s] GC(873)   Evacuate Collection Set: 1.7ms
[2024-03-24T20:34:23.447+0800][2457.475s] GC(873)   Post Evacuate Collection Set: 0.5ms
[2024-03-24T20:34:23.447+0800][2457.475s] GC(873)   Other: 0.2ms
[2024-03-24T20:34:23.447+0800][2457.475s] GC(873) Eden regions: 305->0(305)
[2024-03-24T20:34:23.447+0800][2457.475s] GC(873) Survivor regions: 2->2(39)
[2024-03-24T20:34:23.447+0800][2457.475s] GC(873) Old regions: 57->57
[2024-03-24T20:34:23.447+0800][2457.475s] GC(873) Humongous regions: 4->4
[2024-03-24T20:34:23.447+0800][2457.475s] GC(873) Metaspace: 65922K(66688K)->65922K(66688K) NonClass: 58524K(58944K)->58524K(58944K) Class: 7397K(7744K)->7397K(7744K)
[2024-03-24T20:34:23.447+0800][2457.475s] GC(873) Pause Young (Normal) (G1 Evacuation Pause) 366M->61M(512M) 3.301ms
[2024-03-24T20:34:23.447+0800][2457.475s] GC(873) User=0.00s Sys=0.00s Real=0.00s
[2024-03-24T20:34:25.172+0800][2459.204s] GC(874) Pause Young (Normal) (G1 Evacuation Pause)
[2024-03-24T20:34:25.172+0800][2459.204s] GC(874) Using 8 workers of 8 for evacuation
[2024-03-24T20:34:25.184+0800][2459.207s] GC(874)   Pre Evacuate Collection Set: 0.3ms
[2024-03-24T20:34:25.184+0800][2459.207s] GC(874)   Merge Heap Roots: 0.2ms
[2024-03-24T20:34:25.184+0800][2459.207s] GC(874)   Evacuate Collection Set: 1.9ms
[2024-03-24T20:34:25.184+0800][2459.207s] GC(874)   Post Evacuate Collection Set: 0.7ms
[2024-03-24T20:34:25.184+0800][2459.207s] GC(874)   Other: 0.2ms
[2024-03-24T20:34:25.184+0800][2459.207s] GC(874) Eden regions: 305->0(305)
[2024-03-24T20:34:25.184+0800][2459.207s] GC(874) Survivor regions: 2->2(39)
[2024-03-24T20:34:25.184+0800][2459.207s] GC(874) Old regions: 57->57
[2024-03-24T20:34:25.184+0800][2459.207s] GC(874) Humongous regions: 4->4
[2024-03-24T20:34:25.184+0800][2459.207s] GC(874) Metaspace: 65922K(66688K)->65922K(66688K) NonClass: 58524K(58944K)->58524K(58944K) Class: 7397K(7744K)->7397K(7744K)
[2024-03-24T20:34:25.184+0800][2459.207s] GC(874) Pause Young (Normal) (G1 Evacuation Pause) 366M->61M(512M) 3.723ms
[2024-03-24T20:34:25.184+0800][2459.207s] GC(874) User=0.08s Sys=0.02s Real=0.01s
[2024-03-24T20:34:26.963+0800][2460.988s] GC(875) Pause Young (Normal) (G1 Evacuation Pause)
[2024-03-24T20:34:26.963+0800][2460.988s] GC(875) Using 8 workers of 8 for evacuation
[2024-03-24T20:34:26.967+0800][2460.992s] GC(875)   Pre Evacuate Collection Set: 0.3ms
[2024-03-24T20:34:26.967+0800][2460.992s] GC(875)   Merge Heap Roots: 0.1ms
[2024-03-24T20:34:26.967+0800][2460.992s] GC(875)   Evacuate Collection Set: 2.1ms
[2024-03-24T20:34:26.967+0800][2460.992s] GC(875)   Post Evacuate Collection Set: 0.9ms
[2024-03-24T20:34:26.967+0800][2460.992s] GC(875)   Other: 0.1ms
[2024-03-24T20:34:26.967+0800][2460.992s] GC(875) Eden regions: 305->0(305)
[2024-03-24T20:34:26.967+0800][2460.992s] GC(875) Survivor regions: 2->2(39)
[2024-03-24T20:34:26.967+0800][2460.992s] GC(875) Old regions: 57->57
[2024-03-24T20:34:26.967+0800][2460.992s] GC(875) Humongous regions: 4->4
[2024-03-24T20:34:26.967+0800][2460.992s] GC(875) Metaspace: 65922K(66688K)->65922K(66688K) NonClass: 58524K(58944K)->58524K(58944K) Class: 7397K(7744K)->7397K(7744K)
[2024-03-24T20:34:26.967+0800][2460.992s] GC(875) Pause Young (Normal) (G1 Evacuation Pause) 366M->61M(512M) 4.027ms
[2024-03-24T20:34:26.967+0800][2460.992s] GC(875) User=0.00s Sys=0.00s Real=0.00s
[2024-03-24T20:34:28.780+0800][2462.804s] GC(876) Pause Young (Normal) (G1 Evacuation Pause)
[2024-03-24T20:34:28.780+0800][2462.804s] GC(876) Using 8 workers of 8 for evacuation
[2024-03-24T20:34:28.785+0800][2462.808s] GC(876)   Pre Evacuate Collection Set: 0.3ms
[2024-03-24T20:34:28.785+0800][2462.808s] GC(876)   Merge Heap Roots: 0.2ms
[2024-03-24T20:34:28.785+0800][2462.808s] GC(876)   Evacuate Collection Set: 2.5ms
[2024-03-24T20:34:28.785+0800][2462.808s] GC(876)   Post Evacuate Collection Set: 0.9ms
[2024-03-24T20:34:28.785+0800][2462.808s] GC(876)   Other: 0.1ms
[2024-03-24T20:34:28.785+0800][2462.808s] GC(876) Eden regions: 305->0(305)
[2024-03-24T20:34:28.785+0800][2462.808s] GC(876) Survivor regions: 2->2(39)
[2024-03-24T20:34:28.785+0800][2462.808s] GC(876) Old regions: 57->57
[2024-03-24T20:34:28.785+0800][2462.808s] GC(876) Humongous regions: 4->4
[2024-03-24T20:34:28.785+0800][2462.808s] GC(876) Metaspace: 65922K(66688K)->65922K(66688K) NonClass: 58524K(58944K)->58524K(58944K) Class: 7397K(7744K)->7397K(7744K)
[2024-03-24T20:34:28.785+0800][2462.808s] GC(876) Pause Young (Normal) (G1 Evacuation Pause) 366M->61M(512M) 4.453ms
[2024-03-24T20:34:28.785+0800][2462.808s] GC(876) User=0.00s Sys=0.00s Real=0.01s
[2024-03-24T20:34:30.563+0800][2464.585s] GC(877) Pause Young (Normal) (G1 Evacuation Pause)
[2024-03-24T20:34:30.563+0800][2464.585s] GC(877) Using 8 workers of 8 for evacuation
[2024-03-24T20:34:30.566+0800][2464.589s] GC(877)   Pre Evacuate Collection Set: 0.3ms
[2024-03-24T20:34:30.566+0800][2464.589s] GC(877)   Merge Heap Roots: 0.1ms
[2024-03-24T20:34:30.566+0800][2464.589s] GC(877)   Evacuate Collection Set: 1.7ms
[2024-03-24T20:34:30.566+0800][2464.589s] GC(877)   Post Evacuate Collection Set: 0.8ms
[2024-03-24T20:34:30.566+0800][2464.589s] GC(877)   Other: 0.1ms
[2024-03-24T20:34:30.566+0800][2464.589s] GC(877) Eden regions: 305->0(305)
[2024-03-24T20:34:30.566+0800][2464.589s] GC(877) Survivor regions: 2->2(39)
[2024-03-24T20:34:30.566+0800][2464.589s] GC(877) Old regions: 57->57
[2024-03-24T20:34:30.566+0800][2464.589s] GC(877) Humongous regions: 4->4
[2024-03-24T20:34:30.566+0800][2464.589s] GC(877) Metaspace: 65922K(66688K)->65922K(66688K) NonClass: 58524K(58944K)->58524K(58944K) Class: 7397K(7744K)->7397K(7744K)
[2024-03-24T20:34:30.566+0800][2464.589s] GC(877) Pause Young (Normal) (G1 Evacuation Pause) 366M->61M(512M) 3.556ms
[2024-03-24T20:34:30.566+0800][2464.589s] GC(877) User=0.00s Sys=0.00s Real=0.00s
[2024-03-24T20:34:32.431+0800][2466.455s] GC(878) Pause Young (Normal) (G1 Evacuation Pause)
[2024-03-24T20:34:32.431+0800][2466.455s] GC(878) Using 8 workers of 8 for evacuation
[2024-03-24T20:34:32.431+0800][2466.458s] GC(878)   Pre Evacuate Collection Set: 0.3ms
[2024-03-24T20:34:32.431+0800][2466.458s] GC(878)   Merge Heap Roots: 0.1ms
[2024-03-24T20:34:32.431+0800][2466.458s] GC(878)   Evacuate Collection Set: 1.9ms
[2024-03-24T20:34:32.431+0800][2466.458s] GC(878)   Post Evacuate Collection Set: 1.0ms
[2024-03-24T20:34:32.431+0800][2466.458s] GC(878)   Other: 0.2ms
[2024-03-24T20:34:32.431+0800][2466.459s] GC(878) Eden regions: 305->0(305)
[2024-03-24T20:34:32.431+0800][2466.459s] GC(878) Survivor regions: 2->2(39)
[2024-03-24T20:34:32.431+0800][2466.459s] GC(878) Old regions: 57->57
[2024-03-24T20:34:32.431+0800][2466.459s] GC(878) Humongous regions: 4->4
[2024-03-24T20:34:32.431+0800][2466.459s] GC(878) Metaspace: 65922K(66688K)->65922K(66688K) NonClass: 58524K(58944K)->58524K(58944K) Class: 7397K(7744K)->7397K(7744K)
[2024-03-24T20:34:32.436+0800][2466.459s] GC(878) Pause Young (Normal) (G1 Evacuation Pause) 366M->61M(512M) 4.132ms
[2024-03-24T20:34:32.436+0800][2466.459s] GC(878) User=0.02s Sys=0.00s Real=0.01s
[2024-03-24T20:34:34.204+0800][2468.232s] GC(879) Pause Young (Normal) (G1 Evacuation Pause)
[2024-03-24T20:34:34.204+0800][2468.232s] GC(879) Using 8 workers of 8 for evacuation
[2024-03-24T20:34:34.204+0800][2468.234s] GC(879)   Pre Evacuate Collection Set: 0.3ms
[2024-03-24T20:34:34.204+0800][2468.235s] GC(879)   Merge Heap Roots: 0.1ms
[2024-03-24T20:34:34.204+0800][2468.235s] GC(879)   Evacuate Collection Set: 1.4ms
[2024-03-24T20:34:34.204+0800][2468.235s] GC(879)   Post Evacuate Collection Set: 0.6ms
[2024-03-24T20:34:34.204+0800][2468.235s] GC(879)   Other: 0.1ms
[2024-03-24T20:34:34.204+0800][2468.235s] GC(879) Eden regions: 305->0(305)
[2024-03-24T20:34:34.204+0800][2468.235s] GC(879) Survivor regions: 2->2(39)
[2024-03-24T20:34:34.204+0800][2468.235s] GC(879) Old regions: 57->57
[2024-03-24T20:34:34.204+0800][2468.235s] GC(879) Humongous regions: 4->4
[2024-03-24T20:34:34.204+0800][2468.235s] GC(879) Metaspace: 65922K(66688K)->65922K(66688K) NonClass: 58524K(58944K)->58524K(58944K) Class: 7397K(7744K)->7397K(7744K)
[2024-03-24T20:34:34.204+0800][2468.235s] GC(879) Pause Young (Normal) (G1 Evacuation Pause) 366M->61M(512M) 2.951ms
[2024-03-24T20:34:34.204+0800][2468.235s] GC(879) User=0.00s Sys=0.00s Real=0.00s
[2024-03-24T20:34:36.049+0800][2470.073s] GC(880) Pause Young (Normal) (G1 Evacuation Pause)
[2024-03-24T20:34:36.049+0800][2470.073s] GC(880) Using 8 workers of 8 for evacuation
[2024-03-24T20:34:36.052+0800][2470.075s] GC(880)   Pre Evacuate Collection Set: 0.2ms
[2024-03-24T20:34:36.052+0800][2470.075s] GC(880)   Merge Heap Roots: 0.2ms
[2024-03-24T20:34:36.052+0800][2470.075s] GC(880)   Evacuate Collection Set: 1.4ms
[2024-03-24T20:34:36.052+0800][2470.075s] GC(880)   Post Evacuate Collection Set: 0.6ms
[2024-03-24T20:34:36.052+0800][2470.075s] GC(880)   Other: 0.1ms
[2024-03-24T20:34:36.052+0800][2470.075s] GC(880) Eden regions: 305->0(305)
[2024-03-24T20:34:36.052+0800][2470.075s] GC(880) Survivor regions: 2->2(39)
[2024-03-24T20:34:36.052+0800][2470.075s] GC(880) Old regions: 57->57
[2024-03-24T20:34:36.052+0800][2470.075s] GC(880) Humongous regions: 4->4
[2024-03-24T20:34:36.052+0800][2470.075s] GC(880) Metaspace: 65922K(66688K)->65922K(66688K) NonClass: 58524K(58944K)->58524K(58944K) Class: 7397K(7744K)->7397K(7744K)
[2024-03-24T20:34:36.052+0800][2470.075s] GC(880) Pause Young (Normal) (G1 Evacuation Pause) 366M->61M(512M) 2.678ms
[2024-03-24T20:34:36.052+0800][2470.075s] GC(880) User=0.00s Sys=0.00s Real=0.00s
[2024-03-24T20:34:37.672+0800][2471.694s] GC(881) Pause Young (Normal) (G1 Evacuation Pause)
[2024-03-24T20:34:37.672+0800][2471.694s] GC(881) Using 8 workers of 8 for evacuation
[2024-03-24T20:34:37.672+0800][2471.696s] GC(881)   Pre Evacuate Collection Set: 0.2ms
[2024-03-24T20:34:37.672+0800][2471.696s] GC(881)   Merge Heap Roots: 0.1ms
[2024-03-24T20:34:37.672+0800][2471.696s] GC(881)   Evacuate Collection Set: 1.3ms
[2024-03-24T20:34:37.672+0800][2471.697s] GC(881)   Post Evacuate Collection Set: 0.5ms
[2024-03-24T20:34:37.672+0800][2471.697s] GC(881)   Other: 0.1ms
[2024-03-24T20:34:37.672+0800][2471.697s] GC(881) Eden regions: 305->0(305)
[2024-03-24T20:34:37.672+0800][2471.697s] GC(881) Survivor regions: 2->2(39)
[2024-03-24T20:34:37.672+0800][2471.697s] GC(881) Old regions: 57->57
[2024-03-24T20:34:37.672+0800][2471.697s] GC(881) Humongous regions: 4->4
[2024-03-24T20:34:37.672+0800][2471.697s] GC(881) Metaspace: 65922K(66688K)->65922K(66688K) NonClass: 58524K(58944K)->58524K(58944K) Class: 7397K(7744K)->7397K(7744K)
[2024-03-24T20:34:37.672+0800][2471.697s] GC(881) Pause Young (Normal) (G1 Evacuation Pause) 366M->61M(512M) 2.457ms
[2024-03-24T20:34:37.672+0800][2471.697s] GC(881) User=0.00s Sys=0.00s Real=0.00s
[2024-03-24T20:34:39.433+0800][2473.463s] GC(882) Pause Young (Normal) (G1 Evacuation Pause)
[2024-03-24T20:34:39.433+0800][2473.463s] GC(882) Using 8 workers of 8 for evacuation
[2024-03-24T20:34:39.443+0800][2473.466s] GC(882)   Pre Evacuate Collection Set: 0.3ms
[2024-03-24T20:34:39.443+0800][2473.466s] GC(882)   Merge Heap Roots: 0.1ms
[2024-03-24T20:34:39.443+0800][2473.466s] GC(882)   Evacuate Collection Set: 1.8ms
[2024-03-24T20:34:39.443+0800][2473.466s] GC(882)   Post Evacuate Collection Set: 0.9ms
[2024-03-24T20:34:39.443+0800][2473.466s] GC(882)   Other: 0.1ms
[2024-03-24T20:34:39.443+0800][2473.466s] GC(882) Eden regions: 305->0(305)
[2024-03-24T20:34:39.443+0800][2473.466s] GC(882) Survivor regions: 2->2(39)
[2024-03-24T20:34:39.443+0800][2473.466s] GC(882) Old regions: 57->57
[2024-03-24T20:34:39.443+0800][2473.466s] GC(882) Humongous regions: 4->4
[2024-03-24T20:34:39.443+0800][2473.466s] GC(882) Metaspace: 65922K(66688K)->65922K(66688K) NonClass: 58524K(58944K)->58524K(58944K) Class: 7397K(7744K)->7397K(7744K)
[2024-03-24T20:34:39.443+0800][2473.467s] GC(882) Pause Young (Normal) (G1 Evacuation Pause) 366M->61M(512M) 3.686ms
[2024-03-24T20:34:39.443+0800][2473.467s] GC(882) User=0.00s Sys=0.00s Real=0.01s
[2024-03-24T20:34:41.254+0800][2475.277s] GC(883) Pause Young (Normal) (G1 Evacuation Pause)
[2024-03-24T20:34:41.254+0800][2475.277s] GC(883) Using 8 workers of 8 for evacuation
[2024-03-24T20:34:41.258+0800][2475.281s] GC(883)   Pre Evacuate Collection Set: 0.1ms
[2024-03-24T20:34:41.258+0800][2475.281s] GC(883)   Merge Heap Roots: 0.1ms
[2024-03-24T20:34:41.258+0800][2475.281s] GC(883)   Evacuate Collection Set: 2.4ms
[2024-03-24T20:34:41.258+0800][2475.281s] GC(883)   Post Evacuate Collection Set: 1.2ms
[2024-03-24T20:34:41.258+0800][2475.281s] GC(883)   Other: 0.3ms
[2024-03-24T20:34:41.258+0800][2475.281s] GC(883) Eden regions: 305->0(305)
[2024-03-24T20:34:41.258+0800][2475.281s] GC(883) Survivor regions: 2->2(39)
[2024-03-24T20:34:41.258+0800][2475.281s] GC(883) Old regions: 57->57
[2024-03-24T20:34:41.258+0800][2475.281s] GC(883) Humongous regions: 4->4
[2024-03-24T20:34:41.258+0800][2475.281s] GC(883) Metaspace: 65922K(66688K)->65922K(66688K) NonClass: 58524K(58944K)->58524K(58944K) Class: 7397K(7744K)->7397K(7744K)
[2024-03-24T20:34:41.258+0800][2475.281s] GC(883) Pause Young (Normal) (G1 Evacuation Pause) 366M->61M(512M) 4.798ms
[2024-03-24T20:34:41.258+0800][2475.281s] GC(883) User=0.00s Sys=0.00s Real=0.00s
[2024-03-24T20:34:42.878+0800][2476.901s] GC(884) Pause Young (Normal) (G1 Evacuation Pause)
[2024-03-24T20:34:42.878+0800][2476.901s] GC(884) Using 8 workers of 8 for evacuation
[2024-03-24T20:34:42.882+0800][2476.904s] GC(884)   Pre Evacuate Collection Set: 0.2ms
[2024-03-24T20:34:42.882+0800][2476.905s] GC(884)   Merge Heap Roots: 0.1ms
[2024-03-24T20:34:42.882+0800][2476.905s] GC(884)   Evacuate Collection Set: 2.2ms
[2024-03-24T20:34:42.882+0800][2476.905s] GC(884)   Post Evacuate Collection Set: 0.6ms
[2024-03-24T20:34:42.882+0800][2476.905s] GC(884)   Other: 0.1ms
[2024-03-24T20:34:42.882+0800][2476.905s] GC(884) Eden regions: 305->0(305)
[2024-03-24T20:34:42.882+0800][2476.905s] GC(884) Survivor regions: 2->2(39)
[2024-03-24T20:34:42.882+0800][2476.905s] GC(884) Old regions: 57->57
[2024-03-24T20:34:42.882+0800][2476.905s] GC(884) Humongous regions: 4->4
[2024-03-24T20:34:42.882+0800][2476.905s] GC(884) Metaspace: 65922K(66688K)->65922K(66688K) NonClass: 58524K(58944K)->58524K(58944K) Class: 7397K(7744K)->7397K(7744K)
[2024-03-24T20:34:42.882+0800][2476.905s] GC(884) Pause Young (Normal) (G1 Evacuation Pause) 366M->61M(512M) 3.618ms
[2024-03-24T20:34:42.882+0800][2476.905s] GC(884) User=0.00s Sys=0.00s Real=0.00s
[2024-03-24T20:34:44.480+0800][2478.503s] GC(885) Pause Young (Normal) (G1 Evacuation Pause)
[2024-03-24T20:34:44.480+0800][2478.503s] GC(885) Using 8 workers of 8 for evacuation
[2024-03-24T20:34:44.482+0800][2478.506s] GC(885)   Pre Evacuate Collection Set: 0.3ms
[2024-03-24T20:34:44.483+0800][2478.506s] GC(885)   Merge Heap Roots: 0.1ms
[2024-03-24T20:34:44.483+0800][2478.506s] GC(885)   Evacuate Collection Set: 1.6ms
[2024-03-24T20:34:44.483+0800][2478.506s] GC(885)   Post Evacuate Collection Set: 0.8ms
[2024-03-24T20:34:44.483+0800][2478.506s] GC(885)   Other: 0.1ms
[2024-03-24T20:34:44.483+0800][2478.506s] GC(885) Eden regions: 305->0(305)
[2024-03-24T20:34:44.483+0800][2478.506s] GC(885) Survivor regions: 2->2(39)
[2024-03-24T20:34:44.483+0800][2478.506s] GC(885) Old regions: 57->57
[2024-03-24T20:34:44.483+0800][2478.506s] GC(885) Humongous regions: 4->4
[2024-03-24T20:34:44.483+0800][2478.506s] GC(885) Metaspace: 65922K(66688K)->65922K(66688K) NonClass: 58524K(58944K)->58524K(58944K) Class: 7397K(7744K)->7397K(7744K)
[2024-03-24T20:34:44.483+0800][2478.506s] GC(885) Pause Young (Normal) (G1 Evacuation Pause) 366M->61M(512M) 3.332ms
[2024-03-24T20:34:44.483+0800][2478.506s] GC(885) User=0.00s Sys=0.00s Real=0.00s
[2024-03-24T20:34:46.114+0800][2480.140s] GC(886) Pause Young (Normal) (G1 Evacuation Pause)
[2024-03-24T20:34:46.114+0800][2480.140s] GC(886) Using 8 workers of 8 for evacuation
[2024-03-24T20:34:46.114+0800][2480.143s] GC(886)   Pre Evacuate Collection Set: 0.4ms
[2024-03-24T20:34:46.114+0800][2480.143s] GC(886)   Merge Heap Roots: 0.1ms
[2024-03-24T20:34:46.114+0800][2480.143s] GC(886)   Evacuate Collection Set: 1.3ms
[2024-03-24T20:34:46.114+0800][2480.143s] GC(886)   Post Evacuate Collection Set: 0.8ms
[2024-03-24T20:34:46.114+0800][2480.143s] GC(886)   Other: 0.1ms
[2024-03-24T20:34:46.114+0800][2480.143s] GC(886) Eden regions: 305->0(305)
[2024-03-24T20:34:46.114+0800][2480.143s] GC(886) Survivor regions: 2->2(39)
[2024-03-24T20:34:46.114+0800][2480.143s] GC(886) Old regions: 57->57
[2024-03-24T20:34:46.114+0800][2480.143s] GC(886) Humongous regions: 4->4
[2024-03-24T20:34:46.114+0800][2480.143s] GC(886) Metaspace: 65922K(66688K)->65922K(66688K) NonClass: 58524K(58944K)->58524K(58944K) Class: 7397K(7744K)->7397K(7744K)
[2024-03-24T20:34:46.114+0800][2480.143s] GC(886) Pause Young (Normal) (G1 Evacuation Pause) 366M->62M(512M) 3.210ms
[2024-03-24T20:34:46.114+0800][2480.143s] GC(886) User=0.00s Sys=0.00s Real=0.00s
[2024-03-24T20:34:47.815+0800][2481.838s] GC(887) Pause Young (Normal) (G1 Evacuation Pause)
[2024-03-24T20:34:47.815+0800][2481.838s] GC(887) Using 8 workers of 8 for evacuation
[2024-03-24T20:34:47.818+0800][2481.841s] GC(887)   Pre Evacuate Collection Set: 0.2ms
[2024-03-24T20:34:47.818+0800][2481.842s] GC(887)   Merge Heap Roots: 0.1ms
[2024-03-24T20:34:47.818+0800][2481.842s] GC(887)   Evacuate Collection Set: 1.7ms
[2024-03-24T20:34:47.818+0800][2481.842s] GC(887)   Post Evacuate Collection Set: 0.8ms
[2024-03-24T20:34:47.818+0800][2481.842s] GC(887)   Other: 0.1ms
[2024-03-24T20:34:47.818+0800][2481.842s] GC(887) Eden regions: 305->0(305)
[2024-03-24T20:34:47.818+0800][2481.842s] GC(887) Survivor regions: 2->2(39)
[2024-03-24T20:34:47.818+0800][2481.842s] GC(887) Old regions: 57->57
[2024-03-24T20:34:47.818+0800][2481.842s] GC(887) Humongous regions: 4->4
[2024-03-24T20:34:47.819+0800][2481.842s] GC(887) Metaspace: 65922K(66688K)->65922K(66688K) NonClass: 58524K(58944K)->58524K(58944K) Class: 7397K(7744K)->7397K(7744K)
[2024-03-24T20:34:47.819+0800][2481.842s] GC(887) Pause Young (Normal) (G1 Evacuation Pause) 367M->61M(512M) 3.514ms
[2024-03-24T20:34:47.819+0800][2481.842s] GC(887) User=0.00s Sys=0.00s Real=0.00s
[2024-03-24T20:34:49.625+0800][2483.648s] GC(888) Pause Young (Normal) (G1 Evacuation Pause)
[2024-03-24T20:34:49.625+0800][2483.648s] GC(888) Using 8 workers of 8 for evacuation
[2024-03-24T20:34:49.628+0800][2483.652s] GC(888)   Pre Evacuate Collection Set: 0.2ms
[2024-03-24T20:34:49.628+0800][2483.652s] GC(888)   Merge Heap Roots: 0.1ms
[2024-03-24T20:34:49.628+0800][2483.652s] GC(888)   Evacuate Collection Set: 2.7ms
[2024-03-24T20:34:49.628+0800][2483.652s] GC(888)   Post Evacuate Collection Set: 0.6ms
[2024-03-24T20:34:49.628+0800][2483.652s] GC(888)   Other: 0.1ms
[2024-03-24T20:34:49.628+0800][2483.652s] GC(888) Eden regions: 305->0(305)
[2024-03-24T20:34:49.628+0800][2483.652s] GC(888) Survivor regions: 2->2(39)
[2024-03-24T20:34:49.628+0800][2483.652s] GC(888) Old regions: 57->57
[2024-03-24T20:34:49.628+0800][2483.652s] GC(888) Humongous regions: 4->4
[2024-03-24T20:34:49.628+0800][2483.652s] GC(888) Metaspace: 65922K(66688K)->65922K(66688K) NonClass: 58524K(58944K)->58524K(58944K) Class: 7397K(7744K)->7397K(7744K)
[2024-03-24T20:34:49.628+0800][2483.652s] GC(888) Pause Young (Normal) (G1 Evacuation Pause) 366M->61M(512M) 3.969ms
[2024-03-24T20:34:49.628+0800][2483.652s] GC(888) User=0.00s Sys=0.00s Real=0.00s
[2024-03-24T20:34:51.340+0800][2485.364s] GC(889) Pause Young (Normal) (G1 Evacuation Pause)
[2024-03-24T20:34:51.340+0800][2485.364s] GC(889) Using 8 workers of 8 for evacuation
[2024-03-24T20:34:51.344+0800][2485.367s] GC(889)   Pre Evacuate Collection Set: 0.1ms
[2024-03-24T20:34:51.344+0800][2485.367s] GC(889)   Merge Heap Roots: 0.1ms
[2024-03-24T20:34:51.344+0800][2485.367s] GC(889)   Evacuate Collection Set: 1.8ms
[2024-03-24T20:34:51.344+0800][2485.367s] GC(889)   Post Evacuate Collection Set: 0.8ms
[2024-03-24T20:34:51.344+0800][2485.367s] GC(889)   Other: 0.1ms
[2024-03-24T20:34:51.345+0800][2485.367s] GC(889) Eden regions: 305->0(305)
[2024-03-24T20:34:51.345+0800][2485.367s] GC(889) Survivor regions: 2->2(39)
[2024-03-24T20:34:51.345+0800][2485.367s] GC(889) Old regions: 57->57
[2024-03-24T20:34:51.345+0800][2485.367s] GC(889) Humongous regions: 4->4
[2024-03-24T20:34:51.345+0800][2485.367s] GC(889) Metaspace: 65923K(66688K)->65923K(66688K) NonClass: 58525K(58944K)->58525K(58944K) Class: 7397K(7744K)->7397K(7744K)
[2024-03-24T20:34:51.345+0800][2485.367s] GC(889) Pause Young (Normal) (G1 Evacuation Pause) 366M->61M(512M) 3.460ms
[2024-03-24T20:34:51.345+0800][2485.367s] GC(889) User=0.00s Sys=0.00s Real=0.01s
[2024-03-24T20:34:53.031+0800][2487.054s] GC(890) Pause Young (Normal) (G1 Evacuation Pause)
[2024-03-24T20:34:53.031+0800][2487.054s] GC(890) Using 8 workers of 8 for evacuation
[2024-03-24T20:34:53.034+0800][2487.058s] GC(890)   Pre Evacuate Collection Set: 0.3ms
[2024-03-24T20:34:53.035+0800][2487.058s] GC(890)   Merge Heap Roots: 0.1ms
[2024-03-24T20:34:53.035+0800][2487.058s] GC(890)   Evacuate Collection Set: 2.1ms
[2024-03-24T20:34:53.035+0800][2487.058s] GC(890)   Post Evacuate Collection Set: 0.5ms
[2024-03-24T20:34:53.035+0800][2487.058s] GC(890)   Other: 0.1ms
[2024-03-24T20:34:53.035+0800][2487.058s] GC(890) Eden regions: 305->0(305)
[2024-03-24T20:34:53.035+0800][2487.058s] GC(890) Survivor regions: 2->2(39)
[2024-03-24T20:34:53.035+0800][2487.058s] GC(890) Old regions: 57->57
[2024-03-24T20:34:53.035+0800][2487.058s] GC(890) Humongous regions: 4->4
[2024-03-24T20:34:53.035+0800][2487.058s] GC(890) Metaspace: 65923K(66688K)->65923K(66688K) NonClass: 58525K(58944K)->58525K(58944K) Class: 7397K(7744K)->7397K(7744K)
[2024-03-24T20:34:53.035+0800][2487.058s] GC(890) Pause Young (Normal) (G1 Evacuation Pause) 366M->61M(512M) 3.753ms
[2024-03-24T20:34:53.035+0800][2487.058s] GC(890) User=0.00s Sys=0.00s Real=0.00s
[2024-03-24T20:34:54.822+0800][2488.846s] GC(891) Pause Young (Normal) (G1 Evacuation Pause)
[2024-03-24T20:34:54.822+0800][2488.846s] GC(891) Using 8 workers of 8 for evacuation
[2024-03-24T20:34:54.824+0800][2488.848s] GC(891)   Pre Evacuate Collection Set: 0.1ms
[2024-03-24T20:34:54.824+0800][2488.849s] GC(891)   Merge Heap Roots: 0.1ms
[2024-03-24T20:34:54.824+0800][2488.849s] GC(891)   Evacuate Collection Set: 1.5ms
[2024-03-24T20:34:54.824+0800][2488.849s] GC(891)   Post Evacuate Collection Set: 0.5ms
[2024-03-24T20:34:54.824+0800][2488.849s] GC(891)   Other: 0.1ms
[2024-03-24T20:34:54.824+0800][2488.849s] GC(891) Eden regions: 305->0(305)
[2024-03-24T20:34:54.824+0800][2488.849s] GC(891) Survivor regions: 2->2(39)
[2024-03-24T20:34:54.826+0800][2488.849s] GC(891) Old regions: 57->57
[2024-03-24T20:34:54.826+0800][2488.849s] GC(891) Humongous regions: 4->4
[2024-03-24T20:34:54.826+0800][2488.849s] GC(891) Metaspace: 65923K(66688K)->65923K(66688K) NonClass: 58525K(58944K)->58525K(58944K) Class: 7397K(7744K)->7397K(7744K)
[2024-03-24T20:34:54.826+0800][2488.849s] GC(891) Pause Young (Normal) (G1 Evacuation Pause) 366M->62M(512M) 2.790ms
[2024-03-24T20:34:54.826+0800][2488.849s] GC(891) User=0.09s Sys=0.00s Real=0.00s
[2024-03-24T20:34:56.503+0800][2490.527s] GC(892) Pause Young (Normal) (G1 Evacuation Pause)
[2024-03-24T20:34:56.503+0800][2490.527s] GC(892) Using 8 workers of 8 for evacuation
[2024-03-24T20:34:56.509+0800][2490.531s] GC(892)   Pre Evacuate Collection Set: 0.3ms
[2024-03-24T20:34:56.509+0800][2490.531s] GC(892)   Merge Heap Roots: 0.1ms
[2024-03-24T20:34:56.509+0800][2490.531s] GC(892)   Evacuate Collection Set: 2.6ms
[2024-03-24T20:34:56.509+0800][2490.531s] GC(892)   Post Evacuate Collection Set: 0.9ms
[2024-03-24T20:34:56.509+0800][2490.531s] GC(892)   Other: 0.1ms
[2024-03-24T20:34:56.509+0800][2490.532s] GC(892) Eden regions: 305->0(305)
[2024-03-24T20:34:56.509+0800][2490.532s] GC(892) Survivor regions: 2->2(39)
[2024-03-24T20:34:56.509+0800][2490.532s] GC(892) Old regions: 57->57
[2024-03-24T20:34:56.509+0800][2490.532s] GC(892) Humongous regions: 4->4
[2024-03-24T20:34:56.509+0800][2490.532s] GC(892) Metaspace: 65923K(66688K)->65923K(66688K) NonClass: 58525K(58944K)->58525K(58944K) Class: 7397K(7744K)->7397K(7744K)
[2024-03-24T20:34:56.509+0800][2490.532s] GC(892) Pause Young (Normal) (G1 Evacuation Pause) 367M->61M(512M) 4.546ms
[2024-03-24T20:34:56.509+0800][2490.532s] GC(892) User=0.00s Sys=0.00s Real=0.01s
[2024-03-24T20:34:58.250+0800][2492.274s] GC(893) Pause Young (Normal) (G1 Evacuation Pause)
[2024-03-24T20:34:58.250+0800][2492.274s] GC(893) Using 8 workers of 8 for evacuation
[2024-03-24T20:34:58.253+0800][2492.276s] GC(893)   Pre Evacuate Collection Set: 0.2ms
[2024-03-24T20:34:58.253+0800][2492.276s] GC(893)   Merge Heap Roots: 0.2ms
[2024-03-24T20:34:58.253+0800][2492.276s] GC(893)   Evacuate Collection Set: 1.4ms
[2024-03-24T20:34:58.253+0800][2492.276s] GC(893)   Post Evacuate Collection Set: 0.8ms
[2024-03-24T20:34:58.253+0800][2492.277s] GC(893)   Other: 0.1ms
[2024-03-24T20:34:58.253+0800][2492.277s] GC(893) Eden regions: 305->0(305)
[2024-03-24T20:34:58.253+0800][2492.277s] GC(893) Survivor regions: 2->2(39)
[2024-03-24T20:34:58.253+0800][2492.277s] GC(893) Old regions: 57->57
[2024-03-24T20:34:58.253+0800][2492.277s] GC(893) Humongous regions: 4->4
[2024-03-24T20:34:58.253+0800][2492.277s] GC(893) Metaspace: 65923K(66688K)->65923K(66688K) NonClass: 58525K(58944K)->58525K(58944K) Class: 7397K(7744K)->7397K(7744K)
[2024-03-24T20:34:58.253+0800][2492.277s] GC(893) Pause Young (Normal) (G1 Evacuation Pause) 366M->61M(512M) 2.893ms
[2024-03-24T20:34:58.253+0800][2492.277s] GC(893) User=0.00s Sys=0.00s Real=0.00s
[2024-03-24T20:35:00.093+0800][2494.118s] GC(894) Pause Young (Normal) (G1 Evacuation Pause)
[2024-03-24T20:35:00.093+0800][2494.118s] GC(894) Using 8 workers of 8 for evacuation
[2024-03-24T20:35:00.093+0800][2494.121s] GC(894)   Pre Evacuate Collection Set: 0.4ms
[2024-03-24T20:35:00.093+0800][2494.121s] GC(894)   Merge Heap Roots: 0.2ms
[2024-03-24T20:35:00.093+0800][2494.121s] GC(894)   Evacuate Collection Set: 1.9ms
[2024-03-24T20:35:00.093+0800][2494.121s] GC(894)   Post Evacuate Collection Set: 0.8ms
[2024-03-24T20:35:00.093+0800][2494.121s] GC(894)   Other: 0.1ms
[2024-03-24T20:35:00.093+0800][2494.121s] GC(894) Eden regions: 305->0(305)
[2024-03-24T20:35:00.093+0800][2494.121s] GC(894) Survivor regions: 2->2(39)
[2024-03-24T20:35:00.093+0800][2494.121s] GC(894) Old regions: 57->57
[2024-03-24T20:35:00.093+0800][2494.121s] GC(894) Humongous regions: 4->4
[2024-03-24T20:35:00.093+0800][2494.121s] GC(894) Metaspace: 65923K(66688K)->65923K(66688K) NonClass: 58525K(58944K)->58525K(58944K) Class: 7397K(7744K)->7397K(7744K)
[2024-03-24T20:35:00.093+0800][2494.121s] GC(894) Pause Young (Normal) (G1 Evacuation Pause) 366M->61M(512M) 3.908ms
[2024-03-24T20:35:00.093+0800][2494.122s] GC(894) User=0.00s Sys=0.00s Real=0.00s
[2024-03-24T20:35:01.941+0800][2495.969s] GC(895) Pause Young (Normal) (G1 Evacuation Pause)
[2024-03-24T20:35:01.941+0800][2495.969s] GC(895) Using 8 workers of 8 for evacuation
[2024-03-24T20:35:01.947+0800][2495.972s] GC(895)   Pre Evacuate Collection Set: 0.2ms
[2024-03-24T20:35:01.947+0800][2495.972s] GC(895)   Merge Heap Roots: 0.1ms
[2024-03-24T20:35:01.947+0800][2495.972s] GC(895)   Evacuate Collection Set: 2.3ms
[2024-03-24T20:35:01.947+0800][2495.972s] GC(895)   Post Evacuate Collection Set: 0.5ms
[2024-03-24T20:35:01.949+0800][2495.972s] GC(895)   Other: 0.1ms
[2024-03-24T20:35:01.949+0800][2495.972s] GC(895) Eden regions: 305->0(305)
[2024-03-24T20:35:01.949+0800][2495.972s] GC(895) Survivor regions: 2->2(39)
[2024-03-24T20:35:01.949+0800][2495.972s] GC(895) Old regions: 57->57
[2024-03-24T20:35:01.949+0800][2495.972s] GC(895) Humongous regions: 4->4
[2024-03-24T20:35:01.949+0800][2495.972s] GC(895) Metaspace: 65923K(66688K)->65923K(66688K) NonClass: 58525K(58944K)->58525K(58944K) Class: 7397K(7744K)->7397K(7744K)
[2024-03-24T20:35:01.949+0800][2495.972s] GC(895) Pause Young (Normal) (G1 Evacuation Pause) 366M->61M(512M) 3.488ms
[2024-03-24T20:35:01.949+0800][2495.972s] GC(895) User=0.00s Sys=0.00s Real=0.01s
[2024-03-24T20:35:03.727+0800][2497.756s] GC(896) Pause Young (Normal) (G1 Evacuation Pause)
[2024-03-24T20:35:03.727+0800][2497.756s] GC(896) Using 8 workers of 8 for evacuation
[2024-03-24T20:35:03.737+0800][2497.759s] GC(896)   Pre Evacuate Collection Set: 0.3ms
[2024-03-24T20:35:03.737+0800][2497.759s] GC(896)   Merge Heap Roots: 0.2ms
[2024-03-24T20:35:03.737+0800][2497.759s] GC(896)   Evacuate Collection Set: 2.2ms
[2024-03-24T20:35:03.737+0800][2497.760s] GC(896)   Post Evacuate Collection Set: 0.9ms
[2024-03-24T20:35:03.737+0800][2497.760s] GC(896)   Other: 0.1ms
[2024-03-24T20:35:03.737+0800][2497.760s] GC(896) Eden regions: 305->0(305)
[2024-03-24T20:35:03.737+0800][2497.760s] GC(896) Survivor regions: 2->2(39)
[2024-03-24T20:35:03.737+0800][2497.760s] GC(896) Old regions: 57->57
[2024-03-24T20:35:03.737+0800][2497.760s] GC(896) Humongous regions: 4->4
[2024-03-24T20:35:03.737+0800][2497.760s] GC(896) Metaspace: 65923K(66688K)->65923K(66688K) NonClass: 58525K(58944K)->58525K(58944K) Class: 7397K(7744K)->7397K(7744K)
[2024-03-24T20:35:03.737+0800][2497.760s] GC(896) Pause Young (Normal) (G1 Evacuation Pause) 366M->61M(512M) 4.130ms
[2024-03-24T20:35:03.737+0800][2497.760s] GC(896) User=0.00s Sys=0.00s Real=0.01s
[2024-03-24T20:35:05.387+0800][2499.410s] GC(897) Pause Young (Normal) (G1 Evacuation Pause)
[2024-03-24T20:35:05.387+0800][2499.411s] GC(897) Using 8 workers of 8 for evacuation
[2024-03-24T20:35:05.387+0800][2499.414s] GC(897)   Pre Evacuate Collection Set: 0.5ms
[2024-03-24T20:35:05.387+0800][2499.414s] GC(897)   Merge Heap Roots: 0.2ms
[2024-03-24T20:35:05.387+0800][2499.414s] GC(897)   Evacuate Collection Set: 1.8ms
[2024-03-24T20:35:05.387+0800][2499.414s] GC(897)   Post Evacuate Collection Set: 0.9ms
[2024-03-24T20:35:05.387+0800][2499.414s] GC(897)   Other: 0.2ms
[2024-03-24T20:35:05.387+0800][2499.414s] GC(897) Eden regions: 305->0(305)
[2024-03-24T20:35:05.387+0800][2499.414s] GC(897) Survivor regions: 2->2(39)
[2024-03-24T20:35:05.387+0800][2499.414s] GC(897) Old regions: 57->57
[2024-03-24T20:35:05.387+0800][2499.414s] GC(897) Humongous regions: 4->4
[2024-03-24T20:35:05.387+0800][2499.414s] GC(897) Metaspace: 65924K(66688K)->65924K(66688K) NonClass: 58526K(58944K)->58526K(58944K) Class: 7397K(7744K)->7397K(7744K)
[2024-03-24T20:35:05.387+0800][2499.414s] GC(897) Pause Young (Normal) (G1 Evacuation Pause) 366M->61M(512M) 4.030ms
[2024-03-24T20:35:05.387+0800][2499.414s] GC(897) User=0.00s Sys=0.00s Real=0.00s
[2024-03-24T20:35:07.167+0800][2501.192s] GC(898) Pause Young (Normal) (G1 Evacuation Pause)
[2024-03-24T20:35:07.167+0800][2501.192s] GC(898) Using 8 workers of 8 for evacuation
[2024-03-24T20:35:07.171+0800][2501.194s] GC(898)   Pre Evacuate Collection Set: 0.3ms
[2024-03-24T20:35:07.171+0800][2501.194s] GC(898)   Merge Heap Roots: 0.1ms
[2024-03-24T20:35:07.171+0800][2501.194s] GC(898)   Evacuate Collection Set: 1.5ms
[2024-03-24T20:35:07.171+0800][2501.194s] GC(898)   Post Evacuate Collection Set: 0.7ms
[2024-03-24T20:35:07.171+0800][2501.194s] GC(898)   Other: 0.1ms
[2024-03-24T20:35:07.171+0800][2501.194s] GC(898) Eden regions: 305->0(305)
[2024-03-24T20:35:07.171+0800][2501.194s] GC(898) Survivor regions: 2->2(39)
[2024-03-24T20:35:07.171+0800][2501.194s] GC(898) Old regions: 57->57
[2024-03-24T20:35:07.171+0800][2501.194s] GC(898) Humongous regions: 4->4
[2024-03-24T20:35:07.171+0800][2501.194s] GC(898) Metaspace: 65924K(66688K)->65924K(66688K) NonClass: 58526K(58944K)->58526K(58944K) Class: 7397K(7744K)->7397K(7744K)
[2024-03-24T20:35:07.171+0800][2501.195s] GC(898) Pause Young (Normal) (G1 Evacuation Pause) 366M->61M(512M) 2.979ms
[2024-03-24T20:35:07.171+0800][2501.195s] GC(898) User=0.00s Sys=0.00s Real=0.00s
[2024-03-24T20:35:08.938+0800][2502.961s] GC(899) Pause Young (Normal) (G1 Evacuation Pause)
[2024-03-24T20:35:08.938+0800][2502.961s] GC(899) Using 8 workers of 8 for evacuation
[2024-03-24T20:35:08.942+0800][2502.965s] GC(899)   Pre Evacuate Collection Set: 0.2ms
[2024-03-24T20:35:08.942+0800][2502.965s] GC(899)   Merge Heap Roots: 0.1ms
[2024-03-24T20:35:08.942+0800][2502.965s] GC(899)   Evacuate Collection Set: 2.1ms
[2024-03-24T20:35:08.942+0800][2502.965s] GC(899)   Post Evacuate Collection Set: 0.7ms
[2024-03-24T20:35:08.942+0800][2502.965s] GC(899)   Other: 0.2ms
[2024-03-24T20:35:08.942+0800][2502.965s] GC(899) Eden regions: 305->0(305)
[2024-03-24T20:35:08.942+0800][2502.965s] GC(899) Survivor regions: 2->2(39)
[2024-03-24T20:35:08.942+0800][2502.965s] GC(899) Old regions: 57->57
[2024-03-24T20:35:08.942+0800][2502.965s] GC(899) Humongous regions: 4->4
[2024-03-24T20:35:08.942+0800][2502.965s] GC(899) Metaspace: 65924K(66688K)->65924K(66688K) NonClass: 58526K(58944K)->58526K(58944K) Class: 7397K(7744K)->7397K(7744K)
[2024-03-24T20:35:08.942+0800][2502.965s] GC(899) Pause Young (Normal) (G1 Evacuation Pause) 366M->62M(512M) 4.240ms
[2024-03-24T20:35:08.942+0800][2502.965s] GC(899) User=0.00s Sys=0.00s Real=0.00s
[2024-03-24T20:35:10.743+0800][2504.767s] GC(900) Pause Young (Normal) (G1 Evacuation Pause)
[2024-03-24T20:35:10.743+0800][2504.767s] GC(900) Using 8 workers of 8 for evacuation
[2024-03-24T20:35:10.743+0800][2504.771s] GC(900)   Pre Evacuate Collection Set: 0.2ms
[2024-03-24T20:35:10.743+0800][2504.771s] GC(900)   Merge Heap Roots: 0.2ms
[2024-03-24T20:35:10.743+0800][2504.771s] GC(900)   Evacuate Collection Set: 2.2ms
[2024-03-24T20:35:10.743+0800][2504.771s] GC(900)   Post Evacuate Collection Set: 0.8ms
[2024-03-24T20:35:10.743+0800][2504.771s] GC(900)   Other: 0.1ms
[2024-03-24T20:35:10.743+0800][2504.771s] GC(900) Eden regions: 305->0(305)
[2024-03-24T20:35:10.749+0800][2504.771s] GC(900) Survivor regions: 2->2(39)
[2024-03-24T20:35:10.749+0800][2504.771s] GC(900) Old regions: 57->57
[2024-03-24T20:35:10.749+0800][2504.771s] GC(900) Humongous regions: 4->4
[2024-03-24T20:35:10.749+0800][2504.771s] GC(900) Metaspace: 65924K(66688K)->65924K(66688K) NonClass: 58526K(58944K)->58526K(58944K) Class: 7397K(7744K)->7397K(7744K)
[2024-03-24T20:35:10.749+0800][2504.772s] GC(900) Pause Young (Normal) (G1 Evacuation Pause) 367M->61M(512M) 4.194ms
[2024-03-24T20:35:10.749+0800][2504.772s] GC(900) User=0.00s Sys=0.00s Real=0.01s
[2024-03-24T20:35:12.352+0800][2506.383s] GC(901) Pause Young (Normal) (G1 Evacuation Pause)
[2024-03-24T20:35:12.352+0800][2506.383s] GC(901) Using 8 workers of 8 for evacuation
[2024-03-24T20:35:12.362+0800][2506.385s] GC(901)   Pre Evacuate Collection Set: 0.3ms
[2024-03-24T20:35:12.362+0800][2506.385s] GC(901)   Merge Heap Roots: 0.1ms
[2024-03-24T20:35:12.362+0800][2506.385s] GC(901)   Evacuate Collection Set: 1.1ms
[2024-03-24T20:35:12.362+0800][2506.385s] GC(901)   Post Evacuate Collection Set: 0.5ms
[2024-03-24T20:35:12.362+0800][2506.385s] GC(901)   Other: 0.1ms
[2024-03-24T20:35:12.362+0800][2506.385s] GC(901) Eden regions: 305->0(305)
[2024-03-24T20:35:12.362+0800][2506.385s] GC(901) Survivor regions: 2->2(39)
[2024-03-24T20:35:12.362+0800][2506.385s] GC(901) Old regions: 57->57
[2024-03-24T20:35:12.362+0800][2506.385s] GC(901) Humongous regions: 4->4
[2024-03-24T20:35:12.362+0800][2506.385s] GC(901) Metaspace: 65924K(66688K)->65924K(66688K) NonClass: 58526K(58944K)->58526K(58944K) Class: 7397K(7744K)->7397K(7744K)
[2024-03-24T20:35:12.362+0800][2506.385s] GC(901) Pause Young (Normal) (G1 Evacuation Pause) 366M->61M(512M) 2.433ms
[2024-03-24T20:35:12.362+0800][2506.385s] GC(901) User=0.00s Sys=0.00s Real=0.01s
[2024-03-24T20:35:13.846+0800][2507.873s] GC(902) Pause Young (Normal) (G1 Evacuation Pause)
[2024-03-24T20:35:13.846+0800][2507.874s] GC(902) Using 8 workers of 8 for evacuation
[2024-03-24T20:35:13.854+0800][2507.877s] GC(902)   Pre Evacuate Collection Set: 0.2ms
[2024-03-24T20:35:13.854+0800][2507.877s] GC(902)   Merge Heap Roots: 0.1ms
[2024-03-24T20:35:13.854+0800][2507.877s] GC(902)   Evacuate Collection Set: 2.1ms
[2024-03-24T20:35:13.854+0800][2507.877s] GC(902)   Post Evacuate Collection Set: 0.5ms
[2024-03-24T20:35:13.854+0800][2507.877s] GC(902)   Other: 0.1ms
[2024-03-24T20:35:13.854+0800][2507.877s] GC(902) Eden regions: 305->0(305)
[2024-03-24T20:35:13.854+0800][2507.877s] GC(902) Survivor regions: 2->2(39)
[2024-03-24T20:35:13.854+0800][2507.877s] GC(902) Old regions: 57->57
[2024-03-24T20:35:13.854+0800][2507.877s] GC(902) Humongous regions: 4->4
[2024-03-24T20:35:13.854+0800][2507.877s] GC(902) Metaspace: 65924K(66688K)->65924K(66688K) NonClass: 58526K(58944K)->58526K(58944K) Class: 7397K(7744K)->7397K(7744K)
[2024-03-24T20:35:13.854+0800][2507.877s] GC(902) Pause Young (Normal) (G1 Evacuation Pause) 366M->62M(512M) 3.554ms
[2024-03-24T20:35:13.854+0800][2507.877s] GC(902) User=0.00s Sys=0.02s Real=0.01s
[2024-03-24T20:35:15.543+0800][2509.566s] GC(903) Pause Young (Normal) (G1 Evacuation Pause)
[2024-03-24T20:35:15.543+0800][2509.566s] GC(903) Using 8 workers of 8 for evacuation
[2024-03-24T20:35:15.543+0800][2509.569s] GC(903)   Pre Evacuate Collection Set: 0.3ms
[2024-03-24T20:35:15.543+0800][2509.569s] GC(903)   Merge Heap Roots: 0.1ms
[2024-03-24T20:35:15.543+0800][2509.569s] GC(903)   Evacuate Collection Set: 1.7ms
[2024-03-24T20:35:15.543+0800][2509.569s] GC(903)   Post Evacuate Collection Set: 0.6ms
[2024-03-24T20:35:15.543+0800][2509.569s] GC(903)   Other: 0.1ms
[2024-03-24T20:35:15.543+0800][2509.569s] GC(903) Eden regions: 305->0(305)
[2024-03-24T20:35:15.543+0800][2509.569s] GC(903) Survivor regions: 2->2(39)
[2024-03-24T20:35:15.543+0800][2509.569s] GC(903) Old regions: 57->57
[2024-03-24T20:35:15.543+0800][2509.569s] GC(903) Humongous regions: 4->4
[2024-03-24T20:35:15.543+0800][2509.569s] GC(903) Metaspace: 65924K(66688K)->65924K(66688K) NonClass: 58526K(58944K)->58526K(58944K) Class: 7397K(7744K)->7397K(7744K)
[2024-03-24T20:35:15.543+0800][2509.569s] GC(903) Pause Young (Normal) (G1 Evacuation Pause) 367M->61M(512M) 3.058ms
[2024-03-24T20:35:15.543+0800][2509.569s] GC(903) User=0.00s Sys=0.00s Real=0.00s
[2024-03-24T20:35:17.302+0800][2511.327s] GC(904) Pause Young (Normal) (G1 Evacuation Pause)
[2024-03-24T20:35:17.302+0800][2511.327s] GC(904) Using 8 workers of 8 for evacuation
[2024-03-24T20:35:17.302+0800][2511.332s] GC(904)   Pre Evacuate Collection Set: 0.3ms
[2024-03-24T20:35:17.302+0800][2511.332s] GC(904)   Merge Heap Roots: 0.1ms
[2024-03-24T20:35:17.302+0800][2511.332s] GC(904)   Evacuate Collection Set: 2.9ms
[2024-03-24T20:35:17.302+0800][2511.332s] GC(904)   Post Evacuate Collection Set: 1.3ms
[2024-03-24T20:35:17.302+0800][2511.332s] GC(904)   Other: 0.2ms
[2024-03-24T20:35:17.302+0800][2511.332s] GC(904) Eden regions: 305->0(305)
[2024-03-24T20:35:17.302+0800][2511.332s] GC(904) Survivor regions: 2->2(39)
[2024-03-24T20:35:17.302+0800][2511.332s] GC(904) Old regions: 57->57
[2024-03-24T20:35:17.302+0800][2511.332s] GC(904) Humongous regions: 4->4
[2024-03-24T20:35:17.302+0800][2511.332s] GC(904) Metaspace: 65924K(66688K)->65924K(66688K) NonClass: 58526K(58944K)->58526K(58944K) Class: 7397K(7744K)->7397K(7744K)
[2024-03-24T20:35:17.302+0800][2511.332s] GC(904) Pause Young (Normal) (G1 Evacuation Pause) 366M->61M(512M) 5.304ms
[2024-03-24T20:35:17.302+0800][2511.332s] GC(904) User=0.00s Sys=0.00s Real=0.00s
[2024-03-24T20:35:19.037+0800][2513.061s] GC(905) Pause Young (Normal) (G1 Evacuation Pause)
[2024-03-24T20:35:19.037+0800][2513.061s] GC(905) Using 8 workers of 8 for evacuation
[2024-03-24T20:35:19.040+0800][2513.064s] GC(905)   Pre Evacuate Collection Set: 0.5ms
[2024-03-24T20:35:19.040+0800][2513.064s] GC(905)   Merge Heap Roots: 0.2ms
[2024-03-24T20:35:19.040+0800][2513.064s] GC(905)   Evacuate Collection Set: 1.5ms
[2024-03-24T20:35:19.040+0800][2513.064s] GC(905)   Post Evacuate Collection Set: 0.6ms
[2024-03-24T20:35:19.040+0800][2513.064s] GC(905)   Other: 0.2ms
[2024-03-24T20:35:19.040+0800][2513.064s] GC(905) Eden regions: 305->0(305)
[2024-03-24T20:35:19.040+0800][2513.064s] GC(905) Survivor regions: 2->2(39)
[2024-03-24T20:35:19.040+0800][2513.064s] GC(905) Old regions: 57->57
[2024-03-24T20:35:19.040+0800][2513.064s] GC(905) Humongous regions: 4->4
[2024-03-24T20:35:19.040+0800][2513.064s] GC(905) Metaspace: 65924K(66688K)->65924K(66688K) NonClass: 58526K(58944K)->58526K(58944K) Class: 7397K(7744K)->7397K(7744K)
[2024-03-24T20:35:19.040+0800][2513.064s] GC(905) Pause Young (Normal) (G1 Evacuation Pause) 366M->62M(512M) 3.364ms
[2024-03-24T20:35:19.040+0800][2513.064s] GC(905) User=0.00s Sys=0.00s Real=0.00s
[2024-03-24T20:35:20.821+0800][2514.854s] GC(906) Pause Young (Normal) (G1 Evacuation Pause)
[2024-03-24T20:35:20.821+0800][2514.854s] GC(906) Using 8 workers of 8 for evacuation
[2024-03-24T20:35:20.833+0800][2514.857s] GC(906)   Pre Evacuate Collection Set: 0.2ms
[2024-03-24T20:35:20.833+0800][2514.858s] GC(906)   Merge Heap Roots: 0.2ms
[2024-03-24T20:35:20.833+0800][2514.858s] GC(906)   Evacuate Collection Set: 1.7ms
[2024-03-24T20:35:20.833+0800][2514.858s] GC(906)   Post Evacuate Collection Set: 1.1ms
[2024-03-24T20:35:20.833+0800][2514.858s] GC(906)   Other: 0.1ms
[2024-03-24T20:35:20.833+0800][2514.858s] GC(906) Eden regions: 305->0(305)
[2024-03-24T20:35:20.833+0800][2514.858s] GC(906) Survivor regions: 2->2(39)
[2024-03-24T20:35:20.833+0800][2514.858s] GC(906) Old regions: 57->57
[2024-03-24T20:35:20.833+0800][2514.858s] GC(906) Humongous regions: 4->4
[2024-03-24T20:35:20.833+0800][2514.858s] GC(906) Metaspace: 65924K(66688K)->65924K(66688K) NonClass: 58526K(58944K)->58526K(58944K) Class: 7397K(7744K)->7397K(7744K)
[2024-03-24T20:35:20.833+0800][2514.858s] GC(906) Pause Young (Normal) (G1 Evacuation Pause) 367M->62M(512M) 4.077ms
[2024-03-24T20:35:20.833+0800][2514.858s] GC(906) User=0.00s Sys=0.00s Real=0.01s
[2024-03-24T20:35:22.656+0800][2516.687s] GC(907) Pause Young (Normal) (G1 Evacuation Pause)
[2024-03-24T20:35:22.656+0800][2516.687s] GC(907) Using 8 workers of 8 for evacuation
[2024-03-24T20:35:22.668+0800][2516.690s] GC(907)   Pre Evacuate Collection Set: 0.4ms
[2024-03-24T20:35:22.668+0800][2516.691s] GC(907)   Merge Heap Roots: 0.1ms
[2024-03-24T20:35:22.668+0800][2516.691s] GC(907)   Evacuate Collection Set: 2.1ms
[2024-03-24T20:35:22.668+0800][2516.691s] GC(907)   Post Evacuate Collection Set: 0.7ms
[2024-03-24T20:35:22.668+0800][2516.691s] GC(907)   Other: 0.2ms
[2024-03-24T20:35:22.668+0800][2516.691s] GC(907) Eden regions: 305->0(305)
[2024-03-24T20:35:22.668+0800][2516.691s] GC(907) Survivor regions: 2->2(39)
[2024-03-24T20:35:22.668+0800][2516.691s] GC(907) Old regions: 57->57
[2024-03-24T20:35:22.668+0800][2516.691s] GC(907) Humongous regions: 4->4
[2024-03-24T20:35:22.668+0800][2516.691s] GC(907) Metaspace: 65924K(66688K)->65924K(66688K) NonClass: 58526K(58944K)->58526K(58944K) Class: 7397K(7744K)->7397K(7744K)
[2024-03-24T20:35:22.668+0800][2516.691s] GC(907) Pause Young (Normal) (G1 Evacuation Pause) 367M->62M(512M) 4.303ms
[2024-03-24T20:35:22.668+0800][2516.691s] GC(907) User=0.00s Sys=0.00s Real=0.01s
[2024-03-24T20:35:24.340+0800][2518.364s] GC(908) Pause Young (Normal) (G1 Evacuation Pause)
[2024-03-24T20:35:24.340+0800][2518.364s] GC(908) Using 8 workers of 8 for evacuation
[2024-03-24T20:35:24.345+0800][2518.368s] GC(908)   Pre Evacuate Collection Set: 0.3ms
[2024-03-24T20:35:24.345+0800][2518.368s] GC(908)   Merge Heap Roots: 0.1ms
[2024-03-24T20:35:24.345+0800][2518.368s] GC(908)   Evacuate Collection Set: 2.2ms
[2024-03-24T20:35:24.345+0800][2518.368s] GC(908)   Post Evacuate Collection Set: 0.7ms
[2024-03-24T20:35:24.345+0800][2518.368s] GC(908)   Other: 0.1ms
[2024-03-24T20:35:24.345+0800][2518.368s] GC(908) Eden regions: 305->0(305)
[2024-03-24T20:35:24.345+0800][2518.368s] GC(908) Survivor regions: 2->2(39)
[2024-03-24T20:35:24.345+0800][2518.368s] GC(908) Old regions: 57->57
[2024-03-24T20:35:24.345+0800][2518.368s] GC(908) Humongous regions: 4->4
[2024-03-24T20:35:24.345+0800][2518.368s] GC(908) Metaspace: 65924K(66688K)->65924K(66688K) NonClass: 58526K(58944K)->58526K(58944K) Class: 7397K(7744K)->7397K(7744K)
[2024-03-24T20:35:24.345+0800][2518.368s] GC(908) Pause Young (Normal) (G1 Evacuation Pause) 367M->61M(512M) 3.985ms
[2024-03-24T20:35:24.345+0800][2518.368s] GC(908) User=0.00s Sys=0.00s Real=0.01s
[2024-03-24T20:35:26.170+0800][2520.192s] GC(909) Pause Young (Normal) (G1 Evacuation Pause)
[2024-03-24T20:35:26.170+0800][2520.193s] GC(909) Using 8 workers of 8 for evacuation
[2024-03-24T20:35:26.174+0800][2520.197s] GC(909)   Pre Evacuate Collection Set: 0.5ms
[2024-03-24T20:35:26.174+0800][2520.197s] GC(909)   Merge Heap Roots: 0.1ms
[2024-03-24T20:35:26.174+0800][2520.197s] GC(909)   Evacuate Collection Set: 2.5ms
[2024-03-24T20:35:26.174+0800][2520.197s] GC(909)   Post Evacuate Collection Set: 0.7ms
[2024-03-24T20:35:26.174+0800][2520.197s] GC(909)   Other: 0.3ms
[2024-03-24T20:35:26.174+0800][2520.197s] GC(909) Eden regions: 305->0(305)
[2024-03-24T20:35:26.174+0800][2520.197s] GC(909) Survivor regions: 2->2(39)
[2024-03-24T20:35:26.174+0800][2520.197s] GC(909) Old regions: 57->57
[2024-03-24T20:35:26.174+0800][2520.197s] GC(909) Humongous regions: 4->4
[2024-03-24T20:35:26.174+0800][2520.197s] GC(909) Metaspace: 65924K(66688K)->65924K(66688K) NonClass: 58526K(58944K)->58526K(58944K) Class: 7397K(7744K)->7397K(7744K)
[2024-03-24T20:35:26.174+0800][2520.197s] GC(909) Pause Young (Normal) (G1 Evacuation Pause) 366M->62M(512M) 4.585ms
[2024-03-24T20:35:26.174+0800][2520.197s] GC(909) User=0.00s Sys=0.00s Real=0.00s
[2024-03-24T20:35:27.969+0800][2521.992s] GC(910) Pause Young (Normal) (G1 Evacuation Pause)
[2024-03-24T20:35:27.969+0800][2521.992s] GC(910) Using 8 workers of 8 for evacuation
[2024-03-24T20:35:27.972+0800][2521.996s] GC(910)   Pre Evacuate Collection Set: 0.2ms
[2024-03-24T20:35:27.972+0800][2521.996s] GC(910)   Merge Heap Roots: 0.1ms
[2024-03-24T20:35:27.972+0800][2521.996s] GC(910)   Evacuate Collection Set: 2.3ms
[2024-03-24T20:35:27.972+0800][2521.996s] GC(910)   Post Evacuate Collection Set: 0.7ms
[2024-03-24T20:35:27.972+0800][2521.996s] GC(910)   Other: 0.1ms
[2024-03-24T20:35:27.972+0800][2521.996s] GC(910) Eden regions: 305->0(305)
[2024-03-24T20:35:27.972+0800][2521.996s] GC(910) Survivor regions: 2->2(39)
[2024-03-24T20:35:27.972+0800][2521.996s] GC(910) Old regions: 57->57
[2024-03-24T20:35:27.972+0800][2521.996s] GC(910) Humongous regions: 4->4
[2024-03-24T20:35:27.972+0800][2521.996s] GC(910) Metaspace: 65924K(66688K)->65924K(66688K) NonClass: 58526K(58944K)->58526K(58944K) Class: 7397K(7744K)->7397K(7744K)
[2024-03-24T20:35:27.972+0800][2521.996s] GC(910) Pause Young (Normal) (G1 Evacuation Pause) 367M->61M(512M) 3.707ms
[2024-03-24T20:35:27.972+0800][2521.996s] GC(910) User=0.00s Sys=0.00s Real=0.00s
[2024-03-24T20:35:29.828+0800][2523.858s] GC(911) Pause Young (Normal) (G1 Evacuation Pause)
[2024-03-24T20:35:29.828+0800][2523.858s] GC(911) Using 8 workers of 8 for evacuation
[2024-03-24T20:35:29.838+0800][2523.862s] GC(911)   Pre Evacuate Collection Set: 0.4ms
[2024-03-24T20:35:29.838+0800][2523.862s] GC(911)   Merge Heap Roots: 0.1ms
[2024-03-24T20:35:29.838+0800][2523.862s] GC(911)   Evacuate Collection Set: 2.0ms
[2024-03-24T20:35:29.838+0800][2523.862s] GC(911)   Post Evacuate Collection Set: 1.0ms
[2024-03-24T20:35:29.838+0800][2523.862s] GC(911)   Other: 0.1ms
[2024-03-24T20:35:29.838+0800][2523.862s] GC(911) Eden regions: 305->0(305)
[2024-03-24T20:35:29.838+0800][2523.862s] GC(911) Survivor regions: 2->2(39)
[2024-03-24T20:35:29.838+0800][2523.862s] GC(911) Old regions: 57->57
[2024-03-24T20:35:29.838+0800][2523.862s] GC(911) Humongous regions: 4->4
[2024-03-24T20:35:29.838+0800][2523.863s] GC(911) Metaspace: 65924K(66688K)->65924K(66688K) NonClass: 58526K(58944K)->58526K(58944K) Class: 7397K(7744K)->7397K(7744K)
[2024-03-24T20:35:29.838+0800][2523.863s] GC(911) Pause Young (Normal) (G1 Evacuation Pause) 366M->62M(512M) 4.213ms
[2024-03-24T20:35:29.838+0800][2523.863s] GC(911) User=0.00s Sys=0.00s Real=0.01s
[2024-03-24T20:35:31.575+0800][2525.599s] GC(912) Pause Young (Normal) (G1 Evacuation Pause)
[2024-03-24T20:35:31.575+0800][2525.599s] GC(912) Using 8 workers of 8 for evacuation
[2024-03-24T20:35:31.579+0800][2525.602s] GC(912)   Pre Evacuate Collection Set: 0.3ms
[2024-03-24T20:35:31.579+0800][2525.602s] GC(912)   Merge Heap Roots: 0.2ms
[2024-03-24T20:35:31.579+0800][2525.602s] GC(912)   Evacuate Collection Set: 2.0ms
[2024-03-24T20:35:31.579+0800][2525.602s] GC(912)   Post Evacuate Collection Set: 0.7ms
[2024-03-24T20:35:31.579+0800][2525.602s] GC(912)   Other: 0.1ms
[2024-03-24T20:35:31.579+0800][2525.602s] GC(912) Eden regions: 305->0(305)
[2024-03-24T20:35:31.580+0800][2525.602s] GC(912) Survivor regions: 2->2(39)
[2024-03-24T20:35:31.580+0800][2525.602s] GC(912) Old regions: 57->57
[2024-03-24T20:35:31.580+0800][2525.602s] GC(912) Humongous regions: 4->4
[2024-03-24T20:35:31.580+0800][2525.602s] GC(912) Metaspace: 65924K(66688K)->65924K(66688K) NonClass: 58526K(58944K)->58526K(58944K) Class: 7397K(7744K)->7397K(7744K)
[2024-03-24T20:35:31.580+0800][2525.602s] GC(912) Pause Young (Normal) (G1 Evacuation Pause) 367M->61M(512M) 3.942ms
[2024-03-24T20:35:31.580+0800][2525.603s] GC(912) User=0.00s Sys=0.00s Real=0.00s
[2024-03-24T20:35:33.454+0800][2527.477s] GC(913) Pause Young (Normal) (G1 Evacuation Pause)
[2024-03-24T20:35:33.454+0800][2527.477s] GC(913) Using 8 workers of 8 for evacuation
[2024-03-24T20:35:33.458+0800][2527.481s] GC(913)   Pre Evacuate Collection Set: 0.2ms
[2024-03-24T20:35:33.458+0800][2527.481s] GC(913)   Merge Heap Roots: 0.1ms
[2024-03-24T20:35:33.458+0800][2527.481s] GC(913)   Evacuate Collection Set: 3.1ms
[2024-03-24T20:35:33.458+0800][2527.481s] GC(913)   Post Evacuate Collection Set: 0.6ms
[2024-03-24T20:35:33.458+0800][2527.481s] GC(913)   Other: 0.1ms
[2024-03-24T20:35:33.458+0800][2527.481s] GC(913) Eden regions: 305->0(305)
[2024-03-24T20:35:33.458+0800][2527.481s] GC(913) Survivor regions: 2->2(39)
[2024-03-24T20:35:33.458+0800][2527.481s] GC(913) Old regions: 57->57
[2024-03-24T20:35:33.458+0800][2527.482s] GC(913) Humongous regions: 4->4
[2024-03-24T20:35:33.458+0800][2527.482s] GC(913) Metaspace: 65924K(66688K)->65924K(66688K) NonClass: 58526K(58944K)->58526K(58944K) Class: 7397K(7744K)->7397K(7744K)
[2024-03-24T20:35:33.458+0800][2527.482s] GC(913) Pause Young (Normal) (G1 Evacuation Pause) 366M->62M(512M) 4.652ms
[2024-03-24T20:35:33.458+0800][2527.482s] GC(913) User=0.00s Sys=0.00s Real=0.00s
[2024-03-24T20:35:35.087+0800][2529.115s] GC(914) Pause Young (Normal) (G1 Evacuation Pause)
[2024-03-24T20:35:35.087+0800][2529.115s] GC(914) Using 8 workers of 8 for evacuation
[2024-03-24T20:35:35.094+0800][2529.118s] GC(914)   Pre Evacuate Collection Set: 0.2ms
[2024-03-24T20:35:35.094+0800][2529.118s] GC(914)   Merge Heap Roots: 0.2ms
[2024-03-24T20:35:35.094+0800][2529.118s] GC(914)   Evacuate Collection Set: 1.7ms
[2024-03-24T20:35:35.094+0800][2529.118s] GC(914)   Post Evacuate Collection Set: 0.5ms
[2024-03-24T20:35:35.094+0800][2529.118s] GC(914)   Other: 0.1ms
[2024-03-24T20:35:35.094+0800][2529.118s] GC(914) Eden regions: 305->0(305)
[2024-03-24T20:35:35.094+0800][2529.118s] GC(914) Survivor regions: 2->2(39)
[2024-03-24T20:35:35.094+0800][2529.118s] GC(914) Old regions: 57->57
[2024-03-24T20:35:35.094+0800][2529.118s] GC(914) Humongous regions: 4->4
[2024-03-24T20:35:35.094+0800][2529.118s] GC(914) Metaspace: 65924K(66688K)->65924K(66688K) NonClass: 58526K(58944K)->58526K(58944K) Class: 7397K(7744K)->7397K(7744K)
[2024-03-24T20:35:35.094+0800][2529.118s] GC(914) Pause Young (Normal) (G1 Evacuation Pause) 367M->62M(512M) 3.338ms
[2024-03-24T20:35:35.094+0800][2529.118s] GC(914) User=0.00s Sys=0.00s Real=0.01s
[2024-03-24T20:35:36.688+0800][2530.721s] GC(915) Pause Young (Normal) (G1 Evacuation Pause)
[2024-03-24T20:35:36.688+0800][2530.721s] GC(915) Using 8 workers of 8 for evacuation
[2024-03-24T20:35:36.700+0800][2530.724s] GC(915)   Pre Evacuate Collection Set: 0.3ms
[2024-03-24T20:35:36.700+0800][2530.724s] GC(915)   Merge Heap Roots: 0.1ms
[2024-03-24T20:35:36.700+0800][2530.724s] GC(915)   Evacuate Collection Set: 1.6ms
[2024-03-24T20:35:36.700+0800][2530.724s] GC(915)   Post Evacuate Collection Set: 0.9ms
[2024-03-24T20:35:36.700+0800][2530.724s] GC(915)   Other: 0.2ms
[2024-03-24T20:35:36.700+0800][2530.724s] GC(915) Eden regions: 305->0(305)
[2024-03-24T20:35:36.700+0800][2530.724s] GC(915) Survivor regions: 2->2(39)
[2024-03-24T20:35:36.700+0800][2530.724s] GC(915) Old regions: 57->57
[2024-03-24T20:35:36.700+0800][2530.724s] GC(915) Humongous regions: 4->4
[2024-03-24T20:35:36.700+0800][2530.724s] GC(915) Metaspace: 65924K(66688K)->65924K(66688K) NonClass: 58526K(58944K)->58526K(58944K) Class: 7397K(7744K)->7397K(7744K)
[2024-03-24T20:35:36.700+0800][2530.724s] GC(915) Pause Young (Normal) (G1 Evacuation Pause) 367M->61M(512M) 3.765ms
[2024-03-24T20:35:36.700+0800][2530.724s] GC(915) User=0.00s Sys=0.00s Real=0.01s
[2024-03-24T20:35:38.494+0800][2532.525s] GC(916) Pause Young (Normal) (G1 Evacuation Pause)
[2024-03-24T20:35:38.494+0800][2532.526s] GC(916) Using 8 workers of 8 for evacuation
[2024-03-24T20:35:38.494+0800][2532.529s] GC(916)   Pre Evacuate Collection Set: 0.3ms
[2024-03-24T20:35:38.494+0800][2532.529s] GC(916)   Merge Heap Roots: 0.2ms
[2024-03-24T20:35:38.494+0800][2532.529s] GC(916)   Evacuate Collection Set: 2.3ms
[2024-03-24T20:35:38.494+0800][2532.529s] GC(916)   Post Evacuate Collection Set: 0.9ms
[2024-03-24T20:35:38.494+0800][2532.529s] GC(916)   Other: 0.1ms
[2024-03-24T20:35:38.494+0800][2532.529s] GC(916) Eden regions: 305->0(305)
[2024-03-24T20:35:38.494+0800][2532.529s] GC(916) Survivor regions: 2->2(39)
[2024-03-24T20:35:38.494+0800][2532.530s] GC(916) Old regions: 57->57
[2024-03-24T20:35:38.494+0800][2532.530s] GC(916) Humongous regions: 4->4
[2024-03-24T20:35:38.494+0800][2532.530s] GC(916) Metaspace: 65924K(66688K)->65924K(66688K) NonClass: 58526K(58944K)->58526K(58944K) Class: 7397K(7744K)->7397K(7744K)
[2024-03-24T20:35:38.494+0800][2532.530s] GC(916) Pause Young (Normal) (G1 Evacuation Pause) 366M->62M(512M) 4.092ms
[2024-03-24T20:35:38.494+0800][2532.530s] GC(916) User=0.00s Sys=0.00s Real=0.00s
[2024-03-24T20:35:40.270+0800][2534.293s] GC(917) Pause Young (Normal) (G1 Evacuation Pause)
[2024-03-24T20:35:40.270+0800][2534.293s] GC(917) Using 8 workers of 8 for evacuation
[2024-03-24T20:35:40.273+0800][2534.296s] GC(917)   Pre Evacuate Collection Set: 0.3ms
[2024-03-24T20:35:40.273+0800][2534.296s] GC(917)   Merge Heap Roots: 0.2ms
[2024-03-24T20:35:40.273+0800][2534.297s] GC(917)   Evacuate Collection Set: 1.3ms
[2024-03-24T20:35:40.274+0800][2534.297s] GC(917)   Post Evacuate Collection Set: 1.1ms
[2024-03-24T20:35:40.274+0800][2534.297s] GC(917)   Other: 0.2ms
[2024-03-24T20:35:40.274+0800][2534.297s] GC(917) Eden regions: 305->0(305)
[2024-03-24T20:35:40.274+0800][2534.297s] GC(917) Survivor regions: 2->2(39)
[2024-03-24T20:35:40.274+0800][2534.297s] GC(917) Old regions: 57->57
[2024-03-24T20:35:40.274+0800][2534.297s] GC(917) Humongous regions: 4->4
[2024-03-24T20:35:40.274+0800][2534.297s] GC(917) Metaspace: 65924K(66688K)->65924K(66688K) NonClass: 58526K(58944K)->58526K(58944K) Class: 7397K(7744K)->7397K(7744K)
[2024-03-24T20:35:40.274+0800][2534.297s] GC(917) Pause Young (Normal) (G1 Evacuation Pause) 367M->62M(512M) 3.581ms
[2024-03-24T20:35:40.274+0800][2534.297s] GC(917) User=0.00s Sys=0.00s Real=0.00s
[2024-03-24T20:35:42.058+0800][2536.081s] GC(918) Pause Young (Normal) (G1 Evacuation Pause)
[2024-03-24T20:35:42.058+0800][2536.081s] GC(918) Using 8 workers of 8 for evacuation
[2024-03-24T20:35:42.058+0800][2536.084s] GC(918)   Pre Evacuate Collection Set: 0.2ms
[2024-03-24T20:35:42.058+0800][2536.084s] GC(918)   Merge Heap Roots: 0.1ms
[2024-03-24T20:35:42.058+0800][2536.084s] GC(918)   Evacuate Collection Set: 1.3ms
[2024-03-24T20:35:42.058+0800][2536.084s] GC(918)   Post Evacuate Collection Set: 0.7ms
[2024-03-24T20:35:42.058+0800][2536.084s] GC(918)   Other: 0.1ms
[2024-03-24T20:35:42.058+0800][2536.084s] GC(918) Eden regions: 305->0(305)
[2024-03-24T20:35:42.058+0800][2536.084s] GC(918) Survivor regions: 2->2(39)
[2024-03-24T20:35:42.058+0800][2536.084s] GC(918) Old regions: 57->57
[2024-03-24T20:35:42.058+0800][2536.084s] GC(918) Humongous regions: 4->4
[2024-03-24T20:35:42.058+0800][2536.084s] GC(918) Metaspace: 65924K(66688K)->65924K(66688K) NonClass: 58526K(58944K)->58526K(58944K) Class: 7397K(7744K)->7397K(7744K)
[2024-03-24T20:35:42.058+0800][2536.084s] GC(918) Pause Young (Normal) (G1 Evacuation Pause) 367M->62M(512M) 3.006ms
[2024-03-24T20:35:42.058+0800][2536.084s] GC(918) User=0.00s Sys=0.00s Real=0.00s
[2024-03-24T20:35:43.964+0800][2537.987s] GC(919) Pause Young (Normal) (G1 Evacuation Pause)
[2024-03-24T20:35:43.964+0800][2537.987s] GC(919) Using 8 workers of 8 for evacuation
[2024-03-24T20:35:43.966+0800][2537.990s] GC(919)   Pre Evacuate Collection Set: 0.4ms
[2024-03-24T20:35:43.966+0800][2537.990s] GC(919)   Merge Heap Roots: 0.1ms
[2024-03-24T20:35:43.966+0800][2537.990s] GC(919)   Evacuate Collection Set: 1.3ms
[2024-03-24T20:35:43.966+0800][2537.990s] GC(919)   Post Evacuate Collection Set: 0.8ms
[2024-03-24T20:35:43.966+0800][2537.990s] GC(919)   Other: 0.1ms
[2024-03-24T20:35:43.966+0800][2537.990s] GC(919) Eden regions: 305->0(305)
[2024-03-24T20:35:43.967+0800][2537.990s] GC(919) Survivor regions: 2->2(39)
[2024-03-24T20:35:43.967+0800][2537.990s] GC(919) Old regions: 57->57
[2024-03-24T20:35:43.967+0800][2537.990s] GC(919) Humongous regions: 4->4
[2024-03-24T20:35:43.967+0800][2537.990s] GC(919) Metaspace: 65924K(66688K)->65924K(66688K) NonClass: 58526K(58944K)->58526K(58944K) Class: 7397K(7744K)->7397K(7744K)
[2024-03-24T20:35:43.967+0800][2537.990s] GC(919) Pause Young (Normal) (G1 Evacuation Pause) 367M->61M(512M) 3.145ms
[2024-03-24T20:35:43.967+0800][2537.990s] GC(919) User=0.00s Sys=0.00s Real=0.00s
[2024-03-24T20:35:45.456+0800][2539.479s] GC(920) Pause Young (Normal) (G1 Evacuation Pause)
[2024-03-24T20:35:45.457+0800][2539.480s] GC(920) Using 8 workers of 8 for evacuation
[2024-03-24T20:35:45.458+0800][2539.482s] GC(920)   Pre Evacuate Collection Set: 0.1ms
[2024-03-24T20:35:45.458+0800][2539.482s] GC(920)   Merge Heap Roots: 0.1ms
[2024-03-24T20:35:45.458+0800][2539.482s] GC(920)   Evacuate Collection Set: 1.7ms
[2024-03-24T20:35:45.458+0800][2539.482s] GC(920)   Post Evacuate Collection Set: 0.4ms
[2024-03-24T20:35:45.458+0800][2539.482s] GC(920)   Other: 0.1ms
[2024-03-24T20:35:45.458+0800][2539.483s] GC(920) Eden regions: 305->0(305)
[2024-03-24T20:35:45.460+0800][2539.483s] GC(920) Survivor regions: 2->2(39)
[2024-03-24T20:35:45.460+0800][2539.483s] GC(920) Old regions: 57->57
[2024-03-24T20:35:45.460+0800][2539.483s] GC(920) Humongous regions: 4->4
[2024-03-24T20:35:45.460+0800][2539.483s] GC(920) Metaspace: 65924K(66688K)->65924K(66688K) NonClass: 58526K(58944K)->58526K(58944K) Class: 7397K(7744K)->7397K(7744K)
[2024-03-24T20:35:45.460+0800][2539.483s] GC(920) Pause Young (Normal) (G1 Evacuation Pause) 366M->62M(512M) 3.230ms
[2024-03-24T20:35:45.460+0800][2539.483s] GC(920) User=0.00s Sys=0.00s Real=0.00s
[2024-03-24T20:35:47.095+0800][2541.118s] GC(921) Pause Young (Normal) (G1 Evacuation Pause)
[2024-03-24T20:35:47.095+0800][2541.118s] GC(921) Using 8 workers of 8 for evacuation
[2024-03-24T20:35:47.098+0800][2541.122s] GC(921)   Pre Evacuate Collection Set: 0.2ms
[2024-03-24T20:35:47.099+0800][2541.122s] GC(921)   Merge Heap Roots: 0.2ms
[2024-03-24T20:35:47.099+0800][2541.122s] GC(921)   Evacuate Collection Set: 2.6ms
[2024-03-24T20:35:47.099+0800][2541.122s] GC(921)   Post Evacuate Collection Set: 1.0ms
[2024-03-24T20:35:47.099+0800][2541.122s] GC(921)   Other: 0.1ms
[2024-03-24T20:35:47.099+0800][2541.122s] GC(921) Eden regions: 305->0(305)
[2024-03-24T20:35:47.099+0800][2541.122s] GC(921) Survivor regions: 2->2(39)
[2024-03-24T20:35:47.099+0800][2541.122s] GC(921) Old regions: 57->57
[2024-03-24T20:35:47.099+0800][2541.122s] GC(921) Humongous regions: 4->4
[2024-03-24T20:35:47.099+0800][2541.122s] GC(921) Metaspace: 65925K(66688K)->65925K(66688K) NonClass: 58527K(58944K)->58527K(58944K) Class: 7397K(7744K)->7397K(7744K)
[2024-03-24T20:35:47.099+0800][2541.122s] GC(921) Pause Young (Normal) (G1 Evacuation Pause) 367M->62M(512M) 4.505ms
[2024-03-24T20:35:47.099+0800][2541.122s] GC(921) User=0.00s Sys=0.00s Real=0.00s
[2024-03-24T20:35:48.549+0800][2542.573s] GC(922) Pause Young (Normal) (G1 Evacuation Pause)
[2024-03-24T20:35:48.549+0800][2542.573s] GC(922) Using 8 workers of 8 for evacuation
[2024-03-24T20:35:48.549+0800][2542.577s] GC(922)   Pre Evacuate Collection Set: 0.4ms
[2024-03-24T20:35:48.549+0800][2542.577s] GC(922)   Merge Heap Roots: 0.2ms
[2024-03-24T20:35:48.549+0800][2542.577s] GC(922)   Evacuate Collection Set: 2.3ms
[2024-03-24T20:35:48.549+0800][2542.577s] GC(922)   Post Evacuate Collection Set: 0.7ms
[2024-03-24T20:35:48.549+0800][2542.577s] GC(922)   Other: 0.1ms
[2024-03-24T20:35:48.549+0800][2542.577s] GC(922) Eden regions: 305->0(305)
[2024-03-24T20:35:48.549+0800][2542.577s] GC(922) Survivor regions: 2->2(39)
[2024-03-24T20:35:48.549+0800][2542.577s] GC(922) Old regions: 57->57
[2024-03-24T20:35:48.549+0800][2542.577s] GC(922) Humongous regions: 4->4
[2024-03-24T20:35:48.549+0800][2542.577s] GC(922) Metaspace: 65925K(66688K)->65925K(66688K) NonClass: 58528K(58944K)->58528K(58944K) Class: 7397K(7744K)->7397K(7744K)
[2024-03-24T20:35:48.549+0800][2542.577s] GC(922) Pause Young (Normal) (G1 Evacuation Pause) 367M->62M(512M) 4.197ms
[2024-03-24T20:35:48.549+0800][2542.577s] GC(922) User=0.00s Sys=0.00s Real=0.00s
[2024-03-24T20:35:50.296+0800][2544.319s] GC(923) Pause Young (Normal) (G1 Evacuation Pause)
[2024-03-24T20:35:50.296+0800][2544.319s] GC(923) Using 8 workers of 8 for evacuation
[2024-03-24T20:35:50.300+0800][2544.323s] GC(923)   Pre Evacuate Collection Set: 0.2ms
[2024-03-24T20:35:50.300+0800][2544.323s] GC(923)   Merge Heap Roots: 0.2ms
[2024-03-24T20:35:50.300+0800][2544.323s] GC(923)   Evacuate Collection Set: 2.2ms
[2024-03-24T20:35:50.300+0800][2544.323s] GC(923)   Post Evacuate Collection Set: 1.2ms
[2024-03-24T20:35:50.300+0800][2544.323s] GC(923)   Other: 0.1ms
[2024-03-24T20:35:50.300+0800][2544.323s] GC(923) Eden regions: 305->0(305)
[2024-03-24T20:35:50.300+0800][2544.323s] GC(923) Survivor regions: 2->2(39)
[2024-03-24T20:35:50.300+0800][2544.323s] GC(923) Old regions: 57->57
[2024-03-24T20:35:50.300+0800][2544.324s] GC(923) Humongous regions: 4->4
[2024-03-24T20:35:50.300+0800][2544.324s] GC(923) Metaspace: 65925K(66688K)->65925K(66688K) NonClass: 58528K(58944K)->58528K(58944K) Class: 7397K(7744K)->7397K(7744K)
[2024-03-24T20:35:50.300+0800][2544.324s] GC(923) Pause Young (Normal) (G1 Evacuation Pause) 367M->62M(512M) 4.459ms
[2024-03-24T20:35:50.300+0800][2544.324s] GC(923) User=0.00s Sys=0.00s Real=0.00s
[2024-03-24T20:35:52.178+0800][2546.201s] GC(924) Pause Young (Normal) (G1 Evacuation Pause)
[2024-03-24T20:35:52.178+0800][2546.201s] GC(924) Using 8 workers of 8 for evacuation
[2024-03-24T20:35:52.179+0800][2546.204s] GC(924)   Pre Evacuate Collection Set: 0.2ms
[2024-03-24T20:35:52.179+0800][2546.204s] GC(924)   Merge Heap Roots: 0.1ms
[2024-03-24T20:35:52.179+0800][2546.205s] GC(924)   Evacuate Collection Set: 2.4ms
[2024-03-24T20:35:52.179+0800][2546.205s] GC(924)   Post Evacuate Collection Set: 0.6ms
[2024-03-24T20:35:52.179+0800][2546.205s] GC(924)   Other: 0.1ms
[2024-03-24T20:35:52.179+0800][2546.205s] GC(924) Eden regions: 305->0(305)
[2024-03-24T20:35:52.179+0800][2546.205s] GC(924) Survivor regions: 2->2(39)
[2024-03-24T20:35:52.179+0800][2546.205s] GC(924) Old regions: 57->57
[2024-03-24T20:35:52.179+0800][2546.205s] GC(924) Humongous regions: 4->4
[2024-03-24T20:35:52.179+0800][2546.205s] GC(924) Metaspace: 65925K(66688K)->65925K(66688K) NonClass: 58528K(58944K)->58528K(58944K) Class: 7397K(7744K)->7397K(7744K)
[2024-03-24T20:35:52.179+0800][2546.205s] GC(924) Pause Young (Normal) (G1 Evacuation Pause) 367M->62M(512M) 3.736ms
[2024-03-24T20:35:52.179+0800][2546.205s] GC(924) User=0.00s Sys=0.00s Real=0.00s
[2024-03-24T20:35:53.826+0800][2547.856s] GC(925) Pause Young (Normal) (G1 Evacuation Pause)
[2024-03-24T20:35:53.826+0800][2547.857s] GC(925) Using 8 workers of 8 for evacuation
[2024-03-24T20:35:53.837+0800][2547.860s] GC(925)   Pre Evacuate Collection Set: 0.2ms
[2024-03-24T20:35:53.837+0800][2547.860s] GC(925)   Merge Heap Roots: 0.1ms
[2024-03-24T20:35:53.837+0800][2547.860s] GC(925)   Evacuate Collection Set: 2.4ms
[2024-03-24T20:35:53.837+0800][2547.860s] GC(925)   Post Evacuate Collection Set: 0.6ms
[2024-03-24T20:35:53.837+0800][2547.860s] GC(925)   Other: 0.1ms
[2024-03-24T20:35:53.837+0800][2547.860s] GC(925) Eden regions: 305->0(305)
[2024-03-24T20:35:53.837+0800][2547.860s] GC(925) Survivor regions: 2->2(39)
[2024-03-24T20:35:53.837+0800][2547.860s] GC(925) Old regions: 57->57
[2024-03-24T20:35:53.837+0800][2547.860s] GC(925) Humongous regions: 4->4
[2024-03-24T20:35:53.837+0800][2547.860s] GC(925) Metaspace: 65925K(66688K)->65925K(66688K) NonClass: 58528K(58944K)->58528K(58944K) Class: 7397K(7744K)->7397K(7744K)
[2024-03-24T20:35:53.837+0800][2547.860s] GC(925) Pause Young (Normal) (G1 Evacuation Pause) 367M->62M(512M) 3.678ms
[2024-03-24T20:35:53.837+0800][2547.860s] GC(925) User=0.00s Sys=0.00s Real=0.01s
[2024-03-24T20:35:55.519+0800][2549.543s] GC(926) Pause Young (Normal) (G1 Evacuation Pause)
[2024-03-24T20:35:55.519+0800][2549.543s] GC(926) Using 8 workers of 8 for evacuation
[2024-03-24T20:35:55.521+0800][2549.545s] GC(926)   Pre Evacuate Collection Set: 0.1ms
[2024-03-24T20:35:55.521+0800][2549.545s] GC(926)   Merge Heap Roots: 0.1ms
[2024-03-24T20:35:55.521+0800][2549.545s] GC(926)   Evacuate Collection Set: 1.3ms
[2024-03-24T20:35:55.521+0800][2549.545s] GC(926)   Post Evacuate Collection Set: 0.5ms
[2024-03-24T20:35:55.521+0800][2549.545s] GC(926)   Other: 0.1ms
[2024-03-24T20:35:55.521+0800][2549.545s] GC(926) Eden regions: 305->0(305)
[2024-03-24T20:35:55.521+0800][2549.545s] GC(926) Survivor regions: 2->2(39)
[2024-03-24T20:35:55.521+0800][2549.545s] GC(926) Old regions: 57->57
[2024-03-24T20:35:55.521+0800][2549.545s] GC(926) Humongous regions: 4->4
[2024-03-24T20:35:55.521+0800][2549.545s] GC(926) Metaspace: 65925K(66688K)->65925K(66688K) NonClass: 58528K(58944K)->58528K(58944K) Class: 7397K(7744K)->7397K(7744K)
[2024-03-24T20:35:55.521+0800][2549.545s] GC(926) Pause Young (Normal) (G1 Evacuation Pause) 367M->62M(512M) 2.380ms
[2024-03-24T20:35:55.522+0800][2549.545s] GC(926) User=0.00s Sys=0.00s Real=0.00s
[2024-03-24T20:35:57.359+0800][2551.382s] GC(927) Pause Young (Normal) (G1 Evacuation Pause)
[2024-03-24T20:35:57.359+0800][2551.382s] GC(927) Using 8 workers of 8 for evacuation
[2024-03-24T20:35:57.362+0800][2551.386s] GC(927)   Pre Evacuate Collection Set: 0.3ms
[2024-03-24T20:35:57.362+0800][2551.386s] GC(927)   Merge Heap Roots: 0.1ms
[2024-03-24T20:35:57.362+0800][2551.386s] GC(927)   Evacuate Collection Set: 2.4ms
[2024-03-24T20:35:57.362+0800][2551.386s] GC(927)   Post Evacuate Collection Set: 0.8ms
[2024-03-24T20:35:57.362+0800][2551.386s] GC(927)   Other: 0.1ms
[2024-03-24T20:35:57.362+0800][2551.386s] GC(927) Eden regions: 305->0(305)
[2024-03-24T20:35:57.362+0800][2551.386s] GC(927) Survivor regions: 2->2(39)
[2024-03-24T20:35:57.362+0800][2551.386s] GC(927) Old regions: 57->58
[2024-03-24T20:35:57.362+0800][2551.386s] GC(927) Humongous regions: 4->4
[2024-03-24T20:35:57.362+0800][2551.386s] GC(927) Metaspace: 65925K(66688K)->65925K(66688K) NonClass: 58528K(58944K)->58528K(58944K) Class: 7397K(7744K)->7397K(7744K)
[2024-03-24T20:35:57.362+0800][2551.386s] GC(927) Pause Young (Normal) (G1 Evacuation Pause) 367M->62M(512M) 4.070ms
[2024-03-24T20:35:57.362+0800][2551.386s] GC(927) User=0.00s Sys=0.00s Real=0.00s
[2024-03-24T20:35:59.048+0800][2553.071s] GC(928) Pause Young (Normal) (G1 Evacuation Pause)
[2024-03-24T20:35:59.048+0800][2553.071s] GC(928) Using 8 workers of 8 for evacuation
[2024-03-24T20:35:59.051+0800][2553.074s] GC(928)   Pre Evacuate Collection Set: 0.2ms
[2024-03-24T20:35:59.051+0800][2553.074s] GC(928)   Merge Heap Roots: 0.2ms
[2024-03-24T20:35:59.051+0800][2553.074s] GC(928)   Evacuate Collection Set: 1.7ms
[2024-03-24T20:35:59.051+0800][2553.074s] GC(928)   Post Evacuate Collection Set: 0.6ms
[2024-03-24T20:35:59.051+0800][2553.074s] GC(928)   Other: 0.1ms
[2024-03-24T20:35:59.051+0800][2553.074s] GC(928) Eden regions: 305->0(305)
[2024-03-24T20:35:59.051+0800][2553.074s] GC(928) Survivor regions: 2->2(39)
[2024-03-24T20:35:59.051+0800][2553.074s] GC(928) Old regions: 58->58
[2024-03-24T20:35:59.051+0800][2553.074s] GC(928) Humongous regions: 4->4
[2024-03-24T20:35:59.051+0800][2553.074s] GC(928) Metaspace: 65925K(66688K)->65925K(66688K) NonClass: 58528K(58944K)->58528K(58944K) Class: 7397K(7744K)->7397K(7744K)
[2024-03-24T20:35:59.051+0800][2553.074s] GC(928) Pause Young (Normal) (G1 Evacuation Pause) 367M->62M(512M) 3.183ms
[2024-03-24T20:35:59.051+0800][2553.074s] GC(928) User=0.00s Sys=0.00s Real=0.00s
[2024-03-24T20:36:00.598+0800][2554.622s] GC(929) Pause Young (Normal) (G1 Evacuation Pause)
[2024-03-24T20:36:00.598+0800][2554.622s] GC(929) Using 8 workers of 8 for evacuation
[2024-03-24T20:36:00.601+0800][2554.624s] GC(929)   Pre Evacuate Collection Set: 0.2ms
[2024-03-24T20:36:00.601+0800][2554.624s] GC(929)   Merge Heap Roots: 0.1ms
[2024-03-24T20:36:00.601+0800][2554.624s] GC(929)   Evacuate Collection Set: 1.4ms
[2024-03-24T20:36:00.601+0800][2554.624s] GC(929)   Post Evacuate Collection Set: 0.5ms
[2024-03-24T20:36:00.601+0800][2554.624s] GC(929)   Other: 0.1ms
[2024-03-24T20:36:00.601+0800][2554.624s] GC(929) Eden regions: 305->0(305)
[2024-03-24T20:36:00.601+0800][2554.624s] GC(929) Survivor regions: 2->2(39)
[2024-03-24T20:36:00.601+0800][2554.624s] GC(929) Old regions: 58->58
[2024-03-24T20:36:00.601+0800][2554.624s] GC(929) Humongous regions: 4->4
[2024-03-24T20:36:00.601+0800][2554.624s] GC(929) Metaspace: 65925K(66688K)->65925K(66688K) NonClass: 58528K(58944K)->58528K(58944K) Class: 7397K(7744K)->7397K(7744K)
[2024-03-24T20:36:00.601+0800][2554.624s] GC(929) Pause Young (Normal) (G1 Evacuation Pause) 367M->62M(512M) 2.504ms
[2024-03-24T20:36:00.601+0800][2554.624s] GC(929) User=0.00s Sys=0.00s Real=0.00s
[2024-03-24T20:36:02.317+0800][2556.340s] GC(930) Pause Young (Normal) (G1 Evacuation Pause)
[2024-03-24T20:36:02.317+0800][2556.340s] GC(930) Using 8 workers of 8 for evacuation
[2024-03-24T20:36:02.320+0800][2556.343s] GC(930)   Pre Evacuate Collection Set: 0.2ms
[2024-03-24T20:36:02.320+0800][2556.343s] GC(930)   Merge Heap Roots: 0.1ms
[2024-03-24T20:36:02.320+0800][2556.343s] GC(930)   Evacuate Collection Set: 1.7ms
[2024-03-24T20:36:02.320+0800][2556.343s] GC(930)   Post Evacuate Collection Set: 0.6ms
[2024-03-24T20:36:02.320+0800][2556.343s] GC(930)   Other: 0.1ms
[2024-03-24T20:36:02.320+0800][2556.343s] GC(930) Eden regions: 305->0(305)
[2024-03-24T20:36:02.320+0800][2556.343s] GC(930) Survivor regions: 2->2(39)
[2024-03-24T20:36:02.320+0800][2556.343s] GC(930) Old regions: 58->58
[2024-03-24T20:36:02.320+0800][2556.343s] GC(930) Humongous regions: 4->4
[2024-03-24T20:36:02.320+0800][2556.343s] GC(930) Metaspace: 65925K(66688K)->65925K(66688K) NonClass: 58528K(58944K)->58528K(58944K) Class: 7397K(7744K)->7397K(7744K)
[2024-03-24T20:36:02.320+0800][2556.343s] GC(930) Pause Young (Normal) (G1 Evacuation Pause) 367M->62M(512M) 3.206ms
[2024-03-24T20:36:02.320+0800][2556.343s] GC(930) User=0.00s Sys=0.00s Real=0.00s
[2024-03-24T20:36:03.949+0800][2557.972s] GC(931) Pause Young (Normal) (G1 Evacuation Pause)
[2024-03-24T20:36:03.949+0800][2557.972s] GC(931) Using 8 workers of 8 for evacuation
[2024-03-24T20:36:03.953+0800][2557.976s] GC(931)   Pre Evacuate Collection Set: 0.2ms
[2024-03-24T20:36:03.953+0800][2557.976s] GC(931)   Merge Heap Roots: 0.1ms
[2024-03-24T20:36:03.953+0800][2557.976s] GC(931)   Evacuate Collection Set: 2.0ms
[2024-03-24T20:36:03.953+0800][2557.976s] GC(931)   Post Evacuate Collection Set: 1.1ms
[2024-03-24T20:36:03.953+0800][2557.976s] GC(931)   Other: 0.1ms
[2024-03-24T20:36:03.953+0800][2557.976s] GC(931) Eden regions: 305->0(305)
[2024-03-24T20:36:03.953+0800][2557.976s] GC(931) Survivor regions: 2->2(39)
[2024-03-24T20:36:03.953+0800][2557.976s] GC(931) Old regions: 58->58
[2024-03-24T20:36:03.953+0800][2557.976s] GC(931) Humongous regions: 4->4
[2024-03-24T20:36:03.953+0800][2557.976s] GC(931) Metaspace: 65925K(66688K)->65925K(66688K) NonClass: 58528K(58944K)->58528K(58944K) Class: 7397K(7744K)->7397K(7744K)
[2024-03-24T20:36:03.953+0800][2557.976s] GC(931) Pause Young (Normal) (G1 Evacuation Pause) 367M->62M(512M) 4.205ms
[2024-03-24T20:36:03.953+0800][2557.976s] GC(931) User=0.00s Sys=0.00s Real=0.00s
[2024-03-24T20:36:05.769+0800][2559.799s] GC(932) Pause Young (Normal) (G1 Evacuation Pause)
[2024-03-24T20:36:05.769+0800][2559.799s] GC(932) Using 8 workers of 8 for evacuation
[2024-03-24T20:36:05.779+0800][2559.802s] GC(932)   Pre Evacuate Collection Set: 0.3ms
[2024-03-24T20:36:05.779+0800][2559.803s] GC(932)   Merge Heap Roots: 0.1ms
[2024-03-24T20:36:05.779+0800][2559.803s] GC(932)   Evacuate Collection Set: 2.5ms
[2024-03-24T20:36:05.779+0800][2559.803s] GC(932)   Post Evacuate Collection Set: 0.6ms
[2024-03-24T20:36:05.779+0800][2559.803s] GC(932)   Other: 0.1ms
[2024-03-24T20:36:05.780+0800][2559.803s] GC(932) Eden regions: 305->0(305)
[2024-03-24T20:36:05.780+0800][2559.803s] GC(932) Survivor regions: 2->2(39)
[2024-03-24T20:36:05.780+0800][2559.803s] GC(932) Old regions: 58->58
[2024-03-24T20:36:05.780+0800][2559.803s] GC(932) Humongous regions: 4->4
[2024-03-24T20:36:05.780+0800][2559.803s] GC(932) Metaspace: 65925K(66688K)->65925K(66688K) NonClass: 58528K(58944K)->58528K(58944K) Class: 7397K(7744K)->7397K(7744K)
[2024-03-24T20:36:05.780+0800][2559.803s] GC(932) Pause Young (Normal) (G1 Evacuation Pause) 367M->62M(512M) 4.077ms
[2024-03-24T20:36:05.780+0800][2559.803s] GC(932) User=0.02s Sys=0.00s Real=0.01s
[2024-03-24T20:36:07.500+0800][2561.524s] GC(933) Pause Young (Normal) (G1 Evacuation Pause)
[2024-03-24T20:36:07.500+0800][2561.524s] GC(933) Using 8 workers of 8 for evacuation
[2024-03-24T20:36:07.503+0800][2561.526s] GC(933)   Pre Evacuate Collection Set: 0.2ms
[2024-03-24T20:36:07.503+0800][2561.526s] GC(933)   Merge Heap Roots: 0.1ms
[2024-03-24T20:36:07.503+0800][2561.526s] GC(933)   Evacuate Collection Set: 1.6ms
[2024-03-24T20:36:07.503+0800][2561.526s] GC(933)   Post Evacuate Collection Set: 0.7ms
[2024-03-24T20:36:07.503+0800][2561.527s] GC(933)   Other: 0.1ms
[2024-03-24T20:36:07.503+0800][2561.527s] GC(933) Eden regions: 305->0(305)
[2024-03-24T20:36:07.503+0800][2561.527s] GC(933) Survivor regions: 2->2(39)
[2024-03-24T20:36:07.503+0800][2561.527s] GC(933) Old regions: 58->58
[2024-03-24T20:36:07.503+0800][2561.527s] GC(933) Humongous regions: 4->4
[2024-03-24T20:36:07.503+0800][2561.527s] GC(933) Metaspace: 65925K(66688K)->65925K(66688K) NonClass: 58528K(58944K)->58528K(58944K) Class: 7397K(7744K)->7397K(7744K)
[2024-03-24T20:36:07.503+0800][2561.527s] GC(933) Pause Young (Normal) (G1 Evacuation Pause) 367M->62M(512M) 3.102ms
[2024-03-24T20:36:07.503+0800][2561.527s] GC(933) User=0.00s Sys=0.00s Real=0.00s
[2024-03-24T20:36:09.284+0800][2563.307s] GC(934) Pause Young (Normal) (G1 Evacuation Pause)
[2024-03-24T20:36:09.284+0800][2563.307s] GC(934) Using 8 workers of 8 for evacuation
[2024-03-24T20:36:09.287+0800][2563.311s] GC(934)   Pre Evacuate Collection Set: 0.4ms
[2024-03-24T20:36:09.287+0800][2563.311s] GC(934)   Merge Heap Roots: 0.1ms
[2024-03-24T20:36:09.287+0800][2563.311s] GC(934)   Evacuate Collection Set: 2.0ms
[2024-03-24T20:36:09.287+0800][2563.311s] GC(934)   Post Evacuate Collection Set: 0.8ms
[2024-03-24T20:36:09.287+0800][2563.311s] GC(934)   Other: 0.1ms
[2024-03-24T20:36:09.287+0800][2563.311s] GC(934) Eden regions: 305->0(305)
[2024-03-24T20:36:09.287+0800][2563.311s] GC(934) Survivor regions: 2->2(39)
[2024-03-24T20:36:09.287+0800][2563.311s] GC(934) Old regions: 58->58
[2024-03-24T20:36:09.287+0800][2563.311s] GC(934) Humongous regions: 4->4
[2024-03-24T20:36:09.287+0800][2563.311s] GC(934) Metaspace: 65925K(66688K)->65925K(66688K) NonClass: 58528K(58944K)->58528K(58944K) Class: 7397K(7744K)->7397K(7744K)
[2024-03-24T20:36:09.287+0800][2563.311s] GC(934) Pause Young (Normal) (G1 Evacuation Pause) 367M->62M(512M) 3.944ms
[2024-03-24T20:36:09.289+0800][2563.311s] GC(934) User=0.00s Sys=0.00s Real=0.01s
[2024-03-24T20:36:11.043+0800][2565.066s] GC(935) Pause Young (Normal) (G1 Evacuation Pause)
[2024-03-24T20:36:11.043+0800][2565.067s] GC(935) Using 8 workers of 8 for evacuation
[2024-03-24T20:36:11.046+0800][2565.069s] GC(935)   Pre Evacuate Collection Set: 0.3ms
[2024-03-24T20:36:11.046+0800][2565.069s] GC(935)   Merge Heap Roots: 0.2ms
[2024-03-24T20:36:11.046+0800][2565.069s] GC(935)   Evacuate Collection Set: 1.4ms
[2024-03-24T20:36:11.046+0800][2565.069s] GC(935)   Post Evacuate Collection Set: 0.5ms
[2024-03-24T20:36:11.046+0800][2565.069s] GC(935)   Other: 0.1ms
[2024-03-24T20:36:11.046+0800][2565.069s] GC(935) Eden regions: 305->0(305)
[2024-03-24T20:36:11.046+0800][2565.069s] GC(935) Survivor regions: 2->2(39)
[2024-03-24T20:36:11.046+0800][2565.069s] GC(935) Old regions: 58->58
[2024-03-24T20:36:11.046+0800][2565.069s] GC(935) Humongous regions: 4->4
[2024-03-24T20:36:11.046+0800][2565.069s] GC(935) Metaspace: 65925K(66688K)->65925K(66688K) NonClass: 58528K(58944K)->58528K(58944K) Class: 7397K(7744K)->7397K(7744K)
[2024-03-24T20:36:11.046+0800][2565.069s] GC(935) Pause Young (Normal) (G1 Evacuation Pause) 367M->62M(512M) 2.743ms
[2024-03-24T20:36:11.046+0800][2565.069s] GC(935) User=0.00s Sys=0.00s Real=0.00s
[2024-03-24T20:36:12.903+0800][2566.931s] GC(936) Pause Young (Normal) (G1 Evacuation Pause)
[2024-03-24T20:36:12.903+0800][2566.931s] GC(936) Using 8 workers of 8 for evacuation
[2024-03-24T20:36:12.912+0800][2566.936s] GC(936)   Pre Evacuate Collection Set: 0.3ms
[2024-03-24T20:36:12.912+0800][2566.936s] GC(936)   Merge Heap Roots: 0.1ms
[2024-03-24T20:36:12.912+0800][2566.936s] GC(936)   Evacuate Collection Set: 2.9ms
[2024-03-24T20:36:12.912+0800][2566.936s] GC(936)   Post Evacuate Collection Set: 0.8ms
[2024-03-24T20:36:12.912+0800][2566.936s] GC(936)   Other: 0.1ms
[2024-03-24T20:36:12.912+0800][2566.936s] GC(936) Eden regions: 305->0(305)
[2024-03-24T20:36:12.912+0800][2566.936s] GC(936) Survivor regions: 2->2(39)
[2024-03-24T20:36:12.912+0800][2566.936s] GC(936) Old regions: 58->58
[2024-03-24T20:36:12.912+0800][2566.936s] GC(936) Humongous regions: 4->4
[2024-03-24T20:36:12.912+0800][2566.936s] GC(936) Metaspace: 65925K(66688K)->65925K(66688K) NonClass: 58528K(58944K)->58528K(58944K) Class: 7397K(7744K)->7397K(7744K)
[2024-03-24T20:36:12.912+0800][2566.936s] GC(936) Pause Young (Normal) (G1 Evacuation Pause) 367M->62M(512M) 4.621ms
[2024-03-24T20:36:12.912+0800][2566.936s] GC(936) User=0.00s Sys=0.00s Real=0.01s
[2024-03-24T20:36:14.696+0800][2568.725s] GC(937) Pause Young (Normal) (G1 Evacuation Pause)
[2024-03-24T20:36:14.696+0800][2568.725s] GC(937) Using 8 workers of 8 for evacuation
[2024-03-24T20:36:14.704+0800][2568.728s] GC(937)   Pre Evacuate Collection Set: 0.3ms
[2024-03-24T20:36:14.704+0800][2568.728s] GC(937)   Merge Heap Roots: 0.1ms
[2024-03-24T20:36:14.704+0800][2568.728s] GC(937)   Evacuate Collection Set: 1.3ms
[2024-03-24T20:36:14.704+0800][2568.728s] GC(937)   Post Evacuate Collection Set: 0.9ms
[2024-03-24T20:36:14.704+0800][2568.728s] GC(937)   Other: 0.1ms
[2024-03-24T20:36:14.704+0800][2568.728s] GC(937) Eden regions: 305->0(305)
[2024-03-24T20:36:14.704+0800][2568.728s] GC(937) Survivor regions: 2->2(39)
[2024-03-24T20:36:14.704+0800][2568.728s] GC(937) Old regions: 58->58
[2024-03-24T20:36:14.704+0800][2568.728s] GC(937) Humongous regions: 4->4
[2024-03-24T20:36:14.704+0800][2568.728s] GC(937) Metaspace: 65925K(66688K)->65925K(66688K) NonClass: 58528K(58944K)->58528K(58944K) Class: 7397K(7744K)->7397K(7744K)
[2024-03-24T20:36:14.704+0800][2568.728s] GC(937) Pause Young (Normal) (G1 Evacuation Pause) 367M->62M(512M) 3.228ms
[2024-03-24T20:36:14.704+0800][2568.728s] GC(937) User=0.00s Sys=0.00s Real=0.01s
[2024-03-24T20:36:16.447+0800][2570.475s] GC(938) Pause Young (Normal) (G1 Evacuation Pause)
[2024-03-24T20:36:16.447+0800][2570.475s] GC(938) Using 8 workers of 8 for evacuation
[2024-03-24T20:36:16.453+0800][2570.477s] GC(938)   Pre Evacuate Collection Set: 0.2ms
[2024-03-24T20:36:16.453+0800][2570.477s] GC(938)   Merge Heap Roots: 0.1ms
[2024-03-24T20:36:16.453+0800][2570.477s] GC(938)   Evacuate Collection Set: 1.4ms
[2024-03-24T20:36:16.453+0800][2570.477s] GC(938)   Post Evacuate Collection Set: 0.4ms
[2024-03-24T20:36:16.453+0800][2570.477s] GC(938)   Other: 0.1ms
[2024-03-24T20:36:16.453+0800][2570.477s] GC(938) Eden regions: 305->0(305)
[2024-03-24T20:36:16.453+0800][2570.477s] GC(938) Survivor regions: 2->2(39)
[2024-03-24T20:36:16.453+0800][2570.477s] GC(938) Old regions: 58->58
[2024-03-24T20:36:16.453+0800][2570.477s] GC(938) Humongous regions: 4->4
[2024-03-24T20:36:16.453+0800][2570.477s] GC(938) Metaspace: 65925K(66688K)->65925K(66688K) NonClass: 58528K(58944K)->58528K(58944K) Class: 7397K(7744K)->7397K(7744K)
[2024-03-24T20:36:16.453+0800][2570.477s] GC(938) Pause Young (Normal) (G1 Evacuation Pause) 367M->62M(512M) 2.512ms
[2024-03-24T20:36:16.453+0800][2570.477s] GC(938) User=0.00s Sys=0.00s Real=0.01s
[2024-03-24T20:36:18.145+0800][2572.177s] GC(939) Pause Young (Normal) (G1 Evacuation Pause)
[2024-03-24T20:36:18.145+0800][2572.177s] GC(939) Using 8 workers of 8 for evacuation
[2024-03-24T20:36:18.156+0800][2572.180s] GC(939)   Pre Evacuate Collection Set: 0.4ms
[2024-03-24T20:36:18.156+0800][2572.180s] GC(939)   Merge Heap Roots: 0.1ms
[2024-03-24T20:36:18.156+0800][2572.180s] GC(939)   Evacuate Collection Set: 1.5ms
[2024-03-24T20:36:18.156+0800][2572.180s] GC(939)   Post Evacuate Collection Set: 0.6ms
[2024-03-24T20:36:18.156+0800][2572.180s] GC(939)   Other: 0.1ms
[2024-03-24T20:36:18.156+0800][2572.180s] GC(939) Eden regions: 305->0(305)
[2024-03-24T20:36:18.156+0800][2572.180s] GC(939) Survivor regions: 2->2(39)
[2024-03-24T20:36:18.156+0800][2572.180s] GC(939) Old regions: 58->58
[2024-03-24T20:36:18.156+0800][2572.180s] GC(939) Humongous regions: 4->4
[2024-03-24T20:36:18.156+0800][2572.180s] GC(939) Metaspace: 65925K(66688K)->65925K(66688K) NonClass: 58528K(58944K)->58528K(58944K) Class: 7397K(7744K)->7397K(7744K)
[2024-03-24T20:36:18.156+0800][2572.180s] GC(939) Pause Young (Normal) (G1 Evacuation Pause) 367M->62M(512M) 3.134ms
[2024-03-24T20:36:18.156+0800][2572.180s] GC(939) User=0.06s Sys=0.00s Real=0.01s
[2024-03-24T20:36:20.014+0800][2574.037s] GC(940) Pause Young (Normal) (G1 Evacuation Pause)
[2024-03-24T20:36:20.014+0800][2574.037s] GC(940) Using 8 workers of 8 for evacuation
[2024-03-24T20:36:20.015+0800][2574.041s] GC(940)   Pre Evacuate Collection Set: 0.1ms
[2024-03-24T20:36:20.015+0800][2574.041s] GC(940)   Merge Heap Roots: 0.1ms
[2024-03-24T20:36:20.015+0800][2574.041s] GC(940)   Evacuate Collection Set: 3.2ms
[2024-03-24T20:36:20.015+0800][2574.041s] GC(940)   Post Evacuate Collection Set: 0.7ms
[2024-03-24T20:36:20.015+0800][2574.041s] GC(940)   Other: 0.1ms
[2024-03-24T20:36:20.015+0800][2574.041s] GC(940) Eden regions: 305->0(305)
[2024-03-24T20:36:20.015+0800][2574.041s] GC(940) Survivor regions: 2->2(39)
[2024-03-24T20:36:20.015+0800][2574.041s] GC(940) Old regions: 58->58
[2024-03-24T20:36:20.015+0800][2574.041s] GC(940) Humongous regions: 4->4
[2024-03-24T20:36:20.015+0800][2574.041s] GC(940) Metaspace: 65925K(66688K)->65925K(66688K) NonClass: 58528K(58944K)->58528K(58944K) Class: 7397K(7744K)->7397K(7744K)
[2024-03-24T20:36:20.015+0800][2574.041s] GC(940) Pause Young (Normal) (G1 Evacuation Pause) 367M->62M(512M) 4.557ms
[2024-03-24T20:36:20.015+0800][2574.041s] GC(940) User=0.00s Sys=0.00s Real=0.00s
[2024-03-24T20:36:21.793+0800][2575.821s] GC(941) Pause Young (Normal) (G1 Evacuation Pause)
[2024-03-24T20:36:21.793+0800][2575.821s] GC(941) Using 8 workers of 8 for evacuation
[2024-03-24T20:36:21.800+0800][2575.824s] GC(941)   Pre Evacuate Collection Set: 0.2ms
[2024-03-24T20:36:21.800+0800][2575.824s] GC(941)   Merge Heap Roots: 0.1ms
[2024-03-24T20:36:21.800+0800][2575.824s] GC(941)   Evacuate Collection Set: 1.8ms
[2024-03-24T20:36:21.800+0800][2575.824s] GC(941)   Post Evacuate Collection Set: 0.6ms
[2024-03-24T20:36:21.800+0800][2575.824s] GC(941)   Other: 0.1ms
[2024-03-24T20:36:21.800+0800][2575.824s] GC(941) Eden regions: 305->0(305)
[2024-03-24T20:36:21.800+0800][2575.824s] GC(941) Survivor regions: 2->2(39)
[2024-03-24T20:36:21.800+0800][2575.824s] GC(941) Old regions: 58->58
[2024-03-24T20:36:21.800+0800][2575.824s] GC(941) Humongous regions: 4->4
[2024-03-24T20:36:21.800+0800][2575.824s] GC(941) Metaspace: 65925K(66688K)->65925K(66688K) NonClass: 58528K(58944K)->58528K(58944K) Class: 7397K(7744K)->7397K(7744K)
[2024-03-24T20:36:21.800+0800][2575.824s] GC(941) Pause Young (Normal) (G1 Evacuation Pause) 367M->62M(512M) 3.284ms
[2024-03-24T20:36:21.800+0800][2575.824s] GC(941) User=0.00s Sys=0.00s Real=0.01s
[2024-03-24T20:36:23.467+0800][2577.495s] GC(942) Pause Young (Normal) (G1 Evacuation Pause)
[2024-03-24T20:36:23.467+0800][2577.495s] GC(942) Using 8 workers of 8 for evacuation
[2024-03-24T20:36:23.477+0800][2577.499s] GC(942)   Pre Evacuate Collection Set: 0.3ms
[2024-03-24T20:36:23.477+0800][2577.499s] GC(942)   Merge Heap Roots: 0.2ms
[2024-03-24T20:36:23.477+0800][2577.499s] GC(942)   Evacuate Collection Set: 2.6ms
[2024-03-24T20:36:23.477+0800][2577.499s] GC(942)   Post Evacuate Collection Set: 1.0ms
[2024-03-24T20:36:23.477+0800][2577.500s] GC(942)   Other: 0.1ms
[2024-03-24T20:36:23.477+0800][2577.500s] GC(942) Eden regions: 305->0(305)
[2024-03-24T20:36:23.477+0800][2577.500s] GC(942) Survivor regions: 2->2(39)
[2024-03-24T20:36:23.477+0800][2577.500s] GC(942) Old regions: 58->58
[2024-03-24T20:36:23.477+0800][2577.500s] GC(942) Humongous regions: 4->4
[2024-03-24T20:36:23.477+0800][2577.500s] GC(942) Metaspace: 65925K(66688K)->65925K(66688K) NonClass: 58528K(58944K)->58528K(58944K) Class: 7397K(7744K)->7397K(7744K)
[2024-03-24T20:36:23.477+0800][2577.500s] GC(942) Pause Young (Normal) (G1 Evacuation Pause) 367M->62M(512M) 4.647ms
[2024-03-24T20:36:23.477+0800][2577.500s] GC(942) User=0.00s Sys=0.00s Real=0.01s
[2024-03-24T20:36:25.258+0800][2579.287s] GC(943) Pause Young (Normal) (G1 Evacuation Pause)
[2024-03-24T20:36:25.258+0800][2579.287s] GC(943) Using 8 workers of 8 for evacuation
[2024-03-24T20:36:25.268+0800][2579.291s] GC(943)   Pre Evacuate Collection Set: 0.3ms
[2024-03-24T20:36:25.268+0800][2579.291s] GC(943)   Merge Heap Roots: 0.2ms
[2024-03-24T20:36:25.268+0800][2579.291s] GC(943)   Evacuate Collection Set: 2.2ms
[2024-03-24T20:36:25.268+0800][2579.291s] GC(943)   Post Evacuate Collection Set: 0.9ms
[2024-03-24T20:36:25.268+0800][2579.291s] GC(943)   Other: 0.1ms
[2024-03-24T20:36:25.268+0800][2579.291s] GC(943) Eden regions: 305->0(305)
[2024-03-24T20:36:25.268+0800][2579.291s] GC(943) Survivor regions: 2->2(39)
[2024-03-24T20:36:25.268+0800][2579.291s] GC(943) Old regions: 58->58
[2024-03-24T20:36:25.268+0800][2579.291s] GC(943) Humongous regions: 4->4
[2024-03-24T20:36:25.268+0800][2579.291s] GC(943) Metaspace: 65925K(66688K)->65925K(66688K) NonClass: 58528K(58944K)->58528K(58944K) Class: 7397K(7744K)->7397K(7744K)
[2024-03-24T20:36:25.268+0800][2579.291s] GC(943) Pause Young (Normal) (G1 Evacuation Pause) 367M->62M(512M) 4.274ms
[2024-03-24T20:36:25.268+0800][2579.291s] GC(943) User=0.02s Sys=0.00s Real=0.01s
[2024-03-24T20:36:27.028+0800][2581.059s] GC(944) Pause Young (Normal) (G1 Evacuation Pause)
[2024-03-24T20:36:27.028+0800][2581.059s] GC(944) Using 8 workers of 8 for evacuation
[2024-03-24T20:36:27.040+0800][2581.063s] GC(944)   Pre Evacuate Collection Set: 0.4ms
[2024-03-24T20:36:27.040+0800][2581.063s] GC(944)   Merge Heap Roots: 0.2ms
[2024-03-24T20:36:27.040+0800][2581.063s] GC(944)   Evacuate Collection Set: 2.2ms
[2024-03-24T20:36:27.040+0800][2581.063s] GC(944)   Post Evacuate Collection Set: 0.6ms
[2024-03-24T20:36:27.040+0800][2581.063s] GC(944)   Other: 0.2ms
[2024-03-24T20:36:27.040+0800][2581.063s] GC(944) Eden regions: 305->0(305)
[2024-03-24T20:36:27.040+0800][2581.063s] GC(944) Survivor regions: 2->2(39)
[2024-03-24T20:36:27.040+0800][2581.063s] GC(944) Old regions: 58->58
[2024-03-24T20:36:27.040+0800][2581.063s] GC(944) Humongous regions: 4->4
[2024-03-24T20:36:27.040+0800][2581.063s] GC(944) Metaspace: 65925K(66688K)->65925K(66688K) NonClass: 58528K(58944K)->58528K(58944K) Class: 7397K(7744K)->7397K(7744K)
[2024-03-24T20:36:27.040+0800][2581.064s] GC(944) Pause Young (Normal) (G1 Evacuation Pause) 367M->62M(512M) 4.340ms
[2024-03-24T20:36:27.040+0800][2581.064s] GC(944) User=0.00s Sys=0.00s Real=0.01s
[2024-03-24T20:36:28.608+0800][2582.631s] GC(945) Pause Young (Normal) (G1 Evacuation Pause)
[2024-03-24T20:36:28.608+0800][2582.631s] GC(945) Using 8 workers of 8 for evacuation
[2024-03-24T20:36:28.611+0800][2582.633s] GC(945)   Pre Evacuate Collection Set: 0.2ms
[2024-03-24T20:36:28.611+0800][2582.634s] GC(945)   Merge Heap Roots: 0.1ms
[2024-03-24T20:36:28.611+0800][2582.634s] GC(945)   Evacuate Collection Set: 1.2ms
[2024-03-24T20:36:28.611+0800][2582.634s] GC(945)   Post Evacuate Collection Set: 0.6ms
[2024-03-24T20:36:28.611+0800][2582.634s] GC(945)   Other: 0.1ms
[2024-03-24T20:36:28.611+0800][2582.634s] GC(945) Eden regions: 305->0(305)
[2024-03-24T20:36:28.611+0800][2582.634s] GC(945) Survivor regions: 2->2(39)
[2024-03-24T20:36:28.611+0800][2582.634s] GC(945) Old regions: 58->58
[2024-03-24T20:36:28.611+0800][2582.634s] GC(945) Humongous regions: 4->4
[2024-03-24T20:36:28.611+0800][2582.634s] GC(945) Metaspace: 65925K(66688K)->65925K(66688K) NonClass: 58528K(58944K)->58528K(58944K) Class: 7397K(7744K)->7397K(7744K)
[2024-03-24T20:36:28.611+0800][2582.634s] GC(945) Pause Young (Normal) (G1 Evacuation Pause) 367M->62M(512M) 2.396ms
[2024-03-24T20:36:28.611+0800][2582.634s] GC(945) User=0.00s Sys=0.00s Real=0.00s
[2024-03-24T20:36:30.466+0800][2584.490s] GC(946) Pause Young (Normal) (G1 Evacuation Pause)
[2024-03-24T20:36:30.466+0800][2584.490s] GC(946) Using 8 workers of 8 for evacuation
[2024-03-24T20:36:30.466+0800][2584.493s] GC(946)   Pre Evacuate Collection Set: 0.2ms
[2024-03-24T20:36:30.466+0800][2584.493s] GC(946)   Merge Heap Roots: 0.2ms
[2024-03-24T20:36:30.466+0800][2584.493s] GC(946)   Evacuate Collection Set: 1.7ms
[2024-03-24T20:36:30.466+0800][2584.493s] GC(946)   Post Evacuate Collection Set: 0.8ms
[2024-03-24T20:36:30.466+0800][2584.494s] GC(946)   Other: 0.1ms
[2024-03-24T20:36:30.466+0800][2584.494s] GC(946) Eden regions: 305->0(305)
[2024-03-24T20:36:30.466+0800][2584.494s] GC(946) Survivor regions: 2->2(39)
[2024-03-24T20:36:30.466+0800][2584.494s] GC(946) Old regions: 58->58
[2024-03-24T20:36:30.466+0800][2584.494s] GC(946) Humongous regions: 4->4
[2024-03-24T20:36:30.471+0800][2584.494s] GC(946) Metaspace: 65925K(66688K)->65925K(66688K) NonClass: 58528K(58944K)->58528K(58944K) Class: 7397K(7744K)->7397K(7744K)
[2024-03-24T20:36:30.471+0800][2584.494s] GC(946) Pause Young (Normal) (G1 Evacuation Pause) 367M->62M(512M) 3.752ms
[2024-03-24T20:36:30.471+0800][2584.494s] GC(946) User=0.00s Sys=0.00s Real=0.00s
[2024-03-24T20:36:32.266+0800][2586.293s] GC(947) Pause Young (Normal) (G1 Evacuation Pause)
[2024-03-24T20:36:32.266+0800][2586.293s] GC(947) Using 8 workers of 8 for evacuation
[2024-03-24T20:36:32.272+0800][2586.295s] GC(947)   Pre Evacuate Collection Set: 0.3ms
[2024-03-24T20:36:32.272+0800][2586.296s] GC(947)   Merge Heap Roots: 0.1ms
[2024-03-24T20:36:32.272+0800][2586.296s] GC(947)   Evacuate Collection Set: 1.4ms
[2024-03-24T20:36:32.272+0800][2586.296s] GC(947)   Post Evacuate Collection Set: 0.7ms
[2024-03-24T20:36:32.272+0800][2586.296s] GC(947)   Other: 0.1ms
[2024-03-24T20:36:32.272+0800][2586.296s] GC(947) Eden regions: 305->0(305)
[2024-03-24T20:36:32.272+0800][2586.296s] GC(947) Survivor regions: 2->2(39)
[2024-03-24T20:36:32.272+0800][2586.296s] GC(947) Old regions: 58->58
[2024-03-24T20:36:32.272+0800][2586.296s] GC(947) Humongous regions: 4->4
[2024-03-24T20:36:32.272+0800][2586.296s] GC(947) Metaspace: 65925K(66688K)->65925K(66688K) NonClass: 58528K(58944K)->58528K(58944K) Class: 7397K(7744K)->7397K(7744K)
[2024-03-24T20:36:32.272+0800][2586.296s] GC(947) Pause Young (Normal) (G1 Evacuation Pause) 367M->62M(512M) 3.120ms
[2024-03-24T20:36:32.272+0800][2586.296s] GC(947) User=0.00s Sys=0.00s Real=0.01s
[2024-03-24T20:36:34.040+0800][2588.063s] GC(948) Pause Young (Normal) (G1 Evacuation Pause)
[2024-03-24T20:36:34.040+0800][2588.064s] GC(948) Using 8 workers of 8 for evacuation
[2024-03-24T20:36:34.044+0800][2588.066s] GC(948)   Pre Evacuate Collection Set: 0.4ms
[2024-03-24T20:36:34.044+0800][2588.067s] GC(948)   Merge Heap Roots: 0.1ms
[2024-03-24T20:36:34.044+0800][2588.067s] GC(948)   Evacuate Collection Set: 1.6ms
[2024-03-24T20:36:34.044+0800][2588.067s] GC(948)   Post Evacuate Collection Set: 0.7ms
[2024-03-24T20:36:34.044+0800][2588.067s] GC(948)   Other: 0.1ms
[2024-03-24T20:36:34.044+0800][2588.067s] GC(948) Eden regions: 305->0(305)
[2024-03-24T20:36:34.044+0800][2588.067s] GC(948) Survivor regions: 2->2(39)
[2024-03-24T20:36:34.044+0800][2588.067s] GC(948) Old regions: 58->58
[2024-03-24T20:36:34.044+0800][2588.067s] GC(948) Humongous regions: 4->4
[2024-03-24T20:36:34.044+0800][2588.067s] GC(948) Metaspace: 65925K(66688K)->65925K(66688K) NonClass: 58528K(58944K)->58528K(58944K) Class: 7397K(7744K)->7397K(7744K)
[2024-03-24T20:36:34.044+0800][2588.067s] GC(948) Pause Young (Normal) (G1 Evacuation Pause) 367M->62M(512M) 3.243ms
[2024-03-24T20:36:34.044+0800][2588.067s] GC(948) User=0.02s Sys=0.00s Real=0.00s
[2024-03-24T20:36:35.881+0800][2589.906s] GC(949) Pause Young (Normal) (G1 Evacuation Pause)
[2024-03-24T20:36:35.881+0800][2589.906s] GC(949) Using 8 workers of 8 for evacuation
[2024-03-24T20:36:35.887+0800][2589.910s] GC(949)   Pre Evacuate Collection Set: 0.2ms
[2024-03-24T20:36:35.887+0800][2589.910s] GC(949)   Merge Heap Roots: 0.1ms
[2024-03-24T20:36:35.887+0800][2589.910s] GC(949)   Evacuate Collection Set: 2.8ms
[2024-03-24T20:36:35.887+0800][2589.910s] GC(949)   Post Evacuate Collection Set: 0.7ms
[2024-03-24T20:36:35.887+0800][2589.910s] GC(949)   Other: 0.1ms
[2024-03-24T20:36:35.887+0800][2589.910s] GC(949) Eden regions: 305->0(305)
[2024-03-24T20:36:35.887+0800][2589.910s] GC(949) Survivor regions: 2->2(39)
[2024-03-24T20:36:35.887+0800][2589.910s] GC(949) Old regions: 58->58
[2024-03-24T20:36:35.887+0800][2589.910s] GC(949) Humongous regions: 4->4
[2024-03-24T20:36:35.888+0800][2589.910s] GC(949) Metaspace: 65925K(66688K)->65925K(66688K) NonClass: 58528K(58944K)->58528K(58944K) Class: 7397K(7744K)->7397K(7744K)
[2024-03-24T20:36:35.888+0800][2589.911s] GC(949) Pause Young (Normal) (G1 Evacuation Pause) 367M->62M(512M) 4.211ms
[2024-03-24T20:36:35.888+0800][2589.911s] GC(949) User=0.02s Sys=0.00s Real=0.01s
[2024-03-24T20:36:37.668+0800][2591.696s] GC(950) Pause Young (Normal) (G1 Evacuation Pause)
[2024-03-24T20:36:37.668+0800][2591.697s] GC(950) Using 8 workers of 8 for evacuation
[2024-03-24T20:36:37.668+0800][2591.699s] GC(950)   Pre Evacuate Collection Set: 0.2ms
[2024-03-24T20:36:37.668+0800][2591.699s] GC(950)   Merge Heap Roots: 0.1ms
[2024-03-24T20:36:37.668+0800][2591.699s] GC(950)   Evacuate Collection Set: 1.5ms
[2024-03-24T20:36:37.668+0800][2591.699s] GC(950)   Post Evacuate Collection Set: 0.7ms
[2024-03-24T20:36:37.668+0800][2591.699s] GC(950)   Other: 0.2ms
[2024-03-24T20:36:37.668+0800][2591.700s] GC(950) Eden regions: 305->0(305)
[2024-03-24T20:36:37.668+0800][2591.700s] GC(950) Survivor regions: 2->2(39)
[2024-03-24T20:36:37.668+0800][2591.700s] GC(950) Old regions: 58->58
[2024-03-24T20:36:37.668+0800][2591.700s] GC(950) Humongous regions: 4->4
[2024-03-24T20:36:37.668+0800][2591.700s] GC(950) Metaspace: 65925K(66688K)->65925K(66688K) NonClass: 58528K(58944K)->58528K(58944K) Class: 7397K(7744K)->7397K(7744K)
[2024-03-24T20:36:37.668+0800][2591.700s] GC(950) Pause Young (Normal) (G1 Evacuation Pause) 367M->62M(512M) 3.471ms
[2024-03-24T20:36:37.668+0800][2591.700s] GC(950) User=0.00s Sys=0.00s Real=0.00s
[2024-03-24T20:36:39.372+0800][2593.400s] GC(951) Pause Young (Normal) (G1 Evacuation Pause)
[2024-03-24T20:36:39.372+0800][2593.400s] GC(951) Using 8 workers of 8 for evacuation
[2024-03-24T20:36:39.372+0800][2593.403s] GC(951)   Pre Evacuate Collection Set: 0.3ms
[2024-03-24T20:36:39.372+0800][2593.403s] GC(951)   Merge Heap Roots: 0.1ms
[2024-03-24T20:36:39.372+0800][2593.403s] GC(951)   Evacuate Collection Set: 1.4ms
[2024-03-24T20:36:39.372+0800][2593.403s] GC(951)   Post Evacuate Collection Set: 0.7ms
[2024-03-24T20:36:39.372+0800][2593.403s] GC(951)   Other: 0.1ms
[2024-03-24T20:36:39.372+0800][2593.403s] GC(951) Eden regions: 305->0(305)
[2024-03-24T20:36:39.372+0800][2593.403s] GC(951) Survivor regions: 2->2(39)
[2024-03-24T20:36:39.372+0800][2593.403s] GC(951) Old regions: 58->58
[2024-03-24T20:36:39.372+0800][2593.403s] GC(951) Humongous regions: 4->4
[2024-03-24T20:36:39.372+0800][2593.403s] GC(951) Metaspace: 65925K(66688K)->65925K(66688K) NonClass: 58528K(58944K)->58528K(58944K) Class: 7397K(7744K)->7397K(7744K)
[2024-03-24T20:36:39.372+0800][2593.403s] GC(951) Pause Young (Normal) (G1 Evacuation Pause) 367M->62M(512M) 3.099ms
[2024-03-24T20:36:39.372+0800][2593.403s] GC(951) User=0.00s Sys=0.00s Real=0.00s
[2024-03-24T20:36:40.995+0800][2595.018s] GC(952) Pause Young (Normal) (G1 Evacuation Pause)
[2024-03-24T20:36:40.995+0800][2595.018s] GC(952) Using 8 workers of 8 for evacuation
[2024-03-24T20:36:40.997+0800][2595.021s] GC(952)   Pre Evacuate Collection Set: 0.2ms
[2024-03-24T20:36:40.999+0800][2595.021s] GC(952)   Merge Heap Roots: 0.1ms
[2024-03-24T20:36:40.999+0800][2595.021s] GC(952)   Evacuate Collection Set: 1.7ms
[2024-03-24T20:36:40.999+0800][2595.021s] GC(952)   Post Evacuate Collection Set: 0.7ms
[2024-03-24T20:36:40.999+0800][2595.021s] GC(952)   Other: 0.2ms
[2024-03-24T20:36:40.999+0800][2595.022s] GC(952) Eden regions: 305->0(305)
[2024-03-24T20:36:40.999+0800][2595.022s] GC(952) Survivor regions: 2->2(39)
[2024-03-24T20:36:40.999+0800][2595.022s] GC(952) Old regions: 58->58
[2024-03-24T20:36:40.999+0800][2595.022s] GC(952) Humongous regions: 4->4
[2024-03-24T20:36:40.999+0800][2595.022s] GC(952) Metaspace: 65925K(66688K)->65925K(66688K) NonClass: 58528K(58944K)->58528K(58944K) Class: 7397K(7744K)->7397K(7744K)
[2024-03-24T20:36:40.999+0800][2595.022s] GC(952) Pause Young (Normal) (G1 Evacuation Pause) 367M->62M(512M) 3.380ms
[2024-03-24T20:36:40.999+0800][2595.022s] GC(952) User=0.00s Sys=0.00s Real=0.00s
[2024-03-24T20:36:42.834+0800][2596.857s] GC(953) Pause Young (Normal) (G1 Evacuation Pause)
[2024-03-24T20:36:42.834+0800][2596.857s] GC(953) Using 8 workers of 8 for evacuation
[2024-03-24T20:36:42.837+0800][2596.860s] GC(953)   Pre Evacuate Collection Set: 0.3ms
[2024-03-24T20:36:42.837+0800][2596.860s] GC(953)   Merge Heap Roots: 0.1ms
[2024-03-24T20:36:42.837+0800][2596.860s] GC(953)   Evacuate Collection Set: 2.0ms
[2024-03-24T20:36:42.837+0800][2596.860s] GC(953)   Post Evacuate Collection Set: 0.5ms
[2024-03-24T20:36:42.837+0800][2596.860s] GC(953)   Other: 0.1ms
[2024-03-24T20:36:42.837+0800][2596.860s] GC(953) Eden regions: 305->0(305)
[2024-03-24T20:36:42.838+0800][2596.860s] GC(953) Survivor regions: 2->2(39)
[2024-03-24T20:36:42.838+0800][2596.860s] GC(953) Old regions: 58->58
[2024-03-24T20:36:42.838+0800][2596.860s] GC(953) Humongous regions: 4->4
[2024-03-24T20:36:42.838+0800][2596.860s] GC(953) Metaspace: 65925K(66688K)->65925K(66688K) NonClass: 58528K(58944K)->58528K(58944K) Class: 7397K(7744K)->7397K(7744K)
[2024-03-24T20:36:42.838+0800][2596.860s] GC(953) Pause Young (Normal) (G1 Evacuation Pause) 367M->62M(512M) 3.500ms
[2024-03-24T20:36:42.838+0800][2596.860s] GC(953) User=0.00s Sys=0.00s Real=0.00s
[2024-03-24T20:36:44.529+0800][2598.552s] GC(954) Pause Young (Normal) (G1 Evacuation Pause)
[2024-03-24T20:36:44.530+0800][2598.552s] GC(954) Using 8 workers of 8 for evacuation
[2024-03-24T20:36:44.533+0800][2598.555s] GC(954)   Pre Evacuate Collection Set: 0.2ms
[2024-03-24T20:36:44.533+0800][2598.555s] GC(954)   Merge Heap Roots: 0.1ms
[2024-03-24T20:36:44.533+0800][2598.556s] GC(954)   Evacuate Collection Set: 2.3ms
[2024-03-24T20:36:44.533+0800][2598.556s] GC(954)   Post Evacuate Collection Set: 0.5ms
[2024-03-24T20:36:44.533+0800][2598.556s] GC(954)   Other: 0.2ms
[2024-03-24T20:36:44.533+0800][2598.556s] GC(954) Eden regions: 305->0(305)
[2024-03-24T20:36:44.533+0800][2598.556s] GC(954) Survivor regions: 2->2(39)
[2024-03-24T20:36:44.533+0800][2598.556s] GC(954) Old regions: 58->58
[2024-03-24T20:36:44.533+0800][2598.556s] GC(954) Humongous regions: 4->4
[2024-03-24T20:36:44.533+0800][2598.556s] GC(954) Metaspace: 65925K(66688K)->65925K(66688K) NonClass: 58528K(58944K)->58528K(58944K) Class: 7397K(7744K)->7397K(7744K)
[2024-03-24T20:36:44.533+0800][2598.556s] GC(954) Pause Young (Normal) (G1 Evacuation Pause) 367M->62M(512M) 3.853ms
[2024-03-24T20:36:44.533+0800][2598.556s] GC(954) User=0.02s Sys=0.00s Real=0.00s
[2024-03-24T20:36:46.264+0800][2600.287s] GC(955) Pause Young (Normal) (G1 Evacuation Pause)
[2024-03-24T20:36:46.264+0800][2600.287s] GC(955) Using 8 workers of 8 for evacuation
[2024-03-24T20:36:46.267+0800][2600.290s] GC(955)   Pre Evacuate Collection Set: 0.2ms
[2024-03-24T20:36:46.267+0800][2600.290s] GC(955)   Merge Heap Roots: 0.1ms
[2024-03-24T20:36:46.267+0800][2600.291s] GC(955)   Evacuate Collection Set: 1.7ms
[2024-03-24T20:36:46.267+0800][2600.291s] GC(955)   Post Evacuate Collection Set: 0.8ms
[2024-03-24T20:36:46.267+0800][2600.291s] GC(955)   Other: 0.1ms
[2024-03-24T20:36:46.267+0800][2600.291s] GC(955) Eden regions: 305->0(305)
[2024-03-24T20:36:46.267+0800][2600.291s] GC(955) Survivor regions: 2->2(39)
[2024-03-24T20:36:46.267+0800][2600.291s] GC(955) Old regions: 58->58
[2024-03-24T20:36:46.267+0800][2600.291s] GC(955) Humongous regions: 4->4
[2024-03-24T20:36:46.267+0800][2600.291s] GC(955) Metaspace: 65925K(66688K)->65925K(66688K) NonClass: 58528K(58944K)->58528K(58944K) Class: 7397K(7744K)->7397K(7744K)
[2024-03-24T20:36:46.267+0800][2600.291s] GC(955) Pause Young (Normal) (G1 Evacuation Pause) 367M->62M(512M) 3.438ms
[2024-03-24T20:36:46.267+0800][2600.291s] GC(955) User=0.00s Sys=0.00s Real=0.00s
[2024-03-24T20:36:47.813+0800][2601.837s] GC(956) Pause Young (Normal) (G1 Evacuation Pause)
[2024-03-24T20:36:47.813+0800][2601.837s] GC(956) Using 8 workers of 8 for evacuation
[2024-03-24T20:36:47.813+0800][2601.839s] GC(956)   Pre Evacuate Collection Set: 0.2ms
[2024-03-24T20:36:47.813+0800][2601.839s] GC(956)   Merge Heap Roots: 0.1ms
[2024-03-24T20:36:47.813+0800][2601.839s] GC(956)   Evacuate Collection Set: 1.2ms
[2024-03-24T20:36:47.813+0800][2601.839s] GC(956)   Post Evacuate Collection Set: 0.6ms
[2024-03-24T20:36:47.813+0800][2601.839s] GC(956)   Other: 0.1ms
[2024-03-24T20:36:47.813+0800][2601.839s] GC(956) Eden regions: 305->0(305)
[2024-03-24T20:36:47.813+0800][2601.839s] GC(956) Survivor regions: 2->2(39)
[2024-03-24T20:36:47.813+0800][2601.839s] GC(956) Old regions: 58->58
[2024-03-24T20:36:47.813+0800][2601.839s] GC(956) Humongous regions: 4->4
[2024-03-24T20:36:47.813+0800][2601.839s] GC(956) Metaspace: 65925K(66688K)->65925K(66688K) NonClass: 58528K(58944K)->58528K(58944K) Class: 7397K(7744K)->7397K(7744K)
[2024-03-24T20:36:47.813+0800][2601.839s] GC(956) Pause Young (Normal) (G1 Evacuation Pause) 367M->62M(512M) 2.620ms
[2024-03-24T20:36:47.813+0800][2601.839s] GC(956) User=0.00s Sys=0.00s Real=0.00s
[2024-03-24T20:36:49.592+0800][2603.619s] GC(957) Pause Young (Normal) (G1 Evacuation Pause)
[2024-03-24T20:36:49.592+0800][2603.619s] GC(957) Using 8 workers of 8 for evacuation
[2024-03-24T20:36:49.599+0800][2603.622s] GC(957)   Pre Evacuate Collection Set: 0.3ms
[2024-03-24T20:36:49.599+0800][2603.622s] GC(957)   Merge Heap Roots: 0.1ms
[2024-03-24T20:36:49.599+0800][2603.622s] GC(957)   Evacuate Collection Set: 2.1ms
[2024-03-24T20:36:49.599+0800][2603.622s] GC(957)   Post Evacuate Collection Set: 0.7ms
[2024-03-24T20:36:49.599+0800][2603.622s] GC(957)   Other: 0.2ms
[2024-03-24T20:36:49.600+0800][2603.622s] GC(957) Eden regions: 305->0(305)
[2024-03-24T20:36:49.600+0800][2603.622s] GC(957) Survivor regions: 2->2(39)
[2024-03-24T20:36:49.600+0800][2603.622s] GC(957) Old regions: 58->58
[2024-03-24T20:36:49.600+0800][2603.622s] GC(957) Humongous regions: 4->4
[2024-03-24T20:36:49.600+0800][2603.622s] GC(957) Metaspace: 65925K(66688K)->65925K(66688K) NonClass: 58528K(58944K)->58528K(58944K) Class: 7397K(7744K)->7397K(7744K)
[2024-03-24T20:36:49.600+0800][2603.623s] GC(957) Pause Young (Normal) (G1 Evacuation Pause) 367M->63M(512M) 3.947ms
[2024-03-24T20:36:49.600+0800][2603.623s] GC(957) User=0.02s Sys=0.00s Real=0.01s
[2024-03-24T20:36:51.440+0800][2605.465s] GC(958) Pause Young (Normal) (G1 Evacuation Pause)
[2024-03-24T20:36:51.440+0800][2605.465s] GC(958) Using 8 workers of 8 for evacuation
[2024-03-24T20:36:51.440+0800][2605.468s] GC(958)   Pre Evacuate Collection Set: 0.2ms
[2024-03-24T20:36:51.440+0800][2605.468s] GC(958)   Merge Heap Roots: 0.1ms
[2024-03-24T20:36:51.440+0800][2605.468s] GC(958)   Evacuate Collection Set: 2.1ms
[2024-03-24T20:36:51.440+0800][2605.468s] GC(958)   Post Evacuate Collection Set: 0.7ms
[2024-03-24T20:36:51.440+0800][2605.468s] GC(958)   Other: 0.1ms
[2024-03-24T20:36:51.440+0800][2605.469s] GC(958) Eden regions: 305->0(305)
[2024-03-24T20:36:51.440+0800][2605.469s] GC(958) Survivor regions: 2->2(39)
[2024-03-24T20:36:51.440+0800][2605.469s] GC(958) Old regions: 58->58
[2024-03-24T20:36:51.440+0800][2605.469s] GC(958) Humongous regions: 4->4
[2024-03-24T20:36:51.440+0800][2605.469s] GC(958) Metaspace: 65925K(66688K)->65925K(66688K) NonClass: 58528K(58944K)->58528K(58944K) Class: 7397K(7744K)->7397K(7744K)
[2024-03-24T20:36:51.440+0800][2605.469s] GC(958) Pause Young (Normal) (G1 Evacuation Pause) 368M->62M(512M) 3.564ms
[2024-03-24T20:36:51.440+0800][2605.469s] GC(958) User=0.00s Sys=0.00s Real=0.00s
[2024-03-24T20:36:53.258+0800][2607.281s] GC(959) Pause Young (Normal) (G1 Evacuation Pause)
[2024-03-24T20:36:53.258+0800][2607.281s] GC(959) Using 8 workers of 8 for evacuation
[2024-03-24T20:36:53.261+0800][2607.284s] GC(959)   Pre Evacuate Collection Set: 0.3ms
[2024-03-24T20:36:53.261+0800][2607.284s] GC(959)   Merge Heap Roots: 0.1ms
[2024-03-24T20:36:53.261+0800][2607.284s] GC(959)   Evacuate Collection Set: 1.8ms
[2024-03-24T20:36:53.261+0800][2607.284s] GC(959)   Post Evacuate Collection Set: 0.7ms
[2024-03-24T20:36:53.261+0800][2607.284s] GC(959)   Other: 0.1ms
[2024-03-24T20:36:53.261+0800][2607.284s] GC(959) Eden regions: 305->0(305)
[2024-03-24T20:36:53.261+0800][2607.285s] GC(959) Survivor regions: 2->2(39)
[2024-03-24T20:36:53.261+0800][2607.285s] GC(959) Old regions: 58->58
[2024-03-24T20:36:53.261+0800][2607.285s] GC(959) Humongous regions: 4->4
[2024-03-24T20:36:53.261+0800][2607.285s] GC(959) Metaspace: 65925K(66688K)->65925K(66688K) NonClass: 58528K(58944K)->58528K(58944K) Class: 7397K(7744K)->7397K(7744K)
[2024-03-24T20:36:53.262+0800][2607.285s] GC(959) Pause Young (Normal) (G1 Evacuation Pause) 367M->62M(512M) 3.515ms
[2024-03-24T20:36:53.262+0800][2607.285s] GC(959) User=0.00s Sys=0.00s Real=0.00s
[2024-03-24T20:36:55.048+0800][2609.071s] GC(960) Pause Young (Normal) (G1 Evacuation Pause)
[2024-03-24T20:36:55.048+0800][2609.071s] GC(960) Using 8 workers of 8 for evacuation
[2024-03-24T20:36:55.050+0800][2609.074s] GC(960)   Pre Evacuate Collection Set: 0.1ms
[2024-03-24T20:36:55.051+0800][2609.074s] GC(960)   Merge Heap Roots: 0.1ms
[2024-03-24T20:36:55.051+0800][2609.074s] GC(960)   Evacuate Collection Set: 1.7ms
[2024-03-24T20:36:55.051+0800][2609.074s] GC(960)   Post Evacuate Collection Set: 0.9ms
[2024-03-24T20:36:55.051+0800][2609.074s] GC(960)   Other: 0.1ms
[2024-03-24T20:36:55.051+0800][2609.074s] GC(960) Eden regions: 305->0(305)
[2024-03-24T20:36:55.051+0800][2609.074s] GC(960) Survivor regions: 2->2(39)
[2024-03-24T20:36:55.051+0800][2609.074s] GC(960) Old regions: 58->58
[2024-03-24T20:36:55.051+0800][2609.074s] GC(960) Humongous regions: 4->4
[2024-03-24T20:36:55.051+0800][2609.074s] GC(960) Metaspace: 65925K(66688K)->65925K(66688K) NonClass: 58528K(58944K)->58528K(58944K) Class: 7397K(7744K)->7397K(7744K)
[2024-03-24T20:36:55.051+0800][2609.074s] GC(960) Pause Young (Normal) (G1 Evacuation Pause) 367M->62M(512M) 3.245ms
[2024-03-24T20:36:55.051+0800][2609.074s] GC(960) User=0.00s Sys=0.00s Real=0.00s
[2024-03-24T20:36:56.762+0800][2610.786s] GC(961) Pause Young (Normal) (G1 Evacuation Pause)
[2024-03-24T20:36:56.762+0800][2610.786s] GC(961) Using 8 workers of 8 for evacuation
[2024-03-24T20:36:56.765+0800][2610.789s] GC(961)   Pre Evacuate Collection Set: 0.2ms
[2024-03-24T20:36:56.765+0800][2610.789s] GC(961)   Merge Heap Roots: 0.1ms
[2024-03-24T20:36:56.765+0800][2610.789s] GC(961)   Evacuate Collection Set: 1.5ms
[2024-03-24T20:36:56.765+0800][2610.789s] GC(961)   Post Evacuate Collection Set: 0.6ms
[2024-03-24T20:36:56.765+0800][2610.789s] GC(961)   Other: 0.1ms
[2024-03-24T20:36:56.765+0800][2610.789s] GC(961) Eden regions: 305->0(305)
[2024-03-24T20:36:56.765+0800][2610.789s] GC(961) Survivor regions: 2->2(39)
[2024-03-24T20:36:56.765+0800][2610.789s] GC(961) Old regions: 58->58
[2024-03-24T20:36:56.765+0800][2610.789s] GC(961) Humongous regions: 4->4
[2024-03-24T20:36:56.765+0800][2610.789s] GC(961) Metaspace: 65925K(66688K)->65925K(66688K) NonClass: 58528K(58944K)->58528K(58944K) Class: 7397K(7744K)->7397K(7744K)
[2024-03-24T20:36:56.765+0800][2610.789s] GC(961) Pause Young (Normal) (G1 Evacuation Pause) 367M->62M(512M) 3.001ms
[2024-03-24T20:36:56.765+0800][2610.789s] GC(961) User=0.00s Sys=0.00s Real=0.00s
[2024-03-24T20:36:58.556+0800][2612.579s] GC(962) Pause Young (Normal) (G1 Evacuation Pause)
[2024-03-24T20:36:58.556+0800][2612.579s] GC(962) Using 8 workers of 8 for evacuation
[2024-03-24T20:36:58.560+0800][2612.583s] GC(962)   Pre Evacuate Collection Set: 0.3ms
[2024-03-24T20:36:58.560+0800][2612.583s] GC(962)   Merge Heap Roots: 0.2ms
[2024-03-24T20:36:58.560+0800][2612.583s] GC(962)   Evacuate Collection Set: 2.2ms
[2024-03-24T20:36:58.560+0800][2612.583s] GC(962)   Post Evacuate Collection Set: 0.7ms
[2024-03-24T20:36:58.560+0800][2612.583s] GC(962)   Other: 0.1ms
[2024-03-24T20:36:58.560+0800][2612.583s] GC(962) Eden regions: 305->0(305)
[2024-03-24T20:36:58.560+0800][2612.583s] GC(962) Survivor regions: 2->2(39)
[2024-03-24T20:36:58.560+0800][2612.583s] GC(962) Old regions: 58->58
[2024-03-24T20:36:58.560+0800][2612.583s] GC(962) Humongous regions: 4->4
[2024-03-24T20:36:58.560+0800][2612.583s] GC(962) Metaspace: 65925K(66688K)->65925K(66688K) NonClass: 58528K(58944K)->58528K(58944K) Class: 7397K(7744K)->7397K(7744K)
[2024-03-24T20:36:58.561+0800][2612.583s] GC(962) Pause Young (Normal) (G1 Evacuation Pause) 367M->62M(512M) 4.147ms
[2024-03-24T20:36:58.561+0800][2612.583s] GC(962) User=0.00s Sys=0.00s Real=0.01s
[2024-03-24T20:37:00.433+0800][2614.456s] GC(963) Pause Young (Normal) (G1 Evacuation Pause)
[2024-03-24T20:37:00.433+0800][2614.456s] GC(963) Using 8 workers of 8 for evacuation
[2024-03-24T20:37:00.436+0800][2614.460s] GC(963)   Pre Evacuate Collection Set: 0.3ms
[2024-03-24T20:37:00.436+0800][2614.460s] GC(963)   Merge Heap Roots: 0.1ms
[2024-03-24T20:37:00.436+0800][2614.460s] GC(963)   Evacuate Collection Set: 1.6ms
[2024-03-24T20:37:00.436+0800][2614.460s] GC(963)   Post Evacuate Collection Set: 1.0ms
[2024-03-24T20:37:00.437+0800][2614.460s] GC(963)   Other: 0.2ms
[2024-03-24T20:37:00.437+0800][2614.460s] GC(963) Eden regions: 305->0(305)
[2024-03-24T20:37:00.437+0800][2614.460s] GC(963) Survivor regions: 2->2(39)
[2024-03-24T20:37:00.437+0800][2614.460s] GC(963) Old regions: 58->58
[2024-03-24T20:37:00.437+0800][2614.460s] GC(963) Humongous regions: 4->4
[2024-03-24T20:37:00.437+0800][2614.460s] GC(963) Metaspace: 65925K(66688K)->65925K(66688K) NonClass: 58528K(58944K)->58528K(58944K) Class: 7397K(7744K)->7397K(7744K)
[2024-03-24T20:37:00.437+0800][2614.460s] GC(963) Pause Young (Normal) (G1 Evacuation Pause) 367M->62M(512M) 4.056ms
[2024-03-24T20:37:00.437+0800][2614.460s] GC(963) User=0.00s Sys=0.00s Real=0.00s
[2024-03-24T20:37:02.159+0800][2616.188s] GC(964) Pause Young (Normal) (G1 Evacuation Pause)
[2024-03-24T20:37:02.159+0800][2616.188s] GC(964) Using 8 workers of 8 for evacuation
[2024-03-24T20:37:02.166+0800][2616.191s] GC(964)   Pre Evacuate Collection Set: 0.5ms
[2024-03-24T20:37:02.166+0800][2616.191s] GC(964)   Merge Heap Roots: 0.2ms
[2024-03-24T20:37:02.166+0800][2616.191s] GC(964)   Evacuate Collection Set: 1.9ms
[2024-03-24T20:37:02.166+0800][2616.191s] GC(964)   Post Evacuate Collection Set: 0.8ms
[2024-03-24T20:37:02.166+0800][2616.191s] GC(964)   Other: 0.2ms
[2024-03-24T20:37:02.166+0800][2616.191s] GC(964) Eden regions: 305->0(305)
[2024-03-24T20:37:02.166+0800][2616.192s] GC(964) Survivor regions: 2->2(39)
[2024-03-24T20:37:02.166+0800][2616.192s] GC(964) Old regions: 58->58
[2024-03-24T20:37:02.166+0800][2616.192s] GC(964) Humongous regions: 4->4
[2024-03-24T20:37:02.166+0800][2616.192s] GC(964) Metaspace: 65925K(66688K)->65925K(66688K) NonClass: 58528K(58944K)->58528K(58944K) Class: 7397K(7744K)->7397K(7744K)
[2024-03-24T20:37:02.166+0800][2616.192s] GC(964) Pause Young (Normal) (G1 Evacuation Pause) 367M->62M(512M) 3.975ms
[2024-03-24T20:37:02.166+0800][2616.192s] GC(964) User=0.00s Sys=0.00s Real=0.01s
[2024-03-24T20:37:03.873+0800][2617.896s] GC(965) Pause Young (Normal) (G1 Evacuation Pause)
[2024-03-24T20:37:03.873+0800][2617.896s] GC(965) Using 8 workers of 8 for evacuation
[2024-03-24T20:37:03.876+0800][2617.899s] GC(965)   Pre Evacuate Collection Set: 0.4ms
[2024-03-24T20:37:03.876+0800][2617.899s] GC(965)   Merge Heap Roots: 0.2ms
[2024-03-24T20:37:03.876+0800][2617.899s] GC(965)   Evacuate Collection Set: 1.8ms
[2024-03-24T20:37:03.876+0800][2617.899s] GC(965)   Post Evacuate Collection Set: 0.6ms
[2024-03-24T20:37:03.876+0800][2617.899s] GC(965)   Other: 0.1ms
[2024-03-24T20:37:03.876+0800][2617.899s] GC(965) Eden regions: 305->0(305)
[2024-03-24T20:37:03.876+0800][2617.899s] GC(965) Survivor regions: 2->2(39)
[2024-03-24T20:37:03.876+0800][2617.899s] GC(965) Old regions: 58->58
[2024-03-24T20:37:03.876+0800][2617.899s] GC(965) Humongous regions: 4->4
[2024-03-24T20:37:03.876+0800][2617.899s] GC(965) Metaspace: 65925K(66688K)->65925K(66688K) NonClass: 58528K(58944K)->58528K(58944K) Class: 7397K(7744K)->7397K(7744K)
[2024-03-24T20:37:03.876+0800][2617.899s] GC(965) Pause Young (Normal) (G1 Evacuation Pause) 367M->62M(512M) 3.358ms
[2024-03-24T20:37:03.876+0800][2617.899s] GC(965) User=0.00s Sys=0.00s Real=0.00s
[2024-03-24T20:37:05.574+0800][2619.601s] GC(966) Pause Young (Normal) (G1 Evacuation Pause)
[2024-03-24T20:37:05.574+0800][2619.601s] GC(966) Using 8 workers of 8 for evacuation
[2024-03-24T20:37:05.580+0800][2619.604s] GC(966)   Pre Evacuate Collection Set: 0.3ms
[2024-03-24T20:37:05.580+0800][2619.604s] GC(966)   Merge Heap Roots: 0.1ms
[2024-03-24T20:37:05.580+0800][2619.604s] GC(966)   Evacuate Collection Set: 1.2ms
[2024-03-24T20:37:05.580+0800][2619.604s] GC(966)   Post Evacuate Collection Set: 0.7ms
[2024-03-24T20:37:05.580+0800][2619.604s] GC(966)   Other: 0.1ms
[2024-03-24T20:37:05.580+0800][2619.604s] GC(966) Eden regions: 305->0(305)
[2024-03-24T20:37:05.580+0800][2619.604s] GC(966) Survivor regions: 2->2(39)
[2024-03-24T20:37:05.580+0800][2619.604s] GC(966) Old regions: 58->58
[2024-03-24T20:37:05.580+0800][2619.604s] GC(966) Humongous regions: 4->4
[2024-03-24T20:37:05.580+0800][2619.604s] GC(966) Metaspace: 65925K(66688K)->65925K(66688K) NonClass: 58528K(58944K)->58528K(58944K) Class: 7397K(7744K)->7397K(7744K)
[2024-03-24T20:37:05.580+0800][2619.604s] GC(966) Pause Young (Normal) (G1 Evacuation Pause) 367M->63M(512M) 2.925ms
[2024-03-24T20:37:05.580+0800][2619.604s] GC(966) User=0.00s Sys=0.00s Real=0.01s
[2024-03-24T20:37:07.280+0800][2621.303s] GC(967) Pause Young (Normal) (G1 Evacuation Pause)
[2024-03-24T20:37:07.281+0800][2621.304s] GC(967) Using 8 workers of 8 for evacuation
[2024-03-24T20:37:07.284+0800][2621.307s] GC(967)   Pre Evacuate Collection Set: 0.5ms
[2024-03-24T20:37:07.284+0800][2621.307s] GC(967)   Merge Heap Roots: 0.1ms
[2024-03-24T20:37:07.284+0800][2621.307s] GC(967)   Evacuate Collection Set: 2.1ms
[2024-03-24T20:37:07.284+0800][2621.308s] GC(967)   Post Evacuate Collection Set: 0.7ms
[2024-03-24T20:37:07.284+0800][2621.308s] GC(967)   Other: 0.3ms
[2024-03-24T20:37:07.284+0800][2621.308s] GC(967) Eden regions: 305->0(305)
[2024-03-24T20:37:07.284+0800][2621.308s] GC(967) Survivor regions: 2->2(39)
[2024-03-24T20:37:07.284+0800][2621.308s] GC(967) Old regions: 58->58
[2024-03-24T20:37:07.284+0800][2621.308s] GC(967) Humongous regions: 4->4
[2024-03-24T20:37:07.284+0800][2621.308s] GC(967) Metaspace: 65925K(66688K)->65925K(66688K) NonClass: 58528K(58944K)->58528K(58944K) Class: 7397K(7744K)->7397K(7744K)
[2024-03-24T20:37:07.284+0800][2621.308s] GC(967) Pause Young (Normal) (G1 Evacuation Pause) 368M->62M(512M) 4.705ms
[2024-03-24T20:37:07.284+0800][2621.308s] GC(967) User=0.00s Sys=0.00s Real=0.00s
[2024-03-24T20:37:09.045+0800][2623.068s] GC(968) Pause Young (Normal) (G1 Evacuation Pause)
[2024-03-24T20:37:09.045+0800][2623.068s] GC(968) Using 8 workers of 8 for evacuation
[2024-03-24T20:37:09.047+0800][2623.071s] GC(968)   Pre Evacuate Collection Set: 0.2ms
[2024-03-24T20:37:09.047+0800][2623.071s] GC(968)   Merge Heap Roots: 0.1ms
[2024-03-24T20:37:09.047+0800][2623.071s] GC(968)   Evacuate Collection Set: 1.4ms
[2024-03-24T20:37:09.047+0800][2623.071s] GC(968)   Post Evacuate Collection Set: 0.7ms
[2024-03-24T20:37:09.048+0800][2623.071s] GC(968)   Other: 0.1ms
[2024-03-24T20:37:09.048+0800][2623.071s] GC(968) Eden regions: 305->0(305)
[2024-03-24T20:37:09.048+0800][2623.071s] GC(968) Survivor regions: 2->2(39)
[2024-03-24T20:37:09.048+0800][2623.071s] GC(968) Old regions: 58->58
[2024-03-24T20:37:09.048+0800][2623.071s] GC(968) Humongous regions: 4->4
[2024-03-24T20:37:09.048+0800][2623.071s] GC(968) Metaspace: 65925K(66688K)->65925K(66688K) NonClass: 58528K(58944K)->58528K(58944K) Class: 7397K(7744K)->7397K(7744K)
[2024-03-24T20:37:09.048+0800][2623.071s] GC(968) Pause Young (Normal) (G1 Evacuation Pause) 367M->62M(512M) 3.020ms
[2024-03-24T20:37:09.048+0800][2623.071s] GC(968) User=0.00s Sys=0.00s Real=0.00s
[2024-03-24T20:37:10.812+0800][2624.834s] GC(969) Pause Young (Normal) (G1 Evacuation Pause)
[2024-03-24T20:37:10.812+0800][2624.835s] GC(969) Using 8 workers of 8 for evacuation
[2024-03-24T20:37:10.814+0800][2624.838s] GC(969)   Pre Evacuate Collection Set: 0.2ms
[2024-03-24T20:37:10.814+0800][2624.838s] GC(969)   Merge Heap Roots: 0.1ms
[2024-03-24T20:37:10.814+0800][2624.838s] GC(969)   Evacuate Collection Set: 2.0ms
[2024-03-24T20:37:10.814+0800][2624.838s] GC(969)   Post Evacuate Collection Set: 0.7ms
[2024-03-24T20:37:10.814+0800][2624.838s] GC(969)   Other: 0.2ms
[2024-03-24T20:37:10.814+0800][2624.838s] GC(969) Eden regions: 305->0(305)
[2024-03-24T20:37:10.814+0800][2624.838s] GC(969) Survivor regions: 2->2(39)
[2024-03-24T20:37:10.814+0800][2624.838s] GC(969) Old regions: 58->58
[2024-03-24T20:37:10.814+0800][2624.838s] GC(969) Humongous regions: 4->4
[2024-03-24T20:37:10.814+0800][2624.838s] GC(969) Metaspace: 65925K(66688K)->65925K(66688K) NonClass: 58528K(58944K)->58528K(58944K) Class: 7397K(7744K)->7397K(7744K)
[2024-03-24T20:37:10.816+0800][2624.838s] GC(969) Pause Young (Normal) (G1 Evacuation Pause) 367M->62M(512M) 3.791ms
[2024-03-24T20:37:10.816+0800][2624.838s] GC(969) User=0.00s Sys=0.00s Real=0.00s
[2024-03-24T20:37:12.330+0800][2626.354s] GC(970) Pause Young (Normal) (G1 Evacuation Pause)
[2024-03-24T20:37:12.330+0800][2626.354s] GC(970) Using 8 workers of 8 for evacuation
[2024-03-24T20:37:12.333+0800][2626.356s] GC(970)   Pre Evacuate Collection Set: 0.1ms
[2024-03-24T20:37:12.333+0800][2626.356s] GC(970)   Merge Heap Roots: 0.1ms
[2024-03-24T20:37:12.333+0800][2626.356s] GC(970)   Evacuate Collection Set: 1.4ms
[2024-03-24T20:37:12.333+0800][2626.356s] GC(970)   Post Evacuate Collection Set: 0.5ms
[2024-03-24T20:37:12.333+0800][2626.356s] GC(970)   Other: 0.1ms
[2024-03-24T20:37:12.333+0800][2626.356s] GC(970) Eden regions: 305->0(305)
[2024-03-24T20:37:12.333+0800][2626.356s] GC(970) Survivor regions: 2->2(39)
[2024-03-24T20:37:12.334+0800][2626.356s] GC(970) Old regions: 58->58
[2024-03-24T20:37:12.334+0800][2626.356s] GC(970) Humongous regions: 4->4
[2024-03-24T20:37:12.334+0800][2626.356s] GC(970) Metaspace: 65925K(66688K)->65925K(66688K) NonClass: 58528K(58944K)->58528K(58944K) Class: 7397K(7744K)->7397K(7744K)
[2024-03-24T20:37:12.334+0800][2626.356s] GC(970) Pause Young (Normal) (G1 Evacuation Pause) 367M->62M(512M) 2.748ms
[2024-03-24T20:37:12.334+0800][2626.356s] GC(970) User=0.02s Sys=0.00s Real=0.00s
[2024-03-24T20:37:14.099+0800][2628.125s] GC(971) Pause Young (Normal) (G1 Evacuation Pause)
[2024-03-24T20:37:14.099+0800][2628.126s] GC(971) Using 8 workers of 8 for evacuation
[2024-03-24T20:37:14.105+0800][2628.128s] GC(971)   Pre Evacuate Collection Set: 0.3ms
[2024-03-24T20:37:14.105+0800][2628.128s] GC(971)   Merge Heap Roots: 0.1ms
[2024-03-24T20:37:14.105+0800][2628.128s] GC(971)   Evacuate Collection Set: 1.5ms
[2024-03-24T20:37:14.105+0800][2628.128s] GC(971)   Post Evacuate Collection Set: 0.6ms
[2024-03-24T20:37:14.105+0800][2628.128s] GC(971)   Other: 0.1ms
[2024-03-24T20:37:14.105+0800][2628.129s] GC(971) Eden regions: 305->0(305)
[2024-03-24T20:37:14.105+0800][2628.129s] GC(971) Survivor regions: 2->2(39)
[2024-03-24T20:37:14.105+0800][2628.129s] GC(971) Old regions: 58->58
[2024-03-24T20:37:14.105+0800][2628.129s] GC(971) Humongous regions: 4->4
[2024-03-24T20:37:14.105+0800][2628.129s] GC(971) Metaspace: 65925K(66688K)->65925K(66688K) NonClass: 58528K(58944K)->58528K(58944K) Class: 7397K(7744K)->7397K(7744K)
[2024-03-24T20:37:14.105+0800][2628.129s] GC(971) Pause Young (Normal) (G1 Evacuation Pause) 367M->62M(512M) 3.108ms
[2024-03-24T20:37:14.105+0800][2628.129s] GC(971) User=0.03s Sys=0.00s Real=0.01s
[2024-03-24T20:37:15.848+0800][2629.875s] GC(972) Pause Young (Normal) (G1 Evacuation Pause)
[2024-03-24T20:37:15.848+0800][2629.875s] GC(972) Using 8 workers of 8 for evacuation
[2024-03-24T20:37:15.855+0800][2629.879s] GC(972)   Pre Evacuate Collection Set: 0.2ms
[2024-03-24T20:37:15.855+0800][2629.879s] GC(972)   Merge Heap Roots: 0.1ms
[2024-03-24T20:37:15.855+0800][2629.879s] GC(972)   Evacuate Collection Set: 2.8ms
[2024-03-24T20:37:15.855+0800][2629.879s] GC(972)   Post Evacuate Collection Set: 0.7ms
[2024-03-24T20:37:15.855+0800][2629.879s] GC(972)   Other: 0.1ms
[2024-03-24T20:37:15.855+0800][2629.879s] GC(972) Eden regions: 305->0(305)
[2024-03-24T20:37:15.855+0800][2629.879s] GC(972) Survivor regions: 2->2(39)
[2024-03-24T20:37:15.855+0800][2629.879s] GC(972) Old regions: 58->58
[2024-03-24T20:37:15.855+0800][2629.879s] GC(972) Humongous regions: 4->4
[2024-03-24T20:37:15.855+0800][2629.879s] GC(972) Metaspace: 65925K(66688K)->65925K(66688K) NonClass: 58528K(58944K)->58528K(58944K) Class: 7397K(7744K)->7397K(7744K)
[2024-03-24T20:37:15.855+0800][2629.879s] GC(972) Pause Young (Normal) (G1 Evacuation Pause) 367M->62M(512M) 4.245ms
[2024-03-24T20:37:15.855+0800][2629.880s] GC(972) User=0.03s Sys=0.00s Real=0.01s
[2024-03-24T20:37:17.537+0800][2631.563s] GC(973) Pause Young (Normal) (G1 Evacuation Pause)
[2024-03-24T20:37:17.537+0800][2631.563s] GC(973) Using 8 workers of 8 for evacuation
[2024-03-24T20:37:17.543+0800][2631.567s] GC(973)   Pre Evacuate Collection Set: 0.2ms
[2024-03-24T20:37:17.543+0800][2631.567s] GC(973)   Merge Heap Roots: 0.1ms
[2024-03-24T20:37:17.543+0800][2631.567s] GC(973)   Evacuate Collection Set: 2.0ms
[2024-03-24T20:37:17.543+0800][2631.567s] GC(973)   Post Evacuate Collection Set: 0.6ms
[2024-03-24T20:37:17.543+0800][2631.567s] GC(973)   Other: 0.1ms
[2024-03-24T20:37:17.543+0800][2631.567s] GC(973) Eden regions: 305->0(305)
[2024-03-24T20:37:17.543+0800][2631.567s] GC(973) Survivor regions: 2->2(39)
[2024-03-24T20:37:17.543+0800][2631.567s] GC(973) Old regions: 58->58
[2024-03-24T20:37:17.543+0800][2631.567s] GC(973) Humongous regions: 4->4
[2024-03-24T20:37:17.543+0800][2631.567s] GC(973) Metaspace: 65925K(66688K)->65925K(66688K) NonClass: 58528K(58944K)->58528K(58944K) Class: 7397K(7744K)->7397K(7744K)
[2024-03-24T20:37:17.543+0800][2631.567s] GC(973) Pause Young (Normal) (G1 Evacuation Pause) 367M->62M(512M) 3.731ms
[2024-03-24T20:37:17.543+0800][2631.567s] GC(973) User=0.00s Sys=0.00s Real=0.01s
[2024-03-24T20:37:19.049+0800][2633.073s] GC(974) Pause Young (Normal) (G1 Evacuation Pause)
[2024-03-24T20:37:19.049+0800][2633.073s] GC(974) Using 8 workers of 8 for evacuation
[2024-03-24T20:37:19.052+0800][2633.075s] GC(974)   Pre Evacuate Collection Set: 0.2ms
[2024-03-24T20:37:19.052+0800][2633.075s] GC(974)   Merge Heap Roots: 0.1ms
[2024-03-24T20:37:19.052+0800][2633.075s] GC(974)   Evacuate Collection Set: 1.4ms
[2024-03-24T20:37:19.052+0800][2633.075s] GC(974)   Post Evacuate Collection Set: 0.4ms
[2024-03-24T20:37:19.052+0800][2633.075s] GC(974)   Other: 0.1ms
[2024-03-24T20:37:19.052+0800][2633.075s] GC(974) Eden regions: 305->0(305)
[2024-03-24T20:37:19.052+0800][2633.075s] GC(974) Survivor regions: 2->2(39)
[2024-03-24T20:37:19.052+0800][2633.075s] GC(974) Old regions: 58->58
[2024-03-24T20:37:19.052+0800][2633.076s] GC(974) Humongous regions: 4->4
[2024-03-24T20:37:19.052+0800][2633.076s] GC(974) Metaspace: 65925K(66688K)->65925K(66688K) NonClass: 58528K(58944K)->58528K(58944K) Class: 7397K(7744K)->7397K(7744K)
[2024-03-24T20:37:19.052+0800][2633.076s] GC(974) Pause Young (Normal) (G1 Evacuation Pause) 367M->63M(512M) 2.482ms
[2024-03-24T20:37:19.052+0800][2633.076s] GC(974) User=0.00s Sys=0.00s Real=0.00s
[2024-03-24T20:37:20.891+0800][2634.914s] GC(975) Pause Young (Normal) (G1 Evacuation Pause)
[2024-03-24T20:37:20.891+0800][2634.914s] GC(975) Using 8 workers of 8 for evacuation
[2024-03-24T20:37:20.891+0800][2634.917s] GC(975)   Pre Evacuate Collection Set: 0.2ms
[2024-03-24T20:37:20.891+0800][2634.917s] GC(975)   Merge Heap Roots: 0.1ms
[2024-03-24T20:37:20.891+0800][2634.917s] GC(975)   Evacuate Collection Set: 1.4ms
[2024-03-24T20:37:20.891+0800][2634.917s] GC(975)   Post Evacuate Collection Set: 0.7ms
[2024-03-24T20:37:20.891+0800][2634.917s] GC(975)   Other: 0.1ms
[2024-03-24T20:37:20.891+0800][2634.917s] GC(975) Eden regions: 305->0(305)
[2024-03-24T20:37:20.891+0800][2634.917s] GC(975) Survivor regions: 2->2(39)
[2024-03-24T20:37:20.891+0800][2634.917s] GC(975) Old regions: 58->58
[2024-03-24T20:37:20.891+0800][2634.917s] GC(975) Humongous regions: 4->4
[2024-03-24T20:37:20.891+0800][2634.917s] GC(975) Metaspace: 65925K(66688K)->65925K(66688K) NonClass: 58528K(58944K)->58528K(58944K) Class: 7397K(7744K)->7397K(7744K)
[2024-03-24T20:37:20.891+0800][2634.917s] GC(975) Pause Young (Normal) (G1 Evacuation Pause) 368M->63M(512M) 2.791ms
[2024-03-24T20:37:20.891+0800][2634.917s] GC(975) User=0.00s Sys=0.00s Real=0.00s
[2024-03-24T20:37:22.654+0800][2636.679s] GC(976) Pause Young (Normal) (G1 Evacuation Pause)
[2024-03-24T20:37:22.654+0800][2636.679s] GC(976) Using 8 workers of 8 for evacuation
[2024-03-24T20:37:22.654+0800][2636.682s] GC(976)   Pre Evacuate Collection Set: 0.2ms
[2024-03-24T20:37:22.654+0800][2636.682s] GC(976)   Merge Heap Roots: 0.1ms
[2024-03-24T20:37:22.654+0800][2636.682s] GC(976)   Evacuate Collection Set: 1.6ms
[2024-03-24T20:37:22.654+0800][2636.682s] GC(976)   Post Evacuate Collection Set: 0.8ms
[2024-03-24T20:37:22.654+0800][2636.682s] GC(976)   Other: 0.1ms
[2024-03-24T20:37:22.654+0800][2636.682s] GC(976) Eden regions: 305->0(305)
[2024-03-24T20:37:22.654+0800][2636.682s] GC(976) Survivor regions: 2->2(39)
[2024-03-24T20:37:22.654+0800][2636.682s] GC(976) Old regions: 58->58
[2024-03-24T20:37:22.654+0800][2636.682s] GC(976) Humongous regions: 4->4
[2024-03-24T20:37:22.654+0800][2636.682s] GC(976) Metaspace: 65925K(66688K)->65925K(66688K) NonClass: 58528K(58944K)->58528K(58944K) Class: 7397K(7744K)->7397K(7744K)
[2024-03-24T20:37:22.654+0800][2636.682s] GC(976) Pause Young (Normal) (G1 Evacuation Pause) 368M->62M(512M) 3.270ms
[2024-03-24T20:37:22.654+0800][2636.682s] GC(976) User=0.00s Sys=0.00s Real=0.00s
[2024-03-24T20:37:24.493+0800][2638.516s] GC(977) Pause Young (Normal) (G1 Evacuation Pause)
[2024-03-24T20:37:24.493+0800][2638.516s] GC(977) Using 8 workers of 8 for evacuation
[2024-03-24T20:37:24.497+0800][2638.520s] GC(977)   Pre Evacuate Collection Set: 0.4ms
[2024-03-24T20:37:24.497+0800][2638.520s] GC(977)   Merge Heap Roots: 0.2ms
[2024-03-24T20:37:24.497+0800][2638.520s] GC(977)   Evacuate Collection Set: 1.9ms
[2024-03-24T20:37:24.497+0800][2638.520s] GC(977)   Post Evacuate Collection Set: 0.8ms
[2024-03-24T20:37:24.497+0800][2638.520s] GC(977)   Other: 0.2ms
[2024-03-24T20:37:24.497+0800][2638.520s] GC(977) Eden regions: 305->0(305)
[2024-03-24T20:37:24.497+0800][2638.520s] GC(977) Survivor regions: 2->2(39)
[2024-03-24T20:37:24.497+0800][2638.520s] GC(977) Old regions: 58->58
[2024-03-24T20:37:24.497+0800][2638.520s] GC(977) Humongous regions: 4->4
[2024-03-24T20:37:24.497+0800][2638.520s] GC(977) Metaspace: 65925K(66688K)->65925K(66688K) NonClass: 58528K(58944K)->58528K(58944K) Class: 7397K(7744K)->7397K(7744K)
[2024-03-24T20:37:24.497+0800][2638.520s] GC(977) Pause Young (Normal) (G1 Evacuation Pause) 367M->62M(512M) 4.153ms
[2024-03-24T20:37:24.497+0800][2638.520s] GC(977) User=0.03s Sys=0.00s Real=0.00s
[2024-03-24T20:37:26.289+0800][2640.319s] GC(978) Pause Young (Normal) (G1 Evacuation Pause)
[2024-03-24T20:37:26.289+0800][2640.319s] GC(978) Using 8 workers of 8 for evacuation
[2024-03-24T20:37:26.299+0800][2640.322s] GC(978)   Pre Evacuate Collection Set: 0.4ms
[2024-03-24T20:37:26.299+0800][2640.322s] GC(978)   Merge Heap Roots: 0.2ms
[2024-03-24T20:37:26.299+0800][2640.322s] GC(978)   Evacuate Collection Set: 1.9ms
[2024-03-24T20:37:26.299+0800][2640.322s] GC(978)   Post Evacuate Collection Set: 0.9ms
[2024-03-24T20:37:26.299+0800][2640.322s] GC(978)   Other: 0.1ms
[2024-03-24T20:37:26.299+0800][2640.322s] GC(978) Eden regions: 305->0(305)
[2024-03-24T20:37:26.299+0800][2640.322s] GC(978) Survivor regions: 2->2(39)
[2024-03-24T20:37:26.299+0800][2640.322s] GC(978) Old regions: 58->58
[2024-03-24T20:37:26.299+0800][2640.322s] GC(978) Humongous regions: 4->4
[2024-03-24T20:37:26.299+0800][2640.322s] GC(978) Metaspace: 65925K(66688K)->65925K(66688K) NonClass: 58528K(58944K)->58528K(58944K) Class: 7397K(7744K)->7397K(7744K)
[2024-03-24T20:37:26.299+0800][2640.323s] GC(978) Pause Young (Normal) (G1 Evacuation Pause) 367M->63M(512M) 3.758ms
[2024-03-24T20:37:26.299+0800][2640.323s] GC(978) User=0.03s Sys=0.00s Real=0.01s
[2024-03-24T20:37:28.067+0800][2642.091s] GC(979) Pause Young (Normal) (G1 Evacuation Pause)
[2024-03-24T20:37:28.067+0800][2642.091s] GC(979) Using 8 workers of 8 for evacuation
[2024-03-24T20:37:28.070+0800][2642.094s] GC(979)   Pre Evacuate Collection Set: 0.4ms
[2024-03-24T20:37:28.070+0800][2642.094s] GC(979)   Merge Heap Roots: 0.2ms
[2024-03-24T20:37:28.070+0800][2642.094s] GC(979)   Evacuate Collection Set: 1.7ms
[2024-03-24T20:37:28.070+0800][2642.094s] GC(979)   Post Evacuate Collection Set: 0.9ms
[2024-03-24T20:37:28.070+0800][2642.094s] GC(979)   Other: 0.1ms
[2024-03-24T20:37:28.070+0800][2642.094s] GC(979) Eden regions: 305->0(305)
[2024-03-24T20:37:28.070+0800][2642.094s] GC(979) Survivor regions: 2->2(39)
[2024-03-24T20:37:28.070+0800][2642.094s] GC(979) Old regions: 58->58
[2024-03-24T20:37:28.070+0800][2642.094s] GC(979) Humongous regions: 4->4
[2024-03-24T20:37:28.070+0800][2642.094s] GC(979) Metaspace: 65925K(66688K)->65925K(66688K) NonClass: 58528K(58944K)->58528K(58944K) Class: 7397K(7744K)->7397K(7744K)
[2024-03-24T20:37:28.070+0800][2642.094s] GC(979) Pause Young (Normal) (G1 Evacuation Pause) 368M->63M(512M) 3.777ms
[2024-03-24T20:37:28.070+0800][2642.094s] GC(979) User=0.00s Sys=0.00s Real=0.00s
[2024-03-24T20:37:29.914+0800][2643.938s] GC(980) Pause Young (Normal) (G1 Evacuation Pause)
[2024-03-24T20:37:29.914+0800][2643.938s] GC(980) Using 8 workers of 8 for evacuation
[2024-03-24T20:37:29.917+0800][2643.941s] GC(980)   Pre Evacuate Collection Set: 0.4ms
[2024-03-24T20:37:29.917+0800][2643.941s] GC(980)   Merge Heap Roots: 0.1ms
[2024-03-24T20:37:29.917+0800][2643.941s] GC(980)   Evacuate Collection Set: 1.5ms
[2024-03-24T20:37:29.917+0800][2643.941s] GC(980)   Post Evacuate Collection Set: 0.8ms
[2024-03-24T20:37:29.917+0800][2643.941s] GC(980)   Other: 0.2ms
[2024-03-24T20:37:29.917+0800][2643.941s] GC(980) Eden regions: 305->0(305)
[2024-03-24T20:37:29.917+0800][2643.941s] GC(980) Survivor regions: 2->2(39)
[2024-03-24T20:37:29.919+0800][2643.941s] GC(980) Old regions: 58->58
[2024-03-24T20:37:29.919+0800][2643.941s] GC(980) Humongous regions: 4->4
[2024-03-24T20:37:29.919+0800][2643.941s] GC(980) Metaspace: 65925K(66688K)->65925K(66688K) NonClass: 58528K(58944K)->58528K(58944K) Class: 7397K(7744K)->7397K(7744K)
[2024-03-24T20:37:29.919+0800][2643.941s] GC(980) Pause Young (Normal) (G1 Evacuation Pause) 368M->62M(512M) 3.674ms
[2024-03-24T20:37:29.919+0800][2643.942s] GC(980) User=0.05s Sys=0.00s Real=0.00s
[2024-03-24T20:37:31.655+0800][2645.680s] GC(981) Pause Young (Normal) (G1 Evacuation Pause)
[2024-03-24T20:37:31.655+0800][2645.680s] GC(981) Using 8 workers of 8 for evacuation
[2024-03-24T20:37:31.659+0800][2645.682s] GC(981)   Pre Evacuate Collection Set: 0.2ms
[2024-03-24T20:37:31.659+0800][2645.682s] GC(981)   Merge Heap Roots: 0.1ms
[2024-03-24T20:37:31.659+0800][2645.682s] GC(981)   Evacuate Collection Set: 1.3ms
[2024-03-24T20:37:31.659+0800][2645.682s] GC(981)   Post Evacuate Collection Set: 0.5ms
[2024-03-24T20:37:31.659+0800][2645.682s] GC(981)   Other: 0.1ms
[2024-03-24T20:37:31.659+0800][2645.682s] GC(981) Eden regions: 305->0(306)
[2024-03-24T20:37:31.659+0800][2645.682s] GC(981) Survivor regions: 2->1(39)
[2024-03-24T20:37:31.659+0800][2645.682s] GC(981) Old regions: 58->58
[2024-03-24T20:37:31.659+0800][2645.682s] GC(981) Humongous regions: 4->4
[2024-03-24T20:37:31.659+0800][2645.682s] GC(981) Metaspace: 65925K(66688K)->65925K(66688K) NonClass: 58528K(58944K)->58528K(58944K) Class: 7397K(7744K)->7397K(7744K)
[2024-03-24T20:37:31.659+0800][2645.682s] GC(981) Pause Young (Normal) (G1 Evacuation Pause) 367M->62M(512M) 2.473ms
[2024-03-24T20:37:31.659+0800][2645.682s] GC(981) User=0.00s Sys=0.00s Real=0.00s
[2024-03-24T20:37:33.500+0800][2647.529s] GC(982) Pause Young (Normal) (G1 Evacuation Pause)
[2024-03-24T20:37:33.500+0800][2647.530s] GC(982) Using 8 workers of 8 for evacuation
[2024-03-24T20:37:33.500+0800][2647.533s] GC(982)   Pre Evacuate Collection Set: 0.3ms
[2024-03-24T20:37:33.500+0800][2647.533s] GC(982)   Merge Heap Roots: 0.1ms
[2024-03-24T20:37:33.500+0800][2647.533s] GC(982)   Evacuate Collection Set: 1.9ms
[2024-03-24T20:37:33.510+0800][2647.533s] GC(982)   Post Evacuate Collection Set: 0.8ms
[2024-03-24T20:37:33.510+0800][2647.533s] GC(982)   Other: 0.2ms
[2024-03-24T20:37:33.510+0800][2647.533s] GC(982) Eden regions: 306->0(305)
[2024-03-24T20:37:33.510+0800][2647.533s] GC(982) Survivor regions: 1->2(39)
[2024-03-24T20:37:33.510+0800][2647.533s] GC(982) Old regions: 58->58
[2024-03-24T20:37:33.510+0800][2647.533s] GC(982) Humongous regions: 4->4
[2024-03-24T20:37:33.510+0800][2647.533s] GC(982) Metaspace: 65925K(66688K)->65925K(66688K) NonClass: 58528K(58944K)->58528K(58944K) Class: 7397K(7744K)->7397K(7744K)
[2024-03-24T20:37:33.510+0800][2647.533s] GC(982) Pause Young (Normal) (G1 Evacuation Pause) 368M->62M(512M) 3.717ms
[2024-03-24T20:37:33.510+0800][2647.533s] GC(982) User=0.00s Sys=0.00s Real=0.01s
[2024-03-24T20:37:35.303+0800][2649.335s] GC(983) Pause Young (Normal) (G1 Evacuation Pause)
[2024-03-24T20:37:35.303+0800][2649.335s] GC(983) Using 8 workers of 8 for evacuation
[2024-03-24T20:37:35.313+0800][2649.337s] GC(983)   Pre Evacuate Collection Set: 0.2ms
[2024-03-24T20:37:35.313+0800][2649.337s] GC(983)   Merge Heap Roots: 0.1ms
[2024-03-24T20:37:35.313+0800][2649.337s] GC(983)   Evacuate Collection Set: 1.3ms
[2024-03-24T20:37:35.313+0800][2649.337s] GC(983)   Post Evacuate Collection Set: 0.4ms
[2024-03-24T20:37:35.313+0800][2649.337s] GC(983)   Other: 0.1ms
[2024-03-24T20:37:35.313+0800][2649.337s] GC(983) Eden regions: 305->0(305)
[2024-03-24T20:37:35.313+0800][2649.337s] GC(983) Survivor regions: 2->2(39)
[2024-03-24T20:37:35.313+0800][2649.337s] GC(983) Old regions: 58->58
[2024-03-24T20:37:35.313+0800][2649.337s] GC(983) Humongous regions: 4->4
[2024-03-24T20:37:35.313+0800][2649.337s] GC(983) Metaspace: 65925K(66688K)->65925K(66688K) NonClass: 58528K(58944K)->58528K(58944K) Class: 7397K(7744K)->7397K(7744K)
[2024-03-24T20:37:35.313+0800][2649.337s] GC(983) Pause Young (Normal) (G1 Evacuation Pause) 367M->62M(512M) 2.301ms
[2024-03-24T20:37:35.313+0800][2649.337s] GC(983) User=0.03s Sys=0.00s Real=0.01s
[2024-03-24T20:37:37.038+0800][2651.060s] GC(984) Pause Young (Normal) (G1 Evacuation Pause)
[2024-03-24T20:37:37.038+0800][2651.061s] GC(984) Using 8 workers of 8 for evacuation
[2024-03-24T20:37:37.039+0800][2651.064s] GC(984)   Pre Evacuate Collection Set: 0.3ms
[2024-03-24T20:37:37.039+0800][2651.064s] GC(984)   Merge Heap Roots: 0.1ms
[2024-03-24T20:37:37.039+0800][2651.064s] GC(984)   Evacuate Collection Set: 1.9ms
[2024-03-24T20:37:37.039+0800][2651.064s] GC(984)   Post Evacuate Collection Set: 1.0ms
[2024-03-24T20:37:37.042+0800][2651.064s] GC(984)   Other: 0.1ms
[2024-03-24T20:37:37.042+0800][2651.064s] GC(984) Eden regions: 305->0(305)
[2024-03-24T20:37:37.042+0800][2651.064s] GC(984) Survivor regions: 2->2(39)
[2024-03-24T20:37:37.042+0800][2651.064s] GC(984) Old regions: 58->58
[2024-03-24T20:37:37.042+0800][2651.064s] GC(984) Humongous regions: 4->4
[2024-03-24T20:37:37.042+0800][2651.064s] GC(984) Metaspace: 65925K(66688K)->65925K(66688K) NonClass: 58528K(58944K)->58528K(58944K) Class: 7397K(7744K)->7397K(7744K)
[2024-03-24T20:37:37.042+0800][2651.064s] GC(984) Pause Young (Normal) (G1 Evacuation Pause) 367M->63M(512M) 3.959ms
[2024-03-24T20:37:37.042+0800][2651.064s] GC(984) User=0.02s Sys=0.00s Real=0.00s
[2024-03-24T20:37:38.849+0800][2652.871s] GC(985) Pause Young (Normal) (G1 Evacuation Pause)
[2024-03-24T20:37:38.849+0800][2652.872s] GC(985) Using 8 workers of 8 for evacuation
[2024-03-24T20:37:38.852+0800][2652.875s] GC(985)   Pre Evacuate Collection Set: 0.4ms
[2024-03-24T20:37:38.852+0800][2652.876s] GC(985)   Merge Heap Roots: 0.2ms
[2024-03-24T20:37:38.852+0800][2652.876s] GC(985)   Evacuate Collection Set: 2.1ms
[2024-03-24T20:37:38.852+0800][2652.876s] GC(985)   Post Evacuate Collection Set: 0.9ms
[2024-03-24T20:37:38.852+0800][2652.876s] GC(985)   Other: 0.2ms
[2024-03-24T20:37:38.852+0800][2652.876s] GC(985) Eden regions: 305->0(305)
[2024-03-24T20:37:38.852+0800][2652.876s] GC(985) Survivor regions: 2->2(39)
[2024-03-24T20:37:38.852+0800][2652.876s] GC(985) Old regions: 58->58
[2024-03-24T20:37:38.852+0800][2652.876s] GC(985) Humongous regions: 4->4
[2024-03-24T20:37:38.852+0800][2652.876s] GC(985) Metaspace: 65925K(66688K)->65925K(66688K) NonClass: 58528K(58944K)->58528K(58944K) Class: 7397K(7744K)->7397K(7744K)
[2024-03-24T20:37:38.852+0800][2652.876s] GC(985) Pause Young (Normal) (G1 Evacuation Pause) 368M->63M(512M) 4.466ms
[2024-03-24T20:37:38.852+0800][2652.876s] GC(985) User=0.00s Sys=0.00s Real=0.00s
[2024-03-24T20:37:40.612+0800][2654.637s] GC(986) Pause Young (Normal) (G1 Evacuation Pause)
[2024-03-24T20:37:40.612+0800][2654.637s] GC(986) Using 8 workers of 8 for evacuation
[2024-03-24T20:37:40.612+0800][2654.639s] GC(986)   Pre Evacuate Collection Set: 0.2ms
[2024-03-24T20:37:40.612+0800][2654.639s] GC(986)   Merge Heap Roots: 0.1ms
[2024-03-24T20:37:40.612+0800][2654.640s] GC(986)   Evacuate Collection Set: 1.4ms
[2024-03-24T20:37:40.612+0800][2654.640s] GC(986)   Post Evacuate Collection Set: 0.5ms
[2024-03-24T20:37:40.612+0800][2654.640s] GC(986)   Other: 0.1ms
[2024-03-24T20:37:40.612+0800][2654.640s] GC(986) Eden regions: 305->0(306)
[2024-03-24T20:37:40.612+0800][2654.640s] GC(986) Survivor regions: 2->1(39)
[2024-03-24T20:37:40.612+0800][2654.640s] GC(986) Old regions: 58->58
[2024-03-24T20:37:40.612+0800][2654.640s] GC(986) Humongous regions: 4->4
[2024-03-24T20:37:40.612+0800][2654.640s] GC(986) Metaspace: 65925K(66688K)->65925K(66688K) NonClass: 58528K(58944K)->58528K(58944K) Class: 7397K(7744K)->7397K(7744K)
[2024-03-24T20:37:40.612+0800][2654.640s] GC(986) Pause Young (Normal) (G1 Evacuation Pause) 368M->62M(512M) 2.573ms
[2024-03-24T20:37:40.612+0800][2654.640s] GC(986) User=0.00s Sys=0.00s Real=0.00s
[2024-03-24T20:37:42.410+0800][2656.434s] GC(987) Pause Young (Normal) (G1 Evacuation Pause)
[2024-03-24T20:37:42.410+0800][2656.434s] GC(987) Using 8 workers of 8 for evacuation
[2024-03-24T20:37:42.410+0800][2656.438s] GC(987)   Pre Evacuate Collection Set: 0.3ms
[2024-03-24T20:37:42.410+0800][2656.438s] GC(987)   Merge Heap Roots: 0.1ms
[2024-03-24T20:37:42.410+0800][2656.438s] GC(987)   Evacuate Collection Set: 2.2ms
[2024-03-24T20:37:42.410+0800][2656.438s] GC(987)   Post Evacuate Collection Set: 0.9ms
[2024-03-24T20:37:42.410+0800][2656.438s] GC(987)   Other: 0.1ms
[2024-03-24T20:37:42.410+0800][2656.438s] GC(987) Eden regions: 306->0(305)
[2024-03-24T20:37:42.410+0800][2656.438s] GC(987) Survivor regions: 1->2(39)
[2024-03-24T20:37:42.410+0800][2656.438s] GC(987) Old regions: 58->58
[2024-03-24T20:37:42.410+0800][2656.438s] GC(987) Humongous regions: 4->4
[2024-03-24T20:37:42.410+0800][2656.438s] GC(987) Metaspace: 65925K(66688K)->65925K(66688K) NonClass: 58528K(58944K)->58528K(58944K) Class: 7397K(7744K)->7397K(7744K)
[2024-03-24T20:37:42.410+0800][2656.438s] GC(987) Pause Young (Normal) (G1 Evacuation Pause) 368M->63M(512M) 4.168ms
[2024-03-24T20:37:42.410+0800][2656.438s] GC(987) User=0.00s Sys=0.00s Real=0.00s
[2024-03-24T20:37:44.193+0800][2658.216s] GC(988) Pause Young (Normal) (G1 Evacuation Pause)
[2024-03-24T20:37:44.193+0800][2658.216s] GC(988) Using 8 workers of 8 for evacuation
[2024-03-24T20:37:44.196+0800][2658.218s] GC(988)   Pre Evacuate Collection Set: 0.3ms
[2024-03-24T20:37:44.196+0800][2658.218s] GC(988)   Merge Heap Roots: 0.1ms
[2024-03-24T20:37:44.196+0800][2658.218s] GC(988)   Evacuate Collection Set: 1.3ms
[2024-03-24T20:37:44.196+0800][2658.218s] GC(988)   Post Evacuate Collection Set: 0.6ms
[2024-03-24T20:37:44.196+0800][2658.218s] GC(988)   Other: 0.1ms
[2024-03-24T20:37:44.196+0800][2658.218s] GC(988) Eden regions: 305->0(305)
[2024-03-24T20:37:44.196+0800][2658.218s] GC(988) Survivor regions: 2->2(39)
[2024-03-24T20:37:44.196+0800][2658.218s] GC(988) Old regions: 58->58
[2024-03-24T20:37:44.196+0800][2658.218s] GC(988) Humongous regions: 4->4
[2024-03-24T20:37:44.196+0800][2658.218s] GC(988) Metaspace: 65925K(66688K)->65925K(66688K) NonClass: 58528K(58944K)->58528K(58944K) Class: 7397K(7744K)->7397K(7744K)
[2024-03-24T20:37:44.196+0800][2658.218s] GC(988) Pause Young (Normal) (G1 Evacuation Pause) 368M->62M(512M) 2.614ms
[2024-03-24T20:37:44.196+0800][2658.218s] GC(988) User=0.00s Sys=0.00s Real=0.00s
[2024-03-24T20:37:46.012+0800][2660.038s] GC(989) Pause Young (Normal) (G1 Evacuation Pause)
[2024-03-24T20:37:46.012+0800][2660.038s] GC(989) Using 8 workers of 8 for evacuation
[2024-03-24T20:37:46.016+0800][2660.040s] GC(989)   Pre Evacuate Collection Set: 0.4ms
[2024-03-24T20:37:46.016+0800][2660.041s] GC(989)   Merge Heap Roots: 0.2ms
[2024-03-24T20:37:46.016+0800][2660.041s] GC(989)   Evacuate Collection Set: 1.3ms
[2024-03-24T20:37:46.016+0800][2660.041s] GC(989)   Post Evacuate Collection Set: 0.5ms
[2024-03-24T20:37:46.016+0800][2660.041s] GC(989)   Other: 0.1ms
[2024-03-24T20:37:46.016+0800][2660.041s] GC(989) Eden regions: 305->0(305)
[2024-03-24T20:37:46.016+0800][2660.041s] GC(989) Survivor regions: 2->2(39)
[2024-03-24T20:37:46.016+0800][2660.041s] GC(989) Old regions: 58->58
[2024-03-24T20:37:46.016+0800][2660.041s] GC(989) Humongous regions: 4->4
[2024-03-24T20:37:46.016+0800][2660.041s] GC(989) Metaspace: 65925K(66688K)->65925K(66688K) NonClass: 58528K(58944K)->58528K(58944K) Class: 7397K(7744K)->7397K(7744K)
[2024-03-24T20:37:46.016+0800][2660.041s] GC(989) Pause Young (Normal) (G1 Evacuation Pause) 367M->63M(512M) 2.771ms
[2024-03-24T20:37:46.016+0800][2660.041s] GC(989) User=0.00s Sys=0.00s Real=0.00s
[2024-03-24T20:37:47.669+0800][2661.699s] GC(990) Pause Young (Normal) (G1 Evacuation Pause)
[2024-03-24T20:37:47.669+0800][2661.699s] GC(990) Using 8 workers of 8 for evacuation
[2024-03-24T20:37:47.678+0800][2661.702s] GC(990)   Pre Evacuate Collection Set: 0.2ms
[2024-03-24T20:37:47.678+0800][2661.702s] GC(990)   Merge Heap Roots: 0.1ms
[2024-03-24T20:37:47.678+0800][2661.702s] GC(990)   Evacuate Collection Set: 1.3ms
[2024-03-24T20:37:47.678+0800][2661.702s] GC(990)   Post Evacuate Collection Set: 1.0ms
[2024-03-24T20:37:47.678+0800][2661.702s] GC(990)   Other: 0.1ms
[2024-03-24T20:37:47.678+0800][2661.702s] GC(990) Eden regions: 305->0(305)
[2024-03-24T20:37:47.678+0800][2661.702s] GC(990) Survivor regions: 2->2(39)
[2024-03-24T20:37:47.678+0800][2661.702s] GC(990) Old regions: 58->58
[2024-03-24T20:37:47.678+0800][2661.702s] GC(990) Humongous regions: 4->4
[2024-03-24T20:37:47.678+0800][2661.702s] GC(990) Metaspace: 65925K(66688K)->65925K(66688K) NonClass: 58528K(58944K)->58528K(58944K) Class: 7397K(7744K)->7397K(7744K)
[2024-03-24T20:37:47.678+0800][2661.703s] GC(990) Pause Young (Normal) (G1 Evacuation Pause) 368M->63M(512M) 3.100ms
[2024-03-24T20:37:47.678+0800][2661.703s] GC(990) User=0.00s Sys=0.00s Real=0.01s
[2024-03-24T20:37:49.369+0800][2663.393s] GC(991) Pause Young (Normal) (G1 Evacuation Pause)
[2024-03-24T20:37:49.369+0800][2663.393s] GC(991) Using 8 workers of 8 for evacuation
[2024-03-24T20:37:49.372+0800][2663.395s] GC(991)   Pre Evacuate Collection Set: 0.1ms
[2024-03-24T20:37:49.372+0800][2663.395s] GC(991)   Merge Heap Roots: 0.1ms
[2024-03-24T20:37:49.372+0800][2663.395s] GC(991)   Evacuate Collection Set: 1.2ms
[2024-03-24T20:37:49.372+0800][2663.395s] GC(991)   Post Evacuate Collection Set: 0.4ms
[2024-03-24T20:37:49.372+0800][2663.395s] GC(991)   Other: 0.1ms
[2024-03-24T20:37:49.372+0800][2663.395s] GC(991) Eden regions: 305->0(305)
[2024-03-24T20:37:49.372+0800][2663.395s] GC(991) Survivor regions: 2->2(39)
[2024-03-24T20:37:49.372+0800][2663.395s] GC(991) Old regions: 58->58
[2024-03-24T20:37:49.372+0800][2663.395s] GC(991) Humongous regions: 4->4
[2024-03-24T20:37:49.372+0800][2663.395s] GC(991) Metaspace: 65925K(66688K)->65925K(66688K) NonClass: 58528K(58944K)->58528K(58944K) Class: 7397K(7744K)->7397K(7744K)
[2024-03-24T20:37:49.372+0800][2663.395s] GC(991) Pause Young (Normal) (G1 Evacuation Pause) 368M->62M(512M) 2.180ms
[2024-03-24T20:37:49.372+0800][2663.395s] GC(991) User=0.09s Sys=0.00s Real=0.00s
[2024-03-24T20:37:51.066+0800][2665.089s] GC(992) Pause Young (Normal) (G1 Evacuation Pause)
[2024-03-24T20:37:51.067+0800][2665.089s] GC(992) Using 8 workers of 8 for evacuation
[2024-03-24T20:37:51.069+0800][2665.092s] GC(992)   Pre Evacuate Collection Set: 0.3ms
[2024-03-24T20:37:51.069+0800][2665.092s] GC(992)   Merge Heap Roots: 0.2ms
[2024-03-24T20:37:51.069+0800][2665.092s] GC(992)   Evacuate Collection Set: 1.4ms
[2024-03-24T20:37:51.069+0800][2665.092s] GC(992)   Post Evacuate Collection Set: 0.6ms
[2024-03-24T20:37:51.069+0800][2665.092s] GC(992)   Other: 0.1ms
[2024-03-24T20:37:51.069+0800][2665.092s] GC(992) Eden regions: 305->0(305)
[2024-03-24T20:37:51.069+0800][2665.092s] GC(992) Survivor regions: 2->2(39)
[2024-03-24T20:37:51.069+0800][2665.092s] GC(992) Old regions: 58->58
[2024-03-24T20:37:51.069+0800][2665.092s] GC(992) Humongous regions: 4->4
[2024-03-24T20:37:51.069+0800][2665.092s] GC(992) Metaspace: 65925K(66688K)->65925K(66688K) NonClass: 58528K(58944K)->58528K(58944K) Class: 7397K(7744K)->7397K(7744K)
[2024-03-24T20:37:51.069+0800][2665.092s] GC(992) Pause Young (Normal) (G1 Evacuation Pause) 367M->63M(512M) 2.958ms
[2024-03-24T20:37:51.069+0800][2665.092s] GC(992) User=0.00s Sys=0.00s Real=0.00s
[2024-03-24T20:37:52.803+0800][2666.828s] GC(993) Pause Young (Normal) (G1 Evacuation Pause)
[2024-03-24T20:37:52.803+0800][2666.828s] GC(993) Using 8 workers of 8 for evacuation
[2024-03-24T20:37:52.806+0800][2666.831s] GC(993)   Pre Evacuate Collection Set: 0.2ms
[2024-03-24T20:37:52.806+0800][2666.831s] GC(993)   Merge Heap Roots: 0.2ms
[2024-03-24T20:37:52.806+0800][2666.831s] GC(993)   Evacuate Collection Set: 1.8ms
[2024-03-24T20:37:52.806+0800][2666.831s] GC(993)   Post Evacuate Collection Set: 0.8ms
[2024-03-24T20:37:52.806+0800][2666.831s] GC(993)   Other: 0.1ms
[2024-03-24T20:37:52.806+0800][2666.831s] GC(993) Eden regions: 305->0(305)
[2024-03-24T20:37:52.806+0800][2666.831s] GC(993) Survivor regions: 2->2(39)
[2024-03-24T20:37:52.806+0800][2666.831s] GC(993) Old regions: 58->58
[2024-03-24T20:37:52.806+0800][2666.831s] GC(993) Humongous regions: 4->4
[2024-03-24T20:37:52.806+0800][2666.831s] GC(993) Metaspace: 65925K(66688K)->65925K(66688K) NonClass: 58528K(58944K)->58528K(58944K) Class: 7397K(7744K)->7397K(7744K)
[2024-03-24T20:37:52.806+0800][2666.831s] GC(993) Pause Young (Normal) (G1 Evacuation Pause) 368M->63M(512M) 3.631ms
[2024-03-24T20:37:52.806+0800][2666.831s] GC(993) User=0.00s Sys=0.00s Real=0.00s
[2024-03-24T20:37:54.525+0800][2668.548s] GC(994) Pause Young (Normal) (G1 Evacuation Pause)
[2024-03-24T20:37:54.526+0800][2668.549s] GC(994) Using 8 workers of 8 for evacuation
[2024-03-24T20:37:54.529+0800][2668.553s] GC(994)   Pre Evacuate Collection Set: 0.2ms
[2024-03-24T20:37:54.529+0800][2668.553s] GC(994)   Merge Heap Roots: 0.1ms
[2024-03-24T20:37:54.529+0800][2668.553s] GC(994)   Evacuate Collection Set: 3.0ms
[2024-03-24T20:37:54.529+0800][2668.553s] GC(994)   Post Evacuate Collection Set: 0.8ms
[2024-03-24T20:37:54.529+0800][2668.553s] GC(994)   Other: 0.1ms
[2024-03-24T20:37:54.529+0800][2668.553s] GC(994) Eden regions: 305->0(305)
[2024-03-24T20:37:54.529+0800][2668.553s] GC(994) Survivor regions: 2->2(39)
[2024-03-24T20:37:54.529+0800][2668.553s] GC(994) Old regions: 58->58
[2024-03-24T20:37:54.529+0800][2668.553s] GC(994) Humongous regions: 4->4
[2024-03-24T20:37:54.529+0800][2668.553s] GC(994) Metaspace: 65925K(66688K)->65925K(66688K) NonClass: 58528K(58944K)->58528K(58944K) Class: 7397K(7744K)->7397K(7744K)
[2024-03-24T20:37:54.529+0800][2668.553s] GC(994) Pause Young (Normal) (G1 Evacuation Pause) 368M->62M(512M) 4.812ms
[2024-03-24T20:37:54.529+0800][2668.553s] GC(994) User=0.00s Sys=0.00s Real=0.00s
[2024-03-24T20:37:56.277+0800][2670.301s] GC(995) Pause Young (Normal) (G1 Evacuation Pause)
[2024-03-24T20:37:56.277+0800][2670.301s] GC(995) Using 8 workers of 8 for evacuation
[2024-03-24T20:37:56.277+0800][2670.304s] GC(995)   Pre Evacuate Collection Set: 0.4ms
[2024-03-24T20:37:56.277+0800][2670.304s] GC(995)   Merge Heap Roots: 0.1ms
[2024-03-24T20:37:56.277+0800][2670.304s] GC(995)   Evacuate Collection Set: 1.5ms
[2024-03-24T20:37:56.277+0800][2670.304s] GC(995)   Post Evacuate Collection Set: 0.6ms
[2024-03-24T20:37:56.277+0800][2670.304s] GC(995)   Other: 0.1ms
[2024-03-24T20:37:56.277+0800][2670.304s] GC(995) Eden regions: 305->0(305)
[2024-03-24T20:37:56.277+0800][2670.304s] GC(995) Survivor regions: 2->2(39)
[2024-03-24T20:37:56.277+0800][2670.304s] GC(995) Old regions: 58->58
[2024-03-24T20:37:56.277+0800][2670.304s] GC(995) Humongous regions: 4->4
[2024-03-24T20:37:56.277+0800][2670.304s] GC(995) Metaspace: 65925K(66688K)->65925K(66688K) NonClass: 58528K(58944K)->58528K(58944K) Class: 7397K(7744K)->7397K(7744K)
[2024-03-24T20:37:56.277+0800][2670.304s] GC(995) Pause Young (Normal) (G1 Evacuation Pause) 367M->63M(512M) 3.056ms
[2024-03-24T20:37:56.277+0800][2670.304s] GC(995) User=0.00s Sys=0.00s Real=0.00s
[2024-03-24T20:37:58.137+0800][2672.163s] GC(996) Pause Young (Normal) (G1 Evacuation Pause)
[2024-03-24T20:37:58.137+0800][2672.163s] GC(996) Using 8 workers of 8 for evacuation
[2024-03-24T20:37:58.137+0800][2672.166s] GC(996)   Pre Evacuate Collection Set: 0.3ms
[2024-03-24T20:37:58.137+0800][2672.166s] GC(996)   Merge Heap Roots: 0.2ms
[2024-03-24T20:37:58.137+0800][2672.166s] GC(996)   Evacuate Collection Set: 1.6ms
[2024-03-24T20:37:58.137+0800][2672.166s] GC(996)   Post Evacuate Collection Set: 0.7ms
[2024-03-24T20:37:58.137+0800][2672.166s] GC(996)   Other: 0.1ms
[2024-03-24T20:37:58.137+0800][2672.166s] GC(996) Eden regions: 305->0(305)
[2024-03-24T20:37:58.137+0800][2672.166s] GC(996) Survivor regions: 2->2(39)
[2024-03-24T20:37:58.137+0800][2672.166s] GC(996) Old regions: 58->58
[2024-03-24T20:37:58.137+0800][2672.166s] GC(996) Humongous regions: 4->4
[2024-03-24T20:37:58.137+0800][2672.166s] GC(996) Metaspace: 65925K(66688K)->65925K(66688K) NonClass: 58528K(58944K)->58528K(58944K) Class: 7397K(7744K)->7397K(7744K)
[2024-03-24T20:37:58.137+0800][2672.166s] GC(996) Pause Young (Normal) (G1 Evacuation Pause) 368M->63M(512M) 3.226ms
[2024-03-24T20:37:58.137+0800][2672.166s] GC(996) User=0.00s Sys=0.00s Real=0.00s
[2024-03-24T20:37:59.977+0800][2673.999s] GC(997) Pause Young (Normal) (G1 Evacuation Pause)
[2024-03-24T20:37:59.977+0800][2673.999s] GC(997) Using 8 workers of 8 for evacuation
[2024-03-24T20:37:59.980+0800][2674.003s] GC(997)   Pre Evacuate Collection Set: 0.3ms
[2024-03-24T20:37:59.980+0800][2674.003s] GC(997)   Merge Heap Roots: 0.2ms
[2024-03-24T20:37:59.980+0800][2674.003s] GC(997)   Evacuate Collection Set: 2.3ms
[2024-03-24T20:37:59.980+0800][2674.003s] GC(997)   Post Evacuate Collection Set: 0.9ms
[2024-03-24T20:37:59.980+0800][2674.003s] GC(997)   Other: 0.1ms
[2024-03-24T20:37:59.980+0800][2674.003s] GC(997) Eden regions: 305->0(305)
[2024-03-24T20:37:59.980+0800][2674.003s] GC(997) Survivor regions: 2->2(39)
[2024-03-24T20:37:59.980+0800][2674.003s] GC(997) Old regions: 58->58
[2024-03-24T20:37:59.981+0800][2674.003s] GC(997) Humongous regions: 4->4
[2024-03-24T20:37:59.981+0800][2674.003s] GC(997) Metaspace: 65925K(66688K)->65925K(66688K) NonClass: 58528K(58944K)->58528K(58944K) Class: 7397K(7744K)->7397K(7744K)
[2024-03-24T20:37:59.981+0800][2674.003s] GC(997) Pause Young (Normal) (G1 Evacuation Pause) 368M->63M(512M) 4.107ms
[2024-03-24T20:37:59.981+0800][2674.003s] GC(997) User=0.02s Sys=0.00s Real=0.00s
[2024-03-24T20:38:01.784+0800][2675.808s] GC(998) Pause Young (Normal) (G1 Evacuation Pause)
[2024-03-24T20:38:01.784+0800][2675.808s] GC(998) Using 8 workers of 8 for evacuation
[2024-03-24T20:38:01.788+0800][2675.811s] GC(998)   Pre Evacuate Collection Set: 0.3ms
[2024-03-24T20:38:01.789+0800][2675.811s] GC(998)   Merge Heap Roots: 0.1ms
[2024-03-24T20:38:01.789+0800][2675.811s] GC(998)   Evacuate Collection Set: 1.9ms
[2024-03-24T20:38:01.789+0800][2675.811s] GC(998)   Post Evacuate Collection Set: 0.5ms
[2024-03-24T20:38:01.789+0800][2675.811s] GC(998)   Other: 0.1ms
[2024-03-24T20:38:01.789+0800][2675.811s] GC(998) Eden regions: 305->0(305)
[2024-03-24T20:38:01.789+0800][2675.811s] GC(998) Survivor regions: 2->2(39)
[2024-03-24T20:38:01.789+0800][2675.811s] GC(998) Old regions: 58->58
[2024-03-24T20:38:01.789+0800][2675.811s] GC(998) Humongous regions: 4->4
[2024-03-24T20:38:01.789+0800][2675.811s] GC(998) Metaspace: 65925K(66688K)->65925K(66688K) NonClass: 58528K(58944K)->58528K(58944K) Class: 7397K(7744K)->7397K(7744K)
[2024-03-24T20:38:01.789+0800][2675.811s] GC(998) Pause Young (Normal) (G1 Evacuation Pause) 368M->63M(512M) 3.170ms
[2024-03-24T20:38:01.789+0800][2675.811s] GC(998) User=0.00s Sys=0.00s Real=0.01s
[2024-03-24T20:38:03.499+0800][2677.529s] GC(999) Pause Young (Normal) (G1 Evacuation Pause)
[2024-03-24T20:38:03.499+0800][2677.529s] GC(999) Using 8 workers of 8 for evacuation
[2024-03-24T20:38:03.509+0800][2677.533s] GC(999)   Pre Evacuate Collection Set: 0.3ms
[2024-03-24T20:38:03.509+0800][2677.533s] GC(999)   Merge Heap Roots: 0.1ms
[2024-03-24T20:38:03.509+0800][2677.533s] GC(999)   Evacuate Collection Set: 2.0ms
[2024-03-24T20:38:03.509+0800][2677.533s] GC(999)   Post Evacuate Collection Set: 1.0ms
[2024-03-24T20:38:03.509+0800][2677.533s] GC(999)   Other: 0.1ms
[2024-03-24T20:38:03.509+0800][2677.533s] GC(999) Eden regions: 305->0(305)
[2024-03-24T20:38:03.509+0800][2677.533s] GC(999) Survivor regions: 2->2(39)
[2024-03-24T20:38:03.509+0800][2677.533s] GC(999) Old regions: 58->59
[2024-03-24T20:38:03.509+0800][2677.533s] GC(999) Humongous regions: 4->4
[2024-03-24T20:38:03.509+0800][2677.533s] GC(999) Metaspace: 65925K(66688K)->65925K(66688K) NonClass: 58528K(58944K)->58528K(58944K) Class: 7397K(7744K)->7397K(7744K)
[2024-03-24T20:38:03.509+0800][2677.533s] GC(999) Pause Young (Normal) (G1 Evacuation Pause) 368M->63M(512M) 4.134ms
[2024-03-24T20:38:03.509+0800][2677.533s] GC(999) User=0.00s Sys=0.00s Real=0.01s
[2024-03-24T20:38:05.266+0800][2679.289s] GC(1000) Pause Young (Normal) (G1 Evacuation Pause)
[2024-03-24T20:38:05.267+0800][2679.289s] GC(1000) Using 8 workers of 8 for evacuation
[2024-03-24T20:38:05.269+0800][2679.291s] GC(1000)   Pre Evacuate Collection Set: 0.2ms
[2024-03-24T20:38:05.269+0800][2679.292s] GC(1000)   Merge Heap Roots: 0.1ms
[2024-03-24T20:38:05.269+0800][2679.292s] GC(1000)   Evacuate Collection Set: 1.3ms
[2024-03-24T20:38:05.269+0800][2679.292s] GC(1000)   Post Evacuate Collection Set: 0.5ms
[2024-03-24T20:38:05.269+0800][2679.292s] GC(1000)   Other: 0.1ms
[2024-03-24T20:38:05.269+0800][2679.292s] GC(1000) Eden regions: 305->0(305)
[2024-03-24T20:38:05.269+0800][2679.292s] GC(1000) Survivor regions: 2->2(39)
[2024-03-24T20:38:05.269+0800][2679.292s] GC(1000) Old regions: 59->59
[2024-03-24T20:38:05.269+0800][2679.292s] GC(1000) Humongous regions: 4->4
[2024-03-24T20:38:05.269+0800][2679.292s] GC(1000) Metaspace: 65925K(66688K)->65925K(66688K) NonClass: 58528K(58944K)->58528K(58944K) Class: 7397K(7744K)->7397K(7744K)
[2024-03-24T20:38:05.269+0800][2679.292s] GC(1000) Pause Young (Normal) (G1 Evacuation Pause) 368M->63M(512M) 2.639ms
[2024-03-24T20:38:05.269+0800][2679.292s] GC(1000) User=0.00s Sys=0.00s Real=0.00s
[2024-03-24T20:38:07.016+0800][2681.042s] GC(1001) Pause Young (Normal) (G1 Evacuation Pause)
[2024-03-24T20:38:07.016+0800][2681.042s] GC(1001) Using 8 workers of 8 for evacuation
[2024-03-24T20:38:07.016+0800][2681.045s] GC(1001)   Pre Evacuate Collection Set: 0.3ms
[2024-03-24T20:38:07.016+0800][2681.045s] GC(1001)   Merge Heap Roots: 0.1ms
[2024-03-24T20:38:07.016+0800][2681.045s] GC(1001)   Evacuate Collection Set: 1.8ms
[2024-03-24T20:38:07.016+0800][2681.045s] GC(1001)   Post Evacuate Collection Set: 0.8ms
[2024-03-24T20:38:07.016+0800][2681.045s] GC(1001)   Other: 0.1ms
[2024-03-24T20:38:07.016+0800][2681.045s] GC(1001) Eden regions: 305->0(305)
[2024-03-24T20:38:07.016+0800][2681.045s] GC(1001) Survivor regions: 2->2(39)
[2024-03-24T20:38:07.016+0800][2681.045s] GC(1001) Old regions: 59->59
[2024-03-24T20:38:07.016+0800][2681.045s] GC(1001) Humongous regions: 4->4
[2024-03-24T20:38:07.016+0800][2681.045s] GC(1001) Metaspace: 65925K(66688K)->65925K(66688K) NonClass: 58528K(58944K)->58528K(58944K) Class: 7397K(7744K)->7397K(7744K)
[2024-03-24T20:38:07.016+0800][2681.045s] GC(1001) Pause Young (Normal) (G1 Evacuation Pause) 368M->63M(512M) 3.569ms
[2024-03-24T20:38:07.016+0800][2681.045s] GC(1001) User=0.00s Sys=0.00s Real=0.00s
[2024-03-24T20:38:08.797+0800][2682.828s] GC(1002) Pause Young (Normal) (G1 Evacuation Pause)
[2024-03-24T20:38:08.797+0800][2682.828s] GC(1002) Using 8 workers of 8 for evacuation
[2024-03-24T20:38:08.806+0800][2682.831s] GC(1002)   Pre Evacuate Collection Set: 0.4ms
[2024-03-24T20:38:08.806+0800][2682.831s] GC(1002)   Merge Heap Roots: 0.1ms
[2024-03-24T20:38:08.806+0800][2682.831s] GC(1002)   Evacuate Collection Set: 1.5ms
[2024-03-24T20:38:08.806+0800][2682.831s] GC(1002)   Post Evacuate Collection Set: 0.6ms
[2024-03-24T20:38:08.806+0800][2682.831s] GC(1002)   Other: 0.1ms
[2024-03-24T20:38:08.806+0800][2682.831s] GC(1002) Eden regions: 305->0(305)
[2024-03-24T20:38:08.806+0800][2682.831s] GC(1002) Survivor regions: 2->2(39)
[2024-03-24T20:38:08.806+0800][2682.831s] GC(1002) Old regions: 59->59
[2024-03-24T20:38:08.806+0800][2682.831s] GC(1002) Humongous regions: 4->4
[2024-03-24T20:38:08.806+0800][2682.831s] GC(1002) Metaspace: 65925K(66688K)->65925K(66688K) NonClass: 58528K(58944K)->58528K(58944K) Class: 7397K(7744K)->7397K(7744K)
[2024-03-24T20:38:08.806+0800][2682.831s] GC(1002) Pause Young (Normal) (G1 Evacuation Pause) 368M->63M(512M) 3.038ms
[2024-03-24T20:38:08.806+0800][2682.831s] GC(1002) User=0.00s Sys=0.00s Real=0.01s
[2024-03-24T20:38:10.443+0800][2684.469s] GC(1003) Pause Young (Normal) (G1 Evacuation Pause)
[2024-03-24T20:38:10.443+0800][2684.469s] GC(1003) Using 8 workers of 8 for evacuation
[2024-03-24T20:38:10.449+0800][2684.472s] GC(1003)   Pre Evacuate Collection Set: 0.3ms
[2024-03-24T20:38:10.449+0800][2684.472s] GC(1003)   Merge Heap Roots: 0.1ms
[2024-03-24T20:38:10.449+0800][2684.472s] GC(1003)   Evacuate Collection Set: 1.7ms
[2024-03-24T20:38:10.449+0800][2684.472s] GC(1003)   Post Evacuate Collection Set: 0.5ms
[2024-03-24T20:38:10.449+0800][2684.472s] GC(1003)   Other: 0.1ms
[2024-03-24T20:38:10.449+0800][2684.472s] GC(1003) Eden regions: 305->0(305)
[2024-03-24T20:38:10.450+0800][2684.472s] GC(1003) Survivor regions: 2->2(39)
[2024-03-24T20:38:10.450+0800][2684.472s] GC(1003) Old regions: 59->59
[2024-03-24T20:38:10.450+0800][2684.472s] GC(1003) Humongous regions: 4->4
[2024-03-24T20:38:10.450+0800][2684.472s] GC(1003) Metaspace: 65925K(66688K)->65925K(66688K) NonClass: 58528K(58944K)->58528K(58944K) Class: 7397K(7744K)->7397K(7744K)
[2024-03-24T20:38:10.450+0800][2684.472s] GC(1003) Pause Young (Normal) (G1 Evacuation Pause) 368M->64M(512M) 3.234ms
[2024-03-24T20:38:10.450+0800][2684.472s] GC(1003) User=0.00s Sys=0.00s Real=0.01s
[2024-03-24T20:38:12.184+0800][2686.210s] GC(1004) Pause Young (Normal) (G1 Evacuation Pause)
[2024-03-24T20:38:12.184+0800][2686.210s] GC(1004) Using 8 workers of 8 for evacuation
[2024-03-24T20:38:12.184+0800][2686.213s] GC(1004)   Pre Evacuate Collection Set: 0.4ms
[2024-03-24T20:38:12.184+0800][2686.213s] GC(1004)   Merge Heap Roots: 0.2ms
[2024-03-24T20:38:12.184+0800][2686.213s] GC(1004)   Evacuate Collection Set: 1.3ms
[2024-03-24T20:38:12.184+0800][2686.213s] GC(1004)   Post Evacuate Collection Set: 0.6ms
[2024-03-24T20:38:12.184+0800][2686.213s] GC(1004)   Other: 0.1ms
[2024-03-24T20:38:12.184+0800][2686.213s] GC(1004) Eden regions: 305->0(305)
[2024-03-24T20:38:12.184+0800][2686.213s] GC(1004) Survivor regions: 2->2(39)
[2024-03-24T20:38:12.184+0800][2686.213s] GC(1004) Old regions: 59->59
[2024-03-24T20:38:12.184+0800][2686.213s] GC(1004) Humongous regions: 4->4
[2024-03-24T20:38:12.184+0800][2686.213s] GC(1004) Metaspace: 65925K(66688K)->65925K(66688K) NonClass: 58528K(58944K)->58528K(58944K) Class: 7397K(7744K)->7397K(7744K)
[2024-03-24T20:38:12.184+0800][2686.213s] GC(1004) Pause Young (Normal) (G1 Evacuation Pause) 369M->63M(512M) 2.706ms
[2024-03-24T20:38:12.184+0800][2686.213s] GC(1004) User=0.00s Sys=0.00s Real=0.00s
[2024-03-24T20:38:14.028+0800][2688.052s] GC(1005) Pause Young (Normal) (G1 Evacuation Pause)
[2024-03-24T20:38:14.028+0800][2688.052s] GC(1005) Using 8 workers of 8 for evacuation
[2024-03-24T20:38:14.031+0800][2688.054s] GC(1005)   Pre Evacuate Collection Set: 0.3ms
[2024-03-24T20:38:14.032+0800][2688.054s] GC(1005)   Merge Heap Roots: 0.1ms
[2024-03-24T20:38:14.032+0800][2688.054s] GC(1005)   Evacuate Collection Set: 1.3ms
[2024-03-24T20:38:14.032+0800][2688.054s] GC(1005)   Post Evacuate Collection Set: 0.5ms
[2024-03-24T20:38:14.032+0800][2688.054s] GC(1005)   Other: 0.1ms
[2024-03-24T20:38:14.032+0800][2688.054s] GC(1005) Eden regions: 305->0(305)
[2024-03-24T20:38:14.032+0800][2688.054s] GC(1005) Survivor regions: 2->2(39)
[2024-03-24T20:38:14.032+0800][2688.054s] GC(1005) Old regions: 59->59
[2024-03-24T20:38:14.032+0800][2688.054s] GC(1005) Humongous regions: 4->4
[2024-03-24T20:38:14.032+0800][2688.054s] GC(1005) Metaspace: 65925K(66688K)->65925K(66688K) NonClass: 58528K(58944K)->58528K(58944K) Class: 7397K(7744K)->7397K(7744K)
[2024-03-24T20:38:14.032+0800][2688.054s] GC(1005) Pause Young (Normal) (G1 Evacuation Pause) 368M->63M(512M) 2.704ms
[2024-03-24T20:38:14.032+0800][2688.054s] GC(1005) User=0.00s Sys=0.00s Real=0.00s
[2024-03-24T20:38:15.879+0800][2689.902s] GC(1006) Pause Young (Normal) (G1 Evacuation Pause)
[2024-03-24T20:38:15.879+0800][2689.902s] GC(1006) Using 8 workers of 8 for evacuation
[2024-03-24T20:38:15.880+0800][2689.904s] GC(1006)   Pre Evacuate Collection Set: 0.2ms
[2024-03-24T20:38:15.880+0800][2689.904s] GC(1006)   Merge Heap Roots: 0.1ms
[2024-03-24T20:38:15.882+0800][2689.905s] GC(1006)   Evacuate Collection Set: 1.4ms
[2024-03-24T20:38:15.882+0800][2689.905s] GC(1006)   Post Evacuate Collection Set: 0.5ms
[2024-03-24T20:38:15.882+0800][2689.905s] GC(1006)   Other: 0.1ms
[2024-03-24T20:38:15.882+0800][2689.905s] GC(1006) Eden regions: 305->0(305)
[2024-03-24T20:38:15.882+0800][2689.905s] GC(1006) Survivor regions: 2->2(39)
[2024-03-24T20:38:15.882+0800][2689.905s] GC(1006) Old regions: 59->59
[2024-03-24T20:38:15.882+0800][2689.905s] GC(1006) Humongous regions: 4->4
[2024-03-24T20:38:15.882+0800][2689.905s] GC(1006) Metaspace: 65925K(66688K)->65925K(66688K) NonClass: 58528K(58944K)->58528K(58944K) Class: 7397K(7744K)->7397K(7744K)
[2024-03-24T20:38:15.882+0800][2689.905s] GC(1006) Pause Young (Normal) (G1 Evacuation Pause) 368M->63M(512M) 2.643ms
[2024-03-24T20:38:15.882+0800][2689.905s] GC(1006) User=0.00s Sys=0.00s Real=0.00s
[2024-03-24T20:38:17.771+0800][2691.797s] GC(1007) Pause Young (Normal) (G1 Evacuation Pause)
[2024-03-24T20:38:17.771+0800][2691.798s] GC(1007) Using 8 workers of 8 for evacuation
[2024-03-24T20:38:17.778+0800][2691.801s] GC(1007)   Pre Evacuate Collection Set: 0.3ms
[2024-03-24T20:38:17.778+0800][2691.801s] GC(1007)   Merge Heap Roots: 0.2ms
[2024-03-24T20:38:17.778+0800][2691.801s] GC(1007)   Evacuate Collection Set: 2.2ms
[2024-03-24T20:38:17.778+0800][2691.801s] GC(1007)   Post Evacuate Collection Set: 0.8ms
[2024-03-24T20:38:17.778+0800][2691.801s] GC(1007)   Other: 0.1ms
[2024-03-24T20:38:17.778+0800][2691.801s] GC(1007) Eden regions: 305->0(305)
[2024-03-24T20:38:17.778+0800][2691.801s] GC(1007) Survivor regions: 2->2(39)
[2024-03-24T20:38:17.778+0800][2691.801s] GC(1007) Old regions: 59->59
[2024-03-24T20:38:17.778+0800][2691.801s] GC(1007) Humongous regions: 4->4
[2024-03-24T20:38:17.778+0800][2691.801s] GC(1007) Metaspace: 65925K(66688K)->65925K(66688K) NonClass: 58528K(58944K)->58528K(58944K) Class: 7397K(7744K)->7397K(7744K)
[2024-03-24T20:38:17.778+0800][2691.801s] GC(1007) Pause Young (Normal) (G1 Evacuation Pause) 368M->63M(512M) 3.938ms
[2024-03-24T20:38:17.778+0800][2691.801s] GC(1007) User=0.05s Sys=0.00s Real=0.01s
[2024-03-24T20:38:19.429+0800][2693.451s] GC(1008) Pause Young (Normal) (G1 Evacuation Pause)
[2024-03-24T20:38:19.429+0800][2693.452s] GC(1008) Using 8 workers of 8 for evacuation
[2024-03-24T20:38:19.429+0800][2693.455s] GC(1008)   Pre Evacuate Collection Set: 0.3ms
[2024-03-24T20:38:19.429+0800][2693.455s] GC(1008)   Merge Heap Roots: 0.2ms
[2024-03-24T20:38:19.429+0800][2693.455s] GC(1008)   Evacuate Collection Set: 2.0ms
[2024-03-24T20:38:19.429+0800][2693.455s] GC(1008)   Post Evacuate Collection Set: 1.0ms
[2024-03-24T20:38:19.429+0800][2693.455s] GC(1008)   Other: 0.1ms
[2024-03-24T20:38:19.429+0800][2693.456s] GC(1008) Eden regions: 305->0(305)
[2024-03-24T20:38:19.429+0800][2693.456s] GC(1008) Survivor regions: 2->2(39)
[2024-03-24T20:38:19.429+0800][2693.456s] GC(1008) Old regions: 59->59
[2024-03-24T20:38:19.429+0800][2693.456s] GC(1008) Humongous regions: 4->4
[2024-03-24T20:38:19.429+0800][2693.456s] GC(1008) Metaspace: 65925K(66688K)->65925K(66688K) NonClass: 58528K(58944K)->58528K(58944K) Class: 7397K(7744K)->7397K(7744K)
[2024-03-24T20:38:19.429+0800][2693.456s] GC(1008) Pause Young (Normal) (G1 Evacuation Pause) 368M->63M(512M) 4.247ms
[2024-03-24T20:38:19.429+0800][2693.456s] GC(1008) User=0.00s Sys=0.00s Real=0.00s
[2024-03-24T20:38:21.023+0800][2695.046s] GC(1009) Pause Young (Normal) (G1 Evacuation Pause)
[2024-03-24T20:38:21.024+0800][2695.046s] GC(1009) Using 8 workers of 8 for evacuation
[2024-03-24T20:38:21.027+0800][2695.050s] GC(1009)   Pre Evacuate Collection Set: 0.3ms
[2024-03-24T20:38:21.027+0800][2695.050s] GC(1009)   Merge Heap Roots: 0.1ms
[2024-03-24T20:38:21.027+0800][2695.050s] GC(1009)   Evacuate Collection Set: 2.4ms
[2024-03-24T20:38:21.027+0800][2695.050s] GC(1009)   Post Evacuate Collection Set: 1.1ms
[2024-03-24T20:38:21.027+0800][2695.051s] GC(1009)   Other: 0.1ms
[2024-03-24T20:38:21.027+0800][2695.051s] GC(1009) Eden regions: 305->0(305)
[2024-03-24T20:38:21.027+0800][2695.051s] GC(1009) Survivor regions: 2->2(39)
[2024-03-24T20:38:21.027+0800][2695.051s] GC(1009) Old regions: 59->59
[2024-03-24T20:38:21.027+0800][2695.051s] GC(1009) Humongous regions: 4->4
[2024-03-24T20:38:21.027+0800][2695.051s] GC(1009) Metaspace: 65925K(66688K)->65925K(66688K) NonClass: 58528K(58944K)->58528K(58944K) Class: 7397K(7744K)->7397K(7744K)
[2024-03-24T20:38:21.027+0800][2695.051s] GC(1009) Pause Young (Normal) (G1 Evacuation Pause) 368M->63M(512M) 4.377ms
[2024-03-24T20:38:21.027+0800][2695.051s] GC(1009) User=0.00s Sys=0.00s Real=0.00s
[2024-03-24T20:38:22.903+0800][2696.926s] GC(1010) Pause Young (Normal) (G1 Evacuation Pause)
[2024-03-24T20:38:22.903+0800][2696.926s] GC(1010) Using 8 workers of 8 for evacuation
[2024-03-24T20:38:22.905+0800][2696.929s] GC(1010)   Pre Evacuate Collection Set: 0.3ms
[2024-03-24T20:38:22.905+0800][2696.929s] GC(1010)   Merge Heap Roots: 0.2ms
[2024-03-24T20:38:22.905+0800][2696.929s] GC(1010)   Evacuate Collection Set: 1.6ms
[2024-03-24T20:38:22.905+0800][2696.929s] GC(1010)   Post Evacuate Collection Set: 0.7ms
[2024-03-24T20:38:22.905+0800][2696.929s] GC(1010)   Other: 0.1ms
[2024-03-24T20:38:22.905+0800][2696.929s] GC(1010) Eden regions: 305->0(305)
[2024-03-24T20:38:22.905+0800][2696.929s] GC(1010) Survivor regions: 2->2(39)
[2024-03-24T20:38:22.905+0800][2696.929s] GC(1010) Old regions: 59->59
[2024-03-24T20:38:22.905+0800][2696.929s] GC(1010) Humongous regions: 4->4
[2024-03-24T20:38:22.905+0800][2696.929s] GC(1010) Metaspace: 65925K(66688K)->65925K(66688K) NonClass: 58528K(58944K)->58528K(58944K) Class: 7397K(7744K)->7397K(7744K)
[2024-03-24T20:38:22.905+0800][2696.930s] GC(1010) Pause Young (Normal) (G1 Evacuation Pause) 368M->63M(512M) 3.340ms
[2024-03-24T20:38:22.905+0800][2696.930s] GC(1010) User=0.00s Sys=0.00s Real=0.00s
[2024-03-24T20:38:24.627+0800][2698.651s] GC(1011) Pause Young (Normal) (G1 Evacuation Pause)
[2024-03-24T20:38:24.627+0800][2698.651s] GC(1011) Using 8 workers of 8 for evacuation
[2024-03-24T20:38:24.627+0800][2698.655s] GC(1011)   Pre Evacuate Collection Set: 0.2ms
[2024-03-24T20:38:24.633+0800][2698.655s] GC(1011)   Merge Heap Roots: 0.1ms
[2024-03-24T20:38:24.633+0800][2698.655s] GC(1011)   Evacuate Collection Set: 3.0ms
[2024-03-24T20:38:24.633+0800][2698.655s] GC(1011)   Post Evacuate Collection Set: 1.0ms
[2024-03-24T20:38:24.633+0800][2698.655s] GC(1011)   Other: 0.1ms
[2024-03-24T20:38:24.633+0800][2698.656s] GC(1011) Eden regions: 305->0(305)
[2024-03-24T20:38:24.633+0800][2698.656s] GC(1011) Survivor regions: 2->2(39)
[2024-03-24T20:38:24.633+0800][2698.656s] GC(1011) Old regions: 59->59
[2024-03-24T20:38:24.633+0800][2698.656s] GC(1011) Humongous regions: 4->4
[2024-03-24T20:38:24.633+0800][2698.656s] GC(1011) Metaspace: 65925K(66688K)->65925K(66688K) NonClass: 58528K(58944K)->58528K(58944K) Class: 7397K(7744K)->7397K(7744K)
[2024-03-24T20:38:24.633+0800][2698.656s] GC(1011) Pause Young (Normal) (G1 Evacuation Pause) 368M->63M(512M) 4.986ms
[2024-03-24T20:38:24.633+0800][2698.656s] GC(1011) User=0.00s Sys=0.00s Real=0.01s
[2024-03-24T20:38:26.379+0800][2700.407s] GC(1012) Pause Young (Normal) (G1 Evacuation Pause)
[2024-03-24T20:38:26.379+0800][2700.407s] GC(1012) Using 8 workers of 8 for evacuation
[2024-03-24T20:38:26.385+0800][2700.410s] GC(1012)   Pre Evacuate Collection Set: 0.3ms
[2024-03-24T20:38:26.385+0800][2700.410s] GC(1012)   Merge Heap Roots: 0.1ms
[2024-03-24T20:38:26.385+0800][2700.410s] GC(1012)   Evacuate Collection Set: 1.5ms
[2024-03-24T20:38:26.385+0800][2700.410s] GC(1012)   Post Evacuate Collection Set: 0.6ms
[2024-03-24T20:38:26.385+0800][2700.410s] GC(1012)   Other: 0.1ms
[2024-03-24T20:38:26.385+0800][2700.410s] GC(1012) Eden regions: 305->0(305)
[2024-03-24T20:38:26.385+0800][2700.410s] GC(1012) Survivor regions: 2->2(39)
[2024-03-24T20:38:26.385+0800][2700.410s] GC(1012) Old regions: 59->59
[2024-03-24T20:38:26.385+0800][2700.410s] GC(1012) Humongous regions: 4->4
[2024-03-24T20:38:26.385+0800][2700.410s] GC(1012) Metaspace: 65925K(66688K)->65925K(66688K) NonClass: 58528K(58944K)->58528K(58944K) Class: 7397K(7744K)->7397K(7744K)
[2024-03-24T20:38:26.385+0800][2700.410s] GC(1012) Pause Young (Normal) (G1 Evacuation Pause) 368M->63M(512M) 3.287ms
[2024-03-24T20:38:26.385+0800][2700.411s] GC(1012) User=0.06s Sys=0.00s Real=0.01s
[2024-03-24T20:38:28.189+0800][2702.212s] GC(1013) Pause Young (Normal) (G1 Evacuation Pause)
[2024-03-24T20:38:28.189+0800][2702.212s] GC(1013) Using 8 workers of 8 for evacuation
[2024-03-24T20:38:28.192+0800][2702.215s] GC(1013)   Pre Evacuate Collection Set: 0.4ms
[2024-03-24T20:38:28.192+0800][2702.216s] GC(1013)   Merge Heap Roots: 0.2ms
[2024-03-24T20:38:28.192+0800][2702.216s] GC(1013)   Evacuate Collection Set: 1.5ms
[2024-03-24T20:38:28.192+0800][2702.216s] GC(1013)   Post Evacuate Collection Set: 0.8ms
[2024-03-24T20:38:28.192+0800][2702.216s] GC(1013)   Other: 0.1ms
[2024-03-24T20:38:28.192+0800][2702.216s] GC(1013) Eden regions: 305->0(305)
[2024-03-24T20:38:28.192+0800][2702.216s] GC(1013) Survivor regions: 2->2(39)
[2024-03-24T20:38:28.192+0800][2702.216s] GC(1013) Old regions: 59->59
[2024-03-24T20:38:28.192+0800][2702.216s] GC(1013) Humongous regions: 4->4
[2024-03-24T20:38:28.192+0800][2702.216s] GC(1013) Metaspace: 65925K(66688K)->65925K(66688K) NonClass: 58528K(58944K)->58528K(58944K) Class: 7397K(7744K)->7397K(7744K)
[2024-03-24T20:38:28.192+0800][2702.216s] GC(1013) Pause Young (Normal) (G1 Evacuation Pause) 368M->63M(512M) 3.430ms
[2024-03-24T20:38:28.192+0800][2702.216s] GC(1013) User=0.00s Sys=0.00s Real=0.00s
[2024-03-24T20:38:29.966+0800][2703.989s] GC(1014) Pause Young (Normal) (G1 Evacuation Pause)
[2024-03-24T20:38:29.966+0800][2703.989s] GC(1014) Using 8 workers of 8 for evacuation
[2024-03-24T20:38:29.969+0800][2703.992s] GC(1014)   Pre Evacuate Collection Set: 0.2ms
[2024-03-24T20:38:29.969+0800][2703.992s] GC(1014)   Merge Heap Roots: 0.2ms
[2024-03-24T20:38:29.969+0800][2703.992s] GC(1014)   Evacuate Collection Set: 1.5ms
[2024-03-24T20:38:29.969+0800][2703.992s] GC(1014)   Post Evacuate Collection Set: 0.9ms
[2024-03-24T20:38:29.969+0800][2703.992s] GC(1014)   Other: 0.1ms
[2024-03-24T20:38:29.969+0800][2703.992s] GC(1014) Eden regions: 305->0(305)
[2024-03-24T20:38:29.969+0800][2703.993s] GC(1014) Survivor regions: 2->2(39)
[2024-03-24T20:38:29.970+0800][2703.993s] GC(1014) Old regions: 59->59
[2024-03-24T20:38:29.970+0800][2703.993s] GC(1014) Humongous regions: 4->4
[2024-03-24T20:38:29.970+0800][2703.993s] GC(1014) Metaspace: 65925K(66688K)->65925K(66688K) NonClass: 58528K(58944K)->58528K(58944K) Class: 7397K(7744K)->7397K(7744K)
[2024-03-24T20:38:29.970+0800][2703.993s] GC(1014) Pause Young (Normal) (G1 Evacuation Pause) 368M->63M(512M) 3.419ms
[2024-03-24T20:38:29.970+0800][2703.993s] GC(1014) User=0.00s Sys=0.00s Real=0.00s
[2024-03-24T20:38:31.697+0800][2705.722s] GC(1015) Pause Young (Normal) (G1 Evacuation Pause)
[2024-03-24T20:38:31.697+0800][2705.722s] GC(1015) Using 8 workers of 8 for evacuation
[2024-03-24T20:38:31.702+0800][2705.725s] GC(1015)   Pre Evacuate Collection Set: 0.2ms
[2024-03-24T20:38:31.702+0800][2705.725s] GC(1015)   Merge Heap Roots: 0.1ms
[2024-03-24T20:38:31.702+0800][2705.725s] GC(1015)   Evacuate Collection Set: 2.1ms
[2024-03-24T20:38:31.702+0800][2705.725s] GC(1015)   Post Evacuate Collection Set: 0.6ms
[2024-03-24T20:38:31.702+0800][2705.725s] GC(1015)   Other: 0.1ms
[2024-03-24T20:38:31.702+0800][2705.725s] GC(1015) Eden regions: 305->0(305)
[2024-03-24T20:38:31.702+0800][2705.725s] GC(1015) Survivor regions: 2->2(39)
[2024-03-24T20:38:31.702+0800][2705.725s] GC(1015) Old regions: 59->59
[2024-03-24T20:38:31.702+0800][2705.725s] GC(1015) Humongous regions: 4->4
[2024-03-24T20:38:31.702+0800][2705.725s] GC(1015) Metaspace: 65925K(66688K)->65925K(66688K) NonClass: 58528K(58944K)->58528K(58944K) Class: 7397K(7744K)->7397K(7744K)
[2024-03-24T20:38:31.702+0800][2705.725s] GC(1015) Pause Young (Normal) (G1 Evacuation Pause) 368M->63M(512M) 3.601ms
[2024-03-24T20:38:31.702+0800][2705.726s] GC(1015) User=0.00s Sys=0.00s Real=0.00s
[2024-03-24T20:38:33.420+0800][2707.443s] GC(1016) Pause Young (Normal) (G1 Evacuation Pause)
[2024-03-24T20:38:33.420+0800][2707.443s] GC(1016) Using 8 workers of 8 for evacuation
[2024-03-24T20:38:33.424+0800][2707.447s] GC(1016)   Pre Evacuate Collection Set: 0.1ms
[2024-03-24T20:38:33.424+0800][2707.447s] GC(1016)   Merge Heap Roots: 0.1ms
[2024-03-24T20:38:33.424+0800][2707.447s] GC(1016)   Evacuate Collection Set: 3.1ms
[2024-03-24T20:38:33.424+0800][2707.447s] GC(1016)   Post Evacuate Collection Set: 0.6ms
[2024-03-24T20:38:33.424+0800][2707.447s] GC(1016)   Other: 0.1ms
[2024-03-24T20:38:33.424+0800][2707.447s] GC(1016) Eden regions: 305->0(305)
[2024-03-24T20:38:33.424+0800][2707.447s] GC(1016) Survivor regions: 2->2(39)
[2024-03-24T20:38:33.424+0800][2707.447s] GC(1016) Old regions: 59->59
[2024-03-24T20:38:33.424+0800][2707.447s] GC(1016) Humongous regions: 4->4
[2024-03-24T20:38:33.424+0800][2707.447s] GC(1016) Metaspace: 65925K(66688K)->65925K(66688K) NonClass: 58528K(58944K)->58528K(58944K) Class: 7397K(7744K)->7397K(7744K)
[2024-03-24T20:38:33.424+0800][2707.447s] GC(1016) Pause Young (Normal) (G1 Evacuation Pause) 368M->63M(512M) 4.211ms
[2024-03-24T20:38:33.424+0800][2707.447s] GC(1016) User=0.00s Sys=0.00s Real=0.00s
[2024-03-24T20:38:35.081+0800][2709.104s] GC(1017) Pause Young (Normal) (G1 Evacuation Pause)
[2024-03-24T20:38:35.081+0800][2709.104s] GC(1017) Using 8 workers of 8 for evacuation
[2024-03-24T20:38:35.084+0800][2709.107s] GC(1017)   Pre Evacuate Collection Set: 0.2ms
[2024-03-24T20:38:35.084+0800][2709.108s] GC(1017)   Merge Heap Roots: 0.2ms
[2024-03-24T20:38:35.084+0800][2709.108s] GC(1017)   Evacuate Collection Set: 1.5ms
[2024-03-24T20:38:35.085+0800][2709.108s] GC(1017)   Post Evacuate Collection Set: 1.0ms
[2024-03-24T20:38:35.085+0800][2709.108s] GC(1017)   Other: 0.1ms
[2024-03-24T20:38:35.085+0800][2709.108s] GC(1017) Eden regions: 305->0(305)
[2024-03-24T20:38:35.085+0800][2709.108s] GC(1017) Survivor regions: 2->2(39)
[2024-03-24T20:38:35.085+0800][2709.108s] GC(1017) Old regions: 59->59
[2024-03-24T20:38:35.085+0800][2709.108s] GC(1017) Humongous regions: 4->4
[2024-03-24T20:38:35.085+0800][2709.108s] GC(1017) Metaspace: 65925K(66688K)->65925K(66688K) NonClass: 58528K(58944K)->58528K(58944K) Class: 7397K(7744K)->7397K(7744K)
[2024-03-24T20:38:35.085+0800][2709.108s] GC(1017) Pause Young (Normal) (G1 Evacuation Pause) 368M->63M(512M) 3.548ms
[2024-03-24T20:38:35.085+0800][2709.108s] GC(1017) User=0.00s Sys=0.00s Real=0.00s
[2024-03-24T20:38:36.873+0800][2710.896s] GC(1018) Pause Young (Normal) (G1 Evacuation Pause)
[2024-03-24T20:38:36.873+0800][2710.896s] GC(1018) Using 8 workers of 8 for evacuation
[2024-03-24T20:38:36.875+0800][2710.900s] GC(1018)   Pre Evacuate Collection Set: 0.2ms
[2024-03-24T20:38:36.875+0800][2710.900s] GC(1018)   Merge Heap Roots: 0.1ms
[2024-03-24T20:38:36.875+0800][2710.900s] GC(1018)   Evacuate Collection Set: 2.3ms
[2024-03-24T20:38:36.875+0800][2710.900s] GC(1018)   Post Evacuate Collection Set: 0.8ms
[2024-03-24T20:38:36.875+0800][2710.900s] GC(1018)   Other: 0.1ms
[2024-03-24T20:38:36.875+0800][2710.900s] GC(1018) Eden regions: 305->0(305)
[2024-03-24T20:38:36.875+0800][2710.900s] GC(1018) Survivor regions: 2->2(39)
[2024-03-24T20:38:36.875+0800][2710.900s] GC(1018) Old regions: 59->59
[2024-03-24T20:38:36.875+0800][2710.900s] GC(1018) Humongous regions: 4->4
[2024-03-24T20:38:36.875+0800][2710.900s] GC(1018) Metaspace: 65925K(66688K)->65925K(66688K) NonClass: 58528K(58944K)->58528K(58944K) Class: 7397K(7744K)->7397K(7744K)
[2024-03-24T20:38:36.875+0800][2710.900s] GC(1018) Pause Young (Normal) (G1 Evacuation Pause) 368M->63M(512M) 4.272ms
[2024-03-24T20:38:36.875+0800][2710.900s] GC(1018) User=0.00s Sys=0.00s Real=0.00s
[2024-03-24T20:38:38.702+0800][2712.725s] GC(1019) Pause Young (Normal) (G1 Evacuation Pause)
[2024-03-24T20:38:38.702+0800][2712.725s] GC(1019) Using 8 workers of 8 for evacuation
[2024-03-24T20:38:38.702+0800][2712.729s] GC(1019)   Pre Evacuate Collection Set: 0.3ms
[2024-03-24T20:38:38.702+0800][2712.729s] GC(1019)   Merge Heap Roots: 0.2ms
[2024-03-24T20:38:38.702+0800][2712.729s] GC(1019)   Evacuate Collection Set: 1.8ms
[2024-03-24T20:38:38.702+0800][2712.729s] GC(1019)   Post Evacuate Collection Set: 0.9ms
[2024-03-24T20:38:38.702+0800][2712.729s] GC(1019)   Other: 0.2ms
[2024-03-24T20:38:38.706+0800][2712.729s] GC(1019) Eden regions: 305->0(305)
[2024-03-24T20:38:38.706+0800][2712.729s] GC(1019) Survivor regions: 2->2(39)
[2024-03-24T20:38:38.706+0800][2712.729s] GC(1019) Old regions: 59->59
[2024-03-24T20:38:38.706+0800][2712.729s] GC(1019) Humongous regions: 4->4
[2024-03-24T20:38:38.706+0800][2712.729s] GC(1019) Metaspace: 65925K(66688K)->65925K(66688K) NonClass: 58528K(58944K)->58528K(58944K) Class: 7397K(7744K)->7397K(7744K)
[2024-03-24T20:38:38.706+0800][2712.729s] GC(1019) Pause Young (Normal) (G1 Evacuation Pause) 368M->63M(512M) 4.119ms
[2024-03-24T20:38:38.706+0800][2712.729s] GC(1019) User=0.00s Sys=0.00s Real=0.00s
[2024-03-24T20:38:40.402+0800][2714.425s] GC(1020) Pause Young (Normal) (G1 Evacuation Pause)
[2024-03-24T20:38:40.402+0800][2714.425s] GC(1020) Using 8 workers of 8 for evacuation
[2024-03-24T20:38:40.402+0800][2714.428s] GC(1020)   Pre Evacuate Collection Set: 0.4ms
[2024-03-24T20:38:40.402+0800][2714.428s] GC(1020)   Merge Heap Roots: 0.1ms
[2024-03-24T20:38:40.402+0800][2714.428s] GC(1020)   Evacuate Collection Set: 1.4ms
[2024-03-24T20:38:40.402+0800][2714.428s] GC(1020)   Post Evacuate Collection Set: 0.8ms
[2024-03-24T20:38:40.402+0800][2714.428s] GC(1020)   Other: 0.1ms
[2024-03-24T20:38:40.402+0800][2714.428s] GC(1020) Eden regions: 305->0(305)
[2024-03-24T20:38:40.402+0800][2714.428s] GC(1020) Survivor regions: 2->2(39)
[2024-03-24T20:38:40.402+0800][2714.428s] GC(1020) Old regions: 59->59
[2024-03-24T20:38:40.402+0800][2714.428s] GC(1020) Humongous regions: 4->4
[2024-03-24T20:38:40.402+0800][2714.428s] GC(1020) Metaspace: 65925K(66688K)->65925K(66688K) NonClass: 58528K(58944K)->58528K(58944K) Class: 7397K(7744K)->7397K(7744K)
[2024-03-24T20:38:40.402+0800][2714.428s] GC(1020) Pause Young (Normal) (G1 Evacuation Pause) 368M->63M(512M) 3.391ms
[2024-03-24T20:38:40.402+0800][2714.428s] GC(1020) User=0.00s Sys=0.00s Real=0.00s
[2024-03-24T20:38:42.180+0800][2716.203s] GC(1021) Pause Young (Normal) (G1 Evacuation Pause)
[2024-03-24T20:38:42.180+0800][2716.203s] GC(1021) Using 8 workers of 8 for evacuation
[2024-03-24T20:38:42.183+0800][2716.206s] GC(1021)   Pre Evacuate Collection Set: 0.4ms
[2024-03-24T20:38:42.183+0800][2716.206s] GC(1021)   Merge Heap Roots: 0.2ms
[2024-03-24T20:38:42.183+0800][2716.206s] GC(1021)   Evacuate Collection Set: 1.8ms
[2024-03-24T20:38:42.183+0800][2716.206s] GC(1021)   Post Evacuate Collection Set: 0.8ms
[2024-03-24T20:38:42.184+0800][2716.207s] GC(1021)   Other: 0.1ms
[2024-03-24T20:38:42.184+0800][2716.207s] GC(1021) Eden regions: 305->0(305)
[2024-03-24T20:38:42.184+0800][2716.207s] GC(1021) Survivor regions: 2->2(39)
[2024-03-24T20:38:42.184+0800][2716.207s] GC(1021) Old regions: 59->59
[2024-03-24T20:38:42.184+0800][2716.207s] GC(1021) Humongous regions: 4->4
[2024-03-24T20:38:42.184+0800][2716.207s] GC(1021) Metaspace: 65925K(66688K)->65925K(66688K) NonClass: 58528K(58944K)->58528K(58944K) Class: 7397K(7744K)->7397K(7744K)
[2024-03-24T20:38:42.184+0800][2716.207s] GC(1021) Pause Young (Normal) (G1 Evacuation Pause) 368M->63M(512M) 3.830ms
[2024-03-24T20:38:42.184+0800][2716.207s] GC(1021) User=0.00s Sys=0.00s Real=0.00s
[2024-03-24T20:38:44.037+0800][2718.060s] GC(1022) Pause Young (Normal) (G1 Evacuation Pause)
[2024-03-24T20:38:44.037+0800][2718.060s] GC(1022) Using 8 workers of 8 for evacuation
[2024-03-24T20:38:44.039+0800][2718.062s] GC(1022)   Pre Evacuate Collection Set: 0.2ms
[2024-03-24T20:38:44.039+0800][2718.062s] GC(1022)   Merge Heap Roots: 0.1ms
[2024-03-24T20:38:44.039+0800][2718.062s] GC(1022)   Evacuate Collection Set: 1.5ms
[2024-03-24T20:38:44.039+0800][2718.062s] GC(1022)   Post Evacuate Collection Set: 0.5ms
[2024-03-24T20:38:44.039+0800][2718.062s] GC(1022)   Other: 0.1ms
[2024-03-24T20:38:44.039+0800][2718.062s] GC(1022) Eden regions: 305->0(305)
[2024-03-24T20:38:44.039+0800][2718.062s] GC(1022) Survivor regions: 2->2(39)
[2024-03-24T20:38:44.039+0800][2718.062s] GC(1022) Old regions: 59->59
[2024-03-24T20:38:44.039+0800][2718.062s] GC(1022) Humongous regions: 4->4
[2024-03-24T20:38:44.039+0800][2718.062s] GC(1022) Metaspace: 65925K(66688K)->65925K(66688K) NonClass: 58528K(58944K)->58528K(58944K) Class: 7397K(7744K)->7397K(7744K)
[2024-03-24T20:38:44.039+0800][2718.062s] GC(1022) Pause Young (Normal) (G1 Evacuation Pause) 368M->63M(512M) 2.669ms
[2024-03-24T20:38:44.039+0800][2718.062s] GC(1022) User=0.00s Sys=0.00s Real=0.00s
[2024-03-24T20:38:45.797+0800][2719.821s] GC(1023) Pause Young (Normal) (G1 Evacuation Pause)
[2024-03-24T20:38:45.797+0800][2719.821s] GC(1023) Using 8 workers of 8 for evacuation
[2024-03-24T20:38:45.797+0800][2719.823s] GC(1023)   Pre Evacuate Collection Set: 0.2ms
[2024-03-24T20:38:45.797+0800][2719.823s] GC(1023)   Merge Heap Roots: 0.1ms
[2024-03-24T20:38:45.797+0800][2719.823s] GC(1023)   Evacuate Collection Set: 1.1ms
[2024-03-24T20:38:45.797+0800][2719.823s] GC(1023)   Post Evacuate Collection Set: 0.6ms
[2024-03-24T20:38:45.797+0800][2719.823s] GC(1023)   Other: 0.1ms
[2024-03-24T20:38:45.797+0800][2719.823s] GC(1023) Eden regions: 305->0(305)
[2024-03-24T20:38:45.797+0800][2719.823s] GC(1023) Survivor regions: 2->2(39)
[2024-03-24T20:38:45.797+0800][2719.823s] GC(1023) Old regions: 59->59
[2024-03-24T20:38:45.797+0800][2719.823s] GC(1023) Humongous regions: 4->4
[2024-03-24T20:38:45.797+0800][2719.823s] GC(1023) Metaspace: 65925K(66688K)->65925K(66688K) NonClass: 58528K(58944K)->58528K(58944K) Class: 7397K(7744K)->7397K(7744K)
[2024-03-24T20:38:45.797+0800][2719.823s] GC(1023) Pause Young (Normal) (G1 Evacuation Pause) 368M->63M(512M) 2.226ms
[2024-03-24T20:38:45.797+0800][2719.823s] GC(1023) User=0.00s Sys=0.00s Real=0.00s
[2024-03-24T20:38:47.627+0800][2721.654s] GC(1024) Pause Young (Normal) (G1 Evacuation Pause)
[2024-03-24T20:38:47.627+0800][2721.654s] GC(1024) Using 8 workers of 8 for evacuation
[2024-03-24T20:38:47.634+0800][2721.657s] GC(1024)   Pre Evacuate Collection Set: 0.3ms
[2024-03-24T20:38:47.634+0800][2721.657s] GC(1024)   Merge Heap Roots: 0.1ms
[2024-03-24T20:38:47.634+0800][2721.657s] GC(1024)   Evacuate Collection Set: 2.0ms
[2024-03-24T20:38:47.634+0800][2721.657s] GC(1024)   Post Evacuate Collection Set: 0.7ms
[2024-03-24T20:38:47.634+0800][2721.657s] GC(1024)   Other: 0.2ms
[2024-03-24T20:38:47.634+0800][2721.657s] GC(1024) Eden regions: 305->0(305)
[2024-03-24T20:38:47.634+0800][2721.657s] GC(1024) Survivor regions: 2->2(39)
[2024-03-24T20:38:47.634+0800][2721.657s] GC(1024) Old regions: 59->59
[2024-03-24T20:38:47.634+0800][2721.657s] GC(1024) Humongous regions: 4->4
[2024-03-24T20:38:47.634+0800][2721.657s] GC(1024) Metaspace: 65925K(66688K)->65925K(66688K) NonClass: 58528K(58944K)->58528K(58944K) Class: 7397K(7744K)->7397K(7744K)
[2024-03-24T20:38:47.634+0800][2721.657s] GC(1024) Pause Young (Normal) (G1 Evacuation Pause) 368M->63M(512M) 3.817ms
[2024-03-24T20:38:47.634+0800][2721.657s] GC(1024) User=0.00s Sys=0.00s Real=0.01s
[2024-03-24T20:38:49.390+0800][2723.418s] GC(1025) Pause Young (Normal) (G1 Evacuation Pause)
[2024-03-24T20:38:49.390+0800][2723.418s] GC(1025) Using 8 workers of 8 for evacuation
[2024-03-24T20:38:49.390+0800][2723.422s] GC(1025)   Pre Evacuate Collection Set: 0.5ms
[2024-03-24T20:38:49.400+0800][2723.422s] GC(1025)   Merge Heap Roots: 0.2ms
[2024-03-24T20:38:49.400+0800][2723.422s] GC(1025)   Evacuate Collection Set: 2.6ms
[2024-03-24T20:38:49.400+0800][2723.422s] GC(1025)   Post Evacuate Collection Set: 0.8ms
[2024-03-24T20:38:49.400+0800][2723.422s] GC(1025)   Other: 0.1ms
[2024-03-24T20:38:49.400+0800][2723.422s] GC(1025) Eden regions: 305->0(305)
[2024-03-24T20:38:49.400+0800][2723.422s] GC(1025) Survivor regions: 2->2(39)
[2024-03-24T20:38:49.400+0800][2723.422s] GC(1025) Old regions: 59->59
[2024-03-24T20:38:49.400+0800][2723.422s] GC(1025) Humongous regions: 4->4
[2024-03-24T20:38:49.400+0800][2723.423s] GC(1025) Metaspace: 65925K(66688K)->65925K(66688K) NonClass: 58528K(58944K)->58528K(58944K) Class: 7397K(7744K)->7397K(7744K)
[2024-03-24T20:38:49.400+0800][2723.423s] GC(1025) Pause Young (Normal) (G1 Evacuation Pause) 368M->63M(512M) 4.903ms
[2024-03-24T20:38:49.400+0800][2723.423s] GC(1025) User=0.00s Sys=0.00s Real=0.01s
[2024-03-24T20:38:51.208+0800][2725.231s] GC(1026) Pause Young (Normal) (G1 Evacuation Pause)
[2024-03-24T20:38:51.208+0800][2725.231s] GC(1026) Using 8 workers of 8 for evacuation
[2024-03-24T20:38:51.210+0800][2725.233s] GC(1026)   Pre Evacuate Collection Set: 0.2ms
[2024-03-24T20:38:51.210+0800][2725.233s] GC(1026)   Merge Heap Roots: 0.1ms
[2024-03-24T20:38:51.210+0800][2725.233s] GC(1026)   Evacuate Collection Set: 1.3ms
[2024-03-24T20:38:51.210+0800][2725.233s] GC(1026)   Post Evacuate Collection Set: 0.5ms
[2024-03-24T20:38:51.210+0800][2725.233s] GC(1026)   Other: 0.1ms
[2024-03-24T20:38:51.210+0800][2725.233s] GC(1026) Eden regions: 305->0(305)
[2024-03-24T20:38:51.210+0800][2725.233s] GC(1026) Survivor regions: 2->2(39)
[2024-03-24T20:38:51.210+0800][2725.233s] GC(1026) Old regions: 59->59
[2024-03-24T20:38:51.210+0800][2725.233s] GC(1026) Humongous regions: 4->4
[2024-03-24T20:38:51.210+0800][2725.233s] GC(1026) Metaspace: 65925K(66688K)->65925K(66688K) NonClass: 58528K(58944K)->58528K(58944K) Class: 7397K(7744K)->7397K(7744K)
[2024-03-24T20:38:51.210+0800][2725.233s] GC(1026) Pause Young (Normal) (G1 Evacuation Pause) 368M->63M(512M) 2.512ms
[2024-03-24T20:38:51.210+0800][2725.233s] GC(1026) User=0.00s Sys=0.00s Real=0.00s
[2024-03-24T20:38:52.791+0800][2726.814s] GC(1027) Pause Young (Normal) (G1 Evacuation Pause)
[2024-03-24T20:38:52.791+0800][2726.814s] GC(1027) Using 8 workers of 8 for evacuation
[2024-03-24T20:38:52.791+0800][2726.817s] GC(1027)   Pre Evacuate Collection Set: 0.1ms
[2024-03-24T20:38:52.791+0800][2726.817s] GC(1027)   Merge Heap Roots: 0.2ms
[2024-03-24T20:38:52.791+0800][2726.817s] GC(1027)   Evacuate Collection Set: 1.7ms
[2024-03-24T20:38:52.791+0800][2726.817s] GC(1027)   Post Evacuate Collection Set: 0.8ms
[2024-03-24T20:38:52.791+0800][2726.817s] GC(1027)   Other: 0.1ms
[2024-03-24T20:38:52.791+0800][2726.817s] GC(1027) Eden regions: 305->0(305)
[2024-03-24T20:38:52.791+0800][2726.817s] GC(1027) Survivor regions: 2->2(39)
[2024-03-24T20:38:52.791+0800][2726.817s] GC(1027) Old regions: 59->59
[2024-03-24T20:38:52.791+0800][2726.817s] GC(1027) Humongous regions: 4->4
[2024-03-24T20:38:52.791+0800][2726.817s] GC(1027) Metaspace: 65925K(66688K)->65925K(66688K) NonClass: 58528K(58944K)->58528K(58944K) Class: 7397K(7744K)->7397K(7744K)
[2024-03-24T20:38:52.791+0800][2726.817s] GC(1027) Pause Young (Normal) (G1 Evacuation Pause) 368M->63M(512M) 3.171ms
[2024-03-24T20:38:52.791+0800][2726.817s] GC(1027) User=0.00s Sys=0.00s Real=0.00s
[2024-03-24T20:38:54.565+0800][2728.588s] GC(1028) Pause Young (Normal) (G1 Evacuation Pause)
[2024-03-24T20:38:54.565+0800][2728.588s] GC(1028) Using 8 workers of 8 for evacuation
[2024-03-24T20:38:54.567+0800][2728.591s] GC(1028)   Pre Evacuate Collection Set: 0.3ms
[2024-03-24T20:38:54.567+0800][2728.591s] GC(1028)   Merge Heap Roots: 0.1ms
[2024-03-24T20:38:54.567+0800][2728.591s] GC(1028)   Evacuate Collection Set: 1.6ms
[2024-03-24T20:38:54.567+0800][2728.591s] GC(1028)   Post Evacuate Collection Set: 0.7ms
[2024-03-24T20:38:54.567+0800][2728.591s] GC(1028)   Other: 0.1ms
[2024-03-24T20:38:54.567+0800][2728.591s] GC(1028) Eden regions: 305->0(305)
[2024-03-24T20:38:54.567+0800][2728.591s] GC(1028) Survivor regions: 2->2(39)
[2024-03-24T20:38:54.568+0800][2728.591s] GC(1028) Old regions: 59->59
[2024-03-24T20:38:54.568+0800][2728.591s] GC(1028) Humongous regions: 4->4
[2024-03-24T20:38:54.568+0800][2728.591s] GC(1028) Metaspace: 65925K(66688K)->65925K(66688K) NonClass: 58528K(58944K)->58528K(58944K) Class: 7397K(7744K)->7397K(7744K)
[2024-03-24T20:38:54.568+0800][2728.591s] GC(1028) Pause Young (Normal) (G1 Evacuation Pause) 368M->63M(512M) 3.261ms
[2024-03-24T20:38:54.568+0800][2728.591s] GC(1028) User=0.00s Sys=0.00s Real=0.00s
[2024-03-24T20:38:56.375+0800][2730.398s] GC(1029) Pause Young (Normal) (G1 Evacuation Pause)
[2024-03-24T20:38:56.375+0800][2730.398s] GC(1029) Using 8 workers of 8 for evacuation
[2024-03-24T20:38:56.375+0800][2730.401s] GC(1029)   Pre Evacuate Collection Set: 0.3ms
[2024-03-24T20:38:56.375+0800][2730.401s] GC(1029)   Merge Heap Roots: 0.1ms
[2024-03-24T20:38:56.375+0800][2730.401s] GC(1029)   Evacuate Collection Set: 1.8ms
[2024-03-24T20:38:56.375+0800][2730.401s] GC(1029)   Post Evacuate Collection Set: 0.7ms
[2024-03-24T20:38:56.375+0800][2730.401s] GC(1029)   Other: 0.1ms
[2024-03-24T20:38:56.375+0800][2730.401s] GC(1029) Eden regions: 305->0(305)
[2024-03-24T20:38:56.375+0800][2730.402s] GC(1029) Survivor regions: 2->2(39)
[2024-03-24T20:38:56.375+0800][2730.402s] GC(1029) Old regions: 59->59
[2024-03-24T20:38:56.375+0800][2730.402s] GC(1029) Humongous regions: 4->4
[2024-03-24T20:38:56.375+0800][2730.402s] GC(1029) Metaspace: 65925K(66688K)->65925K(66688K) NonClass: 58528K(58944K)->58528K(58944K) Class: 7397K(7744K)->7397K(7744K)
[2024-03-24T20:38:56.375+0800][2730.402s] GC(1029) Pause Young (Normal) (G1 Evacuation Pause) 368M->64M(512M) 3.286ms
[2024-03-24T20:38:56.375+0800][2730.402s] GC(1029) User=0.00s Sys=0.00s Real=0.00s
[2024-03-24T20:38:58.193+0800][2732.222s] GC(1030) Pause Young (Normal) (G1 Evacuation Pause)
[2024-03-24T20:38:58.193+0800][2732.223s] GC(1030) Using 8 workers of 8 for evacuation
[2024-03-24T20:38:58.203+0800][2732.226s] GC(1030)   Pre Evacuate Collection Set: 0.3ms
[2024-03-24T20:38:58.203+0800][2732.226s] GC(1030)   Merge Heap Roots: 0.2ms
[2024-03-24T20:38:58.203+0800][2732.226s] GC(1030)   Evacuate Collection Set: 1.9ms
[2024-03-24T20:38:58.203+0800][2732.226s] GC(1030)   Post Evacuate Collection Set: 0.8ms
[2024-03-24T20:38:58.203+0800][2732.226s] GC(1030)   Other: 0.1ms
[2024-03-24T20:38:58.203+0800][2732.226s] GC(1030) Eden regions: 305->0(305)
[2024-03-24T20:38:58.203+0800][2732.226s] GC(1030) Survivor regions: 2->2(39)
[2024-03-24T20:38:58.203+0800][2732.226s] GC(1030) Old regions: 59->59
[2024-03-24T20:38:58.203+0800][2732.226s] GC(1030) Humongous regions: 4->4
[2024-03-24T20:38:58.203+0800][2732.226s] GC(1030) Metaspace: 65925K(66688K)->65925K(66688K) NonClass: 58528K(58944K)->58528K(58944K) Class: 7397K(7744K)->7397K(7744K)
[2024-03-24T20:38:58.203+0800][2732.226s] GC(1030) Pause Young (Normal) (G1 Evacuation Pause) 369M->63M(512M) 3.679ms
[2024-03-24T20:38:58.203+0800][2732.226s] GC(1030) User=0.02s Sys=0.00s Real=0.01s
[2024-03-24T20:38:59.980+0800][2734.004s] GC(1031) Pause Young (Normal) (G1 Evacuation Pause)
[2024-03-24T20:38:59.980+0800][2734.004s] GC(1031) Using 8 workers of 8 for evacuation
[2024-03-24T20:38:59.980+0800][2734.008s] GC(1031)   Pre Evacuate Collection Set: 0.2ms
[2024-03-24T20:38:59.980+0800][2734.008s] GC(1031)   Merge Heap Roots: 0.1ms
[2024-03-24T20:38:59.980+0800][2734.008s] GC(1031)   Evacuate Collection Set: 2.2ms
[2024-03-24T20:38:59.980+0800][2734.008s] GC(1031)   Post Evacuate Collection Set: 1.1ms
[2024-03-24T20:38:59.980+0800][2734.008s] GC(1031)   Other: 0.2ms
[2024-03-24T20:38:59.980+0800][2734.008s] GC(1031) Eden regions: 305->0(305)
[2024-03-24T20:38:59.980+0800][2734.008s] GC(1031) Survivor regions: 2->2(39)
[2024-03-24T20:38:59.980+0800][2734.008s] GC(1031) Old regions: 59->59
[2024-03-24T20:38:59.980+0800][2734.008s] GC(1031) Humongous regions: 4->4
[2024-03-24T20:38:59.980+0800][2734.008s] GC(1031) Metaspace: 65925K(66688K)->65925K(66688K) NonClass: 58528K(58944K)->58528K(58944K) Class: 7397K(7744K)->7397K(7744K)
[2024-03-24T20:38:59.980+0800][2734.008s] GC(1031) Pause Young (Normal) (G1 Evacuation Pause) 368M->63M(512M) 4.438ms
[2024-03-24T20:38:59.980+0800][2734.008s] GC(1031) User=0.00s Sys=0.00s Real=0.00s
[2024-03-24T20:39:01.867+0800][2735.896s] GC(1032) Pause Young (Normal) (G1 Evacuation Pause)
[2024-03-24T20:39:01.867+0800][2735.896s] GC(1032) Using 8 workers of 8 for evacuation
[2024-03-24T20:39:01.875+0800][2735.899s] GC(1032)   Pre Evacuate Collection Set: 0.2ms
[2024-03-24T20:39:01.875+0800][2735.899s] GC(1032)   Merge Heap Roots: 0.1ms
[2024-03-24T20:39:01.876+0800][2735.899s] GC(1032)   Evacuate Collection Set: 1.5ms
[2024-03-24T20:39:01.876+0800][2735.899s] GC(1032)   Post Evacuate Collection Set: 0.9ms
[2024-03-24T20:39:01.876+0800][2735.899s] GC(1032)   Other: 0.1ms
[2024-03-24T20:39:01.876+0800][2735.899s] GC(1032) Eden regions: 305->0(305)
[2024-03-24T20:39:01.876+0800][2735.899s] GC(1032) Survivor regions: 2->2(39)
[2024-03-24T20:39:01.876+0800][2735.899s] GC(1032) Old regions: 59->59
[2024-03-24T20:39:01.876+0800][2735.899s] GC(1032) Humongous regions: 4->4
[2024-03-24T20:39:01.876+0800][2735.899s] GC(1032) Metaspace: 65925K(66688K)->65925K(66688K) NonClass: 58528K(58944K)->58528K(58944K) Class: 7397K(7744K)->7397K(7744K)
[2024-03-24T20:39:01.876+0800][2735.899s] GC(1032) Pause Young (Normal) (G1 Evacuation Pause) 368M->63M(512M) 3.248ms
[2024-03-24T20:39:01.876+0800][2735.899s] GC(1032) User=0.02s Sys=0.00s Real=0.01s
[2024-03-24T20:39:03.630+0800][2737.653s] GC(1033) Pause Young (Normal) (G1 Evacuation Pause)
[2024-03-24T20:39:03.630+0800][2737.653s] GC(1033) Using 8 workers of 8 for evacuation
[2024-03-24T20:39:03.632+0800][2737.655s] GC(1033)   Pre Evacuate Collection Set: 0.3ms
[2024-03-24T20:39:03.632+0800][2737.655s] GC(1033)   Merge Heap Roots: 0.1ms
[2024-03-24T20:39:03.632+0800][2737.655s] GC(1033)   Evacuate Collection Set: 1.4ms
[2024-03-24T20:39:03.632+0800][2737.655s] GC(1033)   Post Evacuate Collection Set: 0.4ms
[2024-03-24T20:39:03.632+0800][2737.655s] GC(1033)   Other: 0.1ms
[2024-03-24T20:39:03.632+0800][2737.655s] GC(1033) Eden regions: 305->0(305)
[2024-03-24T20:39:03.632+0800][2737.655s] GC(1033) Survivor regions: 2->2(39)
[2024-03-24T20:39:03.632+0800][2737.655s] GC(1033) Old regions: 59->59
[2024-03-24T20:39:03.632+0800][2737.655s] GC(1033) Humongous regions: 4->4
[2024-03-24T20:39:03.632+0800][2737.655s] GC(1033) Metaspace: 65925K(66688K)->65925K(66688K) NonClass: 58528K(58944K)->58528K(58944K) Class: 7397K(7744K)->7397K(7744K)
[2024-03-24T20:39:03.632+0800][2737.655s] GC(1033) Pause Young (Normal) (G1 Evacuation Pause) 368M->63M(512M) 2.645ms
[2024-03-24T20:39:03.632+0800][2737.655s] GC(1033) User=0.00s Sys=0.00s Real=0.00s
[2024-03-24T20:39:05.365+0800][2739.392s] GC(1034) Pause Young (Normal) (G1 Evacuation Pause)
[2024-03-24T20:39:05.365+0800][2739.392s] GC(1034) Using 8 workers of 8 for evacuation
[2024-03-24T20:39:05.370+0800][2739.394s] GC(1034)   Pre Evacuate Collection Set: 0.2ms
[2024-03-24T20:39:05.370+0800][2739.394s] GC(1034)   Merge Heap Roots: 0.1ms
[2024-03-24T20:39:05.370+0800][2739.394s] GC(1034)   Evacuate Collection Set: 1.5ms
[2024-03-24T20:39:05.370+0800][2739.394s] GC(1034)   Post Evacuate Collection Set: 0.4ms
[2024-03-24T20:39:05.370+0800][2739.394s] GC(1034)   Other: 0.1ms
[2024-03-24T20:39:05.370+0800][2739.394s] GC(1034) Eden regions: 305->0(305)
[2024-03-24T20:39:05.370+0800][2739.394s] GC(1034) Survivor regions: 2->2(39)
[2024-03-24T20:39:05.370+0800][2739.394s] GC(1034) Old regions: 59->59
[2024-03-24T20:39:05.370+0800][2739.394s] GC(1034) Humongous regions: 4->4
[2024-03-24T20:39:05.370+0800][2739.394s] GC(1034) Metaspace: 65925K(66688K)->65925K(66688K) NonClass: 58528K(58944K)->58528K(58944K) Class: 7397K(7744K)->7397K(7744K)
[2024-03-24T20:39:05.370+0800][2739.394s] GC(1034) Pause Young (Normal) (G1 Evacuation Pause) 368M->63M(512M) 2.638ms
[2024-03-24T20:39:05.370+0800][2739.394s] GC(1034) User=0.03s Sys=0.00s Real=0.00s
[2024-03-24T20:39:07.174+0800][2741.211s] GC(1035) Pause Young (Normal) (G1 Evacuation Pause)
[2024-03-24T20:39:07.174+0800][2741.211s] GC(1035) Using 8 workers of 8 for evacuation
[2024-03-24T20:39:07.192+0800][2741.215s] GC(1035)   Pre Evacuate Collection Set: 0.4ms
[2024-03-24T20:39:07.192+0800][2741.215s] GC(1035)   Merge Heap Roots: 0.2ms
[2024-03-24T20:39:07.192+0800][2741.215s] GC(1035)   Evacuate Collection Set: 2.5ms
[2024-03-24T20:39:07.192+0800][2741.215s] GC(1035)   Post Evacuate Collection Set: 0.6ms
[2024-03-24T20:39:07.192+0800][2741.215s] GC(1035)   Other: 0.1ms
[2024-03-24T20:39:07.192+0800][2741.215s] GC(1035) Eden regions: 305->0(305)
[2024-03-24T20:39:07.192+0800][2741.215s] GC(1035) Survivor regions: 2->2(39)
[2024-03-24T20:39:07.192+0800][2741.215s] GC(1035) Old regions: 59->59
[2024-03-24T20:39:07.192+0800][2741.215s] GC(1035) Humongous regions: 4->4
[2024-03-24T20:39:07.192+0800][2741.215s] GC(1035) Metaspace: 65925K(66688K)->65925K(66688K) NonClass: 58528K(58944K)->58528K(58944K) Class: 7397K(7744K)->7397K(7744K)
[2024-03-24T20:39:07.192+0800][2741.215s] GC(1035) Pause Young (Normal) (G1 Evacuation Pause) 368M->63M(512M) 4.136ms
[2024-03-24T20:39:07.192+0800][2741.215s] GC(1035) User=0.03s Sys=0.00s Real=0.02s
[2024-03-24T20:39:08.902+0800][2742.929s] GC(1036) Pause Young (Normal) (G1 Evacuation Pause)
[2024-03-24T20:39:08.902+0800][2742.929s] GC(1036) Using 8 workers of 8 for evacuation
[2024-03-24T20:39:08.909+0800][2742.932s] GC(1036)   Pre Evacuate Collection Set: 0.2ms
[2024-03-24T20:39:08.909+0800][2742.932s] GC(1036)   Merge Heap Roots: 0.3ms
[2024-03-24T20:39:08.909+0800][2742.932s] GC(1036)   Evacuate Collection Set: 1.9ms
[2024-03-24T20:39:08.909+0800][2742.932s] GC(1036)   Post Evacuate Collection Set: 0.6ms
[2024-03-24T20:39:08.909+0800][2742.932s] GC(1036)   Other: 0.1ms
[2024-03-24T20:39:08.909+0800][2742.932s] GC(1036) Eden regions: 305->0(305)
[2024-03-24T20:39:08.909+0800][2742.932s] GC(1036) Survivor regions: 2->2(39)
[2024-03-24T20:39:08.909+0800][2742.932s] GC(1036) Old regions: 59->59
[2024-03-24T20:39:08.909+0800][2742.932s] GC(1036) Humongous regions: 4->4
[2024-03-24T20:39:08.909+0800][2742.932s] GC(1036) Metaspace: 65925K(66688K)->65925K(66688K) NonClass: 58528K(58944K)->58528K(58944K) Class: 7397K(7744K)->7397K(7744K)
[2024-03-24T20:39:08.910+0800][2742.932s] GC(1036) Pause Young (Normal) (G1 Evacuation Pause) 368M->63M(512M) 3.417ms
[2024-03-24T20:39:08.910+0800][2742.933s] GC(1036) User=0.00s Sys=0.00s Real=0.01s
[2024-03-24T20:39:10.592+0800][2744.619s] GC(1037) Pause Young (Normal) (G1 Evacuation Pause)
[2024-03-24T20:39:10.592+0800][2744.619s] GC(1037) Using 8 workers of 8 for evacuation
[2024-03-24T20:39:10.598+0800][2744.622s] GC(1037)   Pre Evacuate Collection Set: 0.2ms
[2024-03-24T20:39:10.598+0800][2744.622s] GC(1037)   Merge Heap Roots: 0.1ms
[2024-03-24T20:39:10.598+0800][2744.622s] GC(1037)   Evacuate Collection Set: 1.6ms
[2024-03-24T20:39:10.598+0800][2744.622s] GC(1037)   Post Evacuate Collection Set: 0.7ms
[2024-03-24T20:39:10.598+0800][2744.622s] GC(1037)   Other: 0.1ms
[2024-03-24T20:39:10.598+0800][2744.622s] GC(1037) Eden regions: 305->0(305)
[2024-03-24T20:39:10.598+0800][2744.622s] GC(1037) Survivor regions: 2->2(39)
[2024-03-24T20:39:10.598+0800][2744.622s] GC(1037) Old regions: 59->59
[2024-03-24T20:39:10.598+0800][2744.622s] GC(1037) Humongous regions: 4->4
[2024-03-24T20:39:10.598+0800][2744.622s] GC(1037) Metaspace: 65925K(66688K)->65925K(66688K) NonClass: 58528K(58944K)->58528K(58944K) Class: 7397K(7744K)->7397K(7744K)
[2024-03-24T20:39:10.598+0800][2744.622s] GC(1037) Pause Young (Normal) (G1 Evacuation Pause) 368M->63M(512M) 3.141ms
[2024-03-24T20:39:10.598+0800][2744.622s] GC(1037) User=0.00s Sys=0.00s Real=0.01s
[2024-03-24T20:39:12.345+0800][2746.372s] GC(1038) Pause Young (Normal) (G1 Evacuation Pause)
[2024-03-24T20:39:12.345+0800][2746.372s] GC(1038) Using 8 workers of 8 for evacuation
[2024-03-24T20:39:12.345+0800][2746.375s] GC(1038)   Pre Evacuate Collection Set: 0.4ms
[2024-03-24T20:39:12.345+0800][2746.375s] GC(1038)   Merge Heap Roots: 0.1ms
[2024-03-24T20:39:12.345+0800][2746.375s] GC(1038)   Evacuate Collection Set: 1.5ms
[2024-03-24T20:39:12.345+0800][2746.375s] GC(1038)   Post Evacuate Collection Set: 0.8ms
[2024-03-24T20:39:12.345+0800][2746.375s] GC(1038)   Other: 0.1ms
[2024-03-24T20:39:12.345+0800][2746.375s] GC(1038) Eden regions: 305->0(305)
[2024-03-24T20:39:12.345+0800][2746.375s] GC(1038) Survivor regions: 2->2(39)
[2024-03-24T20:39:12.345+0800][2746.375s] GC(1038) Old regions: 59->59
[2024-03-24T20:39:12.345+0800][2746.375s] GC(1038) Humongous regions: 4->4
[2024-03-24T20:39:12.345+0800][2746.375s] GC(1038) Metaspace: 65925K(66688K)->65925K(66688K) NonClass: 58528K(58944K)->58528K(58944K) Class: 7397K(7744K)->7397K(7744K)
[2024-03-24T20:39:12.345+0800][2746.375s] GC(1038) Pause Young (Normal) (G1 Evacuation Pause) 368M->63M(512M) 3.421ms
[2024-03-24T20:39:12.345+0800][2746.375s] GC(1038) User=0.00s Sys=0.00s Real=0.00s
[2024-03-24T20:39:14.175+0800][2748.212s] GC(1039) Pause Young (Normal) (G1 Evacuation Pause)
[2024-03-24T20:39:14.175+0800][2748.212s] GC(1039) Using 8 workers of 8 for evacuation
[2024-03-24T20:39:14.190+0800][2748.216s] GC(1039)   Pre Evacuate Collection Set: 0.3ms
[2024-03-24T20:39:14.190+0800][2748.216s] GC(1039)   Merge Heap Roots: 0.5ms
[2024-03-24T20:39:14.190+0800][2748.216s] GC(1039)   Evacuate Collection Set: 1.7ms
[2024-03-24T20:39:14.190+0800][2748.216s] GC(1039)   Post Evacuate Collection Set: 0.7ms
[2024-03-24T20:39:14.190+0800][2748.216s] GC(1039)   Other: 0.1ms
[2024-03-24T20:39:14.190+0800][2748.216s] GC(1039) Eden regions: 305->0(305)
[2024-03-24T20:39:14.190+0800][2748.216s] GC(1039) Survivor regions: 2->2(39)
[2024-03-24T20:39:14.190+0800][2748.216s] GC(1039) Old regions: 59->59
[2024-03-24T20:39:14.190+0800][2748.216s] GC(1039) Humongous regions: 4->4
[2024-03-24T20:39:14.190+0800][2748.216s] GC(1039) Metaspace: 65925K(66688K)->65925K(66688K) NonClass: 58528K(58944K)->58528K(58944K) Class: 7397K(7744K)->7397K(7744K)
[2024-03-24T20:39:14.190+0800][2748.216s] GC(1039) Pause Young (Normal) (G1 Evacuation Pause) 368M->63M(512M) 3.664ms
[2024-03-24T20:39:14.190+0800][2748.216s] GC(1039) User=0.00s Sys=0.00s Real=0.02s
[2024-03-24T20:39:15.904+0800][2749.938s] GC(1040) Pause Young (Normal) (G1 Evacuation Pause)
[2024-03-24T20:39:15.904+0800][2749.938s] GC(1040) Using 8 workers of 8 for evacuation
[2024-03-24T20:39:15.918+0800][2749.941s] GC(1040)   Pre Evacuate Collection Set: 0.3ms
[2024-03-24T20:39:15.918+0800][2749.941s] GC(1040)   Merge Heap Roots: 0.1ms
[2024-03-24T20:39:15.918+0800][2749.941s] GC(1040)   Evacuate Collection Set: 1.5ms
[2024-03-24T20:39:15.918+0800][2749.941s] GC(1040)   Post Evacuate Collection Set: 0.8ms
[2024-03-24T20:39:15.918+0800][2749.941s] GC(1040)   Other: 0.1ms
[2024-03-24T20:39:15.918+0800][2749.941s] GC(1040) Eden regions: 305->0(305)
[2024-03-24T20:39:15.918+0800][2749.941s] GC(1040) Survivor regions: 2->2(39)
[2024-03-24T20:39:15.918+0800][2749.941s] GC(1040) Old regions: 59->59
[2024-03-24T20:39:15.918+0800][2749.941s] GC(1040) Humongous regions: 4->4
[2024-03-24T20:39:15.918+0800][2749.941s] GC(1040) Metaspace: 65925K(66688K)->65925K(66688K) NonClass: 58528K(58944K)->58528K(58944K) Class: 7397K(7744K)->7397K(7744K)
[2024-03-24T20:39:15.918+0800][2749.941s] GC(1040) Pause Young (Normal) (G1 Evacuation Pause) 368M->63M(512M) 3.186ms
[2024-03-24T20:39:15.918+0800][2749.941s] GC(1040) User=0.00s Sys=0.00s Real=0.01s
[2024-03-24T20:39:17.742+0800][2751.768s] GC(1041) Pause Young (Normal) (G1 Evacuation Pause)
[2024-03-24T20:39:17.742+0800][2751.769s] GC(1041) Using 8 workers of 8 for evacuation
[2024-03-24T20:39:17.749+0800][2751.772s] GC(1041)   Pre Evacuate Collection Set: 0.2ms
[2024-03-24T20:39:17.749+0800][2751.773s] GC(1041)   Merge Heap Roots: 0.1ms
[2024-03-24T20:39:17.749+0800][2751.773s] GC(1041)   Evacuate Collection Set: 1.9ms
[2024-03-24T20:39:17.749+0800][2751.773s] GC(1041)   Post Evacuate Collection Set: 1.4ms
[2024-03-24T20:39:17.749+0800][2751.773s] GC(1041)   Other: 0.1ms
[2024-03-24T20:39:17.749+0800][2751.773s] GC(1041) Eden regions: 305->0(305)
[2024-03-24T20:39:17.749+0800][2751.773s] GC(1041) Survivor regions: 2->2(39)
[2024-03-24T20:39:17.749+0800][2751.773s] GC(1041) Old regions: 59->59
[2024-03-24T20:39:17.749+0800][2751.773s] GC(1041) Humongous regions: 4->4
[2024-03-24T20:39:17.749+0800][2751.773s] GC(1041) Metaspace: 65925K(66688K)->65925K(66688K) NonClass: 58528K(58944K)->58528K(58944K) Class: 7397K(7744K)->7397K(7744K)
[2024-03-24T20:39:17.749+0800][2751.773s] GC(1041) Pause Young (Normal) (G1 Evacuation Pause) 368M->63M(512M) 4.316ms
[2024-03-24T20:39:17.749+0800][2751.773s] GC(1041) User=0.02s Sys=0.00s Real=0.01s
[2024-03-24T20:39:19.400+0800][2753.424s] GC(1042) Pause Young (Normal) (G1 Evacuation Pause)
[2024-03-24T20:39:19.400+0800][2753.424s] GC(1042) Using 8 workers of 8 for evacuation
[2024-03-24T20:39:19.404+0800][2753.427s] GC(1042)   Pre Evacuate Collection Set: 0.2ms
[2024-03-24T20:39:19.404+0800][2753.427s] GC(1042)   Merge Heap Roots: 0.1ms
[2024-03-24T20:39:19.404+0800][2753.427s] GC(1042)   Evacuate Collection Set: 2.1ms
[2024-03-24T20:39:19.404+0800][2753.427s] GC(1042)   Post Evacuate Collection Set: 0.7ms
[2024-03-24T20:39:19.404+0800][2753.427s] GC(1042)   Other: 0.1ms
[2024-03-24T20:39:19.404+0800][2753.427s] GC(1042) Eden regions: 305->0(305)
[2024-03-24T20:39:19.404+0800][2753.427s] GC(1042) Survivor regions: 2->2(39)
[2024-03-24T20:39:19.404+0800][2753.427s] GC(1042) Old regions: 59->59
[2024-03-24T20:39:19.404+0800][2753.427s] GC(1042) Humongous regions: 4->4
[2024-03-24T20:39:19.404+0800][2753.427s] GC(1042) Metaspace: 65925K(66688K)->65925K(66688K) NonClass: 58528K(58944K)->58528K(58944K) Class: 7397K(7744K)->7397K(7744K)
[2024-03-24T20:39:19.404+0800][2753.427s] GC(1042) Pause Young (Normal) (G1 Evacuation Pause) 368M->63M(512M) 3.584ms
[2024-03-24T20:39:19.404+0800][2753.428s] GC(1042) User=0.03s Sys=0.00s Real=0.00s
[2024-03-24T20:39:21.190+0800][2755.218s] GC(1043) Pause Young (Normal) (G1 Evacuation Pause)
[2024-03-24T20:39:21.190+0800][2755.218s] GC(1043) Using 8 workers of 8 for evacuation
[2024-03-24T20:39:21.190+0800][2755.222s] GC(1043)   Pre Evacuate Collection Set: 0.4ms
[2024-03-24T20:39:21.190+0800][2755.222s] GC(1043)   Merge Heap Roots: 0.1ms
[2024-03-24T20:39:21.190+0800][2755.222s] GC(1043)   Evacuate Collection Set: 1.9ms
[2024-03-24T20:39:21.190+0800][2755.222s] GC(1043)   Post Evacuate Collection Set: 1.0ms
[2024-03-24T20:39:21.190+0800][2755.222s] GC(1043)   Other: 0.1ms
[2024-03-24T20:39:21.190+0800][2755.222s] GC(1043) Eden regions: 305->0(305)
[2024-03-24T20:39:21.190+0800][2755.222s] GC(1043) Survivor regions: 2->2(39)
[2024-03-24T20:39:21.190+0800][2755.222s] GC(1043) Old regions: 59->59
[2024-03-24T20:39:21.190+0800][2755.222s] GC(1043) Humongous regions: 4->4
[2024-03-24T20:39:21.190+0800][2755.222s] GC(1043) Metaspace: 65925K(66688K)->65925K(66688K) NonClass: 58528K(58944K)->58528K(58944K) Class: 7397K(7744K)->7397K(7744K)
[2024-03-24T20:39:21.190+0800][2755.222s] GC(1043) Pause Young (Normal) (G1 Evacuation Pause) 368M->63M(512M) 3.993ms
[2024-03-24T20:39:21.190+0800][2755.222s] GC(1043) User=0.02s Sys=0.00s Real=0.00s
[2024-03-24T20:39:22.756+0800][2756.779s] GC(1044) Pause Young (Normal) (G1 Evacuation Pause)
[2024-03-24T20:39:22.756+0800][2756.779s] GC(1044) Using 8 workers of 8 for evacuation
[2024-03-24T20:39:22.758+0800][2756.781s] GC(1044)   Pre Evacuate Collection Set: 0.1ms
[2024-03-24T20:39:22.758+0800][2756.781s] GC(1044)   Merge Heap Roots: 0.1ms
[2024-03-24T20:39:22.758+0800][2756.781s] GC(1044)   Evacuate Collection Set: 1.3ms
[2024-03-24T20:39:22.758+0800][2756.781s] GC(1044)   Post Evacuate Collection Set: 0.4ms
[2024-03-24T20:39:22.758+0800][2756.781s] GC(1044)   Other: 0.1ms
[2024-03-24T20:39:22.758+0800][2756.781s] GC(1044) Eden regions: 305->0(305)
[2024-03-24T20:39:22.758+0800][2756.781s] GC(1044) Survivor regions: 2->2(39)
[2024-03-24T20:39:22.758+0800][2756.781s] GC(1044) Old regions: 59->59
[2024-03-24T20:39:22.758+0800][2756.781s] GC(1044) Humongous regions: 4->4
[2024-03-24T20:39:22.758+0800][2756.781s] GC(1044) Metaspace: 65925K(66688K)->65925K(66688K) NonClass: 58528K(58944K)->58528K(58944K) Class: 7397K(7744K)->7397K(7744K)
[2024-03-24T20:39:22.758+0800][2756.781s] GC(1044) Pause Young (Normal) (G1 Evacuation Pause) 368M->63M(512M) 2.136ms
[2024-03-24T20:39:22.758+0800][2756.781s] GC(1044) User=0.00s Sys=0.00s Real=0.00s
[2024-03-24T20:39:24.491+0800][2758.522s] GC(1045) Pause Young (Normal) (G1 Evacuation Pause)
[2024-03-24T20:39:24.491+0800][2758.522s] GC(1045) Using 8 workers of 8 for evacuation
[2024-03-24T20:39:24.504+0800][2758.527s] GC(1045)   Pre Evacuate Collection Set: 0.3ms
[2024-03-24T20:39:24.504+0800][2758.527s] GC(1045)   Merge Heap Roots: 0.2ms
[2024-03-24T20:39:24.504+0800][2758.527s] GC(1045)   Evacuate Collection Set: 3.0ms
[2024-03-24T20:39:24.504+0800][2758.527s] GC(1045)   Post Evacuate Collection Set: 0.9ms
[2024-03-24T20:39:24.504+0800][2758.527s] GC(1045)   Other: 0.3ms
[2024-03-24T20:39:24.504+0800][2758.527s] GC(1045) Eden regions: 305->0(305)
[2024-03-24T20:39:24.504+0800][2758.527s] GC(1045) Survivor regions: 2->2(39)
[2024-03-24T20:39:24.504+0800][2758.527s] GC(1045) Old regions: 59->59
[2024-03-24T20:39:24.504+0800][2758.527s] GC(1045) Humongous regions: 4->4
[2024-03-24T20:39:24.504+0800][2758.527s] GC(1045) Metaspace: 65925K(66688K)->65925K(66688K) NonClass: 58528K(58944K)->58528K(58944K) Class: 7397K(7744K)->7397K(7744K)
[2024-03-24T20:39:24.504+0800][2758.527s] GC(1045) Pause Young (Normal) (G1 Evacuation Pause) 368M->63M(512M) 5.153ms
[2024-03-24T20:39:24.504+0800][2758.527s] GC(1045) User=0.02s Sys=0.00s Real=0.01s
[2024-03-24T20:39:26.237+0800][2760.265s] GC(1046) Pause Young (Normal) (G1 Evacuation Pause)
[2024-03-24T20:39:26.237+0800][2760.265s] GC(1046) Using 8 workers of 8 for evacuation
[2024-03-24T20:39:26.237+0800][2760.267s] GC(1046)   Pre Evacuate Collection Set: 0.1ms
[2024-03-24T20:39:26.237+0800][2760.267s] GC(1046)   Merge Heap Roots: 0.1ms
[2024-03-24T20:39:26.237+0800][2760.267s] GC(1046)   Evacuate Collection Set: 1.4ms
[2024-03-24T20:39:26.237+0800][2760.267s] GC(1046)   Post Evacuate Collection Set: 0.4ms
[2024-03-24T20:39:26.237+0800][2760.267s] GC(1046)   Other: 0.1ms
[2024-03-24T20:39:26.237+0800][2760.267s] GC(1046) Eden regions: 305->0(305)
[2024-03-24T20:39:26.237+0800][2760.267s] GC(1046) Survivor regions: 2->2(39)
[2024-03-24T20:39:26.237+0800][2760.267s] GC(1046) Old regions: 59->59
[2024-03-24T20:39:26.237+0800][2760.267s] GC(1046) Humongous regions: 4->4
[2024-03-24T20:39:26.237+0800][2760.267s] GC(1046) Metaspace: 65925K(66688K)->65925K(66688K) NonClass: 58528K(58944K)->58528K(58944K) Class: 7397K(7744K)->7397K(7744K)
[2024-03-24T20:39:26.237+0800][2760.267s] GC(1046) Pause Young (Normal) (G1 Evacuation Pause) 368M->63M(512M) 2.325ms
[2024-03-24T20:39:26.237+0800][2760.267s] GC(1046) User=0.00s Sys=0.00s Real=0.00s
[2024-03-24T20:39:27.875+0800][2761.901s] GC(1047) Pause Young (Normal) (G1 Evacuation Pause)
[2024-03-24T20:39:27.875+0800][2761.901s] GC(1047) Using 8 workers of 8 for evacuation
[2024-03-24T20:39:27.880+0800][2761.904s] GC(1047)   Pre Evacuate Collection Set: 0.2ms
[2024-03-24T20:39:27.880+0800][2761.904s] GC(1047)   Merge Heap Roots: 0.1ms
[2024-03-24T20:39:27.880+0800][2761.904s] GC(1047)   Evacuate Collection Set: 1.9ms
[2024-03-24T20:39:27.880+0800][2761.904s] GC(1047)   Post Evacuate Collection Set: 0.6ms
[2024-03-24T20:39:27.880+0800][2761.905s] GC(1047)   Other: 0.1ms
[2024-03-24T20:39:27.880+0800][2761.905s] GC(1047) Eden regions: 305->0(305)
[2024-03-24T20:39:27.880+0800][2761.905s] GC(1047) Survivor regions: 2->2(39)
[2024-03-24T20:39:27.880+0800][2761.905s] GC(1047) Old regions: 59->59
[2024-03-24T20:39:27.880+0800][2761.905s] GC(1047) Humongous regions: 4->4
[2024-03-24T20:39:27.880+0800][2761.905s] GC(1047) Metaspace: 65925K(66688K)->65925K(66688K) NonClass: 58528K(58944K)->58528K(58944K) Class: 7397K(7744K)->7397K(7744K)
[2024-03-24T20:39:27.880+0800][2761.905s] GC(1047) Pause Young (Normal) (G1 Evacuation Pause) 368M->64M(512M) 3.304ms
[2024-03-24T20:39:27.880+0800][2761.905s] GC(1047) User=0.00s Sys=0.00s Real=0.01s
[2024-03-24T20:39:29.583+0800][2763.606s] GC(1048) Pause Young (Normal) (G1 Evacuation Pause)
[2024-03-24T20:39:29.583+0800][2763.606s] GC(1048) Using 8 workers of 8 for evacuation
[2024-03-24T20:39:29.585+0800][2763.609s] GC(1048)   Pre Evacuate Collection Set: 0.4ms
[2024-03-24T20:39:29.585+0800][2763.609s] GC(1048)   Merge Heap Roots: 0.1ms
[2024-03-24T20:39:29.585+0800][2763.609s] GC(1048)   Evacuate Collection Set: 1.6ms
[2024-03-24T20:39:29.585+0800][2763.609s] GC(1048)   Post Evacuate Collection Set: 0.8ms
[2024-03-24T20:39:29.585+0800][2763.609s] GC(1048)   Other: 0.1ms
[2024-03-24T20:39:29.585+0800][2763.609s] GC(1048) Eden regions: 305->0(305)
[2024-03-24T20:39:29.585+0800][2763.609s] GC(1048) Survivor regions: 2->2(39)
[2024-03-24T20:39:29.585+0800][2763.609s] GC(1048) Old regions: 59->59
[2024-03-24T20:39:29.585+0800][2763.609s] GC(1048) Humongous regions: 4->4
[2024-03-24T20:39:29.585+0800][2763.609s] GC(1048) Metaspace: 65925K(66688K)->65925K(66688K) NonClass: 58528K(58944K)->58528K(58944K) Class: 7397K(7744K)->7397K(7744K)
[2024-03-24T20:39:29.585+0800][2763.610s] GC(1048) Pause Young (Normal) (G1 Evacuation Pause) 369M->64M(512M) 3.388ms
[2024-03-24T20:39:29.585+0800][2763.610s] GC(1048) User=0.00s Sys=0.00s Real=0.00s
[2024-03-24T20:39:31.281+0800][2765.304s] GC(1049) Pause Young (Normal) (G1 Evacuation Pause)
[2024-03-24T20:39:31.281+0800][2765.304s] GC(1049) Using 8 workers of 8 for evacuation
[2024-03-24T20:39:31.285+0800][2765.308s] GC(1049)   Pre Evacuate Collection Set: 0.3ms
[2024-03-24T20:39:31.285+0800][2765.308s] GC(1049)   Merge Heap Roots: 0.1ms
[2024-03-24T20:39:31.285+0800][2765.308s] GC(1049)   Evacuate Collection Set: 2.2ms
[2024-03-24T20:39:31.285+0800][2765.308s] GC(1049)   Post Evacuate Collection Set: 0.6ms
[2024-03-24T20:39:31.285+0800][2765.308s] GC(1049)   Other: 0.2ms
[2024-03-24T20:39:31.285+0800][2765.308s] GC(1049) Eden regions: 305->0(305)
[2024-03-24T20:39:31.285+0800][2765.308s] GC(1049) Survivor regions: 2->2(39)
[2024-03-24T20:39:31.285+0800][2765.308s] GC(1049) Old regions: 59->59
[2024-03-24T20:39:31.285+0800][2765.308s] GC(1049) Humongous regions: 4->4
[2024-03-24T20:39:31.285+0800][2765.308s] GC(1049) Metaspace: 65925K(66688K)->65925K(66688K) NonClass: 58528K(58944K)->58528K(58944K) Class: 7397K(7744K)->7397K(7744K)
[2024-03-24T20:39:31.285+0800][2765.308s] GC(1049) Pause Young (Normal) (G1 Evacuation Pause) 369M->63M(512M) 3.792ms
[2024-03-24T20:39:31.285+0800][2765.308s] GC(1049) User=0.00s Sys=0.00s Real=0.00s
[2024-03-24T20:39:33.116+0800][2767.142s] GC(1050) Pause Young (Normal) (G1 Evacuation Pause)
[2024-03-24T20:39:33.116+0800][2767.142s] GC(1050) Using 8 workers of 8 for evacuation
[2024-03-24T20:39:33.122+0800][2767.145s] GC(1050)   Pre Evacuate Collection Set: 0.4ms
[2024-03-24T20:39:33.122+0800][2767.145s] GC(1050)   Merge Heap Roots: 0.2ms
[2024-03-24T20:39:33.122+0800][2767.145s] GC(1050)   Evacuate Collection Set: 1.3ms
[2024-03-24T20:39:33.122+0800][2767.145s] GC(1050)   Post Evacuate Collection Set: 0.7ms
[2024-03-24T20:39:33.122+0800][2767.145s] GC(1050)   Other: 0.2ms
[2024-03-24T20:39:33.122+0800][2767.145s] GC(1050) Eden regions: 305->0(305)
[2024-03-24T20:39:33.122+0800][2767.145s] GC(1050) Survivor regions: 2->2(39)
[2024-03-24T20:39:33.122+0800][2767.145s] GC(1050) Old regions: 59->59
[2024-03-24T20:39:33.122+0800][2767.145s] GC(1050) Humongous regions: 4->4
[2024-03-24T20:39:33.122+0800][2767.145s] GC(1050) Metaspace: 65925K(66688K)->65925K(66688K) NonClass: 58528K(58944K)->58528K(58944K) Class: 7397K(7744K)->7397K(7744K)
[2024-03-24T20:39:33.122+0800][2767.145s] GC(1050) Pause Young (Normal) (G1 Evacuation Pause) 368M->64M(512M) 3.112ms
[2024-03-24T20:39:33.122+0800][2767.145s] GC(1050) User=0.03s Sys=0.00s Real=0.01s
[2024-03-24T20:39:34.748+0800][2768.772s] GC(1051) Pause Young (Normal) (G1 Evacuation Pause)
[2024-03-24T20:39:34.749+0800][2768.772s] GC(1051) Using 8 workers of 8 for evacuation
[2024-03-24T20:39:34.752+0800][2768.776s] GC(1051)   Pre Evacuate Collection Set: 0.3ms
[2024-03-24T20:39:34.752+0800][2768.776s] GC(1051)   Merge Heap Roots: 0.1ms
[2024-03-24T20:39:34.752+0800][2768.776s] GC(1051)   Evacuate Collection Set: 2.2ms
[2024-03-24T20:39:34.752+0800][2768.776s] GC(1051)   Post Evacuate Collection Set: 1.0ms
[2024-03-24T20:39:34.752+0800][2768.776s] GC(1051)   Other: 0.1ms
[2024-03-24T20:39:34.753+0800][2768.776s] GC(1051) Eden regions: 305->0(305)
[2024-03-24T20:39:34.753+0800][2768.776s] GC(1051) Survivor regions: 2->2(39)
[2024-03-24T20:39:34.753+0800][2768.776s] GC(1051) Old regions: 59->59
[2024-03-24T20:39:34.753+0800][2768.776s] GC(1051) Humongous regions: 4->4
[2024-03-24T20:39:34.753+0800][2768.776s] GC(1051) Metaspace: 65925K(66688K)->65925K(66688K) NonClass: 58528K(58944K)->58528K(58944K) Class: 7397K(7744K)->7397K(7744K)
[2024-03-24T20:39:34.753+0800][2768.776s] GC(1051) Pause Young (Normal) (G1 Evacuation Pause) 369M->64M(512M) 4.383ms
[2024-03-24T20:39:34.753+0800][2768.776s] GC(1051) User=0.00s Sys=0.00s Real=0.01s
[2024-03-24T20:39:36.419+0800][2770.442s] GC(1052) Pause Young (Normal) (G1 Evacuation Pause)
[2024-03-24T20:39:36.419+0800][2770.442s] GC(1052) Using 8 workers of 8 for evacuation
[2024-03-24T20:39:36.421+0800][2770.444s] GC(1052)   Pre Evacuate Collection Set: 0.1ms
[2024-03-24T20:39:36.421+0800][2770.444s] GC(1052)   Merge Heap Roots: 0.0ms
[2024-03-24T20:39:36.421+0800][2770.444s] GC(1052)   Evacuate Collection Set: 1.2ms
[2024-03-24T20:39:36.421+0800][2770.444s] GC(1052)   Post Evacuate Collection Set: 0.4ms
[2024-03-24T20:39:36.421+0800][2770.444s] GC(1052)   Other: 0.1ms
[2024-03-24T20:39:36.421+0800][2770.444s] GC(1052) Eden regions: 305->0(305)
[2024-03-24T20:39:36.421+0800][2770.444s] GC(1052) Survivor regions: 2->2(39)
[2024-03-24T20:39:36.421+0800][2770.444s] GC(1052) Old regions: 59->59
[2024-03-24T20:39:36.421+0800][2770.444s] GC(1052) Humongous regions: 4->4
[2024-03-24T20:39:36.421+0800][2770.444s] GC(1052) Metaspace: 65925K(66688K)->65925K(66688K) NonClass: 58528K(58944K)->58528K(58944K) Class: 7397K(7744K)->7397K(7744K)
[2024-03-24T20:39:36.421+0800][2770.444s] GC(1052) Pause Young (Normal) (G1 Evacuation Pause) 369M->64M(512M) 2.161ms
[2024-03-24T20:39:36.421+0800][2770.444s] GC(1052) User=0.00s Sys=0.00s Real=0.00s
[2024-03-24T20:39:38.164+0800][2772.193s] GC(1053) Pause Young (Normal) (G1 Evacuation Pause)
[2024-03-24T20:39:38.164+0800][2772.193s] GC(1053) Using 8 workers of 8 for evacuation
[2024-03-24T20:39:38.173+0800][2772.196s] GC(1053)   Pre Evacuate Collection Set: 0.4ms
[2024-03-24T20:39:38.173+0800][2772.196s] GC(1053)   Merge Heap Roots: 0.2ms
[2024-03-24T20:39:38.173+0800][2772.196s] GC(1053)   Evacuate Collection Set: 1.4ms
[2024-03-24T20:39:38.173+0800][2772.196s] GC(1053)   Post Evacuate Collection Set: 0.8ms
[2024-03-24T20:39:38.173+0800][2772.196s] GC(1053)   Other: 0.1ms
[2024-03-24T20:39:38.173+0800][2772.196s] GC(1053) Eden regions: 305->0(305)
[2024-03-24T20:39:38.173+0800][2772.196s] GC(1053) Survivor regions: 2->2(39)
[2024-03-24T20:39:38.173+0800][2772.196s] GC(1053) Old regions: 59->59
[2024-03-24T20:39:38.173+0800][2772.196s] GC(1053) Humongous regions: 4->4
[2024-03-24T20:39:38.173+0800][2772.196s] GC(1053) Metaspace: 65925K(66688K)->65925K(66688K) NonClass: 58528K(58944K)->58528K(58944K) Class: 7397K(7744K)->7397K(7744K)
[2024-03-24T20:39:38.173+0800][2772.196s] GC(1053) Pause Young (Normal) (G1 Evacuation Pause) 369M->63M(512M) 3.478ms
[2024-03-24T20:39:38.173+0800][2772.197s] GC(1053) User=0.02s Sys=0.00s Real=0.01s
[2024-03-24T20:39:39.973+0800][2774.000s] GC(1054) Pause Young (Normal) (G1 Evacuation Pause)
[2024-03-24T20:39:39.973+0800][2774.000s] GC(1054) Using 8 workers of 8 for evacuation
[2024-03-24T20:39:39.980+0800][2774.003s] GC(1054)   Pre Evacuate Collection Set: 0.3ms
[2024-03-24T20:39:39.980+0800][2774.003s] GC(1054)   Merge Heap Roots: 0.1ms
[2024-03-24T20:39:39.980+0800][2774.003s] GC(1054)   Evacuate Collection Set: 1.5ms
[2024-03-24T20:39:39.980+0800][2774.003s] GC(1054)   Post Evacuate Collection Set: 0.7ms
[2024-03-24T20:39:39.980+0800][2774.003s] GC(1054)   Other: 0.1ms
[2024-03-24T20:39:39.980+0800][2774.003s] GC(1054) Eden regions: 305->0(305)
[2024-03-24T20:39:39.980+0800][2774.003s] GC(1054) Survivor regions: 2->2(39)
[2024-03-24T20:39:39.980+0800][2774.003s] GC(1054) Old regions: 59->59
[2024-03-24T20:39:39.980+0800][2774.003s] GC(1054) Humongous regions: 4->4
[2024-03-24T20:39:39.980+0800][2774.003s] GC(1054) Metaspace: 65925K(66688K)->65925K(66688K) NonClass: 58528K(58944K)->58528K(58944K) Class: 7397K(7744K)->7397K(7744K)
[2024-03-24T20:39:39.980+0800][2774.003s] GC(1054) Pause Young (Normal) (G1 Evacuation Pause) 368M->63M(512M) 3.270ms
[2024-03-24T20:39:39.980+0800][2774.003s] GC(1054) User=0.00s Sys=0.00s Real=0.01s
[2024-03-24T20:39:41.706+0800][2775.734s] GC(1055) Pause Young (Normal) (G1 Evacuation Pause)
[2024-03-24T20:39:41.706+0800][2775.734s] GC(1055) Using 8 workers of 8 for evacuation
[2024-03-24T20:39:41.714+0800][2775.737s] GC(1055)   Pre Evacuate Collection Set: 0.3ms
[2024-03-24T20:39:41.714+0800][2775.737s] GC(1055)   Merge Heap Roots: 0.2ms
[2024-03-24T20:39:41.714+0800][2775.737s] GC(1055)   Evacuate Collection Set: 1.8ms
[2024-03-24T20:39:41.714+0800][2775.737s] GC(1055)   Post Evacuate Collection Set: 0.5ms
[2024-03-24T20:39:41.714+0800][2775.737s] GC(1055)   Other: 0.2ms
[2024-03-24T20:39:41.714+0800][2775.737s] GC(1055) Eden regions: 305->0(305)
[2024-03-24T20:39:41.714+0800][2775.737s] GC(1055) Survivor regions: 2->2(39)
[2024-03-24T20:39:41.714+0800][2775.737s] GC(1055) Old regions: 59->59
[2024-03-24T20:39:41.714+0800][2775.737s] GC(1055) Humongous regions: 4->4
[2024-03-24T20:39:41.714+0800][2775.737s] GC(1055) Metaspace: 65925K(66688K)->65925K(66688K) NonClass: 58528K(58944K)->58528K(58944K) Class: 7397K(7744K)->7397K(7744K)
[2024-03-24T20:39:41.715+0800][2775.737s] GC(1055) Pause Young (Normal) (G1 Evacuation Pause) 368M->64M(512M) 3.317ms
[2024-03-24T20:39:41.715+0800][2775.737s] GC(1055) User=0.00s Sys=0.00s Real=0.01s
[2024-03-24T20:39:43.412+0800][2777.436s] GC(1056) Pause Young (Normal) (G1 Evacuation Pause)
[2024-03-24T20:39:43.412+0800][2777.436s] GC(1056) Using 8 workers of 8 for evacuation
[2024-03-24T20:39:43.416+0800][2777.439s] GC(1056)   Pre Evacuate Collection Set: 0.3ms
[2024-03-24T20:39:43.416+0800][2777.439s] GC(1056)   Merge Heap Roots: 0.1ms
[2024-03-24T20:39:43.416+0800][2777.439s] GC(1056)   Evacuate Collection Set: 1.8ms
[2024-03-24T20:39:43.416+0800][2777.439s] GC(1056)   Post Evacuate Collection Set: 0.9ms
[2024-03-24T20:39:43.416+0800][2777.439s] GC(1056)   Other: 0.1ms
[2024-03-24T20:39:43.416+0800][2777.439s] GC(1056) Eden regions: 305->0(305)
[2024-03-24T20:39:43.416+0800][2777.439s] GC(1056) Survivor regions: 2->2(39)
[2024-03-24T20:39:43.416+0800][2777.439s] GC(1056) Old regions: 59->59
[2024-03-24T20:39:43.416+0800][2777.439s] GC(1056) Humongous regions: 4->4
[2024-03-24T20:39:43.416+0800][2777.439s] GC(1056) Metaspace: 65925K(66688K)->65925K(66688K) NonClass: 58528K(58944K)->58528K(58944K) Class: 7397K(7744K)->7397K(7744K)
[2024-03-24T20:39:43.416+0800][2777.439s] GC(1056) Pause Young (Normal) (G1 Evacuation Pause) 369M->64M(512M) 3.783ms
[2024-03-24T20:39:43.416+0800][2777.439s] GC(1056) User=0.00s Sys=0.00s Real=0.00s
[2024-03-24T20:39:45.233+0800][2779.257s] GC(1057) Pause Young (Normal) (G1 Evacuation Pause)
[2024-03-24T20:39:45.233+0800][2779.257s] GC(1057) Using 8 workers of 8 for evacuation
[2024-03-24T20:39:45.233+0800][2779.261s] GC(1057)   Pre Evacuate Collection Set: 0.3ms
[2024-03-24T20:39:45.233+0800][2779.261s] GC(1057)   Merge Heap Roots: 0.1ms
[2024-03-24T20:39:45.233+0800][2779.261s] GC(1057)   Evacuate Collection Set: 2.1ms
[2024-03-24T20:39:45.233+0800][2779.261s] GC(1057)   Post Evacuate Collection Set: 0.6ms
[2024-03-24T20:39:45.233+0800][2779.261s] GC(1057)   Other: 0.1ms
[2024-03-24T20:39:45.233+0800][2779.261s] GC(1057) Eden regions: 305->0(305)
[2024-03-24T20:39:45.233+0800][2779.261s] GC(1057) Survivor regions: 2->2(39)
[2024-03-24T20:39:45.233+0800][2779.261s] GC(1057) Old regions: 59->59
[2024-03-24T20:39:45.233+0800][2779.261s] GC(1057) Humongous regions: 4->4
[2024-03-24T20:39:45.233+0800][2779.261s] GC(1057) Metaspace: 65925K(66688K)->65925K(66688K) NonClass: 58528K(58944K)->58528K(58944K) Class: 7397K(7744K)->7397K(7744K)
[2024-03-24T20:39:45.233+0800][2779.261s] GC(1057) Pause Young (Normal) (G1 Evacuation Pause) 369M->64M(512M) 3.549ms
[2024-03-24T20:39:45.233+0800][2779.261s] GC(1057) User=0.00s Sys=0.00s Real=0.00s
[2024-03-24T20:39:46.812+0800][2780.841s] GC(1058) Pause Young (Normal) (G1 Evacuation Pause)
[2024-03-24T20:39:46.812+0800][2780.841s] GC(1058) Using 8 workers of 8 for evacuation
[2024-03-24T20:39:46.820+0800][2780.844s] GC(1058)   Pre Evacuate Collection Set: 0.3ms
[2024-03-24T20:39:46.820+0800][2780.844s] GC(1058)   Merge Heap Roots: 0.1ms
[2024-03-24T20:39:46.820+0800][2780.844s] GC(1058)   Evacuate Collection Set: 2.0ms
[2024-03-24T20:39:46.820+0800][2780.844s] GC(1058)   Post Evacuate Collection Set: 0.5ms
[2024-03-24T20:39:46.820+0800][2780.844s] GC(1058)   Other: 0.1ms
[2024-03-24T20:39:46.820+0800][2780.844s] GC(1058) Eden regions: 305->0(305)
[2024-03-24T20:39:46.820+0800][2780.844s] GC(1058) Survivor regions: 2->2(39)
[2024-03-24T20:39:46.820+0800][2780.844s] GC(1058) Old regions: 59->59
[2024-03-24T20:39:46.820+0800][2780.844s] GC(1058) Humongous regions: 4->4
[2024-03-24T20:39:46.820+0800][2780.844s] GC(1058) Metaspace: 65925K(66688K)->65925K(66688K) NonClass: 58528K(58944K)->58528K(58944K) Class: 7397K(7744K)->7397K(7744K)
[2024-03-24T20:39:46.820+0800][2780.844s] GC(1058) Pause Young (Normal) (G1 Evacuation Pause) 369M->64M(512M) 3.249ms
[2024-03-24T20:39:46.820+0800][2780.844s] GC(1058) User=0.00s Sys=0.00s Real=0.01s
[2024-03-24T20:39:48.495+0800][2782.518s] GC(1059) Pause Young (Normal) (G1 Evacuation Pause)
[2024-03-24T20:39:48.495+0800][2782.518s] GC(1059) Using 8 workers of 8 for evacuation
[2024-03-24T20:39:48.497+0800][2782.521s] GC(1059)   Pre Evacuate Collection Set: 0.3ms
[2024-03-24T20:39:48.497+0800][2782.521s] GC(1059)   Merge Heap Roots: 0.1ms
[2024-03-24T20:39:48.497+0800][2782.521s] GC(1059)   Evacuate Collection Set: 1.4ms
[2024-03-24T20:39:48.497+0800][2782.521s] GC(1059)   Post Evacuate Collection Set: 0.6ms
[2024-03-24T20:39:48.497+0800][2782.521s] GC(1059)   Other: 0.1ms
[2024-03-24T20:39:48.497+0800][2782.521s] GC(1059) Eden regions: 305->0(305)
[2024-03-24T20:39:48.497+0800][2782.521s] GC(1059) Survivor regions: 2->2(39)
[2024-03-24T20:39:48.497+0800][2782.521s] GC(1059) Old regions: 59->59
[2024-03-24T20:39:48.497+0800][2782.521s] GC(1059) Humongous regions: 4->4
[2024-03-24T20:39:48.497+0800][2782.521s] GC(1059) Metaspace: 65925K(66688K)->65925K(66688K) NonClass: 58528K(58944K)->58528K(58944K) Class: 7397K(7744K)->7397K(7744K)
[2024-03-24T20:39:48.497+0800][2782.521s] GC(1059) Pause Young (Normal) (G1 Evacuation Pause) 369M->64M(512M) 2.780ms
[2024-03-24T20:39:48.497+0800][2782.521s] GC(1059) User=0.00s Sys=0.00s Real=0.00s
[2024-03-24T20:39:50.243+0800][2784.274s] GC(1060) Pause Young (Normal) (G1 Evacuation Pause)
[2024-03-24T20:39:50.243+0800][2784.275s] GC(1060) Using 8 workers of 8 for evacuation
[2024-03-24T20:39:50.253+0800][2784.277s] GC(1060)   Pre Evacuate Collection Set: 0.2ms
[2024-03-24T20:39:50.253+0800][2784.277s] GC(1060)   Merge Heap Roots: 0.1ms
[2024-03-24T20:39:50.253+0800][2784.277s] GC(1060)   Evacuate Collection Set: 1.7ms
[2024-03-24T20:39:50.253+0800][2784.277s] GC(1060)   Post Evacuate Collection Set: 0.4ms
[2024-03-24T20:39:50.253+0800][2784.277s] GC(1060)   Other: 0.1ms
[2024-03-24T20:39:50.253+0800][2784.277s] GC(1060) Eden regions: 305->0(305)
[2024-03-24T20:39:50.253+0800][2784.277s] GC(1060) Survivor regions: 2->2(39)
[2024-03-24T20:39:50.253+0800][2784.277s] GC(1060) Old regions: 59->59
[2024-03-24T20:39:50.253+0800][2784.277s] GC(1060) Humongous regions: 4->4
[2024-03-24T20:39:50.253+0800][2784.277s] GC(1060) Metaspace: 65925K(66688K)->65925K(66688K) NonClass: 58528K(58944K)->58528K(58944K) Class: 7397K(7744K)->7397K(7744K)
[2024-03-24T20:39:50.253+0800][2784.277s] GC(1060) Pause Young (Normal) (G1 Evacuation Pause) 369M->64M(512M) 2.672ms
[2024-03-24T20:39:50.253+0800][2784.277s] GC(1060) User=0.00s Sys=0.00s Real=0.01s
[2024-03-24T20:39:51.957+0800][2785.983s] GC(1061) Pause Young (Normal) (G1 Evacuation Pause)
[2024-03-24T20:39:51.957+0800][2785.983s] GC(1061) Using 8 workers of 8 for evacuation
[2024-03-24T20:39:51.962+0800][2785.985s] GC(1061)   Pre Evacuate Collection Set: 0.2ms
[2024-03-24T20:39:51.962+0800][2785.985s] GC(1061)   Merge Heap Roots: 0.1ms
[2024-03-24T20:39:51.962+0800][2785.985s] GC(1061)   Evacuate Collection Set: 1.6ms
[2024-03-24T20:39:51.962+0800][2785.985s] GC(1061)   Post Evacuate Collection Set: 0.7ms
[2024-03-24T20:39:51.962+0800][2785.985s] GC(1061)   Other: 0.1ms
[2024-03-24T20:39:51.962+0800][2785.986s] GC(1061) Eden regions: 305->0(305)
[2024-03-24T20:39:51.962+0800][2785.986s] GC(1061) Survivor regions: 2->2(39)
[2024-03-24T20:39:51.962+0800][2785.986s] GC(1061) Old regions: 59->59
[2024-03-24T20:39:51.962+0800][2785.986s] GC(1061) Humongous regions: 4->4
[2024-03-24T20:39:51.962+0800][2785.986s] GC(1061) Metaspace: 65925K(66688K)->65925K(66688K) NonClass: 58528K(58944K)->58528K(58944K) Class: 7397K(7744K)->7397K(7744K)
[2024-03-24T20:39:51.962+0800][2785.986s] GC(1061) Pause Young (Normal) (G1 Evacuation Pause) 369M->64M(512M) 3.159ms
[2024-03-24T20:39:51.962+0800][2785.986s] GC(1061) User=0.00s Sys=0.00s Real=0.00s
[2024-03-24T20:39:53.443+0800][2787.469s] GC(1062) Pause Young (Normal) (G1 Evacuation Pause)
[2024-03-24T20:39:53.443+0800][2787.470s] GC(1062) Using 8 workers of 8 for evacuation
[2024-03-24T20:39:53.443+0800][2787.472s] GC(1062)   Pre Evacuate Collection Set: 0.1ms
[2024-03-24T20:39:53.443+0800][2787.472s] GC(1062)   Merge Heap Roots: 0.1ms
[2024-03-24T20:39:53.443+0800][2787.472s] GC(1062)   Evacuate Collection Set: 1.4ms
[2024-03-24T20:39:53.443+0800][2787.472s] GC(1062)   Post Evacuate Collection Set: 0.4ms
[2024-03-24T20:39:53.443+0800][2787.472s] GC(1062)   Other: 0.1ms
[2024-03-24T20:39:53.443+0800][2787.472s] GC(1062) Eden regions: 305->0(305)
[2024-03-24T20:39:53.443+0800][2787.472s] GC(1062) Survivor regions: 2->2(39)
[2024-03-24T20:39:53.443+0800][2787.472s] GC(1062) Old regions: 59->59
[2024-03-24T20:39:53.443+0800][2787.472s] GC(1062) Humongous regions: 4->4
[2024-03-24T20:39:53.443+0800][2787.472s] GC(1062) Metaspace: 65925K(66688K)->65925K(66688K) NonClass: 58528K(58944K)->58528K(58944K) Class: 7397K(7744K)->7397K(7744K)
[2024-03-24T20:39:53.443+0800][2787.472s] GC(1062) Pause Young (Normal) (G1 Evacuation Pause) 369M->63M(512M) 2.312ms
[2024-03-24T20:39:53.443+0800][2787.472s] GC(1062) User=0.00s Sys=0.00s Real=0.00s
[2024-03-24T20:39:54.809+0800][2788.833s] GC(1063) Pause Young (Normal) (G1 Evacuation Pause)
[2024-03-24T20:39:54.809+0800][2788.833s] GC(1063) Using 8 workers of 8 for evacuation
[2024-03-24T20:39:54.812+0800][2788.835s] GC(1063)   Pre Evacuate Collection Set: 0.2ms
[2024-03-24T20:39:54.812+0800][2788.835s] GC(1063)   Merge Heap Roots: 0.1ms
[2024-03-24T20:39:54.812+0800][2788.835s] GC(1063)   Evacuate Collection Set: 1.5ms
[2024-03-24T20:39:54.812+0800][2788.835s] GC(1063)   Post Evacuate Collection Set: 0.5ms
[2024-03-24T20:39:54.812+0800][2788.836s] GC(1063)   Other: 0.1ms
[2024-03-24T20:39:54.812+0800][2788.836s] GC(1063) Eden regions: 305->0(305)
[2024-03-24T20:39:54.812+0800][2788.836s] GC(1063) Survivor regions: 2->2(39)
[2024-03-24T20:39:54.812+0800][2788.836s] GC(1063) Old regions: 59->59
[2024-03-24T20:39:54.812+0800][2788.836s] GC(1063) Humongous regions: 4->4
[2024-03-24T20:39:54.812+0800][2788.836s] GC(1063) Metaspace: 65925K(66688K)->65925K(66688K) NonClass: 58528K(58944K)->58528K(58944K) Class: 7397K(7744K)->7397K(7744K)
[2024-03-24T20:39:54.812+0800][2788.836s] GC(1063) Pause Young (Normal) (G1 Evacuation Pause) 368M->64M(512M) 2.794ms
[2024-03-24T20:39:54.812+0800][2788.836s] GC(1063) User=0.00s Sys=0.00s Real=0.00s
[2024-03-24T20:39:56.644+0800][2790.671s] GC(1064) Pause Young (Normal) (G1 Evacuation Pause)
[2024-03-24T20:39:56.644+0800][2790.671s] GC(1064) Using 8 workers of 8 for evacuation
[2024-03-24T20:39:56.644+0800][2790.674s] GC(1064)   Pre Evacuate Collection Set: 0.2ms
[2024-03-24T20:39:56.644+0800][2790.674s] GC(1064)   Merge Heap Roots: 0.1ms
[2024-03-24T20:39:56.644+0800][2790.674s] GC(1064)   Evacuate Collection Set: 1.6ms
[2024-03-24T20:39:56.644+0800][2790.674s] GC(1064)   Post Evacuate Collection Set: 0.9ms
[2024-03-24T20:39:56.644+0800][2790.674s] GC(1064)   Other: 0.1ms
[2024-03-24T20:39:56.644+0800][2790.674s] GC(1064) Eden regions: 305->0(305)
[2024-03-24T20:39:56.644+0800][2790.674s] GC(1064) Survivor regions: 2->2(39)
[2024-03-24T20:39:56.644+0800][2790.674s] GC(1064) Old regions: 59->59
[2024-03-24T20:39:56.644+0800][2790.674s] GC(1064) Humongous regions: 4->4
[2024-03-24T20:39:56.644+0800][2790.674s] GC(1064) Metaspace: 65925K(66688K)->65925K(66688K) NonClass: 58528K(58944K)->58528K(58944K) Class: 7397K(7744K)->7397K(7744K)
[2024-03-24T20:39:56.644+0800][2790.674s] GC(1064) Pause Young (Normal) (G1 Evacuation Pause) 369M->64M(512M) 3.599ms
[2024-03-24T20:39:56.644+0800][2790.674s] GC(1064) User=0.00s Sys=0.00s Real=0.00s
[2024-03-24T20:39:58.380+0800][2792.408s] GC(1065) Pause Young (Normal) (G1 Evacuation Pause)
[2024-03-24T20:39:58.380+0800][2792.408s] GC(1065) Using 8 workers of 8 for evacuation
[2024-03-24T20:39:58.387+0800][2792.410s] GC(1065)   Pre Evacuate Collection Set: 0.3ms
[2024-03-24T20:39:58.387+0800][2792.410s] GC(1065)   Merge Heap Roots: 0.1ms
[2024-03-24T20:39:58.387+0800][2792.411s] GC(1065)   Evacuate Collection Set: 1.4ms
[2024-03-24T20:39:58.387+0800][2792.411s] GC(1065)   Post Evacuate Collection Set: 0.7ms
[2024-03-24T20:39:58.387+0800][2792.411s] GC(1065)   Other: 0.1ms
[2024-03-24T20:39:58.387+0800][2792.411s] GC(1065) Eden regions: 305->0(305)
[2024-03-24T20:39:58.387+0800][2792.411s] GC(1065) Survivor regions: 2->2(39)
[2024-03-24T20:39:58.387+0800][2792.411s] GC(1065) Old regions: 59->59
[2024-03-24T20:39:58.387+0800][2792.411s] GC(1065) Humongous regions: 4->4
[2024-03-24T20:39:58.387+0800][2792.411s] GC(1065) Metaspace: 65925K(66688K)->65925K(66688K) NonClass: 58528K(58944K)->58528K(58944K) Class: 7397K(7744K)->7397K(7744K)
[2024-03-24T20:39:58.387+0800][2792.411s] GC(1065) Pause Young (Normal) (G1 Evacuation Pause) 369M->64M(512M) 3.031ms
[2024-03-24T20:39:58.387+0800][2792.411s] GC(1065) User=0.00s Sys=0.00s Real=0.01s
[2024-03-24T20:40:00.223+0800][2794.247s] GC(1066) Pause Young (Normal) (G1 Evacuation Pause)
[2024-03-24T20:40:00.223+0800][2794.247s] GC(1066) Using 8 workers of 8 for evacuation
[2024-03-24T20:40:00.223+0800][2794.251s] GC(1066)   Pre Evacuate Collection Set: 0.7ms
[2024-03-24T20:40:00.223+0800][2794.251s] GC(1066)   Merge Heap Roots: 0.2ms
[2024-03-24T20:40:00.223+0800][2794.251s] GC(1066)   Evacuate Collection Set: 2.1ms
[2024-03-24T20:40:00.223+0800][2794.251s] GC(1066)   Post Evacuate Collection Set: 0.9ms
[2024-03-24T20:40:00.223+0800][2794.251s] GC(1066)   Other: 0.2ms
[2024-03-24T20:40:00.223+0800][2794.251s] GC(1066) Eden regions: 305->0(305)
[2024-03-24T20:40:00.223+0800][2794.251s] GC(1066) Survivor regions: 2->2(39)
[2024-03-24T20:40:00.223+0800][2794.251s] GC(1066) Old regions: 59->59
[2024-03-24T20:40:00.223+0800][2794.251s] GC(1066) Humongous regions: 4->4
[2024-03-24T20:40:00.223+0800][2794.251s] GC(1066) Metaspace: 65925K(66688K)->65925K(66688K) NonClass: 58528K(58944K)->58528K(58944K) Class: 7397K(7744K)->7397K(7744K)
[2024-03-24T20:40:00.223+0800][2794.251s] GC(1066) Pause Young (Normal) (G1 Evacuation Pause) 369M->64M(512M) 4.634ms
[2024-03-24T20:40:00.223+0800][2794.252s] GC(1066) User=0.00s Sys=0.00s Real=0.00s
[2024-03-24T20:40:01.983+0800][2796.006s] GC(1067) Pause Young (Normal) (G1 Evacuation Pause)
[2024-03-24T20:40:01.983+0800][2796.006s] GC(1067) Using 8 workers of 8 for evacuation
[2024-03-24T20:40:01.987+0800][2796.010s] GC(1067)   Pre Evacuate Collection Set: 0.5ms
[2024-03-24T20:40:01.987+0800][2796.010s] GC(1067)   Merge Heap Roots: 0.2ms
[2024-03-24T20:40:01.987+0800][2796.010s] GC(1067)   Evacuate Collection Set: 2.1ms
[2024-03-24T20:40:01.987+0800][2796.010s] GC(1067)   Post Evacuate Collection Set: 0.8ms
[2024-03-24T20:40:01.987+0800][2796.010s] GC(1067)   Other: 0.2ms
[2024-03-24T20:40:01.987+0800][2796.010s] GC(1067) Eden regions: 305->0(305)
[2024-03-24T20:40:01.987+0800][2796.010s] GC(1067) Survivor regions: 2->2(39)
[2024-03-24T20:40:01.987+0800][2796.010s] GC(1067) Old regions: 59->59
[2024-03-24T20:40:01.987+0800][2796.010s] GC(1067) Humongous regions: 4->4
[2024-03-24T20:40:01.987+0800][2796.010s] GC(1067) Metaspace: 65925K(66688K)->65925K(66688K) NonClass: 58528K(58944K)->58528K(58944K) Class: 7397K(7744K)->7397K(7744K)
[2024-03-24T20:40:01.987+0800][2796.010s] GC(1067) Pause Young (Normal) (G1 Evacuation Pause) 369M->64M(512M) 4.564ms
[2024-03-24T20:40:01.987+0800][2796.010s] GC(1067) User=0.00s Sys=0.00s Real=0.00s
[2024-03-24T20:40:03.618+0800][2797.641s] GC(1068) Pause Young (Normal) (G1 Evacuation Pause)
[2024-03-24T20:40:03.619+0800][2797.642s] GC(1068) Using 8 workers of 8 for evacuation
[2024-03-24T20:40:03.622+0800][2797.645s] GC(1068)   Pre Evacuate Collection Set: 0.3ms
[2024-03-24T20:40:03.622+0800][2797.645s] GC(1068)   Merge Heap Roots: 0.2ms
[2024-03-24T20:40:03.622+0800][2797.645s] GC(1068)   Evacuate Collection Set: 2.4ms
[2024-03-24T20:40:03.622+0800][2797.645s] GC(1068)   Post Evacuate Collection Set: 0.7ms
[2024-03-24T20:40:03.622+0800][2797.645s] GC(1068)   Other: 0.1ms
[2024-03-24T20:40:03.622+0800][2797.646s] GC(1068) Eden regions: 305->0(305)
[2024-03-24T20:40:03.622+0800][2797.646s] GC(1068) Survivor regions: 2->2(39)
[2024-03-24T20:40:03.622+0800][2797.646s] GC(1068) Old regions: 59->59
[2024-03-24T20:40:03.622+0800][2797.646s] GC(1068) Humongous regions: 4->4
[2024-03-24T20:40:03.622+0800][2797.646s] GC(1068) Metaspace: 65925K(66688K)->65925K(66688K) NonClass: 58528K(58944K)->58528K(58944K) Class: 7397K(7744K)->7397K(7744K)
[2024-03-24T20:40:03.622+0800][2797.646s] GC(1068) Pause Young (Normal) (G1 Evacuation Pause) 369M->64M(512M) 4.169ms
[2024-03-24T20:40:03.622+0800][2797.646s] GC(1068) User=0.03s Sys=0.00s Real=0.00s
[2024-03-24T20:40:05.421+0800][2799.449s] GC(1069) Pause Young (Normal) (G1 Evacuation Pause)
[2024-03-24T20:40:05.421+0800][2799.449s] GC(1069) Using 8 workers of 8 for evacuation
[2024-03-24T20:40:05.421+0800][2799.451s] GC(1069)   Pre Evacuate Collection Set: 0.2ms
[2024-03-24T20:40:05.421+0800][2799.452s] GC(1069)   Merge Heap Roots: 0.1ms
[2024-03-24T20:40:05.421+0800][2799.452s] GC(1069)   Evacuate Collection Set: 1.8ms
[2024-03-24T20:40:05.421+0800][2799.452s] GC(1069)   Post Evacuate Collection Set: 0.6ms
[2024-03-24T20:40:05.421+0800][2799.452s] GC(1069)   Other: 0.1ms
[2024-03-24T20:40:05.421+0800][2799.452s] GC(1069) Eden regions: 305->0(305)
[2024-03-24T20:40:05.421+0800][2799.452s] GC(1069) Survivor regions: 2->2(39)
[2024-03-24T20:40:05.421+0800][2799.452s] GC(1069) Old regions: 59->59
[2024-03-24T20:40:05.421+0800][2799.452s] GC(1069) Humongous regions: 4->4
[2024-03-24T20:40:05.421+0800][2799.452s] GC(1069) Metaspace: 65925K(66688K)->65925K(66688K) NonClass: 58528K(58944K)->58528K(58944K) Class: 7397K(7744K)->7397K(7744K)
[2024-03-24T20:40:05.421+0800][2799.452s] GC(1069) Pause Young (Normal) (G1 Evacuation Pause) 369M->64M(512M) 3.162ms
[2024-03-24T20:40:05.421+0800][2799.452s] GC(1069) User=0.00s Sys=0.00s Real=0.00s
[2024-03-24T20:40:07.275+0800][2801.298s] GC(1070) Pause Young (Normal) (G1 Evacuation Pause)
[2024-03-24T20:40:07.275+0800][2801.298s] GC(1070) Using 8 workers of 8 for evacuation
[2024-03-24T20:40:07.279+0800][2801.302s] GC(1070)   Pre Evacuate Collection Set: 0.3ms
[2024-03-24T20:40:07.279+0800][2801.302s] GC(1070)   Merge Heap Roots: 0.1ms
[2024-03-24T20:40:07.279+0800][2801.302s] GC(1070)   Evacuate Collection Set: 2.4ms
[2024-03-24T20:40:07.279+0800][2801.302s] GC(1070)   Post Evacuate Collection Set: 1.0ms
[2024-03-24T20:40:07.279+0800][2801.302s] GC(1070)   Other: 0.1ms
[2024-03-24T20:40:07.279+0800][2801.302s] GC(1070) Eden regions: 305->0(305)
[2024-03-24T20:40:07.279+0800][2801.302s] GC(1070) Survivor regions: 2->2(39)
[2024-03-24T20:40:07.279+0800][2801.302s] GC(1070) Old regions: 59->59
[2024-03-24T20:40:07.279+0800][2801.302s] GC(1070) Humongous regions: 4->4
[2024-03-24T20:40:07.279+0800][2801.302s] GC(1070) Metaspace: 65925K(66688K)->65925K(66688K) NonClass: 58528K(58944K)->58528K(58944K) Class: 7397K(7744K)->7397K(7744K)
[2024-03-24T20:40:07.279+0800][2801.302s] GC(1070) Pause Young (Normal) (G1 Evacuation Pause) 369M->64M(512M) 4.202ms
[2024-03-24T20:40:07.279+0800][2801.302s] GC(1070) User=0.02s Sys=0.02s Real=0.00s
[2024-03-24T20:40:09.101+0800][2803.126s] GC(1071) Pause Young (Normal) (G1 Evacuation Pause)
[2024-03-24T20:40:09.101+0800][2803.126s] GC(1071) Using 8 workers of 8 for evacuation
[2024-03-24T20:40:09.106+0800][2803.129s] GC(1071)   Pre Evacuate Collection Set: 0.3ms
[2024-03-24T20:40:09.106+0800][2803.129s] GC(1071)   Merge Heap Roots: 0.1ms
[2024-03-24T20:40:09.106+0800][2803.129s] GC(1071)   Evacuate Collection Set: 1.5ms
[2024-03-24T20:40:09.106+0800][2803.129s] GC(1071)   Post Evacuate Collection Set: 0.8ms
[2024-03-24T20:40:09.106+0800][2803.129s] GC(1071)   Other: 0.2ms
[2024-03-24T20:40:09.106+0800][2803.129s] GC(1071) Eden regions: 305->0(305)
[2024-03-24T20:40:09.107+0800][2803.129s] GC(1071) Survivor regions: 2->2(39)
[2024-03-24T20:40:09.107+0800][2803.129s] GC(1071) Old regions: 59->60
[2024-03-24T20:40:09.107+0800][2803.129s] GC(1071) Humongous regions: 4->4
[2024-03-24T20:40:09.107+0800][2803.129s] GC(1071) Metaspace: 65925K(66688K)->65925K(66688K) NonClass: 58528K(58944K)->58528K(58944K) Class: 7397K(7744K)->7397K(7744K)
[2024-03-24T20:40:09.107+0800][2803.130s] GC(1071) Pause Young (Normal) (G1 Evacuation Pause) 369M->64M(512M) 3.636ms
[2024-03-24T20:40:09.107+0800][2803.130s] GC(1071) User=0.00s Sys=0.00s Real=0.01s
[2024-03-24T20:40:10.866+0800][2804.889s] GC(1072) Pause Young (Normal) (G1 Evacuation Pause)
[2024-03-24T20:40:10.866+0800][2804.889s] GC(1072) Using 8 workers of 8 for evacuation
[2024-03-24T20:40:10.868+0800][2804.892s] GC(1072)   Pre Evacuate Collection Set: 0.3ms
[2024-03-24T20:40:10.868+0800][2804.892s] GC(1072)   Merge Heap Roots: 0.1ms
[2024-03-24T20:40:10.868+0800][2804.892s] GC(1072)   Evacuate Collection Set: 1.7ms
[2024-03-24T20:40:10.868+0800][2804.892s] GC(1072)   Post Evacuate Collection Set: 0.6ms
[2024-03-24T20:40:10.868+0800][2804.892s] GC(1072)   Other: 0.1ms
[2024-03-24T20:40:10.868+0800][2804.892s] GC(1072) Eden regions: 305->0(305)
[2024-03-24T20:40:10.868+0800][2804.892s] GC(1072) Survivor regions: 2->2(39)
[2024-03-24T20:40:10.868+0800][2804.892s] GC(1072) Old regions: 60->60
[2024-03-24T20:40:10.868+0800][2804.892s] GC(1072) Humongous regions: 4->4
[2024-03-24T20:40:10.868+0800][2804.892s] GC(1072) Metaspace: 65925K(66688K)->65925K(66688K) NonClass: 58528K(58944K)->58528K(58944K) Class: 7397K(7744K)->7397K(7744K)
[2024-03-24T20:40:10.868+0800][2804.892s] GC(1072) Pause Young (Normal) (G1 Evacuation Pause) 369M->64M(512M) 3.151ms
[2024-03-24T20:40:10.868+0800][2804.892s] GC(1072) User=0.00s Sys=0.00s Real=0.00s
[2024-03-24T20:40:12.651+0800][2806.675s] GC(1073) Pause Young (Normal) (G1 Evacuation Pause)
[2024-03-24T20:40:12.651+0800][2806.675s] GC(1073) Using 8 workers of 8 for evacuation
[2024-03-24T20:40:12.651+0800][2806.679s] GC(1073)   Pre Evacuate Collection Set: 0.3ms
[2024-03-24T20:40:12.651+0800][2806.679s] GC(1073)   Merge Heap Roots: 0.2ms
[2024-03-24T20:40:12.651+0800][2806.679s] GC(1073)   Evacuate Collection Set: 2.4ms
[2024-03-24T20:40:12.651+0800][2806.679s] GC(1073)   Post Evacuate Collection Set: 0.9ms
[2024-03-24T20:40:12.651+0800][2806.680s] GC(1073)   Other: 0.2ms
[2024-03-24T20:40:12.651+0800][2806.680s] GC(1073) Eden regions: 305->0(305)
[2024-03-24T20:40:12.651+0800][2806.680s] GC(1073) Survivor regions: 2->2(39)
[2024-03-24T20:40:12.651+0800][2806.680s] GC(1073) Old regions: 60->60
[2024-03-24T20:40:12.651+0800][2806.680s] GC(1073) Humongous regions: 4->4
[2024-03-24T20:40:12.651+0800][2806.680s] GC(1073) Metaspace: 65925K(66688K)->65925K(66688K) NonClass: 58528K(58944K)->58528K(58944K) Class: 7397K(7744K)->7397K(7744K)
[2024-03-24T20:40:12.651+0800][2806.680s] GC(1073) Pause Young (Normal) (G1 Evacuation Pause) 369M->64M(512M) 4.629ms
[2024-03-24T20:40:12.651+0800][2806.680s] GC(1073) User=0.00s Sys=0.00s Real=0.00s
[2024-03-24T20:40:14.436+0800][2808.464s] GC(1074) Pause Young (Normal) (G1 Evacuation Pause)
[2024-03-24T20:40:14.436+0800][2808.464s] GC(1074) Using 8 workers of 8 for evacuation
[2024-03-24T20:40:14.445+0800][2808.468s] GC(1074)   Pre Evacuate Collection Set: 0.3ms
[2024-03-24T20:40:14.445+0800][2808.468s] GC(1074)   Merge Heap Roots: 0.1ms
[2024-03-24T20:40:14.445+0800][2808.468s] GC(1074)   Evacuate Collection Set: 2.5ms
[2024-03-24T20:40:14.445+0800][2808.468s] GC(1074)   Post Evacuate Collection Set: 1.0ms
[2024-03-24T20:40:14.445+0800][2808.469s] GC(1074)   Other: 0.1ms
[2024-03-24T20:40:14.445+0800][2808.469s] GC(1074) Eden regions: 305->0(305)
[2024-03-24T20:40:14.445+0800][2808.469s] GC(1074) Survivor regions: 2->2(39)
[2024-03-24T20:40:14.445+0800][2808.469s] GC(1074) Old regions: 60->60
[2024-03-24T20:40:14.445+0800][2808.469s] GC(1074) Humongous regions: 4->4
[2024-03-24T20:40:14.445+0800][2808.469s] GC(1074) Metaspace: 65925K(66688K)->65925K(66688K) NonClass: 58528K(58944K)->58528K(58944K) Class: 7397K(7744K)->7397K(7744K)
[2024-03-24T20:40:14.446+0800][2808.469s] GC(1074) Pause Young (Normal) (G1 Evacuation Pause) 369M->64M(512M) 4.430ms
[2024-03-24T20:40:14.446+0800][2808.469s] GC(1074) User=0.02s Sys=0.00s Real=0.01s
[2024-03-24T20:40:16.185+0800][2810.208s] GC(1075) Pause Young (Normal) (G1 Evacuation Pause)
[2024-03-24T20:40:16.185+0800][2810.209s] GC(1075) Using 8 workers of 8 for evacuation
[2024-03-24T20:40:16.185+0800][2810.212s] GC(1075)   Pre Evacuate Collection Set: 0.3ms
[2024-03-24T20:40:16.185+0800][2810.212s] GC(1075)   Merge Heap Roots: 0.2ms
[2024-03-24T20:40:16.185+0800][2810.212s] GC(1075)   Evacuate Collection Set: 1.7ms
[2024-03-24T20:40:16.185+0800][2810.212s] GC(1075)   Post Evacuate Collection Set: 0.7ms
[2024-03-24T20:40:16.185+0800][2810.212s] GC(1075)   Other: 0.1ms
[2024-03-24T20:40:16.185+0800][2810.212s] GC(1075) Eden regions: 305->0(305)
[2024-03-24T20:40:16.185+0800][2810.212s] GC(1075) Survivor regions: 2->2(39)
[2024-03-24T20:40:16.185+0800][2810.212s] GC(1075) Old regions: 60->60
[2024-03-24T20:40:16.185+0800][2810.212s] GC(1075) Humongous regions: 4->4
[2024-03-24T20:40:16.185+0800][2810.212s] GC(1075) Metaspace: 65925K(66688K)->65925K(66688K) NonClass: 58528K(58944K)->58528K(58944K) Class: 7397K(7744K)->7397K(7744K)
[2024-03-24T20:40:16.185+0800][2810.212s] GC(1075) Pause Young (Normal) (G1 Evacuation Pause) 369M->64M(512M) 3.370ms
[2024-03-24T20:40:16.185+0800][2810.212s] GC(1075) User=0.00s Sys=0.00s Real=0.00s
[2024-03-24T20:40:18.010+0800][2812.034s] GC(1076) Pause Young (Normal) (G1 Evacuation Pause)
[2024-03-24T20:40:18.010+0800][2812.034s] GC(1076) Using 8 workers of 8 for evacuation
[2024-03-24T20:40:18.013+0800][2812.037s] GC(1076)   Pre Evacuate Collection Set: 0.3ms
[2024-03-24T20:40:18.013+0800][2812.037s] GC(1076)   Merge Heap Roots: 0.2ms
[2024-03-24T20:40:18.013+0800][2812.037s] GC(1076)   Evacuate Collection Set: 1.8ms
[2024-03-24T20:40:18.013+0800][2812.037s] GC(1076)   Post Evacuate Collection Set: 0.6ms
[2024-03-24T20:40:18.013+0800][2812.037s] GC(1076)   Other: 0.1ms
[2024-03-24T20:40:18.013+0800][2812.037s] GC(1076) Eden regions: 305->0(305)
[2024-03-24T20:40:18.013+0800][2812.037s] GC(1076) Survivor regions: 2->2(39)
[2024-03-24T20:40:18.013+0800][2812.037s] GC(1076) Old regions: 60->60
[2024-03-24T20:40:18.013+0800][2812.037s] GC(1076) Humongous regions: 4->4
[2024-03-24T20:40:18.013+0800][2812.037s] GC(1076) Metaspace: 65925K(66688K)->65925K(66688K) NonClass: 58528K(58944K)->58528K(58944K) Class: 7397K(7744K)->7397K(7744K)
[2024-03-24T20:40:18.013+0800][2812.037s] GC(1076) Pause Young (Normal) (G1 Evacuation Pause) 369M->64M(512M) 3.327ms
[2024-03-24T20:40:18.013+0800][2812.037s] GC(1076) User=0.00s Sys=0.00s Real=0.00s
[2024-03-24T20:40:19.607+0800][2813.631s] GC(1077) Pause Young (Normal) (G1 Evacuation Pause)
[2024-03-24T20:40:19.607+0800][2813.631s] GC(1077) Using 8 workers of 8 for evacuation
[2024-03-24T20:40:19.612+0800][2813.635s] GC(1077)   Pre Evacuate Collection Set: 0.3ms
[2024-03-24T20:40:19.612+0800][2813.635s] GC(1077)   Merge Heap Roots: 0.2ms
[2024-03-24T20:40:19.612+0800][2813.635s] GC(1077)   Evacuate Collection Set: 2.0ms
[2024-03-24T20:40:19.612+0800][2813.635s] GC(1077)   Post Evacuate Collection Set: 0.7ms
[2024-03-24T20:40:19.612+0800][2813.635s] GC(1077)   Other: 0.1ms
[2024-03-24T20:40:19.612+0800][2813.635s] GC(1077) Eden regions: 305->0(305)
[2024-03-24T20:40:19.612+0800][2813.635s] GC(1077) Survivor regions: 2->2(39)
[2024-03-24T20:40:19.612+0800][2813.635s] GC(1077) Old regions: 60->60
[2024-03-24T20:40:19.612+0800][2813.635s] GC(1077) Humongous regions: 4->4
[2024-03-24T20:40:19.612+0800][2813.635s] GC(1077) Metaspace: 65925K(66688K)->65925K(66688K) NonClass: 58528K(58944K)->58528K(58944K) Class: 7397K(7744K)->7397K(7744K)
[2024-03-24T20:40:19.612+0800][2813.635s] GC(1077) Pause Young (Normal) (G1 Evacuation Pause) 369M->64M(512M) 3.753ms
[2024-03-24T20:40:19.612+0800][2813.635s] GC(1077) User=0.00s Sys=0.00s Real=0.00s
[2024-03-24T20:40:21.426+0800][2815.450s] GC(1078) Pause Young (Normal) (G1 Evacuation Pause)
[2024-03-24T20:40:21.426+0800][2815.451s] GC(1078) Using 8 workers of 8 for evacuation
[2024-03-24T20:40:21.431+0800][2815.454s] GC(1078)   Pre Evacuate Collection Set: 0.2ms
[2024-03-24T20:40:21.431+0800][2815.454s] GC(1078)   Merge Heap Roots: 0.2ms
[2024-03-24T20:40:21.431+0800][2815.454s] GC(1078)   Evacuate Collection Set: 2.6ms
[2024-03-24T20:40:21.431+0800][2815.454s] GC(1078)   Post Evacuate Collection Set: 0.5ms
[2024-03-24T20:40:21.431+0800][2815.454s] GC(1078)   Other: 0.1ms
[2024-03-24T20:40:21.431+0800][2815.454s] GC(1078) Eden regions: 305->0(305)
[2024-03-24T20:40:21.431+0800][2815.454s] GC(1078) Survivor regions: 2->2(39)
[2024-03-24T20:40:21.431+0800][2815.454s] GC(1078) Old regions: 60->60
[2024-03-24T20:40:21.431+0800][2815.454s] GC(1078) Humongous regions: 4->4
[2024-03-24T20:40:21.431+0800][2815.454s] GC(1078) Metaspace: 65925K(66688K)->65925K(66688K) NonClass: 58528K(58944K)->58528K(58944K) Class: 7397K(7744K)->7397K(7744K)
[2024-03-24T20:40:21.431+0800][2815.454s] GC(1078) Pause Young (Normal) (G1 Evacuation Pause) 369M->64M(512M) 3.972ms
[2024-03-24T20:40:21.431+0800][2815.454s] GC(1078) User=0.00s Sys=0.00s Real=0.00s
[2024-03-24T20:40:23.262+0800][2817.284s] GC(1079) Pause Young (Normal) (G1 Evacuation Pause)
[2024-03-24T20:40:23.262+0800][2817.284s] GC(1079) Using 8 workers of 8 for evacuation
[2024-03-24T20:40:23.265+0800][2817.288s] GC(1079)   Pre Evacuate Collection Set: 0.2ms
[2024-03-24T20:40:23.265+0800][2817.288s] GC(1079)   Merge Heap Roots: 0.1ms
[2024-03-24T20:40:23.265+0800][2817.288s] GC(1079)   Evacuate Collection Set: 1.5ms
[2024-03-24T20:40:23.265+0800][2817.288s] GC(1079)   Post Evacuate Collection Set: 1.1ms
[2024-03-24T20:40:23.265+0800][2817.288s] GC(1079)   Other: 0.2ms
[2024-03-24T20:40:23.265+0800][2817.288s] GC(1079) Eden regions: 305->0(305)
[2024-03-24T20:40:23.265+0800][2817.288s] GC(1079) Survivor regions: 2->2(39)
[2024-03-24T20:40:23.265+0800][2817.288s] GC(1079) Old regions: 60->60
[2024-03-24T20:40:23.265+0800][2817.288s] GC(1079) Humongous regions: 4->4
[2024-03-24T20:40:23.266+0800][2817.288s] GC(1079) Metaspace: 65925K(66688K)->65925K(66688K) NonClass: 58528K(58944K)->58528K(58944K) Class: 7397K(7744K)->7397K(7744K)
[2024-03-24T20:40:23.266+0800][2817.289s] GC(1079) Pause Young (Normal) (G1 Evacuation Pause) 369M->64M(512M) 4.273ms
[2024-03-24T20:40:23.266+0800][2817.289s] GC(1079) User=0.02s Sys=0.00s Real=0.01s
[2024-03-24T20:40:24.836+0800][2818.858s] GC(1080) Pause Young (Normal) (G1 Evacuation Pause)
[2024-03-24T20:40:24.836+0800][2818.859s] GC(1080) Using 8 workers of 8 for evacuation
[2024-03-24T20:40:24.838+0800][2818.861s] GC(1080)   Pre Evacuate Collection Set: 0.1ms
[2024-03-24T20:40:24.838+0800][2818.861s] GC(1080)   Merge Heap Roots: 0.1ms
[2024-03-24T20:40:24.838+0800][2818.861s] GC(1080)   Evacuate Collection Set: 1.7ms
[2024-03-24T20:40:24.838+0800][2818.861s] GC(1080)   Post Evacuate Collection Set: 0.4ms
[2024-03-24T20:40:24.838+0800][2818.861s] GC(1080)   Other: 0.1ms
[2024-03-24T20:40:24.838+0800][2818.861s] GC(1080) Eden regions: 305->0(305)
[2024-03-24T20:40:24.838+0800][2818.861s] GC(1080) Survivor regions: 2->2(39)
[2024-03-24T20:40:24.838+0800][2818.861s] GC(1080) Old regions: 60->60
[2024-03-24T20:40:24.838+0800][2818.861s] GC(1080) Humongous regions: 4->4
[2024-03-24T20:40:24.838+0800][2818.861s] GC(1080) Metaspace: 65925K(66688K)->65925K(66688K) NonClass: 58528K(58944K)->58528K(58944K) Class: 7397K(7744K)->7397K(7744K)
[2024-03-24T20:40:24.838+0800][2818.861s] GC(1080) Pause Young (Normal) (G1 Evacuation Pause) 369M->64M(512M) 2.682ms
[2024-03-24T20:40:24.838+0800][2818.861s] GC(1080) User=0.08s Sys=0.00s Real=0.00s
[2024-03-24T20:40:26.599+0800][2820.622s] GC(1081) Pause Young (Normal) (G1 Evacuation Pause)
[2024-03-24T20:40:26.599+0800][2820.623s] GC(1081) Using 8 workers of 8 for evacuation
[2024-03-24T20:40:26.602+0800][2820.625s] GC(1081)   Pre Evacuate Collection Set: 0.2ms
[2024-03-24T20:40:26.602+0800][2820.625s] GC(1081)   Merge Heap Roots: 0.1ms
[2024-03-24T20:40:26.602+0800][2820.625s] GC(1081)   Evacuate Collection Set: 1.6ms
[2024-03-24T20:40:26.602+0800][2820.625s] GC(1081)   Post Evacuate Collection Set: 0.7ms
[2024-03-24T20:40:26.602+0800][2820.625s] GC(1081)   Other: 0.1ms
[2024-03-24T20:40:26.602+0800][2820.625s] GC(1081) Eden regions: 305->0(305)
[2024-03-24T20:40:26.602+0800][2820.625s] GC(1081) Survivor regions: 2->2(39)
[2024-03-24T20:40:26.602+0800][2820.625s] GC(1081) Old regions: 60->60
[2024-03-24T20:40:26.602+0800][2820.625s] GC(1081) Humongous regions: 4->4
[2024-03-24T20:40:26.602+0800][2820.625s] GC(1081) Metaspace: 65925K(66688K)->65925K(66688K) NonClass: 58528K(58944K)->58528K(58944K) Class: 7397K(7744K)->7397K(7744K)
[2024-03-24T20:40:26.602+0800][2820.625s] GC(1081) Pause Young (Normal) (G1 Evacuation Pause) 369M->64M(512M) 2.957ms
[2024-03-24T20:40:26.602+0800][2820.625s] GC(1081) User=0.00s Sys=0.00s Real=0.00s
[2024-03-24T20:40:28.383+0800][2822.406s] GC(1082) Pause Young (Normal) (G1 Evacuation Pause)
[2024-03-24T20:40:28.383+0800][2822.407s] GC(1082) Using 8 workers of 8 for evacuation
[2024-03-24T20:40:28.386+0800][2822.409s] GC(1082)   Pre Evacuate Collection Set: 0.4ms
[2024-03-24T20:40:28.386+0800][2822.410s] GC(1082)   Merge Heap Roots: 0.2ms
[2024-03-24T20:40:28.386+0800][2822.410s] GC(1082)   Evacuate Collection Set: 1.5ms
[2024-03-24T20:40:28.386+0800][2822.410s] GC(1082)   Post Evacuate Collection Set: 0.7ms
[2024-03-24T20:40:28.386+0800][2822.410s] GC(1082)   Other: 0.1ms
[2024-03-24T20:40:28.386+0800][2822.410s] GC(1082) Eden regions: 305->0(305)
[2024-03-24T20:40:28.386+0800][2822.410s] GC(1082) Survivor regions: 2->2(39)
[2024-03-24T20:40:28.387+0800][2822.410s] GC(1082) Old regions: 60->60
[2024-03-24T20:40:28.387+0800][2822.410s] GC(1082) Humongous regions: 4->4
[2024-03-24T20:40:28.387+0800][2822.410s] GC(1082) Metaspace: 65925K(66688K)->65925K(66688K) NonClass: 58528K(58944K)->58528K(58944K) Class: 7397K(7744K)->7397K(7744K)
[2024-03-24T20:40:28.387+0800][2822.410s] GC(1082) Pause Young (Normal) (G1 Evacuation Pause) 369M->64M(512M) 3.275ms
[2024-03-24T20:40:28.387+0800][2822.410s] GC(1082) User=0.03s Sys=0.00s Real=0.00s
[2024-03-24T20:40:30.168+0800][2824.192s] GC(1083) Pause Young (Normal) (G1 Evacuation Pause)
[2024-03-24T20:40:30.168+0800][2824.192s] GC(1083) Using 8 workers of 8 for evacuation
[2024-03-24T20:40:30.168+0800][2824.195s] GC(1083)   Pre Evacuate Collection Set: 0.4ms
[2024-03-24T20:40:30.168+0800][2824.196s] GC(1083)   Merge Heap Roots: 0.3ms
[2024-03-24T20:40:30.168+0800][2824.196s] GC(1083)   Evacuate Collection Set: 1.8ms
[2024-03-24T20:40:30.168+0800][2824.196s] GC(1083)   Post Evacuate Collection Set: 0.9ms
[2024-03-24T20:40:30.168+0800][2824.196s] GC(1083)   Other: 0.1ms
[2024-03-24T20:40:30.168+0800][2824.196s] GC(1083) Eden regions: 305->0(305)
[2024-03-24T20:40:30.168+0800][2824.196s] GC(1083) Survivor regions: 2->2(39)
[2024-03-24T20:40:30.168+0800][2824.196s] GC(1083) Old regions: 60->60
[2024-03-24T20:40:30.168+0800][2824.196s] GC(1083) Humongous regions: 4->4
[2024-03-24T20:40:30.168+0800][2824.196s] GC(1083) Metaspace: 65925K(66688K)->65925K(66688K) NonClass: 58528K(58944K)->58528K(58944K) Class: 7397K(7744K)->7397K(7744K)
[2024-03-24T20:40:30.173+0800][2824.196s] GC(1083) Pause Young (Normal) (G1 Evacuation Pause) 369M->64M(512M) 3.947ms
[2024-03-24T20:40:30.173+0800][2824.196s] GC(1083) User=0.00s Sys=0.00s Real=0.01s
[2024-03-24T20:40:31.937+0800][2825.960s] GC(1084) Pause Young (Normal) (G1 Evacuation Pause)
[2024-03-24T20:40:31.937+0800][2825.960s] GC(1084) Using 8 workers of 8 for evacuation
[2024-03-24T20:40:31.941+0800][2825.964s] GC(1084)   Pre Evacuate Collection Set: 0.4ms
[2024-03-24T20:40:31.941+0800][2825.964s] GC(1084)   Merge Heap Roots: 0.1ms
[2024-03-24T20:40:31.941+0800][2825.964s] GC(1084)   Evacuate Collection Set: 2.2ms
[2024-03-24T20:40:31.941+0800][2825.964s] GC(1084)   Post Evacuate Collection Set: 0.8ms
[2024-03-24T20:40:31.941+0800][2825.964s] GC(1084)   Other: 0.2ms
[2024-03-24T20:40:31.941+0800][2825.964s] GC(1084) Eden regions: 305->0(305)
[2024-03-24T20:40:31.941+0800][2825.964s] GC(1084) Survivor regions: 2->2(39)
[2024-03-24T20:40:31.941+0800][2825.964s] GC(1084) Old regions: 60->60
[2024-03-24T20:40:31.941+0800][2825.964s] GC(1084) Humongous regions: 4->4
[2024-03-24T20:40:31.941+0800][2825.964s] GC(1084) Metaspace: 65925K(66688K)->65925K(66688K) NonClass: 58528K(58944K)->58528K(58944K) Class: 7397K(7744K)->7397K(7744K)
[2024-03-24T20:40:31.941+0800][2825.964s] GC(1084) Pause Young (Normal) (G1 Evacuation Pause) 369M->64M(512M) 4.170ms
[2024-03-24T20:40:31.941+0800][2825.964s] GC(1084) User=0.02s Sys=0.00s Real=0.00s
[2024-03-24T20:40:33.687+0800][2827.713s] GC(1085) Pause Young (Normal) (G1 Evacuation Pause)
[2024-03-24T20:40:33.687+0800][2827.713s] GC(1085) Using 8 workers of 8 for evacuation
[2024-03-24T20:40:33.693+0800][2827.717s] GC(1085)   Pre Evacuate Collection Set: 0.2ms
[2024-03-24T20:40:33.694+0800][2827.717s] GC(1085)   Merge Heap Roots: 0.1ms
[2024-03-24T20:40:33.694+0800][2827.717s] GC(1085)   Evacuate Collection Set: 2.2ms
[2024-03-24T20:40:33.694+0800][2827.717s] GC(1085)   Post Evacuate Collection Set: 0.6ms
[2024-03-24T20:40:33.694+0800][2827.717s] GC(1085)   Other: 0.2ms
[2024-03-24T20:40:33.694+0800][2827.717s] GC(1085) Eden regions: 305->0(305)
[2024-03-24T20:40:33.694+0800][2827.717s] GC(1085) Survivor regions: 2->2(39)
[2024-03-24T20:40:33.694+0800][2827.717s] GC(1085) Old regions: 60->60
[2024-03-24T20:40:33.694+0800][2827.717s] GC(1085) Humongous regions: 4->4
[2024-03-24T20:40:33.694+0800][2827.717s] GC(1085) Metaspace: 65925K(66688K)->65925K(66688K) NonClass: 58528K(58944K)->58528K(58944K) Class: 7397K(7744K)->7397K(7744K)
[2024-03-24T20:40:33.694+0800][2827.717s] GC(1085) Pause Young (Normal) (G1 Evacuation Pause) 369M->64M(512M) 3.838ms
[2024-03-24T20:40:33.694+0800][2827.717s] GC(1085) User=0.00s Sys=0.00s Real=0.01s
[2024-03-24T20:40:35.433+0800][2829.461s] GC(1086) Pause Young (Normal) (G1 Evacuation Pause)
[2024-03-24T20:40:35.433+0800][2829.461s] GC(1086) Using 8 workers of 8 for evacuation
[2024-03-24T20:40:35.439+0800][2829.463s] GC(1086)   Pre Evacuate Collection Set: 0.3ms
[2024-03-24T20:40:35.439+0800][2829.463s] GC(1086)   Merge Heap Roots: 0.2ms
[2024-03-24T20:40:35.439+0800][2829.463s] GC(1086)   Evacuate Collection Set: 1.5ms
[2024-03-24T20:40:35.439+0800][2829.463s] GC(1086)   Post Evacuate Collection Set: 0.6ms
[2024-03-24T20:40:35.439+0800][2829.463s] GC(1086)   Other: 0.1ms
[2024-03-24T20:40:35.439+0800][2829.463s] GC(1086) Eden regions: 305->0(305)
[2024-03-24T20:40:35.439+0800][2829.463s] GC(1086) Survivor regions: 2->2(39)
[2024-03-24T20:40:35.439+0800][2829.463s] GC(1086) Old regions: 60->60
[2024-03-24T20:40:35.439+0800][2829.463s] GC(1086) Humongous regions: 4->4
[2024-03-24T20:40:35.439+0800][2829.463s] GC(1086) Metaspace: 65925K(66688K)->65925K(66688K) NonClass: 58528K(58944K)->58528K(58944K) Class: 7397K(7744K)->7397K(7744K)
[2024-03-24T20:40:35.439+0800][2829.463s] GC(1086) Pause Young (Normal) (G1 Evacuation Pause) 369M->64M(512M) 2.874ms
[2024-03-24T20:40:35.439+0800][2829.463s] GC(1086) User=0.00s Sys=0.00s Real=0.01s
[2024-03-24T20:40:37.168+0800][2831.193s] GC(1087) Pause Young (Normal) (G1 Evacuation Pause)
[2024-03-24T20:40:37.168+0800][2831.193s] GC(1087) Using 8 workers of 8 for evacuation
[2024-03-24T20:40:37.173+0800][2831.196s] GC(1087)   Pre Evacuate Collection Set: 0.3ms
[2024-03-24T20:40:37.173+0800][2831.196s] GC(1087)   Merge Heap Roots: 0.2ms
[2024-03-24T20:40:37.173+0800][2831.196s] GC(1087)   Evacuate Collection Set: 1.4ms
[2024-03-24T20:40:37.173+0800][2831.196s] GC(1087)   Post Evacuate Collection Set: 0.7ms
[2024-03-24T20:40:37.173+0800][2831.196s] GC(1087)   Other: 0.1ms
[2024-03-24T20:40:37.173+0800][2831.196s] GC(1087) Eden regions: 305->0(305)
[2024-03-24T20:40:37.173+0800][2831.196s] GC(1087) Survivor regions: 2->2(39)
[2024-03-24T20:40:37.173+0800][2831.196s] GC(1087) Old regions: 60->60
[2024-03-24T20:40:37.173+0800][2831.196s] GC(1087) Humongous regions: 4->4
[2024-03-24T20:40:37.173+0800][2831.196s] GC(1087) Metaspace: 65925K(66688K)->65925K(66688K) NonClass: 58528K(58944K)->58528K(58944K) Class: 7397K(7744K)->7397K(7744K)
[2024-03-24T20:40:37.173+0800][2831.196s] GC(1087) Pause Young (Normal) (G1 Evacuation Pause) 369M->64M(512M) 3.292ms
[2024-03-24T20:40:37.173+0800][2831.196s] GC(1087) User=0.00s Sys=0.00s Real=0.01s
[2024-03-24T20:40:38.931+0800][2832.956s] GC(1088) Pause Young (Normal) (G1 Evacuation Pause)
[2024-03-24T20:40:38.931+0800][2832.956s] GC(1088) Using 8 workers of 8 for evacuation
[2024-03-24T20:40:38.937+0800][2832.960s] GC(1088)   Pre Evacuate Collection Set: 0.3ms
[2024-03-24T20:40:38.937+0800][2832.960s] GC(1088)   Merge Heap Roots: 0.2ms
[2024-03-24T20:40:38.937+0800][2832.960s] GC(1088)   Evacuate Collection Set: 2.0ms
[2024-03-24T20:40:38.937+0800][2832.960s] GC(1088)   Post Evacuate Collection Set: 1.0ms
[2024-03-24T20:40:38.937+0800][2832.960s] GC(1088)   Other: 0.2ms
[2024-03-24T20:40:38.937+0800][2832.960s] GC(1088) Eden regions: 305->0(305)
[2024-03-24T20:40:38.937+0800][2832.960s] GC(1088) Survivor regions: 2->2(39)
[2024-03-24T20:40:38.937+0800][2832.960s] GC(1088) Old regions: 60->60
[2024-03-24T20:40:38.937+0800][2832.960s] GC(1088) Humongous regions: 4->4
[2024-03-24T20:40:38.937+0800][2832.960s] GC(1088) Metaspace: 65925K(66688K)->65925K(66688K) NonClass: 58528K(58944K)->58528K(58944K) Class: 7397K(7744K)->7397K(7744K)
[2024-03-24T20:40:38.937+0800][2832.960s] GC(1088) Pause Young (Normal) (G1 Evacuation Pause) 369M->64M(512M) 4.134ms
[2024-03-24T20:40:38.937+0800][2832.960s] GC(1088) User=0.00s Sys=0.00s Real=0.01s
[2024-03-24T20:40:40.747+0800][2834.774s] GC(1089) Pause Young (Normal) (G1 Evacuation Pause)
[2024-03-24T20:40:40.747+0800][2834.774s] GC(1089) Using 8 workers of 8 for evacuation
[2024-03-24T20:40:40.753+0800][2834.777s] GC(1089)   Pre Evacuate Collection Set: 0.4ms
[2024-03-24T20:40:40.753+0800][2834.778s] GC(1089)   Merge Heap Roots: 0.1ms
[2024-03-24T20:40:40.753+0800][2834.778s] GC(1089)   Evacuate Collection Set: 1.7ms
[2024-03-24T20:40:40.753+0800][2834.778s] GC(1089)   Post Evacuate Collection Set: 1.0ms
[2024-03-24T20:40:40.753+0800][2834.778s] GC(1089)   Other: 0.1ms
[2024-03-24T20:40:40.753+0800][2834.778s] GC(1089) Eden regions: 305->0(305)
[2024-03-24T20:40:40.753+0800][2834.778s] GC(1089) Survivor regions: 2->2(39)
[2024-03-24T20:40:40.753+0800][2834.779s] GC(1089) Old regions: 60->60
[2024-03-24T20:40:40.753+0800][2834.779s] GC(1089) Humongous regions: 4->4
[2024-03-24T20:40:40.753+0800][2834.779s] GC(1089) Metaspace: 65925K(66688K)->65925K(66688K) NonClass: 58528K(58944K)->58528K(58944K) Class: 7397K(7744K)->7397K(7744K)
[2024-03-24T20:40:40.753+0800][2834.779s] GC(1089) Pause Young (Normal) (G1 Evacuation Pause) 369M->64M(512M) 5.011ms
[2024-03-24T20:40:40.753+0800][2834.779s] GC(1089) User=0.00s Sys=0.00s Real=0.01s
[2024-03-24T20:40:42.554+0800][2836.577s] GC(1090) Pause Young (Normal) (G1 Evacuation Pause)
[2024-03-24T20:40:42.554+0800][2836.577s] GC(1090) Using 8 workers of 8 for evacuation
[2024-03-24T20:40:42.556+0800][2836.579s] GC(1090)   Pre Evacuate Collection Set: 0.2ms
[2024-03-24T20:40:42.556+0800][2836.579s] GC(1090)   Merge Heap Roots: 0.1ms
[2024-03-24T20:40:42.556+0800][2836.579s] GC(1090)   Evacuate Collection Set: 1.4ms
[2024-03-24T20:40:42.556+0800][2836.579s] GC(1090)   Post Evacuate Collection Set: 0.5ms
[2024-03-24T20:40:42.556+0800][2836.579s] GC(1090)   Other: 0.1ms
[2024-03-24T20:40:42.556+0800][2836.579s] GC(1090) Eden regions: 305->0(305)
[2024-03-24T20:40:42.556+0800][2836.579s] GC(1090) Survivor regions: 2->2(39)
[2024-03-24T20:40:42.556+0800][2836.579s] GC(1090) Old regions: 60->60
[2024-03-24T20:40:42.556+0800][2836.579s] GC(1090) Humongous regions: 4->4
[2024-03-24T20:40:42.556+0800][2836.579s] GC(1090) Metaspace: 65925K(66688K)->65925K(66688K) NonClass: 58528K(58944K)->58528K(58944K) Class: 7397K(7744K)->7397K(7744K)
[2024-03-24T20:40:42.556+0800][2836.579s] GC(1090) Pause Young (Normal) (G1 Evacuation Pause) 369M->64M(512M) 2.513ms
[2024-03-24T20:40:42.556+0800][2836.579s] GC(1090) User=0.00s Sys=0.00s Real=0.00s
[2024-03-24T20:40:44.369+0800][2838.392s] GC(1091) Pause Young (Normal) (G1 Evacuation Pause)
[2024-03-24T20:40:44.369+0800][2838.392s] GC(1091) Using 8 workers of 8 for evacuation
[2024-03-24T20:40:44.371+0800][2838.395s] GC(1091)   Pre Evacuate Collection Set: 0.2ms
[2024-03-24T20:40:44.371+0800][2838.395s] GC(1091)   Merge Heap Roots: 0.0ms
[2024-03-24T20:40:44.371+0800][2838.395s] GC(1091)   Evacuate Collection Set: 1.5ms
[2024-03-24T20:40:44.371+0800][2838.395s] GC(1091)   Post Evacuate Collection Set: 0.7ms
[2024-03-24T20:40:44.371+0800][2838.395s] GC(1091)   Other: 0.2ms
[2024-03-24T20:40:44.371+0800][2838.395s] GC(1091) Eden regions: 305->0(305)
[2024-03-24T20:40:44.371+0800][2838.395s] GC(1091) Survivor regions: 2->2(39)
[2024-03-24T20:40:44.371+0800][2838.395s] GC(1091) Old regions: 60->60
[2024-03-24T20:40:44.371+0800][2838.395s] GC(1091) Humongous regions: 4->4
[2024-03-24T20:40:44.371+0800][2838.395s] GC(1091) Metaspace: 65925K(66688K)->65925K(66688K) NonClass: 58528K(58944K)->58528K(58944K) Class: 7397K(7744K)->7397K(7744K)
[2024-03-24T20:40:44.371+0800][2838.395s] GC(1091) Pause Young (Normal) (G1 Evacuation Pause) 369M->64M(512M) 3.034ms
[2024-03-24T20:40:44.371+0800][2838.395s] GC(1091) User=0.00s Sys=0.00s Real=0.00s
[2024-03-24T20:40:46.271+0800][2840.300s] GC(1092) Pause Young (Normal) (G1 Evacuation Pause)
[2024-03-24T20:40:46.271+0800][2840.300s] GC(1092) Using 8 workers of 8 for evacuation
[2024-03-24T20:40:46.278+0800][2840.303s] GC(1092)   Pre Evacuate Collection Set: 0.4ms
[2024-03-24T20:40:46.278+0800][2840.303s] GC(1092)   Merge Heap Roots: 0.1ms
[2024-03-24T20:40:46.278+0800][2840.303s] GC(1092)   Evacuate Collection Set: 1.7ms
[2024-03-24T20:40:46.278+0800][2840.303s] GC(1092)   Post Evacuate Collection Set: 0.8ms
[2024-03-24T20:40:46.278+0800][2840.303s] GC(1092)   Other: 0.1ms
[2024-03-24T20:40:46.278+0800][2840.303s] GC(1092) Eden regions: 305->0(305)
[2024-03-24T20:40:46.278+0800][2840.303s] GC(1092) Survivor regions: 2->2(39)
[2024-03-24T20:40:46.278+0800][2840.303s] GC(1092) Old regions: 60->60
[2024-03-24T20:40:46.278+0800][2840.303s] GC(1092) Humongous regions: 4->4
[2024-03-24T20:40:46.278+0800][2840.303s] GC(1092) Metaspace: 65925K(66688K)->65925K(66688K) NonClass: 58528K(58944K)->58528K(58944K) Class: 7397K(7744K)->7397K(7744K)
[2024-03-24T20:40:46.278+0800][2840.304s] GC(1092) Pause Young (Normal) (G1 Evacuation Pause) 369M->64M(512M) 3.570ms
[2024-03-24T20:40:46.278+0800][2840.304s] GC(1092) User=0.00s Sys=0.00s Real=0.01s
[2024-03-24T20:40:48.077+0800][2842.103s] GC(1093) Pause Young (Normal) (G1 Evacuation Pause)
[2024-03-24T20:40:48.077+0800][2842.103s] GC(1093) Using 8 workers of 8 for evacuation
[2024-03-24T20:40:48.077+0800][2842.108s] GC(1093)   Pre Evacuate Collection Set: 0.4ms
[2024-03-24T20:40:48.077+0800][2842.108s] GC(1093)   Merge Heap Roots: 0.2ms
[2024-03-24T20:40:48.077+0800][2842.108s] GC(1093)   Evacuate Collection Set: 2.6ms
[2024-03-24T20:40:48.077+0800][2842.108s] GC(1093)   Post Evacuate Collection Set: 1.1ms
[2024-03-24T20:40:48.077+0800][2842.108s] GC(1093)   Other: 0.2ms
[2024-03-24T20:40:48.077+0800][2842.108s] GC(1093) Eden regions: 305->0(305)
[2024-03-24T20:40:48.077+0800][2842.108s] GC(1093) Survivor regions: 2->2(39)
[2024-03-24T20:40:48.077+0800][2842.108s] GC(1093) Old regions: 60->60
[2024-03-24T20:40:48.077+0800][2842.108s] GC(1093) Humongous regions: 4->4
[2024-03-24T20:40:48.077+0800][2842.108s] GC(1093) Metaspace: 65925K(66688K)->65925K(66688K) NonClass: 58528K(58944K)->58528K(58944K) Class: 7397K(7744K)->7397K(7744K)
[2024-03-24T20:40:48.077+0800][2842.108s] GC(1093) Pause Young (Normal) (G1 Evacuation Pause) 369M->64M(512M) 5.130ms
[2024-03-24T20:40:48.077+0800][2842.108s] GC(1093) User=0.00s Sys=0.00s Real=0.00s
[2024-03-24T20:40:49.783+0800][2843.806s] GC(1094) Pause Young (Normal) (G1 Evacuation Pause)
[2024-03-24T20:40:49.783+0800][2843.806s] GC(1094) Using 8 workers of 8 for evacuation
[2024-03-24T20:40:49.787+0800][2843.810s] GC(1094)   Pre Evacuate Collection Set: 0.3ms
[2024-03-24T20:40:49.787+0800][2843.810s] GC(1094)   Merge Heap Roots: 0.1ms
[2024-03-24T20:40:49.787+0800][2843.810s] GC(1094)   Evacuate Collection Set: 2.1ms
[2024-03-24T20:40:49.787+0800][2843.810s] GC(1094)   Post Evacuate Collection Set: 1.2ms
[2024-03-24T20:40:49.787+0800][2843.810s] GC(1094)   Other: 0.1ms
[2024-03-24T20:40:49.787+0800][2843.810s] GC(1094) Eden regions: 305->0(305)
[2024-03-24T20:40:49.787+0800][2843.810s] GC(1094) Survivor regions: 2->2(39)
[2024-03-24T20:40:49.787+0800][2843.810s] GC(1094) Old regions: 60->60
[2024-03-24T20:40:49.787+0800][2843.810s] GC(1094) Humongous regions: 4->4
[2024-03-24T20:40:49.787+0800][2843.810s] GC(1094) Metaspace: 65925K(66688K)->65925K(66688K) NonClass: 58528K(58944K)->58528K(58944K) Class: 7397K(7744K)->7397K(7744K)
[2024-03-24T20:40:49.787+0800][2843.810s] GC(1094) Pause Young (Normal) (G1 Evacuation Pause) 369M->64M(512M) 4.290ms
[2024-03-24T20:40:49.787+0800][2843.810s] GC(1094) User=0.00s Sys=0.00s Real=0.00s
[2024-03-24T20:40:51.593+0800][2845.616s] GC(1095) Pause Young (Normal) (G1 Evacuation Pause)
[2024-03-24T20:40:51.593+0800][2845.617s] GC(1095) Using 8 workers of 8 for evacuation
[2024-03-24T20:40:51.593+0800][2845.620s] GC(1095)   Pre Evacuate Collection Set: 0.4ms
[2024-03-24T20:40:51.593+0800][2845.621s] GC(1095)   Merge Heap Roots: 0.1ms
[2024-03-24T20:40:51.593+0800][2845.621s] GC(1095)   Evacuate Collection Set: 2.1ms
[2024-03-24T20:40:51.593+0800][2845.621s] GC(1095)   Post Evacuate Collection Set: 1.2ms
[2024-03-24T20:40:51.593+0800][2845.621s] GC(1095)   Other: 0.2ms
[2024-03-24T20:40:51.593+0800][2845.621s] GC(1095) Eden regions: 305->0(305)
[2024-03-24T20:40:51.593+0800][2845.621s] GC(1095) Survivor regions: 2->2(39)
[2024-03-24T20:40:51.593+0800][2845.621s] GC(1095) Old regions: 60->60
[2024-03-24T20:40:51.593+0800][2845.621s] GC(1095) Humongous regions: 4->4
[2024-03-24T20:40:51.593+0800][2845.621s] GC(1095) Metaspace: 66012K(66688K)->66012K(66688K) NonClass: 58601K(58944K)->58601K(58944K) Class: 7410K(7744K)->7410K(7744K)
[2024-03-24T20:40:51.593+0800][2845.621s] GC(1095) Pause Young (Normal) (G1 Evacuation Pause) 369M->64M(512M) 4.642ms
[2024-03-24T20:40:51.593+0800][2845.621s] GC(1095) User=0.00s Sys=0.00s Real=0.00s
[2024-03-24T20:40:53.453+0800][2847.485s] GC(1096) Pause Young (Normal) (G1 Evacuation Pause)
[2024-03-24T20:40:53.453+0800][2847.485s] GC(1096) Using 8 workers of 8 for evacuation
[2024-03-24T20:40:53.465+0800][2847.488s] GC(1096)   Pre Evacuate Collection Set: 0.2ms
[2024-03-24T20:40:53.465+0800][2847.488s] GC(1096)   Merge Heap Roots: 0.1ms
[2024-03-24T20:40:53.465+0800][2847.488s] GC(1096)   Evacuate Collection Set: 1.8ms
[2024-03-24T20:40:53.465+0800][2847.488s] GC(1096)   Post Evacuate Collection Set: 1.1ms
[2024-03-24T20:40:53.465+0800][2847.488s] GC(1096)   Other: 0.1ms
[2024-03-24T20:40:53.465+0800][2847.488s] GC(1096) Eden regions: 305->0(305)
[2024-03-24T20:40:53.465+0800][2847.488s] GC(1096) Survivor regions: 2->2(39)
[2024-03-24T20:40:53.465+0800][2847.488s] GC(1096) Old regions: 60->60
[2024-03-24T20:40:53.465+0800][2847.488s] GC(1096) Humongous regions: 4->4
[2024-03-24T20:40:53.465+0800][2847.488s] GC(1096) Metaspace: 66029K(66688K)->66029K(66688K) NonClass: 58616K(58944K)->58616K(58944K) Class: 7413K(7744K)->7413K(7744K)
[2024-03-24T20:40:53.465+0800][2847.489s] GC(1096) Pause Young (Normal) (G1 Evacuation Pause) 369M->64M(512M) 3.954ms
[2024-03-24T20:40:53.465+0800][2847.489s] GC(1096) User=0.02s Sys=0.00s Real=0.01s
[2024-03-24T20:40:55.159+0800][2849.183s] GC(1097) Pause Young (Normal) (G1 Evacuation Pause)
[2024-03-24T20:40:55.159+0800][2849.183s] GC(1097) Using 8 workers of 8 for evacuation
[2024-03-24T20:40:55.159+0800][2849.186s] GC(1097)   Pre Evacuate Collection Set: 0.2ms
[2024-03-24T20:40:55.159+0800][2849.186s] GC(1097)   Merge Heap Roots: 0.1ms
[2024-03-24T20:40:55.159+0800][2849.186s] GC(1097)   Evacuate Collection Set: 1.9ms
[2024-03-24T20:40:55.159+0800][2849.186s] GC(1097)   Post Evacuate Collection Set: 0.5ms
[2024-03-24T20:40:55.159+0800][2849.186s] GC(1097)   Other: 0.1ms
[2024-03-24T20:40:55.159+0800][2849.186s] GC(1097) Eden regions: 305->0(305)
[2024-03-24T20:40:55.159+0800][2849.186s] GC(1097) Survivor regions: 2->2(39)
[2024-03-24T20:40:55.159+0800][2849.186s] GC(1097) Old regions: 60->60
[2024-03-24T20:40:55.159+0800][2849.186s] GC(1097) Humongous regions: 4->4
[2024-03-24T20:40:55.159+0800][2849.186s] GC(1097) Metaspace: 66030K(66688K)->66030K(66688K) NonClass: 58617K(58944K)->58617K(58944K) Class: 7413K(7744K)->7413K(7744K)
[2024-03-24T20:40:55.159+0800][2849.186s] GC(1097) Pause Young (Normal) (G1 Evacuation Pause) 369M->64M(512M) 3.360ms
[2024-03-24T20:40:55.159+0800][2849.186s] GC(1097) User=0.02s Sys=0.00s Real=0.00s
[2024-03-24T20:40:56.798+0800][2850.826s] GC(1098) Pause Young (Normal) (G1 Evacuation Pause)
[2024-03-24T20:40:56.798+0800][2850.826s] GC(1098) Using 8 workers of 8 for evacuation
[2024-03-24T20:40:56.805+0800][2850.829s] GC(1098)   Pre Evacuate Collection Set: 0.5ms
[2024-03-24T20:40:56.805+0800][2850.829s] GC(1098)   Merge Heap Roots: 0.1ms
[2024-03-24T20:40:56.805+0800][2850.829s] GC(1098)   Evacuate Collection Set: 1.6ms
[2024-03-24T20:40:56.805+0800][2850.829s] GC(1098)   Post Evacuate Collection Set: 0.8ms
[2024-03-24T20:40:56.805+0800][2850.830s] GC(1098)   Other: 0.2ms
[2024-03-24T20:40:56.805+0800][2850.830s] GC(1098) Eden regions: 305->0(305)
[2024-03-24T20:40:56.805+0800][2850.830s] GC(1098) Survivor regions: 2->2(39)
[2024-03-24T20:40:56.805+0800][2850.830s] GC(1098) Old regions: 60->60
[2024-03-24T20:40:56.805+0800][2850.830s] GC(1098) Humongous regions: 4->4
[2024-03-24T20:40:56.805+0800][2850.830s] GC(1098) Metaspace: 66030K(66688K)->66030K(66688K) NonClass: 58617K(58944K)->58617K(58944K) Class: 7413K(7744K)->7413K(7744K)
[2024-03-24T20:40:56.805+0800][2850.830s] GC(1098) Pause Young (Normal) (G1 Evacuation Pause) 369M->64M(512M) 3.953ms
[2024-03-24T20:40:56.805+0800][2850.830s] GC(1098) User=0.00s Sys=0.00s Real=0.01s
[2024-03-24T20:40:58.582+0800][2852.605s] GC(1099) Pause Young (Normal) (G1 Evacuation Pause)
[2024-03-24T20:40:58.582+0800][2852.605s] GC(1099) Using 8 workers of 8 for evacuation
[2024-03-24T20:40:58.582+0800][2852.608s] GC(1099)   Pre Evacuate Collection Set: 0.2ms
[2024-03-24T20:40:58.582+0800][2852.608s] GC(1099)   Merge Heap Roots: 0.1ms
[2024-03-24T20:40:58.582+0800][2852.608s] GC(1099)   Evacuate Collection Set: 1.9ms
[2024-03-24T20:40:58.582+0800][2852.609s] GC(1099)   Post Evacuate Collection Set: 0.7ms
[2024-03-24T20:40:58.582+0800][2852.609s] GC(1099)   Other: 0.1ms
[2024-03-24T20:40:58.582+0800][2852.609s] GC(1099) Eden regions: 305->0(305)
[2024-03-24T20:40:58.582+0800][2852.609s] GC(1099) Survivor regions: 2->2(39)
[2024-03-24T20:40:58.582+0800][2852.609s] GC(1099) Old regions: 60->60
[2024-03-24T20:40:58.582+0800][2852.609s] GC(1099) Humongous regions: 4->4
[2024-03-24T20:40:58.582+0800][2852.609s] GC(1099) Metaspace: 66030K(66688K)->66030K(66688K) NonClass: 58617K(58944K)->58617K(58944K) Class: 7413K(7744K)->7413K(7744K)
[2024-03-24T20:40:58.582+0800][2852.609s] GC(1099) Pause Young (Normal) (G1 Evacuation Pause) 369M->64M(512M) 3.602ms
[2024-03-24T20:40:58.582+0800][2852.609s] GC(1099) User=0.00s Sys=0.00s Real=0.00s
[2024-03-24T20:41:00.384+0800][2854.407s] GC(1100) Pause Young (Normal) (G1 Evacuation Pause)
[2024-03-24T20:41:00.384+0800][2854.407s] GC(1100) Using 8 workers of 8 for evacuation
[2024-03-24T20:41:00.385+0800][2854.409s] GC(1100)   Pre Evacuate Collection Set: 0.3ms
[2024-03-24T20:41:00.385+0800][2854.410s] GC(1100)   Merge Heap Roots: 0.1ms
[2024-03-24T20:41:00.385+0800][2854.410s] GC(1100)   Evacuate Collection Set: 1.4ms
[2024-03-24T20:41:00.385+0800][2854.410s] GC(1100)   Post Evacuate Collection Set: 0.6ms
[2024-03-24T20:41:00.385+0800][2854.410s] GC(1100)   Other: 0.1ms
[2024-03-24T20:41:00.385+0800][2854.410s] GC(1100) Eden regions: 305->0(305)
[2024-03-24T20:41:00.385+0800][2854.410s] GC(1100) Survivor regions: 2->2(39)
[2024-03-24T20:41:00.385+0800][2854.410s] GC(1100) Old regions: 60->60
[2024-03-24T20:41:00.385+0800][2854.410s] GC(1100) Humongous regions: 4->4
[2024-03-24T20:41:00.385+0800][2854.410s] GC(1100) Metaspace: 66034K(66688K)->66034K(66688K) NonClass: 58621K(58944K)->58621K(58944K) Class: 7413K(7744K)->7413K(7744K)
[2024-03-24T20:41:00.385+0800][2854.410s] GC(1100) Pause Young (Normal) (G1 Evacuation Pause) 369M->65M(512M) 2.764ms
[2024-03-24T20:41:00.385+0800][2854.410s] GC(1100) User=0.06s Sys=0.00s Real=0.00s
[2024-03-24T20:41:02.116+0800][2856.140s] GC(1101) Pause Young (Normal) (G1 Evacuation Pause)
[2024-03-24T20:41:02.116+0800][2856.140s] GC(1101) Using 8 workers of 8 for evacuation
[2024-03-24T20:41:02.121+0800][2856.144s] GC(1101)   Pre Evacuate Collection Set: 0.6ms
[2024-03-24T20:41:02.121+0800][2856.144s] GC(1101)   Merge Heap Roots: 0.2ms
[2024-03-24T20:41:02.121+0800][2856.144s] GC(1101)   Evacuate Collection Set: 2.3ms
[2024-03-24T20:41:02.121+0800][2856.144s] GC(1101)   Post Evacuate Collection Set: 0.6ms
[2024-03-24T20:41:02.121+0800][2856.144s] GC(1101)   Other: 0.2ms
[2024-03-24T20:41:02.121+0800][2856.144s] GC(1101) Eden regions: 305->0(305)
[2024-03-24T20:41:02.121+0800][2856.144s] GC(1101) Survivor regions: 2->2(39)
[2024-03-24T20:41:02.121+0800][2856.144s] GC(1101) Old regions: 60->60
[2024-03-24T20:41:02.121+0800][2856.144s] GC(1101) Humongous regions: 4->4
[2024-03-24T20:41:02.121+0800][2856.144s] GC(1101) Metaspace: 66034K(66688K)->66034K(66688K) NonClass: 58621K(58944K)->58621K(58944K) Class: 7413K(7744K)->7413K(7744K)
[2024-03-24T20:41:02.121+0800][2856.144s] GC(1101) Pause Young (Normal) (G1 Evacuation Pause) 370M->64M(512M) 4.360ms
[2024-03-24T20:41:02.121+0800][2856.144s] GC(1101) User=0.02s Sys=0.00s Real=0.01s
[2024-03-24T20:41:03.932+0800][2857.958s] GC(1102) Pause Young (Normal) (G1 Evacuation Pause)
[2024-03-24T20:41:03.932+0800][2857.959s] GC(1102) Using 8 workers of 8 for evacuation
[2024-03-24T20:41:03.939+0800][2857.962s] GC(1102)   Pre Evacuate Collection Set: 0.3ms
[2024-03-24T20:41:03.939+0800][2857.962s] GC(1102)   Merge Heap Roots: 0.3ms
[2024-03-24T20:41:03.939+0800][2857.962s] GC(1102)   Evacuate Collection Set: 2.4ms
[2024-03-24T20:41:03.939+0800][2857.962s] GC(1102)   Post Evacuate Collection Set: 0.7ms
[2024-03-24T20:41:03.939+0800][2857.962s] GC(1102)   Other: 0.1ms
[2024-03-24T20:41:03.939+0800][2857.962s] GC(1102) Eden regions: 305->0(305)
[2024-03-24T20:41:03.939+0800][2857.962s] GC(1102) Survivor regions: 2->2(39)
[2024-03-24T20:41:03.939+0800][2857.962s] GC(1102) Old regions: 60->60
[2024-03-24T20:41:03.939+0800][2857.962s] GC(1102) Humongous regions: 4->4
[2024-03-24T20:41:03.939+0800][2857.962s] GC(1102) Metaspace: 66034K(66688K)->66034K(66688K) NonClass: 58621K(58944K)->58621K(58944K) Class: 7413K(7744K)->7413K(7744K)
[2024-03-24T20:41:03.939+0800][2857.963s] GC(1102) Pause Young (Normal) (G1 Evacuation Pause) 369M->64M(512M) 4.117ms
[2024-03-24T20:41:03.939+0800][2857.963s] GC(1102) User=0.00s Sys=0.00s Real=0.01s
[2024-03-24T20:41:05.648+0800][2859.675s] GC(1103) Pause Young (Normal) (G1 Evacuation Pause)
[2024-03-24T20:41:05.648+0800][2859.675s] GC(1103) Using 8 workers of 8 for evacuation
[2024-03-24T20:41:05.648+0800][2859.678s] GC(1103)   Pre Evacuate Collection Set: 0.2ms
[2024-03-24T20:41:05.648+0800][2859.678s] GC(1103)   Merge Heap Roots: 0.1ms
[2024-03-24T20:41:05.648+0800][2859.678s] GC(1103)   Evacuate Collection Set: 2.1ms
[2024-03-24T20:41:05.648+0800][2859.678s] GC(1103)   Post Evacuate Collection Set: 0.9ms
[2024-03-24T20:41:05.648+0800][2859.678s] GC(1103)   Other: 0.2ms
[2024-03-24T20:41:05.648+0800][2859.678s] GC(1103) Eden regions: 305->0(305)
[2024-03-24T20:41:05.648+0800][2859.678s] GC(1103) Survivor regions: 2->2(39)
[2024-03-24T20:41:05.648+0800][2859.678s] GC(1103) Old regions: 60->60
[2024-03-24T20:41:05.648+0800][2859.678s] GC(1103) Humongous regions: 4->4
[2024-03-24T20:41:05.648+0800][2859.679s] GC(1103) Metaspace: 66035K(66688K)->66035K(66688K) NonClass: 58621K(58944K)->58621K(58944K) Class: 7413K(7744K)->7413K(7744K)
[2024-03-24T20:41:05.648+0800][2859.679s] GC(1103) Pause Young (Normal) (G1 Evacuation Pause) 369M->64M(512M) 4.028ms
[2024-03-24T20:41:05.648+0800][2859.679s] GC(1103) User=0.00s Sys=0.00s Real=0.00s
[2024-03-24T20:41:07.473+0800][2861.498s] GC(1104) Pause Young (Normal) (G1 Evacuation Pause)
[2024-03-24T20:41:07.473+0800][2861.498s] GC(1104) Using 8 workers of 8 for evacuation
[2024-03-24T20:41:07.473+0800][2861.502s] GC(1104)   Pre Evacuate Collection Set: 0.3ms
[2024-03-24T20:41:07.473+0800][2861.502s] GC(1104)   Merge Heap Roots: 0.1ms
[2024-03-24T20:41:07.473+0800][2861.502s] GC(1104)   Evacuate Collection Set: 1.6ms
[2024-03-24T20:41:07.473+0800][2861.502s] GC(1104)   Post Evacuate Collection Set: 1.5ms
[2024-03-24T20:41:07.473+0800][2861.502s] GC(1104)   Other: 0.3ms
[2024-03-24T20:41:07.473+0800][2861.502s] GC(1104) Eden regions: 305->0(305)
[2024-03-24T20:41:07.473+0800][2861.502s] GC(1104) Survivor regions: 2->2(39)
[2024-03-24T20:41:07.473+0800][2861.502s] GC(1104) Old regions: 60->60
[2024-03-24T20:41:07.473+0800][2861.502s] GC(1104) Humongous regions: 4->4
[2024-03-24T20:41:07.473+0800][2861.502s] GC(1104) Metaspace: 66035K(66688K)->66035K(66688K) NonClass: 58621K(58944K)->58621K(58944K) Class: 7413K(7744K)->7413K(7744K)
[2024-03-24T20:41:07.473+0800][2861.502s] GC(1104) Pause Young (Normal) (G1 Evacuation Pause) 369M->64M(512M) 4.427ms
[2024-03-24T20:41:07.473+0800][2861.502s] GC(1104) User=0.00s Sys=0.00s Real=0.00s
[2024-03-24T20:41:09.260+0800][2863.283s] GC(1105) Pause Young (Normal) (G1 Evacuation Pause)
[2024-03-24T20:41:09.260+0800][2863.283s] GC(1105) Using 8 workers of 8 for evacuation
[2024-03-24T20:41:09.262+0800][2863.287s] GC(1105)   Pre Evacuate Collection Set: 0.1ms
[2024-03-24T20:41:09.262+0800][2863.287s] GC(1105)   Merge Heap Roots: 0.1ms
[2024-03-24T20:41:09.262+0800][2863.287s] GC(1105)   Evacuate Collection Set: 1.6ms
[2024-03-24T20:41:09.262+0800][2863.287s] GC(1105)   Post Evacuate Collection Set: 1.5ms
[2024-03-24T20:41:09.262+0800][2863.287s] GC(1105)   Other: 0.2ms
[2024-03-24T20:41:09.262+0800][2863.287s] GC(1105) Eden regions: 305->0(305)
[2024-03-24T20:41:09.262+0800][2863.287s] GC(1105) Survivor regions: 2->2(39)
[2024-03-24T20:41:09.262+0800][2863.287s] GC(1105) Old regions: 60->60
[2024-03-24T20:41:09.262+0800][2863.287s] GC(1105) Humongous regions: 4->4
[2024-03-24T20:41:09.262+0800][2863.287s] GC(1105) Metaspace: 66035K(66688K)->66035K(66688K) NonClass: 58621K(58944K)->58621K(58944K) Class: 7413K(7744K)->7413K(7744K)
[2024-03-24T20:41:09.262+0800][2863.287s] GC(1105) Pause Young (Normal) (G1 Evacuation Pause) 369M->64M(512M) 4.017ms
[2024-03-24T20:41:09.262+0800][2863.287s] GC(1105) User=0.00s Sys=0.00s Real=0.00s
[2024-03-24T20:41:11.162+0800][2865.190s] GC(1106) Pause Young (Normal) (G1 Evacuation Pause)
[2024-03-24T20:41:11.162+0800][2865.190s] GC(1106) Using 8 workers of 8 for evacuation
[2024-03-24T20:41:11.170+0800][2865.193s] GC(1106)   Pre Evacuate Collection Set: 0.2ms
[2024-03-24T20:41:11.170+0800][2865.193s] GC(1106)   Merge Heap Roots: 0.2ms
[2024-03-24T20:41:11.170+0800][2865.193s] GC(1106)   Evacuate Collection Set: 2.0ms
[2024-03-24T20:41:11.170+0800][2865.193s] GC(1106)   Post Evacuate Collection Set: 0.7ms
[2024-03-24T20:41:11.170+0800][2865.193s] GC(1106)   Other: 0.1ms
[2024-03-24T20:41:11.170+0800][2865.193s] GC(1106) Eden regions: 305->0(305)
[2024-03-24T20:41:11.170+0800][2865.193s] GC(1106) Survivor regions: 2->2(39)
[2024-03-24T20:41:11.170+0800][2865.193s] GC(1106) Old regions: 60->60
[2024-03-24T20:41:11.170+0800][2865.193s] GC(1106) Humongous regions: 4->4
[2024-03-24T20:41:11.170+0800][2865.193s] GC(1106) Metaspace: 66035K(66688K)->66035K(66688K) NonClass: 58621K(58944K)->58621K(58944K) Class: 7413K(7744K)->7413K(7744K)
[2024-03-24T20:41:11.170+0800][2865.193s] GC(1106) Pause Young (Normal) (G1 Evacuation Pause) 369M->64M(512M) 3.610ms
[2024-03-24T20:41:11.170+0800][2865.193s] GC(1106) User=0.00s Sys=0.00s Real=0.01s
[2024-03-24T20:41:12.949+0800][2866.973s] GC(1107) Pause Young (Normal) (G1 Evacuation Pause)
[2024-03-24T20:41:12.949+0800][2866.973s] GC(1107) Using 8 workers of 8 for evacuation
[2024-03-24T20:41:12.954+0800][2866.977s] GC(1107)   Pre Evacuate Collection Set: 0.3ms
[2024-03-24T20:41:12.954+0800][2866.977s] GC(1107)   Merge Heap Roots: 0.2ms
[2024-03-24T20:41:12.954+0800][2866.977s] GC(1107)   Evacuate Collection Set: 2.5ms
[2024-03-24T20:41:12.954+0800][2866.977s] GC(1107)   Post Evacuate Collection Set: 0.7ms
[2024-03-24T20:41:12.954+0800][2866.977s] GC(1107)   Other: 0.1ms
[2024-03-24T20:41:12.954+0800][2866.977s] GC(1107) Eden regions: 305->0(305)
[2024-03-24T20:41:12.954+0800][2866.977s] GC(1107) Survivor regions: 2->2(39)
[2024-03-24T20:41:12.954+0800][2866.977s] GC(1107) Old regions: 60->60
[2024-03-24T20:41:12.954+0800][2866.977s] GC(1107) Humongous regions: 4->4
[2024-03-24T20:41:12.954+0800][2866.977s] GC(1107) Metaspace: 66035K(66688K)->66035K(66688K) NonClass: 58621K(58944K)->58621K(58944K) Class: 7413K(7744K)->7413K(7744K)
[2024-03-24T20:41:12.954+0800][2866.977s] GC(1107) Pause Young (Normal) (G1 Evacuation Pause) 369M->64M(512M) 4.093ms
[2024-03-24T20:41:12.954+0800][2866.977s] GC(1107) User=0.00s Sys=0.00s Real=0.01s
[2024-03-24T20:41:14.750+0800][2868.778s] GC(1108) Pause Young (Normal) (G1 Evacuation Pause)
[2024-03-24T20:41:14.750+0800][2868.779s] GC(1108) Using 8 workers of 8 for evacuation
[2024-03-24T20:41:14.758+0800][2868.781s] GC(1108)   Pre Evacuate Collection Set: 0.2ms
[2024-03-24T20:41:14.758+0800][2868.781s] GC(1108)   Merge Heap Roots: 0.2ms
[2024-03-24T20:41:14.758+0800][2868.781s] GC(1108)   Evacuate Collection Set: 1.6ms
[2024-03-24T20:41:14.758+0800][2868.781s] GC(1108)   Post Evacuate Collection Set: 0.5ms
[2024-03-24T20:41:14.758+0800][2868.781s] GC(1108)   Other: 0.1ms
[2024-03-24T20:41:14.758+0800][2868.781s] GC(1108) Eden regions: 305->0(305)
[2024-03-24T20:41:14.758+0800][2868.781s] GC(1108) Survivor regions: 2->2(39)
[2024-03-24T20:41:14.758+0800][2868.781s] GC(1108) Old regions: 60->60
[2024-03-24T20:41:14.758+0800][2868.781s] GC(1108) Humongous regions: 4->4
[2024-03-24T20:41:14.758+0800][2868.781s] GC(1108) Metaspace: 66035K(66688K)->66035K(66688K) NonClass: 58621K(58944K)->58621K(58944K) Class: 7413K(7744K)->7413K(7744K)
[2024-03-24T20:41:14.758+0800][2868.781s] GC(1108) Pause Young (Normal) (G1 Evacuation Pause) 369M->64M(512M) 2.840ms
[2024-03-24T20:41:14.758+0800][2868.781s] GC(1108) User=0.00s Sys=0.00s Real=0.01s
[2024-03-24T20:41:16.581+0800][2870.604s] GC(1109) Pause Young (Normal) (G1 Evacuation Pause)
[2024-03-24T20:41:16.581+0800][2870.604s] GC(1109) Using 8 workers of 8 for evacuation
[2024-03-24T20:41:16.585+0800][2870.609s] GC(1109)   Pre Evacuate Collection Set: 0.3ms
[2024-03-24T20:41:16.585+0800][2870.609s] GC(1109)   Merge Heap Roots: 0.1ms
[2024-03-24T20:41:16.585+0800][2870.609s] GC(1109)   Evacuate Collection Set: 2.8ms
[2024-03-24T20:41:16.585+0800][2870.609s] GC(1109)   Post Evacuate Collection Set: 1.1ms
[2024-03-24T20:41:16.585+0800][2870.609s] GC(1109)   Other: 0.1ms
[2024-03-24T20:41:16.585+0800][2870.609s] GC(1109) Eden regions: 305->0(305)
[2024-03-24T20:41:16.585+0800][2870.609s] GC(1109) Survivor regions: 2->2(39)
[2024-03-24T20:41:16.585+0800][2870.609s] GC(1109) Old regions: 60->60
[2024-03-24T20:41:16.587+0800][2870.609s] GC(1109) Humongous regions: 4->4
[2024-03-24T20:41:16.587+0800][2870.609s] GC(1109) Metaspace: 66035K(66688K)->66035K(66688K) NonClass: 58621K(58944K)->58621K(58944K) Class: 7413K(7744K)->7413K(7744K)
[2024-03-24T20:41:16.587+0800][2870.609s] GC(1109) Pause Young (Normal) (G1 Evacuation Pause) 369M->64M(512M) 5.028ms
[2024-03-24T20:41:16.587+0800][2870.609s] GC(1109) User=0.00s Sys=0.00s Real=0.01s
[2024-03-24T20:41:18.453+0800][2872.476s] GC(1110) Pause Young (Normal) (G1 Evacuation Pause)
[2024-03-24T20:41:18.453+0800][2872.476s] GC(1110) Using 8 workers of 8 for evacuation
[2024-03-24T20:41:18.458+0800][2872.480s] GC(1110)   Pre Evacuate Collection Set: 0.5ms
[2024-03-24T20:41:18.458+0800][2872.480s] GC(1110)   Merge Heap Roots: 0.1ms
[2024-03-24T20:41:18.458+0800][2872.480s] GC(1110)   Evacuate Collection Set: 2.5ms
[2024-03-24T20:41:18.458+0800][2872.480s] GC(1110)   Post Evacuate Collection Set: 0.7ms
[2024-03-24T20:41:18.458+0800][2872.481s] GC(1110)   Other: 0.2ms
[2024-03-24T20:41:18.458+0800][2872.481s] GC(1110) Eden regions: 305->0(305)
[2024-03-24T20:41:18.458+0800][2872.481s] GC(1110) Survivor regions: 2->2(39)
[2024-03-24T20:41:18.458+0800][2872.481s] GC(1110) Old regions: 60->60
[2024-03-24T20:41:18.458+0800][2872.481s] GC(1110) Humongous regions: 4->4
[2024-03-24T20:41:18.458+0800][2872.481s] GC(1110) Metaspace: 66035K(66688K)->66035K(66688K) NonClass: 58621K(58944K)->58621K(58944K) Class: 7413K(7744K)->7413K(7744K)
[2024-03-24T20:41:18.458+0800][2872.481s] GC(1110) Pause Young (Normal) (G1 Evacuation Pause) 369M->64M(512M) 4.410ms
[2024-03-24T20:41:18.458+0800][2872.481s] GC(1110) User=0.00s Sys=0.00s Real=0.00s
[2024-03-24T20:41:20.096+0800][2874.128s] GC(1111) Pause Young (Normal) (G1 Evacuation Pause)
[2024-03-24T20:41:20.096+0800][2874.128s] GC(1111) Using 8 workers of 8 for evacuation
[2024-03-24T20:41:20.107+0800][2874.131s] GC(1111)   Pre Evacuate Collection Set: 0.2ms
[2024-03-24T20:41:20.107+0800][2874.131s] GC(1111)   Merge Heap Roots: 0.1ms
[2024-03-24T20:41:20.107+0800][2874.131s] GC(1111)   Evacuate Collection Set: 1.8ms
[2024-03-24T20:41:20.107+0800][2874.131s] GC(1111)   Post Evacuate Collection Set: 0.6ms
[2024-03-24T20:41:20.107+0800][2874.131s] GC(1111)   Other: 0.1ms
[2024-03-24T20:41:20.107+0800][2874.131s] GC(1111) Eden regions: 305->0(305)
[2024-03-24T20:41:20.107+0800][2874.131s] GC(1111) Survivor regions: 2->2(39)
[2024-03-24T20:41:20.107+0800][2874.131s] GC(1111) Old regions: 60->60
[2024-03-24T20:41:20.107+0800][2874.131s] GC(1111) Humongous regions: 4->4
[2024-03-24T20:41:20.107+0800][2874.131s] GC(1111) Metaspace: 66035K(66688K)->66035K(66688K) NonClass: 58621K(58944K)->58621K(58944K) Class: 7413K(7744K)->7413K(7744K)
[2024-03-24T20:41:20.107+0800][2874.131s] GC(1111) Pause Young (Normal) (G1 Evacuation Pause) 369M->65M(512M) 3.192ms
[2024-03-24T20:41:20.109+0800][2874.131s] GC(1111) User=0.02s Sys=0.00s Real=0.01s
[2024-03-24T20:41:21.941+0800][2875.969s] GC(1112) Pause Young (Normal) (G1 Evacuation Pause)
[2024-03-24T20:41:21.941+0800][2875.969s] GC(1112) Using 8 workers of 8 for evacuation
[2024-03-24T20:41:21.941+0800][2875.972s] GC(1112)   Pre Evacuate Collection Set: 0.2ms
[2024-03-24T20:41:21.941+0800][2875.972s] GC(1112)   Merge Heap Roots: 0.1ms
[2024-03-24T20:41:21.941+0800][2875.972s] GC(1112)   Evacuate Collection Set: 1.8ms
[2024-03-24T20:41:21.941+0800][2875.972s] GC(1112)   Post Evacuate Collection Set: 0.7ms
[2024-03-24T20:41:21.941+0800][2875.972s] GC(1112)   Other: 0.1ms
[2024-03-24T20:41:21.941+0800][2875.972s] GC(1112) Eden regions: 305->0(305)
[2024-03-24T20:41:21.941+0800][2875.972s] GC(1112) Survivor regions: 2->2(39)
[2024-03-24T20:41:21.941+0800][2875.972s] GC(1112) Old regions: 60->60
[2024-03-24T20:41:21.941+0800][2875.972s] GC(1112) Humongous regions: 4->4
[2024-03-24T20:41:21.941+0800][2875.972s] GC(1112) Metaspace: 66035K(66688K)->66035K(66688K) NonClass: 58621K(58944K)->58621K(58944K) Class: 7413K(7744K)->7413K(7744K)
[2024-03-24T20:41:21.941+0800][2875.972s] GC(1112) Pause Young (Normal) (G1 Evacuation Pause) 370M->64M(512M) 3.311ms
[2024-03-24T20:41:21.941+0800][2875.972s] GC(1112) User=0.00s Sys=0.00s Real=0.00s
[2024-03-24T20:41:23.664+0800][2877.692s] GC(1113) Pause Young (Normal) (G1 Evacuation Pause)
[2024-03-24T20:41:23.664+0800][2877.692s] GC(1113) Using 8 workers of 8 for evacuation
[2024-03-24T20:41:23.671+0800][2877.695s] GC(1113)   Pre Evacuate Collection Set: 0.3ms
[2024-03-24T20:41:23.671+0800][2877.695s] GC(1113)   Merge Heap Roots: 0.2ms
[2024-03-24T20:41:23.671+0800][2877.695s] GC(1113)   Evacuate Collection Set: 1.5ms
[2024-03-24T20:41:23.671+0800][2877.695s] GC(1113)   Post Evacuate Collection Set: 0.7ms
[2024-03-24T20:41:23.671+0800][2877.695s] GC(1113)   Other: 0.1ms
[2024-03-24T20:41:23.671+0800][2877.695s] GC(1113) Eden regions: 305->0(305)
[2024-03-24T20:41:23.671+0800][2877.695s] GC(1113) Survivor regions: 2->2(39)
[2024-03-24T20:41:23.671+0800][2877.695s] GC(1113) Old regions: 60->60
[2024-03-24T20:41:23.671+0800][2877.695s] GC(1113) Humongous regions: 4->4
[2024-03-24T20:41:23.671+0800][2877.695s] GC(1113) Metaspace: 66035K(66688K)->66035K(66688K) NonClass: 58621K(58944K)->58621K(58944K) Class: 7413K(7744K)->7413K(7744K)
[2024-03-24T20:41:23.671+0800][2877.695s] GC(1113) Pause Young (Normal) (G1 Evacuation Pause) 369M->64M(512M) 3.309ms
[2024-03-24T20:41:23.671+0800][2877.695s] GC(1113) User=0.06s Sys=0.00s Real=0.01s
[2024-03-24T20:41:25.364+0800][2879.389s] GC(1114) Pause Young (Normal) (G1 Evacuation Pause)
[2024-03-24T20:41:25.364+0800][2879.389s] GC(1114) Using 8 workers of 8 for evacuation
[2024-03-24T20:41:25.364+0800][2879.392s] GC(1114)   Pre Evacuate Collection Set: 0.3ms
[2024-03-24T20:41:25.364+0800][2879.392s] GC(1114)   Merge Heap Roots: 0.1ms
[2024-03-24T20:41:25.364+0800][2879.392s] GC(1114)   Evacuate Collection Set: 1.6ms
[2024-03-24T20:41:25.364+0800][2879.392s] GC(1114)   Post Evacuate Collection Set: 0.5ms
[2024-03-24T20:41:25.364+0800][2879.392s] GC(1114)   Other: 0.1ms
[2024-03-24T20:41:25.369+0800][2879.392s] GC(1114) Eden regions: 305->0(305)
[2024-03-24T20:41:25.369+0800][2879.392s] GC(1114) Survivor regions: 2->2(39)
[2024-03-24T20:41:25.369+0800][2879.392s] GC(1114) Old regions: 60->60
[2024-03-24T20:41:25.369+0800][2879.392s] GC(1114) Humongous regions: 4->4
[2024-03-24T20:41:25.369+0800][2879.392s] GC(1114) Metaspace: 66035K(66688K)->66035K(66688K) NonClass: 58621K(58944K)->58621K(58944K) Class: 7413K(7744K)->7413K(7744K)
[2024-03-24T20:41:25.369+0800][2879.392s] GC(1114) Pause Young (Normal) (G1 Evacuation Pause) 369M->64M(512M) 3.039ms
[2024-03-24T20:41:25.369+0800][2879.392s] GC(1114) User=0.00s Sys=0.00s Real=0.00s
[2024-03-24T20:41:27.054+0800][2881.077s] GC(1115) Pause Young (Normal) (G1 Evacuation Pause)
[2024-03-24T20:41:27.054+0800][2881.077s] GC(1115) Using 8 workers of 8 for evacuation
[2024-03-24T20:41:27.058+0800][2881.081s] GC(1115)   Pre Evacuate Collection Set: 0.2ms
[2024-03-24T20:41:27.058+0800][2881.082s] GC(1115)   Merge Heap Roots: 0.1ms
[2024-03-24T20:41:27.058+0800][2881.082s] GC(1115)   Evacuate Collection Set: 3.0ms
[2024-03-24T20:41:27.058+0800][2881.082s] GC(1115)   Post Evacuate Collection Set: 0.9ms
[2024-03-24T20:41:27.058+0800][2881.082s] GC(1115)   Other: 0.2ms
[2024-03-24T20:41:27.058+0800][2881.082s] GC(1115) Eden regions: 305->0(305)
[2024-03-24T20:41:27.058+0800][2881.082s] GC(1115) Survivor regions: 2->2(39)
[2024-03-24T20:41:27.058+0800][2881.082s] GC(1115) Old regions: 60->60
[2024-03-24T20:41:27.058+0800][2881.082s] GC(1115) Humongous regions: 4->4
[2024-03-24T20:41:27.058+0800][2881.082s] GC(1115) Metaspace: 66035K(66688K)->66035K(66688K) NonClass: 58621K(58944K)->58621K(58944K) Class: 7413K(7744K)->7413K(7744K)
[2024-03-24T20:41:27.058+0800][2881.082s] GC(1115) Pause Young (Normal) (G1 Evacuation Pause) 369M->64M(512M) 5.412ms
[2024-03-24T20:41:27.058+0800][2881.082s] GC(1115) User=0.02s Sys=0.00s Real=0.00s
[2024-03-24T20:41:28.690+0800][2882.717s] GC(1116) Pause Young (Normal) (G1 Evacuation Pause)
[2024-03-24T20:41:28.694+0800][2882.717s] GC(1116) Using 8 workers of 8 for evacuation
[2024-03-24T20:41:28.696+0800][2882.720s] GC(1116)   Pre Evacuate Collection Set: 0.2ms
[2024-03-24T20:41:28.696+0800][2882.720s] GC(1116)   Merge Heap Roots: 0.1ms
[2024-03-24T20:41:28.696+0800][2882.720s] GC(1116)   Evacuate Collection Set: 1.3ms
[2024-03-24T20:41:28.696+0800][2882.720s] GC(1116)   Post Evacuate Collection Set: 0.8ms
[2024-03-24T20:41:28.696+0800][2882.720s] GC(1116)   Other: 0.1ms
[2024-03-24T20:41:28.696+0800][2882.720s] GC(1116) Eden regions: 305->0(305)
[2024-03-24T20:41:28.696+0800][2882.720s] GC(1116) Survivor regions: 2->2(39)
[2024-03-24T20:41:28.696+0800][2882.720s] GC(1116) Old regions: 60->60
[2024-03-24T20:41:28.696+0800][2882.720s] GC(1116) Humongous regions: 4->4
[2024-03-24T20:41:28.696+0800][2882.720s] GC(1116) Metaspace: 66035K(66688K)->66035K(66688K) NonClass: 58621K(58944K)->58621K(58944K) Class: 7413K(7744K)->7413K(7744K)
[2024-03-24T20:41:28.696+0800][2882.720s] GC(1116) Pause Young (Normal) (G1 Evacuation Pause) 369M->65M(512M) 2.918ms
[2024-03-24T20:41:28.696+0800][2882.720s] GC(1116) User=0.00s Sys=0.00s Real=0.01s
[2024-03-24T20:41:30.517+0800][2884.540s] GC(1117) Pause Young (Normal) (G1 Evacuation Pause)
[2024-03-24T20:41:30.517+0800][2884.540s] GC(1117) Using 8 workers of 8 for evacuation
[2024-03-24T20:41:30.519+0800][2884.544s] GC(1117)   Pre Evacuate Collection Set: 0.3ms
[2024-03-24T20:41:30.519+0800][2884.544s] GC(1117)   Merge Heap Roots: 0.1ms
[2024-03-24T20:41:30.519+0800][2884.544s] GC(1117)   Evacuate Collection Set: 2.6ms
[2024-03-24T20:41:30.519+0800][2884.544s] GC(1117)   Post Evacuate Collection Set: 0.9ms
[2024-03-24T20:41:30.519+0800][2884.544s] GC(1117)   Other: 0.1ms
[2024-03-24T20:41:30.519+0800][2884.544s] GC(1117) Eden regions: 305->0(305)
[2024-03-24T20:41:30.519+0800][2884.545s] GC(1117) Survivor regions: 2->2(39)
[2024-03-24T20:41:30.519+0800][2884.545s] GC(1117) Old regions: 60->60
[2024-03-24T20:41:30.519+0800][2884.545s] GC(1117) Humongous regions: 4->4
[2024-03-24T20:41:30.519+0800][2884.545s] GC(1117) Metaspace: 66035K(66688K)->66035K(66688K) NonClass: 58621K(58944K)->58621K(58944K) Class: 7413K(7744K)->7413K(7744K)
[2024-03-24T20:41:30.519+0800][2884.545s] GC(1117) Pause Young (Normal) (G1 Evacuation Pause) 370M->65M(512M) 4.593ms
[2024-03-24T20:41:30.519+0800][2884.545s] GC(1117) User=0.00s Sys=0.00s Real=0.00s
[2024-03-24T20:41:32.268+0800][2886.302s] GC(1118) Pause Young (Normal) (G1 Evacuation Pause)
[2024-03-24T20:41:32.268+0800][2886.302s] GC(1118) Using 8 workers of 8 for evacuation
[2024-03-24T20:41:32.284+0800][2886.307s] GC(1118)   Pre Evacuate Collection Set: 0.3ms
[2024-03-24T20:41:32.284+0800][2886.307s] GC(1118)   Merge Heap Roots: 0.1ms
[2024-03-24T20:41:32.284+0800][2886.307s] GC(1118)   Evacuate Collection Set: 2.8ms
[2024-03-24T20:41:32.284+0800][2886.307s] GC(1118)   Post Evacuate Collection Set: 1.0ms
[2024-03-24T20:41:32.284+0800][2886.307s] GC(1118)   Other: 0.2ms
[2024-03-24T20:41:32.284+0800][2886.307s] GC(1118) Eden regions: 305->0(305)
[2024-03-24T20:41:32.284+0800][2886.307s] GC(1118) Survivor regions: 2->2(39)
[2024-03-24T20:41:32.284+0800][2886.307s] GC(1118) Old regions: 60->60
[2024-03-24T20:41:32.284+0800][2886.307s] GC(1118) Humongous regions: 4->4
[2024-03-24T20:41:32.284+0800][2886.307s] GC(1118) Metaspace: 66035K(66688K)->66035K(66688K) NonClass: 58621K(58944K)->58621K(58944K) Class: 7413K(7744K)->7413K(7744K)
[2024-03-24T20:41:32.284+0800][2886.307s] GC(1118) Pause Young (Normal) (G1 Evacuation Pause) 370M->65M(512M) 4.946ms
[2024-03-24T20:41:32.284+0800][2886.307s] GC(1118) User=0.02s Sys=0.00s Real=0.02s
[2024-03-24T20:41:34.100+0800][2888.126s] GC(1119) Pause Young (Normal) (G1 Evacuation Pause)
[2024-03-24T20:41:34.100+0800][2888.126s] GC(1119) Using 8 workers of 8 for evacuation
[2024-03-24T20:41:34.100+0800][2888.130s] GC(1119)   Pre Evacuate Collection Set: 0.3ms
[2024-03-24T20:41:34.100+0800][2888.130s] GC(1119)   Merge Heap Roots: 0.2ms
[2024-03-24T20:41:34.100+0800][2888.130s] GC(1119)   Evacuate Collection Set: 2.4ms
[2024-03-24T20:41:34.100+0800][2888.130s] GC(1119)   Post Evacuate Collection Set: 0.8ms
[2024-03-24T20:41:34.100+0800][2888.130s] GC(1119)   Other: 0.1ms
[2024-03-24T20:41:34.100+0800][2888.130s] GC(1119) Eden regions: 305->0(305)
[2024-03-24T20:41:34.100+0800][2888.131s] GC(1119) Survivor regions: 2->2(39)
[2024-03-24T20:41:34.100+0800][2888.131s] GC(1119) Old regions: 60->60
[2024-03-24T20:41:34.108+0800][2888.131s] GC(1119) Humongous regions: 4->4
[2024-03-24T20:41:34.108+0800][2888.131s] GC(1119) Metaspace: 66035K(66688K)->66035K(66688K) NonClass: 58621K(58944K)->58621K(58944K) Class: 7413K(7744K)->7413K(7744K)
[2024-03-24T20:41:34.108+0800][2888.131s] GC(1119) Pause Young (Normal) (G1 Evacuation Pause) 370M->64M(512M) 5.282ms
[2024-03-24T20:41:34.108+0800][2888.131s] GC(1119) User=0.00s Sys=0.00s Real=0.01s
[2024-03-24T20:41:36.018+0800][2890.042s] GC(1120) Pause Young (Normal) (G1 Evacuation Pause)
[2024-03-24T20:41:36.019+0800][2890.042s] GC(1120) Using 8 workers of 8 for evacuation
[2024-03-24T20:41:36.022+0800][2890.045s] GC(1120)   Pre Evacuate Collection Set: 0.3ms
[2024-03-24T20:41:36.022+0800][2890.046s] GC(1120)   Merge Heap Roots: 0.1ms
[2024-03-24T20:41:36.022+0800][2890.046s] GC(1120)   Evacuate Collection Set: 1.8ms
[2024-03-24T20:41:36.022+0800][2890.046s] GC(1120)   Post Evacuate Collection Set: 1.0ms
[2024-03-24T20:41:36.022+0800][2890.046s] GC(1120)   Other: 0.3ms
[2024-03-24T20:41:36.022+0800][2890.046s] GC(1120) Eden regions: 305->0(305)
[2024-03-24T20:41:36.022+0800][2890.046s] GC(1120) Survivor regions: 2->2(39)
[2024-03-24T20:41:36.022+0800][2890.046s] GC(1120) Old regions: 60->60
[2024-03-24T20:41:36.022+0800][2890.046s] GC(1120) Humongous regions: 4->4
[2024-03-24T20:41:36.022+0800][2890.046s] GC(1120) Metaspace: 66035K(66688K)->66035K(66688K) NonClass: 58621K(58944K)->58621K(58944K) Class: 7413K(7744K)->7413K(7744K)
[2024-03-24T20:41:36.022+0800][2890.046s] GC(1120) Pause Young (Normal) (G1 Evacuation Pause) 369M->65M(512M) 4.671ms
[2024-03-24T20:41:36.022+0800][2890.046s] GC(1120) User=0.00s Sys=0.00s Real=0.00s
[2024-03-24T20:41:37.813+0800][2891.835s] GC(1121) Pause Young (Normal) (G1 Evacuation Pause)
[2024-03-24T20:41:37.813+0800][2891.835s] GC(1121) Using 8 workers of 8 for evacuation
[2024-03-24T20:41:37.816+0800][2891.838s] GC(1121)   Pre Evacuate Collection Set: 0.3ms
[2024-03-24T20:41:37.816+0800][2891.838s] GC(1121)   Merge Heap Roots: 0.2ms
[2024-03-24T20:41:37.816+0800][2891.839s] GC(1121)   Evacuate Collection Set: 1.6ms
[2024-03-24T20:41:37.816+0800][2891.839s] GC(1121)   Post Evacuate Collection Set: 0.6ms
[2024-03-24T20:41:37.816+0800][2891.839s] GC(1121)   Other: 0.2ms
[2024-03-24T20:41:37.816+0800][2891.839s] GC(1121) Eden regions: 305->0(306)
[2024-03-24T20:41:37.816+0800][2891.839s] GC(1121) Survivor regions: 2->1(39)
[2024-03-24T20:41:37.816+0800][2891.839s] GC(1121) Old regions: 60->60
[2024-03-24T20:41:37.816+0800][2891.839s] GC(1121) Humongous regions: 4->4
[2024-03-24T20:41:37.816+0800][2891.839s] GC(1121) Metaspace: 66035K(66688K)->66035K(66688K) NonClass: 58621K(58944K)->58621K(58944K) Class: 7413K(7744K)->7413K(7744K)
[2024-03-24T20:41:37.816+0800][2891.839s] GC(1121) Pause Young (Normal) (G1 Evacuation Pause) 370M->64M(512M) 3.693ms
[2024-03-24T20:41:37.816+0800][2891.839s] GC(1121) User=0.00s Sys=0.00s Real=0.00s
[2024-03-24T20:41:39.756+0800][2893.783s] GC(1122) Pause Young (Normal) (G1 Evacuation Pause)
[2024-03-24T20:41:39.756+0800][2893.783s] GC(1122) Using 8 workers of 8 for evacuation
[2024-03-24T20:41:39.756+0800][2893.786s] GC(1122)   Pre Evacuate Collection Set: 0.4ms
[2024-03-24T20:41:39.756+0800][2893.786s] GC(1122)   Merge Heap Roots: 0.2ms
[2024-03-24T20:41:39.756+0800][2893.787s] GC(1122)   Evacuate Collection Set: 1.8ms
[2024-03-24T20:41:39.756+0800][2893.787s] GC(1122)   Post Evacuate Collection Set: 0.9ms
[2024-03-24T20:41:39.756+0800][2893.787s] GC(1122)   Other: 0.1ms
[2024-03-24T20:41:39.756+0800][2893.787s] GC(1122) Eden regions: 306->0(305)
[2024-03-24T20:41:39.756+0800][2893.787s] GC(1122) Survivor regions: 1->2(39)
[2024-03-24T20:41:39.756+0800][2893.787s] GC(1122) Old regions: 60->60
[2024-03-24T20:41:39.756+0800][2893.787s] GC(1122) Humongous regions: 4->4
[2024-03-24T20:41:39.756+0800][2893.787s] GC(1122) Metaspace: 66035K(66688K)->66035K(66688K) NonClass: 58621K(58944K)->58621K(58944K) Class: 7413K(7744K)->7413K(7744K)
[2024-03-24T20:41:39.756+0800][2893.787s] GC(1122) Pause Young (Normal) (G1 Evacuation Pause) 370M->65M(512M) 4.165ms
[2024-03-24T20:41:39.756+0800][2893.787s] GC(1122) User=0.00s Sys=0.00s Real=0.00s
[2024-03-24T20:41:41.540+0800][2895.564s] GC(1123) Pause Young (Normal) (G1 Evacuation Pause)
[2024-03-24T20:41:41.540+0800][2895.565s] GC(1123) Using 8 workers of 8 for evacuation
[2024-03-24T20:41:41.540+0800][2895.568s] GC(1123)   Pre Evacuate Collection Set: 0.3ms
[2024-03-24T20:41:41.540+0800][2895.568s] GC(1123)   Merge Heap Roots: 0.2ms
[2024-03-24T20:41:41.540+0800][2895.568s] GC(1123)   Evacuate Collection Set: 2.0ms
[2024-03-24T20:41:41.540+0800][2895.568s] GC(1123)   Post Evacuate Collection Set: 0.9ms
[2024-03-24T20:41:41.540+0800][2895.568s] GC(1123)   Other: 0.2ms
[2024-03-24T20:41:41.540+0800][2895.568s] GC(1123) Eden regions: 305->0(305)
[2024-03-24T20:41:41.540+0800][2895.568s] GC(1123) Survivor regions: 2->2(39)
[2024-03-24T20:41:41.540+0800][2895.568s] GC(1123) Old regions: 60->60
[2024-03-24T20:41:41.540+0800][2895.569s] GC(1123) Humongous regions: 4->4
[2024-03-24T20:41:41.540+0800][2895.569s] GC(1123) Metaspace: 66035K(66688K)->66035K(66688K) NonClass: 58621K(58944K)->58621K(58944K) Class: 7413K(7744K)->7413K(7744K)
[2024-03-24T20:41:41.540+0800][2895.569s] GC(1123) Pause Young (Normal) (G1 Evacuation Pause) 370M->65M(512M) 4.101ms
[2024-03-24T20:41:41.540+0800][2895.569s] GC(1123) User=0.00s Sys=0.00s Real=0.00s
[2024-03-24T20:41:43.416+0800][2897.442s] GC(1124) Pause Young (Normal) (G1 Evacuation Pause)
[2024-03-24T20:41:43.416+0800][2897.442s] GC(1124) Using 8 workers of 8 for evacuation
[2024-03-24T20:41:43.416+0800][2897.445s] GC(1124)   Pre Evacuate Collection Set: 0.3ms
[2024-03-24T20:41:43.416+0800][2897.446s] GC(1124)   Merge Heap Roots: 0.1ms
[2024-03-24T20:41:43.416+0800][2897.446s] GC(1124)   Evacuate Collection Set: 2.5ms
[2024-03-24T20:41:43.416+0800][2897.446s] GC(1124)   Post Evacuate Collection Set: 0.6ms
[2024-03-24T20:41:43.416+0800][2897.446s] GC(1124)   Other: 0.1ms
[2024-03-24T20:41:43.416+0800][2897.446s] GC(1124) Eden regions: 305->0(305)
[2024-03-24T20:41:43.416+0800][2897.446s] GC(1124) Survivor regions: 2->2(39)
[2024-03-24T20:41:43.416+0800][2897.446s] GC(1124) Old regions: 60->60
[2024-03-24T20:41:43.416+0800][2897.446s] GC(1124) Humongous regions: 4->4
[2024-03-24T20:41:43.416+0800][2897.446s] GC(1124) Metaspace: 66035K(66688K)->66035K(66688K) NonClass: 58621K(58944K)->58621K(58944K) Class: 7413K(7744K)->7413K(7744K)
[2024-03-24T20:41:43.416+0800][2897.446s] GC(1124) Pause Young (Normal) (G1 Evacuation Pause) 370M->65M(512M) 4.026ms
[2024-03-24T20:41:43.416+0800][2897.446s] GC(1124) User=0.00s Sys=0.00s Real=0.00s
[2024-03-24T20:41:45.263+0800][2899.286s] GC(1125) Pause Young (Normal) (G1 Evacuation Pause)
[2024-03-24T20:41:45.263+0800][2899.286s] GC(1125) Using 8 workers of 8 for evacuation
[2024-03-24T20:41:45.266+0800][2899.288s] GC(1125)   Pre Evacuate Collection Set: 0.2ms
[2024-03-24T20:41:45.266+0800][2899.288s] GC(1125)   Merge Heap Roots: 0.1ms
[2024-03-24T20:41:45.266+0800][2899.288s] GC(1125)   Evacuate Collection Set: 1.5ms
[2024-03-24T20:41:45.266+0800][2899.289s] GC(1125)   Post Evacuate Collection Set: 0.6ms
[2024-03-24T20:41:45.266+0800][2899.289s] GC(1125)   Other: 0.1ms
[2024-03-24T20:41:45.266+0800][2899.289s] GC(1125) Eden regions: 305->0(305)
[2024-03-24T20:41:45.266+0800][2899.289s] GC(1125) Survivor regions: 2->2(39)
[2024-03-24T20:41:45.266+0800][2899.289s] GC(1125) Old regions: 60->60
[2024-03-24T20:41:45.266+0800][2899.289s] GC(1125) Humongous regions: 4->4
[2024-03-24T20:41:45.266+0800][2899.289s] GC(1125) Metaspace: 66035K(66688K)->66035K(66688K) NonClass: 58621K(58944K)->58621K(58944K) Class: 7413K(7744K)->7413K(7744K)
[2024-03-24T20:41:45.266+0800][2899.289s] GC(1125) Pause Young (Normal) (G1 Evacuation Pause) 370M->65M(512M) 2.894ms
[2024-03-24T20:41:45.266+0800][2899.289s] GC(1125) User=0.00s Sys=0.00s Real=0.00s
[2024-03-24T20:41:47.011+0800][2901.037s] GC(1126) Pause Young (Normal) (G1 Evacuation Pause)
[2024-03-24T20:41:47.011+0800][2901.037s] GC(1126) Using 8 workers of 8 for evacuation
[2024-03-24T20:41:47.016+0800][2901.041s] GC(1126)   Pre Evacuate Collection Set: 0.3ms
[2024-03-24T20:41:47.016+0800][2901.041s] GC(1126)   Merge Heap Roots: 0.1ms
[2024-03-24T20:41:47.016+0800][2901.041s] GC(1126)   Evacuate Collection Set: 1.9ms
[2024-03-24T20:41:47.016+0800][2901.041s] GC(1126)   Post Evacuate Collection Set: 1.7ms
[2024-03-24T20:41:47.016+0800][2901.041s] GC(1126)   Other: 0.1ms
[2024-03-24T20:41:47.016+0800][2901.041s] GC(1126) Eden regions: 305->0(305)
[2024-03-24T20:41:47.016+0800][2901.041s] GC(1126) Survivor regions: 2->2(39)
[2024-03-24T20:41:47.016+0800][2901.041s] GC(1126) Old regions: 60->60
[2024-03-24T20:41:47.016+0800][2901.041s] GC(1126) Humongous regions: 4->4
[2024-03-24T20:41:47.016+0800][2901.041s] GC(1126) Metaspace: 66035K(66688K)->66035K(66688K) NonClass: 58621K(58944K)->58621K(58944K) Class: 7413K(7744K)->7413K(7744K)
[2024-03-24T20:41:47.016+0800][2901.041s] GC(1126) Pause Young (Normal) (G1 Evacuation Pause) 370M->64M(512M) 4.579ms
[2024-03-24T20:41:47.016+0800][2901.041s] GC(1126) User=0.00s Sys=0.00s Real=0.01s
[2024-03-24T20:41:48.708+0800][2902.739s] GC(1127) Pause Young (Normal) (G1 Evacuation Pause)
[2024-03-24T20:41:48.708+0800][2902.739s] GC(1127) Using 8 workers of 8 for evacuation
[2024-03-24T20:41:48.719+0800][2902.742s] GC(1127)   Pre Evacuate Collection Set: 0.3ms
[2024-03-24T20:41:48.719+0800][2902.742s] GC(1127)   Merge Heap Roots: 0.1ms
[2024-03-24T20:41:48.719+0800][2902.742s] GC(1127)   Evacuate Collection Set: 1.4ms
[2024-03-24T20:41:48.719+0800][2902.742s] GC(1127)   Post Evacuate Collection Set: 0.7ms
[2024-03-24T20:41:48.719+0800][2902.742s] GC(1127)   Other: 0.1ms
[2024-03-24T20:41:48.719+0800][2902.742s] GC(1127) Eden regions: 305->0(305)
[2024-03-24T20:41:48.719+0800][2902.742s] GC(1127) Survivor regions: 2->2(39)
[2024-03-24T20:41:48.719+0800][2902.742s] GC(1127) Old regions: 60->60
[2024-03-24T20:41:48.719+0800][2902.742s] GC(1127) Humongous regions: 4->4
[2024-03-24T20:41:48.719+0800][2902.742s] GC(1127) Metaspace: 66035K(66688K)->66035K(66688K) NonClass: 58621K(58944K)->58621K(58944K) Class: 7413K(7744K)->7413K(7744K)
[2024-03-24T20:41:48.719+0800][2902.742s] GC(1127) Pause Young (Normal) (G1 Evacuation Pause) 369M->64M(512M) 3.098ms
[2024-03-24T20:41:48.719+0800][2902.742s] GC(1127) User=0.00s Sys=0.00s Real=0.01s
[2024-03-24T20:41:50.619+0800][2904.642s] GC(1128) Pause Young (Normal) (G1 Evacuation Pause)
[2024-03-24T20:41:50.619+0800][2904.642s] GC(1128) Using 8 workers of 8 for evacuation
[2024-03-24T20:41:50.622+0800][2904.645s] GC(1128)   Pre Evacuate Collection Set: 0.3ms
[2024-03-24T20:41:50.622+0800][2904.645s] GC(1128)   Merge Heap Roots: 0.1ms
[2024-03-24T20:41:50.622+0800][2904.645s] GC(1128)   Evacuate Collection Set: 1.5ms
[2024-03-24T20:41:50.622+0800][2904.645s] GC(1128)   Post Evacuate Collection Set: 0.7ms
[2024-03-24T20:41:50.622+0800][2904.645s] GC(1128)   Other: 0.1ms
[2024-03-24T20:41:50.622+0800][2904.645s] GC(1128) Eden regions: 305->0(305)
[2024-03-24T20:41:50.622+0800][2904.645s] GC(1128) Survivor regions: 2->2(39)
[2024-03-24T20:41:50.622+0800][2904.645s] GC(1128) Old regions: 60->60
[2024-03-24T20:41:50.622+0800][2904.645s] GC(1128) Humongous regions: 4->4
[2024-03-24T20:41:50.622+0800][2904.645s] GC(1128) Metaspace: 66035K(66688K)->66035K(66688K) NonClass: 58621K(58944K)->58621K(58944K) Class: 7413K(7744K)->7413K(7744K)
[2024-03-24T20:41:50.622+0800][2904.645s] GC(1128) Pause Young (Normal) (G1 Evacuation Pause) 369M->64M(512M) 3.031ms
[2024-03-24T20:41:50.622+0800][2904.645s] GC(1128) User=0.02s Sys=0.00s Real=0.00s
[2024-03-24T20:41:52.492+0800][2906.515s] GC(1129) Pause Young (Normal) (G1 Evacuation Pause)
[2024-03-24T20:41:52.493+0800][2906.515s] GC(1129) Using 8 workers of 8 for evacuation
[2024-03-24T20:41:52.495+0800][2906.518s] GC(1129)   Pre Evacuate Collection Set: 0.2ms
[2024-03-24T20:41:52.495+0800][2906.518s] GC(1129)   Merge Heap Roots: 0.1ms
[2024-03-24T20:41:52.495+0800][2906.518s] GC(1129)   Evacuate Collection Set: 1.9ms
[2024-03-24T20:41:52.495+0800][2906.518s] GC(1129)   Post Evacuate Collection Set: 0.7ms
[2024-03-24T20:41:52.495+0800][2906.518s] GC(1129)   Other: 0.1ms
[2024-03-24T20:41:52.495+0800][2906.519s] GC(1129) Eden regions: 305->0(305)
[2024-03-24T20:41:52.495+0800][2906.519s] GC(1129) Survivor regions: 2->2(39)
[2024-03-24T20:41:52.495+0800][2906.519s] GC(1129) Old regions: 60->60
[2024-03-24T20:41:52.495+0800][2906.519s] GC(1129) Humongous regions: 4->4
[2024-03-24T20:41:52.495+0800][2906.519s] GC(1129) Metaspace: 66035K(66688K)->66035K(66688K) NonClass: 58621K(58944K)->58621K(58944K) Class: 7413K(7744K)->7413K(7744K)
[2024-03-24T20:41:52.495+0800][2906.519s] GC(1129) Pause Young (Normal) (G1 Evacuation Pause) 369M->64M(512M) 3.346ms
[2024-03-24T20:41:52.496+0800][2906.519s] GC(1129) User=0.00s Sys=0.00s Real=0.00s
[2024-03-24T20:41:54.203+0800][2908.226s] GC(1130) Pause Young (Normal) (G1 Evacuation Pause)
[2024-03-24T20:41:54.203+0800][2908.226s] GC(1130) Using 8 workers of 8 for evacuation
[2024-03-24T20:41:54.204+0800][2908.229s] GC(1130)   Pre Evacuate Collection Set: 0.2ms
[2024-03-24T20:41:54.204+0800][2908.229s] GC(1130)   Merge Heap Roots: 0.1ms
[2024-03-24T20:41:54.204+0800][2908.229s] GC(1130)   Evacuate Collection Set: 1.3ms
[2024-03-24T20:41:54.204+0800][2908.229s] GC(1130)   Post Evacuate Collection Set: 0.9ms
[2024-03-24T20:41:54.204+0800][2908.229s] GC(1130)   Other: 0.1ms
[2024-03-24T20:41:54.204+0800][2908.229s] GC(1130) Eden regions: 305->0(305)
[2024-03-24T20:41:54.204+0800][2908.229s] GC(1130) Survivor regions: 2->2(39)
[2024-03-24T20:41:54.204+0800][2908.229s] GC(1130) Old regions: 60->60
[2024-03-24T20:41:54.204+0800][2908.229s] GC(1130) Humongous regions: 4->4
[2024-03-24T20:41:54.204+0800][2908.229s] GC(1130) Metaspace: 66035K(66688K)->66035K(66688K) NonClass: 58621K(58944K)->58621K(58944K) Class: 7413K(7744K)->7413K(7744K)
[2024-03-24T20:41:54.204+0800][2908.229s] GC(1130) Pause Young (Normal) (G1 Evacuation Pause) 369M->64M(512M) 3.202ms
[2024-03-24T20:41:54.204+0800][2908.229s] GC(1130) User=0.00s Sys=0.00s Real=0.00s
[2024-03-24T20:41:55.909+0800][2909.934s] GC(1131) Pause Young (Normal) (G1 Evacuation Pause)
[2024-03-24T20:41:55.909+0800][2909.934s] GC(1131) Using 8 workers of 8 for evacuation
[2024-03-24T20:41:55.909+0800][2909.938s] GC(1131)   Pre Evacuate Collection Set: 0.2ms
[2024-03-24T20:41:55.909+0800][2909.938s] GC(1131)   Merge Heap Roots: 0.1ms
[2024-03-24T20:41:55.909+0800][2909.938s] GC(1131)   Evacuate Collection Set: 2.4ms
[2024-03-24T20:41:55.909+0800][2909.938s] GC(1131)   Post Evacuate Collection Set: 0.6ms
[2024-03-24T20:41:55.909+0800][2909.938s] GC(1131)   Other: 0.2ms
[2024-03-24T20:41:55.909+0800][2909.938s] GC(1131) Eden regions: 305->0(305)
[2024-03-24T20:41:55.909+0800][2909.938s] GC(1131) Survivor regions: 2->2(39)
[2024-03-24T20:41:55.909+0800][2909.938s] GC(1131) Old regions: 60->60
[2024-03-24T20:41:55.909+0800][2909.938s] GC(1131) Humongous regions: 4->4
[2024-03-24T20:41:55.909+0800][2909.938s] GC(1131) Metaspace: 66035K(66688K)->66035K(66688K) NonClass: 58621K(58944K)->58621K(58944K) Class: 7413K(7744K)->7413K(7744K)
[2024-03-24T20:41:55.909+0800][2909.938s] GC(1131) Pause Young (Normal) (G1 Evacuation Pause) 369M->65M(512M) 4.365ms
[2024-03-24T20:41:55.909+0800][2909.938s] GC(1131) User=0.00s Sys=0.00s Real=0.00s
[2024-03-24T20:41:57.573+0800][2911.596s] GC(1132) Pause Young (Normal) (G1 Evacuation Pause)
[2024-03-24T20:41:57.573+0800][2911.596s] GC(1132) Using 8 workers of 8 for evacuation
[2024-03-24T20:41:57.576+0800][2911.599s] GC(1132)   Pre Evacuate Collection Set: 0.2ms
[2024-03-24T20:41:57.576+0800][2911.599s] GC(1132)   Merge Heap Roots: 0.1ms
[2024-03-24T20:41:57.576+0800][2911.599s] GC(1132)   Evacuate Collection Set: 1.8ms
[2024-03-24T20:41:57.576+0800][2911.599s] GC(1132)   Post Evacuate Collection Set: 0.5ms
[2024-03-24T20:41:57.576+0800][2911.599s] GC(1132)   Other: 0.1ms
[2024-03-24T20:41:57.576+0800][2911.599s] GC(1132) Eden regions: 305->0(305)
[2024-03-24T20:41:57.576+0800][2911.599s] GC(1132) Survivor regions: 2->2(39)
[2024-03-24T20:41:57.576+0800][2911.599s] GC(1132) Old regions: 60->60
[2024-03-24T20:41:57.576+0800][2911.599s] GC(1132) Humongous regions: 4->4
[2024-03-24T20:41:57.576+0800][2911.599s] GC(1132) Metaspace: 66035K(66688K)->66035K(66688K) NonClass: 58621K(58944K)->58621K(58944K) Class: 7413K(7744K)->7413K(7744K)
[2024-03-24T20:41:57.576+0800][2911.600s] GC(1132) Pause Young (Normal) (G1 Evacuation Pause) 370M->65M(512M) 3.409ms
[2024-03-24T20:41:57.576+0800][2911.600s] GC(1132) User=0.02s Sys=0.00s Real=0.00s
[2024-03-24T20:41:59.270+0800][2913.297s] GC(1133) Pause Young (Normal) (G1 Evacuation Pause)
[2024-03-24T20:41:59.270+0800][2913.298s] GC(1133) Using 8 workers of 8 for evacuation
[2024-03-24T20:41:59.270+0800][2913.301s] GC(1133)   Pre Evacuate Collection Set: 0.3ms
[2024-03-24T20:41:59.270+0800][2913.301s] GC(1133)   Merge Heap Roots: 0.3ms
[2024-03-24T20:41:59.270+0800][2913.301s] GC(1133)   Evacuate Collection Set: 1.8ms
[2024-03-24T20:41:59.270+0800][2913.301s] GC(1133)   Post Evacuate Collection Set: 0.9ms
[2024-03-24T20:41:59.270+0800][2913.301s] GC(1133)   Other: 0.1ms
[2024-03-24T20:41:59.270+0800][2913.301s] GC(1133) Eden regions: 305->0(305)
[2024-03-24T20:41:59.270+0800][2913.301s] GC(1133) Survivor regions: 2->2(39)
[2024-03-24T20:41:59.270+0800][2913.301s] GC(1133) Old regions: 60->60
[2024-03-24T20:41:59.270+0800][2913.301s] GC(1133) Humongous regions: 4->4
[2024-03-24T20:41:59.270+0800][2913.301s] GC(1133) Metaspace: 66035K(66688K)->66035K(66688K) NonClass: 58621K(58944K)->58621K(58944K) Class: 7413K(7744K)->7413K(7744K)
[2024-03-24T20:41:59.270+0800][2913.301s] GC(1133) Pause Young (Normal) (G1 Evacuation Pause) 370M->64M(512M) 3.930ms
[2024-03-24T20:41:59.270+0800][2913.301s] GC(1133) User=0.00s Sys=0.00s Real=0.00s
[2024-03-24T20:42:01.028+0800][2915.051s] GC(1134) Pause Young (Normal) (G1 Evacuation Pause)
[2024-03-24T20:42:01.028+0800][2915.051s] GC(1134) Using 8 workers of 8 for evacuation
[2024-03-24T20:42:01.031+0800][2915.054s] GC(1134)   Pre Evacuate Collection Set: 0.2ms
[2024-03-24T20:42:01.031+0800][2915.055s] GC(1134)   Merge Heap Roots: 0.1ms
[2024-03-24T20:42:01.031+0800][2915.055s] GC(1134)   Evacuate Collection Set: 2.3ms
[2024-03-24T20:42:01.031+0800][2915.055s] GC(1134)   Post Evacuate Collection Set: 0.7ms
[2024-03-24T20:42:01.031+0800][2915.055s] GC(1134)   Other: 0.2ms
[2024-03-24T20:42:01.031+0800][2915.055s] GC(1134) Eden regions: 305->0(305)
[2024-03-24T20:42:01.031+0800][2915.055s] GC(1134) Survivor regions: 2->2(39)
[2024-03-24T20:42:01.031+0800][2915.055s] GC(1134) Old regions: 60->60
[2024-03-24T20:42:01.031+0800][2915.055s] GC(1134) Humongous regions: 4->4
[2024-03-24T20:42:01.031+0800][2915.055s] GC(1134) Metaspace: 66035K(66688K)->66035K(66688K) NonClass: 58621K(58944K)->58621K(58944K) Class: 7413K(7744K)->7413K(7744K)
[2024-03-24T20:42:01.031+0800][2915.055s] GC(1134) Pause Young (Normal) (G1 Evacuation Pause) 369M->65M(512M) 3.776ms
[2024-03-24T20:42:01.031+0800][2915.055s] GC(1134) User=0.00s Sys=0.00s Real=0.00s
[2024-03-24T20:42:02.750+0800][2916.777s] GC(1135) Pause Young (Normal) (G1 Evacuation Pause)
[2024-03-24T20:42:02.750+0800][2916.777s] GC(1135) Using 8 workers of 8 for evacuation
[2024-03-24T20:42:02.757+0800][2916.781s] GC(1135)   Pre Evacuate Collection Set: 0.6ms
[2024-03-24T20:42:02.757+0800][2916.781s] GC(1135)   Merge Heap Roots: 0.2ms
[2024-03-24T20:42:02.757+0800][2916.781s] GC(1135)   Evacuate Collection Set: 2.0ms
[2024-03-24T20:42:02.757+0800][2916.781s] GC(1135)   Post Evacuate Collection Set: 0.9ms
[2024-03-24T20:42:02.757+0800][2916.781s] GC(1135)   Other: 0.1ms
[2024-03-24T20:42:02.757+0800][2916.781s] GC(1135) Eden regions: 305->0(305)
[2024-03-24T20:42:02.757+0800][2916.781s] GC(1135) Survivor regions: 2->2(39)
[2024-03-24T20:42:02.757+0800][2916.781s] GC(1135) Old regions: 60->60
[2024-03-24T20:42:02.757+0800][2916.781s] GC(1135) Humongous regions: 4->4
[2024-03-24T20:42:02.757+0800][2916.781s] GC(1135) Metaspace: 66035K(66688K)->66035K(66688K) NonClass: 58621K(58944K)->58621K(58944K) Class: 7413K(7744K)->7413K(7744K)
[2024-03-24T20:42:02.757+0800][2916.781s] GC(1135) Pause Young (Normal) (G1 Evacuation Pause) 370M->65M(512M) 4.445ms
[2024-03-24T20:42:02.757+0800][2916.781s] GC(1135) User=0.00s Sys=0.00s Real=0.01s
[2024-03-24T20:42:04.548+0800][2918.571s] GC(1136) Pause Young (Normal) (G1 Evacuation Pause)
[2024-03-24T20:42:04.548+0800][2918.571s] GC(1136) Using 8 workers of 8 for evacuation
[2024-03-24T20:42:04.551+0800][2918.574s] GC(1136)   Pre Evacuate Collection Set: 0.3ms
[2024-03-24T20:42:04.551+0800][2918.574s] GC(1136)   Merge Heap Roots: 0.2ms
[2024-03-24T20:42:04.551+0800][2918.574s] GC(1136)   Evacuate Collection Set: 1.9ms
[2024-03-24T20:42:04.551+0800][2918.574s] GC(1136)   Post Evacuate Collection Set: 0.8ms
[2024-03-24T20:42:04.551+0800][2918.574s] GC(1136)   Other: 0.1ms
[2024-03-24T20:42:04.551+0800][2918.574s] GC(1136) Eden regions: 305->0(305)
[2024-03-24T20:42:04.551+0800][2918.574s] GC(1136) Survivor regions: 2->2(39)
[2024-03-24T20:42:04.551+0800][2918.574s] GC(1136) Old regions: 60->60
[2024-03-24T20:42:04.551+0800][2918.574s] GC(1136) Humongous regions: 4->4
[2024-03-24T20:42:04.551+0800][2918.574s] GC(1136) Metaspace: 66035K(66688K)->66035K(66688K) NonClass: 58621K(58944K)->58621K(58944K) Class: 7413K(7744K)->7413K(7744K)
[2024-03-24T20:42:04.551+0800][2918.574s] GC(1136) Pause Young (Normal) (G1 Evacuation Pause) 370M->65M(512M) 3.844ms
[2024-03-24T20:42:04.551+0800][2918.574s] GC(1136) User=0.00s Sys=0.00s Real=0.00s
[2024-03-24T20:42:06.423+0800][2920.449s] GC(1137) Pause Young (Normal) (G1 Evacuation Pause)
[2024-03-24T20:42:06.423+0800][2920.449s] GC(1137) Using 8 workers of 8 for evacuation
[2024-03-24T20:42:06.423+0800][2920.452s] GC(1137)   Pre Evacuate Collection Set: 0.2ms
[2024-03-24T20:42:06.423+0800][2920.452s] GC(1137)   Merge Heap Roots: 0.2ms
[2024-03-24T20:42:06.423+0800][2920.452s] GC(1137)   Evacuate Collection Set: 1.4ms
[2024-03-24T20:42:06.423+0800][2920.452s] GC(1137)   Post Evacuate Collection Set: 0.5ms
[2024-03-24T20:42:06.423+0800][2920.452s] GC(1137)   Other: 0.2ms
[2024-03-24T20:42:06.423+0800][2920.452s] GC(1137) Eden regions: 305->0(305)
[2024-03-24T20:42:06.423+0800][2920.452s] GC(1137) Survivor regions: 2->2(39)
[2024-03-24T20:42:06.423+0800][2920.452s] GC(1137) Old regions: 60->60
[2024-03-24T20:42:06.423+0800][2920.452s] GC(1137) Humongous regions: 4->4
[2024-03-24T20:42:06.423+0800][2920.452s] GC(1137) Metaspace: 66035K(66688K)->66035K(66688K) NonClass: 58621K(58944K)->58621K(58944K) Class: 7413K(7744K)->7413K(7744K)
[2024-03-24T20:42:06.423+0800][2920.452s] GC(1137) Pause Young (Normal) (G1 Evacuation Pause) 370M->65M(512M) 2.771ms
[2024-03-24T20:42:06.423+0800][2920.452s] GC(1137) User=0.00s Sys=0.00s Real=0.00s
[2024-03-24T20:42:08.114+0800][2922.137s] GC(1138) Pause Young (Normal) (G1 Evacuation Pause)
[2024-03-24T20:42:08.114+0800][2922.137s] GC(1138) Using 8 workers of 8 for evacuation
[2024-03-24T20:42:08.118+0800][2922.141s] GC(1138)   Pre Evacuate Collection Set: 0.2ms
[2024-03-24T20:42:08.118+0800][2922.141s] GC(1138)   Merge Heap Roots: 0.1ms
[2024-03-24T20:42:08.118+0800][2922.141s] GC(1138)   Evacuate Collection Set: 1.6ms
[2024-03-24T20:42:08.118+0800][2922.141s] GC(1138)   Post Evacuate Collection Set: 1.0ms
[2024-03-24T20:42:08.118+0800][2922.141s] GC(1138)   Other: 0.2ms
[2024-03-24T20:42:08.118+0800][2922.141s] GC(1138) Eden regions: 305->0(305)
[2024-03-24T20:42:08.118+0800][2922.141s] GC(1138) Survivor regions: 2->2(39)
[2024-03-24T20:42:08.118+0800][2922.141s] GC(1138) Old regions: 60->60
[2024-03-24T20:42:08.118+0800][2922.141s] GC(1138) Humongous regions: 4->4
[2024-03-24T20:42:08.118+0800][2922.141s] GC(1138) Metaspace: 66035K(66688K)->66035K(66688K) NonClass: 58621K(58944K)->58621K(58944K) Class: 7413K(7744K)->7413K(7744K)
[2024-03-24T20:42:08.118+0800][2922.141s] GC(1138) Pause Young (Normal) (G1 Evacuation Pause) 370M->65M(512M) 3.794ms
[2024-03-24T20:42:08.118+0800][2922.141s] GC(1138) User=0.00s Sys=0.00s Real=0.00s
[2024-03-24T20:42:09.958+0800][2923.985s] GC(1139) Pause Young (Normal) (G1 Evacuation Pause)
[2024-03-24T20:42:09.958+0800][2923.985s] GC(1139) Using 8 workers of 8 for evacuation
[2024-03-24T20:42:09.958+0800][2923.988s] GC(1139)   Pre Evacuate Collection Set: 0.2ms
[2024-03-24T20:42:09.958+0800][2923.988s] GC(1139)   Merge Heap Roots: 0.1ms
[2024-03-24T20:42:09.958+0800][2923.988s] GC(1139)   Evacuate Collection Set: 2.0ms
[2024-03-24T20:42:09.958+0800][2923.988s] GC(1139)   Post Evacuate Collection Set: 0.8ms
[2024-03-24T20:42:09.958+0800][2923.988s] GC(1139)   Other: 0.1ms
[2024-03-24T20:42:09.958+0800][2923.988s] GC(1139) Eden regions: 305->0(305)
[2024-03-24T20:42:09.958+0800][2923.988s] GC(1139) Survivor regions: 2->2(39)
[2024-03-24T20:42:09.958+0800][2923.988s] GC(1139) Old regions: 60->60
[2024-03-24T20:42:09.958+0800][2923.988s] GC(1139) Humongous regions: 4->4
[2024-03-24T20:42:09.958+0800][2923.988s] GC(1139) Metaspace: 66035K(66688K)->66035K(66688K) NonClass: 58621K(58944K)->58621K(58944K) Class: 7413K(7744K)->7413K(7744K)
[2024-03-24T20:42:09.958+0800][2923.988s] GC(1139) Pause Young (Normal) (G1 Evacuation Pause) 370M->65M(512M) 3.630ms
[2024-03-24T20:42:09.958+0800][2923.988s] GC(1139) User=0.00s Sys=0.00s Real=0.00s
[2024-03-24T20:42:11.603+0800][2925.632s] GC(1140) Pause Young (Normal) (G1 Evacuation Pause)
[2024-03-24T20:42:11.603+0800][2925.633s] GC(1140) Using 8 workers of 8 for evacuation
[2024-03-24T20:42:11.603+0800][2925.635s] GC(1140)   Pre Evacuate Collection Set: 0.2ms
[2024-03-24T20:42:11.603+0800][2925.635s] GC(1140)   Merge Heap Roots: 0.1ms
[2024-03-24T20:42:11.603+0800][2925.635s] GC(1140)   Evacuate Collection Set: 1.7ms
[2024-03-24T20:42:11.603+0800][2925.635s] GC(1140)   Post Evacuate Collection Set: 0.4ms
[2024-03-24T20:42:11.603+0800][2925.635s] GC(1140)   Other: 0.1ms
[2024-03-24T20:42:11.603+0800][2925.635s] GC(1140) Eden regions: 305->0(306)
[2024-03-24T20:42:11.603+0800][2925.635s] GC(1140) Survivor regions: 2->1(39)
[2024-03-24T20:42:11.603+0800][2925.635s] GC(1140) Old regions: 60->60
[2024-03-24T20:42:11.603+0800][2925.635s] GC(1140) Humongous regions: 4->4
[2024-03-24T20:42:11.603+0800][2925.635s] GC(1140) Metaspace: 66035K(66688K)->66035K(66688K) NonClass: 58621K(58944K)->58621K(58944K) Class: 7413K(7744K)->7413K(7744K)
[2024-03-24T20:42:11.603+0800][2925.635s] GC(1140) Pause Young (Normal) (G1 Evacuation Pause) 370M->64M(512M) 2.966ms
[2024-03-24T20:42:11.603+0800][2925.635s] GC(1140) User=0.00s Sys=0.00s Real=0.00s
[2024-03-24T20:42:13.245+0800][2927.268s] GC(1141) Pause Young (Normal) (G1 Evacuation Pause)
[2024-03-24T20:42:13.245+0800][2927.269s] GC(1141) Using 8 workers of 8 for evacuation
[2024-03-24T20:42:13.248+0800][2927.271s] GC(1141)   Pre Evacuate Collection Set: 0.4ms
[2024-03-24T20:42:13.248+0800][2927.271s] GC(1141)   Merge Heap Roots: 0.2ms
[2024-03-24T20:42:13.248+0800][2927.271s] GC(1141)   Evacuate Collection Set: 1.5ms
[2024-03-24T20:42:13.248+0800][2927.271s] GC(1141)   Post Evacuate Collection Set: 0.4ms
[2024-03-24T20:42:13.248+0800][2927.271s] GC(1141)   Other: 0.1ms
[2024-03-24T20:42:13.248+0800][2927.271s] GC(1141) Eden regions: 306->0(305)
[2024-03-24T20:42:13.248+0800][2927.271s] GC(1141) Survivor regions: 1->2(39)
[2024-03-24T20:42:13.248+0800][2927.271s] GC(1141) Old regions: 60->60
[2024-03-24T20:42:13.248+0800][2927.271s] GC(1141) Humongous regions: 4->4
[2024-03-24T20:42:13.248+0800][2927.271s] GC(1141) Metaspace: 66035K(66688K)->66035K(66688K) NonClass: 58621K(58944K)->58621K(58944K) Class: 7413K(7744K)->7413K(7744K)
[2024-03-24T20:42:13.248+0800][2927.271s] GC(1141) Pause Young (Normal) (G1 Evacuation Pause) 370M->65M(512M) 2.908ms
[2024-03-24T20:42:13.248+0800][2927.271s] GC(1141) User=0.00s Sys=0.00s Real=0.00s
[2024-03-24T20:42:15.069+0800][2929.092s] GC(1142) Pause Young (Normal) (G1 Evacuation Pause)
[2024-03-24T20:42:15.069+0800][2929.092s] GC(1142) Using 8 workers of 8 for evacuation
[2024-03-24T20:42:15.071+0800][2929.094s] GC(1142)   Pre Evacuate Collection Set: 0.3ms
[2024-03-24T20:42:15.071+0800][2929.094s] GC(1142)   Merge Heap Roots: 0.1ms
[2024-03-24T20:42:15.071+0800][2929.094s] GC(1142)   Evacuate Collection Set: 1.5ms
[2024-03-24T20:42:15.071+0800][2929.094s] GC(1142)   Post Evacuate Collection Set: 0.5ms
[2024-03-24T20:42:15.071+0800][2929.095s] GC(1142)   Other: 0.1ms
[2024-03-24T20:42:15.071+0800][2929.095s] GC(1142) Eden regions: 305->0(305)
[2024-03-24T20:42:15.071+0800][2929.095s] GC(1142) Survivor regions: 2->2(39)
[2024-03-24T20:42:15.071+0800][2929.095s] GC(1142) Old regions: 60->60
[2024-03-24T20:42:15.071+0800][2929.095s] GC(1142) Humongous regions: 4->4
[2024-03-24T20:42:15.071+0800][2929.095s] GC(1142) Metaspace: 66035K(66688K)->66035K(66688K) NonClass: 58621K(58944K)->58621K(58944K) Class: 7413K(7744K)->7413K(7744K)
[2024-03-24T20:42:15.071+0800][2929.095s] GC(1142) Pause Young (Normal) (G1 Evacuation Pause) 370M->65M(512M) 2.853ms
[2024-03-24T20:42:15.071+0800][2929.095s] GC(1142) User=0.00s Sys=0.00s Real=0.00s
[2024-03-24T20:42:16.829+0800][2930.854s] GC(1143) Pause Young (Normal) (G1 Evacuation Pause)
[2024-03-24T20:42:16.829+0800][2930.854s] GC(1143) Using 8 workers of 8 for evacuation
[2024-03-24T20:42:16.833+0800][2930.857s] GC(1143)   Pre Evacuate Collection Set: 0.3ms
[2024-03-24T20:42:16.833+0800][2930.857s] GC(1143)   Merge Heap Roots: 0.1ms
[2024-03-24T20:42:16.833+0800][2930.857s] GC(1143)   Evacuate Collection Set: 1.6ms
[2024-03-24T20:42:16.833+0800][2930.857s] GC(1143)   Post Evacuate Collection Set: 0.7ms
[2024-03-24T20:42:16.833+0800][2930.857s] GC(1143)   Other: 0.1ms
[2024-03-24T20:42:16.833+0800][2930.857s] GC(1143) Eden regions: 305->0(305)
[2024-03-24T20:42:16.833+0800][2930.857s] GC(1143) Survivor regions: 2->2(39)
[2024-03-24T20:42:16.833+0800][2930.857s] GC(1143) Old regions: 60->60
[2024-03-24T20:42:16.833+0800][2930.857s] GC(1143) Humongous regions: 4->4
[2024-03-24T20:42:16.833+0800][2930.857s] GC(1143) Metaspace: 66035K(66688K)->66035K(66688K) NonClass: 58621K(58944K)->58621K(58944K) Class: 7413K(7744K)->7413K(7744K)
[2024-03-24T20:42:16.833+0800][2930.857s] GC(1143) Pause Young (Normal) (G1 Evacuation Pause) 370M->65M(512M) 3.100ms
[2024-03-24T20:42:16.833+0800][2930.857s] GC(1143) User=0.00s Sys=0.00s Real=0.00s
[2024-03-24T20:42:18.704+0800][2932.726s] GC(1144) Pause Young (Normal) (G1 Evacuation Pause)
[2024-03-24T20:42:18.704+0800][2932.727s] GC(1144) Using 8 workers of 8 for evacuation
[2024-03-24T20:42:18.707+0800][2932.730s] GC(1144)   Pre Evacuate Collection Set: 0.3ms
[2024-03-24T20:42:18.708+0800][2932.731s] GC(1144)   Merge Heap Roots: 0.1ms
[2024-03-24T20:42:18.708+0800][2932.731s] GC(1144)   Evacuate Collection Set: 2.2ms
[2024-03-24T20:42:18.708+0800][2932.731s] GC(1144)   Post Evacuate Collection Set: 0.8ms
[2024-03-24T20:42:18.708+0800][2932.731s] GC(1144)   Other: 0.1ms
[2024-03-24T20:42:18.708+0800][2932.731s] GC(1144) Eden regions: 305->0(305)
[2024-03-24T20:42:18.708+0800][2932.731s] GC(1144) Survivor regions: 2->2(39)
[2024-03-24T20:42:18.708+0800][2932.731s] GC(1144) Old regions: 60->61
[2024-03-24T20:42:18.708+0800][2932.731s] GC(1144) Humongous regions: 4->4
[2024-03-24T20:42:18.708+0800][2932.731s] GC(1144) Metaspace: 66035K(66688K)->66035K(66688K) NonClass: 58621K(58944K)->58621K(58944K) Class: 7413K(7744K)->7413K(7744K)
[2024-03-24T20:42:18.708+0800][2932.731s] GC(1144) Pause Young (Normal) (G1 Evacuation Pause) 370M->65M(512M) 4.285ms
[2024-03-24T20:42:18.708+0800][2932.731s] GC(1144) User=0.00s Sys=0.00s Real=0.00s
[2024-03-24T20:42:20.221+0800][2934.246s] GC(1145) Pause Young (Normal) (G1 Evacuation Pause)
[2024-03-24T20:42:20.221+0800][2934.246s] GC(1145) Using 8 workers of 8 for evacuation
[2024-03-24T20:42:20.221+0800][2934.249s] GC(1145)   Pre Evacuate Collection Set: 0.4ms
[2024-03-24T20:42:20.221+0800][2934.249s] GC(1145)   Merge Heap Roots: 0.1ms
[2024-03-24T20:42:20.221+0800][2934.249s] GC(1145)   Evacuate Collection Set: 1.6ms
[2024-03-24T20:42:20.221+0800][2934.249s] GC(1145)   Post Evacuate Collection Set: 0.7ms
[2024-03-24T20:42:20.221+0800][2934.249s] GC(1145)   Other: 0.1ms
[2024-03-24T20:42:20.221+0800][2934.249s] GC(1145) Eden regions: 305->0(305)
[2024-03-24T20:42:20.221+0800][2934.249s] GC(1145) Survivor regions: 2->2(39)
[2024-03-24T20:42:20.221+0800][2934.249s] GC(1145) Old regions: 61->61
[2024-03-24T20:42:20.221+0800][2934.249s] GC(1145) Humongous regions: 4->4
[2024-03-24T20:42:20.221+0800][2934.249s] GC(1145) Metaspace: 66035K(66688K)->66035K(66688K) NonClass: 58621K(58944K)->58621K(58944K) Class: 7413K(7744K)->7413K(7744K)
[2024-03-24T20:42:20.221+0800][2934.249s] GC(1145) Pause Young (Normal) (G1 Evacuation Pause) 370M->65M(512M) 3.506ms
[2024-03-24T20:42:20.221+0800][2934.249s] GC(1145) User=0.00s Sys=0.00s Real=0.00s
[2024-03-24T20:42:22.112+0800][2936.135s] GC(1146) Pause Young (Normal) (G1 Evacuation Pause)
[2024-03-24T20:42:22.112+0800][2936.135s] GC(1146) Using 8 workers of 8 for evacuation
[2024-03-24T20:42:22.114+0800][2936.139s] GC(1146)   Pre Evacuate Collection Set: 0.4ms
[2024-03-24T20:42:22.114+0800][2936.139s] GC(1146)   Merge Heap Roots: 0.2ms
[2024-03-24T20:42:22.114+0800][2936.139s] GC(1146)   Evacuate Collection Set: 2.1ms
[2024-03-24T20:42:22.114+0800][2936.139s] GC(1146)   Post Evacuate Collection Set: 0.8ms
[2024-03-24T20:42:22.114+0800][2936.139s] GC(1146)   Other: 0.1ms
[2024-03-24T20:42:22.114+0800][2936.139s] GC(1146) Eden regions: 305->0(305)
[2024-03-24T20:42:22.114+0800][2936.139s] GC(1146) Survivor regions: 2->2(39)
[2024-03-24T20:42:22.114+0800][2936.139s] GC(1146) Old regions: 61->61
[2024-03-24T20:42:22.114+0800][2936.139s] GC(1146) Humongous regions: 4->4
[2024-03-24T20:42:22.114+0800][2936.139s] GC(1146) Metaspace: 66035K(66688K)->66035K(66688K) NonClass: 58621K(58944K)->58621K(58944K) Class: 7413K(7744K)->7413K(7744K)
[2024-03-24T20:42:22.114+0800][2936.139s] GC(1146) Pause Young (Normal) (G1 Evacuation Pause) 370M->65M(512M) 4.155ms
[2024-03-24T20:42:22.114+0800][2936.139s] GC(1146) User=0.00s Sys=0.00s Real=0.00s
[2024-03-24T20:42:23.946+0800][2937.970s] GC(1147) Pause Young (Normal) (G1 Evacuation Pause)
[2024-03-24T20:42:23.947+0800][2937.970s] GC(1147) Using 8 workers of 8 for evacuation
[2024-03-24T20:42:23.949+0800][2937.972s] GC(1147)   Pre Evacuate Collection Set: 0.3ms
[2024-03-24T20:42:23.949+0800][2937.973s] GC(1147)   Merge Heap Roots: 0.1ms
[2024-03-24T20:42:23.949+0800][2937.973s] GC(1147)   Evacuate Collection Set: 1.6ms
[2024-03-24T20:42:23.949+0800][2937.973s] GC(1147)   Post Evacuate Collection Set: 0.6ms
[2024-03-24T20:42:23.949+0800][2937.973s] GC(1147)   Other: 0.1ms
[2024-03-24T20:42:23.949+0800][2937.973s] GC(1147) Eden regions: 305->0(305)
[2024-03-24T20:42:23.949+0800][2937.973s] GC(1147) Survivor regions: 2->2(39)
[2024-03-24T20:42:23.949+0800][2937.973s] GC(1147) Old regions: 61->61
[2024-03-24T20:42:23.949+0800][2937.973s] GC(1147) Humongous regions: 4->4
[2024-03-24T20:42:23.949+0800][2937.973s] GC(1147) Metaspace: 66035K(66688K)->66035K(66688K) NonClass: 58621K(58944K)->58621K(58944K) Class: 7413K(7744K)->7413K(7744K)
[2024-03-24T20:42:23.949+0800][2937.973s] GC(1147) Pause Young (Normal) (G1 Evacuation Pause) 370M->65M(512M) 2.982ms
[2024-03-24T20:42:23.949+0800][2937.973s] GC(1147) User=0.05s Sys=0.00s Real=0.00s
[2024-03-24T20:42:25.815+0800][2939.843s] GC(1148) Pause Young (Normal) (G1 Evacuation Pause)
[2024-03-24T20:42:25.815+0800][2939.843s] GC(1148) Using 8 workers of 8 for evacuation
[2024-03-24T20:42:25.822+0800][2939.846s] GC(1148)   Pre Evacuate Collection Set: 0.2ms
[2024-03-24T20:42:25.822+0800][2939.846s] GC(1148)   Merge Heap Roots: 0.1ms
[2024-03-24T20:42:25.822+0800][2939.846s] GC(1148)   Evacuate Collection Set: 1.7ms
[2024-03-24T20:42:25.822+0800][2939.846s] GC(1148)   Post Evacuate Collection Set: 0.5ms
[2024-03-24T20:42:25.823+0800][2939.846s] GC(1148)   Other: 0.1ms
[2024-03-24T20:42:25.823+0800][2939.846s] GC(1148) Eden regions: 305->0(305)
[2024-03-24T20:42:25.823+0800][2939.846s] GC(1148) Survivor regions: 2->2(39)
[2024-03-24T20:42:25.823+0800][2939.846s] GC(1148) Old regions: 61->61
[2024-03-24T20:42:25.823+0800][2939.846s] GC(1148) Humongous regions: 4->4
[2024-03-24T20:42:25.823+0800][2939.846s] GC(1148) Metaspace: 66035K(66688K)->66035K(66688K) NonClass: 58621K(58944K)->58621K(58944K) Class: 7413K(7744K)->7413K(7744K)
[2024-03-24T20:42:25.823+0800][2939.846s] GC(1148) Pause Young (Normal) (G1 Evacuation Pause) 370M->65M(512M) 3.126ms
[2024-03-24T20:42:25.823+0800][2939.846s] GC(1148) User=0.05s Sys=0.02s Real=0.01s
[2024-03-24T20:42:27.668+0800][2941.691s] GC(1149) Pause Young (Normal) (G1 Evacuation Pause)
[2024-03-24T20:42:27.668+0800][2941.691s] GC(1149) Using 8 workers of 8 for evacuation
[2024-03-24T20:42:27.671+0800][2941.694s] GC(1149)   Pre Evacuate Collection Set: 0.2ms
[2024-03-24T20:42:27.671+0800][2941.694s] GC(1149)   Merge Heap Roots: 0.1ms
[2024-03-24T20:42:27.671+0800][2941.694s] GC(1149)   Evacuate Collection Set: 1.6ms
[2024-03-24T20:42:27.671+0800][2941.694s] GC(1149)   Post Evacuate Collection Set: 0.5ms
[2024-03-24T20:42:27.671+0800][2941.694s] GC(1149)   Other: 0.1ms
[2024-03-24T20:42:27.671+0800][2941.694s] GC(1149) Eden regions: 305->0(305)
[2024-03-24T20:42:27.671+0800][2941.694s] GC(1149) Survivor regions: 2->2(39)
[2024-03-24T20:42:27.671+0800][2941.694s] GC(1149) Old regions: 61->61
[2024-03-24T20:42:27.671+0800][2941.694s] GC(1149) Humongous regions: 4->4
[2024-03-24T20:42:27.671+0800][2941.694s] GC(1149) Metaspace: 66035K(66688K)->66035K(66688K) NonClass: 58621K(58944K)->58621K(58944K) Class: 7413K(7744K)->7413K(7744K)
[2024-03-24T20:42:27.671+0800][2941.694s] GC(1149) Pause Young (Normal) (G1 Evacuation Pause) 370M->65M(512M) 3.025ms
[2024-03-24T20:42:27.671+0800][2941.694s] GC(1149) User=0.00s Sys=0.00s Real=0.00s
[2024-03-24T20:42:29.344+0800][2943.374s] GC(1150) Pause Young (Normal) (G1 Evacuation Pause)
[2024-03-24T20:42:29.344+0800][2943.374s] GC(1150) Using 8 workers of 8 for evacuation
[2024-03-24T20:42:29.354+0800][2943.378s] GC(1150)   Pre Evacuate Collection Set: 0.3ms
[2024-03-24T20:42:29.354+0800][2943.378s] GC(1150)   Merge Heap Roots: 0.2ms
[2024-03-24T20:42:29.354+0800][2943.378s] GC(1150)   Evacuate Collection Set: 1.8ms
[2024-03-24T20:42:29.354+0800][2943.378s] GC(1150)   Post Evacuate Collection Set: 0.9ms
[2024-03-24T20:42:29.354+0800][2943.378s] GC(1150)   Other: 0.1ms
[2024-03-24T20:42:29.354+0800][2943.378s] GC(1150) Eden regions: 305->0(305)
[2024-03-24T20:42:29.354+0800][2943.378s] GC(1150) Survivor regions: 2->2(39)
[2024-03-24T20:42:29.354+0800][2943.378s] GC(1150) Old regions: 61->61
[2024-03-24T20:42:29.354+0800][2943.378s] GC(1150) Humongous regions: 4->4
[2024-03-24T20:42:29.354+0800][2943.378s] GC(1150) Metaspace: 66035K(66688K)->66035K(66688K) NonClass: 58621K(58944K)->58621K(58944K) Class: 7413K(7744K)->7413K(7744K)
[2024-03-24T20:42:29.354+0800][2943.378s] GC(1150) Pause Young (Normal) (G1 Evacuation Pause) 370M->65M(512M) 3.939ms
[2024-03-24T20:42:29.354+0800][2943.378s] GC(1150) User=0.00s Sys=0.00s Real=0.01s
[2024-03-24T20:42:31.130+0800][2945.153s] GC(1151) Pause Young (Normal) (G1 Evacuation Pause)
[2024-03-24T20:42:31.130+0800][2945.154s] GC(1151) Using 8 workers of 8 for evacuation
[2024-03-24T20:42:31.133+0800][2945.156s] GC(1151)   Pre Evacuate Collection Set: 0.3ms
[2024-03-24T20:42:31.133+0800][2945.157s] GC(1151)   Merge Heap Roots: 0.1ms
[2024-03-24T20:42:31.133+0800][2945.157s] GC(1151)   Evacuate Collection Set: 1.6ms
[2024-03-24T20:42:31.133+0800][2945.157s] GC(1151)   Post Evacuate Collection Set: 0.8ms
[2024-03-24T20:42:31.133+0800][2945.157s] GC(1151)   Other: 0.1ms
[2024-03-24T20:42:31.133+0800][2945.157s] GC(1151) Eden regions: 305->0(306)
[2024-03-24T20:42:31.133+0800][2945.157s] GC(1151) Survivor regions: 2->1(39)
[2024-03-24T20:42:31.133+0800][2945.157s] GC(1151) Old regions: 61->61
[2024-03-24T20:42:31.133+0800][2945.157s] GC(1151) Humongous regions: 4->4
[2024-03-24T20:42:31.133+0800][2945.157s] GC(1151) Metaspace: 66035K(66688K)->66035K(66688K) NonClass: 58621K(58944K)->58621K(58944K) Class: 7413K(7744K)->7413K(7744K)
[2024-03-24T20:42:31.133+0800][2945.157s] GC(1151) Pause Young (Normal) (G1 Evacuation Pause) 370M->65M(512M) 3.707ms
[2024-03-24T20:42:31.135+0800][2945.157s] GC(1151) User=0.00s Sys=0.00s Real=0.00s
[2024-03-24T20:42:32.948+0800][2946.978s] GC(1152) Pause Young (Normal) (G1 Evacuation Pause)
[2024-03-24T20:42:32.948+0800][2946.978s] GC(1152) Using 8 workers of 8 for evacuation
[2024-03-24T20:42:32.958+0800][2946.982s] GC(1152)   Pre Evacuate Collection Set: 0.3ms
[2024-03-24T20:42:32.958+0800][2946.982s] GC(1152)   Merge Heap Roots: 0.1ms
[2024-03-24T20:42:32.958+0800][2946.982s] GC(1152)   Evacuate Collection Set: 1.8ms
[2024-03-24T20:42:32.958+0800][2946.982s] GC(1152)   Post Evacuate Collection Set: 0.7ms
[2024-03-24T20:42:32.958+0800][2946.982s] GC(1152)   Other: 0.1ms
[2024-03-24T20:42:32.958+0800][2946.982s] GC(1152) Eden regions: 306->0(305)
[2024-03-24T20:42:32.958+0800][2946.982s] GC(1152) Survivor regions: 1->2(39)
[2024-03-24T20:42:32.958+0800][2946.982s] GC(1152) Old regions: 61->61
[2024-03-24T20:42:32.958+0800][2946.982s] GC(1152) Humongous regions: 4->4
[2024-03-24T20:42:32.958+0800][2946.982s] GC(1152) Metaspace: 66035K(66688K)->66035K(66688K) NonClass: 58621K(58944K)->58621K(58944K) Class: 7413K(7744K)->7413K(7744K)
[2024-03-24T20:42:32.958+0800][2946.982s] GC(1152) Pause Young (Normal) (G1 Evacuation Pause) 371M->65M(512M) 3.474ms
[2024-03-24T20:42:32.958+0800][2946.982s] GC(1152) User=0.00s Sys=0.00s Real=0.01s
[2024-03-24T20:42:34.755+0800][2948.779s] GC(1153) Pause Young (Normal) (G1 Evacuation Pause)
[2024-03-24T20:42:34.755+0800][2948.779s] GC(1153) Using 8 workers of 8 for evacuation
[2024-03-24T20:42:34.758+0800][2948.782s] GC(1153)   Pre Evacuate Collection Set: 0.3ms
[2024-03-24T20:42:34.758+0800][2948.782s] GC(1153)   Merge Heap Roots: 0.1ms
[2024-03-24T20:42:34.758+0800][2948.782s] GC(1153)   Evacuate Collection Set: 1.9ms
[2024-03-24T20:42:34.758+0800][2948.782s] GC(1153)   Post Evacuate Collection Set: 0.7ms
[2024-03-24T20:42:34.758+0800][2948.782s] GC(1153)   Other: 0.1ms
[2024-03-24T20:42:34.758+0800][2948.782s] GC(1153) Eden regions: 305->0(305)
[2024-03-24T20:42:34.758+0800][2948.782s] GC(1153) Survivor regions: 2->2(39)
[2024-03-24T20:42:34.758+0800][2948.782s] GC(1153) Old regions: 61->61
[2024-03-24T20:42:34.758+0800][2948.782s] GC(1153) Humongous regions: 4->4
[2024-03-24T20:42:34.758+0800][2948.782s] GC(1153) Metaspace: 66035K(66688K)->66035K(66688K) NonClass: 58621K(58944K)->58621K(58944K) Class: 7413K(7744K)->7413K(7744K)
[2024-03-24T20:42:34.758+0800][2948.782s] GC(1153) Pause Young (Normal) (G1 Evacuation Pause) 370M->65M(512M) 3.488ms
[2024-03-24T20:42:34.758+0800][2948.782s] GC(1153) User=0.02s Sys=0.00s Real=0.00s
[2024-03-24T20:42:36.511+0800][2950.543s] GC(1154) Pause Young (Normal) (G1 Evacuation Pause)
[2024-03-24T20:42:36.511+0800][2950.543s] GC(1154) Using 8 workers of 8 for evacuation
[2024-03-24T20:42:36.525+0800][2950.548s] GC(1154)   Pre Evacuate Collection Set: 0.3ms
[2024-03-24T20:42:36.525+0800][2950.548s] GC(1154)   Merge Heap Roots: 0.1ms
[2024-03-24T20:42:36.525+0800][2950.548s] GC(1154)   Evacuate Collection Set: 2.7ms
[2024-03-24T20:42:36.525+0800][2950.548s] GC(1154)   Post Evacuate Collection Set: 1.1ms
[2024-03-24T20:42:36.525+0800][2950.548s] GC(1154)   Other: 0.1ms
[2024-03-24T20:42:36.525+0800][2950.548s] GC(1154) Eden regions: 305->0(305)
[2024-03-24T20:42:36.525+0800][2950.548s] GC(1154) Survivor regions: 2->2(39)
[2024-03-24T20:42:36.525+0800][2950.548s] GC(1154) Old regions: 61->61
[2024-03-24T20:42:36.525+0800][2950.548s] GC(1154) Humongous regions: 4->4
[2024-03-24T20:42:36.525+0800][2950.548s] GC(1154) Metaspace: 66035K(66688K)->66035K(66688K) NonClass: 58621K(58944K)->58621K(58944K) Class: 7413K(7744K)->7413K(7744K)
[2024-03-24T20:42:36.525+0800][2950.548s] GC(1154) Pause Young (Normal) (G1 Evacuation Pause) 370M->65M(512M) 4.983ms
[2024-03-24T20:42:36.525+0800][2950.548s] GC(1154) User=0.00s Sys=0.00s Real=0.01s
[2024-03-24T20:42:38.318+0800][2952.347s] GC(1155) Pause Young (Normal) (G1 Evacuation Pause)
[2024-03-24T20:42:38.318+0800][2952.347s] GC(1155) Using 8 workers of 8 for evacuation
[2024-03-24T20:42:38.327+0800][2952.350s] GC(1155)   Pre Evacuate Collection Set: 0.2ms
[2024-03-24T20:42:38.327+0800][2952.350s] GC(1155)   Merge Heap Roots: 0.1ms
[2024-03-24T20:42:38.327+0800][2952.350s] GC(1155)   Evacuate Collection Set: 1.7ms
[2024-03-24T20:42:38.327+0800][2952.350s] GC(1155)   Post Evacuate Collection Set: 0.8ms
[2024-03-24T20:42:38.327+0800][2952.350s] GC(1155)   Other: 0.1ms
[2024-03-24T20:42:38.327+0800][2952.350s] GC(1155) Eden regions: 305->0(305)
[2024-03-24T20:42:38.327+0800][2952.350s] GC(1155) Survivor regions: 2->2(39)
[2024-03-24T20:42:38.327+0800][2952.350s] GC(1155) Old regions: 61->61
[2024-03-24T20:42:38.327+0800][2952.350s] GC(1155) Humongous regions: 4->4
[2024-03-24T20:42:38.327+0800][2952.350s] GC(1155) Metaspace: 66035K(66688K)->66035K(66688K) NonClass: 58621K(58944K)->58621K(58944K) Class: 7413K(7744K)->7413K(7744K)
[2024-03-24T20:42:38.327+0800][2952.350s] GC(1155) Pause Young (Normal) (G1 Evacuation Pause) 370M->65M(512M) 3.423ms
[2024-03-24T20:42:38.327+0800][2952.350s] GC(1155) User=0.03s Sys=0.00s Real=0.01s
[2024-03-24T20:42:40.122+0800][2954.148s] GC(1156) Pause Young (Normal) (G1 Evacuation Pause)
[2024-03-24T20:42:40.122+0800][2954.148s] GC(1156) Using 8 workers of 8 for evacuation
[2024-03-24T20:42:40.128+0800][2954.153s] GC(1156)   Pre Evacuate Collection Set: 0.4ms
[2024-03-24T20:42:40.128+0800][2954.153s] GC(1156)   Merge Heap Roots: 0.2ms
[2024-03-24T20:42:40.128+0800][2954.153s] GC(1156)   Evacuate Collection Set: 2.6ms
[2024-03-24T20:42:40.128+0800][2954.153s] GC(1156)   Post Evacuate Collection Set: 1.0ms
[2024-03-24T20:42:40.128+0800][2954.153s] GC(1156)   Other: 0.2ms
[2024-03-24T20:42:40.128+0800][2954.153s] GC(1156) Eden regions: 305->0(305)
[2024-03-24T20:42:40.128+0800][2954.153s] GC(1156) Survivor regions: 2->2(39)
[2024-03-24T20:42:40.128+0800][2954.153s] GC(1156) Old regions: 61->61
[2024-03-24T20:42:40.128+0800][2954.153s] GC(1156) Humongous regions: 4->4
[2024-03-24T20:42:40.128+0800][2954.153s] GC(1156) Metaspace: 66035K(66688K)->66035K(66688K) NonClass: 58621K(58944K)->58621K(58944K) Class: 7413K(7744K)->7413K(7744K)
[2024-03-24T20:42:40.128+0800][2954.153s] GC(1156) Pause Young (Normal) (G1 Evacuation Pause) 370M->65M(512M) 4.975ms
[2024-03-24T20:42:40.128+0800][2954.153s] GC(1156) User=0.00s Sys=0.00s Real=0.01s
[2024-03-24T20:42:41.842+0800][2955.865s] GC(1157) Pause Young (Normal) (G1 Evacuation Pause)
[2024-03-24T20:42:41.842+0800][2955.865s] GC(1157) Using 8 workers of 8 for evacuation
[2024-03-24T20:42:41.845+0800][2955.868s] GC(1157)   Pre Evacuate Collection Set: 0.3ms
[2024-03-24T20:42:41.845+0800][2955.868s] GC(1157)   Merge Heap Roots: 0.1ms
[2024-03-24T20:42:41.845+0800][2955.868s] GC(1157)   Evacuate Collection Set: 2.0ms
[2024-03-24T20:42:41.845+0800][2955.868s] GC(1157)   Post Evacuate Collection Set: 0.9ms
[2024-03-24T20:42:41.845+0800][2955.868s] GC(1157)   Other: 0.1ms
[2024-03-24T20:42:41.845+0800][2955.868s] GC(1157) Eden regions: 305->0(305)
[2024-03-24T20:42:41.845+0800][2955.869s] GC(1157) Survivor regions: 2->2(39)
[2024-03-24T20:42:41.845+0800][2955.869s] GC(1157) Old regions: 61->61
[2024-03-24T20:42:41.845+0800][2955.869s] GC(1157) Humongous regions: 4->4
[2024-03-24T20:42:41.845+0800][2955.869s] GC(1157) Metaspace: 66035K(66688K)->66035K(66688K) NonClass: 58621K(58944K)->58621K(58944K) Class: 7413K(7744K)->7413K(7744K)
[2024-03-24T20:42:41.845+0800][2955.869s] GC(1157) Pause Young (Normal) (G1 Evacuation Pause) 370M->65M(512M) 3.974ms
[2024-03-24T20:42:41.845+0800][2955.869s] GC(1157) User=0.00s Sys=0.00s Real=0.00s
[2024-03-24T20:42:43.740+0800][2957.769s] GC(1158) Pause Young (Normal) (G1 Evacuation Pause)
[2024-03-24T20:42:43.740+0800][2957.769s] GC(1158) Using 8 workers of 8 for evacuation
[2024-03-24T20:42:43.749+0800][2957.774s] GC(1158)   Pre Evacuate Collection Set: 0.4ms
[2024-03-24T20:42:43.749+0800][2957.774s] GC(1158)   Merge Heap Roots: 0.2ms
[2024-03-24T20:42:43.749+0800][2957.774s] GC(1158)   Evacuate Collection Set: 3.0ms
[2024-03-24T20:42:43.749+0800][2957.774s] GC(1158)   Post Evacuate Collection Set: 1.1ms
[2024-03-24T20:42:43.749+0800][2957.774s] GC(1158)   Other: 0.2ms
[2024-03-24T20:42:43.749+0800][2957.774s] GC(1158) Eden regions: 305->0(305)
[2024-03-24T20:42:43.749+0800][2957.774s] GC(1158) Survivor regions: 2->2(39)
[2024-03-24T20:42:43.749+0800][2957.774s] GC(1158) Old regions: 61->61
[2024-03-24T20:42:43.749+0800][2957.774s] GC(1158) Humongous regions: 4->4
[2024-03-24T20:42:43.749+0800][2957.774s] GC(1158) Metaspace: 66035K(66688K)->66035K(66688K) NonClass: 58621K(58944K)->58621K(58944K) Class: 7413K(7744K)->7413K(7744K)
[2024-03-24T20:42:43.749+0800][2957.774s] GC(1158) Pause Young (Normal) (G1 Evacuation Pause) 370M->65M(512M) 5.561ms
[2024-03-24T20:42:43.749+0800][2957.774s] GC(1158) User=0.00s Sys=0.00s Real=0.01s
[2024-03-24T20:42:45.571+0800][2959.595s] GC(1159) Pause Young (Normal) (G1 Evacuation Pause)
[2024-03-24T20:42:45.571+0800][2959.595s] GC(1159) Using 8 workers of 8 for evacuation
[2024-03-24T20:42:45.577+0800][2959.600s] GC(1159)   Pre Evacuate Collection Set: 0.2ms
[2024-03-24T20:42:45.577+0800][2959.600s] GC(1159)   Merge Heap Roots: 0.1ms
[2024-03-24T20:42:45.577+0800][2959.600s] GC(1159)   Evacuate Collection Set: 3.3ms
[2024-03-24T20:42:45.577+0800][2959.600s] GC(1159)   Post Evacuate Collection Set: 1.1ms
[2024-03-24T20:42:45.577+0800][2959.600s] GC(1159)   Other: 0.2ms
[2024-03-24T20:42:45.577+0800][2959.600s] GC(1159) Eden regions: 305->0(305)
[2024-03-24T20:42:45.577+0800][2959.600s] GC(1159) Survivor regions: 2->2(39)
[2024-03-24T20:42:45.577+0800][2959.600s] GC(1159) Old regions: 61->61
[2024-03-24T20:42:45.577+0800][2959.600s] GC(1159) Humongous regions: 4->4
[2024-03-24T20:42:45.577+0800][2959.600s] GC(1159) Metaspace: 66035K(66688K)->66035K(66688K) NonClass: 58621K(58944K)->58621K(58944K) Class: 7413K(7744K)->7413K(7744K)
[2024-03-24T20:42:45.577+0800][2959.600s] GC(1159) Pause Young (Normal) (G1 Evacuation Pause) 370M->65M(512M) 5.237ms
[2024-03-24T20:42:45.578+0800][2959.601s] GC(1159) User=0.00s Sys=0.00s Real=0.01s
[2024-03-24T20:42:47.467+0800][2961.501s] GC(1160) Pause Young (Normal) (G1 Evacuation Pause)
[2024-03-24T20:42:47.467+0800][2961.501s] GC(1160) Using 8 workers of 8 for evacuation
[2024-03-24T20:42:47.479+0800][2961.504s] GC(1160)   Pre Evacuate Collection Set: 0.3ms
[2024-03-24T20:42:47.479+0800][2961.504s] GC(1160)   Merge Heap Roots: 0.1ms
[2024-03-24T20:42:47.479+0800][2961.504s] GC(1160)   Evacuate Collection Set: 1.4ms
[2024-03-24T20:42:47.479+0800][2961.504s] GC(1160)   Post Evacuate Collection Set: 0.9ms
[2024-03-24T20:42:47.479+0800][2961.504s] GC(1160)   Other: 0.1ms
[2024-03-24T20:42:47.479+0800][2961.504s] GC(1160) Eden regions: 305->0(305)
[2024-03-24T20:42:47.479+0800][2961.504s] GC(1160) Survivor regions: 2->2(39)
[2024-03-24T20:42:47.479+0800][2961.504s] GC(1160) Old regions: 61->61
[2024-03-24T20:42:47.479+0800][2961.504s] GC(1160) Humongous regions: 4->4
[2024-03-24T20:42:47.479+0800][2961.504s] GC(1160) Metaspace: 66035K(66688K)->66035K(66688K) NonClass: 58621K(58944K)->58621K(58944K) Class: 7413K(7744K)->7413K(7744K)
[2024-03-24T20:42:47.479+0800][2961.504s] GC(1160) Pause Young (Normal) (G1 Evacuation Pause) 370M->65M(512M) 3.266ms
[2024-03-24T20:42:47.479+0800][2961.504s] GC(1160) User=0.03s Sys=0.00s Real=0.01s
[2024-03-24T20:42:49.192+0800][2963.220s] GC(1161) Pause Young (Normal) (G1 Evacuation Pause)
[2024-03-24T20:42:49.192+0800][2963.220s] GC(1161) Using 8 workers of 8 for evacuation
[2024-03-24T20:42:49.198+0800][2963.223s] GC(1161)   Pre Evacuate Collection Set: 0.4ms
[2024-03-24T20:42:49.198+0800][2963.223s] GC(1161)   Merge Heap Roots: 0.1ms
[2024-03-24T20:42:49.198+0800][2963.223s] GC(1161)   Evacuate Collection Set: 2.2ms
[2024-03-24T20:42:49.198+0800][2963.223s] GC(1161)   Post Evacuate Collection Set: 0.7ms
[2024-03-24T20:42:49.198+0800][2963.224s] GC(1161)   Other: 0.2ms
[2024-03-24T20:42:49.198+0800][2963.224s] GC(1161) Eden regions: 305->0(305)
[2024-03-24T20:42:49.198+0800][2963.224s] GC(1161) Survivor regions: 2->2(39)
[2024-03-24T20:42:49.198+0800][2963.224s] GC(1161) Old regions: 61->61
[2024-03-24T20:42:49.198+0800][2963.224s] GC(1161) Humongous regions: 4->4
[2024-03-24T20:42:49.198+0800][2963.224s] GC(1161) Metaspace: 66035K(66688K)->66035K(66688K) NonClass: 58621K(58944K)->58621K(58944K) Class: 7413K(7744K)->7413K(7744K)
[2024-03-24T20:42:49.198+0800][2963.224s] GC(1161) Pause Young (Normal) (G1 Evacuation Pause) 370M->65M(512M) 4.190ms
[2024-03-24T20:42:49.198+0800][2963.224s] GC(1161) User=0.03s Sys=0.00s Real=0.01s
[2024-03-24T20:42:50.967+0800][2964.991s] GC(1162) Pause Young (Normal) (G1 Evacuation Pause)
[2024-03-24T20:42:50.967+0800][2964.991s] GC(1162) Using 8 workers of 8 for evacuation
[2024-03-24T20:42:50.971+0800][2964.994s] GC(1162)   Pre Evacuate Collection Set: 0.1ms
[2024-03-24T20:42:50.971+0800][2964.994s] GC(1162)   Merge Heap Roots: 0.1ms
[2024-03-24T20:42:50.971+0800][2964.994s] GC(1162)   Evacuate Collection Set: 2.2ms
[2024-03-24T20:42:50.971+0800][2964.994s] GC(1162)   Post Evacuate Collection Set: 0.4ms
[2024-03-24T20:42:50.971+0800][2964.994s] GC(1162)   Other: 0.1ms
[2024-03-24T20:42:50.971+0800][2964.994s] GC(1162) Eden regions: 305->0(305)
[2024-03-24T20:42:50.971+0800][2964.994s] GC(1162) Survivor regions: 2->2(39)
[2024-03-24T20:42:50.971+0800][2964.994s] GC(1162) Old regions: 61->61
[2024-03-24T20:42:50.971+0800][2964.994s] GC(1162) Humongous regions: 4->4
[2024-03-24T20:42:50.971+0800][2964.994s] GC(1162) Metaspace: 66035K(66688K)->66035K(66688K) NonClass: 58621K(58944K)->58621K(58944K) Class: 7413K(7744K)->7413K(7744K)
[2024-03-24T20:42:50.971+0800][2964.994s] GC(1162) Pause Young (Normal) (G1 Evacuation Pause) 370M->65M(512M) 3.153ms
[2024-03-24T20:42:50.971+0800][2964.994s] GC(1162) User=0.00s Sys=0.00s Real=0.00s
[2024-03-24T20:42:52.836+0800][2966.859s] GC(1163) Pause Young (Normal) (G1 Evacuation Pause)
[2024-03-24T20:42:52.836+0800][2966.859s] GC(1163) Using 8 workers of 8 for evacuation
[2024-03-24T20:42:52.840+0800][2966.863s] GC(1163)   Pre Evacuate Collection Set: 0.3ms
[2024-03-24T20:42:52.840+0800][2966.863s] GC(1163)   Merge Heap Roots: 0.2ms
[2024-03-24T20:42:52.840+0800][2966.863s] GC(1163)   Evacuate Collection Set: 2.3ms
[2024-03-24T20:42:52.840+0800][2966.863s] GC(1163)   Post Evacuate Collection Set: 0.8ms
[2024-03-24T20:42:52.840+0800][2966.863s] GC(1163)   Other: 0.1ms
[2024-03-24T20:42:52.840+0800][2966.863s] GC(1163) Eden regions: 305->0(305)
[2024-03-24T20:42:52.840+0800][2966.863s] GC(1163) Survivor regions: 2->2(39)
[2024-03-24T20:42:52.840+0800][2966.863s] GC(1163) Old regions: 61->61
[2024-03-24T20:42:52.840+0800][2966.863s] GC(1163) Humongous regions: 4->4
[2024-03-24T20:42:52.840+0800][2966.863s] GC(1163) Metaspace: 66035K(66688K)->66035K(66688K) NonClass: 58621K(58944K)->58621K(58944K) Class: 7413K(7744K)->7413K(7744K)
[2024-03-24T20:42:52.840+0800][2966.863s] GC(1163) Pause Young (Normal) (G1 Evacuation Pause) 370M->65M(512M) 4.103ms
[2024-03-24T20:42:52.840+0800][2966.863s] GC(1163) User=0.00s Sys=0.00s Real=0.00s
[2024-03-24T20:42:54.651+0800][2968.683s] GC(1164) Pause Young (Normal) (G1 Evacuation Pause)
[2024-03-24T20:42:54.651+0800][2968.683s] GC(1164) Using 8 workers of 8 for evacuation
[2024-03-24T20:42:54.661+0800][2968.687s] GC(1164)   Pre Evacuate Collection Set: 0.3ms
[2024-03-24T20:42:54.661+0800][2968.687s] GC(1164)   Merge Heap Roots: 0.2ms
[2024-03-24T20:42:54.661+0800][2968.687s] GC(1164)   Evacuate Collection Set: 2.3ms
[2024-03-24T20:42:54.661+0800][2968.687s] GC(1164)   Post Evacuate Collection Set: 0.8ms
[2024-03-24T20:42:54.661+0800][2968.687s] GC(1164)   Other: 0.2ms
[2024-03-24T20:42:54.661+0800][2968.687s] GC(1164) Eden regions: 305->0(305)
[2024-03-24T20:42:54.661+0800][2968.687s] GC(1164) Survivor regions: 2->2(39)
[2024-03-24T20:42:54.661+0800][2968.687s] GC(1164) Old regions: 61->61
[2024-03-24T20:42:54.661+0800][2968.687s] GC(1164) Humongous regions: 4->4
[2024-03-24T20:42:54.661+0800][2968.687s] GC(1164) Metaspace: 66035K(66688K)->66035K(66688K) NonClass: 58621K(58944K)->58621K(58944K) Class: 7413K(7744K)->7413K(7744K)
[2024-03-24T20:42:54.661+0800][2968.687s] GC(1164) Pause Young (Normal) (G1 Evacuation Pause) 370M->65M(512M) 4.587ms
[2024-03-24T20:42:54.661+0800][2968.687s] GC(1164) User=0.00s Sys=0.00s Real=0.01s
[2024-03-24T20:42:56.467+0800][2970.491s] GC(1165) Pause Young (Normal) (G1 Evacuation Pause)
[2024-03-24T20:42:56.467+0800][2970.491s] GC(1165) Using 8 workers of 8 for evacuation
[2024-03-24T20:42:56.471+0800][2970.496s] GC(1165)   Pre Evacuate Collection Set: 0.5ms
[2024-03-24T20:42:56.471+0800][2970.496s] GC(1165)   Merge Heap Roots: 0.2ms
[2024-03-24T20:42:56.471+0800][2970.496s] GC(1165)   Evacuate Collection Set: 2.9ms
[2024-03-24T20:42:56.471+0800][2970.496s] GC(1165)   Post Evacuate Collection Set: 0.9ms
[2024-03-24T20:42:56.471+0800][2970.496s] GC(1165)   Other: 0.2ms
[2024-03-24T20:42:56.471+0800][2970.496s] GC(1165) Eden regions: 305->0(305)
[2024-03-24T20:42:56.471+0800][2970.496s] GC(1165) Survivor regions: 2->2(39)
[2024-03-24T20:42:56.471+0800][2970.496s] GC(1165) Old regions: 61->61
[2024-03-24T20:42:56.471+0800][2970.496s] GC(1165) Humongous regions: 4->4
[2024-03-24T20:42:56.471+0800][2970.496s] GC(1165) Metaspace: 66035K(66688K)->66035K(66688K) NonClass: 58621K(58944K)->58621K(58944K) Class: 7413K(7744K)->7413K(7744K)
[2024-03-24T20:42:56.471+0800][2970.496s] GC(1165) Pause Young (Normal) (G1 Evacuation Pause) 370M->65M(512M) 5.288ms
[2024-03-24T20:42:56.471+0800][2970.496s] GC(1165) User=0.00s Sys=0.00s Real=0.00s
[2024-03-24T20:42:58.171+0800][2972.203s] GC(1166) Pause Young (Normal) (G1 Evacuation Pause)
[2024-03-24T20:42:58.171+0800][2972.203s] GC(1166) Using 8 workers of 8 for evacuation
[2024-03-24T20:42:58.183+0800][2972.206s] GC(1166)   Pre Evacuate Collection Set: 0.3ms
[2024-03-24T20:42:58.183+0800][2972.206s] GC(1166)   Merge Heap Roots: 0.1ms
[2024-03-24T20:42:58.183+0800][2972.206s] GC(1166)   Evacuate Collection Set: 2.1ms
[2024-03-24T20:42:58.183+0800][2972.207s] GC(1166)   Post Evacuate Collection Set: 0.7ms
[2024-03-24T20:42:58.183+0800][2972.207s] GC(1166)   Other: 0.1ms
[2024-03-24T20:42:58.183+0800][2972.207s] GC(1166) Eden regions: 305->0(305)
[2024-03-24T20:42:58.183+0800][2972.207s] GC(1166) Survivor regions: 2->2(39)
[2024-03-24T20:42:58.183+0800][2972.207s] GC(1166) Old regions: 61->61
[2024-03-24T20:42:58.183+0800][2972.207s] GC(1166) Humongous regions: 4->4
[2024-03-24T20:42:58.183+0800][2972.207s] GC(1166) Metaspace: 66035K(66688K)->66035K(66688K) NonClass: 58621K(58944K)->58621K(58944K) Class: 7413K(7744K)->7413K(7744K)
[2024-03-24T20:42:58.183+0800][2972.207s] GC(1166) Pause Young (Normal) (G1 Evacuation Pause) 370M->65M(512M) 3.787ms
[2024-03-24T20:42:58.183+0800][2972.207s] GC(1166) User=0.02s Sys=0.00s Real=0.01s
[2024-03-24T20:42:59.904+0800][2973.928s] GC(1167) Pause Young (Normal) (G1 Evacuation Pause)
[2024-03-24T20:42:59.904+0800][2973.928s] GC(1167) Using 8 workers of 8 for evacuation
[2024-03-24T20:42:59.904+0800][2973.930s] GC(1167)   Pre Evacuate Collection Set: 0.2ms
[2024-03-24T20:42:59.904+0800][2973.930s] GC(1167)   Merge Heap Roots: 0.1ms
[2024-03-24T20:42:59.904+0800][2973.930s] GC(1167)   Evacuate Collection Set: 1.3ms
[2024-03-24T20:42:59.904+0800][2973.930s] GC(1167)   Post Evacuate Collection Set: 0.5ms
[2024-03-24T20:42:59.904+0800][2973.930s] GC(1167)   Other: 0.1ms
[2024-03-24T20:42:59.904+0800][2973.930s] GC(1167) Eden regions: 305->0(305)
[2024-03-24T20:42:59.904+0800][2973.930s] GC(1167) Survivor regions: 2->2(39)
[2024-03-24T20:42:59.904+0800][2973.930s] GC(1167) Old regions: 61->61
[2024-03-24T20:42:59.904+0800][2973.930s] GC(1167) Humongous regions: 4->4
[2024-03-24T20:42:59.904+0800][2973.930s] GC(1167) Metaspace: 66035K(66688K)->66035K(66688K) NonClass: 58621K(58944K)->58621K(58944K) Class: 7413K(7744K)->7413K(7744K)
[2024-03-24T20:42:59.904+0800][2973.931s] GC(1167) Pause Young (Normal) (G1 Evacuation Pause) 370M->65M(512M) 2.752ms
[2024-03-24T20:42:59.904+0800][2973.931s] GC(1167) User=0.00s Sys=0.00s Real=0.00s
[2024-03-24T20:43:01.593+0800][2975.618s] GC(1168) Pause Young (Normal) (G1 Evacuation Pause)
[2024-03-24T20:43:01.593+0800][2975.618s] GC(1168) Using 8 workers of 8 for evacuation
[2024-03-24T20:43:01.599+0800][2975.622s] GC(1168)   Pre Evacuate Collection Set: 0.3ms
[2024-03-24T20:43:01.599+0800][2975.622s] GC(1168)   Merge Heap Roots: 0.1ms
[2024-03-24T20:43:01.599+0800][2975.622s] GC(1168)   Evacuate Collection Set: 1.8ms
[2024-03-24T20:43:01.599+0800][2975.622s] GC(1168)   Post Evacuate Collection Set: 0.7ms
[2024-03-24T20:43:01.599+0800][2975.622s] GC(1168)   Other: 0.2ms
[2024-03-24T20:43:01.599+0800][2975.622s] GC(1168) Eden regions: 305->0(305)
[2024-03-24T20:43:01.599+0800][2975.622s] GC(1168) Survivor regions: 2->2(39)
[2024-03-24T20:43:01.599+0800][2975.622s] GC(1168) Old regions: 61->61
[2024-03-24T20:43:01.599+0800][2975.622s] GC(1168) Humongous regions: 4->4
[2024-03-24T20:43:01.599+0800][2975.622s] GC(1168) Metaspace: 66035K(66688K)->66035K(66688K) NonClass: 58621K(58944K)->58621K(58944K) Class: 7413K(7744K)->7413K(7744K)
[2024-03-24T20:43:01.599+0800][2975.622s] GC(1168) Pause Young (Normal) (G1 Evacuation Pause) 370M->65M(512M) 3.695ms
[2024-03-24T20:43:01.599+0800][2975.622s] GC(1168) User=0.00s Sys=0.00s Real=0.01s
[2024-03-24T20:43:03.368+0800][2977.401s] GC(1169) Pause Young (Normal) (G1 Evacuation Pause)
[2024-03-24T20:43:03.368+0800][2977.401s] GC(1169) Using 8 workers of 8 for evacuation
[2024-03-24T20:43:03.382+0800][2977.405s] GC(1169)   Pre Evacuate Collection Set: 0.5ms
[2024-03-24T20:43:03.382+0800][2977.405s] GC(1169)   Merge Heap Roots: 0.1ms
[2024-03-24T20:43:03.382+0800][2977.405s] GC(1169)   Evacuate Collection Set: 2.7ms
[2024-03-24T20:43:03.382+0800][2977.405s] GC(1169)   Post Evacuate Collection Set: 0.6ms
[2024-03-24T20:43:03.382+0800][2977.405s] GC(1169)   Other: 0.1ms
[2024-03-24T20:43:03.382+0800][2977.405s] GC(1169) Eden regions: 305->0(305)
[2024-03-24T20:43:03.382+0800][2977.405s] GC(1169) Survivor regions: 2->2(39)
[2024-03-24T20:43:03.382+0800][2977.405s] GC(1169) Old regions: 61->61
[2024-03-24T20:43:03.382+0800][2977.405s] GC(1169) Humongous regions: 4->4
[2024-03-24T20:43:03.382+0800][2977.405s] GC(1169) Metaspace: 66035K(66688K)->66035K(66688K) NonClass: 58621K(58944K)->58621K(58944K) Class: 7413K(7744K)->7413K(7744K)
[2024-03-24T20:43:03.382+0800][2977.405s] GC(1169) Pause Young (Normal) (G1 Evacuation Pause) 370M->65M(512M) 4.359ms
[2024-03-24T20:43:03.382+0800][2977.405s] GC(1169) User=0.00s Sys=0.00s Real=0.01s
[2024-03-24T20:43:05.069+0800][2979.101s] GC(1170) Pause Young (Normal) (G1 Evacuation Pause)
[2024-03-24T20:43:05.069+0800][2979.101s] GC(1170) Using 8 workers of 8 for evacuation
[2024-03-24T20:43:05.081+0800][2979.103s] GC(1170)   Pre Evacuate Collection Set: 0.2ms
[2024-03-24T20:43:05.081+0800][2979.103s] GC(1170)   Merge Heap Roots: 0.1ms
[2024-03-24T20:43:05.081+0800][2979.103s] GC(1170)   Evacuate Collection Set: 1.3ms
[2024-03-24T20:43:05.081+0800][2979.103s] GC(1170)   Post Evacuate Collection Set: 0.5ms
[2024-03-24T20:43:05.081+0800][2979.103s] GC(1170)   Other: 0.1ms
[2024-03-24T20:43:05.081+0800][2979.103s] GC(1170) Eden regions: 305->0(305)
[2024-03-24T20:43:05.081+0800][2979.103s] GC(1170) Survivor regions: 2->2(39)
[2024-03-24T20:43:05.081+0800][2979.103s] GC(1170) Old regions: 61->61
[2024-03-24T20:43:05.081+0800][2979.103s] GC(1170) Humongous regions: 4->4
[2024-03-24T20:43:05.081+0800][2979.103s] GC(1170) Metaspace: 66035K(66688K)->66035K(66688K) NonClass: 58621K(58944K)->58621K(58944K) Class: 7413K(7744K)->7413K(7744K)
[2024-03-24T20:43:05.081+0800][2979.103s] GC(1170) Pause Young (Normal) (G1 Evacuation Pause) 370M->65M(512M) 2.450ms
[2024-03-24T20:43:05.081+0800][2979.104s] GC(1170) User=0.00s Sys=0.02s Real=0.01s
[2024-03-24T20:43:06.785+0800][2980.809s] GC(1171) Pause Young (Normal) (G1 Evacuation Pause)
[2024-03-24T20:43:06.785+0800][2980.809s] GC(1171) Using 8 workers of 8 for evacuation
[2024-03-24T20:43:06.787+0800][2980.813s] GC(1171)   Pre Evacuate Collection Set: 0.2ms
[2024-03-24T20:43:06.787+0800][2980.813s] GC(1171)   Merge Heap Roots: 0.1ms
[2024-03-24T20:43:06.787+0800][2980.813s] GC(1171)   Evacuate Collection Set: 1.3ms
[2024-03-24T20:43:06.787+0800][2980.813s] GC(1171)   Post Evacuate Collection Set: 1.4ms
[2024-03-24T20:43:06.787+0800][2980.813s] GC(1171)   Other: 0.3ms
[2024-03-24T20:43:06.787+0800][2980.813s] GC(1171) Eden regions: 305->0(305)
[2024-03-24T20:43:06.787+0800][2980.813s] GC(1171) Survivor regions: 2->2(39)
[2024-03-24T20:43:06.787+0800][2980.813s] GC(1171) Old regions: 61->61
[2024-03-24T20:43:06.787+0800][2980.813s] GC(1171) Humongous regions: 4->4
[2024-03-24T20:43:06.787+0800][2980.813s] GC(1171) Metaspace: 66035K(66688K)->66035K(66688K) NonClass: 58621K(58944K)->58621K(58944K) Class: 7413K(7744K)->7413K(7744K)
[2024-03-24T20:43:06.787+0800][2980.813s] GC(1171) Pause Young (Normal) (G1 Evacuation Pause) 370M->65M(512M) 4.185ms
[2024-03-24T20:43:06.787+0800][2980.813s] GC(1171) User=0.00s Sys=0.00s Real=0.00s
[2024-03-24T20:43:08.615+0800][2982.638s] GC(1172) Pause Young (Normal) (G1 Evacuation Pause)
[2024-03-24T20:43:08.615+0800][2982.638s] GC(1172) Using 8 workers of 8 for evacuation
[2024-03-24T20:43:08.619+0800][2982.642s] GC(1172)   Pre Evacuate Collection Set: 0.4ms
[2024-03-24T20:43:08.619+0800][2982.642s] GC(1172)   Merge Heap Roots: 0.2ms
[2024-03-24T20:43:08.619+0800][2982.642s] GC(1172)   Evacuate Collection Set: 1.9ms
[2024-03-24T20:43:08.619+0800][2982.642s] GC(1172)   Post Evacuate Collection Set: 1.0ms
[2024-03-24T20:43:08.619+0800][2982.642s] GC(1172)   Other: 0.1ms
[2024-03-24T20:43:08.619+0800][2982.642s] GC(1172) Eden regions: 305->0(305)
[2024-03-24T20:43:08.619+0800][2982.642s] GC(1172) Survivor regions: 2->2(39)
[2024-03-24T20:43:08.619+0800][2982.642s] GC(1172) Old regions: 61->61
[2024-03-24T20:43:08.619+0800][2982.642s] GC(1172) Humongous regions: 4->4
[2024-03-24T20:43:08.619+0800][2982.642s] GC(1172) Metaspace: 66035K(66688K)->66035K(66688K) NonClass: 58621K(58944K)->58621K(58944K) Class: 7413K(7744K)->7413K(7744K)
[2024-03-24T20:43:08.619+0800][2982.642s] GC(1172) Pause Young (Normal) (G1 Evacuation Pause) 370M->65M(512M) 3.968ms
[2024-03-24T20:43:08.619+0800][2982.642s] GC(1172) User=0.00s Sys=0.00s Real=0.00s
[2024-03-24T20:43:10.330+0800][2984.353s] GC(1173) Pause Young (Normal) (G1 Evacuation Pause)
[2024-03-24T20:43:10.330+0800][2984.353s] GC(1173) Using 8 workers of 8 for evacuation
[2024-03-24T20:43:10.334+0800][2984.357s] GC(1173)   Pre Evacuate Collection Set: 0.3ms
[2024-03-24T20:43:10.334+0800][2984.357s] GC(1173)   Merge Heap Roots: 0.2ms
[2024-03-24T20:43:10.334+0800][2984.357s] GC(1173)   Evacuate Collection Set: 2.5ms
[2024-03-24T20:43:10.334+0800][2984.357s] GC(1173)   Post Evacuate Collection Set: 0.7ms
[2024-03-24T20:43:10.334+0800][2984.357s] GC(1173)   Other: 0.1ms
[2024-03-24T20:43:10.334+0800][2984.357s] GC(1173) Eden regions: 305->0(305)
[2024-03-24T20:43:10.334+0800][2984.357s] GC(1173) Survivor regions: 2->2(39)
[2024-03-24T20:43:10.334+0800][2984.357s] GC(1173) Old regions: 61->61
[2024-03-24T20:43:10.334+0800][2984.357s] GC(1173) Humongous regions: 4->4
[2024-03-24T20:43:10.334+0800][2984.357s] GC(1173) Metaspace: 66035K(66688K)->66035K(66688K) NonClass: 58621K(58944K)->58621K(58944K) Class: 7413K(7744K)->7413K(7744K)
[2024-03-24T20:43:10.334+0800][2984.357s] GC(1173) Pause Young (Normal) (G1 Evacuation Pause) 370M->65M(512M) 4.065ms
[2024-03-24T20:43:10.334+0800][2984.357s] GC(1173) User=0.00s Sys=0.00s Real=0.00s
[2024-03-24T20:43:12.038+0800][2986.061s] GC(1174) Pause Young (Normal) (G1 Evacuation Pause)
[2024-03-24T20:43:12.038+0800][2986.061s] GC(1174) Using 8 workers of 8 for evacuation
[2024-03-24T20:43:12.040+0800][2986.063s] GC(1174)   Pre Evacuate Collection Set: 0.4ms
[2024-03-24T20:43:12.040+0800][2986.063s] GC(1174)   Merge Heap Roots: 0.2ms
[2024-03-24T20:43:12.040+0800][2986.063s] GC(1174)   Evacuate Collection Set: 1.2ms
[2024-03-24T20:43:12.040+0800][2986.063s] GC(1174)   Post Evacuate Collection Set: 0.5ms
[2024-03-24T20:43:12.040+0800][2986.063s] GC(1174)   Other: 0.1ms
[2024-03-24T20:43:12.040+0800][2986.063s] GC(1174) Eden regions: 305->0(305)
[2024-03-24T20:43:12.040+0800][2986.063s] GC(1174) Survivor regions: 2->2(39)
[2024-03-24T20:43:12.040+0800][2986.063s] GC(1174) Old regions: 61->61
[2024-03-24T20:43:12.040+0800][2986.063s] GC(1174) Humongous regions: 4->4
[2024-03-24T20:43:12.040+0800][2986.063s] GC(1174) Metaspace: 66035K(66688K)->66035K(66688K) NonClass: 58621K(58944K)->58621K(58944K) Class: 7413K(7744K)->7413K(7744K)
[2024-03-24T20:43:12.040+0800][2986.063s] GC(1174) Pause Young (Normal) (G1 Evacuation Pause) 370M->65M(512M) 2.614ms
[2024-03-24T20:43:12.040+0800][2986.063s] GC(1174) User=0.00s Sys=0.00s Real=0.00s
[2024-03-24T20:43:13.916+0800][2987.941s] GC(1175) Pause Young (Normal) (G1 Evacuation Pause)
[2024-03-24T20:43:13.916+0800][2987.941s] GC(1175) Using 8 workers of 8 for evacuation
[2024-03-24T20:43:13.916+0800][2987.945s] GC(1175)   Pre Evacuate Collection Set: 0.2ms
[2024-03-24T20:43:13.916+0800][2987.945s] GC(1175)   Merge Heap Roots: 0.1ms
[2024-03-24T20:43:13.916+0800][2987.945s] GC(1175)   Evacuate Collection Set: 2.2ms
[2024-03-24T20:43:13.916+0800][2987.945s] GC(1175)   Post Evacuate Collection Set: 0.7ms
[2024-03-24T20:43:13.916+0800][2987.945s] GC(1175)   Other: 0.2ms
[2024-03-24T20:43:13.916+0800][2987.945s] GC(1175) Eden regions: 305->0(305)
[2024-03-24T20:43:13.916+0800][2987.945s] GC(1175) Survivor regions: 2->2(39)
[2024-03-24T20:43:13.916+0800][2987.945s] GC(1175) Old regions: 61->61
[2024-03-24T20:43:13.916+0800][2987.945s] GC(1175) Humongous regions: 4->4
[2024-03-24T20:43:13.916+0800][2987.945s] GC(1175) Metaspace: 66035K(66688K)->66035K(66688K) NonClass: 58621K(58944K)->58621K(58944K) Class: 7413K(7744K)->7413K(7744K)
[2024-03-24T20:43:13.916+0800][2987.945s] GC(1175) Pause Young (Normal) (G1 Evacuation Pause) 370M->65M(512M) 3.873ms
[2024-03-24T20:43:13.916+0800][2987.945s] GC(1175) User=0.00s Sys=0.00s Real=0.00s
[2024-03-24T20:43:15.774+0800][2989.797s] GC(1176) Pause Young (Normal) (G1 Evacuation Pause)
[2024-03-24T20:43:15.774+0800][2989.797s] GC(1176) Using 8 workers of 8 for evacuation
[2024-03-24T20:43:15.776+0800][2989.799s] GC(1176)   Pre Evacuate Collection Set: 0.3ms
[2024-03-24T20:43:15.776+0800][2989.799s] GC(1176)   Merge Heap Roots: 0.2ms
[2024-03-24T20:43:15.776+0800][2989.799s] GC(1176)   Evacuate Collection Set: 1.4ms
[2024-03-24T20:43:15.776+0800][2989.799s] GC(1176)   Post Evacuate Collection Set: 0.5ms
[2024-03-24T20:43:15.776+0800][2989.799s] GC(1176)   Other: 0.1ms
[2024-03-24T20:43:15.776+0800][2989.799s] GC(1176) Eden regions: 305->0(305)
[2024-03-24T20:43:15.776+0800][2989.799s] GC(1176) Survivor regions: 2->2(39)
[2024-03-24T20:43:15.776+0800][2989.799s] GC(1176) Old regions: 61->61
[2024-03-24T20:43:15.776+0800][2989.799s] GC(1176) Humongous regions: 4->4
[2024-03-24T20:43:15.776+0800][2989.799s] GC(1176) Metaspace: 66035K(66688K)->66035K(66688K) NonClass: 58621K(58944K)->58621K(58944K) Class: 7413K(7744K)->7413K(7744K)
[2024-03-24T20:43:15.776+0800][2989.799s] GC(1176) Pause Young (Normal) (G1 Evacuation Pause) 370M->65M(512M) 2.588ms
[2024-03-24T20:43:15.776+0800][2989.799s] GC(1176) User=0.00s Sys=0.00s Real=0.00s
[2024-03-24T20:43:17.619+0800][2991.645s] GC(1177) Pause Young (Normal) (G1 Evacuation Pause)
[2024-03-24T20:43:17.619+0800][2991.645s] GC(1177) Using 8 workers of 8 for evacuation
[2024-03-24T20:43:17.626+0800][2991.649s] GC(1177)   Pre Evacuate Collection Set: 0.3ms
[2024-03-24T20:43:17.626+0800][2991.650s] GC(1177)   Merge Heap Roots: 0.1ms
[2024-03-24T20:43:17.626+0800][2991.650s] GC(1177)   Evacuate Collection Set: 3.0ms
[2024-03-24T20:43:17.626+0800][2991.650s] GC(1177)   Post Evacuate Collection Set: 0.4ms
[2024-03-24T20:43:17.626+0800][2991.650s] GC(1177)   Other: 0.2ms
[2024-03-24T20:43:17.626+0800][2991.650s] GC(1177) Eden regions: 305->0(305)
[2024-03-24T20:43:17.626+0800][2991.650s] GC(1177) Survivor regions: 2->2(39)
[2024-03-24T20:43:17.626+0800][2991.650s] GC(1177) Old regions: 61->61
[2024-03-24T20:43:17.626+0800][2991.650s] GC(1177) Humongous regions: 4->4
[2024-03-24T20:43:17.626+0800][2991.650s] GC(1177) Metaspace: 66035K(66688K)->66035K(66688K) NonClass: 58621K(58944K)->58621K(58944K) Class: 7413K(7744K)->7413K(7744K)
[2024-03-24T20:43:17.626+0800][2991.650s] GC(1177) Pause Young (Normal) (G1 Evacuation Pause) 370M->65M(512M) 4.395ms
[2024-03-24T20:43:17.626+0800][2991.650s] GC(1177) User=0.00s Sys=0.00s Real=0.01s
[2024-03-24T20:43:19.366+0800][2993.391s] GC(1178) Pause Young (Normal) (G1 Evacuation Pause)
[2024-03-24T20:43:19.366+0800][2993.391s] GC(1178) Using 8 workers of 8 for evacuation
[2024-03-24T20:43:19.366+0800][2993.395s] GC(1178)   Pre Evacuate Collection Set: 0.3ms
[2024-03-24T20:43:19.366+0800][2993.395s] GC(1178)   Merge Heap Roots: 0.1ms
[2024-03-24T20:43:19.366+0800][2993.395s] GC(1178)   Evacuate Collection Set: 2.8ms
[2024-03-24T20:43:19.366+0800][2993.395s] GC(1178)   Post Evacuate Collection Set: 0.6ms
[2024-03-24T20:43:19.366+0800][2993.395s] GC(1178)   Other: 0.1ms
[2024-03-24T20:43:19.366+0800][2993.395s] GC(1178) Eden regions: 305->0(305)
[2024-03-24T20:43:19.366+0800][2993.395s] GC(1178) Survivor regions: 2->2(39)
[2024-03-24T20:43:19.366+0800][2993.395s] GC(1178) Old regions: 61->61
[2024-03-24T20:43:19.366+0800][2993.395s] GC(1178) Humongous regions: 4->4
[2024-03-24T20:43:19.366+0800][2993.395s] GC(1178) Metaspace: 66035K(66688K)->66035K(66688K) NonClass: 58621K(58944K)->58621K(58944K) Class: 7413K(7744K)->7413K(7744K)
[2024-03-24T20:43:19.366+0800][2993.395s] GC(1178) Pause Young (Normal) (G1 Evacuation Pause) 370M->65M(512M) 4.239ms
[2024-03-24T20:43:19.366+0800][2993.395s] GC(1178) User=0.00s Sys=0.00s Real=0.00s
[2024-03-24T20:43:21.109+0800][2995.131s] GC(1179) Pause Young (Normal) (G1 Evacuation Pause)
[2024-03-24T20:43:21.109+0800][2995.131s] GC(1179) Using 8 workers of 8 for evacuation
[2024-03-24T20:43:21.110+0800][2995.135s] GC(1179)   Pre Evacuate Collection Set: 0.1ms
[2024-03-24T20:43:21.110+0800][2995.135s] GC(1179)   Merge Heap Roots: 0.2ms
[2024-03-24T20:43:21.110+0800][2995.135s] GC(1179)   Evacuate Collection Set: 1.7ms
[2024-03-24T20:43:21.110+0800][2995.135s] GC(1179)   Post Evacuate Collection Set: 1.0ms
[2024-03-24T20:43:21.110+0800][2995.135s] GC(1179)   Other: 0.1ms
[2024-03-24T20:43:21.110+0800][2995.135s] GC(1179) Eden regions: 305->0(305)
[2024-03-24T20:43:21.110+0800][2995.135s] GC(1179) Survivor regions: 2->2(39)
[2024-03-24T20:43:21.110+0800][2995.135s] GC(1179) Old regions: 61->61
[2024-03-24T20:43:21.110+0800][2995.135s] GC(1179) Humongous regions: 4->4
[2024-03-24T20:43:21.110+0800][2995.135s] GC(1179) Metaspace: 66035K(66688K)->66035K(66688K) NonClass: 58621K(58944K)->58621K(58944K) Class: 7413K(7744K)->7413K(7744K)
[2024-03-24T20:43:21.110+0800][2995.135s] GC(1179) Pause Young (Normal) (G1 Evacuation Pause) 370M->65M(512M) 3.403ms
[2024-03-24T20:43:21.110+0800][2995.135s] GC(1179) User=0.00s Sys=0.00s Real=0.00s
[2024-03-24T20:43:22.817+0800][2996.839s] GC(1180) Pause Young (Normal) (G1 Evacuation Pause)
[2024-03-24T20:43:22.817+0800][2996.839s] GC(1180) Using 8 workers of 8 for evacuation
[2024-03-24T20:43:22.820+0800][2996.843s] GC(1180)   Pre Evacuate Collection Set: 0.4ms
[2024-03-24T20:43:22.820+0800][2996.843s] GC(1180)   Merge Heap Roots: 0.2ms
[2024-03-24T20:43:22.821+0800][2996.843s] GC(1180)   Evacuate Collection Set: 1.9ms
[2024-03-24T20:43:22.821+0800][2996.843s] GC(1180)   Post Evacuate Collection Set: 1.0ms
[2024-03-24T20:43:22.821+0800][2996.843s] GC(1180)   Other: 0.1ms
[2024-03-24T20:43:22.821+0800][2996.843s] GC(1180) Eden regions: 305->0(305)
[2024-03-24T20:43:22.821+0800][2996.843s] GC(1180) Survivor regions: 2->2(39)
[2024-03-24T20:43:22.821+0800][2996.843s] GC(1180) Old regions: 61->61
[2024-03-24T20:43:22.821+0800][2996.843s] GC(1180) Humongous regions: 4->4
[2024-03-24T20:43:22.821+0800][2996.843s] GC(1180) Metaspace: 66035K(66688K)->66035K(66688K) NonClass: 58621K(58944K)->58621K(58944K) Class: 7413K(7744K)->7413K(7744K)
[2024-03-24T20:43:22.821+0800][2996.843s] GC(1180) Pause Young (Normal) (G1 Evacuation Pause) 370M->65M(512M) 4.146ms
[2024-03-24T20:43:22.821+0800][2996.843s] GC(1180) User=0.00s Sys=0.00s Real=0.00s
[2024-03-24T20:43:24.561+0800][2998.583s] GC(1181) Pause Young (Normal) (G1 Evacuation Pause)
[2024-03-24T20:43:24.561+0800][2998.583s] GC(1181) Using 8 workers of 8 for evacuation
[2024-03-24T20:43:24.563+0800][2998.587s] GC(1181)   Pre Evacuate Collection Set: 0.3ms
[2024-03-24T20:43:24.564+0800][2998.587s] GC(1181)   Merge Heap Roots: 0.2ms
[2024-03-24T20:43:24.564+0800][2998.587s] GC(1181)   Evacuate Collection Set: 2.0ms
[2024-03-24T20:43:24.564+0800][2998.587s] GC(1181)   Post Evacuate Collection Set: 0.9ms
[2024-03-24T20:43:24.564+0800][2998.587s] GC(1181)   Other: 0.1ms
[2024-03-24T20:43:24.564+0800][2998.587s] GC(1181) Eden regions: 305->0(305)
[2024-03-24T20:43:24.564+0800][2998.587s] GC(1181) Survivor regions: 2->2(39)
[2024-03-24T20:43:24.564+0800][2998.587s] GC(1181) Old regions: 61->61
[2024-03-24T20:43:24.564+0800][2998.587s] GC(1181) Humongous regions: 4->4
[2024-03-24T20:43:24.564+0800][2998.587s] GC(1181) Metaspace: 66035K(66688K)->66035K(66688K) NonClass: 58621K(58944K)->58621K(58944K) Class: 7413K(7744K)->7413K(7744K)
[2024-03-24T20:43:24.564+0800][2998.587s] GC(1181) Pause Young (Normal) (G1 Evacuation Pause) 370M->65M(512M) 3.936ms
[2024-03-24T20:43:24.564+0800][2998.587s] GC(1181) User=0.00s Sys=0.00s Real=0.00s
[2024-03-24T20:43:26.488+0800][3000.518s] GC(1182) Pause Young (Normal) (G1 Evacuation Pause)
[2024-03-24T20:43:26.488+0800][3000.519s] GC(1182) Using 8 workers of 8 for evacuation
[2024-03-24T20:43:26.498+0800][3000.522s] GC(1182)   Pre Evacuate Collection Set: 0.3ms
[2024-03-24T20:43:26.498+0800][3000.523s] GC(1182)   Merge Heap Roots: 0.2ms
[2024-03-24T20:43:26.498+0800][3000.523s] GC(1182)   Evacuate Collection Set: 2.4ms
[2024-03-24T20:43:26.498+0800][3000.523s] GC(1182)   Post Evacuate Collection Set: 0.8ms
[2024-03-24T20:43:26.498+0800][3000.523s] GC(1182)   Other: 0.2ms
[2024-03-24T20:43:26.498+0800][3000.523s] GC(1182) Eden regions: 305->0(305)
[2024-03-24T20:43:26.498+0800][3000.523s] GC(1182) Survivor regions: 2->2(39)
[2024-03-24T20:43:26.498+0800][3000.523s] GC(1182) Old regions: 61->61
[2024-03-24T20:43:26.498+0800][3000.523s] GC(1182) Humongous regions: 4->4
[2024-03-24T20:43:26.498+0800][3000.523s] GC(1182) Metaspace: 66035K(66688K)->66035K(66688K) NonClass: 58621K(58944K)->58621K(58944K) Class: 7413K(7744K)->7413K(7744K)
[2024-03-24T20:43:26.498+0800][3000.523s] GC(1182) Pause Young (Normal) (G1 Evacuation Pause) 370M->65M(512M) 4.460ms
[2024-03-24T20:43:26.498+0800][3000.523s] GC(1182) User=0.00s Sys=0.00s Real=0.01s
[2024-03-24T20:43:28.343+0800][3002.366s] GC(1183) Pause Young (Normal) (G1 Evacuation Pause)
[2024-03-24T20:43:28.343+0800][3002.366s] GC(1183) Using 8 workers of 8 for evacuation
[2024-03-24T20:43:28.347+0800][3002.370s] GC(1183)   Pre Evacuate Collection Set: 0.3ms
[2024-03-24T20:43:28.347+0800][3002.370s] GC(1183)   Merge Heap Roots: 0.2ms
[2024-03-24T20:43:28.347+0800][3002.370s] GC(1183)   Evacuate Collection Set: 2.1ms
[2024-03-24T20:43:28.347+0800][3002.370s] GC(1183)   Post Evacuate Collection Set: 0.9ms
[2024-03-24T20:43:28.347+0800][3002.370s] GC(1183)   Other: 0.1ms
[2024-03-24T20:43:28.347+0800][3002.370s] GC(1183) Eden regions: 305->0(305)
[2024-03-24T20:43:28.347+0800][3002.370s] GC(1183) Survivor regions: 2->2(39)
[2024-03-24T20:43:28.347+0800][3002.370s] GC(1183) Old regions: 61->61
[2024-03-24T20:43:28.347+0800][3002.370s] GC(1183) Humongous regions: 4->4
[2024-03-24T20:43:28.347+0800][3002.370s] GC(1183) Metaspace: 66035K(66688K)->66035K(66688K) NonClass: 58621K(58944K)->58621K(58944K) Class: 7413K(7744K)->7413K(7744K)
[2024-03-24T20:43:28.347+0800][3002.370s] GC(1183) Pause Young (Normal) (G1 Evacuation Pause) 370M->65M(512M) 4.071ms
[2024-03-24T20:43:28.347+0800][3002.370s] GC(1183) User=0.00s Sys=0.00s Real=0.00s
[2024-03-24T20:43:30.182+0800][3004.208s] GC(1184) Pause Young (Normal) (G1 Evacuation Pause)
[2024-03-24T20:43:30.182+0800][3004.209s] GC(1184) Using 8 workers of 8 for evacuation
[2024-03-24T20:43:30.187+0800][3004.212s] GC(1184)   Pre Evacuate Collection Set: 0.3ms
[2024-03-24T20:43:30.187+0800][3004.212s] GC(1184)   Merge Heap Roots: 0.2ms
[2024-03-24T20:43:30.187+0800][3004.212s] GC(1184)   Evacuate Collection Set: 1.7ms
[2024-03-24T20:43:30.187+0800][3004.212s] GC(1184)   Post Evacuate Collection Set: 0.8ms
[2024-03-24T20:43:30.187+0800][3004.212s] GC(1184)   Other: 0.1ms
[2024-03-24T20:43:30.187+0800][3004.212s] GC(1184) Eden regions: 305->0(305)
[2024-03-24T20:43:30.187+0800][3004.212s] GC(1184) Survivor regions: 2->2(39)
[2024-03-24T20:43:30.187+0800][3004.212s] GC(1184) Old regions: 61->61
[2024-03-24T20:43:30.187+0800][3004.212s] GC(1184) Humongous regions: 4->4
[2024-03-24T20:43:30.187+0800][3004.212s] GC(1184) Metaspace: 66035K(66688K)->66035K(66688K) NonClass: 58621K(58944K)->58621K(58944K) Class: 7413K(7744K)->7413K(7744K)
[2024-03-24T20:43:30.187+0800][3004.212s] GC(1184) Pause Young (Normal) (G1 Evacuation Pause) 370M->65M(512M) 3.645ms
[2024-03-24T20:43:30.187+0800][3004.212s] GC(1184) User=0.00s Sys=0.00s Real=0.01s
[2024-03-24T20:43:31.660+0800][3005.683s] GC(1185) Pause Young (Normal) (G1 Evacuation Pause)
[2024-03-24T20:43:31.660+0800][3005.683s] GC(1185) Using 8 workers of 8 for evacuation
[2024-03-24T20:43:31.663+0800][3005.686s] GC(1185)   Pre Evacuate Collection Set: 0.2ms
[2024-03-24T20:43:31.663+0800][3005.686s] GC(1185)   Merge Heap Roots: 0.1ms
[2024-03-24T20:43:31.663+0800][3005.686s] GC(1185)   Evacuate Collection Set: 1.8ms
[2024-03-24T20:43:31.663+0800][3005.686s] GC(1185)   Post Evacuate Collection Set: 0.8ms
[2024-03-24T20:43:31.663+0800][3005.686s] GC(1185)   Other: 0.1ms
[2024-03-24T20:43:31.663+0800][3005.686s] GC(1185) Eden regions: 305->0(305)
[2024-03-24T20:43:31.663+0800][3005.686s] GC(1185) Survivor regions: 2->2(39)
[2024-03-24T20:43:31.663+0800][3005.687s] GC(1185) Old regions: 61->61
[2024-03-24T20:43:31.663+0800][3005.687s] GC(1185) Humongous regions: 4->4
[2024-03-24T20:43:31.663+0800][3005.687s] GC(1185) Metaspace: 66035K(66688K)->66035K(66688K) NonClass: 58621K(58944K)->58621K(58944K) Class: 7413K(7744K)->7413K(7744K)
[2024-03-24T20:43:31.663+0800][3005.687s] GC(1185) Pause Young (Normal) (G1 Evacuation Pause) 370M->65M(512M) 3.508ms
[2024-03-24T20:43:31.663+0800][3005.687s] GC(1185) User=0.00s Sys=0.00s Real=0.00s
[2024-03-24T20:43:33.495+0800][3007.519s] GC(1186) Pause Young (Normal) (G1 Evacuation Pause)
[2024-03-24T20:43:33.495+0800][3007.520s] GC(1186) Using 8 workers of 8 for evacuation
[2024-03-24T20:43:33.495+0800][3007.522s] GC(1186)   Pre Evacuate Collection Set: 0.4ms
[2024-03-24T20:43:33.495+0800][3007.522s] GC(1186)   Merge Heap Roots: 0.1ms
[2024-03-24T20:43:33.495+0800][3007.522s] GC(1186)   Evacuate Collection Set: 1.5ms
[2024-03-24T20:43:33.495+0800][3007.522s] GC(1186)   Post Evacuate Collection Set: 0.7ms
[2024-03-24T20:43:33.495+0800][3007.522s] GC(1186)   Other: 0.1ms
[2024-03-24T20:43:33.495+0800][3007.523s] GC(1186) Eden regions: 305->0(305)
[2024-03-24T20:43:33.495+0800][3007.523s] GC(1186) Survivor regions: 2->2(39)
[2024-03-24T20:43:33.495+0800][3007.523s] GC(1186) Old regions: 61->61
[2024-03-24T20:43:33.495+0800][3007.523s] GC(1186) Humongous regions: 4->4
[2024-03-24T20:43:33.495+0800][3007.523s] GC(1186) Metaspace: 66035K(66688K)->66035K(66688K) NonClass: 58621K(58944K)->58621K(58944K) Class: 7413K(7744K)->7413K(7744K)
[2024-03-24T20:43:33.495+0800][3007.523s] GC(1186) Pause Young (Normal) (G1 Evacuation Pause) 370M->65M(512M) 3.355ms
[2024-03-24T20:43:33.495+0800][3007.523s] GC(1186) User=0.02s Sys=0.00s Real=0.00s
[2024-03-24T20:43:35.251+0800][3009.275s] GC(1187) Pause Young (Normal) (G1 Evacuation Pause)
[2024-03-24T20:43:35.251+0800][3009.275s] GC(1187) Using 8 workers of 8 for evacuation
[2024-03-24T20:43:35.253+0800][3009.278s] GC(1187)   Pre Evacuate Collection Set: 0.1ms
[2024-03-24T20:43:35.253+0800][3009.278s] GC(1187)   Merge Heap Roots: 0.1ms
[2024-03-24T20:43:35.253+0800][3009.278s] GC(1187)   Evacuate Collection Set: 1.7ms
[2024-03-24T20:43:35.253+0800][3009.278s] GC(1187)   Post Evacuate Collection Set: 0.8ms
[2024-03-24T20:43:35.253+0800][3009.278s] GC(1187)   Other: 0.1ms
[2024-03-24T20:43:35.253+0800][3009.278s] GC(1187) Eden regions: 305->0(305)
[2024-03-24T20:43:35.253+0800][3009.278s] GC(1187) Survivor regions: 2->2(39)
[2024-03-24T20:43:35.253+0800][3009.278s] GC(1187) Old regions: 61->61
[2024-03-24T20:43:35.253+0800][3009.278s] GC(1187) Humongous regions: 4->4
[2024-03-24T20:43:35.253+0800][3009.278s] GC(1187) Metaspace: 66035K(66688K)->66035K(66688K) NonClass: 58621K(58944K)->58621K(58944K) Class: 7413K(7744K)->7413K(7744K)
[2024-03-24T20:43:35.253+0800][3009.278s] GC(1187) Pause Young (Normal) (G1 Evacuation Pause) 370M->65M(512M) 3.297ms
[2024-03-24T20:43:35.253+0800][3009.278s] GC(1187) User=0.00s Sys=0.00s Real=0.00s
[2024-03-24T20:43:36.973+0800][3010.996s] GC(1188) Pause Young (Normal) (G1 Evacuation Pause)
[2024-03-24T20:43:36.973+0800][3010.996s] GC(1188) Using 8 workers of 8 for evacuation
[2024-03-24T20:43:36.975+0800][3011.000s] GC(1188)   Pre Evacuate Collection Set: 0.3ms
[2024-03-24T20:43:36.975+0800][3011.000s] GC(1188)   Merge Heap Roots: 0.1ms
[2024-03-24T20:43:36.975+0800][3011.000s] GC(1188)   Evacuate Collection Set: 2.5ms
[2024-03-24T20:43:36.975+0800][3011.000s] GC(1188)   Post Evacuate Collection Set: 0.9ms
[2024-03-24T20:43:36.975+0800][3011.000s] GC(1188)   Other: 0.1ms
[2024-03-24T20:43:36.975+0800][3011.000s] GC(1188) Eden regions: 305->0(305)
[2024-03-24T20:43:36.975+0800][3011.000s] GC(1188) Survivor regions: 2->2(39)
[2024-03-24T20:43:36.975+0800][3011.000s] GC(1188) Old regions: 61->61
[2024-03-24T20:43:36.975+0800][3011.000s] GC(1188) Humongous regions: 4->4
[2024-03-24T20:43:36.975+0800][3011.000s] GC(1188) Metaspace: 66035K(66688K)->66035K(66688K) NonClass: 58621K(58944K)->58621K(58944K) Class: 7413K(7744K)->7413K(7744K)
[2024-03-24T20:43:36.975+0800][3011.000s] GC(1188) Pause Young (Normal) (G1 Evacuation Pause) 370M->66M(512M) 4.334ms
[2024-03-24T20:43:36.975+0800][3011.000s] GC(1188) User=0.00s Sys=0.00s Real=0.00s
[2024-03-24T20:43:38.853+0800][3012.880s] GC(1189) Pause Young (Normal) (G1 Evacuation Pause)
[2024-03-24T20:43:38.853+0800][3012.880s] GC(1189) Using 8 workers of 8 for evacuation
[2024-03-24T20:43:38.853+0800][3012.882s] GC(1189)   Pre Evacuate Collection Set: 0.3ms
[2024-03-24T20:43:38.853+0800][3012.882s] GC(1189)   Merge Heap Roots: 0.3ms
[2024-03-24T20:43:38.853+0800][3012.882s] GC(1189)   Evacuate Collection Set: 1.2ms
[2024-03-24T20:43:38.853+0800][3012.882s] GC(1189)   Post Evacuate Collection Set: 0.4ms
[2024-03-24T20:43:38.853+0800][3012.882s] GC(1189)   Other: 0.1ms
[2024-03-24T20:43:38.853+0800][3012.882s] GC(1189) Eden regions: 305->0(305)
[2024-03-24T20:43:38.853+0800][3012.882s] GC(1189) Survivor regions: 2->2(39)
[2024-03-24T20:43:38.853+0800][3012.882s] GC(1189) Old regions: 61->61
[2024-03-24T20:43:38.853+0800][3012.882s] GC(1189) Humongous regions: 4->4
[2024-03-24T20:43:38.853+0800][3012.882s] GC(1189) Metaspace: 66035K(66688K)->66035K(66688K) NonClass: 58621K(58944K)->58621K(58944K) Class: 7413K(7744K)->7413K(7744K)
[2024-03-24T20:43:38.853+0800][3012.882s] GC(1189) Pause Young (Normal) (G1 Evacuation Pause) 371M->65M(512M) 2.449ms
[2024-03-24T20:43:38.853+0800][3012.882s] GC(1189) User=0.00s Sys=0.00s Real=0.00s
[2024-03-24T20:43:40.593+0800][3014.621s] GC(1190) Pause Young (Normal) (G1 Evacuation Pause)
[2024-03-24T20:43:40.598+0800][3014.621s] GC(1190) Using 8 workers of 8 for evacuation
[2024-03-24T20:43:40.598+0800][3014.624s] GC(1190)   Pre Evacuate Collection Set: 0.2ms
[2024-03-24T20:43:40.598+0800][3014.624s] GC(1190)   Merge Heap Roots: 0.1ms
[2024-03-24T20:43:40.598+0800][3014.624s] GC(1190)   Evacuate Collection Set: 1.7ms
[2024-03-24T20:43:40.598+0800][3014.624s] GC(1190)   Post Evacuate Collection Set: 0.7ms
[2024-03-24T20:43:40.598+0800][3014.624s] GC(1190)   Other: 0.1ms
[2024-03-24T20:43:40.598+0800][3014.624s] GC(1190) Eden regions: 305->0(305)
[2024-03-24T20:43:40.598+0800][3014.624s] GC(1190) Survivor regions: 2->2(39)
[2024-03-24T20:43:40.598+0800][3014.624s] GC(1190) Old regions: 61->61
[2024-03-24T20:43:40.598+0800][3014.624s] GC(1190) Humongous regions: 4->4
[2024-03-24T20:43:40.598+0800][3014.624s] GC(1190) Metaspace: 66035K(66688K)->66035K(66688K) NonClass: 58621K(58944K)->58621K(58944K) Class: 7413K(7744K)->7413K(7744K)
[2024-03-24T20:43:40.598+0800][3014.624s] GC(1190) Pause Young (Normal) (G1 Evacuation Pause) 370M->65M(512M) 3.352ms
[2024-03-24T20:43:40.598+0800][3014.624s] GC(1190) User=0.00s Sys=0.00s Real=0.01s
[2024-03-24T20:43:42.075+0800][3016.097s] GC(1191) Pause Young (Normal) (G1 Evacuation Pause)
[2024-03-24T20:43:42.075+0800][3016.097s] GC(1191) Using 8 workers of 8 for evacuation
[2024-03-24T20:43:42.078+0800][3016.101s] GC(1191)   Pre Evacuate Collection Set: 0.3ms
[2024-03-24T20:43:42.078+0800][3016.101s] GC(1191)   Merge Heap Roots: 0.1ms
[2024-03-24T20:43:42.078+0800][3016.101s] GC(1191)   Evacuate Collection Set: 2.0ms
[2024-03-24T20:43:42.078+0800][3016.101s] GC(1191)   Post Evacuate Collection Set: 1.1ms
[2024-03-24T20:43:42.078+0800][3016.101s] GC(1191)   Other: 0.1ms
[2024-03-24T20:43:42.079+0800][3016.101s] GC(1191) Eden regions: 305->0(305)
[2024-03-24T20:43:42.079+0800][3016.101s] GC(1191) Survivor regions: 2->2(39)
[2024-03-24T20:43:42.079+0800][3016.101s] GC(1191) Old regions: 61->61
[2024-03-24T20:43:42.079+0800][3016.101s] GC(1191) Humongous regions: 4->4
[2024-03-24T20:43:42.079+0800][3016.101s] GC(1191) Metaspace: 66035K(66688K)->66035K(66688K) NonClass: 58621K(58944K)->58621K(58944K) Class: 7413K(7744K)->7413K(7744K)
[2024-03-24T20:43:42.079+0800][3016.102s] GC(1191) Pause Young (Normal) (G1 Evacuation Pause) 370M->65M(512M) 4.100ms
[2024-03-24T20:43:42.079+0800][3016.102s] GC(1191) User=0.00s Sys=0.00s Real=0.00s
[2024-03-24T20:43:43.839+0800][3017.863s] GC(1192) Pause Young (Normal) (G1 Evacuation Pause)
[2024-03-24T20:43:43.839+0800][3017.863s] GC(1192) Using 8 workers of 8 for evacuation
[2024-03-24T20:43:43.843+0800][3017.866s] GC(1192)   Pre Evacuate Collection Set: 0.5ms
[2024-03-24T20:43:43.843+0800][3017.866s] GC(1192)   Merge Heap Roots: 0.2ms
[2024-03-24T20:43:43.843+0800][3017.866s] GC(1192)   Evacuate Collection Set: 1.9ms
[2024-03-24T20:43:43.843+0800][3017.866s] GC(1192)   Post Evacuate Collection Set: 1.0ms
[2024-03-24T20:43:43.843+0800][3017.866s] GC(1192)   Other: 0.1ms
[2024-03-24T20:43:43.843+0800][3017.867s] GC(1192) Eden regions: 305->0(305)
[2024-03-24T20:43:43.843+0800][3017.867s] GC(1192) Survivor regions: 2->2(39)
[2024-03-24T20:43:43.843+0800][3017.867s] GC(1192) Old regions: 61->61
[2024-03-24T20:43:43.843+0800][3017.867s] GC(1192) Humongous regions: 4->4
[2024-03-24T20:43:43.843+0800][3017.867s] GC(1192) Metaspace: 66035K(66688K)->66035K(66688K) NonClass: 58621K(58944K)->58621K(58944K) Class: 7413K(7744K)->7413K(7744K)
[2024-03-24T20:43:43.843+0800][3017.867s] GC(1192) Pause Young (Normal) (G1 Evacuation Pause) 370M->65M(512M) 4.044ms
[2024-03-24T20:43:43.843+0800][3017.867s] GC(1192) User=0.00s Sys=0.00s Real=0.00s
[2024-03-24T20:43:45.631+0800][3019.654s] GC(1193) Pause Young (Normal) (G1 Evacuation Pause)
[2024-03-24T20:43:45.631+0800][3019.654s] GC(1193) Using 8 workers of 8 for evacuation
[2024-03-24T20:43:45.633+0800][3019.656s] GC(1193)   Pre Evacuate Collection Set: 0.2ms
[2024-03-24T20:43:45.633+0800][3019.656s] GC(1193)   Merge Heap Roots: 0.1ms
[2024-03-24T20:43:45.633+0800][3019.656s] GC(1193)   Evacuate Collection Set: 1.2ms
[2024-03-24T20:43:45.633+0800][3019.656s] GC(1193)   Post Evacuate Collection Set: 0.4ms
[2024-03-24T20:43:45.633+0800][3019.656s] GC(1193)   Other: 0.1ms
[2024-03-24T20:43:45.633+0800][3019.656s] GC(1193) Eden regions: 305->0(305)
[2024-03-24T20:43:45.633+0800][3019.656s] GC(1193) Survivor regions: 2->2(39)
[2024-03-24T20:43:45.633+0800][3019.656s] GC(1193) Old regions: 61->61
[2024-03-24T20:43:45.633+0800][3019.656s] GC(1193) Humongous regions: 4->4
[2024-03-24T20:43:45.633+0800][3019.656s] GC(1193) Metaspace: 66035K(66688K)->66035K(66688K) NonClass: 58621K(58944K)->58621K(58944K) Class: 7413K(7744K)->7413K(7744K)
[2024-03-24T20:43:45.633+0800][3019.656s] GC(1193) Pause Young (Normal) (G1 Evacuation Pause) 370M->65M(512M) 2.277ms
[2024-03-24T20:43:45.633+0800][3019.656s] GC(1193) User=0.00s Sys=0.00s Real=0.00s
[2024-03-24T20:43:47.481+0800][3021.504s] GC(1194) Pause Young (Normal) (G1 Evacuation Pause)
[2024-03-24T20:43:47.481+0800][3021.504s] GC(1194) Using 8 workers of 8 for evacuation
[2024-03-24T20:43:47.483+0800][3021.509s] GC(1194)   Pre Evacuate Collection Set: 0.3ms
[2024-03-24T20:43:47.483+0800][3021.509s] GC(1194)   Merge Heap Roots: 0.1ms
[2024-03-24T20:43:47.483+0800][3021.509s] GC(1194)   Evacuate Collection Set: 3.0ms
[2024-03-24T20:43:47.483+0800][3021.509s] GC(1194)   Post Evacuate Collection Set: 0.8ms
[2024-03-24T20:43:47.483+0800][3021.509s] GC(1194)   Other: 0.2ms
[2024-03-24T20:43:47.483+0800][3021.509s] GC(1194) Eden regions: 305->0(305)
[2024-03-24T20:43:47.483+0800][3021.509s] GC(1194) Survivor regions: 2->2(39)
[2024-03-24T20:43:47.483+0800][3021.509s] GC(1194) Old regions: 61->61
[2024-03-24T20:43:47.483+0800][3021.509s] GC(1194) Humongous regions: 4->4
[2024-03-24T20:43:47.483+0800][3021.509s] GC(1194) Metaspace: 66035K(66688K)->66035K(66688K) NonClass: 58621K(58944K)->58621K(58944K) Class: 7413K(7744K)->7413K(7744K)
[2024-03-24T20:43:47.483+0800][3021.509s] GC(1194) Pause Young (Normal) (G1 Evacuation Pause) 370M->65M(512M) 5.059ms
[2024-03-24T20:43:47.483+0800][3021.509s] GC(1194) User=0.00s Sys=0.00s Real=0.00s
[2024-03-24T20:43:49.220+0800][3023.252s] GC(1195) Pause Young (Normal) (G1 Evacuation Pause)
[2024-03-24T20:43:49.220+0800][3023.252s] GC(1195) Using 8 workers of 8 for evacuation
[2024-03-24T20:43:49.230+0800][3023.255s] GC(1195)   Pre Evacuate Collection Set: 0.2ms
[2024-03-24T20:43:49.230+0800][3023.255s] GC(1195)   Merge Heap Roots: 0.1ms
[2024-03-24T20:43:49.230+0800][3023.256s] GC(1195)   Evacuate Collection Set: 1.9ms
[2024-03-24T20:43:49.230+0800][3023.256s] GC(1195)   Post Evacuate Collection Set: 1.0ms
[2024-03-24T20:43:49.230+0800][3023.256s] GC(1195)   Other: 0.1ms
[2024-03-24T20:43:49.230+0800][3023.256s] GC(1195) Eden regions: 305->0(305)
[2024-03-24T20:43:49.230+0800][3023.256s] GC(1195) Survivor regions: 2->2(39)
[2024-03-24T20:43:49.230+0800][3023.256s] GC(1195) Old regions: 61->61
[2024-03-24T20:43:49.230+0800][3023.256s] GC(1195) Humongous regions: 4->4
[2024-03-24T20:43:49.230+0800][3023.256s] GC(1195) Metaspace: 66035K(66688K)->66035K(66688K) NonClass: 58621K(58944K)->58621K(58944K) Class: 7413K(7744K)->7413K(7744K)
[2024-03-24T20:43:49.230+0800][3023.256s] GC(1195) Pause Young (Normal) (G1 Evacuation Pause) 370M->66M(512M) 3.654ms
[2024-03-24T20:43:49.230+0800][3023.256s] GC(1195) User=0.08s Sys=0.00s Real=0.01s
[2024-03-24T20:43:51.045+0800][3025.067s] GC(1196) Pause Young (Normal) (G1 Evacuation Pause)
[2024-03-24T20:43:51.045+0800][3025.068s] GC(1196) Using 8 workers of 8 for evacuation
[2024-03-24T20:43:51.048+0800][3025.071s] GC(1196)   Pre Evacuate Collection Set: 0.4ms
[2024-03-24T20:43:51.048+0800][3025.071s] GC(1196)   Merge Heap Roots: 0.1ms
[2024-03-24T20:43:51.048+0800][3025.071s] GC(1196)   Evacuate Collection Set: 2.5ms
[2024-03-24T20:43:51.048+0800][3025.071s] GC(1196)   Post Evacuate Collection Set: 0.6ms
[2024-03-24T20:43:51.048+0800][3025.071s] GC(1196)   Other: 0.2ms
[2024-03-24T20:43:51.048+0800][3025.071s] GC(1196) Eden regions: 305->0(305)
[2024-03-24T20:43:51.048+0800][3025.071s] GC(1196) Survivor regions: 2->2(39)
[2024-03-24T20:43:51.048+0800][3025.071s] GC(1196) Old regions: 61->61
[2024-03-24T20:43:51.048+0800][3025.072s] GC(1196) Humongous regions: 4->4
[2024-03-24T20:43:51.048+0800][3025.072s] GC(1196) Metaspace: 66035K(66688K)->66035K(66688K) NonClass: 58621K(58944K)->58621K(58944K) Class: 7413K(7744K)->7413K(7744K)
[2024-03-24T20:43:51.048+0800][3025.072s] GC(1196) Pause Young (Normal) (G1 Evacuation Pause) 371M->65M(512M) 4.137ms
[2024-03-24T20:43:51.048+0800][3025.072s] GC(1196) User=0.00s Sys=0.00s Real=0.00s
[2024-03-24T20:43:52.887+0800][3026.910s] GC(1197) Pause Young (Normal) (G1 Evacuation Pause)
[2024-03-24T20:43:52.887+0800][3026.910s] GC(1197) Using 8 workers of 8 for evacuation
[2024-03-24T20:43:52.891+0800][3026.915s] GC(1197)   Pre Evacuate Collection Set: 0.3ms
[2024-03-24T20:43:52.891+0800][3026.915s] GC(1197)   Merge Heap Roots: 0.2ms
[2024-03-24T20:43:52.891+0800][3026.915s] GC(1197)   Evacuate Collection Set: 2.3ms
[2024-03-24T20:43:52.891+0800][3026.915s] GC(1197)   Post Evacuate Collection Set: 1.6ms
[2024-03-24T20:43:52.891+0800][3026.915s] GC(1197)   Other: 0.2ms
[2024-03-24T20:43:52.891+0800][3026.915s] GC(1197) Eden regions: 305->0(305)
[2024-03-24T20:43:52.891+0800][3026.915s] GC(1197) Survivor regions: 2->2(39)
[2024-03-24T20:43:52.891+0800][3026.915s] GC(1197) Old regions: 61->61
[2024-03-24T20:43:52.891+0800][3026.915s] GC(1197) Humongous regions: 4->4
[2024-03-24T20:43:52.891+0800][3026.915s] GC(1197) Metaspace: 66035K(66688K)->66035K(66688K) NonClass: 58621K(58944K)->58621K(58944K) Class: 7413K(7744K)->7413K(7744K)
[2024-03-24T20:43:52.891+0800][3026.915s] GC(1197) Pause Young (Normal) (G1 Evacuation Pause) 370M->65M(512M) 5.060ms
[2024-03-24T20:43:52.891+0800][3026.915s] GC(1197) User=0.00s Sys=0.00s Real=0.00s
[2024-03-24T20:43:54.655+0800][3028.678s] GC(1198) Pause Young (Normal) (G1 Evacuation Pause)
[2024-03-24T20:43:54.655+0800][3028.679s] GC(1198) Using 8 workers of 8 for evacuation
[2024-03-24T20:43:54.655+0800][3028.681s] GC(1198)   Pre Evacuate Collection Set: 0.4ms
[2024-03-24T20:43:54.655+0800][3028.681s] GC(1198)   Merge Heap Roots: 0.1ms
[2024-03-24T20:43:54.655+0800][3028.681s] GC(1198)   Evacuate Collection Set: 1.5ms
[2024-03-24T20:43:54.655+0800][3028.681s] GC(1198)   Post Evacuate Collection Set: 0.5ms
[2024-03-24T20:43:54.655+0800][3028.681s] GC(1198)   Other: 0.3ms
[2024-03-24T20:43:54.655+0800][3028.682s] GC(1198) Eden regions: 305->0(305)
[2024-03-24T20:43:54.655+0800][3028.682s] GC(1198) Survivor regions: 2->2(39)
[2024-03-24T20:43:54.659+0800][3028.682s] GC(1198) Old regions: 61->61
[2024-03-24T20:43:54.659+0800][3028.682s] GC(1198) Humongous regions: 4->4
[2024-03-24T20:43:54.659+0800][3028.682s] GC(1198) Metaspace: 66039K(66688K)->66039K(66688K) NonClass: 58625K(58944K)->58625K(58944K) Class: 7413K(7744K)->7413K(7744K)
[2024-03-24T20:43:54.659+0800][3028.682s] GC(1198) Pause Young (Normal) (G1 Evacuation Pause) 370M->65M(512M) 3.965ms
[2024-03-24T20:43:54.659+0800][3028.682s] GC(1198) User=0.00s Sys=0.00s Real=0.00s
[2024-03-24T20:43:56.372+0800][3030.395s] GC(1199) Pause Young (Normal) (G1 Evacuation Pause)
[2024-03-24T20:43:56.372+0800][3030.395s] GC(1199) Using 8 workers of 8 for evacuation
[2024-03-24T20:43:56.374+0800][3030.397s] GC(1199)   Pre Evacuate Collection Set: 0.2ms
[2024-03-24T20:43:56.374+0800][3030.397s] GC(1199)   Merge Heap Roots: 0.1ms
[2024-03-24T20:43:56.374+0800][3030.397s] GC(1199)   Evacuate Collection Set: 1.0ms
[2024-03-24T20:43:56.374+0800][3030.397s] GC(1199)   Post Evacuate Collection Set: 0.4ms
[2024-03-24T20:43:56.374+0800][3030.397s] GC(1199)   Other: 0.1ms
[2024-03-24T20:43:56.374+0800][3030.397s] GC(1199) Eden regions: 305->0(305)
[2024-03-24T20:43:56.374+0800][3030.397s] GC(1199) Survivor regions: 2->2(39)
[2024-03-24T20:43:56.374+0800][3030.397s] GC(1199) Old regions: 61->61
[2024-03-24T20:43:56.374+0800][3030.397s] GC(1199) Humongous regions: 4->4
[2024-03-24T20:43:56.374+0800][3030.397s] GC(1199) Metaspace: 66039K(66688K)->66039K(66688K) NonClass: 58625K(58944K)->58625K(58944K) Class: 7413K(7744K)->7413K(7744K)
[2024-03-24T20:43:56.374+0800][3030.397s] GC(1199) Pause Young (Normal) (G1 Evacuation Pause) 370M->65M(512M) 2.020ms
[2024-03-24T20:43:56.374+0800][3030.397s] GC(1199) User=0.00s Sys=0.00s Real=0.00s
[2024-03-24T20:43:58.187+0800][3032.214s] GC(1200) Pause Young (Normal) (G1 Evacuation Pause)
[2024-03-24T20:43:58.187+0800][3032.215s] GC(1200) Using 8 workers of 8 for evacuation
[2024-03-24T20:43:58.195+0800][3032.218s] GC(1200)   Pre Evacuate Collection Set: 0.3ms
[2024-03-24T20:43:58.195+0800][3032.218s] GC(1200)   Merge Heap Roots: 0.1ms
[2024-03-24T20:43:58.195+0800][3032.218s] GC(1200)   Evacuate Collection Set: 1.7ms
[2024-03-24T20:43:58.195+0800][3032.218s] GC(1200)   Post Evacuate Collection Set: 1.0ms
[2024-03-24T20:43:58.195+0800][3032.218s] GC(1200)   Other: 0.2ms
[2024-03-24T20:43:58.195+0800][3032.218s] GC(1200) Eden regions: 305->0(305)
[2024-03-24T20:43:58.195+0800][3032.218s] GC(1200) Survivor regions: 2->2(39)
[2024-03-24T20:43:58.195+0800][3032.218s] GC(1200) Old regions: 61->61
[2024-03-24T20:43:58.195+0800][3032.218s] GC(1200) Humongous regions: 4->4
[2024-03-24T20:43:58.195+0800][3032.218s] GC(1200) Metaspace: 66039K(66688K)->66039K(66688K) NonClass: 58625K(58944K)->58625K(58944K) Class: 7413K(7744K)->7413K(7744K)
[2024-03-24T20:43:58.195+0800][3032.218s] GC(1200) Pause Young (Normal) (G1 Evacuation Pause) 370M->65M(512M) 3.961ms
[2024-03-24T20:43:58.195+0800][3032.218s] GC(1200) User=0.00s Sys=0.00s Real=0.01s
[2024-03-24T20:43:59.984+0800][3034.006s] GC(1201) Pause Young (Normal) (G1 Evacuation Pause)
[2024-03-24T20:43:59.984+0800][3034.007s] GC(1201) Using 8 workers of 8 for evacuation
[2024-03-24T20:43:59.986+0800][3034.009s] GC(1201)   Pre Evacuate Collection Set: 0.2ms
[2024-03-24T20:43:59.986+0800][3034.009s] GC(1201)   Merge Heap Roots: 0.1ms
[2024-03-24T20:43:59.986+0800][3034.009s] GC(1201)   Evacuate Collection Set: 1.5ms
[2024-03-24T20:43:59.986+0800][3034.009s] GC(1201)   Post Evacuate Collection Set: 0.5ms
[2024-03-24T20:43:59.986+0800][3034.009s] GC(1201)   Other: 0.1ms
[2024-03-24T20:43:59.986+0800][3034.009s] GC(1201) Eden regions: 305->0(306)
[2024-03-24T20:43:59.986+0800][3034.009s] GC(1201) Survivor regions: 2->1(39)
[2024-03-24T20:43:59.986+0800][3034.009s] GC(1201) Old regions: 61->61
[2024-03-24T20:43:59.986+0800][3034.009s] GC(1201) Humongous regions: 4->4
[2024-03-24T20:43:59.986+0800][3034.009s] GC(1201) Metaspace: 66039K(66688K)->66039K(66688K) NonClass: 58625K(58944K)->58625K(58944K) Class: 7413K(7744K)->7413K(7744K)
[2024-03-24T20:43:59.986+0800][3034.009s] GC(1201) Pause Young (Normal) (G1 Evacuation Pause) 370M->65M(512M) 2.618ms
[2024-03-24T20:43:59.986+0800][3034.009s] GC(1201) User=0.03s Sys=0.00s Real=0.00s
[2024-03-24T20:44:01.680+0800][3035.707s] GC(1202) Pause Young (Normal) (G1 Evacuation Pause)
[2024-03-24T20:44:01.680+0800][3035.707s] GC(1202) Using 8 workers of 8 for evacuation
[2024-03-24T20:44:01.680+0800][3035.710s] GC(1202)   Pre Evacuate Collection Set: 0.3ms
[2024-03-24T20:44:01.680+0800][3035.710s] GC(1202)   Merge Heap Roots: 0.1ms
[2024-03-24T20:44:01.680+0800][3035.710s] GC(1202)   Evacuate Collection Set: 2.0ms
[2024-03-24T20:44:01.680+0800][3035.710s] GC(1202)   Post Evacuate Collection Set: 0.4ms
[2024-03-24T20:44:01.680+0800][3035.710s] GC(1202)   Other: 0.1ms
[2024-03-24T20:44:01.680+0800][3035.710s] GC(1202) Eden regions: 306->0(305)
[2024-03-24T20:44:01.680+0800][3035.710s] GC(1202) Survivor regions: 1->2(39)
[2024-03-24T20:44:01.680+0800][3035.710s] GC(1202) Old regions: 61->61
[2024-03-24T20:44:01.680+0800][3035.710s] GC(1202) Humongous regions: 4->4
[2024-03-24T20:44:01.680+0800][3035.710s] GC(1202) Metaspace: 66039K(66688K)->66039K(66688K) NonClass: 58625K(58944K)->58625K(58944K) Class: 7413K(7744K)->7413K(7744K)
[2024-03-24T20:44:01.680+0800][3035.710s] GC(1202) Pause Young (Normal) (G1 Evacuation Pause) 371M->66M(512M) 3.196ms
[2024-03-24T20:44:01.680+0800][3035.710s] GC(1202) User=0.00s Sys=0.00s Real=0.00s
[2024-03-24T20:44:03.243+0800][3037.267s] GC(1203) Pause Young (Normal) (G1 Evacuation Pause)
[2024-03-24T20:44:03.243+0800][3037.268s] GC(1203) Using 8 workers of 8 for evacuation
[2024-03-24T20:44:03.243+0800][3037.270s] GC(1203)   Pre Evacuate Collection Set: 0.2ms
[2024-03-24T20:44:03.243+0800][3037.270s] GC(1203)   Merge Heap Roots: 0.1ms
[2024-03-24T20:44:03.243+0800][3037.270s] GC(1203)   Evacuate Collection Set: 1.6ms
[2024-03-24T20:44:03.243+0800][3037.270s] GC(1203)   Post Evacuate Collection Set: 0.8ms
[2024-03-24T20:44:03.243+0800][3037.270s] GC(1203)   Other: 0.1ms
[2024-03-24T20:44:03.243+0800][3037.271s] GC(1203) Eden regions: 305->0(305)
[2024-03-24T20:44:03.243+0800][3037.271s] GC(1203) Survivor regions: 2->2(39)
[2024-03-24T20:44:03.243+0800][3037.271s] GC(1203) Old regions: 61->61
[2024-03-24T20:44:03.243+0800][3037.271s] GC(1203) Humongous regions: 4->4
[2024-03-24T20:44:03.243+0800][3037.271s] GC(1203) Metaspace: 66039K(66688K)->66039K(66688K) NonClass: 58625K(58944K)->58625K(58944K) Class: 7413K(7744K)->7413K(7744K)
[2024-03-24T20:44:03.243+0800][3037.271s] GC(1203) Pause Young (Normal) (G1 Evacuation Pause) 371M->66M(512M) 3.266ms
[2024-03-24T20:44:03.243+0800][3037.271s] GC(1203) User=0.00s Sys=0.00s Real=0.00s
[2024-03-24T20:44:05.058+0800][3039.087s] GC(1204) Pause Young (Normal) (G1 Evacuation Pause)
[2024-03-24T20:44:05.058+0800][3039.087s] GC(1204) Using 8 workers of 8 for evacuation
[2024-03-24T20:44:05.065+0800][3039.089s] GC(1204)   Pre Evacuate Collection Set: 0.3ms
[2024-03-24T20:44:05.065+0800][3039.090s] GC(1204)   Merge Heap Roots: 0.1ms
[2024-03-24T20:44:05.065+0800][3039.090s] GC(1204)   Evacuate Collection Set: 1.4ms
[2024-03-24T20:44:05.065+0800][3039.090s] GC(1204)   Post Evacuate Collection Set: 0.7ms
[2024-03-24T20:44:05.065+0800][3039.090s] GC(1204)   Other: 0.1ms
[2024-03-24T20:44:05.065+0800][3039.090s] GC(1204) Eden regions: 305->0(306)
[2024-03-24T20:44:05.065+0800][3039.090s] GC(1204) Survivor regions: 2->1(39)
[2024-03-24T20:44:05.065+0800][3039.090s] GC(1204) Old regions: 61->61
[2024-03-24T20:44:05.065+0800][3039.090s] GC(1204) Humongous regions: 4->4
[2024-03-24T20:44:05.065+0800][3039.090s] GC(1204) Metaspace: 66039K(66688K)->66039K(66688K) NonClass: 58625K(58944K)->58625K(58944K) Class: 7413K(7744K)->7413K(7744K)
[2024-03-24T20:44:05.065+0800][3039.090s] GC(1204) Pause Young (Normal) (G1 Evacuation Pause) 371M->65M(512M) 3.180ms
[2024-03-24T20:44:05.065+0800][3039.090s] GC(1204) User=0.00s Sys=0.00s Real=0.01s
[2024-03-24T20:44:06.870+0800][3040.894s] GC(1205) Pause Young (Normal) (G1 Evacuation Pause)
[2024-03-24T20:44:06.871+0800][3040.894s] GC(1205) Using 8 workers of 8 for evacuation
[2024-03-24T20:44:06.873+0800][3040.897s] GC(1205)   Pre Evacuate Collection Set: 0.4ms
[2024-03-24T20:44:06.873+0800][3040.897s] GC(1205)   Merge Heap Roots: 0.2ms
[2024-03-24T20:44:06.873+0800][3040.897s] GC(1205)   Evacuate Collection Set: 1.4ms
[2024-03-24T20:44:06.873+0800][3040.897s] GC(1205)   Post Evacuate Collection Set: 0.7ms
[2024-03-24T20:44:06.873+0800][3040.897s] GC(1205)   Other: 0.1ms
[2024-03-24T20:44:06.873+0800][3040.897s] GC(1205) Eden regions: 306->0(305)
[2024-03-24T20:44:06.873+0800][3040.897s] GC(1205) Survivor regions: 1->2(39)
[2024-03-24T20:44:06.873+0800][3040.897s] GC(1205) Old regions: 61->61
[2024-03-24T20:44:06.873+0800][3040.897s] GC(1205) Humongous regions: 4->4
[2024-03-24T20:44:06.873+0800][3040.897s] GC(1205) Metaspace: 66039K(66688K)->66039K(66688K) NonClass: 58625K(58944K)->58625K(58944K) Class: 7413K(7744K)->7413K(7744K)
[2024-03-24T20:44:06.873+0800][3040.897s] GC(1205) Pause Young (Normal) (G1 Evacuation Pause) 371M->66M(512M) 3.116ms
[2024-03-24T20:44:06.873+0800][3040.897s] GC(1205) User=0.00s Sys=0.00s Real=0.00s
[2024-03-24T20:44:08.459+0800][3042.482s] GC(1206) Pause Young (Normal) (G1 Evacuation Pause)
[2024-03-24T20:44:08.459+0800][3042.482s] GC(1206) Using 8 workers of 8 for evacuation
[2024-03-24T20:44:08.464+0800][3042.486s] GC(1206)   Pre Evacuate Collection Set: 0.2ms
[2024-03-24T20:44:08.464+0800][3042.486s] GC(1206)   Merge Heap Roots: 0.1ms
[2024-03-24T20:44:08.464+0800][3042.486s] GC(1206)   Evacuate Collection Set: 3.2ms
[2024-03-24T20:44:08.464+0800][3042.486s] GC(1206)   Post Evacuate Collection Set: 0.6ms
[2024-03-24T20:44:08.464+0800][3042.487s] GC(1206)   Other: 0.1ms
[2024-03-24T20:44:08.464+0800][3042.487s] GC(1206) Eden regions: 305->0(305)
[2024-03-24T20:44:08.464+0800][3042.487s] GC(1206) Survivor regions: 2->2(39)
[2024-03-24T20:44:08.464+0800][3042.487s] GC(1206) Old regions: 61->61
[2024-03-24T20:44:08.464+0800][3042.487s] GC(1206) Humongous regions: 4->4
[2024-03-24T20:44:08.464+0800][3042.487s] GC(1206) Metaspace: 66039K(66688K)->66039K(66688K) NonClass: 58625K(58944K)->58625K(58944K) Class: 7413K(7744K)->7413K(7744K)
[2024-03-24T20:44:08.464+0800][3042.487s] GC(1206) Pause Young (Normal) (G1 Evacuation Pause) 371M->66M(512M) 4.629ms
[2024-03-24T20:44:08.464+0800][3042.487s] GC(1206) User=0.02s Sys=0.00s Real=0.00s
[2024-03-24T20:44:10.277+0800][3044.301s] GC(1207) Pause Young (Normal) (G1 Evacuation Pause)
[2024-03-24T20:44:10.277+0800][3044.301s] GC(1207) Using 8 workers of 8 for evacuation
[2024-03-24T20:44:10.281+0800][3044.305s] GC(1207)   Pre Evacuate Collection Set: 0.3ms
[2024-03-24T20:44:10.281+0800][3044.305s] GC(1207)   Merge Heap Roots: 0.2ms
[2024-03-24T20:44:10.281+0800][3044.305s] GC(1207)   Evacuate Collection Set: 2.2ms
[2024-03-24T20:44:10.281+0800][3044.305s] GC(1207)   Post Evacuate Collection Set: 0.6ms
[2024-03-24T20:44:10.281+0800][3044.305s] GC(1207)   Other: 0.1ms
[2024-03-24T20:44:10.281+0800][3044.305s] GC(1207) Eden regions: 305->0(305)
[2024-03-24T20:44:10.281+0800][3044.305s] GC(1207) Survivor regions: 2->2(39)
[2024-03-24T20:44:10.281+0800][3044.305s] GC(1207) Old regions: 61->61
[2024-03-24T20:44:10.281+0800][3044.305s] GC(1207) Humongous regions: 4->4
[2024-03-24T20:44:10.281+0800][3044.305s] GC(1207) Metaspace: 66039K(66688K)->66039K(66688K) NonClass: 58625K(58944K)->58625K(58944K) Class: 7413K(7744K)->7413K(7744K)
[2024-03-24T20:44:10.281+0800][3044.305s] GC(1207) Pause Young (Normal) (G1 Evacuation Pause) 371M->66M(512M) 3.999ms
[2024-03-24T20:44:10.281+0800][3044.305s] GC(1207) User=0.00s Sys=0.00s Real=0.00s
[2024-03-24T20:44:12.141+0800][3046.167s] GC(1208) Pause Young (Normal) (G1 Evacuation Pause)
[2024-03-24T20:44:12.141+0800][3046.167s] GC(1208) Using 8 workers of 8 for evacuation
[2024-03-24T20:44:12.145+0800][3046.171s] GC(1208)   Pre Evacuate Collection Set: 0.3ms
[2024-03-24T20:44:12.145+0800][3046.172s] GC(1208)   Merge Heap Roots: 0.2ms
[2024-03-24T20:44:12.145+0800][3046.172s] GC(1208)   Evacuate Collection Set: 2.4ms
[2024-03-24T20:44:12.145+0800][3046.172s] GC(1208)   Post Evacuate Collection Set: 1.0ms
[2024-03-24T20:44:12.145+0800][3046.172s] GC(1208)   Other: 0.2ms
[2024-03-24T20:44:12.145+0800][3046.172s] GC(1208) Eden regions: 305->0(305)
[2024-03-24T20:44:12.145+0800][3046.172s] GC(1208) Survivor regions: 2->2(39)
[2024-03-24T20:44:12.145+0800][3046.172s] GC(1208) Old regions: 61->61
[2024-03-24T20:44:12.145+0800][3046.172s] GC(1208) Humongous regions: 4->4
[2024-03-24T20:44:12.145+0800][3046.172s] GC(1208) Metaspace: 66039K(66688K)->66039K(66688K) NonClass: 58625K(58944K)->58625K(58944K) Class: 7413K(7744K)->7413K(7744K)
[2024-03-24T20:44:12.145+0800][3046.172s] GC(1208) Pause Young (Normal) (G1 Evacuation Pause) 371M->66M(512M) 4.849ms
[2024-03-24T20:44:12.145+0800][3046.172s] GC(1208) User=0.00s Sys=0.00s Real=0.00s
[2024-03-24T20:44:13.953+0800][3047.978s] GC(1209) Pause Young (Normal) (G1 Evacuation Pause)
[2024-03-24T20:44:13.953+0800][3047.978s] GC(1209) Using 8 workers of 8 for evacuation
[2024-03-24T20:44:13.958+0800][3047.983s] GC(1209)   Pre Evacuate Collection Set: 0.4ms
[2024-03-24T20:44:13.958+0800][3047.983s] GC(1209)   Merge Heap Roots: 0.1ms
[2024-03-24T20:44:13.958+0800][3047.983s] GC(1209)   Evacuate Collection Set: 2.8ms
[2024-03-24T20:44:13.958+0800][3047.983s] GC(1209)   Post Evacuate Collection Set: 1.0ms
[2024-03-24T20:44:13.958+0800][3047.983s] GC(1209)   Other: 0.1ms
[2024-03-24T20:44:13.958+0800][3047.983s] GC(1209) Eden regions: 305->0(305)
[2024-03-24T20:44:13.958+0800][3047.983s] GC(1209) Survivor regions: 2->2(39)
[2024-03-24T20:44:13.958+0800][3047.983s] GC(1209) Old regions: 61->61
[2024-03-24T20:44:13.958+0800][3047.983s] GC(1209) Humongous regions: 4->4
[2024-03-24T20:44:13.958+0800][3047.983s] GC(1209) Metaspace: 66039K(66688K)->66039K(66688K) NonClass: 58625K(58944K)->58625K(58944K) Class: 7413K(7744K)->7413K(7744K)
[2024-03-24T20:44:13.958+0800][3047.983s] GC(1209) Pause Young (Normal) (G1 Evacuation Pause) 371M->66M(512M) 4.849ms
[2024-03-24T20:44:13.958+0800][3047.983s] GC(1209) User=0.00s Sys=0.00s Real=0.00s
[2024-03-24T20:44:15.789+0800][3049.813s] GC(1210) Pause Young (Normal) (G1 Evacuation Pause)
[2024-03-24T20:44:15.789+0800][3049.813s] GC(1210) Using 8 workers of 8 for evacuation
[2024-03-24T20:44:15.789+0800][3049.817s] GC(1210)   Pre Evacuate Collection Set: 0.3ms
[2024-03-24T20:44:15.789+0800][3049.817s] GC(1210)   Merge Heap Roots: 0.2ms
[2024-03-24T20:44:15.789+0800][3049.817s] GC(1210)   Evacuate Collection Set: 2.4ms
[2024-03-24T20:44:15.789+0800][3049.817s] GC(1210)   Post Evacuate Collection Set: 0.7ms
[2024-03-24T20:44:15.789+0800][3049.817s] GC(1210)   Other: 0.2ms
[2024-03-24T20:44:15.789+0800][3049.817s] GC(1210) Eden regions: 305->0(305)
[2024-03-24T20:44:15.789+0800][3049.817s] GC(1210) Survivor regions: 2->2(39)
[2024-03-24T20:44:15.789+0800][3049.817s] GC(1210) Old regions: 61->61
[2024-03-24T20:44:15.789+0800][3049.817s] GC(1210) Humongous regions: 4->4
[2024-03-24T20:44:15.789+0800][3049.817s] GC(1210) Metaspace: 66039K(66688K)->66039K(66688K) NonClass: 58625K(58944K)->58625K(58944K) Class: 7413K(7744K)->7413K(7744K)
[2024-03-24T20:44:15.789+0800][3049.817s] GC(1210) Pause Young (Normal) (G1 Evacuation Pause) 371M->66M(512M) 4.085ms
[2024-03-24T20:44:15.789+0800][3049.817s] GC(1210) User=0.00s Sys=0.00s Real=0.00s
[2024-03-24T20:44:17.547+0800][3051.570s] GC(1211) Pause Young (Normal) (G1 Evacuation Pause)
[2024-03-24T20:44:17.547+0800][3051.571s] GC(1211) Using 8 workers of 8 for evacuation
[2024-03-24T20:44:17.551+0800][3051.574s] GC(1211)   Pre Evacuate Collection Set: 0.2ms
[2024-03-24T20:44:17.551+0800][3051.574s] GC(1211)   Merge Heap Roots: 0.1ms
[2024-03-24T20:44:17.551+0800][3051.574s] GC(1211)   Evacuate Collection Set: 2.0ms
[2024-03-24T20:44:17.551+0800][3051.574s] GC(1211)   Post Evacuate Collection Set: 0.8ms
[2024-03-24T20:44:17.551+0800][3051.574s] GC(1211)   Other: 0.1ms
[2024-03-24T20:44:17.551+0800][3051.574s] GC(1211) Eden regions: 305->0(305)
[2024-03-24T20:44:17.552+0800][3051.574s] GC(1211) Survivor regions: 2->2(39)
[2024-03-24T20:44:17.552+0800][3051.574s] GC(1211) Old regions: 61->61
[2024-03-24T20:44:17.552+0800][3051.574s] GC(1211) Humongous regions: 4->4
[2024-03-24T20:44:17.552+0800][3051.574s] GC(1211) Metaspace: 66039K(66688K)->66039K(66688K) NonClass: 58625K(58944K)->58625K(58944K) Class: 7413K(7744K)->7413K(7744K)
[2024-03-24T20:44:17.552+0800][3051.574s] GC(1211) Pause Young (Normal) (G1 Evacuation Pause) 371M->66M(512M) 3.901ms
[2024-03-24T20:44:17.552+0800][3051.574s] GC(1211) User=0.00s Sys=0.00s Real=0.01s
[2024-03-24T20:44:19.200+0800][3053.232s] GC(1212) Pause Young (Normal) (G1 Evacuation Pause)
[2024-03-24T20:44:19.200+0800][3053.233s] GC(1212) Using 8 workers of 8 for evacuation
[2024-03-24T20:44:19.211+0800][3053.236s] GC(1212)   Pre Evacuate Collection Set: 0.3ms
[2024-03-24T20:44:19.211+0800][3053.236s] GC(1212)   Merge Heap Roots: 0.1ms
[2024-03-24T20:44:19.211+0800][3053.236s] GC(1212)   Evacuate Collection Set: 1.3ms
[2024-03-24T20:44:19.211+0800][3053.236s] GC(1212)   Post Evacuate Collection Set: 0.9ms
[2024-03-24T20:44:19.211+0800][3053.236s] GC(1212)   Other: 0.2ms
[2024-03-24T20:44:19.211+0800][3053.236s] GC(1212) Eden regions: 305->0(305)
[2024-03-24T20:44:19.211+0800][3053.236s] GC(1212) Survivor regions: 2->2(39)
[2024-03-24T20:44:19.211+0800][3053.236s] GC(1212) Old regions: 61->61
[2024-03-24T20:44:19.211+0800][3053.236s] GC(1212) Humongous regions: 4->4
[2024-03-24T20:44:19.211+0800][3053.236s] GC(1212) Metaspace: 66039K(66688K)->66039K(66688K) NonClass: 58625K(58944K)->58625K(58944K) Class: 7413K(7744K)->7413K(7744K)
[2024-03-24T20:44:19.211+0800][3053.236s] GC(1212) Pause Young (Normal) (G1 Evacuation Pause) 371M->66M(512M) 3.327ms
[2024-03-24T20:44:19.211+0800][3053.236s] GC(1212) User=0.00s Sys=0.00s Real=0.01s
[2024-03-24T20:44:20.959+0800][3054.987s] GC(1213) Pause Young (Normal) (G1 Evacuation Pause)
[2024-03-24T20:44:20.959+0800][3054.987s] GC(1213) Using 8 workers of 8 for evacuation
[2024-03-24T20:44:20.967+0800][3054.989s] GC(1213)   Pre Evacuate Collection Set: 0.3ms
[2024-03-24T20:44:20.967+0800][3054.989s] GC(1213)   Merge Heap Roots: 0.1ms
[2024-03-24T20:44:20.967+0800][3054.989s] GC(1213)   Evacuate Collection Set: 1.4ms
[2024-03-24T20:44:20.967+0800][3054.989s] GC(1213)   Post Evacuate Collection Set: 0.8ms
[2024-03-24T20:44:20.967+0800][3054.989s] GC(1213)   Other: 0.1ms
[2024-03-24T20:44:20.967+0800][3054.989s] GC(1213) Eden regions: 305->0(305)
[2024-03-24T20:44:20.967+0800][3054.989s] GC(1213) Survivor regions: 2->2(39)
[2024-03-24T20:44:20.967+0800][3054.989s] GC(1213) Old regions: 61->61
[2024-03-24T20:44:20.967+0800][3054.990s] GC(1213) Humongous regions: 4->4
[2024-03-24T20:44:20.967+0800][3054.990s] GC(1213) Metaspace: 66039K(66688K)->66039K(66688K) NonClass: 58625K(58944K)->58625K(58944K) Class: 7413K(7744K)->7413K(7744K)
[2024-03-24T20:44:20.967+0800][3054.990s] GC(1213) Pause Young (Normal) (G1 Evacuation Pause) 371M->66M(512M) 3.016ms
[2024-03-24T20:44:20.967+0800][3054.990s] GC(1213) User=0.00s Sys=0.00s Real=0.01s
[2024-03-24T20:44:22.718+0800][3056.741s] GC(1214) Pause Young (Normal) (G1 Evacuation Pause)
[2024-03-24T20:44:22.718+0800][3056.741s] GC(1214) Using 8 workers of 8 for evacuation
[2024-03-24T20:44:22.721+0800][3056.744s] GC(1214)   Pre Evacuate Collection Set: 0.3ms
[2024-03-24T20:44:22.721+0800][3056.744s] GC(1214)   Merge Heap Roots: 0.1ms
[2024-03-24T20:44:22.721+0800][3056.744s] GC(1214)   Evacuate Collection Set: 1.4ms
[2024-03-24T20:44:22.721+0800][3056.744s] GC(1214)   Post Evacuate Collection Set: 0.8ms
[2024-03-24T20:44:22.721+0800][3056.744s] GC(1214)   Other: 0.1ms
[2024-03-24T20:44:22.721+0800][3056.744s] GC(1214) Eden regions: 305->0(305)
[2024-03-24T20:44:22.721+0800][3056.744s] GC(1214) Survivor regions: 2->2(39)
[2024-03-24T20:44:22.721+0800][3056.744s] GC(1214) Old regions: 61->61
[2024-03-24T20:44:22.721+0800][3056.744s] GC(1214) Humongous regions: 4->4
[2024-03-24T20:44:22.721+0800][3056.744s] GC(1214) Metaspace: 66039K(66688K)->66039K(66688K) NonClass: 58625K(58944K)->58625K(58944K) Class: 7413K(7744K)->7413K(7744K)
[2024-03-24T20:44:22.721+0800][3056.744s] GC(1214) Pause Young (Normal) (G1 Evacuation Pause) 371M->66M(512M) 3.264ms
[2024-03-24T20:44:22.721+0800][3056.744s] GC(1214) User=0.00s Sys=0.00s Real=0.00s
[2024-03-24T20:44:24.535+0800][3058.561s] GC(1215) Pause Young (Normal) (G1 Evacuation Pause)
[2024-03-24T20:44:24.535+0800][3058.562s] GC(1215) Using 8 workers of 8 for evacuation
[2024-03-24T20:44:24.541+0800][3058.565s] GC(1215)   Pre Evacuate Collection Set: 0.3ms
[2024-03-24T20:44:24.541+0800][3058.565s] GC(1215)   Merge Heap Roots: 0.2ms
[2024-03-24T20:44:24.541+0800][3058.565s] GC(1215)   Evacuate Collection Set: 2.0ms
[2024-03-24T20:44:24.541+0800][3058.565s] GC(1215)   Post Evacuate Collection Set: 0.7ms
[2024-03-24T20:44:24.541+0800][3058.565s] GC(1215)   Other: 0.1ms
[2024-03-24T20:44:24.541+0800][3058.565s] GC(1215) Eden regions: 305->0(305)
[2024-03-24T20:44:24.541+0800][3058.565s] GC(1215) Survivor regions: 2->2(39)
[2024-03-24T20:44:24.541+0800][3058.565s] GC(1215) Old regions: 61->61
[2024-03-24T20:44:24.541+0800][3058.565s] GC(1215) Humongous regions: 4->4
[2024-03-24T20:44:24.541+0800][3058.565s] GC(1215) Metaspace: 66039K(66688K)->66039K(66688K) NonClass: 58625K(58944K)->58625K(58944K) Class: 7413K(7744K)->7413K(7744K)
[2024-03-24T20:44:24.541+0800][3058.565s] GC(1215) Pause Young (Normal) (G1 Evacuation Pause) 371M->66M(512M) 3.801ms
[2024-03-24T20:44:24.541+0800][3058.565s] GC(1215) User=0.00s Sys=0.00s Real=0.01s
[2024-03-24T20:44:26.412+0800][3060.435s] GC(1216) Pause Young (Normal) (G1 Evacuation Pause)
[2024-03-24T20:44:26.412+0800][3060.435s] GC(1216) Using 8 workers of 8 for evacuation
[2024-03-24T20:44:26.412+0800][3060.438s] GC(1216)   Pre Evacuate Collection Set: 0.2ms
[2024-03-24T20:44:26.412+0800][3060.438s] GC(1216)   Merge Heap Roots: 0.1ms
[2024-03-24T20:44:26.412+0800][3060.438s] GC(1216)   Evacuate Collection Set: 1.5ms
[2024-03-24T20:44:26.412+0800][3060.438s] GC(1216)   Post Evacuate Collection Set: 0.5ms
[2024-03-24T20:44:26.412+0800][3060.438s] GC(1216)   Other: 0.1ms
[2024-03-24T20:44:26.415+0800][3060.438s] GC(1216) Eden regions: 305->0(305)
[2024-03-24T20:44:26.415+0800][3060.438s] GC(1216) Survivor regions: 2->2(39)
[2024-03-24T20:44:26.415+0800][3060.438s] GC(1216) Old regions: 61->61
[2024-03-24T20:44:26.415+0800][3060.438s] GC(1216) Humongous regions: 4->4
[2024-03-24T20:44:26.415+0800][3060.438s] GC(1216) Metaspace: 66039K(66688K)->66039K(66688K) NonClass: 58625K(58944K)->58625K(58944K) Class: 7413K(7744K)->7413K(7744K)
[2024-03-24T20:44:26.415+0800][3060.438s] GC(1216) Pause Young (Normal) (G1 Evacuation Pause) 371M->66M(512M) 3.028ms
[2024-03-24T20:44:26.415+0800][3060.438s] GC(1216) User=0.02s Sys=0.00s Real=0.00s
[2024-03-24T20:44:28.150+0800][3062.173s] GC(1217) Pause Young (Normal) (G1 Evacuation Pause)
[2024-03-24T20:44:28.150+0800][3062.173s] GC(1217) Using 8 workers of 8 for evacuation
[2024-03-24T20:44:28.152+0800][3062.175s] GC(1217)   Pre Evacuate Collection Set: 0.2ms
[2024-03-24T20:44:28.153+0800][3062.175s] GC(1217)   Merge Heap Roots: 0.1ms
[2024-03-24T20:44:28.153+0800][3062.175s] GC(1217)   Evacuate Collection Set: 1.4ms
[2024-03-24T20:44:28.153+0800][3062.175s] GC(1217)   Post Evacuate Collection Set: 0.6ms
[2024-03-24T20:44:28.153+0800][3062.175s] GC(1217)   Other: 0.1ms
[2024-03-24T20:44:28.153+0800][3062.175s] GC(1217) Eden regions: 305->0(305)
[2024-03-24T20:44:28.153+0800][3062.175s] GC(1217) Survivor regions: 2->2(39)
[2024-03-24T20:44:28.153+0800][3062.175s] GC(1217) Old regions: 61->61
[2024-03-24T20:44:28.153+0800][3062.175s] GC(1217) Humongous regions: 4->4
[2024-03-24T20:44:28.153+0800][3062.175s] GC(1217) Metaspace: 66039K(66688K)->66039K(66688K) NonClass: 58625K(58944K)->58625K(58944K) Class: 7413K(7744K)->7413K(7744K)
[2024-03-24T20:44:28.153+0800][3062.175s] GC(1217) Pause Young (Normal) (G1 Evacuation Pause) 371M->66M(512M) 2.711ms
[2024-03-24T20:44:28.153+0800][3062.176s] GC(1217) User=0.03s Sys=0.00s Real=0.00s
[2024-03-24T20:44:29.879+0800][3063.904s] GC(1218) Pause Young (Normal) (G1 Evacuation Pause)
[2024-03-24T20:44:29.879+0800][3063.905s] GC(1218) Using 8 workers of 8 for evacuation
[2024-03-24T20:44:29.879+0800][3063.908s] GC(1218)   Pre Evacuate Collection Set: 0.4ms
[2024-03-24T20:44:29.879+0800][3063.908s] GC(1218)   Merge Heap Roots: 0.2ms
[2024-03-24T20:44:29.879+0800][3063.908s] GC(1218)   Evacuate Collection Set: 1.6ms
[2024-03-24T20:44:29.879+0800][3063.908s] GC(1218)   Post Evacuate Collection Set: 0.7ms
[2024-03-24T20:44:29.879+0800][3063.908s] GC(1218)   Other: 0.2ms
[2024-03-24T20:44:29.879+0800][3063.908s] GC(1218) Eden regions: 305->0(305)
[2024-03-24T20:44:29.879+0800][3063.908s] GC(1218) Survivor regions: 2->2(39)
[2024-03-24T20:44:29.879+0800][3063.908s] GC(1218) Old regions: 61->61
[2024-03-24T20:44:29.879+0800][3063.908s] GC(1218) Humongous regions: 4->4
[2024-03-24T20:44:29.879+0800][3063.908s] GC(1218) Metaspace: 66039K(66688K)->66039K(66688K) NonClass: 58625K(58944K)->58625K(58944K) Class: 7413K(7744K)->7413K(7744K)
[2024-03-24T20:44:29.879+0800][3063.908s] GC(1218) Pause Young (Normal) (G1 Evacuation Pause) 371M->66M(512M) 3.506ms
[2024-03-24T20:44:29.879+0800][3063.908s] GC(1218) User=0.00s Sys=0.00s Real=0.00s
[2024-03-24T20:44:31.660+0800][3065.692s] GC(1219) Pause Young (Normal) (G1 Evacuation Pause)
[2024-03-24T20:44:31.660+0800][3065.692s] GC(1219) Using 8 workers of 8 for evacuation
[2024-03-24T20:44:31.669+0800][3065.695s] GC(1219)   Pre Evacuate Collection Set: 0.2ms
[2024-03-24T20:44:31.669+0800][3065.695s] GC(1219)   Merge Heap Roots: 0.1ms
[2024-03-24T20:44:31.669+0800][3065.695s] GC(1219)   Evacuate Collection Set: 1.9ms
[2024-03-24T20:44:31.669+0800][3065.695s] GC(1219)   Post Evacuate Collection Set: 0.8ms
[2024-03-24T20:44:31.669+0800][3065.695s] GC(1219)   Other: 0.2ms
[2024-03-24T20:44:31.669+0800][3065.695s] GC(1219) Eden regions: 305->0(305)
[2024-03-24T20:44:31.669+0800][3065.695s] GC(1219) Survivor regions: 2->2(39)
[2024-03-24T20:44:31.669+0800][3065.695s] GC(1219) Old regions: 61->62
[2024-03-24T20:44:31.669+0800][3065.695s] GC(1219) Humongous regions: 4->4
[2024-03-24T20:44:31.669+0800][3065.695s] GC(1219) Metaspace: 66039K(66688K)->66039K(66688K) NonClass: 58625K(58944K)->58625K(58944K) Class: 7413K(7744K)->7413K(7744K)
[2024-03-24T20:44:31.669+0800][3065.695s] GC(1219) Pause Young (Normal) (G1 Evacuation Pause) 371M->66M(512M) 3.739ms
[2024-03-24T20:44:31.669+0800][3065.696s] GC(1219) User=0.00s Sys=0.02s Real=0.01s
[2024-03-24T20:44:33.274+0800][3067.302s] GC(1220) Pause Young (Normal) (G1 Evacuation Pause)
[2024-03-24T20:44:33.274+0800][3067.303s] GC(1220) Using 8 workers of 8 for evacuation
[2024-03-24T20:44:33.274+0800][3067.305s] GC(1220)   Pre Evacuate Collection Set: 0.3ms
[2024-03-24T20:44:33.274+0800][3067.305s] GC(1220)   Merge Heap Roots: 0.2ms
[2024-03-24T20:44:33.274+0800][3067.305s] GC(1220)   Evacuate Collection Set: 1.5ms
[2024-03-24T20:44:33.274+0800][3067.306s] GC(1220)   Post Evacuate Collection Set: 0.7ms
[2024-03-24T20:44:33.274+0800][3067.306s] GC(1220)   Other: 0.1ms
[2024-03-24T20:44:33.274+0800][3067.306s] GC(1220) Eden regions: 305->0(305)
[2024-03-24T20:44:33.274+0800][3067.306s] GC(1220) Survivor regions: 2->2(39)
[2024-03-24T20:44:33.274+0800][3067.306s] GC(1220) Old regions: 62->62
[2024-03-24T20:44:33.274+0800][3067.306s] GC(1220) Humongous regions: 4->4
[2024-03-24T20:44:33.274+0800][3067.306s] GC(1220) Metaspace: 66039K(66688K)->66039K(66688K) NonClass: 58625K(58944K)->58625K(58944K) Class: 7413K(7744K)->7413K(7744K)
[2024-03-24T20:44:33.274+0800][3067.306s] GC(1220) Pause Young (Normal) (G1 Evacuation Pause) 371M->66M(512M) 3.223ms
[2024-03-24T20:44:33.274+0800][3067.306s] GC(1220) User=0.00s Sys=0.00s Real=0.00s
[2024-03-24T20:44:35.096+0800][3069.124s] GC(1221) Pause Young (Normal) (G1 Evacuation Pause)
[2024-03-24T20:44:35.096+0800][3069.124s] GC(1221) Using 8 workers of 8 for evacuation
[2024-03-24T20:44:35.103+0800][3069.126s] GC(1221)   Pre Evacuate Collection Set: 0.2ms
[2024-03-24T20:44:35.103+0800][3069.126s] GC(1221)   Merge Heap Roots: 0.1ms
[2024-03-24T20:44:35.103+0800][3069.126s] GC(1221)   Evacuate Collection Set: 1.4ms
[2024-03-24T20:44:35.103+0800][3069.126s] GC(1221)   Post Evacuate Collection Set: 0.7ms
[2024-03-24T20:44:35.103+0800][3069.126s] GC(1221)   Other: 0.1ms
[2024-03-24T20:44:35.103+0800][3069.126s] GC(1221) Eden regions: 305->0(305)
[2024-03-24T20:44:35.103+0800][3069.126s] GC(1221) Survivor regions: 2->2(39)
[2024-03-24T20:44:35.103+0800][3069.126s] GC(1221) Old regions: 62->62
[2024-03-24T20:44:35.103+0800][3069.126s] GC(1221) Humongous regions: 4->4
[2024-03-24T20:44:35.103+0800][3069.126s] GC(1221) Metaspace: 66039K(66688K)->66039K(66688K) NonClass: 58625K(58944K)->58625K(58944K) Class: 7413K(7744K)->7413K(7744K)
[2024-03-24T20:44:35.103+0800][3069.126s] GC(1221) Pause Young (Normal) (G1 Evacuation Pause) 371M->66M(512M) 2.783ms
[2024-03-24T20:44:35.103+0800][3069.126s] GC(1221) User=0.02s Sys=0.00s Real=0.01s
[2024-03-24T20:44:36.960+0800][3070.988s] GC(1222) Pause Young (Normal) (G1 Evacuation Pause)
[2024-03-24T20:44:36.960+0800][3070.988s] GC(1222) Using 8 workers of 8 for evacuation
[2024-03-24T20:44:36.967+0800][3070.991s] GC(1222)   Pre Evacuate Collection Set: 0.3ms
[2024-03-24T20:44:36.967+0800][3070.992s] GC(1222)   Merge Heap Roots: 0.2ms
[2024-03-24T20:44:36.967+0800][3070.992s] GC(1222)   Evacuate Collection Set: 2.0ms
[2024-03-24T20:44:36.967+0800][3070.992s] GC(1222)   Post Evacuate Collection Set: 0.7ms
[2024-03-24T20:44:36.967+0800][3070.992s] GC(1222)   Other: 0.1ms
[2024-03-24T20:44:36.967+0800][3070.992s] GC(1222) Eden regions: 305->0(305)
[2024-03-24T20:44:36.967+0800][3070.992s] GC(1222) Survivor regions: 2->2(39)
[2024-03-24T20:44:36.967+0800][3070.992s] GC(1222) Old regions: 62->62
[2024-03-24T20:44:36.967+0800][3070.992s] GC(1222) Humongous regions: 4->4
[2024-03-24T20:44:36.967+0800][3070.992s] GC(1222) Metaspace: 66039K(66688K)->66039K(66688K) NonClass: 58625K(58944K)->58625K(58944K) Class: 7413K(7744K)->7413K(7744K)
[2024-03-24T20:44:36.967+0800][3070.992s] GC(1222) Pause Young (Normal) (G1 Evacuation Pause) 371M->66M(512M) 3.745ms
[2024-03-24T20:44:36.967+0800][3070.992s] GC(1222) User=0.03s Sys=0.00s Real=0.01s
[2024-03-24T20:44:38.788+0800][3072.817s] GC(1223) Pause Young (Normal) (G1 Evacuation Pause)
[2024-03-24T20:44:38.788+0800][3072.817s] GC(1223) Using 8 workers of 8 for evacuation
[2024-03-24T20:44:38.788+0800][3072.820s] GC(1223)   Pre Evacuate Collection Set: 0.2ms
[2024-03-24T20:44:38.788+0800][3072.820s] GC(1223)   Merge Heap Roots: 0.1ms
[2024-03-24T20:44:38.788+0800][3072.820s] GC(1223)   Evacuate Collection Set: 1.4ms
[2024-03-24T20:44:38.788+0800][3072.820s] GC(1223)   Post Evacuate Collection Set: 0.6ms
[2024-03-24T20:44:38.788+0800][3072.820s] GC(1223)   Other: 0.1ms
[2024-03-24T20:44:38.788+0800][3072.820s] GC(1223) Eden regions: 305->0(305)
[2024-03-24T20:44:38.788+0800][3072.820s] GC(1223) Survivor regions: 2->2(39)
[2024-03-24T20:44:38.788+0800][3072.820s] GC(1223) Old regions: 62->62
[2024-03-24T20:44:38.788+0800][3072.820s] GC(1223) Humongous regions: 4->4
[2024-03-24T20:44:38.788+0800][3072.820s] GC(1223) Metaspace: 66039K(66688K)->66039K(66688K) NonClass: 58625K(58944K)->58625K(58944K) Class: 7413K(7744K)->7413K(7744K)
[2024-03-24T20:44:38.788+0800][3072.820s] GC(1223) Pause Young (Normal) (G1 Evacuation Pause) 371M->66M(512M) 2.982ms
[2024-03-24T20:44:38.788+0800][3072.820s] GC(1223) User=0.00s Sys=0.00s Real=0.00s
[2024-03-24T20:44:40.695+0800][3074.719s] GC(1224) Pause Young (Normal) (G1 Evacuation Pause)
[2024-03-24T20:44:40.697+0800][3074.719s] GC(1224) Using 8 workers of 8 for evacuation
[2024-03-24T20:44:40.699+0800][3074.723s] GC(1224)   Pre Evacuate Collection Set: 0.6ms
[2024-03-24T20:44:40.699+0800][3074.723s] GC(1224)   Merge Heap Roots: 0.2ms
[2024-03-24T20:44:40.699+0800][3074.723s] GC(1224)   Evacuate Collection Set: 1.8ms
[2024-03-24T20:44:40.699+0800][3074.723s] GC(1224)   Post Evacuate Collection Set: 0.8ms
[2024-03-24T20:44:40.699+0800][3074.723s] GC(1224)   Other: 0.3ms
[2024-03-24T20:44:40.699+0800][3074.723s] GC(1224) Eden regions: 305->0(305)
[2024-03-24T20:44:40.699+0800][3074.723s] GC(1224) Survivor regions: 2->2(39)
[2024-03-24T20:44:40.699+0800][3074.723s] GC(1224) Old regions: 62->62
[2024-03-24T20:44:40.699+0800][3074.723s] GC(1224) Humongous regions: 4->4
[2024-03-24T20:44:40.699+0800][3074.723s] GC(1224) Metaspace: 66039K(66688K)->66039K(66688K) NonClass: 58625K(58944K)->58625K(58944K) Class: 7413K(7744K)->7413K(7744K)
[2024-03-24T20:44:40.699+0800][3074.723s] GC(1224) Pause Young (Normal) (G1 Evacuation Pause) 371M->66M(512M) 4.497ms
[2024-03-24T20:44:40.699+0800][3074.723s] GC(1224) User=0.03s Sys=0.00s Real=0.00s
[2024-03-24T20:44:42.589+0800][3076.612s] GC(1225) Pause Young (Normal) (G1 Evacuation Pause)
[2024-03-24T20:44:42.589+0800][3076.612s] GC(1225) Using 8 workers of 8 for evacuation
[2024-03-24T20:44:42.591+0800][3076.615s] GC(1225)   Pre Evacuate Collection Set: 0.3ms
[2024-03-24T20:44:42.591+0800][3076.615s] GC(1225)   Merge Heap Roots: 0.2ms
[2024-03-24T20:44:42.591+0800][3076.616s] GC(1225)   Evacuate Collection Set: 2.1ms
[2024-03-24T20:44:42.591+0800][3076.616s] GC(1225)   Post Evacuate Collection Set: 0.8ms
[2024-03-24T20:44:42.591+0800][3076.616s] GC(1225)   Other: 0.2ms
[2024-03-24T20:44:42.591+0800][3076.616s] GC(1225) Eden regions: 305->0(305)
[2024-03-24T20:44:42.591+0800][3076.616s] GC(1225) Survivor regions: 2->2(39)
[2024-03-24T20:44:42.591+0800][3076.616s] GC(1225) Old regions: 62->62
[2024-03-24T20:44:42.591+0800][3076.616s] GC(1225) Humongous regions: 4->4
[2024-03-24T20:44:42.591+0800][3076.616s] GC(1225) Metaspace: 66039K(66688K)->66039K(66688K) NonClass: 58625K(58944K)->58625K(58944K) Class: 7413K(7744K)->7413K(7744K)
[2024-03-24T20:44:42.591+0800][3076.616s] GC(1225) Pause Young (Normal) (G1 Evacuation Pause) 371M->66M(512M) 3.838ms
[2024-03-24T20:44:42.593+0800][3076.616s] GC(1225) User=0.00s Sys=0.00s Real=0.00s
[2024-03-24T20:44:44.345+0800][3078.370s] GC(1226) Pause Young (Normal) (G1 Evacuation Pause)
[2024-03-24T20:44:44.345+0800][3078.370s] GC(1226) Using 8 workers of 8 for evacuation
[2024-03-24T20:44:44.351+0800][3078.374s] GC(1226)   Pre Evacuate Collection Set: 0.4ms
[2024-03-24T20:44:44.351+0800][3078.375s] GC(1226)   Merge Heap Roots: 0.2ms
[2024-03-24T20:44:44.351+0800][3078.375s] GC(1226)   Evacuate Collection Set: 2.3ms
[2024-03-24T20:44:44.351+0800][3078.375s] GC(1226)   Post Evacuate Collection Set: 1.1ms
[2024-03-24T20:44:44.351+0800][3078.375s] GC(1226)   Other: 0.2ms
[2024-03-24T20:44:44.351+0800][3078.375s] GC(1226) Eden regions: 305->0(305)
[2024-03-24T20:44:44.351+0800][3078.375s] GC(1226) Survivor regions: 2->2(39)
[2024-03-24T20:44:44.351+0800][3078.375s] GC(1226) Old regions: 62->62
[2024-03-24T20:44:44.351+0800][3078.375s] GC(1226) Humongous regions: 4->4
[2024-03-24T20:44:44.351+0800][3078.375s] GC(1226) Metaspace: 66039K(66688K)->66039K(66688K) NonClass: 58625K(58944K)->58625K(58944K) Class: 7413K(7744K)->7413K(7744K)
[2024-03-24T20:44:44.351+0800][3078.375s] GC(1226) Pause Young (Normal) (G1 Evacuation Pause) 371M->66M(512M) 4.698ms
[2024-03-24T20:44:44.351+0800][3078.375s] GC(1226) User=0.00s Sys=0.00s Real=0.01s
[2024-03-24T20:44:46.062+0800][3080.089s] GC(1227) Pause Young (Normal) (G1 Evacuation Pause)
[2024-03-24T20:44:46.062+0800][3080.090s] GC(1227) Using 8 workers of 8 for evacuation
[2024-03-24T20:44:46.062+0800][3080.092s] GC(1227)   Pre Evacuate Collection Set: 0.2ms
[2024-03-24T20:44:46.062+0800][3080.092s] GC(1227)   Merge Heap Roots: 0.1ms
[2024-03-24T20:44:46.062+0800][3080.092s] GC(1227)   Evacuate Collection Set: 1.3ms
[2024-03-24T20:44:46.062+0800][3080.092s] GC(1227)   Post Evacuate Collection Set: 0.4ms
[2024-03-24T20:44:46.062+0800][3080.092s] GC(1227)   Other: 0.1ms
[2024-03-24T20:44:46.062+0800][3080.092s] GC(1227) Eden regions: 305->0(305)
[2024-03-24T20:44:46.062+0800][3080.092s] GC(1227) Survivor regions: 2->2(39)
[2024-03-24T20:44:46.062+0800][3080.092s] GC(1227) Old regions: 62->62
[2024-03-24T20:44:46.062+0800][3080.092s] GC(1227) Humongous regions: 4->4
[2024-03-24T20:44:46.062+0800][3080.092s] GC(1227) Metaspace: 66039K(66688K)->66039K(66688K) NonClass: 58625K(58944K)->58625K(58944K) Class: 7413K(7744K)->7413K(7744K)
[2024-03-24T20:44:46.062+0800][3080.092s] GC(1227) Pause Young (Normal) (G1 Evacuation Pause) 371M->66M(512M) 2.306ms
[2024-03-24T20:44:46.062+0800][3080.092s] GC(1227) User=0.00s Sys=0.00s Real=0.00s
[2024-03-24T20:44:47.951+0800][3081.975s] GC(1228) Pause Young (Normal) (G1 Evacuation Pause)
[2024-03-24T20:44:47.951+0800][3081.975s] GC(1228) Using 8 workers of 8 for evacuation
[2024-03-24T20:44:47.951+0800][3081.978s] GC(1228)   Pre Evacuate Collection Set: 0.3ms
[2024-03-24T20:44:47.951+0800][3081.978s] GC(1228)   Merge Heap Roots: 0.1ms
[2024-03-24T20:44:47.951+0800][3081.978s] GC(1228)   Evacuate Collection Set: 1.6ms
[2024-03-24T20:44:47.951+0800][3081.978s] GC(1228)   Post Evacuate Collection Set: 0.6ms
[2024-03-24T20:44:47.951+0800][3081.978s] GC(1228)   Other: 0.1ms
[2024-03-24T20:44:47.951+0800][3081.978s] GC(1228) Eden regions: 305->0(305)
[2024-03-24T20:44:47.951+0800][3081.978s] GC(1228) Survivor regions: 2->2(39)
[2024-03-24T20:44:47.951+0800][3081.978s] GC(1228) Old regions: 62->62
[2024-03-24T20:44:47.951+0800][3081.978s] GC(1228) Humongous regions: 4->4
[2024-03-24T20:44:47.951+0800][3081.978s] GC(1228) Metaspace: 66039K(66688K)->66039K(66688K) NonClass: 58625K(58944K)->58625K(58944K) Class: 7413K(7744K)->7413K(7744K)
[2024-03-24T20:44:47.951+0800][3081.978s] GC(1228) Pause Young (Normal) (G1 Evacuation Pause) 371M->66M(512M) 2.939ms
[2024-03-24T20:44:47.951+0800][3081.978s] GC(1228) User=0.00s Sys=0.00s Real=0.00s
[2024-03-24T20:44:49.784+0800][3083.810s] GC(1229) Pause Young (Normal) (G1 Evacuation Pause)
[2024-03-24T20:44:49.784+0800][3083.810s] GC(1229) Using 8 workers of 8 for evacuation
[2024-03-24T20:44:49.789+0800][3083.812s] GC(1229)   Pre Evacuate Collection Set: 0.3ms
[2024-03-24T20:44:49.789+0800][3083.812s] GC(1229)   Merge Heap Roots: 0.1ms
[2024-03-24T20:44:49.789+0800][3083.812s] GC(1229)   Evacuate Collection Set: 1.4ms
[2024-03-24T20:44:49.789+0800][3083.812s] GC(1229)   Post Evacuate Collection Set: 0.7ms
[2024-03-24T20:44:49.790+0800][3083.812s] GC(1229)   Other: 0.1ms
[2024-03-24T20:44:49.790+0800][3083.813s] GC(1229) Eden regions: 305->0(305)
[2024-03-24T20:44:49.790+0800][3083.813s] GC(1229) Survivor regions: 2->2(39)
[2024-03-24T20:44:49.790+0800][3083.813s] GC(1229) Old regions: 62->62
[2024-03-24T20:44:49.790+0800][3083.813s] GC(1229) Humongous regions: 4->4
[2024-03-24T20:44:49.790+0800][3083.813s] GC(1229) Metaspace: 66039K(66688K)->66039K(66688K) NonClass: 58625K(58944K)->58625K(58944K) Class: 7413K(7744K)->7413K(7744K)
[2024-03-24T20:44:49.790+0800][3083.813s] GC(1229) Pause Young (Normal) (G1 Evacuation Pause) 371M->66M(512M) 3.123ms
[2024-03-24T20:44:49.790+0800][3083.813s] GC(1229) User=0.00s Sys=0.00s Real=0.01s
[2024-03-24T20:44:51.489+0800][3085.513s] GC(1230) Pause Young (Normal) (G1 Evacuation Pause)
[2024-03-24T20:44:51.489+0800][3085.514s] GC(1230) Using 8 workers of 8 for evacuation
[2024-03-24T20:44:51.495+0800][3085.517s] GC(1230)   Pre Evacuate Collection Set: 0.2ms
[2024-03-24T20:44:51.495+0800][3085.517s] GC(1230)   Merge Heap Roots: 0.1ms
[2024-03-24T20:44:51.495+0800][3085.517s] GC(1230)   Evacuate Collection Set: 2.6ms
[2024-03-24T20:44:51.495+0800][3085.517s] GC(1230)   Post Evacuate Collection Set: 0.6ms
[2024-03-24T20:44:51.495+0800][3085.517s] GC(1230)   Other: 0.1ms
[2024-03-24T20:44:51.495+0800][3085.517s] GC(1230) Eden regions: 305->0(305)
[2024-03-24T20:44:51.495+0800][3085.517s] GC(1230) Survivor regions: 2->2(39)
[2024-03-24T20:44:51.495+0800][3085.517s] GC(1230) Old regions: 62->62
[2024-03-24T20:44:51.495+0800][3085.517s] GC(1230) Humongous regions: 4->4
[2024-03-24T20:44:51.495+0800][3085.517s] GC(1230) Metaspace: 66039K(66688K)->66039K(66688K) NonClass: 58625K(58944K)->58625K(58944K) Class: 7413K(7744K)->7413K(7744K)
[2024-03-24T20:44:51.495+0800][3085.518s] GC(1230) Pause Young (Normal) (G1 Evacuation Pause) 371M->66M(512M) 4.213ms
[2024-03-24T20:44:51.495+0800][3085.518s] GC(1230) User=0.00s Sys=0.00s Real=0.01s
[2024-03-24T20:44:53.447+0800][3087.470s] GC(1231) Pause Young (Normal) (G1 Evacuation Pause)
[2024-03-24T20:44:53.448+0800][3087.470s] GC(1231) Using 8 workers of 8 for evacuation
[2024-03-24T20:44:53.450+0800][3087.473s] GC(1231)   Pre Evacuate Collection Set: 0.4ms
[2024-03-24T20:44:53.450+0800][3087.474s] GC(1231)   Merge Heap Roots: 0.1ms
[2024-03-24T20:44:53.450+0800][3087.474s] GC(1231)   Evacuate Collection Set: 1.8ms
[2024-03-24T20:44:53.450+0800][3087.474s] GC(1231)   Post Evacuate Collection Set: 0.6ms
[2024-03-24T20:44:53.450+0800][3087.474s] GC(1231)   Other: 0.1ms
[2024-03-24T20:44:53.450+0800][3087.474s] GC(1231) Eden regions: 305->0(305)
[2024-03-24T20:44:53.450+0800][3087.474s] GC(1231) Survivor regions: 2->2(39)
[2024-03-24T20:44:53.450+0800][3087.474s] GC(1231) Old regions: 62->62
[2024-03-24T20:44:53.450+0800][3087.474s] GC(1231) Humongous regions: 4->4
[2024-03-24T20:44:53.450+0800][3087.474s] GC(1231) Metaspace: 66039K(66688K)->66039K(66688K) NonClass: 58625K(58944K)->58625K(58944K) Class: 7413K(7744K)->7413K(7744K)
[2024-03-24T20:44:53.450+0800][3087.474s] GC(1231) Pause Young (Normal) (G1 Evacuation Pause) 371M->66M(512M) 3.574ms
[2024-03-24T20:44:53.450+0800][3087.474s] GC(1231) User=0.02s Sys=0.00s Real=0.00s
[2024-03-24T20:44:55.256+0800][3089.283s] GC(1232) Pause Young (Normal) (G1 Evacuation Pause)
[2024-03-24T20:44:55.256+0800][3089.283s] GC(1232) Using 8 workers of 8 for evacuation
[2024-03-24T20:44:55.263+0800][3089.286s] GC(1232)   Pre Evacuate Collection Set: 0.2ms
[2024-03-24T20:44:55.263+0800][3089.286s] GC(1232)   Merge Heap Roots: 0.1ms
[2024-03-24T20:44:55.263+0800][3089.286s] GC(1232)   Evacuate Collection Set: 2.2ms
[2024-03-24T20:44:55.263+0800][3089.286s] GC(1232)   Post Evacuate Collection Set: 0.4ms
[2024-03-24T20:44:55.263+0800][3089.286s] GC(1232)   Other: 0.1ms
[2024-03-24T20:44:55.263+0800][3089.286s] GC(1232) Eden regions: 305->0(305)
[2024-03-24T20:44:55.263+0800][3089.286s] GC(1232) Survivor regions: 2->2(39)
[2024-03-24T20:44:55.263+0800][3089.286s] GC(1232) Old regions: 62->62
[2024-03-24T20:44:55.263+0800][3089.286s] GC(1232) Humongous regions: 4->4
[2024-03-24T20:44:55.263+0800][3089.286s] GC(1232) Metaspace: 66039K(66688K)->66039K(66688K) NonClass: 58625K(58944K)->58625K(58944K) Class: 7413K(7744K)->7413K(7744K)
[2024-03-24T20:44:55.263+0800][3089.286s] GC(1232) Pause Young (Normal) (G1 Evacuation Pause) 371M->66M(512M) 3.256ms
[2024-03-24T20:44:55.263+0800][3089.286s] GC(1232) User=0.00s Sys=0.00s Real=0.01s
[2024-03-24T20:44:57.046+0800][3091.072s] GC(1233) Pause Young (Normal) (G1 Evacuation Pause)
[2024-03-24T20:44:57.046+0800][3091.072s] GC(1233) Using 8 workers of 8 for evacuation
[2024-03-24T20:44:57.046+0800][3091.075s] GC(1233)   Pre Evacuate Collection Set: 0.3ms
[2024-03-24T20:44:57.052+0800][3091.075s] GC(1233)   Merge Heap Roots: 0.1ms
[2024-03-24T20:44:57.052+0800][3091.075s] GC(1233)   Evacuate Collection Set: 1.4ms
[2024-03-24T20:44:57.052+0800][3091.075s] GC(1233)   Post Evacuate Collection Set: 0.7ms
[2024-03-24T20:44:57.052+0800][3091.075s] GC(1233)   Other: 0.1ms
[2024-03-24T20:44:57.052+0800][3091.075s] GC(1233) Eden regions: 305->0(305)
[2024-03-24T20:44:57.052+0800][3091.075s] GC(1233) Survivor regions: 2->2(39)
[2024-03-24T20:44:57.052+0800][3091.075s] GC(1233) Old regions: 62->62
[2024-03-24T20:44:57.052+0800][3091.075s] GC(1233) Humongous regions: 4->4
[2024-03-24T20:44:57.052+0800][3091.075s] GC(1233) Metaspace: 66039K(66688K)->66039K(66688K) NonClass: 58625K(58944K)->58625K(58944K) Class: 7413K(7744K)->7413K(7744K)
[2024-03-24T20:44:57.052+0800][3091.075s] GC(1233) Pause Young (Normal) (G1 Evacuation Pause) 371M->66M(512M) 3.138ms
[2024-03-24T20:44:57.052+0800][3091.075s] GC(1233) User=0.00s Sys=0.00s Real=0.01s
[2024-03-24T20:44:58.864+0800][3092.887s] GC(1234) Pause Young (Normal) (G1 Evacuation Pause)
[2024-03-24T20:44:58.864+0800][3092.888s] GC(1234) Using 8 workers of 8 for evacuation
[2024-03-24T20:44:58.869+0800][3092.892s] GC(1234)   Pre Evacuate Collection Set: 0.2ms
[2024-03-24T20:44:58.869+0800][3092.892s] GC(1234)   Merge Heap Roots: 0.2ms
[2024-03-24T20:44:58.869+0800][3092.892s] GC(1234)   Evacuate Collection Set: 2.7ms
[2024-03-24T20:44:58.869+0800][3092.892s] GC(1234)   Post Evacuate Collection Set: 0.8ms
[2024-03-24T20:44:58.869+0800][3092.892s] GC(1234)   Other: 0.1ms
[2024-03-24T20:44:58.869+0800][3092.892s] GC(1234) Eden regions: 305->0(305)
[2024-03-24T20:44:58.869+0800][3092.892s] GC(1234) Survivor regions: 2->2(39)
[2024-03-24T20:44:58.869+0800][3092.892s] GC(1234) Old regions: 62->62
[2024-03-24T20:44:58.869+0800][3092.892s] GC(1234) Humongous regions: 4->4
[2024-03-24T20:44:58.869+0800][3092.892s] GC(1234) Metaspace: 66040K(66688K)->66040K(66688K) NonClass: 58627K(58944K)->58627K(58944K) Class: 7413K(7744K)->7413K(7744K)
[2024-03-24T20:44:58.869+0800][3092.892s] GC(1234) Pause Young (Normal) (G1 Evacuation Pause) 371M->66M(512M) 4.332ms
[2024-03-24T20:44:58.869+0800][3092.892s] GC(1234) User=0.00s Sys=0.00s Real=0.00s
[2024-03-24T20:45:00.752+0800][3094.780s] GC(1235) Pause Young (Normal) (G1 Evacuation Pause)
[2024-03-24T20:45:00.752+0800][3094.780s] GC(1235) Using 8 workers of 8 for evacuation
[2024-03-24T20:45:00.759+0800][3094.782s] GC(1235)   Pre Evacuate Collection Set: 0.2ms
[2024-03-24T20:45:00.759+0800][3094.782s] GC(1235)   Merge Heap Roots: 0.1ms
[2024-03-24T20:45:00.759+0800][3094.782s] GC(1235)   Evacuate Collection Set: 1.1ms
[2024-03-24T20:45:00.759+0800][3094.782s] GC(1235)   Post Evacuate Collection Set: 0.4ms
[2024-03-24T20:45:00.759+0800][3094.782s] GC(1235)   Other: 0.1ms
[2024-03-24T20:45:00.759+0800][3094.782s] GC(1235) Eden regions: 305->0(305)
[2024-03-24T20:45:00.759+0800][3094.782s] GC(1235) Survivor regions: 2->2(39)
[2024-03-24T20:45:00.759+0800][3094.782s] GC(1235) Old regions: 62->62
[2024-03-24T20:45:00.759+0800][3094.782s] GC(1235) Humongous regions: 4->4
[2024-03-24T20:45:00.759+0800][3094.782s] GC(1235) Metaspace: 66040K(66688K)->66040K(66688K) NonClass: 58627K(58944K)->58627K(58944K) Class: 7413K(7744K)->7413K(7744K)
[2024-03-24T20:45:00.759+0800][3094.783s] GC(1235) Pause Young (Normal) (G1 Evacuation Pause) 371M->66M(512M) 2.197ms
[2024-03-24T20:45:00.759+0800][3094.783s] GC(1235) User=0.00s Sys=0.00s Real=0.01s
[2024-03-24T20:45:02.340+0800][3096.368s] GC(1236) Pause Young (Normal) (G1 Evacuation Pause)
[2024-03-24T20:45:02.340+0800][3096.368s] GC(1236) Using 8 workers of 8 for evacuation
[2024-03-24T20:45:02.340+0800][3096.371s] GC(1236)   Pre Evacuate Collection Set: 0.2ms
[2024-03-24T20:45:02.340+0800][3096.371s] GC(1236)   Merge Heap Roots: 0.2ms
[2024-03-24T20:45:02.340+0800][3096.371s] GC(1236)   Evacuate Collection Set: 1.6ms
[2024-03-24T20:45:02.340+0800][3096.371s] GC(1236)   Post Evacuate Collection Set: 0.6ms
[2024-03-24T20:45:02.340+0800][3096.371s] GC(1236)   Other: 0.1ms
[2024-03-24T20:45:02.340+0800][3096.371s] GC(1236) Eden regions: 305->0(305)
[2024-03-24T20:45:02.340+0800][3096.371s] GC(1236) Survivor regions: 2->2(39)
[2024-03-24T20:45:02.340+0800][3096.371s] GC(1236) Old regions: 62->62
[2024-03-24T20:45:02.340+0800][3096.371s] GC(1236) Humongous regions: 4->4
[2024-03-24T20:45:02.340+0800][3096.371s] GC(1236) Metaspace: 66040K(66688K)->66040K(66688K) NonClass: 58627K(58944K)->58627K(58944K) Class: 7413K(7744K)->7413K(7744K)
[2024-03-24T20:45:02.340+0800][3096.371s] GC(1236) Pause Young (Normal) (G1 Evacuation Pause) 371M->66M(512M) 3.027ms
[2024-03-24T20:45:02.340+0800][3096.371s] GC(1236) User=0.00s Sys=0.00s Real=0.00s
[2024-03-24T20:45:04.041+0800][3098.065s] GC(1237) Pause Young (Normal) (G1 Evacuation Pause)
[2024-03-24T20:45:04.041+0800][3098.065s] GC(1237) Using 8 workers of 8 for evacuation
[2024-03-24T20:45:04.041+0800][3098.068s] GC(1237)   Pre Evacuate Collection Set: 0.4ms
[2024-03-24T20:45:04.041+0800][3098.068s] GC(1237)   Merge Heap Roots: 0.2ms
[2024-03-24T20:45:04.041+0800][3098.068s] GC(1237)   Evacuate Collection Set: 2.1ms
[2024-03-24T20:45:04.041+0800][3098.068s] GC(1237)   Post Evacuate Collection Set: 0.7ms
[2024-03-24T20:45:04.041+0800][3098.068s] GC(1237)   Other: 0.1ms
[2024-03-24T20:45:04.041+0800][3098.068s] GC(1237) Eden regions: 305->0(305)
[2024-03-24T20:45:04.041+0800][3098.068s] GC(1237) Survivor regions: 2->2(39)
[2024-03-24T20:45:04.041+0800][3098.068s] GC(1237) Old regions: 62->62
[2024-03-24T20:45:04.041+0800][3098.068s] GC(1237) Humongous regions: 4->4
[2024-03-24T20:45:04.041+0800][3098.068s] GC(1237) Metaspace: 66040K(66688K)->66040K(66688K) NonClass: 58627K(58944K)->58627K(58944K) Class: 7413K(7744K)->7413K(7744K)
[2024-03-24T20:45:04.041+0800][3098.068s] GC(1237) Pause Young (Normal) (G1 Evacuation Pause) 371M->66M(512M) 3.884ms
[2024-03-24T20:45:04.041+0800][3098.069s] GC(1237) User=0.00s Sys=0.00s Real=0.00s
[2024-03-24T20:45:05.794+0800][3099.818s] GC(1238) Pause Young (Normal) (G1 Evacuation Pause)
[2024-03-24T20:45:05.795+0800][3099.818s] GC(1238) Using 8 workers of 8 for evacuation
[2024-03-24T20:45:05.797+0800][3099.820s] GC(1238)   Pre Evacuate Collection Set: 0.2ms
[2024-03-24T20:45:05.797+0800][3099.820s] GC(1238)   Merge Heap Roots: 0.1ms
[2024-03-24T20:45:05.797+0800][3099.820s] GC(1238)   Evacuate Collection Set: 1.4ms
[2024-03-24T20:45:05.797+0800][3099.820s] GC(1238)   Post Evacuate Collection Set: 0.4ms
[2024-03-24T20:45:05.797+0800][3099.820s] GC(1238)   Other: 0.1ms
[2024-03-24T20:45:05.797+0800][3099.820s] GC(1238) Eden regions: 305->0(305)
[2024-03-24T20:45:05.797+0800][3099.820s] GC(1238) Survivor regions: 2->2(39)
[2024-03-24T20:45:05.797+0800][3099.820s] GC(1238) Old regions: 62->62
[2024-03-24T20:45:05.797+0800][3099.820s] GC(1238) Humongous regions: 4->4
[2024-03-24T20:45:05.797+0800][3099.820s] GC(1238) Metaspace: 66040K(66688K)->66040K(66688K) NonClass: 58627K(58944K)->58627K(58944K) Class: 7413K(7744K)->7413K(7744K)
[2024-03-24T20:45:05.797+0800][3099.820s] GC(1238) Pause Young (Normal) (G1 Evacuation Pause) 371M->66M(512M) 2.536ms
[2024-03-24T20:45:05.797+0800][3099.820s] GC(1238) User=0.00s Sys=0.00s Real=0.00s
[2024-03-24T20:45:07.459+0800][3101.483s] GC(1239) Pause Young (Normal) (G1 Evacuation Pause)
[2024-03-24T20:45:07.459+0800][3101.483s] GC(1239) Using 8 workers of 8 for evacuation
[2024-03-24T20:45:07.463+0800][3101.486s] GC(1239)   Pre Evacuate Collection Set: 0.2ms
[2024-03-24T20:45:07.463+0800][3101.486s] GC(1239)   Merge Heap Roots: 0.2ms
[2024-03-24T20:45:07.463+0800][3101.486s] GC(1239)   Evacuate Collection Set: 2.0ms
[2024-03-24T20:45:07.463+0800][3101.486s] GC(1239)   Post Evacuate Collection Set: 0.7ms
[2024-03-24T20:45:07.463+0800][3101.486s] GC(1239)   Other: 0.2ms
[2024-03-24T20:45:07.463+0800][3101.486s] GC(1239) Eden regions: 305->0(305)
[2024-03-24T20:45:07.463+0800][3101.486s] GC(1239) Survivor regions: 2->2(39)
[2024-03-24T20:45:07.463+0800][3101.487s] GC(1239) Old regions: 62->62
[2024-03-24T20:45:07.463+0800][3101.487s] GC(1239) Humongous regions: 4->4
[2024-03-24T20:45:07.464+0800][3101.487s] GC(1239) Metaspace: 66040K(66688K)->66040K(66688K) NonClass: 58627K(58944K)->58627K(58944K) Class: 7413K(7744K)->7413K(7744K)
[2024-03-24T20:45:07.464+0800][3101.487s] GC(1239) Pause Young (Normal) (G1 Evacuation Pause) 371M->66M(512M) 3.801ms
[2024-03-24T20:45:07.464+0800][3101.487s] GC(1239) User=0.00s Sys=0.00s Real=0.00s
[2024-03-24T20:45:09.201+0800][3103.230s] GC(1240) Pause Young (Normal) (G1 Evacuation Pause)
[2024-03-24T20:45:09.201+0800][3103.230s] GC(1240) Using 8 workers of 8 for evacuation
[2024-03-24T20:45:09.201+0800][3103.232s] GC(1240)   Pre Evacuate Collection Set: 0.2ms
[2024-03-24T20:45:09.201+0800][3103.232s] GC(1240)   Merge Heap Roots: 0.1ms
[2024-03-24T20:45:09.201+0800][3103.232s] GC(1240)   Evacuate Collection Set: 1.3ms
[2024-03-24T20:45:09.201+0800][3103.232s] GC(1240)   Post Evacuate Collection Set: 0.6ms
[2024-03-24T20:45:09.201+0800][3103.232s] GC(1240)   Other: 0.1ms
[2024-03-24T20:45:09.201+0800][3103.232s] GC(1240) Eden regions: 305->0(305)
[2024-03-24T20:45:09.201+0800][3103.232s] GC(1240) Survivor regions: 2->2(39)
[2024-03-24T20:45:09.201+0800][3103.232s] GC(1240) Old regions: 62->62
[2024-03-24T20:45:09.201+0800][3103.232s] GC(1240) Humongous regions: 4->4
[2024-03-24T20:45:09.201+0800][3103.233s] GC(1240) Metaspace: 66040K(66688K)->66040K(66688K) NonClass: 58627K(58944K)->58627K(58944K) Class: 7413K(7744K)->7413K(7744K)
[2024-03-24T20:45:09.201+0800][3103.233s] GC(1240) Pause Young (Normal) (G1 Evacuation Pause) 371M->66M(512M) 2.643ms
[2024-03-24T20:45:09.201+0800][3103.233s] GC(1240) User=0.00s Sys=0.00s Real=0.00s
[2024-03-24T20:45:11.004+0800][3105.028s] GC(1241) Pause Young (Normal) (G1 Evacuation Pause)
[2024-03-24T20:45:11.004+0800][3105.028s] GC(1241) Using 8 workers of 8 for evacuation
[2024-03-24T20:45:11.008+0800][3105.030s] GC(1241)   Pre Evacuate Collection Set: 0.3ms
[2024-03-24T20:45:11.008+0800][3105.030s] GC(1241)   Merge Heap Roots: 0.1ms
[2024-03-24T20:45:11.008+0800][3105.030s] GC(1241)   Evacuate Collection Set: 1.3ms
[2024-03-24T20:45:11.008+0800][3105.030s] GC(1241)   Post Evacuate Collection Set: 0.5ms
[2024-03-24T20:45:11.008+0800][3105.030s] GC(1241)   Other: 0.1ms
[2024-03-24T20:45:11.008+0800][3105.030s] GC(1241) Eden regions: 305->0(305)
[2024-03-24T20:45:11.008+0800][3105.030s] GC(1241) Survivor regions: 2->2(39)
[2024-03-24T20:45:11.008+0800][3105.030s] GC(1241) Old regions: 62->62
[2024-03-24T20:45:11.008+0800][3105.030s] GC(1241) Humongous regions: 4->4
[2024-03-24T20:45:11.008+0800][3105.031s] GC(1241) Metaspace: 66040K(66688K)->66040K(66688K) NonClass: 58627K(58944K)->58627K(58944K) Class: 7413K(7744K)->7413K(7744K)
[2024-03-24T20:45:11.008+0800][3105.031s] GC(1241) Pause Young (Normal) (G1 Evacuation Pause) 371M->66M(512M) 2.764ms
[2024-03-24T20:45:11.008+0800][3105.031s] GC(1241) User=0.00s Sys=0.00s Real=0.00s
[2024-03-24T20:45:12.707+0800][3106.732s] GC(1242) Pause Young (Normal) (G1 Evacuation Pause)
[2024-03-24T20:45:12.707+0800][3106.733s] GC(1242) Using 8 workers of 8 for evacuation
[2024-03-24T20:45:12.711+0800][3106.735s] GC(1242)   Pre Evacuate Collection Set: 0.3ms
[2024-03-24T20:45:12.711+0800][3106.735s] GC(1242)   Merge Heap Roots: 0.1ms
[2024-03-24T20:45:12.711+0800][3106.735s] GC(1242)   Evacuate Collection Set: 1.4ms
[2024-03-24T20:45:12.711+0800][3106.735s] GC(1242)   Post Evacuate Collection Set: 0.7ms
[2024-03-24T20:45:12.711+0800][3106.736s] GC(1242)   Other: 0.2ms
[2024-03-24T20:45:12.711+0800][3106.736s] GC(1242) Eden regions: 305->0(305)
[2024-03-24T20:45:12.711+0800][3106.736s] GC(1242) Survivor regions: 2->2(39)
[2024-03-24T20:45:12.711+0800][3106.736s] GC(1242) Old regions: 62->62
[2024-03-24T20:45:12.711+0800][3106.736s] GC(1242) Humongous regions: 4->4
[2024-03-24T20:45:12.711+0800][3106.736s] GC(1242) Metaspace: 66040K(66688K)->66040K(66688K) NonClass: 58627K(58944K)->58627K(58944K) Class: 7413K(7744K)->7413K(7744K)
[2024-03-24T20:45:12.711+0800][3106.736s] GC(1242) Pause Young (Normal) (G1 Evacuation Pause) 371M->66M(512M) 3.300ms
[2024-03-24T20:45:12.711+0800][3106.736s] GC(1242) User=0.00s Sys=0.00s Real=0.00s
[2024-03-24T20:45:14.475+0800][3108.498s] GC(1243) Pause Young (Normal) (G1 Evacuation Pause)
[2024-03-24T20:45:14.475+0800][3108.498s] GC(1243) Using 8 workers of 8 for evacuation
[2024-03-24T20:45:14.478+0800][3108.501s] GC(1243)   Pre Evacuate Collection Set: 0.4ms
[2024-03-24T20:45:14.478+0800][3108.501s] GC(1243)   Merge Heap Roots: 0.1ms
[2024-03-24T20:45:14.478+0800][3108.501s] GC(1243)   Evacuate Collection Set: 1.5ms
[2024-03-24T20:45:14.478+0800][3108.501s] GC(1243)   Post Evacuate Collection Set: 0.7ms
[2024-03-24T20:45:14.478+0800][3108.501s] GC(1243)   Other: 0.1ms
[2024-03-24T20:45:14.478+0800][3108.501s] GC(1243) Eden regions: 305->0(305)
[2024-03-24T20:45:14.478+0800][3108.501s] GC(1243) Survivor regions: 2->2(39)
[2024-03-24T20:45:14.478+0800][3108.501s] GC(1243) Old regions: 62->62
[2024-03-24T20:45:14.478+0800][3108.501s] GC(1243) Humongous regions: 4->4
[2024-03-24T20:45:14.478+0800][3108.501s] GC(1243) Metaspace: 66040K(66688K)->66040K(66688K) NonClass: 58627K(58944K)->58627K(58944K) Class: 7413K(7744K)->7413K(7744K)
[2024-03-24T20:45:14.478+0800][3108.501s] GC(1243) Pause Young (Normal) (G1 Evacuation Pause) 371M->66M(512M) 3.430ms
[2024-03-24T20:45:14.478+0800][3108.501s] GC(1243) User=0.00s Sys=0.00s Real=0.00s
[2024-03-24T20:45:16.445+0800][3110.468s] GC(1244) Pause Young (Normal) (G1 Evacuation Pause)
[2024-03-24T20:45:16.445+0800][3110.469s] GC(1244) Using 8 workers of 8 for evacuation
[2024-03-24T20:45:16.449+0800][3110.472s] GC(1244)   Pre Evacuate Collection Set: 0.2ms
[2024-03-24T20:45:16.449+0800][3110.472s] GC(1244)   Merge Heap Roots: 0.1ms
[2024-03-24T20:45:16.449+0800][3110.472s] GC(1244)   Evacuate Collection Set: 2.8ms
[2024-03-24T20:45:16.449+0800][3110.472s] GC(1244)   Post Evacuate Collection Set: 0.6ms
[2024-03-24T20:45:16.449+0800][3110.473s] GC(1244)   Other: 0.1ms
[2024-03-24T20:45:16.449+0800][3110.473s] GC(1244) Eden regions: 305->0(305)
[2024-03-24T20:45:16.449+0800][3110.473s] GC(1244) Survivor regions: 2->2(39)
[2024-03-24T20:45:16.449+0800][3110.473s] GC(1244) Old regions: 62->62
[2024-03-24T20:45:16.449+0800][3110.473s] GC(1244) Humongous regions: 4->4
[2024-03-24T20:45:16.449+0800][3110.473s] GC(1244) Metaspace: 66040K(66688K)->66040K(66688K) NonClass: 58627K(58944K)->58627K(58944K) Class: 7413K(7744K)->7413K(7744K)
[2024-03-24T20:45:16.449+0800][3110.473s] GC(1244) Pause Young (Normal) (G1 Evacuation Pause) 371M->66M(512M) 4.285ms
[2024-03-24T20:45:16.449+0800][3110.473s] GC(1244) User=0.02s Sys=0.00s Real=0.00s
[2024-03-24T20:45:18.311+0800][3112.341s] GC(1245) Pause Young (Normal) (G1 Evacuation Pause)
[2024-03-24T20:45:18.311+0800][3112.341s] GC(1245) Using 8 workers of 8 for evacuation
[2024-03-24T20:45:18.320+0800][3112.345s] GC(1245)   Pre Evacuate Collection Set: 0.4ms
[2024-03-24T20:45:18.320+0800][3112.345s] GC(1245)   Merge Heap Roots: 0.2ms
[2024-03-24T20:45:18.320+0800][3112.345s] GC(1245)   Evacuate Collection Set: 1.8ms
[2024-03-24T20:45:18.320+0800][3112.345s] GC(1245)   Post Evacuate Collection Set: 0.9ms
[2024-03-24T20:45:18.320+0800][3112.345s] GC(1245)   Other: 0.1ms
[2024-03-24T20:45:18.320+0800][3112.345s] GC(1245) Eden regions: 305->0(305)
[2024-03-24T20:45:18.320+0800][3112.345s] GC(1245) Survivor regions: 2->2(39)
[2024-03-24T20:45:18.320+0800][3112.345s] GC(1245) Old regions: 62->62
[2024-03-24T20:45:18.320+0800][3112.345s] GC(1245) Humongous regions: 4->4
[2024-03-24T20:45:18.320+0800][3112.345s] GC(1245) Metaspace: 66040K(66688K)->66040K(66688K) NonClass: 58627K(58944K)->58627K(58944K) Class: 7413K(7744K)->7413K(7744K)
[2024-03-24T20:45:18.320+0800][3112.345s] GC(1245) Pause Young (Normal) (G1 Evacuation Pause) 371M->66M(512M) 3.946ms
[2024-03-24T20:45:18.320+0800][3112.345s] GC(1245) User=0.00s Sys=0.00s Real=0.01s
[2024-03-24T20:45:19.966+0800][3113.989s] GC(1246) Pause Young (Normal) (G1 Evacuation Pause)
[2024-03-24T20:45:19.966+0800][3113.989s] GC(1246) Using 8 workers of 8 for evacuation
[2024-03-24T20:45:19.969+0800][3113.992s] GC(1246)   Pre Evacuate Collection Set: 0.3ms
[2024-03-24T20:45:19.969+0800][3113.993s] GC(1246)   Merge Heap Roots: 0.2ms
[2024-03-24T20:45:19.969+0800][3113.993s] GC(1246)   Evacuate Collection Set: 1.9ms
[2024-03-24T20:45:19.969+0800][3113.993s] GC(1246)   Post Evacuate Collection Set: 0.7ms
[2024-03-24T20:45:19.969+0800][3113.993s] GC(1246)   Other: 0.1ms
[2024-03-24T20:45:19.969+0800][3113.993s] GC(1246) Eden regions: 305->0(305)
[2024-03-24T20:45:19.969+0800][3113.993s] GC(1246) Survivor regions: 2->2(39)
[2024-03-24T20:45:19.969+0800][3113.993s] GC(1246) Old regions: 62->62
[2024-03-24T20:45:19.969+0800][3113.993s] GC(1246) Humongous regions: 4->4
[2024-03-24T20:45:19.969+0800][3113.993s] GC(1246) Metaspace: 66040K(66688K)->66040K(66688K) NonClass: 58627K(58944K)->58627K(58944K) Class: 7413K(7744K)->7413K(7744K)
[2024-03-24T20:45:19.970+0800][3113.993s] GC(1246) Pause Young (Normal) (G1 Evacuation Pause) 371M->67M(512M) 3.643ms
[2024-03-24T20:45:19.970+0800][3113.993s] GC(1246) User=0.00s Sys=0.00s Real=0.00s
[2024-03-24T20:45:21.766+0800][3115.789s] GC(1247) Pause Young (Normal) (G1 Evacuation Pause)
[2024-03-24T20:45:21.766+0800][3115.789s] GC(1247) Using 8 workers of 8 for evacuation
[2024-03-24T20:45:21.768+0800][3115.792s] GC(1247)   Pre Evacuate Collection Set: 0.2ms
[2024-03-24T20:45:21.770+0800][3115.792s] GC(1247)   Merge Heap Roots: 0.1ms
[2024-03-24T20:45:21.770+0800][3115.792s] GC(1247)   Evacuate Collection Set: 1.8ms
[2024-03-24T20:45:21.770+0800][3115.792s] GC(1247)   Post Evacuate Collection Set: 0.5ms
[2024-03-24T20:45:21.770+0800][3115.792s] GC(1247)   Other: 0.1ms
[2024-03-24T20:45:21.770+0800][3115.792s] GC(1247) Eden regions: 305->0(305)
[2024-03-24T20:45:21.770+0800][3115.792s] GC(1247) Survivor regions: 2->2(39)
[2024-03-24T20:45:21.770+0800][3115.792s] GC(1247) Old regions: 62->62
[2024-03-24T20:45:21.770+0800][3115.792s] GC(1247) Humongous regions: 4->4
[2024-03-24T20:45:21.770+0800][3115.792s] GC(1247) Metaspace: 66040K(66688K)->66040K(66688K) NonClass: 58627K(58944K)->58627K(58944K) Class: 7413K(7744K)->7413K(7744K)
[2024-03-24T20:45:21.770+0800][3115.792s] GC(1247) Pause Young (Normal) (G1 Evacuation Pause) 372M->66M(512M) 3.142ms
[2024-03-24T20:45:21.770+0800][3115.792s] GC(1247) User=0.00s Sys=0.00s Real=0.00s
[2024-03-24T20:45:23.608+0800][3117.631s] GC(1248) Pause Young (Normal) (G1 Evacuation Pause)
[2024-03-24T20:45:23.609+0800][3117.631s] GC(1248) Using 8 workers of 8 for evacuation
[2024-03-24T20:45:23.611+0800][3117.634s] GC(1248)   Pre Evacuate Collection Set: 0.2ms
[2024-03-24T20:45:23.611+0800][3117.634s] GC(1248)   Merge Heap Roots: 0.1ms
[2024-03-24T20:45:23.611+0800][3117.634s] GC(1248)   Evacuate Collection Set: 1.4ms
[2024-03-24T20:45:23.611+0800][3117.634s] GC(1248)   Post Evacuate Collection Set: 0.6ms
[2024-03-24T20:45:23.611+0800][3117.634s] GC(1248)   Other: 0.1ms
[2024-03-24T20:45:23.611+0800][3117.634s] GC(1248) Eden regions: 305->0(305)
[2024-03-24T20:45:23.611+0800][3117.634s] GC(1248) Survivor regions: 2->2(39)
[2024-03-24T20:45:23.611+0800][3117.634s] GC(1248) Old regions: 62->62
[2024-03-24T20:45:23.611+0800][3117.634s] GC(1248) Humongous regions: 4->4
[2024-03-24T20:45:23.611+0800][3117.634s] GC(1248) Metaspace: 66040K(66688K)->66040K(66688K) NonClass: 58627K(58944K)->58627K(58944K) Class: 7413K(7744K)->7413K(7744K)
[2024-03-24T20:45:23.611+0800][3117.634s] GC(1248) Pause Young (Normal) (G1 Evacuation Pause) 371M->66M(512M) 2.715ms
[2024-03-24T20:45:23.611+0800][3117.634s] GC(1248) User=0.00s Sys=0.00s Real=0.00s
[2024-03-24T20:45:25.399+0800][3119.429s] GC(1249) Pause Young (Normal) (G1 Evacuation Pause)
[2024-03-24T20:45:25.399+0800][3119.429s] GC(1249) Using 8 workers of 8 for evacuation
[2024-03-24T20:45:25.409+0800][3119.432s] GC(1249)   Pre Evacuate Collection Set: 0.3ms
[2024-03-24T20:45:25.409+0800][3119.432s] GC(1249)   Merge Heap Roots: 0.1ms
[2024-03-24T20:45:25.409+0800][3119.432s] GC(1249)   Evacuate Collection Set: 1.9ms
[2024-03-24T20:45:25.409+0800][3119.432s] GC(1249)   Post Evacuate Collection Set: 0.5ms
[2024-03-24T20:45:25.409+0800][3119.432s] GC(1249)   Other: 0.1ms
[2024-03-24T20:45:25.409+0800][3119.432s] GC(1249) Eden regions: 305->0(305)
[2024-03-24T20:45:25.409+0800][3119.432s] GC(1249) Survivor regions: 2->2(39)
[2024-03-24T20:45:25.409+0800][3119.432s] GC(1249) Old regions: 62->62
[2024-03-24T20:45:25.409+0800][3119.432s] GC(1249) Humongous regions: 4->4
[2024-03-24T20:45:25.409+0800][3119.432s] GC(1249) Metaspace: 66040K(66688K)->66040K(66688K) NonClass: 58627K(58944K)->58627K(58944K) Class: 7413K(7744K)->7413K(7744K)
[2024-03-24T20:45:25.409+0800][3119.432s] GC(1249) Pause Young (Normal) (G1 Evacuation Pause) 371M->66M(512M) 3.230ms
[2024-03-24T20:45:25.409+0800][3119.432s] GC(1249) User=0.00s Sys=0.00s Real=0.01s
[2024-03-24T20:45:27.117+0800][3121.139s] GC(1250) Pause Young (Normal) (G1 Evacuation Pause)
[2024-03-24T20:45:27.117+0800][3121.139s] GC(1250) Using 8 workers of 8 for evacuation
[2024-03-24T20:45:27.119+0800][3121.142s] GC(1250)   Pre Evacuate Collection Set: 0.1ms
[2024-03-24T20:45:27.119+0800][3121.142s] GC(1250)   Merge Heap Roots: 0.1ms
[2024-03-24T20:45:27.119+0800][3121.142s] GC(1250)   Evacuate Collection Set: 1.7ms
[2024-03-24T20:45:27.119+0800][3121.142s] GC(1250)   Post Evacuate Collection Set: 0.4ms
[2024-03-24T20:45:27.119+0800][3121.142s] GC(1250)   Other: 0.1ms
[2024-03-24T20:45:27.119+0800][3121.142s] GC(1250) Eden regions: 305->0(305)
[2024-03-24T20:45:27.119+0800][3121.142s] GC(1250) Survivor regions: 2->2(39)
[2024-03-24T20:45:27.119+0800][3121.142s] GC(1250) Old regions: 62->62
[2024-03-24T20:45:27.119+0800][3121.142s] GC(1250) Humongous regions: 4->4
[2024-03-24T20:45:27.119+0800][3121.142s] GC(1250) Metaspace: 66040K(66688K)->66040K(66688K) NonClass: 58627K(58944K)->58627K(58944K) Class: 7413K(7744K)->7413K(7744K)
[2024-03-24T20:45:27.119+0800][3121.142s] GC(1250) Pause Young (Normal) (G1 Evacuation Pause) 371M->66M(512M) 2.671ms
[2024-03-24T20:45:27.119+0800][3121.142s] GC(1250) User=0.02s Sys=0.00s Real=0.00s
[2024-03-24T20:45:28.867+0800][3122.891s] GC(1251) Pause Young (Normal) (G1 Evacuation Pause)
[2024-03-24T20:45:28.867+0800][3122.891s] GC(1251) Using 8 workers of 8 for evacuation
[2024-03-24T20:45:28.871+0800][3122.895s] GC(1251)   Pre Evacuate Collection Set: 0.5ms
[2024-03-24T20:45:28.871+0800][3122.895s] GC(1251)   Merge Heap Roots: 0.2ms
[2024-03-24T20:45:28.871+0800][3122.895s] GC(1251)   Evacuate Collection Set: 1.9ms
[2024-03-24T20:45:28.871+0800][3122.895s] GC(1251)   Post Evacuate Collection Set: 1.0ms
[2024-03-24T20:45:28.871+0800][3122.895s] GC(1251)   Other: 0.2ms
[2024-03-24T20:45:28.871+0800][3122.896s] GC(1251) Eden regions: 305->0(305)
[2024-03-24T20:45:28.871+0800][3122.896s] GC(1251) Survivor regions: 2->2(39)
[2024-03-24T20:45:28.871+0800][3122.896s] GC(1251) Old regions: 62->62
[2024-03-24T20:45:28.871+0800][3122.896s] GC(1251) Humongous regions: 4->4
[2024-03-24T20:45:28.871+0800][3122.896s] GC(1251) Metaspace: 66040K(66688K)->66040K(66688K) NonClass: 58627K(58944K)->58627K(58944K) Class: 7413K(7744K)->7413K(7744K)
[2024-03-24T20:45:28.871+0800][3122.896s] GC(1251) Pause Young (Normal) (G1 Evacuation Pause) 371M->66M(512M) 5.392ms
[2024-03-24T20:45:28.871+0800][3122.896s] GC(1251) User=0.00s Sys=0.00s Real=0.00s
[2024-03-24T20:45:30.603+0800][3124.627s] GC(1252) Pause Young (Normal) (G1 Evacuation Pause)
[2024-03-24T20:45:30.603+0800][3124.627s] GC(1252) Using 8 workers of 8 for evacuation
[2024-03-24T20:45:30.607+0800][3124.630s] GC(1252)   Pre Evacuate Collection Set: 0.2ms
[2024-03-24T20:45:30.607+0800][3124.630s] GC(1252)   Merge Heap Roots: 0.1ms
[2024-03-24T20:45:30.607+0800][3124.630s] GC(1252)   Evacuate Collection Set: 2.0ms
[2024-03-24T20:45:30.607+0800][3124.630s] GC(1252)   Post Evacuate Collection Set: 0.8ms
[2024-03-24T20:45:30.607+0800][3124.630s] GC(1252)   Other: 0.1ms
[2024-03-24T20:45:30.607+0800][3124.630s] GC(1252) Eden regions: 305->0(306)
[2024-03-24T20:45:30.607+0800][3124.630s] GC(1252) Survivor regions: 2->1(39)
[2024-03-24T20:45:30.607+0800][3124.630s] GC(1252) Old regions: 62->62
[2024-03-24T20:45:30.607+0800][3124.630s] GC(1252) Humongous regions: 4->4
[2024-03-24T20:45:30.607+0800][3124.630s] GC(1252) Metaspace: 66040K(66688K)->66040K(66688K) NonClass: 58627K(58944K)->58627K(58944K) Class: 7413K(7744K)->7413K(7744K)
[2024-03-24T20:45:30.607+0800][3124.630s] GC(1252) Pause Young (Normal) (G1 Evacuation Pause) 371M->66M(512M) 3.902ms
[2024-03-24T20:45:30.607+0800][3124.630s] GC(1252) User=0.02s Sys=0.00s Real=0.00s
[2024-03-24T20:45:32.477+0800][3126.501s] GC(1253) Pause Young (Normal) (G1 Evacuation Pause)
[2024-03-24T20:45:32.477+0800][3126.501s] GC(1253) Using 8 workers of 8 for evacuation
[2024-03-24T20:45:32.477+0800][3126.504s] GC(1253)   Pre Evacuate Collection Set: 0.3ms
[2024-03-24T20:45:32.477+0800][3126.504s] GC(1253)   Merge Heap Roots: 0.1ms
[2024-03-24T20:45:32.477+0800][3126.504s] GC(1253)   Evacuate Collection Set: 1.3ms
[2024-03-24T20:45:32.477+0800][3126.504s] GC(1253)   Post Evacuate Collection Set: 0.6ms
[2024-03-24T20:45:32.477+0800][3126.504s] GC(1253)   Other: 0.1ms
[2024-03-24T20:45:32.477+0800][3126.504s] GC(1253) Eden regions: 306->0(305)
[2024-03-24T20:45:32.477+0800][3126.504s] GC(1253) Survivor regions: 1->2(39)
[2024-03-24T20:45:32.477+0800][3126.504s] GC(1253) Old regions: 62->62
[2024-03-24T20:45:32.477+0800][3126.504s] GC(1253) Humongous regions: 4->4
[2024-03-24T20:45:32.477+0800][3126.504s] GC(1253) Metaspace: 66040K(66688K)->66040K(66688K) NonClass: 58627K(58944K)->58627K(58944K) Class: 7413K(7744K)->7413K(7744K)
[2024-03-24T20:45:32.477+0800][3126.504s] GC(1253) Pause Young (Normal) (G1 Evacuation Pause) 372M->66M(512M) 2.590ms
[2024-03-24T20:45:32.477+0800][3126.504s] GC(1253) User=0.00s Sys=0.00s Real=0.00s
[2024-03-24T20:45:34.345+0800][3128.368s] GC(1254) Pause Young (Normal) (G1 Evacuation Pause)
[2024-03-24T20:45:34.345+0800][3128.368s] GC(1254) Using 8 workers of 8 for evacuation
[2024-03-24T20:45:34.346+0800][3128.371s] GC(1254)   Pre Evacuate Collection Set: 0.2ms
[2024-03-24T20:45:34.346+0800][3128.371s] GC(1254)   Merge Heap Roots: 0.1ms
[2024-03-24T20:45:34.346+0800][3128.371s] GC(1254)   Evacuate Collection Set: 2.4ms
[2024-03-24T20:45:34.346+0800][3128.371s] GC(1254)   Post Evacuate Collection Set: 0.8ms
[2024-03-24T20:45:34.346+0800][3128.372s] GC(1254)   Other: 0.1ms
[2024-03-24T20:45:34.346+0800][3128.372s] GC(1254) Eden regions: 305->0(305)
[2024-03-24T20:45:34.346+0800][3128.372s] GC(1254) Survivor regions: 2->2(39)
[2024-03-24T20:45:34.346+0800][3128.372s] GC(1254) Old regions: 62->62
[2024-03-24T20:45:34.346+0800][3128.372s] GC(1254) Humongous regions: 4->4
[2024-03-24T20:45:34.346+0800][3128.372s] GC(1254) Metaspace: 66040K(66688K)->66040K(66688K) NonClass: 58627K(58944K)->58627K(58944K) Class: 7413K(7744K)->7413K(7744K)
[2024-03-24T20:45:34.346+0800][3128.372s] GC(1254) Pause Young (Normal) (G1 Evacuation Pause) 371M->66M(512M) 3.943ms
[2024-03-24T20:45:34.346+0800][3128.372s] GC(1254) User=0.00s Sys=0.00s Real=0.00s
[2024-03-24T20:45:35.920+0800][3129.944s] GC(1255) Pause Young (Normal) (G1 Evacuation Pause)
[2024-03-24T20:45:35.920+0800][3129.944s] GC(1255) Using 8 workers of 8 for evacuation
[2024-03-24T20:45:35.920+0800][3129.946s] GC(1255)   Pre Evacuate Collection Set: 0.3ms
[2024-03-24T20:45:35.920+0800][3129.946s] GC(1255)   Merge Heap Roots: 0.1ms
[2024-03-24T20:45:35.920+0800][3129.946s] GC(1255)   Evacuate Collection Set: 1.3ms
[2024-03-24T20:45:35.920+0800][3129.946s] GC(1255)   Post Evacuate Collection Set: 0.6ms
[2024-03-24T20:45:35.920+0800][3129.946s] GC(1255)   Other: 0.1ms
[2024-03-24T20:45:35.920+0800][3129.946s] GC(1255) Eden regions: 305->0(305)
[2024-03-24T20:45:35.920+0800][3129.946s] GC(1255) Survivor regions: 2->2(39)
[2024-03-24T20:45:35.920+0800][3129.946s] GC(1255) Old regions: 62->62
[2024-03-24T20:45:35.920+0800][3129.946s] GC(1255) Humongous regions: 4->4
[2024-03-24T20:45:35.920+0800][3129.946s] GC(1255) Metaspace: 66040K(66688K)->66040K(66688K) NonClass: 58627K(58944K)->58627K(58944K) Class: 7413K(7744K)->7413K(7744K)
[2024-03-24T20:45:35.920+0800][3129.946s] GC(1255) Pause Young (Normal) (G1 Evacuation Pause) 371M->66M(512M) 2.840ms
[2024-03-24T20:45:35.920+0800][3129.946s] GC(1255) User=0.00s Sys=0.00s Real=0.00s
[2024-03-24T20:45:37.745+0800][3131.772s] GC(1256) Pause Young (Normal) (G1 Evacuation Pause)
[2024-03-24T20:45:37.745+0800][3131.774s] GC(1256) Using 8 workers of 8 for evacuation
[2024-03-24T20:45:37.755+0800][3131.777s] GC(1256)   Pre Evacuate Collection Set: 0.5ms
[2024-03-24T20:45:37.755+0800][3131.777s] GC(1256)   Merge Heap Roots: 0.2ms
[2024-03-24T20:45:37.755+0800][3131.777s] GC(1256)   Evacuate Collection Set: 2.1ms
[2024-03-24T20:45:37.755+0800][3131.777s] GC(1256)   Post Evacuate Collection Set: 0.7ms
[2024-03-24T20:45:37.755+0800][3131.777s] GC(1256)   Other: 0.1ms
[2024-03-24T20:45:37.755+0800][3131.777s] GC(1256) Eden regions: 305->0(305)
[2024-03-24T20:45:37.755+0800][3131.777s] GC(1256) Survivor regions: 2->2(39)
[2024-03-24T20:45:37.755+0800][3131.777s] GC(1256) Old regions: 62->62
[2024-03-24T20:45:37.755+0800][3131.777s] GC(1256) Humongous regions: 4->4
[2024-03-24T20:45:37.755+0800][3131.777s] GC(1256) Metaspace: 66040K(66688K)->66040K(66688K) NonClass: 58627K(58944K)->58627K(58944K) Class: 7413K(7744K)->7413K(7744K)
[2024-03-24T20:45:37.755+0800][3131.778s] GC(1256) Pause Young (Normal) (G1 Evacuation Pause) 371M->66M(512M) 5.178ms
[2024-03-24T20:45:37.755+0800][3131.778s] GC(1256) User=0.00s Sys=0.00s Real=0.01s
[2024-03-24T20:45:39.484+0800][3133.507s] GC(1257) Pause Young (Normal) (G1 Evacuation Pause)
[2024-03-24T20:45:39.484+0800][3133.507s] GC(1257) Using 8 workers of 8 for evacuation
[2024-03-24T20:45:39.486+0800][3133.510s] GC(1257)   Pre Evacuate Collection Set: 0.4ms
[2024-03-24T20:45:39.486+0800][3133.510s] GC(1257)   Merge Heap Roots: 0.2ms
[2024-03-24T20:45:39.486+0800][3133.510s] GC(1257)   Evacuate Collection Set: 1.7ms
[2024-03-24T20:45:39.486+0800][3133.510s] GC(1257)   Post Evacuate Collection Set: 0.5ms
[2024-03-24T20:45:39.486+0800][3133.510s] GC(1257)   Other: 0.1ms
[2024-03-24T20:45:39.486+0800][3133.510s] GC(1257) Eden regions: 305->0(305)
[2024-03-24T20:45:39.486+0800][3133.510s] GC(1257) Survivor regions: 2->2(39)
[2024-03-24T20:45:39.486+0800][3133.510s] GC(1257) Old regions: 62->62
[2024-03-24T20:45:39.486+0800][3133.510s] GC(1257) Humongous regions: 4->4
[2024-03-24T20:45:39.486+0800][3133.510s] GC(1257) Metaspace: 66040K(66688K)->66040K(66688K) NonClass: 58627K(58944K)->58627K(58944K) Class: 7413K(7744K)->7413K(7744K)
[2024-03-24T20:45:39.486+0800][3133.510s] GC(1257) Pause Young (Normal) (G1 Evacuation Pause) 371M->66M(512M) 3.268ms
[2024-03-24T20:45:39.486+0800][3133.510s] GC(1257) User=0.00s Sys=0.00s Real=0.00s
[2024-03-24T20:45:41.252+0800][3135.276s] GC(1258) Pause Young (Normal) (G1 Evacuation Pause)
[2024-03-24T20:45:41.252+0800][3135.276s] GC(1258) Using 8 workers of 8 for evacuation
[2024-03-24T20:45:41.254+0800][3135.280s] GC(1258)   Pre Evacuate Collection Set: 0.3ms
[2024-03-24T20:45:41.254+0800][3135.280s] GC(1258)   Merge Heap Roots: 0.2ms
[2024-03-24T20:45:41.254+0800][3135.280s] GC(1258)   Evacuate Collection Set: 2.0ms
[2024-03-24T20:45:41.254+0800][3135.280s] GC(1258)   Post Evacuate Collection Set: 1.0ms
[2024-03-24T20:45:41.254+0800][3135.280s] GC(1258)   Other: 0.1ms
[2024-03-24T20:45:41.254+0800][3135.280s] GC(1258) Eden regions: 305->0(305)
[2024-03-24T20:45:41.254+0800][3135.280s] GC(1258) Survivor regions: 2->2(39)
[2024-03-24T20:45:41.254+0800][3135.280s] GC(1258) Old regions: 62->62
[2024-03-24T20:45:41.254+0800][3135.280s] GC(1258) Humongous regions: 4->4
[2024-03-24T20:45:41.254+0800][3135.280s] GC(1258) Metaspace: 66040K(66688K)->66040K(66688K) NonClass: 58627K(58944K)->58627K(58944K) Class: 7413K(7744K)->7413K(7744K)
[2024-03-24T20:45:41.254+0800][3135.280s] GC(1258) Pause Young (Normal) (G1 Evacuation Pause) 371M->66M(512M) 4.264ms
[2024-03-24T20:45:41.254+0800][3135.280s] GC(1258) User=0.00s Sys=0.00s Real=0.00s
[2024-03-24T20:45:43.005+0800][3137.037s] GC(1259) Pause Young (Normal) (G1 Evacuation Pause)
[2024-03-24T20:45:43.005+0800][3137.038s] GC(1259) Using 8 workers of 8 for evacuation
[2024-03-24T20:45:43.019+0800][3137.041s] GC(1259)   Pre Evacuate Collection Set: 0.3ms
[2024-03-24T20:45:43.019+0800][3137.041s] GC(1259)   Merge Heap Roots: 0.1ms
[2024-03-24T20:45:43.019+0800][3137.041s] GC(1259)   Evacuate Collection Set: 2.3ms
[2024-03-24T20:45:43.019+0800][3137.041s] GC(1259)   Post Evacuate Collection Set: 0.7ms
[2024-03-24T20:45:43.019+0800][3137.041s] GC(1259)   Other: 0.1ms
[2024-03-24T20:45:43.019+0800][3137.041s] GC(1259) Eden regions: 305->0(305)
[2024-03-24T20:45:43.019+0800][3137.041s] GC(1259) Survivor regions: 2->2(39)
[2024-03-24T20:45:43.019+0800][3137.041s] GC(1259) Old regions: 62->62
[2024-03-24T20:45:43.019+0800][3137.041s] GC(1259) Humongous regions: 4->4
[2024-03-24T20:45:43.019+0800][3137.041s] GC(1259) Metaspace: 66040K(66688K)->66040K(66688K) NonClass: 58627K(58944K)->58627K(58944K) Class: 7413K(7744K)->7413K(7744K)
[2024-03-24T20:45:43.019+0800][3137.041s] GC(1259) Pause Young (Normal) (G1 Evacuation Pause) 371M->66M(512M) 3.934ms
[2024-03-24T20:45:43.019+0800][3137.041s] GC(1259) User=0.00s Sys=0.00s Real=0.01s
[2024-03-24T20:45:44.802+0800][3138.826s] GC(1260) Pause Young (Normal) (G1 Evacuation Pause)
[2024-03-24T20:45:44.802+0800][3138.826s] GC(1260) Using 8 workers of 8 for evacuation
[2024-03-24T20:45:44.802+0800][3138.830s] GC(1260)   Pre Evacuate Collection Set: 0.7ms
[2024-03-24T20:45:44.802+0800][3138.830s] GC(1260)   Merge Heap Roots: 0.2ms
[2024-03-24T20:45:44.802+0800][3138.830s] GC(1260)   Evacuate Collection Set: 1.4ms
[2024-03-24T20:45:44.802+0800][3138.830s] GC(1260)   Post Evacuate Collection Set: 1.2ms
[2024-03-24T20:45:44.802+0800][3138.830s] GC(1260)   Other: 0.4ms
[2024-03-24T20:45:44.802+0800][3138.830s] GC(1260) Eden regions: 305->0(305)
[2024-03-24T20:45:44.802+0800][3138.830s] GC(1260) Survivor regions: 2->2(39)
[2024-03-24T20:45:44.802+0800][3138.830s] GC(1260) Old regions: 62->62
[2024-03-24T20:45:44.802+0800][3138.830s] GC(1260) Humongous regions: 4->4
[2024-03-24T20:45:44.802+0800][3138.830s] GC(1260) Metaspace: 66040K(66688K)->66040K(66688K) NonClass: 58627K(58944K)->58627K(58944K) Class: 7413K(7744K)->7413K(7744K)
[2024-03-24T20:45:44.802+0800][3138.830s] GC(1260) Pause Young (Normal) (G1 Evacuation Pause) 371M->66M(512M) 4.568ms
[2024-03-24T20:45:44.802+0800][3138.830s] GC(1260) User=0.00s Sys=0.00s Real=0.00s
[2024-03-24T20:45:46.500+0800][3140.523s] GC(1261) Pause Young (Normal) (G1 Evacuation Pause)
[2024-03-24T20:45:46.500+0800][3140.524s] GC(1261) Using 8 workers of 8 for evacuation
[2024-03-24T20:45:46.502+0800][3140.528s] GC(1261)   Pre Evacuate Collection Set: 0.4ms
[2024-03-24T20:45:46.502+0800][3140.528s] GC(1261)   Merge Heap Roots: 0.2ms
[2024-03-24T20:45:46.502+0800][3140.528s] GC(1261)   Evacuate Collection Set: 2.2ms
[2024-03-24T20:45:46.502+0800][3140.528s] GC(1261)   Post Evacuate Collection Set: 1.1ms
[2024-03-24T20:45:46.502+0800][3140.528s] GC(1261)   Other: 0.2ms
[2024-03-24T20:45:46.502+0800][3140.528s] GC(1261) Eden regions: 305->0(305)
[2024-03-24T20:45:46.502+0800][3140.528s] GC(1261) Survivor regions: 2->2(39)
[2024-03-24T20:45:46.502+0800][3140.528s] GC(1261) Old regions: 62->62
[2024-03-24T20:45:46.502+0800][3140.528s] GC(1261) Humongous regions: 4->4
[2024-03-24T20:45:46.502+0800][3140.528s] GC(1261) Metaspace: 66040K(66688K)->66040K(66688K) NonClass: 58627K(58944K)->58627K(58944K) Class: 7413K(7744K)->7413K(7744K)
[2024-03-24T20:45:46.502+0800][3140.528s] GC(1261) Pause Young (Normal) (G1 Evacuation Pause) 371M->66M(512M) 4.612ms
[2024-03-24T20:45:46.502+0800][3140.528s] GC(1261) User=0.00s Sys=0.00s Real=0.00s
[2024-03-24T20:45:48.266+0800][3142.292s] GC(1262) Pause Young (Normal) (G1 Evacuation Pause)
[2024-03-24T20:45:48.266+0800][3142.292s] GC(1262) Using 8 workers of 8 for evacuation
[2024-03-24T20:45:48.266+0800][3142.297s] GC(1262)   Pre Evacuate Collection Set: 0.3ms
[2024-03-24T20:45:48.266+0800][3142.297s] GC(1262)   Merge Heap Roots: 0.2ms
[2024-03-24T20:45:48.266+0800][3142.297s] GC(1262)   Evacuate Collection Set: 2.9ms
[2024-03-24T20:45:48.266+0800][3142.297s] GC(1262)   Post Evacuate Collection Set: 0.8ms
[2024-03-24T20:45:48.266+0800][3142.297s] GC(1262)   Other: 0.1ms
[2024-03-24T20:45:48.266+0800][3142.297s] GC(1262) Eden regions: 305->0(305)
[2024-03-24T20:45:48.266+0800][3142.297s] GC(1262) Survivor regions: 2->2(39)
[2024-03-24T20:45:48.266+0800][3142.297s] GC(1262) Old regions: 62->62
[2024-03-24T20:45:48.266+0800][3142.297s] GC(1262) Humongous regions: 4->4
[2024-03-24T20:45:48.266+0800][3142.297s] GC(1262) Metaspace: 66040K(66688K)->66040K(66688K) NonClass: 58627K(58944K)->58627K(58944K) Class: 7413K(7744K)->7413K(7744K)
[2024-03-24T20:45:48.266+0800][3142.297s] GC(1262) Pause Young (Normal) (G1 Evacuation Pause) 371M->66M(512M) 4.888ms
[2024-03-24T20:45:48.266+0800][3142.297s] GC(1262) User=0.00s Sys=0.00s Real=0.00s
[2024-03-24T20:45:50.138+0800][3144.161s] GC(1263) Pause Young (Normal) (G1 Evacuation Pause)
[2024-03-24T20:45:50.138+0800][3144.161s] GC(1263) Using 8 workers of 8 for evacuation
[2024-03-24T20:45:50.143+0800][3144.166s] GC(1263)   Pre Evacuate Collection Set: 0.3ms
[2024-03-24T20:45:50.143+0800][3144.166s] GC(1263)   Merge Heap Roots: 0.1ms
[2024-03-24T20:45:50.143+0800][3144.166s] GC(1263)   Evacuate Collection Set: 3.1ms
[2024-03-24T20:45:50.143+0800][3144.166s] GC(1263)   Post Evacuate Collection Set: 1.1ms
[2024-03-24T20:45:50.143+0800][3144.166s] GC(1263)   Other: 0.1ms
[2024-03-24T20:45:50.143+0800][3144.166s] GC(1263) Eden regions: 305->0(305)
[2024-03-24T20:45:50.143+0800][3144.166s] GC(1263) Survivor regions: 2->2(39)
[2024-03-24T20:45:50.143+0800][3144.166s] GC(1263) Old regions: 62->62
[2024-03-24T20:45:50.143+0800][3144.166s] GC(1263) Humongous regions: 4->4
[2024-03-24T20:45:50.143+0800][3144.166s] GC(1263) Metaspace: 66040K(66688K)->66040K(66688K) NonClass: 58627K(58944K)->58627K(58944K) Class: 7413K(7744K)->7413K(7744K)
[2024-03-24T20:45:50.143+0800][3144.166s] GC(1263) Pause Young (Normal) (G1 Evacuation Pause) 371M->66M(512M) 5.250ms
[2024-03-24T20:45:50.143+0800][3144.166s] GC(1263) User=0.00s Sys=0.00s Real=0.00s
[2024-03-24T20:45:51.932+0800][3145.958s] GC(1264) Pause Young (Normal) (G1 Evacuation Pause)
[2024-03-24T20:45:51.932+0800][3145.958s] GC(1264) Using 8 workers of 8 for evacuation
[2024-03-24T20:45:51.939+0800][3145.963s] GC(1264)   Pre Evacuate Collection Set: 0.2ms
[2024-03-24T20:45:51.939+0800][3145.963s] GC(1264)   Merge Heap Roots: 0.1ms
[2024-03-24T20:45:51.939+0800][3145.963s] GC(1264)   Evacuate Collection Set: 3.4ms
[2024-03-24T20:45:51.939+0800][3145.963s] GC(1264)   Post Evacuate Collection Set: 0.8ms
[2024-03-24T20:45:51.939+0800][3145.963s] GC(1264)   Other: 0.1ms
[2024-03-24T20:45:51.939+0800][3145.963s] GC(1264) Eden regions: 305->0(305)
[2024-03-24T20:45:51.939+0800][3145.963s] GC(1264) Survivor regions: 2->2(39)
[2024-03-24T20:45:51.939+0800][3145.963s] GC(1264) Old regions: 62->62
[2024-03-24T20:45:51.939+0800][3145.963s] GC(1264) Humongous regions: 4->4
[2024-03-24T20:45:51.939+0800][3145.963s] GC(1264) Metaspace: 66040K(66688K)->66040K(66688K) NonClass: 58627K(58944K)->58627K(58944K) Class: 7413K(7744K)->7413K(7744K)
[2024-03-24T20:45:51.939+0800][3145.963s] GC(1264) Pause Young (Normal) (G1 Evacuation Pause) 371M->66M(512M) 5.308ms
[2024-03-24T20:45:51.939+0800][3145.963s] GC(1264) User=0.00s Sys=0.00s Real=0.01s
[2024-03-24T20:45:53.782+0800][3147.806s] GC(1265) Pause Young (Normal) (G1 Evacuation Pause)
[2024-03-24T20:45:53.782+0800][3147.806s] GC(1265) Using 8 workers of 8 for evacuation
[2024-03-24T20:45:53.786+0800][3147.809s] GC(1265)   Pre Evacuate Collection Set: 0.2ms
[2024-03-24T20:45:53.786+0800][3147.809s] GC(1265)   Merge Heap Roots: 0.1ms
[2024-03-24T20:45:53.786+0800][3147.809s] GC(1265)   Evacuate Collection Set: 1.8ms
[2024-03-24T20:45:53.786+0800][3147.809s] GC(1265)   Post Evacuate Collection Set: 0.6ms
[2024-03-24T20:45:53.786+0800][3147.809s] GC(1265)   Other: 0.2ms
[2024-03-24T20:45:53.786+0800][3147.809s] GC(1265) Eden regions: 305->0(305)
[2024-03-24T20:45:53.786+0800][3147.809s] GC(1265) Survivor regions: 2->2(39)
[2024-03-24T20:45:53.786+0800][3147.809s] GC(1265) Old regions: 62->62
[2024-03-24T20:45:53.786+0800][3147.809s] GC(1265) Humongous regions: 4->4
[2024-03-24T20:45:53.786+0800][3147.809s] GC(1265) Metaspace: 66040K(66688K)->66040K(66688K) NonClass: 58627K(58944K)->58627K(58944K) Class: 7413K(7744K)->7413K(7744K)
[2024-03-24T20:45:53.786+0800][3147.810s] GC(1265) Pause Young (Normal) (G1 Evacuation Pause) 371M->66M(512M) 3.396ms
[2024-03-24T20:45:53.786+0800][3147.810s] GC(1265) User=0.00s Sys=0.00s Real=0.00s
[2024-03-24T20:45:55.513+0800][3149.536s] GC(1266) Pause Young (Normal) (G1 Evacuation Pause)
[2024-03-24T20:45:55.513+0800][3149.536s] GC(1266) Using 8 workers of 8 for evacuation
[2024-03-24T20:45:55.517+0800][3149.540s] GC(1266)   Pre Evacuate Collection Set: 0.2ms
[2024-03-24T20:45:55.518+0800][3149.541s] GC(1266)   Merge Heap Roots: 0.1ms
[2024-03-24T20:45:55.518+0800][3149.541s] GC(1266)   Evacuate Collection Set: 2.5ms
[2024-03-24T20:45:55.518+0800][3149.541s] GC(1266)   Post Evacuate Collection Set: 0.8ms
[2024-03-24T20:45:55.518+0800][3149.541s] GC(1266)   Other: 0.3ms
[2024-03-24T20:45:55.518+0800][3149.541s] GC(1266) Eden regions: 305->0(305)
[2024-03-24T20:45:55.518+0800][3149.541s] GC(1266) Survivor regions: 2->2(39)
[2024-03-24T20:45:55.518+0800][3149.541s] GC(1266) Old regions: 62->62
[2024-03-24T20:45:55.518+0800][3149.541s] GC(1266) Humongous regions: 4->4
[2024-03-24T20:45:55.518+0800][3149.541s] GC(1266) Metaspace: 66040K(66688K)->66040K(66688K) NonClass: 58627K(58944K)->58627K(58944K) Class: 7413K(7744K)->7413K(7744K)
[2024-03-24T20:45:55.518+0800][3149.541s] GC(1266) Pause Young (Normal) (G1 Evacuation Pause) 371M->67M(512M) 4.695ms
[2024-03-24T20:45:55.518+0800][3149.541s] GC(1266) User=0.00s Sys=0.00s Real=0.00s
[2024-03-24T20:45:57.425+0800][3151.452s] GC(1267) Pause Young (Normal) (G1 Evacuation Pause)
[2024-03-24T20:45:57.425+0800][3151.452s] GC(1267) Using 8 workers of 8 for evacuation
[2024-03-24T20:45:57.433+0800][3151.456s] GC(1267)   Pre Evacuate Collection Set: 0.3ms
[2024-03-24T20:45:57.433+0800][3151.456s] GC(1267)   Merge Heap Roots: 0.2ms
[2024-03-24T20:45:57.433+0800][3151.456s] GC(1267)   Evacuate Collection Set: 2.7ms
[2024-03-24T20:45:57.433+0800][3151.456s] GC(1267)   Post Evacuate Collection Set: 1.0ms
[2024-03-24T20:45:57.433+0800][3151.457s] GC(1267)   Other: 0.2ms
[2024-03-24T20:45:57.433+0800][3151.457s] GC(1267) Eden regions: 305->0(305)
[2024-03-24T20:45:57.433+0800][3151.457s] GC(1267) Survivor regions: 2->2(39)
[2024-03-24T20:45:57.433+0800][3151.457s] GC(1267) Old regions: 62->62
[2024-03-24T20:45:57.433+0800][3151.457s] GC(1267) Humongous regions: 4->4
[2024-03-24T20:45:57.433+0800][3151.457s] GC(1267) Metaspace: 66040K(66688K)->66040K(66688K) NonClass: 58627K(58944K)->58627K(58944K) Class: 7413K(7744K)->7413K(7744K)
[2024-03-24T20:45:57.433+0800][3151.457s] GC(1267) Pause Young (Normal) (G1 Evacuation Pause) 372M->66M(512M) 5.084ms
[2024-03-24T20:45:57.433+0800][3151.457s] GC(1267) User=0.00s Sys=0.00s Real=0.01s
[2024-03-24T20:45:59.143+0800][3153.166s] GC(1268) Pause Young (Normal) (G1 Evacuation Pause)
[2024-03-24T20:45:59.143+0800][3153.166s] GC(1268) Using 8 workers of 8 for evacuation
[2024-03-24T20:45:59.143+0800][3153.170s] GC(1268)   Pre Evacuate Collection Set: 0.4ms
[2024-03-24T20:45:59.143+0800][3153.170s] GC(1268)   Merge Heap Roots: 0.1ms
[2024-03-24T20:45:59.143+0800][3153.170s] GC(1268)   Evacuate Collection Set: 2.3ms
[2024-03-24T20:45:59.143+0800][3153.170s] GC(1268)   Post Evacuate Collection Set: 0.8ms
[2024-03-24T20:45:59.143+0800][3153.170s] GC(1268)   Other: 0.1ms
[2024-03-24T20:45:59.143+0800][3153.170s] GC(1268) Eden regions: 305->0(305)
[2024-03-24T20:45:59.143+0800][3153.170s] GC(1268) Survivor regions: 2->2(39)
[2024-03-24T20:45:59.143+0800][3153.170s] GC(1268) Old regions: 62->62
[2024-03-24T20:45:59.143+0800][3153.170s] GC(1268) Humongous regions: 4->4
[2024-03-24T20:45:59.143+0800][3153.170s] GC(1268) Metaspace: 66040K(66688K)->66040K(66688K) NonClass: 58627K(58944K)->58627K(58944K) Class: 7413K(7744K)->7413K(7744K)
[2024-03-24T20:45:59.143+0800][3153.170s] GC(1268) Pause Young (Normal) (G1 Evacuation Pause) 371M->66M(512M) 4.388ms
[2024-03-24T20:45:59.143+0800][3153.171s] GC(1268) User=0.00s Sys=0.00s Real=0.00s
[2024-03-24T20:46:00.941+0800][3154.964s] GC(1269) Pause Young (Normal) (G1 Evacuation Pause)
[2024-03-24T20:46:00.941+0800][3154.964s] GC(1269) Using 8 workers of 8 for evacuation
[2024-03-24T20:46:00.944+0800][3154.967s] GC(1269)   Pre Evacuate Collection Set: 0.4ms
[2024-03-24T20:46:00.944+0800][3154.967s] GC(1269)   Merge Heap Roots: 0.2ms
[2024-03-24T20:46:00.944+0800][3154.968s] GC(1269)   Evacuate Collection Set: 1.6ms
[2024-03-24T20:46:00.944+0800][3154.968s] GC(1269)   Post Evacuate Collection Set: 0.6ms
[2024-03-24T20:46:00.944+0800][3154.968s] GC(1269)   Other: 0.1ms
[2024-03-24T20:46:00.944+0800][3154.968s] GC(1269) Eden regions: 305->0(305)
[2024-03-24T20:46:00.944+0800][3154.968s] GC(1269) Survivor regions: 2->2(39)
[2024-03-24T20:46:00.944+0800][3154.968s] GC(1269) Old regions: 62->62
[2024-03-24T20:46:00.944+0800][3154.968s] GC(1269) Humongous regions: 4->4
[2024-03-24T20:46:00.944+0800][3154.968s] GC(1269) Metaspace: 66040K(66688K)->66040K(66688K) NonClass: 58627K(58944K)->58627K(58944K) Class: 7413K(7744K)->7413K(7744K)
[2024-03-24T20:46:00.944+0800][3154.968s] GC(1269) Pause Young (Normal) (G1 Evacuation Pause) 371M->66M(512M) 3.344ms
[2024-03-24T20:46:00.944+0800][3154.968s] GC(1269) User=0.00s Sys=0.00s Real=0.00s
[2024-03-24T20:46:02.811+0800][3156.834s] GC(1270) Pause Young (Normal) (G1 Evacuation Pause)
[2024-03-24T20:46:02.811+0800][3156.834s] GC(1270) Using 8 workers of 8 for evacuation
[2024-03-24T20:46:02.814+0800][3156.837s] GC(1270)   Pre Evacuate Collection Set: 0.3ms
[2024-03-24T20:46:02.814+0800][3156.837s] GC(1270)   Merge Heap Roots: 0.1ms
[2024-03-24T20:46:02.814+0800][3156.838s] GC(1270)   Evacuate Collection Set: 1.9ms
[2024-03-24T20:46:02.814+0800][3156.838s] GC(1270)   Post Evacuate Collection Set: 0.9ms
[2024-03-24T20:46:02.814+0800][3156.838s] GC(1270)   Other: 0.1ms
[2024-03-24T20:46:02.814+0800][3156.838s] GC(1270) Eden regions: 305->0(305)
[2024-03-24T20:46:02.814+0800][3156.838s] GC(1270) Survivor regions: 2->2(39)
[2024-03-24T20:46:02.814+0800][3156.838s] GC(1270) Old regions: 62->62
[2024-03-24T20:46:02.814+0800][3156.838s] GC(1270) Humongous regions: 4->4
[2024-03-24T20:46:02.815+0800][3156.838s] GC(1270) Metaspace: 66040K(66688K)->66040K(66688K) NonClass: 58627K(58944K)->58627K(58944K) Class: 7413K(7744K)->7413K(7744K)
[2024-03-24T20:46:02.815+0800][3156.838s] GC(1270) Pause Young (Normal) (G1 Evacuation Pause) 371M->66M(512M) 3.741ms
[2024-03-24T20:46:02.815+0800][3156.838s] GC(1270) User=0.00s Sys=0.00s Real=0.00s
[2024-03-24T20:46:04.499+0800][3158.522s] GC(1271) Pause Young (Normal) (G1 Evacuation Pause)
[2024-03-24T20:46:04.499+0800][3158.522s] GC(1271) Using 8 workers of 8 for evacuation
[2024-03-24T20:46:04.503+0800][3158.526s] GC(1271)   Pre Evacuate Collection Set: 0.3ms
[2024-03-24T20:46:04.503+0800][3158.526s] GC(1271)   Merge Heap Roots: 0.1ms
[2024-03-24T20:46:04.503+0800][3158.526s] GC(1271)   Evacuate Collection Set: 2.2ms
[2024-03-24T20:46:04.503+0800][3158.526s] GC(1271)   Post Evacuate Collection Set: 0.9ms
[2024-03-24T20:46:04.503+0800][3158.526s] GC(1271)   Other: 0.2ms
[2024-03-24T20:46:04.503+0800][3158.526s] GC(1271) Eden regions: 305->0(305)
[2024-03-24T20:46:04.503+0800][3158.526s] GC(1271) Survivor regions: 2->2(39)
[2024-03-24T20:46:04.503+0800][3158.526s] GC(1271) Old regions: 62->62
[2024-03-24T20:46:04.503+0800][3158.526s] GC(1271) Humongous regions: 4->4
[2024-03-24T20:46:04.503+0800][3158.526s] GC(1271) Metaspace: 66040K(66688K)->66040K(66688K) NonClass: 58627K(58944K)->58627K(58944K) Class: 7413K(7744K)->7413K(7744K)
[2024-03-24T20:46:04.503+0800][3158.526s] GC(1271) Pause Young (Normal) (G1 Evacuation Pause) 371M->67M(512M) 4.392ms
[2024-03-24T20:46:04.503+0800][3158.526s] GC(1271) User=0.00s Sys=0.00s Real=0.00s
[2024-03-24T20:46:06.065+0800][3160.092s] GC(1272) Pause Young (Normal) (G1 Evacuation Pause)
[2024-03-24T20:46:06.065+0800][3160.092s] GC(1272) Using 8 workers of 8 for evacuation
[2024-03-24T20:46:06.071+0800][3160.096s] GC(1272)   Pre Evacuate Collection Set: 0.3ms
[2024-03-24T20:46:06.071+0800][3160.096s] GC(1272)   Merge Heap Roots: 0.1ms
[2024-03-24T20:46:06.071+0800][3160.096s] GC(1272)   Evacuate Collection Set: 2.3ms
[2024-03-24T20:46:06.071+0800][3160.096s] GC(1272)   Post Evacuate Collection Set: 0.5ms
[2024-03-24T20:46:06.071+0800][3160.096s] GC(1272)   Other: 0.1ms
[2024-03-24T20:46:06.073+0800][3160.096s] GC(1272) Eden regions: 305->0(305)
[2024-03-24T20:46:06.073+0800][3160.096s] GC(1272) Survivor regions: 2->2(39)
[2024-03-24T20:46:06.073+0800][3160.096s] GC(1272) Old regions: 62->62
[2024-03-24T20:46:06.073+0800][3160.096s] GC(1272) Humongous regions: 4->4
[2024-03-24T20:46:06.073+0800][3160.096s] GC(1272) Metaspace: 66040K(66688K)->66040K(66688K) NonClass: 58627K(58944K)->58627K(58944K) Class: 7413K(7744K)->7413K(7744K)
[2024-03-24T20:46:06.073+0800][3160.096s] GC(1272) Pause Young (Normal) (G1 Evacuation Pause) 372M->67M(512M) 3.969ms
[2024-03-24T20:46:06.073+0800][3160.096s] GC(1272) User=0.00s Sys=0.00s Real=0.01s
[2024-03-24T20:46:07.752+0800][3161.777s] GC(1273) Pause Young (Normal) (G1 Evacuation Pause)
[2024-03-24T20:46:07.752+0800][3161.778s] GC(1273) Using 8 workers of 8 for evacuation
[2024-03-24T20:46:07.752+0800][3161.781s] GC(1273)   Pre Evacuate Collection Set: 0.3ms
[2024-03-24T20:46:07.752+0800][3161.781s] GC(1273)   Merge Heap Roots: 0.1ms
[2024-03-24T20:46:07.752+0800][3161.781s] GC(1273)   Evacuate Collection Set: 1.9ms
[2024-03-24T20:46:07.752+0800][3161.781s] GC(1273)   Post Evacuate Collection Set: 0.6ms
[2024-03-24T20:46:07.752+0800][3161.781s] GC(1273)   Other: 0.2ms
[2024-03-24T20:46:07.752+0800][3161.781s] GC(1273) Eden regions: 305->0(305)
[2024-03-24T20:46:07.752+0800][3161.781s] GC(1273) Survivor regions: 2->2(39)
[2024-03-24T20:46:07.752+0800][3161.781s] GC(1273) Old regions: 62->62
[2024-03-24T20:46:07.752+0800][3161.781s] GC(1273) Humongous regions: 4->4
[2024-03-24T20:46:07.752+0800][3161.781s] GC(1273) Metaspace: 66040K(66688K)->66040K(66688K) NonClass: 58627K(58944K)->58627K(58944K) Class: 7413K(7744K)->7413K(7744K)
[2024-03-24T20:46:07.758+0800][3161.781s] GC(1273) Pause Young (Normal) (G1 Evacuation Pause) 372M->67M(512M) 3.613ms
[2024-03-24T20:46:07.758+0800][3161.781s] GC(1273) User=0.00s Sys=0.00s Real=0.01s
[2024-03-24T20:46:09.544+0800][3163.568s] GC(1274) Pause Young (Normal) (G1 Evacuation Pause)
[2024-03-24T20:46:09.544+0800][3163.568s] GC(1274) Using 8 workers of 8 for evacuation
[2024-03-24T20:46:09.548+0800][3163.571s] GC(1274)   Pre Evacuate Collection Set: 0.4ms
[2024-03-24T20:46:09.548+0800][3163.571s] GC(1274)   Merge Heap Roots: 0.2ms
[2024-03-24T20:46:09.548+0800][3163.571s] GC(1274)   Evacuate Collection Set: 1.5ms
[2024-03-24T20:46:09.548+0800][3163.571s] GC(1274)   Post Evacuate Collection Set: 0.8ms
[2024-03-24T20:46:09.548+0800][3163.571s] GC(1274)   Other: 0.1ms
[2024-03-24T20:46:09.548+0800][3163.571s] GC(1274) Eden regions: 305->0(305)
[2024-03-24T20:46:09.548+0800][3163.571s] GC(1274) Survivor regions: 2->2(39)
[2024-03-24T20:46:09.548+0800][3163.571s] GC(1274) Old regions: 62->62
[2024-03-24T20:46:09.548+0800][3163.571s] GC(1274) Humongous regions: 4->4
[2024-03-24T20:46:09.548+0800][3163.571s] GC(1274) Metaspace: 66040K(66688K)->66040K(66688K) NonClass: 58627K(58944K)->58627K(58944K) Class: 7413K(7744K)->7413K(7744K)
[2024-03-24T20:46:09.548+0800][3163.571s] GC(1274) Pause Young (Normal) (G1 Evacuation Pause) 372M->67M(512M) 3.425ms
[2024-03-24T20:46:09.548+0800][3163.571s] GC(1274) User=0.00s Sys=0.00s Real=0.00s
[2024-03-24T20:46:11.313+0800][3165.340s] GC(1275) Pause Young (Normal) (G1 Evacuation Pause)
[2024-03-24T20:46:11.313+0800][3165.340s] GC(1275) Using 8 workers of 8 for evacuation
[2024-03-24T20:46:11.319+0800][3165.343s] GC(1275)   Pre Evacuate Collection Set: 0.3ms
[2024-03-24T20:46:11.319+0800][3165.343s] GC(1275)   Merge Heap Roots: 0.2ms
[2024-03-24T20:46:11.319+0800][3165.343s] GC(1275)   Evacuate Collection Set: 1.5ms
[2024-03-24T20:46:11.319+0800][3165.343s] GC(1275)   Post Evacuate Collection Set: 0.8ms
[2024-03-24T20:46:11.319+0800][3165.343s] GC(1275)   Other: 0.1ms
[2024-03-24T20:46:11.319+0800][3165.343s] GC(1275) Eden regions: 305->0(305)
[2024-03-24T20:46:11.319+0800][3165.343s] GC(1275) Survivor regions: 2->2(39)
[2024-03-24T20:46:11.319+0800][3165.343s] GC(1275) Old regions: 62->62
[2024-03-24T20:46:11.319+0800][3165.343s] GC(1275) Humongous regions: 4->4
[2024-03-24T20:46:11.319+0800][3165.343s] GC(1275) Metaspace: 66040K(66688K)->66040K(66688K) NonClass: 58627K(58944K)->58627K(58944K) Class: 7413K(7744K)->7413K(7744K)
[2024-03-24T20:46:11.319+0800][3165.344s] GC(1275) Pause Young (Normal) (G1 Evacuation Pause) 372M->66M(512M) 3.380ms
[2024-03-24T20:46:11.319+0800][3165.344s] GC(1275) User=0.00s Sys=0.00s Real=0.01s
[2024-03-24T20:46:13.008+0800][3167.033s] GC(1276) Pause Young (Normal) (G1 Evacuation Pause)
[2024-03-24T20:46:13.008+0800][3167.033s] GC(1276) Using 8 workers of 8 for evacuation
[2024-03-24T20:46:13.008+0800][3167.035s] GC(1276)   Pre Evacuate Collection Set: 0.2ms
[2024-03-24T20:46:13.008+0800][3167.036s] GC(1276)   Merge Heap Roots: 0.1ms
[2024-03-24T20:46:13.008+0800][3167.036s] GC(1276)   Evacuate Collection Set: 1.6ms
[2024-03-24T20:46:13.008+0800][3167.036s] GC(1276)   Post Evacuate Collection Set: 0.8ms
[2024-03-24T20:46:13.008+0800][3167.036s] GC(1276)   Other: 0.1ms
[2024-03-24T20:46:13.008+0800][3167.036s] GC(1276) Eden regions: 305->0(305)
[2024-03-24T20:46:13.008+0800][3167.036s] GC(1276) Survivor regions: 2->2(39)
[2024-03-24T20:46:13.008+0800][3167.036s] GC(1276) Old regions: 62->62
[2024-03-24T20:46:13.008+0800][3167.036s] GC(1276) Humongous regions: 4->4
[2024-03-24T20:46:13.008+0800][3167.036s] GC(1276) Metaspace: 66040K(66688K)->66040K(66688K) NonClass: 58627K(58944K)->58627K(58944K) Class: 7413K(7744K)->7413K(7744K)
[2024-03-24T20:46:13.008+0800][3167.036s] GC(1276) Pause Young (Normal) (G1 Evacuation Pause) 371M->66M(512M) 3.055ms
[2024-03-24T20:46:13.008+0800][3167.036s] GC(1276) User=0.00s Sys=0.00s Real=0.00s
[2024-03-24T20:46:14.841+0800][3168.865s] GC(1277) Pause Young (Normal) (G1 Evacuation Pause)
[2024-03-24T20:46:14.842+0800][3168.865s] GC(1277) Using 8 workers of 8 for evacuation
[2024-03-24T20:46:14.845+0800][3168.868s] GC(1277)   Pre Evacuate Collection Set: 0.4ms
[2024-03-24T20:46:14.845+0800][3168.868s] GC(1277)   Merge Heap Roots: 0.2ms
[2024-03-24T20:46:14.845+0800][3168.868s] GC(1277)   Evacuate Collection Set: 1.9ms
[2024-03-24T20:46:14.845+0800][3168.868s] GC(1277)   Post Evacuate Collection Set: 0.7ms
[2024-03-24T20:46:14.845+0800][3168.868s] GC(1277)   Other: 0.2ms
[2024-03-24T20:46:14.845+0800][3168.868s] GC(1277) Eden regions: 305->0(305)
[2024-03-24T20:46:14.845+0800][3168.868s] GC(1277) Survivor regions: 2->2(39)
[2024-03-24T20:46:14.845+0800][3168.868s] GC(1277) Old regions: 62->62
[2024-03-24T20:46:14.845+0800][3168.869s] GC(1277) Humongous regions: 4->4
[2024-03-24T20:46:14.845+0800][3168.869s] GC(1277) Metaspace: 66040K(66688K)->66040K(66688K) NonClass: 58627K(58944K)->58627K(58944K) Class: 7413K(7744K)->7413K(7744K)
[2024-03-24T20:46:14.845+0800][3168.869s] GC(1277) Pause Young (Normal) (G1 Evacuation Pause) 371M->67M(512M) 4.129ms
[2024-03-24T20:46:14.846+0800][3168.869s] GC(1277) User=0.00s Sys=0.00s Real=0.00s
[2024-03-24T20:46:16.507+0800][3170.532s] GC(1278) Pause Young (Normal) (G1 Evacuation Pause)
[2024-03-24T20:46:16.507+0800][3170.532s] GC(1278) Using 8 workers of 8 for evacuation
[2024-03-24T20:46:16.512+0800][3170.535s] GC(1278)   Pre Evacuate Collection Set: 0.3ms
[2024-03-24T20:46:16.513+0800][3170.535s] GC(1278)   Merge Heap Roots: 0.2ms
[2024-03-24T20:46:16.513+0800][3170.535s] GC(1278)   Evacuate Collection Set: 1.7ms
[2024-03-24T20:46:16.513+0800][3170.535s] GC(1278)   Post Evacuate Collection Set: 0.6ms
[2024-03-24T20:46:16.513+0800][3170.535s] GC(1278)   Other: 0.2ms
[2024-03-24T20:46:16.513+0800][3170.535s] GC(1278) Eden regions: 305->0(305)
[2024-03-24T20:46:16.513+0800][3170.535s] GC(1278) Survivor regions: 2->2(39)
[2024-03-24T20:46:16.513+0800][3170.535s] GC(1278) Old regions: 62->62
[2024-03-24T20:46:16.513+0800][3170.536s] GC(1278) Humongous regions: 4->4
[2024-03-24T20:46:16.513+0800][3170.536s] GC(1278) Metaspace: 66040K(66688K)->66040K(66688K) NonClass: 58627K(58944K)->58627K(58944K) Class: 7413K(7744K)->7413K(7744K)
[2024-03-24T20:46:16.513+0800][3170.536s] GC(1278) Pause Young (Normal) (G1 Evacuation Pause) 372M->66M(512M) 3.468ms
[2024-03-24T20:46:16.513+0800][3170.536s] GC(1278) User=0.02s Sys=0.00s Real=0.01s
[2024-03-24T20:46:18.287+0800][3172.310s] GC(1279) Pause Young (Normal) (G1 Evacuation Pause)
[2024-03-24T20:46:18.287+0800][3172.310s] GC(1279) Using 8 workers of 8 for evacuation
[2024-03-24T20:46:18.290+0800][3172.314s] GC(1279)   Pre Evacuate Collection Set: 0.2ms
[2024-03-24T20:46:18.290+0800][3172.314s] GC(1279)   Merge Heap Roots: 0.1ms
[2024-03-24T20:46:18.290+0800][3172.314s] GC(1279)   Evacuate Collection Set: 2.2ms
[2024-03-24T20:46:18.290+0800][3172.314s] GC(1279)   Post Evacuate Collection Set: 0.8ms
[2024-03-24T20:46:18.290+0800][3172.314s] GC(1279)   Other: 0.1ms
[2024-03-24T20:46:18.290+0800][3172.314s] GC(1279) Eden regions: 305->0(305)
[2024-03-24T20:46:18.290+0800][3172.314s] GC(1279) Survivor regions: 2->2(39)
[2024-03-24T20:46:18.290+0800][3172.314s] GC(1279) Old regions: 62->62
[2024-03-24T20:46:18.290+0800][3172.314s] GC(1279) Humongous regions: 4->4
[2024-03-24T20:46:18.292+0800][3172.314s] GC(1279) Metaspace: 66040K(66688K)->66040K(66688K) NonClass: 58627K(58944K)->58627K(58944K) Class: 7413K(7744K)->7413K(7744K)
[2024-03-24T20:46:18.292+0800][3172.314s] GC(1279) Pause Young (Normal) (G1 Evacuation Pause) 371M->66M(512M) 4.166ms
[2024-03-24T20:46:18.292+0800][3172.314s] GC(1279) User=0.00s Sys=0.00s Real=0.01s
[2024-03-24T20:46:20.036+0800][3174.059s] GC(1280) Pause Young (Normal) (G1 Evacuation Pause)
[2024-03-24T20:46:20.036+0800][3174.059s] GC(1280) Using 8 workers of 8 for evacuation
[2024-03-24T20:46:20.038+0800][3174.062s] GC(1280)   Pre Evacuate Collection Set: 0.2ms
[2024-03-24T20:46:20.038+0800][3174.062s] GC(1280)   Merge Heap Roots: 0.1ms
[2024-03-24T20:46:20.038+0800][3174.062s] GC(1280)   Evacuate Collection Set: 1.8ms
[2024-03-24T20:46:20.038+0800][3174.062s] GC(1280)   Post Evacuate Collection Set: 0.6ms
[2024-03-24T20:46:20.038+0800][3174.062s] GC(1280)   Other: 0.1ms
[2024-03-24T20:46:20.038+0800][3174.062s] GC(1280) Eden regions: 305->0(305)
[2024-03-24T20:46:20.038+0800][3174.062s] GC(1280) Survivor regions: 2->2(39)
[2024-03-24T20:46:20.038+0800][3174.062s] GC(1280) Old regions: 62->62
[2024-03-24T20:46:20.038+0800][3174.062s] GC(1280) Humongous regions: 4->4
[2024-03-24T20:46:20.038+0800][3174.062s] GC(1280) Metaspace: 66040K(66688K)->66040K(66688K) NonClass: 58627K(58944K)->58627K(58944K) Class: 7413K(7744K)->7413K(7744K)
[2024-03-24T20:46:20.040+0800][3174.062s] GC(1280) Pause Young (Normal) (G1 Evacuation Pause) 371M->66M(512M) 3.240ms
[2024-03-24T20:46:20.040+0800][3174.062s] GC(1280) User=0.00s Sys=0.00s Real=0.00s
[2024-03-24T20:46:21.814+0800][3175.843s] GC(1281) Pause Young (Normal) (G1 Evacuation Pause)
[2024-03-24T20:46:21.814+0800][3175.843s] GC(1281) Using 8 workers of 8 for evacuation
[2024-03-24T20:46:21.814+0800][3175.846s] GC(1281)   Pre Evacuate Collection Set: 0.2ms
[2024-03-24T20:46:21.814+0800][3175.846s] GC(1281)   Merge Heap Roots: 0.1ms
[2024-03-24T20:46:21.814+0800][3175.846s] GC(1281)   Evacuate Collection Set: 1.6ms
[2024-03-24T20:46:21.814+0800][3175.846s] GC(1281)   Post Evacuate Collection Set: 0.9ms
[2024-03-24T20:46:21.814+0800][3175.846s] GC(1281)   Other: 0.1ms
[2024-03-24T20:46:21.814+0800][3175.846s] GC(1281) Eden regions: 305->0(305)
[2024-03-24T20:46:21.814+0800][3175.846s] GC(1281) Survivor regions: 2->2(39)
[2024-03-24T20:46:21.814+0800][3175.846s] GC(1281) Old regions: 62->62
[2024-03-24T20:46:21.814+0800][3175.846s] GC(1281) Humongous regions: 4->4
[2024-03-24T20:46:21.814+0800][3175.846s] GC(1281) Metaspace: 66040K(66688K)->66040K(66688K) NonClass: 58627K(58944K)->58627K(58944K) Class: 7413K(7744K)->7413K(7744K)
[2024-03-24T20:46:21.814+0800][3175.846s] GC(1281) Pause Young (Normal) (G1 Evacuation Pause) 371M->67M(512M) 3.485ms
[2024-03-24T20:46:21.814+0800][3175.846s] GC(1281) User=0.00s Sys=0.00s Real=0.00s
[2024-03-24T20:46:23.514+0800][3177.538s] GC(1282) Pause Young (Normal) (G1 Evacuation Pause)
[2024-03-24T20:46:23.514+0800][3177.538s] GC(1282) Using 8 workers of 8 for evacuation
[2024-03-24T20:46:23.518+0800][3177.541s] GC(1282)   Pre Evacuate Collection Set: 0.4ms
[2024-03-24T20:46:23.518+0800][3177.541s] GC(1282)   Merge Heap Roots: 0.2ms
[2024-03-24T20:46:23.518+0800][3177.541s] GC(1282)   Evacuate Collection Set: 1.7ms
[2024-03-24T20:46:23.518+0800][3177.541s] GC(1282)   Post Evacuate Collection Set: 0.6ms
[2024-03-24T20:46:23.518+0800][3177.541s] GC(1282)   Other: 0.1ms
[2024-03-24T20:46:23.518+0800][3177.541s] GC(1282) Eden regions: 305->0(305)
[2024-03-24T20:46:23.518+0800][3177.541s] GC(1282) Survivor regions: 2->2(39)
[2024-03-24T20:46:23.518+0800][3177.541s] GC(1282) Old regions: 62->62
[2024-03-24T20:46:23.518+0800][3177.541s] GC(1282) Humongous regions: 4->4
[2024-03-24T20:46:23.518+0800][3177.541s] GC(1282) Metaspace: 66040K(66688K)->66040K(66688K) NonClass: 58627K(58944K)->58627K(58944K) Class: 7413K(7744K)->7413K(7744K)
[2024-03-24T20:46:23.518+0800][3177.541s] GC(1282) Pause Young (Normal) (G1 Evacuation Pause) 372M->67M(512M) 3.348ms
[2024-03-24T20:46:23.518+0800][3177.541s] GC(1282) User=0.00s Sys=0.00s Real=0.00s
[2024-03-24T20:46:25.351+0800][3179.377s] GC(1283) Pause Young (Normal) (G1 Evacuation Pause)
[2024-03-24T20:46:25.351+0800][3179.377s] GC(1283) Using 8 workers of 8 for evacuation
[2024-03-24T20:46:25.357+0800][3179.379s] GC(1283)   Pre Evacuate Collection Set: 0.2ms
[2024-03-24T20:46:25.357+0800][3179.379s] GC(1283)   Merge Heap Roots: 0.1ms
[2024-03-24T20:46:25.357+0800][3179.379s] GC(1283)   Evacuate Collection Set: 1.4ms
[2024-03-24T20:46:25.357+0800][3179.379s] GC(1283)   Post Evacuate Collection Set: 0.6ms
[2024-03-24T20:46:25.357+0800][3179.379s] GC(1283)   Other: 0.1ms
[2024-03-24T20:46:25.357+0800][3179.379s] GC(1283) Eden regions: 305->0(305)
[2024-03-24T20:46:25.357+0800][3179.379s] GC(1283) Survivor regions: 2->2(39)
[2024-03-24T20:46:25.357+0800][3179.379s] GC(1283) Old regions: 62->62
[2024-03-24T20:46:25.357+0800][3179.379s] GC(1283) Humongous regions: 4->4
[2024-03-24T20:46:25.357+0800][3179.379s] GC(1283) Metaspace: 66040K(66688K)->66040K(66688K) NonClass: 58627K(58944K)->58627K(58944K) Class: 7413K(7744K)->7413K(7744K)
[2024-03-24T20:46:25.357+0800][3179.380s] GC(1283) Pause Young (Normal) (G1 Evacuation Pause) 372M->67M(512M) 2.784ms
[2024-03-24T20:46:25.357+0800][3179.380s] GC(1283) User=0.00s Sys=0.00s Real=0.01s
[2024-03-24T20:46:27.094+0800][3181.118s] GC(1284) Pause Young (Normal) (G1 Evacuation Pause)
[2024-03-24T20:46:27.094+0800][3181.119s] GC(1284) Using 8 workers of 8 for evacuation
[2024-03-24T20:46:27.094+0800][3181.121s] GC(1284)   Pre Evacuate Collection Set: 0.4ms
[2024-03-24T20:46:27.094+0800][3181.121s] GC(1284)   Merge Heap Roots: 0.2ms
[2024-03-24T20:46:27.094+0800][3181.121s] GC(1284)   Evacuate Collection Set: 1.8ms
[2024-03-24T20:46:27.094+0800][3181.121s] GC(1284)   Post Evacuate Collection Set: 0.4ms
[2024-03-24T20:46:27.094+0800][3181.122s] GC(1284)   Other: 0.1ms
[2024-03-24T20:46:27.099+0800][3181.122s] GC(1284) Eden regions: 305->0(305)
[2024-03-24T20:46:27.099+0800][3181.122s] GC(1284) Survivor regions: 2->2(39)
[2024-03-24T20:46:27.099+0800][3181.122s] GC(1284) Old regions: 62->62
[2024-03-24T20:46:27.099+0800][3181.122s] GC(1284) Humongous regions: 4->4
[2024-03-24T20:46:27.099+0800][3181.122s] GC(1284) Metaspace: 66040K(66688K)->66040K(66688K) NonClass: 58627K(58944K)->58627K(58944K) Class: 7413K(7744K)->7413K(7744K)
[2024-03-24T20:46:27.099+0800][3181.122s] GC(1284) Pause Young (Normal) (G1 Evacuation Pause) 372M->67M(512M) 3.250ms
[2024-03-24T20:46:27.099+0800][3181.122s] GC(1284) User=0.00s Sys=0.00s Real=0.00s
[2024-03-24T20:46:28.933+0800][3182.961s] GC(1285) Pause Young (Normal) (G1 Evacuation Pause)
[2024-03-24T20:46:28.933+0800][3182.961s] GC(1285) Using 8 workers of 8 for evacuation
[2024-03-24T20:46:28.941+0800][3182.965s] GC(1285)   Pre Evacuate Collection Set: 0.3ms
[2024-03-24T20:46:28.941+0800][3182.965s] GC(1285)   Merge Heap Roots: 0.2ms
[2024-03-24T20:46:28.941+0800][3182.965s] GC(1285)   Evacuate Collection Set: 2.2ms
[2024-03-24T20:46:28.941+0800][3182.965s] GC(1285)   Post Evacuate Collection Set: 1.0ms
[2024-03-24T20:46:28.941+0800][3182.965s] GC(1285)   Other: 0.1ms
[2024-03-24T20:46:28.941+0800][3182.965s] GC(1285) Eden regions: 305->0(305)
[2024-03-24T20:46:28.941+0800][3182.965s] GC(1285) Survivor regions: 2->2(39)
[2024-03-24T20:46:28.941+0800][3182.965s] GC(1285) Old regions: 62->62
[2024-03-24T20:46:28.941+0800][3182.965s] GC(1285) Humongous regions: 4->4
[2024-03-24T20:46:28.941+0800][3182.966s] GC(1285) Metaspace: 66040K(66688K)->66040K(66688K) NonClass: 58627K(58944K)->58627K(58944K) Class: 7413K(7744K)->7413K(7744K)
[2024-03-24T20:46:28.941+0800][3182.966s] GC(1285) Pause Young (Normal) (G1 Evacuation Pause) 372M->67M(512M) 4.310ms
[2024-03-24T20:46:28.941+0800][3182.966s] GC(1285) User=0.00s Sys=0.00s Real=0.01s
[2024-03-24T20:46:30.808+0800][3184.832s] GC(1286) Pause Young (Normal) (G1 Evacuation Pause)
[2024-03-24T20:46:30.808+0800][3184.832s] GC(1286) Using 8 workers of 8 for evacuation
[2024-03-24T20:46:30.812+0800][3184.835s] GC(1286)   Pre Evacuate Collection Set: 0.3ms
[2024-03-24T20:46:30.812+0800][3184.835s] GC(1286)   Merge Heap Roots: 0.1ms
[2024-03-24T20:46:30.812+0800][3184.835s] GC(1286)   Evacuate Collection Set: 1.8ms
[2024-03-24T20:46:30.812+0800][3184.835s] GC(1286)   Post Evacuate Collection Set: 0.7ms
[2024-03-24T20:46:30.812+0800][3184.835s] GC(1286)   Other: 0.2ms
[2024-03-24T20:46:30.812+0800][3184.835s] GC(1286) Eden regions: 305->0(305)
[2024-03-24T20:46:30.812+0800][3184.835s] GC(1286) Survivor regions: 2->2(39)
[2024-03-24T20:46:30.812+0800][3184.835s] GC(1286) Old regions: 62->62
[2024-03-24T20:46:30.812+0800][3184.835s] GC(1286) Humongous regions: 4->4
[2024-03-24T20:46:30.812+0800][3184.835s] GC(1286) Metaspace: 66040K(66688K)->66040K(66688K) NonClass: 58627K(58944K)->58627K(58944K) Class: 7413K(7744K)->7413K(7744K)
[2024-03-24T20:46:30.812+0800][3184.835s] GC(1286) Pause Young (Normal) (G1 Evacuation Pause) 372M->67M(512M) 3.533ms
[2024-03-24T20:46:30.812+0800][3184.835s] GC(1286) User=0.03s Sys=0.00s Real=0.00s
[2024-03-24T20:46:32.614+0800][3186.637s] GC(1287) Pause Young (Normal) (G1 Evacuation Pause)
[2024-03-24T20:46:32.614+0800][3186.637s] GC(1287) Using 8 workers of 8 for evacuation
[2024-03-24T20:46:32.617+0800][3186.640s] GC(1287)   Pre Evacuate Collection Set: 0.3ms
[2024-03-24T20:46:32.617+0800][3186.640s] GC(1287)   Merge Heap Roots: 0.1ms
[2024-03-24T20:46:32.617+0800][3186.640s] GC(1287)   Evacuate Collection Set: 1.7ms
[2024-03-24T20:46:32.617+0800][3186.640s] GC(1287)   Post Evacuate Collection Set: 0.7ms
[2024-03-24T20:46:32.617+0800][3186.641s] GC(1287)   Other: 0.2ms
[2024-03-24T20:46:32.617+0800][3186.641s] GC(1287) Eden regions: 305->0(305)
[2024-03-24T20:46:32.617+0800][3186.641s] GC(1287) Survivor regions: 2->2(39)
[2024-03-24T20:46:32.617+0800][3186.641s] GC(1287) Old regions: 62->62
[2024-03-24T20:46:32.617+0800][3186.641s] GC(1287) Humongous regions: 4->4
[2024-03-24T20:46:32.617+0800][3186.641s] GC(1287) Metaspace: 66040K(66688K)->66040K(66688K) NonClass: 58627K(58944K)->58627K(58944K) Class: 7413K(7744K)->7413K(7744K)
[2024-03-24T20:46:32.617+0800][3186.641s] GC(1287) Pause Young (Normal) (G1 Evacuation Pause) 372M->67M(512M) 3.307ms
[2024-03-24T20:46:32.617+0800][3186.641s] GC(1287) User=0.00s Sys=0.00s Real=0.00s
[2024-03-24T20:46:34.282+0800][3188.309s] GC(1288) Pause Young (Normal) (G1 Evacuation Pause)
[2024-03-24T20:46:34.282+0800][3188.309s] GC(1288) Using 8 workers of 8 for evacuation
[2024-03-24T20:46:34.282+0800][3188.312s] GC(1288)   Pre Evacuate Collection Set: 0.3ms
[2024-03-24T20:46:34.282+0800][3188.312s] GC(1288)   Merge Heap Roots: 0.2ms
[2024-03-24T20:46:34.282+0800][3188.312s] GC(1288)   Evacuate Collection Set: 1.5ms
[2024-03-24T20:46:34.282+0800][3188.312s] GC(1288)   Post Evacuate Collection Set: 0.9ms
[2024-03-24T20:46:34.282+0800][3188.312s] GC(1288)   Other: 0.1ms
[2024-03-24T20:46:34.282+0800][3188.312s] GC(1288) Eden regions: 305->0(305)
[2024-03-24T20:46:34.282+0800][3188.312s] GC(1288) Survivor regions: 2->2(39)
[2024-03-24T20:46:34.282+0800][3188.312s] GC(1288) Old regions: 62->62
[2024-03-24T20:46:34.282+0800][3188.312s] GC(1288) Humongous regions: 4->4
[2024-03-24T20:46:34.282+0800][3188.312s] GC(1288) Metaspace: 66040K(66688K)->66040K(66688K) NonClass: 58627K(58944K)->58627K(58944K) Class: 7413K(7744K)->7413K(7744K)
[2024-03-24T20:46:34.282+0800][3188.312s] GC(1288) Pause Young (Normal) (G1 Evacuation Pause) 372M->67M(512M) 3.474ms
[2024-03-24T20:46:34.282+0800][3188.312s] GC(1288) User=0.00s Sys=0.00s Real=0.00s
[2024-03-24T20:46:36.195+0800][3190.223s] GC(1289) Pause Young (Normal) (G1 Evacuation Pause)
[2024-03-24T20:46:36.195+0800][3190.223s] GC(1289) Using 8 workers of 8 for evacuation
[2024-03-24T20:46:36.202+0800][3190.225s] GC(1289)   Pre Evacuate Collection Set: 0.1ms
[2024-03-24T20:46:36.202+0800][3190.225s] GC(1289)   Merge Heap Roots: 0.1ms
[2024-03-24T20:46:36.202+0800][3190.225s] GC(1289)   Evacuate Collection Set: 1.5ms
[2024-03-24T20:46:36.202+0800][3190.225s] GC(1289)   Post Evacuate Collection Set: 0.4ms
[2024-03-24T20:46:36.202+0800][3190.225s] GC(1289)   Other: 0.1ms
[2024-03-24T20:46:36.202+0800][3190.225s] GC(1289) Eden regions: 305->0(305)
[2024-03-24T20:46:36.202+0800][3190.225s] GC(1289) Survivor regions: 2->2(39)
[2024-03-24T20:46:36.202+0800][3190.225s] GC(1289) Old regions: 62->62
[2024-03-24T20:46:36.202+0800][3190.225s] GC(1289) Humongous regions: 4->4
[2024-03-24T20:46:36.202+0800][3190.225s] GC(1289) Metaspace: 66040K(66688K)->66040K(66688K) NonClass: 58627K(58944K)->58627K(58944K) Class: 7413K(7744K)->7413K(7744K)
[2024-03-24T20:46:36.202+0800][3190.225s] GC(1289) Pause Young (Normal) (G1 Evacuation Pause) 372M->67M(512M) 2.536ms
[2024-03-24T20:46:36.202+0800][3190.225s] GC(1289) User=0.06s Sys=0.00s Real=0.01s
[2024-03-24T20:46:37.759+0800][3191.782s] GC(1290) Pause Young (Normal) (G1 Evacuation Pause)
[2024-03-24T20:46:37.759+0800][3191.782s] GC(1290) Using 8 workers of 8 for evacuation
[2024-03-24T20:46:37.763+0800][3191.785s] GC(1290)   Pre Evacuate Collection Set: 0.2ms
[2024-03-24T20:46:37.763+0800][3191.785s] GC(1290)   Merge Heap Roots: 0.1ms
[2024-03-24T20:46:37.763+0800][3191.785s] GC(1290)   Evacuate Collection Set: 1.9ms
[2024-03-24T20:46:37.763+0800][3191.785s] GC(1290)   Post Evacuate Collection Set: 0.7ms
[2024-03-24T20:46:37.763+0800][3191.785s] GC(1290)   Other: 0.1ms
[2024-03-24T20:46:37.763+0800][3191.785s] GC(1290) Eden regions: 305->0(305)
[2024-03-24T20:46:37.763+0800][3191.785s] GC(1290) Survivor regions: 2->2(39)
[2024-03-24T20:46:37.763+0800][3191.785s] GC(1290) Old regions: 62->62
[2024-03-24T20:46:37.763+0800][3191.785s] GC(1290) Humongous regions: 4->4
[2024-03-24T20:46:37.763+0800][3191.785s] GC(1290) Metaspace: 66040K(66688K)->66040K(66688K) NonClass: 58627K(58944K)->58627K(58944K) Class: 7413K(7744K)->7413K(7744K)
[2024-03-24T20:46:37.763+0800][3191.785s] GC(1290) Pause Young (Normal) (G1 Evacuation Pause) 372M->67M(512M) 3.292ms
[2024-03-24T20:46:37.763+0800][3191.785s] GC(1290) User=0.03s Sys=0.00s Real=0.00s
[2024-03-24T20:46:39.595+0800][3193.618s] GC(1291) Pause Young (Normal) (G1 Evacuation Pause)
[2024-03-24T20:46:39.595+0800][3193.618s] GC(1291) Using 8 workers of 8 for evacuation
[2024-03-24T20:46:39.596+0800][3193.621s] GC(1291)   Pre Evacuate Collection Set: 0.1ms
[2024-03-24T20:46:39.596+0800][3193.621s] GC(1291)   Merge Heap Roots: 0.1ms
[2024-03-24T20:46:39.596+0800][3193.621s] GC(1291)   Evacuate Collection Set: 1.8ms
[2024-03-24T20:46:39.596+0800][3193.621s] GC(1291)   Post Evacuate Collection Set: 1.2ms
[2024-03-24T20:46:39.596+0800][3193.621s] GC(1291)   Other: 0.1ms
[2024-03-24T20:46:39.596+0800][3193.621s] GC(1291) Eden regions: 305->0(305)
[2024-03-24T20:46:39.596+0800][3193.621s] GC(1291) Survivor regions: 2->2(39)
[2024-03-24T20:46:39.596+0800][3193.621s] GC(1291) Old regions: 62->62
[2024-03-24T20:46:39.596+0800][3193.621s] GC(1291) Humongous regions: 4->4
[2024-03-24T20:46:39.596+0800][3193.622s] GC(1291) Metaspace: 66040K(66688K)->66040K(66688K) NonClass: 58627K(58944K)->58627K(58944K) Class: 7413K(7744K)->7413K(7744K)
[2024-03-24T20:46:39.596+0800][3193.622s] GC(1291) Pause Young (Normal) (G1 Evacuation Pause) 372M->67M(512M) 3.607ms
[2024-03-24T20:46:39.596+0800][3193.622s] GC(1291) User=0.00s Sys=0.00s Real=0.00s
[2024-03-24T20:46:41.426+0800][3195.454s] GC(1292) Pause Young (Normal) (G1 Evacuation Pause)
[2024-03-24T20:46:41.426+0800][3195.454s] GC(1292) Using 8 workers of 8 for evacuation
[2024-03-24T20:46:41.435+0800][3195.458s] GC(1292)   Pre Evacuate Collection Set: 0.3ms
[2024-03-24T20:46:41.435+0800][3195.458s] GC(1292)   Merge Heap Roots: 0.2ms
[2024-03-24T20:46:41.435+0800][3195.458s] GC(1292)   Evacuate Collection Set: 2.7ms
[2024-03-24T20:46:41.435+0800][3195.458s] GC(1292)   Post Evacuate Collection Set: 0.6ms
[2024-03-24T20:46:41.435+0800][3195.458s] GC(1292)   Other: 0.1ms
[2024-03-24T20:46:41.435+0800][3195.458s] GC(1292) Eden regions: 305->0(305)
[2024-03-24T20:46:41.435+0800][3195.458s] GC(1292) Survivor regions: 2->2(39)
[2024-03-24T20:46:41.435+0800][3195.458s] GC(1292) Old regions: 62->62
[2024-03-24T20:46:41.435+0800][3195.458s] GC(1292) Humongous regions: 4->4
[2024-03-24T20:46:41.435+0800][3195.458s] GC(1292) Metaspace: 66040K(66688K)->66040K(66688K) NonClass: 58627K(58944K)->58627K(58944K) Class: 7413K(7744K)->7413K(7744K)
[2024-03-24T20:46:41.435+0800][3195.458s] GC(1292) Pause Young (Normal) (G1 Evacuation Pause) 372M->67M(512M) 4.320ms
[2024-03-24T20:46:41.435+0800][3195.458s] GC(1292) User=0.00s Sys=0.00s Real=0.01s
[2024-03-24T20:46:43.128+0800][3197.150s] GC(1293) Pause Young (Normal) (G1 Evacuation Pause)
[2024-03-24T20:46:43.128+0800][3197.150s] GC(1293) Using 8 workers of 8 for evacuation
[2024-03-24T20:46:43.130+0800][3197.153s] GC(1293)   Pre Evacuate Collection Set: 0.1ms
[2024-03-24T20:46:43.130+0800][3197.153s] GC(1293)   Merge Heap Roots: 0.1ms
[2024-03-24T20:46:43.130+0800][3197.153s] GC(1293)   Evacuate Collection Set: 1.6ms
[2024-03-24T20:46:43.130+0800][3197.153s] GC(1293)   Post Evacuate Collection Set: 0.4ms
[2024-03-24T20:46:43.130+0800][3197.153s] GC(1293)   Other: 0.1ms
[2024-03-24T20:46:43.130+0800][3197.153s] GC(1293) Eden regions: 305->0(305)
[2024-03-24T20:46:43.130+0800][3197.153s] GC(1293) Survivor regions: 2->2(39)
[2024-03-24T20:46:43.130+0800][3197.153s] GC(1293) Old regions: 62->62
[2024-03-24T20:46:43.130+0800][3197.153s] GC(1293) Humongous regions: 4->4
[2024-03-24T20:46:43.130+0800][3197.153s] GC(1293) Metaspace: 66040K(66688K)->66040K(66688K) NonClass: 58627K(58944K)->58627K(58944K) Class: 7413K(7744K)->7413K(7744K)
[2024-03-24T20:46:43.130+0800][3197.153s] GC(1293) Pause Young (Normal) (G1 Evacuation Pause) 372M->67M(512M) 2.669ms
[2024-03-24T20:46:43.130+0800][3197.153s] GC(1293) User=0.00s Sys=0.00s Real=0.00s
[2024-03-24T20:46:44.957+0800][3198.980s] GC(1294) Pause Young (Normal) (G1 Evacuation Pause)
[2024-03-24T20:46:44.957+0800][3198.980s] GC(1294) Using 8 workers of 8 for evacuation
[2024-03-24T20:46:44.961+0800][3198.984s] GC(1294)   Pre Evacuate Collection Set: 0.2ms
[2024-03-24T20:46:44.961+0800][3198.984s] GC(1294)   Merge Heap Roots: 0.1ms
[2024-03-24T20:46:44.961+0800][3198.984s] GC(1294)   Evacuate Collection Set: 2.9ms
[2024-03-24T20:46:44.961+0800][3198.984s] GC(1294)   Post Evacuate Collection Set: 0.9ms
[2024-03-24T20:46:44.961+0800][3198.984s] GC(1294)   Other: 0.2ms
[2024-03-24T20:46:44.961+0800][3198.984s] GC(1294) Eden regions: 305->0(305)
[2024-03-24T20:46:44.961+0800][3198.984s] GC(1294) Survivor regions: 2->2(39)
[2024-03-24T20:46:44.961+0800][3198.984s] GC(1294) Old regions: 62->62
[2024-03-24T20:46:44.961+0800][3198.984s] GC(1294) Humongous regions: 4->4
[2024-03-24T20:46:44.961+0800][3198.984s] GC(1294) Metaspace: 66040K(66688K)->66040K(66688K) NonClass: 58627K(58944K)->58627K(58944K) Class: 7413K(7744K)->7413K(7744K)
[2024-03-24T20:46:44.961+0800][3198.984s] GC(1294) Pause Young (Normal) (G1 Evacuation Pause) 372M->67M(512M) 4.592ms
[2024-03-24T20:46:44.961+0800][3198.984s] GC(1294) User=0.00s Sys=0.00s Real=0.00s
[2024-03-24T20:46:46.734+0800][3200.759s] GC(1295) Pause Young (Normal) (G1 Evacuation Pause)
[2024-03-24T20:46:46.734+0800][3200.759s] GC(1295) Using 8 workers of 8 for evacuation
[2024-03-24T20:46:46.737+0800][3200.761s] GC(1295)   Pre Evacuate Collection Set: 0.3ms
[2024-03-24T20:46:46.737+0800][3200.761s] GC(1295)   Merge Heap Roots: 0.2ms
[2024-03-24T20:46:46.737+0800][3200.761s] GC(1295)   Evacuate Collection Set: 1.1ms
[2024-03-24T20:46:46.737+0800][3200.761s] GC(1295)   Post Evacuate Collection Set: 0.5ms
[2024-03-24T20:46:46.737+0800][3200.761s] GC(1295)   Other: 0.1ms
[2024-03-24T20:46:46.737+0800][3200.761s] GC(1295) Eden regions: 305->0(305)
[2024-03-24T20:46:46.737+0800][3200.761s] GC(1295) Survivor regions: 2->2(39)
[2024-03-24T20:46:46.737+0800][3200.761s] GC(1295) Old regions: 62->63
[2024-03-24T20:46:46.737+0800][3200.761s] GC(1295) Humongous regions: 4->4
[2024-03-24T20:46:46.737+0800][3200.761s] GC(1295) Metaspace: 66040K(66688K)->66040K(66688K) NonClass: 58627K(58944K)->58627K(58944K) Class: 7413K(7744K)->7413K(7744K)
[2024-03-24T20:46:46.737+0800][3200.761s] GC(1295) Pause Young (Normal) (G1 Evacuation Pause) 372M->67M(512M) 2.628ms
[2024-03-24T20:46:46.737+0800][3200.761s] GC(1295) User=0.02s Sys=0.00s Real=0.00s
[2024-03-24T20:46:48.557+0800][3202.580s] GC(1296) Pause Young (Normal) (G1 Evacuation Pause)
[2024-03-24T20:46:48.557+0800][3202.580s] GC(1296) Using 8 workers of 8 for evacuation
[2024-03-24T20:46:48.560+0800][3202.583s] GC(1296)   Pre Evacuate Collection Set: 0.3ms
[2024-03-24T20:46:48.560+0800][3202.583s] GC(1296)   Merge Heap Roots: 0.1ms
[2024-03-24T20:46:48.560+0800][3202.583s] GC(1296)   Evacuate Collection Set: 1.5ms
[2024-03-24T20:46:48.560+0800][3202.583s] GC(1296)   Post Evacuate Collection Set: 0.8ms
[2024-03-24T20:46:48.560+0800][3202.583s] GC(1296)   Other: 0.1ms
[2024-03-24T20:46:48.560+0800][3202.583s] GC(1296) Eden regions: 305->0(305)
[2024-03-24T20:46:48.560+0800][3202.583s] GC(1296) Survivor regions: 2->2(39)
[2024-03-24T20:46:48.560+0800][3202.583s] GC(1296) Old regions: 63->63
[2024-03-24T20:46:48.560+0800][3202.583s] GC(1296) Humongous regions: 4->4
[2024-03-24T20:46:48.560+0800][3202.583s] GC(1296) Metaspace: 66040K(66688K)->66040K(66688K) NonClass: 58627K(58944K)->58627K(58944K) Class: 7413K(7744K)->7413K(7744K)
[2024-03-24T20:46:48.560+0800][3202.583s] GC(1296) Pause Young (Normal) (G1 Evacuation Pause) 372M->67M(512M) 3.362ms
[2024-03-24T20:46:48.560+0800][3202.583s] GC(1296) User=0.00s Sys=0.00s Real=0.00s
[2024-03-24T20:46:50.349+0800][3204.374s] GC(1297) Pause Young (Normal) (G1 Evacuation Pause)
[2024-03-24T20:46:50.349+0800][3204.374s] GC(1297) Using 8 workers of 8 for evacuation
[2024-03-24T20:46:50.355+0800][3204.378s] GC(1297)   Pre Evacuate Collection Set: 0.3ms
[2024-03-24T20:46:50.355+0800][3204.378s] GC(1297)   Merge Heap Roots: 0.1ms
[2024-03-24T20:46:50.355+0800][3204.378s] GC(1297)   Evacuate Collection Set: 2.0ms
[2024-03-24T20:46:50.355+0800][3204.378s] GC(1297)   Post Evacuate Collection Set: 1.0ms
[2024-03-24T20:46:50.355+0800][3204.378s] GC(1297)   Other: 0.2ms
[2024-03-24T20:46:50.355+0800][3204.378s] GC(1297) Eden regions: 305->0(305)
[2024-03-24T20:46:50.355+0800][3204.378s] GC(1297) Survivor regions: 2->2(39)
[2024-03-24T20:46:50.355+0800][3204.378s] GC(1297) Old regions: 63->63
[2024-03-24T20:46:50.355+0800][3204.378s] GC(1297) Humongous regions: 4->4
[2024-03-24T20:46:50.355+0800][3204.378s] GC(1297) Metaspace: 66040K(66688K)->66040K(66688K) NonClass: 58627K(58944K)->58627K(58944K) Class: 7413K(7744K)->7413K(7744K)
[2024-03-24T20:46:50.355+0800][3204.378s] GC(1297) Pause Young (Normal) (G1 Evacuation Pause) 372M->67M(512M) 4.089ms
[2024-03-24T20:46:50.355+0800][3204.378s] GC(1297) User=0.00s Sys=0.00s Real=0.01s
[2024-03-24T20:46:52.184+0800][3206.207s] GC(1298) Pause Young (Normal) (G1 Evacuation Pause)
[2024-03-24T20:46:52.184+0800][3206.207s] GC(1298) Using 8 workers of 8 for evacuation
[2024-03-24T20:46:52.186+0800][3206.210s] GC(1298)   Pre Evacuate Collection Set: 0.2ms
[2024-03-24T20:46:52.187+0800][3206.210s] GC(1298)   Merge Heap Roots: 0.1ms
[2024-03-24T20:46:52.187+0800][3206.210s] GC(1298)   Evacuate Collection Set: 1.3ms
[2024-03-24T20:46:52.187+0800][3206.210s] GC(1298)   Post Evacuate Collection Set: 0.6ms
[2024-03-24T20:46:52.187+0800][3206.210s] GC(1298)   Other: 0.1ms
[2024-03-24T20:46:52.187+0800][3206.210s] GC(1298) Eden regions: 305->0(305)
[2024-03-24T20:46:52.187+0800][3206.210s] GC(1298) Survivor regions: 2->2(39)
[2024-03-24T20:46:52.187+0800][3206.210s] GC(1298) Old regions: 63->63
[2024-03-24T20:46:52.187+0800][3206.210s] GC(1298) Humongous regions: 4->4
[2024-03-24T20:46:52.187+0800][3206.210s] GC(1298) Metaspace: 66040K(66688K)->66040K(66688K) NonClass: 58627K(58944K)->58627K(58944K) Class: 7413K(7744K)->7413K(7744K)
[2024-03-24T20:46:52.187+0800][3206.210s] GC(1298) Pause Young (Normal) (G1 Evacuation Pause) 372M->67M(512M) 2.773ms
[2024-03-24T20:46:52.187+0800][3206.210s] GC(1298) User=0.00s Sys=0.00s Real=0.00s
[2024-03-24T20:46:54.017+0800][3208.043s] GC(1299) Pause Young (Normal) (G1 Evacuation Pause)
[2024-03-24T20:46:54.017+0800][3208.043s] GC(1299) Using 8 workers of 8 for evacuation
[2024-03-24T20:46:54.024+0800][3208.048s] GC(1299)   Pre Evacuate Collection Set: 0.3ms
[2024-03-24T20:46:54.024+0800][3208.048s] GC(1299)   Merge Heap Roots: 0.1ms
[2024-03-24T20:46:54.024+0800][3208.048s] GC(1299)   Evacuate Collection Set: 2.8ms
[2024-03-24T20:46:54.024+0800][3208.048s] GC(1299)   Post Evacuate Collection Set: 0.7ms
[2024-03-24T20:46:54.025+0800][3208.048s] GC(1299)   Other: 0.2ms
[2024-03-24T20:46:54.025+0800][3208.048s] GC(1299) Eden regions: 305->0(305)
[2024-03-24T20:46:54.025+0800][3208.048s] GC(1299) Survivor regions: 2->2(39)
[2024-03-24T20:46:54.025+0800][3208.048s] GC(1299) Old regions: 63->63
[2024-03-24T20:46:54.025+0800][3208.048s] GC(1299) Humongous regions: 4->4
[2024-03-24T20:46:54.025+0800][3208.048s] GC(1299) Metaspace: 66040K(66688K)->66040K(66688K) NonClass: 58627K(58944K)->58627K(58944K) Class: 7413K(7744K)->7413K(7744K)
[2024-03-24T20:46:54.025+0800][3208.048s] GC(1299) Pause Young (Normal) (G1 Evacuation Pause) 372M->67M(512M) 5.037ms
[2024-03-24T20:46:54.025+0800][3208.048s] GC(1299) User=0.00s Sys=0.00s Real=0.01s
[2024-03-24T20:46:55.828+0800][3209.851s] GC(1300) Pause Young (Normal) (G1 Evacuation Pause)
[2024-03-24T20:46:55.829+0800][3209.851s] GC(1300) Using 8 workers of 8 for evacuation
[2024-03-24T20:46:55.829+0800][3209.855s] GC(1300)   Pre Evacuate Collection Set: 0.5ms
[2024-03-24T20:46:55.829+0800][3209.855s] GC(1300)   Merge Heap Roots: 0.2ms
[2024-03-24T20:46:55.829+0800][3209.855s] GC(1300)   Evacuate Collection Set: 1.8ms
[2024-03-24T20:46:55.829+0800][3209.855s] GC(1300)   Post Evacuate Collection Set: 0.8ms
[2024-03-24T20:46:55.829+0800][3209.855s] GC(1300)   Other: 0.2ms
[2024-03-24T20:46:55.829+0800][3209.855s] GC(1300) Eden regions: 305->0(305)
[2024-03-24T20:46:55.829+0800][3209.855s] GC(1300) Survivor regions: 2->2(39)
[2024-03-24T20:46:55.829+0800][3209.855s] GC(1300) Old regions: 63->63
[2024-03-24T20:46:55.829+0800][3209.855s] GC(1300) Humongous regions: 4->4
[2024-03-24T20:46:55.829+0800][3209.855s] GC(1300) Metaspace: 66040K(66688K)->66040K(66688K) NonClass: 58627K(58944K)->58627K(58944K) Class: 7413K(7744K)->7413K(7744K)
[2024-03-24T20:46:55.833+0800][3209.855s] GC(1300) Pause Young (Normal) (G1 Evacuation Pause) 372M->67M(512M) 4.041ms
[2024-03-24T20:46:55.833+0800][3209.855s] GC(1300) User=0.00s Sys=0.00s Real=0.00s
[2024-03-24T20:46:57.529+0800][3211.560s] GC(1301) Pause Young (Normal) (G1 Evacuation Pause)
[2024-03-24T20:46:57.529+0800][3211.560s] GC(1301) Using 8 workers of 8 for evacuation
[2024-03-24T20:46:57.540+0800][3211.563s] GC(1301)   Pre Evacuate Collection Set: 0.2ms
[2024-03-24T20:46:57.540+0800][3211.563s] GC(1301)   Merge Heap Roots: 0.1ms
[2024-03-24T20:46:57.540+0800][3211.563s] GC(1301)   Evacuate Collection Set: 1.6ms
[2024-03-24T20:46:57.540+0800][3211.563s] GC(1301)   Post Evacuate Collection Set: 0.7ms
[2024-03-24T20:46:57.540+0800][3211.563s] GC(1301)   Other: 0.2ms
[2024-03-24T20:46:57.540+0800][3211.563s] GC(1301) Eden regions: 305->0(305)
[2024-03-24T20:46:57.540+0800][3211.563s] GC(1301) Survivor regions: 2->2(39)
[2024-03-24T20:46:57.540+0800][3211.563s] GC(1301) Old regions: 63->63
[2024-03-24T20:46:57.540+0800][3211.563s] GC(1301) Humongous regions: 4->4
[2024-03-24T20:46:57.540+0800][3211.563s] GC(1301) Metaspace: 66040K(66688K)->66040K(66688K) NonClass: 58627K(58944K)->58627K(58944K) Class: 7413K(7744K)->7413K(7744K)
[2024-03-24T20:46:57.540+0800][3211.563s] GC(1301) Pause Young (Normal) (G1 Evacuation Pause) 372M->67M(512M) 3.265ms
[2024-03-24T20:46:57.540+0800][3211.563s] GC(1301) User=0.00s Sys=0.00s Real=0.01s
[2024-03-24T20:46:59.407+0800][3213.435s] GC(1302) Pause Young (Normal) (G1 Evacuation Pause)
[2024-03-24T20:46:59.407+0800][3213.435s] GC(1302) Using 8 workers of 8 for evacuation
[2024-03-24T20:46:59.414+0800][3213.438s] GC(1302)   Pre Evacuate Collection Set: 0.3ms
[2024-03-24T20:46:59.414+0800][3213.438s] GC(1302)   Merge Heap Roots: 0.1ms
[2024-03-24T20:46:59.414+0800][3213.438s] GC(1302)   Evacuate Collection Set: 1.4ms
[2024-03-24T20:46:59.414+0800][3213.438s] GC(1302)   Post Evacuate Collection Set: 0.7ms
[2024-03-24T20:46:59.414+0800][3213.438s] GC(1302)   Other: 0.1ms
[2024-03-24T20:46:59.414+0800][3213.438s] GC(1302) Eden regions: 305->0(305)
[2024-03-24T20:46:59.414+0800][3213.438s] GC(1302) Survivor regions: 2->2(39)
[2024-03-24T20:46:59.414+0800][3213.438s] GC(1302) Old regions: 63->63
[2024-03-24T20:46:59.414+0800][3213.438s] GC(1302) Humongous regions: 4->4
[2024-03-24T20:46:59.414+0800][3213.438s] GC(1302) Metaspace: 66040K(66688K)->66040K(66688K) NonClass: 58627K(58944K)->58627K(58944K) Class: 7413K(7744K)->7413K(7744K)
[2024-03-24T20:46:59.414+0800][3213.438s] GC(1302) Pause Young (Normal) (G1 Evacuation Pause) 372M->67M(512M) 2.884ms
[2024-03-24T20:46:59.414+0800][3213.438s] GC(1302) User=0.00s Sys=0.00s Real=0.01s
[2024-03-24T20:47:01.253+0800][3215.282s] GC(1303) Pause Young (Normal) (G1 Evacuation Pause)
[2024-03-24T20:47:01.259+0800][3215.282s] GC(1303) Using 8 workers of 8 for evacuation
[2024-03-24T20:47:01.261+0800][3215.285s] GC(1303)   Pre Evacuate Collection Set: 0.3ms
[2024-03-24T20:47:01.261+0800][3215.285s] GC(1303)   Merge Heap Roots: 0.1ms
[2024-03-24T20:47:01.261+0800][3215.285s] GC(1303)   Evacuate Collection Set: 2.0ms
[2024-03-24T20:47:01.261+0800][3215.285s] GC(1303)   Post Evacuate Collection Set: 0.8ms
[2024-03-24T20:47:01.261+0800][3215.285s] GC(1303)   Other: 0.2ms
[2024-03-24T20:47:01.261+0800][3215.285s] GC(1303) Eden regions: 305->0(305)
[2024-03-24T20:47:01.261+0800][3215.285s] GC(1303) Survivor regions: 2->2(39)
[2024-03-24T20:47:01.261+0800][3215.286s] GC(1303) Old regions: 63->63
[2024-03-24T20:47:01.261+0800][3215.286s] GC(1303) Humongous regions: 4->4
[2024-03-24T20:47:01.261+0800][3215.286s] GC(1303) Metaspace: 66040K(66688K)->66040K(66688K) NonClass: 58627K(58944K)->58627K(58944K) Class: 7413K(7744K)->7413K(7744K)
[2024-03-24T20:47:01.261+0800][3215.286s] GC(1303) Pause Young (Normal) (G1 Evacuation Pause) 372M->67M(512M) 4.104ms
[2024-03-24T20:47:01.261+0800][3215.286s] GC(1303) User=0.03s Sys=0.00s Real=0.01s
[2024-03-24T20:47:02.946+0800][3216.974s] GC(1304) Pause Young (Normal) (G1 Evacuation Pause)
[2024-03-24T20:47:02.946+0800][3216.974s] GC(1304) Using 8 workers of 8 for evacuation
[2024-03-24T20:47:02.954+0800][3216.977s] GC(1304)   Pre Evacuate Collection Set: 0.4ms
[2024-03-24T20:47:02.954+0800][3216.977s] GC(1304)   Merge Heap Roots: 0.1ms
[2024-03-24T20:47:02.954+0800][3216.977s] GC(1304)   Evacuate Collection Set: 1.3ms
[2024-03-24T20:47:02.954+0800][3216.977s] GC(1304)   Post Evacuate Collection Set: 0.7ms
[2024-03-24T20:47:02.954+0800][3216.977s] GC(1304)   Other: 0.2ms
[2024-03-24T20:47:02.954+0800][3216.977s] GC(1304) Eden regions: 305->0(305)
[2024-03-24T20:47:02.954+0800][3216.977s] GC(1304) Survivor regions: 2->2(39)
[2024-03-24T20:47:02.954+0800][3216.977s] GC(1304) Old regions: 63->63
[2024-03-24T20:47:02.954+0800][3216.977s] GC(1304) Humongous regions: 4->4
[2024-03-24T20:47:02.954+0800][3216.977s] GC(1304) Metaspace: 66040K(66688K)->66040K(66688K) NonClass: 58627K(58944K)->58627K(58944K) Class: 7413K(7744K)->7413K(7744K)
[2024-03-24T20:47:02.954+0800][3216.977s] GC(1304) Pause Young (Normal) (G1 Evacuation Pause) 372M->67M(512M) 3.168ms
[2024-03-24T20:47:02.954+0800][3216.977s] GC(1304) User=0.00s Sys=0.00s Real=0.01s
[2024-03-24T20:47:04.639+0800][3218.671s] GC(1305) Pause Young (Normal) (G1 Evacuation Pause)
[2024-03-24T20:47:04.639+0800][3218.672s] GC(1305) Using 8 workers of 8 for evacuation
[2024-03-24T20:47:04.649+0800][3218.674s] GC(1305)   Pre Evacuate Collection Set: 0.2ms
[2024-03-24T20:47:04.652+0800][3218.674s] GC(1305)   Merge Heap Roots: 0.1ms
[2024-03-24T20:47:04.652+0800][3218.674s] GC(1305)   Evacuate Collection Set: 1.7ms
[2024-03-24T20:47:04.652+0800][3218.674s] GC(1305)   Post Evacuate Collection Set: 0.6ms
[2024-03-24T20:47:04.652+0800][3218.674s] GC(1305)   Other: 0.1ms
[2024-03-24T20:47:04.652+0800][3218.674s] GC(1305) Eden regions: 305->0(305)
[2024-03-24T20:47:04.652+0800][3218.674s] GC(1305) Survivor regions: 2->2(39)
[2024-03-24T20:47:04.652+0800][3218.674s] GC(1305) Old regions: 63->63
[2024-03-24T20:47:04.652+0800][3218.674s] GC(1305) Humongous regions: 4->4
[2024-03-24T20:47:04.652+0800][3218.674s] GC(1305) Metaspace: 66040K(66688K)->66040K(66688K) NonClass: 58627K(58944K)->58627K(58944K) Class: 7413K(7744K)->7413K(7744K)
[2024-03-24T20:47:04.652+0800][3218.675s] GC(1305) Pause Young (Normal) (G1 Evacuation Pause) 372M->67M(512M) 3.059ms
[2024-03-24T20:47:04.652+0800][3218.675s] GC(1305) User=0.00s Sys=0.00s Real=0.01s
[2024-03-24T20:47:06.521+0800][3220.550s] GC(1306) Pause Young (Normal) (G1 Evacuation Pause)
[2024-03-24T20:47:06.521+0800][3220.550s] GC(1306) Using 8 workers of 8 for evacuation
[2024-03-24T20:47:06.530+0800][3220.553s] GC(1306)   Pre Evacuate Collection Set: 0.4ms
[2024-03-24T20:47:06.530+0800][3220.553s] GC(1306)   Merge Heap Roots: 0.2ms
[2024-03-24T20:47:06.530+0800][3220.553s] GC(1306)   Evacuate Collection Set: 1.6ms
[2024-03-24T20:47:06.530+0800][3220.553s] GC(1306)   Post Evacuate Collection Set: 0.7ms
[2024-03-24T20:47:06.530+0800][3220.553s] GC(1306)   Other: 0.1ms
[2024-03-24T20:47:06.530+0800][3220.553s] GC(1306) Eden regions: 305->0(305)
[2024-03-24T20:47:06.530+0800][3220.553s] GC(1306) Survivor regions: 2->2(39)
[2024-03-24T20:47:06.530+0800][3220.553s] GC(1306) Old regions: 63->63
[2024-03-24T20:47:06.530+0800][3220.553s] GC(1306) Humongous regions: 4->4
[2024-03-24T20:47:06.530+0800][3220.553s] GC(1306) Metaspace: 66040K(66688K)->66040K(66688K) NonClass: 58627K(58944K)->58627K(58944K) Class: 7413K(7744K)->7413K(7744K)
[2024-03-24T20:47:06.530+0800][3220.553s] GC(1306) Pause Young (Normal) (G1 Evacuation Pause) 372M->67M(512M) 3.384ms
[2024-03-24T20:47:06.530+0800][3220.553s] GC(1306) User=0.00s Sys=0.00s Real=0.01s
[2024-03-24T20:47:08.255+0800][3222.282s] GC(1307) Pause Young (Normal) (G1 Evacuation Pause)
[2024-03-24T20:47:08.255+0800][3222.282s] GC(1307) Using 8 workers of 8 for evacuation
[2024-03-24T20:47:08.255+0800][3222.285s] GC(1307)   Pre Evacuate Collection Set: 0.3ms
[2024-03-24T20:47:08.255+0800][3222.285s] GC(1307)   Merge Heap Roots: 0.2ms
[2024-03-24T20:47:08.255+0800][3222.285s] GC(1307)   Evacuate Collection Set: 1.7ms
[2024-03-24T20:47:08.255+0800][3222.285s] GC(1307)   Post Evacuate Collection Set: 0.4ms
[2024-03-24T20:47:08.255+0800][3222.285s] GC(1307)   Other: 0.1ms
[2024-03-24T20:47:08.255+0800][3222.285s] GC(1307) Eden regions: 305->0(305)
[2024-03-24T20:47:08.255+0800][3222.285s] GC(1307) Survivor regions: 2->2(39)
[2024-03-24T20:47:08.255+0800][3222.285s] GC(1307) Old regions: 63->63
[2024-03-24T20:47:08.255+0800][3222.285s] GC(1307) Humongous regions: 4->4
[2024-03-24T20:47:08.255+0800][3222.285s] GC(1307) Metaspace: 66040K(66688K)->66040K(66688K) NonClass: 58627K(58944K)->58627K(58944K) Class: 7413K(7744K)->7413K(7744K)
[2024-03-24T20:47:08.255+0800][3222.285s] GC(1307) Pause Young (Normal) (G1 Evacuation Pause) 372M->67M(512M) 3.111ms
[2024-03-24T20:47:08.255+0800][3222.285s] GC(1307) User=0.00s Sys=0.00s Real=0.00s
[2024-03-24T20:47:09.954+0800][3223.984s] GC(1308) Pause Young (Normal) (G1 Evacuation Pause)
[2024-03-24T20:47:09.954+0800][3223.984s] GC(1308) Using 8 workers of 8 for evacuation
[2024-03-24T20:47:09.954+0800][3223.987s] GC(1308)   Pre Evacuate Collection Set: 0.3ms
[2024-03-24T20:47:09.954+0800][3223.987s] GC(1308)   Merge Heap Roots: 0.2ms
[2024-03-24T20:47:09.954+0800][3223.987s] GC(1308)   Evacuate Collection Set: 1.6ms
[2024-03-24T20:47:09.954+0800][3223.987s] GC(1308)   Post Evacuate Collection Set: 0.8ms
[2024-03-24T20:47:09.954+0800][3223.987s] GC(1308)   Other: 0.1ms
[2024-03-24T20:47:09.954+0800][3223.987s] GC(1308) Eden regions: 305->0(305)
[2024-03-24T20:47:09.954+0800][3223.987s] GC(1308) Survivor regions: 2->2(39)
[2024-03-24T20:47:09.954+0800][3223.987s] GC(1308) Old regions: 63->63
[2024-03-24T20:47:09.964+0800][3223.987s] GC(1308) Humongous regions: 4->4
[2024-03-24T20:47:09.964+0800][3223.987s] GC(1308) Metaspace: 66040K(66688K)->66040K(66688K) NonClass: 58627K(58944K)->58627K(58944K) Class: 7413K(7744K)->7413K(7744K)
[2024-03-24T20:47:09.964+0800][3223.987s] GC(1308) Pause Young (Normal) (G1 Evacuation Pause) 372M->67M(512M) 3.470ms
[2024-03-24T20:47:09.965+0800][3223.987s] GC(1308) User=0.00s Sys=0.00s Real=0.01s
[2024-03-24T20:47:11.656+0800][3225.681s] GC(1309) Pause Young (Normal) (G1 Evacuation Pause)
[2024-03-24T20:47:11.656+0800][3225.681s] GC(1309) Using 8 workers of 8 for evacuation
[2024-03-24T20:47:11.659+0800][3225.683s] GC(1309)   Pre Evacuate Collection Set: 0.2ms
[2024-03-24T20:47:11.659+0800][3225.683s] GC(1309)   Merge Heap Roots: 0.1ms
[2024-03-24T20:47:11.659+0800][3225.683s] GC(1309)   Evacuate Collection Set: 1.2ms
[2024-03-24T20:47:11.659+0800][3225.683s] GC(1309)   Post Evacuate Collection Set: 0.6ms
[2024-03-24T20:47:11.659+0800][3225.683s] GC(1309)   Other: 0.1ms
[2024-03-24T20:47:11.659+0800][3225.683s] GC(1309) Eden regions: 305->0(305)
[2024-03-24T20:47:11.659+0800][3225.683s] GC(1309) Survivor regions: 2->2(39)
[2024-03-24T20:47:11.659+0800][3225.683s] GC(1309) Old regions: 63->63
[2024-03-24T20:47:11.659+0800][3225.683s] GC(1309) Humongous regions: 4->4
[2024-03-24T20:47:11.659+0800][3225.683s] GC(1309) Metaspace: 66040K(66688K)->66040K(66688K) NonClass: 58627K(58944K)->58627K(58944K) Class: 7413K(7744K)->7413K(7744K)
[2024-03-24T20:47:11.659+0800][3225.683s] GC(1309) Pause Young (Normal) (G1 Evacuation Pause) 372M->67M(512M) 2.663ms
[2024-03-24T20:47:11.659+0800][3225.683s] GC(1309) User=0.00s Sys=0.00s Real=0.00s
[2024-03-24T20:47:13.393+0800][3227.416s] GC(1310) Pause Young (Normal) (G1 Evacuation Pause)
[2024-03-24T20:47:13.393+0800][3227.416s] GC(1310) Using 8 workers of 8 for evacuation
[2024-03-24T20:47:13.395+0800][3227.419s] GC(1310)   Pre Evacuate Collection Set: 0.1ms
[2024-03-24T20:47:13.395+0800][3227.419s] GC(1310)   Merge Heap Roots: 0.1ms
[2024-03-24T20:47:13.395+0800][3227.419s] GC(1310)   Evacuate Collection Set: 1.3ms
[2024-03-24T20:47:13.395+0800][3227.419s] GC(1310)   Post Evacuate Collection Set: 0.5ms
[2024-03-24T20:47:13.395+0800][3227.419s] GC(1310)   Other: 0.1ms
[2024-03-24T20:47:13.395+0800][3227.419s] GC(1310) Eden regions: 305->0(305)
[2024-03-24T20:47:13.395+0800][3227.419s] GC(1310) Survivor regions: 2->2(39)
[2024-03-24T20:47:13.395+0800][3227.419s] GC(1310) Old regions: 63->63
[2024-03-24T20:47:13.395+0800][3227.419s] GC(1310) Humongous regions: 4->4
[2024-03-24T20:47:13.395+0800][3227.419s] GC(1310) Metaspace: 66040K(66688K)->66040K(66688K) NonClass: 58627K(58944K)->58627K(58944K) Class: 7413K(7744K)->7413K(7744K)
[2024-03-24T20:47:13.395+0800][3227.419s] GC(1310) Pause Young (Normal) (G1 Evacuation Pause) 372M->67M(512M) 2.429ms
[2024-03-24T20:47:13.395+0800][3227.419s] GC(1310) User=0.02s Sys=0.00s Real=0.00s
[2024-03-24T20:47:14.933+0800][3228.959s] GC(1311) Pause Young (Normal) (G1 Evacuation Pause)
[2024-03-24T20:47:14.933+0800][3228.959s] GC(1311) Using 8 workers of 8 for evacuation
[2024-03-24T20:47:14.939+0800][3228.962s] GC(1311)   Pre Evacuate Collection Set: 0.2ms
[2024-03-24T20:47:14.939+0800][3228.962s] GC(1311)   Merge Heap Roots: 0.1ms
[2024-03-24T20:47:14.939+0800][3228.962s] GC(1311)   Evacuate Collection Set: 1.7ms
[2024-03-24T20:47:14.939+0800][3228.962s] GC(1311)   Post Evacuate Collection Set: 0.9ms
[2024-03-24T20:47:14.939+0800][3228.962s] GC(1311)   Other: 0.1ms
[2024-03-24T20:47:14.939+0800][3228.962s] GC(1311) Eden regions: 305->0(305)
[2024-03-24T20:47:14.939+0800][3228.962s] GC(1311) Survivor regions: 2->2(39)
[2024-03-24T20:47:14.939+0800][3228.962s] GC(1311) Old regions: 63->63
[2024-03-24T20:47:14.939+0800][3228.962s] GC(1311) Humongous regions: 4->4
[2024-03-24T20:47:14.939+0800][3228.962s] GC(1311) Metaspace: 66040K(66688K)->66040K(66688K) NonClass: 58627K(58944K)->58627K(58944K) Class: 7413K(7744K)->7413K(7744K)
[2024-03-24T20:47:14.939+0800][3228.962s] GC(1311) Pause Young (Normal) (G1 Evacuation Pause) 372M->67M(512M) 3.577ms
[2024-03-24T20:47:14.939+0800][3228.962s] GC(1311) User=0.00s Sys=0.00s Real=0.01s
[2024-03-24T20:47:16.614+0800][3230.640s] GC(1312) Pause Young (Normal) (G1 Evacuation Pause)
[2024-03-24T20:47:16.614+0800][3230.640s] GC(1312) Using 8 workers of 8 for evacuation
[2024-03-24T20:47:16.619+0800][3230.644s] GC(1312)   Pre Evacuate Collection Set: 0.2ms
[2024-03-24T20:47:16.619+0800][3230.644s] GC(1312)   Merge Heap Roots: 0.2ms
[2024-03-24T20:47:16.619+0800][3230.644s] GC(1312)   Evacuate Collection Set: 1.5ms
[2024-03-24T20:47:16.619+0800][3230.644s] GC(1312)   Post Evacuate Collection Set: 1.5ms
[2024-03-24T20:47:16.619+0800][3230.644s] GC(1312)   Other: 0.1ms
[2024-03-24T20:47:16.619+0800][3230.644s] GC(1312) Eden regions: 305->0(305)
[2024-03-24T20:47:16.619+0800][3230.644s] GC(1312) Survivor regions: 2->2(39)
[2024-03-24T20:47:16.619+0800][3230.644s] GC(1312) Old regions: 63->63
[2024-03-24T20:47:16.619+0800][3230.644s] GC(1312) Humongous regions: 4->4
[2024-03-24T20:47:16.619+0800][3230.644s] GC(1312) Metaspace: 66040K(66688K)->66040K(66688K) NonClass: 58627K(58944K)->58627K(58944K) Class: 7413K(7744K)->7413K(7744K)
[2024-03-24T20:47:16.619+0800][3230.644s] GC(1312) Pause Young (Normal) (G1 Evacuation Pause) 372M->67M(512M) 4.013ms
[2024-03-24T20:47:16.619+0800][3230.644s] GC(1312) User=0.00s Sys=0.00s Real=0.00s
[2024-03-24T20:47:18.284+0800][3232.306s] GC(1313) Pause Young (Normal) (G1 Evacuation Pause)
[2024-03-24T20:47:18.284+0800][3232.306s] GC(1313) Using 8 workers of 8 for evacuation
[2024-03-24T20:47:18.285+0800][3232.311s] GC(1313)   Pre Evacuate Collection Set: 0.2ms
[2024-03-24T20:47:18.285+0800][3232.311s] GC(1313)   Merge Heap Roots: 0.1ms
[2024-03-24T20:47:18.285+0800][3232.311s] GC(1313)   Evacuate Collection Set: 3.1ms
[2024-03-24T20:47:18.285+0800][3232.311s] GC(1313)   Post Evacuate Collection Set: 0.6ms
[2024-03-24T20:47:18.285+0800][3232.311s] GC(1313)   Other: 0.1ms
[2024-03-24T20:47:18.285+0800][3232.311s] GC(1313) Eden regions: 305->0(305)
[2024-03-24T20:47:18.285+0800][3232.311s] GC(1313) Survivor regions: 2->2(39)
[2024-03-24T20:47:18.285+0800][3232.311s] GC(1313) Old regions: 63->63
[2024-03-24T20:47:18.285+0800][3232.311s] GC(1313) Humongous regions: 4->4
[2024-03-24T20:47:18.285+0800][3232.311s] GC(1313) Metaspace: 66040K(66688K)->66040K(66688K) NonClass: 58627K(58944K)->58627K(58944K) Class: 7413K(7744K)->7413K(7744K)
[2024-03-24T20:47:18.285+0800][3232.311s] GC(1313) Pause Young (Normal) (G1 Evacuation Pause) 372M->67M(512M) 4.500ms
[2024-03-24T20:47:18.285+0800][3232.311s] GC(1313) User=0.00s Sys=0.00s Real=0.00s
[2024-03-24T20:47:20.030+0800][3234.053s] GC(1314) Pause Young (Normal) (G1 Evacuation Pause)
[2024-03-24T20:47:20.031+0800][3234.053s] GC(1314) Using 8 workers of 8 for evacuation
[2024-03-24T20:47:20.034+0800][3234.057s] GC(1314)   Pre Evacuate Collection Set: 0.2ms
[2024-03-24T20:47:20.034+0800][3234.057s] GC(1314)   Merge Heap Roots: 0.1ms
[2024-03-24T20:47:20.034+0800][3234.057s] GC(1314)   Evacuate Collection Set: 1.9ms
[2024-03-24T20:47:20.034+0800][3234.057s] GC(1314)   Post Evacuate Collection Set: 0.7ms
[2024-03-24T20:47:20.034+0800][3234.057s] GC(1314)   Other: 0.1ms
[2024-03-24T20:47:20.034+0800][3234.057s] GC(1314) Eden regions: 305->0(305)
[2024-03-24T20:47:20.034+0800][3234.057s] GC(1314) Survivor regions: 2->2(39)
[2024-03-24T20:47:20.034+0800][3234.057s] GC(1314) Old regions: 63->63
[2024-03-24T20:47:20.034+0800][3234.057s] GC(1314) Humongous regions: 4->4
[2024-03-24T20:47:20.034+0800][3234.057s] GC(1314) Metaspace: 66040K(66688K)->66040K(66688K) NonClass: 58627K(58944K)->58627K(58944K) Class: 7413K(7744K)->7413K(7744K)
[2024-03-24T20:47:20.034+0800][3234.057s] GC(1314) Pause Young (Normal) (G1 Evacuation Pause) 372M->67M(512M) 3.384ms
[2024-03-24T20:47:20.034+0800][3234.057s] GC(1314) User=0.00s Sys=0.00s Real=0.00s
[2024-03-24T20:47:21.962+0800][3235.984s] GC(1315) Pause Young (Normal) (G1 Evacuation Pause)
[2024-03-24T20:47:21.962+0800][3235.984s] GC(1315) Using 8 workers of 8 for evacuation
[2024-03-24T20:47:21.963+0800][3235.989s] GC(1315)   Pre Evacuate Collection Set: 0.5ms
[2024-03-24T20:47:21.963+0800][3235.989s] GC(1315)   Merge Heap Roots: 0.2ms
[2024-03-24T20:47:21.963+0800][3235.989s] GC(1315)   Evacuate Collection Set: 2.1ms
[2024-03-24T20:47:21.963+0800][3235.989s] GC(1315)   Post Evacuate Collection Set: 1.4ms
[2024-03-24T20:47:21.963+0800][3235.989s] GC(1315)   Other: 0.2ms
[2024-03-24T20:47:21.963+0800][3235.989s] GC(1315) Eden regions: 305->0(305)
[2024-03-24T20:47:21.963+0800][3235.989s] GC(1315) Survivor regions: 2->2(39)
[2024-03-24T20:47:21.963+0800][3235.989s] GC(1315) Old regions: 63->63
[2024-03-24T20:47:21.963+0800][3235.989s] GC(1315) Humongous regions: 4->4
[2024-03-24T20:47:21.963+0800][3235.990s] GC(1315) Metaspace: 66040K(66688K)->66040K(66688K) NonClass: 58627K(58944K)->58627K(58944K) Class: 7413K(7744K)->7413K(7744K)
[2024-03-24T20:47:21.963+0800][3235.990s] GC(1315) Pause Young (Normal) (G1 Evacuation Pause) 372M->67M(512M) 5.445ms
[2024-03-24T20:47:21.963+0800][3235.990s] GC(1315) User=0.02s Sys=0.00s Real=0.00s
[2024-03-24T20:47:23.729+0800][3237.753s] GC(1316) Pause Young (Normal) (G1 Evacuation Pause)
[2024-03-24T20:47:23.729+0800][3237.753s] GC(1316) Using 8 workers of 8 for evacuation
[2024-03-24T20:47:23.729+0800][3237.756s] GC(1316)   Pre Evacuate Collection Set: 0.2ms
[2024-03-24T20:47:23.729+0800][3237.756s] GC(1316)   Merge Heap Roots: 0.1ms
[2024-03-24T20:47:23.729+0800][3237.756s] GC(1316)   Evacuate Collection Set: 1.4ms
[2024-03-24T20:47:23.729+0800][3237.756s] GC(1316)   Post Evacuate Collection Set: 0.6ms
[2024-03-24T20:47:23.729+0800][3237.756s] GC(1316)   Other: 0.1ms
[2024-03-24T20:47:23.729+0800][3237.756s] GC(1316) Eden regions: 305->0(305)
[2024-03-24T20:47:23.729+0800][3237.756s] GC(1316) Survivor regions: 2->2(39)
[2024-03-24T20:47:23.729+0800][3237.756s] GC(1316) Old regions: 63->63
[2024-03-24T20:47:23.729+0800][3237.756s] GC(1316) Humongous regions: 4->4
[2024-03-24T20:47:23.729+0800][3237.756s] GC(1316) Metaspace: 66040K(66688K)->66040K(66688K) NonClass: 58627K(58944K)->58627K(58944K) Class: 7413K(7744K)->7413K(7744K)
[2024-03-24T20:47:23.729+0800][3237.756s] GC(1316) Pause Young (Normal) (G1 Evacuation Pause) 372M->67M(512M) 2.834ms
[2024-03-24T20:47:23.729+0800][3237.756s] GC(1316) User=0.00s Sys=0.00s Real=0.00s
[2024-03-24T20:47:25.552+0800][3239.580s] GC(1317) Pause Young (Normal) (G1 Evacuation Pause)
[2024-03-24T20:47:25.552+0800][3239.580s] GC(1317) Using 8 workers of 8 for evacuation
[2024-03-24T20:47:25.560+0800][3239.583s] GC(1317)   Pre Evacuate Collection Set: 0.4ms
[2024-03-24T20:47:25.560+0800][3239.583s] GC(1317)   Merge Heap Roots: 0.2ms
[2024-03-24T20:47:25.560+0800][3239.583s] GC(1317)   Evacuate Collection Set: 1.6ms
[2024-03-24T20:47:25.560+0800][3239.583s] GC(1317)   Post Evacuate Collection Set: 0.7ms
[2024-03-24T20:47:25.560+0800][3239.583s] GC(1317)   Other: 0.1ms
[2024-03-24T20:47:25.560+0800][3239.583s] GC(1317) Eden regions: 305->0(305)
[2024-03-24T20:47:25.560+0800][3239.583s] GC(1317) Survivor regions: 2->2(39)
[2024-03-24T20:47:25.560+0800][3239.583s] GC(1317) Old regions: 63->63
[2024-03-24T20:47:25.560+0800][3239.583s] GC(1317) Humongous regions: 4->4
[2024-03-24T20:47:25.560+0800][3239.583s] GC(1317) Metaspace: 66040K(66688K)->66040K(66688K) NonClass: 58627K(58944K)->58627K(58944K) Class: 7413K(7744K)->7413K(7744K)
[2024-03-24T20:47:25.561+0800][3239.583s] GC(1317) Pause Young (Normal) (G1 Evacuation Pause) 372M->67M(512M) 3.271ms
[2024-03-24T20:47:25.561+0800][3239.583s] GC(1317) User=0.00s Sys=0.00s Real=0.01s
[2024-03-24T20:47:27.118+0800][3241.141s] GC(1318) Pause Young (Normal) (G1 Evacuation Pause)
[2024-03-24T20:47:27.118+0800][3241.142s] GC(1318) Using 8 workers of 8 for evacuation
[2024-03-24T20:47:27.121+0800][3241.144s] GC(1318)   Pre Evacuate Collection Set: 0.2ms
[2024-03-24T20:47:27.121+0800][3241.144s] GC(1318)   Merge Heap Roots: 0.1ms
[2024-03-24T20:47:27.121+0800][3241.144s] GC(1318)   Evacuate Collection Set: 1.8ms
[2024-03-24T20:47:27.121+0800][3241.144s] GC(1318)   Post Evacuate Collection Set: 0.6ms
[2024-03-24T20:47:27.121+0800][3241.144s] GC(1318)   Other: 0.1ms
[2024-03-24T20:47:27.121+0800][3241.144s] GC(1318) Eden regions: 305->0(305)
[2024-03-24T20:47:27.121+0800][3241.144s] GC(1318) Survivor regions: 2->2(39)
[2024-03-24T20:47:27.121+0800][3241.144s] GC(1318) Old regions: 63->63
[2024-03-24T20:47:27.121+0800][3241.144s] GC(1318) Humongous regions: 4->4
[2024-03-24T20:47:27.121+0800][3241.144s] GC(1318) Metaspace: 66040K(66688K)->66040K(66688K) NonClass: 58627K(58944K)->58627K(58944K) Class: 7413K(7744K)->7413K(7744K)
[2024-03-24T20:47:27.121+0800][3241.144s] GC(1318) Pause Young (Normal) (G1 Evacuation Pause) 372M->67M(512M) 3.051ms
[2024-03-24T20:47:27.121+0800][3241.144s] GC(1318) User=0.05s Sys=0.00s Real=0.00s
[2024-03-24T20:47:28.992+0800][3243.015s] GC(1319) Pause Young (Normal) (G1 Evacuation Pause)
[2024-03-24T20:47:28.992+0800][3243.015s] GC(1319) Using 8 workers of 8 for evacuation
[2024-03-24T20:47:28.994+0800][3243.017s] GC(1319)   Pre Evacuate Collection Set: 0.1ms
[2024-03-24T20:47:28.994+0800][3243.017s] GC(1319)   Merge Heap Roots: 0.1ms
[2024-03-24T20:47:28.994+0800][3243.017s] GC(1319)   Evacuate Collection Set: 1.4ms
[2024-03-24T20:47:28.994+0800][3243.017s] GC(1319)   Post Evacuate Collection Set: 0.4ms
[2024-03-24T20:47:28.994+0800][3243.017s] GC(1319)   Other: 0.1ms
[2024-03-24T20:47:28.994+0800][3243.017s] GC(1319) Eden regions: 305->0(305)
[2024-03-24T20:47:28.994+0800][3243.017s] GC(1319) Survivor regions: 2->2(39)
[2024-03-24T20:47:28.994+0800][3243.017s] GC(1319) Old regions: 63->63
[2024-03-24T20:47:28.994+0800][3243.017s] GC(1319) Humongous regions: 4->4
[2024-03-24T20:47:28.994+0800][3243.017s] GC(1319) Metaspace: 66040K(66688K)->66040K(66688K) NonClass: 58627K(58944K)->58627K(58944K) Class: 7413K(7744K)->7413K(7744K)
[2024-03-24T20:47:28.994+0800][3243.017s] GC(1319) Pause Young (Normal) (G1 Evacuation Pause) 372M->67M(512M) 2.576ms
[2024-03-24T20:47:28.994+0800][3243.017s] GC(1319) User=0.00s Sys=0.00s Real=0.00s
[2024-03-24T20:47:31.035+0800][3245.057s] GC(1320) Pause Young (Normal) (G1 Evacuation Pause)
[2024-03-24T20:47:31.035+0800][3245.057s] GC(1320) Using 8 workers of 8 for evacuation
[2024-03-24T20:47:31.037+0800][3245.061s] GC(1320)   Pre Evacuate Collection Set: 0.2ms
[2024-03-24T20:47:31.037+0800][3245.061s] GC(1320)   Merge Heap Roots: 0.1ms
[2024-03-24T20:47:31.037+0800][3245.061s] GC(1320)   Evacuate Collection Set: 2.8ms
[2024-03-24T20:47:31.037+0800][3245.061s] GC(1320)   Post Evacuate Collection Set: 0.5ms
[2024-03-24T20:47:31.037+0800][3245.061s] GC(1320)   Other: 0.1ms
[2024-03-24T20:47:31.037+0800][3245.061s] GC(1320) Eden regions: 305->0(305)
[2024-03-24T20:47:31.037+0800][3245.061s] GC(1320) Survivor regions: 2->2(39)
[2024-03-24T20:47:31.037+0800][3245.061s] GC(1320) Old regions: 63->63
[2024-03-24T20:47:31.037+0800][3245.061s] GC(1320) Humongous regions: 4->4
[2024-03-24T20:47:31.037+0800][3245.061s] GC(1320) Metaspace: 66040K(66688K)->66040K(66688K) NonClass: 58627K(58944K)->58627K(58944K) Class: 7413K(7744K)->7413K(7744K)
[2024-03-24T20:47:31.037+0800][3245.061s] GC(1320) Pause Young (Normal) (G1 Evacuation Pause) 372M->67M(512M) 4.141ms
[2024-03-24T20:47:31.037+0800][3245.061s] GC(1320) User=0.00s Sys=0.00s Real=0.00s
[2024-03-24T20:47:33.093+0800][3247.118s] GC(1321) Pause Young (Normal) (G1 Evacuation Pause)
[2024-03-24T20:47:33.093+0800][3247.118s] GC(1321) Using 8 workers of 8 for evacuation
[2024-03-24T20:47:33.097+0800][3247.121s] GC(1321)   Pre Evacuate Collection Set: 0.2ms
[2024-03-24T20:47:33.097+0800][3247.121s] GC(1321)   Merge Heap Roots: 0.1ms
[2024-03-24T20:47:33.097+0800][3247.121s] GC(1321)   Evacuate Collection Set: 1.7ms
[2024-03-24T20:47:33.097+0800][3247.121s] GC(1321)   Post Evacuate Collection Set: 0.7ms
[2024-03-24T20:47:33.097+0800][3247.121s] GC(1321)   Other: 0.1ms
[2024-03-24T20:47:33.097+0800][3247.121s] GC(1321) Eden regions: 305->0(305)
[2024-03-24T20:47:33.097+0800][3247.121s] GC(1321) Survivor regions: 2->2(39)
[2024-03-24T20:47:33.097+0800][3247.121s] GC(1321) Old regions: 63->63
[2024-03-24T20:47:33.097+0800][3247.121s] GC(1321) Humongous regions: 4->4
[2024-03-24T20:47:33.097+0800][3247.121s] GC(1321) Metaspace: 66040K(66688K)->66040K(66688K) NonClass: 58627K(58944K)->58627K(58944K) Class: 7413K(7744K)->7413K(7744K)
[2024-03-24T20:47:33.097+0800][3247.121s] GC(1321) Pause Young (Normal) (G1 Evacuation Pause) 372M->68M(512M) 3.439ms
[2024-03-24T20:47:33.097+0800][3247.121s] GC(1321) User=0.00s Sys=0.00s Real=0.00s
[2024-03-24T20:47:35.500+0800][3249.523s] GC(1322) Pause Young (Normal) (G1 Evacuation Pause)
[2024-03-24T20:47:35.500+0800][3249.523s] GC(1322) Using 8 workers of 8 for evacuation
[2024-03-24T20:47:35.503+0800][3249.526s] GC(1322)   Pre Evacuate Collection Set: 0.2ms
[2024-03-24T20:47:35.503+0800][3249.526s] GC(1322)   Merge Heap Roots: 0.1ms
[2024-03-24T20:47:35.503+0800][3249.526s] GC(1322)   Evacuate Collection Set: 1.6ms
[2024-03-24T20:47:35.503+0800][3249.526s] GC(1322)   Post Evacuate Collection Set: 0.6ms
[2024-03-24T20:47:35.503+0800][3249.526s] GC(1322)   Other: 0.1ms
[2024-03-24T20:47:35.503+0800][3249.526s] GC(1322) Eden regions: 305->0(305)
[2024-03-24T20:47:35.503+0800][3249.526s] GC(1322) Survivor regions: 2->2(39)
[2024-03-24T20:47:35.503+0800][3249.526s] GC(1322) Old regions: 63->63
[2024-03-24T20:47:35.503+0800][3249.526s] GC(1322) Humongous regions: 4->4
[2024-03-24T20:47:35.503+0800][3249.526s] GC(1322) Metaspace: 66040K(66688K)->66040K(66688K) NonClass: 58627K(58944K)->58627K(58944K) Class: 7413K(7744K)->7413K(7744K)
[2024-03-24T20:47:35.503+0800][3249.526s] GC(1322) Pause Young (Normal) (G1 Evacuation Pause) 373M->67M(512M) 3.160ms
[2024-03-24T20:47:35.503+0800][3249.526s] GC(1322) User=0.02s Sys=0.02s Real=0.00s
[2024-03-24T20:47:38.199+0800][3252.223s] GC(1323) Pause Young (Normal) (G1 Evacuation Pause)
[2024-03-24T20:47:38.199+0800][3252.223s] GC(1323) Using 8 workers of 8 for evacuation
[2024-03-24T20:47:38.203+0800][3252.226s] GC(1323)   Pre Evacuate Collection Set: 0.2ms
[2024-03-24T20:47:38.203+0800][3252.226s] GC(1323)   Merge Heap Roots: 0.3ms
[2024-03-24T20:47:38.203+0800][3252.226s] GC(1323)   Evacuate Collection Set: 1.5ms
[2024-03-24T20:47:38.203+0800][3252.226s] GC(1323)   Post Evacuate Collection Set: 0.6ms
[2024-03-24T20:47:38.203+0800][3252.226s] GC(1323)   Other: 0.1ms
[2024-03-24T20:47:38.203+0800][3252.226s] GC(1323) Eden regions: 305->0(305)
[2024-03-24T20:47:38.203+0800][3252.226s] GC(1323) Survivor regions: 2->2(39)
[2024-03-24T20:47:38.203+0800][3252.226s] GC(1323) Old regions: 63->63
[2024-03-24T20:47:38.203+0800][3252.226s] GC(1323) Humongous regions: 4->4
[2024-03-24T20:47:38.203+0800][3252.226s] GC(1323) Metaspace: 66040K(66688K)->66040K(66688K) NonClass: 58627K(58944K)->58627K(58944K) Class: 7413K(7744K)->7413K(7744K)
[2024-03-24T20:47:38.203+0800][3252.226s] GC(1323) Pause Young (Normal) (G1 Evacuation Pause) 372M->67M(512M) 3.010ms
[2024-03-24T20:47:38.203+0800][3252.226s] GC(1323) User=0.00s Sys=0.00s Real=0.00s
[2024-03-24T20:47:40.841+0800][3254.866s] GC(1324) Pause Young (Normal) (G1 Evacuation Pause)
[2024-03-24T20:47:40.841+0800][3254.866s] GC(1324) Using 8 workers of 8 for evacuation
[2024-03-24T20:47:40.844+0800][3254.868s] GC(1324)   Pre Evacuate Collection Set: 0.2ms
[2024-03-24T20:47:40.844+0800][3254.868s] GC(1324)   Merge Heap Roots: 0.1ms
[2024-03-24T20:47:40.844+0800][3254.868s] GC(1324)   Evacuate Collection Set: 1.6ms
[2024-03-24T20:47:40.844+0800][3254.868s] GC(1324)   Post Evacuate Collection Set: 0.6ms
[2024-03-24T20:47:40.844+0800][3254.869s] GC(1324)   Other: 0.2ms
[2024-03-24T20:47:40.844+0800][3254.869s] GC(1324) Eden regions: 305->0(305)
[2024-03-24T20:47:40.844+0800][3254.869s] GC(1324) Survivor regions: 2->2(39)
[2024-03-24T20:47:40.844+0800][3254.869s] GC(1324) Old regions: 63->63
[2024-03-24T20:47:40.844+0800][3254.869s] GC(1324) Humongous regions: 4->4
[2024-03-24T20:47:40.844+0800][3254.869s] GC(1324) Metaspace: 66040K(66688K)->66040K(66688K) NonClass: 58627K(58944K)->58627K(58944K) Class: 7413K(7744K)->7413K(7744K)
[2024-03-24T20:47:40.844+0800][3254.869s] GC(1324) Pause Young (Normal) (G1 Evacuation Pause) 372M->67M(512M) 3.057ms
[2024-03-24T20:47:40.844+0800][3254.869s] GC(1324) User=0.02s Sys=0.00s Real=0.00s
[2024-03-24T20:47:42.852+0800][3256.875s] GC(1325) Pause Young (Normal) (G1 Evacuation Pause)
[2024-03-24T20:47:42.852+0800][3256.875s] GC(1325) Using 8 workers of 8 for evacuation
[2024-03-24T20:47:42.854+0800][3256.878s] GC(1325)   Pre Evacuate Collection Set: 0.2ms
[2024-03-24T20:47:42.855+0800][3256.878s] GC(1325)   Merge Heap Roots: 0.1ms
[2024-03-24T20:47:42.855+0800][3256.878s] GC(1325)   Evacuate Collection Set: 1.5ms
[2024-03-24T20:47:42.855+0800][3256.878s] GC(1325)   Post Evacuate Collection Set: 0.6ms
[2024-03-24T20:47:42.855+0800][3256.878s] GC(1325)   Other: 0.1ms
[2024-03-24T20:47:42.855+0800][3256.878s] GC(1325) Eden regions: 305->0(305)
[2024-03-24T20:47:42.855+0800][3256.878s] GC(1325) Survivor regions: 2->2(39)
[2024-03-24T20:47:42.855+0800][3256.878s] GC(1325) Old regions: 63->63
[2024-03-24T20:47:42.855+0800][3256.878s] GC(1325) Humongous regions: 4->4
[2024-03-24T20:47:42.855+0800][3256.878s] GC(1325) Metaspace: 66040K(66688K)->66040K(66688K) NonClass: 58627K(58944K)->58627K(58944K) Class: 7413K(7744K)->7413K(7744K)
[2024-03-24T20:47:42.855+0800][3256.878s] GC(1325) Pause Young (Normal) (G1 Evacuation Pause) 372M->67M(512M) 2.739ms
[2024-03-24T20:47:42.855+0800][3256.878s] GC(1325) User=0.02s Sys=0.00s Real=0.00s
[2024-03-24T20:47:44.599+0800][3258.629s] GC(1326) Pause Young (Normal) (G1 Evacuation Pause)
[2024-03-24T20:47:44.599+0800][3258.629s] GC(1326) Using 8 workers of 8 for evacuation
[2024-03-24T20:47:44.608+0800][3258.632s] GC(1326)   Pre Evacuate Collection Set: 0.2ms
[2024-03-24T20:47:44.608+0800][3258.632s] GC(1326)   Merge Heap Roots: 0.2ms
[2024-03-24T20:47:44.608+0800][3258.632s] GC(1326)   Evacuate Collection Set: 1.3ms
[2024-03-24T20:47:44.608+0800][3258.632s] GC(1326)   Post Evacuate Collection Set: 0.8ms
[2024-03-24T20:47:44.608+0800][3258.632s] GC(1326)   Other: 0.1ms
[2024-03-24T20:47:44.608+0800][3258.632s] GC(1326) Eden regions: 305->0(305)
[2024-03-24T20:47:44.608+0800][3258.632s] GC(1326) Survivor regions: 2->2(39)
[2024-03-24T20:47:44.608+0800][3258.632s] GC(1326) Old regions: 63->63
[2024-03-24T20:47:44.608+0800][3258.632s] GC(1326) Humongous regions: 4->4
[2024-03-24T20:47:44.608+0800][3258.632s] GC(1326) Metaspace: 66044K(66688K)->66044K(66688K) NonClass: 58630K(58944K)->58630K(58944K) Class: 7413K(7744K)->7413K(7744K)
[2024-03-24T20:47:44.608+0800][3258.632s] GC(1326) Pause Young (Normal) (G1 Evacuation Pause) 372M->67M(512M) 3.093ms
[2024-03-24T20:47:44.608+0800][3258.632s] GC(1326) User=0.00s Sys=0.00s Real=0.01s
[2024-03-24T20:47:46.312+0800][3260.335s] GC(1327) Pause Young (Normal) (G1 Evacuation Pause)
[2024-03-24T20:47:46.312+0800][3260.336s] GC(1327) Using 8 workers of 8 for evacuation
[2024-03-24T20:47:46.312+0800][3260.339s] GC(1327)   Pre Evacuate Collection Set: 0.2ms
[2024-03-24T20:47:46.312+0800][3260.339s] GC(1327)   Merge Heap Roots: 0.1ms
[2024-03-24T20:47:46.312+0800][3260.340s] GC(1327)   Evacuate Collection Set: 2.9ms
[2024-03-24T20:47:46.312+0800][3260.340s] GC(1327)   Post Evacuate Collection Set: 0.5ms
[2024-03-24T20:47:46.312+0800][3260.340s] GC(1327)   Other: 0.1ms
[2024-03-24T20:47:46.312+0800][3260.340s] GC(1327) Eden regions: 305->0(305)
[2024-03-24T20:47:46.312+0800][3260.340s] GC(1327) Survivor regions: 2->2(39)
[2024-03-24T20:47:46.312+0800][3260.340s] GC(1327) Old regions: 63->63
[2024-03-24T20:47:46.312+0800][3260.340s] GC(1327) Humongous regions: 4->4
[2024-03-24T20:47:46.312+0800][3260.340s] GC(1327) Metaspace: 66044K(66688K)->66044K(66688K) NonClass: 58630K(58944K)->58630K(58944K) Class: 7413K(7744K)->7413K(7744K)
[2024-03-24T20:47:46.312+0800][3260.340s] GC(1327) Pause Young (Normal) (G1 Evacuation Pause) 372M->68M(512M) 4.303ms
[2024-03-24T20:47:46.312+0800][3260.340s] GC(1327) User=0.00s Sys=0.00s Real=0.00s
[2024-03-24T20:47:48.526+0800][3262.556s] GC(1328) Pause Young (Normal) (G1 Evacuation Pause)
[2024-03-24T20:47:48.526+0800][3262.556s] GC(1328) Using 8 workers of 8 for evacuation
[2024-03-24T20:47:48.539+0800][3262.562s] GC(1328)   Pre Evacuate Collection Set: 1.3ms
[2024-03-24T20:47:48.539+0800][3262.562s] GC(1328)   Merge Heap Roots: 0.3ms
[2024-03-24T20:47:48.539+0800][3262.562s] GC(1328)   Evacuate Collection Set: 3.0ms
[2024-03-24T20:47:48.539+0800][3262.562s] GC(1328)   Post Evacuate Collection Set: 0.7ms
[2024-03-24T20:47:48.539+0800][3262.562s] GC(1328)   Other: 0.2ms
[2024-03-24T20:47:48.539+0800][3262.562s] GC(1328) Eden regions: 305->0(305)
[2024-03-24T20:47:48.539+0800][3262.562s] GC(1328) Survivor regions: 2->2(39)
[2024-03-24T20:47:48.539+0800][3262.562s] GC(1328) Old regions: 63->63
[2024-03-24T20:47:48.539+0800][3262.562s] GC(1328) Humongous regions: 4->4
[2024-03-24T20:47:48.539+0800][3262.562s] GC(1328) Metaspace: 66044K(66688K)->66044K(66688K) NonClass: 58630K(58944K)->58630K(58944K) Class: 7413K(7744K)->7413K(7744K)
[2024-03-24T20:47:48.539+0800][3262.562s] GC(1328) Pause Young (Normal) (G1 Evacuation Pause) 373M->67M(512M) 6.250ms
[2024-03-24T20:47:48.539+0800][3262.562s] GC(1328) User=0.00s Sys=0.00s Real=0.01s
[2024-03-24T20:47:50.452+0800][3264.477s] GC(1329) Pause Young (Normal) (G1 Evacuation Pause)
[2024-03-24T20:47:50.452+0800][3264.477s] GC(1329) Using 8 workers of 8 for evacuation
[2024-03-24T20:47:50.457+0800][3264.480s] GC(1329)   Pre Evacuate Collection Set: 0.3ms
[2024-03-24T20:47:50.457+0800][3264.480s] GC(1329)   Merge Heap Roots: 0.2ms
[2024-03-24T20:47:50.457+0800][3264.480s] GC(1329)   Evacuate Collection Set: 1.8ms
[2024-03-24T20:47:50.457+0800][3264.480s] GC(1329)   Post Evacuate Collection Set: 0.8ms
[2024-03-24T20:47:50.457+0800][3264.480s] GC(1329)   Other: 0.1ms
[2024-03-24T20:47:50.457+0800][3264.480s] GC(1329) Eden regions: 305->0(305)
[2024-03-24T20:47:50.457+0800][3264.480s] GC(1329) Survivor regions: 2->2(39)
[2024-03-24T20:47:50.457+0800][3264.480s] GC(1329) Old regions: 63->63
[2024-03-24T20:47:50.457+0800][3264.480s] GC(1329) Humongous regions: 4->4
[2024-03-24T20:47:50.457+0800][3264.480s] GC(1329) Metaspace: 66044K(66688K)->66044K(66688K) NonClass: 58630K(58944K)->58630K(58944K) Class: 7413K(7744K)->7413K(7744K)
[2024-03-24T20:47:50.457+0800][3264.480s] GC(1329) Pause Young (Normal) (G1 Evacuation Pause) 372M->67M(512M) 3.460ms
[2024-03-24T20:47:50.457+0800][3264.480s] GC(1329) User=0.00s Sys=0.00s Real=0.01s
[2024-03-24T20:47:52.366+0800][3266.391s] GC(1330) Pause Young (Normal) (G1 Evacuation Pause)
[2024-03-24T20:47:52.366+0800][3266.392s] GC(1330) Using 8 workers of 8 for evacuation
[2024-03-24T20:47:52.366+0800][3266.395s] GC(1330)   Pre Evacuate Collection Set: 0.4ms
[2024-03-24T20:47:52.366+0800][3266.395s] GC(1330)   Merge Heap Roots: 0.2ms
[2024-03-24T20:47:52.366+0800][3266.395s] GC(1330)   Evacuate Collection Set: 2.1ms
[2024-03-24T20:47:52.366+0800][3266.395s] GC(1330)   Post Evacuate Collection Set: 0.9ms
[2024-03-24T20:47:52.366+0800][3266.395s] GC(1330)   Other: 0.1ms
[2024-03-24T20:47:52.366+0800][3266.395s] GC(1330) Eden regions: 305->0(305)
[2024-03-24T20:47:52.366+0800][3266.395s] GC(1330) Survivor regions: 2->2(39)
[2024-03-24T20:47:52.366+0800][3266.395s] GC(1330) Old regions: 63->63
[2024-03-24T20:47:52.366+0800][3266.395s] GC(1330) Humongous regions: 4->4
[2024-03-24T20:47:52.366+0800][3266.396s] GC(1330) Metaspace: 66044K(66688K)->66044K(66688K) NonClass: 58630K(58944K)->58630K(58944K) Class: 7413K(7744K)->7413K(7744K)
[2024-03-24T20:47:52.366+0800][3266.396s] GC(1330) Pause Young (Normal) (G1 Evacuation Pause) 372M->67M(512M) 4.156ms
[2024-03-24T20:47:52.366+0800][3266.396s] GC(1330) User=0.00s Sys=0.00s Real=0.00s
[2024-03-24T20:47:54.251+0800][3268.277s] GC(1331) Pause Young (Normal) (G1 Evacuation Pause)
[2024-03-24T20:47:54.251+0800][3268.278s] GC(1331) Using 8 workers of 8 for evacuation
[2024-03-24T20:47:54.251+0800][3268.280s] GC(1331)   Pre Evacuate Collection Set: 0.3ms
[2024-03-24T20:47:54.251+0800][3268.281s] GC(1331)   Merge Heap Roots: 0.1ms
[2024-03-24T20:47:54.251+0800][3268.281s] GC(1331)   Evacuate Collection Set: 1.8ms
[2024-03-24T20:47:54.251+0800][3268.281s] GC(1331)   Post Evacuate Collection Set: 0.7ms
[2024-03-24T20:47:54.251+0800][3268.281s] GC(1331)   Other: 0.1ms
[2024-03-24T20:47:54.251+0800][3268.281s] GC(1331) Eden regions: 305->0(305)
[2024-03-24T20:47:54.251+0800][3268.281s] GC(1331) Survivor regions: 2->2(39)
[2024-03-24T20:47:54.251+0800][3268.281s] GC(1331) Old regions: 63->63
[2024-03-24T20:47:54.251+0800][3268.281s] GC(1331) Humongous regions: 4->4
[2024-03-24T20:47:54.251+0800][3268.281s] GC(1331) Metaspace: 66044K(66688K)->66044K(66688K) NonClass: 58630K(58944K)->58630K(58944K) Class: 7413K(7744K)->7413K(7744K)
[2024-03-24T20:47:54.251+0800][3268.281s] GC(1331) Pause Young (Normal) (G1 Evacuation Pause) 372M->67M(512M) 3.323ms
[2024-03-24T20:47:54.251+0800][3268.281s] GC(1331) User=0.00s Sys=0.00s Real=0.00s
[2024-03-24T20:47:55.967+0800][3269.990s] GC(1332) Pause Young (Normal) (G1 Evacuation Pause)
[2024-03-24T20:47:55.967+0800][3269.990s] GC(1332) Using 8 workers of 8 for evacuation
[2024-03-24T20:47:55.970+0800][3269.994s] GC(1332)   Pre Evacuate Collection Set: 0.1ms
[2024-03-24T20:47:55.970+0800][3269.994s] GC(1332)   Merge Heap Roots: 0.1ms
[2024-03-24T20:47:55.970+0800][3269.994s] GC(1332)   Evacuate Collection Set: 2.4ms
[2024-03-24T20:47:55.970+0800][3269.994s] GC(1332)   Post Evacuate Collection Set: 0.5ms
[2024-03-24T20:47:55.970+0800][3269.994s] GC(1332)   Other: 0.1ms
[2024-03-24T20:47:55.971+0800][3269.994s] GC(1332) Eden regions: 305->0(305)
[2024-03-24T20:47:55.971+0800][3269.994s] GC(1332) Survivor regions: 2->2(39)
[2024-03-24T20:47:55.971+0800][3269.994s] GC(1332) Old regions: 63->63
[2024-03-24T20:47:55.971+0800][3269.994s] GC(1332) Humongous regions: 4->4
[2024-03-24T20:47:55.971+0800][3269.994s] GC(1332) Metaspace: 66044K(66688K)->66044K(66688K) NonClass: 58630K(58944K)->58630K(58944K) Class: 7413K(7744K)->7413K(7744K)
[2024-03-24T20:47:55.971+0800][3269.994s] GC(1332) Pause Young (Normal) (G1 Evacuation Pause) 372M->68M(512M) 3.565ms
[2024-03-24T20:47:55.971+0800][3269.994s] GC(1332) User=0.00s Sys=0.00s Real=0.00s
[2024-03-24T20:47:57.315+0800][3271.343s] GC(1333) Pause Young (Normal) (G1 Evacuation Pause)
[2024-03-24T20:47:57.315+0800][3271.343s] GC(1333) Using 8 workers of 8 for evacuation
[2024-03-24T20:47:57.323+0800][3271.346s] GC(1333)   Pre Evacuate Collection Set: 0.2ms
[2024-03-24T20:47:57.323+0800][3271.346s] GC(1333)   Merge Heap Roots: 0.1ms
[2024-03-24T20:47:57.323+0800][3271.346s] GC(1333)   Evacuate Collection Set: 1.9ms
[2024-03-24T20:47:57.323+0800][3271.346s] GC(1333)   Post Evacuate Collection Set: 0.6ms
[2024-03-24T20:47:57.323+0800][3271.346s] GC(1333)   Other: 0.1ms
[2024-03-24T20:47:57.323+0800][3271.346s] GC(1333) Eden regions: 305->0(305)
[2024-03-24T20:47:57.323+0800][3271.346s] GC(1333) Survivor regions: 2->2(39)
[2024-03-24T20:47:57.323+0800][3271.346s] GC(1333) Old regions: 63->63
[2024-03-24T20:47:57.323+0800][3271.346s] GC(1333) Humongous regions: 4->4
[2024-03-24T20:47:57.323+0800][3271.346s] GC(1333) Metaspace: 66044K(66688K)->66044K(66688K) NonClass: 58630K(58944K)->58630K(58944K) Class: 7413K(7744K)->7413K(7744K)
[2024-03-24T20:47:57.323+0800][3271.346s] GC(1333) Pause Young (Normal) (G1 Evacuation Pause) 373M->67M(512M) 3.061ms
[2024-03-24T20:47:57.323+0800][3271.346s] GC(1333) User=0.00s Sys=0.00s Real=0.01s
[2024-03-24T20:47:59.164+0800][3273.195s] GC(1334) Pause Young (Normal) (G1 Evacuation Pause)
[2024-03-24T20:47:59.164+0800][3273.195s] GC(1334) Using 8 workers of 8 for evacuation
[2024-03-24T20:47:59.173+0800][3273.200s] GC(1334)   Pre Evacuate Collection Set: 0.3ms
[2024-03-24T20:47:59.173+0800][3273.200s] GC(1334)   Merge Heap Roots: 0.2ms
[2024-03-24T20:47:59.173+0800][3273.200s] GC(1334)   Evacuate Collection Set: 2.5ms
[2024-03-24T20:47:59.173+0800][3273.200s] GC(1334)   Post Evacuate Collection Set: 1.3ms
[2024-03-24T20:47:59.173+0800][3273.200s] GC(1334)   Other: 0.2ms
[2024-03-24T20:47:59.173+0800][3273.200s] GC(1334) Eden regions: 305->0(305)
[2024-03-24T20:47:59.173+0800][3273.200s] GC(1334) Survivor regions: 2->2(39)
[2024-03-24T20:47:59.173+0800][3273.200s] GC(1334) Old regions: 63->63
[2024-03-24T20:47:59.173+0800][3273.200s] GC(1334) Humongous regions: 4->4
[2024-03-24T20:47:59.173+0800][3273.200s] GC(1334) Metaspace: 66044K(66688K)->66044K(66688K) NonClass: 58630K(58944K)->58630K(58944K) Class: 7413K(7744K)->7413K(7744K)
[2024-03-24T20:47:59.173+0800][3273.200s] GC(1334) Pause Young (Normal) (G1 Evacuation Pause) 372M->68M(512M) 4.960ms
[2024-03-24T20:47:59.173+0800][3273.200s] GC(1334) User=0.00s Sys=0.00s Real=0.01s
[2024-03-24T20:48:00.885+0800][3274.916s] GC(1335) Pause Young (Normal) (G1 Evacuation Pause)
[2024-03-24T20:48:00.885+0800][3274.916s] GC(1335) Using 8 workers of 8 for evacuation
[2024-03-24T20:48:00.896+0800][3274.919s] GC(1335)   Pre Evacuate Collection Set: 0.3ms
[2024-03-24T20:48:00.897+0800][3274.920s] GC(1335)   Merge Heap Roots: 0.2ms
[2024-03-24T20:48:00.897+0800][3274.920s] GC(1335)   Evacuate Collection Set: 1.7ms
[2024-03-24T20:48:00.897+0800][3274.920s] GC(1335)   Post Evacuate Collection Set: 0.6ms
[2024-03-24T20:48:00.897+0800][3274.920s] GC(1335)   Other: 0.2ms
[2024-03-24T20:48:00.897+0800][3274.920s] GC(1335) Eden regions: 305->0(305)
[2024-03-24T20:48:00.897+0800][3274.920s] GC(1335) Survivor regions: 2->2(39)
[2024-03-24T20:48:00.897+0800][3274.920s] GC(1335) Old regions: 63->63
[2024-03-24T20:48:00.897+0800][3274.920s] GC(1335) Humongous regions: 4->4
[2024-03-24T20:48:00.897+0800][3274.920s] GC(1335) Metaspace: 66044K(66688K)->66044K(66688K) NonClass: 58630K(58944K)->58630K(58944K) Class: 7413K(7744K)->7413K(7744K)
[2024-03-24T20:48:00.897+0800][3274.920s] GC(1335) Pause Young (Normal) (G1 Evacuation Pause) 373M->68M(512M) 3.484ms
[2024-03-24T20:48:00.897+0800][3274.920s] GC(1335) User=0.00s Sys=0.00s Real=0.01s
[2024-03-24T20:48:02.663+0800][3276.686s] GC(1336) Pause Young (Normal) (G1 Evacuation Pause)
[2024-03-24T20:48:02.663+0800][3276.686s] GC(1336) Using 8 workers of 8 for evacuation
[2024-03-24T20:48:02.666+0800][3276.690s] GC(1336)   Pre Evacuate Collection Set: 0.3ms
[2024-03-24T20:48:02.666+0800][3276.690s] GC(1336)   Merge Heap Roots: 0.2ms
[2024-03-24T20:48:02.666+0800][3276.690s] GC(1336)   Evacuate Collection Set: 2.0ms
[2024-03-24T20:48:02.666+0800][3276.690s] GC(1336)   Post Evacuate Collection Set: 0.6ms
[2024-03-24T20:48:02.666+0800][3276.690s] GC(1336)   Other: 0.2ms
[2024-03-24T20:48:02.666+0800][3276.690s] GC(1336) Eden regions: 305->0(305)
[2024-03-24T20:48:02.666+0800][3276.690s] GC(1336) Survivor regions: 2->2(39)
[2024-03-24T20:48:02.666+0800][3276.690s] GC(1336) Old regions: 63->63
[2024-03-24T20:48:02.666+0800][3276.690s] GC(1336) Humongous regions: 4->4
[2024-03-24T20:48:02.666+0800][3276.690s] GC(1336) Metaspace: 66044K(66688K)->66044K(66688K) NonClass: 58630K(58944K)->58630K(58944K) Class: 7413K(7744K)->7413K(7744K)
[2024-03-24T20:48:02.666+0800][3276.690s] GC(1336) Pause Young (Normal) (G1 Evacuation Pause) 373M->67M(512M) 3.753ms
[2024-03-24T20:48:02.666+0800][3276.690s] GC(1336) User=0.00s Sys=0.00s Real=0.00s
[2024-03-24T20:48:04.433+0800][3278.459s] GC(1337) Pause Young (Normal) (G1 Evacuation Pause)
[2024-03-24T20:48:04.433+0800][3278.459s] GC(1337) Using 8 workers of 8 for evacuation
[2024-03-24T20:48:04.433+0800][3278.462s] GC(1337)   Pre Evacuate Collection Set: 0.1ms
[2024-03-24T20:48:04.433+0800][3278.462s] GC(1337)   Merge Heap Roots: 0.1ms
[2024-03-24T20:48:04.433+0800][3278.462s] GC(1337)   Evacuate Collection Set: 1.6ms
[2024-03-24T20:48:04.433+0800][3278.462s] GC(1337)   Post Evacuate Collection Set: 0.4ms
[2024-03-24T20:48:04.433+0800][3278.462s] GC(1337)   Other: 0.1ms
[2024-03-24T20:48:04.433+0800][3278.462s] GC(1337) Eden regions: 305->0(305)
[2024-03-24T20:48:04.433+0800][3278.462s] GC(1337) Survivor regions: 2->2(39)
[2024-03-24T20:48:04.433+0800][3278.462s] GC(1337) Old regions: 63->63
[2024-03-24T20:48:04.433+0800][3278.462s] GC(1337) Humongous regions: 4->4
[2024-03-24T20:48:04.433+0800][3278.462s] GC(1337) Metaspace: 66044K(66688K)->66044K(66688K) NonClass: 58630K(58944K)->58630K(58944K) Class: 7413K(7744K)->7413K(7744K)
[2024-03-24T20:48:04.433+0800][3278.462s] GC(1337) Pause Young (Normal) (G1 Evacuation Pause) 372M->67M(512M) 2.621ms
[2024-03-24T20:48:04.433+0800][3278.462s] GC(1337) User=0.00s Sys=0.00s Real=0.00s
[2024-03-24T20:48:05.861+0800][3279.884s] GC(1338) Pause Young (Normal) (G1 Evacuation Pause)
[2024-03-24T20:48:05.861+0800][3279.884s] GC(1338) Using 8 workers of 8 for evacuation
[2024-03-24T20:48:05.863+0800][3279.887s] GC(1338)   Pre Evacuate Collection Set: 0.3ms
[2024-03-24T20:48:05.863+0800][3279.887s] GC(1338)   Merge Heap Roots: 0.1ms
[2024-03-24T20:48:05.863+0800][3279.887s] GC(1338)   Evacuate Collection Set: 1.7ms
[2024-03-24T20:48:05.863+0800][3279.887s] GC(1338)   Post Evacuate Collection Set: 0.9ms
[2024-03-24T20:48:05.863+0800][3279.887s] GC(1338)   Other: 0.1ms
[2024-03-24T20:48:05.863+0800][3279.887s] GC(1338) Eden regions: 305->0(305)
[2024-03-24T20:48:05.863+0800][3279.888s] GC(1338) Survivor regions: 2->2(39)
[2024-03-24T20:48:05.863+0800][3279.888s] GC(1338) Old regions: 63->63
[2024-03-24T20:48:05.863+0800][3279.888s] GC(1338) Humongous regions: 4->4
[2024-03-24T20:48:05.863+0800][3279.888s] GC(1338) Metaspace: 66044K(66688K)->66044K(66688K) NonClass: 58630K(58944K)->58630K(58944K) Class: 7413K(7744K)->7413K(7744K)
[2024-03-24T20:48:05.863+0800][3279.888s] GC(1338) Pause Young (Normal) (G1 Evacuation Pause) 372M->67M(512M) 3.641ms
[2024-03-24T20:48:05.863+0800][3279.888s] GC(1338) User=0.00s Sys=0.00s Real=0.00s
[2024-03-24T20:48:07.474+0800][3281.505s] GC(1339) Pause Young (Normal) (G1 Evacuation Pause)
[2024-03-24T20:48:07.474+0800][3281.506s] GC(1339) Using 8 workers of 8 for evacuation
[2024-03-24T20:48:07.485+0800][3281.508s] GC(1339)   Pre Evacuate Collection Set: 0.3ms
[2024-03-24T20:48:07.485+0800][3281.508s] GC(1339)   Merge Heap Roots: 0.1ms
[2024-03-24T20:48:07.485+0800][3281.508s] GC(1339)   Evacuate Collection Set: 1.4ms
[2024-03-24T20:48:07.485+0800][3281.508s] GC(1339)   Post Evacuate Collection Set: 0.7ms
[2024-03-24T20:48:07.485+0800][3281.509s] GC(1339)   Other: 0.2ms
[2024-03-24T20:48:07.485+0800][3281.509s] GC(1339) Eden regions: 305->0(305)
[2024-03-24T20:48:07.485+0800][3281.509s] GC(1339) Survivor regions: 2->2(39)
[2024-03-24T20:48:07.485+0800][3281.509s] GC(1339) Old regions: 63->63
[2024-03-24T20:48:07.485+0800][3281.509s] GC(1339) Humongous regions: 4->4
[2024-03-24T20:48:07.485+0800][3281.509s] GC(1339) Metaspace: 66044K(66688K)->66044K(66688K) NonClass: 58630K(58944K)->58630K(58944K) Class: 7413K(7744K)->7413K(7744K)
[2024-03-24T20:48:07.485+0800][3281.509s] GC(1339) Pause Young (Normal) (G1 Evacuation Pause) 372M->67M(512M) 3.276ms
[2024-03-24T20:48:07.485+0800][3281.509s] GC(1339) User=0.05s Sys=0.00s Real=0.01s
[2024-03-24T20:48:09.211+0800][3283.239s] GC(1340) Pause Young (Normal) (G1 Evacuation Pause)
[2024-03-24T20:48:09.211+0800][3283.240s] GC(1340) Using 8 workers of 8 for evacuation
[2024-03-24T20:48:09.219+0800][3283.243s] GC(1340)   Pre Evacuate Collection Set: 0.3ms
[2024-03-24T20:48:09.219+0800][3283.243s] GC(1340)   Merge Heap Roots: 0.3ms
[2024-03-24T20:48:09.219+0800][3283.243s] GC(1340)   Evacuate Collection Set: 1.7ms
[2024-03-24T20:48:09.219+0800][3283.243s] GC(1340)   Post Evacuate Collection Set: 0.8ms
[2024-03-24T20:48:09.219+0800][3283.243s] GC(1340)   Other: 0.1ms
[2024-03-24T20:48:09.219+0800][3283.243s] GC(1340) Eden regions: 305->0(305)
[2024-03-24T20:48:09.219+0800][3283.243s] GC(1340) Survivor regions: 2->2(39)
[2024-03-24T20:48:09.219+0800][3283.243s] GC(1340) Old regions: 63->63
[2024-03-24T20:48:09.219+0800][3283.243s] GC(1340) Humongous regions: 4->4
[2024-03-24T20:48:09.219+0800][3283.243s] GC(1340) Metaspace: 66044K(66688K)->66044K(66688K) NonClass: 58630K(58944K)->58630K(58944K) Class: 7413K(7744K)->7413K(7744K)
[2024-03-24T20:48:09.219+0800][3283.243s] GC(1340) Pause Young (Normal) (G1 Evacuation Pause) 372M->67M(512M) 3.510ms
[2024-03-24T20:48:09.219+0800][3283.243s] GC(1340) User=0.02s Sys=0.00s Real=0.01s
[2024-03-24T20:48:10.930+0800][3284.953s] GC(1341) Pause Young (Normal) (G1 Evacuation Pause)
[2024-03-24T20:48:10.930+0800][3284.953s] GC(1341) Using 8 workers of 8 for evacuation
[2024-03-24T20:48:10.932+0800][3284.955s] GC(1341)   Pre Evacuate Collection Set: 0.1ms
[2024-03-24T20:48:10.932+0800][3284.955s] GC(1341)   Merge Heap Roots: 0.1ms
[2024-03-24T20:48:10.932+0800][3284.955s] GC(1341)   Evacuate Collection Set: 1.5ms
[2024-03-24T20:48:10.932+0800][3284.955s] GC(1341)   Post Evacuate Collection Set: 0.4ms
[2024-03-24T20:48:10.932+0800][3284.955s] GC(1341)   Other: 0.1ms
[2024-03-24T20:48:10.932+0800][3284.956s] GC(1341) Eden regions: 305->0(305)
[2024-03-24T20:48:10.932+0800][3284.956s] GC(1341) Survivor regions: 2->2(39)
[2024-03-24T20:48:10.932+0800][3284.956s] GC(1341) Old regions: 63->63
[2024-03-24T20:48:10.932+0800][3284.956s] GC(1341) Humongous regions: 4->4
[2024-03-24T20:48:10.932+0800][3284.956s] GC(1341) Metaspace: 66044K(66688K)->66044K(66688K) NonClass: 58630K(58944K)->58630K(58944K) Class: 7413K(7744K)->7413K(7744K)
[2024-03-24T20:48:10.932+0800][3284.956s] GC(1341) Pause Young (Normal) (G1 Evacuation Pause) 372M->67M(512M) 2.370ms
[2024-03-24T20:48:10.932+0800][3284.956s] GC(1341) User=0.02s Sys=0.00s Real=0.00s
[2024-03-24T20:48:12.559+0800][3286.583s] GC(1342) Pause Young (Normal) (G1 Evacuation Pause)
[2024-03-24T20:48:12.560+0800][3286.583s] GC(1342) Using 8 workers of 8 for evacuation
[2024-03-24T20:48:12.561+0800][3286.585s] GC(1342)   Pre Evacuate Collection Set: 0.1ms
[2024-03-24T20:48:12.561+0800][3286.585s] GC(1342)   Merge Heap Roots: 0.1ms
[2024-03-24T20:48:12.561+0800][3286.585s] GC(1342)   Evacuate Collection Set: 1.5ms
[2024-03-24T20:48:12.562+0800][3286.585s] GC(1342)   Post Evacuate Collection Set: 0.5ms
[2024-03-24T20:48:12.562+0800][3286.585s] GC(1342)   Other: 0.1ms
[2024-03-24T20:48:12.562+0800][3286.585s] GC(1342) Eden regions: 305->0(305)
[2024-03-24T20:48:12.562+0800][3286.585s] GC(1342) Survivor regions: 2->2(39)
[2024-03-24T20:48:12.562+0800][3286.585s] GC(1342) Old regions: 63->63
[2024-03-24T20:48:12.562+0800][3286.585s] GC(1342) Humongous regions: 4->4
[2024-03-24T20:48:12.562+0800][3286.585s] GC(1342) Metaspace: 66044K(66688K)->66044K(66688K) NonClass: 58630K(58944K)->58630K(58944K) Class: 7413K(7744K)->7413K(7744K)
[2024-03-24T20:48:12.562+0800][3286.585s] GC(1342) Pause Young (Normal) (G1 Evacuation Pause) 372M->68M(512M) 2.598ms
[2024-03-24T20:48:12.562+0800][3286.585s] GC(1342) User=0.02s Sys=0.00s Real=0.00s
[2024-03-24T20:48:14.586+0800][3288.611s] GC(1343) Pause Young (Normal) (G1 Evacuation Pause)
[2024-03-24T20:48:14.586+0800][3288.611s] GC(1343) Using 8 workers of 8 for evacuation
[2024-03-24T20:48:14.591+0800][3288.614s] GC(1343)   Pre Evacuate Collection Set: 0.2ms
[2024-03-24T20:48:14.592+0800][3288.614s] GC(1343)   Merge Heap Roots: 0.2ms
[2024-03-24T20:48:14.592+0800][3288.614s] GC(1343)   Evacuate Collection Set: 1.7ms
[2024-03-24T20:48:14.592+0800][3288.614s] GC(1343)   Post Evacuate Collection Set: 0.5ms
[2024-03-24T20:48:14.592+0800][3288.614s] GC(1343)   Other: 0.1ms
[2024-03-24T20:48:14.592+0800][3288.614s] GC(1343) Eden regions: 305->0(305)
[2024-03-24T20:48:14.592+0800][3288.614s] GC(1343) Survivor regions: 2->2(39)
[2024-03-24T20:48:14.592+0800][3288.614s] GC(1343) Old regions: 63->63
[2024-03-24T20:48:14.592+0800][3288.614s] GC(1343) Humongous regions: 4->4
[2024-03-24T20:48:14.592+0800][3288.614s] GC(1343) Metaspace: 66044K(66688K)->66044K(66688K) NonClass: 58630K(58944K)->58630K(58944K) Class: 7413K(7744K)->7413K(7744K)
[2024-03-24T20:48:14.592+0800][3288.614s] GC(1343) Pause Young (Normal) (G1 Evacuation Pause) 373M->68M(512M) 3.258ms
[2024-03-24T20:48:14.592+0800][3288.614s] GC(1343) User=0.00s Sys=0.00s Real=0.01s
[2024-03-24T20:48:16.357+0800][3290.381s] GC(1344) Pause Young (Normal) (G1 Evacuation Pause)
[2024-03-24T20:48:16.357+0800][3290.381s] GC(1344) Using 8 workers of 8 for evacuation
[2024-03-24T20:48:16.359+0800][3290.384s] GC(1344)   Pre Evacuate Collection Set: 0.2ms
[2024-03-24T20:48:16.359+0800][3290.384s] GC(1344)   Merge Heap Roots: 0.1ms
[2024-03-24T20:48:16.359+0800][3290.384s] GC(1344)   Evacuate Collection Set: 1.6ms
[2024-03-24T20:48:16.359+0800][3290.384s] GC(1344)   Post Evacuate Collection Set: 0.7ms
[2024-03-24T20:48:16.359+0800][3290.384s] GC(1344)   Other: 0.2ms
[2024-03-24T20:48:16.359+0800][3290.384s] GC(1344) Eden regions: 305->0(305)
[2024-03-24T20:48:16.359+0800][3290.385s] GC(1344) Survivor regions: 2->2(39)
[2024-03-24T20:48:16.359+0800][3290.385s] GC(1344) Old regions: 63->63
[2024-03-24T20:48:16.359+0800][3290.385s] GC(1344) Humongous regions: 4->4
[2024-03-24T20:48:16.359+0800][3290.385s] GC(1344) Metaspace: 66044K(66688K)->66044K(66688K) NonClass: 58630K(58944K)->58630K(58944K) Class: 7413K(7744K)->7413K(7744K)
[2024-03-24T20:48:16.359+0800][3290.385s] GC(1344) Pause Young (Normal) (G1 Evacuation Pause) 373M->67M(512M) 4.077ms
[2024-03-24T20:48:16.359+0800][3290.385s] GC(1344) User=0.00s Sys=0.00s Real=0.00s
[2024-03-24T20:48:18.125+0800][3292.148s] GC(1345) Pause Young (Normal) (G1 Evacuation Pause)
[2024-03-24T20:48:18.125+0800][3292.148s] GC(1345) Using 8 workers of 8 for evacuation
[2024-03-24T20:48:18.127+0800][3292.151s] GC(1345)   Pre Evacuate Collection Set: 0.3ms
[2024-03-24T20:48:18.127+0800][3292.151s] GC(1345)   Merge Heap Roots: 0.2ms
[2024-03-24T20:48:18.127+0800][3292.151s] GC(1345)   Evacuate Collection Set: 1.4ms
[2024-03-24T20:48:18.127+0800][3292.151s] GC(1345)   Post Evacuate Collection Set: 0.6ms
[2024-03-24T20:48:18.127+0800][3292.151s] GC(1345)   Other: 0.1ms
[2024-03-24T20:48:18.127+0800][3292.151s] GC(1345) Eden regions: 305->0(305)
[2024-03-24T20:48:18.127+0800][3292.151s] GC(1345) Survivor regions: 2->2(39)
[2024-03-24T20:48:18.127+0800][3292.151s] GC(1345) Old regions: 63->63
[2024-03-24T20:48:18.127+0800][3292.151s] GC(1345) Humongous regions: 4->4
[2024-03-24T20:48:18.127+0800][3292.151s] GC(1345) Metaspace: 66044K(66688K)->66044K(66688K) NonClass: 58630K(58944K)->58630K(58944K) Class: 7413K(7744K)->7413K(7744K)
[2024-03-24T20:48:18.128+0800][3292.151s] GC(1345) Pause Young (Normal) (G1 Evacuation Pause) 372M->67M(512M) 3.031ms
[2024-03-24T20:48:18.128+0800][3292.151s] GC(1345) User=0.00s Sys=0.00s Real=0.00s
[2024-03-24T20:48:19.966+0800][3293.989s] GC(1346) Pause Young (Normal) (G1 Evacuation Pause)
[2024-03-24T20:48:19.966+0800][3293.990s] GC(1346) Using 8 workers of 8 for evacuation
[2024-03-24T20:48:19.970+0800][3293.993s] GC(1346)   Pre Evacuate Collection Set: 0.3ms
[2024-03-24T20:48:19.970+0800][3293.993s] GC(1346)   Merge Heap Roots: 0.2ms
[2024-03-24T20:48:19.970+0800][3293.993s] GC(1346)   Evacuate Collection Set: 2.2ms
[2024-03-24T20:48:19.970+0800][3293.993s] GC(1346)   Post Evacuate Collection Set: 0.7ms
[2024-03-24T20:48:19.970+0800][3293.993s] GC(1346)   Other: 0.1ms
[2024-03-24T20:48:19.970+0800][3293.993s] GC(1346) Eden regions: 305->0(305)
[2024-03-24T20:48:19.970+0800][3293.993s] GC(1346) Survivor regions: 2->2(39)
[2024-03-24T20:48:19.970+0800][3293.993s] GC(1346) Old regions: 63->63
[2024-03-24T20:48:19.970+0800][3293.993s] GC(1346) Humongous regions: 4->4
[2024-03-24T20:48:19.970+0800][3293.993s] GC(1346) Metaspace: 66044K(66688K)->66044K(66688K) NonClass: 58630K(58944K)->58630K(58944K) Class: 7413K(7744K)->7413K(7744K)
[2024-03-24T20:48:19.970+0800][3293.993s] GC(1346) Pause Young (Normal) (G1 Evacuation Pause) 372M->68M(512M) 3.878ms
[2024-03-24T20:48:19.970+0800][3293.993s] GC(1346) User=0.00s Sys=0.00s Real=0.00s
[2024-03-24T20:48:21.870+0800][3295.897s] GC(1347) Pause Young (Normal) (G1 Evacuation Pause)
[2024-03-24T20:48:21.870+0800][3295.897s] GC(1347) Using 8 workers of 8 for evacuation
[2024-03-24T20:48:21.870+0800][3295.901s] GC(1347)   Pre Evacuate Collection Set: 0.4ms
[2024-03-24T20:48:21.870+0800][3295.901s] GC(1347)   Merge Heap Roots: 0.2ms
[2024-03-24T20:48:21.870+0800][3295.901s] GC(1347)   Evacuate Collection Set: 2.2ms
[2024-03-24T20:48:21.870+0800][3295.901s] GC(1347)   Post Evacuate Collection Set: 1.0ms
[2024-03-24T20:48:21.870+0800][3295.901s] GC(1347)   Other: 0.1ms
[2024-03-24T20:48:21.870+0800][3295.902s] GC(1347) Eden regions: 305->0(305)
[2024-03-24T20:48:21.870+0800][3295.902s] GC(1347) Survivor regions: 2->2(39)
[2024-03-24T20:48:21.879+0800][3295.902s] GC(1347) Old regions: 63->63
[2024-03-24T20:48:21.879+0800][3295.902s] GC(1347) Humongous regions: 4->4
[2024-03-24T20:48:21.879+0800][3295.902s] GC(1347) Metaspace: 66044K(66688K)->66044K(66688K) NonClass: 58630K(58944K)->58630K(58944K) Class: 7413K(7744K)->7413K(7744K)
[2024-03-24T20:48:21.879+0800][3295.902s] GC(1347) Pause Young (Normal) (G1 Evacuation Pause) 373M->67M(512M) 4.363ms
[2024-03-24T20:48:21.879+0800][3295.902s] GC(1347) User=0.00s Sys=0.00s Real=0.01s
[2024-03-24T20:48:23.504+0800][3297.529s] GC(1348) Pause Young (Normal) (G1 Evacuation Pause)
[2024-03-24T20:48:23.504+0800][3297.529s] GC(1348) Using 8 workers of 8 for evacuation
[2024-03-24T20:48:23.504+0800][3297.531s] GC(1348)   Pre Evacuate Collection Set: 0.3ms
[2024-03-24T20:48:23.504+0800][3297.531s] GC(1348)   Merge Heap Roots: 0.1ms
[2024-03-24T20:48:23.504+0800][3297.531s] GC(1348)   Evacuate Collection Set: 1.3ms
[2024-03-24T20:48:23.504+0800][3297.531s] GC(1348)   Post Evacuate Collection Set: 0.6ms
[2024-03-24T20:48:23.504+0800][3297.531s] GC(1348)   Other: 0.1ms
[2024-03-24T20:48:23.504+0800][3297.531s] GC(1348) Eden regions: 305->0(305)
[2024-03-24T20:48:23.504+0800][3297.531s] GC(1348) Survivor regions: 2->2(39)
[2024-03-24T20:48:23.504+0800][3297.531s] GC(1348) Old regions: 63->63
[2024-03-24T20:48:23.504+0800][3297.531s] GC(1348) Humongous regions: 4->4
[2024-03-24T20:48:23.504+0800][3297.531s] GC(1348) Metaspace: 66044K(66688K)->66044K(66688K) NonClass: 58630K(58944K)->58630K(58944K) Class: 7413K(7744K)->7413K(7744K)
[2024-03-24T20:48:23.504+0800][3297.531s] GC(1348) Pause Young (Normal) (G1 Evacuation Pause) 372M->68M(512M) 2.821ms
[2024-03-24T20:48:23.504+0800][3297.531s] GC(1348) User=0.00s Sys=0.00s Real=0.00s
[2024-03-24T20:48:25.320+0800][3299.350s] GC(1349) Pause Young (Normal) (G1 Evacuation Pause)
[2024-03-24T20:48:25.320+0800][3299.350s] GC(1349) Using 8 workers of 8 for evacuation
[2024-03-24T20:48:25.330+0800][3299.354s] GC(1349)   Pre Evacuate Collection Set: 0.4ms
[2024-03-24T20:48:25.330+0800][3299.354s] GC(1349)   Merge Heap Roots: 0.3ms
[2024-03-24T20:48:25.330+0800][3299.354s] GC(1349)   Evacuate Collection Set: 2.2ms
[2024-03-24T20:48:25.330+0800][3299.354s] GC(1349)   Post Evacuate Collection Set: 1.0ms
[2024-03-24T20:48:25.330+0800][3299.354s] GC(1349)   Other: 0.2ms
[2024-03-24T20:48:25.330+0800][3299.354s] GC(1349) Eden regions: 305->0(305)
[2024-03-24T20:48:25.330+0800][3299.354s] GC(1349) Survivor regions: 2->2(39)
[2024-03-24T20:48:25.330+0800][3299.354s] GC(1349) Old regions: 63->63
[2024-03-24T20:48:25.330+0800][3299.354s] GC(1349) Humongous regions: 4->4
[2024-03-24T20:48:25.330+0800][3299.354s] GC(1349) Metaspace: 66044K(66688K)->66044K(66688K) NonClass: 58630K(58944K)->58630K(58944K) Class: 7413K(7744K)->7413K(7744K)
[2024-03-24T20:48:25.330+0800][3299.354s] GC(1349) Pause Young (Normal) (G1 Evacuation Pause) 373M->68M(512M) 4.893ms
[2024-03-24T20:48:25.330+0800][3299.355s] GC(1349) User=0.02s Sys=0.00s Real=0.01s
[2024-03-24T20:48:27.008+0800][3301.037s] GC(1350) Pause Young (Normal) (G1 Evacuation Pause)
[2024-03-24T20:48:27.008+0800][3301.037s] GC(1350) Using 8 workers of 8 for evacuation
[2024-03-24T20:48:27.008+0800][3301.040s] GC(1350)   Pre Evacuate Collection Set: 0.3ms
[2024-03-24T20:48:27.008+0800][3301.040s] GC(1350)   Merge Heap Roots: 0.1ms
[2024-03-24T20:48:27.008+0800][3301.040s] GC(1350)   Evacuate Collection Set: 2.0ms
[2024-03-24T20:48:27.008+0800][3301.040s] GC(1350)   Post Evacuate Collection Set: 0.7ms
[2024-03-24T20:48:27.008+0800][3301.040s] GC(1350)   Other: 0.1ms
[2024-03-24T20:48:27.008+0800][3301.040s] GC(1350) Eden regions: 305->0(305)
[2024-03-24T20:48:27.008+0800][3301.040s] GC(1350) Survivor regions: 2->2(39)
[2024-03-24T20:48:27.008+0800][3301.040s] GC(1350) Old regions: 63->63
[2024-03-24T20:48:27.008+0800][3301.040s] GC(1350) Humongous regions: 4->4
[2024-03-24T20:48:27.008+0800][3301.040s] GC(1350) Metaspace: 66044K(66688K)->66044K(66688K) NonClass: 58630K(58944K)->58630K(58944K) Class: 7413K(7744K)->7413K(7744K)
[2024-03-24T20:48:27.008+0800][3301.040s] GC(1350) Pause Young (Normal) (G1 Evacuation Pause) 373M->67M(512M) 3.536ms
[2024-03-24T20:48:27.008+0800][3301.040s] GC(1350) User=0.00s Sys=0.00s Real=0.00s
[2024-03-24T20:48:28.847+0800][3302.870s] GC(1351) Pause Young (Normal) (G1 Evacuation Pause)
[2024-03-24T20:48:28.847+0800][3302.871s] GC(1351) Using 8 workers of 8 for evacuation
[2024-03-24T20:48:28.851+0800][3302.874s] GC(1351)   Pre Evacuate Collection Set: 0.3ms
[2024-03-24T20:48:28.851+0800][3302.874s] GC(1351)   Merge Heap Roots: 0.1ms
[2024-03-24T20:48:28.851+0800][3302.874s] GC(1351)   Evacuate Collection Set: 1.6ms
[2024-03-24T20:48:28.851+0800][3302.874s] GC(1351)   Post Evacuate Collection Set: 0.7ms
[2024-03-24T20:48:28.851+0800][3302.874s] GC(1351)   Other: 0.2ms
[2024-03-24T20:48:28.851+0800][3302.874s] GC(1351) Eden regions: 305->0(305)
[2024-03-24T20:48:28.851+0800][3302.874s] GC(1351) Survivor regions: 2->2(39)
[2024-03-24T20:48:28.851+0800][3302.874s] GC(1351) Old regions: 63->63
[2024-03-24T20:48:28.851+0800][3302.874s] GC(1351) Humongous regions: 4->4
[2024-03-24T20:48:28.851+0800][3302.874s] GC(1351) Metaspace: 66044K(66688K)->66044K(66688K) NonClass: 58630K(58944K)->58630K(58944K) Class: 7413K(7744K)->7413K(7744K)
[2024-03-24T20:48:28.851+0800][3302.874s] GC(1351) Pause Young (Normal) (G1 Evacuation Pause) 372M->67M(512M) 3.511ms
[2024-03-24T20:48:28.851+0800][3302.874s] GC(1351) User=0.00s Sys=0.00s Real=0.00s
[2024-03-24T20:48:30.553+0800][3304.584s] GC(1352) Pause Young (Normal) (G1 Evacuation Pause)
[2024-03-24T20:48:30.553+0800][3304.584s] GC(1352) Using 8 workers of 8 for evacuation
[2024-03-24T20:48:30.565+0800][3304.588s] GC(1352)   Pre Evacuate Collection Set: 0.5ms
[2024-03-24T20:48:30.565+0800][3304.588s] GC(1352)   Merge Heap Roots: 0.2ms
[2024-03-24T20:48:30.565+0800][3304.588s] GC(1352)   Evacuate Collection Set: 2.3ms
[2024-03-24T20:48:30.565+0800][3304.588s] GC(1352)   Post Evacuate Collection Set: 0.8ms
[2024-03-24T20:48:30.565+0800][3304.588s] GC(1352)   Other: 0.2ms
[2024-03-24T20:48:30.565+0800][3304.588s] GC(1352) Eden regions: 305->0(305)
[2024-03-24T20:48:30.565+0800][3304.589s] GC(1352) Survivor regions: 2->2(39)
[2024-03-24T20:48:30.565+0800][3304.589s] GC(1352) Old regions: 63->63
[2024-03-24T20:48:30.565+0800][3304.589s] GC(1352) Humongous regions: 4->4
[2024-03-24T20:48:30.565+0800][3304.589s] GC(1352) Metaspace: 66044K(66688K)->66044K(66688K) NonClass: 58630K(58944K)->58630K(58944K) Class: 7413K(7744K)->7413K(7744K)
[2024-03-24T20:48:30.565+0800][3304.589s] GC(1352) Pause Young (Normal) (G1 Evacuation Pause) 372M->67M(512M) 4.719ms
[2024-03-24T20:48:30.565+0800][3304.589s] GC(1352) User=0.03s Sys=0.00s Real=0.01s
[2024-03-24T20:48:32.480+0800][3306.503s] GC(1353) Pause Young (Normal) (G1 Evacuation Pause)
[2024-03-24T20:48:32.480+0800][3306.503s] GC(1353) Using 8 workers of 8 for evacuation
[2024-03-24T20:48:32.483+0800][3306.507s] GC(1353)   Pre Evacuate Collection Set: 0.5ms
[2024-03-24T20:48:32.483+0800][3306.507s] GC(1353)   Merge Heap Roots: 0.3ms
[2024-03-24T20:48:32.483+0800][3306.507s] GC(1353)   Evacuate Collection Set: 1.9ms
[2024-03-24T20:48:32.483+0800][3306.507s] GC(1353)   Post Evacuate Collection Set: 0.5ms
[2024-03-24T20:48:32.483+0800][3306.507s] GC(1353)   Other: 0.3ms
[2024-03-24T20:48:32.483+0800][3306.507s] GC(1353) Eden regions: 305->0(305)
[2024-03-24T20:48:32.483+0800][3306.507s] GC(1353) Survivor regions: 2->2(39)
[2024-03-24T20:48:32.483+0800][3306.507s] GC(1353) Old regions: 63->63
[2024-03-24T20:48:32.483+0800][3306.507s] GC(1353) Humongous regions: 4->4
[2024-03-24T20:48:32.483+0800][3306.507s] GC(1353) Metaspace: 66044K(66688K)->66044K(66688K) NonClass: 58630K(58944K)->58630K(58944K) Class: 7413K(7744K)->7413K(7744K)
[2024-03-24T20:48:32.483+0800][3306.507s] GC(1353) Pause Young (Normal) (G1 Evacuation Pause) 372M->68M(512M) 3.721ms
[2024-03-24T20:48:32.483+0800][3306.507s] GC(1353) User=0.00s Sys=0.00s Real=0.00s
[2024-03-24T20:48:34.270+0800][3308.295s] GC(1354) Pause Young (Normal) (G1 Evacuation Pause)
[2024-03-24T20:48:34.270+0800][3308.295s] GC(1354) Using 8 workers of 8 for evacuation
[2024-03-24T20:48:34.270+0800][3308.299s] GC(1354)   Pre Evacuate Collection Set: 0.5ms
[2024-03-24T20:48:34.270+0800][3308.299s] GC(1354)   Merge Heap Roots: 0.1ms
[2024-03-24T20:48:34.270+0800][3308.299s] GC(1354)   Evacuate Collection Set: 2.0ms
[2024-03-24T20:48:34.270+0800][3308.299s] GC(1354)   Post Evacuate Collection Set: 0.7ms
[2024-03-24T20:48:34.270+0800][3308.299s] GC(1354)   Other: 0.1ms
[2024-03-24T20:48:34.270+0800][3308.299s] GC(1354) Eden regions: 305->0(305)
[2024-03-24T20:48:34.270+0800][3308.299s] GC(1354) Survivor regions: 2->2(39)
[2024-03-24T20:48:34.270+0800][3308.299s] GC(1354) Old regions: 63->63
[2024-03-24T20:48:34.270+0800][3308.299s] GC(1354) Humongous regions: 4->4
[2024-03-24T20:48:34.270+0800][3308.299s] GC(1354) Metaspace: 66044K(66688K)->66044K(66688K) NonClass: 58630K(58944K)->58630K(58944K) Class: 7413K(7744K)->7413K(7744K)
[2024-03-24T20:48:34.270+0800][3308.299s] GC(1354) Pause Young (Normal) (G1 Evacuation Pause) 373M->68M(512M) 3.811ms
[2024-03-24T20:48:34.270+0800][3308.299s] GC(1354) User=0.00s Sys=0.00s Real=0.00s
[2024-03-24T20:48:36.016+0800][3310.045s] GC(1355) Pause Young (Normal) (G1 Evacuation Pause)
[2024-03-24T20:48:36.016+0800][3310.045s] GC(1355) Using 8 workers of 8 for evacuation
[2024-03-24T20:48:36.016+0800][3310.048s] GC(1355)   Pre Evacuate Collection Set: 0.3ms
[2024-03-24T20:48:36.016+0800][3310.048s] GC(1355)   Merge Heap Roots: 0.1ms
[2024-03-24T20:48:36.016+0800][3310.048s] GC(1355)   Evacuate Collection Set: 1.5ms
[2024-03-24T20:48:36.016+0800][3310.048s] GC(1355)   Post Evacuate Collection Set: 0.8ms
[2024-03-24T20:48:36.016+0800][3310.048s] GC(1355)   Other: 0.2ms
[2024-03-24T20:48:36.016+0800][3310.048s] GC(1355) Eden regions: 305->0(305)
[2024-03-24T20:48:36.016+0800][3310.048s] GC(1355) Survivor regions: 2->2(39)
[2024-03-24T20:48:36.016+0800][3310.048s] GC(1355) Old regions: 63->63
[2024-03-24T20:48:36.016+0800][3310.048s] GC(1355) Humongous regions: 4->4
[2024-03-24T20:48:36.016+0800][3310.048s] GC(1355) Metaspace: 66044K(66688K)->66044K(66688K) NonClass: 58630K(58944K)->58630K(58944K) Class: 7413K(7744K)->7413K(7744K)
[2024-03-24T20:48:36.016+0800][3310.048s] GC(1355) Pause Young (Normal) (G1 Evacuation Pause) 373M->68M(512M) 3.370ms
[2024-03-24T20:48:36.016+0800][3310.048s] GC(1355) User=0.00s Sys=0.00s Real=0.00s
[2024-03-24T20:48:37.779+0800][3311.802s] GC(1356) Pause Young (Normal) (G1 Evacuation Pause)
[2024-03-24T20:48:37.779+0800][3311.803s] GC(1356) Using 8 workers of 8 for evacuation
[2024-03-24T20:48:37.782+0800][3311.806s] GC(1356)   Pre Evacuate Collection Set: 0.5ms
[2024-03-24T20:48:37.782+0800][3311.806s] GC(1356)   Merge Heap Roots: 0.2ms
[2024-03-24T20:48:37.782+0800][3311.806s] GC(1356)   Evacuate Collection Set: 1.6ms
[2024-03-24T20:48:37.782+0800][3311.806s] GC(1356)   Post Evacuate Collection Set: 0.6ms
[2024-03-24T20:48:37.782+0800][3311.806s] GC(1356)   Other: 0.2ms
[2024-03-24T20:48:37.782+0800][3311.806s] GC(1356) Eden regions: 305->0(305)
[2024-03-24T20:48:37.782+0800][3311.806s] GC(1356) Survivor regions: 2->2(39)
[2024-03-24T20:48:37.782+0800][3311.806s] GC(1356) Old regions: 63->63
[2024-03-24T20:48:37.782+0800][3311.806s] GC(1356) Humongous regions: 4->4
[2024-03-24T20:48:37.782+0800][3311.806s] GC(1356) Metaspace: 66044K(66688K)->66044K(66688K) NonClass: 58630K(58944K)->58630K(58944K) Class: 7413K(7744K)->7413K(7744K)
[2024-03-24T20:48:37.783+0800][3311.806s] GC(1356) Pause Young (Normal) (G1 Evacuation Pause) 373M->68M(512M) 3.422ms
[2024-03-24T20:48:37.783+0800][3311.806s] GC(1356) User=0.00s Sys=0.00s Real=0.00s
[2024-03-24T20:48:39.439+0800][3313.464s] GC(1357) Pause Young (Normal) (G1 Evacuation Pause)
[2024-03-24T20:48:39.439+0800][3313.464s] GC(1357) Using 8 workers of 8 for evacuation
[2024-03-24T20:48:39.439+0800][3313.467s] GC(1357)   Pre Evacuate Collection Set: 0.1ms
[2024-03-24T20:48:39.439+0800][3313.467s] GC(1357)   Merge Heap Roots: 0.1ms
[2024-03-24T20:48:39.439+0800][3313.467s] GC(1357)   Evacuate Collection Set: 1.4ms
[2024-03-24T20:48:39.439+0800][3313.467s] GC(1357)   Post Evacuate Collection Set: 0.6ms
[2024-03-24T20:48:39.439+0800][3313.467s] GC(1357)   Other: 0.1ms
[2024-03-24T20:48:39.439+0800][3313.467s] GC(1357) Eden regions: 305->0(305)
[2024-03-24T20:48:39.439+0800][3313.467s] GC(1357) Survivor regions: 2->2(39)
[2024-03-24T20:48:39.439+0800][3313.467s] GC(1357) Old regions: 63->63
[2024-03-24T20:48:39.439+0800][3313.467s] GC(1357) Humongous regions: 4->4
[2024-03-24T20:48:39.439+0800][3313.467s] GC(1357) Metaspace: 66044K(66688K)->66044K(66688K) NonClass: 58630K(58944K)->58630K(58944K) Class: 7413K(7744K)->7413K(7744K)
[2024-03-24T20:48:39.439+0800][3313.467s] GC(1357) Pause Young (Normal) (G1 Evacuation Pause) 373M->68M(512M) 2.613ms
[2024-03-24T20:48:39.439+0800][3313.467s] GC(1357) User=0.00s Sys=0.00s Real=0.00s
[2024-03-24T20:48:41.080+0800][3315.103s] GC(1358) Pause Young (Normal) (G1 Evacuation Pause)
[2024-03-24T20:48:41.080+0800][3315.103s] GC(1358) Using 8 workers of 8 for evacuation
[2024-03-24T20:48:41.083+0800][3315.106s] GC(1358)   Pre Evacuate Collection Set: 0.2ms
[2024-03-24T20:48:41.083+0800][3315.106s] GC(1358)   Merge Heap Roots: 0.1ms
[2024-03-24T20:48:41.083+0800][3315.106s] GC(1358)   Evacuate Collection Set: 1.8ms
[2024-03-24T20:48:41.083+0800][3315.106s] GC(1358)   Post Evacuate Collection Set: 0.6ms
[2024-03-24T20:48:41.083+0800][3315.106s] GC(1358)   Other: 0.1ms
[2024-03-24T20:48:41.083+0800][3315.106s] GC(1358) Eden regions: 305->0(305)
[2024-03-24T20:48:41.083+0800][3315.106s] GC(1358) Survivor regions: 2->2(39)
[2024-03-24T20:48:41.083+0800][3315.106s] GC(1358) Old regions: 63->63
[2024-03-24T20:48:41.083+0800][3315.106s] GC(1358) Humongous regions: 4->4
[2024-03-24T20:48:41.083+0800][3315.106s] GC(1358) Metaspace: 66044K(66688K)->66044K(66688K) NonClass: 58630K(58944K)->58630K(58944K) Class: 7413K(7744K)->7413K(7744K)
[2024-03-24T20:48:41.083+0800][3315.106s] GC(1358) Pause Young (Normal) (G1 Evacuation Pause) 373M->68M(512M) 3.470ms
[2024-03-24T20:48:41.083+0800][3315.106s] GC(1358) User=0.00s Sys=0.00s Real=0.00s
[2024-03-24T20:48:42.710+0800][3316.732s] GC(1359) Pause Young (Normal) (G1 Evacuation Pause)
[2024-03-24T20:48:42.710+0800][3316.733s] GC(1359) Using 8 workers of 8 for evacuation
[2024-03-24T20:48:42.713+0800][3316.735s] GC(1359)   Pre Evacuate Collection Set: 0.1ms
[2024-03-24T20:48:42.713+0800][3316.735s] GC(1359)   Merge Heap Roots: 0.1ms
[2024-03-24T20:48:42.713+0800][3316.735s] GC(1359)   Evacuate Collection Set: 1.6ms
[2024-03-24T20:48:42.713+0800][3316.735s] GC(1359)   Post Evacuate Collection Set: 1.0ms
[2024-03-24T20:48:42.713+0800][3316.735s] GC(1359)   Other: 0.1ms
[2024-03-24T20:48:42.713+0800][3316.736s] GC(1359) Eden regions: 305->0(305)
[2024-03-24T20:48:42.713+0800][3316.736s] GC(1359) Survivor regions: 2->2(39)
[2024-03-24T20:48:42.713+0800][3316.736s] GC(1359) Old regions: 63->63
[2024-03-24T20:48:42.713+0800][3316.736s] GC(1359) Humongous regions: 4->4
[2024-03-24T20:48:42.713+0800][3316.736s] GC(1359) Metaspace: 66044K(66688K)->66044K(66688K) NonClass: 58630K(58944K)->58630K(58944K) Class: 7413K(7744K)->7413K(7744K)
[2024-03-24T20:48:42.713+0800][3316.736s] GC(1359) Pause Young (Normal) (G1 Evacuation Pause) 373M->68M(512M) 3.120ms
[2024-03-24T20:48:42.713+0800][3316.736s] GC(1359) User=0.00s Sys=0.00s Real=0.00s
[2024-03-24T20:48:44.363+0800][3318.386s] GC(1360) Pause Young (Normal) (G1 Evacuation Pause)
[2024-03-24T20:48:44.363+0800][3318.386s] GC(1360) Using 8 workers of 8 for evacuation
[2024-03-24T20:48:44.365+0800][3318.390s] GC(1360)   Pre Evacuate Collection Set: 0.3ms
[2024-03-24T20:48:44.365+0800][3318.390s] GC(1360)   Merge Heap Roots: 0.2ms
[2024-03-24T20:48:44.365+0800][3318.390s] GC(1360)   Evacuate Collection Set: 1.9ms
[2024-03-24T20:48:44.365+0800][3318.390s] GC(1360)   Post Evacuate Collection Set: 0.6ms
[2024-03-24T20:48:44.365+0800][3318.390s] GC(1360)   Other: 0.2ms
[2024-03-24T20:48:44.365+0800][3318.390s] GC(1360) Eden regions: 305->0(305)
[2024-03-24T20:48:44.365+0800][3318.390s] GC(1360) Survivor regions: 2->2(39)
[2024-03-24T20:48:44.365+0800][3318.390s] GC(1360) Old regions: 63->63
[2024-03-24T20:48:44.365+0800][3318.390s] GC(1360) Humongous regions: 4->4
[2024-03-24T20:48:44.365+0800][3318.390s] GC(1360) Metaspace: 66044K(66688K)->66044K(66688K) NonClass: 58630K(58944K)->58630K(58944K) Class: 7413K(7744K)->7413K(7744K)
[2024-03-24T20:48:44.365+0800][3318.390s] GC(1360) Pause Young (Normal) (G1 Evacuation Pause) 373M->68M(512M) 3.653ms
[2024-03-24T20:48:44.365+0800][3318.390s] GC(1360) User=0.00s Sys=0.00s Real=0.00s
[2024-03-24T20:48:45.996+0800][3320.029s] GC(1361) Pause Young (Normal) (G1 Evacuation Pause)
[2024-03-24T20:48:46.006+0800][3320.029s] GC(1361) Using 8 workers of 8 for evacuation
[2024-03-24T20:48:46.006+0800][3320.032s] GC(1361)   Pre Evacuate Collection Set: 0.3ms
[2024-03-24T20:48:46.006+0800][3320.032s] GC(1361)   Merge Heap Roots: 0.1ms
[2024-03-24T20:48:46.006+0800][3320.032s] GC(1361)   Evacuate Collection Set: 1.8ms
[2024-03-24T20:48:46.006+0800][3320.032s] GC(1361)   Post Evacuate Collection Set: 0.9ms
[2024-03-24T20:48:46.006+0800][3320.032s] GC(1361)   Other: 0.1ms
[2024-03-24T20:48:46.006+0800][3320.032s] GC(1361) Eden regions: 305->0(305)
[2024-03-24T20:48:46.006+0800][3320.032s] GC(1361) Survivor regions: 2->2(39)
[2024-03-24T20:48:46.006+0800][3320.032s] GC(1361) Old regions: 63->63
[2024-03-24T20:48:46.006+0800][3320.032s] GC(1361) Humongous regions: 4->4
[2024-03-24T20:48:46.006+0800][3320.033s] GC(1361) Metaspace: 66044K(66688K)->66044K(66688K) NonClass: 58630K(58944K)->58630K(58944K) Class: 7413K(7744K)->7413K(7744K)
[2024-03-24T20:48:46.006+0800][3320.033s] GC(1361) Pause Young (Normal) (G1 Evacuation Pause) 373M->68M(512M) 3.686ms
[2024-03-24T20:48:46.006+0800][3320.033s] GC(1361) User=0.00s Sys=0.00s Real=0.01s
[2024-03-24T20:48:47.826+0800][3321.848s] GC(1362) Pause Young (Normal) (G1 Evacuation Pause)
[2024-03-24T20:48:47.826+0800][3321.849s] GC(1362) Using 8 workers of 8 for evacuation
[2024-03-24T20:48:47.829+0800][3321.853s] GC(1362)   Pre Evacuate Collection Set: 0.2ms
[2024-03-24T20:48:47.829+0800][3321.853s] GC(1362)   Merge Heap Roots: 0.1ms
[2024-03-24T20:48:47.829+0800][3321.853s] GC(1362)   Evacuate Collection Set: 3.2ms
[2024-03-24T20:48:47.829+0800][3321.853s] GC(1362)   Post Evacuate Collection Set: 0.7ms
[2024-03-24T20:48:47.829+0800][3321.853s] GC(1362)   Other: 0.1ms
[2024-03-24T20:48:47.829+0800][3321.853s] GC(1362) Eden regions: 305->0(305)
[2024-03-24T20:48:47.829+0800][3321.853s] GC(1362) Survivor regions: 2->2(39)
[2024-03-24T20:48:47.829+0800][3321.853s] GC(1362) Old regions: 63->63
[2024-03-24T20:48:47.829+0800][3321.853s] GC(1362) Humongous regions: 4->4
[2024-03-24T20:48:47.829+0800][3321.853s] GC(1362) Metaspace: 66044K(66688K)->66044K(66688K) NonClass: 58630K(58944K)->58630K(58944K) Class: 7413K(7744K)->7413K(7744K)
[2024-03-24T20:48:47.831+0800][3321.853s] GC(1362) Pause Young (Normal) (G1 Evacuation Pause) 373M->68M(512M) 4.809ms
[2024-03-24T20:48:47.831+0800][3321.853s] GC(1362) User=0.00s Sys=0.00s Real=0.01s
[2024-03-24T20:48:49.532+0800][3323.555s] GC(1363) Pause Young (Normal) (G1 Evacuation Pause)
[2024-03-24T20:48:49.532+0800][3323.555s] GC(1363) Using 8 workers of 8 for evacuation
[2024-03-24T20:48:49.534+0800][3323.559s] GC(1363)   Pre Evacuate Collection Set: 0.2ms
[2024-03-24T20:48:49.534+0800][3323.559s] GC(1363)   Merge Heap Roots: 0.1ms
[2024-03-24T20:48:49.534+0800][3323.559s] GC(1363)   Evacuate Collection Set: 2.1ms
[2024-03-24T20:48:49.534+0800][3323.559s] GC(1363)   Post Evacuate Collection Set: 0.7ms
[2024-03-24T20:48:49.534+0800][3323.559s] GC(1363)   Other: 0.3ms
[2024-03-24T20:48:49.534+0800][3323.560s] GC(1363) Eden regions: 305->0(305)
[2024-03-24T20:48:49.534+0800][3323.560s] GC(1363) Survivor regions: 2->2(39)
[2024-03-24T20:48:49.534+0800][3323.560s] GC(1363) Old regions: 63->63
[2024-03-24T20:48:49.534+0800][3323.560s] GC(1363) Humongous regions: 4->4
[2024-03-24T20:48:49.534+0800][3323.560s] GC(1363) Metaspace: 66044K(66688K)->66044K(66688K) NonClass: 58630K(58944K)->58630K(58944K) Class: 7413K(7744K)->7413K(7744K)
[2024-03-24T20:48:49.534+0800][3323.560s] GC(1363) Pause Young (Normal) (G1 Evacuation Pause) 373M->68M(512M) 4.900ms
[2024-03-24T20:48:49.534+0800][3323.560s] GC(1363) User=0.00s Sys=0.00s Real=0.00s
[2024-03-24T20:48:51.360+0800][3325.395s] GC(1364) Pause Young (Normal) (G1 Evacuation Pause)
[2024-03-24T20:48:51.360+0800][3325.395s] GC(1364) Using 8 workers of 8 for evacuation
[2024-03-24T20:48:51.374+0800][3325.398s] GC(1364)   Pre Evacuate Collection Set: 0.2ms
[2024-03-24T20:48:51.374+0800][3325.398s] GC(1364)   Merge Heap Roots: 0.1ms
[2024-03-24T20:48:51.374+0800][3325.398s] GC(1364)   Evacuate Collection Set: 1.8ms
[2024-03-24T20:48:51.374+0800][3325.398s] GC(1364)   Post Evacuate Collection Set: 0.6ms
[2024-03-24T20:48:51.374+0800][3325.398s] GC(1364)   Other: 0.1ms
[2024-03-24T20:48:51.374+0800][3325.398s] GC(1364) Eden regions: 305->0(305)
[2024-03-24T20:48:51.374+0800][3325.398s] GC(1364) Survivor regions: 2->2(39)
[2024-03-24T20:48:51.374+0800][3325.398s] GC(1364) Old regions: 63->63
[2024-03-24T20:48:51.374+0800][3325.398s] GC(1364) Humongous regions: 4->4
[2024-03-24T20:48:51.374+0800][3325.398s] GC(1364) Metaspace: 66044K(66688K)->66044K(66688K) NonClass: 58630K(58944K)->58630K(58944K) Class: 7413K(7744K)->7413K(7744K)
[2024-03-24T20:48:51.374+0800][3325.398s] GC(1364) Pause Young (Normal) (G1 Evacuation Pause) 373M->68M(512M) 3.198ms
[2024-03-24T20:48:51.374+0800][3325.398s] GC(1364) User=0.00s Sys=0.00s Real=0.01s
[2024-03-24T20:48:53.129+0800][3327.152s] GC(1365) Pause Young (Normal) (G1 Evacuation Pause)
[2024-03-24T20:48:53.129+0800][3327.152s] GC(1365) Using 8 workers of 8 for evacuation
[2024-03-24T20:48:53.131+0800][3327.154s] GC(1365)   Pre Evacuate Collection Set: 0.1ms
[2024-03-24T20:48:53.131+0800][3327.154s] GC(1365)   Merge Heap Roots: 0.1ms
[2024-03-24T20:48:53.131+0800][3327.154s] GC(1365)   Evacuate Collection Set: 1.4ms
[2024-03-24T20:48:53.131+0800][3327.154s] GC(1365)   Post Evacuate Collection Set: 0.4ms
[2024-03-24T20:48:53.131+0800][3327.154s] GC(1365)   Other: 0.1ms
[2024-03-24T20:48:53.131+0800][3327.154s] GC(1365) Eden regions: 305->0(305)
[2024-03-24T20:48:53.131+0800][3327.154s] GC(1365) Survivor regions: 2->2(39)
[2024-03-24T20:48:53.131+0800][3327.155s] GC(1365) Old regions: 63->63
[2024-03-24T20:48:53.132+0800][3327.155s] GC(1365) Humongous regions: 4->4
[2024-03-24T20:48:53.132+0800][3327.155s] GC(1365) Metaspace: 66044K(66688K)->66044K(66688K) NonClass: 58630K(58944K)->58630K(58944K) Class: 7413K(7744K)->7413K(7744K)
[2024-03-24T20:48:53.132+0800][3327.155s] GC(1365) Pause Young (Normal) (G1 Evacuation Pause) 373M->68M(512M) 2.380ms
[2024-03-24T20:48:53.132+0800][3327.155s] GC(1365) User=0.00s Sys=0.00s Real=0.00s
[2024-03-24T20:48:54.765+0800][3328.794s] GC(1366) Pause Young (Normal) (G1 Evacuation Pause)
[2024-03-24T20:48:54.765+0800][3328.794s] GC(1366) Using 8 workers of 8 for evacuation
[2024-03-24T20:48:54.765+0800][3328.796s] GC(1366)   Pre Evacuate Collection Set: 0.3ms
[2024-03-24T20:48:54.765+0800][3328.796s] GC(1366)   Merge Heap Roots: 0.2ms
[2024-03-24T20:48:54.765+0800][3328.796s] GC(1366)   Evacuate Collection Set: 1.4ms
[2024-03-24T20:48:54.765+0800][3328.797s] GC(1366)   Post Evacuate Collection Set: 0.6ms
[2024-03-24T20:48:54.765+0800][3328.797s] GC(1366)   Other: 0.1ms
[2024-03-24T20:48:54.765+0800][3328.797s] GC(1366) Eden regions: 305->0(305)
[2024-03-24T20:48:54.765+0800][3328.797s] GC(1366) Survivor regions: 2->2(39)
[2024-03-24T20:48:54.765+0800][3328.797s] GC(1366) Old regions: 63->63
[2024-03-24T20:48:54.765+0800][3328.797s] GC(1366) Humongous regions: 4->4
[2024-03-24T20:48:54.765+0800][3328.797s] GC(1366) Metaspace: 66044K(66688K)->66044K(66688K) NonClass: 58630K(58944K)->58630K(58944K) Class: 7413K(7744K)->7413K(7744K)
[2024-03-24T20:48:54.765+0800][3328.797s] GC(1366) Pause Young (Normal) (G1 Evacuation Pause) 373M->68M(512M) 2.968ms
[2024-03-24T20:48:54.765+0800][3328.797s] GC(1366) User=0.00s Sys=0.00s Real=0.00s
[2024-03-24T20:48:56.514+0800][3330.537s] GC(1367) Pause Young (Normal) (G1 Evacuation Pause)
[2024-03-24T20:48:56.514+0800][3330.537s] GC(1367) Using 8 workers of 8 for evacuation
[2024-03-24T20:48:56.514+0800][3330.540s] GC(1367)   Pre Evacuate Collection Set: 0.3ms
[2024-03-24T20:48:56.514+0800][3330.540s] GC(1367)   Merge Heap Roots: 0.1ms
[2024-03-24T20:48:56.514+0800][3330.540s] GC(1367)   Evacuate Collection Set: 2.1ms
[2024-03-24T20:48:56.514+0800][3330.540s] GC(1367)   Post Evacuate Collection Set: 0.6ms
[2024-03-24T20:48:56.514+0800][3330.540s] GC(1367)   Other: 0.1ms
[2024-03-24T20:48:56.514+0800][3330.540s] GC(1367) Eden regions: 305->0(305)
[2024-03-24T20:48:56.514+0800][3330.540s] GC(1367) Survivor regions: 2->2(39)
[2024-03-24T20:48:56.514+0800][3330.540s] GC(1367) Old regions: 63->64
[2024-03-24T20:48:56.514+0800][3330.540s] GC(1367) Humongous regions: 4->4
[2024-03-24T20:48:56.514+0800][3330.540s] GC(1367) Metaspace: 66044K(66688K)->66044K(66688K) NonClass: 58630K(58944K)->58630K(58944K) Class: 7413K(7744K)->7413K(7744K)
[2024-03-24T20:48:56.514+0800][3330.540s] GC(1367) Pause Young (Normal) (G1 Evacuation Pause) 373M->68M(512M) 3.645ms
[2024-03-24T20:48:56.514+0800][3330.540s] GC(1367) User=0.00s Sys=0.00s Real=0.00s
[2024-03-24T20:48:58.370+0800][3332.394s] GC(1368) Pause Young (Normal) (G1 Evacuation Pause)
[2024-03-24T20:48:58.370+0800][3332.394s] GC(1368) Using 8 workers of 8 for evacuation
[2024-03-24T20:48:58.375+0800][3332.397s] GC(1368)   Pre Evacuate Collection Set: 0.2ms
[2024-03-24T20:48:58.375+0800][3332.397s] GC(1368)   Merge Heap Roots: 0.1ms
[2024-03-24T20:48:58.375+0800][3332.397s] GC(1368)   Evacuate Collection Set: 2.0ms
[2024-03-24T20:48:58.375+0800][3332.398s] GC(1368)   Post Evacuate Collection Set: 0.7ms
[2024-03-24T20:48:58.375+0800][3332.398s] GC(1368)   Other: 0.1ms
[2024-03-24T20:48:58.375+0800][3332.398s] GC(1368) Eden regions: 305->0(305)
[2024-03-24T20:48:58.375+0800][3332.398s] GC(1368) Survivor regions: 2->2(39)
[2024-03-24T20:48:58.375+0800][3332.398s] GC(1368) Old regions: 64->64
[2024-03-24T20:48:58.375+0800][3332.398s] GC(1368) Humongous regions: 4->4
[2024-03-24T20:48:58.375+0800][3332.398s] GC(1368) Metaspace: 66044K(66688K)->66044K(66688K) NonClass: 58630K(58944K)->58630K(58944K) Class: 7413K(7744K)->7413K(7744K)
[2024-03-24T20:48:58.375+0800][3332.398s] GC(1368) Pause Young (Normal) (G1 Evacuation Pause) 373M->68M(512M) 3.592ms
[2024-03-24T20:48:58.375+0800][3332.398s] GC(1368) User=0.00s Sys=0.00s Real=0.01s
[2024-03-24T20:49:00.212+0800][3334.236s] GC(1369) Pause Young (Normal) (G1 Evacuation Pause)
[2024-03-24T20:49:00.212+0800][3334.236s] GC(1369) Using 8 workers of 8 for evacuation
[2024-03-24T20:49:00.216+0800][3334.240s] GC(1369)   Pre Evacuate Collection Set: 0.5ms
[2024-03-24T20:49:00.216+0800][3334.240s] GC(1369)   Merge Heap Roots: 0.2ms
[2024-03-24T20:49:00.216+0800][3334.240s] GC(1369)   Evacuate Collection Set: 2.2ms
[2024-03-24T20:49:00.216+0800][3334.240s] GC(1369)   Post Evacuate Collection Set: 0.9ms
[2024-03-24T20:49:00.217+0800][3334.240s] GC(1369)   Other: 0.1ms
[2024-03-24T20:49:00.217+0800][3334.240s] GC(1369) Eden regions: 305->0(305)
[2024-03-24T20:49:00.217+0800][3334.240s] GC(1369) Survivor regions: 2->2(39)
[2024-03-24T20:49:00.217+0800][3334.240s] GC(1369) Old regions: 64->64
[2024-03-24T20:49:00.217+0800][3334.240s] GC(1369) Humongous regions: 4->4
[2024-03-24T20:49:00.217+0800][3334.240s] GC(1369) Metaspace: 66044K(66688K)->66044K(66688K) NonClass: 58630K(58944K)->58630K(58944K) Class: 7413K(7744K)->7413K(7744K)
[2024-03-24T20:49:00.217+0800][3334.240s] GC(1369) Pause Young (Normal) (G1 Evacuation Pause) 373M->68M(512M) 4.558ms
[2024-03-24T20:49:00.217+0800][3334.240s] GC(1369) User=0.00s Sys=0.00s Real=0.01s
[2024-03-24T20:49:01.998+0800][3336.021s] GC(1370) Pause Young (Normal) (G1 Evacuation Pause)
[2024-03-24T20:49:01.998+0800][3336.021s] GC(1370) Using 8 workers of 8 for evacuation
[2024-03-24T20:49:02.000+0800][3336.024s] GC(1370)   Pre Evacuate Collection Set: 0.3ms
[2024-03-24T20:49:02.000+0800][3336.024s] GC(1370)   Merge Heap Roots: 0.1ms
[2024-03-24T20:49:02.000+0800][3336.024s] GC(1370)   Evacuate Collection Set: 1.7ms
[2024-03-24T20:49:02.000+0800][3336.024s] GC(1370)   Post Evacuate Collection Set: 0.6ms
[2024-03-24T20:49:02.000+0800][3336.024s] GC(1370)   Other: 0.1ms
[2024-03-24T20:49:02.000+0800][3336.024s] GC(1370) Eden regions: 305->0(305)
[2024-03-24T20:49:02.000+0800][3336.024s] GC(1370) Survivor regions: 2->2(39)
[2024-03-24T20:49:02.000+0800][3336.024s] GC(1370) Old regions: 64->64
[2024-03-24T20:49:02.000+0800][3336.024s] GC(1370) Humongous regions: 4->4
[2024-03-24T20:49:02.000+0800][3336.024s] GC(1370) Metaspace: 66044K(66688K)->66044K(66688K) NonClass: 58630K(58944K)->58630K(58944K) Class: 7413K(7744K)->7413K(7744K)
[2024-03-24T20:49:02.000+0800][3336.024s] GC(1370) Pause Young (Normal) (G1 Evacuation Pause) 373M->68M(512M) 3.177ms
[2024-03-24T20:49:02.000+0800][3336.024s] GC(1370) User=0.00s Sys=0.00s Real=0.00s
[2024-03-24T20:49:03.835+0800][3337.861s] GC(1371) Pause Young (Normal) (G1 Evacuation Pause)
[2024-03-24T20:49:03.835+0800][3337.861s] GC(1371) Using 8 workers of 8 for evacuation
[2024-03-24T20:49:03.842+0800][3337.865s] GC(1371)   Pre Evacuate Collection Set: 0.3ms
[2024-03-24T20:49:03.842+0800][3337.865s] GC(1371)   Merge Heap Roots: 0.2ms
[2024-03-24T20:49:03.842+0800][3337.865s] GC(1371)   Evacuate Collection Set: 1.8ms
[2024-03-24T20:49:03.842+0800][3337.865s] GC(1371)   Post Evacuate Collection Set: 1.0ms
[2024-03-24T20:49:03.842+0800][3337.865s] GC(1371)   Other: 0.2ms
[2024-03-24T20:49:03.842+0800][3337.865s] GC(1371) Eden regions: 305->0(305)
[2024-03-24T20:49:03.842+0800][3337.865s] GC(1371) Survivor regions: 2->2(39)
[2024-03-24T20:49:03.842+0800][3337.865s] GC(1371) Old regions: 64->64
[2024-03-24T20:49:03.842+0800][3337.865s] GC(1371) Humongous regions: 4->4
[2024-03-24T20:49:03.842+0800][3337.865s] GC(1371) Metaspace: 66044K(66688K)->66044K(66688K) NonClass: 58630K(58944K)->58630K(58944K) Class: 7413K(7744K)->7413K(7744K)
[2024-03-24T20:49:03.842+0800][3337.865s] GC(1371) Pause Young (Normal) (G1 Evacuation Pause) 373M->68M(512M) 4.177ms
[2024-03-24T20:49:03.842+0800][3337.865s] GC(1371) User=0.00s Sys=0.00s Real=0.01s
[2024-03-24T20:49:05.581+0800][3339.604s] GC(1372) Pause Young (Normal) (G1 Evacuation Pause)
[2024-03-24T20:49:05.581+0800][3339.604s] GC(1372) Using 8 workers of 8 for evacuation
[2024-03-24T20:49:05.583+0800][3339.608s] GC(1372)   Pre Evacuate Collection Set: 0.3ms
[2024-03-24T20:49:05.583+0800][3339.608s] GC(1372)   Merge Heap Roots: 0.1ms
[2024-03-24T20:49:05.583+0800][3339.608s] GC(1372)   Evacuate Collection Set: 2.5ms
[2024-03-24T20:49:05.583+0800][3339.608s] GC(1372)   Post Evacuate Collection Set: 0.9ms
[2024-03-24T20:49:05.583+0800][3339.608s] GC(1372)   Other: 0.1ms
[2024-03-24T20:49:05.583+0800][3339.608s] GC(1372) Eden regions: 305->0(305)
[2024-03-24T20:49:05.583+0800][3339.608s] GC(1372) Survivor regions: 2->2(39)
[2024-03-24T20:49:05.586+0800][3339.608s] GC(1372) Old regions: 64->64
[2024-03-24T20:49:05.586+0800][3339.608s] GC(1372) Humongous regions: 4->4
[2024-03-24T20:49:05.586+0800][3339.608s] GC(1372) Metaspace: 66044K(66688K)->66044K(66688K) NonClass: 58630K(58944K)->58630K(58944K) Class: 7413K(7744K)->7413K(7744K)
[2024-03-24T20:49:05.586+0800][3339.608s] GC(1372) Pause Young (Normal) (G1 Evacuation Pause) 373M->68M(512M) 4.478ms
[2024-03-24T20:49:05.586+0800][3339.608s] GC(1372) User=0.00s Sys=0.00s Real=0.00s
[2024-03-24T20:49:07.357+0800][3341.382s] GC(1373) Pause Young (Normal) (G1 Evacuation Pause)
[2024-03-24T20:49:07.357+0800][3341.382s] GC(1373) Using 8 workers of 8 for evacuation
[2024-03-24T20:49:07.357+0800][3341.387s] GC(1373)   Pre Evacuate Collection Set: 0.4ms
[2024-03-24T20:49:07.357+0800][3341.387s] GC(1373)   Merge Heap Roots: 0.1ms
[2024-03-24T20:49:07.357+0800][3341.387s] GC(1373)   Evacuate Collection Set: 2.5ms
[2024-03-24T20:49:07.357+0800][3341.387s] GC(1373)   Post Evacuate Collection Set: 1.1ms
[2024-03-24T20:49:07.357+0800][3341.387s] GC(1373)   Other: 0.1ms
[2024-03-24T20:49:07.357+0800][3341.387s] GC(1373) Eden regions: 305->0(305)
[2024-03-24T20:49:07.357+0800][3341.387s] GC(1373) Survivor regions: 2->2(39)
[2024-03-24T20:49:07.357+0800][3341.387s] GC(1373) Old regions: 64->64
[2024-03-24T20:49:07.357+0800][3341.387s] GC(1373) Humongous regions: 4->4
[2024-03-24T20:49:07.357+0800][3341.387s] GC(1373) Metaspace: 66044K(66688K)->66044K(66688K) NonClass: 58630K(58944K)->58630K(58944K) Class: 7413K(7744K)->7413K(7744K)
[2024-03-24T20:49:07.357+0800][3341.387s] GC(1373) Pause Young (Normal) (G1 Evacuation Pause) 373M->68M(512M) 4.810ms
[2024-03-24T20:49:07.357+0800][3341.387s] GC(1373) User=0.00s Sys=0.00s Real=0.00s
[2024-03-24T20:49:09.260+0800][3343.287s] GC(1374) Pause Young (Normal) (G1 Evacuation Pause)
[2024-03-24T20:49:09.260+0800][3343.287s] GC(1374) Using 8 workers of 8 for evacuation
[2024-03-24T20:49:09.260+0800][3343.290s] GC(1374)   Pre Evacuate Collection Set: 0.3ms
[2024-03-24T20:49:09.260+0800][3343.291s] GC(1374)   Merge Heap Roots: 0.1ms
[2024-03-24T20:49:09.260+0800][3343.291s] GC(1374)   Evacuate Collection Set: 2.0ms
[2024-03-24T20:49:09.260+0800][3343.291s] GC(1374)   Post Evacuate Collection Set: 0.8ms
[2024-03-24T20:49:09.260+0800][3343.291s] GC(1374)   Other: 0.1ms
[2024-03-24T20:49:09.260+0800][3343.291s] GC(1374) Eden regions: 305->0(305)
[2024-03-24T20:49:09.260+0800][3343.291s] GC(1374) Survivor regions: 2->2(39)
[2024-03-24T20:49:09.260+0800][3343.291s] GC(1374) Old regions: 64->64
[2024-03-24T20:49:09.260+0800][3343.291s] GC(1374) Humongous regions: 4->4
[2024-03-24T20:49:09.260+0800][3343.291s] GC(1374) Metaspace: 66044K(66688K)->66044K(66688K) NonClass: 58630K(58944K)->58630K(58944K) Class: 7413K(7744K)->7413K(7744K)
[2024-03-24T20:49:09.260+0800][3343.291s] GC(1374) Pause Young (Normal) (G1 Evacuation Pause) 373M->68M(512M) 3.797ms
[2024-03-24T20:49:09.260+0800][3343.291s] GC(1374) User=0.00s Sys=0.00s Real=0.00s
[2024-03-24T20:49:11.114+0800][3345.138s] GC(1375) Pause Young (Normal) (G1 Evacuation Pause)
[2024-03-24T20:49:11.114+0800][3345.138s] GC(1375) Using 8 workers of 8 for evacuation
[2024-03-24T20:49:11.118+0800][3345.141s] GC(1375)   Pre Evacuate Collection Set: 0.3ms
[2024-03-24T20:49:11.118+0800][3345.141s] GC(1375)   Merge Heap Roots: 0.2ms
[2024-03-24T20:49:11.118+0800][3345.141s] GC(1375)   Evacuate Collection Set: 1.6ms
[2024-03-24T20:49:11.118+0800][3345.141s] GC(1375)   Post Evacuate Collection Set: 0.7ms
[2024-03-24T20:49:11.118+0800][3345.141s] GC(1375)   Other: 0.1ms
[2024-03-24T20:49:11.118+0800][3345.141s] GC(1375) Eden regions: 305->0(305)
[2024-03-24T20:49:11.118+0800][3345.141s] GC(1375) Survivor regions: 2->2(39)
[2024-03-24T20:49:11.118+0800][3345.141s] GC(1375) Old regions: 64->64
[2024-03-24T20:49:11.118+0800][3345.141s] GC(1375) Humongous regions: 4->4
[2024-03-24T20:49:11.118+0800][3345.141s] GC(1375) Metaspace: 66044K(66688K)->66044K(66688K) NonClass: 58630K(58944K)->58630K(58944K) Class: 7413K(7744K)->7413K(7744K)
[2024-03-24T20:49:11.118+0800][3345.141s] GC(1375) Pause Young (Normal) (G1 Evacuation Pause) 373M->68M(512M) 3.148ms
[2024-03-24T20:49:11.118+0800][3345.141s] GC(1375) User=0.00s Sys=0.00s Real=0.00s
[2024-03-24T20:49:12.850+0800][3346.873s] GC(1376) Pause Young (Normal) (G1 Evacuation Pause)
[2024-03-24T20:49:12.850+0800][3346.873s] GC(1376) Using 8 workers of 8 for evacuation
[2024-03-24T20:49:12.850+0800][3346.875s] GC(1376)   Pre Evacuate Collection Set: 0.1ms
[2024-03-24T20:49:12.850+0800][3346.875s] GC(1376)   Merge Heap Roots: 0.1ms
[2024-03-24T20:49:12.850+0800][3346.875s] GC(1376)   Evacuate Collection Set: 1.5ms
[2024-03-24T20:49:12.850+0800][3346.875s] GC(1376)   Post Evacuate Collection Set: 0.6ms
[2024-03-24T20:49:12.850+0800][3346.875s] GC(1376)   Other: 0.1ms
[2024-03-24T20:49:12.850+0800][3346.875s] GC(1376) Eden regions: 305->0(305)
[2024-03-24T20:49:12.850+0800][3346.875s] GC(1376) Survivor regions: 2->2(39)
[2024-03-24T20:49:12.850+0800][3346.875s] GC(1376) Old regions: 64->64
[2024-03-24T20:49:12.850+0800][3346.875s] GC(1376) Humongous regions: 4->4
[2024-03-24T20:49:12.850+0800][3346.875s] GC(1376) Metaspace: 66044K(66688K)->66044K(66688K) NonClass: 58630K(58944K)->58630K(58944K) Class: 7413K(7744K)->7413K(7744K)
[2024-03-24T20:49:12.850+0800][3346.875s] GC(1376) Pause Young (Normal) (G1 Evacuation Pause) 373M->68M(512M) 2.658ms
[2024-03-24T20:49:12.850+0800][3346.875s] GC(1376) User=0.00s Sys=0.00s Real=0.00s
[2024-03-24T20:49:14.472+0800][3348.496s] GC(1377) Pause Young (Normal) (G1 Evacuation Pause)
[2024-03-24T20:49:14.472+0800][3348.496s] GC(1377) Using 8 workers of 8 for evacuation
[2024-03-24T20:49:14.472+0800][3348.500s] GC(1377)   Pre Evacuate Collection Set: 0.4ms
[2024-03-24T20:49:14.472+0800][3348.500s] GC(1377)   Merge Heap Roots: 0.1ms
[2024-03-24T20:49:14.472+0800][3348.500s] GC(1377)   Evacuate Collection Set: 2.1ms
[2024-03-24T20:49:14.472+0800][3348.500s] GC(1377)   Post Evacuate Collection Set: 1.0ms
[2024-03-24T20:49:14.472+0800][3348.500s] GC(1377)   Other: 0.2ms
[2024-03-24T20:49:14.472+0800][3348.500s] GC(1377) Eden regions: 305->0(305)
[2024-03-24T20:49:14.472+0800][3348.500s] GC(1377) Survivor regions: 2->2(39)
[2024-03-24T20:49:14.472+0800][3348.500s] GC(1377) Old regions: 64->64
[2024-03-24T20:49:14.472+0800][3348.500s] GC(1377) Humongous regions: 4->4
[2024-03-24T20:49:14.472+0800][3348.500s] GC(1377) Metaspace: 66044K(66688K)->66044K(66688K) NonClass: 58630K(58944K)->58630K(58944K) Class: 7413K(7744K)->7413K(7744K)
[2024-03-24T20:49:14.472+0800][3348.500s] GC(1377) Pause Young (Normal) (G1 Evacuation Pause) 373M->68M(512M) 4.276ms
[2024-03-24T20:49:14.472+0800][3348.500s] GC(1377) User=0.00s Sys=0.00s Real=0.00s
[2024-03-24T20:49:16.076+0800][3350.099s] GC(1378) Pause Young (Normal) (G1 Evacuation Pause)
[2024-03-24T20:49:16.076+0800][3350.099s] GC(1378) Using 8 workers of 8 for evacuation
[2024-03-24T20:49:16.078+0800][3350.102s] GC(1378)   Pre Evacuate Collection Set: 0.3ms
[2024-03-24T20:49:16.078+0800][3350.103s] GC(1378)   Merge Heap Roots: 0.1ms
[2024-03-24T20:49:16.078+0800][3350.103s] GC(1378)   Evacuate Collection Set: 1.8ms
[2024-03-24T20:49:16.078+0800][3350.103s] GC(1378)   Post Evacuate Collection Set: 0.9ms
[2024-03-24T20:49:16.078+0800][3350.103s] GC(1378)   Other: 0.1ms
[2024-03-24T20:49:16.078+0800][3350.103s] GC(1378) Eden regions: 305->0(305)
[2024-03-24T20:49:16.078+0800][3350.103s] GC(1378) Survivor regions: 2->2(39)
[2024-03-24T20:49:16.078+0800][3350.103s] GC(1378) Old regions: 64->64
[2024-03-24T20:49:16.080+0800][3350.103s] GC(1378) Humongous regions: 4->4
[2024-03-24T20:49:16.080+0800][3350.103s] GC(1378) Metaspace: 66044K(66688K)->66044K(66688K) NonClass: 58630K(58944K)->58630K(58944K) Class: 7413K(7744K)->7413K(7744K)
[2024-03-24T20:49:16.080+0800][3350.103s] GC(1378) Pause Young (Normal) (G1 Evacuation Pause) 373M->68M(512M) 3.767ms
[2024-03-24T20:49:16.080+0800][3350.103s] GC(1378) User=0.00s Sys=0.00s Real=0.00s
[2024-03-24T20:49:17.950+0800][3351.972s] GC(1379) Pause Young (Normal) (G1 Evacuation Pause)
[2024-03-24T20:49:17.950+0800][3351.973s] GC(1379) Using 8 workers of 8 for evacuation
[2024-03-24T20:49:17.953+0800][3351.977s] GC(1379)   Pre Evacuate Collection Set: 0.2ms
[2024-03-24T20:49:17.953+0800][3351.977s] GC(1379)   Merge Heap Roots: 0.1ms
[2024-03-24T20:49:17.953+0800][3351.977s] GC(1379)   Evacuate Collection Set: 2.1ms
[2024-03-24T20:49:17.953+0800][3351.977s] GC(1379)   Post Evacuate Collection Set: 1.3ms
[2024-03-24T20:49:17.953+0800][3351.977s] GC(1379)   Other: 0.3ms
[2024-03-24T20:49:17.953+0800][3351.977s] GC(1379) Eden regions: 305->0(305)
[2024-03-24T20:49:17.953+0800][3351.977s] GC(1379) Survivor regions: 2->2(39)
[2024-03-24T20:49:17.953+0800][3351.977s] GC(1379) Old regions: 64->64
[2024-03-24T20:49:17.953+0800][3351.977s] GC(1379) Humongous regions: 4->4
[2024-03-24T20:49:17.953+0800][3351.977s] GC(1379) Metaspace: 66044K(66688K)->66044K(66688K) NonClass: 58630K(58944K)->58630K(58944K) Class: 7413K(7744K)->7413K(7744K)
[2024-03-24T20:49:17.953+0800][3351.977s] GC(1379) Pause Young (Normal) (G1 Evacuation Pause) 373M->68M(512M) 4.592ms
[2024-03-24T20:49:17.953+0800][3351.977s] GC(1379) User=0.00s Sys=0.00s Real=0.00s
[2024-03-24T20:49:19.762+0800][3353.792s] GC(1380) Pause Young (Normal) (G1 Evacuation Pause)
[2024-03-24T20:49:19.762+0800][3353.792s] GC(1380) Using 8 workers of 8 for evacuation
[2024-03-24T20:49:19.772+0800][3353.796s] GC(1380)   Pre Evacuate Collection Set: 0.4ms
[2024-03-24T20:49:19.772+0800][3353.796s] GC(1380)   Merge Heap Roots: 0.2ms
[2024-03-24T20:49:19.772+0800][3353.796s] GC(1380)   Evacuate Collection Set: 1.9ms
[2024-03-24T20:49:19.772+0800][3353.796s] GC(1380)   Post Evacuate Collection Set: 0.9ms
[2024-03-24T20:49:19.772+0800][3353.796s] GC(1380)   Other: 0.2ms
[2024-03-24T20:49:19.772+0800][3353.796s] GC(1380) Eden regions: 305->0(305)
[2024-03-24T20:49:19.772+0800][3353.796s] GC(1380) Survivor regions: 2->2(39)
[2024-03-24T20:49:19.772+0800][3353.796s] GC(1380) Old regions: 64->64
[2024-03-24T20:49:19.772+0800][3353.796s] GC(1380) Humongous regions: 4->4
[2024-03-24T20:49:19.772+0800][3353.796s] GC(1380) Metaspace: 66044K(66688K)->66044K(66688K) NonClass: 58630K(58944K)->58630K(58944K) Class: 7413K(7744K)->7413K(7744K)
[2024-03-24T20:49:19.772+0800][3353.796s] GC(1380) Pause Young (Normal) (G1 Evacuation Pause) 373M->68M(512M) 4.334ms
[2024-03-24T20:49:19.772+0800][3353.796s] GC(1380) User=0.00s Sys=0.00s Real=0.01s
[2024-03-24T20:49:21.464+0800][3355.487s] GC(1381) Pause Young (Normal) (G1 Evacuation Pause)
[2024-03-24T20:49:21.464+0800][3355.487s] GC(1381) Using 8 workers of 8 for evacuation
[2024-03-24T20:49:21.466+0800][3355.490s] GC(1381)   Pre Evacuate Collection Set: 0.2ms
[2024-03-24T20:49:21.467+0800][3355.490s] GC(1381)   Merge Heap Roots: 0.1ms
[2024-03-24T20:49:21.467+0800][3355.490s] GC(1381)   Evacuate Collection Set: 1.3ms
[2024-03-24T20:49:21.467+0800][3355.490s] GC(1381)   Post Evacuate Collection Set: 0.7ms
[2024-03-24T20:49:21.467+0800][3355.490s] GC(1381)   Other: 0.1ms
[2024-03-24T20:49:21.467+0800][3355.490s] GC(1381) Eden regions: 305->0(305)
[2024-03-24T20:49:21.467+0800][3355.490s] GC(1381) Survivor regions: 2->2(39)
[2024-03-24T20:49:21.467+0800][3355.490s] GC(1381) Old regions: 64->64
[2024-03-24T20:49:21.467+0800][3355.490s] GC(1381) Humongous regions: 4->4
[2024-03-24T20:49:21.467+0800][3355.490s] GC(1381) Metaspace: 66044K(66688K)->66044K(66688K) NonClass: 58630K(58944K)->58630K(58944K) Class: 7413K(7744K)->7413K(7744K)
[2024-03-24T20:49:21.467+0800][3355.490s] GC(1381) Pause Young (Normal) (G1 Evacuation Pause) 373M->68M(512M) 2.906ms
[2024-03-24T20:49:21.467+0800][3355.490s] GC(1381) User=0.00s Sys=0.00s Real=0.00s
[2024-03-24T20:49:23.265+0800][3357.288s] GC(1382) Pause Young (Normal) (G1 Evacuation Pause)
[2024-03-24T20:49:23.265+0800][3357.288s] GC(1382) Using 8 workers of 8 for evacuation
[2024-03-24T20:49:23.265+0800][3357.292s] GC(1382)   Pre Evacuate Collection Set: 0.4ms
[2024-03-24T20:49:23.265+0800][3357.292s] GC(1382)   Merge Heap Roots: 0.2ms
[2024-03-24T20:49:23.265+0800][3357.292s] GC(1382)   Evacuate Collection Set: 1.9ms
[2024-03-24T20:49:23.265+0800][3357.292s] GC(1382)   Post Evacuate Collection Set: 1.0ms
[2024-03-24T20:49:23.265+0800][3357.292s] GC(1382)   Other: 0.1ms
[2024-03-24T20:49:23.265+0800][3357.292s] GC(1382) Eden regions: 305->0(305)
[2024-03-24T20:49:23.265+0800][3357.292s] GC(1382) Survivor regions: 2->2(39)
[2024-03-24T20:49:23.265+0800][3357.292s] GC(1382) Old regions: 64->64
[2024-03-24T20:49:23.265+0800][3357.292s] GC(1382) Humongous regions: 4->4
[2024-03-24T20:49:23.265+0800][3357.292s] GC(1382) Metaspace: 66044K(66688K)->66044K(66688K) NonClass: 58630K(58944K)->58630K(58944K) Class: 7413K(7744K)->7413K(7744K)
[2024-03-24T20:49:23.265+0800][3357.292s] GC(1382) Pause Young (Normal) (G1 Evacuation Pause) 373M->68M(512M) 4.157ms
[2024-03-24T20:49:23.265+0800][3357.292s] GC(1382) User=0.00s Sys=0.00s Real=0.00s
[2024-03-24T20:49:24.923+0800][3358.946s] GC(1383) Pause Young (Normal) (G1 Evacuation Pause)
[2024-03-24T20:49:24.923+0800][3358.946s] GC(1383) Using 8 workers of 8 for evacuation
[2024-03-24T20:49:24.926+0800][3358.949s] GC(1383)   Pre Evacuate Collection Set: 0.2ms
[2024-03-24T20:49:24.926+0800][3358.950s] GC(1383)   Merge Heap Roots: 0.1ms
[2024-03-24T20:49:24.926+0800][3358.950s] GC(1383)   Evacuate Collection Set: 1.9ms
[2024-03-24T20:49:24.926+0800][3358.950s] GC(1383)   Post Evacuate Collection Set: 0.9ms
[2024-03-24T20:49:24.926+0800][3358.950s] GC(1383)   Other: 0.1ms
[2024-03-24T20:49:24.926+0800][3358.950s] GC(1383) Eden regions: 305->0(306)
[2024-03-24T20:49:24.926+0800][3358.950s] GC(1383) Survivor regions: 2->1(39)
[2024-03-24T20:49:24.926+0800][3358.950s] GC(1383) Old regions: 64->64
[2024-03-24T20:49:24.926+0800][3358.950s] GC(1383) Humongous regions: 4->4
[2024-03-24T20:49:24.926+0800][3358.950s] GC(1383) Metaspace: 66044K(66688K)->66044K(66688K) NonClass: 58630K(58944K)->58630K(58944K) Class: 7413K(7744K)->7413K(7744K)
[2024-03-24T20:49:24.926+0800][3358.950s] GC(1383) Pause Young (Normal) (G1 Evacuation Pause) 373M->68M(512M) 3.888ms
[2024-03-24T20:49:24.926+0800][3358.950s] GC(1383) User=0.00s Sys=0.00s Real=0.00s
[2024-03-24T20:49:26.735+0800][3360.758s] GC(1384) Pause Young (Normal) (G1 Evacuation Pause)
[2024-03-24T20:49:26.735+0800][3360.758s] GC(1384) Using 8 workers of 8 for evacuation
[2024-03-24T20:49:26.737+0800][3360.760s] GC(1384)   Pre Evacuate Collection Set: 0.1ms
[2024-03-24T20:49:26.737+0800][3360.760s] GC(1384)   Merge Heap Roots: 0.1ms
[2024-03-24T20:49:26.737+0800][3360.760s] GC(1384)   Evacuate Collection Set: 1.1ms
[2024-03-24T20:49:26.737+0800][3360.760s] GC(1384)   Post Evacuate Collection Set: 0.5ms
[2024-03-24T20:49:26.737+0800][3360.760s] GC(1384)   Other: 0.1ms
[2024-03-24T20:49:26.737+0800][3360.760s] GC(1384) Eden regions: 306->0(305)
[2024-03-24T20:49:26.737+0800][3360.760s] GC(1384) Survivor regions: 1->2(39)
[2024-03-24T20:49:26.737+0800][3360.760s] GC(1384) Old regions: 64->64
[2024-03-24T20:49:26.737+0800][3360.760s] GC(1384) Humongous regions: 4->4
[2024-03-24T20:49:26.737+0800][3360.760s] GC(1384) Metaspace: 66044K(66688K)->66044K(66688K) NonClass: 58630K(58944K)->58630K(58944K) Class: 7413K(7744K)->7413K(7744K)
[2024-03-24T20:49:26.737+0800][3360.760s] GC(1384) Pause Young (Normal) (G1 Evacuation Pause) 374M->68M(512M) 2.192ms
[2024-03-24T20:49:26.737+0800][3360.760s] GC(1384) User=0.00s Sys=0.00s Real=0.00s
[2024-03-24T20:49:28.527+0800][3362.550s] GC(1385) Pause Young (Normal) (G1 Evacuation Pause)
[2024-03-24T20:49:28.527+0800][3362.550s] GC(1385) Using 8 workers of 8 for evacuation
[2024-03-24T20:49:28.529+0800][3362.553s] GC(1385)   Pre Evacuate Collection Set: 0.2ms
[2024-03-24T20:49:28.530+0800][3362.553s] GC(1385)   Merge Heap Roots: 0.2ms
[2024-03-24T20:49:28.530+0800][3362.553s] GC(1385)   Evacuate Collection Set: 1.9ms
[2024-03-24T20:49:28.530+0800][3362.553s] GC(1385)   Post Evacuate Collection Set: 0.5ms
[2024-03-24T20:49:28.530+0800][3362.553s] GC(1385)   Other: 0.1ms
[2024-03-24T20:49:28.530+0800][3362.553s] GC(1385) Eden regions: 305->0(305)
[2024-03-24T20:49:28.530+0800][3362.553s] GC(1385) Survivor regions: 2->2(39)
[2024-03-24T20:49:28.530+0800][3362.553s] GC(1385) Old regions: 64->64
[2024-03-24T20:49:28.530+0800][3362.553s] GC(1385) Humongous regions: 4->4
[2024-03-24T20:49:28.530+0800][3362.553s] GC(1385) Metaspace: 66044K(66688K)->66044K(66688K) NonClass: 58630K(58944K)->58630K(58944K) Class: 7413K(7744K)->7413K(7744K)
[2024-03-24T20:49:28.530+0800][3362.553s] GC(1385) Pause Young (Normal) (G1 Evacuation Pause) 373M->68M(512M) 3.273ms
[2024-03-24T20:49:28.530+0800][3362.553s] GC(1385) User=0.00s Sys=0.00s Real=0.00s
[2024-03-24T20:49:30.339+0800][3364.363s] GC(1386) Pause Young (Normal) (G1 Evacuation Pause)
[2024-03-24T20:49:30.339+0800][3364.363s] GC(1386) Using 8 workers of 8 for evacuation
[2024-03-24T20:49:30.342+0800][3364.365s] GC(1386)   Pre Evacuate Collection Set: 0.3ms
[2024-03-24T20:49:30.342+0800][3364.365s] GC(1386)   Merge Heap Roots: 0.1ms
[2024-03-24T20:49:30.342+0800][3364.365s] GC(1386)   Evacuate Collection Set: 1.4ms
[2024-03-24T20:49:30.342+0800][3364.365s] GC(1386)   Post Evacuate Collection Set: 0.6ms
[2024-03-24T20:49:30.342+0800][3364.366s] GC(1386)   Other: 0.1ms
[2024-03-24T20:49:30.342+0800][3364.366s] GC(1386) Eden regions: 305->0(305)
[2024-03-24T20:49:30.342+0800][3364.366s] GC(1386) Survivor regions: 2->2(39)
[2024-03-24T20:49:30.342+0800][3364.366s] GC(1386) Old regions: 64->64
[2024-03-24T20:49:30.342+0800][3364.366s] GC(1386) Humongous regions: 4->4
[2024-03-24T20:49:30.342+0800][3364.366s] GC(1386) Metaspace: 66044K(66688K)->66044K(66688K) NonClass: 58630K(58944K)->58630K(58944K) Class: 7413K(7744K)->7413K(7744K)
[2024-03-24T20:49:30.342+0800][3364.366s] GC(1386) Pause Young (Normal) (G1 Evacuation Pause) 373M->68M(512M) 2.759ms
[2024-03-24T20:49:30.342+0800][3364.366s] GC(1386) User=0.00s Sys=0.00s Real=0.00s
[2024-03-24T20:49:31.963+0800][3365.992s] GC(1387) Pause Young (Normal) (G1 Evacuation Pause)
[2024-03-24T20:49:31.963+0800][3365.993s] GC(1387) Using 8 workers of 8 for evacuation
[2024-03-24T20:49:31.963+0800][3365.996s] GC(1387)   Pre Evacuate Collection Set: 0.3ms
[2024-03-24T20:49:31.963+0800][3365.996s] GC(1387)   Merge Heap Roots: 0.2ms
[2024-03-24T20:49:31.963+0800][3365.996s] GC(1387)   Evacuate Collection Set: 1.5ms
[2024-03-24T20:49:31.963+0800][3365.996s] GC(1387)   Post Evacuate Collection Set: 0.8ms
[2024-03-24T20:49:31.963+0800][3365.996s] GC(1387)   Other: 0.2ms
[2024-03-24T20:49:31.963+0800][3365.996s] GC(1387) Eden regions: 305->0(305)
[2024-03-24T20:49:31.963+0800][3365.996s] GC(1387) Survivor regions: 2->2(39)
[2024-03-24T20:49:31.963+0800][3365.996s] GC(1387) Old regions: 64->64
[2024-03-24T20:49:31.973+0800][3365.996s] GC(1387) Humongous regions: 4->4
[2024-03-24T20:49:31.973+0800][3365.996s] GC(1387) Metaspace: 66044K(66688K)->66044K(66688K) NonClass: 58630K(58944K)->58630K(58944K) Class: 7413K(7744K)->7413K(7744K)
[2024-03-24T20:49:31.973+0800][3365.996s] GC(1387) Pause Young (Normal) (G1 Evacuation Pause) 373M->68M(512M) 3.603ms
[2024-03-24T20:49:31.973+0800][3365.996s] GC(1387) User=0.00s Sys=0.00s Real=0.01s
[2024-03-24T20:49:33.835+0800][3367.866s] GC(1388) Pause Young (Normal) (G1 Evacuation Pause)
[2024-03-24T20:49:33.835+0800][3367.866s] GC(1388) Using 8 workers of 8 for evacuation
[2024-03-24T20:49:33.848+0800][3367.871s] GC(1388)   Pre Evacuate Collection Set: 0.3ms
[2024-03-24T20:49:33.848+0800][3367.871s] GC(1388)   Merge Heap Roots: 0.2ms
[2024-03-24T20:49:33.848+0800][3367.871s] GC(1388)   Evacuate Collection Set: 3.3ms
[2024-03-24T20:49:33.848+0800][3367.871s] GC(1388)   Post Evacuate Collection Set: 0.6ms
[2024-03-24T20:49:33.848+0800][3367.871s] GC(1388)   Other: 0.1ms
[2024-03-24T20:49:33.848+0800][3367.871s] GC(1388) Eden regions: 305->0(305)
[2024-03-24T20:49:33.848+0800][3367.871s] GC(1388) Survivor regions: 2->2(39)
[2024-03-24T20:49:33.848+0800][3367.871s] GC(1388) Old regions: 64->64
[2024-03-24T20:49:33.848+0800][3367.871s] GC(1388) Humongous regions: 4->4
[2024-03-24T20:49:33.848+0800][3367.871s] GC(1388) Metaspace: 66044K(66688K)->66044K(66688K) NonClass: 58630K(58944K)->58630K(58944K) Class: 7413K(7744K)->7413K(7744K)
[2024-03-24T20:49:33.848+0800][3367.871s] GC(1388) Pause Young (Normal) (G1 Evacuation Pause) 373M->68M(512M) 4.819ms
[2024-03-24T20:49:33.848+0800][3367.871s] GC(1388) User=0.03s Sys=0.00s Real=0.01s
[2024-03-24T20:49:35.626+0800][3369.652s] GC(1389) Pause Young (Normal) (G1 Evacuation Pause)
[2024-03-24T20:49:35.626+0800][3369.653s] GC(1389) Using 8 workers of 8 for evacuation
[2024-03-24T20:49:35.626+0800][3369.655s] GC(1389)   Pre Evacuate Collection Set: 0.3ms
[2024-03-24T20:49:35.626+0800][3369.655s] GC(1389)   Merge Heap Roots: 0.1ms
[2024-03-24T20:49:35.626+0800][3369.655s] GC(1389)   Evacuate Collection Set: 1.4ms
[2024-03-24T20:49:35.626+0800][3369.655s] GC(1389)   Post Evacuate Collection Set: 0.6ms
[2024-03-24T20:49:35.626+0800][3369.655s] GC(1389)   Other: 0.1ms
[2024-03-24T20:49:35.626+0800][3369.655s] GC(1389) Eden regions: 305->0(305)
[2024-03-24T20:49:35.626+0800][3369.655s] GC(1389) Survivor regions: 2->2(39)
[2024-03-24T20:49:35.626+0800][3369.655s] GC(1389) Old regions: 64->64
[2024-03-24T20:49:35.626+0800][3369.655s] GC(1389) Humongous regions: 4->4
[2024-03-24T20:49:35.626+0800][3369.655s] GC(1389) Metaspace: 66044K(66688K)->66044K(66688K) NonClass: 58630K(58944K)->58630K(58944K) Class: 7413K(7744K)->7413K(7744K)
[2024-03-24T20:49:35.626+0800][3369.655s] GC(1389) Pause Young (Normal) (G1 Evacuation Pause) 373M->68M(512M) 2.754ms
[2024-03-24T20:49:35.626+0800][3369.655s] GC(1389) User=0.00s Sys=0.00s Real=0.00s
[2024-03-24T20:49:37.344+0800][3371.367s] GC(1390) Pause Young (Normal) (G1 Evacuation Pause)
[2024-03-24T20:49:37.344+0800][3371.367s] GC(1390) Using 8 workers of 8 for evacuation
[2024-03-24T20:49:37.346+0800][3371.371s] GC(1390)   Pre Evacuate Collection Set: 0.3ms
[2024-03-24T20:49:37.346+0800][3371.371s] GC(1390)   Merge Heap Roots: 0.1ms
[2024-03-24T20:49:37.346+0800][3371.371s] GC(1390)   Evacuate Collection Set: 2.0ms
[2024-03-24T20:49:37.346+0800][3371.371s] GC(1390)   Post Evacuate Collection Set: 1.0ms
[2024-03-24T20:49:37.349+0800][3371.371s] GC(1390)   Other: 0.1ms
[2024-03-24T20:49:37.349+0800][3371.371s] GC(1390) Eden regions: 305->0(305)
[2024-03-24T20:49:37.349+0800][3371.371s] GC(1390) Survivor regions: 2->2(39)
[2024-03-24T20:49:37.349+0800][3371.371s] GC(1390) Old regions: 64->64
[2024-03-24T20:49:37.349+0800][3371.371s] GC(1390) Humongous regions: 4->4
[2024-03-24T20:49:37.349+0800][3371.371s] GC(1390) Metaspace: 66044K(66688K)->66044K(66688K) NonClass: 58630K(58944K)->58630K(58944K) Class: 7413K(7744K)->7413K(7744K)
[2024-03-24T20:49:37.349+0800][3371.371s] GC(1390) Pause Young (Normal) (G1 Evacuation Pause) 373M->68M(512M) 4.128ms
[2024-03-24T20:49:37.349+0800][3371.372s] GC(1390) User=0.00s Sys=0.00s Real=0.00s
[2024-03-24T20:49:39.163+0800][3373.186s] GC(1391) Pause Young (Normal) (G1 Evacuation Pause)
[2024-03-24T20:49:39.163+0800][3373.186s] GC(1391) Using 8 workers of 8 for evacuation
[2024-03-24T20:49:39.166+0800][3373.190s] GC(1391)   Pre Evacuate Collection Set: 0.4ms
[2024-03-24T20:49:39.166+0800][3373.190s] GC(1391)   Merge Heap Roots: 0.1ms
[2024-03-24T20:49:39.167+0800][3373.190s] GC(1391)   Evacuate Collection Set: 1.9ms
[2024-03-24T20:49:39.167+0800][3373.190s] GC(1391)   Post Evacuate Collection Set: 0.9ms
[2024-03-24T20:49:39.167+0800][3373.190s] GC(1391)   Other: 0.1ms
[2024-03-24T20:49:39.167+0800][3373.190s] GC(1391) Eden regions: 305->0(305)
[2024-03-24T20:49:39.167+0800][3373.190s] GC(1391) Survivor regions: 2->2(39)
[2024-03-24T20:49:39.167+0800][3373.190s] GC(1391) Old regions: 64->64
[2024-03-24T20:49:39.167+0800][3373.190s] GC(1391) Humongous regions: 4->4
[2024-03-24T20:49:39.167+0800][3373.190s] GC(1391) Metaspace: 66044K(66688K)->66044K(66688K) NonClass: 58630K(58944K)->58630K(58944K) Class: 7413K(7744K)->7413K(7744K)
[2024-03-24T20:49:39.167+0800][3373.190s] GC(1391) Pause Young (Normal) (G1 Evacuation Pause) 373M->68M(512M) 3.875ms
[2024-03-24T20:49:39.167+0800][3373.190s] GC(1391) User=0.00s Sys=0.00s Real=0.00s
[2024-03-24T20:49:40.984+0800][3375.008s] GC(1392) Pause Young (Normal) (G1 Evacuation Pause)
[2024-03-24T20:49:40.984+0800][3375.008s] GC(1392) Using 8 workers of 8 for evacuation
[2024-03-24T20:49:40.988+0800][3375.011s] GC(1392)   Pre Evacuate Collection Set: 0.4ms
[2024-03-24T20:49:40.988+0800][3375.011s] GC(1392)   Merge Heap Roots: 0.1ms
[2024-03-24T20:49:40.988+0800][3375.011s] GC(1392)   Evacuate Collection Set: 1.8ms
[2024-03-24T20:49:40.988+0800][3375.012s] GC(1392)   Post Evacuate Collection Set: 0.9ms
[2024-03-24T20:49:40.988+0800][3375.012s] GC(1392)   Other: 0.1ms
[2024-03-24T20:49:40.988+0800][3375.012s] GC(1392) Eden regions: 305->0(305)
[2024-03-24T20:49:40.988+0800][3375.012s] GC(1392) Survivor regions: 2->2(39)
[2024-03-24T20:49:40.988+0800][3375.012s] GC(1392) Old regions: 64->64
[2024-03-24T20:49:40.988+0800][3375.012s] GC(1392) Humongous regions: 4->4
[2024-03-24T20:49:40.988+0800][3375.012s] GC(1392) Metaspace: 66044K(66688K)->66044K(66688K) NonClass: 58630K(58944K)->58630K(58944K) Class: 7413K(7744K)->7413K(7744K)
[2024-03-24T20:49:40.988+0800][3375.012s] GC(1392) Pause Young (Normal) (G1 Evacuation Pause) 373M->68M(512M) 3.892ms
[2024-03-24T20:49:40.988+0800][3375.012s] GC(1392) User=0.00s Sys=0.00s Real=0.00s
[2024-03-24T20:49:42.846+0800][3376.869s] GC(1393) Pause Young (Normal) (G1 Evacuation Pause)
[2024-03-24T20:49:42.846+0800][3376.869s] GC(1393) Using 8 workers of 8 for evacuation
[2024-03-24T20:49:42.852+0800][3376.875s] GC(1393)   Pre Evacuate Collection Set: 0.4ms
[2024-03-24T20:49:42.852+0800][3376.875s] GC(1393)   Merge Heap Roots: 0.1ms
[2024-03-24T20:49:42.852+0800][3376.875s] GC(1393)   Evacuate Collection Set: 3.6ms
[2024-03-24T20:49:42.852+0800][3376.875s] GC(1393)   Post Evacuate Collection Set: 1.0ms
[2024-03-24T20:49:42.852+0800][3376.875s] GC(1393)   Other: 0.1ms
[2024-03-24T20:49:42.852+0800][3376.875s] GC(1393) Eden regions: 305->0(305)
[2024-03-24T20:49:42.852+0800][3376.875s] GC(1393) Survivor regions: 2->2(39)
[2024-03-24T20:49:42.852+0800][3376.875s] GC(1393) Old regions: 64->64
[2024-03-24T20:49:42.852+0800][3376.875s] GC(1393) Humongous regions: 4->4
[2024-03-24T20:49:42.852+0800][3376.875s] GC(1393) Metaspace: 66044K(66688K)->66044K(66688K) NonClass: 58630K(58944K)->58630K(58944K) Class: 7413K(7744K)->7413K(7744K)
[2024-03-24T20:49:42.852+0800][3376.875s] GC(1393) Pause Young (Normal) (G1 Evacuation Pause) 373M->68M(512M) 5.803ms
[2024-03-24T20:49:42.852+0800][3376.875s] GC(1393) User=0.00s Sys=0.00s Real=0.01s
[2024-03-24T20:49:44.528+0800][3378.557s] GC(1394) Pause Young (Normal) (G1 Evacuation Pause)
[2024-03-24T20:49:44.528+0800][3378.557s] GC(1394) Using 8 workers of 8 for evacuation
[2024-03-24T20:49:44.536+0800][3378.560s] GC(1394)   Pre Evacuate Collection Set: 0.2ms
[2024-03-24T20:49:44.536+0800][3378.560s] GC(1394)   Merge Heap Roots: 0.1ms
[2024-03-24T20:49:44.536+0800][3378.560s] GC(1394)   Evacuate Collection Set: 1.3ms
[2024-03-24T20:49:44.536+0800][3378.560s] GC(1394)   Post Evacuate Collection Set: 0.5ms
[2024-03-24T20:49:44.536+0800][3378.560s] GC(1394)   Other: 0.1ms
[2024-03-24T20:49:44.536+0800][3378.560s] GC(1394) Eden regions: 305->0(305)
[2024-03-24T20:49:44.536+0800][3378.560s] GC(1394) Survivor regions: 2->2(39)
[2024-03-24T20:49:44.536+0800][3378.560s] GC(1394) Old regions: 64->64
[2024-03-24T20:49:44.536+0800][3378.560s] GC(1394) Humongous regions: 4->4
[2024-03-24T20:49:44.536+0800][3378.560s] GC(1394) Metaspace: 66044K(66688K)->66044K(66688K) NonClass: 58630K(58944K)->58630K(58944K) Class: 7413K(7744K)->7413K(7744K)
[2024-03-24T20:49:44.536+0800][3378.560s] GC(1394) Pause Young (Normal) (G1 Evacuation Pause) 373M->68M(512M) 2.558ms
[2024-03-24T20:49:44.536+0800][3378.560s] GC(1394) User=0.00s Sys=0.00s Real=0.01s
[2024-03-24T20:49:46.324+0800][3380.355s] GC(1395) Pause Young (Normal) (G1 Evacuation Pause)
[2024-03-24T20:49:46.324+0800][3380.356s] GC(1395) Using 8 workers of 8 for evacuation
[2024-03-24T20:49:46.335+0800][3380.359s] GC(1395)   Pre Evacuate Collection Set: 0.2ms
[2024-03-24T20:49:46.335+0800][3380.359s] GC(1395)   Merge Heap Roots: 0.1ms
[2024-03-24T20:49:46.335+0800][3380.359s] GC(1395)   Evacuate Collection Set: 1.6ms
[2024-03-24T20:49:46.335+0800][3380.359s] GC(1395)   Post Evacuate Collection Set: 0.8ms
[2024-03-24T20:49:46.335+0800][3380.359s] GC(1395)   Other: 0.1ms
[2024-03-24T20:49:46.335+0800][3380.359s] GC(1395) Eden regions: 305->0(305)
[2024-03-24T20:49:46.335+0800][3380.359s] GC(1395) Survivor regions: 2->2(39)
[2024-03-24T20:49:46.335+0800][3380.359s] GC(1395) Old regions: 64->64
[2024-03-24T20:49:46.336+0800][3380.359s] GC(1395) Humongous regions: 4->4
[2024-03-24T20:49:46.336+0800][3380.359s] GC(1395) Metaspace: 66044K(66688K)->66044K(66688K) NonClass: 58630K(58944K)->58630K(58944K) Class: 7413K(7744K)->7413K(7744K)
[2024-03-24T20:49:46.336+0800][3380.359s] GC(1395) Pause Young (Normal) (G1 Evacuation Pause) 373M->68M(512M) 3.557ms
[2024-03-24T20:49:46.336+0800][3380.359s] GC(1395) User=0.00s Sys=0.00s Real=0.01s
[2024-03-24T20:49:48.172+0800][3382.195s] GC(1396) Pause Young (Normal) (G1 Evacuation Pause)
[2024-03-24T20:49:48.172+0800][3382.195s] GC(1396) Using 8 workers of 8 for evacuation
[2024-03-24T20:49:48.172+0800][3382.199s] GC(1396)   Pre Evacuate Collection Set: 0.2ms
[2024-03-24T20:49:48.172+0800][3382.199s] GC(1396)   Merge Heap Roots: 0.1ms
[2024-03-24T20:49:48.172+0800][3382.199s] GC(1396)   Evacuate Collection Set: 3.6ms
[2024-03-24T20:49:48.172+0800][3382.199s] GC(1396)   Post Evacuate Collection Set: 0.6ms
[2024-03-24T20:49:48.172+0800][3382.199s] GC(1396)   Other: 0.1ms
[2024-03-24T20:49:48.172+0800][3382.200s] GC(1396) Eden regions: 305->0(305)
[2024-03-24T20:49:48.172+0800][3382.200s] GC(1396) Survivor regions: 2->2(39)
[2024-03-24T20:49:48.172+0800][3382.200s] GC(1396) Old regions: 64->64
[2024-03-24T20:49:48.172+0800][3382.200s] GC(1396) Humongous regions: 4->4
[2024-03-24T20:49:48.172+0800][3382.200s] GC(1396) Metaspace: 66044K(66688K)->66044K(66688K) NonClass: 58630K(58944K)->58630K(58944K) Class: 7413K(7744K)->7413K(7744K)
[2024-03-24T20:49:48.172+0800][3382.200s] GC(1396) Pause Young (Normal) (G1 Evacuation Pause) 373M->69M(512M) 4.976ms
[2024-03-24T20:49:48.172+0800][3382.200s] GC(1396) User=0.00s Sys=0.02s Real=0.00s
[2024-03-24T20:49:49.838+0800][3383.861s] GC(1397) Pause Young (Normal) (G1 Evacuation Pause)
[2024-03-24T20:49:49.839+0800][3383.861s] GC(1397) Using 8 workers of 8 for evacuation
[2024-03-24T20:49:49.842+0800][3383.864s] GC(1397)   Pre Evacuate Collection Set: 0.2ms
[2024-03-24T20:49:49.842+0800][3383.865s] GC(1397)   Merge Heap Roots: 0.1ms
[2024-03-24T20:49:49.842+0800][3383.865s] GC(1397)   Evacuate Collection Set: 1.8ms
[2024-03-24T20:49:49.842+0800][3383.865s] GC(1397)   Post Evacuate Collection Set: 0.8ms
[2024-03-24T20:49:49.842+0800][3383.865s] GC(1397)   Other: 0.1ms
[2024-03-24T20:49:49.842+0800][3383.865s] GC(1397) Eden regions: 305->0(305)
[2024-03-24T20:49:49.842+0800][3383.865s] GC(1397) Survivor regions: 2->2(39)
[2024-03-24T20:49:49.842+0800][3383.865s] GC(1397) Old regions: 64->64
[2024-03-24T20:49:49.842+0800][3383.865s] GC(1397) Humongous regions: 4->4
[2024-03-24T20:49:49.842+0800][3383.865s] GC(1397) Metaspace: 66044K(66688K)->66044K(66688K) NonClass: 58630K(58944K)->58630K(58944K) Class: 7413K(7744K)->7413K(7744K)
[2024-03-24T20:49:49.842+0800][3383.865s] GC(1397) Pause Young (Normal) (G1 Evacuation Pause) 374M->68M(512M) 3.409ms
[2024-03-24T20:49:49.842+0800][3383.865s] GC(1397) User=0.00s Sys=0.00s Real=0.00s
[2024-03-24T20:49:51.766+0800][3385.789s] GC(1398) Pause Young (Normal) (G1 Evacuation Pause)
[2024-03-24T20:49:51.766+0800][3385.789s] GC(1398) Using 8 workers of 8 for evacuation
[2024-03-24T20:49:51.768+0800][3385.792s] GC(1398)   Pre Evacuate Collection Set: 0.2ms
[2024-03-24T20:49:51.768+0800][3385.792s] GC(1398)   Merge Heap Roots: 0.1ms
[2024-03-24T20:49:51.768+0800][3385.792s] GC(1398)   Evacuate Collection Set: 1.6ms
[2024-03-24T20:49:51.768+0800][3385.792s] GC(1398)   Post Evacuate Collection Set: 0.5ms
[2024-03-24T20:49:51.768+0800][3385.792s] GC(1398)   Other: 0.1ms
[2024-03-24T20:49:51.769+0800][3385.792s] GC(1398) Eden regions: 305->0(305)
[2024-03-24T20:49:51.769+0800][3385.792s] GC(1398) Survivor regions: 2->2(39)
[2024-03-24T20:49:51.769+0800][3385.792s] GC(1398) Old regions: 64->64
[2024-03-24T20:49:51.769+0800][3385.792s] GC(1398) Humongous regions: 4->4
[2024-03-24T20:49:51.769+0800][3385.792s] GC(1398) Metaspace: 66044K(66688K)->66044K(66688K) NonClass: 58630K(58944K)->58630K(58944K) Class: 7413K(7744K)->7413K(7744K)
[2024-03-24T20:49:51.769+0800][3385.792s] GC(1398) Pause Young (Normal) (G1 Evacuation Pause) 373M->68M(512M) 2.746ms
[2024-03-24T20:49:51.769+0800][3385.792s] GC(1398) User=0.00s Sys=0.00s Real=0.00s
[2024-03-24T20:49:53.568+0800][3387.591s] GC(1399) Pause Young (Normal) (G1 Evacuation Pause)
[2024-03-24T20:49:53.568+0800][3387.591s] GC(1399) Using 8 workers of 8 for evacuation
[2024-03-24T20:49:53.569+0800][3387.594s] GC(1399)   Pre Evacuate Collection Set: 0.1ms
[2024-03-24T20:49:53.569+0800][3387.594s] GC(1399)   Merge Heap Roots: 0.1ms
[2024-03-24T20:49:53.569+0800][3387.594s] GC(1399)   Evacuate Collection Set: 2.2ms
[2024-03-24T20:49:53.569+0800][3387.594s] GC(1399)   Post Evacuate Collection Set: 0.5ms
[2024-03-24T20:49:53.569+0800][3387.594s] GC(1399)   Other: 0.1ms
[2024-03-24T20:49:53.569+0800][3387.594s] GC(1399) Eden regions: 305->0(305)
[2024-03-24T20:49:53.569+0800][3387.594s] GC(1399) Survivor regions: 2->2(39)
[2024-03-24T20:49:53.569+0800][3387.594s] GC(1399) Old regions: 64->64
[2024-03-24T20:49:53.569+0800][3387.594s] GC(1399) Humongous regions: 4->4
[2024-03-24T20:49:53.569+0800][3387.594s] GC(1399) Metaspace: 66044K(66688K)->66044K(66688K) NonClass: 58630K(58944K)->58630K(58944K) Class: 7413K(7744K)->7413K(7744K)
[2024-03-24T20:49:53.569+0800][3387.595s] GC(1399) Pause Young (Normal) (G1 Evacuation Pause) 373M->68M(512M) 3.232ms
[2024-03-24T20:49:53.569+0800][3387.595s] GC(1399) User=0.00s Sys=0.00s Real=0.00s
[2024-03-24T20:49:55.249+0800][3389.276s] GC(1400) Pause Young (Normal) (G1 Evacuation Pause)
[2024-03-24T20:49:55.249+0800][3389.276s] GC(1400) Using 8 workers of 8 for evacuation
[2024-03-24T20:49:55.257+0800][3389.280s] GC(1400)   Pre Evacuate Collection Set: 0.3ms
[2024-03-24T20:49:55.257+0800][3389.280s] GC(1400)   Merge Heap Roots: 0.2ms
[2024-03-24T20:49:55.257+0800][3389.280s] GC(1400)   Evacuate Collection Set: 1.8ms
[2024-03-24T20:49:55.257+0800][3389.280s] GC(1400)   Post Evacuate Collection Set: 1.0ms
[2024-03-24T20:49:55.257+0800][3389.280s] GC(1400)   Other: 0.2ms
[2024-03-24T20:49:55.257+0800][3389.280s] GC(1400) Eden regions: 305->0(305)
[2024-03-24T20:49:55.257+0800][3389.280s] GC(1400) Survivor regions: 2->2(39)
[2024-03-24T20:49:55.257+0800][3389.280s] GC(1400) Old regions: 64->64
[2024-03-24T20:49:55.257+0800][3389.280s] GC(1400) Humongous regions: 4->4
[2024-03-24T20:49:55.257+0800][3389.280s] GC(1400) Metaspace: 66044K(66688K)->66044K(66688K) NonClass: 58630K(58944K)->58630K(58944K) Class: 7413K(7744K)->7413K(7744K)
[2024-03-24T20:49:55.257+0800][3389.280s] GC(1400) Pause Young (Normal) (G1 Evacuation Pause) 373M->68M(512M) 4.312ms
[2024-03-24T20:49:55.257+0800][3389.280s] GC(1400) User=0.00s Sys=0.00s Real=0.01s
[2024-03-24T20:49:57.053+0800][3391.076s] GC(1401) Pause Young (Normal) (G1 Evacuation Pause)
[2024-03-24T20:49:57.053+0800][3391.076s] GC(1401) Using 8 workers of 8 for evacuation
[2024-03-24T20:49:57.056+0800][3391.079s] GC(1401)   Pre Evacuate Collection Set: 0.2ms
[2024-03-24T20:49:57.056+0800][3391.079s] GC(1401)   Merge Heap Roots: 0.1ms
[2024-03-24T20:49:57.056+0800][3391.079s] GC(1401)   Evacuate Collection Set: 2.2ms
[2024-03-24T20:49:57.056+0800][3391.079s] GC(1401)   Post Evacuate Collection Set: 0.7ms
[2024-03-24T20:49:57.056+0800][3391.079s] GC(1401)   Other: 0.1ms
[2024-03-24T20:49:57.056+0800][3391.079s] GC(1401) Eden regions: 305->0(305)
[2024-03-24T20:49:57.056+0800][3391.079s] GC(1401) Survivor regions: 2->2(39)
[2024-03-24T20:49:57.056+0800][3391.079s] GC(1401) Old regions: 64->64
[2024-03-24T20:49:57.056+0800][3391.079s] GC(1401) Humongous regions: 4->4
[2024-03-24T20:49:57.056+0800][3391.079s] GC(1401) Metaspace: 66044K(66688K)->66044K(66688K) NonClass: 58630K(58944K)->58630K(58944K) Class: 7413K(7744K)->7413K(7744K)
[2024-03-24T20:49:57.056+0800][3391.079s] GC(1401) Pause Young (Normal) (G1 Evacuation Pause) 373M->68M(512M) 3.760ms
[2024-03-24T20:49:57.056+0800][3391.079s] GC(1401) User=0.02s Sys=0.00s Real=0.00s
[2024-03-24T20:49:58.763+0800][3392.786s] GC(1402) Pause Young (Normal) (G1 Evacuation Pause)
[2024-03-24T20:49:58.763+0800][3392.786s] GC(1402) Using 8 workers of 8 for evacuation
[2024-03-24T20:49:58.766+0800][3392.789s] GC(1402)   Pre Evacuate Collection Set: 0.3ms
[2024-03-24T20:49:58.766+0800][3392.789s] GC(1402)   Merge Heap Roots: 0.1ms
[2024-03-24T20:49:58.766+0800][3392.789s] GC(1402)   Evacuate Collection Set: 2.6ms
[2024-03-24T20:49:58.766+0800][3392.789s] GC(1402)   Post Evacuate Collection Set: 0.7ms
[2024-03-24T20:49:58.766+0800][3392.790s] GC(1402)   Other: 0.1ms
[2024-03-24T20:49:58.766+0800][3392.790s] GC(1402) Eden regions: 305->0(305)
[2024-03-24T20:49:58.766+0800][3392.790s] GC(1402) Survivor regions: 2->2(39)
[2024-03-24T20:49:58.766+0800][3392.790s] GC(1402) Old regions: 64->64
[2024-03-24T20:49:58.766+0800][3392.790s] GC(1402) Humongous regions: 4->4
[2024-03-24T20:49:58.766+0800][3392.790s] GC(1402) Metaspace: 66044K(66688K)->66044K(66688K) NonClass: 58630K(58944K)->58630K(58944K) Class: 7413K(7744K)->7413K(7744K)
[2024-03-24T20:49:58.766+0800][3392.790s] GC(1402) Pause Young (Normal) (G1 Evacuation Pause) 373M->68M(512M) 4.137ms
[2024-03-24T20:49:58.766+0800][3392.790s] GC(1402) User=0.00s Sys=0.00s Real=0.00s
[2024-03-24T20:50:00.535+0800][3394.567s] GC(1403) Pause Young (Normal) (G1 Evacuation Pause)
[2024-03-24T20:50:00.535+0800][3394.567s] GC(1403) Using 8 workers of 8 for evacuation
[2024-03-24T20:50:00.546+0800][3394.570s] GC(1403)   Pre Evacuate Collection Set: 0.3ms
[2024-03-24T20:50:00.546+0800][3394.570s] GC(1403)   Merge Heap Roots: 0.1ms
[2024-03-24T20:50:00.546+0800][3394.570s] GC(1403)   Evacuate Collection Set: 2.0ms
[2024-03-24T20:50:00.546+0800][3394.570s] GC(1403)   Post Evacuate Collection Set: 0.8ms
[2024-03-24T20:50:00.546+0800][3394.570s] GC(1403)   Other: 0.1ms
[2024-03-24T20:50:00.546+0800][3394.570s] GC(1403) Eden regions: 305->0(305)
[2024-03-24T20:50:00.546+0800][3394.570s] GC(1403) Survivor regions: 2->2(39)
[2024-03-24T20:50:00.546+0800][3394.570s] GC(1403) Old regions: 64->64
[2024-03-24T20:50:00.546+0800][3394.570s] GC(1403) Humongous regions: 4->4
[2024-03-24T20:50:00.546+0800][3394.570s] GC(1403) Metaspace: 66044K(66688K)->66044K(66688K) NonClass: 58630K(58944K)->58630K(58944K) Class: 7413K(7744K)->7413K(7744K)
[2024-03-24T20:50:00.546+0800][3394.571s] GC(1403) Pause Young (Normal) (G1 Evacuation Pause) 373M->68M(512M) 3.955ms
[2024-03-24T20:50:00.546+0800][3394.571s] GC(1403) User=0.03s Sys=0.00s Real=0.01s
[2024-03-24T20:50:02.460+0800][3396.487s] GC(1404) Pause Young (Normal) (G1 Evacuation Pause)
[2024-03-24T20:50:02.460+0800][3396.487s] GC(1404) Using 8 workers of 8 for evacuation
[2024-03-24T20:50:02.467+0800][3396.490s] GC(1404)   Pre Evacuate Collection Set: 0.2ms
[2024-03-24T20:50:02.467+0800][3396.490s] GC(1404)   Merge Heap Roots: 0.1ms
[2024-03-24T20:50:02.467+0800][3396.490s] GC(1404)   Evacuate Collection Set: 1.6ms
[2024-03-24T20:50:02.467+0800][3396.490s] GC(1404)   Post Evacuate Collection Set: 0.9ms
[2024-03-24T20:50:02.467+0800][3396.490s] GC(1404)   Other: 0.2ms
[2024-03-24T20:50:02.467+0800][3396.490s] GC(1404) Eden regions: 305->0(305)
[2024-03-24T20:50:02.467+0800][3396.490s] GC(1404) Survivor regions: 2->2(39)
[2024-03-24T20:50:02.467+0800][3396.490s] GC(1404) Old regions: 64->64
[2024-03-24T20:50:02.467+0800][3396.490s] GC(1404) Humongous regions: 4->4
[2024-03-24T20:50:02.467+0800][3396.490s] GC(1404) Metaspace: 66044K(66688K)->66044K(66688K) NonClass: 58630K(58944K)->58630K(58944K) Class: 7413K(7744K)->7413K(7744K)
[2024-03-24T20:50:02.467+0800][3396.490s] GC(1404) Pause Young (Normal) (G1 Evacuation Pause) 373M->68M(512M) 3.592ms
[2024-03-24T20:50:02.467+0800][3396.490s] GC(1404) User=0.00s Sys=0.00s Real=0.01s
[2024-03-24T20:50:04.167+0800][3398.192s] GC(1405) Pause Young (Normal) (G1 Evacuation Pause)
[2024-03-24T20:50:04.167+0800][3398.192s] GC(1405) Using 8 workers of 8 for evacuation
[2024-03-24T20:50:04.170+0800][3398.195s] GC(1405)   Pre Evacuate Collection Set: 0.2ms
[2024-03-24T20:50:04.170+0800][3398.195s] GC(1405)   Merge Heap Roots: 0.1ms
[2024-03-24T20:50:04.170+0800][3398.195s] GC(1405)   Evacuate Collection Set: 1.6ms
[2024-03-24T20:50:04.170+0800][3398.195s] GC(1405)   Post Evacuate Collection Set: 0.8ms
[2024-03-24T20:50:04.170+0800][3398.195s] GC(1405)   Other: 0.1ms
[2024-03-24T20:50:04.170+0800][3398.195s] GC(1405) Eden regions: 305->0(305)
[2024-03-24T20:50:04.170+0800][3398.195s] GC(1405) Survivor regions: 2->2(39)
[2024-03-24T20:50:04.170+0800][3398.195s] GC(1405) Old regions: 64->64
[2024-03-24T20:50:04.170+0800][3398.195s] GC(1405) Humongous regions: 4->4
[2024-03-24T20:50:04.170+0800][3398.195s] GC(1405) Metaspace: 66044K(66688K)->66044K(66688K) NonClass: 58630K(58944K)->58630K(58944K) Class: 7413K(7744K)->7413K(7744K)
[2024-03-24T20:50:04.170+0800][3398.195s] GC(1405) Pause Young (Normal) (G1 Evacuation Pause) 373M->69M(512M) 3.521ms
[2024-03-24T20:50:04.170+0800][3398.195s] GC(1405) User=0.00s Sys=0.00s Real=0.00s
[2024-03-24T20:50:05.955+0800][3399.978s] GC(1406) Pause Young (Normal) (G1 Evacuation Pause)
[2024-03-24T20:50:05.955+0800][3399.978s] GC(1406) Using 8 workers of 8 for evacuation
[2024-03-24T20:50:05.958+0800][3399.981s] GC(1406)   Pre Evacuate Collection Set: 0.4ms
[2024-03-24T20:50:05.958+0800][3399.981s] GC(1406)   Merge Heap Roots: 0.1ms
[2024-03-24T20:50:05.959+0800][3399.982s] GC(1406)   Evacuate Collection Set: 1.8ms
[2024-03-24T20:50:05.959+0800][3399.982s] GC(1406)   Post Evacuate Collection Set: 0.8ms
[2024-03-24T20:50:05.959+0800][3399.982s] GC(1406)   Other: 0.1ms
[2024-03-24T20:50:05.959+0800][3399.982s] GC(1406) Eden regions: 305->0(305)
[2024-03-24T20:50:05.959+0800][3399.982s] GC(1406) Survivor regions: 2->2(39)
[2024-03-24T20:50:05.959+0800][3399.982s] GC(1406) Old regions: 64->64
[2024-03-24T20:50:05.959+0800][3399.982s] GC(1406) Humongous regions: 4->4
[2024-03-24T20:50:05.959+0800][3399.982s] GC(1406) Metaspace: 66044K(66688K)->66044K(66688K) NonClass: 58630K(58944K)->58630K(58944K) Class: 7413K(7744K)->7413K(7744K)
[2024-03-24T20:50:05.959+0800][3399.982s] GC(1406) Pause Young (Normal) (G1 Evacuation Pause) 374M->68M(512M) 4.047ms
[2024-03-24T20:50:05.959+0800][3399.982s] GC(1406) User=0.00s Sys=0.00s Real=0.00s
[2024-03-24T20:50:07.677+0800][3401.709s] GC(1407) Pause Young (Normal) (G1 Evacuation Pause)
[2024-03-24T20:50:07.686+0800][3401.709s] GC(1407) Using 8 workers of 8 for evacuation
[2024-03-24T20:50:07.686+0800][3401.712s] GC(1407)   Pre Evacuate Collection Set: 0.3ms
[2024-03-24T20:50:07.686+0800][3401.712s] GC(1407)   Merge Heap Roots: 0.2ms
[2024-03-24T20:50:07.686+0800][3401.712s] GC(1407)   Evacuate Collection Set: 2.1ms
[2024-03-24T20:50:07.686+0800][3401.712s] GC(1407)   Post Evacuate Collection Set: 0.9ms
[2024-03-24T20:50:07.686+0800][3401.712s] GC(1407)   Other: 0.1ms
[2024-03-24T20:50:07.686+0800][3401.712s] GC(1407) Eden regions: 305->0(305)
[2024-03-24T20:50:07.686+0800][3401.712s] GC(1407) Survivor regions: 2->2(39)
[2024-03-24T20:50:07.686+0800][3401.713s] GC(1407) Old regions: 64->64
[2024-03-24T20:50:07.686+0800][3401.713s] GC(1407) Humongous regions: 4->4
[2024-03-24T20:50:07.686+0800][3401.713s] GC(1407) Metaspace: 66044K(66688K)->66044K(66688K) NonClass: 58630K(58944K)->58630K(58944K) Class: 7413K(7744K)->7413K(7744K)
[2024-03-24T20:50:07.686+0800][3401.713s] GC(1407) Pause Young (Normal) (G1 Evacuation Pause) 373M->68M(512M) 4.096ms
[2024-03-24T20:50:07.686+0800][3401.713s] GC(1407) User=0.00s Sys=0.00s Real=0.01s
[2024-03-24T20:50:09.551+0800][3403.583s] GC(1408) Pause Young (Normal) (G1 Evacuation Pause)
[2024-03-24T20:50:09.551+0800][3403.583s] GC(1408) Using 8 workers of 8 for evacuation
[2024-03-24T20:50:09.562+0800][3403.586s] GC(1408)   Pre Evacuate Collection Set: 0.2ms
[2024-03-24T20:50:09.562+0800][3403.586s] GC(1408)   Merge Heap Roots: 0.1ms
[2024-03-24T20:50:09.562+0800][3403.586s] GC(1408)   Evacuate Collection Set: 1.3ms
[2024-03-24T20:50:09.562+0800][3403.586s] GC(1408)   Post Evacuate Collection Set: 0.7ms
[2024-03-24T20:50:09.562+0800][3403.586s] GC(1408)   Other: 0.1ms
[2024-03-24T20:50:09.562+0800][3403.586s] GC(1408) Eden regions: 305->0(305)
[2024-03-24T20:50:09.562+0800][3403.586s] GC(1408) Survivor regions: 2->2(39)
[2024-03-24T20:50:09.562+0800][3403.586s] GC(1408) Old regions: 64->64
[2024-03-24T20:50:09.562+0800][3403.586s] GC(1408) Humongous regions: 4->4
[2024-03-24T20:50:09.562+0800][3403.586s] GC(1408) Metaspace: 66044K(66688K)->66044K(66688K) NonClass: 58630K(58944K)->58630K(58944K) Class: 7413K(7744K)->7413K(7744K)
[2024-03-24T20:50:09.562+0800][3403.586s] GC(1408) Pause Young (Normal) (G1 Evacuation Pause) 373M->68M(512M) 2.822ms
[2024-03-24T20:50:09.562+0800][3403.586s] GC(1408) User=0.00s Sys=0.00s Real=0.01s
[2024-03-24T20:50:11.233+0800][3405.261s] GC(1409) Pause Young (Normal) (G1 Evacuation Pause)
[2024-03-24T20:50:11.233+0800][3405.261s] GC(1409) Using 8 workers of 8 for evacuation
[2024-03-24T20:50:11.240+0800][3405.264s] GC(1409)   Pre Evacuate Collection Set: 0.4ms
[2024-03-24T20:50:11.240+0800][3405.265s] GC(1409)   Merge Heap Roots: 0.2ms
[2024-03-24T20:50:11.240+0800][3405.265s] GC(1409)   Evacuate Collection Set: 2.0ms
[2024-03-24T20:50:11.240+0800][3405.265s] GC(1409)   Post Evacuate Collection Set: 0.8ms
[2024-03-24T20:50:11.240+0800][3405.265s] GC(1409)   Other: 0.1ms
[2024-03-24T20:50:11.240+0800][3405.265s] GC(1409) Eden regions: 305->0(305)
[2024-03-24T20:50:11.240+0800][3405.265s] GC(1409) Survivor regions: 2->2(39)
[2024-03-24T20:50:11.240+0800][3405.265s] GC(1409) Old regions: 64->64
[2024-03-24T20:50:11.240+0800][3405.265s] GC(1409) Humongous regions: 4->4
[2024-03-24T20:50:11.240+0800][3405.265s] GC(1409) Metaspace: 66044K(66688K)->66044K(66688K) NonClass: 58630K(58944K)->58630K(58944K) Class: 7413K(7744K)->7413K(7744K)
[2024-03-24T20:50:11.240+0800][3405.265s] GC(1409) Pause Young (Normal) (G1 Evacuation Pause) 373M->69M(512M) 4.095ms
[2024-03-24T20:50:11.240+0800][3405.265s] GC(1409) User=0.00s Sys=0.00s Real=0.01s
[2024-03-24T20:50:13.037+0800][3407.060s] GC(1410) Pause Young (Normal) (G1 Evacuation Pause)
[2024-03-24T20:50:13.038+0800][3407.060s] GC(1410) Using 8 workers of 8 for evacuation
[2024-03-24T20:50:13.038+0800][3407.064s] GC(1410)   Pre Evacuate Collection Set: 0.3ms
[2024-03-24T20:50:13.038+0800][3407.064s] GC(1410)   Merge Heap Roots: 0.2ms
[2024-03-24T20:50:13.038+0800][3407.064s] GC(1410)   Evacuate Collection Set: 2.1ms
[2024-03-24T20:50:13.038+0800][3407.064s] GC(1410)   Post Evacuate Collection Set: 1.0ms
[2024-03-24T20:50:13.038+0800][3407.064s] GC(1410)   Other: 0.2ms
[2024-03-24T20:50:13.038+0800][3407.064s] GC(1410) Eden regions: 305->0(305)
[2024-03-24T20:50:13.038+0800][3407.064s] GC(1410) Survivor regions: 2->2(39)
[2024-03-24T20:50:13.038+0800][3407.064s] GC(1410) Old regions: 64->64
[2024-03-24T20:50:13.038+0800][3407.064s] GC(1410) Humongous regions: 4->4
[2024-03-24T20:50:13.038+0800][3407.064s] GC(1410) Metaspace: 66044K(66688K)->66044K(66688K) NonClass: 58630K(58944K)->58630K(58944K) Class: 7413K(7744K)->7413K(7744K)
[2024-03-24T20:50:13.038+0800][3407.064s] GC(1410) Pause Young (Normal) (G1 Evacuation Pause) 374M->68M(512M) 4.321ms
[2024-03-24T20:50:13.038+0800][3407.064s] GC(1410) User=0.00s Sys=0.00s Real=0.00s
[2024-03-24T21:07:39.155+0800][4453.178s] GC(1411) Pause Young (Normal) (G1 Evacuation Pause)
[2024-03-24T21:07:39.155+0800][4453.178s] GC(1411) Using 8 workers of 8 for evacuation
[2024-03-24T21:07:39.159+0800][4453.181s] GC(1411)   Pre Evacuate Collection Set: 0.3ms
[2024-03-24T21:07:39.159+0800][4453.181s] GC(1411)   Merge Heap Roots: 0.1ms
[2024-03-24T21:07:39.159+0800][4453.181s] GC(1411)   Evacuate Collection Set: 1.8ms
[2024-03-24T21:07:39.159+0800][4453.181s] GC(1411)   Post Evacuate Collection Set: 0.9ms
[2024-03-24T21:07:39.159+0800][4453.181s] GC(1411)   Other: 0.1ms
[2024-03-24T21:07:39.159+0800][4453.181s] GC(1411) Eden regions: 305->0(304)
[2024-03-24T21:07:39.159+0800][4453.181s] GC(1411) Survivor regions: 2->3(39)
[2024-03-24T21:07:39.159+0800][4453.181s] GC(1411) Old regions: 64->64
[2024-03-24T21:07:39.159+0800][4453.181s] GC(1411) Humongous regions: 4->4
[2024-03-24T21:07:39.159+0800][4453.181s] GC(1411) Metaspace: 66787K(67328K)->66787K(67328K) NonClass: 59272K(59584K)->59272K(59584K) Class: 7515K(7744K)->7515K(7744K)
[2024-03-24T21:07:39.159+0800][4453.181s] GC(1411) Pause Young (Normal) (G1 Evacuation Pause) 373M->70M(512M) 3.567ms
[2024-03-24T21:07:39.159+0800][4453.182s] GC(1411) User=0.00s Sys=0.00s Real=0.00s
