[2024-03-24T17:24:55.856+0800][0.019s] CardTable entry size: 512
[2024-03-24T17:24:55.856+0800][0.019s] Using G1
[2024-03-24T17:24:56.035+0800][0.186s] Version: 21.0.1+12-LTS-29 (release)
[2024-03-24T17:24:56.035+0800][0.186s] CPUs: 8 total, 8 available
[2024-03-24T17:24:56.035+0800][0.186s] Memory: 16023M
[2024-03-24T17:24:56.035+0800][0.186s] Large Page Support: Disabled
[2024-03-24T17:24:56.035+0800][0.186s] NUMA Support: Disabled
[2024-03-24T17:24:56.035+0800][0.186s] Compressed Oops: Enabled (32-bit)
[2024-03-24T17:24:56.035+0800][0.186s] Heap Region Size: 1M
[2024-03-24T17:24:56.035+0800][0.186s] Heap Min Capacity: 512M
[2024-03-24T17:24:56.035+0800][0.186s] Heap Initial Capacity: 512M
[2024-03-24T17:24:56.035+0800][0.186s] Heap Max Capacity: 512M
[2024-03-24T17:24:56.035+0800][0.186s] Pre-touch: Enabled
[2024-03-24T17:24:56.035+0800][0.186s] Parallel Workers: 8
[2024-03-24T17:24:56.035+0800][0.186s] Concurrent Workers: 2
[2024-03-24T17:24:56.035+0800][0.186s] Concurrent Refinement Workers: 8
[2024-03-24T17:24:56.035+0800][0.186s] Periodic GC: Disabled
[2024-03-24T17:24:56.046+0800][0.200s] CDS archive(s) mapped at: [0x000001f7a0000000-0x000001f7a0c90000-0x000001f7a0c90000), size 13172736, SharedBaseAddress: 0x000001f7a0000000, ArchiveRelocationMode: 1.
[2024-03-24T17:24:56.046+0800][0.200s] Compressed class space mapped at: 0x000001f7a1000000-0x000001f7e1000000, reserved size: 1073741824
[2024-03-24T17:24:56.046+0800][0.200s] Narrow klass base: 0x000001f7a0000000, Narrow klass shift: 0, Narrow klass range: 0x100000000
[2024-03-24T17:24:56.792+0800][0.944s] GC(0) Pause Young (Normal) (G1 Evacuation Pause)
[2024-03-24T17:24:56.792+0800][0.944s] GC(0) Using 8 workers of 8 for evacuation
[2024-03-24T17:24:56.796+0800][0.947s] GC(0)   Pre Evacuate Collection Set: 0.1ms
[2024-03-24T17:24:56.796+0800][0.947s] GC(0)   Merge Heap Roots: 0.0ms
[2024-03-24T17:24:56.796+0800][0.947s] GC(0)   Evacuate Collection Set: 2.3ms
[2024-03-24T17:24:56.796+0800][0.947s] GC(0)   Post Evacuate Collection Set: 0.4ms
[2024-03-24T17:24:56.796+0800][0.948s] GC(0)   Other: 0.6ms
[2024-03-24T17:24:56.796+0800][0.948s] GC(0) Eden regions: 29->0(43)
[2024-03-24T17:24:56.796+0800][0.948s] GC(0) Survivor regions: 0->4(4)
[2024-03-24T17:24:56.796+0800][0.948s] GC(0) Old regions: 0->0
[2024-03-24T17:24:56.796+0800][0.948s] GC(0) Humongous regions: 0->0
[2024-03-24T17:24:56.796+0800][0.948s] GC(0) Metaspace: 5435K(5696K)->5435K(5696K) NonClass: 4854K(4992K)->4854K(4992K) Class: 581K(704K)->581K(704K)
[2024-03-24T17:24:56.796+0800][0.948s] GC(0) Pause Young (Normal) (G1 Evacuation Pause) 29M->3M(512M) 3.766ms
[2024-03-24T17:24:56.796+0800][0.948s] GC(0) User=0.00s Sys=0.00s Real=0.00s
[2024-03-24T17:24:58.051+0800][2.207s] GC(1) Pause Young (Normal) (G1 Evacuation Pause)
[2024-03-24T17:24:58.051+0800][2.208s] GC(1) Using 8 workers of 8 for evacuation
[2024-03-24T17:24:58.067+0800][2.218s] GC(1)   Pre Evacuate Collection Set: 0.1ms
[2024-03-24T17:24:58.067+0800][2.218s] GC(1)   Merge Heap Roots: 0.1ms
[2024-03-24T17:24:58.067+0800][2.218s] GC(1)   Evacuate Collection Set: 9.3ms
[2024-03-24T17:24:58.067+0800][2.218s] GC(1)   Post Evacuate Collection Set: 0.8ms
[2024-03-24T17:24:58.067+0800][2.218s] GC(1)   Other: 0.1ms
[2024-03-24T17:24:58.067+0800][2.218s] GC(1) Eden regions: 43->0(301)
[2024-03-24T17:24:58.067+0800][2.218s] GC(1) Survivor regions: 4->6(6)
[2024-03-24T17:24:58.067+0800][2.218s] GC(1) Old regions: 0->8
[2024-03-24T17:24:58.067+0800][2.218s] GC(1) Humongous regions: 4->4
[2024-03-24T17:24:58.067+0800][2.218s] GC(1) Metaspace: 17100K(17408K)->17100K(17408K) NonClass: 15135K(15296K)->15135K(15296K) Class: 1965K(2112K)->1965K(2112K)
[2024-03-24T17:24:58.067+0800][2.218s] GC(1) Pause Young (Normal) (G1 Evacuation Pause) 50M->18M(512M) 10.807ms
[2024-03-24T17:24:58.067+0800][2.218s] GC(1) User=0.02s Sys=0.00s Real=0.02s
[2024-03-24T17:24:58.920+0800][3.076s] GC(2) Pause Young (Normal) (G1 Evacuation Pause)
[2024-03-24T17:24:58.920+0800][3.076s] GC(2) Using 8 workers of 8 for evacuation
[2024-03-24T17:24:58.926+0800][3.082s] GC(2)   Pre Evacuate Collection Set: 0.2ms
[2024-03-24T17:24:58.926+0800][3.082s] GC(2)   Merge Heap Roots: 0.1ms
[2024-03-24T17:24:58.926+0800][3.082s] GC(2)   Evacuate Collection Set: 5.1ms
[2024-03-24T17:24:58.926+0800][3.082s] GC(2)   Post Evacuate Collection Set: 0.8ms
[2024-03-24T17:24:58.926+0800][3.082s] GC(2)   Other: 0.1ms
[2024-03-24T17:24:58.926+0800][3.082s] GC(2) Eden regions: 301->0(295)
[2024-03-24T17:24:58.926+0800][3.082s] GC(2) Survivor regions: 6->12(39)
[2024-03-24T17:24:58.926+0800][3.082s] GC(2) Old regions: 8->8
[2024-03-24T17:24:58.926+0800][3.082s] GC(2) Humongous regions: 4->4
[2024-03-24T17:24:58.926+0800][3.082s] GC(2) Metaspace: 19593K(19968K)->19593K(19968K) NonClass: 17345K(17536K)->17345K(17536K) Class: 2248K(2432K)->2248K(2432K)
[2024-03-24T17:24:58.926+0800][3.082s] GC(2) Pause Young (Normal) (G1 Evacuation Pause) 319M->23M(512M) 6.680ms
[2024-03-24T17:24:58.926+0800][3.082s] GC(2) User=0.00s Sys=0.00s Real=0.01s
[2024-03-24T17:24:59.293+0800][3.449s] GC(3) Pause Young (Concurrent Start) (Metadata GC Threshold)
[2024-03-24T17:24:59.293+0800][3.449s] GC(3) Using 8 workers of 8 for evacuation
[2024-03-24T17:24:59.303+0800][3.456s] GC(3)   Pre Evacuate Collection Set: 0.2ms
[2024-03-24T17:24:59.303+0800][3.456s] GC(3)   Merge Heap Roots: 0.1ms
[2024-03-24T17:24:59.303+0800][3.456s] GC(3)   Evacuate Collection Set: 5.5ms
[2024-03-24T17:24:59.303+0800][3.456s] GC(3)   Post Evacuate Collection Set: 0.8ms
[2024-03-24T17:24:59.303+0800][3.456s] GC(3)   Other: 0.2ms
[2024-03-24T17:24:59.303+0800][3.456s] GC(3) Eden regions: 114->0(295)
[2024-03-24T17:24:59.303+0800][3.456s] GC(3) Survivor regions: 12->12(39)
[2024-03-24T17:24:59.303+0800][3.456s] GC(3) Old regions: 8->8
[2024-03-24T17:24:59.303+0800][3.456s] GC(3) Humongous regions: 4->4
[2024-03-24T17:24:59.303+0800][3.456s] GC(3) Metaspace: 21068K(21504K)->21068K(21504K) NonClass: 18664K(18880K)->18664K(18880K) Class: 2403K(2624K)->2403K(2624K)
[2024-03-24T17:24:59.303+0800][3.456s] GC(3) Pause Young (Concurrent Start) (Metadata GC Threshold) 137M->23M(512M) 7.287ms
[2024-03-24T17:24:59.305+0800][3.456s] GC(3) User=0.00s Sys=0.00s Real=0.01s
[2024-03-24T17:24:59.305+0800][3.456s] GC(4) Concurrent Mark Cycle
[2024-03-24T17:24:59.305+0800][3.456s] GC(4) Concurrent Scan Root Regions
[2024-03-24T17:24:59.305+0800][3.460s] GC(4) Concurrent Scan Root Regions 3.679ms
[2024-03-24T17:24:59.305+0800][3.460s] GC(4) Concurrent Mark
[2024-03-24T17:24:59.305+0800][3.460s] GC(4) Concurrent Mark From Roots
[2024-03-24T17:24:59.305+0800][3.460s] GC(4) Using 2 workers of 2 for marking
[2024-03-24T17:24:59.318+0800][3.472s] GC(4) Concurrent Mark From Roots 11.548ms
[2024-03-24T17:24:59.318+0800][3.472s] GC(4) Concurrent Preclean
[2024-03-24T17:24:59.318+0800][3.472s] GC(4) Concurrent Preclean 0.084ms
[2024-03-24T17:24:59.318+0800][3.472s] GC(4) Pause Remark
[2024-03-24T17:24:59.318+0800][3.474s] GC(4) Pause Remark 25M->25M(512M) 2.066ms
[2024-03-24T17:24:59.318+0800][3.474s] GC(4) User=0.00s Sys=0.00s Real=0.00s
[2024-03-24T17:24:59.318+0800][3.474s] GC(4) Concurrent Mark 14.369ms
[2024-03-24T17:24:59.318+0800][3.474s] GC(4) Concurrent Rebuild Remembered Sets and Scrub Regions
[2024-03-24T17:24:59.318+0800][3.478s] GC(4) Concurrent Rebuild Remembered Sets and Scrub Regions 3.921ms
[2024-03-24T17:24:59.318+0800][3.479s] GC(4) Pause Cleanup
[2024-03-24T17:24:59.328+0800][3.479s] GC(4) Pause Cleanup 25M->25M(512M) 0.285ms
[2024-03-24T17:24:59.328+0800][3.479s] GC(4) User=0.00s Sys=0.00s Real=0.01s
[2024-03-24T17:24:59.328+0800][3.479s] GC(4) Concurrent Clear Claimed Marks
[2024-03-24T17:24:59.328+0800][3.480s] GC(4) Concurrent Clear Claimed Marks 0.264ms
[2024-03-24T17:24:59.328+0800][3.480s] GC(4) Concurrent Cleanup for Next Mark
[2024-03-24T17:24:59.328+0800][3.481s] GC(4) Concurrent Cleanup for Next Mark 1.385ms
[2024-03-24T17:24:59.328+0800][3.481s] GC(4) Concurrent Mark Cycle 25.255ms
[2024-03-24T17:25:00.858+0800][5.015s] GC(5) Pause Young (Prepare Mixed) (Metadata GC Threshold)
[2024-03-24T17:25:00.858+0800][5.015s] GC(5) Using 8 workers of 8 for evacuation
[2024-03-24T17:25:00.865+0800][5.023s] GC(5)   Pre Evacuate Collection Set: 0.1ms
[2024-03-24T17:25:00.865+0800][5.023s] GC(5)   Merge Heap Roots: 0.1ms
[2024-03-24T17:25:00.865+0800][5.023s] GC(5)   Evacuate Collection Set: 6.6ms
[2024-03-24T17:25:00.865+0800][5.023s] GC(5)   Post Evacuate Collection Set: 0.7ms
[2024-03-24T17:25:00.865+0800][5.023s] GC(5)   Other: 0.1ms
[2024-03-24T17:25:00.865+0800][5.023s] GC(5) Eden regions: 135->0(290)
[2024-03-24T17:25:00.865+0800][5.023s] GC(5) Survivor regions: 12->17(39)
[2024-03-24T17:25:00.865+0800][5.023s] GC(5) Old regions: 8->8
[2024-03-24T17:25:00.865+0800][5.023s] GC(5) Humongous regions: 4->4
[2024-03-24T17:25:00.865+0800][5.023s] GC(5) Metaspace: 36339K(36800K)->36339K(36800K) NonClass: 32279K(32512K)->32279K(32512K) Class: 4060K(4288K)->4060K(4288K)
[2024-03-24T17:25:00.865+0800][5.023s] GC(5) Pause Young (Prepare Mixed) (Metadata GC Threshold) 158M->28M(512M) 8.034ms
[2024-03-24T17:25:00.865+0800][5.023s] GC(5) User=0.00s Sys=0.00s Real=0.01s
[2024-03-24T17:25:00.905+0800][5.057s] GC(6) Pause Young (Mixed) (Metadata GC Threshold)
[2024-03-24T17:25:00.905+0800][5.057s] GC(6) Using 8 workers of 8 for evacuation
[2024-03-24T17:25:00.913+0800][5.065s] GC(6)   Pre Evacuate Collection Set: 0.2ms
[2024-03-24T17:25:00.913+0800][5.065s] GC(6)   Merge Heap Roots: 0.1ms
[2024-03-24T17:25:00.913+0800][5.065s] GC(6)   Evacuate Collection Set: 7.5ms
[2024-03-24T17:25:00.913+0800][5.065s] GC(6)   Post Evacuate Collection Set: 0.6ms
[2024-03-24T17:25:00.913+0800][5.065s] GC(6)   Other: 0.1ms
[2024-03-24T17:25:00.913+0800][5.065s] GC(6) Eden regions: 3->0(290)
[2024-03-24T17:25:00.913+0800][5.065s] GC(6) Survivor regions: 17->17(39)
[2024-03-24T17:25:00.913+0800][5.065s] GC(6) Old regions: 8->8
[2024-03-24T17:25:00.913+0800][5.065s] GC(6) Humongous regions: 4->4
[2024-03-24T17:25:00.913+0800][5.065s] GC(6) Metaspace: 36682K(37120K)->36682K(37120K) NonClass: 32581K(32832K)->32581K(32832K) Class: 4101K(4288K)->4101K(4288K)
[2024-03-24T17:25:00.913+0800][5.065s] GC(6) Pause Young (Mixed) (Metadata GC Threshold) 30M->28M(512M) 8.659ms
[2024-03-24T17:25:00.913+0800][5.065s] GC(6) User=0.00s Sys=0.00s Real=0.01s
[2024-03-24T17:25:00.993+0800][5.151s] GC(7) Pause Young (Concurrent Start) (Metadata GC Threshold)
[2024-03-24T17:25:00.993+0800][5.151s] GC(7) Using 8 workers of 8 for evacuation
[2024-03-24T17:25:01.008+0800][5.160s] GC(7)   Pre Evacuate Collection Set: 0.2ms
[2024-03-24T17:25:01.008+0800][5.160s] GC(7)   Merge Heap Roots: 0.1ms
[2024-03-24T17:25:01.008+0800][5.160s] GC(7)   Evacuate Collection Set: 8.2ms
[2024-03-24T17:25:01.008+0800][5.160s] GC(7)   Post Evacuate Collection Set: 0.7ms
[2024-03-24T17:25:01.008+0800][5.161s] GC(7)   Other: 0.2ms
[2024-03-24T17:25:01.008+0800][5.161s] GC(7) Eden regions: 6->0(290)
[2024-03-24T17:25:01.008+0800][5.161s] GC(7) Survivor regions: 17->17(39)
[2024-03-24T17:25:01.008+0800][5.161s] GC(7) Old regions: 8->8
[2024-03-24T17:25:01.008+0800][5.161s] GC(7) Humongous regions: 4->4
[2024-03-24T17:25:01.008+0800][5.161s] GC(7) Metaspace: 37045K(37440K)->37045K(37440K) NonClass: 32888K(33088K)->32888K(33088K) Class: 4156K(4352K)->4156K(4352K)
[2024-03-24T17:25:01.008+0800][5.161s] GC(7) Pause Young (Concurrent Start) (Metadata GC Threshold) 34M->28M(512M) 9.785ms
[2024-03-24T17:25:01.008+0800][5.161s] GC(7) User=0.05s Sys=0.00s Real=0.01s
[2024-03-24T17:25:01.008+0800][5.161s] GC(8) Concurrent Mark Cycle
[2024-03-24T17:25:01.008+0800][5.161s] GC(8) Concurrent Scan Root Regions
[2024-03-24T17:25:01.011+0800][5.167s] GC(8) Concurrent Scan Root Regions 5.992ms
[2024-03-24T17:25:01.011+0800][5.167s] GC(8) Concurrent Mark
[2024-03-24T17:25:01.011+0800][5.167s] GC(8) Concurrent Mark From Roots
[2024-03-24T17:25:01.011+0800][5.167s] GC(8) Using 2 workers of 2 for marking
[2024-03-24T17:25:01.031+0800][5.182s] GC(8) Concurrent Mark From Roots 14.870ms
[2024-03-24T17:25:01.031+0800][5.182s] GC(8) Concurrent Preclean
[2024-03-24T17:25:01.031+0800][5.182s] GC(8) Concurrent Preclean 0.090ms
[2024-03-24T17:25:01.031+0800][5.182s] GC(8) Pause Remark
[2024-03-24T17:25:01.032+0800][5.187s] GC(8) Pause Remark 30M->30M(512M) 4.626ms
[2024-03-24T17:25:01.032+0800][5.187s] GC(8) User=0.02s Sys=0.00s Real=0.00s
[2024-03-24T17:25:01.032+0800][5.187s] GC(8) Concurrent Mark 19.979ms
[2024-03-24T17:25:01.032+0800][5.187s] GC(8) Concurrent Rebuild Remembered Sets and Scrub Regions
[2024-03-24T17:25:01.041+0800][5.194s] GC(8) Concurrent Rebuild Remembered Sets and Scrub Regions 6.663ms
[2024-03-24T17:25:01.041+0800][5.194s] GC(8) Pause Cleanup
[2024-03-24T17:25:01.041+0800][5.194s] GC(8) Pause Cleanup 30M->30M(512M) 0.176ms
[2024-03-24T17:25:01.041+0800][5.194s] GC(8) User=0.00s Sys=0.00s Real=0.00s
[2024-03-24T17:25:01.041+0800][5.194s] GC(8) Concurrent Clear Claimed Marks
[2024-03-24T17:25:01.041+0800][5.194s] GC(8) Concurrent Clear Claimed Marks 0.080ms
[2024-03-24T17:25:01.041+0800][5.194s] GC(8) Concurrent Cleanup for Next Mark
[2024-03-24T17:25:01.041+0800][5.195s] GC(8) Concurrent Cleanup for Next Mark 1.067ms
[2024-03-24T17:25:01.041+0800][5.195s] GC(8) Concurrent Mark Cycle 34.470ms
[2024-03-24T17:25:26.371+0800][30.524s] GC(9) Pause Young (Normal) (G1 Evacuation Pause)
[2024-03-24T17:25:26.371+0800][30.524s] GC(9) Using 8 workers of 8 for evacuation
[2024-03-24T17:25:26.391+0800][30.546s] GC(9)   Pre Evacuate Collection Set: 0.2ms
[2024-03-24T17:25:26.391+0800][30.546s] GC(9)   Merge Heap Roots: 0.1ms
[2024-03-24T17:25:26.391+0800][30.546s] GC(9)   Evacuate Collection Set: 19.7ms
[2024-03-24T17:25:26.391+0800][30.546s] GC(9)   Post Evacuate Collection Set: 1.6ms
[2024-03-24T17:25:26.391+0800][30.546s] GC(9)   Other: 0.1ms
[2024-03-24T17:25:26.391+0800][30.546s] GC(9) Eden regions: 290->0(276)
[2024-03-24T17:25:26.391+0800][30.546s] GC(9) Survivor regions: 17->31(39)
[2024-03-24T17:25:26.391+0800][30.546s] GC(9) Old regions: 8->8
[2024-03-24T17:25:26.391+0800][30.546s] GC(9) Humongous regions: 4->4
[2024-03-24T17:25:26.391+0800][30.546s] GC(9) Metaspace: 56690K(57280K)->56690K(57280K) NonClass: 49879K(50176K)->49879K(50176K) Class: 6811K(7104K)->6811K(7104K)
[2024-03-24T17:25:26.391+0800][30.546s] GC(9) Pause Young (Normal) (G1 Evacuation Pause) 318M->42M(512M) 22.263ms
[2024-03-24T17:25:26.391+0800][30.546s] GC(9) User=0.06s Sys=0.00s Real=0.02s
[2024-03-24T17:28:44.699+0800][228.852s] Heap
[2024-03-24T17:28:44.699+0800][228.852s]  garbage-first heap   total 524288K, used 150793K [0x00000000e0000000, 0x0000000100000000)
[2024-03-24T17:28:44.699+0800][228.852s]   region size 1024K, 136 young (139264K), 31 survivors (31744K)
[2024-03-24T17:28:44.699+0800][228.852s]  Metaspace       used 59132K, committed 59776K, reserved 1114112K
[2024-03-24T17:28:44.699+0800][228.852s]   class space    used 7069K, committed 7360K, reserved 1048576K
