[2024-04-06T03:29:02.138+0800][0.042s] CardTable entry size: 512
[2024-04-06T03:29:02.139+0800][0.043s] Using G1
[2024-04-06T03:29:02.535+0800][0.439s] Version: 21.0.2+13-LTS-58 (release)
[2024-04-06T03:29:02.536+0800][0.440s] CPUs: 16 total, 16 available
[2024-04-06T03:29:02.536+0800][0.440s] Memory: 16158M
[2024-04-06T03:29:02.536+0800][0.440s] Large Page Support: Disabled
[2024-04-06T03:29:02.536+0800][0.440s] NUMA Support: Disabled
[2024-04-06T03:29:02.536+0800][0.440s] Compressed Oops: Enabled (32-bit)
[2024-04-06T03:29:02.536+0800][0.440s] Heap Region Size: 1M
[2024-04-06T03:29:02.536+0800][0.440s] Heap Min Capacity: 512M
[2024-04-06T03:29:02.536+0800][0.440s] Heap Initial Capacity: 512M
[2024-04-06T03:29:02.536+0800][0.440s] Heap Max Capacity: 512M
[2024-04-06T03:29:02.536+0800][0.441s] Pre-touch: Enabled
[2024-04-06T03:29:02.536+0800][0.441s] Parallel Workers: 13
[2024-04-06T03:29:02.537+0800][0.441s] Concurrent Workers: 3
[2024-04-06T03:29:02.537+0800][0.441s] Concurrent Refinement Workers: 13
[2024-04-06T03:29:02.537+0800][0.441s] Periodic GC: Disabled
[2024-04-06T03:29:02.556+0800][0.461s] CDS archive(s) mapped at: [0x000001b980000000-0x000001b980c90000-0x000001b980c90000), size 13172736, SharedBaseAddress: 0x000001b980000000, ArchiveRelocationMode: 1.
[2024-04-06T03:29:02.557+0800][0.461s] Compressed class space mapped at: 0x000001b981000000-0x000001b9c1000000, reserved size: 1073741824
[2024-04-06T03:29:02.557+0800][0.461s] Narrow klass base: 0x000001b980000000, Narrow klass shift: 0, Narrow klass range: 0x100000000
[2024-04-06T03:29:03.911+0800][1.815s] GC(0) Pause Young (Normal) (G1 Evacuation Pause)
[2024-04-06T03:29:03.912+0800][1.816s] GC(0) Using 12 workers of 13 for evacuation
[2024-04-06T03:29:03.916+0800][1.820s] GC(0)   Pre Evacuate Collection Set: 0.2ms
[2024-04-06T03:29:03.916+0800][1.820s] GC(0)   Merge Heap Roots: 0.1ms
[2024-04-06T03:29:03.916+0800][1.820s] GC(0)   Evacuate Collection Set: 2.7ms
[2024-04-06T03:29:03.916+0800][1.820s] GC(0)   Post Evacuate Collection Set: 0.5ms
[2024-04-06T03:29:03.916+0800][1.820s] GC(0)   Other: 0.8ms
[2024-04-06T03:29:03.916+0800][1.820s] GC(0) Eden regions: 29->0(42)
[2024-04-06T03:29:03.916+0800][1.820s] GC(0) Survivor regions: 0->4(4)
[2024-04-06T03:29:03.916+0800][1.820s] GC(0) Old regions: 0->0
[2024-04-06T03:29:03.916+0800][1.820s] GC(0) Humongous regions: 0->0
[2024-04-06T03:29:03.916+0800][1.820s] GC(0) Metaspace: 7080K(7296K)->7080K(7296K) NonClass: 6271K(6400K)->6271K(6400K) Class: 809K(896K)->809K(896K)
[2024-04-06T03:29:03.916+0800][1.820s] GC(0) Pause Young (Normal) (G1 Evacuation Pause) 29M->3M(512M) 4.780ms
[2024-04-06T03:29:03.916+0800][1.820s] GC(0) User=0.16s Sys=0.00s Real=0.00s
[2024-04-06T03:29:05.141+0800][3.045s] GC(1) Pause Young (Normal) (G1 Evacuation Pause)
[2024-04-06T03:29:05.141+0800][3.045s] GC(1) Using 13 workers of 13 for evacuation
[2024-04-06T03:29:05.157+0800][3.061s] GC(1)   Pre Evacuate Collection Set: 0.2ms
[2024-04-06T03:29:05.157+0800][3.061s] GC(1)   Merge Heap Roots: 0.1ms
[2024-04-06T03:29:05.157+0800][3.061s] GC(1)   Evacuate Collection Set: 13.9ms
[2024-04-06T03:29:05.157+0800][3.061s] GC(1)   Post Evacuate Collection Set: 1.9ms
[2024-04-06T03:29:05.157+0800][3.062s] GC(1)   Other: 0.3ms
[2024-04-06T03:29:05.158+0800][3.062s] GC(1) Eden regions: 42->0(278)
[2024-04-06T03:29:05.158+0800][3.062s] GC(1) Survivor regions: 4->6(6)
[2024-04-06T03:29:05.158+0800][3.062s] GC(1) Old regions: 0->9
[2024-04-06T03:29:05.158+0800][3.062s] GC(1) Humongous regions: 4->4
[2024-04-06T03:29:05.158+0800][3.062s] GC(1) Metaspace: 18707K(19136K)->18707K(19136K) NonClass: 16572K(16832K)->16572K(16832K) Class: 2134K(2304K)->2134K(2304K)
[2024-04-06T03:29:05.158+0800][3.062s] GC(1) Pause Young (Normal) (G1 Evacuation Pause) 49M->18M(512M) 17.234ms
[2024-04-06T03:29:05.158+0800][3.062s] GC(1) User=0.20s Sys=0.00s Real=0.02s
[2024-04-06T03:29:06.684+0800][4.588s] GC(2) Pause Young (Concurrent Start) (Metadata GC Threshold)
[2024-04-06T03:29:06.684+0800][4.588s] GC(2) Using 13 workers of 13 for evacuation
[2024-04-06T03:29:06.690+0800][4.595s] GC(2)   Pre Evacuate Collection Set: 0.4ms
[2024-04-06T03:29:06.691+0800][4.595s] GC(2)   Merge Heap Roots: 0.2ms
[2024-04-06T03:29:06.691+0800][4.595s] GC(2)   Evacuate Collection Set: 4.7ms
[2024-04-06T03:29:06.691+0800][4.595s] GC(2)   Post Evacuate Collection Set: 1.2ms
[2024-04-06T03:29:06.691+0800][4.595s] GC(2)   Other: 0.4ms
[2024-04-06T03:29:06.691+0800][4.595s] GC(2) Eden regions: 188->0(295)
[2024-04-06T03:29:06.691+0800][4.595s] GC(2) Survivor regions: 6->12(36)
[2024-04-06T03:29:06.691+0800][4.595s] GC(2) Old regions: 9->9
[2024-04-06T03:29:06.691+0800][4.595s] GC(2) Humongous regions: 4->4
[2024-04-06T03:29:06.691+0800][4.595s] GC(2) Metaspace: 21078K(21504K)->21078K(21504K) NonClass: 18689K(18880K)->18689K(18880K) Class: 2388K(2624K)->2388K(2624K)
[2024-04-06T03:29:06.691+0800][4.595s] GC(2) Pause Young (Concurrent Start) (Metadata GC Threshold) 205M->23M(512M) 7.346ms
[2024-04-06T03:29:06.691+0800][4.595s] GC(2) User=0.00s Sys=0.00s Real=0.01s
[2024-04-06T03:29:06.691+0800][4.595s] GC(3) Concurrent Mark Cycle
[2024-04-06T03:29:06.691+0800][4.595s] GC(3) Concurrent Scan Root Regions
[2024-04-06T03:29:06.695+0800][4.599s] GC(3) Concurrent Scan Root Regions 4.052ms
[2024-04-06T03:29:06.695+0800][4.599s] GC(3) Concurrent Mark
[2024-04-06T03:29:06.695+0800][4.599s] GC(3) Concurrent Mark From Roots
[2024-04-06T03:29:06.695+0800][4.599s] GC(3) Using 3 workers of 3 for marking
[2024-04-06T03:29:06.707+0800][4.611s] GC(3) Concurrent Mark From Roots 11.741ms
[2024-04-06T03:29:06.707+0800][4.611s] GC(3) Concurrent Preclean
[2024-04-06T03:29:06.707+0800][4.611s] GC(3) Concurrent Preclean 0.125ms
[2024-04-06T03:29:06.710+0800][4.614s] GC(3) Pause Remark
[2024-04-06T03:29:06.717+0800][4.621s] GC(3) Pause Remark 24M->24M(512M) 6.871ms
[2024-04-06T03:29:06.717+0800][4.621s] GC(3) User=0.02s Sys=0.02s Real=0.01s
[2024-04-06T03:29:06.717+0800][4.621s] GC(3) Concurrent Mark 21.625ms
[2024-04-06T03:29:06.717+0800][4.621s] GC(3) Concurrent Rebuild Remembered Sets and Scrub Regions
[2024-04-06T03:29:06.722+0800][4.626s] GC(3) Concurrent Rebuild Remembered Sets and Scrub Regions 4.930ms
[2024-04-06T03:29:06.722+0800][4.626s] GC(3) Pause Cleanup
[2024-04-06T03:29:06.722+0800][4.626s] GC(3) Pause Cleanup 24M->24M(512M) 0.216ms
[2024-04-06T03:29:06.722+0800][4.626s] GC(3) User=0.00s Sys=0.00s Real=0.00s
[2024-04-06T03:29:06.722+0800][4.627s] GC(3) Concurrent Clear Claimed Marks
[2024-04-06T03:29:06.723+0800][4.627s] GC(3) Concurrent Clear Claimed Marks 0.079ms
[2024-04-06T03:29:06.723+0800][4.627s] GC(3) Concurrent Cleanup for Next Mark
[2024-04-06T03:29:06.723+0800][4.628s] GC(3) Concurrent Cleanup for Next Mark 0.850ms
[2024-04-06T03:29:06.723+0800][4.628s] GC(3) Concurrent Mark Cycle 32.483ms
[2024-04-06T03:29:09.153+0800][7.057s] GC(4) Pause Young (Concurrent Start) (Metadata GC Threshold)
[2024-04-06T03:29:09.153+0800][7.057s] GC(4) Using 13 workers of 13 for evacuation
[2024-04-06T03:29:09.161+0800][7.065s] GC(4)   Pre Evacuate Collection Set: 0.2ms
[2024-04-06T03:29:09.161+0800][7.065s] GC(4)   Merge Heap Roots: 0.1ms
[2024-04-06T03:29:09.161+0800][7.065s] GC(4)   Evacuate Collection Set: 6.4ms
[2024-04-06T03:29:09.161+0800][7.065s] GC(4)   Post Evacuate Collection Set: 1.1ms
[2024-04-06T03:29:09.161+0800][7.065s] GC(4)   Other: 0.2ms
[2024-04-06T03:29:09.161+0800][7.065s] GC(4) Eden regions: 100->0(291)
[2024-04-06T03:29:09.161+0800][7.065s] GC(4) Survivor regions: 12->16(39)
[2024-04-06T03:29:09.161+0800][7.065s] GC(4) Old regions: 9->9
[2024-04-06T03:29:09.161+0800][7.065s] GC(4) Humongous regions: 4->4
[2024-04-06T03:29:09.161+0800][7.065s] GC(4) Metaspace: 35794K(36288K)->35794K(36288K) NonClass: 31815K(32064K)->31815K(32064K) Class: 3978K(4224K)->3978K(4224K)
[2024-04-06T03:29:09.161+0800][7.065s] GC(4) Pause Young (Concurrent Start) (Metadata GC Threshold) 123M->27M(512M) 8.688ms
[2024-04-06T03:29:09.161+0800][7.065s] GC(4) User=0.00s Sys=0.00s Real=0.01s
[2024-04-06T03:29:09.161+0800][7.065s] GC(5) Concurrent Mark Cycle
[2024-04-06T03:29:09.162+0800][7.066s] GC(5) Concurrent Scan Root Regions
[2024-04-06T03:29:09.165+0800][7.069s] GC(5) Concurrent Scan Root Regions 3.731ms
[2024-04-06T03:29:09.165+0800][7.069s] GC(5) Concurrent Mark
[2024-04-06T03:29:09.165+0800][7.069s] GC(5) Concurrent Mark From Roots
[2024-04-06T03:29:09.165+0800][7.069s] GC(5) Using 3 workers of 3 for marking
[2024-04-06T03:29:09.175+0800][7.079s] GC(5) Concurrent Mark From Roots 9.243ms
[2024-04-06T03:29:09.175+0800][7.079s] GC(5) Concurrent Preclean
[2024-04-06T03:29:09.175+0800][7.079s] GC(5) Concurrent Preclean 0.080ms
[2024-04-06T03:29:09.175+0800][7.079s] GC(5) Pause Remark
[2024-04-06T03:29:09.182+0800][7.087s] GC(5) Pause Remark 28M->28M(512M) 7.594ms
[2024-04-06T03:29:09.182+0800][7.087s] GC(5) User=0.02s Sys=0.00s Real=0.01s
[2024-04-06T03:29:09.182+0800][7.087s] GC(5) Concurrent Mark 17.387ms
[2024-04-06T03:29:09.182+0800][7.087s] GC(5) Concurrent Rebuild Remembered Sets and Scrub Regions
[2024-04-06T03:29:09.187+0800][7.092s] GC(5) Concurrent Rebuild Remembered Sets and Scrub Regions 4.948ms
[2024-04-06T03:29:09.187+0800][7.092s] GC(5) Pause Cleanup
[2024-04-06T03:29:09.188+0800][7.092s] GC(5) Pause Cleanup 28M->28M(512M) 0.256ms
[2024-04-06T03:29:09.188+0800][7.092s] GC(5) User=0.00s Sys=0.00s Real=0.00s
[2024-04-06T03:29:09.188+0800][7.092s] GC(5) Concurrent Clear Claimed Marks
[2024-04-06T03:29:09.188+0800][7.092s] GC(5) Concurrent Clear Claimed Marks 0.073ms
[2024-04-06T03:29:09.188+0800][7.092s] GC(5) Concurrent Cleanup for Next Mark
[2024-04-06T03:29:09.189+0800][7.093s] GC(5) Concurrent Cleanup for Next Mark 0.843ms
[2024-04-06T03:29:09.189+0800][7.093s] GC(5) Concurrent Mark Cycle 27.990ms
[2024-04-06T03:35:47.250+0800][405.154s] GC(6) Pause Young (Normal) (G1 Evacuation Pause)
[2024-04-06T03:35:47.250+0800][405.154s] GC(6) Using 13 workers of 13 for evacuation
[2024-04-06T03:35:47.286+0800][405.190s] GC(6)   Pre Evacuate Collection Set: 0.4ms
[2024-04-06T03:35:47.286+0800][405.190s] GC(6)   Merge Heap Roots: 0.2ms
[2024-04-06T03:35:47.286+0800][405.190s] GC(6)   Evacuate Collection Set: 32.0ms
[2024-04-06T03:35:47.286+0800][405.190s] GC(6)   Post Evacuate Collection Set: 2.6ms
[2024-04-06T03:35:47.286+0800][405.190s] GC(6)   Other: 0.3ms
[2024-04-06T03:35:47.286+0800][405.190s] GC(6) Eden regions: 291->0(272)
[2024-04-06T03:35:47.286+0800][405.190s] GC(6) Survivor regions: 16->35(39)
[2024-04-06T03:35:47.286+0800][405.190s] GC(6) Old regions: 9->9
[2024-04-06T03:35:47.286+0800][405.190s] GC(6) Humongous regions: 4->4
[2024-04-06T03:35:47.286+0800][405.190s] GC(6) Metaspace: 60290K(60992K)->60290K(60992K) NonClass: 53035K(53376K)->53035K(53376K) Class: 7254K(7616K)->7254K(7616K)
[2024-04-06T03:35:47.286+0800][405.190s] GC(6) Pause Young (Normal) (G1 Evacuation Pause) 318M->46M(512M) 36.288ms
[2024-04-06T03:35:47.286+0800][405.190s] GC(6) User=0.41s Sys=0.00s Real=0.04s
[2024-04-06T03:35:47.502+0800][405.406s] GC(7) Pause Young (Concurrent Start) (Metadata GC Threshold)
[2024-04-06T03:35:47.502+0800][405.406s] GC(7) Using 13 workers of 13 for evacuation
[2024-04-06T03:35:47.532+0800][405.436s] GC(7)   Pre Evacuate Collection Set: 0.3ms
[2024-04-06T03:35:47.532+0800][405.436s] GC(7)   Merge Heap Roots: 0.1ms
[2024-04-06T03:35:47.532+0800][405.436s] GC(7)   Evacuate Collection Set: 27.0ms
[2024-04-06T03:35:47.532+0800][405.436s] GC(7)   Post Evacuate Collection Set: 2.6ms
[2024-04-06T03:35:47.532+0800][405.436s] GC(7)   Other: 0.2ms
[2024-04-06T03:35:47.532+0800][405.436s] GC(7) Eden regions: 74->0(284)
[2024-04-06T03:35:47.532+0800][405.436s] GC(7) Survivor regions: 35->23(39)
[2024-04-06T03:35:47.532+0800][405.436s] GC(7) Old regions: 9->24
[2024-04-06T03:35:47.532+0800][405.436s] GC(7) Humongous regions: 5->5
[2024-04-06T03:35:47.532+0800][405.436s] GC(7) Metaspace: 60405K(61120K)->60405K(61120K) NonClass: 53150K(53504K)->53150K(53504K) Class: 7254K(7616K)->7254K(7616K)
[2024-04-06T03:35:47.532+0800][405.436s] GC(7) Pause Young (Concurrent Start) (Metadata GC Threshold) 121M->50M(512M) 30.707ms
[2024-04-06T03:35:47.532+0800][405.436s] GC(8) Concurrent Mark Cycle
[2024-04-06T03:35:47.532+0800][405.436s] GC(7) User=0.41s Sys=0.00s Real=0.03s
[2024-04-06T03:35:47.533+0800][405.436s] GC(8) Concurrent Scan Root Regions
[2024-04-06T03:35:47.551+0800][405.455s] GC(8) Concurrent Scan Root Regions 18.173ms
[2024-04-06T03:35:47.551+0800][405.455s] GC(8) Concurrent Mark
[2024-04-06T03:35:47.551+0800][405.455s] GC(8) Concurrent Mark From Roots
[2024-04-06T03:35:47.551+0800][405.455s] GC(8) Using 3 workers of 3 for marking
[2024-04-06T03:35:47.562+0800][405.466s] GC(8) Concurrent Mark From Roots 11.587ms
[2024-04-06T03:35:47.563+0800][405.466s] GC(8) Concurrent Preclean
[2024-04-06T03:35:47.563+0800][405.467s] GC(8) Concurrent Preclean 0.114ms
[2024-04-06T03:35:47.563+0800][405.467s] GC(8) Pause Remark
[2024-04-06T03:35:47.567+0800][405.471s] GC(8) Pause Remark 68M->68M(512M) 4.388ms
[2024-04-06T03:35:47.567+0800][405.471s] GC(8) User=0.00s Sys=0.00s Real=0.00s
[2024-04-06T03:35:47.567+0800][405.471s] GC(8) Concurrent Mark 16.450ms
[2024-04-06T03:35:47.567+0800][405.471s] GC(8) Concurrent Rebuild Remembered Sets and Scrub Regions
[2024-04-06T03:35:47.580+0800][405.484s] GC(8) Concurrent Rebuild Remembered Sets and Scrub Regions 12.712ms
[2024-04-06T03:35:47.580+0800][405.484s] GC(8) Pause Cleanup
[2024-04-06T03:35:47.581+0800][405.485s] GC(8) Pause Cleanup 74M->74M(512M) 0.537ms
[2024-04-06T03:35:47.581+0800][405.485s] GC(8) User=0.00s Sys=0.00s Real=0.00s
[2024-04-06T03:35:47.581+0800][405.485s] GC(8) Concurrent Clear Claimed Marks
[2024-04-06T03:35:47.582+0800][405.486s] GC(8) Concurrent Clear Claimed Marks 0.282ms
[2024-04-06T03:35:47.582+0800][405.486s] GC(8) Concurrent Cleanup for Next Mark
[2024-04-06T03:35:47.584+0800][405.488s] GC(8) Concurrent Cleanup for Next Mark 2.312ms
[2024-04-06T03:35:47.584+0800][405.488s] GC(8) Concurrent Mark Cycle 51.749ms
[2024-04-06T16:55:44.097+0800][48427.231s] GC(9) Pause Young (Prepare Mixed) (G1 Evacuation Pause)
[2024-04-06T16:55:44.097+0800][48427.232s] GC(9) Using 13 workers of 13 for evacuation
[2024-04-06T16:55:44.118+0800][48427.252s] GC(9)   Pre Evacuate Collection Set: 1.1ms
[2024-04-06T16:55:44.118+0800][48427.253s] GC(9)   Merge Heap Roots: 0.9ms
[2024-04-06T16:55:44.118+0800][48427.253s] GC(9)   Evacuate Collection Set: 15.9ms
[2024-04-06T16:55:44.118+0800][48427.253s] GC(9)   Post Evacuate Collection Set: 2.6ms
[2024-04-06T16:55:44.118+0800][48427.253s] GC(9)   Other: 0.4ms
[2024-04-06T16:55:44.118+0800][48427.253s] GC(9) Eden regions: 284->0(284)
[2024-04-06T16:55:44.118+0800][48427.253s] GC(9) Survivor regions: 23->23(39)
[2024-04-06T16:55:44.118+0800][48427.253s] GC(9) Old regions: 24->24
[2024-04-06T16:55:44.118+0800][48427.253s] GC(9) Humongous regions: 5->5
[2024-04-06T16:55:44.118+0800][48427.253s] GC(9) Metaspace: 62665K(63424K)->62665K(63424K) NonClass: 55285K(55680K)->55285K(55680K) Class: 7379K(7744K)->7379K(7744K)
[2024-04-06T16:55:44.118+0800][48427.253s] GC(9) Pause Young (Prepare Mixed) (G1 Evacuation Pause) 334M->51M(512M) 21.446ms
[2024-04-06T16:55:44.118+0800][48427.253s] GC(9) User=0.03s Sys=0.12s Real=0.02s
[2024-04-06T20:32:33.738+0800][61443.883s] GC(10) Pause Young (Mixed) (G1 Evacuation Pause)
[2024-04-06T20:32:33.738+0800][61443.884s] GC(10) Using 13 workers of 13 for evacuation
[2024-04-06T20:32:33.774+0800][61443.919s] GC(10)   Pre Evacuate Collection Set: 1.2ms
[2024-04-06T20:32:33.774+0800][61443.919s] GC(10)   Merge Heap Roots: 0.4ms
[2024-04-06T20:32:33.774+0800][61443.919s] GC(10)   Evacuate Collection Set: 31.8ms
[2024-04-06T20:32:33.774+0800][61443.919s] GC(10)   Post Evacuate Collection Set: 1.5ms
[2024-04-06T20:32:33.774+0800][61443.919s] GC(10)   Other: 0.2ms
[2024-04-06T20:32:33.774+0800][61443.919s] GC(10) Eden regions: 284->0(300)
[2024-04-06T20:32:33.774+0800][61443.919s] GC(10) Survivor regions: 23->7(39)
[2024-04-06T20:32:33.774+0800][61443.919s] GC(10) Old regions: 24->42
[2024-04-06T20:32:33.774+0800][61443.919s] GC(10) Humongous regions: 5->5
[2024-04-06T20:32:33.774+0800][61443.919s] GC(10) Metaspace: 63490K(64192K)->63490K(64192K) NonClass: 56079K(56448K)->56079K(56448K) Class: 7410K(7744K)->7410K(7744K)
[2024-04-06T20:32:33.774+0800][61443.919s] GC(10) Pause Young (Mixed) (G1 Evacuation Pause) 335M->52M(512M) 35.565ms
[2024-04-06T20:32:33.774+0800][61443.919s] GC(10) User=0.09s Sys=0.17s Real=0.04s
[2024-04-06T22:51:00.298+0800][69750.444s] GC(11) Pause Young (Normal) (G1 Evacuation Pause)
[2024-04-06T22:51:00.299+0800][69750.444s] GC(11) Using 13 workers of 13 for evacuation
[2024-04-06T22:51:00.306+0800][69750.452s] GC(11)   Pre Evacuate Collection Set: 1.0ms
[2024-04-06T22:51:00.306+0800][69750.452s] GC(11)   Merge Heap Roots: 0.2ms
[2024-04-06T22:51:00.306+0800][69750.452s] GC(11)   Evacuate Collection Set: 5.1ms
[2024-04-06T22:51:00.306+0800][69750.452s] GC(11)   Post Evacuate Collection Set: 1.4ms
[2024-04-06T22:51:00.306+0800][69750.452s] GC(11)   Other: 0.2ms
[2024-04-06T22:51:00.306+0800][69750.452s] GC(11) Eden regions: 300->0(302)
[2024-04-06T22:51:00.306+0800][69750.452s] GC(11) Survivor regions: 7->5(39)
[2024-04-06T22:51:00.306+0800][69750.452s] GC(11) Old regions: 42->42
[2024-04-06T22:51:00.306+0800][69750.452s] GC(11) Humongous regions: 5->5
[2024-04-06T22:51:00.306+0800][69750.452s] GC(11) Metaspace: 64173K(64896K)->64173K(64896K) NonClass: 56703K(57088K)->56703K(57088K) Class: 7469K(7808K)->7469K(7808K)
[2024-04-06T22:51:00.306+0800][69750.452s] GC(11) Pause Young (Normal) (G1 Evacuation Pause) 352M->51M(512M) 8.117ms
[2024-04-06T22:51:00.306+0800][69750.452s] GC(11) User=0.05s Sys=0.11s Real=0.01s
[2024-04-07T21:34:33.132+0800][151585.992s] GC(12) Pause Young (Normal) (G1 Evacuation Pause)
[2024-04-07T21:34:33.133+0800][151585.993s] GC(12) Using 13 workers of 13 for evacuation
[2024-04-07T21:34:33.156+0800][151586.016s] GC(12)   Pre Evacuate Collection Set: 2.6ms
[2024-04-07T21:34:33.156+0800][151586.016s] GC(12)   Merge Heap Roots: 0.4ms
[2024-04-07T21:34:33.156+0800][151586.016s] GC(12)   Evacuate Collection Set: 17.4ms
[2024-04-07T21:34:33.156+0800][151586.016s] GC(12)   Post Evacuate Collection Set: 1.8ms
[2024-04-07T21:34:33.156+0800][151586.016s] GC(12)   Other: 1.5ms
[2024-04-07T21:34:33.156+0800][151586.016s] GC(12) Eden regions: 302->0(302)
[2024-04-07T21:34:33.156+0800][151586.016s] GC(12) Survivor regions: 5->5(39)
[2024-04-07T21:34:33.156+0800][151586.016s] GC(12) Old regions: 42->42
[2024-04-07T21:34:33.156+0800][151586.016s] GC(12) Humongous regions: 5->5
[2024-04-07T21:34:33.156+0800][151586.016s] GC(12) Metaspace: 64869K(65664K)->64869K(65664K) NonClass: 57366K(57792K)->57366K(57792K) Class: 7502K(7872K)->7502K(7872K)
[2024-04-07T21:34:33.156+0800][151586.016s] GC(12) Pause Young (Normal) (G1 Evacuation Pause) 353M->50M(512M) 24.233ms
[2024-04-07T21:34:33.156+0800][151586.016s] GC(12) User=0.03s Sys=0.02s Real=0.02s
[2024-04-08T01:39:38.860+0800][166291.720s] Heap
[2024-04-08T01:39:38.860+0800][166291.720s]  garbage-first heap   total 524288K, used 246736K [0x00000000e0000000, 0x0000000100000000)
[2024-04-08T01:39:38.860+0800][166291.720s]   region size 1024K, 196 young (200704K), 5 survivors (5120K)
[2024-04-08T01:39:38.860+0800][166291.720s]  Metaspace       used 65297K, committed 65984K, reserved 1114112K
[2024-04-08T01:39:38.860+0800][166291.720s]   class space    used 7552K, committed 7872K, reserved 1048576K
