[2024-03-28T18:05:23.627+0800][0.033s] CardTable entry size: 512
[2024-03-28T18:05:23.628+0800][0.034s] Using G1
[2024-03-28T18:05:24.017+0800][0.422s] Version: 21.0.2+13-LTS-58 (release)
[2024-03-28T18:05:24.017+0800][0.422s] CPUs: 16 total, 16 available
[2024-03-28T18:05:24.017+0800][0.422s] Memory: 16158M
[2024-03-28T18:05:24.017+0800][0.422s] Large Page Support: Disabled
[2024-03-28T18:05:24.017+0800][0.423s] NUMA Support: Disabled
[2024-03-28T18:05:24.017+0800][0.423s] Compressed Oops: Enabled (32-bit)
[2024-03-28T18:05:24.017+0800][0.423s] Heap Region Size: 1M
[2024-03-28T18:05:24.017+0800][0.423s] Heap Min Capacity: 512M
[2024-03-28T18:05:24.017+0800][0.423s] Heap Initial Capacity: 512M
[2024-03-28T18:05:24.017+0800][0.423s] Heap Max Capacity: 512M
[2024-03-28T18:05:24.018+0800][0.423s] Pre-touch: Enabled
[2024-03-28T18:05:24.018+0800][0.423s] Parallel Workers: 13
[2024-03-28T18:05:24.018+0800][0.423s] Concurrent Workers: 3
[2024-03-28T18:05:24.018+0800][0.423s] Concurrent Refinement Workers: 13
[2024-03-28T18:05:24.018+0800][0.423s] Periodic GC: Disabled
[2024-03-28T18:05:24.042+0800][0.447s] CDS archive(s) mapped at: [0x000001cd38000000-0x000001cd38c90000-0x000001cd38c90000), size 13172736, SharedBaseAddress: 0x000001cd38000000, ArchiveRelocationMode: 1.
[2024-03-28T18:05:24.042+0800][0.447s] Compressed class space mapped at: 0x000001cd39000000-0x000001cd79000000, reserved size: 1073741824
[2024-03-28T18:05:24.042+0800][0.447s] Narrow klass base: 0x000001cd38000000, Narrow klass shift: 0, Narrow klass range: 0x100000000
[2024-03-28T18:05:25.757+0800][2.162s] GC(0) Pause Young (Normal) (G1 Evacuation Pause)
[2024-03-28T18:05:25.758+0800][2.163s] GC(0) Using 12 workers of 13 for evacuation
[2024-03-28T18:05:25.800+0800][2.206s] GC(0)   Pre Evacuate Collection Set: 0.5ms
[2024-03-28T18:05:25.801+0800][2.206s] GC(0)   Merge Heap Roots: 0.1ms
[2024-03-28T18:05:25.801+0800][2.206s] GC(0)   Evacuate Collection Set: 40.9ms
[2024-03-28T18:05:25.801+0800][2.206s] GC(0)   Post Evacuate Collection Set: 0.8ms
[2024-03-28T18:05:25.801+0800][2.206s] GC(0)   Other: 0.9ms
[2024-03-28T18:05:25.801+0800][2.206s] GC(0) Eden regions: 29->0(42)
[2024-03-28T18:05:25.801+0800][2.206s] GC(0) Survivor regions: 0->4(4)
[2024-03-28T18:05:25.801+0800][2.206s] GC(0) Old regions: 0->0
[2024-03-28T18:05:25.801+0800][2.206s] GC(0) Humongous regions: 0->0
[2024-03-28T18:05:25.801+0800][2.206s] GC(0) Metaspace: 6785K(6976K)->6785K(6976K) NonClass: 6016K(6080K)->6016K(6080K) Class: 769K(896K)->769K(896K)
[2024-03-28T18:05:25.801+0800][2.206s] GC(0) Pause Young (Normal) (G1 Evacuation Pause) 29M->3M(512M) 44.235ms
[2024-03-28T18:05:25.801+0800][2.206s] GC(0) User=0.11s Sys=0.00s Real=0.04s
[2024-03-28T18:05:27.780+0800][4.185s] GC(1) Pause Young (Normal) (G1 Evacuation Pause)
[2024-03-28T18:05:27.780+0800][4.185s] GC(1) Using 13 workers of 13 for evacuation
[2024-03-28T18:05:27.824+0800][4.230s] GC(1)   Pre Evacuate Collection Set: 0.2ms
[2024-03-28T18:05:27.824+0800][4.230s] GC(1)   Merge Heap Roots: 0.1ms
[2024-03-28T18:05:27.824+0800][4.230s] GC(1)   Evacuate Collection Set: 42.3ms
[2024-03-28T18:05:27.824+0800][4.230s] GC(1)   Post Evacuate Collection Set: 1.3ms
[2024-03-28T18:05:27.824+0800][4.230s] GC(1)   Other: 0.4ms
[2024-03-28T18:05:27.824+0800][4.230s] GC(1) Eden regions: 42->0(171)
[2024-03-28T18:05:27.824+0800][4.230s] GC(1) Survivor regions: 4->6(6)
[2024-03-28T18:05:27.824+0800][4.230s] GC(1) Old regions: 0->9
[2024-03-28T18:05:27.824+0800][4.230s] GC(1) Humongous regions: 4->4
[2024-03-28T18:05:27.825+0800][4.230s] GC(1) Metaspace: 18713K(19072K)->18713K(19072K) NonClass: 16578K(16768K)->16578K(16768K) Class: 2135K(2304K)->2135K(2304K)
[2024-03-28T18:05:27.825+0800][4.230s] GC(1) Pause Young (Normal) (G1 Evacuation Pause) 49M->18M(512M) 44.831ms
[2024-03-28T18:05:27.825+0800][4.230s] GC(1) User=0.16s Sys=0.00s Real=0.05s
[2024-03-28T18:05:29.324+0800][5.729s] GC(2) Pause Young (Normal) (G1 Evacuation Pause)
[2024-03-28T18:05:29.324+0800][5.729s] GC(2) Using 13 workers of 13 for evacuation
[2024-03-28T18:05:29.328+0800][5.734s] GC(2)   Pre Evacuate Collection Set: 0.2ms
[2024-03-28T18:05:29.328+0800][5.734s] GC(2)   Merge Heap Roots: 0.1ms
[2024-03-28T18:05:29.328+0800][5.734s] GC(2)   Evacuate Collection Set: 3.1ms
[2024-03-28T18:05:29.328+0800][5.734s] GC(2)   Post Evacuate Collection Set: 0.7ms
[2024-03-28T18:05:29.328+0800][5.734s] GC(2)   Other: 0.3ms
[2024-03-28T18:05:29.328+0800][5.734s] GC(2) Eden regions: 171->0(295)
[2024-03-28T18:05:29.328+0800][5.734s] GC(2) Survivor regions: 6->12(23)
[2024-03-28T18:05:29.328+0800][5.734s] GC(2) Old regions: 9->9
[2024-03-28T18:05:29.328+0800][5.734s] GC(2) Humongous regions: 4->4
[2024-03-28T18:05:29.329+0800][5.734s] GC(2) Metaspace: 20013K(20352K)->20013K(20352K) NonClass: 17737K(17920K)->17737K(17920K) Class: 2276K(2432K)->2276K(2432K)
[2024-03-28T18:05:29.329+0800][5.734s] GC(2) Pause Young (Normal) (G1 Evacuation Pause) 189M->24M(512M) 4.729ms
[2024-03-28T18:05:29.329+0800][5.734s] GC(2) User=0.19s Sys=0.00s Real=0.01s
[2024-03-28T18:05:29.659+0800][6.065s] GC(3) Pause Young (Concurrent Start) (Metadata GC Threshold)
[2024-03-28T18:05:29.659+0800][6.065s] GC(3) Using 13 workers of 13 for evacuation
[2024-03-28T18:05:29.665+0800][6.070s] GC(3)   Pre Evacuate Collection Set: 0.6ms
[2024-03-28T18:05:29.665+0800][6.070s] GC(3)   Merge Heap Roots: 0.1ms
[2024-03-28T18:05:29.665+0800][6.070s] GC(3)   Evacuate Collection Set: 3.8ms
[2024-03-28T18:05:29.665+0800][6.070s] GC(3)   Post Evacuate Collection Set: 0.8ms
[2024-03-28T18:05:29.665+0800][6.070s] GC(3)   Other: 0.1ms
[2024-03-28T18:05:29.665+0800][6.070s] GC(3) Eden regions: 18->0(295)
[2024-03-28T18:05:29.665+0800][6.070s] GC(3) Survivor regions: 12->12(39)
[2024-03-28T18:05:29.665+0800][6.070s] GC(3) Old regions: 9->9
[2024-03-28T18:05:29.665+0800][6.070s] GC(3) Humongous regions: 4->4
[2024-03-28T18:05:29.665+0800][6.070s] GC(3) Metaspace: 21062K(21504K)->21062K(21504K) NonClass: 18674K(18880K)->18674K(18880K) Class: 2388K(2624K)->2388K(2624K)
[2024-03-28T18:05:29.665+0800][6.071s] GC(3) Pause Young (Concurrent Start) (Metadata GC Threshold) 42M->24M(512M) 5.965ms
[2024-03-28T18:05:29.665+0800][6.071s] GC(4) Concurrent Mark Cycle
[2024-03-28T18:05:29.665+0800][6.071s] GC(3) User=0.00s Sys=0.00s Real=0.01s
[2024-03-28T18:05:29.665+0800][6.071s] GC(4) Concurrent Scan Root Regions
[2024-03-28T18:05:29.676+0800][6.082s] GC(4) Concurrent Scan Root Regions 11.067ms
[2024-03-28T18:05:29.676+0800][6.082s] GC(4) Concurrent Mark
[2024-03-28T18:05:29.677+0800][6.082s] GC(4) Concurrent Mark From Roots
[2024-03-28T18:05:29.677+0800][6.082s] GC(4) Using 3 workers of 3 for marking
[2024-03-28T18:05:29.709+0800][6.114s] GC(4) Concurrent Mark From Roots 32.167ms
[2024-03-28T18:05:29.709+0800][6.114s] GC(4) Concurrent Preclean
[2024-03-28T18:05:29.709+0800][6.114s] GC(4) Concurrent Preclean 0.135ms
[2024-03-28T18:05:29.735+0800][6.140s] GC(4) Pause Remark
[2024-03-28T18:05:29.738+0800][6.143s] GC(4) Pause Remark 25M->25M(512M) 3.008ms
[2024-03-28T18:05:29.738+0800][6.143s] GC(4) User=0.00s Sys=0.00s Real=0.00s
[2024-03-28T18:05:29.738+0800][6.143s] GC(4) Concurrent Mark 61.294ms
[2024-03-28T18:05:29.738+0800][6.143s] GC(4) Concurrent Rebuild Remembered Sets and Scrub Regions
[2024-03-28T18:05:29.742+0800][6.148s] GC(4) Concurrent Rebuild Remembered Sets and Scrub Regions 4.451ms
[2024-03-28T18:05:29.743+0800][6.149s] GC(4) Pause Cleanup
[2024-03-28T18:05:29.744+0800][6.149s] GC(4) Pause Cleanup 25M->25M(512M) 0.259ms
[2024-03-28T18:05:29.744+0800][6.149s] GC(4) User=0.00s Sys=0.00s Real=0.00s
[2024-03-28T18:05:29.744+0800][6.149s] GC(4) Concurrent Clear Claimed Marks
[2024-03-28T18:05:29.744+0800][6.149s] GC(4) Concurrent Clear Claimed Marks 0.078ms
[2024-03-28T18:05:29.744+0800][6.149s] GC(4) Concurrent Cleanup for Next Mark
[2024-03-28T18:05:29.745+0800][6.151s] GC(4) Concurrent Cleanup for Next Mark 1.424ms
[2024-03-28T18:05:29.745+0800][6.151s] GC(4) Concurrent Mark Cycle 80.075ms
[2024-03-28T18:05:32.800+0800][9.205s] GC(5) Pause Young (Prepare Mixed) (Metadata GC Threshold)
[2024-03-28T18:05:32.800+0800][9.205s] GC(5) Using 13 workers of 13 for evacuation
[2024-03-28T18:05:32.808+0800][9.213s] GC(5)   Pre Evacuate Collection Set: 0.2ms
[2024-03-28T18:05:32.808+0800][9.213s] GC(5)   Merge Heap Roots: 0.1ms
[2024-03-28T18:05:32.808+0800][9.213s] GC(5)   Evacuate Collection Set: 6.5ms
[2024-03-28T18:05:32.808+0800][9.213s] GC(5)   Post Evacuate Collection Set: 0.9ms
[2024-03-28T18:05:32.808+0800][9.213s] GC(5)   Other: 0.2ms
[2024-03-28T18:05:32.808+0800][9.213s] GC(5) Eden regions: 97->0(291)
[2024-03-28T18:05:32.808+0800][9.213s] GC(5) Survivor regions: 12->16(39)
[2024-03-28T18:05:32.808+0800][9.213s] GC(5) Old regions: 9->9
[2024-03-28T18:05:32.808+0800][9.213s] GC(5) Humongous regions: 4->4
[2024-03-28T18:05:32.808+0800][9.213s] GC(5) Metaspace: 36950K(37376K)->36950K(37376K) NonClass: 32839K(33088K)->32839K(33088K) Class: 4110K(4288K)->4110K(4288K)
[2024-03-28T18:05:32.808+0800][9.213s] GC(5) Pause Young (Prepare Mixed) (Metadata GC Threshold) 120M->28M(512M) 8.521ms
[2024-03-28T18:05:32.808+0800][9.213s] GC(5) User=0.00s Sys=0.00s Real=0.01s
[2024-03-28T18:05:32.917+0800][9.322s] GC(6) Pause Young (Mixed) (Metadata GC Threshold)
[2024-03-28T18:05:32.917+0800][9.322s] GC(6) Using 13 workers of 13 for evacuation
[2024-03-28T18:05:32.924+0800][9.330s] GC(6)   Pre Evacuate Collection Set: 0.2ms
[2024-03-28T18:05:32.924+0800][9.330s] GC(6)   Merge Heap Roots: 0.1ms
[2024-03-28T18:05:32.924+0800][9.330s] GC(6)   Evacuate Collection Set: 6.3ms
[2024-03-28T18:05:32.924+0800][9.330s] GC(6)   Post Evacuate Collection Set: 0.7ms
[2024-03-28T18:05:32.924+0800][9.330s] GC(6)   Other: 0.1ms
[2024-03-28T18:05:32.924+0800][9.330s] GC(6) Eden regions: 4->0(290)
[2024-03-28T18:05:32.925+0800][9.330s] GC(6) Survivor regions: 16->17(39)
[2024-03-28T18:05:32.925+0800][9.330s] GC(6) Old regions: 9->9
[2024-03-28T18:05:32.925+0800][9.330s] GC(6) Humongous regions: 4->4
[2024-03-28T18:05:32.925+0800][9.330s] GC(6) Metaspace: 37213K(37696K)->37213K(37696K) NonClass: 33064K(33280K)->33064K(33280K) Class: 4148K(4416K)->4148K(4416K)
[2024-03-28T18:05:32.925+0800][9.330s] GC(6) Pause Young (Mixed) (Metadata GC Threshold) 32M->29M(512M) 8.016ms
[2024-03-28T18:05:32.925+0800][9.330s] GC(6) User=0.22s Sys=0.00s Real=0.01s
[2024-03-28T18:05:33.024+0800][9.429s] GC(7) Pause Young (Concurrent Start) (Metadata GC Threshold)
[2024-03-28T18:05:33.024+0800][9.430s] GC(7) Using 13 workers of 13 for evacuation
[2024-03-28T18:05:33.032+0800][9.437s] GC(7)   Pre Evacuate Collection Set: 0.3ms
[2024-03-28T18:05:33.032+0800][9.437s] GC(7)   Merge Heap Roots: 0.1ms
[2024-03-28T18:05:33.032+0800][9.437s] GC(7)   Evacuate Collection Set: 6.2ms
[2024-03-28T18:05:33.032+0800][9.437s] GC(7)   Post Evacuate Collection Set: 0.8ms
[2024-03-28T18:05:33.032+0800][9.437s] GC(7)   Other: 0.2ms
[2024-03-28T18:05:33.032+0800][9.437s] GC(7) Eden regions: 3->0(289)
[2024-03-28T18:05:33.032+0800][9.438s] GC(7) Survivor regions: 17->18(39)
[2024-03-28T18:05:33.032+0800][9.438s] GC(7) Old regions: 9->9
[2024-03-28T18:05:33.032+0800][9.438s] GC(7) Humongous regions: 4->4
[2024-03-28T18:05:33.032+0800][9.438s] GC(7) Metaspace: 37519K(38016K)->37519K(38016K) NonClass: 33323K(33536K)->33323K(33536K) Class: 4195K(4480K)->4195K(4480K)
[2024-03-28T18:05:33.032+0800][9.438s] GC(7) Pause Young (Concurrent Start) (Metadata GC Threshold) 32M->30M(512M) 8.180ms
[2024-03-28T18:05:33.032+0800][9.438s] GC(8) Concurrent Mark Cycle
[2024-03-28T18:05:33.032+0800][9.438s] GC(7) User=0.02s Sys=0.00s Real=0.01s
[2024-03-28T18:05:33.032+0800][9.438s] GC(8) Concurrent Scan Root Regions
[2024-03-28T18:05:33.039+0800][9.444s] GC(8) Concurrent Scan Root Regions 6.399ms
[2024-03-28T18:05:33.039+0800][9.444s] GC(8) Concurrent Mark
[2024-03-28T18:05:33.039+0800][9.444s] GC(8) Concurrent Mark From Roots
[2024-03-28T18:05:33.039+0800][9.444s] GC(8) Using 3 workers of 3 for marking
[2024-03-28T18:05:33.051+0800][9.457s] GC(8) Concurrent Mark From Roots 12.172ms
[2024-03-28T18:05:33.051+0800][9.457s] GC(8) Concurrent Preclean
[2024-03-28T18:05:33.051+0800][9.457s] GC(8) Concurrent Preclean 0.145ms
[2024-03-28T18:05:33.052+0800][9.457s] GC(8) Pause Remark
[2024-03-28T18:05:33.057+0800][9.463s] GC(8) Pause Remark 31M->31M(512M) 5.792ms
[2024-03-28T18:05:33.058+0800][9.463s] GC(8) User=0.00s Sys=0.00s Real=0.01s
[2024-03-28T18:05:33.058+0800][9.463s] GC(8) Concurrent Mark 18.624ms
[2024-03-28T18:05:33.058+0800][9.463s] GC(8) Concurrent Rebuild Remembered Sets and Scrub Regions
[2024-03-28T18:05:33.062+0800][9.468s] GC(8) Concurrent Rebuild Remembered Sets and Scrub Regions 4.612ms
[2024-03-28T18:05:33.062+0800][9.468s] GC(8) Pause Cleanup
[2024-03-28T18:05:33.063+0800][9.468s] GC(8) Pause Cleanup 31M->31M(512M) 0.233ms
[2024-03-28T18:05:33.063+0800][9.468s] GC(8) User=0.00s Sys=0.00s Real=0.00s
[2024-03-28T18:05:33.080+0800][9.485s] GC(8) Concurrent Clear Claimed Marks
[2024-03-28T18:05:33.080+0800][9.485s] GC(8) Concurrent Clear Claimed Marks 0.263ms
[2024-03-28T18:05:33.080+0800][9.485s] GC(8) Concurrent Cleanup for Next Mark
[2024-03-28T18:05:33.083+0800][9.488s] GC(8) Concurrent Cleanup for Next Mark 2.474ms
[2024-03-28T18:05:33.083+0800][9.488s] GC(8) Concurrent Mark Cycle 50.305ms
