[2024-04-08T01:39:43.544+0800][0.046s] CardTable entry size: 512
[2024-04-08T01:39:43.544+0800][0.047s] Using G1
[2024-04-08T01:39:43.980+0800][0.482s] Version: 21.0.2+13-LTS-58 (release)
[2024-04-08T01:39:43.980+0800][0.482s] CPUs: 16 total, 16 available
[2024-04-08T01:39:43.980+0800][0.482s] Memory: 16158M
[2024-04-08T01:39:43.980+0800][0.482s] Large Page Support: Disabled
[2024-04-08T01:39:43.980+0800][0.482s] NUMA Support: Disabled
[2024-04-08T01:39:43.980+0800][0.482s] Compressed Oops: Enabled (32-bit)
[2024-04-08T01:39:43.980+0800][0.483s] Heap Region Size: 1M
[2024-04-08T01:39:43.980+0800][0.483s] Heap Min Capacity: 512M
[2024-04-08T01:39:43.980+0800][0.483s] Heap Initial Capacity: 512M
[2024-04-08T01:39:43.981+0800][0.483s] Heap Max Capacity: 512M
[2024-04-08T01:39:43.981+0800][0.483s] Pre-touch: Enabled
[2024-04-08T01:39:43.981+0800][0.483s] Parallel Workers: 13
[2024-04-08T01:39:43.981+0800][0.483s] Concurrent Workers: 3
[2024-04-08T01:39:43.981+0800][0.483s] Concurrent Refinement Workers: 13
[2024-04-08T01:39:43.981+0800][0.483s] Periodic GC: Disabled
[2024-04-08T01:39:43.998+0800][0.500s] CDS archive(s) mapped at: [0x000001b0c1000000-0x000001b0c1c90000-0x000001b0c1c90000), size 13172736, SharedBaseAddress: 0x000001b0c1000000, ArchiveRelocationMode: 1.
[2024-04-08T01:39:43.998+0800][0.501s] Compressed class space mapped at: 0x000001b0c2000000-0x000001b102000000, reserved size: 1073741824
[2024-04-08T01:39:43.998+0800][0.501s] Narrow klass base: 0x000001b0c1000000, Narrow klass shift: 0, Narrow klass range: 0x100000000
[2024-04-08T01:39:45.551+0800][2.053s] GC(0) Pause Young (Normal) (G1 Evacuation Pause)
[2024-04-08T01:39:45.552+0800][2.054s] GC(0) Using 12 workers of 13 for evacuation
[2024-04-08T01:39:45.556+0800][2.059s] GC(0)   Pre Evacuate Collection Set: 0.2ms
[2024-04-08T01:39:45.557+0800][2.059s] GC(0)   Merge Heap Roots: 0.1ms
[2024-04-08T01:39:45.557+0800][2.059s] GC(0)   Evacuate Collection Set: 3.3ms
[2024-04-08T01:39:45.557+0800][2.059s] GC(0)   Post Evacuate Collection Set: 0.7ms
[2024-04-08T01:39:45.557+0800][2.059s] GC(0)   Other: 1.3ms
[2024-04-08T01:39:45.557+0800][2.059s] GC(0) Eden regions: 29->0(42)
[2024-04-08T01:39:45.557+0800][2.059s] GC(0) Survivor regions: 0->4(4)
[2024-04-08T01:39:45.557+0800][2.059s] GC(0) Old regions: 0->0
[2024-04-08T01:39:45.557+0800][2.059s] GC(0) Humongous regions: 0->0
[2024-04-08T01:39:45.557+0800][2.059s] GC(0) Metaspace: 6739K(6912K)->6739K(6912K) NonClass: 5974K(6080K)->5974K(6080K) Class: 764K(832K)->764K(832K)
[2024-04-08T01:39:45.557+0800][2.059s] GC(0) Pause Young (Normal) (G1 Evacuation Pause) 29M->3M(512M) 6.270ms
[2024-04-08T01:39:45.557+0800][2.059s] GC(0) User=0.14s Sys=0.00s Real=0.01s
[2024-04-08T01:39:47.275+0800][3.777s] GC(1) Pause Young (Normal) (G1 Evacuation Pause)
[2024-04-08T01:39:47.275+0800][3.777s] GC(1) Using 13 workers of 13 for evacuation
[2024-04-08T01:39:47.289+0800][3.791s] GC(1)   Pre Evacuate Collection Set: 0.3ms
[2024-04-08T01:39:47.289+0800][3.791s] GC(1)   Merge Heap Roots: 0.2ms
[2024-04-08T01:39:47.289+0800][3.791s] GC(1)   Evacuate Collection Set: 11.8ms
[2024-04-08T01:39:47.289+0800][3.791s] GC(1)   Post Evacuate Collection Set: 1.4ms
[2024-04-08T01:39:47.289+0800][3.791s] GC(1)   Other: 0.4ms
[2024-04-08T01:39:47.289+0800][3.791s] GC(1) Eden regions: 42->0(146)
[2024-04-08T01:39:47.289+0800][3.791s] GC(1) Survivor regions: 4->6(6)
[2024-04-08T01:39:47.289+0800][3.791s] GC(1) Old regions: 0->9
[2024-04-08T01:39:47.289+0800][3.791s] GC(1) Humongous regions: 4->4
[2024-04-08T01:39:47.289+0800][3.791s] GC(1) Metaspace: 18709K(19136K)->18709K(19136K) NonClass: 16572K(16832K)->16572K(16832K) Class: 2136K(2304K)->2136K(2304K)
[2024-04-08T01:39:47.289+0800][3.791s] GC(1) Pause Young (Normal) (G1 Evacuation Pause) 49M->18M(512M) 14.594ms
[2024-04-08T01:39:47.289+0800][3.791s] GC(1) User=0.19s Sys=0.02s Real=0.01s
[2024-04-08T01:39:48.690+0800][5.192s] GC(2) Pause Young (Normal) (G1 Evacuation Pause)
[2024-04-08T01:39:48.690+0800][5.192s] GC(2) Using 13 workers of 13 for evacuation
[2024-04-08T01:39:48.695+0800][5.197s] GC(2)   Pre Evacuate Collection Set: 0.3ms
[2024-04-08T01:39:48.695+0800][5.197s] GC(2)   Merge Heap Roots: 0.2ms
[2024-04-08T01:39:48.695+0800][5.197s] GC(2)   Evacuate Collection Set: 3.5ms
[2024-04-08T01:39:48.695+0800][5.197s] GC(2)   Post Evacuate Collection Set: 1.1ms
[2024-04-08T01:39:48.695+0800][5.198s] GC(2)   Other: 0.2ms
[2024-04-08T01:39:48.695+0800][5.198s] GC(2) Eden regions: 146->0(296)
[2024-04-08T01:39:48.695+0800][5.198s] GC(2) Survivor regions: 6->11(19)
[2024-04-08T01:39:48.696+0800][5.198s] GC(2) Old regions: 9->9
[2024-04-08T01:39:48.696+0800][5.198s] GC(2) Humongous regions: 4->4
[2024-04-08T01:39:48.696+0800][5.198s] GC(2) Metaspace: 19873K(20224K)->19873K(20224K) NonClass: 17614K(17792K)->17614K(17792K) Class: 2259K(2432K)->2259K(2432K)
[2024-04-08T01:39:48.696+0800][5.198s] GC(2) Pause Young (Normal) (G1 Evacuation Pause) 164M->23M(512M) 5.813ms
[2024-04-08T01:39:48.696+0800][5.198s] GC(2) User=0.20s Sys=0.00s Real=0.01s
[2024-04-08T01:39:49.132+0800][5.635s] GC(3) Pause Young (Concurrent Start) (Metadata GC Threshold)
[2024-04-08T01:39:49.132+0800][5.635s] GC(3) Using 13 workers of 13 for evacuation
[2024-04-08T01:39:49.139+0800][5.641s] GC(3)   Pre Evacuate Collection Set: 0.4ms
[2024-04-08T01:39:49.139+0800][5.641s] GC(3)   Merge Heap Roots: 0.2ms
[2024-04-08T01:39:49.139+0800][5.641s] GC(3)   Evacuate Collection Set: 4.2ms
[2024-04-08T01:39:49.139+0800][5.641s] GC(3)   Post Evacuate Collection Set: 1.0ms
[2024-04-08T01:39:49.139+0800][5.641s] GC(3)   Other: 0.3ms
[2024-04-08T01:39:49.139+0800][5.641s] GC(3) Eden regions: 45->0(295)
[2024-04-08T01:39:49.139+0800][5.641s] GC(3) Survivor regions: 11->12(39)
[2024-04-08T01:39:49.139+0800][5.641s] GC(3) Old regions: 9->9
[2024-04-08T01:39:49.139+0800][5.641s] GC(3) Humongous regions: 4->4
[2024-04-08T01:39:49.139+0800][5.641s] GC(3) Metaspace: 21080K(21504K)->21080K(21504K) NonClass: 18688K(18880K)->18688K(18880K) Class: 2392K(2624K)->2392K(2624K)
[2024-04-08T01:39:49.139+0800][5.641s] GC(3) Pause Young (Concurrent Start) (Metadata GC Threshold) 67M->23M(512M) 6.533ms
[2024-04-08T01:39:49.139+0800][5.641s] GC(3) User=0.00s Sys=0.00s Real=0.01s
[2024-04-08T01:39:49.139+0800][5.641s] GC(4) Concurrent Mark Cycle
[2024-04-08T01:39:49.139+0800][5.641s] GC(4) Concurrent Scan Root Regions
[2024-04-08T01:39:49.144+0800][5.646s] GC(4) Concurrent Scan Root Regions 4.845ms
[2024-04-08T01:39:49.144+0800][5.646s] GC(4) Concurrent Mark
[2024-04-08T01:39:49.144+0800][5.646s] GC(4) Concurrent Mark From Roots
[2024-04-08T01:39:49.144+0800][5.646s] GC(4) Using 3 workers of 3 for marking
[2024-04-08T01:39:49.159+0800][5.661s] GC(4) Concurrent Mark From Roots 15.022ms
[2024-04-08T01:39:49.159+0800][5.661s] GC(4) Concurrent Preclean
[2024-04-08T01:39:49.159+0800][5.661s] GC(4) Concurrent Preclean 0.117ms
[2024-04-08T01:39:49.160+0800][5.662s] GC(4) Pause Remark
[2024-04-08T01:39:49.165+0800][5.667s] GC(4) Pause Remark 24M->24M(512M) 5.254ms
[2024-04-08T01:39:49.165+0800][5.667s] GC(4) User=0.09s Sys=0.00s Real=0.00s
[2024-04-08T01:39:49.165+0800][5.667s] GC(4) Concurrent Mark 21.274ms
[2024-04-08T01:39:49.165+0800][5.667s] GC(4) Concurrent Rebuild Remembered Sets and Scrub Regions
[2024-04-08T01:39:49.172+0800][5.674s] GC(4) Concurrent Rebuild Remembered Sets and Scrub Regions 6.726ms
[2024-04-08T01:39:49.185+0800][5.687s] GC(4) Pause Cleanup
[2024-04-08T01:39:49.185+0800][5.687s] GC(4) Pause Cleanup 24M->24M(512M) 0.332ms
[2024-04-08T01:39:49.185+0800][5.687s] GC(4) User=0.00s Sys=0.00s Real=0.00s
[2024-04-08T01:39:49.185+0800][5.687s] GC(4) Concurrent Clear Claimed Marks
[2024-04-08T01:39:49.185+0800][5.688s] GC(4) Concurrent Clear Claimed Marks 0.105ms
[2024-04-08T01:39:49.185+0800][5.688s] GC(4) Concurrent Cleanup for Next Mark
[2024-04-08T01:39:49.186+0800][5.689s] GC(4) Concurrent Cleanup for Next Mark 0.899ms
[2024-04-08T01:39:49.186+0800][5.689s] GC(4) Concurrent Mark Cycle 47.450ms
[2024-04-08T01:39:52.225+0800][8.727s] GC(5) Pause Young (Concurrent Start) (Metadata GC Threshold)
[2024-04-08T01:39:52.225+0800][8.727s] GC(5) Using 13 workers of 13 for evacuation
[2024-04-08T01:39:52.242+0800][8.745s] GC(5)   Pre Evacuate Collection Set: 0.4ms
[2024-04-08T01:39:52.243+0800][8.745s] GC(5)   Merge Heap Roots: 0.2ms
[2024-04-08T01:39:52.243+0800][8.745s] GC(5)   Evacuate Collection Set: 14.7ms
[2024-04-08T01:39:52.243+0800][8.745s] GC(5)   Post Evacuate Collection Set: 1.9ms
[2024-04-08T01:39:52.243+0800][8.745s] GC(5)   Other: 0.3ms
[2024-04-08T01:39:52.243+0800][8.745s] GC(5) Eden regions: 100->0(291)
[2024-04-08T01:39:52.243+0800][8.745s] GC(5) Survivor regions: 12->16(39)
[2024-04-08T01:39:52.243+0800][8.745s] GC(5) Old regions: 9->9
[2024-04-08T01:39:52.243+0800][8.745s] GC(5) Humongous regions: 4->4
[2024-04-08T01:39:52.243+0800][8.745s] GC(5) Metaspace: 35897K(36288K)->35897K(36288K) NonClass: 31911K(32128K)->31911K(32128K) Class: 3986K(4160K)->3986K(4160K)
[2024-04-08T01:39:52.243+0800][8.745s] GC(5) Pause Young (Concurrent Start) (Metadata GC Threshold) 123M->27M(512M) 18.392ms
[2024-04-08T01:39:52.243+0800][8.745s] GC(6) Concurrent Mark Cycle
[2024-04-08T01:39:52.243+0800][8.745s] GC(5) User=0.05s Sys=0.00s Real=0.02s
[2024-04-08T01:39:52.243+0800][8.746s] GC(6) Concurrent Scan Root Regions
[2024-04-08T01:39:52.251+0800][8.753s] GC(6) Concurrent Scan Root Regions 7.761ms
[2024-04-08T01:39:52.251+0800][8.753s] GC(6) Concurrent Mark
[2024-04-08T01:39:52.251+0800][8.754s] GC(6) Concurrent Mark From Roots
[2024-04-08T01:39:52.251+0800][8.754s] GC(6) Using 3 workers of 3 for marking
[2024-04-08T01:39:52.267+0800][8.769s] GC(6) Concurrent Mark From Roots 15.404ms
[2024-04-08T01:39:52.267+0800][8.769s] GC(6) Concurrent Preclean
[2024-04-08T01:39:52.267+0800][8.769s] GC(6) Concurrent Preclean 0.137ms
[2024-04-08T01:39:52.267+0800][8.769s] GC(6) Pause Remark
[2024-04-08T01:39:52.274+0800][8.776s] GC(6) Pause Remark 28M->28M(512M) 6.589ms
[2024-04-08T01:39:52.274+0800][8.776s] GC(6) User=0.05s Sys=0.00s Real=0.01s
[2024-04-08T01:39:52.274+0800][8.776s] GC(6) Concurrent Mark 22.638ms
[2024-04-08T01:39:52.274+0800][8.776s] GC(6) Concurrent Rebuild Remembered Sets and Scrub Regions
[2024-04-08T01:39:52.279+0800][8.781s] GC(6) Concurrent Rebuild Remembered Sets and Scrub Regions 4.897ms
[2024-04-08T01:39:52.279+0800][8.781s] GC(6) Pause Cleanup
[2024-04-08T01:39:52.279+0800][8.782s] GC(6) Pause Cleanup 28M->28M(512M) 0.216ms
[2024-04-08T01:39:52.279+0800][8.782s] GC(6) User=0.00s Sys=0.00s Real=0.00s
[2024-04-08T01:39:52.279+0800][8.782s] GC(6) Concurrent Clear Claimed Marks
[2024-04-08T01:39:52.279+0800][8.782s] GC(6) Concurrent Clear Claimed Marks 0.101ms
[2024-04-08T01:39:52.279+0800][8.782s] GC(6) Concurrent Cleanup for Next Mark
[2024-04-08T01:39:52.281+0800][8.783s] GC(6) Concurrent Cleanup for Next Mark 1.298ms
[2024-04-08T01:39:52.281+0800][8.783s] GC(6) Concurrent Mark Cycle 37.774ms
[2024-04-08T16:12:38.886+0800][52421.860s] GC(7) Pause Young (Concurrent Start) (Metadata GC Threshold)
[2024-04-08T16:12:38.887+0800][52421.861s] GC(7) Using 13 workers of 13 for evacuation
[2024-04-08T16:12:39.020+0800][52421.994s] GC(7)   Pre Evacuate Collection Set: 3.9ms
[2024-04-08T16:12:39.020+0800][52421.994s] GC(7)   Merge Heap Roots: 0.9ms
[2024-04-08T16:12:39.020+0800][52421.995s] GC(7)   Evacuate Collection Set: 122.9ms
[2024-04-08T16:12:39.020+0800][52421.995s] GC(7)   Post Evacuate Collection Set: 4.4ms
[2024-04-08T16:12:39.021+0800][52421.995s] GC(7)   Other: 1.6ms
[2024-04-08T16:12:39.021+0800][52421.995s] GC(7) Eden regions: 288->0(273)
[2024-04-08T16:12:39.021+0800][52421.995s] GC(7) Survivor regions: 16->34(39)
[2024-04-08T16:12:39.021+0800][52421.995s] GC(7) Old regions: 9->9
[2024-04-08T16:12:39.021+0800][52421.995s] GC(7) Humongous regions: 4->4
[2024-04-08T16:12:39.021+0800][52421.995s] GC(7) Metaspace: 60448K(61056K)->60448K(61056K) NonClass: 53191K(53504K)->53191K(53504K) Class: 7257K(7552K)->7257K(7552K)
[2024-04-08T16:12:39.021+0800][52421.995s] GC(7) Pause Young (Concurrent Start) (Metadata GC Threshold) 315M->46M(512M) 135.275ms
[2024-04-08T16:12:39.021+0800][52421.995s] GC(7) User=0.22s Sys=0.88s Real=0.14s
[2024-04-08T16:12:39.021+0800][52421.995s] GC(8) Concurrent Mark Cycle
[2024-04-08T16:12:39.021+0800][52421.995s] GC(8) Concurrent Scan Root Regions
[2024-04-08T16:12:39.041+0800][52422.015s] GC(8) Concurrent Scan Root Regions 19.299ms
[2024-04-08T16:12:39.041+0800][52422.015s] GC(8) Concurrent Mark
[2024-04-08T16:12:39.041+0800][52422.015s] GC(8) Concurrent Mark From Roots
[2024-04-08T16:12:39.041+0800][52422.015s] GC(8) Using 3 workers of 3 for marking
[2024-04-08T16:12:39.057+0800][52422.032s] GC(8) Concurrent Mark From Roots 16.826ms
[2024-04-08T16:12:39.058+0800][52422.032s] GC(8) Concurrent Preclean
[2024-04-08T16:12:39.058+0800][52422.032s] GC(8) Concurrent Preclean 0.459ms
[2024-04-08T16:12:39.058+0800][52422.032s] GC(8) Pause Remark
[2024-04-08T16:12:39.224+0800][52422.198s] GC(8) Pause Remark 48M->48M(512M) 165.636ms
[2024-04-08T16:12:39.224+0800][52422.198s] GC(8) User=0.14s Sys=0.30s Real=0.17s
[2024-04-08T16:12:39.224+0800][52422.198s] GC(8) Concurrent Mark 183.379ms
[2024-04-08T16:12:39.224+0800][52422.198s] GC(8) Concurrent Rebuild Remembered Sets and Scrub Regions
[2024-04-08T16:12:39.229+0800][52422.203s] GC(8) Concurrent Rebuild Remembered Sets and Scrub Regions 5.058ms
[2024-04-08T16:12:39.229+0800][52422.203s] GC(8) Pause Cleanup
[2024-04-08T16:12:39.230+0800][52422.204s] GC(8) Pause Cleanup 48M->48M(512M) 0.215ms
[2024-04-08T16:12:39.230+0800][52422.204s] GC(8) User=0.00s Sys=0.00s Real=0.00s
[2024-04-08T16:12:39.230+0800][52422.204s] GC(8) Concurrent Clear Claimed Marks
[2024-04-08T16:12:39.230+0800][52422.204s] GC(8) Concurrent Clear Claimed Marks 0.084ms
[2024-04-08T16:12:39.230+0800][52422.204s] GC(8) Concurrent Cleanup for Next Mark
[2024-04-08T16:12:39.232+0800][52422.207s] GC(8) Concurrent Cleanup for Next Mark 2.607ms
[2024-04-08T16:12:39.232+0800][52422.207s] GC(8) Concurrent Mark Cycle 211.366ms
[2024-04-08T16:54:11.489+0800][54914.464s] GC(9) Pause Young (Prepare Mixed) (G1 Evacuation Pause)
[2024-04-08T16:54:11.489+0800][54914.464s] GC(9) Using 13 workers of 13 for evacuation
[2024-04-08T16:54:11.507+0800][54914.481s] GC(9)   Pre Evacuate Collection Set: 0.5ms
[2024-04-08T16:54:11.507+0800][54914.481s] GC(9)   Merge Heap Roots: 0.1ms
[2024-04-08T16:54:11.507+0800][54914.481s] GC(9)   Evacuate Collection Set: 14.0ms
[2024-04-08T16:54:11.507+0800][54914.482s] GC(9)   Post Evacuate Collection Set: 2.8ms
[2024-04-08T16:54:11.507+0800][54914.482s] GC(9)   Other: 0.1ms
[2024-04-08T16:54:11.507+0800][54914.482s] GC(9) Eden regions: 273->0(284)
[2024-04-08T16:54:11.507+0800][54914.482s] GC(9) Survivor regions: 34->23(39)
[2024-04-08T16:54:11.507+0800][54914.482s] GC(9) Old regions: 9->23
[2024-04-08T16:54:11.507+0800][54914.482s] GC(9) Humongous regions: 4->4
[2024-04-08T16:54:11.507+0800][54914.482s] GC(9) Metaspace: 63102K(63808K)->63102K(63808K) NonClass: 55600K(56000K)->55600K(56000K) Class: 7501K(7808K)->7501K(7808K)
[2024-04-08T16:54:11.507+0800][54914.482s] GC(9) Pause Young (Prepare Mixed) (G1 Evacuation Pause) 319M->49M(512M) 17.704ms
[2024-04-08T16:54:11.507+0800][54914.482s] GC(9) User=0.14s Sys=0.03s Real=0.02s
[2024-04-08T16:54:13.268+0800][54916.243s] GC(10) Pause Young (Mixed) (G1 Evacuation Pause)
[2024-04-08T16:54:13.268+0800][54916.243s] GC(10) Using 13 workers of 13 for evacuation
[2024-04-08T16:54:13.279+0800][54916.253s] GC(10)   Pre Evacuate Collection Set: 0.1ms
[2024-04-08T16:54:13.279+0800][54916.253s] GC(10)   Merge Heap Roots: 0.1ms
[2024-04-08T16:54:13.279+0800][54916.253s] GC(10)   Evacuate Collection Set: 8.7ms
[2024-04-08T16:54:13.279+0800][54916.253s] GC(10)   Post Evacuate Collection Set: 1.5ms
[2024-04-08T16:54:13.279+0800][54916.253s] GC(10)   Other: 0.1ms
[2024-04-08T16:54:13.279+0800][54916.253s] GC(10) Eden regions: 284->0(299)
[2024-04-08T16:54:13.279+0800][54916.254s] GC(10) Survivor regions: 23->8(39)
[2024-04-08T16:54:13.279+0800][54916.254s] GC(10) Old regions: 23->40
[2024-04-08T16:54:13.279+0800][54916.254s] GC(10) Humongous regions: 4->4
[2024-04-08T16:54:13.279+0800][54916.254s] GC(10) Metaspace: 64488K(65216K)->64488K(65216K) NonClass: 56894K(57280K)->56894K(57280K) Class: 7593K(7936K)->7593K(7936K)
[2024-04-08T16:54:13.279+0800][54916.254s] GC(10) Pause Young (Mixed) (G1 Evacuation Pause) 333M->51M(512M) 10.839ms
[2024-04-08T16:54:13.279+0800][54916.254s] GC(10) User=0.22s Sys=0.00s Real=0.01s
[2024-04-08T16:54:14.919+0800][54917.894s] GC(11) Pause Young (Normal) (G1 Evacuation Pause)
[2024-04-08T16:54:14.919+0800][54917.894s] GC(11) Using 13 workers of 13 for evacuation
[2024-04-08T16:54:14.921+0800][54917.896s] GC(11)   Pre Evacuate Collection Set: 0.2ms
[2024-04-08T16:54:14.922+0800][54917.896s] GC(11)   Merge Heap Roots: 0.2ms
[2024-04-08T16:54:14.922+0800][54917.896s] GC(11)   Evacuate Collection Set: 1.6ms
[2024-04-08T16:54:14.922+0800][54917.896s] GC(11)   Post Evacuate Collection Set: 0.6ms
[2024-04-08T16:54:14.922+0800][54917.896s] GC(11)   Other: 0.1ms
[2024-04-08T16:54:14.922+0800][54917.896s] GC(11) Eden regions: 299->0(301)
[2024-04-08T16:54:14.922+0800][54917.896s] GC(11) Survivor regions: 8->6(39)
[2024-04-08T16:54:14.922+0800][54917.896s] GC(11) Old regions: 40->40
[2024-04-08T16:54:14.922+0800][54917.896s] GC(11) Humongous regions: 4->4
[2024-04-08T16:54:14.922+0800][54917.897s] GC(11) Metaspace: 64849K(65600K)->64849K(65600K) NonClass: 57254K(57664K)->57254K(57664K) Class: 7594K(7936K)->7594K(7936K)
[2024-04-08T16:54:14.922+0800][54917.897s] GC(11) Pause Young (Normal) (G1 Evacuation Pause) 350M->48M(512M) 2.856ms
[2024-04-08T16:54:14.922+0800][54917.897s] GC(11) User=0.00s Sys=0.00s Real=0.00s
[2024-04-08T16:54:16.431+0800][54919.405s] GC(12) Pause Young (Normal) (G1 Evacuation Pause)
[2024-04-08T16:54:16.431+0800][54919.405s] GC(12) Using 13 workers of 13 for evacuation
[2024-04-08T16:54:16.434+0800][54919.408s] GC(12)   Pre Evacuate Collection Set: 0.2ms
[2024-04-08T16:54:16.434+0800][54919.408s] GC(12)   Merge Heap Roots: 0.1ms
[2024-04-08T16:54:16.434+0800][54919.408s] GC(12)   Evacuate Collection Set: 1.7ms
[2024-04-08T16:54:16.434+0800][54919.408s] GC(12)   Post Evacuate Collection Set: 0.7ms
[2024-04-08T16:54:16.434+0800][54919.408s] GC(12)   Other: 0.1ms
[2024-04-08T16:54:16.434+0800][54919.409s] GC(12) Eden regions: 301->0(301)
[2024-04-08T16:54:16.434+0800][54919.409s] GC(12) Survivor regions: 6->6(39)
[2024-04-08T16:54:16.434+0800][54919.409s] GC(12) Old regions: 40->40
[2024-04-08T16:54:16.435+0800][54919.409s] GC(12) Humongous regions: 4->4
[2024-04-08T16:54:16.435+0800][54919.409s] GC(12) Metaspace: 65079K(65792K)->65079K(65792K) NonClass: 57484K(57856K)->57484K(57856K) Class: 7594K(7936K)->7594K(7936K)
[2024-04-08T16:54:16.435+0800][54919.409s] GC(12) Pause Young (Normal) (G1 Evacuation Pause) 349M->48M(512M) 3.374ms
[2024-04-08T16:54:16.435+0800][54919.409s] GC(12) User=0.02s Sys=0.02s Real=0.00s
[2024-04-08T16:54:17.987+0800][54920.962s] GC(13) Pause Young (Normal) (G1 Evacuation Pause)
[2024-04-08T16:54:17.987+0800][54920.962s] GC(13) Using 13 workers of 13 for evacuation
[2024-04-08T16:54:17.990+0800][54920.965s] GC(13)   Pre Evacuate Collection Set: 0.2ms
[2024-04-08T16:54:17.990+0800][54920.965s] GC(13)   Merge Heap Roots: 0.1ms
[2024-04-08T16:54:17.990+0800][54920.965s] GC(13)   Evacuate Collection Set: 2.2ms
[2024-04-08T16:54:17.990+0800][54920.965s] GC(13)   Post Evacuate Collection Set: 0.6ms
[2024-04-08T16:54:17.990+0800][54920.965s] GC(13)   Other: 0.1ms
[2024-04-08T16:54:17.990+0800][54920.965s] GC(13) Eden regions: 301->0(301)
[2024-04-08T16:54:17.990+0800][54920.965s] GC(13) Survivor regions: 6->6(39)
[2024-04-08T16:54:17.990+0800][54920.965s] GC(13) Old regions: 40->40
[2024-04-08T16:54:17.990+0800][54920.965s] GC(13) Humongous regions: 4->4
[2024-04-08T16:54:17.990+0800][54920.965s] GC(13) Metaspace: 65290K(65984K)->65290K(65984K) NonClass: 57696K(58048K)->57696K(58048K) Class: 7594K(7936K)->7594K(7936K)
[2024-04-08T16:54:17.990+0800][54920.965s] GC(13) Pause Young (Normal) (G1 Evacuation Pause) 349M->48M(512M) 3.335ms
[2024-04-08T16:54:17.990+0800][54920.965s] GC(13) User=0.00s Sys=0.00s Real=0.00s
[2024-04-08T16:54:19.409+0800][54922.383s] GC(14) Pause Young (Normal) (G1 Evacuation Pause)
[2024-04-08T16:54:19.409+0800][54922.383s] GC(14) Using 13 workers of 13 for evacuation
[2024-04-08T16:54:19.412+0800][54922.387s] GC(14)   Pre Evacuate Collection Set: 0.2ms
[2024-04-08T16:54:19.412+0800][54922.387s] GC(14)   Merge Heap Roots: 0.2ms
[2024-04-08T16:54:19.412+0800][54922.387s] GC(14)   Evacuate Collection Set: 2.3ms
[2024-04-08T16:54:19.412+0800][54922.387s] GC(14)   Post Evacuate Collection Set: 0.7ms
[2024-04-08T16:54:19.412+0800][54922.387s] GC(14)   Other: 0.1ms
[2024-04-08T16:54:19.412+0800][54922.387s] GC(14) Eden regions: 301->0(301)
[2024-04-08T16:54:19.412+0800][54922.387s] GC(14) Survivor regions: 6->6(39)
[2024-04-08T16:54:19.412+0800][54922.387s] GC(14) Old regions: 40->40
[2024-04-08T16:54:19.412+0800][54922.387s] GC(14) Humongous regions: 4->4
[2024-04-08T16:54:19.412+0800][54922.387s] GC(14) Metaspace: 65370K(66048K)->65370K(66048K) NonClass: 57776K(58112K)->57776K(58112K) Class: 7594K(7936K)->7594K(7936K)
[2024-04-08T16:54:19.412+0800][54922.387s] GC(14) Pause Young (Normal) (G1 Evacuation Pause) 349M->48M(512M) 3.635ms
[2024-04-08T16:54:19.412+0800][54922.387s] GC(14) User=0.00s Sys=0.00s Real=0.00s
[2024-04-08T16:54:20.858+0800][54923.832s] GC(15) Pause Young (Normal) (G1 Evacuation Pause)
[2024-04-08T16:54:20.858+0800][54923.832s] GC(15) Using 13 workers of 13 for evacuation
[2024-04-08T16:54:20.861+0800][54923.836s] GC(15)   Pre Evacuate Collection Set: 0.2ms
[2024-04-08T16:54:20.861+0800][54923.836s] GC(15)   Merge Heap Roots: 0.1ms
[2024-04-08T16:54:20.861+0800][54923.836s] GC(15)   Evacuate Collection Set: 2.3ms
[2024-04-08T16:54:20.861+0800][54923.836s] GC(15)   Post Evacuate Collection Set: 0.5ms
[2024-04-08T16:54:20.861+0800][54923.836s] GC(15)   Other: 0.1ms
[2024-04-08T16:54:20.861+0800][54923.836s] GC(15) Eden regions: 301->0(301)
[2024-04-08T16:54:20.861+0800][54923.836s] GC(15) Survivor regions: 6->6(39)
[2024-04-08T16:54:20.861+0800][54923.836s] GC(15) Old regions: 40->40
[2024-04-08T16:54:20.862+0800][54923.836s] GC(15) Humongous regions: 4->4
[2024-04-08T16:54:20.862+0800][54923.836s] GC(15) Metaspace: 65552K(66240K)->65552K(66240K) NonClass: 57956K(58304K)->57956K(58304K) Class: 7595K(7936K)->7595K(7936K)
[2024-04-08T16:54:20.862+0800][54923.836s] GC(15) Pause Young (Normal) (G1 Evacuation Pause) 349M->48M(512M) 3.416ms
[2024-04-08T16:54:20.862+0800][54923.836s] GC(15) User=0.00s Sys=0.00s Real=0.00s
[2024-04-08T16:54:22.431+0800][54925.406s] GC(16) Pause Young (Normal) (G1 Evacuation Pause)
[2024-04-08T16:54:22.431+0800][54925.406s] GC(16) Using 13 workers of 13 for evacuation
[2024-04-08T16:54:22.436+0800][54925.411s] GC(16)   Pre Evacuate Collection Set: 0.3ms
[2024-04-08T16:54:22.436+0800][54925.411s] GC(16)   Merge Heap Roots: 0.2ms
[2024-04-08T16:54:22.436+0800][54925.411s] GC(16)   Evacuate Collection Set: 3.6ms
[2024-04-08T16:54:22.436+0800][54925.411s] GC(16)   Post Evacuate Collection Set: 1.0ms
[2024-04-08T16:54:22.436+0800][54925.411s] GC(16)   Other: 0.1ms
[2024-04-08T16:54:22.436+0800][54925.411s] GC(16) Eden regions: 301->0(301)
[2024-04-08T16:54:22.436+0800][54925.411s] GC(16) Survivor regions: 6->6(39)
[2024-04-08T16:54:22.436+0800][54925.411s] GC(16) Old regions: 40->40
[2024-04-08T16:54:22.436+0800][54925.411s] GC(16) Humongous regions: 4->4
[2024-04-08T16:54:22.436+0800][54925.411s] GC(16) Metaspace: 65955K(66688K)->65955K(66688K) NonClass: 58359K(58752K)->58359K(58752K) Class: 7595K(7936K)->7595K(7936K)
[2024-04-08T16:54:22.436+0800][54925.411s] GC(16) Pause Young (Normal) (G1 Evacuation Pause) 349M->48M(512M) 5.308ms
[2024-04-08T16:54:22.436+0800][54925.411s] GC(16) User=0.00s Sys=0.00s Real=0.01s
[2024-04-08T16:54:23.875+0800][54926.850s] GC(17) Pause Young (Normal) (G1 Evacuation Pause)
[2024-04-08T16:54:23.875+0800][54926.850s] GC(17) Using 13 workers of 13 for evacuation
[2024-04-08T16:54:23.879+0800][54926.854s] GC(17)   Pre Evacuate Collection Set: 0.2ms
[2024-04-08T16:54:23.879+0800][54926.854s] GC(17)   Merge Heap Roots: 0.1ms
[2024-04-08T16:54:23.879+0800][54926.854s] GC(17)   Evacuate Collection Set: 2.7ms
[2024-04-08T16:54:23.879+0800][54926.854s] GC(17)   Post Evacuate Collection Set: 0.7ms
[2024-04-08T16:54:23.879+0800][54926.854s] GC(17)   Other: 0.1ms
[2024-04-08T16:54:23.879+0800][54926.854s] GC(17) Eden regions: 301->0(301)
[2024-04-08T16:54:23.879+0800][54926.854s] GC(17) Survivor regions: 6->6(39)
[2024-04-08T16:54:23.879+0800][54926.854s] GC(17) Old regions: 40->40
[2024-04-08T16:54:23.879+0800][54926.854s] GC(17) Humongous regions: 4->4
[2024-04-08T16:54:23.879+0800][54926.854s] GC(17) Metaspace: 66008K(66752K)->66008K(66752K) NonClass: 58412K(58816K)->58412K(58816K) Class: 7595K(7936K)->7595K(7936K)
[2024-04-08T16:54:23.879+0800][54926.854s] GC(17) Pause Young (Normal) (G1 Evacuation Pause) 349M->49M(512M) 4.017ms
[2024-04-08T16:54:23.879+0800][54926.854s] GC(17) User=0.00s Sys=0.00s Real=0.00s
[2024-04-08T16:54:25.402+0800][54928.376s] GC(18) Pause Young (Normal) (G1 Evacuation Pause)
[2024-04-08T16:54:25.402+0800][54928.376s] GC(18) Using 13 workers of 13 for evacuation
[2024-04-08T16:54:25.406+0800][54928.381s] GC(18)   Pre Evacuate Collection Set: 0.2ms
[2024-04-08T16:54:25.406+0800][54928.381s] GC(18)   Merge Heap Roots: 0.1ms
[2024-04-08T16:54:25.407+0800][54928.381s] GC(18)   Evacuate Collection Set: 3.5ms
[2024-04-08T16:54:25.407+0800][54928.381s] GC(18)   Post Evacuate Collection Set: 0.6ms
[2024-04-08T16:54:25.407+0800][54928.381s] GC(18)   Other: 0.1ms
[2024-04-08T16:54:25.407+0800][54928.381s] GC(18) Eden regions: 301->0(301)
[2024-04-08T16:54:25.407+0800][54928.381s] GC(18) Survivor regions: 6->6(39)
[2024-04-08T16:54:25.407+0800][54928.381s] GC(18) Old regions: 40->40
[2024-04-08T16:54:25.407+0800][54928.381s] GC(18) Humongous regions: 4->4
[2024-04-08T16:54:25.407+0800][54928.381s] GC(18) Metaspace: 66033K(66752K)->66033K(66752K) NonClass: 58437K(58816K)->58437K(58816K) Class: 7595K(7936K)->7595K(7936K)
[2024-04-08T16:54:25.407+0800][54928.381s] GC(18) Pause Young (Normal) (G1 Evacuation Pause) 350M->48M(512M) 5.009ms
[2024-04-08T16:54:25.407+0800][54928.381s] GC(18) User=0.00s Sys=0.00s Real=0.01s
[2024-04-08T16:54:26.929+0800][54929.904s] GC(19) Pause Young (Normal) (G1 Evacuation Pause)
[2024-04-08T16:54:26.929+0800][54929.904s] GC(19) Using 13 workers of 13 for evacuation
[2024-04-08T16:54:26.933+0800][54929.908s] GC(19)   Pre Evacuate Collection Set: 0.3ms
[2024-04-08T16:54:26.933+0800][54929.908s] GC(19)   Merge Heap Roots: 0.1ms
[2024-04-08T16:54:26.933+0800][54929.908s] GC(19)   Evacuate Collection Set: 2.7ms
[2024-04-08T16:54:26.933+0800][54929.908s] GC(19)   Post Evacuate Collection Set: 0.7ms
[2024-04-08T16:54:26.933+0800][54929.908s] GC(19)   Other: 0.1ms
[2024-04-08T16:54:26.933+0800][54929.908s] GC(19) Eden regions: 301->0(301)
[2024-04-08T16:54:26.933+0800][54929.908s] GC(19) Survivor regions: 6->6(39)
[2024-04-08T16:54:26.933+0800][54929.908s] GC(19) Old regions: 40->40
[2024-04-08T16:54:26.933+0800][54929.908s] GC(19) Humongous regions: 4->4
[2024-04-08T16:54:26.933+0800][54929.908s] GC(19) Metaspace: 66070K(66816K)->66070K(66816K) NonClass: 58475K(58880K)->58475K(58880K) Class: 7595K(7936K)->7595K(7936K)
[2024-04-08T16:54:26.933+0800][54929.908s] GC(19) Pause Young (Normal) (G1 Evacuation Pause) 349M->48M(512M) 4.021ms
[2024-04-08T16:54:26.933+0800][54929.908s] GC(19) User=0.14s Sys=0.02s Real=0.00s
[2024-04-08T16:54:28.407+0800][54931.381s] GC(20) Pause Young (Normal) (G1 Evacuation Pause)
[2024-04-08T16:54:28.407+0800][54931.381s] GC(20) Using 13 workers of 13 for evacuation
[2024-04-08T16:54:28.411+0800][54931.385s] GC(20)   Pre Evacuate Collection Set: 0.2ms
[2024-04-08T16:54:28.411+0800][54931.385s] GC(20)   Merge Heap Roots: 0.1ms
[2024-04-08T16:54:28.411+0800][54931.385s] GC(20)   Evacuate Collection Set: 2.9ms
[2024-04-08T16:54:28.411+0800][54931.385s] GC(20)   Post Evacuate Collection Set: 0.6ms
[2024-04-08T16:54:28.411+0800][54931.385s] GC(20)   Other: 0.1ms
[2024-04-08T16:54:28.411+0800][54931.385s] GC(20) Eden regions: 301->0(301)
[2024-04-08T16:54:28.411+0800][54931.385s] GC(20) Survivor regions: 6->6(39)
[2024-04-08T16:54:28.411+0800][54931.385s] GC(20) Old regions: 40->40
[2024-04-08T16:54:28.411+0800][54931.385s] GC(20) Humongous regions: 4->4
[2024-04-08T16:54:28.411+0800][54931.385s] GC(20) Metaspace: 66233K(66944K)->66233K(66944K) NonClass: 58638K(59008K)->58638K(59008K) Class: 7595K(7936K)->7595K(7936K)
[2024-04-08T16:54:28.411+0800][54931.385s] GC(20) Pause Young (Normal) (G1 Evacuation Pause) 349M->48M(512M) 4.064ms
[2024-04-08T16:54:28.411+0800][54931.385s] GC(20) User=0.00s Sys=0.00s Real=0.00s
[2024-04-08T17:06:53.145+0800][55676.119s] GC(21) Pause Young (Normal) (G1 Evacuation Pause)
[2024-04-08T17:06:53.145+0800][55676.119s] GC(21) Using 13 workers of 13 for evacuation
[2024-04-08T17:06:53.150+0800][55676.124s] GC(21)   Pre Evacuate Collection Set: 0.3ms
[2024-04-08T17:06:53.150+0800][55676.124s] GC(21)   Merge Heap Roots: 0.1ms
[2024-04-08T17:06:53.150+0800][55676.124s] GC(21)   Evacuate Collection Set: 3.7ms
[2024-04-08T17:06:53.150+0800][55676.124s] GC(21)   Post Evacuate Collection Set: 0.7ms
[2024-04-08T17:06:53.150+0800][55676.124s] GC(21)   Other: 0.1ms
[2024-04-08T17:06:53.150+0800][55676.124s] GC(21) Eden regions: 301->0(301)
[2024-04-08T17:06:53.150+0800][55676.124s] GC(21) Survivor regions: 6->6(39)
[2024-04-08T17:06:53.150+0800][55676.124s] GC(21) Old regions: 40->40
[2024-04-08T17:06:53.150+0800][55676.124s] GC(21) Humongous regions: 4->4
[2024-04-08T17:06:53.150+0800][55676.124s] GC(21) Metaspace: 66451K(67200K)->66451K(67200K) NonClass: 58853K(59264K)->58853K(59264K) Class: 7598K(7936K)->7598K(7936K)
[2024-04-08T17:06:53.150+0800][55676.124s] GC(21) Pause Young (Normal) (G1 Evacuation Pause) 349M->48M(512M) 5.165ms
[2024-04-08T17:06:53.150+0800][55676.124s] GC(21) User=0.00s Sys=0.00s Real=0.01s
[2024-04-08T17:06:54.571+0800][55677.545s] GC(22) Pause Young (Normal) (G1 Evacuation Pause)
[2024-04-08T17:06:54.571+0800][55677.545s] GC(22) Using 13 workers of 13 for evacuation
[2024-04-08T17:06:54.575+0800][55677.549s] GC(22)   Pre Evacuate Collection Set: 0.1ms
[2024-04-08T17:06:54.575+0800][55677.549s] GC(22)   Merge Heap Roots: 0.1ms
[2024-04-08T17:06:54.575+0800][55677.549s] GC(22)   Evacuate Collection Set: 3.0ms
[2024-04-08T17:06:54.575+0800][55677.549s] GC(22)   Post Evacuate Collection Set: 0.8ms
[2024-04-08T17:06:54.575+0800][55677.549s] GC(22)   Other: 0.1ms
[2024-04-08T17:06:54.575+0800][55677.549s] GC(22) Eden regions: 301->0(301)
[2024-04-08T17:06:54.575+0800][55677.549s] GC(22) Survivor regions: 6->6(39)
[2024-04-08T17:06:54.575+0800][55677.549s] GC(22) Old regions: 40->40
[2024-04-08T17:06:54.575+0800][55677.549s] GC(22) Humongous regions: 4->4
[2024-04-08T17:06:54.575+0800][55677.549s] GC(22) Metaspace: 66736K(67456K)->66736K(67456K) NonClass: 59137K(59520K)->59137K(59520K) Class: 7598K(7936K)->7598K(7936K)
[2024-04-08T17:06:54.575+0800][55677.549s] GC(22) Pause Young (Normal) (G1 Evacuation Pause) 349M->48M(512M) 4.404ms
[2024-04-08T17:06:54.575+0800][55677.549s] GC(22) User=0.20s Sys=0.00s Real=0.00s
[2024-04-08T17:06:55.986+0800][55678.961s] GC(23) Pause Young (Normal) (G1 Evacuation Pause)
[2024-04-08T17:06:55.986+0800][55678.961s] GC(23) Using 13 workers of 13 for evacuation
[2024-04-08T17:06:55.991+0800][55678.965s] GC(23)   Pre Evacuate Collection Set: 0.2ms
[2024-04-08T17:06:55.991+0800][55678.965s] GC(23)   Merge Heap Roots: 0.1ms
[2024-04-08T17:06:55.991+0800][55678.966s] GC(23)   Evacuate Collection Set: 3.2ms
[2024-04-08T17:06:55.991+0800][55678.966s] GC(23)   Post Evacuate Collection Set: 0.6ms
[2024-04-08T17:06:55.991+0800][55678.966s] GC(23)   Other: 0.1ms
[2024-04-08T17:06:55.991+0800][55678.966s] GC(23) Eden regions: 301->0(301)
[2024-04-08T17:06:55.991+0800][55678.966s] GC(23) Survivor regions: 6->6(39)
[2024-04-08T17:06:55.991+0800][55678.966s] GC(23) Old regions: 40->40
[2024-04-08T17:06:55.991+0800][55678.966s] GC(23) Humongous regions: 4->4
[2024-04-08T17:06:55.991+0800][55678.966s] GC(23) Metaspace: 66748K(67456K)->66748K(67456K) NonClass: 59150K(59520K)->59150K(59520K) Class: 7598K(7936K)->7598K(7936K)
[2024-04-08T17:06:55.991+0800][55678.966s] GC(23) Pause Young (Normal) (G1 Evacuation Pause) 349M->48M(512M) 4.507ms
[2024-04-08T17:06:55.991+0800][55678.966s] GC(23) User=0.00s Sys=0.00s Real=0.00s
[2024-04-08T17:06:57.416+0800][55680.391s] GC(24) Pause Young (Normal) (G1 Evacuation Pause)
[2024-04-08T17:06:57.416+0800][55680.391s] GC(24) Using 13 workers of 13 for evacuation
[2024-04-08T17:06:57.421+0800][55680.395s] GC(24)   Pre Evacuate Collection Set: 0.1ms
[2024-04-08T17:06:57.421+0800][55680.395s] GC(24)   Merge Heap Roots: 0.1ms
[2024-04-08T17:06:57.421+0800][55680.395s] GC(24)   Evacuate Collection Set: 3.5ms
[2024-04-08T17:06:57.421+0800][55680.395s] GC(24)   Post Evacuate Collection Set: 0.5ms
[2024-04-08T17:06:57.421+0800][55680.395s] GC(24)   Other: 0.1ms
[2024-04-08T17:06:57.421+0800][55680.395s] GC(24) Eden regions: 301->0(305)
[2024-04-08T17:06:57.421+0800][55680.395s] GC(24) Survivor regions: 6->2(39)
[2024-04-08T17:06:57.421+0800][55680.395s] GC(24) Old regions: 40->43
[2024-04-08T17:06:57.421+0800][55680.395s] GC(24) Humongous regions: 4->4
[2024-04-08T17:06:57.421+0800][55680.395s] GC(24) Metaspace: 66771K(67456K)->66771K(67456K) NonClass: 59172K(59520K)->59172K(59520K) Class: 7598K(7936K)->7598K(7936K)
[2024-04-08T17:06:57.421+0800][55680.395s] GC(24) Pause Young (Normal) (G1 Evacuation Pause) 349M->48M(512M) 4.553ms
[2024-04-08T17:06:57.421+0800][55680.395s] GC(24) User=0.00s Sys=0.00s Real=0.01s
[2024-04-08T17:06:58.841+0800][55681.816s] GC(25) Pause Young (Normal) (G1 Evacuation Pause)
[2024-04-08T17:06:58.841+0800][55681.816s] GC(25) Using 13 workers of 13 for evacuation
[2024-04-08T17:06:58.844+0800][55681.819s] GC(25)   Pre Evacuate Collection Set: 0.1ms
[2024-04-08T17:06:58.844+0800][55681.819s] GC(25)   Merge Heap Roots: 0.1ms
[2024-04-08T17:06:58.844+0800][55681.819s] GC(25)   Evacuate Collection Set: 2.1ms
[2024-04-08T17:06:58.844+0800][55681.819s] GC(25)   Post Evacuate Collection Set: 0.5ms
[2024-04-08T17:06:58.844+0800][55681.819s] GC(25)   Other: 0.1ms
[2024-04-08T17:06:58.844+0800][55681.819s] GC(25) Eden regions: 305->0(305)
[2024-04-08T17:06:58.844+0800][55681.819s] GC(25) Survivor regions: 2->2(39)
[2024-04-08T17:06:58.844+0800][55681.819s] GC(25) Old regions: 43->44
[2024-04-08T17:06:58.844+0800][55681.819s] GC(25) Humongous regions: 4->4
[2024-04-08T17:06:58.844+0800][55681.819s] GC(25) Metaspace: 66806K(67520K)->66806K(67520K) NonClass: 59207K(59584K)->59207K(59584K) Class: 7599K(7936K)->7599K(7936K)
[2024-04-08T17:06:58.844+0800][55681.819s] GC(25) Pause Young (Normal) (G1 Evacuation Pause) 353M->48M(512M) 3.092ms
[2024-04-08T17:06:58.844+0800][55681.819s] GC(25) User=0.00s Sys=0.00s Real=0.00s
[2024-04-08T17:07:00.245+0800][55683.220s] GC(26) Pause Young (Normal) (G1 Evacuation Pause)
[2024-04-08T17:07:00.245+0800][55683.220s] GC(26) Using 13 workers of 13 for evacuation
[2024-04-08T17:07:00.248+0800][55683.223s] GC(26)   Pre Evacuate Collection Set: 0.2ms
[2024-04-08T17:07:00.248+0800][55683.223s] GC(26)   Merge Heap Roots: 0.2ms
[2024-04-08T17:07:00.248+0800][55683.223s] GC(26)   Evacuate Collection Set: 1.8ms
[2024-04-08T17:07:00.248+0800][55683.223s] GC(26)   Post Evacuate Collection Set: 0.6ms
[2024-04-08T17:07:00.248+0800][55683.223s] GC(26)   Other: 0.1ms
[2024-04-08T17:07:00.248+0800][55683.223s] GC(26) Eden regions: 305->0(304)
[2024-04-08T17:07:00.248+0800][55683.223s] GC(26) Survivor regions: 2->3(39)
[2024-04-08T17:07:00.248+0800][55683.223s] GC(26) Old regions: 44->44
[2024-04-08T17:07:00.248+0800][55683.223s] GC(26) Humongous regions: 4->4
[2024-04-08T17:07:00.248+0800][55683.223s] GC(26) Metaspace: 66859K(67520K)->66859K(67520K) NonClass: 59260K(59584K)->59260K(59584K) Class: 7599K(7936K)->7599K(7936K)
[2024-04-08T17:07:00.248+0800][55683.223s] GC(26) Pause Young (Normal) (G1 Evacuation Pause) 353M->49M(512M) 3.102ms
[2024-04-08T17:07:00.248+0800][55683.223s] GC(26) User=0.00s Sys=0.00s Real=0.00s
[2024-04-08T17:07:01.694+0800][55684.669s] GC(27) Pause Young (Normal) (G1 Evacuation Pause)
[2024-04-08T17:07:01.694+0800][55684.669s] GC(27) Using 13 workers of 13 for evacuation
[2024-04-08T17:07:01.697+0800][55684.672s] GC(27)   Pre Evacuate Collection Set: 0.3ms
[2024-04-08T17:07:01.697+0800][55684.672s] GC(27)   Merge Heap Roots: 0.1ms
[2024-04-08T17:07:01.697+0800][55684.672s] GC(27)   Evacuate Collection Set: 1.9ms
[2024-04-08T17:07:01.697+0800][55684.672s] GC(27)   Post Evacuate Collection Set: 0.6ms
[2024-04-08T17:07:01.697+0800][55684.672s] GC(27)   Other: 0.1ms
[2024-04-08T17:07:01.697+0800][55684.672s] GC(27) Eden regions: 304->0(305)
[2024-04-08T17:07:01.697+0800][55684.672s] GC(27) Survivor regions: 3->2(39)
[2024-04-08T17:07:01.697+0800][55684.672s] GC(27) Old regions: 44->44
[2024-04-08T17:07:01.697+0800][55684.672s] GC(27) Humongous regions: 4->4
[2024-04-08T17:07:01.697+0800][55684.672s] GC(27) Metaspace: 66888K(67648K)->66888K(67648K) NonClass: 59289K(59712K)->59289K(59712K) Class: 7599K(7936K)->7599K(7936K)
[2024-04-08T17:07:01.697+0800][55684.672s] GC(27) Pause Young (Normal) (G1 Evacuation Pause) 353M->49M(512M) 3.194ms
[2024-04-08T17:07:01.697+0800][55684.672s] GC(27) User=0.17s Sys=0.02s Real=0.00s
[2024-04-08T17:07:03.073+0800][55686.047s] GC(28) Pause Young (Normal) (G1 Evacuation Pause)
[2024-04-08T17:07:03.073+0800][55686.047s] GC(28) Using 13 workers of 13 for evacuation
[2024-04-08T17:07:03.075+0800][55686.050s] GC(28)   Pre Evacuate Collection Set: 0.2ms
[2024-04-08T17:07:03.075+0800][55686.050s] GC(28)   Merge Heap Roots: 0.1ms
[2024-04-08T17:07:03.075+0800][55686.050s] GC(28)   Evacuate Collection Set: 1.7ms
[2024-04-08T17:07:03.075+0800][55686.050s] GC(28)   Post Evacuate Collection Set: 0.5ms
[2024-04-08T17:07:03.075+0800][55686.050s] GC(28)   Other: 0.1ms
[2024-04-08T17:07:03.075+0800][55686.050s] GC(28) Eden regions: 305->0(305)
[2024-04-08T17:07:03.075+0800][55686.050s] GC(28) Survivor regions: 2->2(39)
[2024-04-08T17:07:03.075+0800][55686.050s] GC(28) Old regions: 44->44
[2024-04-08T17:07:03.075+0800][55686.050s] GC(28) Humongous regions: 4->4
[2024-04-08T17:07:03.075+0800][55686.050s] GC(28) Metaspace: 66982K(67712K)->66982K(67712K) NonClass: 59383K(59776K)->59383K(59776K) Class: 7599K(7936K)->7599K(7936K)
[2024-04-08T17:07:03.076+0800][55686.050s] GC(28) Pause Young (Normal) (G1 Evacuation Pause) 354M->48M(512M) 2.785ms
[2024-04-08T17:07:03.076+0800][55686.050s] GC(28) User=0.00s Sys=0.00s Real=0.00s
[2024-04-08T17:07:04.595+0800][55687.569s] GC(29) Pause Young (Normal) (G1 Evacuation Pause)
[2024-04-08T17:07:04.595+0800][55687.569s] GC(29) Using 13 workers of 13 for evacuation
[2024-04-08T17:07:04.597+0800][55687.572s] GC(29)   Pre Evacuate Collection Set: 0.2ms
[2024-04-08T17:07:04.597+0800][55687.572s] GC(29)   Merge Heap Roots: 0.2ms
[2024-04-08T17:07:04.597+0800][55687.572s] GC(29)   Evacuate Collection Set: 1.6ms
[2024-04-08T17:07:04.597+0800][55687.572s] GC(29)   Post Evacuate Collection Set: 0.6ms
[2024-04-08T17:07:04.597+0800][55687.572s] GC(29)   Other: 0.1ms
[2024-04-08T17:07:04.597+0800][55687.572s] GC(29) Eden regions: 305->0(305)
[2024-04-08T17:07:04.597+0800][55687.572s] GC(29) Survivor regions: 2->2(39)
[2024-04-08T17:07:04.597+0800][55687.572s] GC(29) Old regions: 44->44
[2024-04-08T17:07:04.597+0800][55687.572s] GC(29) Humongous regions: 4->4
[2024-04-08T17:07:04.597+0800][55687.572s] GC(29) Metaspace: 66982K(67712K)->66982K(67712K) NonClass: 59383K(59776K)->59383K(59776K) Class: 7599K(7936K)->7599K(7936K)
[2024-04-08T17:07:04.597+0800][55687.572s] GC(29) Pause Young (Normal) (G1 Evacuation Pause) 353M->48M(512M) 2.847ms
[2024-04-08T17:07:04.597+0800][55687.572s] GC(29) User=0.00s Sys=0.00s Real=0.00s
[2024-04-08T17:07:06.082+0800][55689.057s] GC(30) Pause Young (Normal) (G1 Evacuation Pause)
[2024-04-08T17:07:06.082+0800][55689.057s] GC(30) Using 13 workers of 13 for evacuation
[2024-04-08T17:07:06.086+0800][55689.061s] GC(30)   Pre Evacuate Collection Set: 0.2ms
[2024-04-08T17:07:06.086+0800][55689.061s] GC(30)   Merge Heap Roots: 0.1ms
[2024-04-08T17:07:06.086+0800][55689.061s] GC(30)   Evacuate Collection Set: 2.6ms
[2024-04-08T17:07:06.086+0800][55689.061s] GC(30)   Post Evacuate Collection Set: 0.7ms
[2024-04-08T17:07:06.086+0800][55689.061s] GC(30)   Other: 0.1ms
[2024-04-08T17:07:06.086+0800][55689.061s] GC(30) Eden regions: 305->0(305)
[2024-04-08T17:07:06.086+0800][55689.061s] GC(30) Survivor regions: 2->2(39)
[2024-04-08T17:07:06.086+0800][55689.061s] GC(30) Old regions: 44->44
[2024-04-08T17:07:06.086+0800][55689.061s] GC(30) Humongous regions: 4->4
[2024-04-08T17:07:06.086+0800][55689.061s] GC(30) Metaspace: 66984K(67712K)->66984K(67712K) NonClass: 59385K(59776K)->59385K(59776K) Class: 7599K(7936K)->7599K(7936K)
[2024-04-08T17:07:06.086+0800][55689.061s] GC(30) Pause Young (Normal) (G1 Evacuation Pause) 353M->49M(512M) 3.991ms
[2024-04-08T17:07:06.086+0800][55689.061s] GC(30) User=0.00s Sys=0.00s Real=0.00s
[2024-04-08T17:07:07.440+0800][55690.414s] GC(31) Pause Young (Normal) (G1 Evacuation Pause)
[2024-04-08T17:07:07.440+0800][55690.414s] GC(31) Using 13 workers of 13 for evacuation
[2024-04-08T17:07:07.445+0800][55690.419s] GC(31)   Pre Evacuate Collection Set: 0.3ms
[2024-04-08T17:07:07.445+0800][55690.419s] GC(31)   Merge Heap Roots: 0.1ms
[2024-04-08T17:07:07.445+0800][55690.419s] GC(31)   Evacuate Collection Set: 3.4ms
[2024-04-08T17:07:07.445+0800][55690.419s] GC(31)   Post Evacuate Collection Set: 0.6ms
[2024-04-08T17:07:07.445+0800][55690.419s] GC(31)   Other: 0.1ms
[2024-04-08T17:07:07.445+0800][55690.419s] GC(31) Eden regions: 305->0(305)
[2024-04-08T17:07:07.445+0800][55690.419s] GC(31) Survivor regions: 2->2(39)
[2024-04-08T17:07:07.445+0800][55690.419s] GC(31) Old regions: 44->44
[2024-04-08T17:07:07.445+0800][55690.419s] GC(31) Humongous regions: 4->4
[2024-04-08T17:07:07.445+0800][55690.419s] GC(31) Metaspace: 66989K(67712K)->66989K(67712K) NonClass: 59390K(59776K)->59390K(59776K) Class: 7599K(7936K)->7599K(7936K)
[2024-04-08T17:07:07.445+0800][55690.419s] GC(31) Pause Young (Normal) (G1 Evacuation Pause) 354M->49M(512M) 4.855ms
[2024-04-08T17:07:07.445+0800][55690.419s] GC(31) User=0.00s Sys=0.00s Real=0.00s
[2024-04-08T17:07:08.877+0800][55691.852s] GC(32) Pause Young (Normal) (G1 Evacuation Pause)
[2024-04-08T17:07:08.878+0800][55691.852s] GC(32) Using 13 workers of 13 for evacuation
[2024-04-08T17:07:08.880+0800][55691.854s] GC(32)   Pre Evacuate Collection Set: 0.3ms
[2024-04-08T17:07:08.880+0800][55691.854s] GC(32)   Merge Heap Roots: 0.2ms
[2024-04-08T17:07:08.880+0800][55691.854s] GC(32)   Evacuate Collection Set: 1.4ms
[2024-04-08T17:07:08.880+0800][55691.854s] GC(32)   Post Evacuate Collection Set: 0.6ms
[2024-04-08T17:07:08.880+0800][55691.854s] GC(32)   Other: 0.1ms
[2024-04-08T17:07:08.880+0800][55691.854s] GC(32) Eden regions: 305->0(305)
[2024-04-08T17:07:08.880+0800][55691.854s] GC(32) Survivor regions: 2->2(39)
[2024-04-08T17:07:08.880+0800][55691.854s] GC(32) Old regions: 44->44
[2024-04-08T17:07:08.880+0800][55691.854s] GC(32) Humongous regions: 4->4
[2024-04-08T17:07:08.880+0800][55691.854s] GC(32) Metaspace: 66989K(67712K)->66989K(67712K) NonClass: 59390K(59776K)->59390K(59776K) Class: 7599K(7936K)->7599K(7936K)
[2024-04-08T17:07:08.880+0800][55691.854s] GC(32) Pause Young (Normal) (G1 Evacuation Pause) 354M->49M(512M) 2.690ms
[2024-04-08T17:07:08.880+0800][55691.854s] GC(32) User=0.00s Sys=0.00s Real=0.00s
[2024-04-08T17:07:10.256+0800][55693.231s] GC(33) Pause Young (Normal) (G1 Evacuation Pause)
[2024-04-08T17:07:10.256+0800][55693.231s] GC(33) Using 13 workers of 13 for evacuation
[2024-04-08T17:07:10.258+0800][55693.233s] GC(33)   Pre Evacuate Collection Set: 0.2ms
[2024-04-08T17:07:10.258+0800][55693.233s] GC(33)   Merge Heap Roots: 0.1ms
[2024-04-08T17:07:10.258+0800][55693.233s] GC(33)   Evacuate Collection Set: 1.3ms
[2024-04-08T17:07:10.258+0800][55693.233s] GC(33)   Post Evacuate Collection Set: 0.7ms
[2024-04-08T17:07:10.258+0800][55693.233s] GC(33)   Other: 0.1ms
[2024-04-08T17:07:10.258+0800][55693.233s] GC(33) Eden regions: 305->0(305)
[2024-04-08T17:07:10.258+0800][55693.233s] GC(33) Survivor regions: 2->2(39)
[2024-04-08T17:07:10.258+0800][55693.233s] GC(33) Old regions: 44->44
[2024-04-08T17:07:10.258+0800][55693.233s] GC(33) Humongous regions: 4->4
[2024-04-08T17:07:10.258+0800][55693.233s] GC(33) Metaspace: 66989K(67712K)->66989K(67712K) NonClass: 59390K(59776K)->59390K(59776K) Class: 7599K(7936K)->7599K(7936K)
[2024-04-08T17:07:10.258+0800][55693.233s] GC(33) Pause Young (Normal) (G1 Evacuation Pause) 354M->49M(512M) 2.561ms
[2024-04-08T17:07:10.258+0800][55693.233s] GC(33) User=0.00s Sys=0.00s Real=0.00s
[2024-04-08T17:07:11.621+0800][55694.595s] GC(34) Pause Young (Normal) (G1 Evacuation Pause)
[2024-04-08T17:07:11.621+0800][55694.595s] GC(34) Using 13 workers of 13 for evacuation
[2024-04-08T17:07:11.623+0800][55694.597s] GC(34)   Pre Evacuate Collection Set: 0.2ms
[2024-04-08T17:07:11.623+0800][55694.597s] GC(34)   Merge Heap Roots: 0.1ms
[2024-04-08T17:07:11.623+0800][55694.597s] GC(34)   Evacuate Collection Set: 1.3ms
[2024-04-08T17:07:11.623+0800][55694.597s] GC(34)   Post Evacuate Collection Set: 0.4ms
[2024-04-08T17:07:11.623+0800][55694.597s] GC(34)   Other: 0.1ms
[2024-04-08T17:07:11.623+0800][55694.597s] GC(34) Eden regions: 305->0(305)
[2024-04-08T17:07:11.623+0800][55694.597s] GC(34) Survivor regions: 2->2(39)
[2024-04-08T17:07:11.623+0800][55694.597s] GC(34) Old regions: 44->44
[2024-04-08T17:07:11.623+0800][55694.597s] GC(34) Humongous regions: 4->4
[2024-04-08T17:07:11.623+0800][55694.597s] GC(34) Metaspace: 67131K(67840K)->67131K(67840K) NonClass: 59532K(59904K)->59532K(59904K) Class: 7599K(7936K)->7599K(7936K)
[2024-04-08T17:07:11.623+0800][55694.597s] GC(34) Pause Young (Normal) (G1 Evacuation Pause) 354M->49M(512M) 2.202ms
[2024-04-08T17:07:11.623+0800][55694.597s] GC(34) User=0.00s Sys=0.00s Real=0.00s
[2024-04-08T17:07:12.995+0800][55695.970s] GC(35) Pause Young (Normal) (G1 Evacuation Pause)
[2024-04-08T17:07:12.995+0800][55695.970s] GC(35) Using 13 workers of 13 for evacuation
[2024-04-08T17:07:12.998+0800][55695.973s] GC(35)   Pre Evacuate Collection Set: 0.1ms
[2024-04-08T17:07:12.998+0800][55695.973s] GC(35)   Merge Heap Roots: 0.1ms
[2024-04-08T17:07:12.998+0800][55695.973s] GC(35)   Evacuate Collection Set: 1.9ms
[2024-04-08T17:07:12.998+0800][55695.973s] GC(35)   Post Evacuate Collection Set: 0.6ms
[2024-04-08T17:07:12.998+0800][55695.973s] GC(35)   Other: 0.1ms
[2024-04-08T17:07:12.998+0800][55695.973s] GC(35) Eden regions: 305->0(305)
[2024-04-08T17:07:12.998+0800][55695.973s] GC(35) Survivor regions: 2->2(39)
[2024-04-08T17:07:12.998+0800][55695.973s] GC(35) Old regions: 44->44
[2024-04-08T17:07:12.998+0800][55695.973s] GC(35) Humongous regions: 4->4
[2024-04-08T17:07:12.998+0800][55695.973s] GC(35) Metaspace: 67134K(67840K)->67134K(67840K) NonClass: 59534K(59904K)->59534K(59904K) Class: 7599K(7936K)->7599K(7936K)
[2024-04-08T17:07:12.998+0800][55695.973s] GC(35) Pause Young (Normal) (G1 Evacuation Pause) 354M->49M(512M) 3.014ms
[2024-04-08T17:07:12.998+0800][55695.973s] GC(35) User=0.00s Sys=0.00s Real=0.00s
[2024-04-08T17:07:14.365+0800][55697.340s] GC(36) Pause Young (Normal) (G1 Evacuation Pause)
[2024-04-08T17:07:14.366+0800][55697.340s] GC(36) Using 13 workers of 13 for evacuation
[2024-04-08T17:07:14.368+0800][55697.343s] GC(36)   Pre Evacuate Collection Set: 0.2ms
[2024-04-08T17:07:14.368+0800][55697.343s] GC(36)   Merge Heap Roots: 0.1ms
[2024-04-08T17:07:14.368+0800][55697.343s] GC(36)   Evacuate Collection Set: 1.3ms
[2024-04-08T17:07:14.368+0800][55697.343s] GC(36)   Post Evacuate Collection Set: 0.5ms
[2024-04-08T17:07:14.368+0800][55697.343s] GC(36)   Other: 0.1ms
[2024-04-08T17:07:14.368+0800][55697.343s] GC(36) Eden regions: 305->0(305)
[2024-04-08T17:07:14.368+0800][55697.343s] GC(36) Survivor regions: 2->2(39)
[2024-04-08T17:07:14.368+0800][55697.343s] GC(36) Old regions: 44->44
[2024-04-08T17:07:14.368+0800][55697.343s] GC(36) Humongous regions: 4->4
[2024-04-08T17:07:14.368+0800][55697.343s] GC(36) Metaspace: 67134K(67840K)->67134K(67840K) NonClass: 59534K(59904K)->59534K(59904K) Class: 7599K(7936K)->7599K(7936K)
[2024-04-08T17:07:14.368+0800][55697.343s] GC(36) Pause Young (Normal) (G1 Evacuation Pause) 354M->49M(512M) 2.375ms
[2024-04-08T17:07:14.368+0800][55697.343s] GC(36) User=0.00s Sys=0.00s Real=0.00s
[2024-04-08T17:07:15.757+0800][55698.731s] GC(37) Pause Young (Normal) (G1 Evacuation Pause)
[2024-04-08T17:07:15.757+0800][55698.731s] GC(37) Using 13 workers of 13 for evacuation
[2024-04-08T17:07:15.759+0800][55698.733s] GC(37)   Pre Evacuate Collection Set: 0.1ms
[2024-04-08T17:07:15.759+0800][55698.734s] GC(37)   Merge Heap Roots: 0.1ms
[2024-04-08T17:07:15.759+0800][55698.734s] GC(37)   Evacuate Collection Set: 1.4ms
[2024-04-08T17:07:15.759+0800][55698.734s] GC(37)   Post Evacuate Collection Set: 0.4ms
[2024-04-08T17:07:15.759+0800][55698.734s] GC(37)   Other: 0.1ms
[2024-04-08T17:07:15.759+0800][55698.734s] GC(37) Eden regions: 305->0(305)
[2024-04-08T17:07:15.759+0800][55698.734s] GC(37) Survivor regions: 2->2(39)
[2024-04-08T17:07:15.759+0800][55698.734s] GC(37) Old regions: 44->44
[2024-04-08T17:07:15.759+0800][55698.734s] GC(37) Humongous regions: 4->4
[2024-04-08T17:07:15.759+0800][55698.734s] GC(37) Metaspace: 67134K(67840K)->67134K(67840K) NonClass: 59534K(59904K)->59534K(59904K) Class: 7599K(7936K)->7599K(7936K)
[2024-04-08T17:07:15.759+0800][55698.734s] GC(37) Pause Young (Normal) (G1 Evacuation Pause) 354M->49M(512M) 2.264ms
[2024-04-08T17:07:15.759+0800][55698.734s] GC(37) User=0.19s Sys=0.02s Real=0.00s
[2024-04-08T17:07:17.114+0800][55700.088s] GC(38) Pause Young (Normal) (G1 Evacuation Pause)
[2024-04-08T17:07:17.114+0800][55700.088s] GC(38) Using 13 workers of 13 for evacuation
[2024-04-08T17:07:17.116+0800][55700.090s] GC(38)   Pre Evacuate Collection Set: 0.2ms
[2024-04-08T17:07:17.116+0800][55700.090s] GC(38)   Merge Heap Roots: 0.1ms
[2024-04-08T17:07:17.116+0800][55700.090s] GC(38)   Evacuate Collection Set: 1.2ms
[2024-04-08T17:07:17.116+0800][55700.090s] GC(38)   Post Evacuate Collection Set: 0.4ms
[2024-04-08T17:07:17.116+0800][55700.090s] GC(38)   Other: 0.1ms
[2024-04-08T17:07:17.116+0800][55700.090s] GC(38) Eden regions: 305->0(305)
[2024-04-08T17:07:17.116+0800][55700.090s] GC(38) Survivor regions: 2->2(39)
[2024-04-08T17:07:17.116+0800][55700.090s] GC(38) Old regions: 44->44
[2024-04-08T17:07:17.116+0800][55700.090s] GC(38) Humongous regions: 4->4
[2024-04-08T17:07:17.116+0800][55700.091s] GC(38) Metaspace: 67134K(67840K)->67134K(67840K) NonClass: 59535K(59904K)->59535K(59904K) Class: 7599K(7936K)->7599K(7936K)
[2024-04-08T17:07:17.116+0800][55700.091s] GC(38) Pause Young (Normal) (G1 Evacuation Pause) 354M->49M(512M) 2.207ms
[2024-04-08T17:07:17.116+0800][55700.091s] GC(38) User=0.00s Sys=0.00s Real=0.00s
[2024-04-08T17:07:18.482+0800][55701.456s] GC(39) Pause Young (Normal) (G1 Evacuation Pause)
[2024-04-08T17:07:18.482+0800][55701.457s] GC(39) Using 13 workers of 13 for evacuation
[2024-04-08T17:07:18.485+0800][55701.459s] GC(39)   Pre Evacuate Collection Set: 0.3ms
[2024-04-08T17:07:18.485+0800][55701.459s] GC(39)   Merge Heap Roots: 0.1ms
[2024-04-08T17:07:18.485+0800][55701.459s] GC(39)   Evacuate Collection Set: 1.4ms
[2024-04-08T17:07:18.485+0800][55701.459s] GC(39)   Post Evacuate Collection Set: 0.6ms
[2024-04-08T17:07:18.485+0800][55701.459s] GC(39)   Other: 0.1ms
[2024-04-08T17:07:18.485+0800][55701.459s] GC(39) Eden regions: 305->0(305)
[2024-04-08T17:07:18.485+0800][55701.459s] GC(39) Survivor regions: 2->2(39)
[2024-04-08T17:07:18.485+0800][55701.459s] GC(39) Old regions: 44->44
[2024-04-08T17:07:18.485+0800][55701.459s] GC(39) Humongous regions: 4->4
[2024-04-08T17:07:18.485+0800][55701.459s] GC(39) Metaspace: 67136K(67840K)->67136K(67840K) NonClass: 59537K(59904K)->59537K(59904K) Class: 7599K(7936K)->7599K(7936K)
[2024-04-08T17:07:18.485+0800][55701.459s] GC(39) Pause Young (Normal) (G1 Evacuation Pause) 354M->49M(512M) 2.679ms
[2024-04-08T17:07:18.485+0800][55701.459s] GC(39) User=0.00s Sys=0.00s Real=0.00s
[2024-04-08T17:07:19.825+0800][55702.799s] GC(40) Pause Young (Normal) (G1 Evacuation Pause)
[2024-04-08T17:07:19.825+0800][55702.799s] GC(40) Using 13 workers of 13 for evacuation
[2024-04-08T17:07:19.827+0800][55702.802s] GC(40)   Pre Evacuate Collection Set: 0.3ms
[2024-04-08T17:07:19.827+0800][55702.802s] GC(40)   Merge Heap Roots: 0.2ms
[2024-04-08T17:07:19.827+0800][55702.802s] GC(40)   Evacuate Collection Set: 1.6ms
[2024-04-08T17:07:19.827+0800][55702.802s] GC(40)   Post Evacuate Collection Set: 0.6ms
[2024-04-08T17:07:19.828+0800][55702.802s] GC(40)   Other: 0.1ms
[2024-04-08T17:07:19.828+0800][55702.802s] GC(40) Eden regions: 305->0(305)
[2024-04-08T17:07:19.828+0800][55702.802s] GC(40) Survivor regions: 2->2(39)
[2024-04-08T17:07:19.828+0800][55702.802s] GC(40) Old regions: 44->44
[2024-04-08T17:07:19.828+0800][55702.802s] GC(40) Humongous regions: 4->4
[2024-04-08T17:07:19.828+0800][55702.802s] GC(40) Metaspace: 67183K(67904K)->67183K(67904K) NonClass: 59584K(59968K)->59584K(59968K) Class: 7599K(7936K)->7599K(7936K)
[2024-04-08T17:07:19.828+0800][55702.802s] GC(40) Pause Young (Normal) (G1 Evacuation Pause) 354M->49M(512M) 2.939ms
[2024-04-08T17:07:19.828+0800][55702.802s] GC(40) User=0.00s Sys=0.00s Real=0.00s
[2024-04-08T17:07:21.191+0800][55704.165s] GC(41) Pause Young (Normal) (G1 Evacuation Pause)
[2024-04-08T17:07:21.191+0800][55704.165s] GC(41) Using 13 workers of 13 for evacuation
[2024-04-08T17:07:21.193+0800][55704.167s] GC(41)   Pre Evacuate Collection Set: 0.3ms
[2024-04-08T17:07:21.193+0800][55704.167s] GC(41)   Merge Heap Roots: 0.2ms
[2024-04-08T17:07:21.193+0800][55704.167s] GC(41)   Evacuate Collection Set: 1.4ms
[2024-04-08T17:07:21.193+0800][55704.167s] GC(41)   Post Evacuate Collection Set: 0.5ms
[2024-04-08T17:07:21.193+0800][55704.167s] GC(41)   Other: 0.1ms
[2024-04-08T17:07:21.193+0800][55704.167s] GC(41) Eden regions: 305->0(305)
[2024-04-08T17:07:21.193+0800][55704.167s] GC(41) Survivor regions: 2->2(39)
[2024-04-08T17:07:21.193+0800][55704.167s] GC(41) Old regions: 44->44
[2024-04-08T17:07:21.193+0800][55704.167s] GC(41) Humongous regions: 4->4
[2024-04-08T17:07:21.193+0800][55704.167s] GC(41) Metaspace: 67184K(67904K)->67184K(67904K) NonClass: 59584K(59968K)->59584K(59968K) Class: 7599K(7936K)->7599K(7936K)
[2024-04-08T17:07:21.193+0800][55704.167s] GC(41) Pause Young (Normal) (G1 Evacuation Pause) 354M->49M(512M) 2.590ms
[2024-04-08T17:07:21.193+0800][55704.167s] GC(41) User=0.00s Sys=0.00s Real=0.00s
[2024-04-08T17:07:22.536+0800][55705.510s] GC(42) Pause Young (Normal) (G1 Evacuation Pause)
[2024-04-08T17:07:22.536+0800][55705.510s] GC(42) Using 13 workers of 13 for evacuation
[2024-04-08T17:07:22.539+0800][55705.513s] GC(42)   Pre Evacuate Collection Set: 0.2ms
[2024-04-08T17:07:22.539+0800][55705.513s] GC(42)   Merge Heap Roots: 0.1ms
[2024-04-08T17:07:22.539+0800][55705.513s] GC(42)   Evacuate Collection Set: 1.7ms
[2024-04-08T17:07:22.539+0800][55705.513s] GC(42)   Post Evacuate Collection Set: 0.5ms
[2024-04-08T17:07:22.539+0800][55705.513s] GC(42)   Other: 0.1ms
[2024-04-08T17:07:22.539+0800][55705.513s] GC(42) Eden regions: 305->0(304)
[2024-04-08T17:07:22.539+0800][55705.513s] GC(42) Survivor regions: 2->3(39)
[2024-04-08T17:07:22.539+0800][55705.513s] GC(42) Old regions: 44->44
[2024-04-08T17:07:22.539+0800][55705.513s] GC(42) Humongous regions: 4->4
[2024-04-08T17:07:22.539+0800][55705.513s] GC(42) Metaspace: 67184K(67904K)->67184K(67904K) NonClass: 59585K(59968K)->59585K(59968K) Class: 7599K(7936K)->7599K(7936K)
[2024-04-08T17:07:22.539+0800][55705.513s] GC(42) Pause Young (Normal) (G1 Evacuation Pause) 354M->50M(512M) 2.913ms
[2024-04-08T17:07:22.539+0800][55705.513s] GC(42) User=0.00s Sys=0.00s Real=0.00s
[2024-04-08T17:07:23.884+0800][55706.858s] GC(43) Pause Young (Normal) (G1 Evacuation Pause)
[2024-04-08T17:07:23.884+0800][55706.858s] GC(43) Using 13 workers of 13 for evacuation
[2024-04-08T17:07:23.886+0800][55706.860s] GC(43)   Pre Evacuate Collection Set: 0.1ms
[2024-04-08T17:07:23.886+0800][55706.860s] GC(43)   Merge Heap Roots: 0.1ms
[2024-04-08T17:07:23.886+0800][55706.860s] GC(43)   Evacuate Collection Set: 1.1ms
[2024-04-08T17:07:23.886+0800][55706.860s] GC(43)   Post Evacuate Collection Set: 0.5ms
[2024-04-08T17:07:23.886+0800][55706.860s] GC(43)   Other: 0.1ms
[2024-04-08T17:07:23.886+0800][55706.860s] GC(43) Eden regions: 304->0(305)
[2024-04-08T17:07:23.886+0800][55706.860s] GC(43) Survivor regions: 3->2(39)
[2024-04-08T17:07:23.886+0800][55706.860s] GC(43) Old regions: 44->44
[2024-04-08T17:07:23.886+0800][55706.860s] GC(43) Humongous regions: 4->4
[2024-04-08T17:07:23.886+0800][55706.860s] GC(43) Metaspace: 67185K(67904K)->67185K(67904K) NonClass: 59586K(59968K)->59586K(59968K) Class: 7599K(7936K)->7599K(7936K)
[2024-04-08T17:07:23.886+0800][55706.860s] GC(43) Pause Young (Normal) (G1 Evacuation Pause) 354M->49M(512M) 2.091ms
[2024-04-08T17:07:23.886+0800][55706.860s] GC(43) User=0.05s Sys=0.00s Real=0.00s
[2024-04-08T17:07:25.299+0800][55708.273s] GC(44) Pause Young (Normal) (G1 Evacuation Pause)
[2024-04-08T17:07:25.299+0800][55708.273s] GC(44) Using 13 workers of 13 for evacuation
[2024-04-08T17:07:25.301+0800][55708.275s] GC(44)   Pre Evacuate Collection Set: 0.2ms
[2024-04-08T17:07:25.301+0800][55708.275s] GC(44)   Merge Heap Roots: 0.1ms
[2024-04-08T17:07:25.301+0800][55708.275s] GC(44)   Evacuate Collection Set: 1.3ms
[2024-04-08T17:07:25.301+0800][55708.275s] GC(44)   Post Evacuate Collection Set: 0.5ms
[2024-04-08T17:07:25.301+0800][55708.275s] GC(44)   Other: 0.1ms
[2024-04-08T17:07:25.301+0800][55708.275s] GC(44) Eden regions: 305->0(305)
[2024-04-08T17:07:25.301+0800][55708.275s] GC(44) Survivor regions: 2->2(39)
[2024-04-08T17:07:25.301+0800][55708.275s] GC(44) Old regions: 44->44
[2024-04-08T17:07:25.301+0800][55708.275s] GC(44) Humongous regions: 4->4
[2024-04-08T17:07:25.301+0800][55708.275s] GC(44) Metaspace: 67185K(67904K)->67185K(67904K) NonClass: 59586K(59968K)->59586K(59968K) Class: 7599K(7936K)->7599K(7936K)
[2024-04-08T17:07:25.301+0800][55708.275s] GC(44) Pause Young (Normal) (G1 Evacuation Pause) 354M->49M(512M) 2.422ms
[2024-04-08T17:07:25.301+0800][55708.275s] GC(44) User=0.00s Sys=0.00s Real=0.00s
[2024-04-08T17:07:26.675+0800][55709.649s] GC(45) Pause Young (Normal) (G1 Evacuation Pause)
[2024-04-08T17:07:26.675+0800][55709.650s] GC(45) Using 13 workers of 13 for evacuation
[2024-04-08T17:07:26.678+0800][55709.652s] GC(45)   Pre Evacuate Collection Set: 0.2ms
[2024-04-08T17:07:26.678+0800][55709.652s] GC(45)   Merge Heap Roots: 0.2ms
[2024-04-08T17:07:26.678+0800][55709.652s] GC(45)   Evacuate Collection Set: 1.5ms
[2024-04-08T17:07:26.678+0800][55709.652s] GC(45)   Post Evacuate Collection Set: 0.7ms
[2024-04-08T17:07:26.678+0800][55709.652s] GC(45)   Other: 0.1ms
[2024-04-08T17:07:26.678+0800][55709.652s] GC(45) Eden regions: 305->0(305)
[2024-04-08T17:07:26.678+0800][55709.652s] GC(45) Survivor regions: 2->2(39)
[2024-04-08T17:07:26.678+0800][55709.652s] GC(45) Old regions: 44->44
[2024-04-08T17:07:26.678+0800][55709.652s] GC(45) Humongous regions: 4->4
[2024-04-08T17:07:26.678+0800][55709.652s] GC(45) Metaspace: 67186K(67904K)->67186K(67904K) NonClass: 59587K(59968K)->59587K(59968K) Class: 7599K(7936K)->7599K(7936K)
[2024-04-08T17:07:26.678+0800][55709.652s] GC(45) Pause Young (Normal) (G1 Evacuation Pause) 354M->49M(512M) 2.786ms
[2024-04-08T17:07:26.678+0800][55709.652s] GC(45) User=0.00s Sys=0.00s Real=0.00s
[2024-04-08T17:07:28.086+0800][55711.060s] GC(46) Pause Young (Normal) (G1 Evacuation Pause)
[2024-04-08T17:07:28.086+0800][55711.061s] GC(46) Using 13 workers of 13 for evacuation
[2024-04-08T17:07:28.089+0800][55711.063s] GC(46)   Pre Evacuate Collection Set: 0.2ms
[2024-04-08T17:07:28.089+0800][55711.063s] GC(46)   Merge Heap Roots: 0.1ms
[2024-04-08T17:07:28.089+0800][55711.063s] GC(46)   Evacuate Collection Set: 1.5ms
[2024-04-08T17:07:28.089+0800][55711.063s] GC(46)   Post Evacuate Collection Set: 0.7ms
[2024-04-08T17:07:28.089+0800][55711.063s] GC(46)   Other: 0.1ms
[2024-04-08T17:07:28.089+0800][55711.063s] GC(46) Eden regions: 305->0(305)
[2024-04-08T17:07:28.089+0800][55711.063s] GC(46) Survivor regions: 2->2(39)
[2024-04-08T17:07:28.089+0800][55711.063s] GC(46) Old regions: 44->44
[2024-04-08T17:07:28.089+0800][55711.063s] GC(46) Humongous regions: 4->4
[2024-04-08T17:07:28.089+0800][55711.063s] GC(46) Metaspace: 67187K(67904K)->67187K(67904K) NonClass: 59588K(59968K)->59588K(59968K) Class: 7599K(7936K)->7599K(7936K)
[2024-04-08T17:07:28.089+0800][55711.063s] GC(46) Pause Young (Normal) (G1 Evacuation Pause) 354M->49M(512M) 2.847ms
[2024-04-08T17:07:28.089+0800][55711.063s] GC(46) User=0.05s Sys=0.00s Real=0.00s
[2024-04-08T17:07:29.476+0800][55712.451s] GC(47) Pause Young (Normal) (G1 Evacuation Pause)
[2024-04-08T17:07:29.476+0800][55712.451s] GC(47) Using 13 workers of 13 for evacuation
[2024-04-08T17:07:29.478+0800][55712.453s] GC(47)   Pre Evacuate Collection Set: 0.2ms
[2024-04-08T17:07:29.478+0800][55712.453s] GC(47)   Merge Heap Roots: 0.1ms
[2024-04-08T17:07:29.478+0800][55712.453s] GC(47)   Evacuate Collection Set: 1.4ms
[2024-04-08T17:07:29.478+0800][55712.453s] GC(47)   Post Evacuate Collection Set: 0.5ms
[2024-04-08T17:07:29.478+0800][55712.453s] GC(47)   Other: 0.1ms
[2024-04-08T17:07:29.478+0800][55712.453s] GC(47) Eden regions: 305->0(305)
[2024-04-08T17:07:29.478+0800][55712.453s] GC(47) Survivor regions: 2->2(39)
[2024-04-08T17:07:29.479+0800][55712.453s] GC(47) Old regions: 44->45
[2024-04-08T17:07:29.479+0800][55712.453s] GC(47) Humongous regions: 4->4
[2024-04-08T17:07:29.479+0800][55712.453s] GC(47) Metaspace: 67229K(67904K)->67229K(67904K) NonClass: 59629K(59968K)->59629K(59968K) Class: 7600K(7936K)->7600K(7936K)
[2024-04-08T17:07:29.479+0800][55712.453s] GC(47) Pause Young (Normal) (G1 Evacuation Pause) 354M->49M(512M) 2.413ms
[2024-04-08T17:07:29.479+0800][55712.453s] GC(47) User=0.00s Sys=0.02s Real=0.00s
[2024-04-08T17:07:30.943+0800][55713.918s] GC(48) Pause Young (Normal) (G1 Evacuation Pause)
[2024-04-08T17:07:30.943+0800][55713.918s] GC(48) Using 13 workers of 13 for evacuation
[2024-04-08T17:07:30.945+0800][55713.920s] GC(48)   Pre Evacuate Collection Set: 0.2ms
[2024-04-08T17:07:30.945+0800][55713.920s] GC(48)   Merge Heap Roots: 0.1ms
[2024-04-08T17:07:30.945+0800][55713.920s] GC(48)   Evacuate Collection Set: 1.3ms
[2024-04-08T17:07:30.945+0800][55713.920s] GC(48)   Post Evacuate Collection Set: 0.6ms
[2024-04-08T17:07:30.945+0800][55713.920s] GC(48)   Other: 0.1ms
[2024-04-08T17:07:30.945+0800][55713.920s] GC(48) Eden regions: 305->0(305)
[2024-04-08T17:07:30.945+0800][55713.920s] GC(48) Survivor regions: 2->2(39)
[2024-04-08T17:07:30.945+0800][55713.920s] GC(48) Old regions: 45->45
[2024-04-08T17:07:30.945+0800][55713.920s] GC(48) Humongous regions: 4->4
[2024-04-08T17:07:30.945+0800][55713.920s] GC(48) Metaspace: 67232K(67904K)->67232K(67904K) NonClass: 59632K(59968K)->59632K(59968K) Class: 7600K(7936K)->7600K(7936K)
[2024-04-08T17:07:30.946+0800][55713.920s] GC(48) Pause Young (Normal) (G1 Evacuation Pause) 354M->49M(512M) 2.448ms
[2024-04-08T17:07:30.946+0800][55713.920s] GC(48) User=0.00s Sys=0.00s Real=0.00s
[2024-04-08T17:07:32.336+0800][55715.311s] GC(49) Pause Young (Normal) (G1 Evacuation Pause)
[2024-04-08T17:07:32.336+0800][55715.311s] GC(49) Using 13 workers of 13 for evacuation
[2024-04-08T17:07:32.338+0800][55715.313s] GC(49)   Pre Evacuate Collection Set: 0.2ms
[2024-04-08T17:07:32.338+0800][55715.313s] GC(49)   Merge Heap Roots: 0.1ms
[2024-04-08T17:07:32.338+0800][55715.313s] GC(49)   Evacuate Collection Set: 1.3ms
[2024-04-08T17:07:32.338+0800][55715.313s] GC(49)   Post Evacuate Collection Set: 0.4ms
[2024-04-08T17:07:32.338+0800][55715.313s] GC(49)   Other: 0.1ms
[2024-04-08T17:07:32.338+0800][55715.313s] GC(49) Eden regions: 305->0(305)
[2024-04-08T17:07:32.338+0800][55715.313s] GC(49) Survivor regions: 2->2(39)
[2024-04-08T17:07:32.338+0800][55715.313s] GC(49) Old regions: 45->45
[2024-04-08T17:07:32.339+0800][55715.313s] GC(49) Humongous regions: 4->4
[2024-04-08T17:07:32.339+0800][55715.313s] GC(49) Metaspace: 67237K(67904K)->67237K(67904K) NonClass: 59637K(59968K)->59637K(59968K) Class: 7600K(7936K)->7600K(7936K)
[2024-04-08T17:07:32.339+0800][55715.313s] GC(49) Pause Young (Normal) (G1 Evacuation Pause) 354M->49M(512M) 2.361ms
[2024-04-08T17:07:32.339+0800][55715.313s] GC(49) User=0.06s Sys=0.00s Real=0.00s
[2024-04-08T17:07:33.730+0800][55716.705s] GC(50) Pause Young (Normal) (G1 Evacuation Pause)
[2024-04-08T17:07:33.730+0800][55716.705s] GC(50) Using 13 workers of 13 for evacuation
[2024-04-08T17:07:33.733+0800][55716.708s] GC(50)   Pre Evacuate Collection Set: 0.2ms
[2024-04-08T17:07:33.733+0800][55716.708s] GC(50)   Merge Heap Roots: 0.1ms
[2024-04-08T17:07:33.733+0800][55716.708s] GC(50)   Evacuate Collection Set: 1.7ms
[2024-04-08T17:07:33.733+0800][55716.708s] GC(50)   Post Evacuate Collection Set: 0.7ms
[2024-04-08T17:07:33.733+0800][55716.708s] GC(50)   Other: 0.1ms
[2024-04-08T17:07:33.733+0800][55716.708s] GC(50) Eden regions: 305->0(305)
[2024-04-08T17:07:33.733+0800][55716.708s] GC(50) Survivor regions: 2->2(39)
[2024-04-08T17:07:33.733+0800][55716.708s] GC(50) Old regions: 45->45
[2024-04-08T17:07:33.733+0800][55716.708s] GC(50) Humongous regions: 4->4
[2024-04-08T17:07:33.733+0800][55716.708s] GC(50) Metaspace: 67239K(67904K)->67239K(67904K) NonClass: 59639K(59968K)->59639K(59968K) Class: 7600K(7936K)->7600K(7936K)
[2024-04-08T17:07:33.733+0800][55716.708s] GC(50) Pause Young (Normal) (G1 Evacuation Pause) 354M->49M(512M) 3.028ms
[2024-04-08T17:07:33.733+0800][55716.708s] GC(50) User=0.00s Sys=0.00s Real=0.00s
[2024-04-08T17:07:35.047+0800][55718.022s] GC(51) Pause Young (Normal) (G1 Evacuation Pause)
[2024-04-08T17:07:35.047+0800][55718.022s] GC(51) Using 13 workers of 13 for evacuation
[2024-04-08T17:07:35.050+0800][55718.024s] GC(51)   Pre Evacuate Collection Set: 0.2ms
[2024-04-08T17:07:35.050+0800][55718.024s] GC(51)   Merge Heap Roots: 0.1ms
[2024-04-08T17:07:35.050+0800][55718.024s] GC(51)   Evacuate Collection Set: 1.4ms
[2024-04-08T17:07:35.050+0800][55718.024s] GC(51)   Post Evacuate Collection Set: 0.5ms
[2024-04-08T17:07:35.050+0800][55718.024s] GC(51)   Other: 0.1ms
[2024-04-08T17:07:35.050+0800][55718.024s] GC(51) Eden regions: 305->0(305)
[2024-04-08T17:07:35.050+0800][55718.025s] GC(51) Survivor regions: 2->2(39)
[2024-04-08T17:07:35.050+0800][55718.025s] GC(51) Old regions: 45->45
[2024-04-08T17:07:35.050+0800][55718.025s] GC(51) Humongous regions: 4->4
[2024-04-08T17:07:35.050+0800][55718.025s] GC(51) Metaspace: 67241K(67904K)->67241K(67904K) NonClass: 59640K(59968K)->59640K(59968K) Class: 7600K(7936K)->7600K(7936K)
[2024-04-08T17:07:35.050+0800][55718.025s] GC(51) Pause Young (Normal) (G1 Evacuation Pause) 354M->49M(512M) 2.514ms
[2024-04-08T17:07:35.050+0800][55718.025s] GC(51) User=0.00s Sys=0.00s Real=0.00s
[2024-04-08T17:07:36.424+0800][55719.399s] GC(52) Pause Young (Normal) (G1 Evacuation Pause)
[2024-04-08T17:07:36.424+0800][55719.399s] GC(52) Using 13 workers of 13 for evacuation
[2024-04-08T17:07:36.427+0800][55719.402s] GC(52)   Pre Evacuate Collection Set: 0.2ms
[2024-04-08T17:07:36.427+0800][55719.402s] GC(52)   Merge Heap Roots: 0.2ms
[2024-04-08T17:07:36.427+0800][55719.402s] GC(52)   Evacuate Collection Set: 1.3ms
[2024-04-08T17:07:36.427+0800][55719.402s] GC(52)   Post Evacuate Collection Set: 0.6ms
[2024-04-08T17:07:36.427+0800][55719.402s] GC(52)   Other: 0.1ms
[2024-04-08T17:07:36.427+0800][55719.402s] GC(52) Eden regions: 305->0(305)
[2024-04-08T17:07:36.427+0800][55719.402s] GC(52) Survivor regions: 2->2(39)
[2024-04-08T17:07:36.427+0800][55719.402s] GC(52) Old regions: 45->45
[2024-04-08T17:07:36.427+0800][55719.402s] GC(52) Humongous regions: 4->4
[2024-04-08T17:07:36.427+0800][55719.402s] GC(52) Metaspace: 67241K(67904K)->67241K(67904K) NonClass: 59641K(59968K)->59641K(59968K) Class: 7600K(7936K)->7600K(7936K)
[2024-04-08T17:07:36.427+0800][55719.402s] GC(52) Pause Young (Normal) (G1 Evacuation Pause) 354M->49M(512M) 2.604ms
[2024-04-08T17:07:36.427+0800][55719.402s] GC(52) User=0.00s Sys=0.00s Real=0.00s
[2024-04-08T17:07:37.738+0800][55720.713s] GC(53) Pause Young (Normal) (G1 Evacuation Pause)
[2024-04-08T17:07:37.738+0800][55720.713s] GC(53) Using 13 workers of 13 for evacuation
[2024-04-08T17:07:37.740+0800][55720.715s] GC(53)   Pre Evacuate Collection Set: 0.2ms
[2024-04-08T17:07:37.740+0800][55720.715s] GC(53)   Merge Heap Roots: 0.2ms
[2024-04-08T17:07:37.740+0800][55720.715s] GC(53)   Evacuate Collection Set: 1.4ms
[2024-04-08T17:07:37.740+0800][55720.715s] GC(53)   Post Evacuate Collection Set: 0.6ms
[2024-04-08T17:07:37.740+0800][55720.715s] GC(53)   Other: 0.1ms
[2024-04-08T17:07:37.740+0800][55720.715s] GC(53) Eden regions: 305->0(304)
[2024-04-08T17:07:37.740+0800][55720.715s] GC(53) Survivor regions: 2->3(39)
[2024-04-08T17:07:37.741+0800][55720.715s] GC(53) Old regions: 45->45
[2024-04-08T17:07:37.741+0800][55720.715s] GC(53) Humongous regions: 4->4
[2024-04-08T17:07:37.741+0800][55720.715s] GC(53) Metaspace: 67241K(67904K)->67241K(67904K) NonClass: 59641K(59968K)->59641K(59968K) Class: 7600K(7936K)->7600K(7936K)
[2024-04-08T17:07:37.741+0800][55720.715s] GC(53) Pause Young (Normal) (G1 Evacuation Pause) 354M->50M(512M) 2.550ms
[2024-04-08T17:07:37.741+0800][55720.715s] GC(53) User=0.00s Sys=0.00s Real=0.00s
[2024-04-08T17:07:39.070+0800][55722.045s] GC(54) Pause Young (Normal) (G1 Evacuation Pause)
[2024-04-08T17:07:39.070+0800][55722.045s] GC(54) Using 13 workers of 13 for evacuation
[2024-04-08T17:07:39.072+0800][55722.047s] GC(54)   Pre Evacuate Collection Set: 0.2ms
[2024-04-08T17:07:39.072+0800][55722.047s] GC(54)   Merge Heap Roots: 0.1ms
[2024-04-08T17:07:39.072+0800][55722.047s] GC(54)   Evacuate Collection Set: 1.3ms
[2024-04-08T17:07:39.072+0800][55722.047s] GC(54)   Post Evacuate Collection Set: 0.6ms
[2024-04-08T17:07:39.072+0800][55722.047s] GC(54)   Other: 0.1ms
[2024-04-08T17:07:39.073+0800][55722.047s] GC(54) Eden regions: 304->0(305)
[2024-04-08T17:07:39.073+0800][55722.047s] GC(54) Survivor regions: 3->2(39)
[2024-04-08T17:07:39.073+0800][55722.047s] GC(54) Old regions: 45->45
[2024-04-08T17:07:39.073+0800][55722.047s] GC(54) Humongous regions: 4->4
[2024-04-08T17:07:39.073+0800][55722.047s] GC(54) Metaspace: 67256K(67968K)->67256K(67968K) NonClass: 59655K(60032K)->59655K(60032K) Class: 7600K(7936K)->7600K(7936K)
[2024-04-08T17:07:39.073+0800][55722.048s] GC(54) Pause Young (Normal) (G1 Evacuation Pause) 354M->49M(512M) 2.478ms
[2024-04-08T17:07:39.073+0800][55722.048s] GC(54) User=0.05s Sys=0.00s Real=0.00s
[2024-04-08T17:07:40.465+0800][55723.440s] GC(55) Pause Young (Normal) (G1 Evacuation Pause)
[2024-04-08T17:07:40.465+0800][55723.440s] GC(55) Using 13 workers of 13 for evacuation
[2024-04-08T17:07:40.468+0800][55723.442s] GC(55)   Pre Evacuate Collection Set: 0.3ms
[2024-04-08T17:07:40.468+0800][55723.442s] GC(55)   Merge Heap Roots: 0.1ms
[2024-04-08T17:07:40.468+0800][55723.443s] GC(55)   Evacuate Collection Set: 1.1ms
[2024-04-08T17:07:40.468+0800][55723.443s] GC(55)   Post Evacuate Collection Set: 0.6ms
[2024-04-08T17:07:40.468+0800][55723.443s] GC(55)   Other: 0.1ms
[2024-04-08T17:07:40.468+0800][55723.443s] GC(55) Eden regions: 305->0(305)
[2024-04-08T17:07:40.468+0800][55723.443s] GC(55) Survivor regions: 2->2(39)
[2024-04-08T17:07:40.468+0800][55723.443s] GC(55) Old regions: 45->45
[2024-04-08T17:07:40.468+0800][55723.443s] GC(55) Humongous regions: 4->4
[2024-04-08T17:07:40.468+0800][55723.443s] GC(55) Metaspace: 67258K(67968K)->67258K(67968K) NonClass: 59658K(60032K)->59658K(60032K) Class: 7600K(7936K)->7600K(7936K)
[2024-04-08T17:07:40.468+0800][55723.443s] GC(55) Pause Young (Normal) (G1 Evacuation Pause) 354M->49M(512M) 2.378ms
[2024-04-08T17:07:40.468+0800][55723.443s] GC(55) User=0.00s Sys=0.00s Real=0.00s
[2024-04-08T17:07:41.898+0800][55724.873s] GC(56) Pause Young (Normal) (G1 Evacuation Pause)
[2024-04-08T17:07:41.898+0800][55724.873s] GC(56) Using 13 workers of 13 for evacuation
[2024-04-08T17:07:41.901+0800][55724.876s] GC(56)   Pre Evacuate Collection Set: 0.2ms
[2024-04-08T17:07:41.901+0800][55724.876s] GC(56)   Merge Heap Roots: 0.1ms
[2024-04-08T17:07:41.901+0800][55724.876s] GC(56)   Evacuate Collection Set: 1.6ms
[2024-04-08T17:07:41.901+0800][55724.876s] GC(56)   Post Evacuate Collection Set: 0.6ms
[2024-04-08T17:07:41.901+0800][55724.876s] GC(56)   Other: 0.1ms
[2024-04-08T17:07:41.901+0800][55724.876s] GC(56) Eden regions: 305->0(305)
[2024-04-08T17:07:41.901+0800][55724.876s] GC(56) Survivor regions: 2->2(39)
[2024-04-08T17:07:41.901+0800][55724.876s] GC(56) Old regions: 45->45
[2024-04-08T17:07:41.901+0800][55724.876s] GC(56) Humongous regions: 4->4
[2024-04-08T17:07:41.901+0800][55724.876s] GC(56) Metaspace: 67277K(67968K)->67277K(67968K) NonClass: 59677K(60032K)->59677K(60032K) Class: 7600K(7936K)->7600K(7936K)
[2024-04-08T17:07:41.901+0800][55724.876s] GC(56) Pause Young (Normal) (G1 Evacuation Pause) 354M->49M(512M) 2.763ms
[2024-04-08T17:07:41.901+0800][55724.876s] GC(56) User=0.03s Sys=0.00s Real=0.00s
[2024-04-08T17:07:43.286+0800][55726.260s] GC(57) Pause Young (Normal) (G1 Evacuation Pause)
[2024-04-08T17:07:43.286+0800][55726.260s] GC(57) Using 13 workers of 13 for evacuation
[2024-04-08T17:07:43.288+0800][55726.262s] GC(57)   Pre Evacuate Collection Set: 0.2ms
[2024-04-08T17:07:43.288+0800][55726.262s] GC(57)   Merge Heap Roots: 0.2ms
[2024-04-08T17:07:43.288+0800][55726.263s] GC(57)   Evacuate Collection Set: 1.3ms
[2024-04-08T17:07:43.288+0800][55726.263s] GC(57)   Post Evacuate Collection Set: 0.6ms
[2024-04-08T17:07:43.288+0800][55726.263s] GC(57)   Other: 0.1ms
[2024-04-08T17:07:43.288+0800][55726.263s] GC(57) Eden regions: 305->0(305)
[2024-04-08T17:07:43.288+0800][55726.263s] GC(57) Survivor regions: 2->2(39)
[2024-04-08T17:07:43.288+0800][55726.263s] GC(57) Old regions: 45->45
[2024-04-08T17:07:43.288+0800][55726.263s] GC(57) Humongous regions: 4->4
[2024-04-08T17:07:43.288+0800][55726.263s] GC(57) Metaspace: 67280K(67968K)->67280K(67968K) NonClass: 59679K(60032K)->59679K(60032K) Class: 7600K(7936K)->7600K(7936K)
[2024-04-08T17:07:43.288+0800][55726.263s] GC(57) Pause Young (Normal) (G1 Evacuation Pause) 354M->50M(512M) 2.493ms
[2024-04-08T17:07:43.288+0800][55726.263s] GC(57) User=0.00s Sys=0.00s Real=0.00s
[2024-04-08T17:07:44.677+0800][55727.651s] GC(58) Pause Young (Normal) (G1 Evacuation Pause)
[2024-04-08T17:07:44.677+0800][55727.651s] GC(58) Using 13 workers of 13 for evacuation
[2024-04-08T17:07:44.679+0800][55727.653s] GC(58)   Pre Evacuate Collection Set: 0.2ms
[2024-04-08T17:07:44.679+0800][55727.653s] GC(58)   Merge Heap Roots: 0.1ms
[2024-04-08T17:07:44.679+0800][55727.653s] GC(58)   Evacuate Collection Set: 1.4ms
[2024-04-08T17:07:44.679+0800][55727.653s] GC(58)   Post Evacuate Collection Set: 0.3ms
[2024-04-08T17:07:44.679+0800][55727.653s] GC(58)   Other: 0.1ms
[2024-04-08T17:07:44.679+0800][55727.653s] GC(58) Eden regions: 305->0(305)
[2024-04-08T17:07:44.679+0800][55727.653s] GC(58) Survivor regions: 2->2(39)
[2024-04-08T17:07:44.679+0800][55727.653s] GC(58) Old regions: 45->45
[2024-04-08T17:07:44.679+0800][55727.653s] GC(58) Humongous regions: 4->4
[2024-04-08T17:07:44.679+0800][55727.653s] GC(58) Metaspace: 67284K(67968K)->67284K(67968K) NonClass: 59683K(60032K)->59683K(60032K) Class: 7600K(7936K)->7600K(7936K)
[2024-04-08T17:07:44.679+0800][55727.653s] GC(58) Pause Young (Normal) (G1 Evacuation Pause) 355M->50M(512M) 2.204ms
[2024-04-08T17:07:44.679+0800][55727.653s] GC(58) User=0.00s Sys=0.00s Real=0.00s
[2024-04-08T17:07:46.048+0800][55729.023s] GC(59) Pause Young (Normal) (G1 Evacuation Pause)
[2024-04-08T17:07:46.048+0800][55729.023s] GC(59) Using 13 workers of 13 for evacuation
[2024-04-08T17:07:46.050+0800][55729.025s] GC(59)   Pre Evacuate Collection Set: 0.2ms
[2024-04-08T17:07:46.050+0800][55729.025s] GC(59)   Merge Heap Roots: 0.1ms
[2024-04-08T17:07:46.050+0800][55729.025s] GC(59)   Evacuate Collection Set: 1.3ms
[2024-04-08T17:07:46.050+0800][55729.025s] GC(59)   Post Evacuate Collection Set: 0.4ms
[2024-04-08T17:07:46.050+0800][55729.025s] GC(59)   Other: 0.1ms
[2024-04-08T17:07:46.050+0800][55729.025s] GC(59) Eden regions: 305->0(305)
[2024-04-08T17:07:46.050+0800][55729.025s] GC(59) Survivor regions: 2->2(39)
[2024-04-08T17:07:46.050+0800][55729.025s] GC(59) Old regions: 45->45
[2024-04-08T17:07:46.050+0800][55729.025s] GC(59) Humongous regions: 4->4
[2024-04-08T17:07:46.050+0800][55729.025s] GC(59) Metaspace: 67289K(67968K)->67289K(67968K) NonClass: 59689K(60032K)->59689K(60032K) Class: 7600K(7936K)->7600K(7936K)
[2024-04-08T17:07:46.051+0800][55729.025s] GC(59) Pause Young (Normal) (G1 Evacuation Pause) 355M->49M(512M) 2.274ms
[2024-04-08T17:07:46.051+0800][55729.025s] GC(59) User=0.00s Sys=0.00s Real=0.00s
[2024-04-08T17:07:47.475+0800][55730.449s] GC(60) Pause Young (Normal) (G1 Evacuation Pause)
[2024-04-08T17:07:47.475+0800][55730.449s] GC(60) Using 13 workers of 13 for evacuation
[2024-04-08T17:07:47.477+0800][55730.451s] GC(60)   Pre Evacuate Collection Set: 0.2ms
[2024-04-08T17:07:47.477+0800][55730.452s] GC(60)   Merge Heap Roots: 0.2ms
[2024-04-08T17:07:47.477+0800][55730.452s] GC(60)   Evacuate Collection Set: 1.3ms
[2024-04-08T17:07:47.477+0800][55730.452s] GC(60)   Post Evacuate Collection Set: 0.5ms
[2024-04-08T17:07:47.477+0800][55730.452s] GC(60)   Other: 0.1ms
[2024-04-08T17:07:47.477+0800][55730.452s] GC(60) Eden regions: 305->0(305)
[2024-04-08T17:07:47.477+0800][55730.452s] GC(60) Survivor regions: 2->2(39)
[2024-04-08T17:07:47.477+0800][55730.452s] GC(60) Old regions: 45->45
[2024-04-08T17:07:47.477+0800][55730.452s] GC(60) Humongous regions: 4->4
[2024-04-08T17:07:47.477+0800][55730.452s] GC(60) Metaspace: 67293K(67968K)->67293K(67968K) NonClass: 59692K(60032K)->59692K(60032K) Class: 7600K(7936K)->7600K(7936K)
[2024-04-08T17:07:47.477+0800][55730.452s] GC(60) Pause Young (Normal) (G1 Evacuation Pause) 354M->49M(512M) 2.396ms
[2024-04-08T17:07:47.477+0800][55730.452s] GC(60) User=0.00s Sys=0.00s Real=0.00s
[2024-04-08T17:07:48.850+0800][55731.824s] GC(61) Pause Young (Normal) (G1 Evacuation Pause)
[2024-04-08T17:07:48.850+0800][55731.824s] GC(61) Using 13 workers of 13 for evacuation
[2024-04-08T17:07:48.853+0800][55731.827s] GC(61)   Pre Evacuate Collection Set: 0.2ms
[2024-04-08T17:07:48.853+0800][55731.827s] GC(61)   Merge Heap Roots: 0.1ms
[2024-04-08T17:07:48.853+0800][55731.827s] GC(61)   Evacuate Collection Set: 1.6ms
[2024-04-08T17:07:48.853+0800][55731.827s] GC(61)   Post Evacuate Collection Set: 0.6ms
[2024-04-08T17:07:48.853+0800][55731.827s] GC(61)   Other: 0.1ms
[2024-04-08T17:07:48.853+0800][55731.827s] GC(61) Eden regions: 305->0(304)
[2024-04-08T17:07:48.853+0800][55731.827s] GC(61) Survivor regions: 2->3(39)
[2024-04-08T17:07:48.853+0800][55731.827s] GC(61) Old regions: 45->45
[2024-04-08T17:07:48.853+0800][55731.827s] GC(61) Humongous regions: 4->4
[2024-04-08T17:07:48.853+0800][55731.827s] GC(61) Metaspace: 67295K(67968K)->67295K(67968K) NonClass: 59695K(60032K)->59695K(60032K) Class: 7600K(7936K)->7600K(7936K)
[2024-04-08T17:07:48.853+0800][55731.827s] GC(61) Pause Young (Normal) (G1 Evacuation Pause) 354M->50M(512M) 2.792ms
[2024-04-08T17:07:48.853+0800][55731.827s] GC(61) User=0.00s Sys=0.00s Real=0.00s
[2024-04-08T17:07:50.233+0800][55733.208s] GC(62) Pause Young (Normal) (G1 Evacuation Pause)
[2024-04-08T17:07:50.233+0800][55733.208s] GC(62) Using 13 workers of 13 for evacuation
[2024-04-08T17:07:50.235+0800][55733.209s] GC(62)   Pre Evacuate Collection Set: 0.1ms
[2024-04-08T17:07:50.235+0800][55733.209s] GC(62)   Merge Heap Roots: 0.1ms
[2024-04-08T17:07:50.235+0800][55733.209s] GC(62)   Evacuate Collection Set: 1.0ms
[2024-04-08T17:07:50.235+0800][55733.210s] GC(62)   Post Evacuate Collection Set: 0.4ms
[2024-04-08T17:07:50.235+0800][55733.210s] GC(62)   Other: 0.1ms
[2024-04-08T17:07:50.235+0800][55733.210s] GC(62) Eden regions: 304->0(305)
[2024-04-08T17:07:50.235+0800][55733.210s] GC(62) Survivor regions: 3->2(39)
[2024-04-08T17:07:50.235+0800][55733.210s] GC(62) Old regions: 45->45
[2024-04-08T17:07:50.235+0800][55733.210s] GC(62) Humongous regions: 4->4
[2024-04-08T17:07:50.235+0800][55733.210s] GC(62) Metaspace: 67295K(67968K)->67295K(67968K) NonClass: 59695K(60032K)->59695K(60032K) Class: 7600K(7936K)->7600K(7936K)
[2024-04-08T17:07:50.235+0800][55733.210s] GC(62) Pause Young (Normal) (G1 Evacuation Pause) 354M->49M(512M) 1.918ms
[2024-04-08T17:07:50.235+0800][55733.210s] GC(62) User=0.00s Sys=0.00s Real=0.00s
[2024-04-08T17:07:51.628+0800][55734.602s] GC(63) Pause Young (Normal) (G1 Evacuation Pause)
[2024-04-08T17:07:51.628+0800][55734.602s] GC(63) Using 13 workers of 13 for evacuation
[2024-04-08T17:07:51.630+0800][55734.604s] GC(63)   Pre Evacuate Collection Set: 0.2ms
[2024-04-08T17:07:51.630+0800][55734.604s] GC(63)   Merge Heap Roots: 0.2ms
[2024-04-08T17:07:51.630+0800][55734.604s] GC(63)   Evacuate Collection Set: 1.1ms
[2024-04-08T17:07:51.630+0800][55734.604s] GC(63)   Post Evacuate Collection Set: 0.5ms
[2024-04-08T17:07:51.630+0800][55734.604s] GC(63)   Other: 0.1ms
[2024-04-08T17:07:51.630+0800][55734.604s] GC(63) Eden regions: 305->0(305)
[2024-04-08T17:07:51.630+0800][55734.604s] GC(63) Survivor regions: 2->2(39)
[2024-04-08T17:07:51.630+0800][55734.604s] GC(63) Old regions: 45->45
[2024-04-08T17:07:51.630+0800][55734.604s] GC(63) Humongous regions: 4->4
[2024-04-08T17:07:51.630+0800][55734.604s] GC(63) Metaspace: 67296K(67968K)->67296K(67968K) NonClass: 59695K(60032K)->59695K(60032K) Class: 7600K(7936K)->7600K(7936K)
[2024-04-08T17:07:51.630+0800][55734.604s] GC(63) Pause Young (Normal) (G1 Evacuation Pause) 354M->50M(512M) 2.422ms
[2024-04-08T17:07:51.630+0800][55734.604s] GC(63) User=0.00s Sys=0.00s Real=0.00s
[2024-04-08T17:07:53.082+0800][55736.056s] GC(64) Pause Young (Normal) (G1 Evacuation Pause)
[2024-04-08T17:07:53.082+0800][55736.056s] GC(64) Using 13 workers of 13 for evacuation
[2024-04-08T17:07:53.084+0800][55736.058s] GC(64)   Pre Evacuate Collection Set: 0.2ms
[2024-04-08T17:07:53.084+0800][55736.058s] GC(64)   Merge Heap Roots: 0.1ms
[2024-04-08T17:07:53.084+0800][55736.058s] GC(64)   Evacuate Collection Set: 1.2ms
[2024-04-08T17:07:53.084+0800][55736.058s] GC(64)   Post Evacuate Collection Set: 0.5ms
[2024-04-08T17:07:53.084+0800][55736.058s] GC(64)   Other: 0.1ms
[2024-04-08T17:07:53.084+0800][55736.058s] GC(64) Eden regions: 305->0(305)
[2024-04-08T17:07:53.084+0800][55736.058s] GC(64) Survivor regions: 2->2(39)
[2024-04-08T17:07:53.084+0800][55736.058s] GC(64) Old regions: 45->45
[2024-04-08T17:07:53.084+0800][55736.058s] GC(64) Humongous regions: 4->4
[2024-04-08T17:07:53.084+0800][55736.058s] GC(64) Metaspace: 67296K(67968K)->67296K(67968K) NonClass: 59696K(60032K)->59696K(60032K) Class: 7600K(7936K)->7600K(7936K)
[2024-04-08T17:07:53.084+0800][55736.058s] GC(64) Pause Young (Normal) (G1 Evacuation Pause) 355M->49M(512M) 2.284ms
[2024-04-08T17:07:53.084+0800][55736.058s] GC(64) User=0.00s Sys=0.00s Real=0.00s
[2024-04-08T17:07:54.471+0800][55737.445s] GC(65) Pause Young (Normal) (G1 Evacuation Pause)
[2024-04-08T17:07:54.471+0800][55737.445s] GC(65) Using 13 workers of 13 for evacuation
[2024-04-08T17:07:54.473+0800][55737.447s] GC(65)   Pre Evacuate Collection Set: 0.2ms
[2024-04-08T17:07:54.473+0800][55737.447s] GC(65)   Merge Heap Roots: 0.2ms
[2024-04-08T17:07:54.473+0800][55737.447s] GC(65)   Evacuate Collection Set: 1.3ms
[2024-04-08T17:07:54.473+0800][55737.447s] GC(65)   Post Evacuate Collection Set: 0.6ms
[2024-04-08T17:07:54.473+0800][55737.447s] GC(65)   Other: 0.1ms
[2024-04-08T17:07:54.473+0800][55737.447s] GC(65) Eden regions: 305->0(305)
[2024-04-08T17:07:54.473+0800][55737.447s] GC(65) Survivor regions: 2->2(39)
[2024-04-08T17:07:54.473+0800][55737.447s] GC(65) Old regions: 45->45
[2024-04-08T17:07:54.473+0800][55737.447s] GC(65) Humongous regions: 4->4
[2024-04-08T17:07:54.473+0800][55737.447s] GC(65) Metaspace: 67296K(67968K)->67296K(67968K) NonClass: 59696K(60032K)->59696K(60032K) Class: 7600K(7936K)->7600K(7936K)
[2024-04-08T17:07:54.473+0800][55737.447s] GC(65) Pause Young (Normal) (G1 Evacuation Pause) 354M->50M(512M) 2.455ms
[2024-04-08T17:07:54.473+0800][55737.447s] GC(65) User=0.00s Sys=0.00s Real=0.00s
[2024-04-08T17:07:55.877+0800][55738.851s] GC(66) Pause Young (Normal) (G1 Evacuation Pause)
[2024-04-08T17:07:55.877+0800][55738.851s] GC(66) Using 13 workers of 13 for evacuation
[2024-04-08T17:07:55.880+0800][55738.854s] GC(66)   Pre Evacuate Collection Set: 0.3ms
[2024-04-08T17:07:55.880+0800][55738.854s] GC(66)   Merge Heap Roots: 0.9ms
[2024-04-08T17:07:55.880+0800][55738.855s] GC(66)   Evacuate Collection Set: 1.3ms
[2024-04-08T17:07:55.880+0800][55738.855s] GC(66)   Post Evacuate Collection Set: 0.6ms
[2024-04-08T17:07:55.880+0800][55738.855s] GC(66)   Other: 0.1ms
[2024-04-08T17:07:55.880+0800][55738.855s] GC(66) Eden regions: 305->0(305)
[2024-04-08T17:07:55.880+0800][55738.855s] GC(66) Survivor regions: 2->2(39)
[2024-04-08T17:07:55.880+0800][55738.855s] GC(66) Old regions: 45->45
[2024-04-08T17:07:55.880+0800][55738.855s] GC(66) Humongous regions: 4->4
[2024-04-08T17:07:55.880+0800][55738.855s] GC(66) Metaspace: 67301K(68032K)->67301K(68032K) NonClass: 59700K(60096K)->59700K(60096K) Class: 7601K(7936K)->7601K(7936K)
[2024-04-08T17:07:55.880+0800][55738.855s] GC(66) Pause Young (Normal) (G1 Evacuation Pause) 355M->49M(512M) 3.380ms
[2024-04-08T17:07:55.880+0800][55738.855s] GC(66) User=0.00s Sys=0.00s Real=0.00s
[2024-04-08T17:07:57.279+0800][55740.254s] GC(67) Pause Young (Normal) (G1 Evacuation Pause)
[2024-04-08T17:07:57.279+0800][55740.254s] GC(67) Using 13 workers of 13 for evacuation
[2024-04-08T17:07:57.282+0800][55740.256s] GC(67)   Pre Evacuate Collection Set: 0.2ms
[2024-04-08T17:07:57.282+0800][55740.256s] GC(67)   Merge Heap Roots: 0.1ms
[2024-04-08T17:07:57.282+0800][55740.256s] GC(67)   Evacuate Collection Set: 1.4ms
[2024-04-08T17:07:57.282+0800][55740.256s] GC(67)   Post Evacuate Collection Set: 0.6ms
[2024-04-08T17:07:57.282+0800][55740.256s] GC(67)   Other: 0.1ms
[2024-04-08T17:07:57.282+0800][55740.256s] GC(67) Eden regions: 305->0(305)
[2024-04-08T17:07:57.282+0800][55740.256s] GC(67) Survivor regions: 2->2(39)
[2024-04-08T17:07:57.282+0800][55740.256s] GC(67) Old regions: 45->45
[2024-04-08T17:07:57.282+0800][55740.256s] GC(67) Humongous regions: 4->4
[2024-04-08T17:07:57.282+0800][55740.256s] GC(67) Metaspace: 67302K(68032K)->67302K(68032K) NonClass: 59701K(60096K)->59701K(60096K) Class: 7601K(7936K)->7601K(7936K)
[2024-04-08T17:07:57.282+0800][55740.256s] GC(67) Pause Young (Normal) (G1 Evacuation Pause) 354M->49M(512M) 2.674ms
[2024-04-08T17:07:57.282+0800][55740.256s] GC(67) User=0.00s Sys=0.00s Real=0.00s
[2024-04-08T17:07:58.663+0800][55741.638s] GC(68) Pause Young (Normal) (G1 Evacuation Pause)
[2024-04-08T17:07:58.663+0800][55741.638s] GC(68) Using 13 workers of 13 for evacuation
[2024-04-08T17:07:58.665+0800][55741.640s] GC(68)   Pre Evacuate Collection Set: 0.2ms
[2024-04-08T17:07:58.665+0800][55741.640s] GC(68)   Merge Heap Roots: 0.2ms
[2024-04-08T17:07:58.665+0800][55741.640s] GC(68)   Evacuate Collection Set: 1.4ms
[2024-04-08T17:07:58.665+0800][55741.640s] GC(68)   Post Evacuate Collection Set: 0.5ms
[2024-04-08T17:07:58.665+0800][55741.640s] GC(68)   Other: 0.1ms
[2024-04-08T17:07:58.665+0800][55741.640s] GC(68) Eden regions: 305->0(304)
[2024-04-08T17:07:58.665+0800][55741.640s] GC(68) Survivor regions: 2->3(39)
[2024-04-08T17:07:58.666+0800][55741.640s] GC(68) Old regions: 45->45
[2024-04-08T17:07:58.666+0800][55741.640s] GC(68) Humongous regions: 4->4
[2024-04-08T17:07:58.666+0800][55741.640s] GC(68) Metaspace: 67310K(68032K)->67310K(68032K) NonClass: 59708K(60096K)->59708K(60096K) Class: 7601K(7936K)->7601K(7936K)
[2024-04-08T17:07:58.666+0800][55741.640s] GC(68) Pause Young (Normal) (G1 Evacuation Pause) 354M->50M(512M) 2.566ms
[2024-04-08T17:07:58.666+0800][55741.640s] GC(68) User=0.00s Sys=0.02s Real=0.00s
[2024-04-08T17:07:59.986+0800][55742.961s] GC(69) Pause Young (Normal) (G1 Evacuation Pause)
[2024-04-08T17:07:59.987+0800][55742.961s] GC(69) Using 13 workers of 13 for evacuation
[2024-04-08T17:07:59.989+0800][55742.964s] GC(69)   Pre Evacuate Collection Set: 0.2ms
[2024-04-08T17:07:59.989+0800][55742.964s] GC(69)   Merge Heap Roots: 0.2ms
[2024-04-08T17:07:59.989+0800][55742.964s] GC(69)   Evacuate Collection Set: 1.6ms
[2024-04-08T17:07:59.989+0800][55742.964s] GC(69)   Post Evacuate Collection Set: 0.7ms
[2024-04-08T17:07:59.989+0800][55742.964s] GC(69)   Other: 0.1ms
[2024-04-08T17:07:59.989+0800][55742.964s] GC(69) Eden regions: 304->0(305)
[2024-04-08T17:07:59.989+0800][55742.964s] GC(69) Survivor regions: 3->2(39)
[2024-04-08T17:07:59.989+0800][55742.964s] GC(69) Old regions: 45->45
[2024-04-08T17:07:59.990+0800][55742.964s] GC(69) Humongous regions: 4->4
[2024-04-08T17:07:59.990+0800][55742.964s] GC(69) Metaspace: 67310K(68032K)->67310K(68032K) NonClass: 59709K(60096K)->59709K(60096K) Class: 7601K(7936K)->7601K(7936K)
[2024-04-08T17:07:59.990+0800][55742.964s] GC(69) Pause Young (Normal) (G1 Evacuation Pause) 354M->50M(512M) 3.084ms
[2024-04-08T17:07:59.990+0800][55742.964s] GC(69) User=0.00s Sys=0.00s Real=0.00s
[2024-04-08T17:08:01.444+0800][55744.419s] GC(70) Pause Young (Normal) (G1 Evacuation Pause)
[2024-04-08T17:08:01.444+0800][55744.419s] GC(70) Using 13 workers of 13 for evacuation
[2024-04-08T17:08:01.446+0800][55744.421s] GC(70)   Pre Evacuate Collection Set: 0.2ms
[2024-04-08T17:08:01.447+0800][55744.421s] GC(70)   Merge Heap Roots: 0.2ms
[2024-04-08T17:08:01.447+0800][55744.421s] GC(70)   Evacuate Collection Set: 1.4ms
[2024-04-08T17:08:01.447+0800][55744.421s] GC(70)   Post Evacuate Collection Set: 0.7ms
[2024-04-08T17:08:01.447+0800][55744.421s] GC(70)   Other: 0.1ms
[2024-04-08T17:08:01.447+0800][55744.421s] GC(70) Eden regions: 305->0(305)
[2024-04-08T17:08:01.447+0800][55744.421s] GC(70) Survivor regions: 2->2(39)
[2024-04-08T17:08:01.447+0800][55744.421s] GC(70) Old regions: 45->45
[2024-04-08T17:08:01.447+0800][55744.421s] GC(70) Humongous regions: 4->4
[2024-04-08T17:08:01.447+0800][55744.421s] GC(70) Metaspace: 67310K(68032K)->67310K(68032K) NonClass: 59709K(60096K)->59709K(60096K) Class: 7601K(7936K)->7601K(7936K)
[2024-04-08T17:08:01.447+0800][55744.421s] GC(70) Pause Young (Normal) (G1 Evacuation Pause) 355M->49M(512M) 2.770ms
[2024-04-08T17:08:01.447+0800][55744.421s] GC(70) User=0.00s Sys=0.02s Real=0.00s
[2024-04-08T17:08:02.819+0800][55745.794s] GC(71) Pause Young (Normal) (G1 Evacuation Pause)
[2024-04-08T17:08:02.819+0800][55745.794s] GC(71) Using 13 workers of 13 for evacuation
[2024-04-08T17:08:02.821+0800][55745.796s] GC(71)   Pre Evacuate Collection Set: 0.2ms
[2024-04-08T17:08:02.821+0800][55745.796s] GC(71)   Merge Heap Roots: 0.1ms
[2024-04-08T17:08:02.821+0800][55745.796s] GC(71)   Evacuate Collection Set: 0.8ms
[2024-04-08T17:08:02.821+0800][55745.796s] GC(71)   Post Evacuate Collection Set: 0.6ms
[2024-04-08T17:08:02.821+0800][55745.796s] GC(71)   Other: 0.1ms
[2024-04-08T17:08:02.821+0800][55745.796s] GC(71) Eden regions: 305->0(305)
[2024-04-08T17:08:02.821+0800][55745.796s] GC(71) Survivor regions: 2->2(39)
[2024-04-08T17:08:02.821+0800][55745.796s] GC(71) Old regions: 45->45
[2024-04-08T17:08:02.821+0800][55745.796s] GC(71) Humongous regions: 4->4
[2024-04-08T17:08:02.821+0800][55745.796s] GC(71) Metaspace: 67310K(68032K)->67310K(68032K) NonClass: 59709K(60096K)->59709K(60096K) Class: 7601K(7936K)->7601K(7936K)
[2024-04-08T17:08:02.821+0800][55745.796s] GC(71) Pause Young (Normal) (G1 Evacuation Pause) 354M->50M(512M) 2.028ms
[2024-04-08T17:08:02.821+0800][55745.796s] GC(71) User=0.00s Sys=0.00s Real=0.00s
[2024-04-08T17:08:04.189+0800][55747.163s] GC(72) Pause Young (Normal) (G1 Evacuation Pause)
[2024-04-08T17:08:04.189+0800][55747.163s] GC(72) Using 13 workers of 13 for evacuation
[2024-04-08T17:08:04.191+0800][55747.165s] GC(72)   Pre Evacuate Collection Set: 0.2ms
[2024-04-08T17:08:04.191+0800][55747.165s] GC(72)   Merge Heap Roots: 0.2ms
[2024-04-08T17:08:04.191+0800][55747.165s] GC(72)   Evacuate Collection Set: 1.3ms
[2024-04-08T17:08:04.191+0800][55747.165s] GC(72)   Post Evacuate Collection Set: 0.7ms
[2024-04-08T17:08:04.191+0800][55747.166s] GC(72)   Other: 0.1ms
[2024-04-08T17:08:04.191+0800][55747.166s] GC(72) Eden regions: 305->0(305)
[2024-04-08T17:08:04.191+0800][55747.166s] GC(72) Survivor regions: 2->2(39)
[2024-04-08T17:08:04.191+0800][55747.166s] GC(72) Old regions: 45->45
[2024-04-08T17:08:04.191+0800][55747.166s] GC(72) Humongous regions: 4->4
[2024-04-08T17:08:04.191+0800][55747.166s] GC(72) Metaspace: 67311K(68032K)->67311K(68032K) NonClass: 59710K(60096K)->59710K(60096K) Class: 7601K(7936K)->7601K(7936K)
[2024-04-08T17:08:04.191+0800][55747.166s] GC(72) Pause Young (Normal) (G1 Evacuation Pause) 355M->49M(512M) 2.625ms
[2024-04-08T17:08:04.191+0800][55747.166s] GC(72) User=0.00s Sys=0.00s Real=0.00s
[2024-04-08T17:08:05.579+0800][55748.553s] GC(73) Pause Young (Normal) (G1 Evacuation Pause)
[2024-04-08T17:08:05.579+0800][55748.553s] GC(73) Using 13 workers of 13 for evacuation
[2024-04-08T17:08:05.581+0800][55748.555s] GC(73)   Pre Evacuate Collection Set: 0.2ms
[2024-04-08T17:08:05.581+0800][55748.555s] GC(73)   Merge Heap Roots: 0.1ms
[2024-04-08T17:08:05.581+0800][55748.555s] GC(73)   Evacuate Collection Set: 1.2ms
[2024-04-08T17:08:05.581+0800][55748.555s] GC(73)   Post Evacuate Collection Set: 0.5ms
[2024-04-08T17:08:05.581+0800][55748.555s] GC(73)   Other: 0.1ms
[2024-04-08T17:08:05.581+0800][55748.555s] GC(73) Eden regions: 305->0(305)
[2024-04-08T17:08:05.581+0800][55748.555s] GC(73) Survivor regions: 2->2(39)
[2024-04-08T17:08:05.581+0800][55748.555s] GC(73) Old regions: 45->45
[2024-04-08T17:08:05.581+0800][55748.555s] GC(73) Humongous regions: 4->4
[2024-04-08T17:08:05.581+0800][55748.555s] GC(73) Metaspace: 67311K(68032K)->67311K(68032K) NonClass: 59710K(60096K)->59710K(60096K) Class: 7601K(7936K)->7601K(7936K)
[2024-04-08T17:08:05.581+0800][55748.555s] GC(73) Pause Young (Normal) (G1 Evacuation Pause) 354M->49M(512M) 2.279ms
[2024-04-08T17:08:05.581+0800][55748.555s] GC(73) User=0.00s Sys=0.00s Real=0.00s
[2024-04-08T17:08:06.900+0800][55749.875s] GC(74) Pause Young (Normal) (G1 Evacuation Pause)
[2024-04-08T17:08:06.901+0800][55749.875s] GC(74) Using 13 workers of 13 for evacuation
[2024-04-08T17:08:06.903+0800][55749.877s] GC(74)   Pre Evacuate Collection Set: 0.2ms
[2024-04-08T17:08:06.903+0800][55749.877s] GC(74)   Merge Heap Roots: 0.1ms
[2024-04-08T17:08:06.903+0800][55749.877s] GC(74)   Evacuate Collection Set: 1.4ms
[2024-04-08T17:08:06.903+0800][55749.877s] GC(74)   Post Evacuate Collection Set: 0.5ms
[2024-04-08T17:08:06.903+0800][55749.877s] GC(74)   Other: 0.1ms
[2024-04-08T17:08:06.903+0800][55749.877s] GC(74) Eden regions: 305->0(305)
[2024-04-08T17:08:06.903+0800][55749.877s] GC(74) Survivor regions: 2->2(39)
[2024-04-08T17:08:06.903+0800][55749.877s] GC(74) Old regions: 45->45
[2024-04-08T17:08:06.903+0800][55749.877s] GC(74) Humongous regions: 4->4
[2024-04-08T17:08:06.903+0800][55749.877s] GC(74) Metaspace: 67332K(68032K)->67332K(68032K) NonClass: 59731K(60096K)->59731K(60096K) Class: 7601K(7936K)->7601K(7936K)
[2024-04-08T17:08:06.903+0800][55749.877s] GC(74) Pause Young (Normal) (G1 Evacuation Pause) 354M->49M(512M) 2.553ms
[2024-04-08T17:08:06.903+0800][55749.878s] GC(74) User=0.00s Sys=0.00s Real=0.00s
[2024-04-08T17:08:08.265+0800][55751.239s] GC(75) Pause Young (Normal) (G1 Evacuation Pause)
[2024-04-08T17:08:08.265+0800][55751.240s] GC(75) Using 13 workers of 13 for evacuation
[2024-04-08T17:08:08.267+0800][55751.242s] GC(75)   Pre Evacuate Collection Set: 0.2ms
[2024-04-08T17:08:08.267+0800][55751.242s] GC(75)   Merge Heap Roots: 0.1ms
[2024-04-08T17:08:08.268+0800][55751.242s] GC(75)   Evacuate Collection Set: 1.5ms
[2024-04-08T17:08:08.268+0800][55751.242s] GC(75)   Post Evacuate Collection Set: 0.7ms
[2024-04-08T17:08:08.268+0800][55751.242s] GC(75)   Other: 0.1ms
[2024-04-08T17:08:08.268+0800][55751.242s] GC(75) Eden regions: 305->0(305)
[2024-04-08T17:08:08.268+0800][55751.242s] GC(75) Survivor regions: 2->2(39)
[2024-04-08T17:08:08.268+0800][55751.242s] GC(75) Old regions: 45->45
[2024-04-08T17:08:08.268+0800][55751.242s] GC(75) Humongous regions: 4->4
[2024-04-08T17:08:08.268+0800][55751.242s] GC(75) Metaspace: 67333K(68032K)->67333K(68032K) NonClass: 59732K(60096K)->59732K(60096K) Class: 7601K(7936K)->7601K(7936K)
[2024-04-08T17:08:08.268+0800][55751.242s] GC(75) Pause Young (Normal) (G1 Evacuation Pause) 354M->50M(512M) 2.893ms
[2024-04-08T17:08:08.268+0800][55751.242s] GC(75) User=0.00s Sys=0.00s Real=0.00s
[2024-04-08T17:08:09.646+0800][55752.620s] GC(76) Pause Young (Normal) (G1 Evacuation Pause)
[2024-04-08T17:08:09.646+0800][55752.620s] GC(76) Using 13 workers of 13 for evacuation
[2024-04-08T17:08:09.648+0800][55752.622s] GC(76)   Pre Evacuate Collection Set: 0.3ms
[2024-04-08T17:08:09.648+0800][55752.622s] GC(76)   Merge Heap Roots: 0.1ms
[2024-04-08T17:08:09.648+0800][55752.622s] GC(76)   Evacuate Collection Set: 1.3ms
[2024-04-08T17:08:09.648+0800][55752.622s] GC(76)   Post Evacuate Collection Set: 0.6ms
[2024-04-08T17:08:09.648+0800][55752.622s] GC(76)   Other: 0.1ms
[2024-04-08T17:08:09.648+0800][55752.622s] GC(76) Eden regions: 305->0(305)
[2024-04-08T17:08:09.648+0800][55752.622s] GC(76) Survivor regions: 2->2(39)
[2024-04-08T17:08:09.648+0800][55752.622s] GC(76) Old regions: 45->45
[2024-04-08T17:08:09.648+0800][55752.622s] GC(76) Humongous regions: 4->4
[2024-04-08T17:08:09.648+0800][55752.622s] GC(76) Metaspace: 67333K(68032K)->67333K(68032K) NonClass: 59732K(60096K)->59732K(60096K) Class: 7601K(7936K)->7601K(7936K)
[2024-04-08T17:08:09.648+0800][55752.622s] GC(76) Pause Young (Normal) (G1 Evacuation Pause) 355M->50M(512M) 2.479ms
[2024-04-08T17:08:09.648+0800][55752.623s] GC(76) User=0.00s Sys=0.00s Real=0.00s
[2024-04-08T17:08:11.028+0800][55754.002s] GC(77) Pause Young (Normal) (G1 Evacuation Pause)
[2024-04-08T17:08:11.028+0800][55754.002s] GC(77) Using 13 workers of 13 for evacuation
[2024-04-08T17:08:11.030+0800][55754.004s] GC(77)   Pre Evacuate Collection Set: 0.1ms
[2024-04-08T17:08:11.030+0800][55754.004s] GC(77)   Merge Heap Roots: 0.1ms
[2024-04-08T17:08:11.030+0800][55754.004s] GC(77)   Evacuate Collection Set: 1.1ms
[2024-04-08T17:08:11.030+0800][55754.004s] GC(77)   Post Evacuate Collection Set: 0.3ms
[2024-04-08T17:08:11.030+0800][55754.004s] GC(77)   Other: 0.1ms
[2024-04-08T17:08:11.030+0800][55754.004s] GC(77) Eden regions: 305->0(305)
[2024-04-08T17:08:11.030+0800][55754.004s] GC(77) Survivor regions: 2->2(39)
[2024-04-08T17:08:11.030+0800][55754.004s] GC(77) Old regions: 45->45
[2024-04-08T17:08:11.030+0800][55754.004s] GC(77) Humongous regions: 4->4
[2024-04-08T17:08:11.030+0800][55754.004s] GC(77) Metaspace: 67342K(68032K)->67342K(68032K) NonClass: 59741K(60096K)->59741K(60096K) Class: 7601K(7936K)->7601K(7936K)
[2024-04-08T17:08:11.030+0800][55754.004s] GC(77) Pause Young (Normal) (G1 Evacuation Pause) 355M->50M(512M) 1.940ms
[2024-04-08T17:08:11.030+0800][55754.004s] GC(77) User=0.00s Sys=0.00s Real=0.00s
[2024-04-08T17:08:12.411+0800][55755.385s] GC(78) Pause Young (Normal) (G1 Evacuation Pause)
[2024-04-08T17:08:12.411+0800][55755.385s] GC(78) Using 13 workers of 13 for evacuation
[2024-04-08T17:08:12.413+0800][55755.387s] GC(78)   Pre Evacuate Collection Set: 0.2ms
[2024-04-08T17:08:12.413+0800][55755.387s] GC(78)   Merge Heap Roots: 0.1ms
[2024-04-08T17:08:12.413+0800][55755.388s] GC(78)   Evacuate Collection Set: 1.1ms
[2024-04-08T17:08:12.413+0800][55755.388s] GC(78)   Post Evacuate Collection Set: 0.5ms
[2024-04-08T17:08:12.413+0800][55755.388s] GC(78)   Other: 0.1ms
[2024-04-08T17:08:12.413+0800][55755.388s] GC(78) Eden regions: 305->0(305)
[2024-04-08T17:08:12.413+0800][55755.388s] GC(78) Survivor regions: 2->2(39)
[2024-04-08T17:08:12.413+0800][55755.388s] GC(78) Old regions: 45->45
[2024-04-08T17:08:12.413+0800][55755.388s] GC(78) Humongous regions: 4->4
[2024-04-08T17:08:12.413+0800][55755.388s] GC(78) Metaspace: 67342K(68032K)->67342K(68032K) NonClass: 59741K(60096K)->59741K(60096K) Class: 7601K(7936K)->7601K(7936K)
[2024-04-08T17:08:12.413+0800][55755.388s] GC(78) Pause Young (Normal) (G1 Evacuation Pause) 355M->50M(512M) 2.194ms
[2024-04-08T17:08:12.413+0800][55755.388s] GC(78) User=0.00s Sys=0.00s Real=0.00s
[2024-04-08T17:08:13.756+0800][55756.731s] GC(79) Pause Young (Normal) (G1 Evacuation Pause)
[2024-04-08T17:08:13.756+0800][55756.731s] GC(79) Using 13 workers of 13 for evacuation
[2024-04-08T17:08:13.758+0800][55756.732s] GC(79)   Pre Evacuate Collection Set: 0.1ms
[2024-04-08T17:08:13.758+0800][55756.732s] GC(79)   Merge Heap Roots: 0.1ms
[2024-04-08T17:08:13.758+0800][55756.732s] GC(79)   Evacuate Collection Set: 0.9ms
[2024-04-08T17:08:13.758+0800][55756.732s] GC(79)   Post Evacuate Collection Set: 0.4ms
[2024-04-08T17:08:13.758+0800][55756.732s] GC(79)   Other: 0.1ms
[2024-04-08T17:08:13.758+0800][55756.732s] GC(79) Eden regions: 305->0(305)
[2024-04-08T17:08:13.758+0800][55756.732s] GC(79) Survivor regions: 2->2(39)
[2024-04-08T17:08:13.758+0800][55756.732s] GC(79) Old regions: 45->45
[2024-04-08T17:08:13.758+0800][55756.732s] GC(79) Humongous regions: 4->4
[2024-04-08T17:08:13.758+0800][55756.732s] GC(79) Metaspace: 67343K(68032K)->67343K(68032K) NonClass: 59742K(60096K)->59742K(60096K) Class: 7601K(7936K)->7601K(7936K)
[2024-04-08T17:08:13.758+0800][55756.732s] GC(79) Pause Young (Normal) (G1 Evacuation Pause) 355M->50M(512M) 1.836ms
[2024-04-08T17:08:13.758+0800][55756.732s] GC(79) User=0.00s Sys=0.00s Real=0.00s
[2024-04-08T17:08:15.144+0800][55758.118s] GC(80) Pause Young (Normal) (G1 Evacuation Pause)
[2024-04-08T17:08:15.144+0800][55758.118s] GC(80) Using 13 workers of 13 for evacuation
[2024-04-08T17:08:15.146+0800][55758.121s] GC(80)   Pre Evacuate Collection Set: 0.2ms
[2024-04-08T17:08:15.146+0800][55758.121s] GC(80)   Merge Heap Roots: 0.1ms
[2024-04-08T17:08:15.146+0800][55758.121s] GC(80)   Evacuate Collection Set: 1.3ms
[2024-04-08T17:08:15.146+0800][55758.121s] GC(80)   Post Evacuate Collection Set: 0.6ms
[2024-04-08T17:08:15.146+0800][55758.121s] GC(80)   Other: 0.1ms
[2024-04-08T17:08:15.146+0800][55758.121s] GC(80) Eden regions: 305->0(305)
[2024-04-08T17:08:15.146+0800][55758.121s] GC(80) Survivor regions: 2->2(39)
[2024-04-08T17:08:15.146+0800][55758.121s] GC(80) Old regions: 45->45
[2024-04-08T17:08:15.146+0800][55758.121s] GC(80) Humongous regions: 4->4
[2024-04-08T17:08:15.146+0800][55758.121s] GC(80) Metaspace: 67343K(68032K)->67343K(68032K) NonClass: 59742K(60096K)->59742K(60096K) Class: 7601K(7936K)->7601K(7936K)
[2024-04-08T17:08:15.146+0800][55758.121s] GC(80) Pause Young (Normal) (G1 Evacuation Pause) 355M->50M(512M) 2.491ms
[2024-04-08T17:08:15.146+0800][55758.121s] GC(80) User=0.00s Sys=0.00s Real=0.00s
[2024-04-08T17:08:16.521+0800][55759.495s] GC(81) Pause Young (Normal) (G1 Evacuation Pause)
[2024-04-08T17:08:16.521+0800][55759.496s] GC(81) Using 13 workers of 13 for evacuation
[2024-04-08T17:08:16.523+0800][55759.498s] GC(81)   Pre Evacuate Collection Set: 0.2ms
[2024-04-08T17:08:16.523+0800][55759.498s] GC(81)   Merge Heap Roots: 0.1ms
[2024-04-08T17:08:16.523+0800][55759.498s] GC(81)   Evacuate Collection Set: 1.3ms
[2024-04-08T17:08:16.523+0800][55759.498s] GC(81)   Post Evacuate Collection Set: 0.7ms
[2024-04-08T17:08:16.523+0800][55759.498s] GC(81)   Other: 0.1ms
[2024-04-08T17:08:16.523+0800][55759.498s] GC(81) Eden regions: 305->0(304)
[2024-04-08T17:08:16.523+0800][55759.498s] GC(81) Survivor regions: 2->3(39)
[2024-04-08T17:08:16.523+0800][55759.498s] GC(81) Old regions: 45->45
[2024-04-08T17:08:16.523+0800][55759.498s] GC(81) Humongous regions: 4->4
[2024-04-08T17:08:16.523+0800][55759.498s] GC(81) Metaspace: 67347K(68032K)->67347K(68032K) NonClass: 59746K(60096K)->59746K(60096K) Class: 7601K(7936K)->7601K(7936K)
[2024-04-08T17:08:16.523+0800][55759.498s] GC(81) Pause Young (Normal) (G1 Evacuation Pause) 355M->51M(512M) 2.661ms
[2024-04-08T17:08:16.523+0800][55759.498s] GC(81) User=0.00s Sys=0.00s Real=0.00s
[2024-04-08T17:08:17.940+0800][55760.915s] GC(82) Pause Young (Normal) (G1 Evacuation Pause)
[2024-04-08T17:08:17.940+0800][55760.915s] GC(82) Using 13 workers of 13 for evacuation
[2024-04-08T17:08:17.943+0800][55760.917s] GC(82)   Pre Evacuate Collection Set: 0.2ms
[2024-04-08T17:08:17.943+0800][55760.917s] GC(82)   Merge Heap Roots: 0.1ms
[2024-04-08T17:08:17.943+0800][55760.917s] GC(82)   Evacuate Collection Set: 1.1ms
[2024-04-08T17:08:17.943+0800][55760.917s] GC(82)   Post Evacuate Collection Set: 0.6ms
[2024-04-08T17:08:17.943+0800][55760.917s] GC(82)   Other: 0.1ms
[2024-04-08T17:08:17.943+0800][55760.918s] GC(82) Eden regions: 304->0(305)
[2024-04-08T17:08:17.943+0800][55760.918s] GC(82) Survivor regions: 3->2(39)
[2024-04-08T17:08:17.943+0800][55760.918s] GC(82) Old regions: 45->45
[2024-04-08T17:08:17.943+0800][55760.918s] GC(82) Humongous regions: 4->4
[2024-04-08T17:08:17.943+0800][55760.918s] GC(82) Metaspace: 67347K(68032K)->67347K(68032K) NonClass: 59746K(60096K)->59746K(60096K) Class: 7601K(7936K)->7601K(7936K)
[2024-04-08T17:08:17.943+0800][55760.918s] GC(82) Pause Young (Normal) (G1 Evacuation Pause) 355M->50M(512M) 2.325ms
[2024-04-08T17:08:17.943+0800][55760.918s] GC(82) User=0.00s Sys=0.00s Real=0.00s
[2024-04-08T17:08:19.361+0800][55762.335s] GC(83) Pause Young (Normal) (G1 Evacuation Pause)
[2024-04-08T17:08:19.361+0800][55762.335s] GC(83) Using 13 workers of 13 for evacuation
[2024-04-08T17:08:19.363+0800][55762.337s] GC(83)   Pre Evacuate Collection Set: 0.1ms
[2024-04-08T17:08:19.363+0800][55762.337s] GC(83)   Merge Heap Roots: 0.1ms
[2024-04-08T17:08:19.363+0800][55762.337s] GC(83)   Evacuate Collection Set: 0.6ms
[2024-04-08T17:08:19.363+0800][55762.337s] GC(83)   Post Evacuate Collection Set: 0.5ms
[2024-04-08T17:08:19.363+0800][55762.337s] GC(83)   Other: 0.1ms
[2024-04-08T17:08:19.363+0800][55762.337s] GC(83) Eden regions: 305->0(305)
[2024-04-08T17:08:19.363+0800][55762.337s] GC(83) Survivor regions: 2->2(39)
[2024-04-08T17:08:19.363+0800][55762.337s] GC(83) Old regions: 45->45
[2024-04-08T17:08:19.363+0800][55762.337s] GC(83) Humongous regions: 4->4
[2024-04-08T17:08:19.363+0800][55762.337s] GC(83) Metaspace: 67347K(68032K)->67347K(68032K) NonClass: 59746K(60096K)->59746K(60096K) Class: 7601K(7936K)->7601K(7936K)
[2024-04-08T17:08:19.363+0800][55762.337s] GC(83) Pause Young (Normal) (G1 Evacuation Pause) 355M->50M(512M) 1.738ms
[2024-04-08T17:08:19.363+0800][55762.337s] GC(83) User=0.00s Sys=0.00s Real=0.00s
[2024-04-08T17:08:20.768+0800][55763.743s] GC(84) Pause Young (Normal) (G1 Evacuation Pause)
[2024-04-08T17:08:20.768+0800][55763.743s] GC(84) Using 13 workers of 13 for evacuation
[2024-04-08T17:08:20.771+0800][55763.745s] GC(84)   Pre Evacuate Collection Set: 0.2ms
[2024-04-08T17:08:20.771+0800][55763.745s] GC(84)   Merge Heap Roots: 0.1ms
[2024-04-08T17:08:20.771+0800][55763.745s] GC(84)   Evacuate Collection Set: 1.2ms
[2024-04-08T17:08:20.771+0800][55763.745s] GC(84)   Post Evacuate Collection Set: 0.5ms
[2024-04-08T17:08:20.771+0800][55763.745s] GC(84)   Other: 0.1ms
[2024-04-08T17:08:20.771+0800][55763.745s] GC(84) Eden regions: 305->0(305)
[2024-04-08T17:08:20.771+0800][55763.745s] GC(84) Survivor regions: 2->2(39)
[2024-04-08T17:08:20.771+0800][55763.745s] GC(84) Old regions: 45->45
[2024-04-08T17:08:20.771+0800][55763.745s] GC(84) Humongous regions: 4->4
[2024-04-08T17:08:20.771+0800][55763.745s] GC(84) Metaspace: 67347K(68032K)->67347K(68032K) NonClass: 59746K(60096K)->59746K(60096K) Class: 7601K(7936K)->7601K(7936K)
[2024-04-08T17:08:20.771+0800][55763.745s] GC(84) Pause Young (Normal) (G1 Evacuation Pause) 355M->50M(512M) 2.412ms
[2024-04-08T17:08:20.771+0800][55763.745s] GC(84) User=0.00s Sys=0.00s Real=0.00s
[2024-04-08T17:08:22.163+0800][55765.138s] GC(85) Pause Young (Normal) (G1 Evacuation Pause)
[2024-04-08T17:08:22.163+0800][55765.138s] GC(85) Using 13 workers of 13 for evacuation
[2024-04-08T17:08:22.165+0800][55765.140s] GC(85)   Pre Evacuate Collection Set: 0.2ms
[2024-04-08T17:08:22.165+0800][55765.140s] GC(85)   Merge Heap Roots: 0.1ms
[2024-04-08T17:08:22.165+0800][55765.140s] GC(85)   Evacuate Collection Set: 1.1ms
[2024-04-08T17:08:22.165+0800][55765.140s] GC(85)   Post Evacuate Collection Set: 0.5ms
[2024-04-08T17:08:22.165+0800][55765.140s] GC(85)   Other: 0.1ms
[2024-04-08T17:08:22.165+0800][55765.140s] GC(85) Eden regions: 305->0(305)
[2024-04-08T17:08:22.165+0800][55765.140s] GC(85) Survivor regions: 2->2(39)
[2024-04-08T17:08:22.165+0800][55765.140s] GC(85) Old regions: 45->45
[2024-04-08T17:08:22.165+0800][55765.140s] GC(85) Humongous regions: 4->4
[2024-04-08T17:08:22.165+0800][55765.140s] GC(85) Metaspace: 67347K(68032K)->67347K(68032K) NonClass: 59746K(60096K)->59746K(60096K) Class: 7601K(7936K)->7601K(7936K)
[2024-04-08T17:08:22.165+0800][55765.140s] GC(85) Pause Young (Normal) (G1 Evacuation Pause) 355M->50M(512M) 2.161ms
[2024-04-08T17:08:22.165+0800][55765.140s] GC(85) User=0.00s Sys=0.00s Real=0.00s
[2024-04-08T17:08:23.532+0800][55766.507s] GC(86) Pause Young (Normal) (G1 Evacuation Pause)
[2024-04-08T17:08:23.532+0800][55766.507s] GC(86) Using 13 workers of 13 for evacuation
[2024-04-08T17:08:23.534+0800][55766.509s] GC(86)   Pre Evacuate Collection Set: 0.2ms
[2024-04-08T17:08:23.534+0800][55766.509s] GC(86)   Merge Heap Roots: 0.2ms
[2024-04-08T17:08:23.534+0800][55766.509s] GC(86)   Evacuate Collection Set: 1.2ms
[2024-04-08T17:08:23.534+0800][55766.509s] GC(86)   Post Evacuate Collection Set: 0.4ms
[2024-04-08T17:08:23.534+0800][55766.509s] GC(86)   Other: 0.1ms
[2024-04-08T17:08:23.534+0800][55766.509s] GC(86) Eden regions: 305->0(305)
[2024-04-08T17:08:23.534+0800][55766.509s] GC(86) Survivor regions: 2->2(39)
[2024-04-08T17:08:23.534+0800][55766.509s] GC(86) Old regions: 45->45
[2024-04-08T17:08:23.534+0800][55766.509s] GC(86) Humongous regions: 4->4
[2024-04-08T17:08:23.534+0800][55766.509s] GC(86) Metaspace: 67348K(68032K)->67348K(68032K) NonClass: 59747K(60096K)->59747K(60096K) Class: 7601K(7936K)->7601K(7936K)
[2024-04-08T17:08:23.534+0800][55766.509s] GC(86) Pause Young (Normal) (G1 Evacuation Pause) 355M->50M(512M) 2.230ms
[2024-04-08T17:08:23.534+0800][55766.509s] GC(86) User=0.00s Sys=0.00s Real=0.00s
[2024-04-08T17:08:24.880+0800][55767.854s] GC(87) Pause Young (Normal) (G1 Evacuation Pause)
[2024-04-08T17:08:24.880+0800][55767.854s] GC(87) Using 13 workers of 13 for evacuation
[2024-04-08T17:08:24.882+0800][55767.856s] GC(87)   Pre Evacuate Collection Set: 0.1ms
[2024-04-08T17:08:24.882+0800][55767.856s] GC(87)   Merge Heap Roots: 0.1ms
[2024-04-08T17:08:24.882+0800][55767.856s] GC(87)   Evacuate Collection Set: 1.2ms
[2024-04-08T17:08:24.882+0800][55767.856s] GC(87)   Post Evacuate Collection Set: 0.4ms
[2024-04-08T17:08:24.882+0800][55767.856s] GC(87)   Other: 0.1ms
[2024-04-08T17:08:24.882+0800][55767.856s] GC(87) Eden regions: 305->0(305)
[2024-04-08T17:08:24.882+0800][55767.856s] GC(87) Survivor regions: 2->2(39)
[2024-04-08T17:08:24.882+0800][55767.856s] GC(87) Old regions: 45->45
[2024-04-08T17:08:24.882+0800][55767.856s] GC(87) Humongous regions: 4->4
[2024-04-08T17:08:24.882+0800][55767.856s] GC(87) Metaspace: 67352K(68032K)->67352K(68032K) NonClass: 59751K(60096K)->59751K(60096K) Class: 7601K(7936K)->7601K(7936K)
[2024-04-08T17:08:24.882+0800][55767.856s] GC(87) Pause Young (Normal) (G1 Evacuation Pause) 355M->50M(512M) 2.112ms
[2024-04-08T17:08:24.882+0800][55767.856s] GC(87) User=0.00s Sys=0.00s Real=0.00s
[2024-04-08T17:08:26.212+0800][55769.187s] GC(88) Pause Young (Normal) (G1 Evacuation Pause)
[2024-04-08T17:08:26.212+0800][55769.187s] GC(88) Using 13 workers of 13 for evacuation
[2024-04-08T17:08:26.215+0800][55769.189s] GC(88)   Pre Evacuate Collection Set: 0.2ms
[2024-04-08T17:08:26.215+0800][55769.189s] GC(88)   Merge Heap Roots: 0.2ms
[2024-04-08T17:08:26.215+0800][55769.189s] GC(88)   Evacuate Collection Set: 1.4ms
[2024-04-08T17:08:26.215+0800][55769.189s] GC(88)   Post Evacuate Collection Set: 0.5ms
[2024-04-08T17:08:26.215+0800][55769.189s] GC(88)   Other: 0.1ms
[2024-04-08T17:08:26.215+0800][55769.189s] GC(88) Eden regions: 305->0(305)
[2024-04-08T17:08:26.215+0800][55769.189s] GC(88) Survivor regions: 2->2(39)
[2024-04-08T17:08:26.215+0800][55769.189s] GC(88) Old regions: 45->45
[2024-04-08T17:08:26.215+0800][55769.189s] GC(88) Humongous regions: 4->4
[2024-04-08T17:08:26.215+0800][55769.189s] GC(88) Metaspace: 67355K(68032K)->67355K(68032K) NonClass: 59754K(60096K)->59754K(60096K) Class: 7601K(7936K)->7601K(7936K)
[2024-04-08T17:08:26.215+0800][55769.189s] GC(88) Pause Young (Normal) (G1 Evacuation Pause) 355M->50M(512M) 2.509ms
[2024-04-08T17:08:26.215+0800][55769.189s] GC(88) User=0.00s Sys=0.00s Real=0.00s
[2024-04-08T17:08:27.574+0800][55770.548s] GC(89) Pause Young (Normal) (G1 Evacuation Pause)
[2024-04-08T17:08:27.574+0800][55770.548s] GC(89) Using 13 workers of 13 for evacuation
[2024-04-08T17:08:27.576+0800][55770.550s] GC(89)   Pre Evacuate Collection Set: 0.2ms
[2024-04-08T17:08:27.576+0800][55770.550s] GC(89)   Merge Heap Roots: 0.1ms
[2024-04-08T17:08:27.576+0800][55770.550s] GC(89)   Evacuate Collection Set: 1.1ms
[2024-04-08T17:08:27.576+0800][55770.550s] GC(89)   Post Evacuate Collection Set: 0.4ms
[2024-04-08T17:08:27.576+0800][55770.550s] GC(89)   Other: 0.1ms
[2024-04-08T17:08:27.576+0800][55770.550s] GC(89) Eden regions: 305->0(305)
[2024-04-08T17:08:27.576+0800][55770.550s] GC(89) Survivor regions: 2->2(39)
[2024-04-08T17:08:27.576+0800][55770.550s] GC(89) Old regions: 45->46
[2024-04-08T17:08:27.576+0800][55770.550s] GC(89) Humongous regions: 4->4
[2024-04-08T17:08:27.576+0800][55770.550s] GC(89) Metaspace: 67355K(68032K)->67355K(68032K) NonClass: 59754K(60096K)->59754K(60096K) Class: 7601K(7936K)->7601K(7936K)
[2024-04-08T17:08:27.576+0800][55770.551s] GC(89) Pause Young (Normal) (G1 Evacuation Pause) 355M->50M(512M) 2.124ms
[2024-04-08T17:08:27.576+0800][55770.551s] GC(89) User=0.00s Sys=0.00s Real=0.00s
[2024-04-08T17:08:28.944+0800][55771.918s] GC(90) Pause Young (Normal) (G1 Evacuation Pause)
[2024-04-08T17:08:28.944+0800][55771.918s] GC(90) Using 13 workers of 13 for evacuation
[2024-04-08T17:08:28.946+0800][55771.920s] GC(90)   Pre Evacuate Collection Set: 0.2ms
[2024-04-08T17:08:28.946+0800][55771.920s] GC(90)   Merge Heap Roots: 0.1ms
[2024-04-08T17:08:28.946+0800][55771.920s] GC(90)   Evacuate Collection Set: 1.5ms
[2024-04-08T17:08:28.946+0800][55771.920s] GC(90)   Post Evacuate Collection Set: 0.5ms
[2024-04-08T17:08:28.946+0800][55771.920s] GC(90)   Other: 0.1ms
[2024-04-08T17:08:28.946+0800][55771.920s] GC(90) Eden regions: 305->0(305)
[2024-04-08T17:08:28.946+0800][55771.920s] GC(90) Survivor regions: 2->2(39)
[2024-04-08T17:08:28.946+0800][55771.920s] GC(90) Old regions: 46->46
[2024-04-08T17:08:28.946+0800][55771.920s] GC(90) Humongous regions: 4->4
[2024-04-08T17:08:28.946+0800][55771.920s] GC(90) Metaspace: 67355K(68032K)->67355K(68032K) NonClass: 59754K(60096K)->59754K(60096K) Class: 7601K(7936K)->7601K(7936K)
[2024-04-08T17:08:28.946+0800][55771.920s] GC(90) Pause Young (Normal) (G1 Evacuation Pause) 355M->50M(512M) 2.604ms
[2024-04-08T17:08:28.946+0800][55771.920s] GC(90) User=0.00s Sys=0.00s Real=0.00s
[2024-04-08T17:08:30.310+0800][55773.285s] GC(91) Pause Young (Normal) (G1 Evacuation Pause)
[2024-04-08T17:08:30.310+0800][55773.285s] GC(91) Using 13 workers of 13 for evacuation
[2024-04-08T17:08:30.312+0800][55773.287s] GC(91)   Pre Evacuate Collection Set: 0.2ms
[2024-04-08T17:08:30.312+0800][55773.287s] GC(91)   Merge Heap Roots: 0.1ms
[2024-04-08T17:08:30.312+0800][55773.287s] GC(91)   Evacuate Collection Set: 1.4ms
[2024-04-08T17:08:30.312+0800][55773.287s] GC(91)   Post Evacuate Collection Set: 0.6ms
[2024-04-08T17:08:30.312+0800][55773.287s] GC(91)   Other: 0.1ms
[2024-04-08T17:08:30.312+0800][55773.287s] GC(91) Eden regions: 305->0(305)
[2024-04-08T17:08:30.312+0800][55773.287s] GC(91) Survivor regions: 2->2(39)
[2024-04-08T17:08:30.313+0800][55773.287s] GC(91) Old regions: 46->46
[2024-04-08T17:08:30.313+0800][55773.287s] GC(91) Humongous regions: 4->4
[2024-04-08T17:08:30.313+0800][55773.287s] GC(91) Metaspace: 67355K(68032K)->67355K(68032K) NonClass: 59754K(60096K)->59754K(60096K) Class: 7601K(7936K)->7601K(7936K)
[2024-04-08T17:08:30.313+0800][55773.287s] GC(91) Pause Young (Normal) (G1 Evacuation Pause) 355M->50M(512M) 2.577ms
[2024-04-08T17:08:30.313+0800][55773.287s] GC(91) User=0.00s Sys=0.00s Real=0.00s
[2024-04-08T17:08:31.706+0800][55774.681s] GC(92) Pause Young (Normal) (G1 Evacuation Pause)
[2024-04-08T17:08:31.706+0800][55774.681s] GC(92) Using 13 workers of 13 for evacuation
[2024-04-08T17:08:31.709+0800][55774.684s] GC(92)   Pre Evacuate Collection Set: 0.2ms
[2024-04-08T17:08:31.709+0800][55774.684s] GC(92)   Merge Heap Roots: 0.2ms
[2024-04-08T17:08:31.709+0800][55774.684s] GC(92)   Evacuate Collection Set: 1.7ms
[2024-04-08T17:08:31.709+0800][55774.684s] GC(92)   Post Evacuate Collection Set: 0.6ms
[2024-04-08T17:08:31.709+0800][55774.684s] GC(92)   Other: 0.1ms
[2024-04-08T17:08:31.709+0800][55774.684s] GC(92) Eden regions: 305->0(305)
[2024-04-08T17:08:31.709+0800][55774.684s] GC(92) Survivor regions: 2->2(39)
[2024-04-08T17:08:31.709+0800][55774.684s] GC(92) Old regions: 46->46
[2024-04-08T17:08:31.709+0800][55774.684s] GC(92) Humongous regions: 4->4
[2024-04-08T17:08:31.709+0800][55774.684s] GC(92) Metaspace: 67356K(68032K)->67356K(68032K) NonClass: 59754K(60096K)->59754K(60096K) Class: 7601K(7936K)->7601K(7936K)
[2024-04-08T17:08:31.709+0800][55774.684s] GC(92) Pause Young (Normal) (G1 Evacuation Pause) 355M->50M(512M) 2.985ms
[2024-04-08T17:08:31.709+0800][55774.684s] GC(92) User=0.00s Sys=0.00s Real=0.00s
[2024-04-08T17:08:33.115+0800][55776.090s] GC(93) Pause Young (Normal) (G1 Evacuation Pause)
[2024-04-08T17:08:33.115+0800][55776.090s] GC(93) Using 13 workers of 13 for evacuation
[2024-04-08T17:08:33.118+0800][55776.092s] GC(93)   Pre Evacuate Collection Set: 0.2ms
[2024-04-08T17:08:33.118+0800][55776.092s] GC(93)   Merge Heap Roots: 0.1ms
[2024-04-08T17:08:33.118+0800][55776.092s] GC(93)   Evacuate Collection Set: 1.5ms
[2024-04-08T17:08:33.118+0800][55776.093s] GC(93)   Post Evacuate Collection Set: 0.5ms
[2024-04-08T17:08:33.118+0800][55776.093s] GC(93)   Other: 0.1ms
[2024-04-08T17:08:33.118+0800][55776.093s] GC(93) Eden regions: 305->0(305)
[2024-04-08T17:08:33.118+0800][55776.093s] GC(93) Survivor regions: 2->2(39)
[2024-04-08T17:08:33.118+0800][55776.093s] GC(93) Old regions: 46->46
[2024-04-08T17:08:33.118+0800][55776.093s] GC(93) Humongous regions: 4->4
[2024-04-08T17:08:33.118+0800][55776.093s] GC(93) Metaspace: 67356K(68032K)->67356K(68032K) NonClass: 59755K(60096K)->59755K(60096K) Class: 7601K(7936K)->7601K(7936K)
[2024-04-08T17:08:33.118+0800][55776.093s] GC(93) Pause Young (Normal) (G1 Evacuation Pause) 355M->50M(512M) 2.632ms
[2024-04-08T17:08:33.118+0800][55776.093s] GC(93) User=0.00s Sys=0.00s Real=0.00s
[2024-04-08T17:08:34.514+0800][55777.488s] GC(94) Pause Young (Normal) (G1 Evacuation Pause)
[2024-04-08T17:08:34.514+0800][55777.488s] GC(94) Using 13 workers of 13 for evacuation
[2024-04-08T17:08:34.516+0800][55777.491s] GC(94)   Pre Evacuate Collection Set: 0.2ms
[2024-04-08T17:08:34.516+0800][55777.491s] GC(94)   Merge Heap Roots: 0.2ms
[2024-04-08T17:08:34.516+0800][55777.491s] GC(94)   Evacuate Collection Set: 1.7ms
[2024-04-08T17:08:34.516+0800][55777.491s] GC(94)   Post Evacuate Collection Set: 0.6ms
[2024-04-08T17:08:34.516+0800][55777.491s] GC(94)   Other: 0.1ms
[2024-04-08T17:08:34.516+0800][55777.491s] GC(94) Eden regions: 305->0(305)
[2024-04-08T17:08:34.516+0800][55777.491s] GC(94) Survivor regions: 2->2(39)
[2024-04-08T17:08:34.516+0800][55777.491s] GC(94) Old regions: 46->46
[2024-04-08T17:08:34.516+0800][55777.491s] GC(94) Humongous regions: 4->4
[2024-04-08T17:08:34.516+0800][55777.491s] GC(94) Metaspace: 67359K(68032K)->67359K(68032K) NonClass: 59758K(60096K)->59758K(60096K) Class: 7601K(7936K)->7601K(7936K)
[2024-04-08T17:08:34.516+0800][55777.491s] GC(94) Pause Young (Normal) (G1 Evacuation Pause) 355M->51M(512M) 2.955ms
[2024-04-08T17:08:34.516+0800][55777.491s] GC(94) User=0.00s Sys=0.00s Real=0.00s
[2024-04-08T17:08:35.938+0800][55778.913s] GC(95) Pause Young (Normal) (G1 Evacuation Pause)
[2024-04-08T17:08:35.938+0800][55778.913s] GC(95) Using 13 workers of 13 for evacuation
[2024-04-08T17:08:35.941+0800][55778.916s] GC(95)   Pre Evacuate Collection Set: 0.2ms
[2024-04-08T17:08:35.941+0800][55778.916s] GC(95)   Merge Heap Roots: 0.1ms
[2024-04-08T17:08:35.941+0800][55778.916s] GC(95)   Evacuate Collection Set: 1.2ms
[2024-04-08T17:08:35.941+0800][55778.916s] GC(95)   Post Evacuate Collection Set: 0.6ms
[2024-04-08T17:08:35.941+0800][55778.916s] GC(95)   Other: 0.1ms
[2024-04-08T17:08:35.941+0800][55778.916s] GC(95) Eden regions: 305->0(305)
[2024-04-08T17:08:35.941+0800][55778.916s] GC(95) Survivor regions: 2->2(39)
[2024-04-08T17:08:35.941+0800][55778.916s] GC(95) Old regions: 46->46
[2024-04-08T17:08:35.941+0800][55778.916s] GC(95) Humongous regions: 4->4
[2024-04-08T17:08:35.941+0800][55778.916s] GC(95) Metaspace: 67360K(68032K)->67360K(68032K) NonClass: 59758K(60096K)->59758K(60096K) Class: 7601K(7936K)->7601K(7936K)
[2024-04-08T17:08:35.941+0800][55778.916s] GC(95) Pause Young (Normal) (G1 Evacuation Pause) 356M->50M(512M) 2.477ms
[2024-04-08T17:08:35.941+0800][55778.916s] GC(95) User=0.00s Sys=0.00s Real=0.00s
[2024-04-08T17:08:37.271+0800][55780.245s] GC(96) Pause Young (Normal) (G1 Evacuation Pause)
[2024-04-08T17:08:37.271+0800][55780.246s] GC(96) Using 13 workers of 13 for evacuation
[2024-04-08T17:08:37.273+0800][55780.248s] GC(96)   Pre Evacuate Collection Set: 0.1ms
[2024-04-08T17:08:37.273+0800][55780.248s] GC(96)   Merge Heap Roots: 0.1ms
[2024-04-08T17:08:37.273+0800][55780.248s] GC(96)   Evacuate Collection Set: 1.3ms
[2024-04-08T17:08:37.273+0800][55780.248s] GC(96)   Post Evacuate Collection Set: 0.6ms
[2024-04-08T17:08:37.273+0800][55780.248s] GC(96)   Other: 0.1ms
[2024-04-08T17:08:37.273+0800][55780.248s] GC(96) Eden regions: 305->0(305)
[2024-04-08T17:08:37.273+0800][55780.248s] GC(96) Survivor regions: 2->2(39)
[2024-04-08T17:08:37.273+0800][55780.248s] GC(96) Old regions: 46->46
[2024-04-08T17:08:37.273+0800][55780.248s] GC(96) Humongous regions: 4->4
[2024-04-08T17:08:37.273+0800][55780.248s] GC(96) Metaspace: 67368K(68096K)->67368K(68096K) NonClass: 59766K(60160K)->59766K(60160K) Class: 7601K(7936K)->7601K(7936K)
[2024-04-08T17:08:37.273+0800][55780.248s] GC(96) Pause Young (Normal) (G1 Evacuation Pause) 355M->50M(512M) 2.453ms
[2024-04-08T17:08:37.273+0800][55780.248s] GC(96) User=0.00s Sys=0.00s Real=0.00s
[2024-04-08T17:08:38.613+0800][55781.588s] GC(97) Pause Young (Normal) (G1 Evacuation Pause)
[2024-04-08T17:08:38.613+0800][55781.588s] GC(97) Using 13 workers of 13 for evacuation
[2024-04-08T17:08:38.616+0800][55781.590s] GC(97)   Pre Evacuate Collection Set: 0.2ms
[2024-04-08T17:08:38.616+0800][55781.590s] GC(97)   Merge Heap Roots: 0.2ms
[2024-04-08T17:08:38.616+0800][55781.590s] GC(97)   Evacuate Collection Set: 1.5ms
[2024-04-08T17:08:38.616+0800][55781.590s] GC(97)   Post Evacuate Collection Set: 0.6ms
[2024-04-08T17:08:38.616+0800][55781.590s] GC(97)   Other: 0.1ms
[2024-04-08T17:08:38.616+0800][55781.590s] GC(97) Eden regions: 305->0(305)
[2024-04-08T17:08:38.616+0800][55781.590s] GC(97) Survivor regions: 2->2(39)
[2024-04-08T17:08:38.616+0800][55781.590s] GC(97) Old regions: 46->46
[2024-04-08T17:08:38.616+0800][55781.591s] GC(97) Humongous regions: 4->4
[2024-04-08T17:08:38.616+0800][55781.591s] GC(97) Metaspace: 67369K(68096K)->67369K(68096K) NonClass: 59767K(60160K)->59767K(60160K) Class: 7601K(7936K)->7601K(7936K)
[2024-04-08T17:08:38.616+0800][55781.591s] GC(97) Pause Young (Normal) (G1 Evacuation Pause) 355M->50M(512M) 2.777ms
[2024-04-08T17:08:38.616+0800][55781.591s] GC(97) User=0.00s Sys=0.00s Real=0.00s
[2024-04-08T17:08:40.015+0800][55782.990s] GC(98) Pause Young (Normal) (G1 Evacuation Pause)
[2024-04-08T17:08:40.015+0800][55782.990s] GC(98) Using 13 workers of 13 for evacuation
[2024-04-08T17:08:40.017+0800][55782.992s] GC(98)   Pre Evacuate Collection Set: 0.1ms
[2024-04-08T17:08:40.017+0800][55782.992s] GC(98)   Merge Heap Roots: 0.1ms
[2024-04-08T17:08:40.017+0800][55782.992s] GC(98)   Evacuate Collection Set: 1.1ms
[2024-04-08T17:08:40.017+0800][55782.992s] GC(98)   Post Evacuate Collection Set: 0.5ms
[2024-04-08T17:08:40.017+0800][55782.992s] GC(98)   Other: 0.1ms
[2024-04-08T17:08:40.017+0800][55782.992s] GC(98) Eden regions: 305->0(305)
[2024-04-08T17:08:40.017+0800][55782.992s] GC(98) Survivor regions: 2->2(39)
[2024-04-08T17:08:40.017+0800][55782.992s] GC(98) Old regions: 46->46
[2024-04-08T17:08:40.017+0800][55782.992s] GC(98) Humongous regions: 4->4
[2024-04-08T17:08:40.017+0800][55782.992s] GC(98) Metaspace: 67371K(68096K)->67371K(68096K) NonClass: 59769K(60160K)->59769K(60160K) Class: 7601K(7936K)->7601K(7936K)
[2024-04-08T17:08:40.018+0800][55782.992s] GC(98) Pause Young (Normal) (G1 Evacuation Pause) 355M->51M(512M) 2.140ms
[2024-04-08T17:08:40.018+0800][55782.992s] GC(98) User=0.00s Sys=0.00s Real=0.00s
[2024-04-08T17:08:40.032+0800][55783.007s] GC(99) Pause Young (Concurrent Start) (CodeCache GC Threshold)
[2024-04-08T17:08:40.032+0800][55783.007s] GC(99) Using 13 workers of 13 for evacuation
[2024-04-08T17:08:40.035+0800][55783.009s] GC(99)   Pre Evacuate Collection Set: 0.5ms
[2024-04-08T17:08:40.035+0800][55783.009s] GC(99)   Merge Heap Roots: 0.1ms
[2024-04-08T17:08:40.035+0800][55783.009s] GC(99)   Evacuate Collection Set: 1.4ms
[2024-04-08T17:08:40.035+0800][55783.009s] GC(99)   Post Evacuate Collection Set: 0.5ms
[2024-04-08T17:08:40.035+0800][55783.009s] GC(99)   Other: 0.2ms
[2024-04-08T17:08:40.035+0800][55783.009s] GC(99) Eden regions: 7->0(305)
[2024-04-08T17:08:40.035+0800][55783.010s] GC(99) Survivor regions: 2->2(39)
[2024-04-08T17:08:40.035+0800][55783.010s] GC(99) Old regions: 46->46
[2024-04-08T17:08:40.035+0800][55783.010s] GC(99) Humongous regions: 4->4
[2024-04-08T17:08:40.035+0800][55783.010s] GC(99) Metaspace: 67409K(68096K)->67409K(68096K) NonClass: 59807K(60160K)->59807K(60160K) Class: 7601K(7936K)->7601K(7936K)
[2024-04-08T17:08:40.035+0800][55783.010s] GC(99) Pause Young (Concurrent Start) (CodeCache GC Threshold) 58M->50M(512M) 2.960ms
[2024-04-08T17:08:40.035+0800][55783.010s] GC(99) User=0.00s Sys=0.00s Real=0.00s
[2024-04-08T17:08:40.035+0800][55783.010s] GC(100) Concurrent Mark Cycle
[2024-04-08T17:08:40.035+0800][55783.010s] GC(100) Concurrent Scan Root Regions
[2024-04-08T17:08:40.036+0800][55783.011s] GC(100) Concurrent Scan Root Regions 1.449ms
[2024-04-08T17:08:40.036+0800][55783.011s] GC(100) Concurrent Mark
[2024-04-08T17:08:40.036+0800][55783.011s] GC(100) Concurrent Mark From Roots
[2024-04-08T17:08:40.036+0800][55783.011s] GC(100) Using 3 workers of 3 for marking
[2024-04-08T17:08:40.058+0800][55783.033s] GC(100) Concurrent Mark From Roots 21.949ms
[2024-04-08T17:08:40.058+0800][55783.033s] GC(100) Concurrent Preclean
[2024-04-08T17:08:40.059+0800][55783.033s] GC(100) Concurrent Preclean 0.246ms
[2024-04-08T17:08:40.059+0800][55783.034s] GC(100) Pause Remark
[2024-04-08T17:08:40.093+0800][55783.068s] GC(100) Pause Remark 55M->55M(512M) 34.578ms
[2024-04-08T17:08:40.093+0800][55783.068s] GC(100) User=0.02s Sys=0.00s Real=0.03s
[2024-04-08T17:08:40.093+0800][55783.068s] GC(100) Concurrent Mark 56.997ms
[2024-04-08T17:08:40.094+0800][55783.068s] GC(100) Concurrent Rebuild Remembered Sets and Scrub Regions
[2024-04-08T17:08:40.102+0800][55783.077s] GC(100) Concurrent Rebuild Remembered Sets and Scrub Regions 8.863ms
[2024-04-08T17:08:40.102+0800][55783.077s] GC(100) Pause Cleanup
[2024-04-08T17:08:40.103+0800][55783.077s] GC(100) Pause Cleanup 56M->56M(512M) 0.185ms
[2024-04-08T17:08:40.103+0800][55783.077s] GC(100) User=0.02s Sys=0.00s Real=0.00s
[2024-04-08T17:08:40.103+0800][55783.077s] GC(100) Concurrent Clear Claimed Marks
[2024-04-08T17:08:40.103+0800][55783.077s] GC(100) Concurrent Clear Claimed Marks 0.034ms
[2024-04-08T17:08:40.103+0800][55783.077s] GC(100) Concurrent Cleanup for Next Mark
[2024-04-08T17:08:40.104+0800][55783.079s] GC(100) Concurrent Cleanup for Next Mark 1.579ms
[2024-04-08T17:08:40.104+0800][55783.079s] GC(100) Concurrent Mark Cycle 69.431ms
[2024-04-08T17:08:41.425+0800][55784.400s] GC(101) Pause Young (Prepare Mixed) (G1 Evacuation Pause)
[2024-04-08T17:08:41.425+0800][55784.400s] GC(101) Using 13 workers of 13 for evacuation
[2024-04-08T17:08:41.427+0800][55784.402s] GC(101)   Pre Evacuate Collection Set: 0.2ms
[2024-04-08T17:08:41.427+0800][55784.402s] GC(101)   Merge Heap Roots: 0.1ms
[2024-04-08T17:08:41.427+0800][55784.402s] GC(101)   Evacuate Collection Set: 1.3ms
[2024-04-08T17:08:41.427+0800][55784.402s] GC(101)   Post Evacuate Collection Set: 0.6ms
[2024-04-08T17:08:41.427+0800][55784.402s] GC(101)   Other: 0.1ms
[2024-04-08T17:08:41.427+0800][55784.402s] GC(101) Eden regions: 305->0(305)
[2024-04-08T17:08:41.427+0800][55784.402s] GC(101) Survivor regions: 2->2(39)
[2024-04-08T17:08:41.427+0800][55784.402s] GC(101) Old regions: 46->46
[2024-04-08T17:08:41.428+0800][55784.402s] GC(101) Humongous regions: 4->4
[2024-04-08T17:08:41.428+0800][55784.402s] GC(101) Metaspace: 67145K(68096K)->67145K(68096K) NonClass: 59620K(60160K)->59620K(60160K) Class: 7524K(7936K)->7524K(7936K)
[2024-04-08T17:08:41.428+0800][55784.402s] GC(101) Pause Young (Prepare Mixed) (G1 Evacuation Pause) 355M->51M(512M) 2.551ms
[2024-04-08T17:08:41.428+0800][55784.402s] GC(101) User=0.00s Sys=0.00s Real=0.00s
[2024-04-08T17:08:42.767+0800][55785.741s] GC(102) Pause Young (Mixed) (G1 Evacuation Pause)
[2024-04-08T17:08:42.767+0800][55785.741s] GC(102) Using 13 workers of 13 for evacuation
[2024-04-08T17:08:42.770+0800][55785.745s] GC(102)   Pre Evacuate Collection Set: 0.1ms
[2024-04-08T17:08:42.770+0800][55785.745s] GC(102)   Merge Heap Roots: 0.1ms
[2024-04-08T17:08:42.770+0800][55785.745s] GC(102)   Evacuate Collection Set: 2.4ms
[2024-04-08T17:08:42.770+0800][55785.745s] GC(102)   Post Evacuate Collection Set: 0.5ms
[2024-04-08T17:08:42.770+0800][55785.745s] GC(102)   Other: 0.1ms
[2024-04-08T17:08:42.770+0800][55785.745s] GC(102) Eden regions: 305->0(305)
[2024-04-08T17:08:42.770+0800][55785.745s] GC(102) Survivor regions: 2->2(39)
[2024-04-08T17:08:42.770+0800][55785.745s] GC(102) Old regions: 46->44
[2024-04-08T17:08:42.770+0800][55785.745s] GC(102) Humongous regions: 4->4
[2024-04-08T17:08:42.770+0800][55785.745s] GC(102) Metaspace: 67146K(68096K)->67146K(68096K) NonClass: 59621K(60160K)->59621K(60160K) Class: 7524K(7936K)->7524K(7936K)
[2024-04-08T17:08:42.770+0800][55785.745s] GC(102) Pause Young (Mixed) (G1 Evacuation Pause) 356M->49M(512M) 3.492ms
[2024-04-08T17:08:42.770+0800][55785.745s] GC(102) User=0.00s Sys=0.00s Real=0.00s
[2024-04-08T17:08:44.104+0800][55787.079s] GC(103) Pause Young (Normal) (G1 Evacuation Pause)
[2024-04-08T17:08:44.105+0800][55787.079s] GC(103) Using 13 workers of 13 for evacuation
[2024-04-08T17:08:44.107+0800][55787.081s] GC(103)   Pre Evacuate Collection Set: 0.1ms
[2024-04-08T17:08:44.107+0800][55787.081s] GC(103)   Merge Heap Roots: 0.1ms
[2024-04-08T17:08:44.107+0800][55787.081s] GC(103)   Evacuate Collection Set: 1.3ms
[2024-04-08T17:08:44.107+0800][55787.082s] GC(103)   Post Evacuate Collection Set: 0.4ms
[2024-04-08T17:08:44.107+0800][55787.082s] GC(103)   Other: 0.1ms
[2024-04-08T17:08:44.107+0800][55787.082s] GC(103) Eden regions: 305->0(305)
[2024-04-08T17:08:44.107+0800][55787.082s] GC(103) Survivor regions: 2->2(39)
[2024-04-08T17:08:44.107+0800][55787.082s] GC(103) Old regions: 44->44
[2024-04-08T17:08:44.107+0800][55787.082s] GC(103) Humongous regions: 4->4
[2024-04-08T17:08:44.107+0800][55787.082s] GC(103) Metaspace: 67175K(68096K)->67175K(68096K) NonClass: 59651K(60160K)->59651K(60160K) Class: 7524K(7936K)->7524K(7936K)
[2024-04-08T17:08:44.107+0800][55787.082s] GC(103) Pause Young (Normal) (G1 Evacuation Pause) 354M->49M(512M) 2.364ms
[2024-04-08T17:08:44.107+0800][55787.082s] GC(103) User=0.00s Sys=0.00s Real=0.00s
[2024-04-08T17:08:45.437+0800][55788.411s] GC(104) Pause Young (Normal) (G1 Evacuation Pause)
[2024-04-08T17:08:45.437+0800][55788.411s] GC(104) Using 13 workers of 13 for evacuation
[2024-04-08T17:08:45.439+0800][55788.413s] GC(104)   Pre Evacuate Collection Set: 0.2ms
[2024-04-08T17:08:45.439+0800][55788.414s] GC(104)   Merge Heap Roots: 0.1ms
[2024-04-08T17:08:45.439+0800][55788.414s] GC(104)   Evacuate Collection Set: 1.5ms
[2024-04-08T17:08:45.439+0800][55788.414s] GC(104)   Post Evacuate Collection Set: 0.6ms
[2024-04-08T17:08:45.439+0800][55788.414s] GC(104)   Other: 0.1ms
[2024-04-08T17:08:45.439+0800][55788.414s] GC(104) Eden regions: 305->0(305)
[2024-04-08T17:08:45.439+0800][55788.414s] GC(104) Survivor regions: 2->2(39)
[2024-04-08T17:08:45.439+0800][55788.414s] GC(104) Old regions: 44->44
[2024-04-08T17:08:45.439+0800][55788.414s] GC(104) Humongous regions: 4->4
[2024-04-08T17:08:45.440+0800][55788.414s] GC(104) Metaspace: 67177K(68096K)->67177K(68096K) NonClass: 59652K(60160K)->59652K(60160K) Class: 7524K(7936K)->7524K(7936K)
[2024-04-08T17:08:45.440+0800][55788.414s] GC(104) Pause Young (Normal) (G1 Evacuation Pause) 354M->49M(512M) 2.664ms
[2024-04-08T17:08:45.440+0800][55788.414s] GC(104) User=0.00s Sys=0.00s Real=0.00s
[2024-04-08T17:08:46.781+0800][55789.755s] GC(105) Pause Young (Normal) (G1 Evacuation Pause)
[2024-04-08T17:08:46.781+0800][55789.755s] GC(105) Using 13 workers of 13 for evacuation
[2024-04-08T17:08:46.784+0800][55789.758s] GC(105)   Pre Evacuate Collection Set: 0.2ms
[2024-04-08T17:08:46.784+0800][55789.758s] GC(105)   Merge Heap Roots: 0.1ms
[2024-04-08T17:08:46.784+0800][55789.758s] GC(105)   Evacuate Collection Set: 1.4ms
[2024-04-08T17:08:46.784+0800][55789.758s] GC(105)   Post Evacuate Collection Set: 0.6ms
[2024-04-08T17:08:46.784+0800][55789.758s] GC(105)   Other: 0.1ms
[2024-04-08T17:08:46.784+0800][55789.758s] GC(105) Eden regions: 305->0(305)
[2024-04-08T17:08:46.784+0800][55789.758s] GC(105) Survivor regions: 2->2(39)
[2024-04-08T17:08:46.784+0800][55789.758s] GC(105) Old regions: 44->45
[2024-04-08T17:08:46.784+0800][55789.758s] GC(105) Humongous regions: 4->4
[2024-04-08T17:08:46.784+0800][55789.758s] GC(105) Metaspace: 67179K(68096K)->67179K(68096K) NonClass: 59654K(60160K)->59654K(60160K) Class: 7524K(7936K)->7524K(7936K)
[2024-04-08T17:08:46.784+0800][55789.758s] GC(105) Pause Young (Normal) (G1 Evacuation Pause) 354M->49M(512M) 2.627ms
[2024-04-08T17:08:46.784+0800][55789.758s] GC(105) User=0.00s Sys=0.00s Real=0.00s
[2024-04-08T17:08:48.174+0800][55791.148s] GC(106) Pause Young (Normal) (G1 Evacuation Pause)
[2024-04-08T17:08:48.174+0800][55791.148s] GC(106) Using 13 workers of 13 for evacuation
[2024-04-08T17:08:48.176+0800][55791.150s] GC(106)   Pre Evacuate Collection Set: 0.2ms
[2024-04-08T17:08:48.176+0800][55791.150s] GC(106)   Merge Heap Roots: 0.1ms
[2024-04-08T17:08:48.176+0800][55791.150s] GC(106)   Evacuate Collection Set: 1.3ms
[2024-04-08T17:08:48.176+0800][55791.150s] GC(106)   Post Evacuate Collection Set: 0.6ms
[2024-04-08T17:08:48.176+0800][55791.150s] GC(106)   Other: 0.1ms
[2024-04-08T17:08:48.176+0800][55791.150s] GC(106) Eden regions: 305->0(305)
[2024-04-08T17:08:48.176+0800][55791.150s] GC(106) Survivor regions: 2->2(39)
[2024-04-08T17:08:48.176+0800][55791.150s] GC(106) Old regions: 45->45
[2024-04-08T17:08:48.176+0800][55791.150s] GC(106) Humongous regions: 4->4
[2024-04-08T17:08:48.176+0800][55791.150s] GC(106) Metaspace: 67179K(68096K)->67179K(68096K) NonClass: 59654K(60160K)->59654K(60160K) Class: 7524K(7936K)->7524K(7936K)
[2024-04-08T17:08:48.176+0800][55791.150s] GC(106) Pause Young (Normal) (G1 Evacuation Pause) 354M->49M(512M) 2.489ms
[2024-04-08T17:08:48.176+0800][55791.150s] GC(106) User=0.00s Sys=0.00s Real=0.00s
[2024-04-08T17:08:49.542+0800][55792.516s] GC(107) Pause Young (Normal) (G1 Evacuation Pause)
[2024-04-08T17:08:49.542+0800][55792.516s] GC(107) Using 13 workers of 13 for evacuation
[2024-04-08T17:08:49.544+0800][55792.518s] GC(107)   Pre Evacuate Collection Set: 0.1ms
[2024-04-08T17:08:49.544+0800][55792.518s] GC(107)   Merge Heap Roots: 0.1ms
[2024-04-08T17:08:49.544+0800][55792.518s] GC(107)   Evacuate Collection Set: 1.1ms
[2024-04-08T17:08:49.544+0800][55792.518s] GC(107)   Post Evacuate Collection Set: 0.4ms
[2024-04-08T17:08:49.544+0800][55792.518s] GC(107)   Other: 0.1ms
[2024-04-08T17:08:49.544+0800][55792.518s] GC(107) Eden regions: 305->0(305)
[2024-04-08T17:08:49.544+0800][55792.518s] GC(107) Survivor regions: 2->2(39)
[2024-04-08T17:08:49.544+0800][55792.518s] GC(107) Old regions: 45->45
[2024-04-08T17:08:49.544+0800][55792.518s] GC(107) Humongous regions: 4->4
[2024-04-08T17:08:49.544+0800][55792.518s] GC(107) Metaspace: 67180K(68096K)->67180K(68096K) NonClass: 59655K(60160K)->59655K(60160K) Class: 7524K(7936K)->7524K(7936K)
[2024-04-08T17:08:49.544+0800][55792.518s] GC(107) Pause Young (Normal) (G1 Evacuation Pause) 354M->49M(512M) 2.014ms
[2024-04-08T17:08:49.544+0800][55792.518s] GC(107) User=0.00s Sys=0.00s Real=0.00s
[2024-04-08T17:08:50.933+0800][55793.908s] GC(108) Pause Young (Normal) (G1 Evacuation Pause)
[2024-04-08T17:08:50.933+0800][55793.908s] GC(108) Using 13 workers of 13 for evacuation
[2024-04-08T17:08:50.935+0800][55793.909s] GC(108)   Pre Evacuate Collection Set: 0.1ms
[2024-04-08T17:08:50.935+0800][55793.909s] GC(108)   Merge Heap Roots: 0.1ms
[2024-04-08T17:08:50.935+0800][55793.909s] GC(108)   Evacuate Collection Set: 1.1ms
[2024-04-08T17:08:50.935+0800][55793.909s] GC(108)   Post Evacuate Collection Set: 0.4ms
[2024-04-08T17:08:50.935+0800][55793.909s] GC(108)   Other: 0.1ms
[2024-04-08T17:08:50.935+0800][55793.910s] GC(108) Eden regions: 305->0(305)
[2024-04-08T17:08:50.935+0800][55793.910s] GC(108) Survivor regions: 2->2(39)
[2024-04-08T17:08:50.935+0800][55793.910s] GC(108) Old regions: 45->45
[2024-04-08T17:08:50.935+0800][55793.910s] GC(108) Humongous regions: 4->4
[2024-04-08T17:08:50.935+0800][55793.910s] GC(108) Metaspace: 67180K(68096K)->67180K(68096K) NonClass: 59655K(60160K)->59655K(60160K) Class: 7524K(7936K)->7524K(7936K)
[2024-04-08T17:08:50.935+0800][55793.910s] GC(108) Pause Young (Normal) (G1 Evacuation Pause) 354M->49M(512M) 1.970ms
[2024-04-08T17:08:50.935+0800][55793.910s] GC(108) User=0.00s Sys=0.00s Real=0.00s
[2024-04-08T17:08:52.368+0800][55795.343s] GC(109) Pause Young (Normal) (G1 Evacuation Pause)
[2024-04-08T17:08:52.369+0800][55795.343s] GC(109) Using 13 workers of 13 for evacuation
[2024-04-08T17:08:52.371+0800][55795.345s] GC(109)   Pre Evacuate Collection Set: 0.2ms
[2024-04-08T17:08:52.371+0800][55795.345s] GC(109)   Merge Heap Roots: 0.1ms
[2024-04-08T17:08:52.371+0800][55795.345s] GC(109)   Evacuate Collection Set: 1.2ms
[2024-04-08T17:08:52.371+0800][55795.345s] GC(109)   Post Evacuate Collection Set: 0.6ms
[2024-04-08T17:08:52.371+0800][55795.345s] GC(109)   Other: 0.1ms
[2024-04-08T17:08:52.371+0800][55795.345s] GC(109) Eden regions: 305->0(305)
[2024-04-08T17:08:52.371+0800][55795.345s] GC(109) Survivor regions: 2->2(39)
[2024-04-08T17:08:52.371+0800][55795.345s] GC(109) Old regions: 45->45
[2024-04-08T17:08:52.371+0800][55795.345s] GC(109) Humongous regions: 4->4
[2024-04-08T17:08:52.371+0800][55795.345s] GC(109) Metaspace: 67180K(68096K)->67180K(68096K) NonClass: 59655K(60160K)->59655K(60160K) Class: 7524K(7936K)->7524K(7936K)
[2024-04-08T17:08:52.371+0800][55795.345s] GC(109) Pause Young (Normal) (G1 Evacuation Pause) 354M->49M(512M) 2.310ms
[2024-04-08T17:08:52.371+0800][55795.345s] GC(109) User=0.02s Sys=0.00s Real=0.00s
[2024-04-08T17:08:53.713+0800][55796.687s] GC(110) Pause Young (Normal) (G1 Evacuation Pause)
[2024-04-08T17:08:53.713+0800][55796.687s] GC(110) Using 13 workers of 13 for evacuation
[2024-04-08T17:08:53.715+0800][55796.689s] GC(110)   Pre Evacuate Collection Set: 0.2ms
[2024-04-08T17:08:53.715+0800][55796.689s] GC(110)   Merge Heap Roots: 0.1ms
[2024-04-08T17:08:53.715+0800][55796.689s] GC(110)   Evacuate Collection Set: 1.4ms
[2024-04-08T17:08:53.715+0800][55796.689s] GC(110)   Post Evacuate Collection Set: 0.5ms
[2024-04-08T17:08:53.715+0800][55796.690s] GC(110)   Other: 0.1ms
[2024-04-08T17:08:53.715+0800][55796.690s] GC(110) Eden regions: 305->0(305)
[2024-04-08T17:08:53.715+0800][55796.690s] GC(110) Survivor regions: 2->2(39)
[2024-04-08T17:08:53.715+0800][55796.690s] GC(110) Old regions: 45->45
[2024-04-08T17:08:53.715+0800][55796.690s] GC(110) Humongous regions: 4->4
[2024-04-08T17:08:53.715+0800][55796.690s] GC(110) Metaspace: 67180K(68096K)->67180K(68096K) NonClass: 59655K(60160K)->59655K(60160K) Class: 7524K(7936K)->7524K(7936K)
[2024-04-08T17:08:53.715+0800][55796.690s] GC(110) Pause Young (Normal) (G1 Evacuation Pause) 354M->49M(512M) 2.573ms
[2024-04-08T17:08:53.715+0800][55796.690s] GC(110) User=0.00s Sys=0.00s Real=0.00s
[2024-04-08T17:08:55.103+0800][55798.077s] GC(111) Pause Young (Normal) (G1 Evacuation Pause)
[2024-04-08T17:08:55.103+0800][55798.077s] GC(111) Using 13 workers of 13 for evacuation
[2024-04-08T17:08:55.105+0800][55798.080s] GC(111)   Pre Evacuate Collection Set: 0.2ms
[2024-04-08T17:08:55.105+0800][55798.080s] GC(111)   Merge Heap Roots: 0.1ms
[2024-04-08T17:08:55.105+0800][55798.080s] GC(111)   Evacuate Collection Set: 1.5ms
[2024-04-08T17:08:55.105+0800][55798.080s] GC(111)   Post Evacuate Collection Set: 0.5ms
[2024-04-08T17:08:55.105+0800][55798.080s] GC(111)   Other: 0.1ms
[2024-04-08T17:08:55.105+0800][55798.080s] GC(111) Eden regions: 305->0(305)
[2024-04-08T17:08:55.105+0800][55798.080s] GC(111) Survivor regions: 2->2(39)
[2024-04-08T17:08:55.106+0800][55798.080s] GC(111) Old regions: 45->45
[2024-04-08T17:08:55.106+0800][55798.080s] GC(111) Humongous regions: 4->4
[2024-04-08T17:08:55.106+0800][55798.080s] GC(111) Metaspace: 67180K(68096K)->67180K(68096K) NonClass: 59655K(60160K)->59655K(60160K) Class: 7524K(7936K)->7524K(7936K)
[2024-04-08T17:08:55.106+0800][55798.080s] GC(111) Pause Young (Normal) (G1 Evacuation Pause) 354M->49M(512M) 2.681ms
[2024-04-08T17:08:55.106+0800][55798.080s] GC(111) User=0.06s Sys=0.00s Real=0.00s
[2024-04-08T17:08:56.460+0800][55799.434s] GC(112) Pause Young (Normal) (G1 Evacuation Pause)
[2024-04-08T17:08:56.460+0800][55799.434s] GC(112) Using 13 workers of 13 for evacuation
[2024-04-08T17:08:56.462+0800][55799.436s] GC(112)   Pre Evacuate Collection Set: 0.2ms
[2024-04-08T17:08:56.462+0800][55799.436s] GC(112)   Merge Heap Roots: 0.1ms
[2024-04-08T17:08:56.462+0800][55799.436s] GC(112)   Evacuate Collection Set: 1.4ms
[2024-04-08T17:08:56.462+0800][55799.436s] GC(112)   Post Evacuate Collection Set: 0.6ms
[2024-04-08T17:08:56.462+0800][55799.436s] GC(112)   Other: 0.1ms
[2024-04-08T17:08:56.462+0800][55799.436s] GC(112) Eden regions: 305->0(304)
[2024-04-08T17:08:56.462+0800][55799.436s] GC(112) Survivor regions: 2->3(39)
[2024-04-08T17:08:56.462+0800][55799.436s] GC(112) Old regions: 45->45
[2024-04-08T17:08:56.462+0800][55799.436s] GC(112) Humongous regions: 4->4
[2024-04-08T17:08:56.462+0800][55799.436s] GC(112) Metaspace: 67180K(68096K)->67180K(68096K) NonClass: 59655K(60160K)->59655K(60160K) Class: 7524K(7936K)->7524K(7936K)
[2024-04-08T17:08:56.462+0800][55799.436s] GC(112) Pause Young (Normal) (G1 Evacuation Pause) 354M->50M(512M) 2.711ms
[2024-04-08T17:08:56.462+0800][55799.436s] GC(112) User=0.00s Sys=0.00s Real=0.00s
[2024-04-08T17:08:57.790+0800][55800.764s] GC(113) Pause Young (Normal) (G1 Evacuation Pause)
[2024-04-08T17:08:57.790+0800][55800.764s] GC(113) Using 13 workers of 13 for evacuation
[2024-04-08T17:08:57.792+0800][55800.766s] GC(113)   Pre Evacuate Collection Set: 0.2ms
[2024-04-08T17:08:57.792+0800][55800.766s] GC(113)   Merge Heap Roots: 0.1ms
[2024-04-08T17:08:57.792+0800][55800.766s] GC(113)   Evacuate Collection Set: 1.2ms
[2024-04-08T17:08:57.792+0800][55800.766s] GC(113)   Post Evacuate Collection Set: 0.5ms
[2024-04-08T17:08:57.792+0800][55800.766s] GC(113)   Other: 0.1ms
[2024-04-08T17:08:57.792+0800][55800.766s] GC(113) Eden regions: 304->0(305)
[2024-04-08T17:08:57.792+0800][55800.766s] GC(113) Survivor regions: 3->2(39)
[2024-04-08T17:08:57.792+0800][55800.766s] GC(113) Old regions: 45->45
[2024-04-08T17:08:57.792+0800][55800.766s] GC(113) Humongous regions: 4->4
[2024-04-08T17:08:57.792+0800][55800.766s] GC(113) Metaspace: 67180K(68096K)->67180K(68096K) NonClass: 59655K(60160K)->59655K(60160K) Class: 7524K(7936K)->7524K(7936K)
[2024-04-08T17:08:57.792+0800][55800.766s] GC(113) Pause Young (Normal) (G1 Evacuation Pause) 354M->50M(512M) 2.288ms
[2024-04-08T17:08:57.792+0800][55800.766s] GC(113) User=0.09s Sys=0.02s Real=0.00s
[2024-04-08T17:08:59.127+0800][55802.101s] GC(114) Pause Young (Normal) (G1 Evacuation Pause)
[2024-04-08T17:08:59.127+0800][55802.101s] GC(114) Using 13 workers of 13 for evacuation
[2024-04-08T17:08:59.130+0800][55802.104s] GC(114)   Pre Evacuate Collection Set: 0.2ms
[2024-04-08T17:08:59.130+0800][55802.104s] GC(114)   Merge Heap Roots: 0.1ms
[2024-04-08T17:08:59.130+0800][55802.104s] GC(114)   Evacuate Collection Set: 1.6ms
[2024-04-08T17:08:59.130+0800][55802.104s] GC(114)   Post Evacuate Collection Set: 0.6ms
[2024-04-08T17:08:59.130+0800][55802.104s] GC(114)   Other: 0.1ms
[2024-04-08T17:08:59.130+0800][55802.104s] GC(114) Eden regions: 305->0(305)
[2024-04-08T17:08:59.130+0800][55802.104s] GC(114) Survivor regions: 2->2(39)
[2024-04-08T17:08:59.130+0800][55802.104s] GC(114) Old regions: 45->45
[2024-04-08T17:08:59.130+0800][55802.104s] GC(114) Humongous regions: 4->4
[2024-04-08T17:08:59.130+0800][55802.104s] GC(114) Metaspace: 67180K(68096K)->67180K(68096K) NonClass: 59656K(60160K)->59656K(60160K) Class: 7524K(7936K)->7524K(7936K)
[2024-04-08T17:08:59.130+0800][55802.104s] GC(114) Pause Young (Normal) (G1 Evacuation Pause) 355M->50M(512M) 2.733ms
[2024-04-08T17:08:59.130+0800][55802.104s] GC(114) User=0.00s Sys=0.00s Real=0.00s
[2024-04-08T17:09:00.502+0800][55803.476s] GC(115) Pause Young (Normal) (G1 Evacuation Pause)
[2024-04-08T17:09:00.502+0800][55803.476s] GC(115) Using 13 workers of 13 for evacuation
[2024-04-08T17:09:00.503+0800][55803.478s] GC(115)   Pre Evacuate Collection Set: 0.2ms
[2024-04-08T17:09:00.503+0800][55803.478s] GC(115)   Merge Heap Roots: 0.2ms
[2024-04-08T17:09:00.503+0800][55803.478s] GC(115)   Evacuate Collection Set: 1.3ms
[2024-04-08T17:09:00.503+0800][55803.478s] GC(115)   Post Evacuate Collection Set: 0.7ms
[2024-04-08T17:09:00.503+0800][55803.478s] GC(115)   Other: 0.1ms
[2024-04-08T17:09:00.503+0800][55803.478s] GC(115) Eden regions: 305->0(305)
[2024-04-08T17:09:00.503+0800][55803.478s] GC(115) Survivor regions: 2->2(39)
[2024-04-08T17:09:00.503+0800][55803.478s] GC(115) Old regions: 45->45
[2024-04-08T17:09:00.503+0800][55803.478s] GC(115) Humongous regions: 4->4
[2024-04-08T17:09:00.503+0800][55803.478s] GC(115) Metaspace: 67180K(68096K)->67180K(68096K) NonClass: 59656K(60160K)->59656K(60160K) Class: 7524K(7936K)->7524K(7936K)
[2024-04-08T17:09:00.503+0800][55803.478s] GC(115) Pause Young (Normal) (G1 Evacuation Pause) 355M->50M(512M) 2.693ms
[2024-04-08T17:09:00.503+0800][55803.478s] GC(115) User=0.00s Sys=0.00s Real=0.00s
[2024-04-08T17:09:01.882+0800][55804.857s] GC(116) Pause Young (Normal) (G1 Evacuation Pause)
[2024-04-08T17:09:01.882+0800][55804.857s] GC(116) Using 13 workers of 13 for evacuation
[2024-04-08T17:09:01.885+0800][55804.859s] GC(116)   Pre Evacuate Collection Set: 0.2ms
[2024-04-08T17:09:01.885+0800][55804.859s] GC(116)   Merge Heap Roots: 0.1ms
[2024-04-08T17:09:01.885+0800][55804.859s] GC(116)   Evacuate Collection Set: 1.2ms
[2024-04-08T17:09:01.885+0800][55804.859s] GC(116)   Post Evacuate Collection Set: 0.6ms
[2024-04-08T17:09:01.885+0800][55804.859s] GC(116)   Other: 0.1ms
[2024-04-08T17:09:01.885+0800][55804.859s] GC(116) Eden regions: 305->0(305)
[2024-04-08T17:09:01.885+0800][55804.859s] GC(116) Survivor regions: 2->2(39)
[2024-04-08T17:09:01.885+0800][55804.859s] GC(116) Old regions: 45->45
[2024-04-08T17:09:01.885+0800][55804.859s] GC(116) Humongous regions: 4->4
[2024-04-08T17:09:01.885+0800][55804.859s] GC(116) Metaspace: 67184K(68096K)->67184K(68096K) NonClass: 59659K(60160K)->59659K(60160K) Class: 7524K(7936K)->7524K(7936K)
[2024-04-08T17:09:01.885+0800][55804.859s] GC(116) Pause Young (Normal) (G1 Evacuation Pause) 355M->49M(512M) 2.407ms
[2024-04-08T17:09:01.885+0800][55804.859s] GC(116) User=0.03s Sys=0.00s Real=0.00s
[2024-04-08T17:09:03.245+0800][55806.220s] GC(117) Pause Young (Normal) (G1 Evacuation Pause)
[2024-04-08T17:09:03.245+0800][55806.220s] GC(117) Using 13 workers of 13 for evacuation
[2024-04-08T17:09:03.248+0800][55806.222s] GC(117)   Pre Evacuate Collection Set: 0.2ms
[2024-04-08T17:09:03.248+0800][55806.222s] GC(117)   Merge Heap Roots: 0.2ms
[2024-04-08T17:09:03.248+0800][55806.222s] GC(117)   Evacuate Collection Set: 1.3ms
[2024-04-08T17:09:03.248+0800][55806.222s] GC(117)   Post Evacuate Collection Set: 0.7ms
[2024-04-08T17:09:03.248+0800][55806.223s] GC(117)   Other: 0.1ms
[2024-04-08T17:09:03.248+0800][55806.223s] GC(117) Eden regions: 305->0(304)
[2024-04-08T17:09:03.248+0800][55806.223s] GC(117) Survivor regions: 2->3(39)
[2024-04-08T17:09:03.248+0800][55806.223s] GC(117) Old regions: 45->45
[2024-04-08T17:09:03.248+0800][55806.223s] GC(117) Humongous regions: 4->4
[2024-04-08T17:09:03.248+0800][55806.223s] GC(117) Metaspace: 67184K(68096K)->67184K(68096K) NonClass: 59659K(60160K)->59659K(60160K) Class: 7524K(7936K)->7524K(7936K)
[2024-04-08T17:09:03.248+0800][55806.223s] GC(117) Pause Young (Normal) (G1 Evacuation Pause) 354M->50M(512M) 2.704ms
[2024-04-08T17:09:03.248+0800][55806.223s] GC(117) User=0.00s Sys=0.00s Real=0.00s
[2024-04-08T17:09:04.700+0800][55807.675s] GC(118) Pause Young (Normal) (G1 Evacuation Pause)
[2024-04-08T17:09:04.700+0800][55807.675s] GC(118) Using 13 workers of 13 for evacuation
[2024-04-08T17:09:04.702+0800][55807.677s] GC(118)   Pre Evacuate Collection Set: 0.1ms
[2024-04-08T17:09:04.702+0800][55807.677s] GC(118)   Merge Heap Roots: 0.1ms
[2024-04-08T17:09:04.702+0800][55807.677s] GC(118)   Evacuate Collection Set: 1.3ms
[2024-04-08T17:09:04.702+0800][55807.677s] GC(118)   Post Evacuate Collection Set: 0.5ms
[2024-04-08T17:09:04.702+0800][55807.677s] GC(118)   Other: 0.1ms
[2024-04-08T17:09:04.702+0800][55807.677s] GC(118) Eden regions: 304->0(305)
[2024-04-08T17:09:04.702+0800][55807.677s] GC(118) Survivor regions: 3->2(39)
[2024-04-08T17:09:04.702+0800][55807.677s] GC(118) Old regions: 45->45
[2024-04-08T17:09:04.702+0800][55807.677s] GC(118) Humongous regions: 4->4
[2024-04-08T17:09:04.702+0800][55807.677s] GC(118) Metaspace: 67184K(68096K)->67184K(68096K) NonClass: 59659K(60160K)->59659K(60160K) Class: 7524K(7936K)->7524K(7936K)
[2024-04-08T17:09:04.702+0800][55807.677s] GC(118) Pause Young (Normal) (G1 Evacuation Pause) 354M->49M(512M) 2.405ms
[2024-04-08T17:09:04.702+0800][55807.677s] GC(118) User=0.00s Sys=0.00s Real=0.00s
[2024-04-08T17:09:06.092+0800][55809.066s] GC(119) Pause Young (Normal) (G1 Evacuation Pause)
[2024-04-08T17:09:06.092+0800][55809.066s] GC(119) Using 13 workers of 13 for evacuation
[2024-04-08T17:09:06.094+0800][55809.068s] GC(119)   Pre Evacuate Collection Set: 0.1ms
[2024-04-08T17:09:06.094+0800][55809.068s] GC(119)   Merge Heap Roots: 0.1ms
[2024-04-08T17:09:06.094+0800][55809.068s] GC(119)   Evacuate Collection Set: 1.3ms
[2024-04-08T17:09:06.094+0800][55809.068s] GC(119)   Post Evacuate Collection Set: 0.4ms
[2024-04-08T17:09:06.094+0800][55809.068s] GC(119)   Other: 0.1ms
[2024-04-08T17:09:06.094+0800][55809.068s] GC(119) Eden regions: 305->0(305)
[2024-04-08T17:09:06.094+0800][55809.068s] GC(119) Survivor regions: 2->2(39)
[2024-04-08T17:09:06.094+0800][55809.068s] GC(119) Old regions: 45->45
[2024-04-08T17:09:06.094+0800][55809.068s] GC(119) Humongous regions: 4->4
[2024-04-08T17:09:06.094+0800][55809.068s] GC(119) Metaspace: 67184K(68096K)->67184K(68096K) NonClass: 59659K(60160K)->59659K(60160K) Class: 7524K(7936K)->7524K(7936K)
[2024-04-08T17:09:06.094+0800][55809.068s] GC(119) Pause Young (Normal) (G1 Evacuation Pause) 354M->50M(512M) 2.170ms
[2024-04-08T17:09:06.094+0800][55809.068s] GC(119) User=0.00s Sys=0.00s Real=0.00s
[2024-04-08T17:09:07.489+0800][55810.464s] GC(120) Pause Young (Normal) (G1 Evacuation Pause)
[2024-04-08T17:09:07.490+0800][55810.464s] GC(120) Using 13 workers of 13 for evacuation
[2024-04-08T17:09:07.492+0800][55810.466s] GC(120)   Pre Evacuate Collection Set: 0.1ms
[2024-04-08T17:09:07.492+0800][55810.466s] GC(120)   Merge Heap Roots: 0.1ms
[2024-04-08T17:09:07.492+0800][55810.466s] GC(120)   Evacuate Collection Set: 1.6ms
[2024-04-08T17:09:07.492+0800][55810.466s] GC(120)   Post Evacuate Collection Set: 0.5ms
[2024-04-08T17:09:07.492+0800][55810.466s] GC(120)   Other: 0.1ms
[2024-04-08T17:09:07.492+0800][55810.466s] GC(120) Eden regions: 305->0(305)
[2024-04-08T17:09:07.492+0800][55810.466s] GC(120) Survivor regions: 2->2(39)
[2024-04-08T17:09:07.492+0800][55810.466s] GC(120) Old regions: 45->45
[2024-04-08T17:09:07.492+0800][55810.466s] GC(120) Humongous regions: 4->4
[2024-04-08T17:09:07.492+0800][55810.466s] GC(120) Metaspace: 67184K(68096K)->67184K(68096K) NonClass: 59659K(60160K)->59659K(60160K) Class: 7524K(7936K)->7524K(7936K)
[2024-04-08T17:09:07.492+0800][55810.466s] GC(120) Pause Young (Normal) (G1 Evacuation Pause) 355M->50M(512M) 2.543ms
[2024-04-08T17:09:07.492+0800][55810.466s] GC(120) User=0.00s Sys=0.00s Real=0.00s
[2024-04-08T17:09:08.846+0800][55811.820s] GC(121) Pause Young (Normal) (G1 Evacuation Pause)
[2024-04-08T17:09:08.846+0800][55811.820s] GC(121) Using 13 workers of 13 for evacuation
[2024-04-08T17:09:08.848+0800][55811.822s] GC(121)   Pre Evacuate Collection Set: 0.2ms
[2024-04-08T17:09:08.848+0800][55811.822s] GC(121)   Merge Heap Roots: 0.2ms
[2024-04-08T17:09:08.848+0800][55811.822s] GC(121)   Evacuate Collection Set: 1.2ms
[2024-04-08T17:09:08.848+0800][55811.822s] GC(121)   Post Evacuate Collection Set: 0.5ms
[2024-04-08T17:09:08.848+0800][55811.822s] GC(121)   Other: 0.1ms
[2024-04-08T17:09:08.848+0800][55811.822s] GC(121) Eden regions: 305->0(305)
[2024-04-08T17:09:08.848+0800][55811.822s] GC(121) Survivor regions: 2->2(39)
[2024-04-08T17:09:08.848+0800][55811.822s] GC(121) Old regions: 45->45
[2024-04-08T17:09:08.848+0800][55811.822s] GC(121) Humongous regions: 4->4
[2024-04-08T17:09:08.848+0800][55811.822s] GC(121) Metaspace: 67184K(68096K)->67184K(68096K) NonClass: 59659K(60160K)->59659K(60160K) Class: 7524K(7936K)->7524K(7936K)
[2024-04-08T17:09:08.848+0800][55811.822s] GC(121) Pause Young (Normal) (G1 Evacuation Pause) 355M->49M(512M) 2.353ms
[2024-04-08T17:09:08.848+0800][55811.822s] GC(121) User=0.00s Sys=0.00s Real=0.00s
[2024-04-08T17:09:10.270+0800][55813.245s] GC(122) Pause Young (Normal) (G1 Evacuation Pause)
[2024-04-08T17:09:10.270+0800][55813.245s] GC(122) Using 13 workers of 13 for evacuation
[2024-04-08T17:09:10.272+0800][55813.247s] GC(122)   Pre Evacuate Collection Set: 0.2ms
[2024-04-08T17:09:10.272+0800][55813.247s] GC(122)   Merge Heap Roots: 0.1ms
[2024-04-08T17:09:10.273+0800][55813.247s] GC(122)   Evacuate Collection Set: 1.4ms
[2024-04-08T17:09:10.273+0800][55813.247s] GC(122)   Post Evacuate Collection Set: 0.5ms
[2024-04-08T17:09:10.273+0800][55813.247s] GC(122)   Other: 0.1ms
[2024-04-08T17:09:10.273+0800][55813.247s] GC(122) Eden regions: 305->0(305)
[2024-04-08T17:09:10.273+0800][55813.247s] GC(122) Survivor regions: 2->2(39)
[2024-04-08T17:09:10.273+0800][55813.247s] GC(122) Old regions: 45->45
[2024-04-08T17:09:10.273+0800][55813.247s] GC(122) Humongous regions: 4->4
[2024-04-08T17:09:10.273+0800][55813.247s] GC(122) Metaspace: 67184K(68096K)->67184K(68096K) NonClass: 59659K(60160K)->59659K(60160K) Class: 7524K(7936K)->7524K(7936K)
[2024-04-08T17:09:10.273+0800][55813.247s] GC(122) Pause Young (Normal) (G1 Evacuation Pause) 354M->49M(512M) 2.582ms
[2024-04-08T17:09:10.273+0800][55813.247s] GC(122) User=0.00s Sys=0.00s Real=0.00s
[2024-04-08T17:09:11.694+0800][55814.669s] GC(123) Pause Young (Normal) (G1 Evacuation Pause)
[2024-04-08T17:09:11.694+0800][55814.669s] GC(123) Using 13 workers of 13 for evacuation
[2024-04-08T17:09:11.697+0800][55814.672s] GC(123)   Pre Evacuate Collection Set: 0.2ms
[2024-04-08T17:09:11.697+0800][55814.672s] GC(123)   Merge Heap Roots: 0.1ms
[2024-04-08T17:09:11.697+0800][55814.672s] GC(123)   Evacuate Collection Set: 1.2ms
[2024-04-08T17:09:11.697+0800][55814.672s] GC(123)   Post Evacuate Collection Set: 0.6ms
[2024-04-08T17:09:11.697+0800][55814.672s] GC(123)   Other: 0.1ms
[2024-04-08T17:09:11.697+0800][55814.672s] GC(123) Eden regions: 305->0(305)
[2024-04-08T17:09:11.697+0800][55814.672s] GC(123) Survivor regions: 2->2(39)
[2024-04-08T17:09:11.697+0800][55814.672s] GC(123) Old regions: 45->45
[2024-04-08T17:09:11.697+0800][55814.672s] GC(123) Humongous regions: 4->4
[2024-04-08T17:09:11.697+0800][55814.672s] GC(123) Metaspace: 67184K(68096K)->67184K(68096K) NonClass: 59659K(60160K)->59659K(60160K) Class: 7524K(7936K)->7524K(7936K)
[2024-04-08T17:09:11.697+0800][55814.672s] GC(123) Pause Young (Normal) (G1 Evacuation Pause) 354M->50M(512M) 2.462ms
[2024-04-08T17:09:11.697+0800][55814.672s] GC(123) User=0.00s Sys=0.00s Real=0.00s
[2024-04-08T17:09:13.019+0800][55815.994s] GC(124) Pause Young (Normal) (G1 Evacuation Pause)
[2024-04-08T17:09:13.019+0800][55815.994s] GC(124) Using 13 workers of 13 for evacuation
[2024-04-08T17:09:13.021+0800][55815.996s] GC(124)   Pre Evacuate Collection Set: 0.2ms
[2024-04-08T17:09:13.021+0800][55815.996s] GC(124)   Merge Heap Roots: 0.2ms
[2024-04-08T17:09:13.021+0800][55815.996s] GC(124)   Evacuate Collection Set: 1.3ms
[2024-04-08T17:09:13.022+0800][55815.997s] GC(124)   Post Evacuate Collection Set: 0.6ms
[2024-04-08T17:09:13.022+0800][55815.997s] GC(124)   Other: 0.1ms
[2024-04-08T17:09:13.022+0800][55815.997s] GC(124) Eden regions: 305->0(305)
[2024-04-08T17:09:13.022+0800][55815.997s] GC(124) Survivor regions: 2->2(39)
[2024-04-08T17:09:13.022+0800][55815.997s] GC(124) Old regions: 45->45
[2024-04-08T17:09:13.022+0800][55815.997s] GC(124) Humongous regions: 4->4
[2024-04-08T17:09:13.022+0800][55815.997s] GC(124) Metaspace: 67185K(68096K)->67185K(68096K) NonClass: 59660K(60160K)->59660K(60160K) Class: 7524K(7936K)->7524K(7936K)
[2024-04-08T17:09:13.022+0800][55815.997s] GC(124) Pause Young (Normal) (G1 Evacuation Pause) 355M->49M(512M) 2.557ms
[2024-04-08T17:09:13.022+0800][55815.997s] GC(124) User=0.00s Sys=0.00s Real=0.00s
[2024-04-08T17:09:14.399+0800][55817.374s] GC(125) Pause Young (Normal) (G1 Evacuation Pause)
[2024-04-08T17:09:14.399+0800][55817.374s] GC(125) Using 13 workers of 13 for evacuation
[2024-04-08T17:09:14.401+0800][55817.376s] GC(125)   Pre Evacuate Collection Set: 0.2ms
[2024-04-08T17:09:14.401+0800][55817.376s] GC(125)   Merge Heap Roots: 0.1ms
[2024-04-08T17:09:14.401+0800][55817.376s] GC(125)   Evacuate Collection Set: 1.6ms
[2024-04-08T17:09:14.401+0800][55817.376s] GC(125)   Post Evacuate Collection Set: 0.5ms
[2024-04-08T17:09:14.401+0800][55817.376s] GC(125)   Other: 0.1ms
[2024-04-08T17:09:14.401+0800][55817.376s] GC(125) Eden regions: 305->0(304)
[2024-04-08T17:09:14.401+0800][55817.376s] GC(125) Survivor regions: 2->3(39)
[2024-04-08T17:09:14.401+0800][55817.376s] GC(125) Old regions: 45->45
[2024-04-08T17:09:14.401+0800][55817.376s] GC(125) Humongous regions: 4->4
[2024-04-08T17:09:14.401+0800][55817.376s] GC(125) Metaspace: 67185K(68096K)->67185K(68096K) NonClass: 59660K(60160K)->59660K(60160K) Class: 7524K(7936K)->7524K(7936K)
[2024-04-08T17:09:14.401+0800][55817.376s] GC(125) Pause Young (Normal) (G1 Evacuation Pause) 354M->50M(512M) 2.782ms
[2024-04-08T17:09:14.401+0800][55817.376s] GC(125) User=0.22s Sys=0.00s Real=0.00s
[2024-04-08T17:09:15.706+0800][55818.681s] GC(126) Pause Young (Normal) (G1 Evacuation Pause)
[2024-04-08T17:09:15.706+0800][55818.681s] GC(126) Using 13 workers of 13 for evacuation
[2024-04-08T17:09:15.709+0800][55818.683s] GC(126)   Pre Evacuate Collection Set: 0.2ms
[2024-04-08T17:09:15.709+0800][55818.683s] GC(126)   Merge Heap Roots: 0.1ms
[2024-04-08T17:09:15.709+0800][55818.683s] GC(126)   Evacuate Collection Set: 1.5ms
[2024-04-08T17:09:15.709+0800][55818.683s] GC(126)   Post Evacuate Collection Set: 0.6ms
[2024-04-08T17:09:15.709+0800][55818.683s] GC(126)   Other: 0.1ms
[2024-04-08T17:09:15.709+0800][55818.684s] GC(126) Eden regions: 304->0(305)
[2024-04-08T17:09:15.709+0800][55818.684s] GC(126) Survivor regions: 3->2(39)
[2024-04-08T17:09:15.709+0800][55818.684s] GC(126) Old regions: 45->45
[2024-04-08T17:09:15.709+0800][55818.684s] GC(126) Humongous regions: 4->4
[2024-04-08T17:09:15.709+0800][55818.684s] GC(126) Metaspace: 67185K(68096K)->67185K(68096K) NonClass: 59660K(60160K)->59660K(60160K) Class: 7524K(7936K)->7524K(7936K)
[2024-04-08T17:09:15.709+0800][55818.684s] GC(126) Pause Young (Normal) (G1 Evacuation Pause) 354M->50M(512M) 2.674ms
[2024-04-08T17:09:15.709+0800][55818.684s] GC(126) User=0.00s Sys=0.00s Real=0.00s
[2024-04-08T17:09:17.075+0800][55820.049s] GC(127) Pause Young (Normal) (G1 Evacuation Pause)
[2024-04-08T17:09:17.075+0800][55820.049s] GC(127) Using 13 workers of 13 for evacuation
[2024-04-08T17:09:17.077+0800][55820.052s] GC(127)   Pre Evacuate Collection Set: 0.2ms
[2024-04-08T17:09:17.077+0800][55820.052s] GC(127)   Merge Heap Roots: 0.1ms
[2024-04-08T17:09:17.077+0800][55820.052s] GC(127)   Evacuate Collection Set: 1.4ms
[2024-04-08T17:09:17.077+0800][55820.052s] GC(127)   Post Evacuate Collection Set: 0.5ms
[2024-04-08T17:09:17.077+0800][55820.052s] GC(127)   Other: 0.1ms
[2024-04-08T17:09:17.077+0800][55820.052s] GC(127) Eden regions: 305->0(305)
[2024-04-08T17:09:17.077+0800][55820.052s] GC(127) Survivor regions: 2->2(39)
[2024-04-08T17:09:17.077+0800][55820.052s] GC(127) Old regions: 45->45
[2024-04-08T17:09:17.077+0800][55820.052s] GC(127) Humongous regions: 4->4
[2024-04-08T17:09:17.077+0800][55820.052s] GC(127) Metaspace: 67185K(68096K)->67185K(68096K) NonClass: 59660K(60160K)->59660K(60160K) Class: 7524K(7936K)->7524K(7936K)
[2024-04-08T17:09:17.077+0800][55820.052s] GC(127) Pause Young (Normal) (G1 Evacuation Pause) 355M->50M(512M) 2.450ms
[2024-04-08T17:09:17.077+0800][55820.052s] GC(127) User=0.00s Sys=0.00s Real=0.00s
[2024-04-08T17:09:18.461+0800][55821.436s] GC(128) Pause Young (Normal) (G1 Evacuation Pause)
[2024-04-08T17:09:18.461+0800][55821.436s] GC(128) Using 13 workers of 13 for evacuation
[2024-04-08T17:09:18.463+0800][55821.438s] GC(128)   Pre Evacuate Collection Set: 0.2ms
[2024-04-08T17:09:18.463+0800][55821.438s] GC(128)   Merge Heap Roots: 0.1ms
[2024-04-08T17:09:18.463+0800][55821.438s] GC(128)   Evacuate Collection Set: 1.3ms
[2024-04-08T17:09:18.463+0800][55821.438s] GC(128)   Post Evacuate Collection Set: 0.5ms
[2024-04-08T17:09:18.463+0800][55821.438s] GC(128)   Other: 0.1ms
[2024-04-08T17:09:18.463+0800][55821.438s] GC(128) Eden regions: 305->0(305)
[2024-04-08T17:09:18.463+0800][55821.438s] GC(128) Survivor regions: 2->2(39)
[2024-04-08T17:09:18.463+0800][55821.438s] GC(128) Old regions: 45->45
[2024-04-08T17:09:18.463+0800][55821.438s] GC(128) Humongous regions: 4->4
[2024-04-08T17:09:18.463+0800][55821.438s] GC(128) Metaspace: 67186K(68096K)->67186K(68096K) NonClass: 59661K(60160K)->59661K(60160K) Class: 7524K(7936K)->7524K(7936K)
[2024-04-08T17:09:18.463+0800][55821.438s] GC(128) Pause Young (Normal) (G1 Evacuation Pause) 355M->50M(512M) 2.342ms
[2024-04-08T17:09:18.464+0800][55821.438s] GC(128) User=0.05s Sys=0.00s Real=0.00s
[2024-04-08T17:09:19.844+0800][55822.819s] GC(129) Pause Young (Normal) (G1 Evacuation Pause)
[2024-04-08T17:09:19.844+0800][55822.819s] GC(129) Using 13 workers of 13 for evacuation
[2024-04-08T17:09:19.847+0800][55822.821s] GC(129)   Pre Evacuate Collection Set: 0.2ms
[2024-04-08T17:09:19.847+0800][55822.822s] GC(129)   Merge Heap Roots: 0.1ms
[2024-04-08T17:09:19.847+0800][55822.822s] GC(129)   Evacuate Collection Set: 1.5ms
[2024-04-08T17:09:19.847+0800][55822.822s] GC(129)   Post Evacuate Collection Set: 0.7ms
[2024-04-08T17:09:19.847+0800][55822.822s] GC(129)   Other: 0.1ms
[2024-04-08T17:09:19.847+0800][55822.822s] GC(129) Eden regions: 305->0(305)
[2024-04-08T17:09:19.847+0800][55822.822s] GC(129) Survivor regions: 2->2(39)
[2024-04-08T17:09:19.847+0800][55822.822s] GC(129) Old regions: 45->45
[2024-04-08T17:09:19.847+0800][55822.822s] GC(129) Humongous regions: 4->4
[2024-04-08T17:09:19.847+0800][55822.822s] GC(129) Metaspace: 67186K(68096K)->67186K(68096K) NonClass: 59661K(60160K)->59661K(60160K) Class: 7524K(7936K)->7524K(7936K)
[2024-04-08T17:09:19.847+0800][55822.822s] GC(129) Pause Young (Normal) (G1 Evacuation Pause) 355M->50M(512M) 2.856ms
[2024-04-08T17:09:19.847+0800][55822.822s] GC(129) User=0.00s Sys=0.00s Real=0.00s
[2024-04-08T17:09:21.263+0800][55824.238s] GC(130) Pause Young (Normal) (G1 Evacuation Pause)
[2024-04-08T17:09:21.263+0800][55824.238s] GC(130) Using 13 workers of 13 for evacuation
[2024-04-08T17:09:21.266+0800][55824.240s] GC(130)   Pre Evacuate Collection Set: 0.2ms
[2024-04-08T17:09:21.266+0800][55824.240s] GC(130)   Merge Heap Roots: 0.1ms
[2024-04-08T17:09:21.266+0800][55824.240s] GC(130)   Evacuate Collection Set: 1.5ms
[2024-04-08T17:09:21.266+0800][55824.240s] GC(130)   Post Evacuate Collection Set: 0.5ms
[2024-04-08T17:09:21.266+0800][55824.240s] GC(130)   Other: 0.1ms
[2024-04-08T17:09:21.266+0800][55824.240s] GC(130) Eden regions: 305->0(305)
[2024-04-08T17:09:21.266+0800][55824.240s] GC(130) Survivor regions: 2->2(39)
[2024-04-08T17:09:21.266+0800][55824.240s] GC(130) Old regions: 45->45
[2024-04-08T17:09:21.266+0800][55824.240s] GC(130) Humongous regions: 4->4
[2024-04-08T17:09:21.266+0800][55824.240s] GC(130) Metaspace: 67187K(68096K)->67187K(68096K) NonClass: 59662K(60160K)->59662K(60160K) Class: 7524K(7936K)->7524K(7936K)
[2024-04-08T17:09:21.266+0800][55824.240s] GC(130) Pause Young (Normal) (G1 Evacuation Pause) 355M->49M(512M) 2.584ms
[2024-04-08T17:09:21.266+0800][55824.240s] GC(130) User=0.00s Sys=0.00s Real=0.00s
[2024-04-08T17:09:22.642+0800][55825.617s] GC(131) Pause Young (Normal) (G1 Evacuation Pause)
[2024-04-08T17:09:22.642+0800][55825.617s] GC(131) Using 13 workers of 13 for evacuation
[2024-04-08T17:09:22.645+0800][55825.619s] GC(131)   Pre Evacuate Collection Set: 0.1ms
[2024-04-08T17:09:22.645+0800][55825.619s] GC(131)   Merge Heap Roots: 0.1ms
[2024-04-08T17:09:22.645+0800][55825.619s] GC(131)   Evacuate Collection Set: 1.5ms
[2024-04-08T17:09:22.645+0800][55825.619s] GC(131)   Post Evacuate Collection Set: 0.5ms
[2024-04-08T17:09:22.645+0800][55825.619s] GC(131)   Other: 0.1ms
[2024-04-08T17:09:22.645+0800][55825.619s] GC(131) Eden regions: 305->0(305)
[2024-04-08T17:09:22.645+0800][55825.619s] GC(131) Survivor regions: 2->2(39)
[2024-04-08T17:09:22.645+0800][55825.619s] GC(131) Old regions: 45->45
[2024-04-08T17:09:22.645+0800][55825.619s] GC(131) Humongous regions: 4->4
[2024-04-08T17:09:22.645+0800][55825.619s] GC(131) Metaspace: 67188K(68096K)->67188K(68096K) NonClass: 59663K(60160K)->59663K(60160K) Class: 7524K(7936K)->7524K(7936K)
[2024-04-08T17:09:22.645+0800][55825.619s] GC(131) Pause Young (Normal) (G1 Evacuation Pause) 354M->50M(512M) 2.612ms
[2024-04-08T17:09:22.645+0800][55825.619s] GC(131) User=0.00s Sys=0.00s Real=0.00s
[2024-04-08T17:09:24.046+0800][55827.021s] GC(132) Pause Young (Normal) (G1 Evacuation Pause)
[2024-04-08T17:09:24.047+0800][55827.021s] GC(132) Using 13 workers of 13 for evacuation
[2024-04-08T17:09:24.049+0800][55827.023s] GC(132)   Pre Evacuate Collection Set: 0.2ms
[2024-04-08T17:09:24.049+0800][55827.023s] GC(132)   Merge Heap Roots: 0.1ms
[2024-04-08T17:09:24.049+0800][55827.023s] GC(132)   Evacuate Collection Set: 1.3ms
[2024-04-08T17:09:24.049+0800][55827.023s] GC(132)   Post Evacuate Collection Set: 0.5ms
[2024-04-08T17:09:24.049+0800][55827.023s] GC(132)   Other: 0.1ms
[2024-04-08T17:09:24.049+0800][55827.023s] GC(132) Eden regions: 305->0(305)
[2024-04-08T17:09:24.049+0800][55827.023s] GC(132) Survivor regions: 2->2(39)
[2024-04-08T17:09:24.049+0800][55827.023s] GC(132) Old regions: 45->45
[2024-04-08T17:09:24.049+0800][55827.023s] GC(132) Humongous regions: 4->4
[2024-04-08T17:09:24.049+0800][55827.023s] GC(132) Metaspace: 67188K(68096K)->67188K(68096K) NonClass: 59663K(60160K)->59663K(60160K) Class: 7524K(7936K)->7524K(7936K)
[2024-04-08T17:09:24.049+0800][55827.023s] GC(132) Pause Young (Normal) (G1 Evacuation Pause) 355M->50M(512M) 2.407ms
[2024-04-08T17:09:24.049+0800][55827.023s] GC(132) User=0.00s Sys=0.00s Real=0.00s
[2024-04-08T17:09:25.491+0800][55828.465s] GC(133) Pause Young (Normal) (G1 Evacuation Pause)
[2024-04-08T17:09:25.491+0800][55828.465s] GC(133) Using 13 workers of 13 for evacuation
[2024-04-08T17:09:25.494+0800][55828.468s] GC(133)   Pre Evacuate Collection Set: 0.2ms
[2024-04-08T17:09:25.494+0800][55828.468s] GC(133)   Merge Heap Roots: 0.1ms
[2024-04-08T17:09:25.494+0800][55828.468s] GC(133)   Evacuate Collection Set: 1.4ms
[2024-04-08T17:09:25.494+0800][55828.468s] GC(133)   Post Evacuate Collection Set: 0.6ms
[2024-04-08T17:09:25.494+0800][55828.468s] GC(133)   Other: 0.1ms
[2024-04-08T17:09:25.494+0800][55828.468s] GC(133) Eden regions: 305->0(305)
[2024-04-08T17:09:25.494+0800][55828.468s] GC(133) Survivor regions: 2->2(39)
[2024-04-08T17:09:25.494+0800][55828.468s] GC(133) Old regions: 45->45
[2024-04-08T17:09:25.494+0800][55828.468s] GC(133) Humongous regions: 4->4
[2024-04-08T17:09:25.494+0800][55828.468s] GC(133) Metaspace: 67191K(68096K)->67191K(68096K) NonClass: 59666K(60160K)->59666K(60160K) Class: 7524K(7936K)->7524K(7936K)
[2024-04-08T17:09:25.494+0800][55828.468s] GC(133) Pause Young (Normal) (G1 Evacuation Pause) 355M->50M(512M) 2.601ms
[2024-04-08T17:09:25.494+0800][55828.468s] GC(133) User=0.00s Sys=0.00s Real=0.00s
[2024-04-08T17:09:26.864+0800][55829.839s] GC(134) Pause Young (Normal) (G1 Evacuation Pause)
[2024-04-08T17:09:26.864+0800][55829.839s] GC(134) Using 13 workers of 13 for evacuation
[2024-04-08T17:09:26.866+0800][55829.841s] GC(134)   Pre Evacuate Collection Set: 0.2ms
[2024-04-08T17:09:26.866+0800][55829.841s] GC(134)   Merge Heap Roots: 0.1ms
[2024-04-08T17:09:26.866+0800][55829.841s] GC(134)   Evacuate Collection Set: 1.3ms
[2024-04-08T17:09:26.866+0800][55829.841s] GC(134)   Post Evacuate Collection Set: 0.5ms
[2024-04-08T17:09:26.866+0800][55829.841s] GC(134)   Other: 0.1ms
[2024-04-08T17:09:26.866+0800][55829.841s] GC(134) Eden regions: 305->0(305)
[2024-04-08T17:09:26.866+0800][55829.841s] GC(134) Survivor regions: 2->2(39)
[2024-04-08T17:09:26.866+0800][55829.841s] GC(134) Old regions: 45->45
[2024-04-08T17:09:26.866+0800][55829.841s] GC(134) Humongous regions: 4->4
[2024-04-08T17:09:26.866+0800][55829.841s] GC(134) Metaspace: 67193K(68096K)->67193K(68096K) NonClass: 59669K(60160K)->59669K(60160K) Class: 7524K(7936K)->7524K(7936K)
[2024-04-08T17:09:26.866+0800][55829.841s] GC(134) Pause Young (Normal) (G1 Evacuation Pause) 355M->50M(512M) 2.378ms
[2024-04-08T17:09:26.866+0800][55829.841s] GC(134) User=0.00s Sys=0.00s Real=0.00s
[2024-04-08T17:09:28.266+0800][55831.240s] GC(135) Pause Young (Normal) (G1 Evacuation Pause)
[2024-04-08T17:09:28.266+0800][55831.240s] GC(135) Using 13 workers of 13 for evacuation
[2024-04-08T17:09:28.268+0800][55831.243s] GC(135)   Pre Evacuate Collection Set: 0.2ms
[2024-04-08T17:09:28.268+0800][55831.243s] GC(135)   Merge Heap Roots: 0.1ms
[2024-04-08T17:09:28.268+0800][55831.243s] GC(135)   Evacuate Collection Set: 1.6ms
[2024-04-08T17:09:28.268+0800][55831.243s] GC(135)   Post Evacuate Collection Set: 0.6ms
[2024-04-08T17:09:28.268+0800][55831.243s] GC(135)   Other: 0.1ms
[2024-04-08T17:09:28.268+0800][55831.243s] GC(135) Eden regions: 305->0(305)
[2024-04-08T17:09:28.268+0800][55831.243s] GC(135) Survivor regions: 2->2(39)
[2024-04-08T17:09:28.268+0800][55831.243s] GC(135) Old regions: 45->45
[2024-04-08T17:09:28.268+0800][55831.243s] GC(135) Humongous regions: 4->4
[2024-04-08T17:09:28.268+0800][55831.243s] GC(135) Metaspace: 67193K(68096K)->67193K(68096K) NonClass: 59669K(60160K)->59669K(60160K) Class: 7524K(7936K)->7524K(7936K)
[2024-04-08T17:09:28.268+0800][55831.243s] GC(135) Pause Young (Normal) (G1 Evacuation Pause) 355M->50M(512M) 2.858ms
[2024-04-08T17:09:28.269+0800][55831.243s] GC(135) User=0.00s Sys=0.00s Real=0.00s
[2024-04-08T17:09:29.661+0800][55832.636s] GC(136) Pause Young (Normal) (G1 Evacuation Pause)
[2024-04-08T17:09:29.661+0800][55832.636s] GC(136) Using 13 workers of 13 for evacuation
[2024-04-08T17:09:29.663+0800][55832.638s] GC(136)   Pre Evacuate Collection Set: 0.2ms
[2024-04-08T17:09:29.663+0800][55832.638s] GC(136)   Merge Heap Roots: 0.2ms
[2024-04-08T17:09:29.663+0800][55832.638s] GC(136)   Evacuate Collection Set: 1.4ms
[2024-04-08T17:09:29.664+0800][55832.638s] GC(136)   Post Evacuate Collection Set: 0.7ms
[2024-04-08T17:09:29.664+0800][55832.638s] GC(136)   Other: 0.1ms
[2024-04-08T17:09:29.664+0800][55832.638s] GC(136) Eden regions: 305->0(305)
[2024-04-08T17:09:29.664+0800][55832.638s] GC(136) Survivor regions: 2->2(39)
[2024-04-08T17:09:29.664+0800][55832.638s] GC(136) Old regions: 45->45
[2024-04-08T17:09:29.664+0800][55832.638s] GC(136) Humongous regions: 4->4
[2024-04-08T17:09:29.664+0800][55832.638s] GC(136) Metaspace: 67193K(68096K)->67193K(68096K) NonClass: 59669K(60160K)->59669K(60160K) Class: 7524K(7936K)->7524K(7936K)
[2024-04-08T17:09:29.664+0800][55832.638s] GC(136) Pause Young (Normal) (G1 Evacuation Pause) 355M->50M(512M) 2.814ms
[2024-04-08T17:09:29.664+0800][55832.639s] GC(136) User=0.00s Sys=0.00s Real=0.00s
[2024-04-08T17:09:31.018+0800][55833.993s] GC(137) Pause Young (Normal) (G1 Evacuation Pause)
[2024-04-08T17:09:31.019+0800][55833.993s] GC(137) Using 13 workers of 13 for evacuation
[2024-04-08T17:09:31.021+0800][55833.995s] GC(137)   Pre Evacuate Collection Set: 0.2ms
[2024-04-08T17:09:31.021+0800][55833.995s] GC(137)   Merge Heap Roots: 0.2ms
[2024-04-08T17:09:31.021+0800][55833.996s] GC(137)   Evacuate Collection Set: 1.1ms
[2024-04-08T17:09:31.021+0800][55833.996s] GC(137)   Post Evacuate Collection Set: 0.6ms
[2024-04-08T17:09:31.021+0800][55833.996s] GC(137)   Other: 0.1ms
[2024-04-08T17:09:31.021+0800][55833.996s] GC(137) Eden regions: 305->0(305)
[2024-04-08T17:09:31.021+0800][55833.996s] GC(137) Survivor regions: 2->2(39)
[2024-04-08T17:09:31.021+0800][55833.996s] GC(137) Old regions: 45->45
[2024-04-08T17:09:31.021+0800][55833.996s] GC(137) Humongous regions: 4->4
[2024-04-08T17:09:31.021+0800][55833.996s] GC(137) Metaspace: 67193K(68096K)->67193K(68096K) NonClass: 59669K(60160K)->59669K(60160K) Class: 7524K(7936K)->7524K(7936K)
[2024-04-08T17:09:31.021+0800][55833.996s] GC(137) Pause Young (Normal) (G1 Evacuation Pause) 355M->50M(512M) 2.275ms
[2024-04-08T17:09:31.021+0800][55833.996s] GC(137) User=0.00s Sys=0.00s Real=0.00s
[2024-04-08T17:09:32.439+0800][55835.414s] GC(138) Pause Young (Normal) (G1 Evacuation Pause)
[2024-04-08T17:09:32.439+0800][55835.414s] GC(138) Using 13 workers of 13 for evacuation
[2024-04-08T17:09:32.442+0800][55835.416s] GC(138)   Pre Evacuate Collection Set: 0.2ms
[2024-04-08T17:09:32.442+0800][55835.416s] GC(138)   Merge Heap Roots: 0.1ms
[2024-04-08T17:09:32.442+0800][55835.416s] GC(138)   Evacuate Collection Set: 1.3ms
[2024-04-08T17:09:32.442+0800][55835.416s] GC(138)   Post Evacuate Collection Set: 0.7ms
[2024-04-08T17:09:32.442+0800][55835.416s] GC(138)   Other: 0.1ms
[2024-04-08T17:09:32.442+0800][55835.416s] GC(138) Eden regions: 305->0(305)
[2024-04-08T17:09:32.442+0800][55835.416s] GC(138) Survivor regions: 2->2(39)
[2024-04-08T17:09:32.442+0800][55835.416s] GC(138) Old regions: 45->45
[2024-04-08T17:09:32.442+0800][55835.416s] GC(138) Humongous regions: 4->4
[2024-04-08T17:09:32.442+0800][55835.416s] GC(138) Metaspace: 67193K(68096K)->67193K(68096K) NonClass: 59669K(60160K)->59669K(60160K) Class: 7524K(7936K)->7524K(7936K)
[2024-04-08T17:09:32.442+0800][55835.416s] GC(138) Pause Young (Normal) (G1 Evacuation Pause) 355M->50M(512M) 2.555ms
[2024-04-08T17:09:32.442+0800][55835.416s] GC(138) User=0.00s Sys=0.00s Real=0.00s
[2024-04-08T17:09:33.789+0800][55836.764s] GC(139) Pause Young (Normal) (G1 Evacuation Pause)
[2024-04-08T17:09:33.789+0800][55836.764s] GC(139) Using 13 workers of 13 for evacuation
[2024-04-08T17:09:33.791+0800][55836.766s] GC(139)   Pre Evacuate Collection Set: 0.2ms
[2024-04-08T17:09:33.791+0800][55836.766s] GC(139)   Merge Heap Roots: 0.1ms
[2024-04-08T17:09:33.791+0800][55836.766s] GC(139)   Evacuate Collection Set: 1.3ms
[2024-04-08T17:09:33.791+0800][55836.766s] GC(139)   Post Evacuate Collection Set: 0.5ms
[2024-04-08T17:09:33.791+0800][55836.766s] GC(139)   Other: 0.1ms
[2024-04-08T17:09:33.791+0800][55836.766s] GC(139) Eden regions: 305->0(305)
[2024-04-08T17:09:33.791+0800][55836.766s] GC(139) Survivor regions: 2->2(39)
[2024-04-08T17:09:33.791+0800][55836.766s] GC(139) Old regions: 45->45
[2024-04-08T17:09:33.791+0800][55836.766s] GC(139) Humongous regions: 4->4
[2024-04-08T17:09:33.791+0800][55836.766s] GC(139) Metaspace: 67193K(68096K)->67193K(68096K) NonClass: 59669K(60160K)->59669K(60160K) Class: 7524K(7936K)->7524K(7936K)
[2024-04-08T17:09:33.791+0800][55836.766s] GC(139) Pause Young (Normal) (G1 Evacuation Pause) 355M->50M(512M) 2.405ms
[2024-04-08T17:09:33.791+0800][55836.766s] GC(139) User=0.00s Sys=0.00s Real=0.00s
[2024-04-08T17:09:35.133+0800][55838.107s] GC(140) Pause Young (Normal) (G1 Evacuation Pause)
[2024-04-08T17:09:35.133+0800][55838.107s] GC(140) Using 13 workers of 13 for evacuation
[2024-04-08T17:09:35.135+0800][55838.109s] GC(140)   Pre Evacuate Collection Set: 0.2ms
[2024-04-08T17:09:35.135+0800][55838.109s] GC(140)   Merge Heap Roots: 0.1ms
[2024-04-08T17:09:35.135+0800][55838.109s] GC(140)   Evacuate Collection Set: 1.5ms
[2024-04-08T17:09:35.135+0800][55838.109s] GC(140)   Post Evacuate Collection Set: 0.7ms
[2024-04-08T17:09:35.135+0800][55838.109s] GC(140)   Other: 0.1ms
[2024-04-08T17:09:35.135+0800][55838.109s] GC(140) Eden regions: 305->0(305)
[2024-04-08T17:09:35.135+0800][55838.109s] GC(140) Survivor regions: 2->2(39)
[2024-04-08T17:09:35.135+0800][55838.109s] GC(140) Old regions: 45->45
[2024-04-08T17:09:35.135+0800][55838.109s] GC(140) Humongous regions: 4->4
[2024-04-08T17:09:35.135+0800][55838.109s] GC(140) Metaspace: 67193K(68096K)->67193K(68096K) NonClass: 59669K(60160K)->59669K(60160K) Class: 7524K(7936K)->7524K(7936K)
[2024-04-08T17:09:35.135+0800][55838.109s] GC(140) Pause Young (Normal) (G1 Evacuation Pause) 355M->50M(512M) 2.746ms
[2024-04-08T17:09:35.135+0800][55838.109s] GC(140) User=0.02s Sys=0.00s Real=0.00s
[2024-04-08T17:09:36.541+0800][55839.515s] GC(141) Pause Young (Normal) (G1 Evacuation Pause)
[2024-04-08T17:09:36.541+0800][55839.515s] GC(141) Using 13 workers of 13 for evacuation
[2024-04-08T17:09:36.544+0800][55839.518s] GC(141)   Pre Evacuate Collection Set: 0.2ms
[2024-04-08T17:09:36.544+0800][55839.518s] GC(141)   Merge Heap Roots: 0.1ms
[2024-04-08T17:09:36.544+0800][55839.518s] GC(141)   Evacuate Collection Set: 1.4ms
[2024-04-08T17:09:36.544+0800][55839.518s] GC(141)   Post Evacuate Collection Set: 0.6ms
[2024-04-08T17:09:36.544+0800][55839.518s] GC(141)   Other: 0.1ms
[2024-04-08T17:09:36.544+0800][55839.518s] GC(141) Eden regions: 305->0(305)
[2024-04-08T17:09:36.544+0800][55839.518s] GC(141) Survivor regions: 2->2(39)
[2024-04-08T17:09:36.544+0800][55839.518s] GC(141) Old regions: 45->45
[2024-04-08T17:09:36.544+0800][55839.518s] GC(141) Humongous regions: 4->4
[2024-04-08T17:09:36.544+0800][55839.518s] GC(141) Metaspace: 67193K(68096K)->67193K(68096K) NonClass: 59669K(60160K)->59669K(60160K) Class: 7524K(7936K)->7524K(7936K)
[2024-04-08T17:09:36.544+0800][55839.518s] GC(141) Pause Young (Normal) (G1 Evacuation Pause) 355M->50M(512M) 2.589ms
[2024-04-08T17:09:36.544+0800][55839.518s] GC(141) User=0.00s Sys=0.00s Real=0.00s
[2024-04-08T17:09:37.963+0800][55840.937s] GC(142) Pause Young (Normal) (G1 Evacuation Pause)
[2024-04-08T17:09:37.963+0800][55840.937s] GC(142) Using 13 workers of 13 for evacuation
[2024-04-08T17:09:37.965+0800][55840.940s] GC(142)   Pre Evacuate Collection Set: 0.2ms
[2024-04-08T17:09:37.966+0800][55840.940s] GC(142)   Merge Heap Roots: 0.1ms
[2024-04-08T17:09:37.966+0800][55840.940s] GC(142)   Evacuate Collection Set: 1.4ms
[2024-04-08T17:09:37.966+0800][55840.940s] GC(142)   Post Evacuate Collection Set: 0.5ms
[2024-04-08T17:09:37.966+0800][55840.940s] GC(142)   Other: 0.1ms
[2024-04-08T17:09:37.966+0800][55840.940s] GC(142) Eden regions: 305->0(305)
[2024-04-08T17:09:37.966+0800][55840.940s] GC(142) Survivor regions: 2->2(39)
[2024-04-08T17:09:37.966+0800][55840.940s] GC(142) Old regions: 45->45
[2024-04-08T17:09:37.966+0800][55840.940s] GC(142) Humongous regions: 4->4
[2024-04-08T17:09:37.966+0800][55840.940s] GC(142) Metaspace: 67193K(68096K)->67193K(68096K) NonClass: 59669K(60160K)->59669K(60160K) Class: 7524K(7936K)->7524K(7936K)
[2024-04-08T17:09:37.966+0800][55840.940s] GC(142) Pause Young (Normal) (G1 Evacuation Pause) 355M->50M(512M) 2.510ms
[2024-04-08T17:09:37.966+0800][55840.940s] GC(142) User=0.00s Sys=0.00s Real=0.00s
[2024-04-08T17:09:39.357+0800][55842.331s] GC(143) Pause Young (Normal) (G1 Evacuation Pause)
[2024-04-08T17:09:39.357+0800][55842.331s] GC(143) Using 13 workers of 13 for evacuation
[2024-04-08T17:09:39.359+0800][55842.333s] GC(143)   Pre Evacuate Collection Set: 0.2ms
[2024-04-08T17:09:39.359+0800][55842.333s] GC(143)   Merge Heap Roots: 0.1ms
[2024-04-08T17:09:39.359+0800][55842.333s] GC(143)   Evacuate Collection Set: 1.2ms
[2024-04-08T17:09:39.359+0800][55842.333s] GC(143)   Post Evacuate Collection Set: 0.5ms
[2024-04-08T17:09:39.359+0800][55842.333s] GC(143)   Other: 0.1ms
[2024-04-08T17:09:39.359+0800][55842.333s] GC(143) Eden regions: 305->0(305)
[2024-04-08T17:09:39.359+0800][55842.333s] GC(143) Survivor regions: 2->2(39)
[2024-04-08T17:09:39.359+0800][55842.333s] GC(143) Old regions: 45->45
[2024-04-08T17:09:39.359+0800][55842.333s] GC(143) Humongous regions: 4->4
[2024-04-08T17:09:39.359+0800][55842.333s] GC(143) Metaspace: 67195K(68096K)->67195K(68096K) NonClass: 59670K(60160K)->59670K(60160K) Class: 7524K(7936K)->7524K(7936K)
[2024-04-08T17:09:39.359+0800][55842.333s] GC(143) Pause Young (Normal) (G1 Evacuation Pause) 355M->50M(512M) 2.335ms
[2024-04-08T17:09:39.359+0800][55842.333s] GC(143) User=0.00s Sys=0.00s Real=0.00s
[2024-04-08T17:09:40.747+0800][55843.721s] GC(144) Pause Young (Normal) (G1 Evacuation Pause)
[2024-04-08T17:09:40.747+0800][55843.721s] GC(144) Using 13 workers of 13 for evacuation
[2024-04-08T17:09:40.750+0800][55843.724s] GC(144)   Pre Evacuate Collection Set: 0.2ms
[2024-04-08T17:09:40.750+0800][55843.724s] GC(144)   Merge Heap Roots: 0.1ms
[2024-04-08T17:09:40.750+0800][55843.724s] GC(144)   Evacuate Collection Set: 1.3ms
[2024-04-08T17:09:40.750+0800][55843.724s] GC(144)   Post Evacuate Collection Set: 0.6ms
[2024-04-08T17:09:40.750+0800][55843.724s] GC(144)   Other: 0.1ms
[2024-04-08T17:09:40.750+0800][55843.724s] GC(144) Eden regions: 305->0(305)
[2024-04-08T17:09:40.750+0800][55843.724s] GC(144) Survivor regions: 2->2(39)
[2024-04-08T17:09:40.750+0800][55843.724s] GC(144) Old regions: 45->46
[2024-04-08T17:09:40.750+0800][55843.724s] GC(144) Humongous regions: 4->4
[2024-04-08T17:09:40.750+0800][55843.724s] GC(144) Metaspace: 67197K(68096K)->67197K(68096K) NonClass: 59672K(60160K)->59672K(60160K) Class: 7525K(7936K)->7525K(7936K)
[2024-04-08T17:09:40.750+0800][55843.724s] GC(144) Pause Young (Normal) (G1 Evacuation Pause) 355M->50M(512M) 2.561ms
[2024-04-08T17:09:40.750+0800][55843.724s] GC(144) User=0.00s Sys=0.00s Real=0.00s
[2024-04-08T17:09:42.152+0800][55845.126s] GC(145) Pause Young (Normal) (G1 Evacuation Pause)
[2024-04-08T17:09:42.152+0800][55845.126s] GC(145) Using 13 workers of 13 for evacuation
[2024-04-08T17:09:42.154+0800][55845.129s] GC(145)   Pre Evacuate Collection Set: 0.2ms
[2024-04-08T17:09:42.155+0800][55845.129s] GC(145)   Merge Heap Roots: 0.1ms
[2024-04-08T17:09:42.155+0800][55845.129s] GC(145)   Evacuate Collection Set: 1.7ms
[2024-04-08T17:09:42.155+0800][55845.129s] GC(145)   Post Evacuate Collection Set: 0.7ms
[2024-04-08T17:09:42.155+0800][55845.129s] GC(145)   Other: 0.1ms
[2024-04-08T17:09:42.155+0800][55845.129s] GC(145) Eden regions: 305->0(305)
[2024-04-08T17:09:42.155+0800][55845.129s] GC(145) Survivor regions: 2->2(39)
[2024-04-08T17:09:42.155+0800][55845.129s] GC(145) Old regions: 46->46
[2024-04-08T17:09:42.155+0800][55845.129s] GC(145) Humongous regions: 4->4
[2024-04-08T17:09:42.155+0800][55845.129s] GC(145) Metaspace: 67198K(68096K)->67198K(68096K) NonClass: 59673K(60160K)->59673K(60160K) Class: 7525K(7936K)->7525K(7936K)
[2024-04-08T17:09:42.155+0800][55845.129s] GC(145) Pause Young (Normal) (G1 Evacuation Pause) 355M->50M(512M) 3.198ms
[2024-04-08T17:09:42.155+0800][55845.129s] GC(145) User=0.00s Sys=0.00s Real=0.00s
[2024-04-08T17:09:43.519+0800][55846.493s] GC(146) Pause Young (Normal) (G1 Evacuation Pause)
[2024-04-08T17:09:43.519+0800][55846.493s] GC(146) Using 13 workers of 13 for evacuation
[2024-04-08T17:09:43.522+0800][55846.496s] GC(146)   Pre Evacuate Collection Set: 0.3ms
[2024-04-08T17:09:43.522+0800][55846.496s] GC(146)   Merge Heap Roots: 0.1ms
[2024-04-08T17:09:43.522+0800][55846.496s] GC(146)   Evacuate Collection Set: 1.7ms
[2024-04-08T17:09:43.522+0800][55846.496s] GC(146)   Post Evacuate Collection Set: 0.8ms
[2024-04-08T17:09:43.522+0800][55846.496s] GC(146)   Other: 0.1ms
[2024-04-08T17:09:43.522+0800][55846.496s] GC(146) Eden regions: 305->0(304)
[2024-04-08T17:09:43.522+0800][55846.496s] GC(146) Survivor regions: 2->3(39)
[2024-04-08T17:09:43.522+0800][55846.496s] GC(146) Old regions: 46->46
[2024-04-08T17:09:43.522+0800][55846.496s] GC(146) Humongous regions: 4->4
[2024-04-08T17:09:43.522+0800][55846.496s] GC(146) Metaspace: 67198K(68096K)->67198K(68096K) NonClass: 59673K(60160K)->59673K(60160K) Class: 7525K(7936K)->7525K(7936K)
[2024-04-08T17:09:43.522+0800][55846.496s] GC(146) Pause Young (Normal) (G1 Evacuation Pause) 355M->51M(512M) 3.244ms
[2024-04-08T17:09:43.522+0800][55846.496s] GC(146) User=0.00s Sys=0.00s Real=0.00s
[2024-04-08T17:09:44.866+0800][55847.840s] GC(147) Pause Young (Normal) (G1 Evacuation Pause)
[2024-04-08T17:09:44.866+0800][55847.840s] GC(147) Using 13 workers of 13 for evacuation
[2024-04-08T17:09:44.868+0800][55847.843s] GC(147)   Pre Evacuate Collection Set: 0.2ms
[2024-04-08T17:09:44.868+0800][55847.843s] GC(147)   Merge Heap Roots: 0.1ms
[2024-04-08T17:09:44.868+0800][55847.843s] GC(147)   Evacuate Collection Set: 1.2ms
[2024-04-08T17:09:44.868+0800][55847.843s] GC(147)   Post Evacuate Collection Set: 0.5ms
[2024-04-08T17:09:44.868+0800][55847.843s] GC(147)   Other: 0.1ms
[2024-04-08T17:09:44.868+0800][55847.843s] GC(147) Eden regions: 304->0(305)
[2024-04-08T17:09:44.868+0800][55847.843s] GC(147) Survivor regions: 3->2(39)
[2024-04-08T17:09:44.868+0800][55847.843s] GC(147) Old regions: 46->46
[2024-04-08T17:09:44.868+0800][55847.843s] GC(147) Humongous regions: 4->4
[2024-04-08T17:09:44.869+0800][55847.843s] GC(147) Metaspace: 67215K(68096K)->67215K(68096K) NonClass: 59690K(60160K)->59690K(60160K) Class: 7525K(7936K)->7525K(7936K)
[2024-04-08T17:09:44.869+0800][55847.843s] GC(147) Pause Young (Normal) (G1 Evacuation Pause) 355M->50M(512M) 2.256ms
[2024-04-08T17:09:44.869+0800][55847.843s] GC(147) User=0.02s Sys=0.00s Real=0.00s
[2024-04-08T17:09:46.256+0800][55849.230s] GC(148) Pause Young (Normal) (G1 Evacuation Pause)
[2024-04-08T17:09:46.256+0800][55849.230s] GC(148) Using 13 workers of 13 for evacuation
[2024-04-08T17:09:46.258+0800][55849.233s] GC(148)   Pre Evacuate Collection Set: 0.2ms
[2024-04-08T17:09:46.258+0800][55849.233s] GC(148)   Merge Heap Roots: 0.1ms
[2024-04-08T17:09:46.258+0800][55849.233s] GC(148)   Evacuate Collection Set: 1.6ms
[2024-04-08T17:09:46.258+0800][55849.233s] GC(148)   Post Evacuate Collection Set: 0.6ms
[2024-04-08T17:09:46.258+0800][55849.233s] GC(148)   Other: 0.1ms
[2024-04-08T17:09:46.258+0800][55849.233s] GC(148) Eden regions: 305->0(305)
[2024-04-08T17:09:46.258+0800][55849.233s] GC(148) Survivor regions: 2->2(39)
[2024-04-08T17:09:46.258+0800][55849.233s] GC(148) Old regions: 46->46
[2024-04-08T17:09:46.258+0800][55849.233s] GC(148) Humongous regions: 4->4
[2024-04-08T17:09:46.258+0800][55849.233s] GC(148) Metaspace: 67215K(68096K)->67215K(68096K) NonClass: 59690K(60160K)->59690K(60160K) Class: 7525K(7936K)->7525K(7936K)
[2024-04-08T17:09:46.258+0800][55849.233s] GC(148) Pause Young (Normal) (G1 Evacuation Pause) 355M->50M(512M) 2.896ms
[2024-04-08T17:09:46.258+0800][55849.233s] GC(148) User=0.00s Sys=0.00s Real=0.00s
[2024-04-08T17:09:47.633+0800][55850.607s] GC(149) Pause Young (Normal) (G1 Evacuation Pause)
[2024-04-08T17:09:47.633+0800][55850.607s] GC(149) Using 13 workers of 13 for evacuation
[2024-04-08T17:09:47.635+0800][55850.610s] GC(149)   Pre Evacuate Collection Set: 0.2ms
[2024-04-08T17:09:47.635+0800][55850.610s] GC(149)   Merge Heap Roots: 0.1ms
[2024-04-08T17:09:47.635+0800][55850.610s] GC(149)   Evacuate Collection Set: 1.3ms
[2024-04-08T17:09:47.635+0800][55850.610s] GC(149)   Post Evacuate Collection Set: 0.6ms
[2024-04-08T17:09:47.635+0800][55850.610s] GC(149)   Other: 0.1ms
[2024-04-08T17:09:47.635+0800][55850.610s] GC(149) Eden regions: 305->0(305)
[2024-04-08T17:09:47.635+0800][55850.610s] GC(149) Survivor regions: 2->2(39)
[2024-04-08T17:09:47.635+0800][55850.610s] GC(149) Old regions: 46->46
[2024-04-08T17:09:47.635+0800][55850.610s] GC(149) Humongous regions: 4->4
[2024-04-08T17:09:47.635+0800][55850.610s] GC(149) Metaspace: 67215K(68096K)->67215K(68096K) NonClass: 59690K(60160K)->59690K(60160K) Class: 7525K(7936K)->7525K(7936K)
[2024-04-08T17:09:47.635+0800][55850.610s] GC(149) Pause Young (Normal) (G1 Evacuation Pause) 355M->51M(512M) 2.577ms
[2024-04-08T17:09:47.635+0800][55850.610s] GC(149) User=0.14s Sys=0.02s Real=0.00s
[2024-04-08T17:09:49.012+0800][55851.987s] GC(150) Pause Young (Normal) (G1 Evacuation Pause)
[2024-04-08T17:09:49.012+0800][55851.987s] GC(150) Using 13 workers of 13 for evacuation
[2024-04-08T17:09:49.014+0800][55851.989s] GC(150)   Pre Evacuate Collection Set: 0.2ms
[2024-04-08T17:09:49.014+0800][55851.989s] GC(150)   Merge Heap Roots: 0.2ms
[2024-04-08T17:09:49.014+0800][55851.989s] GC(150)   Evacuate Collection Set: 1.2ms
[2024-04-08T17:09:49.014+0800][55851.989s] GC(150)   Post Evacuate Collection Set: 0.5ms
[2024-04-08T17:09:49.014+0800][55851.989s] GC(150)   Other: 0.1ms
[2024-04-08T17:09:49.014+0800][55851.989s] GC(150) Eden regions: 305->0(305)
[2024-04-08T17:09:49.014+0800][55851.989s] GC(150) Survivor regions: 2->2(39)
[2024-04-08T17:09:49.014+0800][55851.989s] GC(150) Old regions: 46->46
[2024-04-08T17:09:49.014+0800][55851.989s] GC(150) Humongous regions: 4->4
[2024-04-08T17:09:49.014+0800][55851.989s] GC(150) Metaspace: 67215K(68096K)->67215K(68096K) NonClass: 59690K(60160K)->59690K(60160K) Class: 7525K(7936K)->7525K(7936K)
[2024-04-08T17:09:49.014+0800][55851.989s] GC(150) Pause Young (Normal) (G1 Evacuation Pause) 356M->50M(512M) 2.450ms
[2024-04-08T17:09:49.014+0800][55851.989s] GC(150) User=0.00s Sys=0.00s Real=0.00s
[2024-04-08T17:09:50.415+0800][55853.389s] GC(151) Pause Young (Normal) (G1 Evacuation Pause)
[2024-04-08T17:09:50.415+0800][55853.389s] GC(151) Using 13 workers of 13 for evacuation
[2024-04-08T17:09:50.417+0800][55853.391s] GC(151)   Pre Evacuate Collection Set: 0.2ms
[2024-04-08T17:09:50.417+0800][55853.391s] GC(151)   Merge Heap Roots: 0.1ms
[2024-04-08T17:09:50.417+0800][55853.391s] GC(151)   Evacuate Collection Set: 1.6ms
[2024-04-08T17:09:50.417+0800][55853.391s] GC(151)   Post Evacuate Collection Set: 0.7ms
[2024-04-08T17:09:50.417+0800][55853.391s] GC(151)   Other: 0.1ms
[2024-04-08T17:09:50.417+0800][55853.391s] GC(151) Eden regions: 305->0(305)
[2024-04-08T17:09:50.417+0800][55853.391s] GC(151) Survivor regions: 2->2(39)
[2024-04-08T17:09:50.417+0800][55853.392s] GC(151) Old regions: 46->46
[2024-04-08T17:09:50.418+0800][55853.392s] GC(151) Humongous regions: 4->4
[2024-04-08T17:09:50.418+0800][55853.392s] GC(151) Metaspace: 67219K(68096K)->67219K(68096K) NonClass: 59693K(60160K)->59693K(60160K) Class: 7525K(7936K)->7525K(7936K)
[2024-04-08T17:09:50.418+0800][55853.392s] GC(151) Pause Young (Normal) (G1 Evacuation Pause) 355M->50M(512M) 2.900ms
[2024-04-08T17:09:50.418+0800][55853.392s] GC(151) User=0.02s Sys=0.05s Real=0.00s
[2024-04-08T17:09:51.808+0800][55854.782s] GC(152) Pause Young (Normal) (G1 Evacuation Pause)
[2024-04-08T17:09:51.808+0800][55854.782s] GC(152) Using 13 workers of 13 for evacuation
[2024-04-08T17:09:51.810+0800][55854.784s] GC(152)   Pre Evacuate Collection Set: 0.2ms
[2024-04-08T17:09:51.810+0800][55854.785s] GC(152)   Merge Heap Roots: 0.1ms
[2024-04-08T17:09:51.810+0800][55854.785s] GC(152)   Evacuate Collection Set: 1.4ms
[2024-04-08T17:09:51.811+0800][55854.785s] GC(152)   Post Evacuate Collection Set: 0.5ms
[2024-04-08T17:09:51.811+0800][55854.785s] GC(152)   Other: 0.1ms
[2024-04-08T17:09:51.811+0800][55854.785s] GC(152) Eden regions: 305->0(305)
[2024-04-08T17:09:51.811+0800][55854.785s] GC(152) Survivor regions: 2->2(39)
[2024-04-08T17:09:51.811+0800][55854.785s] GC(152) Old regions: 46->46
[2024-04-08T17:09:51.811+0800][55854.785s] GC(152) Humongous regions: 4->4
[2024-04-08T17:09:51.811+0800][55854.785s] GC(152) Metaspace: 67219K(68096K)->67219K(68096K) NonClass: 59693K(60160K)->59693K(60160K) Class: 7525K(7936K)->7525K(7936K)
[2024-04-08T17:09:51.811+0800][55854.785s] GC(152) Pause Young (Normal) (G1 Evacuation Pause) 355M->50M(512M) 2.449ms
[2024-04-08T17:09:51.811+0800][55854.785s] GC(152) User=0.00s Sys=0.00s Real=0.00s
[2024-04-08T17:09:53.194+0800][55856.168s] GC(153) Pause Young (Normal) (G1 Evacuation Pause)
[2024-04-08T17:09:53.194+0800][55856.168s] GC(153) Using 13 workers of 13 for evacuation
[2024-04-08T17:09:53.196+0800][55856.170s] GC(153)   Pre Evacuate Collection Set: 0.2ms
[2024-04-08T17:09:53.196+0800][55856.170s] GC(153)   Merge Heap Roots: 0.1ms
[2024-04-08T17:09:53.196+0800][55856.170s] GC(153)   Evacuate Collection Set: 1.2ms
[2024-04-08T17:09:53.196+0800][55856.170s] GC(153)   Post Evacuate Collection Set: 0.6ms
[2024-04-08T17:09:53.196+0800][55856.171s] GC(153)   Other: 0.1ms
[2024-04-08T17:09:53.196+0800][55856.171s] GC(153) Eden regions: 305->0(305)
[2024-04-08T17:09:53.196+0800][55856.171s] GC(153) Survivor regions: 2->2(39)
[2024-04-08T17:09:53.196+0800][55856.171s] GC(153) Old regions: 46->46
[2024-04-08T17:09:53.196+0800][55856.171s] GC(153) Humongous regions: 4->4
[2024-04-08T17:09:53.196+0800][55856.171s] GC(153) Metaspace: 67219K(68096K)->67219K(68096K) NonClass: 59693K(60160K)->59693K(60160K) Class: 7525K(7936K)->7525K(7936K)
[2024-04-08T17:09:53.196+0800][55856.171s] GC(153) Pause Young (Normal) (G1 Evacuation Pause) 355M->51M(512M) 2.414ms
[2024-04-08T17:09:53.196+0800][55856.171s] GC(153) User=0.00s Sys=0.00s Real=0.00s
[2024-04-08T17:09:54.548+0800][55857.522s] GC(154) Pause Young (Normal) (G1 Evacuation Pause)
[2024-04-08T17:09:54.548+0800][55857.522s] GC(154) Using 13 workers of 13 for evacuation
[2024-04-08T17:09:54.550+0800][55857.525s] GC(154)   Pre Evacuate Collection Set: 0.2ms
[2024-04-08T17:09:54.550+0800][55857.525s] GC(154)   Merge Heap Roots: 0.1ms
[2024-04-08T17:09:54.550+0800][55857.525s] GC(154)   Evacuate Collection Set: 1.4ms
[2024-04-08T17:09:54.550+0800][55857.525s] GC(154)   Post Evacuate Collection Set: 0.5ms
[2024-04-08T17:09:54.550+0800][55857.525s] GC(154)   Other: 0.1ms
[2024-04-08T17:09:54.550+0800][55857.525s] GC(154) Eden regions: 305->0(305)
[2024-04-08T17:09:54.550+0800][55857.525s] GC(154) Survivor regions: 2->2(39)
[2024-04-08T17:09:54.550+0800][55857.525s] GC(154) Old regions: 46->46
[2024-04-08T17:09:54.550+0800][55857.525s] GC(154) Humongous regions: 4->4
[2024-04-08T17:09:54.550+0800][55857.525s] GC(154) Metaspace: 67219K(68096K)->67219K(68096K) NonClass: 59693K(60160K)->59693K(60160K) Class: 7525K(7936K)->7525K(7936K)
[2024-04-08T17:09:54.550+0800][55857.525s] GC(154) Pause Young (Normal) (G1 Evacuation Pause) 356M->50M(512M) 2.534ms
[2024-04-08T17:09:54.550+0800][55857.525s] GC(154) User=0.00s Sys=0.00s Real=0.00s
[2024-04-08T17:09:55.956+0800][55858.931s] GC(155) Pause Young (Normal) (G1 Evacuation Pause)
[2024-04-08T17:09:55.956+0800][55858.931s] GC(155) Using 13 workers of 13 for evacuation
[2024-04-08T17:09:55.959+0800][55858.933s] GC(155)   Pre Evacuate Collection Set: 0.1ms
[2024-04-08T17:09:55.959+0800][55858.933s] GC(155)   Merge Heap Roots: 0.1ms
[2024-04-08T17:09:55.959+0800][55858.933s] GC(155)   Evacuate Collection Set: 1.6ms
[2024-04-08T17:09:55.959+0800][55858.933s] GC(155)   Post Evacuate Collection Set: 0.5ms
[2024-04-08T17:09:55.959+0800][55858.933s] GC(155)   Other: 0.1ms
[2024-04-08T17:09:55.959+0800][55858.934s] GC(155) Eden regions: 305->0(305)
[2024-04-08T17:09:55.959+0800][55858.934s] GC(155) Survivor regions: 2->2(39)
[2024-04-08T17:09:55.959+0800][55858.934s] GC(155) Old regions: 46->46
[2024-04-08T17:09:55.959+0800][55858.934s] GC(155) Humongous regions: 4->4
[2024-04-08T17:09:55.959+0800][55858.934s] GC(155) Metaspace: 67219K(68096K)->67219K(68096K) NonClass: 59693K(60160K)->59693K(60160K) Class: 7525K(7936K)->7525K(7936K)
[2024-04-08T17:09:55.959+0800][55858.934s] GC(155) Pause Young (Normal) (G1 Evacuation Pause) 355M->50M(512M) 2.648ms
[2024-04-08T17:09:55.959+0800][55858.934s] GC(155) User=0.00s Sys=0.00s Real=0.00s
[2024-04-08T17:09:57.340+0800][55860.315s] GC(156) Pause Young (Normal) (G1 Evacuation Pause)
[2024-04-08T17:09:57.341+0800][55860.315s] GC(156) Using 13 workers of 13 for evacuation
[2024-04-08T17:09:57.343+0800][55860.317s] GC(156)   Pre Evacuate Collection Set: 0.2ms
[2024-04-08T17:09:57.343+0800][55860.317s] GC(156)   Merge Heap Roots: 0.2ms
[2024-04-08T17:09:57.343+0800][55860.317s] GC(156)   Evacuate Collection Set: 1.2ms
[2024-04-08T17:09:57.343+0800][55860.317s] GC(156)   Post Evacuate Collection Set: 0.7ms
[2024-04-08T17:09:57.343+0800][55860.317s] GC(156)   Other: 0.1ms
[2024-04-08T17:09:57.343+0800][55860.317s] GC(156) Eden regions: 305->0(305)
[2024-04-08T17:09:57.343+0800][55860.317s] GC(156) Survivor regions: 2->2(39)
[2024-04-08T17:09:57.343+0800][55860.317s] GC(156) Old regions: 46->46
[2024-04-08T17:09:57.343+0800][55860.317s] GC(156) Humongous regions: 4->4
[2024-04-08T17:09:57.343+0800][55860.317s] GC(156) Metaspace: 67219K(68096K)->67219K(68096K) NonClass: 59693K(60160K)->59693K(60160K) Class: 7525K(7936K)->7525K(7936K)
[2024-04-08T17:09:57.343+0800][55860.317s] GC(156) Pause Young (Normal) (G1 Evacuation Pause) 355M->51M(512M) 2.504ms
[2024-04-08T17:09:57.343+0800][55860.317s] GC(156) User=0.00s Sys=0.00s Real=0.00s
[2024-04-08T17:09:58.697+0800][55861.671s] GC(157) Pause Young (Normal) (G1 Evacuation Pause)
[2024-04-08T17:09:58.697+0800][55861.672s] GC(157) Using 13 workers of 13 for evacuation
[2024-04-08T17:09:58.700+0800][55861.674s] GC(157)   Pre Evacuate Collection Set: 0.3ms
[2024-04-08T17:09:58.700+0800][55861.674s] GC(157)   Merge Heap Roots: 0.1ms
[2024-04-08T17:09:58.700+0800][55861.674s] GC(157)   Evacuate Collection Set: 1.5ms
[2024-04-08T17:09:58.700+0800][55861.674s] GC(157)   Post Evacuate Collection Set: 0.7ms
[2024-04-08T17:09:58.700+0800][55861.674s] GC(157)   Other: 0.1ms
[2024-04-08T17:09:58.700+0800][55861.674s] GC(157) Eden regions: 305->0(305)
[2024-04-08T17:09:58.700+0800][55861.674s] GC(157) Survivor regions: 2->2(39)
[2024-04-08T17:09:58.700+0800][55861.674s] GC(157) Old regions: 46->46
[2024-04-08T17:09:58.700+0800][55861.674s] GC(157) Humongous regions: 4->4
[2024-04-08T17:09:58.700+0800][55861.674s] GC(157) Metaspace: 67219K(68096K)->67219K(68096K) NonClass: 59693K(60160K)->59693K(60160K) Class: 7525K(7936K)->7525K(7936K)
[2024-04-08T17:09:58.700+0800][55861.674s] GC(157) Pause Young (Normal) (G1 Evacuation Pause) 356M->51M(512M) 2.848ms
[2024-04-08T17:09:58.700+0800][55861.674s] GC(157) User=0.20s Sys=0.00s Real=0.00s
[2024-04-08T17:10:00.132+0800][55863.106s] GC(158) Pause Young (Normal) (G1 Evacuation Pause)
[2024-04-08T17:10:00.132+0800][55863.106s] GC(158) Using 13 workers of 13 for evacuation
[2024-04-08T17:10:00.134+0800][55863.108s] GC(158)   Pre Evacuate Collection Set: 0.2ms
[2024-04-08T17:10:00.134+0800][55863.108s] GC(158)   Merge Heap Roots: 0.1ms
[2024-04-08T17:10:00.134+0800][55863.108s] GC(158)   Evacuate Collection Set: 1.0ms
[2024-04-08T17:10:00.134+0800][55863.108s] GC(158)   Post Evacuate Collection Set: 0.6ms
[2024-04-08T17:10:00.134+0800][55863.108s] GC(158)   Other: 0.1ms
[2024-04-08T17:10:00.134+0800][55863.108s] GC(158) Eden regions: 305->0(305)
[2024-04-08T17:10:00.134+0800][55863.108s] GC(158) Survivor regions: 2->2(39)
[2024-04-08T17:10:00.134+0800][55863.108s] GC(158) Old regions: 46->46
[2024-04-08T17:10:00.134+0800][55863.109s] GC(158) Humongous regions: 4->4
[2024-04-08T17:10:00.134+0800][55863.109s] GC(158) Metaspace: 67219K(68096K)->67219K(68096K) NonClass: 59693K(60160K)->59693K(60160K) Class: 7525K(7936K)->7525K(7936K)
[2024-04-08T17:10:00.134+0800][55863.109s] GC(158) Pause Young (Normal) (G1 Evacuation Pause) 356M->50M(512M) 2.292ms
[2024-04-08T17:10:00.134+0800][55863.109s] GC(158) User=0.00s Sys=0.00s Real=0.00s
[2024-04-08T17:10:01.458+0800][55864.433s] GC(159) Pause Young (Normal) (G1 Evacuation Pause)
[2024-04-08T17:10:01.458+0800][55864.433s] GC(159) Using 13 workers of 13 for evacuation
[2024-04-08T17:10:01.461+0800][55864.436s] GC(159)   Pre Evacuate Collection Set: 0.2ms
[2024-04-08T17:10:01.461+0800][55864.436s] GC(159)   Merge Heap Roots: 0.2ms
[2024-04-08T17:10:01.461+0800][55864.436s] GC(159)   Evacuate Collection Set: 1.6ms
[2024-04-08T17:10:01.461+0800][55864.436s] GC(159)   Post Evacuate Collection Set: 0.7ms
[2024-04-08T17:10:01.461+0800][55864.436s] GC(159)   Other: 0.1ms
[2024-04-08T17:10:01.461+0800][55864.436s] GC(159) Eden regions: 305->0(305)
[2024-04-08T17:10:01.461+0800][55864.436s] GC(159) Survivor regions: 2->2(39)
[2024-04-08T17:10:01.461+0800][55864.436s] GC(159) Old regions: 46->46
[2024-04-08T17:10:01.461+0800][55864.436s] GC(159) Humongous regions: 4->4
[2024-04-08T17:10:01.461+0800][55864.436s] GC(159) Metaspace: 67219K(68096K)->67219K(68096K) NonClass: 59693K(60160K)->59693K(60160K) Class: 7525K(7936K)->7525K(7936K)
[2024-04-08T17:10:01.461+0800][55864.436s] GC(159) Pause Young (Normal) (G1 Evacuation Pause) 355M->51M(512M) 2.980ms
[2024-04-08T17:10:01.461+0800][55864.436s] GC(159) User=0.00s Sys=0.00s Real=0.00s
[2024-04-08T17:10:02.811+0800][55865.786s] GC(160) Pause Young (Normal) (G1 Evacuation Pause)
[2024-04-08T17:10:02.811+0800][55865.786s] GC(160) Using 13 workers of 13 for evacuation
[2024-04-08T17:10:02.813+0800][55865.788s] GC(160)   Pre Evacuate Collection Set: 0.2ms
[2024-04-08T17:10:02.814+0800][55865.788s] GC(160)   Merge Heap Roots: 0.1ms
[2024-04-08T17:10:02.814+0800][55865.788s] GC(160)   Evacuate Collection Set: 1.2ms
[2024-04-08T17:10:02.814+0800][55865.789s] GC(160)   Post Evacuate Collection Set: 0.5ms
[2024-04-08T17:10:02.814+0800][55865.789s] GC(160)   Other: 0.1ms
[2024-04-08T17:10:02.814+0800][55865.789s] GC(160) Eden regions: 305->0(305)
[2024-04-08T17:10:02.814+0800][55865.789s] GC(160) Survivor regions: 2->2(39)
[2024-04-08T17:10:02.814+0800][55865.789s] GC(160) Old regions: 46->46
[2024-04-08T17:10:02.814+0800][55865.789s] GC(160) Humongous regions: 4->4
[2024-04-08T17:10:02.814+0800][55865.789s] GC(160) Metaspace: 67219K(68096K)->67219K(68096K) NonClass: 59693K(60160K)->59693K(60160K) Class: 7525K(7936K)->7525K(7936K)
[2024-04-08T17:10:02.814+0800][55865.789s] GC(160) Pause Young (Normal) (G1 Evacuation Pause) 356M->50M(512M) 2.392ms
[2024-04-08T17:10:02.814+0800][55865.789s] GC(160) User=0.00s Sys=0.00s Real=0.00s
[2024-04-08T17:10:04.197+0800][55867.171s] GC(161) Pause Young (Normal) (G1 Evacuation Pause)
[2024-04-08T17:10:04.197+0800][55867.171s] GC(161) Using 13 workers of 13 for evacuation
[2024-04-08T17:10:04.200+0800][55867.174s] GC(161)   Pre Evacuate Collection Set: 0.3ms
[2024-04-08T17:10:04.200+0800][55867.174s] GC(161)   Merge Heap Roots: 0.2ms
[2024-04-08T17:10:04.200+0800][55867.174s] GC(161)   Evacuate Collection Set: 1.4ms
[2024-04-08T17:10:04.200+0800][55867.174s] GC(161)   Post Evacuate Collection Set: 0.6ms
[2024-04-08T17:10:04.200+0800][55867.174s] GC(161)   Other: 0.1ms
[2024-04-08T17:10:04.200+0800][55867.174s] GC(161) Eden regions: 305->0(305)
[2024-04-08T17:10:04.200+0800][55867.174s] GC(161) Survivor regions: 2->2(39)
[2024-04-08T17:10:04.200+0800][55867.174s] GC(161) Old regions: 46->46
[2024-04-08T17:10:04.200+0800][55867.174s] GC(161) Humongous regions: 4->4
[2024-04-08T17:10:04.200+0800][55867.174s] GC(161) Metaspace: 67219K(68096K)->67219K(68096K) NonClass: 59693K(60160K)->59693K(60160K) Class: 7525K(7936K)->7525K(7936K)
[2024-04-08T17:10:04.200+0800][55867.174s] GC(161) Pause Young (Normal) (G1 Evacuation Pause) 355M->51M(512M) 2.860ms
[2024-04-08T17:10:04.200+0800][55867.174s] GC(161) User=0.00s Sys=0.00s Real=0.00s
[2024-04-08T17:10:05.561+0800][55868.536s] GC(162) Pause Young (Normal) (G1 Evacuation Pause)
[2024-04-08T17:10:05.561+0800][55868.536s] GC(162) Using 13 workers of 13 for evacuation
[2024-04-08T17:10:05.564+0800][55868.539s] GC(162)   Pre Evacuate Collection Set: 0.2ms
[2024-04-08T17:10:05.564+0800][55868.539s] GC(162)   Merge Heap Roots: 0.1ms
[2024-04-08T17:10:05.564+0800][55868.539s] GC(162)   Evacuate Collection Set: 1.6ms
[2024-04-08T17:10:05.564+0800][55868.539s] GC(162)   Post Evacuate Collection Set: 0.6ms
[2024-04-08T17:10:05.564+0800][55868.539s] GC(162)   Other: 0.1ms
[2024-04-08T17:10:05.564+0800][55868.539s] GC(162) Eden regions: 305->0(305)
[2024-04-08T17:10:05.564+0800][55868.539s] GC(162) Survivor regions: 2->2(39)
[2024-04-08T17:10:05.564+0800][55868.539s] GC(162) Old regions: 46->46
[2024-04-08T17:10:05.564+0800][55868.539s] GC(162) Humongous regions: 4->4
[2024-04-08T17:10:05.564+0800][55868.539s] GC(162) Metaspace: 67219K(68096K)->67219K(68096K) NonClass: 59693K(60160K)->59693K(60160K) Class: 7525K(7936K)->7525K(7936K)
[2024-04-08T17:10:05.564+0800][55868.539s] GC(162) Pause Young (Normal) (G1 Evacuation Pause) 356M->50M(512M) 2.846ms
[2024-04-08T17:10:05.564+0800][55868.539s] GC(162) User=0.00s Sys=0.00s Real=0.00s
[2024-04-08T17:10:06.965+0800][55869.940s] GC(163) Pause Young (Normal) (G1 Evacuation Pause)
[2024-04-08T17:10:06.965+0800][55869.940s] GC(163) Using 13 workers of 13 for evacuation
[2024-04-08T17:10:06.968+0800][55869.942s] GC(163)   Pre Evacuate Collection Set: 0.2ms
[2024-04-08T17:10:06.968+0800][55869.943s] GC(163)   Merge Heap Roots: 0.1ms
[2024-04-08T17:10:06.968+0800][55869.943s] GC(163)   Evacuate Collection Set: 1.3ms
[2024-04-08T17:10:06.968+0800][55869.943s] GC(163)   Post Evacuate Collection Set: 0.6ms
[2024-04-08T17:10:06.968+0800][55869.943s] GC(163)   Other: 0.1ms
[2024-04-08T17:10:06.968+0800][55869.943s] GC(163) Eden regions: 305->0(305)
[2024-04-08T17:10:06.968+0800][55869.943s] GC(163) Survivor regions: 2->2(39)
[2024-04-08T17:10:06.968+0800][55869.943s] GC(163) Old regions: 46->46
[2024-04-08T17:10:06.968+0800][55869.943s] GC(163) Humongous regions: 4->4
[2024-04-08T17:10:06.968+0800][55869.943s] GC(163) Metaspace: 67295K(68160K)->67295K(68160K) NonClass: 59768K(60224K)->59768K(60224K) Class: 7526K(7936K)->7526K(7936K)
[2024-04-08T17:10:06.968+0800][55869.943s] GC(163) Pause Young (Normal) (G1 Evacuation Pause) 355M->51M(512M) 3.232ms
[2024-04-08T17:10:06.968+0800][55869.943s] GC(163) User=0.00s Sys=0.00s Real=0.00s
[2024-04-08T17:10:08.234+0800][55871.208s] GC(164) Pause Young (Normal) (G1 Evacuation Pause)
[2024-04-08T17:10:08.234+0800][55871.208s] GC(164) Using 13 workers of 13 for evacuation
[2024-04-08T17:10:08.236+0800][55871.211s] GC(164)   Pre Evacuate Collection Set: 0.2ms
[2024-04-08T17:10:08.236+0800][55871.211s] GC(164)   Merge Heap Roots: 0.1ms
[2024-04-08T17:10:08.236+0800][55871.211s] GC(164)   Evacuate Collection Set: 1.3ms
[2024-04-08T17:10:08.236+0800][55871.211s] GC(164)   Post Evacuate Collection Set: 0.5ms
[2024-04-08T17:10:08.236+0800][55871.211s] GC(164)   Other: 0.1ms
[2024-04-08T17:10:08.236+0800][55871.211s] GC(164) Eden regions: 305->0(305)
[2024-04-08T17:10:08.236+0800][55871.211s] GC(164) Survivor regions: 2->2(39)
[2024-04-08T17:10:08.236+0800][55871.211s] GC(164) Old regions: 46->46
[2024-04-08T17:10:08.236+0800][55871.211s] GC(164) Humongous regions: 4->4
[2024-04-08T17:10:08.236+0800][55871.211s] GC(164) Metaspace: 67299K(68224K)->67299K(68224K) NonClass: 59773K(60288K)->59773K(60288K) Class: 7526K(7936K)->7526K(7936K)
[2024-04-08T17:10:08.236+0800][55871.211s] GC(164) Pause Young (Normal) (G1 Evacuation Pause) 356M->51M(512M) 2.364ms
[2024-04-08T17:10:08.236+0800][55871.211s] GC(164) User=0.00s Sys=0.00s Real=0.00s
[2024-04-08T17:10:09.626+0800][55872.600s] GC(165) Pause Young (Normal) (G1 Evacuation Pause)
[2024-04-08T17:10:09.626+0800][55872.600s] GC(165) Using 13 workers of 13 for evacuation
[2024-04-08T17:10:09.627+0800][55872.602s] GC(165)   Pre Evacuate Collection Set: 0.1ms
[2024-04-08T17:10:09.627+0800][55872.602s] GC(165)   Merge Heap Roots: 0.1ms
[2024-04-08T17:10:09.627+0800][55872.602s] GC(165)   Evacuate Collection Set: 1.2ms
[2024-04-08T17:10:09.627+0800][55872.602s] GC(165)   Post Evacuate Collection Set: 0.3ms
[2024-04-08T17:10:09.628+0800][55872.602s] GC(165)   Other: 0.1ms
[2024-04-08T17:10:09.628+0800][55872.602s] GC(165) Eden regions: 305->0(304)
[2024-04-08T17:10:09.628+0800][55872.602s] GC(165) Survivor regions: 2->3(39)
[2024-04-08T17:10:09.628+0800][55872.602s] GC(165) Old regions: 46->46
[2024-04-08T17:10:09.628+0800][55872.602s] GC(165) Humongous regions: 4->4
[2024-04-08T17:10:09.628+0800][55872.602s] GC(165) Metaspace: 67299K(68224K)->67299K(68224K) NonClass: 59773K(60288K)->59773K(60288K) Class: 7526K(7936K)->7526K(7936K)
[2024-04-08T17:10:09.628+0800][55872.602s] GC(165) Pause Young (Normal) (G1 Evacuation Pause) 356M->51M(512M) 2.094ms
[2024-04-08T17:10:09.628+0800][55872.602s] GC(165) User=0.00s Sys=0.00s Real=0.00s
[2024-04-08T17:10:10.975+0800][55873.950s] GC(166) Pause Young (Normal) (G1 Evacuation Pause)
[2024-04-08T17:10:10.975+0800][55873.950s] GC(166) Using 13 workers of 13 for evacuation
[2024-04-08T17:10:10.977+0800][55873.952s] GC(166)   Pre Evacuate Collection Set: 0.2ms
[2024-04-08T17:10:10.977+0800][55873.952s] GC(166)   Merge Heap Roots: 0.1ms
[2024-04-08T17:10:10.977+0800][55873.952s] GC(166)   Evacuate Collection Set: 1.3ms
[2024-04-08T17:10:10.977+0800][55873.952s] GC(166)   Post Evacuate Collection Set: 0.5ms
[2024-04-08T17:10:10.977+0800][55873.952s] GC(166)   Other: 0.1ms
[2024-04-08T17:10:10.977+0800][55873.952s] GC(166) Eden regions: 304->0(305)
[2024-04-08T17:10:10.977+0800][55873.952s] GC(166) Survivor regions: 3->2(39)
[2024-04-08T17:10:10.978+0800][55873.952s] GC(166) Old regions: 46->46
[2024-04-08T17:10:10.978+0800][55873.952s] GC(166) Humongous regions: 4->4
[2024-04-08T17:10:10.978+0800][55873.952s] GC(166) Metaspace: 67300K(68224K)->67300K(68224K) NonClass: 59774K(60288K)->59774K(60288K) Class: 7526K(7936K)->7526K(7936K)
[2024-04-08T17:10:10.978+0800][55873.952s] GC(166) Pause Young (Normal) (G1 Evacuation Pause) 355M->51M(512M) 2.401ms
[2024-04-08T17:10:10.978+0800][55873.952s] GC(166) User=0.00s Sys=0.00s Real=0.00s
[2024-04-08T17:10:12.341+0800][55875.315s] GC(167) Pause Young (Normal) (G1 Evacuation Pause)
[2024-04-08T17:10:12.341+0800][55875.315s] GC(167) Using 13 workers of 13 for evacuation
[2024-04-08T17:10:12.343+0800][55875.317s] GC(167)   Pre Evacuate Collection Set: 0.2ms
[2024-04-08T17:10:12.343+0800][55875.317s] GC(167)   Merge Heap Roots: 0.1ms
[2024-04-08T17:10:12.343+0800][55875.317s] GC(167)   Evacuate Collection Set: 1.2ms
[2024-04-08T17:10:12.343+0800][55875.317s] GC(167)   Post Evacuate Collection Set: 0.6ms
[2024-04-08T17:10:12.343+0800][55875.317s] GC(167)   Other: 0.1ms
[2024-04-08T17:10:12.343+0800][55875.317s] GC(167) Eden regions: 305->0(305)
[2024-04-08T17:10:12.343+0800][55875.317s] GC(167) Survivor regions: 2->2(39)
[2024-04-08T17:10:12.343+0800][55875.317s] GC(167) Old regions: 46->46
[2024-04-08T17:10:12.343+0800][55875.318s] GC(167) Humongous regions: 4->4
[2024-04-08T17:10:12.343+0800][55875.318s] GC(167) Metaspace: 67300K(68224K)->67300K(68224K) NonClass: 59774K(60288K)->59774K(60288K) Class: 7526K(7936K)->7526K(7936K)
[2024-04-08T17:10:12.343+0800][55875.318s] GC(167) Pause Young (Normal) (G1 Evacuation Pause) 356M->51M(512M) 2.334ms
[2024-04-08T17:10:12.343+0800][55875.318s] GC(167) User=0.00s Sys=0.00s Real=0.00s
[2024-04-08T17:10:13.724+0800][55876.698s] GC(168) Pause Young (Normal) (G1 Evacuation Pause)
[2024-04-08T17:10:13.724+0800][55876.698s] GC(168) Using 13 workers of 13 for evacuation
[2024-04-08T17:10:13.727+0800][55876.701s] GC(168)   Pre Evacuate Collection Set: 0.3ms
[2024-04-08T17:10:13.727+0800][55876.701s] GC(168)   Merge Heap Roots: 0.1ms
[2024-04-08T17:10:13.727+0800][55876.701s] GC(168)   Evacuate Collection Set: 1.5ms
[2024-04-08T17:10:13.727+0800][55876.701s] GC(168)   Post Evacuate Collection Set: 0.7ms
[2024-04-08T17:10:13.727+0800][55876.701s] GC(168)   Other: 0.1ms
[2024-04-08T17:10:13.727+0800][55876.701s] GC(168) Eden regions: 305->0(305)
[2024-04-08T17:10:13.727+0800][55876.701s] GC(168) Survivor regions: 2->2(39)
[2024-04-08T17:10:13.727+0800][55876.701s] GC(168) Old regions: 46->46
[2024-04-08T17:10:13.727+0800][55876.701s] GC(168) Humongous regions: 4->4
[2024-04-08T17:10:13.727+0800][55876.701s] GC(168) Metaspace: 67300K(68224K)->67300K(68224K) NonClass: 59774K(60288K)->59774K(60288K) Class: 7526K(7936K)->7526K(7936K)
[2024-04-08T17:10:13.727+0800][55876.701s] GC(168) Pause Young (Normal) (G1 Evacuation Pause) 356M->51M(512M) 2.773ms
[2024-04-08T17:10:13.727+0800][55876.701s] GC(168) User=0.00s Sys=0.00s Real=0.00s
[2024-04-08T17:10:15.099+0800][55878.073s] GC(169) Pause Young (Normal) (G1 Evacuation Pause)
[2024-04-08T17:10:15.099+0800][55878.073s] GC(169) Using 13 workers of 13 for evacuation
[2024-04-08T17:10:15.102+0800][55878.076s] GC(169)   Pre Evacuate Collection Set: 0.2ms
[2024-04-08T17:10:15.102+0800][55878.076s] GC(169)   Merge Heap Roots: 0.2ms
[2024-04-08T17:10:15.102+0800][55878.076s] GC(169)   Evacuate Collection Set: 1.5ms
[2024-04-08T17:10:15.102+0800][55878.076s] GC(169)   Post Evacuate Collection Set: 0.6ms
[2024-04-08T17:10:15.102+0800][55878.076s] GC(169)   Other: 0.1ms
[2024-04-08T17:10:15.102+0800][55878.076s] GC(169) Eden regions: 305->0(305)
[2024-04-08T17:10:15.102+0800][55878.076s] GC(169) Survivor regions: 2->2(39)
[2024-04-08T17:10:15.102+0800][55878.076s] GC(169) Old regions: 46->46
[2024-04-08T17:10:15.102+0800][55878.076s] GC(169) Humongous regions: 4->4
[2024-04-08T17:10:15.102+0800][55878.076s] GC(169) Metaspace: 67300K(68224K)->67300K(68224K) NonClass: 59774K(60288K)->59774K(60288K) Class: 7526K(7936K)->7526K(7936K)
[2024-04-08T17:10:15.102+0800][55878.076s] GC(169) Pause Young (Normal) (G1 Evacuation Pause) 356M->51M(512M) 2.906ms
[2024-04-08T17:10:15.102+0800][55878.076s] GC(169) User=0.00s Sys=0.00s Real=0.00s
[2024-04-08T17:10:16.458+0800][55879.432s] GC(170) Pause Young (Normal) (G1 Evacuation Pause)
[2024-04-08T17:10:16.458+0800][55879.432s] GC(170) Using 13 workers of 13 for evacuation
[2024-04-08T17:10:16.461+0800][55879.435s] GC(170)   Pre Evacuate Collection Set: 0.2ms
[2024-04-08T17:10:16.461+0800][55879.435s] GC(170)   Merge Heap Roots: 0.2ms
[2024-04-08T17:10:16.461+0800][55879.435s] GC(170)   Evacuate Collection Set: 1.8ms
[2024-04-08T17:10:16.461+0800][55879.435s] GC(170)   Post Evacuate Collection Set: 0.5ms
[2024-04-08T17:10:16.461+0800][55879.435s] GC(170)   Other: 0.1ms
[2024-04-08T17:10:16.461+0800][55879.435s] GC(170) Eden regions: 305->0(303)
[2024-04-08T17:10:16.461+0800][55879.435s] GC(170) Survivor regions: 2->4(39)
[2024-04-08T17:10:16.461+0800][55879.435s] GC(170) Old regions: 46->46
[2024-04-08T17:10:16.461+0800][55879.435s] GC(170) Humongous regions: 4->4
[2024-04-08T17:10:16.461+0800][55879.435s] GC(170) Metaspace: 67300K(68224K)->67300K(68224K) NonClass: 59774K(60288K)->59774K(60288K) Class: 7526K(7936K)->7526K(7936K)
[2024-04-08T17:10:16.461+0800][55879.435s] GC(170) Pause Young (Normal) (G1 Evacuation Pause) 356M->53M(512M) 2.939ms
[2024-04-08T17:10:16.461+0800][55879.435s] GC(170) User=0.00s Sys=0.00s Real=0.00s
[2024-04-08T17:10:17.700+0800][55880.674s] GC(171) Pause Young (Normal) (G1 Evacuation Pause)
[2024-04-08T17:10:17.700+0800][55880.674s] GC(171) Using 13 workers of 13 for evacuation
[2024-04-08T17:10:17.702+0800][55880.677s] GC(171)   Pre Evacuate Collection Set: 0.2ms
[2024-04-08T17:10:17.702+0800][55880.677s] GC(171)   Merge Heap Roots: 0.1ms
[2024-04-08T17:10:17.702+0800][55880.677s] GC(171)   Evacuate Collection Set: 1.6ms
[2024-04-08T17:10:17.702+0800][55880.677s] GC(171)   Post Evacuate Collection Set: 0.5ms
[2024-04-08T17:10:17.702+0800][55880.677s] GC(171)   Other: 0.1ms
[2024-04-08T17:10:17.702+0800][55880.677s] GC(171) Eden regions: 303->0(302)
[2024-04-08T17:10:17.702+0800][55880.677s] GC(171) Survivor regions: 4->5(39)
[2024-04-08T17:10:17.702+0800][55880.677s] GC(171) Old regions: 46->46
[2024-04-08T17:10:17.702+0800][55880.677s] GC(171) Humongous regions: 4->4
[2024-04-08T17:10:17.702+0800][55880.677s] GC(171) Metaspace: 67300K(68224K)->67300K(68224K) NonClass: 59774K(60288K)->59774K(60288K) Class: 7526K(7936K)->7526K(7936K)
[2024-04-08T17:10:17.702+0800][55880.677s] GC(171) Pause Young (Normal) (G1 Evacuation Pause) 356M->54M(512M) 2.657ms
[2024-04-08T17:10:17.702+0800][55880.677s] GC(171) User=0.00s Sys=0.00s Real=0.00s
[2024-04-08T17:10:19.115+0800][55882.090s] GC(172) Pause Young (Normal) (G1 Evacuation Pause)
[2024-04-08T17:10:19.115+0800][55882.090s] GC(172) Using 13 workers of 13 for evacuation
[2024-04-08T17:10:19.118+0800][55882.092s] GC(172)   Pre Evacuate Collection Set: 0.2ms
[2024-04-08T17:10:19.118+0800][55882.093s] GC(172)   Merge Heap Roots: 0.2ms
[2024-04-08T17:10:19.118+0800][55882.093s] GC(172)   Evacuate Collection Set: 1.6ms
[2024-04-08T17:10:19.118+0800][55882.093s] GC(172)   Post Evacuate Collection Set: 0.6ms
[2024-04-08T17:10:19.118+0800][55882.093s] GC(172)   Other: 0.1ms
[2024-04-08T17:10:19.118+0800][55882.093s] GC(172) Eden regions: 302->0(302)
[2024-04-08T17:10:19.118+0800][55882.093s] GC(172) Survivor regions: 5->5(39)
[2024-04-08T17:10:19.118+0800][55882.093s] GC(172) Old regions: 46->46
[2024-04-08T17:10:19.118+0800][55882.093s] GC(172) Humongous regions: 4->4
[2024-04-08T17:10:19.118+0800][55882.093s] GC(172) Metaspace: 67300K(68224K)->67300K(68224K) NonClass: 59774K(60288K)->59774K(60288K) Class: 7526K(7936K)->7526K(7936K)
[2024-04-08T17:10:19.118+0800][55882.093s] GC(172) Pause Young (Normal) (G1 Evacuation Pause) 356M->54M(512M) 2.922ms
[2024-04-08T17:10:19.118+0800][55882.093s] GC(172) User=0.00s Sys=0.00s Real=0.00s
[2024-04-08T17:10:20.487+0800][55883.461s] GC(173) Pause Young (Normal) (G1 Evacuation Pause)
[2024-04-08T17:10:20.487+0800][55883.461s] GC(173) Using 13 workers of 13 for evacuation
[2024-04-08T17:10:20.490+0800][55883.464s] GC(173)   Pre Evacuate Collection Set: 0.2ms
[2024-04-08T17:10:20.490+0800][55883.464s] GC(173)   Merge Heap Roots: 0.1ms
[2024-04-08T17:10:20.490+0800][55883.464s] GC(173)   Evacuate Collection Set: 1.6ms
[2024-04-08T17:10:20.490+0800][55883.464s] GC(173)   Post Evacuate Collection Set: 0.5ms
[2024-04-08T17:10:20.490+0800][55883.464s] GC(173)   Other: 0.1ms
[2024-04-08T17:10:20.490+0800][55883.464s] GC(173) Eden regions: 302->0(302)
[2024-04-08T17:10:20.490+0800][55883.464s] GC(173) Survivor regions: 5->5(39)
[2024-04-08T17:10:20.490+0800][55883.464s] GC(173) Old regions: 46->46
[2024-04-08T17:10:20.490+0800][55883.464s] GC(173) Humongous regions: 4->4
[2024-04-08T17:10:20.490+0800][55883.464s] GC(173) Metaspace: 67300K(68224K)->67300K(68224K) NonClass: 59774K(60288K)->59774K(60288K) Class: 7526K(7936K)->7526K(7936K)
[2024-04-08T17:10:20.490+0800][55883.464s] GC(173) Pause Young (Normal) (G1 Evacuation Pause) 356M->54M(512M) 2.764ms
[2024-04-08T17:10:20.490+0800][55883.464s] GC(173) User=0.00s Sys=0.00s Real=0.00s
[2024-04-08T17:10:21.874+0800][55884.849s] GC(174) Pause Young (Normal) (G1 Evacuation Pause)
[2024-04-08T17:10:21.874+0800][55884.849s] GC(174) Using 13 workers of 13 for evacuation
[2024-04-08T17:10:21.877+0800][55884.851s] GC(174)   Pre Evacuate Collection Set: 0.1ms
[2024-04-08T17:10:21.877+0800][55884.851s] GC(174)   Merge Heap Roots: 0.1ms
[2024-04-08T17:10:21.877+0800][55884.851s] GC(174)   Evacuate Collection Set: 1.4ms
[2024-04-08T17:10:21.877+0800][55884.851s] GC(174)   Post Evacuate Collection Set: 0.7ms
[2024-04-08T17:10:21.877+0800][55884.851s] GC(174)   Other: 0.1ms
[2024-04-08T17:10:21.877+0800][55884.851s] GC(174) Eden regions: 302->0(302)
[2024-04-08T17:10:21.877+0800][55884.851s] GC(174) Survivor regions: 5->5(39)
[2024-04-08T17:10:21.877+0800][55884.851s] GC(174) Old regions: 46->46
[2024-04-08T17:10:21.877+0800][55884.851s] GC(174) Humongous regions: 4->4
[2024-04-08T17:10:21.877+0800][55884.851s] GC(174) Metaspace: 67300K(68224K)->67300K(68224K) NonClass: 59774K(60288K)->59774K(60288K) Class: 7526K(7936K)->7526K(7936K)
[2024-04-08T17:10:21.877+0800][55884.851s] GC(174) Pause Young (Normal) (G1 Evacuation Pause) 356M->54M(512M) 2.641ms
[2024-04-08T17:10:21.877+0800][55884.851s] GC(174) User=0.00s Sys=0.00s Real=0.00s
[2024-04-08T17:10:23.235+0800][55886.210s] GC(175) Pause Young (Normal) (G1 Evacuation Pause)
[2024-04-08T17:10:23.235+0800][55886.210s] GC(175) Using 13 workers of 13 for evacuation
[2024-04-08T17:10:23.238+0800][55886.212s] GC(175)   Pre Evacuate Collection Set: 0.2ms
[2024-04-08T17:10:23.238+0800][55886.212s] GC(175)   Merge Heap Roots: 0.1ms
[2024-04-08T17:10:23.238+0800][55886.212s] GC(175)   Evacuate Collection Set: 1.6ms
[2024-04-08T17:10:23.238+0800][55886.212s] GC(175)   Post Evacuate Collection Set: 0.5ms
[2024-04-08T17:10:23.238+0800][55886.212s] GC(175)   Other: 0.1ms
[2024-04-08T17:10:23.238+0800][55886.212s] GC(175) Eden regions: 302->0(302)
[2024-04-08T17:10:23.238+0800][55886.212s] GC(175) Survivor regions: 5->5(39)
[2024-04-08T17:10:23.238+0800][55886.212s] GC(175) Old regions: 46->46
[2024-04-08T17:10:23.238+0800][55886.212s] GC(175) Humongous regions: 4->4
[2024-04-08T17:10:23.238+0800][55886.212s] GC(175) Metaspace: 67300K(68224K)->67300K(68224K) NonClass: 59774K(60288K)->59774K(60288K) Class: 7526K(7936K)->7526K(7936K)
[2024-04-08T17:10:23.238+0800][55886.212s] GC(175) Pause Young (Normal) (G1 Evacuation Pause) 356M->54M(512M) 2.726ms
[2024-04-08T17:10:23.238+0800][55886.212s] GC(175) User=0.00s Sys=0.00s Real=0.00s
[2024-04-08T17:10:24.592+0800][55887.567s] GC(176) Pause Young (Normal) (G1 Evacuation Pause)
[2024-04-08T17:10:24.592+0800][55887.567s] GC(176) Using 13 workers of 13 for evacuation
[2024-04-08T17:10:24.595+0800][55887.570s] GC(176)   Pre Evacuate Collection Set: 0.2ms
[2024-04-08T17:10:24.595+0800][55887.570s] GC(176)   Merge Heap Roots: 0.1ms
[2024-04-08T17:10:24.595+0800][55887.570s] GC(176)   Evacuate Collection Set: 1.9ms
[2024-04-08T17:10:24.595+0800][55887.570s] GC(176)   Post Evacuate Collection Set: 0.6ms
[2024-04-08T17:10:24.595+0800][55887.570s] GC(176)   Other: 0.1ms
[2024-04-08T17:10:24.595+0800][55887.570s] GC(176) Eden regions: 302->0(302)
[2024-04-08T17:10:24.595+0800][55887.570s] GC(176) Survivor regions: 5->5(39)
[2024-04-08T17:10:24.595+0800][55887.570s] GC(176) Old regions: 46->46
[2024-04-08T17:10:24.595+0800][55887.570s] GC(176) Humongous regions: 4->4
[2024-04-08T17:10:24.595+0800][55887.570s] GC(176) Metaspace: 67300K(68224K)->67300K(68224K) NonClass: 59774K(60288K)->59774K(60288K) Class: 7526K(7936K)->7526K(7936K)
[2024-04-08T17:10:24.595+0800][55887.570s] GC(176) Pause Young (Normal) (G1 Evacuation Pause) 356M->54M(512M) 3.034ms
[2024-04-08T17:10:24.595+0800][55887.570s] GC(176) User=0.00s Sys=0.00s Real=0.00s
[2024-04-08T17:10:25.950+0800][55888.925s] GC(177) Pause Young (Normal) (G1 Evacuation Pause)
[2024-04-08T17:10:25.950+0800][55888.925s] GC(177) Using 13 workers of 13 for evacuation
[2024-04-08T17:10:25.953+0800][55888.927s] GC(177)   Pre Evacuate Collection Set: 0.2ms
[2024-04-08T17:10:25.953+0800][55888.928s] GC(177)   Merge Heap Roots: 0.1ms
[2024-04-08T17:10:25.953+0800][55888.928s] GC(177)   Evacuate Collection Set: 1.6ms
[2024-04-08T17:10:25.953+0800][55888.928s] GC(177)   Post Evacuate Collection Set: 0.5ms
[2024-04-08T17:10:25.953+0800][55888.928s] GC(177)   Other: 0.1ms
[2024-04-08T17:10:25.953+0800][55888.928s] GC(177) Eden regions: 302->0(302)
[2024-04-08T17:10:25.953+0800][55888.928s] GC(177) Survivor regions: 5->5(39)
[2024-04-08T17:10:25.953+0800][55888.928s] GC(177) Old regions: 46->46
[2024-04-08T17:10:25.953+0800][55888.928s] GC(177) Humongous regions: 4->4
[2024-04-08T17:10:25.953+0800][55888.928s] GC(177) Metaspace: 67300K(68224K)->67300K(68224K) NonClass: 59774K(60288K)->59774K(60288K) Class: 7526K(7936K)->7526K(7936K)
[2024-04-08T17:10:25.953+0800][55888.928s] GC(177) Pause Young (Normal) (G1 Evacuation Pause) 356M->54M(512M) 2.841ms
[2024-04-08T17:10:25.953+0800][55888.928s] GC(177) User=0.00s Sys=0.00s Real=0.00s
[2024-04-08T17:10:27.351+0800][55890.325s] GC(178) Pause Young (Normal) (G1 Evacuation Pause)
[2024-04-08T17:10:27.351+0800][55890.325s] GC(178) Using 13 workers of 13 for evacuation
[2024-04-08T17:10:27.354+0800][55890.328s] GC(178)   Pre Evacuate Collection Set: 0.2ms
[2024-04-08T17:10:27.354+0800][55890.328s] GC(178)   Merge Heap Roots: 0.1ms
[2024-04-08T17:10:27.354+0800][55890.328s] GC(178)   Evacuate Collection Set: 1.9ms
[2024-04-08T17:10:27.354+0800][55890.328s] GC(178)   Post Evacuate Collection Set: 0.5ms
[2024-04-08T17:10:27.354+0800][55890.328s] GC(178)   Other: 0.1ms
[2024-04-08T17:10:27.354+0800][55890.328s] GC(178) Eden regions: 302->0(302)
[2024-04-08T17:10:27.354+0800][55890.328s] GC(178) Survivor regions: 5->5(39)
[2024-04-08T17:10:27.354+0800][55890.328s] GC(178) Old regions: 46->46
[2024-04-08T17:10:27.354+0800][55890.328s] GC(178) Humongous regions: 4->4
[2024-04-08T17:10:27.354+0800][55890.328s] GC(178) Metaspace: 67300K(68224K)->67300K(68224K) NonClass: 59774K(60288K)->59774K(60288K) Class: 7526K(7936K)->7526K(7936K)
[2024-04-08T17:10:27.354+0800][55890.328s] GC(178) Pause Young (Normal) (G1 Evacuation Pause) 356M->54M(512M) 3.002ms
[2024-04-08T17:10:27.354+0800][55890.328s] GC(178) User=0.02s Sys=0.00s Real=0.00s
[2024-04-08T17:10:28.769+0800][55891.744s] GC(179) Pause Young (Normal) (G1 Evacuation Pause)
[2024-04-08T17:10:28.769+0800][55891.744s] GC(179) Using 13 workers of 13 for evacuation
[2024-04-08T17:10:28.772+0800][55891.746s] GC(179)   Pre Evacuate Collection Set: 0.2ms
[2024-04-08T17:10:28.772+0800][55891.747s] GC(179)   Merge Heap Roots: 0.2ms
[2024-04-08T17:10:28.772+0800][55891.747s] GC(179)   Evacuate Collection Set: 1.8ms
[2024-04-08T17:10:28.772+0800][55891.747s] GC(179)   Post Evacuate Collection Set: 0.6ms
[2024-04-08T17:10:28.772+0800][55891.747s] GC(179)   Other: 0.1ms
[2024-04-08T17:10:28.772+0800][55891.747s] GC(179) Eden regions: 302->0(302)
[2024-04-08T17:10:28.772+0800][55891.747s] GC(179) Survivor regions: 5->5(39)
[2024-04-08T17:10:28.772+0800][55891.747s] GC(179) Old regions: 46->46
[2024-04-08T17:10:28.772+0800][55891.747s] GC(179) Humongous regions: 4->4
[2024-04-08T17:10:28.773+0800][55891.747s] GC(179) Metaspace: 67300K(68224K)->67300K(68224K) NonClass: 59774K(60288K)->59774K(60288K) Class: 7526K(7936K)->7526K(7936K)
[2024-04-08T17:10:28.773+0800][55891.747s] GC(179) Pause Young (Normal) (G1 Evacuation Pause) 356M->54M(512M) 3.119ms
[2024-04-08T17:10:28.773+0800][55891.747s] GC(179) User=0.00s Sys=0.00s Real=0.00s
[2024-04-08T17:10:30.105+0800][55893.080s] GC(180) Pause Young (Normal) (G1 Evacuation Pause)
[2024-04-08T17:10:30.105+0800][55893.080s] GC(180) Using 13 workers of 13 for evacuation
[2024-04-08T17:10:30.107+0800][55893.082s] GC(180)   Pre Evacuate Collection Set: 0.2ms
[2024-04-08T17:10:30.108+0800][55893.082s] GC(180)   Merge Heap Roots: 0.2ms
[2024-04-08T17:10:30.108+0800][55893.082s] GC(180)   Evacuate Collection Set: 1.5ms
[2024-04-08T17:10:30.108+0800][55893.082s] GC(180)   Post Evacuate Collection Set: 0.6ms
[2024-04-08T17:10:30.108+0800][55893.082s] GC(180)   Other: 0.1ms
[2024-04-08T17:10:30.108+0800][55893.082s] GC(180) Eden regions: 302->0(302)
[2024-04-08T17:10:30.108+0800][55893.082s] GC(180) Survivor regions: 5->5(39)
[2024-04-08T17:10:30.108+0800][55893.082s] GC(180) Old regions: 46->46
[2024-04-08T17:10:30.108+0800][55893.082s] GC(180) Humongous regions: 4->4
[2024-04-08T17:10:30.108+0800][55893.082s] GC(180) Metaspace: 67300K(68224K)->67300K(68224K) NonClass: 59774K(60288K)->59774K(60288K) Class: 7526K(7936K)->7526K(7936K)
[2024-04-08T17:10:30.108+0800][55893.082s] GC(180) Pause Young (Normal) (G1 Evacuation Pause) 356M->54M(512M) 2.736ms
[2024-04-08T17:10:30.108+0800][55893.083s] GC(180) User=0.00s Sys=0.00s Real=0.00s
[2024-04-08T17:10:31.476+0800][55894.450s] GC(181) Pause Young (Normal) (G1 Evacuation Pause)
[2024-04-08T17:10:31.476+0800][55894.450s] GC(181) Using 13 workers of 13 for evacuation
[2024-04-08T17:10:31.479+0800][55894.453s] GC(181)   Pre Evacuate Collection Set: 0.2ms
[2024-04-08T17:10:31.479+0800][55894.453s] GC(181)   Merge Heap Roots: 0.1ms
[2024-04-08T17:10:31.479+0800][55894.453s] GC(181)   Evacuate Collection Set: 1.5ms
[2024-04-08T17:10:31.479+0800][55894.453s] GC(181)   Post Evacuate Collection Set: 0.5ms
[2024-04-08T17:10:31.479+0800][55894.453s] GC(181)   Other: 0.1ms
[2024-04-08T17:10:31.479+0800][55894.453s] GC(181) Eden regions: 302->0(302)
[2024-04-08T17:10:31.479+0800][55894.453s] GC(181) Survivor regions: 5->5(39)
[2024-04-08T17:10:31.479+0800][55894.453s] GC(181) Old regions: 46->46
[2024-04-08T17:10:31.479+0800][55894.453s] GC(181) Humongous regions: 4->4
[2024-04-08T17:10:31.479+0800][55894.453s] GC(181) Metaspace: 67300K(68224K)->67300K(68224K) NonClass: 59774K(60288K)->59774K(60288K) Class: 7526K(7936K)->7526K(7936K)
[2024-04-08T17:10:31.479+0800][55894.453s] GC(181) Pause Young (Normal) (G1 Evacuation Pause) 356M->54M(512M) 2.776ms
[2024-04-08T17:10:31.479+0800][55894.453s] GC(181) User=0.02s Sys=0.00s Real=0.00s
[2024-04-08T17:10:32.842+0800][55895.817s] GC(182) Pause Young (Normal) (G1 Evacuation Pause)
[2024-04-08T17:10:32.842+0800][55895.817s] GC(182) Using 13 workers of 13 for evacuation
[2024-04-08T17:10:32.845+0800][55895.820s] GC(182)   Pre Evacuate Collection Set: 0.2ms
[2024-04-08T17:10:32.845+0800][55895.820s] GC(182)   Merge Heap Roots: 0.2ms
[2024-04-08T17:10:32.845+0800][55895.820s] GC(182)   Evacuate Collection Set: 1.6ms
[2024-04-08T17:10:32.845+0800][55895.820s] GC(182)   Post Evacuate Collection Set: 0.7ms
[2024-04-08T17:10:32.845+0800][55895.820s] GC(182)   Other: 0.1ms
[2024-04-08T17:10:32.845+0800][55895.820s] GC(182) Eden regions: 302->0(302)
[2024-04-08T17:10:32.845+0800][55895.820s] GC(182) Survivor regions: 5->5(39)
[2024-04-08T17:10:32.845+0800][55895.820s] GC(182) Old regions: 46->46
[2024-04-08T17:10:32.845+0800][55895.820s] GC(182) Humongous regions: 4->4
[2024-04-08T17:10:32.845+0800][55895.820s] GC(182) Metaspace: 67300K(68224K)->67300K(68224K) NonClass: 59774K(60288K)->59774K(60288K) Class: 7526K(7936K)->7526K(7936K)
[2024-04-08T17:10:32.845+0800][55895.820s] GC(182) Pause Young (Normal) (G1 Evacuation Pause) 356M->54M(512M) 2.908ms
[2024-04-08T17:10:32.845+0800][55895.820s] GC(182) User=0.00s Sys=0.00s Real=0.00s
[2024-04-08T17:10:34.186+0800][55897.161s] GC(183) Pause Young (Normal) (G1 Evacuation Pause)
[2024-04-08T17:10:34.186+0800][55897.162s] GC(183) Using 13 workers of 13 for evacuation
[2024-04-08T17:10:34.189+0800][55897.164s] GC(183)   Pre Evacuate Collection Set: 0.1ms
[2024-04-08T17:10:34.189+0800][55897.164s] GC(183)   Merge Heap Roots: 0.1ms
[2024-04-08T17:10:34.189+0800][55897.164s] GC(183)   Evacuate Collection Set: 1.4ms
[2024-04-08T17:10:34.189+0800][55897.164s] GC(183)   Post Evacuate Collection Set: 0.5ms
[2024-04-08T17:10:34.189+0800][55897.164s] GC(183)   Other: 0.1ms
[2024-04-08T17:10:34.189+0800][55897.164s] GC(183) Eden regions: 302->0(302)
[2024-04-08T17:10:34.189+0800][55897.164s] GC(183) Survivor regions: 5->5(39)
[2024-04-08T17:10:34.189+0800][55897.164s] GC(183) Old regions: 46->47
[2024-04-08T17:10:34.189+0800][55897.164s] GC(183) Humongous regions: 4->4
[2024-04-08T17:10:34.189+0800][55897.164s] GC(183) Metaspace: 67303K(68224K)->67303K(68224K) NonClass: 59776K(60288K)->59776K(60288K) Class: 7526K(7936K)->7526K(7936K)
[2024-04-08T17:10:34.189+0800][55897.164s] GC(183) Pause Young (Normal) (G1 Evacuation Pause) 356M->54M(512M) 2.473ms
[2024-04-08T17:10:34.189+0800][55897.164s] GC(183) User=0.00s Sys=0.00s Real=0.00s
[2024-04-08T17:10:35.562+0800][55898.536s] GC(184) Pause Young (Normal) (G1 Evacuation Pause)
[2024-04-08T17:10:35.562+0800][55898.536s] GC(184) Using 13 workers of 13 for evacuation
[2024-04-08T17:10:35.563+0800][55898.538s] GC(184)   Pre Evacuate Collection Set: 0.2ms
[2024-04-08T17:10:35.563+0800][55898.538s] GC(184)   Merge Heap Roots: 0.1ms
[2024-04-08T17:10:35.563+0800][55898.538s] GC(184)   Evacuate Collection Set: 1.6ms
[2024-04-08T17:10:35.563+0800][55898.538s] GC(184)   Post Evacuate Collection Set: 0.6ms
[2024-04-08T17:10:35.563+0800][55898.538s] GC(184)   Other: 0.1ms
[2024-04-08T17:10:35.563+0800][55898.538s] GC(184) Eden regions: 302->0(302)
[2024-04-08T17:10:35.563+0800][55898.538s] GC(184) Survivor regions: 5->5(39)
[2024-04-08T17:10:35.563+0800][55898.538s] GC(184) Old regions: 47->47
[2024-04-08T17:10:35.563+0800][55898.538s] GC(184) Humongous regions: 4->4
[2024-04-08T17:10:35.563+0800][55898.538s] GC(184) Metaspace: 67303K(68224K)->67303K(68224K) NonClass: 59776K(60288K)->59776K(60288K) Class: 7526K(7936K)->7526K(7936K)
[2024-04-08T17:10:35.563+0800][55898.538s] GC(184) Pause Young (Normal) (G1 Evacuation Pause) 356M->54M(512M) 2.723ms
[2024-04-08T17:10:35.563+0800][55898.538s] GC(184) User=0.00s Sys=0.00s Real=0.00s
[2024-04-08T17:10:36.895+0800][55899.870s] GC(185) Pause Young (Normal) (G1 Evacuation Pause)
[2024-04-08T17:10:36.895+0800][55899.870s] GC(185) Using 13 workers of 13 for evacuation
[2024-04-08T17:10:36.898+0800][55899.873s] GC(185)   Pre Evacuate Collection Set: 0.1ms
[2024-04-08T17:10:36.898+0800][55899.873s] GC(185)   Merge Heap Roots: 0.1ms
[2024-04-08T17:10:36.898+0800][55899.873s] GC(185)   Evacuate Collection Set: 1.5ms
[2024-04-08T17:10:36.898+0800][55899.873s] GC(185)   Post Evacuate Collection Set: 0.7ms
[2024-04-08T17:10:36.898+0800][55899.873s] GC(185)   Other: 0.1ms
[2024-04-08T17:10:36.898+0800][55899.873s] GC(185) Eden regions: 302->0(303)
[2024-04-08T17:10:36.898+0800][55899.873s] GC(185) Survivor regions: 5->4(39)
[2024-04-08T17:10:36.898+0800][55899.873s] GC(185) Old regions: 47->48
[2024-04-08T17:10:36.898+0800][55899.873s] GC(185) Humongous regions: 4->4
[2024-04-08T17:10:36.898+0800][55899.873s] GC(185) Metaspace: 67303K(68224K)->67303K(68224K) NonClass: 59776K(60288K)->59776K(60288K) Class: 7526K(7936K)->7526K(7936K)
[2024-04-08T17:10:36.898+0800][55899.873s] GC(185) Pause Young (Normal) (G1 Evacuation Pause) 356M->54M(512M) 2.684ms
[2024-04-08T17:10:36.898+0800][55899.873s] GC(185) User=0.00s Sys=0.00s Real=0.00s
[2024-04-08T17:10:38.206+0800][55901.181s] GC(186) Pause Young (Normal) (G1 Evacuation Pause)
[2024-04-08T17:10:38.206+0800][55901.181s] GC(186) Using 13 workers of 13 for evacuation
[2024-04-08T17:10:38.209+0800][55901.183s] GC(186)   Pre Evacuate Collection Set: 0.3ms
[2024-04-08T17:10:38.209+0800][55901.183s] GC(186)   Merge Heap Roots: 0.1ms
[2024-04-08T17:10:38.209+0800][55901.183s] GC(186)   Evacuate Collection Set: 1.5ms
[2024-04-08T17:10:38.209+0800][55901.183s] GC(186)   Post Evacuate Collection Set: 0.6ms
[2024-04-08T17:10:38.209+0800][55901.183s] GC(186)   Other: 0.1ms
[2024-04-08T17:10:38.209+0800][55901.183s] GC(186) Eden regions: 303->0(305)
[2024-04-08T17:10:38.209+0800][55901.183s] GC(186) Survivor regions: 4->2(39)
[2024-04-08T17:10:38.209+0800][55901.183s] GC(186) Old regions: 48->50
[2024-04-08T17:10:38.209+0800][55901.183s] GC(186) Humongous regions: 4->4
[2024-04-08T17:10:38.209+0800][55901.183s] GC(186) Metaspace: 67303K(68224K)->67303K(68224K) NonClass: 59776K(60288K)->59776K(60288K) Class: 7526K(7936K)->7526K(7936K)
[2024-04-08T17:10:38.209+0800][55901.183s] GC(186) Pause Young (Normal) (G1 Evacuation Pause) 357M->54M(512M) 2.704ms
[2024-04-08T17:10:38.209+0800][55901.183s] GC(186) User=0.00s Sys=0.00s Real=0.00s
[2024-04-08T17:10:39.521+0800][55902.495s] GC(187) Pause Young (Normal) (G1 Evacuation Pause)
[2024-04-08T17:10:39.521+0800][55902.495s] GC(187) Using 13 workers of 13 for evacuation
[2024-04-08T17:10:39.524+0800][55902.498s] GC(187)   Pre Evacuate Collection Set: 0.2ms
[2024-04-08T17:10:39.524+0800][55902.498s] GC(187)   Merge Heap Roots: 0.1ms
[2024-04-08T17:10:39.524+0800][55902.498s] GC(187)   Evacuate Collection Set: 1.5ms
[2024-04-08T17:10:39.524+0800][55902.498s] GC(187)   Post Evacuate Collection Set: 0.7ms
[2024-04-08T17:10:39.524+0800][55902.498s] GC(187)   Other: 0.1ms
[2024-04-08T17:10:39.524+0800][55902.498s] GC(187) Eden regions: 305->0(305)
[2024-04-08T17:10:39.524+0800][55902.498s] GC(187) Survivor regions: 2->2(39)
[2024-04-08T17:10:39.524+0800][55902.498s] GC(187) Old regions: 50->50
[2024-04-08T17:10:39.524+0800][55902.498s] GC(187) Humongous regions: 4->4
[2024-04-08T17:10:39.524+0800][55902.498s] GC(187) Metaspace: 67303K(68224K)->67303K(68224K) NonClass: 59776K(60288K)->59776K(60288K) Class: 7526K(7936K)->7526K(7936K)
[2024-04-08T17:10:39.524+0800][55902.498s] GC(187) Pause Young (Normal) (G1 Evacuation Pause) 359M->55M(512M) 2.881ms
[2024-04-08T17:10:39.524+0800][55902.498s] GC(187) User=0.00s Sys=0.00s Real=0.00s
[2024-04-08T17:10:40.870+0800][55903.844s] GC(188) Pause Young (Normal) (G1 Evacuation Pause)
[2024-04-08T17:10:40.870+0800][55903.844s] GC(188) Using 13 workers of 13 for evacuation
[2024-04-08T17:10:40.872+0800][55903.846s] GC(188)   Pre Evacuate Collection Set: 0.2ms
[2024-04-08T17:10:40.872+0800][55903.846s] GC(188)   Merge Heap Roots: 0.1ms
[2024-04-08T17:10:40.872+0800][55903.846s] GC(188)   Evacuate Collection Set: 1.4ms
[2024-04-08T17:10:40.872+0800][55903.846s] GC(188)   Post Evacuate Collection Set: 0.6ms
[2024-04-08T17:10:40.872+0800][55903.846s] GC(188)   Other: 0.1ms
[2024-04-08T17:10:40.872+0800][55903.846s] GC(188) Eden regions: 305->0(305)
[2024-04-08T17:10:40.872+0800][55903.846s] GC(188) Survivor regions: 2->2(39)
[2024-04-08T17:10:40.872+0800][55903.846s] GC(188) Old regions: 50->50
[2024-04-08T17:10:40.872+0800][55903.846s] GC(188) Humongous regions: 4->4
[2024-04-08T17:10:40.872+0800][55903.846s] GC(188) Metaspace: 67303K(68224K)->67303K(68224K) NonClass: 59776K(60288K)->59776K(60288K) Class: 7526K(7936K)->7526K(7936K)
[2024-04-08T17:10:40.872+0800][55903.846s] GC(188) Pause Young (Normal) (G1 Evacuation Pause) 360M->54M(512M) 2.610ms
[2024-04-08T17:10:40.872+0800][55903.847s] GC(188) User=0.00s Sys=0.00s Real=0.00s
[2024-04-08T17:10:42.244+0800][55905.218s] GC(189) Pause Young (Normal) (G1 Evacuation Pause)
[2024-04-08T17:10:42.244+0800][55905.218s] GC(189) Using 13 workers of 13 for evacuation
[2024-04-08T17:10:42.246+0800][55905.220s] GC(189)   Pre Evacuate Collection Set: 0.2ms
[2024-04-08T17:10:42.246+0800][55905.220s] GC(189)   Merge Heap Roots: 0.1ms
[2024-04-08T17:10:42.246+0800][55905.220s] GC(189)   Evacuate Collection Set: 1.3ms
[2024-04-08T17:10:42.246+0800][55905.220s] GC(189)   Post Evacuate Collection Set: 0.6ms
[2024-04-08T17:10:42.246+0800][55905.220s] GC(189)   Other: 0.1ms
[2024-04-08T17:10:42.246+0800][55905.220s] GC(189) Eden regions: 305->0(305)
[2024-04-08T17:10:42.246+0800][55905.220s] GC(189) Survivor regions: 2->2(39)
[2024-04-08T17:10:42.246+0800][55905.220s] GC(189) Old regions: 50->50
[2024-04-08T17:10:42.246+0800][55905.220s] GC(189) Humongous regions: 4->4
[2024-04-08T17:10:42.246+0800][55905.220s] GC(189) Metaspace: 67303K(68224K)->67303K(68224K) NonClass: 59776K(60288K)->59776K(60288K) Class: 7526K(7936K)->7526K(7936K)
[2024-04-08T17:10:42.246+0800][55905.220s] GC(189) Pause Young (Normal) (G1 Evacuation Pause) 359M->55M(512M) 2.588ms
[2024-04-08T17:10:42.246+0800][55905.220s] GC(189) User=0.05s Sys=0.02s Real=0.00s
[2024-04-08T17:10:43.670+0800][55906.645s] GC(190) Pause Young (Normal) (G1 Evacuation Pause)
[2024-04-08T17:10:43.670+0800][55906.645s] GC(190) Using 13 workers of 13 for evacuation
[2024-04-08T17:10:43.672+0800][55906.647s] GC(190)   Pre Evacuate Collection Set: 0.1ms
[2024-04-08T17:10:43.672+0800][55906.647s] GC(190)   Merge Heap Roots: 0.1ms
[2024-04-08T17:10:43.672+0800][55906.647s] GC(190)   Evacuate Collection Set: 1.2ms
[2024-04-08T17:10:43.672+0800][55906.647s] GC(190)   Post Evacuate Collection Set: 0.4ms
[2024-04-08T17:10:43.672+0800][55906.647s] GC(190)   Other: 0.1ms
[2024-04-08T17:10:43.672+0800][55906.647s] GC(190) Eden regions: 305->0(305)
[2024-04-08T17:10:43.672+0800][55906.647s] GC(190) Survivor regions: 2->2(39)
[2024-04-08T17:10:43.672+0800][55906.647s] GC(190) Old regions: 50->50
[2024-04-08T17:10:43.672+0800][55906.647s] GC(190) Humongous regions: 4->4
[2024-04-08T17:10:43.672+0800][55906.647s] GC(190) Metaspace: 67303K(68224K)->67303K(68224K) NonClass: 59776K(60288K)->59776K(60288K) Class: 7526K(7936K)->7526K(7936K)
[2024-04-08T17:10:43.672+0800][55906.647s] GC(190) Pause Young (Normal) (G1 Evacuation Pause) 360M->54M(512M) 2.124ms
[2024-04-08T17:10:43.672+0800][55906.647s] GC(190) User=0.00s Sys=0.00s Real=0.00s
[2024-04-08T17:10:45.023+0800][55907.997s] GC(191) Pause Young (Normal) (G1 Evacuation Pause)
[2024-04-08T17:10:45.023+0800][55907.997s] GC(191) Using 13 workers of 13 for evacuation
[2024-04-08T17:10:45.026+0800][55908.000s] GC(191)   Pre Evacuate Collection Set: 0.2ms
[2024-04-08T17:10:45.026+0800][55908.000s] GC(191)   Merge Heap Roots: 0.1ms
[2024-04-08T17:10:45.026+0800][55908.000s] GC(191)   Evacuate Collection Set: 1.4ms
[2024-04-08T17:10:45.026+0800][55908.000s] GC(191)   Post Evacuate Collection Set: 0.6ms
[2024-04-08T17:10:45.026+0800][55908.000s] GC(191)   Other: 0.1ms
[2024-04-08T17:10:45.026+0800][55908.000s] GC(191) Eden regions: 305->0(305)
[2024-04-08T17:10:45.026+0800][55908.000s] GC(191) Survivor regions: 2->2(39)
[2024-04-08T17:10:45.026+0800][55908.000s] GC(191) Old regions: 50->50
[2024-04-08T17:10:45.026+0800][55908.000s] GC(191) Humongous regions: 4->4
[2024-04-08T17:10:45.026+0800][55908.000s] GC(191) Metaspace: 67303K(68224K)->67303K(68224K) NonClass: 59776K(60288K)->59776K(60288K) Class: 7526K(7936K)->7526K(7936K)
[2024-04-08T17:10:45.026+0800][55908.000s] GC(191) Pause Young (Normal) (G1 Evacuation Pause) 359M->54M(512M) 2.552ms
[2024-04-08T17:10:45.026+0800][55908.000s] GC(191) User=0.16s Sys=0.00s Real=0.00s
[2024-04-08T17:10:46.455+0800][55909.429s] GC(192) Pause Young (Normal) (G1 Evacuation Pause)
[2024-04-08T17:10:46.455+0800][55909.429s] GC(192) Using 13 workers of 13 for evacuation
[2024-04-08T17:10:46.457+0800][55909.431s] GC(192)   Pre Evacuate Collection Set: 0.2ms
[2024-04-08T17:10:46.457+0800][55909.431s] GC(192)   Merge Heap Roots: 0.2ms
[2024-04-08T17:10:46.457+0800][55909.431s] GC(192)   Evacuate Collection Set: 1.3ms
[2024-04-08T17:10:46.457+0800][55909.431s] GC(192)   Post Evacuate Collection Set: 0.6ms
[2024-04-08T17:10:46.457+0800][55909.431s] GC(192)   Other: 0.1ms
[2024-04-08T17:10:46.457+0800][55909.431s] GC(192) Eden regions: 305->0(305)
[2024-04-08T17:10:46.457+0800][55909.431s] GC(192) Survivor regions: 2->2(39)
[2024-04-08T17:10:46.457+0800][55909.431s] GC(192) Old regions: 50->50
[2024-04-08T17:10:46.457+0800][55909.431s] GC(192) Humongous regions: 4->4
[2024-04-08T17:10:46.457+0800][55909.431s] GC(192) Metaspace: 67303K(68224K)->67303K(68224K) NonClass: 59776K(60288K)->59776K(60288K) Class: 7526K(7936K)->7526K(7936K)
[2024-04-08T17:10:46.457+0800][55909.431s] GC(192) Pause Young (Normal) (G1 Evacuation Pause) 359M->54M(512M) 2.521ms
[2024-04-08T17:10:46.457+0800][55909.431s] GC(192) User=0.00s Sys=0.00s Real=0.00s
[2024-04-08T17:10:47.853+0800][55910.827s] GC(193) Pause Young (Normal) (G1 Evacuation Pause)
[2024-04-08T17:10:47.853+0800][55910.827s] GC(193) Using 13 workers of 13 for evacuation
[2024-04-08T17:10:47.855+0800][55910.830s] GC(193)   Pre Evacuate Collection Set: 0.2ms
[2024-04-08T17:10:47.855+0800][55910.830s] GC(193)   Merge Heap Roots: 0.1ms
[2024-04-08T17:10:47.855+0800][55910.830s] GC(193)   Evacuate Collection Set: 1.3ms
[2024-04-08T17:10:47.855+0800][55910.830s] GC(193)   Post Evacuate Collection Set: 0.6ms
[2024-04-08T17:10:47.855+0800][55910.830s] GC(193)   Other: 0.1ms
[2024-04-08T17:10:47.855+0800][55910.830s] GC(193) Eden regions: 305->0(305)
[2024-04-08T17:10:47.855+0800][55910.830s] GC(193) Survivor regions: 2->2(39)
[2024-04-08T17:10:47.855+0800][55910.830s] GC(193) Old regions: 50->50
[2024-04-08T17:10:47.855+0800][55910.830s] GC(193) Humongous regions: 4->4
[2024-04-08T17:10:47.855+0800][55910.830s] GC(193) Metaspace: 67303K(68224K)->67303K(68224K) NonClass: 59776K(60288K)->59776K(60288K) Class: 7526K(7936K)->7526K(7936K)
[2024-04-08T17:10:47.855+0800][55910.830s] GC(193) Pause Young (Normal) (G1 Evacuation Pause) 359M->55M(512M) 2.434ms
[2024-04-08T17:10:47.855+0800][55910.830s] GC(193) User=0.20s Sys=0.00s Real=0.00s
[2024-04-08T17:10:49.245+0800][55912.219s] GC(194) Pause Young (Normal) (G1 Evacuation Pause)
[2024-04-08T17:10:49.245+0800][55912.220s] GC(194) Using 13 workers of 13 for evacuation
[2024-04-08T17:10:49.248+0800][55912.222s] GC(194)   Pre Evacuate Collection Set: 0.2ms
[2024-04-08T17:10:49.248+0800][55912.222s] GC(194)   Merge Heap Roots: 0.2ms
[2024-04-08T17:10:49.248+0800][55912.222s] GC(194)   Evacuate Collection Set: 1.5ms
[2024-04-08T17:10:49.248+0800][55912.222s] GC(194)   Post Evacuate Collection Set: 0.7ms
[2024-04-08T17:10:49.248+0800][55912.222s] GC(194)   Other: 0.1ms
[2024-04-08T17:10:49.248+0800][55912.222s] GC(194) Eden regions: 305->0(305)
[2024-04-08T17:10:49.248+0800][55912.222s] GC(194) Survivor regions: 2->2(39)
[2024-04-08T17:10:49.248+0800][55912.222s] GC(194) Old regions: 50->50
[2024-04-08T17:10:49.248+0800][55912.222s] GC(194) Humongous regions: 4->4
[2024-04-08T17:10:49.248+0800][55912.222s] GC(194) Metaspace: 67303K(68224K)->67303K(68224K) NonClass: 59776K(60288K)->59776K(60288K) Class: 7526K(7936K)->7526K(7936K)
[2024-04-08T17:10:49.248+0800][55912.222s] GC(194) Pause Young (Normal) (G1 Evacuation Pause) 360M->54M(512M) 2.823ms
[2024-04-08T17:10:49.248+0800][55912.222s] GC(194) User=0.00s Sys=0.00s Real=0.00s
[2024-04-08T17:10:50.592+0800][55913.566s] GC(195) Pause Young (Normal) (G1 Evacuation Pause)
[2024-04-08T17:10:50.593+0800][55913.567s] GC(195) Using 13 workers of 13 for evacuation
[2024-04-08T17:10:50.595+0800][55913.569s] GC(195)   Pre Evacuate Collection Set: 0.2ms
[2024-04-08T17:10:50.595+0800][55913.569s] GC(195)   Merge Heap Roots: 0.1ms
[2024-04-08T17:10:50.595+0800][55913.569s] GC(195)   Evacuate Collection Set: 1.4ms
[2024-04-08T17:10:50.595+0800][55913.569s] GC(195)   Post Evacuate Collection Set: 0.5ms
[2024-04-08T17:10:50.595+0800][55913.569s] GC(195)   Other: 0.1ms
[2024-04-08T17:10:50.595+0800][55913.569s] GC(195) Eden regions: 305->0(305)
[2024-04-08T17:10:50.595+0800][55913.569s] GC(195) Survivor regions: 2->2(39)
[2024-04-08T17:10:50.595+0800][55913.569s] GC(195) Old regions: 50->50
[2024-04-08T17:10:50.595+0800][55913.569s] GC(195) Humongous regions: 4->4
[2024-04-08T17:10:50.595+0800][55913.569s] GC(195) Metaspace: 67303K(68224K)->67303K(68224K) NonClass: 59776K(60288K)->59776K(60288K) Class: 7526K(7936K)->7526K(7936K)
[2024-04-08T17:10:50.595+0800][55913.569s] GC(195) Pause Young (Normal) (G1 Evacuation Pause) 359M->55M(512M) 2.458ms
[2024-04-08T17:10:50.595+0800][55913.569s] GC(195) User=0.00s Sys=0.00s Real=0.00s
[2024-04-08T17:10:51.979+0800][55914.953s] GC(196) Pause Young (Normal) (G1 Evacuation Pause)
[2024-04-08T17:10:51.979+0800][55914.953s] GC(196) Using 13 workers of 13 for evacuation
[2024-04-08T17:10:51.981+0800][55914.956s] GC(196)   Pre Evacuate Collection Set: 0.2ms
[2024-04-08T17:10:51.981+0800][55914.956s] GC(196)   Merge Heap Roots: 0.1ms
[2024-04-08T17:10:51.981+0800][55914.956s] GC(196)   Evacuate Collection Set: 1.5ms
[2024-04-08T17:10:51.981+0800][55914.956s] GC(196)   Post Evacuate Collection Set: 0.5ms
[2024-04-08T17:10:51.981+0800][55914.956s] GC(196)   Other: 0.1ms
[2024-04-08T17:10:51.981+0800][55914.956s] GC(196) Eden regions: 305->0(305)
[2024-04-08T17:10:51.981+0800][55914.956s] GC(196) Survivor regions: 2->2(39)
[2024-04-08T17:10:51.981+0800][55914.956s] GC(196) Old regions: 50->50
[2024-04-08T17:10:51.981+0800][55914.956s] GC(196) Humongous regions: 4->4
[2024-04-08T17:10:51.981+0800][55914.956s] GC(196) Metaspace: 67303K(68224K)->67303K(68224K) NonClass: 59776K(60288K)->59776K(60288K) Class: 7526K(7936K)->7526K(7936K)
[2024-04-08T17:10:51.981+0800][55914.956s] GC(196) Pause Young (Normal) (G1 Evacuation Pause) 360M->55M(512M) 2.508ms
[2024-04-08T17:10:51.981+0800][55914.956s] GC(196) User=0.00s Sys=0.00s Real=0.00s
[2024-04-08T17:10:53.427+0800][55916.401s] GC(197) Pause Young (Normal) (G1 Evacuation Pause)
[2024-04-08T17:10:53.427+0800][55916.401s] GC(197) Using 13 workers of 13 for evacuation
[2024-04-08T17:10:53.430+0800][55916.404s] GC(197)   Pre Evacuate Collection Set: 0.2ms
[2024-04-08T17:10:53.430+0800][55916.405s] GC(197)   Merge Heap Roots: 0.1ms
[2024-04-08T17:10:53.430+0800][55916.405s] GC(197)   Evacuate Collection Set: 1.7ms
[2024-04-08T17:10:53.430+0800][55916.405s] GC(197)   Post Evacuate Collection Set: 0.8ms
[2024-04-08T17:10:53.430+0800][55916.405s] GC(197)   Other: 0.1ms
[2024-04-08T17:10:53.430+0800][55916.405s] GC(197) Eden regions: 305->0(305)
[2024-04-08T17:10:53.430+0800][55916.405s] GC(197) Survivor regions: 2->2(39)
[2024-04-08T17:10:53.430+0800][55916.405s] GC(197) Old regions: 50->50
[2024-04-08T17:10:53.430+0800][55916.405s] GC(197) Humongous regions: 4->4
[2024-04-08T17:10:53.430+0800][55916.405s] GC(197) Metaspace: 67303K(68224K)->67303K(68224K) NonClass: 59776K(60288K)->59776K(60288K) Class: 7526K(7936K)->7526K(7936K)
[2024-04-08T17:10:53.430+0800][55916.405s] GC(197) Pause Young (Normal) (G1 Evacuation Pause) 360M->55M(512M) 3.257ms
[2024-04-08T17:10:53.430+0800][55916.405s] GC(197) User=0.00s Sys=0.00s Real=0.00s
[2024-04-08T17:10:54.815+0800][55917.790s] GC(198) Pause Young (Normal) (G1 Evacuation Pause)
[2024-04-08T17:10:54.816+0800][55917.790s] GC(198) Using 13 workers of 13 for evacuation
[2024-04-08T17:10:54.818+0800][55917.793s] GC(198)   Pre Evacuate Collection Set: 0.1ms
[2024-04-08T17:10:54.818+0800][55917.793s] GC(198)   Merge Heap Roots: 0.1ms
[2024-04-08T17:10:54.818+0800][55917.793s] GC(198)   Evacuate Collection Set: 1.6ms
[2024-04-08T17:10:54.818+0800][55917.793s] GC(198)   Post Evacuate Collection Set: 0.4ms
[2024-04-08T17:10:54.818+0800][55917.793s] GC(198)   Other: 0.1ms
[2024-04-08T17:10:54.818+0800][55917.793s] GC(198) Eden regions: 305->0(305)
[2024-04-08T17:10:54.818+0800][55917.793s] GC(198) Survivor regions: 2->2(39)
[2024-04-08T17:10:54.818+0800][55917.793s] GC(198) Old regions: 50->50
[2024-04-08T17:10:54.818+0800][55917.793s] GC(198) Humongous regions: 4->4
[2024-04-08T17:10:54.818+0800][55917.793s] GC(198) Metaspace: 67303K(68224K)->67303K(68224K) NonClass: 59776K(60288K)->59776K(60288K) Class: 7526K(7936K)->7526K(7936K)
[2024-04-08T17:10:54.818+0800][55917.793s] GC(198) Pause Young (Normal) (G1 Evacuation Pause) 360M->54M(512M) 2.719ms
[2024-04-08T17:10:54.818+0800][55917.793s] GC(198) User=0.00s Sys=0.00s Real=0.00s
[2024-04-08T17:10:56.146+0800][55919.121s] GC(199) Pause Young (Normal) (G1 Evacuation Pause)
[2024-04-08T17:10:56.146+0800][55919.121s] GC(199) Using 13 workers of 13 for evacuation
[2024-04-08T17:10:56.149+0800][55919.123s] GC(199)   Pre Evacuate Collection Set: 0.2ms
[2024-04-08T17:10:56.149+0800][55919.123s] GC(199)   Merge Heap Roots: 0.1ms
[2024-04-08T17:10:56.149+0800][55919.124s] GC(199)   Evacuate Collection Set: 1.5ms
[2024-04-08T17:10:56.149+0800][55919.124s] GC(199)   Post Evacuate Collection Set: 0.6ms
[2024-04-08T17:10:56.149+0800][55919.124s] GC(199)   Other: 0.1ms
[2024-04-08T17:10:56.149+0800][55919.124s] GC(199) Eden regions: 305->0(305)
[2024-04-08T17:10:56.149+0800][55919.124s] GC(199) Survivor regions: 2->2(39)
[2024-04-08T17:10:56.149+0800][55919.124s] GC(199) Old regions: 50->50
[2024-04-08T17:10:56.149+0800][55919.124s] GC(199) Humongous regions: 4->4
[2024-04-08T17:10:56.149+0800][55919.124s] GC(199) Metaspace: 67303K(68224K)->67303K(68224K) NonClass: 59776K(60288K)->59776K(60288K) Class: 7526K(7936K)->7526K(7936K)
[2024-04-08T17:10:56.149+0800][55919.124s] GC(199) Pause Young (Normal) (G1 Evacuation Pause) 359M->54M(512M) 2.748ms
[2024-04-08T17:10:56.149+0800][55919.124s] GC(199) User=0.00s Sys=0.00s Real=0.00s
[2024-04-08T17:10:57.583+0800][55920.557s] GC(200) Pause Young (Normal) (G1 Evacuation Pause)
[2024-04-08T17:10:57.583+0800][55920.557s] GC(200) Using 13 workers of 13 for evacuation
[2024-04-08T17:10:57.585+0800][55920.560s] GC(200)   Pre Evacuate Collection Set: 0.2ms
[2024-04-08T17:10:57.585+0800][55920.560s] GC(200)   Merge Heap Roots: 0.1ms
[2024-04-08T17:10:57.585+0800][55920.560s] GC(200)   Evacuate Collection Set: 1.4ms
[2024-04-08T17:10:57.585+0800][55920.560s] GC(200)   Post Evacuate Collection Set: 0.6ms
[2024-04-08T17:10:57.585+0800][55920.560s] GC(200)   Other: 0.1ms
[2024-04-08T17:10:57.585+0800][55920.560s] GC(200) Eden regions: 305->0(305)
[2024-04-08T17:10:57.585+0800][55920.560s] GC(200) Survivor regions: 2->2(39)
[2024-04-08T17:10:57.585+0800][55920.560s] GC(200) Old regions: 50->50
[2024-04-08T17:10:57.585+0800][55920.560s] GC(200) Humongous regions: 4->4
[2024-04-08T17:10:57.585+0800][55920.560s] GC(200) Metaspace: 67303K(68224K)->67303K(68224K) NonClass: 59776K(60288K)->59776K(60288K) Class: 7526K(7936K)->7526K(7936K)
[2024-04-08T17:10:57.585+0800][55920.560s] GC(200) Pause Young (Normal) (G1 Evacuation Pause) 359M->55M(512M) 2.643ms
[2024-04-08T17:10:57.585+0800][55920.560s] GC(200) User=0.00s Sys=0.00s Real=0.00s
[2024-04-08T17:10:58.990+0800][55921.964s] GC(201) Pause Young (Normal) (G1 Evacuation Pause)
[2024-04-08T17:10:58.990+0800][55921.964s] GC(201) Using 13 workers of 13 for evacuation
[2024-04-08T17:10:58.992+0800][55921.967s] GC(201)   Pre Evacuate Collection Set: 0.2ms
[2024-04-08T17:10:58.992+0800][55921.967s] GC(201)   Merge Heap Roots: 0.1ms
[2024-04-08T17:10:58.992+0800][55921.967s] GC(201)   Evacuate Collection Set: 1.7ms
[2024-04-08T17:10:58.992+0800][55921.967s] GC(201)   Post Evacuate Collection Set: 0.7ms
[2024-04-08T17:10:58.992+0800][55921.967s] GC(201)   Other: 0.1ms
[2024-04-08T17:10:58.993+0800][55921.967s] GC(201) Eden regions: 305->0(305)
[2024-04-08T17:10:58.993+0800][55921.967s] GC(201) Survivor regions: 2->2(39)
[2024-04-08T17:10:58.993+0800][55921.967s] GC(201) Old regions: 50->50
[2024-04-08T17:10:58.993+0800][55921.967s] GC(201) Humongous regions: 4->4
[2024-04-08T17:10:58.993+0800][55921.967s] GC(201) Metaspace: 67303K(68224K)->67303K(68224K) NonClass: 59776K(60288K)->59776K(60288K) Class: 7526K(7936K)->7526K(7936K)
[2024-04-08T17:10:58.993+0800][55921.967s] GC(201) Pause Young (Normal) (G1 Evacuation Pause) 360M->55M(512M) 2.974ms
[2024-04-08T17:10:58.993+0800][55921.967s] GC(201) User=0.00s Sys=0.00s Real=0.00s
[2024-04-08T17:11:00.389+0800][55923.364s] GC(202) Pause Young (Normal) (G1 Evacuation Pause)
[2024-04-08T17:11:00.389+0800][55923.364s] GC(202) Using 13 workers of 13 for evacuation
[2024-04-08T17:11:00.392+0800][55923.367s] GC(202)   Pre Evacuate Collection Set: 0.2ms
[2024-04-08T17:11:00.392+0800][55923.367s] GC(202)   Merge Heap Roots: 0.1ms
[2024-04-08T17:11:00.392+0800][55923.367s] GC(202)   Evacuate Collection Set: 1.3ms
[2024-04-08T17:11:00.392+0800][55923.367s] GC(202)   Post Evacuate Collection Set: 0.6ms
[2024-04-08T17:11:00.392+0800][55923.367s] GC(202)   Other: 0.1ms
[2024-04-08T17:11:00.392+0800][55923.367s] GC(202) Eden regions: 305->0(305)
[2024-04-08T17:11:00.392+0800][55923.367s] GC(202) Survivor regions: 2->2(39)
[2024-04-08T17:11:00.392+0800][55923.367s] GC(202) Old regions: 50->50
[2024-04-08T17:11:00.392+0800][55923.367s] GC(202) Humongous regions: 4->4
[2024-04-08T17:11:00.392+0800][55923.367s] GC(202) Metaspace: 67303K(68224K)->67303K(68224K) NonClass: 59776K(60288K)->59776K(60288K) Class: 7526K(7936K)->7526K(7936K)
[2024-04-08T17:11:00.392+0800][55923.367s] GC(202) Pause Young (Normal) (G1 Evacuation Pause) 360M->55M(512M) 2.470ms
[2024-04-08T17:11:00.392+0800][55923.367s] GC(202) User=0.00s Sys=0.00s Real=0.00s
[2024-04-08T17:11:01.755+0800][55924.729s] GC(203) Pause Young (Normal) (G1 Evacuation Pause)
[2024-04-08T17:11:01.755+0800][55924.729s] GC(203) Using 13 workers of 13 for evacuation
[2024-04-08T17:11:01.757+0800][55924.731s] GC(203)   Pre Evacuate Collection Set: 0.2ms
[2024-04-08T17:11:01.757+0800][55924.731s] GC(203)   Merge Heap Roots: 0.1ms
[2024-04-08T17:11:01.757+0800][55924.731s] GC(203)   Evacuate Collection Set: 1.3ms
[2024-04-08T17:11:01.757+0800][55924.731s] GC(203)   Post Evacuate Collection Set: 0.5ms
[2024-04-08T17:11:01.757+0800][55924.731s] GC(203)   Other: 0.1ms
[2024-04-08T17:11:01.757+0800][55924.731s] GC(203) Eden regions: 305->0(305)
[2024-04-08T17:11:01.757+0800][55924.731s] GC(203) Survivor regions: 2->2(39)
[2024-04-08T17:11:01.757+0800][55924.731s] GC(203) Old regions: 50->50
[2024-04-08T17:11:01.757+0800][55924.731s] GC(203) Humongous regions: 4->4
[2024-04-08T17:11:01.757+0800][55924.731s] GC(203) Metaspace: 67303K(68224K)->67303K(68224K) NonClass: 59776K(60288K)->59776K(60288K) Class: 7526K(7936K)->7526K(7936K)
[2024-04-08T17:11:01.757+0800][55924.731s] GC(203) Pause Young (Normal) (G1 Evacuation Pause) 360M->55M(512M) 2.409ms
[2024-04-08T17:11:01.757+0800][55924.731s] GC(203) User=0.00s Sys=0.00s Real=0.00s
[2024-04-08T17:11:03.125+0800][55926.099s] GC(204) Pause Young (Normal) (G1 Evacuation Pause)
[2024-04-08T17:11:03.125+0800][55926.099s] GC(204) Using 13 workers of 13 for evacuation
[2024-04-08T17:11:03.128+0800][55926.102s] GC(204)   Pre Evacuate Collection Set: 0.2ms
[2024-04-08T17:11:03.128+0800][55926.102s] GC(204)   Merge Heap Roots: 0.2ms
[2024-04-08T17:11:03.128+0800][55926.102s] GC(204)   Evacuate Collection Set: 1.3ms
[2024-04-08T17:11:03.128+0800][55926.102s] GC(204)   Post Evacuate Collection Set: 0.6ms
[2024-04-08T17:11:03.128+0800][55926.102s] GC(204)   Other: 0.1ms
[2024-04-08T17:11:03.128+0800][55926.102s] GC(204) Eden regions: 305->0(305)
[2024-04-08T17:11:03.128+0800][55926.102s] GC(204) Survivor regions: 2->2(39)
[2024-04-08T17:11:03.128+0800][55926.102s] GC(204) Old regions: 50->50
[2024-04-08T17:11:03.128+0800][55926.102s] GC(204) Humongous regions: 4->4
[2024-04-08T17:11:03.128+0800][55926.102s] GC(204) Metaspace: 67303K(68224K)->67303K(68224K) NonClass: 59776K(60288K)->59776K(60288K) Class: 7526K(7936K)->7526K(7936K)
[2024-04-08T17:11:03.128+0800][55926.102s] GC(204) Pause Young (Normal) (G1 Evacuation Pause) 360M->55M(512M) 2.578ms
[2024-04-08T17:11:03.128+0800][55926.102s] GC(204) User=0.00s Sys=0.00s Real=0.00s
[2024-04-08T17:11:04.464+0800][55927.438s] GC(205) Pause Young (Normal) (G1 Evacuation Pause)
[2024-04-08T17:11:04.464+0800][55927.438s] GC(205) Using 13 workers of 13 for evacuation
[2024-04-08T17:11:04.466+0800][55927.441s] GC(205)   Pre Evacuate Collection Set: 0.2ms
[2024-04-08T17:11:04.466+0800][55927.441s] GC(205)   Merge Heap Roots: 0.1ms
[2024-04-08T17:11:04.466+0800][55927.441s] GC(205)   Evacuate Collection Set: 1.7ms
[2024-04-08T17:11:04.466+0800][55927.441s] GC(205)   Post Evacuate Collection Set: 0.6ms
[2024-04-08T17:11:04.466+0800][55927.441s] GC(205)   Other: 0.1ms
[2024-04-08T17:11:04.466+0800][55927.441s] GC(205) Eden regions: 305->0(305)
[2024-04-08T17:11:04.466+0800][55927.441s] GC(205) Survivor regions: 2->2(39)
[2024-04-08T17:11:04.466+0800][55927.441s] GC(205) Old regions: 50->50
[2024-04-08T17:11:04.466+0800][55927.441s] GC(205) Humongous regions: 4->4
[2024-04-08T17:11:04.466+0800][55927.441s] GC(205) Metaspace: 67303K(68224K)->67303K(68224K) NonClass: 59776K(60288K)->59776K(60288K) Class: 7526K(7936K)->7526K(7936K)
[2024-04-08T17:11:04.466+0800][55927.441s] GC(205) Pause Young (Normal) (G1 Evacuation Pause) 360M->55M(512M) 2.900ms
[2024-04-08T17:11:04.466+0800][55927.441s] GC(205) User=0.00s Sys=0.00s Real=0.00s
[2024-04-08T17:11:05.826+0800][55928.801s] GC(206) Pause Young (Normal) (G1 Evacuation Pause)
[2024-04-08T17:11:05.826+0800][55928.801s] GC(206) Using 13 workers of 13 for evacuation
[2024-04-08T17:11:05.828+0800][55928.803s] GC(206)   Pre Evacuate Collection Set: 0.2ms
[2024-04-08T17:11:05.828+0800][55928.803s] GC(206)   Merge Heap Roots: 0.1ms
[2024-04-08T17:11:05.828+0800][55928.803s] GC(206)   Evacuate Collection Set: 1.3ms
[2024-04-08T17:11:05.828+0800][55928.803s] GC(206)   Post Evacuate Collection Set: 0.6ms
[2024-04-08T17:11:05.828+0800][55928.803s] GC(206)   Other: 0.1ms
[2024-04-08T17:11:05.828+0800][55928.803s] GC(206) Eden regions: 305->0(305)
[2024-04-08T17:11:05.828+0800][55928.803s] GC(206) Survivor regions: 2->2(39)
[2024-04-08T17:11:05.828+0800][55928.803s] GC(206) Old regions: 50->50
[2024-04-08T17:11:05.828+0800][55928.803s] GC(206) Humongous regions: 4->4
[2024-04-08T17:11:05.828+0800][55928.803s] GC(206) Metaspace: 67303K(68224K)->67303K(68224K) NonClass: 59776K(60288K)->59776K(60288K) Class: 7526K(7936K)->7526K(7936K)
[2024-04-08T17:11:05.828+0800][55928.803s] GC(206) Pause Young (Normal) (G1 Evacuation Pause) 360M->55M(512M) 2.446ms
[2024-04-08T17:11:05.828+0800][55928.803s] GC(206) User=0.00s Sys=0.00s Real=0.00s
[2024-04-08T17:11:07.218+0800][55930.193s] GC(207) Pause Young (Normal) (G1 Evacuation Pause)
[2024-04-08T17:11:07.218+0800][55930.193s] GC(207) Using 13 workers of 13 for evacuation
[2024-04-08T17:11:07.220+0800][55930.195s] GC(207)   Pre Evacuate Collection Set: 0.2ms
[2024-04-08T17:11:07.220+0800][55930.195s] GC(207)   Merge Heap Roots: 0.1ms
[2024-04-08T17:11:07.220+0800][55930.195s] GC(207)   Evacuate Collection Set: 1.3ms
[2024-04-08T17:11:07.220+0800][55930.195s] GC(207)   Post Evacuate Collection Set: 0.5ms
[2024-04-08T17:11:07.220+0800][55930.195s] GC(207)   Other: 0.1ms
[2024-04-08T17:11:07.220+0800][55930.195s] GC(207) Eden regions: 305->0(305)
[2024-04-08T17:11:07.220+0800][55930.195s] GC(207) Survivor regions: 2->2(39)
[2024-04-08T17:11:07.220+0800][55930.195s] GC(207) Old regions: 50->50
[2024-04-08T17:11:07.220+0800][55930.195s] GC(207) Humongous regions: 4->4
[2024-04-08T17:11:07.220+0800][55930.195s] GC(207) Metaspace: 67303K(68224K)->67303K(68224K) NonClass: 59776K(60288K)->59776K(60288K) Class: 7526K(7936K)->7526K(7936K)
[2024-04-08T17:11:07.220+0800][55930.195s] GC(207) Pause Young (Normal) (G1 Evacuation Pause) 360M->55M(512M) 2.347ms
[2024-04-08T17:11:07.220+0800][55930.195s] GC(207) User=0.00s Sys=0.00s Real=0.00s
[2024-04-08T17:11:08.581+0800][55931.555s] GC(208) Pause Young (Normal) (G1 Evacuation Pause)
[2024-04-08T17:11:08.581+0800][55931.555s] GC(208) Using 13 workers of 13 for evacuation
[2024-04-08T17:11:08.583+0800][55931.558s] GC(208)   Pre Evacuate Collection Set: 0.2ms
[2024-04-08T17:11:08.583+0800][55931.558s] GC(208)   Merge Heap Roots: 0.1ms
[2024-04-08T17:11:08.583+0800][55931.558s] GC(208)   Evacuate Collection Set: 1.2ms
[2024-04-08T17:11:08.583+0800][55931.558s] GC(208)   Post Evacuate Collection Set: 0.5ms
[2024-04-08T17:11:08.583+0800][55931.558s] GC(208)   Other: 0.1ms
[2024-04-08T17:11:08.583+0800][55931.558s] GC(208) Eden regions: 305->0(305)
[2024-04-08T17:11:08.583+0800][55931.558s] GC(208) Survivor regions: 2->2(39)
[2024-04-08T17:11:08.583+0800][55931.558s] GC(208) Old regions: 50->50
[2024-04-08T17:11:08.583+0800][55931.558s] GC(208) Humongous regions: 4->4
[2024-04-08T17:11:08.583+0800][55931.558s] GC(208) Metaspace: 67303K(68224K)->67303K(68224K) NonClass: 59776K(60288K)->59776K(60288K) Class: 7526K(7936K)->7526K(7936K)
[2024-04-08T17:11:08.583+0800][55931.558s] GC(208) Pause Young (Normal) (G1 Evacuation Pause) 360M->55M(512M) 2.257ms
[2024-04-08T17:11:08.583+0800][55931.558s] GC(208) User=0.00s Sys=0.00s Real=0.00s
[2024-04-08T17:11:09.897+0800][55932.872s] GC(209) Pause Young (Normal) (G1 Evacuation Pause)
[2024-04-08T17:11:09.897+0800][55932.872s] GC(209) Using 13 workers of 13 for evacuation
[2024-04-08T17:11:09.900+0800][55932.874s] GC(209)   Pre Evacuate Collection Set: 0.2ms
[2024-04-08T17:11:09.900+0800][55932.874s] GC(209)   Merge Heap Roots: 0.1ms
[2024-04-08T17:11:09.900+0800][55932.874s] GC(209)   Evacuate Collection Set: 1.4ms
[2024-04-08T17:11:09.900+0800][55932.874s] GC(209)   Post Evacuate Collection Set: 0.6ms
[2024-04-08T17:11:09.900+0800][55932.874s] GC(209)   Other: 0.1ms
[2024-04-08T17:11:09.900+0800][55932.874s] GC(209) Eden regions: 305->0(305)
[2024-04-08T17:11:09.900+0800][55932.874s] GC(209) Survivor regions: 2->2(39)
[2024-04-08T17:11:09.900+0800][55932.874s] GC(209) Old regions: 50->50
[2024-04-08T17:11:09.900+0800][55932.874s] GC(209) Humongous regions: 4->4
[2024-04-08T17:11:09.900+0800][55932.875s] GC(209) Metaspace: 67303K(68224K)->67303K(68224K) NonClass: 59776K(60288K)->59776K(60288K) Class: 7526K(7936K)->7526K(7936K)
[2024-04-08T17:11:09.900+0800][55932.875s] GC(209) Pause Young (Normal) (G1 Evacuation Pause) 360M->55M(512M) 2.535ms
[2024-04-08T17:11:09.900+0800][55932.875s] GC(209) User=0.12s Sys=0.00s Real=0.00s
[2024-04-08T17:11:11.230+0800][55934.204s] GC(210) Pause Young (Normal) (G1 Evacuation Pause)
[2024-04-08T17:11:11.230+0800][55934.204s] GC(210) Using 13 workers of 13 for evacuation
[2024-04-08T17:11:11.232+0800][55934.207s] GC(210)   Pre Evacuate Collection Set: 0.2ms
[2024-04-08T17:11:11.232+0800][55934.207s] GC(210)   Merge Heap Roots: 0.2ms
[2024-04-08T17:11:11.232+0800][55934.207s] GC(210)   Evacuate Collection Set: 1.5ms
[2024-04-08T17:11:11.232+0800][55934.207s] GC(210)   Post Evacuate Collection Set: 0.6ms
[2024-04-08T17:11:11.232+0800][55934.207s] GC(210)   Other: 0.1ms
[2024-04-08T17:11:11.232+0800][55934.207s] GC(210) Eden regions: 305->0(305)
[2024-04-08T17:11:11.232+0800][55934.207s] GC(210) Survivor regions: 2->2(39)
[2024-04-08T17:11:11.232+0800][55934.207s] GC(210) Old regions: 50->50
[2024-04-08T17:11:11.232+0800][55934.207s] GC(210) Humongous regions: 4->4
[2024-04-08T17:11:11.232+0800][55934.207s] GC(210) Metaspace: 67303K(68224K)->67303K(68224K) NonClass: 59776K(60288K)->59776K(60288K) Class: 7526K(7936K)->7526K(7936K)
[2024-04-08T17:11:11.232+0800][55934.207s] GC(210) Pause Young (Normal) (G1 Evacuation Pause) 360M->55M(512M) 2.749ms
[2024-04-08T17:11:11.232+0800][55934.207s] GC(210) User=0.00s Sys=0.00s Real=0.00s
[2024-04-08T17:11:12.579+0800][55935.553s] GC(211) Pause Young (Normal) (G1 Evacuation Pause)
[2024-04-08T17:11:12.579+0800][55935.553s] GC(211) Using 13 workers of 13 for evacuation
[2024-04-08T17:11:12.581+0800][55935.556s] GC(211)   Pre Evacuate Collection Set: 0.1ms
[2024-04-08T17:11:12.581+0800][55935.556s] GC(211)   Merge Heap Roots: 0.1ms
[2024-04-08T17:11:12.581+0800][55935.556s] GC(211)   Evacuate Collection Set: 1.7ms
[2024-04-08T17:11:12.581+0800][55935.556s] GC(211)   Post Evacuate Collection Set: 0.5ms
[2024-04-08T17:11:12.581+0800][55935.556s] GC(211)   Other: 0.1ms
[2024-04-08T17:11:12.581+0800][55935.556s] GC(211) Eden regions: 305->0(305)
[2024-04-08T17:11:12.581+0800][55935.556s] GC(211) Survivor regions: 2->2(39)
[2024-04-08T17:11:12.581+0800][55935.556s] GC(211) Old regions: 50->50
[2024-04-08T17:11:12.581+0800][55935.556s] GC(211) Humongous regions: 4->4
[2024-04-08T17:11:12.581+0800][55935.556s] GC(211) Metaspace: 67303K(68224K)->67303K(68224K) NonClass: 59776K(60288K)->59776K(60288K) Class: 7526K(7936K)->7526K(7936K)
[2024-04-08T17:11:12.581+0800][55935.556s] GC(211) Pause Young (Normal) (G1 Evacuation Pause) 360M->55M(512M) 2.822ms
[2024-04-08T17:11:12.582+0800][55935.556s] GC(211) User=0.00s Sys=0.00s Real=0.00s
[2024-04-08T17:11:13.947+0800][55936.921s] GC(212) Pause Young (Normal) (G1 Evacuation Pause)
[2024-04-08T17:11:13.947+0800][55936.921s] GC(212) Using 13 workers of 13 for evacuation
[2024-04-08T17:11:13.949+0800][55936.924s] GC(212)   Pre Evacuate Collection Set: 0.2ms
[2024-04-08T17:11:13.949+0800][55936.924s] GC(212)   Merge Heap Roots: 0.2ms
[2024-04-08T17:11:13.949+0800][55936.924s] GC(212)   Evacuate Collection Set: 1.5ms
[2024-04-08T17:11:13.949+0800][55936.924s] GC(212)   Post Evacuate Collection Set: 0.5ms
[2024-04-08T17:11:13.949+0800][55936.924s] GC(212)   Other: 0.1ms
[2024-04-08T17:11:13.949+0800][55936.924s] GC(212) Eden regions: 305->0(305)
[2024-04-08T17:11:13.949+0800][55936.924s] GC(212) Survivor regions: 2->2(39)
[2024-04-08T17:11:13.949+0800][55936.924s] GC(212) Old regions: 50->50
[2024-04-08T17:11:13.949+0800][55936.924s] GC(212) Humongous regions: 4->4
[2024-04-08T17:11:13.949+0800][55936.924s] GC(212) Metaspace: 67303K(68224K)->67303K(68224K) NonClass: 59776K(60288K)->59776K(60288K) Class: 7526K(7936K)->7526K(7936K)
[2024-04-08T17:11:13.949+0800][55936.924s] GC(212) Pause Young (Normal) (G1 Evacuation Pause) 360M->55M(512M) 2.595ms
[2024-04-08T17:11:13.949+0800][55936.924s] GC(212) User=0.00s Sys=0.00s Real=0.00s
[2024-04-08T17:11:15.278+0800][55938.253s] GC(213) Pause Young (Normal) (G1 Evacuation Pause)
[2024-04-08T17:11:15.278+0800][55938.253s] GC(213) Using 13 workers of 13 for evacuation
[2024-04-08T17:11:15.281+0800][55938.256s] GC(213)   Pre Evacuate Collection Set: 0.2ms
[2024-04-08T17:11:15.281+0800][55938.256s] GC(213)   Merge Heap Roots: 0.1ms
[2024-04-08T17:11:15.281+0800][55938.256s] GC(213)   Evacuate Collection Set: 1.5ms
[2024-04-08T17:11:15.281+0800][55938.256s] GC(213)   Post Evacuate Collection Set: 0.5ms
[2024-04-08T17:11:15.281+0800][55938.256s] GC(213)   Other: 0.1ms
[2024-04-08T17:11:15.281+0800][55938.256s] GC(213) Eden regions: 305->0(305)
[2024-04-08T17:11:15.281+0800][55938.256s] GC(213) Survivor regions: 2->2(39)
[2024-04-08T17:11:15.281+0800][55938.256s] GC(213) Old regions: 50->50
[2024-04-08T17:11:15.281+0800][55938.256s] GC(213) Humongous regions: 4->4
[2024-04-08T17:11:15.281+0800][55938.256s] GC(213) Metaspace: 67303K(68224K)->67303K(68224K) NonClass: 59776K(60288K)->59776K(60288K) Class: 7526K(7936K)->7526K(7936K)
[2024-04-08T17:11:15.281+0800][55938.256s] GC(213) Pause Young (Normal) (G1 Evacuation Pause) 360M->55M(512M) 2.628ms
[2024-04-08T17:11:15.281+0800][55938.256s] GC(213) User=0.00s Sys=0.00s Real=0.00s
[2024-04-08T17:11:16.668+0800][55939.642s] GC(214) Pause Young (Normal) (G1 Evacuation Pause)
[2024-04-08T17:11:16.668+0800][55939.643s] GC(214) Using 13 workers of 13 for evacuation
[2024-04-08T17:11:16.671+0800][55939.645s] GC(214)   Pre Evacuate Collection Set: 0.2ms
[2024-04-08T17:11:16.671+0800][55939.645s] GC(214)   Merge Heap Roots: 0.2ms
[2024-04-08T17:11:16.671+0800][55939.645s] GC(214)   Evacuate Collection Set: 1.2ms
[2024-04-08T17:11:16.671+0800][55939.645s] GC(214)   Post Evacuate Collection Set: 0.6ms
[2024-04-08T17:11:16.671+0800][55939.645s] GC(214)   Other: 0.1ms
[2024-04-08T17:11:16.671+0800][55939.645s] GC(214) Eden regions: 305->0(305)
[2024-04-08T17:11:16.671+0800][55939.645s] GC(214) Survivor regions: 2->2(39)
[2024-04-08T17:11:16.671+0800][55939.645s] GC(214) Old regions: 50->50
[2024-04-08T17:11:16.671+0800][55939.645s] GC(214) Humongous regions: 4->4
[2024-04-08T17:11:16.671+0800][55939.645s] GC(214) Metaspace: 67303K(68224K)->67303K(68224K) NonClass: 59776K(60288K)->59776K(60288K) Class: 7526K(7936K)->7526K(7936K)
[2024-04-08T17:11:16.671+0800][55939.645s] GC(214) Pause Young (Normal) (G1 Evacuation Pause) 360M->55M(512M) 2.472ms
[2024-04-08T17:11:16.671+0800][55939.645s] GC(214) User=0.00s Sys=0.00s Real=0.00s
[2024-04-08T17:11:18.023+0800][55940.997s] GC(215) Pause Young (Normal) (G1 Evacuation Pause)
[2024-04-08T17:11:18.023+0800][55940.997s] GC(215) Using 13 workers of 13 for evacuation
[2024-04-08T17:11:18.025+0800][55940.999s] GC(215)   Pre Evacuate Collection Set: 0.1ms
[2024-04-08T17:11:18.025+0800][55940.999s] GC(215)   Merge Heap Roots: 0.1ms
[2024-04-08T17:11:18.025+0800][55940.999s] GC(215)   Evacuate Collection Set: 1.2ms
[2024-04-08T17:11:18.025+0800][55940.999s] GC(215)   Post Evacuate Collection Set: 0.5ms
[2024-04-08T17:11:18.025+0800][55940.999s] GC(215)   Other: 0.1ms
[2024-04-08T17:11:18.025+0800][55941.000s] GC(215) Eden regions: 305->0(305)
[2024-04-08T17:11:18.025+0800][55941.000s] GC(215) Survivor regions: 2->2(39)
[2024-04-08T17:11:18.025+0800][55941.000s] GC(215) Old regions: 50->50
[2024-04-08T17:11:18.025+0800][55941.000s] GC(215) Humongous regions: 4->4
[2024-04-08T17:11:18.025+0800][55941.000s] GC(215) Metaspace: 67303K(68224K)->67303K(68224K) NonClass: 59776K(60288K)->59776K(60288K) Class: 7526K(7936K)->7526K(7936K)
[2024-04-08T17:11:18.025+0800][55941.000s] GC(215) Pause Young (Normal) (G1 Evacuation Pause) 360M->55M(512M) 2.222ms
[2024-04-08T17:11:18.025+0800][55941.000s] GC(215) User=0.03s Sys=0.00s Real=0.00s
[2024-04-08T17:11:19.365+0800][55942.339s] GC(216) Pause Young (Normal) (G1 Evacuation Pause)
[2024-04-08T17:11:19.365+0800][55942.339s] GC(216) Using 13 workers of 13 for evacuation
[2024-04-08T17:11:19.367+0800][55942.342s] GC(216)   Pre Evacuate Collection Set: 0.2ms
[2024-04-08T17:11:19.367+0800][55942.342s] GC(216)   Merge Heap Roots: 0.1ms
[2024-04-08T17:11:19.367+0800][55942.342s] GC(216)   Evacuate Collection Set: 1.4ms
[2024-04-08T17:11:19.367+0800][55942.342s] GC(216)   Post Evacuate Collection Set: 0.6ms
[2024-04-08T17:11:19.367+0800][55942.342s] GC(216)   Other: 0.1ms
[2024-04-08T17:11:19.367+0800][55942.342s] GC(216) Eden regions: 305->0(305)
[2024-04-08T17:11:19.367+0800][55942.342s] GC(216) Survivor regions: 2->2(39)
[2024-04-08T17:11:19.367+0800][55942.342s] GC(216) Old regions: 50->50
[2024-04-08T17:11:19.367+0800][55942.342s] GC(216) Humongous regions: 4->4
[2024-04-08T17:11:19.367+0800][55942.342s] GC(216) Metaspace: 67303K(68224K)->67303K(68224K) NonClass: 59776K(60288K)->59776K(60288K) Class: 7526K(7936K)->7526K(7936K)
[2024-04-08T17:11:19.367+0800][55942.342s] GC(216) Pause Young (Normal) (G1 Evacuation Pause) 360M->55M(512M) 2.603ms
[2024-04-08T17:11:19.367+0800][55942.342s] GC(216) User=0.00s Sys=0.00s Real=0.00s
[2024-04-08T17:11:20.723+0800][55943.698s] GC(217) Pause Young (Normal) (G1 Evacuation Pause)
[2024-04-08T17:11:20.723+0800][55943.698s] GC(217) Using 13 workers of 13 for evacuation
[2024-04-08T17:11:20.726+0800][55943.700s] GC(217)   Pre Evacuate Collection Set: 0.2ms
[2024-04-08T17:11:20.726+0800][55943.700s] GC(217)   Merge Heap Roots: 0.1ms
[2024-04-08T17:11:20.726+0800][55943.700s] GC(217)   Evacuate Collection Set: 1.4ms
[2024-04-08T17:11:20.726+0800][55943.700s] GC(217)   Post Evacuate Collection Set: 0.6ms
[2024-04-08T17:11:20.726+0800][55943.700s] GC(217)   Other: 0.1ms
[2024-04-08T17:11:20.726+0800][55943.700s] GC(217) Eden regions: 305->0(305)
[2024-04-08T17:11:20.726+0800][55943.700s] GC(217) Survivor regions: 2->2(39)
[2024-04-08T17:11:20.726+0800][55943.700s] GC(217) Old regions: 50->50
[2024-04-08T17:11:20.726+0800][55943.700s] GC(217) Humongous regions: 4->4
[2024-04-08T17:11:20.726+0800][55943.700s] GC(217) Metaspace: 67303K(68224K)->67303K(68224K) NonClass: 59776K(60288K)->59776K(60288K) Class: 7526K(7936K)->7526K(7936K)
[2024-04-08T17:11:20.726+0800][55943.700s] GC(217) Pause Young (Normal) (G1 Evacuation Pause) 360M->55M(512M) 2.562ms
[2024-04-08T17:11:20.726+0800][55943.700s] GC(217) User=0.00s Sys=0.00s Real=0.00s
[2024-04-08T17:11:22.079+0800][55945.054s] GC(218) Pause Young (Normal) (G1 Evacuation Pause)
[2024-04-08T17:11:22.079+0800][55945.054s] GC(218) Using 13 workers of 13 for evacuation
[2024-04-08T17:11:22.081+0800][55945.056s] GC(218)   Pre Evacuate Collection Set: 0.2ms
[2024-04-08T17:11:22.081+0800][55945.056s] GC(218)   Merge Heap Roots: 0.1ms
[2024-04-08T17:11:22.081+0800][55945.056s] GC(218)   Evacuate Collection Set: 1.3ms
[2024-04-08T17:11:22.081+0800][55945.056s] GC(218)   Post Evacuate Collection Set: 0.4ms
[2024-04-08T17:11:22.081+0800][55945.056s] GC(218)   Other: 0.1ms
[2024-04-08T17:11:22.081+0800][55945.056s] GC(218) Eden regions: 305->0(305)
[2024-04-08T17:11:22.081+0800][55945.056s] GC(218) Survivor regions: 2->2(39)
[2024-04-08T17:11:22.081+0800][55945.056s] GC(218) Old regions: 50->51
[2024-04-08T17:11:22.082+0800][55945.056s] GC(218) Humongous regions: 4->4
[2024-04-08T17:11:22.082+0800][55945.056s] GC(218) Metaspace: 67303K(68224K)->67303K(68224K) NonClass: 59776K(60288K)->59776K(60288K) Class: 7526K(7936K)->7526K(7936K)
[2024-04-08T17:11:22.082+0800][55945.056s] GC(218) Pause Young (Normal) (G1 Evacuation Pause) 360M->55M(512M) 2.278ms
[2024-04-08T17:11:22.082+0800][55945.056s] GC(218) User=0.00s Sys=0.00s Real=0.00s
[2024-04-08T17:11:23.419+0800][55946.394s] GC(219) Pause Young (Normal) (G1 Evacuation Pause)
[2024-04-08T17:11:23.419+0800][55946.394s] GC(219) Using 13 workers of 13 for evacuation
[2024-04-08T17:11:23.421+0800][55946.396s] GC(219)   Pre Evacuate Collection Set: 0.2ms
[2024-04-08T17:11:23.421+0800][55946.396s] GC(219)   Merge Heap Roots: 0.1ms
[2024-04-08T17:11:23.421+0800][55946.396s] GC(219)   Evacuate Collection Set: 1.3ms
[2024-04-08T17:11:23.421+0800][55946.396s] GC(219)   Post Evacuate Collection Set: 0.5ms
[2024-04-08T17:11:23.421+0800][55946.396s] GC(219)   Other: 0.1ms
[2024-04-08T17:11:23.421+0800][55946.396s] GC(219) Eden regions: 305->0(305)
[2024-04-08T17:11:23.421+0800][55946.396s] GC(219) Survivor regions: 2->2(39)
[2024-04-08T17:11:23.421+0800][55946.396s] GC(219) Old regions: 51->51
[2024-04-08T17:11:23.421+0800][55946.396s] GC(219) Humongous regions: 4->4
[2024-04-08T17:11:23.421+0800][55946.396s] GC(219) Metaspace: 67303K(68224K)->67303K(68224K) NonClass: 59777K(60288K)->59777K(60288K) Class: 7526K(7936K)->7526K(7936K)
[2024-04-08T17:11:23.421+0800][55946.396s] GC(219) Pause Young (Normal) (G1 Evacuation Pause) 360M->55M(512M) 2.268ms
[2024-04-08T17:11:23.421+0800][55946.396s] GC(219) User=0.00s Sys=0.00s Real=0.00s
[2024-04-08T17:11:24.836+0800][55947.810s] GC(220) Pause Young (Normal) (G1 Evacuation Pause)
[2024-04-08T17:11:24.836+0800][55947.810s] GC(220) Using 13 workers of 13 for evacuation
[2024-04-08T17:11:24.839+0800][55947.813s] GC(220)   Pre Evacuate Collection Set: 0.6ms
[2024-04-08T17:11:24.839+0800][55947.813s] GC(220)   Merge Heap Roots: 0.2ms
[2024-04-08T17:11:24.839+0800][55947.813s] GC(220)   Evacuate Collection Set: 1.3ms
[2024-04-08T17:11:24.839+0800][55947.813s] GC(220)   Post Evacuate Collection Set: 0.7ms
[2024-04-08T17:11:24.839+0800][55947.813s] GC(220)   Other: 0.1ms
[2024-04-08T17:11:24.839+0800][55947.813s] GC(220) Eden regions: 305->0(305)
[2024-04-08T17:11:24.839+0800][55947.813s] GC(220) Survivor regions: 2->2(39)
[2024-04-08T17:11:24.839+0800][55947.813s] GC(220) Old regions: 51->51
[2024-04-08T17:11:24.839+0800][55947.813s] GC(220) Humongous regions: 4->4
[2024-04-08T17:11:24.839+0800][55947.813s] GC(220) Metaspace: 67303K(68224K)->67303K(68224K) NonClass: 59777K(60288K)->59777K(60288K) Class: 7526K(7936K)->7526K(7936K)
[2024-04-08T17:11:24.839+0800][55947.813s] GC(220) Pause Young (Normal) (G1 Evacuation Pause) 360M->55M(512M) 2.918ms
[2024-04-08T17:11:24.839+0800][55947.813s] GC(220) User=0.05s Sys=0.00s Real=0.00s
[2024-04-08T17:11:26.182+0800][55949.157s] GC(221) Pause Young (Normal) (G1 Evacuation Pause)
[2024-04-08T17:11:26.182+0800][55949.157s] GC(221) Using 13 workers of 13 for evacuation
[2024-04-08T17:11:26.184+0800][55949.158s] GC(221)   Pre Evacuate Collection Set: 0.1ms
[2024-04-08T17:11:26.184+0800][55949.158s] GC(221)   Merge Heap Roots: 0.1ms
[2024-04-08T17:11:26.184+0800][55949.158s] GC(221)   Evacuate Collection Set: 1.1ms
[2024-04-08T17:11:26.184+0800][55949.158s] GC(221)   Post Evacuate Collection Set: 0.3ms
[2024-04-08T17:11:26.184+0800][55949.158s] GC(221)   Other: 0.1ms
[2024-04-08T17:11:26.184+0800][55949.158s] GC(221) Eden regions: 305->0(305)
[2024-04-08T17:11:26.184+0800][55949.158s] GC(221) Survivor regions: 2->2(39)
[2024-04-08T17:11:26.184+0800][55949.158s] GC(221) Old regions: 51->51
[2024-04-08T17:11:26.184+0800][55949.158s] GC(221) Humongous regions: 4->4
[2024-04-08T17:11:26.184+0800][55949.158s] GC(221) Metaspace: 67303K(68224K)->67303K(68224K) NonClass: 59777K(60288K)->59777K(60288K) Class: 7526K(7936K)->7526K(7936K)
[2024-04-08T17:11:26.184+0800][55949.159s] GC(221) Pause Young (Normal) (G1 Evacuation Pause) 360M->55M(512M) 1.871ms
[2024-04-08T17:11:26.184+0800][55949.159s] GC(221) User=0.00s Sys=0.00s Real=0.00s
[2024-04-08T17:11:27.558+0800][55950.533s] GC(222) Pause Young (Normal) (G1 Evacuation Pause)
[2024-04-08T17:11:27.558+0800][55950.533s] GC(222) Using 13 workers of 13 for evacuation
[2024-04-08T17:11:27.562+0800][55950.536s] GC(222)   Pre Evacuate Collection Set: 0.1ms
[2024-04-08T17:11:27.562+0800][55950.536s] GC(222)   Merge Heap Roots: 0.1ms
[2024-04-08T17:11:27.562+0800][55950.536s] GC(222)   Evacuate Collection Set: 2.4ms
[2024-04-08T17:11:27.562+0800][55950.536s] GC(222)   Post Evacuate Collection Set: 0.5ms
[2024-04-08T17:11:27.562+0800][55950.536s] GC(222)   Other: 0.1ms
[2024-04-08T17:11:27.562+0800][55950.536s] GC(222) Eden regions: 305->0(304)
[2024-04-08T17:11:27.562+0800][55950.536s] GC(222) Survivor regions: 2->3(39)
[2024-04-08T17:11:27.562+0800][55950.536s] GC(222) Old regions: 51->51
[2024-04-08T17:11:27.562+0800][55950.536s] GC(222) Humongous regions: 4->4
[2024-04-08T17:11:27.562+0800][55950.536s] GC(222) Metaspace: 67329K(68224K)->67329K(68224K) NonClass: 59801K(60288K)->59801K(60288K) Class: 7528K(7936K)->7528K(7936K)
[2024-04-08T17:11:27.562+0800][55950.536s] GC(222) Pause Young (Normal) (G1 Evacuation Pause) 360M->56M(512M) 3.558ms
[2024-04-08T17:11:27.562+0800][55950.536s] GC(222) User=0.00s Sys=0.00s Real=0.00s
[2024-04-08T17:11:28.721+0800][55951.696s] GC(223) Pause Young (Normal) (G1 Evacuation Pause)
[2024-04-08T17:11:28.721+0800][55951.696s] GC(223) Using 13 workers of 13 for evacuation
[2024-04-08T17:11:28.724+0800][55951.698s] GC(223)   Pre Evacuate Collection Set: 0.1ms
[2024-04-08T17:11:28.724+0800][55951.698s] GC(223)   Merge Heap Roots: 0.1ms
[2024-04-08T17:11:28.724+0800][55951.698s] GC(223)   Evacuate Collection Set: 1.3ms
[2024-04-08T17:11:28.724+0800][55951.698s] GC(223)   Post Evacuate Collection Set: 0.5ms
[2024-04-08T17:11:28.724+0800][55951.698s] GC(223)   Other: 0.1ms
[2024-04-08T17:11:28.724+0800][55951.698s] GC(223) Eden regions: 304->0(305)
[2024-04-08T17:11:28.724+0800][55951.698s] GC(223) Survivor regions: 3->2(39)
[2024-04-08T17:11:28.724+0800][55951.698s] GC(223) Old regions: 51->51
[2024-04-08T17:11:28.724+0800][55951.698s] GC(223) Humongous regions: 4->4
[2024-04-08T17:11:28.724+0800][55951.698s] GC(223) Metaspace: 67359K(68224K)->67359K(68224K) NonClass: 59829K(60288K)->59829K(60288K) Class: 7530K(7936K)->7530K(7936K)
[2024-04-08T17:11:28.724+0800][55951.698s] GC(223) Pause Young (Normal) (G1 Evacuation Pause) 360M->55M(512M) 2.422ms
[2024-04-08T17:11:28.724+0800][55951.698s] GC(223) User=0.00s Sys=0.00s Real=0.00s
[2024-04-08T17:11:30.119+0800][55953.093s] GC(224) Pause Young (Normal) (G1 Evacuation Pause)
[2024-04-08T17:11:30.119+0800][55953.093s] GC(224) Using 13 workers of 13 for evacuation
[2024-04-08T17:11:30.121+0800][55953.096s] GC(224)   Pre Evacuate Collection Set: 0.2ms
[2024-04-08T17:11:30.121+0800][55953.096s] GC(224)   Merge Heap Roots: 0.1ms
[2024-04-08T17:11:30.121+0800][55953.096s] GC(224)   Evacuate Collection Set: 1.6ms
[2024-04-08T17:11:30.121+0800][55953.096s] GC(224)   Post Evacuate Collection Set: 0.6ms
[2024-04-08T17:11:30.121+0800][55953.096s] GC(224)   Other: 0.1ms
[2024-04-08T17:11:30.121+0800][55953.096s] GC(224) Eden regions: 305->0(305)
[2024-04-08T17:11:30.121+0800][55953.096s] GC(224) Survivor regions: 2->2(39)
[2024-04-08T17:11:30.121+0800][55953.096s] GC(224) Old regions: 51->51
[2024-04-08T17:11:30.121+0800][55953.096s] GC(224) Humongous regions: 4->4
[2024-04-08T17:11:30.121+0800][55953.096s] GC(224) Metaspace: 67359K(68224K)->67359K(68224K) NonClass: 59829K(60288K)->59829K(60288K) Class: 7530K(7936K)->7530K(7936K)
[2024-04-08T17:11:30.121+0800][55953.096s] GC(224) Pause Young (Normal) (G1 Evacuation Pause) 360M->55M(512M) 2.766ms
[2024-04-08T17:11:30.121+0800][55953.096s] GC(224) User=0.00s Sys=0.00s Real=0.00s
[2024-04-08T17:11:31.452+0800][55954.427s] GC(225) Pause Young (Normal) (G1 Evacuation Pause)
[2024-04-08T17:11:31.452+0800][55954.427s] GC(225) Using 13 workers of 13 for evacuation
[2024-04-08T17:11:31.455+0800][55954.429s] GC(225)   Pre Evacuate Collection Set: 0.1ms
[2024-04-08T17:11:31.455+0800][55954.429s] GC(225)   Merge Heap Roots: 0.1ms
[2024-04-08T17:11:31.455+0800][55954.429s] GC(225)   Evacuate Collection Set: 1.7ms
[2024-04-08T17:11:31.455+0800][55954.429s] GC(225)   Post Evacuate Collection Set: 0.4ms
[2024-04-08T17:11:31.455+0800][55954.429s] GC(225)   Other: 0.1ms
[2024-04-08T17:11:31.455+0800][55954.429s] GC(225) Eden regions: 305->0(304)
[2024-04-08T17:11:31.455+0800][55954.429s] GC(225) Survivor regions: 2->3(39)
[2024-04-08T17:11:31.455+0800][55954.429s] GC(225) Old regions: 51->51
[2024-04-08T17:11:31.455+0800][55954.429s] GC(225) Humongous regions: 4->4
[2024-04-08T17:11:31.455+0800][55954.429s] GC(225) Metaspace: 67359K(68224K)->67359K(68224K) NonClass: 59829K(60288K)->59829K(60288K) Class: 7530K(7936K)->7530K(7936K)
[2024-04-08T17:11:31.455+0800][55954.429s] GC(225) Pause Young (Normal) (G1 Evacuation Pause) 360M->56M(512M) 2.815ms
[2024-04-08T17:11:31.455+0800][55954.429s] GC(225) User=0.00s Sys=0.00s Real=0.00s
[2024-04-08T17:11:32.889+0800][55955.863s] GC(226) Pause Young (Normal) (G1 Evacuation Pause)
[2024-04-08T17:11:32.889+0800][55955.863s] GC(226) Using 13 workers of 13 for evacuation
[2024-04-08T17:11:32.891+0800][55955.866s] GC(226)   Pre Evacuate Collection Set: 0.2ms
[2024-04-08T17:11:32.891+0800][55955.866s] GC(226)   Merge Heap Roots: 0.2ms
[2024-04-08T17:11:32.891+0800][55955.866s] GC(226)   Evacuate Collection Set: 1.2ms
[2024-04-08T17:11:32.891+0800][55955.866s] GC(226)   Post Evacuate Collection Set: 0.6ms
[2024-04-08T17:11:32.891+0800][55955.866s] GC(226)   Other: 0.1ms
[2024-04-08T17:11:32.891+0800][55955.866s] GC(226) Eden regions: 304->0(305)
[2024-04-08T17:11:32.891+0800][55955.866s] GC(226) Survivor regions: 3->2(39)
[2024-04-08T17:11:32.891+0800][55955.866s] GC(226) Old regions: 51->51
[2024-04-08T17:11:32.892+0800][55955.866s] GC(226) Humongous regions: 4->4
[2024-04-08T17:11:32.892+0800][55955.866s] GC(226) Metaspace: 67359K(68224K)->67359K(68224K) NonClass: 59829K(60288K)->59829K(60288K) Class: 7530K(7936K)->7530K(7936K)
[2024-04-08T17:11:32.892+0800][55955.866s] GC(226) Pause Young (Normal) (G1 Evacuation Pause) 360M->56M(512M) 2.471ms
[2024-04-08T17:11:32.892+0800][55955.866s] GC(226) User=0.00s Sys=0.00s Real=0.00s
[2024-04-08T17:11:34.289+0800][55957.264s] GC(227) Pause Young (Normal) (G1 Evacuation Pause)
[2024-04-08T17:11:34.289+0800][55957.264s] GC(227) Using 13 workers of 13 for evacuation
[2024-04-08T17:11:34.291+0800][55957.266s] GC(227)   Pre Evacuate Collection Set: 0.2ms
[2024-04-08T17:11:34.291+0800][55957.266s] GC(227)   Merge Heap Roots: 0.1ms
[2024-04-08T17:11:34.291+0800][55957.266s] GC(227)   Evacuate Collection Set: 1.5ms
[2024-04-08T17:11:34.291+0800][55957.266s] GC(227)   Post Evacuate Collection Set: 0.6ms
[2024-04-08T17:11:34.291+0800][55957.266s] GC(227)   Other: 0.1ms
[2024-04-08T17:11:34.292+0800][55957.266s] GC(227) Eden regions: 305->0(305)
[2024-04-08T17:11:34.292+0800][55957.266s] GC(227) Survivor regions: 2->2(39)
[2024-04-08T17:11:34.292+0800][55957.266s] GC(227) Old regions: 51->51
[2024-04-08T17:11:34.292+0800][55957.266s] GC(227) Humongous regions: 4->4
[2024-04-08T17:11:34.292+0800][55957.266s] GC(227) Metaspace: 67359K(68224K)->67359K(68224K) NonClass: 59829K(60288K)->59829K(60288K) Class: 7530K(7936K)->7530K(7936K)
[2024-04-08T17:11:34.292+0800][55957.266s] GC(227) Pause Young (Normal) (G1 Evacuation Pause) 361M->55M(512M) 2.708ms
[2024-04-08T17:11:34.292+0800][55957.266s] GC(227) User=0.03s Sys=0.00s Real=0.00s
[2024-04-08T17:11:35.649+0800][55958.624s] GC(228) Pause Young (Normal) (G1 Evacuation Pause)
[2024-04-08T17:11:35.649+0800][55958.624s] GC(228) Using 13 workers of 13 for evacuation
[2024-04-08T17:11:35.652+0800][55958.626s] GC(228)   Pre Evacuate Collection Set: 0.2ms
[2024-04-08T17:11:35.652+0800][55958.626s] GC(228)   Merge Heap Roots: 0.1ms
[2024-04-08T17:11:35.652+0800][55958.626s] GC(228)   Evacuate Collection Set: 1.6ms
[2024-04-08T17:11:35.652+0800][55958.626s] GC(228)   Post Evacuate Collection Set: 0.6ms
[2024-04-08T17:11:35.652+0800][55958.626s] GC(228)   Other: 0.1ms
[2024-04-08T17:11:35.652+0800][55958.626s] GC(228) Eden regions: 305->0(305)
[2024-04-08T17:11:35.652+0800][55958.627s] GC(228) Survivor regions: 2->2(39)
[2024-04-08T17:11:35.652+0800][55958.627s] GC(228) Old regions: 51->51
[2024-04-08T17:11:35.652+0800][55958.627s] GC(228) Humongous regions: 4->4
[2024-04-08T17:11:35.652+0800][55958.627s] GC(228) Metaspace: 67359K(68224K)->67359K(68224K) NonClass: 59829K(60288K)->59829K(60288K) Class: 7530K(7936K)->7530K(7936K)
[2024-04-08T17:11:35.652+0800][55958.627s] GC(228) Pause Young (Normal) (G1 Evacuation Pause) 360M->56M(512M) 3.022ms
[2024-04-08T17:11:35.652+0800][55958.627s] GC(228) User=0.20s Sys=0.00s Real=0.00s
[2024-04-08T17:11:37.023+0800][55959.998s] GC(229) Pause Young (Normal) (G1 Evacuation Pause)
[2024-04-08T17:11:37.023+0800][55959.998s] GC(229) Using 13 workers of 13 for evacuation
[2024-04-08T17:11:37.026+0800][55960.000s] GC(229)   Pre Evacuate Collection Set: 0.2ms
[2024-04-08T17:11:37.026+0800][55960.000s] GC(229)   Merge Heap Roots: 0.1ms
[2024-04-08T17:11:37.026+0800][55960.000s] GC(229)   Evacuate Collection Set: 1.4ms
[2024-04-08T17:11:37.026+0800][55960.000s] GC(229)   Post Evacuate Collection Set: 0.5ms
[2024-04-08T17:11:37.026+0800][55960.000s] GC(229)   Other: 0.1ms
[2024-04-08T17:11:37.026+0800][55960.000s] GC(229) Eden regions: 305->0(305)
[2024-04-08T17:11:37.026+0800][55960.000s] GC(229) Survivor regions: 2->2(39)
[2024-04-08T17:11:37.026+0800][55960.000s] GC(229) Old regions: 51->51
[2024-04-08T17:11:37.026+0800][55960.000s] GC(229) Humongous regions: 4->4
[2024-04-08T17:11:37.026+0800][55960.000s] GC(229) Metaspace: 67359K(68224K)->67359K(68224K) NonClass: 59829K(60288K)->59829K(60288K) Class: 7530K(7936K)->7530K(7936K)
[2024-04-08T17:11:37.026+0800][55960.000s] GC(229) Pause Young (Normal) (G1 Evacuation Pause) 361M->55M(512M) 2.451ms
[2024-04-08T17:11:37.026+0800][55960.000s] GC(229) User=0.20s Sys=0.00s Real=0.00s
[2024-04-08T17:11:38.415+0800][55961.390s] GC(230) Pause Young (Normal) (G1 Evacuation Pause)
[2024-04-08T17:11:38.415+0800][55961.390s] GC(230) Using 13 workers of 13 for evacuation
[2024-04-08T17:11:38.418+0800][55961.392s] GC(230)   Pre Evacuate Collection Set: 0.2ms
[2024-04-08T17:11:38.418+0800][55961.392s] GC(230)   Merge Heap Roots: 0.1ms
[2024-04-08T17:11:38.418+0800][55961.392s] GC(230)   Evacuate Collection Set: 1.5ms
[2024-04-08T17:11:38.418+0800][55961.392s] GC(230)   Post Evacuate Collection Set: 0.6ms
[2024-04-08T17:11:38.418+0800][55961.392s] GC(230)   Other: 0.1ms
[2024-04-08T17:11:38.418+0800][55961.392s] GC(230) Eden regions: 305->0(305)
[2024-04-08T17:11:38.418+0800][55961.392s] GC(230) Survivor regions: 2->2(39)
[2024-04-08T17:11:38.418+0800][55961.392s] GC(230) Old regions: 51->51
[2024-04-08T17:11:38.418+0800][55961.392s] GC(230) Humongous regions: 4->4
[2024-04-08T17:11:38.418+0800][55961.392s] GC(230) Metaspace: 67359K(68224K)->67359K(68224K) NonClass: 59829K(60288K)->59829K(60288K) Class: 7530K(7936K)->7530K(7936K)
[2024-04-08T17:11:38.418+0800][55961.392s] GC(230) Pause Young (Normal) (G1 Evacuation Pause) 360M->56M(512M) 2.624ms
[2024-04-08T17:11:38.418+0800][55961.392s] GC(230) User=0.03s Sys=0.00s Real=0.00s
[2024-04-08T17:11:39.816+0800][55962.790s] GC(231) Pause Young (Normal) (G1 Evacuation Pause)
[2024-04-08T17:11:39.816+0800][55962.790s] GC(231) Using 13 workers of 13 for evacuation
[2024-04-08T17:11:39.818+0800][55962.792s] GC(231)   Pre Evacuate Collection Set: 0.1ms
[2024-04-08T17:11:39.818+0800][55962.792s] GC(231)   Merge Heap Roots: 0.1ms
[2024-04-08T17:11:39.818+0800][55962.792s] GC(231)   Evacuate Collection Set: 1.3ms
[2024-04-08T17:11:39.818+0800][55962.792s] GC(231)   Post Evacuate Collection Set: 0.5ms
[2024-04-08T17:11:39.818+0800][55962.792s] GC(231)   Other: 0.1ms
[2024-04-08T17:11:39.818+0800][55962.792s] GC(231) Eden regions: 305->0(305)
[2024-04-08T17:11:39.818+0800][55962.792s] GC(231) Survivor regions: 2->2(39)
[2024-04-08T17:11:39.818+0800][55962.792s] GC(231) Old regions: 51->51
[2024-04-08T17:11:39.818+0800][55962.792s] GC(231) Humongous regions: 4->4
[2024-04-08T17:11:39.818+0800][55962.792s] GC(231) Metaspace: 67359K(68224K)->67359K(68224K) NonClass: 59829K(60288K)->59829K(60288K) Class: 7530K(7936K)->7530K(7936K)
[2024-04-08T17:11:39.818+0800][55962.792s] GC(231) Pause Young (Normal) (G1 Evacuation Pause) 361M->55M(512M) 2.463ms
[2024-04-08T17:11:39.818+0800][55962.793s] GC(231) User=0.00s Sys=0.00s Real=0.00s
[2024-04-08T17:11:41.197+0800][55964.171s] GC(232) Pause Young (Normal) (G1 Evacuation Pause)
[2024-04-08T17:11:41.197+0800][55964.171s] GC(232) Using 13 workers of 13 for evacuation
[2024-04-08T17:11:41.199+0800][55964.173s] GC(232)   Pre Evacuate Collection Set: 0.2ms
[2024-04-08T17:11:41.199+0800][55964.173s] GC(232)   Merge Heap Roots: 0.1ms
[2024-04-08T17:11:41.199+0800][55964.173s] GC(232)   Evacuate Collection Set: 1.3ms
[2024-04-08T17:11:41.199+0800][55964.173s] GC(232)   Post Evacuate Collection Set: 0.6ms
[2024-04-08T17:11:41.199+0800][55964.173s] GC(232)   Other: 0.1ms
[2024-04-08T17:11:41.199+0800][55964.173s] GC(232) Eden regions: 305->0(305)
[2024-04-08T17:11:41.199+0800][55964.174s] GC(232) Survivor regions: 2->2(39)
[2024-04-08T17:11:41.199+0800][55964.174s] GC(232) Old regions: 51->51
[2024-04-08T17:11:41.199+0800][55964.174s] GC(232) Humongous regions: 4->4
[2024-04-08T17:11:41.199+0800][55964.174s] GC(232) Metaspace: 67359K(68224K)->67359K(68224K) NonClass: 59829K(60288K)->59829K(60288K) Class: 7530K(7936K)->7530K(7936K)
[2024-04-08T17:11:41.199+0800][55964.174s] GC(232) Pause Young (Normal) (G1 Evacuation Pause) 360M->55M(512M) 2.440ms
[2024-04-08T17:11:41.199+0800][55964.174s] GC(232) User=0.05s Sys=0.00s Real=0.00s
[2024-04-08T17:11:42.555+0800][55965.530s] GC(233) Pause Young (Normal) (G1 Evacuation Pause)
[2024-04-08T17:11:42.555+0800][55965.530s] GC(233) Using 13 workers of 13 for evacuation
[2024-04-08T17:11:42.558+0800][55965.533s] GC(233)   Pre Evacuate Collection Set: 0.2ms
[2024-04-08T17:11:42.558+0800][55965.533s] GC(233)   Merge Heap Roots: 0.2ms
[2024-04-08T17:11:42.558+0800][55965.533s] GC(233)   Evacuate Collection Set: 1.6ms
[2024-04-08T17:11:42.558+0800][55965.533s] GC(233)   Post Evacuate Collection Set: 0.7ms
[2024-04-08T17:11:42.558+0800][55965.533s] GC(233)   Other: 0.1ms
[2024-04-08T17:11:42.558+0800][55965.533s] GC(233) Eden regions: 305->0(304)
[2024-04-08T17:11:42.558+0800][55965.533s] GC(233) Survivor regions: 2->3(39)
[2024-04-08T17:11:42.558+0800][55965.533s] GC(233) Old regions: 51->51
[2024-04-08T17:11:42.558+0800][55965.533s] GC(233) Humongous regions: 4->4
[2024-04-08T17:11:42.558+0800][55965.533s] GC(233) Metaspace: 67359K(68224K)->67359K(68224K) NonClass: 59829K(60288K)->59829K(60288K) Class: 7530K(7936K)->7530K(7936K)
[2024-04-08T17:11:42.558+0800][55965.533s] GC(233) Pause Young (Normal) (G1 Evacuation Pause) 360M->56M(512M) 3.019ms
[2024-04-08T17:11:42.558+0800][55965.533s] GC(233) User=0.16s Sys=0.00s Real=0.00s
[2024-04-08T17:11:43.884+0800][55966.858s] GC(234) Pause Young (Normal) (G1 Evacuation Pause)
[2024-04-08T17:11:43.884+0800][55966.858s] GC(234) Using 13 workers of 13 for evacuation
[2024-04-08T17:11:43.886+0800][55966.861s] GC(234)   Pre Evacuate Collection Set: 0.3ms
[2024-04-08T17:11:43.886+0800][55966.861s] GC(234)   Merge Heap Roots: 0.1ms
[2024-04-08T17:11:43.886+0800][55966.861s] GC(234)   Evacuate Collection Set: 1.4ms
[2024-04-08T17:11:43.886+0800][55966.861s] GC(234)   Post Evacuate Collection Set: 0.6ms
[2024-04-08T17:11:43.886+0800][55966.861s] GC(234)   Other: 0.1ms
[2024-04-08T17:11:43.886+0800][55966.861s] GC(234) Eden regions: 304->0(305)
[2024-04-08T17:11:43.886+0800][55966.861s] GC(234) Survivor regions: 3->2(39)
[2024-04-08T17:11:43.886+0800][55966.861s] GC(234) Old regions: 51->51
[2024-04-08T17:11:43.886+0800][55966.861s] GC(234) Humongous regions: 4->4
[2024-04-08T17:11:43.886+0800][55966.861s] GC(234) Metaspace: 67359K(68224K)->67359K(68224K) NonClass: 59829K(60288K)->59829K(60288K) Class: 7530K(7936K)->7530K(7936K)
[2024-04-08T17:11:43.886+0800][55966.861s] GC(234) Pause Young (Normal) (G1 Evacuation Pause) 360M->56M(512M) 2.667ms
[2024-04-08T17:11:43.886+0800][55966.861s] GC(234) User=0.08s Sys=0.02s Real=0.00s
[2024-04-08T17:11:45.353+0800][55968.328s] GC(235) Pause Young (Normal) (G1 Evacuation Pause)
[2024-04-08T17:11:45.353+0800][55968.328s] GC(235) Using 13 workers of 13 for evacuation
[2024-04-08T17:11:45.356+0800][55968.330s] GC(235)   Pre Evacuate Collection Set: 0.2ms
[2024-04-08T17:11:45.356+0800][55968.331s] GC(235)   Merge Heap Roots: 0.1ms
[2024-04-08T17:11:45.356+0800][55968.331s] GC(235)   Evacuate Collection Set: 1.6ms
[2024-04-08T17:11:45.356+0800][55968.331s] GC(235)   Post Evacuate Collection Set: 0.7ms
[2024-04-08T17:11:45.356+0800][55968.331s] GC(235)   Other: 0.1ms
[2024-04-08T17:11:45.356+0800][55968.331s] GC(235) Eden regions: 305->0(305)
[2024-04-08T17:11:45.356+0800][55968.331s] GC(235) Survivor regions: 2->2(39)
[2024-04-08T17:11:45.356+0800][55968.331s] GC(235) Old regions: 51->51
[2024-04-08T17:11:45.356+0800][55968.331s] GC(235) Humongous regions: 4->4
[2024-04-08T17:11:45.356+0800][55968.331s] GC(235) Metaspace: 67359K(68224K)->67359K(68224K) NonClass: 59829K(60288K)->59829K(60288K) Class: 7530K(7936K)->7530K(7936K)
[2024-04-08T17:11:45.356+0800][55968.331s] GC(235) Pause Young (Normal) (G1 Evacuation Pause) 361M->56M(512M) 3.003ms
[2024-04-08T17:11:45.356+0800][55968.331s] GC(235) User=0.00s Sys=0.00s Real=0.00s
[2024-04-08T17:11:46.781+0800][55969.756s] GC(236) Pause Young (Normal) (G1 Evacuation Pause)
[2024-04-08T17:11:46.781+0800][55969.756s] GC(236) Using 13 workers of 13 for evacuation
[2024-04-08T17:11:46.783+0800][55969.758s] GC(236)   Pre Evacuate Collection Set: 0.2ms
[2024-04-08T17:11:46.783+0800][55969.758s] GC(236)   Merge Heap Roots: 0.2ms
[2024-04-08T17:11:46.783+0800][55969.758s] GC(236)   Evacuate Collection Set: 1.4ms
[2024-04-08T17:11:46.783+0800][55969.758s] GC(236)   Post Evacuate Collection Set: 0.6ms
[2024-04-08T17:11:46.783+0800][55969.758s] GC(236)   Other: 0.1ms
[2024-04-08T17:11:46.783+0800][55969.758s] GC(236) Eden regions: 305->0(305)
[2024-04-08T17:11:46.783+0800][55969.758s] GC(236) Survivor regions: 2->2(39)
[2024-04-08T17:11:46.783+0800][55969.758s] GC(236) Old regions: 51->51
[2024-04-08T17:11:46.783+0800][55969.758s] GC(236) Humongous regions: 4->4
[2024-04-08T17:11:46.783+0800][55969.758s] GC(236) Metaspace: 67360K(68224K)->67360K(68224K) NonClass: 59830K(60288K)->59830K(60288K) Class: 7530K(7936K)->7530K(7936K)
[2024-04-08T17:11:46.783+0800][55969.758s] GC(236) Pause Young (Normal) (G1 Evacuation Pause) 361M->56M(512M) 2.632ms
[2024-04-08T17:11:46.784+0800][55969.758s] GC(236) User=0.00s Sys=0.00s Real=0.00s
[2024-04-08T17:11:48.261+0800][55971.236s] GC(237) Pause Young (Normal) (G1 Evacuation Pause)
[2024-04-08T17:11:48.262+0800][55971.236s] GC(237) Using 13 workers of 13 for evacuation
[2024-04-08T17:11:48.263+0800][55971.238s] GC(237)   Pre Evacuate Collection Set: 0.1ms
[2024-04-08T17:11:48.263+0800][55971.238s] GC(237)   Merge Heap Roots: 0.1ms
[2024-04-08T17:11:48.263+0800][55971.238s] GC(237)   Evacuate Collection Set: 1.2ms
[2024-04-08T17:11:48.263+0800][55971.238s] GC(237)   Post Evacuate Collection Set: 0.3ms
[2024-04-08T17:11:48.263+0800][55971.238s] GC(237)   Other: 0.1ms
[2024-04-08T17:11:48.263+0800][55971.238s] GC(237) Eden regions: 305->0(305)
[2024-04-08T17:11:48.263+0800][55971.238s] GC(237) Survivor regions: 2->2(39)
[2024-04-08T17:11:48.263+0800][55971.238s] GC(237) Old regions: 51->51
[2024-04-08T17:11:48.263+0800][55971.238s] GC(237) Humongous regions: 4->4
[2024-04-08T17:11:48.263+0800][55971.238s] GC(237) Metaspace: 67360K(68224K)->67360K(68224K) NonClass: 59830K(60288K)->59830K(60288K) Class: 7530K(7936K)->7530K(7936K)
[2024-04-08T17:11:48.263+0800][55971.238s] GC(237) Pause Young (Normal) (G1 Evacuation Pause) 361M->56M(512M) 1.945ms
[2024-04-08T17:11:48.263+0800][55971.238s] GC(237) User=0.00s Sys=0.00s Real=0.00s
[2024-04-08T17:11:49.654+0800][55972.628s] GC(238) Pause Young (Normal) (G1 Evacuation Pause)
[2024-04-08T17:11:49.654+0800][55972.629s] GC(238) Using 13 workers of 13 for evacuation
[2024-04-08T17:11:49.657+0800][55972.631s] GC(238)   Pre Evacuate Collection Set: 0.2ms
[2024-04-08T17:11:49.657+0800][55972.631s] GC(238)   Merge Heap Roots: 0.1ms
[2024-04-08T17:11:49.657+0800][55972.631s] GC(238)   Evacuate Collection Set: 1.2ms
[2024-04-08T17:11:49.657+0800][55972.631s] GC(238)   Post Evacuate Collection Set: 0.5ms
[2024-04-08T17:11:49.657+0800][55972.631s] GC(238)   Other: 0.1ms
[2024-04-08T17:11:49.657+0800][55972.631s] GC(238) Eden regions: 305->0(305)
[2024-04-08T17:11:49.657+0800][55972.631s] GC(238) Survivor regions: 2->2(39)
[2024-04-08T17:11:49.657+0800][55972.631s] GC(238) Old regions: 51->51
[2024-04-08T17:11:49.657+0800][55972.631s] GC(238) Humongous regions: 4->4
[2024-04-08T17:11:49.657+0800][55972.631s] GC(238) Metaspace: 67360K(68224K)->67360K(68224K) NonClass: 59830K(60288K)->59830K(60288K) Class: 7530K(7936K)->7530K(7936K)
[2024-04-08T17:11:49.657+0800][55972.631s] GC(238) Pause Young (Normal) (G1 Evacuation Pause) 361M->56M(512M) 2.253ms
[2024-04-08T17:11:49.657+0800][55972.631s] GC(238) User=0.00s Sys=0.00s Real=0.00s
[2024-04-08T17:11:50.959+0800][55973.933s] GC(239) Pause Young (Normal) (G1 Evacuation Pause)
[2024-04-08T17:11:50.959+0800][55973.933s] GC(239) Using 13 workers of 13 for evacuation
[2024-04-08T17:11:50.961+0800][55973.935s] GC(239)   Pre Evacuate Collection Set: 0.1ms
[2024-04-08T17:11:50.961+0800][55973.935s] GC(239)   Merge Heap Roots: 0.1ms
[2024-04-08T17:11:50.961+0800][55973.935s] GC(239)   Evacuate Collection Set: 1.4ms
[2024-04-08T17:11:50.961+0800][55973.935s] GC(239)   Post Evacuate Collection Set: 0.6ms
[2024-04-08T17:11:50.961+0800][55973.935s] GC(239)   Other: 0.1ms
[2024-04-08T17:11:50.961+0800][55973.935s] GC(239) Eden regions: 305->0(305)
[2024-04-08T17:11:50.961+0800][55973.935s] GC(239) Survivor regions: 2->2(39)
[2024-04-08T17:11:50.961+0800][55973.935s] GC(239) Old regions: 51->51
[2024-04-08T17:11:50.961+0800][55973.935s] GC(239) Humongous regions: 4->4
[2024-04-08T17:11:50.961+0800][55973.935s] GC(239) Metaspace: 67360K(68224K)->67360K(68224K) NonClass: 59830K(60288K)->59830K(60288K) Class: 7530K(7936K)->7530K(7936K)
[2024-04-08T17:11:50.961+0800][55973.935s] GC(239) Pause Young (Normal) (G1 Evacuation Pause) 361M->56M(512M) 2.536ms
[2024-04-08T17:11:50.961+0800][55973.935s] GC(239) User=0.00s Sys=0.00s Real=0.00s
[2024-04-08T17:11:52.338+0800][55975.313s] GC(240) Pause Young (Normal) (G1 Evacuation Pause)
[2024-04-08T17:11:52.338+0800][55975.313s] GC(240) Using 13 workers of 13 for evacuation
[2024-04-08T17:11:52.341+0800][55975.315s] GC(240)   Pre Evacuate Collection Set: 0.2ms
[2024-04-08T17:11:52.341+0800][55975.315s] GC(240)   Merge Heap Roots: 0.1ms
[2024-04-08T17:11:52.341+0800][55975.315s] GC(240)   Evacuate Collection Set: 1.4ms
[2024-04-08T17:11:52.341+0800][55975.315s] GC(240)   Post Evacuate Collection Set: 0.6ms
[2024-04-08T17:11:52.341+0800][55975.315s] GC(240)   Other: 0.1ms
[2024-04-08T17:11:52.341+0800][55975.315s] GC(240) Eden regions: 305->0(305)
[2024-04-08T17:11:52.341+0800][55975.315s] GC(240) Survivor regions: 2->2(39)
[2024-04-08T17:11:52.341+0800][55975.315s] GC(240) Old regions: 51->51
[2024-04-08T17:11:52.341+0800][55975.315s] GC(240) Humongous regions: 4->4
[2024-04-08T17:11:52.341+0800][55975.315s] GC(240) Metaspace: 67360K(68224K)->67360K(68224K) NonClass: 59830K(60288K)->59830K(60288K) Class: 7530K(7936K)->7530K(7936K)
[2024-04-08T17:11:52.341+0800][55975.315s] GC(240) Pause Young (Normal) (G1 Evacuation Pause) 361M->56M(512M) 2.597ms
[2024-04-08T17:11:52.341+0800][55975.315s] GC(240) User=0.00s Sys=0.00s Real=0.00s
[2024-04-08T17:11:53.676+0800][55976.650s] GC(241) Pause Young (Normal) (G1 Evacuation Pause)
[2024-04-08T17:11:53.676+0800][55976.650s] GC(241) Using 13 workers of 13 for evacuation
[2024-04-08T17:11:53.678+0800][55976.653s] GC(241)   Pre Evacuate Collection Set: 0.2ms
[2024-04-08T17:11:53.678+0800][55976.653s] GC(241)   Merge Heap Roots: 0.1ms
[2024-04-08T17:11:53.678+0800][55976.653s] GC(241)   Evacuate Collection Set: 1.3ms
[2024-04-08T17:11:53.678+0800][55976.653s] GC(241)   Post Evacuate Collection Set: 0.5ms
[2024-04-08T17:11:53.678+0800][55976.653s] GC(241)   Other: 0.1ms
[2024-04-08T17:11:53.678+0800][55976.653s] GC(241) Eden regions: 305->0(305)
[2024-04-08T17:11:53.678+0800][55976.653s] GC(241) Survivor regions: 2->2(39)
[2024-04-08T17:11:53.678+0800][55976.653s] GC(241) Old regions: 51->51
[2024-04-08T17:11:53.678+0800][55976.653s] GC(241) Humongous regions: 4->4
[2024-04-08T17:11:53.678+0800][55976.653s] GC(241) Metaspace: 67360K(68224K)->67360K(68224K) NonClass: 59830K(60288K)->59830K(60288K) Class: 7530K(7936K)->7530K(7936K)
[2024-04-08T17:11:53.678+0800][55976.653s] GC(241) Pause Young (Normal) (G1 Evacuation Pause) 361M->55M(512M) 2.300ms
[2024-04-08T17:11:53.679+0800][55976.653s] GC(241) User=0.00s Sys=0.00s Real=0.00s
[2024-04-08T17:11:55.069+0800][55978.043s] GC(242) Pause Young (Normal) (G1 Evacuation Pause)
[2024-04-08T17:11:55.069+0800][55978.043s] GC(242) Using 13 workers of 13 for evacuation
[2024-04-08T17:11:55.071+0800][55978.045s] GC(242)   Pre Evacuate Collection Set: 0.2ms
[2024-04-08T17:11:55.071+0800][55978.045s] GC(242)   Merge Heap Roots: 0.1ms
[2024-04-08T17:11:55.071+0800][55978.045s] GC(242)   Evacuate Collection Set: 1.2ms
[2024-04-08T17:11:55.071+0800][55978.045s] GC(242)   Post Evacuate Collection Set: 0.6ms
[2024-04-08T17:11:55.071+0800][55978.045s] GC(242)   Other: 0.1ms
[2024-04-08T17:11:55.071+0800][55978.045s] GC(242) Eden regions: 305->0(305)
[2024-04-08T17:11:55.071+0800][55978.045s] GC(242) Survivor regions: 2->2(39)
[2024-04-08T17:11:55.071+0800][55978.045s] GC(242) Old regions: 51->51
[2024-04-08T17:11:55.071+0800][55978.045s] GC(242) Humongous regions: 4->4
[2024-04-08T17:11:55.071+0800][55978.045s] GC(242) Metaspace: 67360K(68224K)->67360K(68224K) NonClass: 59830K(60288K)->59830K(60288K) Class: 7530K(7936K)->7530K(7936K)
[2024-04-08T17:11:55.071+0800][55978.045s] GC(242) Pause Young (Normal) (G1 Evacuation Pause) 360M->56M(512M) 2.426ms
[2024-04-08T17:11:55.071+0800][55978.045s] GC(242) User=0.00s Sys=0.00s Real=0.00s
[2024-04-08T17:11:56.427+0800][55979.402s] GC(243) Pause Young (Normal) (G1 Evacuation Pause)
[2024-04-08T17:11:56.427+0800][55979.402s] GC(243) Using 13 workers of 13 for evacuation
[2024-04-08T17:11:56.430+0800][55979.404s] GC(243)   Pre Evacuate Collection Set: 0.2ms
[2024-04-08T17:11:56.430+0800][55979.404s] GC(243)   Merge Heap Roots: 0.2ms
[2024-04-08T17:11:56.430+0800][55979.404s] GC(243)   Evacuate Collection Set: 1.5ms
[2024-04-08T17:11:56.430+0800][55979.404s] GC(243)   Post Evacuate Collection Set: 0.6ms
[2024-04-08T17:11:56.430+0800][55979.404s] GC(243)   Other: 0.1ms
[2024-04-08T17:11:56.430+0800][55979.404s] GC(243) Eden regions: 305->0(305)
[2024-04-08T17:11:56.430+0800][55979.404s] GC(243) Survivor regions: 2->2(39)
[2024-04-08T17:11:56.430+0800][55979.404s] GC(243) Old regions: 51->51
[2024-04-08T17:11:56.430+0800][55979.404s] GC(243) Humongous regions: 4->4
[2024-04-08T17:11:56.430+0800][55979.404s] GC(243) Metaspace: 67360K(68224K)->67360K(68224K) NonClass: 59830K(60288K)->59830K(60288K) Class: 7530K(7936K)->7530K(7936K)
[2024-04-08T17:11:56.430+0800][55979.404s] GC(243) Pause Young (Normal) (G1 Evacuation Pause) 361M->56M(512M) 2.759ms
[2024-04-08T17:11:56.430+0800][55979.404s] GC(243) User=0.00s Sys=0.00s Real=0.00s
[2024-04-08T17:11:57.736+0800][55980.710s] GC(244) Pause Young (Normal) (G1 Evacuation Pause)
[2024-04-08T17:11:57.736+0800][55980.711s] GC(244) Using 13 workers of 13 for evacuation
[2024-04-08T17:11:57.738+0800][55980.713s] GC(244)   Pre Evacuate Collection Set: 0.2ms
[2024-04-08T17:11:57.738+0800][55980.713s] GC(244)   Merge Heap Roots: 0.1ms
[2024-04-08T17:11:57.738+0800][55980.713s] GC(244)   Evacuate Collection Set: 1.2ms
[2024-04-08T17:11:57.738+0800][55980.713s] GC(244)   Post Evacuate Collection Set: 0.5ms
[2024-04-08T17:11:57.738+0800][55980.713s] GC(244)   Other: 0.1ms
[2024-04-08T17:11:57.738+0800][55980.713s] GC(244) Eden regions: 305->0(305)
[2024-04-08T17:11:57.738+0800][55980.713s] GC(244) Survivor regions: 2->2(39)
[2024-04-08T17:11:57.738+0800][55980.713s] GC(244) Old regions: 51->51
[2024-04-08T17:11:57.738+0800][55980.713s] GC(244) Humongous regions: 4->4
[2024-04-08T17:11:57.738+0800][55980.713s] GC(244) Metaspace: 67360K(68224K)->67360K(68224K) NonClass: 59830K(60288K)->59830K(60288K) Class: 7530K(7936K)->7530K(7936K)
[2024-04-08T17:11:57.738+0800][55980.713s] GC(244) Pause Young (Normal) (G1 Evacuation Pause) 361M->56M(512M) 2.327ms
[2024-04-08T17:11:57.738+0800][55980.713s] GC(244) User=0.00s Sys=0.00s Real=0.00s
[2024-04-08T17:11:59.120+0800][55982.094s] GC(245) Pause Young (Normal) (G1 Evacuation Pause)
[2024-04-08T17:11:59.120+0800][55982.094s] GC(245) Using 13 workers of 13 for evacuation
[2024-04-08T17:11:59.124+0800][55982.098s] GC(245)   Pre Evacuate Collection Set: 0.2ms
[2024-04-08T17:11:59.124+0800][55982.098s] GC(245)   Merge Heap Roots: 0.1ms
[2024-04-08T17:11:59.124+0800][55982.098s] GC(245)   Evacuate Collection Set: 1.5ms
[2024-04-08T17:11:59.124+0800][55982.098s] GC(245)   Post Evacuate Collection Set: 1.3ms
[2024-04-08T17:11:59.124+0800][55982.098s] GC(245)   Other: 0.1ms
[2024-04-08T17:11:59.124+0800][55982.098s] GC(245) Eden regions: 305->0(305)
[2024-04-08T17:11:59.124+0800][55982.098s] GC(245) Survivor regions: 2->2(39)
[2024-04-08T17:11:59.124+0800][55982.098s] GC(245) Old regions: 51->51
[2024-04-08T17:11:59.124+0800][55982.098s] GC(245) Humongous regions: 4->4
[2024-04-08T17:11:59.124+0800][55982.098s] GC(245) Metaspace: 67360K(68224K)->67360K(68224K) NonClass: 59830K(60288K)->59830K(60288K) Class: 7530K(7936K)->7530K(7936K)
[2024-04-08T17:11:59.124+0800][55982.098s] GC(245) Pause Young (Normal) (G1 Evacuation Pause) 361M->56M(512M) 3.508ms
[2024-04-08T17:11:59.124+0800][55982.098s] GC(245) User=0.00s Sys=0.00s Real=0.00s
[2024-04-08T17:12:00.463+0800][55983.438s] GC(246) Pause Young (Normal) (G1 Evacuation Pause)
[2024-04-08T17:12:00.463+0800][55983.438s] GC(246) Using 13 workers of 13 for evacuation
[2024-04-08T17:12:00.466+0800][55983.440s] GC(246)   Pre Evacuate Collection Set: 0.2ms
[2024-04-08T17:12:00.466+0800][55983.440s] GC(246)   Merge Heap Roots: 0.2ms
[2024-04-08T17:12:00.466+0800][55983.440s] GC(246)   Evacuate Collection Set: 1.5ms
[2024-04-08T17:12:00.466+0800][55983.440s] GC(246)   Post Evacuate Collection Set: 0.7ms
[2024-04-08T17:12:00.466+0800][55983.440s] GC(246)   Other: 0.1ms
[2024-04-08T17:12:00.466+0800][55983.440s] GC(246) Eden regions: 305->0(305)
[2024-04-08T17:12:00.466+0800][55983.440s] GC(246) Survivor regions: 2->2(39)
[2024-04-08T17:12:00.466+0800][55983.440s] GC(246) Old regions: 51->51
[2024-04-08T17:12:00.466+0800][55983.441s] GC(246) Humongous regions: 4->4
[2024-04-08T17:12:00.466+0800][55983.441s] GC(246) Metaspace: 67360K(68224K)->67360K(68224K) NonClass: 59830K(60288K)->59830K(60288K) Class: 7530K(7936K)->7530K(7936K)
[2024-04-08T17:12:00.466+0800][55983.441s] GC(246) Pause Young (Normal) (G1 Evacuation Pause) 361M->56M(512M) 2.925ms
[2024-04-08T17:12:00.466+0800][55983.441s] GC(246) User=0.00s Sys=0.00s Real=0.00s
[2024-04-08T17:12:01.849+0800][55984.824s] GC(247) Pause Young (Normal) (G1 Evacuation Pause)
[2024-04-08T17:12:01.849+0800][55984.824s] GC(247) Using 13 workers of 13 for evacuation
[2024-04-08T17:12:01.851+0800][55984.826s] GC(247)   Pre Evacuate Collection Set: 0.1ms
[2024-04-08T17:12:01.851+0800][55984.826s] GC(247)   Merge Heap Roots: 0.1ms
[2024-04-08T17:12:01.851+0800][55984.826s] GC(247)   Evacuate Collection Set: 1.2ms
[2024-04-08T17:12:01.851+0800][55984.826s] GC(247)   Post Evacuate Collection Set: 0.5ms
[2024-04-08T17:12:01.852+0800][55984.826s] GC(247)   Other: 0.1ms
[2024-04-08T17:12:01.852+0800][55984.826s] GC(247) Eden regions: 305->0(305)
[2024-04-08T17:12:01.852+0800][55984.826s] GC(247) Survivor regions: 2->2(39)
[2024-04-08T17:12:01.852+0800][55984.826s] GC(247) Old regions: 51->51
[2024-04-08T17:12:01.852+0800][55984.826s] GC(247) Humongous regions: 4->4
[2024-04-08T17:12:01.852+0800][55984.826s] GC(247) Metaspace: 67360K(68224K)->67360K(68224K) NonClass: 59830K(60288K)->59830K(60288K) Class: 7530K(7936K)->7530K(7936K)
[2024-04-08T17:12:01.852+0800][55984.826s] GC(247) Pause Young (Normal) (G1 Evacuation Pause) 361M->56M(512M) 2.243ms
[2024-04-08T17:12:01.852+0800][55984.826s] GC(247) User=0.00s Sys=0.00s Real=0.00s
[2024-04-08T17:12:03.295+0800][55986.270s] GC(248) Pause Young (Normal) (G1 Evacuation Pause)
[2024-04-08T17:12:03.295+0800][55986.270s] GC(248) Using 13 workers of 13 for evacuation
[2024-04-08T17:12:03.297+0800][55986.272s] GC(248)   Pre Evacuate Collection Set: 0.2ms
[2024-04-08T17:12:03.297+0800][55986.272s] GC(248)   Merge Heap Roots: 0.1ms
[2024-04-08T17:12:03.297+0800][55986.272s] GC(248)   Evacuate Collection Set: 1.6ms
[2024-04-08T17:12:03.297+0800][55986.272s] GC(248)   Post Evacuate Collection Set: 0.5ms
[2024-04-08T17:12:03.297+0800][55986.272s] GC(248)   Other: 0.1ms
[2024-04-08T17:12:03.297+0800][55986.272s] GC(248) Eden regions: 305->0(305)
[2024-04-08T17:12:03.297+0800][55986.272s] GC(248) Survivor regions: 2->2(39)
[2024-04-08T17:12:03.297+0800][55986.272s] GC(248) Old regions: 51->51
[2024-04-08T17:12:03.297+0800][55986.272s] GC(248) Humongous regions: 4->4
[2024-04-08T17:12:03.298+0800][55986.272s] GC(248) Metaspace: 67360K(68224K)->67360K(68224K) NonClass: 59830K(60288K)->59830K(60288K) Class: 7530K(7936K)->7530K(7936K)
[2024-04-08T17:12:03.298+0800][55986.272s] GC(248) Pause Young (Normal) (G1 Evacuation Pause) 361M->56M(512M) 2.630ms
[2024-04-08T17:12:03.298+0800][55986.272s] GC(248) User=0.00s Sys=0.00s Real=0.00s
[2024-04-08T17:12:04.679+0800][55987.653s] GC(249) Pause Young (Normal) (G1 Evacuation Pause)
[2024-04-08T17:12:04.679+0800][55987.654s] GC(249) Using 13 workers of 13 for evacuation
[2024-04-08T17:12:04.681+0800][55987.656s] GC(249)   Pre Evacuate Collection Set: 0.2ms
[2024-04-08T17:12:04.682+0800][55987.656s] GC(249)   Merge Heap Roots: 0.2ms
[2024-04-08T17:12:04.682+0800][55987.656s] GC(249)   Evacuate Collection Set: 1.6ms
[2024-04-08T17:12:04.682+0800][55987.656s] GC(249)   Post Evacuate Collection Set: 0.7ms
[2024-04-08T17:12:04.682+0800][55987.656s] GC(249)   Other: 0.1ms
[2024-04-08T17:12:04.682+0800][55987.657s] GC(249) Eden regions: 305->0(305)
[2024-04-08T17:12:04.682+0800][55987.657s] GC(249) Survivor regions: 2->2(39)
[2024-04-08T17:12:04.682+0800][55987.657s] GC(249) Old regions: 51->51
[2024-04-08T17:12:04.682+0800][55987.657s] GC(249) Humongous regions: 4->4
[2024-04-08T17:12:04.682+0800][55987.657s] GC(249) Metaspace: 67360K(68224K)->67360K(68224K) NonClass: 59830K(60288K)->59830K(60288K) Class: 7530K(7936K)->7530K(7936K)
[2024-04-08T17:12:04.682+0800][55987.657s] GC(249) Pause Young (Normal) (G1 Evacuation Pause) 361M->56M(512M) 3.109ms
[2024-04-08T17:12:04.682+0800][55987.657s] GC(249) User=0.03s Sys=0.00s Real=0.00s
[2024-04-08T17:12:06.072+0800][55989.047s] GC(250) Pause Young (Normal) (G1 Evacuation Pause)
[2024-04-08T17:12:06.072+0800][55989.047s] GC(250) Using 13 workers of 13 for evacuation
[2024-04-08T17:12:06.074+0800][55989.049s] GC(250)   Pre Evacuate Collection Set: 0.3ms
[2024-04-08T17:12:06.074+0800][55989.049s] GC(250)   Merge Heap Roots: 0.1ms
[2024-04-08T17:12:06.074+0800][55989.049s] GC(250)   Evacuate Collection Set: 1.3ms
[2024-04-08T17:12:06.074+0800][55989.049s] GC(250)   Post Evacuate Collection Set: 0.6ms
[2024-04-08T17:12:06.074+0800][55989.049s] GC(250)   Other: 0.1ms
[2024-04-08T17:12:06.074+0800][55989.049s] GC(250) Eden regions: 305->0(305)
[2024-04-08T17:12:06.075+0800][55989.049s] GC(250) Survivor regions: 2->2(39)
[2024-04-08T17:12:06.075+0800][55989.049s] GC(250) Old regions: 51->51
[2024-04-08T17:12:06.075+0800][55989.049s] GC(250) Humongous regions: 4->4
[2024-04-08T17:12:06.075+0800][55989.049s] GC(250) Metaspace: 67361K(68224K)->67361K(68224K) NonClass: 59831K(60288K)->59831K(60288K) Class: 7530K(7936K)->7530K(7936K)
[2024-04-08T17:12:06.075+0800][55989.049s] GC(250) Pause Young (Normal) (G1 Evacuation Pause) 361M->56M(512M) 2.541ms
[2024-04-08T17:12:06.075+0800][55989.049s] GC(250) User=0.00s Sys=0.00s Real=0.00s
[2024-04-08T17:12:07.477+0800][55990.452s] GC(251) Pause Young (Normal) (G1 Evacuation Pause)
[2024-04-08T17:12:07.477+0800][55990.452s] GC(251) Using 13 workers of 13 for evacuation
[2024-04-08T17:12:07.478+0800][55990.453s] GC(251)   Pre Evacuate Collection Set: 0.2ms
[2024-04-08T17:12:07.478+0800][55990.453s] GC(251)   Merge Heap Roots: 0.1ms
[2024-04-08T17:12:07.478+0800][55990.453s] GC(251)   Evacuate Collection Set: 0.7ms
[2024-04-08T17:12:07.478+0800][55990.453s] GC(251)   Post Evacuate Collection Set: 0.5ms
[2024-04-08T17:12:07.478+0800][55990.453s] GC(251)   Other: 0.1ms
[2024-04-08T17:12:07.479+0800][55990.453s] GC(251) Eden regions: 305->0(305)
[2024-04-08T17:12:07.479+0800][55990.453s] GC(251) Survivor regions: 2->2(39)
[2024-04-08T17:12:07.479+0800][55990.453s] GC(251) Old regions: 51->51
[2024-04-08T17:12:07.479+0800][55990.453s] GC(251) Humongous regions: 4->4
[2024-04-08T17:12:07.479+0800][55990.453s] GC(251) Metaspace: 67361K(68224K)->67361K(68224K) NonClass: 59831K(60288K)->59831K(60288K) Class: 7530K(7936K)->7530K(7936K)
[2024-04-08T17:12:07.479+0800][55990.453s] GC(251) Pause Young (Normal) (G1 Evacuation Pause) 361M->56M(512M) 1.795ms
[2024-04-08T17:12:07.479+0800][55990.453s] GC(251) User=0.08s Sys=0.00s Real=0.00s
[2024-04-08T17:12:08.847+0800][55991.822s] GC(252) Pause Young (Normal) (G1 Evacuation Pause)
[2024-04-08T17:12:08.848+0800][55991.822s] GC(252) Using 13 workers of 13 for evacuation
[2024-04-08T17:12:08.850+0800][55991.824s] GC(252)   Pre Evacuate Collection Set: 0.2ms
[2024-04-08T17:12:08.850+0800][55991.824s] GC(252)   Merge Heap Roots: 0.1ms
[2024-04-08T17:12:08.850+0800][55991.824s] GC(252)   Evacuate Collection Set: 1.4ms
[2024-04-08T17:12:08.850+0800][55991.824s] GC(252)   Post Evacuate Collection Set: 0.7ms
[2024-04-08T17:12:08.850+0800][55991.824s] GC(252)   Other: 0.1ms
[2024-04-08T17:12:08.850+0800][55991.824s] GC(252) Eden regions: 305->0(305)
[2024-04-08T17:12:08.850+0800][55991.824s] GC(252) Survivor regions: 2->2(39)
[2024-04-08T17:12:08.850+0800][55991.824s] GC(252) Old regions: 51->51
[2024-04-08T17:12:08.850+0800][55991.824s] GC(252) Humongous regions: 4->4
[2024-04-08T17:12:08.850+0800][55991.824s] GC(252) Metaspace: 67361K(68224K)->67361K(68224K) NonClass: 59831K(60288K)->59831K(60288K) Class: 7530K(7936K)->7530K(7936K)
[2024-04-08T17:12:08.850+0800][55991.824s] GC(252) Pause Young (Normal) (G1 Evacuation Pause) 361M->56M(512M) 2.677ms
[2024-04-08T17:12:08.850+0800][55991.824s] GC(252) User=0.00s Sys=0.00s Real=0.00s
[2024-04-08T17:12:10.216+0800][55993.190s] GC(253) Pause Young (Normal) (G1 Evacuation Pause)
[2024-04-08T17:12:10.216+0800][55993.190s] GC(253) Using 13 workers of 13 for evacuation
[2024-04-08T17:12:10.218+0800][55993.192s] GC(253)   Pre Evacuate Collection Set: 0.2ms
[2024-04-08T17:12:10.218+0800][55993.192s] GC(253)   Merge Heap Roots: 0.1ms
[2024-04-08T17:12:10.218+0800][55993.192s] GC(253)   Evacuate Collection Set: 1.3ms
[2024-04-08T17:12:10.218+0800][55993.192s] GC(253)   Post Evacuate Collection Set: 0.6ms
[2024-04-08T17:12:10.218+0800][55993.192s] GC(253)   Other: 0.1ms
[2024-04-08T17:12:10.218+0800][55993.192s] GC(253) Eden regions: 305->0(305)
[2024-04-08T17:12:10.218+0800][55993.192s] GC(253) Survivor regions: 2->2(39)
[2024-04-08T17:12:10.218+0800][55993.192s] GC(253) Old regions: 51->51
[2024-04-08T17:12:10.218+0800][55993.192s] GC(253) Humongous regions: 4->4
[2024-04-08T17:12:10.218+0800][55993.192s] GC(253) Metaspace: 67361K(68224K)->67361K(68224K) NonClass: 59831K(60288K)->59831K(60288K) Class: 7530K(7936K)->7530K(7936K)
[2024-04-08T17:12:10.218+0800][55993.192s] GC(253) Pause Young (Normal) (G1 Evacuation Pause) 361M->56M(512M) 2.454ms
[2024-04-08T17:12:10.218+0800][55993.192s] GC(253) User=0.00s Sys=0.00s Real=0.00s
[2024-04-08T17:12:11.577+0800][55994.551s] GC(254) Pause Young (Normal) (G1 Evacuation Pause)
[2024-04-08T17:12:11.577+0800][55994.551s] GC(254) Using 13 workers of 13 for evacuation
[2024-04-08T17:12:11.579+0800][55994.553s] GC(254)   Pre Evacuate Collection Set: 0.2ms
[2024-04-08T17:12:11.579+0800][55994.553s] GC(254)   Merge Heap Roots: 0.1ms
[2024-04-08T17:12:11.579+0800][55994.553s] GC(254)   Evacuate Collection Set: 1.1ms
[2024-04-08T17:12:11.579+0800][55994.553s] GC(254)   Post Evacuate Collection Set: 0.5ms
[2024-04-08T17:12:11.579+0800][55994.553s] GC(254)   Other: 0.1ms
[2024-04-08T17:12:11.579+0800][55994.553s] GC(254) Eden regions: 305->0(305)
[2024-04-08T17:12:11.579+0800][55994.553s] GC(254) Survivor regions: 2->2(39)
[2024-04-08T17:12:11.579+0800][55994.553s] GC(254) Old regions: 51->51
[2024-04-08T17:12:11.579+0800][55994.553s] GC(254) Humongous regions: 4->4
[2024-04-08T17:12:11.579+0800][55994.553s] GC(254) Metaspace: 67361K(68224K)->67361K(68224K) NonClass: 59831K(60288K)->59831K(60288K) Class: 7530K(7936K)->7530K(7936K)
[2024-04-08T17:12:11.579+0800][55994.553s] GC(254) Pause Young (Normal) (G1 Evacuation Pause) 361M->56M(512M) 2.290ms
[2024-04-08T17:12:11.579+0800][55994.553s] GC(254) User=0.00s Sys=0.00s Real=0.00s
[2024-04-08T17:12:12.933+0800][55995.907s] GC(255) Pause Young (Normal) (G1 Evacuation Pause)
[2024-04-08T17:12:12.933+0800][55995.908s] GC(255) Using 13 workers of 13 for evacuation
[2024-04-08T17:12:12.935+0800][55995.909s] GC(255)   Pre Evacuate Collection Set: 0.1ms
[2024-04-08T17:12:12.935+0800][55995.909s] GC(255)   Merge Heap Roots: 0.1ms
[2024-04-08T17:12:12.935+0800][55995.909s] GC(255)   Evacuate Collection Set: 1.2ms
[2024-04-08T17:12:12.935+0800][55995.909s] GC(255)   Post Evacuate Collection Set: 0.3ms
[2024-04-08T17:12:12.935+0800][55995.909s] GC(255)   Other: 0.1ms
[2024-04-08T17:12:12.935+0800][55995.909s] GC(255) Eden regions: 305->0(305)
[2024-04-08T17:12:12.935+0800][55995.909s] GC(255) Survivor regions: 2->2(39)
[2024-04-08T17:12:12.935+0800][55995.909s] GC(255) Old regions: 51->51
[2024-04-08T17:12:12.935+0800][55995.909s] GC(255) Humongous regions: 4->4
[2024-04-08T17:12:12.935+0800][55995.909s] GC(255) Metaspace: 67361K(68224K)->67361K(68224K) NonClass: 59831K(60288K)->59831K(60288K) Class: 7530K(7936K)->7530K(7936K)
[2024-04-08T17:12:12.935+0800][55995.909s] GC(255) Pause Young (Normal) (G1 Evacuation Pause) 361M->56M(512M) 1.884ms
[2024-04-08T17:12:12.935+0800][55995.909s] GC(255) User=0.00s Sys=0.00s Real=0.00s
[2024-04-08T17:12:14.314+0800][55997.289s] GC(256) Pause Young (Normal) (G1 Evacuation Pause)
[2024-04-08T17:12:14.314+0800][55997.289s] GC(256) Using 13 workers of 13 for evacuation
[2024-04-08T17:12:14.316+0800][55997.291s] GC(256)   Pre Evacuate Collection Set: 0.2ms
[2024-04-08T17:12:14.316+0800][55997.291s] GC(256)   Merge Heap Roots: 0.2ms
[2024-04-08T17:12:14.316+0800][55997.291s] GC(256)   Evacuate Collection Set: 1.3ms
[2024-04-08T17:12:14.316+0800][55997.291s] GC(256)   Post Evacuate Collection Set: 0.6ms
[2024-04-08T17:12:14.316+0800][55997.291s] GC(256)   Other: 0.1ms
[2024-04-08T17:12:14.316+0800][55997.291s] GC(256) Eden regions: 305->0(305)
[2024-04-08T17:12:14.316+0800][55997.291s] GC(256) Survivor regions: 2->2(39)
[2024-04-08T17:12:14.316+0800][55997.291s] GC(256) Old regions: 51->52
[2024-04-08T17:12:14.316+0800][55997.291s] GC(256) Humongous regions: 4->4
[2024-04-08T17:12:14.316+0800][55997.291s] GC(256) Metaspace: 67361K(68224K)->67361K(68224K) NonClass: 59831K(60288K)->59831K(60288K) Class: 7530K(7936K)->7530K(7936K)
[2024-04-08T17:12:14.316+0800][55997.291s] GC(256) Pause Young (Normal) (G1 Evacuation Pause) 361M->56M(512M) 2.598ms
[2024-04-08T17:12:14.316+0800][55997.291s] GC(256) User=0.00s Sys=0.00s Real=0.00s
[2024-04-08T17:12:15.625+0800][55998.600s] GC(257) Pause Young (Normal) (G1 Evacuation Pause)
[2024-04-08T17:12:15.625+0800][55998.600s] GC(257) Using 13 workers of 13 for evacuation
[2024-04-08T17:12:15.627+0800][55998.602s] GC(257)   Pre Evacuate Collection Set: 0.1ms
[2024-04-08T17:12:15.627+0800][55998.602s] GC(257)   Merge Heap Roots: 0.1ms
[2024-04-08T17:12:15.627+0800][55998.602s] GC(257)   Evacuate Collection Set: 1.3ms
[2024-04-08T17:12:15.627+0800][55998.602s] GC(257)   Post Evacuate Collection Set: 0.6ms
[2024-04-08T17:12:15.627+0800][55998.602s] GC(257)   Other: 0.1ms
[2024-04-08T17:12:15.627+0800][55998.602s] GC(257) Eden regions: 305->0(305)
[2024-04-08T17:12:15.627+0800][55998.602s] GC(257) Survivor regions: 2->2(39)
[2024-04-08T17:12:15.627+0800][55998.602s] GC(257) Old regions: 52->52
[2024-04-08T17:12:15.627+0800][55998.602s] GC(257) Humongous regions: 4->4
[2024-04-08T17:12:15.627+0800][55998.602s] GC(257) Metaspace: 67361K(68224K)->67361K(68224K) NonClass: 59831K(60288K)->59831K(60288K) Class: 7530K(7936K)->7530K(7936K)
[2024-04-08T17:12:15.627+0800][55998.602s] GC(257) Pause Young (Normal) (G1 Evacuation Pause) 361M->56M(512M) 2.453ms
[2024-04-08T17:12:15.627+0800][55998.602s] GC(257) User=0.00s Sys=0.00s Real=0.00s
[2024-04-08T17:12:16.955+0800][55999.929s] GC(258) Pause Young (Normal) (G1 Evacuation Pause)
[2024-04-08T17:12:16.955+0800][55999.929s] GC(258) Using 13 workers of 13 for evacuation
[2024-04-08T17:12:16.957+0800][55999.932s] GC(258)   Pre Evacuate Collection Set: 0.1ms
[2024-04-08T17:12:16.957+0800][55999.932s] GC(258)   Merge Heap Roots: 0.1ms
[2024-04-08T17:12:16.957+0800][55999.932s] GC(258)   Evacuate Collection Set: 1.5ms
[2024-04-08T17:12:16.957+0800][55999.932s] GC(258)   Post Evacuate Collection Set: 0.4ms
[2024-04-08T17:12:16.957+0800][55999.932s] GC(258)   Other: 0.1ms
[2024-04-08T17:12:16.957+0800][55999.932s] GC(258) Eden regions: 305->0(305)
[2024-04-08T17:12:16.957+0800][55999.932s] GC(258) Survivor regions: 2->2(39)
[2024-04-08T17:12:16.957+0800][55999.932s] GC(258) Old regions: 52->52
[2024-04-08T17:12:16.957+0800][55999.932s] GC(258) Humongous regions: 4->4
[2024-04-08T17:12:16.958+0800][55999.932s] GC(258) Metaspace: 67361K(68224K)->67361K(68224K) NonClass: 59831K(60288K)->59831K(60288K) Class: 7530K(7936K)->7530K(7936K)
[2024-04-08T17:12:16.958+0800][55999.932s] GC(258) Pause Young (Normal) (G1 Evacuation Pause) 361M->56M(512M) 2.363ms
[2024-04-08T17:12:16.958+0800][55999.932s] GC(258) User=0.00s Sys=0.00s Real=0.00s
[2024-04-08T17:12:18.277+0800][56001.251s] GC(259) Pause Young (Normal) (G1 Evacuation Pause)
[2024-04-08T17:12:18.277+0800][56001.251s] GC(259) Using 13 workers of 13 for evacuation
[2024-04-08T17:12:18.279+0800][56001.254s] GC(259)   Pre Evacuate Collection Set: 0.2ms
[2024-04-08T17:12:18.279+0800][56001.254s] GC(259)   Merge Heap Roots: 0.2ms
[2024-04-08T17:12:18.279+0800][56001.254s] GC(259)   Evacuate Collection Set: 1.3ms
[2024-04-08T17:12:18.279+0800][56001.254s] GC(259)   Post Evacuate Collection Set: 0.6ms
[2024-04-08T17:12:18.280+0800][56001.254s] GC(259)   Other: 0.1ms
[2024-04-08T17:12:18.280+0800][56001.254s] GC(259) Eden regions: 305->0(305)
[2024-04-08T17:12:18.280+0800][56001.254s] GC(259) Survivor regions: 2->2(39)
[2024-04-08T17:12:18.280+0800][56001.254s] GC(259) Old regions: 52->52
[2024-04-08T17:12:18.280+0800][56001.254s] GC(259) Humongous regions: 4->4
[2024-04-08T17:12:18.280+0800][56001.254s] GC(259) Metaspace: 67361K(68224K)->67361K(68224K) NonClass: 59831K(60288K)->59831K(60288K) Class: 7530K(7936K)->7530K(7936K)
[2024-04-08T17:12:18.280+0800][56001.254s] GC(259) Pause Young (Normal) (G1 Evacuation Pause) 361M->56M(512M) 2.546ms
[2024-04-08T17:12:18.280+0800][56001.254s] GC(259) User=0.00s Sys=0.00s Real=0.00s
[2024-04-08T17:12:19.628+0800][56002.602s] GC(260) Pause Young (Normal) (G1 Evacuation Pause)
[2024-04-08T17:12:19.628+0800][56002.602s] GC(260) Using 13 workers of 13 for evacuation
[2024-04-08T17:12:19.630+0800][56002.605s] GC(260)   Pre Evacuate Collection Set: 0.1ms
[2024-04-08T17:12:19.630+0800][56002.605s] GC(260)   Merge Heap Roots: 0.1ms
[2024-04-08T17:12:19.630+0800][56002.605s] GC(260)   Evacuate Collection Set: 1.9ms
[2024-04-08T17:12:19.630+0800][56002.605s] GC(260)   Post Evacuate Collection Set: 0.5ms
[2024-04-08T17:12:19.630+0800][56002.605s] GC(260)   Other: 0.1ms
[2024-04-08T17:12:19.631+0800][56002.605s] GC(260) Eden regions: 305->0(305)
[2024-04-08T17:12:19.631+0800][56002.605s] GC(260) Survivor regions: 2->2(39)
[2024-04-08T17:12:19.631+0800][56002.605s] GC(260) Old regions: 52->52
[2024-04-08T17:12:19.631+0800][56002.605s] GC(260) Humongous regions: 4->4
[2024-04-08T17:12:19.631+0800][56002.605s] GC(260) Metaspace: 67361K(68224K)->67361K(68224K) NonClass: 59831K(60288K)->59831K(60288K) Class: 7530K(7936K)->7530K(7936K)
[2024-04-08T17:12:19.631+0800][56002.605s] GC(260) Pause Young (Normal) (G1 Evacuation Pause) 361M->56M(512M) 3.010ms
[2024-04-08T17:12:19.631+0800][56002.605s] GC(260) User=0.00s Sys=0.00s Real=0.00s
[2024-04-08T17:12:20.910+0800][56003.884s] GC(261) Pause Young (Normal) (G1 Evacuation Pause)
[2024-04-08T17:12:20.910+0800][56003.884s] GC(261) Using 13 workers of 13 for evacuation
[2024-04-08T17:12:20.912+0800][56003.886s] GC(261)   Pre Evacuate Collection Set: 0.2ms
[2024-04-08T17:12:20.912+0800][56003.886s] GC(261)   Merge Heap Roots: 0.1ms
[2024-04-08T17:12:20.912+0800][56003.886s] GC(261)   Evacuate Collection Set: 1.4ms
[2024-04-08T17:12:20.912+0800][56003.886s] GC(261)   Post Evacuate Collection Set: 0.5ms
[2024-04-08T17:12:20.912+0800][56003.886s] GC(261)   Other: 0.1ms
[2024-04-08T17:12:20.912+0800][56003.887s] GC(261) Eden regions: 305->0(305)
[2024-04-08T17:12:20.912+0800][56003.887s] GC(261) Survivor regions: 2->2(39)
[2024-04-08T17:12:20.912+0800][56003.887s] GC(261) Old regions: 52->52
[2024-04-08T17:12:20.912+0800][56003.887s] GC(261) Humongous regions: 4->4
[2024-04-08T17:12:20.912+0800][56003.887s] GC(261) Metaspace: 67361K(68224K)->67361K(68224K) NonClass: 59831K(60288K)->59831K(60288K) Class: 7530K(7936K)->7530K(7936K)
[2024-04-08T17:12:20.912+0800][56003.887s] GC(261) Pause Young (Normal) (G1 Evacuation Pause) 361M->56M(512M) 2.368ms
[2024-04-08T17:12:20.912+0800][56003.887s] GC(261) User=0.00s Sys=0.00s Real=0.00s
[2024-04-08T17:12:22.322+0800][56005.296s] GC(262) Pause Young (Normal) (G1 Evacuation Pause)
[2024-04-08T17:12:22.322+0800][56005.296s] GC(262) Using 13 workers of 13 for evacuation
[2024-04-08T17:12:22.325+0800][56005.300s] GC(262)   Pre Evacuate Collection Set: 0.3ms
[2024-04-08T17:12:22.325+0800][56005.300s] GC(262)   Merge Heap Roots: 0.1ms
[2024-04-08T17:12:22.325+0800][56005.300s] GC(262)   Evacuate Collection Set: 2.1ms
[2024-04-08T17:12:22.325+0800][56005.300s] GC(262)   Post Evacuate Collection Set: 0.7ms
[2024-04-08T17:12:22.325+0800][56005.300s] GC(262)   Other: 0.1ms
[2024-04-08T17:12:22.325+0800][56005.300s] GC(262) Eden regions: 305->0(305)
[2024-04-08T17:12:22.325+0800][56005.300s] GC(262) Survivor regions: 2->2(39)
[2024-04-08T17:12:22.325+0800][56005.300s] GC(262) Old regions: 52->52
[2024-04-08T17:12:22.325+0800][56005.300s] GC(262) Humongous regions: 4->4
[2024-04-08T17:12:22.325+0800][56005.300s] GC(262) Metaspace: 67361K(68224K)->67361K(68224K) NonClass: 59831K(60288K)->59831K(60288K) Class: 7530K(7936K)->7530K(7936K)
[2024-04-08T17:12:22.325+0800][56005.300s] GC(262) Pause Young (Normal) (G1 Evacuation Pause) 361M->56M(512M) 3.605ms
[2024-04-08T17:12:22.325+0800][56005.300s] GC(262) User=0.00s Sys=0.00s Real=0.00s
[2024-04-08T17:12:23.643+0800][56006.617s] GC(263) Pause Young (Normal) (G1 Evacuation Pause)
[2024-04-08T17:12:23.643+0800][56006.617s] GC(263) Using 13 workers of 13 for evacuation
[2024-04-08T17:12:23.645+0800][56006.619s] GC(263)   Pre Evacuate Collection Set: 0.3ms
[2024-04-08T17:12:23.645+0800][56006.620s] GC(263)   Merge Heap Roots: 0.1ms
[2024-04-08T17:12:23.645+0800][56006.620s] GC(263)   Evacuate Collection Set: 1.2ms
[2024-04-08T17:12:23.645+0800][56006.620s] GC(263)   Post Evacuate Collection Set: 0.6ms
[2024-04-08T17:12:23.645+0800][56006.620s] GC(263)   Other: 0.1ms
[2024-04-08T17:12:23.645+0800][56006.620s] GC(263) Eden regions: 305->0(304)
[2024-04-08T17:12:23.645+0800][56006.620s] GC(263) Survivor regions: 2->3(39)
[2024-04-08T17:12:23.645+0800][56006.620s] GC(263) Old regions: 52->52
[2024-04-08T17:12:23.645+0800][56006.620s] GC(263) Humongous regions: 4->4
[2024-04-08T17:12:23.645+0800][56006.620s] GC(263) Metaspace: 67361K(68224K)->67361K(68224K) NonClass: 59831K(60288K)->59831K(60288K) Class: 7530K(7936K)->7530K(7936K)
[2024-04-08T17:12:23.645+0800][56006.620s] GC(263) Pause Young (Normal) (G1 Evacuation Pause) 361M->57M(512M) 2.416ms
[2024-04-08T17:12:23.645+0800][56006.620s] GC(263) User=0.00s Sys=0.00s Real=0.00s
[2024-04-08T17:12:25.021+0800][56007.995s] GC(264) Pause Young (Normal) (G1 Evacuation Pause)
[2024-04-08T17:12:25.021+0800][56007.995s] GC(264) Using 13 workers of 13 for evacuation
[2024-04-08T17:12:25.024+0800][56007.998s] GC(264)   Pre Evacuate Collection Set: 0.2ms
[2024-04-08T17:12:25.024+0800][56007.998s] GC(264)   Merge Heap Roots: 0.1ms
[2024-04-08T17:12:25.024+0800][56007.998s] GC(264)   Evacuate Collection Set: 1.7ms
[2024-04-08T17:12:25.024+0800][56007.998s] GC(264)   Post Evacuate Collection Set: 0.6ms
[2024-04-08T17:12:25.024+0800][56007.998s] GC(264)   Other: 0.1ms
[2024-04-08T17:12:25.024+0800][56007.998s] GC(264) Eden regions: 304->0(305)
[2024-04-08T17:12:25.024+0800][56007.998s] GC(264) Survivor regions: 3->2(39)
[2024-04-08T17:12:25.024+0800][56007.998s] GC(264) Old regions: 52->52
[2024-04-08T17:12:25.024+0800][56007.998s] GC(264) Humongous regions: 4->4
[2024-04-08T17:12:25.024+0800][56007.998s] GC(264) Metaspace: 67361K(68224K)->67361K(68224K) NonClass: 59831K(60288K)->59831K(60288K) Class: 7530K(7936K)->7530K(7936K)
[2024-04-08T17:12:25.024+0800][56007.998s] GC(264) Pause Young (Normal) (G1 Evacuation Pause) 361M->56M(512M) 2.839ms
[2024-04-08T17:12:25.024+0800][56007.998s] GC(264) User=0.00s Sys=0.00s Real=0.00s
[2024-04-08T17:12:26.338+0800][56009.313s] GC(265) Pause Young (Normal) (G1 Evacuation Pause)
[2024-04-08T17:12:26.339+0800][56009.313s] GC(265) Using 13 workers of 13 for evacuation
[2024-04-08T17:12:26.341+0800][56009.316s] GC(265)   Pre Evacuate Collection Set: 0.2ms
[2024-04-08T17:12:26.341+0800][56009.316s] GC(265)   Merge Heap Roots: 0.1ms
[2024-04-08T17:12:26.341+0800][56009.316s] GC(265)   Evacuate Collection Set: 1.5ms
[2024-04-08T17:12:26.341+0800][56009.316s] GC(265)   Post Evacuate Collection Set: 0.6ms
[2024-04-08T17:12:26.341+0800][56009.316s] GC(265)   Other: 0.1ms
[2024-04-08T17:12:26.341+0800][56009.316s] GC(265) Eden regions: 305->0(305)
[2024-04-08T17:12:26.341+0800][56009.316s] GC(265) Survivor regions: 2->2(39)
[2024-04-08T17:12:26.341+0800][56009.316s] GC(265) Old regions: 52->52
[2024-04-08T17:12:26.341+0800][56009.316s] GC(265) Humongous regions: 4->4
[2024-04-08T17:12:26.341+0800][56009.316s] GC(265) Metaspace: 67361K(68224K)->67361K(68224K) NonClass: 59831K(60288K)->59831K(60288K) Class: 7530K(7936K)->7530K(7936K)
[2024-04-08T17:12:26.341+0800][56009.316s] GC(265) Pause Young (Normal) (G1 Evacuation Pause) 361M->57M(512M) 2.756ms
[2024-04-08T17:12:26.341+0800][56009.316s] GC(265) User=0.00s Sys=0.00s Real=0.00s
[2024-04-08T17:12:27.640+0800][56010.614s] GC(266) Pause Young (Normal) (G1 Evacuation Pause)
[2024-04-08T17:12:27.640+0800][56010.614s] GC(266) Using 13 workers of 13 for evacuation
[2024-04-08T17:12:27.642+0800][56010.616s] GC(266)   Pre Evacuate Collection Set: 0.2ms
[2024-04-08T17:12:27.642+0800][56010.617s] GC(266)   Merge Heap Roots: 0.1ms
[2024-04-08T17:12:27.642+0800][56010.617s] GC(266)   Evacuate Collection Set: 1.2ms
[2024-04-08T17:12:27.642+0800][56010.617s] GC(266)   Post Evacuate Collection Set: 0.5ms
[2024-04-08T17:12:27.642+0800][56010.617s] GC(266)   Other: 0.1ms
[2024-04-08T17:12:27.642+0800][56010.617s] GC(266) Eden regions: 305->0(304)
[2024-04-08T17:12:27.642+0800][56010.617s] GC(266) Survivor regions: 2->3(39)
[2024-04-08T17:12:27.642+0800][56010.617s] GC(266) Old regions: 52->52
[2024-04-08T17:12:27.642+0800][56010.617s] GC(266) Humongous regions: 4->4
[2024-04-08T17:12:27.642+0800][56010.617s] GC(266) Metaspace: 67363K(68224K)->67363K(68224K) NonClass: 59832K(60288K)->59832K(60288K) Class: 7530K(7936K)->7530K(7936K)
[2024-04-08T17:12:27.642+0800][56010.617s] GC(266) Pause Young (Normal) (G1 Evacuation Pause) 362M->57M(512M) 2.241ms
[2024-04-08T17:12:27.642+0800][56010.617s] GC(266) User=0.00s Sys=0.00s Real=0.00s
[2024-04-08T17:12:28.992+0800][56011.966s] GC(267) Pause Young (Normal) (G1 Evacuation Pause)
[2024-04-08T17:12:28.992+0800][56011.966s] GC(267) Using 13 workers of 13 for evacuation
[2024-04-08T17:12:28.995+0800][56011.969s] GC(267)   Pre Evacuate Collection Set: 0.2ms
[2024-04-08T17:12:28.995+0800][56011.969s] GC(267)   Merge Heap Roots: 0.1ms
[2024-04-08T17:12:28.995+0800][56011.969s] GC(267)   Evacuate Collection Set: 1.6ms
[2024-04-08T17:12:28.995+0800][56011.969s] GC(267)   Post Evacuate Collection Set: 0.6ms
[2024-04-08T17:12:28.995+0800][56011.969s] GC(267)   Other: 0.1ms
[2024-04-08T17:12:28.995+0800][56011.969s] GC(267) Eden regions: 304->0(305)
[2024-04-08T17:12:28.995+0800][56011.969s] GC(267) Survivor regions: 3->2(39)
[2024-04-08T17:12:28.995+0800][56011.969s] GC(267) Old regions: 52->52
[2024-04-08T17:12:28.995+0800][56011.969s] GC(267) Humongous regions: 4->4
[2024-04-08T17:12:28.995+0800][56011.969s] GC(267) Metaspace: 67363K(68224K)->67363K(68224K) NonClass: 59832K(60288K)->59832K(60288K) Class: 7530K(7936K)->7530K(7936K)
[2024-04-08T17:12:28.995+0800][56011.969s] GC(267) Pause Young (Normal) (G1 Evacuation Pause) 361M->56M(512M) 2.798ms
[2024-04-08T17:12:28.995+0800][56011.969s] GC(267) User=0.03s Sys=0.00s Real=0.00s
[2024-04-08T17:12:30.316+0800][56013.291s] GC(268) Pause Young (Normal) (G1 Evacuation Pause)
[2024-04-08T17:12:30.316+0800][56013.291s] GC(268) Using 13 workers of 13 for evacuation
[2024-04-08T17:12:30.318+0800][56013.293s] GC(268)   Pre Evacuate Collection Set: 0.2ms
[2024-04-08T17:12:30.318+0800][56013.293s] GC(268)   Merge Heap Roots: 0.1ms
[2024-04-08T17:12:30.318+0800][56013.293s] GC(268)   Evacuate Collection Set: 1.1ms
[2024-04-08T17:12:30.318+0800][56013.293s] GC(268)   Post Evacuate Collection Set: 0.5ms
[2024-04-08T17:12:30.318+0800][56013.293s] GC(268)   Other: 0.1ms
[2024-04-08T17:12:30.318+0800][56013.293s] GC(268) Eden regions: 305->0(305)
[2024-04-08T17:12:30.318+0800][56013.293s] GC(268) Survivor regions: 2->2(39)
[2024-04-08T17:12:30.318+0800][56013.293s] GC(268) Old regions: 52->52
[2024-04-08T17:12:30.318+0800][56013.293s] GC(268) Humongous regions: 4->4
[2024-04-08T17:12:30.318+0800][56013.293s] GC(268) Metaspace: 67363K(68224K)->67363K(68224K) NonClass: 59832K(60288K)->59832K(60288K) Class: 7530K(7936K)->7530K(7936K)
[2024-04-08T17:12:30.318+0800][56013.293s] GC(268) Pause Young (Normal) (G1 Evacuation Pause) 361M->56M(512M) 2.093ms
[2024-04-08T17:12:30.318+0800][56013.293s] GC(268) User=0.00s Sys=0.00s Real=0.00s
[2024-04-08T17:12:31.665+0800][56014.639s] GC(269) Pause Young (Normal) (G1 Evacuation Pause)
[2024-04-08T17:12:31.665+0800][56014.639s] GC(269) Using 13 workers of 13 for evacuation
[2024-04-08T17:12:31.668+0800][56014.642s] GC(269)   Pre Evacuate Collection Set: 0.2ms
[2024-04-08T17:12:31.668+0800][56014.642s] GC(269)   Merge Heap Roots: 0.1ms
[2024-04-08T17:12:31.668+0800][56014.642s] GC(269)   Evacuate Collection Set: 1.8ms
[2024-04-08T17:12:31.668+0800][56014.642s] GC(269)   Post Evacuate Collection Set: 0.6ms
[2024-04-08T17:12:31.668+0800][56014.642s] GC(269)   Other: 0.1ms
[2024-04-08T17:12:31.668+0800][56014.642s] GC(269) Eden regions: 305->0(305)
[2024-04-08T17:12:31.668+0800][56014.642s] GC(269) Survivor regions: 2->2(39)
[2024-04-08T17:12:31.668+0800][56014.642s] GC(269) Old regions: 52->52
[2024-04-08T17:12:31.668+0800][56014.642s] GC(269) Humongous regions: 4->4
[2024-04-08T17:12:31.668+0800][56014.642s] GC(269) Metaspace: 67363K(68224K)->67363K(68224K) NonClass: 59832K(60288K)->59832K(60288K) Class: 7530K(7936K)->7530K(7936K)
[2024-04-08T17:12:31.668+0800][56014.642s] GC(269) Pause Young (Normal) (G1 Evacuation Pause) 361M->57M(512M) 3.052ms
[2024-04-08T17:12:31.668+0800][56014.642s] GC(269) User=0.11s Sys=0.00s Real=0.00s
[2024-04-08T17:12:32.974+0800][56015.948s] GC(270) Pause Young (Normal) (G1 Evacuation Pause)
[2024-04-08T17:12:32.974+0800][56015.948s] GC(270) Using 13 workers of 13 for evacuation
[2024-04-08T17:12:32.977+0800][56015.951s] GC(270)   Pre Evacuate Collection Set: 0.1ms
[2024-04-08T17:12:32.977+0800][56015.951s] GC(270)   Merge Heap Roots: 0.1ms
[2024-04-08T17:12:32.977+0800][56015.951s] GC(270)   Evacuate Collection Set: 1.6ms
[2024-04-08T17:12:32.977+0800][56015.951s] GC(270)   Post Evacuate Collection Set: 0.6ms
[2024-04-08T17:12:32.977+0800][56015.951s] GC(270)   Other: 0.1ms
[2024-04-08T17:12:32.977+0800][56015.951s] GC(270) Eden regions: 305->0(305)
[2024-04-08T17:12:32.977+0800][56015.951s] GC(270) Survivor regions: 2->2(39)
[2024-04-08T17:12:32.977+0800][56015.951s] GC(270) Old regions: 52->52
[2024-04-08T17:12:32.977+0800][56015.951s] GC(270) Humongous regions: 4->4
[2024-04-08T17:12:32.977+0800][56015.951s] GC(270) Metaspace: 67363K(68224K)->67363K(68224K) NonClass: 59832K(60288K)->59832K(60288K) Class: 7530K(7936K)->7530K(7936K)
[2024-04-08T17:12:32.977+0800][56015.951s] GC(270) Pause Young (Normal) (G1 Evacuation Pause) 362M->57M(512M) 2.792ms
[2024-04-08T17:12:32.977+0800][56015.951s] GC(270) User=0.00s Sys=0.00s Real=0.00s
[2024-04-08T17:12:34.289+0800][56017.263s] GC(271) Pause Young (Normal) (G1 Evacuation Pause)
[2024-04-08T17:12:34.289+0800][56017.263s] GC(271) Using 13 workers of 13 for evacuation
[2024-04-08T17:12:34.291+0800][56017.265s] GC(271)   Pre Evacuate Collection Set: 0.1ms
[2024-04-08T17:12:34.291+0800][56017.265s] GC(271)   Merge Heap Roots: 0.1ms
[2024-04-08T17:12:34.291+0800][56017.265s] GC(271)   Evacuate Collection Set: 1.2ms
[2024-04-08T17:12:34.291+0800][56017.265s] GC(271)   Post Evacuate Collection Set: 0.4ms
[2024-04-08T17:12:34.291+0800][56017.265s] GC(271)   Other: 0.1ms
[2024-04-08T17:12:34.291+0800][56017.265s] GC(271) Eden regions: 305->0(305)
[2024-04-08T17:12:34.291+0800][56017.265s] GC(271) Survivor regions: 2->2(39)
[2024-04-08T17:12:34.291+0800][56017.265s] GC(271) Old regions: 52->52
[2024-04-08T17:12:34.291+0800][56017.265s] GC(271) Humongous regions: 4->4
[2024-04-08T17:12:34.291+0800][56017.265s] GC(271) Metaspace: 67363K(68224K)->67363K(68224K) NonClass: 59832K(60288K)->59832K(60288K) Class: 7530K(7936K)->7530K(7936K)
[2024-04-08T17:12:34.291+0800][56017.265s] GC(271) Pause Young (Normal) (G1 Evacuation Pause) 362M->56M(512M) 2.187ms
[2024-04-08T17:12:34.291+0800][56017.265s] GC(271) User=0.00s Sys=0.00s Real=0.00s
[2024-04-08T17:12:35.660+0800][56018.635s] GC(272) Pause Young (Normal) (G1 Evacuation Pause)
[2024-04-08T17:12:35.660+0800][56018.635s] GC(272) Using 13 workers of 13 for evacuation
[2024-04-08T17:12:35.662+0800][56018.636s] GC(272)   Pre Evacuate Collection Set: 0.1ms
[2024-04-08T17:12:35.662+0800][56018.636s] GC(272)   Merge Heap Roots: 0.1ms
[2024-04-08T17:12:35.662+0800][56018.637s] GC(272)   Evacuate Collection Set: 1.1ms
[2024-04-08T17:12:35.662+0800][56018.637s] GC(272)   Post Evacuate Collection Set: 0.3ms
[2024-04-08T17:12:35.662+0800][56018.637s] GC(272)   Other: 0.1ms
[2024-04-08T17:12:35.662+0800][56018.637s] GC(272) Eden regions: 305->0(305)
[2024-04-08T17:12:35.662+0800][56018.637s] GC(272) Survivor regions: 2->2(39)
[2024-04-08T17:12:35.662+0800][56018.637s] GC(272) Old regions: 52->52
[2024-04-08T17:12:35.662+0800][56018.637s] GC(272) Humongous regions: 4->4
[2024-04-08T17:12:35.662+0800][56018.637s] GC(272) Metaspace: 67363K(68224K)->67363K(68224K) NonClass: 59832K(60288K)->59832K(60288K) Class: 7530K(7936K)->7530K(7936K)
[2024-04-08T17:12:35.662+0800][56018.637s] GC(272) Pause Young (Normal) (G1 Evacuation Pause) 361M->57M(512M) 1.941ms
[2024-04-08T17:12:35.662+0800][56018.637s] GC(272) User=0.00s Sys=0.00s Real=0.00s
[2024-04-08T17:12:36.971+0800][56019.945s] GC(273) Pause Young (Normal) (G1 Evacuation Pause)
[2024-04-08T17:12:36.971+0800][56019.945s] GC(273) Using 13 workers of 13 for evacuation
[2024-04-08T17:12:36.973+0800][56019.948s] GC(273)   Pre Evacuate Collection Set: 0.2ms
[2024-04-08T17:12:36.973+0800][56019.948s] GC(273)   Merge Heap Roots: 0.2ms
[2024-04-08T17:12:36.973+0800][56019.948s] GC(273)   Evacuate Collection Set: 1.2ms
[2024-04-08T17:12:36.973+0800][56019.948s] GC(273)   Post Evacuate Collection Set: 0.6ms
[2024-04-08T17:12:36.973+0800][56019.948s] GC(273)   Other: 0.1ms
[2024-04-08T17:12:36.973+0800][56019.948s] GC(273) Eden regions: 305->0(305)
[2024-04-08T17:12:36.973+0800][56019.948s] GC(273) Survivor regions: 2->2(39)
[2024-04-08T17:12:36.973+0800][56019.948s] GC(273) Old regions: 52->52
[2024-04-08T17:12:36.973+0800][56019.948s] GC(273) Humongous regions: 4->4
[2024-04-08T17:12:36.973+0800][56019.948s] GC(273) Metaspace: 67363K(68224K)->67363K(68224K) NonClass: 59832K(60288K)->59832K(60288K) Class: 7530K(7936K)->7530K(7936K)
[2024-04-08T17:12:36.973+0800][56019.948s] GC(273) Pause Young (Normal) (G1 Evacuation Pause) 362M->56M(512M) 2.453ms
[2024-04-08T17:12:36.973+0800][56019.948s] GC(273) User=0.00s Sys=0.00s Real=0.00s
[2024-04-08T17:12:38.259+0800][56021.233s] GC(274) Pause Young (Normal) (G1 Evacuation Pause)
[2024-04-08T17:12:38.259+0800][56021.233s] GC(274) Using 13 workers of 13 for evacuation
[2024-04-08T17:12:38.261+0800][56021.235s] GC(274)   Pre Evacuate Collection Set: 0.2ms
[2024-04-08T17:12:38.261+0800][56021.235s] GC(274)   Merge Heap Roots: 0.1ms
[2024-04-08T17:12:38.261+0800][56021.235s] GC(274)   Evacuate Collection Set: 1.3ms
[2024-04-08T17:12:38.261+0800][56021.235s] GC(274)   Post Evacuate Collection Set: 0.5ms
[2024-04-08T17:12:38.261+0800][56021.235s] GC(274)   Other: 0.1ms
[2024-04-08T17:12:38.261+0800][56021.235s] GC(274) Eden regions: 305->0(305)
[2024-04-08T17:12:38.261+0800][56021.235s] GC(274) Survivor regions: 2->2(39)
[2024-04-08T17:12:38.261+0800][56021.235s] GC(274) Old regions: 52->52
[2024-04-08T17:12:38.261+0800][56021.235s] GC(274) Humongous regions: 4->4
[2024-04-08T17:12:38.261+0800][56021.235s] GC(274) Metaspace: 67363K(68224K)->67363K(68224K) NonClass: 59832K(60288K)->59832K(60288K) Class: 7530K(7936K)->7530K(7936K)
[2024-04-08T17:12:38.261+0800][56021.235s] GC(274) Pause Young (Normal) (G1 Evacuation Pause) 361M->57M(512M) 2.358ms
[2024-04-08T17:12:38.261+0800][56021.235s] GC(274) User=0.19s Sys=0.00s Real=0.00s
[2024-04-08T17:12:39.520+0800][56022.494s] GC(275) Pause Young (Normal) (G1 Evacuation Pause)
[2024-04-08T17:12:39.520+0800][56022.494s] GC(275) Using 13 workers of 13 for evacuation
[2024-04-08T17:12:39.522+0800][56022.496s] GC(275)   Pre Evacuate Collection Set: 0.2ms
[2024-04-08T17:12:39.522+0800][56022.496s] GC(275)   Merge Heap Roots: 0.1ms
[2024-04-08T17:12:39.522+0800][56022.496s] GC(275)   Evacuate Collection Set: 1.5ms
[2024-04-08T17:12:39.522+0800][56022.496s] GC(275)   Post Evacuate Collection Set: 0.4ms
[2024-04-08T17:12:39.522+0800][56022.497s] GC(275)   Other: 0.1ms
[2024-04-08T17:12:39.522+0800][56022.497s] GC(275) Eden regions: 305->0(305)
[2024-04-08T17:12:39.522+0800][56022.497s] GC(275) Survivor regions: 2->2(39)
[2024-04-08T17:12:39.522+0800][56022.497s] GC(275) Old regions: 52->52
[2024-04-08T17:12:39.522+0800][56022.497s] GC(275) Humongous regions: 4->4
[2024-04-08T17:12:39.522+0800][56022.497s] GC(275) Metaspace: 67364K(68224K)->67364K(68224K) NonClass: 59834K(60288K)->59834K(60288K) Class: 7530K(7936K)->7530K(7936K)
[2024-04-08T17:12:39.522+0800][56022.497s] GC(275) Pause Young (Normal) (G1 Evacuation Pause) 362M->57M(512M) 2.531ms
[2024-04-08T17:12:39.522+0800][56022.497s] GC(275) User=0.00s Sys=0.00s Real=0.00s
[2024-04-08T17:12:40.854+0800][56023.829s] GC(276) Pause Young (Normal) (G1 Evacuation Pause)
[2024-04-08T17:12:40.854+0800][56023.829s] GC(276) Using 13 workers of 13 for evacuation
[2024-04-08T17:12:40.857+0800][56023.831s] GC(276)   Pre Evacuate Collection Set: 0.2ms
[2024-04-08T17:12:40.857+0800][56023.832s] GC(276)   Merge Heap Roots: 0.1ms
[2024-04-08T17:12:40.857+0800][56023.832s] GC(276)   Evacuate Collection Set: 1.5ms
[2024-04-08T17:12:40.857+0800][56023.832s] GC(276)   Post Evacuate Collection Set: 0.6ms
[2024-04-08T17:12:40.857+0800][56023.832s] GC(276)   Other: 0.1ms
[2024-04-08T17:12:40.857+0800][56023.832s] GC(276) Eden regions: 305->0(305)
[2024-04-08T17:12:40.857+0800][56023.832s] GC(276) Survivor regions: 2->2(39)
[2024-04-08T17:12:40.857+0800][56023.832s] GC(276) Old regions: 52->52
[2024-04-08T17:12:40.857+0800][56023.832s] GC(276) Humongous regions: 4->4
[2024-04-08T17:12:40.857+0800][56023.832s] GC(276) Metaspace: 67371K(68224K)->67371K(68224K) NonClass: 59840K(60288K)->59840K(60288K) Class: 7530K(7936K)->7530K(7936K)
[2024-04-08T17:12:40.857+0800][56023.832s] GC(276) Pause Young (Normal) (G1 Evacuation Pause) 362M->56M(512M) 2.747ms
[2024-04-08T17:12:40.857+0800][56023.832s] GC(276) User=0.00s Sys=0.00s Real=0.00s
[2024-04-08T17:12:42.107+0800][56025.081s] GC(277) Pause Young (Normal) (G1 Evacuation Pause)
[2024-04-08T17:12:42.107+0800][56025.081s] GC(277) Using 13 workers of 13 for evacuation
[2024-04-08T17:12:42.109+0800][56025.084s] GC(277)   Pre Evacuate Collection Set: 0.2ms
[2024-04-08T17:12:42.109+0800][56025.084s] GC(277)   Merge Heap Roots: 0.1ms
[2024-04-08T17:12:42.109+0800][56025.084s] GC(277)   Evacuate Collection Set: 1.6ms
[2024-04-08T17:12:42.109+0800][56025.084s] GC(277)   Post Evacuate Collection Set: 0.5ms
[2024-04-08T17:12:42.109+0800][56025.084s] GC(277)   Other: 0.1ms
[2024-04-08T17:12:42.109+0800][56025.084s] GC(277) Eden regions: 305->0(305)
[2024-04-08T17:12:42.109+0800][56025.084s] GC(277) Survivor regions: 2->2(39)
[2024-04-08T17:12:42.109+0800][56025.084s] GC(277) Old regions: 52->52
[2024-04-08T17:12:42.109+0800][56025.084s] GC(277) Humongous regions: 4->4
[2024-04-08T17:12:42.109+0800][56025.084s] GC(277) Metaspace: 67372K(68224K)->67372K(68224K) NonClass: 59841K(60288K)->59841K(60288K) Class: 7530K(7936K)->7530K(7936K)
[2024-04-08T17:12:42.109+0800][56025.084s] GC(277) Pause Young (Normal) (G1 Evacuation Pause) 361M->57M(512M) 2.615ms
[2024-04-08T17:12:42.110+0800][56025.084s] GC(277) User=0.00s Sys=0.00s Real=0.00s
[2024-04-08T17:12:43.474+0800][56026.448s] GC(278) Pause Young (Normal) (G1 Evacuation Pause)
[2024-04-08T17:12:43.474+0800][56026.448s] GC(278) Using 13 workers of 13 for evacuation
[2024-04-08T17:12:43.476+0800][56026.451s] GC(278)   Pre Evacuate Collection Set: 0.2ms
[2024-04-08T17:12:43.476+0800][56026.451s] GC(278)   Merge Heap Roots: 0.2ms
[2024-04-08T17:12:43.476+0800][56026.451s] GC(278)   Evacuate Collection Set: 1.3ms
[2024-04-08T17:12:43.476+0800][56026.451s] GC(278)   Post Evacuate Collection Set: 0.5ms
[2024-04-08T17:12:43.476+0800][56026.451s] GC(278)   Other: 0.1ms
[2024-04-08T17:12:43.476+0800][56026.451s] GC(278) Eden regions: 305->0(305)
[2024-04-08T17:12:43.476+0800][56026.451s] GC(278) Survivor regions: 2->2(39)
[2024-04-08T17:12:43.476+0800][56026.451s] GC(278) Old regions: 52->52
[2024-04-08T17:12:43.476+0800][56026.451s] GC(278) Humongous regions: 4->4
[2024-04-08T17:12:43.476+0800][56026.451s] GC(278) Metaspace: 67373K(68224K)->67373K(68224K) NonClass: 59842K(60288K)->59842K(60288K) Class: 7530K(7936K)->7530K(7936K)
[2024-04-08T17:12:43.476+0800][56026.451s] GC(278) Pause Young (Normal) (G1 Evacuation Pause) 362M->57M(512M) 2.556ms
[2024-04-08T17:12:43.476+0800][56026.451s] GC(278) User=0.00s Sys=0.00s Real=0.00s
[2024-04-08T17:12:44.760+0800][56027.734s] GC(279) Pause Young (Normal) (G1 Evacuation Pause)
[2024-04-08T17:12:44.760+0800][56027.734s] GC(279) Using 13 workers of 13 for evacuation
[2024-04-08T17:12:44.762+0800][56027.737s] GC(279)   Pre Evacuate Collection Set: 0.2ms
[2024-04-08T17:12:44.762+0800][56027.737s] GC(279)   Merge Heap Roots: 0.1ms
[2024-04-08T17:12:44.762+0800][56027.737s] GC(279)   Evacuate Collection Set: 1.8ms
[2024-04-08T17:12:44.762+0800][56027.737s] GC(279)   Post Evacuate Collection Set: 0.5ms
[2024-04-08T17:12:44.762+0800][56027.737s] GC(279)   Other: 0.1ms
[2024-04-08T17:12:44.762+0800][56027.737s] GC(279) Eden regions: 305->0(305)
[2024-04-08T17:12:44.762+0800][56027.737s] GC(279) Survivor regions: 2->2(39)
[2024-04-08T17:12:44.762+0800][56027.737s] GC(279) Old regions: 52->52
[2024-04-08T17:12:44.762+0800][56027.737s] GC(279) Humongous regions: 4->4
[2024-04-08T17:12:44.762+0800][56027.737s] GC(279) Metaspace: 67373K(68224K)->67373K(68224K) NonClass: 59842K(60288K)->59842K(60288K) Class: 7530K(7936K)->7530K(7936K)
[2024-04-08T17:12:44.762+0800][56027.737s] GC(279) Pause Young (Normal) (G1 Evacuation Pause) 362M->57M(512M) 2.849ms
[2024-04-08T17:12:44.762+0800][56027.737s] GC(279) User=0.00s Sys=0.00s Real=0.00s
[2024-04-08T17:12:46.137+0800][56029.112s] GC(280) Pause Young (Normal) (G1 Evacuation Pause)
[2024-04-08T17:12:46.137+0800][56029.112s] GC(280) Using 13 workers of 13 for evacuation
[2024-04-08T17:12:46.140+0800][56029.115s] GC(280)   Pre Evacuate Collection Set: 0.1ms
[2024-04-08T17:12:46.140+0800][56029.115s] GC(280)   Merge Heap Roots: 0.1ms
[2024-04-08T17:12:46.140+0800][56029.115s] GC(280)   Evacuate Collection Set: 1.4ms
[2024-04-08T17:12:46.140+0800][56029.115s] GC(280)   Post Evacuate Collection Set: 0.4ms
[2024-04-08T17:12:46.140+0800][56029.115s] GC(280)   Other: 0.1ms
[2024-04-08T17:12:46.140+0800][56029.115s] GC(280) Eden regions: 305->0(305)
[2024-04-08T17:12:46.140+0800][56029.115s] GC(280) Survivor regions: 2->2(39)
[2024-04-08T17:12:46.140+0800][56029.115s] GC(280) Old regions: 52->52
[2024-04-08T17:12:46.140+0800][56029.115s] GC(280) Humongous regions: 4->4
[2024-04-08T17:12:46.140+0800][56029.115s] GC(280) Metaspace: 67373K(68224K)->67373K(68224K) NonClass: 59842K(60288K)->59842K(60288K) Class: 7530K(7936K)->7530K(7936K)
[2024-04-08T17:12:46.140+0800][56029.115s] GC(280) Pause Young (Normal) (G1 Evacuation Pause) 362M->57M(512M) 2.306ms
[2024-04-08T17:12:46.140+0800][56029.115s] GC(280) User=0.00s Sys=0.00s Real=0.00s
[2024-04-08T17:12:47.412+0800][56030.387s] GC(281) Pause Young (Normal) (G1 Evacuation Pause)
[2024-04-08T17:12:47.412+0800][56030.387s] GC(281) Using 13 workers of 13 for evacuation
[2024-04-08T17:12:47.415+0800][56030.389s] GC(281)   Pre Evacuate Collection Set: 0.2ms
[2024-04-08T17:12:47.415+0800][56030.389s] GC(281)   Merge Heap Roots: 0.1ms
[2024-04-08T17:12:47.415+0800][56030.389s] GC(281)   Evacuate Collection Set: 1.6ms
[2024-04-08T17:12:47.415+0800][56030.389s] GC(281)   Post Evacuate Collection Set: 0.5ms
[2024-04-08T17:12:47.415+0800][56030.389s] GC(281)   Other: 0.1ms
[2024-04-08T17:12:47.415+0800][56030.389s] GC(281) Eden regions: 305->0(305)
[2024-04-08T17:12:47.415+0800][56030.389s] GC(281) Survivor regions: 2->2(39)
[2024-04-08T17:12:47.415+0800][56030.389s] GC(281) Old regions: 52->52
[2024-04-08T17:12:47.415+0800][56030.389s] GC(281) Humongous regions: 4->4
[2024-04-08T17:12:47.415+0800][56030.389s] GC(281) Metaspace: 67373K(68224K)->67373K(68224K) NonClass: 59842K(60288K)->59842K(60288K) Class: 7530K(7936K)->7530K(7936K)
[2024-04-08T17:12:47.415+0800][56030.389s] GC(281) Pause Young (Normal) (G1 Evacuation Pause) 362M->57M(512M) 2.688ms
[2024-04-08T17:12:47.415+0800][56030.389s] GC(281) User=0.00s Sys=0.00s Real=0.00s
[2024-04-08T17:12:48.733+0800][56031.707s] GC(282) Pause Young (Normal) (G1 Evacuation Pause)
[2024-04-08T17:12:48.733+0800][56031.707s] GC(282) Using 13 workers of 13 for evacuation
[2024-04-08T17:12:48.735+0800][56031.709s] GC(282)   Pre Evacuate Collection Set: 0.1ms
[2024-04-08T17:12:48.735+0800][56031.709s] GC(282)   Merge Heap Roots: 0.1ms
[2024-04-08T17:12:48.735+0800][56031.709s] GC(282)   Evacuate Collection Set: 1.2ms
[2024-04-08T17:12:48.735+0800][56031.709s] GC(282)   Post Evacuate Collection Set: 0.5ms
[2024-04-08T17:12:48.735+0800][56031.709s] GC(282)   Other: 0.1ms
[2024-04-08T17:12:48.735+0800][56031.709s] GC(282) Eden regions: 305->0(305)
[2024-04-08T17:12:48.735+0800][56031.709s] GC(282) Survivor regions: 2->2(39)
[2024-04-08T17:12:48.735+0800][56031.709s] GC(282) Old regions: 52->52
[2024-04-08T17:12:48.735+0800][56031.709s] GC(282) Humongous regions: 4->4
[2024-04-08T17:12:48.735+0800][56031.709s] GC(282) Metaspace: 67373K(68224K)->67373K(68224K) NonClass: 59842K(60288K)->59842K(60288K) Class: 7530K(7936K)->7530K(7936K)
[2024-04-08T17:12:48.735+0800][56031.710s] GC(282) Pause Young (Normal) (G1 Evacuation Pause) 362M->57M(512M) 2.122ms
[2024-04-08T17:12:48.735+0800][56031.710s] GC(282) User=0.00s Sys=0.00s Real=0.00s
[2024-04-08T17:12:50.075+0800][56033.050s] GC(283) Pause Young (Normal) (G1 Evacuation Pause)
[2024-04-08T17:12:50.075+0800][56033.050s] GC(283) Using 13 workers of 13 for evacuation
[2024-04-08T17:12:50.077+0800][56033.052s] GC(283)   Pre Evacuate Collection Set: 0.1ms
[2024-04-08T17:12:50.077+0800][56033.052s] GC(283)   Merge Heap Roots: 0.1ms
[2024-04-08T17:12:50.077+0800][56033.052s] GC(283)   Evacuate Collection Set: 1.2ms
[2024-04-08T17:12:50.077+0800][56033.052s] GC(283)   Post Evacuate Collection Set: 0.4ms
[2024-04-08T17:12:50.077+0800][56033.052s] GC(283)   Other: 0.1ms
[2024-04-08T17:12:50.077+0800][56033.052s] GC(283) Eden regions: 305->0(305)
[2024-04-08T17:12:50.077+0800][56033.052s] GC(283) Survivor regions: 2->2(39)
[2024-04-08T17:12:50.077+0800][56033.052s] GC(283) Old regions: 52->52
[2024-04-08T17:12:50.077+0800][56033.052s] GC(283) Humongous regions: 4->4
[2024-04-08T17:12:50.077+0800][56033.052s] GC(283) Metaspace: 67373K(68224K)->67373K(68224K) NonClass: 59842K(60288K)->59842K(60288K) Class: 7530K(7936K)->7530K(7936K)
[2024-04-08T17:12:50.078+0800][56033.052s] GC(283) Pause Young (Normal) (G1 Evacuation Pause) 362M->57M(512M) 2.127ms
[2024-04-08T17:12:50.078+0800][56033.052s] GC(283) User=0.00s Sys=0.00s Real=0.00s
[2024-04-08T17:12:51.457+0800][56034.431s] GC(284) Pause Young (Normal) (G1 Evacuation Pause)
[2024-04-08T17:12:51.457+0800][56034.431s] GC(284) Using 13 workers of 13 for evacuation
[2024-04-08T17:12:51.459+0800][56034.433s] GC(284)   Pre Evacuate Collection Set: 0.2ms
[2024-04-08T17:12:51.459+0800][56034.433s] GC(284)   Merge Heap Roots: 0.2ms
[2024-04-08T17:12:51.459+0800][56034.433s] GC(284)   Evacuate Collection Set: 1.2ms
[2024-04-08T17:12:51.459+0800][56034.433s] GC(284)   Post Evacuate Collection Set: 0.5ms
[2024-04-08T17:12:51.459+0800][56034.433s] GC(284)   Other: 0.1ms
[2024-04-08T17:12:51.459+0800][56034.433s] GC(284) Eden regions: 305->0(305)
[2024-04-08T17:12:51.459+0800][56034.433s] GC(284) Survivor regions: 2->2(39)
[2024-04-08T17:12:51.459+0800][56034.433s] GC(284) Old regions: 52->52
[2024-04-08T17:12:51.459+0800][56034.433s] GC(284) Humongous regions: 4->4
[2024-04-08T17:12:51.459+0800][56034.433s] GC(284) Metaspace: 67373K(68224K)->67373K(68224K) NonClass: 59842K(60288K)->59842K(60288K) Class: 7530K(7936K)->7530K(7936K)
[2024-04-08T17:12:51.459+0800][56034.433s] GC(284) Pause Young (Normal) (G1 Evacuation Pause) 362M->57M(512M) 2.362ms
[2024-04-08T17:12:51.459+0800][56034.433s] GC(284) User=0.00s Sys=0.00s Real=0.00s
[2024-04-08T17:12:52.862+0800][56035.837s] GC(285) Pause Young (Normal) (G1 Evacuation Pause)
[2024-04-08T17:12:52.863+0800][56035.837s] GC(285) Using 13 workers of 13 for evacuation
[2024-04-08T17:12:52.864+0800][56035.839s] GC(285)   Pre Evacuate Collection Set: 0.1ms
[2024-04-08T17:12:52.864+0800][56035.839s] GC(285)   Merge Heap Roots: 0.1ms
[2024-04-08T17:12:52.864+0800][56035.839s] GC(285)   Evacuate Collection Set: 1.3ms
[2024-04-08T17:12:52.865+0800][56035.839s] GC(285)   Post Evacuate Collection Set: 0.4ms
[2024-04-08T17:12:52.865+0800][56035.839s] GC(285)   Other: 0.1ms
[2024-04-08T17:12:52.865+0800][56035.839s] GC(285) Eden regions: 305->0(305)
[2024-04-08T17:12:52.865+0800][56035.839s] GC(285) Survivor regions: 2->2(39)
[2024-04-08T17:12:52.865+0800][56035.839s] GC(285) Old regions: 52->52
[2024-04-08T17:12:52.865+0800][56035.839s] GC(285) Humongous regions: 4->4
[2024-04-08T17:12:52.865+0800][56035.839s] GC(285) Metaspace: 67373K(68224K)->67373K(68224K) NonClass: 59842K(60288K)->59842K(60288K) Class: 7530K(7936K)->7530K(7936K)
[2024-04-08T17:12:52.865+0800][56035.839s] GC(285) Pause Young (Normal) (G1 Evacuation Pause) 362M->57M(512M) 2.178ms
[2024-04-08T17:12:52.865+0800][56035.839s] GC(285) User=0.00s Sys=0.00s Real=0.00s
[2024-04-08T17:12:54.224+0800][56037.199s] GC(286) Pause Young (Normal) (G1 Evacuation Pause)
[2024-04-08T17:12:54.224+0800][56037.199s] GC(286) Using 13 workers of 13 for evacuation
[2024-04-08T17:12:54.227+0800][56037.201s] GC(286)   Pre Evacuate Collection Set: 0.2ms
[2024-04-08T17:12:54.227+0800][56037.201s] GC(286)   Merge Heap Roots: 0.2ms
[2024-04-08T17:12:54.227+0800][56037.201s] GC(286)   Evacuate Collection Set: 1.3ms
[2024-04-08T17:12:54.227+0800][56037.201s] GC(286)   Post Evacuate Collection Set: 0.5ms
[2024-04-08T17:12:54.227+0800][56037.201s] GC(286)   Other: 0.1ms
[2024-04-08T17:12:54.227+0800][56037.201s] GC(286) Eden regions: 305->0(305)
[2024-04-08T17:12:54.227+0800][56037.201s] GC(286) Survivor regions: 2->2(39)
[2024-04-08T17:12:54.227+0800][56037.201s] GC(286) Old regions: 52->52
[2024-04-08T17:12:54.227+0800][56037.201s] GC(286) Humongous regions: 4->4
[2024-04-08T17:12:54.227+0800][56037.201s] GC(286) Metaspace: 67373K(68224K)->67373K(68224K) NonClass: 59842K(60288K)->59842K(60288K) Class: 7530K(7936K)->7530K(7936K)
[2024-04-08T17:12:54.227+0800][56037.201s] GC(286) Pause Young (Normal) (G1 Evacuation Pause) 362M->57M(512M) 2.506ms
[2024-04-08T17:12:54.227+0800][56037.201s] GC(286) User=0.00s Sys=0.00s Real=0.00s
[2024-04-08T17:12:55.547+0800][56038.522s] GC(287) Pause Young (Normal) (G1 Evacuation Pause)
[2024-04-08T17:12:55.547+0800][56038.522s] GC(287) Using 13 workers of 13 for evacuation
[2024-04-08T17:12:55.550+0800][56038.524s] GC(287)   Pre Evacuate Collection Set: 0.1ms
[2024-04-08T17:12:55.550+0800][56038.524s] GC(287)   Merge Heap Roots: 0.1ms
[2024-04-08T17:12:55.550+0800][56038.524s] GC(287)   Evacuate Collection Set: 1.4ms
[2024-04-08T17:12:55.550+0800][56038.524s] GC(287)   Post Evacuate Collection Set: 0.5ms
[2024-04-08T17:12:55.550+0800][56038.524s] GC(287)   Other: 0.1ms
[2024-04-08T17:12:55.550+0800][56038.525s] GC(287) Eden regions: 305->0(304)
[2024-04-08T17:12:55.550+0800][56038.525s] GC(287) Survivor regions: 2->3(39)
[2024-04-08T17:12:55.550+0800][56038.525s] GC(287) Old regions: 52->52
[2024-04-08T17:12:55.550+0800][56038.525s] GC(287) Humongous regions: 4->4
[2024-04-08T17:12:55.550+0800][56038.525s] GC(287) Metaspace: 67373K(68224K)->67373K(68224K) NonClass: 59842K(60288K)->59842K(60288K) Class: 7530K(7936K)->7530K(7936K)
[2024-04-08T17:12:55.550+0800][56038.525s] GC(287) Pause Young (Normal) (G1 Evacuation Pause) 362M->57M(512M) 2.382ms
[2024-04-08T17:12:55.550+0800][56038.525s] GC(287) User=0.00s Sys=0.00s Real=0.00s
[2024-04-08T17:12:56.815+0800][56039.790s] GC(288) Pause Young (Normal) (G1 Evacuation Pause)
[2024-04-08T17:12:56.815+0800][56039.790s] GC(288) Using 13 workers of 13 for evacuation
[2024-04-08T17:12:56.817+0800][56039.792s] GC(288)   Pre Evacuate Collection Set: 0.2ms
[2024-04-08T17:12:56.818+0800][56039.792s] GC(288)   Merge Heap Roots: 0.2ms
[2024-04-08T17:12:56.818+0800][56039.792s] GC(288)   Evacuate Collection Set: 1.3ms
[2024-04-08T17:12:56.818+0800][56039.792s] GC(288)   Post Evacuate Collection Set: 0.6ms
[2024-04-08T17:12:56.818+0800][56039.792s] GC(288)   Other: 0.1ms
[2024-04-08T17:12:56.818+0800][56039.792s] GC(288) Eden regions: 304->0(305)
[2024-04-08T17:12:56.818+0800][56039.792s] GC(288) Survivor regions: 3->2(39)
[2024-04-08T17:12:56.818+0800][56039.792s] GC(288) Old regions: 52->52
[2024-04-08T17:12:56.818+0800][56039.792s] GC(288) Humongous regions: 4->4
[2024-04-08T17:12:56.818+0800][56039.792s] GC(288) Metaspace: 67373K(68224K)->67373K(68224K) NonClass: 59842K(60288K)->59842K(60288K) Class: 7530K(7936K)->7530K(7936K)
[2024-04-08T17:12:56.818+0800][56039.792s] GC(288) Pause Young (Normal) (G1 Evacuation Pause) 361M->57M(512M) 2.544ms
[2024-04-08T17:12:56.818+0800][56039.792s] GC(288) User=0.00s Sys=0.00s Real=0.00s
[2024-04-08T17:12:58.101+0800][56041.075s] GC(289) Pause Young (Normal) (G1 Evacuation Pause)
[2024-04-08T17:12:58.101+0800][56041.076s] GC(289) Using 13 workers of 13 for evacuation
[2024-04-08T17:12:58.104+0800][56041.078s] GC(289)   Pre Evacuate Collection Set: 0.2ms
[2024-04-08T17:12:58.104+0800][56041.078s] GC(289)   Merge Heap Roots: 0.1ms
[2024-04-08T17:12:58.104+0800][56041.078s] GC(289)   Evacuate Collection Set: 1.8ms
[2024-04-08T17:12:58.104+0800][56041.078s] GC(289)   Post Evacuate Collection Set: 0.5ms
[2024-04-08T17:12:58.104+0800][56041.078s] GC(289)   Other: 0.1ms
[2024-04-08T17:12:58.104+0800][56041.078s] GC(289) Eden regions: 305->0(304)
[2024-04-08T17:12:58.104+0800][56041.078s] GC(289) Survivor regions: 2->3(39)
[2024-04-08T17:12:58.104+0800][56041.078s] GC(289) Old regions: 52->52
[2024-04-08T17:12:58.104+0800][56041.078s] GC(289) Humongous regions: 4->4
[2024-04-08T17:12:58.104+0800][56041.078s] GC(289) Metaspace: 67373K(68224K)->67373K(68224K) NonClass: 59842K(60288K)->59842K(60288K) Class: 7530K(7936K)->7530K(7936K)
[2024-04-08T17:12:58.104+0800][56041.078s] GC(289) Pause Young (Normal) (G1 Evacuation Pause) 362M->58M(512M) 2.945ms
[2024-04-08T17:12:58.104+0800][56041.078s] GC(289) User=0.03s Sys=0.00s Real=0.00s
[2024-04-08T17:12:59.483+0800][56042.457s] GC(290) Pause Young (Normal) (G1 Evacuation Pause)
[2024-04-08T17:12:59.483+0800][56042.457s] GC(290) Using 13 workers of 13 for evacuation
[2024-04-08T17:12:59.486+0800][56042.460s] GC(290)   Pre Evacuate Collection Set: 0.2ms
[2024-04-08T17:12:59.486+0800][56042.460s] GC(290)   Merge Heap Roots: 0.1ms
[2024-04-08T17:12:59.486+0800][56042.460s] GC(290)   Evacuate Collection Set: 1.4ms
[2024-04-08T17:12:59.486+0800][56042.460s] GC(290)   Post Evacuate Collection Set: 0.7ms
[2024-04-08T17:12:59.486+0800][56042.460s] GC(290)   Other: 0.1ms
[2024-04-08T17:12:59.486+0800][56042.460s] GC(290) Eden regions: 304->0(305)
[2024-04-08T17:12:59.486+0800][56042.460s] GC(290) Survivor regions: 3->2(39)
[2024-04-08T17:12:59.486+0800][56042.460s] GC(290) Old regions: 52->52
[2024-04-08T17:12:59.486+0800][56042.460s] GC(290) Humongous regions: 4->4
[2024-04-08T17:12:59.486+0800][56042.460s] GC(290) Metaspace: 67373K(68224K)->67373K(68224K) NonClass: 59842K(60288K)->59842K(60288K) Class: 7530K(7936K)->7530K(7936K)
[2024-04-08T17:12:59.486+0800][56042.460s] GC(290) Pause Young (Normal) (G1 Evacuation Pause) 362M->57M(512M) 2.686ms
[2024-04-08T17:12:59.486+0800][56042.460s] GC(290) User=0.00s Sys=0.00s Real=0.00s
[2024-04-08T17:13:00.772+0800][56043.746s] GC(291) Pause Young (Normal) (G1 Evacuation Pause)
[2024-04-08T17:13:00.772+0800][56043.746s] GC(291) Using 13 workers of 13 for evacuation
[2024-04-08T17:13:00.774+0800][56043.749s] GC(291)   Pre Evacuate Collection Set: 0.2ms
[2024-04-08T17:13:00.774+0800][56043.749s] GC(291)   Merge Heap Roots: 0.2ms
[2024-04-08T17:13:00.774+0800][56043.749s] GC(291)   Evacuate Collection Set: 1.6ms
[2024-04-08T17:13:00.774+0800][56043.749s] GC(291)   Post Evacuate Collection Set: 0.6ms
[2024-04-08T17:13:00.775+0800][56043.749s] GC(291)   Other: 0.1ms
[2024-04-08T17:13:00.775+0800][56043.749s] GC(291) Eden regions: 305->0(305)
[2024-04-08T17:13:00.775+0800][56043.749s] GC(291) Survivor regions: 2->2(39)
[2024-04-08T17:13:00.775+0800][56043.749s] GC(291) Old regions: 52->52
[2024-04-08T17:13:00.775+0800][56043.749s] GC(291) Humongous regions: 4->4
[2024-04-08T17:13:00.775+0800][56043.749s] GC(291) Metaspace: 67373K(68224K)->67373K(68224K) NonClass: 59842K(60288K)->59842K(60288K) Class: 7530K(7936K)->7530K(7936K)
[2024-04-08T17:13:00.775+0800][56043.749s] GC(291) Pause Young (Normal) (G1 Evacuation Pause) 362M->57M(512M) 2.841ms
[2024-04-08T17:13:00.775+0800][56043.749s] GC(291) User=0.00s Sys=0.00s Real=0.00s
[2024-04-08T17:13:02.070+0800][56045.045s] GC(292) Pause Young (Normal) (G1 Evacuation Pause)
[2024-04-08T17:13:02.070+0800][56045.045s] GC(292) Using 13 workers of 13 for evacuation
[2024-04-08T17:13:02.072+0800][56045.047s] GC(292)   Pre Evacuate Collection Set: 0.2ms
[2024-04-08T17:13:02.072+0800][56045.047s] GC(292)   Merge Heap Roots: 0.1ms
[2024-04-08T17:13:02.072+0800][56045.047s] GC(292)   Evacuate Collection Set: 1.4ms
[2024-04-08T17:13:02.072+0800][56045.047s] GC(292)   Post Evacuate Collection Set: 0.5ms
[2024-04-08T17:13:02.072+0800][56045.047s] GC(292)   Other: 0.1ms
[2024-04-08T17:13:02.072+0800][56045.047s] GC(292) Eden regions: 305->0(305)
[2024-04-08T17:13:02.072+0800][56045.047s] GC(292) Survivor regions: 2->2(39)
[2024-04-08T17:13:02.072+0800][56045.047s] GC(292) Old regions: 52->52
[2024-04-08T17:13:02.072+0800][56045.047s] GC(292) Humongous regions: 4->4
[2024-04-08T17:13:02.072+0800][56045.047s] GC(292) Metaspace: 67373K(68224K)->67373K(68224K) NonClass: 59842K(60288K)->59842K(60288K) Class: 7530K(7936K)->7530K(7936K)
[2024-04-08T17:13:02.072+0800][56045.047s] GC(292) Pause Young (Normal) (G1 Evacuation Pause) 362M->57M(512M) 2.501ms
[2024-04-08T17:13:02.072+0800][56045.047s] GC(292) User=0.05s Sys=0.00s Real=0.00s
[2024-04-08T17:13:03.477+0800][56046.452s] GC(293) Pause Young (Normal) (G1 Evacuation Pause)
[2024-04-08T17:13:03.477+0800][56046.452s] GC(293) Using 13 workers of 13 for evacuation
[2024-04-08T17:13:03.480+0800][56046.454s] GC(293)   Pre Evacuate Collection Set: 0.2ms
[2024-04-08T17:13:03.480+0800][56046.454s] GC(293)   Merge Heap Roots: 0.2ms
[2024-04-08T17:13:03.480+0800][56046.454s] GC(293)   Evacuate Collection Set: 1.4ms
[2024-04-08T17:13:03.480+0800][56046.454s] GC(293)   Post Evacuate Collection Set: 0.6ms
[2024-04-08T17:13:03.480+0800][56046.455s] GC(293)   Other: 0.1ms
[2024-04-08T17:13:03.480+0800][56046.455s] GC(293) Eden regions: 305->0(305)
[2024-04-08T17:13:03.480+0800][56046.455s] GC(293) Survivor regions: 2->2(39)
[2024-04-08T17:13:03.480+0800][56046.455s] GC(293) Old regions: 52->52
[2024-04-08T17:13:03.480+0800][56046.455s] GC(293) Humongous regions: 4->4
[2024-04-08T17:13:03.480+0800][56046.455s] GC(293) Metaspace: 67386K(68224K)->67386K(68224K) NonClass: 59854K(60288K)->59854K(60288K) Class: 7531K(7936K)->7531K(7936K)
[2024-04-08T17:13:03.480+0800][56046.455s] GC(293) Pause Young (Normal) (G1 Evacuation Pause) 362M->57M(512M) 2.743ms
[2024-04-08T17:13:03.480+0800][56046.455s] GC(293) User=0.14s Sys=0.00s Real=0.00s
[2024-04-08T17:13:04.847+0800][56047.821s] GC(294) Pause Young (Normal) (G1 Evacuation Pause)
[2024-04-08T17:13:04.847+0800][56047.821s] GC(294) Using 13 workers of 13 for evacuation
[2024-04-08T17:13:04.849+0800][56047.824s] GC(294)   Pre Evacuate Collection Set: 0.2ms
[2024-04-08T17:13:04.849+0800][56047.824s] GC(294)   Merge Heap Roots: 0.2ms
[2024-04-08T17:13:04.849+0800][56047.824s] GC(294)   Evacuate Collection Set: 1.6ms
[2024-04-08T17:13:04.849+0800][56047.824s] GC(294)   Post Evacuate Collection Set: 0.6ms
[2024-04-08T17:13:04.849+0800][56047.824s] GC(294)   Other: 0.1ms
[2024-04-08T17:13:04.849+0800][56047.824s] GC(294) Eden regions: 305->0(305)
[2024-04-08T17:13:04.850+0800][56047.824s] GC(294) Survivor regions: 2->2(39)
[2024-04-08T17:13:04.850+0800][56047.824s] GC(294) Old regions: 52->52
[2024-04-08T17:13:04.850+0800][56047.824s] GC(294) Humongous regions: 4->4
[2024-04-08T17:13:04.850+0800][56047.824s] GC(294) Metaspace: 67386K(68224K)->67386K(68224K) NonClass: 59854K(60288K)->59854K(60288K) Class: 7531K(7936K)->7531K(7936K)
[2024-04-08T17:13:04.850+0800][56047.824s] GC(294) Pause Young (Normal) (G1 Evacuation Pause) 362M->57M(512M) 2.831ms
[2024-04-08T17:13:04.850+0800][56047.824s] GC(294) User=0.00s Sys=0.00s Real=0.00s
[2024-04-08T17:13:06.208+0800][56049.183s] GC(295) Pause Young (Normal) (G1 Evacuation Pause)
[2024-04-08T17:13:06.209+0800][56049.183s] GC(295) Using 13 workers of 13 for evacuation
[2024-04-08T17:13:06.210+0800][56049.185s] GC(295)   Pre Evacuate Collection Set: 0.1ms
[2024-04-08T17:13:06.210+0800][56049.185s] GC(295)   Merge Heap Roots: 0.1ms
[2024-04-08T17:13:06.210+0800][56049.185s] GC(295)   Evacuate Collection Set: 1.3ms
[2024-04-08T17:13:06.210+0800][56049.185s] GC(295)   Post Evacuate Collection Set: 0.4ms
[2024-04-08T17:13:06.210+0800][56049.185s] GC(295)   Other: 0.1ms
[2024-04-08T17:13:06.210+0800][56049.185s] GC(295) Eden regions: 305->0(305)
[2024-04-08T17:13:06.210+0800][56049.185s] GC(295) Survivor regions: 2->2(39)
[2024-04-08T17:13:06.210+0800][56049.185s] GC(295) Old regions: 52->52
[2024-04-08T17:13:06.210+0800][56049.185s] GC(295) Humongous regions: 4->4
[2024-04-08T17:13:06.211+0800][56049.185s] GC(295) Metaspace: 67386K(68224K)->67386K(68224K) NonClass: 59854K(60288K)->59854K(60288K) Class: 7531K(7936K)->7531K(7936K)
[2024-04-08T17:13:06.211+0800][56049.185s] GC(295) Pause Young (Normal) (G1 Evacuation Pause) 362M->57M(512M) 2.075ms
[2024-04-08T17:13:06.211+0800][56049.185s] GC(295) User=0.00s Sys=0.00s Real=0.00s
[2024-04-08T17:13:07.534+0800][56050.509s] GC(296) Pause Young (Normal) (G1 Evacuation Pause)
[2024-04-08T17:13:07.534+0800][56050.509s] GC(296) Using 13 workers of 13 for evacuation
[2024-04-08T17:13:07.537+0800][56050.511s] GC(296)   Pre Evacuate Collection Set: 0.2ms
[2024-04-08T17:13:07.537+0800][56050.511s] GC(296)   Merge Heap Roots: 0.2ms
[2024-04-08T17:13:07.537+0800][56050.511s] GC(296)   Evacuate Collection Set: 1.2ms
[2024-04-08T17:13:07.537+0800][56050.511s] GC(296)   Post Evacuate Collection Set: 0.5ms
[2024-04-08T17:13:07.537+0800][56050.511s] GC(296)   Other: 0.1ms
[2024-04-08T17:13:07.537+0800][56050.511s] GC(296) Eden regions: 305->0(305)
[2024-04-08T17:13:07.537+0800][56050.511s] GC(296) Survivor regions: 2->2(39)
[2024-04-08T17:13:07.537+0800][56050.511s] GC(296) Old regions: 52->53
[2024-04-08T17:13:07.537+0800][56050.511s] GC(296) Humongous regions: 4->4
[2024-04-08T17:13:07.537+0800][56050.511s] GC(296) Metaspace: 67386K(68224K)->67386K(68224K) NonClass: 59854K(60288K)->59854K(60288K) Class: 7531K(7936K)->7531K(7936K)
[2024-04-08T17:13:07.537+0800][56050.511s] GC(296) Pause Young (Normal) (G1 Evacuation Pause) 362M->57M(512M) 2.461ms
[2024-04-08T17:13:07.537+0800][56050.511s] GC(296) User=0.00s Sys=0.00s Real=0.00s
[2024-04-08T17:13:08.875+0800][56051.849s] GC(297) Pause Young (Normal) (G1 Evacuation Pause)
[2024-04-08T17:13:08.875+0800][56051.849s] GC(297) Using 13 workers of 13 for evacuation
[2024-04-08T17:13:08.878+0800][56051.852s] GC(297)   Pre Evacuate Collection Set: 0.3ms
[2024-04-08T17:13:08.878+0800][56051.852s] GC(297)   Merge Heap Roots: 0.1ms
[2024-04-08T17:13:08.878+0800][56051.853s] GC(297)   Evacuate Collection Set: 1.8ms
[2024-04-08T17:13:08.878+0800][56051.853s] GC(297)   Post Evacuate Collection Set: 0.8ms
[2024-04-08T17:13:08.878+0800][56051.853s] GC(297)   Other: 0.1ms
[2024-04-08T17:13:08.878+0800][56051.853s] GC(297) Eden regions: 305->0(305)
[2024-04-08T17:13:08.878+0800][56051.853s] GC(297) Survivor regions: 2->2(39)
[2024-04-08T17:13:08.878+0800][56051.853s] GC(297) Old regions: 53->53
[2024-04-08T17:13:08.878+0800][56051.853s] GC(297) Humongous regions: 4->4
[2024-04-08T17:13:08.878+0800][56051.853s] GC(297) Metaspace: 67386K(68224K)->67386K(68224K) NonClass: 59854K(60288K)->59854K(60288K) Class: 7531K(7936K)->7531K(7936K)
[2024-04-08T17:13:08.878+0800][56051.853s] GC(297) Pause Young (Normal) (G1 Evacuation Pause) 362M->57M(512M) 3.333ms
[2024-04-08T17:13:08.878+0800][56051.853s] GC(297) User=0.00s Sys=0.00s Real=0.00s
[2024-04-08T17:13:10.218+0800][56053.193s] GC(298) Pause Young (Normal) (G1 Evacuation Pause)
[2024-04-08T17:13:10.218+0800][56053.193s] GC(298) Using 13 workers of 13 for evacuation
[2024-04-08T17:13:10.220+0800][56053.195s] GC(298)   Pre Evacuate Collection Set: 0.1ms
[2024-04-08T17:13:10.220+0800][56053.195s] GC(298)   Merge Heap Roots: 0.1ms
[2024-04-08T17:13:10.220+0800][56053.195s] GC(298)   Evacuate Collection Set: 1.2ms
[2024-04-08T17:13:10.220+0800][56053.195s] GC(298)   Post Evacuate Collection Set: 0.4ms
[2024-04-08T17:13:10.220+0800][56053.195s] GC(298)   Other: 0.1ms
[2024-04-08T17:13:10.220+0800][56053.195s] GC(298) Eden regions: 305->0(305)
[2024-04-08T17:13:10.220+0800][56053.195s] GC(298) Survivor regions: 2->2(39)
[2024-04-08T17:13:10.220+0800][56053.195s] GC(298) Old regions: 53->53
[2024-04-08T17:13:10.220+0800][56053.195s] GC(298) Humongous regions: 4->4
[2024-04-08T17:13:10.220+0800][56053.195s] GC(298) Metaspace: 67386K(68224K)->67386K(68224K) NonClass: 59854K(60288K)->59854K(60288K) Class: 7531K(7936K)->7531K(7936K)
[2024-04-08T17:13:10.220+0800][56053.195s] GC(298) Pause Young (Normal) (G1 Evacuation Pause) 362M->57M(512M) 2.099ms
[2024-04-08T17:13:10.220+0800][56053.195s] GC(298) User=0.00s Sys=0.00s Real=0.00s
[2024-04-08T17:13:11.590+0800][56054.564s] GC(299) Pause Young (Normal) (G1 Evacuation Pause)
[2024-04-08T17:13:11.590+0800][56054.564s] GC(299) Using 13 workers of 13 for evacuation
[2024-04-08T17:13:11.592+0800][56054.567s] GC(299)   Pre Evacuate Collection Set: 0.2ms
[2024-04-08T17:13:11.592+0800][56054.567s] GC(299)   Merge Heap Roots: 0.2ms
[2024-04-08T17:13:11.592+0800][56054.567s] GC(299)   Evacuate Collection Set: 1.2ms
[2024-04-08T17:13:11.592+0800][56054.567s] GC(299)   Post Evacuate Collection Set: 0.6ms
[2024-04-08T17:13:11.592+0800][56054.567s] GC(299)   Other: 0.1ms
[2024-04-08T17:13:11.592+0800][56054.567s] GC(299) Eden regions: 305->0(305)
[2024-04-08T17:13:11.592+0800][56054.567s] GC(299) Survivor regions: 2->2(39)
[2024-04-08T17:13:11.592+0800][56054.567s] GC(299) Old regions: 53->53
[2024-04-08T17:13:11.592+0800][56054.567s] GC(299) Humongous regions: 4->4
[2024-04-08T17:13:11.592+0800][56054.567s] GC(299) Metaspace: 67386K(68224K)->67386K(68224K) NonClass: 59854K(60288K)->59854K(60288K) Class: 7531K(7936K)->7531K(7936K)
[2024-04-08T17:13:11.592+0800][56054.567s] GC(299) Pause Young (Normal) (G1 Evacuation Pause) 362M->57M(512M) 2.516ms
[2024-04-08T17:13:11.592+0800][56054.567s] GC(299) User=0.00s Sys=0.00s Real=0.00s
[2024-04-08T17:13:12.873+0800][56055.848s] GC(300) Pause Young (Normal) (G1 Evacuation Pause)
[2024-04-08T17:13:12.873+0800][56055.848s] GC(300) Using 13 workers of 13 for evacuation
[2024-04-08T17:13:12.875+0800][56055.850s] GC(300)   Pre Evacuate Collection Set: 0.2ms
[2024-04-08T17:13:12.875+0800][56055.850s] GC(300)   Merge Heap Roots: 0.1ms
[2024-04-08T17:13:12.875+0800][56055.850s] GC(300)   Evacuate Collection Set: 1.4ms
[2024-04-08T17:13:12.875+0800][56055.850s] GC(300)   Post Evacuate Collection Set: 0.5ms
[2024-04-08T17:13:12.875+0800][56055.850s] GC(300)   Other: 0.1ms
[2024-04-08T17:13:12.875+0800][56055.850s] GC(300) Eden regions: 305->0(305)
[2024-04-08T17:13:12.875+0800][56055.850s] GC(300) Survivor regions: 2->2(39)
[2024-04-08T17:13:12.875+0800][56055.850s] GC(300) Old regions: 53->53
[2024-04-08T17:13:12.875+0800][56055.850s] GC(300) Humongous regions: 4->4
[2024-04-08T17:13:12.875+0800][56055.850s] GC(300) Metaspace: 67386K(68224K)->67386K(68224K) NonClass: 59854K(60288K)->59854K(60288K) Class: 7531K(7936K)->7531K(7936K)
[2024-04-08T17:13:12.875+0800][56055.850s] GC(300) Pause Young (Normal) (G1 Evacuation Pause) 362M->57M(512M) 2.374ms
[2024-04-08T17:13:12.876+0800][56055.850s] GC(300) User=0.00s Sys=0.00s Real=0.00s
[2024-04-08T17:13:14.204+0800][56057.179s] GC(301) Pause Young (Normal) (G1 Evacuation Pause)
[2024-04-08T17:13:14.204+0800][56057.179s] GC(301) Using 13 workers of 13 for evacuation
[2024-04-08T17:13:14.207+0800][56057.181s] GC(301)   Pre Evacuate Collection Set: 0.2ms
[2024-04-08T17:13:14.207+0800][56057.181s] GC(301)   Merge Heap Roots: 0.1ms
[2024-04-08T17:13:14.207+0800][56057.181s] GC(301)   Evacuate Collection Set: 1.5ms
[2024-04-08T17:13:14.207+0800][56057.181s] GC(301)   Post Evacuate Collection Set: 0.6ms
[2024-04-08T17:13:14.207+0800][56057.181s] GC(301)   Other: 0.1ms
[2024-04-08T17:13:14.207+0800][56057.182s] GC(301) Eden regions: 305->0(305)
[2024-04-08T17:13:14.207+0800][56057.182s] GC(301) Survivor regions: 2->2(39)
[2024-04-08T17:13:14.207+0800][56057.182s] GC(301) Old regions: 53->53
[2024-04-08T17:13:14.207+0800][56057.182s] GC(301) Humongous regions: 4->4
[2024-04-08T17:13:14.207+0800][56057.182s] GC(301) Metaspace: 67386K(68224K)->67386K(68224K) NonClass: 59854K(60288K)->59854K(60288K) Class: 7531K(7936K)->7531K(7936K)
[2024-04-08T17:13:14.207+0800][56057.182s] GC(301) Pause Young (Normal) (G1 Evacuation Pause) 362M->57M(512M) 2.847ms
[2024-04-08T17:13:14.207+0800][56057.182s] GC(301) User=0.00s Sys=0.00s Real=0.00s
[2024-04-08T17:13:15.488+0800][56058.463s] GC(302) Pause Young (Normal) (G1 Evacuation Pause)
[2024-04-08T17:13:15.488+0800][56058.463s] GC(302) Using 13 workers of 13 for evacuation
[2024-04-08T17:13:15.490+0800][56058.465s] GC(302)   Pre Evacuate Collection Set: 0.2ms
[2024-04-08T17:13:15.490+0800][56058.465s] GC(302)   Merge Heap Roots: 0.1ms
[2024-04-08T17:13:15.490+0800][56058.465s] GC(302)   Evacuate Collection Set: 1.4ms
[2024-04-08T17:13:15.490+0800][56058.465s] GC(302)   Post Evacuate Collection Set: 0.5ms
[2024-04-08T17:13:15.490+0800][56058.465s] GC(302)   Other: 0.1ms
[2024-04-08T17:13:15.490+0800][56058.465s] GC(302) Eden regions: 305->0(305)
[2024-04-08T17:13:15.490+0800][56058.465s] GC(302) Survivor regions: 2->2(39)
[2024-04-08T17:13:15.490+0800][56058.465s] GC(302) Old regions: 53->53
[2024-04-08T17:13:15.490+0800][56058.465s] GC(302) Humongous regions: 4->4
[2024-04-08T17:13:15.490+0800][56058.465s] GC(302) Metaspace: 67386K(68224K)->67386K(68224K) NonClass: 59854K(60288K)->59854K(60288K) Class: 7531K(7936K)->7531K(7936K)
[2024-04-08T17:13:15.491+0800][56058.465s] GC(302) Pause Young (Normal) (G1 Evacuation Pause) 362M->57M(512M) 2.487ms
[2024-04-08T17:13:15.491+0800][56058.466s] GC(302) User=0.00s Sys=0.00s Real=0.00s
[2024-04-08T17:13:16.857+0800][56059.832s] GC(303) Pause Young (Normal) (G1 Evacuation Pause)
[2024-04-08T17:13:16.857+0800][56059.832s] GC(303) Using 13 workers of 13 for evacuation
[2024-04-08T17:13:16.860+0800][56059.835s] GC(303)   Pre Evacuate Collection Set: 0.2ms
[2024-04-08T17:13:16.860+0800][56059.835s] GC(303)   Merge Heap Roots: 0.2ms
[2024-04-08T17:13:16.860+0800][56059.835s] GC(303)   Evacuate Collection Set: 1.2ms
[2024-04-08T17:13:16.860+0800][56059.835s] GC(303)   Post Evacuate Collection Set: 0.7ms
[2024-04-08T17:13:16.860+0800][56059.835s] GC(303)   Other: 0.1ms
[2024-04-08T17:13:16.860+0800][56059.835s] GC(303) Eden regions: 305->0(305)
[2024-04-08T17:13:16.860+0800][56059.835s] GC(303) Survivor regions: 2->2(39)
[2024-04-08T17:13:16.860+0800][56059.835s] GC(303) Old regions: 53->53
[2024-04-08T17:13:16.860+0800][56059.835s] GC(303) Humongous regions: 4->4
[2024-04-08T17:13:16.860+0800][56059.835s] GC(303) Metaspace: 67386K(68224K)->67386K(68224K) NonClass: 59854K(60288K)->59854K(60288K) Class: 7531K(7936K)->7531K(7936K)
[2024-04-08T17:13:16.860+0800][56059.835s] GC(303) Pause Young (Normal) (G1 Evacuation Pause) 362M->58M(512M) 2.464ms
[2024-04-08T17:13:16.860+0800][56059.835s] GC(303) User=0.00s Sys=0.00s Real=0.00s
[2024-04-08T17:13:18.179+0800][56061.153s] GC(304) Pause Young (Normal) (G1 Evacuation Pause)
[2024-04-08T17:13:18.179+0800][56061.153s] GC(304) Using 13 workers of 13 for evacuation
[2024-04-08T17:13:18.181+0800][56061.155s] GC(304)   Pre Evacuate Collection Set: 0.2ms
[2024-04-08T17:13:18.181+0800][56061.156s] GC(304)   Merge Heap Roots: 0.1ms
[2024-04-08T17:13:18.181+0800][56061.156s] GC(304)   Evacuate Collection Set: 1.4ms
[2024-04-08T17:13:18.181+0800][56061.156s] GC(304)   Post Evacuate Collection Set: 0.6ms
[2024-04-08T17:13:18.181+0800][56061.156s] GC(304)   Other: 0.1ms
[2024-04-08T17:13:18.181+0800][56061.156s] GC(304) Eden regions: 305->0(305)
[2024-04-08T17:13:18.181+0800][56061.156s] GC(304) Survivor regions: 2->2(39)
[2024-04-08T17:13:18.181+0800][56061.156s] GC(304) Old regions: 53->53
[2024-04-08T17:13:18.181+0800][56061.156s] GC(304) Humongous regions: 4->4
[2024-04-08T17:13:18.181+0800][56061.156s] GC(304) Metaspace: 67386K(68224K)->67386K(68224K) NonClass: 59854K(60288K)->59854K(60288K) Class: 7531K(7936K)->7531K(7936K)
[2024-04-08T17:13:18.181+0800][56061.156s] GC(304) Pause Young (Normal) (G1 Evacuation Pause) 363M->57M(512M) 2.632ms
[2024-04-08T17:13:18.181+0800][56061.156s] GC(304) User=0.00s Sys=0.00s Real=0.00s
[2024-04-08T17:13:19.454+0800][56062.429s] GC(305) Pause Young (Normal) (G1 Evacuation Pause)
[2024-04-08T17:13:19.454+0800][56062.429s] GC(305) Using 13 workers of 13 for evacuation
[2024-04-08T17:13:19.457+0800][56062.431s] GC(305)   Pre Evacuate Collection Set: 0.2ms
[2024-04-08T17:13:19.457+0800][56062.431s] GC(305)   Merge Heap Roots: 0.1ms
[2024-04-08T17:13:19.457+0800][56062.431s] GC(305)   Evacuate Collection Set: 1.5ms
[2024-04-08T17:13:19.457+0800][56062.431s] GC(305)   Post Evacuate Collection Set: 0.4ms
[2024-04-08T17:13:19.457+0800][56062.431s] GC(305)   Other: 0.1ms
[2024-04-08T17:13:19.457+0800][56062.431s] GC(305) Eden regions: 305->0(305)
[2024-04-08T17:13:19.457+0800][56062.431s] GC(305) Survivor regions: 2->2(39)
[2024-04-08T17:13:19.457+0800][56062.431s] GC(305) Old regions: 53->53
[2024-04-08T17:13:19.457+0800][56062.431s] GC(305) Humongous regions: 4->4
[2024-04-08T17:13:19.457+0800][56062.431s] GC(305) Metaspace: 67386K(68224K)->67386K(68224K) NonClass: 59854K(60288K)->59854K(60288K) Class: 7531K(7936K)->7531K(7936K)
[2024-04-08T17:13:19.457+0800][56062.431s] GC(305) Pause Young (Normal) (G1 Evacuation Pause) 362M->57M(512M) 2.456ms
[2024-04-08T17:13:19.457+0800][56062.431s] GC(305) User=0.00s Sys=0.00s Real=0.00s
[2024-04-08T17:13:20.769+0800][56063.744s] GC(306) Pause Young (Normal) (G1 Evacuation Pause)
[2024-04-08T17:13:20.769+0800][56063.744s] GC(306) Using 13 workers of 13 for evacuation
[2024-04-08T17:13:20.771+0800][56063.745s] GC(306)   Pre Evacuate Collection Set: 0.1ms
[2024-04-08T17:13:20.771+0800][56063.746s] GC(306)   Merge Heap Roots: 0.1ms
[2024-04-08T17:13:20.771+0800][56063.746s] GC(306)   Evacuate Collection Set: 1.2ms
[2024-04-08T17:13:20.771+0800][56063.746s] GC(306)   Post Evacuate Collection Set: 0.4ms
[2024-04-08T17:13:20.771+0800][56063.746s] GC(306)   Other: 0.1ms
[2024-04-08T17:13:20.772+0800][56063.746s] GC(306) Eden regions: 305->0(305)
[2024-04-08T17:13:20.772+0800][56063.746s] GC(306) Survivor regions: 2->2(39)
[2024-04-08T17:13:20.772+0800][56063.746s] GC(306) Old regions: 53->53
[2024-04-08T17:13:20.772+0800][56063.746s] GC(306) Humongous regions: 4->4
[2024-04-08T17:13:20.772+0800][56063.746s] GC(306) Metaspace: 67386K(68224K)->67386K(68224K) NonClass: 59854K(60288K)->59854K(60288K) Class: 7531K(7936K)->7531K(7936K)
[2024-04-08T17:13:20.772+0800][56063.746s] GC(306) Pause Young (Normal) (G1 Evacuation Pause) 362M->57M(512M) 2.128ms
[2024-04-08T17:13:20.772+0800][56063.746s] GC(306) User=0.00s Sys=0.00s Real=0.00s
[2024-04-08T17:13:22.097+0800][56065.071s] GC(307) Pause Young (Normal) (G1 Evacuation Pause)
[2024-04-08T17:13:22.097+0800][56065.071s] GC(307) Using 13 workers of 13 for evacuation
[2024-04-08T17:13:22.098+0800][56065.073s] GC(307)   Pre Evacuate Collection Set: 0.1ms
[2024-04-08T17:13:22.098+0800][56065.073s] GC(307)   Merge Heap Roots: 0.0ms
[2024-04-08T17:13:22.098+0800][56065.073s] GC(307)   Evacuate Collection Set: 1.1ms
[2024-04-08T17:13:22.098+0800][56065.073s] GC(307)   Post Evacuate Collection Set: 0.3ms
[2024-04-08T17:13:22.098+0800][56065.073s] GC(307)   Other: 0.1ms
[2024-04-08T17:13:22.098+0800][56065.073s] GC(307) Eden regions: 305->0(305)
[2024-04-08T17:13:22.098+0800][56065.073s] GC(307) Survivor regions: 2->2(39)
[2024-04-08T17:13:22.099+0800][56065.073s] GC(307) Old regions: 53->53
[2024-04-08T17:13:22.099+0800][56065.073s] GC(307) Humongous regions: 4->4
[2024-04-08T17:13:22.099+0800][56065.073s] GC(307) Metaspace: 67386K(68224K)->67386K(68224K) NonClass: 59854K(60288K)->59854K(60288K) Class: 7531K(7936K)->7531K(7936K)
[2024-04-08T17:13:22.099+0800][56065.073s] GC(307) Pause Young (Normal) (G1 Evacuation Pause) 362M->57M(512M) 1.997ms
[2024-04-08T17:13:22.099+0800][56065.073s] GC(307) User=0.00s Sys=0.00s Real=0.00s
[2024-04-08T17:13:23.429+0800][56066.404s] GC(308) Pause Young (Normal) (G1 Evacuation Pause)
[2024-04-08T17:13:23.429+0800][56066.404s] GC(308) Using 13 workers of 13 for evacuation
[2024-04-08T17:13:23.432+0800][56066.406s] GC(308)   Pre Evacuate Collection Set: 0.1ms
[2024-04-08T17:13:23.432+0800][56066.407s] GC(308)   Merge Heap Roots: 0.1ms
[2024-04-08T17:13:23.432+0800][56066.407s] GC(308)   Evacuate Collection Set: 1.6ms
[2024-04-08T17:13:23.432+0800][56066.407s] GC(308)   Post Evacuate Collection Set: 0.5ms
[2024-04-08T17:13:23.432+0800][56066.407s] GC(308)   Other: 0.1ms
[2024-04-08T17:13:23.432+0800][56066.407s] GC(308) Eden regions: 305->0(304)
[2024-04-08T17:13:23.432+0800][56066.407s] GC(308) Survivor regions: 2->3(39)
[2024-04-08T17:13:23.432+0800][56066.407s] GC(308) Old regions: 53->53
[2024-04-08T17:13:23.432+0800][56066.407s] GC(308) Humongous regions: 4->4
[2024-04-08T17:13:23.432+0800][56066.407s] GC(308) Metaspace: 67386K(68224K)->67386K(68224K) NonClass: 59854K(60288K)->59854K(60288K) Class: 7531K(7936K)->7531K(7936K)
[2024-04-08T17:13:23.432+0800][56066.407s] GC(308) Pause Young (Normal) (G1 Evacuation Pause) 362M->58M(512M) 2.740ms
[2024-04-08T17:13:23.432+0800][56066.407s] GC(308) User=0.03s Sys=0.00s Real=0.00s
[2024-04-08T17:13:24.730+0800][56067.704s] GC(309) Pause Young (Normal) (G1 Evacuation Pause)
[2024-04-08T17:13:24.730+0800][56067.705s] GC(309) Using 13 workers of 13 for evacuation
[2024-04-08T17:13:24.732+0800][56067.706s] GC(309)   Pre Evacuate Collection Set: 0.2ms
[2024-04-08T17:13:24.732+0800][56067.706s] GC(309)   Merge Heap Roots: 0.2ms
[2024-04-08T17:13:24.732+0800][56067.706s] GC(309)   Evacuate Collection Set: 0.7ms
[2024-04-08T17:13:24.732+0800][56067.706s] GC(309)   Post Evacuate Collection Set: 0.5ms
[2024-04-08T17:13:24.732+0800][56067.706s] GC(309)   Other: 0.1ms
[2024-04-08T17:13:24.732+0800][56067.706s] GC(309) Eden regions: 304->0(305)
[2024-04-08T17:13:24.732+0800][56067.706s] GC(309) Survivor regions: 3->2(39)
[2024-04-08T17:13:24.732+0800][56067.706s] GC(309) Old regions: 53->53
[2024-04-08T17:13:24.732+0800][56067.706s] GC(309) Humongous regions: 4->4
[2024-04-08T17:13:24.732+0800][56067.706s] GC(309) Metaspace: 67386K(68224K)->67386K(68224K) NonClass: 59854K(60288K)->59854K(60288K) Class: 7531K(7936K)->7531K(7936K)
[2024-04-08T17:13:24.732+0800][56067.706s] GC(309) Pause Young (Normal) (G1 Evacuation Pause) 362M->57M(512M) 1.821ms
[2024-04-08T17:13:24.732+0800][56067.706s] GC(309) User=0.00s Sys=0.00s Real=0.00s
[2024-04-08T17:13:26.014+0800][56068.989s] GC(310) Pause Young (Normal) (G1 Evacuation Pause)
[2024-04-08T17:13:26.014+0800][56068.989s] GC(310) Using 13 workers of 13 for evacuation
[2024-04-08T17:13:26.016+0800][56068.991s] GC(310)   Pre Evacuate Collection Set: 0.2ms
[2024-04-08T17:13:26.016+0800][56068.991s] GC(310)   Merge Heap Roots: 0.1ms
[2024-04-08T17:13:26.016+0800][56068.991s] GC(310)   Evacuate Collection Set: 1.4ms
[2024-04-08T17:13:26.017+0800][56068.991s] GC(310)   Post Evacuate Collection Set: 0.7ms
[2024-04-08T17:13:26.017+0800][56068.991s] GC(310)   Other: 0.1ms
[2024-04-08T17:13:26.017+0800][56068.991s] GC(310) Eden regions: 305->0(304)
[2024-04-08T17:13:26.017+0800][56068.991s] GC(310) Survivor regions: 2->3(39)
[2024-04-08T17:13:26.017+0800][56068.991s] GC(310) Old regions: 53->53
[2024-04-08T17:13:26.017+0800][56068.991s] GC(310) Humongous regions: 4->4
[2024-04-08T17:13:26.017+0800][56068.992s] GC(310) Metaspace: 67386K(68224K)->67386K(68224K) NonClass: 59854K(60288K)->59854K(60288K) Class: 7531K(7936K)->7531K(7936K)
[2024-04-08T17:13:26.017+0800][56068.992s] GC(310) Pause Young (Normal) (G1 Evacuation Pause) 362M->58M(512M) 2.681ms
[2024-04-08T17:13:26.017+0800][56068.992s] GC(310) User=0.00s Sys=0.00s Real=0.00s
[2024-04-08T17:13:27.281+0800][56070.255s] GC(311) Pause Young (Normal) (G1 Evacuation Pause)
[2024-04-08T17:13:27.281+0800][56070.255s] GC(311) Using 13 workers of 13 for evacuation
[2024-04-08T17:13:27.283+0800][56070.258s] GC(311)   Pre Evacuate Collection Set: 0.2ms
[2024-04-08T17:13:27.283+0800][56070.258s] GC(311)   Merge Heap Roots: 0.1ms
[2024-04-08T17:13:27.283+0800][56070.258s] GC(311)   Evacuate Collection Set: 1.6ms
[2024-04-08T17:13:27.283+0800][56070.258s] GC(311)   Post Evacuate Collection Set: 0.4ms
[2024-04-08T17:13:27.283+0800][56070.258s] GC(311)   Other: 0.1ms
[2024-04-08T17:13:27.283+0800][56070.258s] GC(311) Eden regions: 304->0(305)
[2024-04-08T17:13:27.283+0800][56070.258s] GC(311) Survivor regions: 3->2(39)
[2024-04-08T17:13:27.283+0800][56070.258s] GC(311) Old regions: 53->53
[2024-04-08T17:13:27.283+0800][56070.258s] GC(311) Humongous regions: 4->4
[2024-04-08T17:13:27.283+0800][56070.258s] GC(311) Metaspace: 67387K(68224K)->67387K(68224K) NonClass: 59855K(60288K)->59855K(60288K) Class: 7531K(7936K)->7531K(7936K)
[2024-04-08T17:13:27.284+0800][56070.258s] GC(311) Pause Young (Normal) (G1 Evacuation Pause) 362M->58M(512M) 2.589ms
[2024-04-08T17:13:27.284+0800][56070.258s] GC(311) User=0.00s Sys=0.00s Real=0.00s
[2024-04-08T17:13:28.574+0800][56071.549s] GC(312) Pause Young (Normal) (G1 Evacuation Pause)
[2024-04-08T17:13:28.574+0800][56071.549s] GC(312) Using 13 workers of 13 for evacuation
[2024-04-08T17:13:28.577+0800][56071.551s] GC(312)   Pre Evacuate Collection Set: 0.2ms
[2024-04-08T17:13:28.577+0800][56071.552s] GC(312)   Merge Heap Roots: 0.2ms
[2024-04-08T17:13:28.577+0800][56071.552s] GC(312)   Evacuate Collection Set: 1.4ms
[2024-04-08T17:13:28.577+0800][56071.552s] GC(312)   Post Evacuate Collection Set: 0.6ms
[2024-04-08T17:13:28.577+0800][56071.552s] GC(312)   Other: 0.1ms
[2024-04-08T17:13:28.577+0800][56071.552s] GC(312) Eden regions: 305->0(305)
[2024-04-08T17:13:28.577+0800][56071.552s] GC(312) Survivor regions: 2->2(39)
[2024-04-08T17:13:28.577+0800][56071.552s] GC(312) Old regions: 53->53
[2024-04-08T17:13:28.577+0800][56071.552s] GC(312) Humongous regions: 4->4
[2024-04-08T17:13:28.577+0800][56071.552s] GC(312) Metaspace: 67387K(68224K)->67387K(68224K) NonClass: 59855K(60288K)->59855K(60288K) Class: 7531K(7936K)->7531K(7936K)
[2024-04-08T17:13:28.577+0800][56071.552s] GC(312) Pause Young (Normal) (G1 Evacuation Pause) 363M->58M(512M) 2.685ms
[2024-04-08T17:13:28.577+0800][56071.552s] GC(312) User=0.00s Sys=0.00s Real=0.00s
[2024-04-08T17:13:29.859+0800][56072.833s] GC(313) Pause Young (Normal) (G1 Evacuation Pause)
[2024-04-08T17:13:29.859+0800][56072.833s] GC(313) Using 13 workers of 13 for evacuation
[2024-04-08T17:13:29.862+0800][56072.836s] GC(313)   Pre Evacuate Collection Set: 0.2ms
[2024-04-08T17:13:29.862+0800][56072.836s] GC(313)   Merge Heap Roots: 0.1ms
[2024-04-08T17:13:29.862+0800][56072.836s] GC(313)   Evacuate Collection Set: 1.4ms
[2024-04-08T17:13:29.862+0800][56072.836s] GC(313)   Post Evacuate Collection Set: 0.5ms
[2024-04-08T17:13:29.862+0800][56072.836s] GC(313)   Other: 0.1ms
[2024-04-08T17:13:29.862+0800][56072.836s] GC(313) Eden regions: 305->0(305)
[2024-04-08T17:13:29.862+0800][56072.836s] GC(313) Survivor regions: 2->2(39)
[2024-04-08T17:13:29.862+0800][56072.836s] GC(313) Old regions: 53->53
[2024-04-08T17:13:29.862+0800][56072.836s] GC(313) Humongous regions: 4->4
[2024-04-08T17:13:29.862+0800][56072.836s] GC(313) Metaspace: 67387K(68224K)->67387K(68224K) NonClass: 59855K(60288K)->59855K(60288K) Class: 7531K(7936K)->7531K(7936K)
[2024-04-08T17:13:29.862+0800][56072.836s] GC(313) Pause Young (Normal) (G1 Evacuation Pause) 363M->57M(512M) 2.545ms
[2024-04-08T17:13:29.862+0800][56072.836s] GC(313) User=0.00s Sys=0.00s Real=0.00s
[2024-04-08T17:13:31.133+0800][56074.107s] GC(314) Pause Young (Normal) (G1 Evacuation Pause)
[2024-04-08T17:13:31.133+0800][56074.107s] GC(314) Using 13 workers of 13 for evacuation
[2024-04-08T17:13:31.136+0800][56074.110s] GC(314)   Pre Evacuate Collection Set: 0.2ms
[2024-04-08T17:13:31.136+0800][56074.110s] GC(314)   Merge Heap Roots: 0.1ms
[2024-04-08T17:13:31.136+0800][56074.110s] GC(314)   Evacuate Collection Set: 1.5ms
[2024-04-08T17:13:31.136+0800][56074.110s] GC(314)   Post Evacuate Collection Set: 0.7ms
[2024-04-08T17:13:31.136+0800][56074.110s] GC(314)   Other: 0.1ms
[2024-04-08T17:13:31.136+0800][56074.110s] GC(314) Eden regions: 305->0(305)
[2024-04-08T17:13:31.136+0800][56074.110s] GC(314) Survivor regions: 2->2(39)
[2024-04-08T17:13:31.136+0800][56074.110s] GC(314) Old regions: 53->53
[2024-04-08T17:13:31.136+0800][56074.110s] GC(314) Humongous regions: 4->4
[2024-04-08T17:13:31.136+0800][56074.110s] GC(314) Metaspace: 67387K(68224K)->67387K(68224K) NonClass: 59855K(60288K)->59855K(60288K) Class: 7531K(7936K)->7531K(7936K)
[2024-04-08T17:13:31.136+0800][56074.110s] GC(314) Pause Young (Normal) (G1 Evacuation Pause) 362M->58M(512M) 2.976ms
[2024-04-08T17:13:31.136+0800][56074.110s] GC(314) User=0.03s Sys=0.00s Real=0.00s
[2024-04-08T17:13:32.467+0800][56075.441s] GC(315) Pause Young (Normal) (G1 Evacuation Pause)
[2024-04-08T17:13:32.467+0800][56075.441s] GC(315) Using 13 workers of 13 for evacuation
[2024-04-08T17:13:32.469+0800][56075.444s] GC(315)   Pre Evacuate Collection Set: 0.2ms
[2024-04-08T17:13:32.469+0800][56075.444s] GC(315)   Merge Heap Roots: 0.2ms
[2024-04-08T17:13:32.469+0800][56075.444s] GC(315)   Evacuate Collection Set: 1.6ms
[2024-04-08T17:13:32.469+0800][56075.444s] GC(315)   Post Evacuate Collection Set: 0.6ms
[2024-04-08T17:13:32.469+0800][56075.444s] GC(315)   Other: 0.1ms
[2024-04-08T17:13:32.469+0800][56075.444s] GC(315) Eden regions: 305->0(305)
[2024-04-08T17:13:32.469+0800][56075.444s] GC(315) Survivor regions: 2->2(39)
[2024-04-08T17:13:32.469+0800][56075.444s] GC(315) Old regions: 53->53
[2024-04-08T17:13:32.469+0800][56075.444s] GC(315) Humongous regions: 4->4
[2024-04-08T17:13:32.469+0800][56075.444s] GC(315) Metaspace: 67387K(68224K)->67387K(68224K) NonClass: 59855K(60288K)->59855K(60288K) Class: 7531K(7936K)->7531K(7936K)
[2024-04-08T17:13:32.469+0800][56075.444s] GC(315) Pause Young (Normal) (G1 Evacuation Pause) 363M->57M(512M) 2.823ms
[2024-04-08T17:13:32.469+0800][56075.444s] GC(315) User=0.00s Sys=0.00s Real=0.00s
[2024-04-08T17:13:33.725+0800][56076.700s] GC(316) Pause Young (Normal) (G1 Evacuation Pause)
[2024-04-08T17:13:33.725+0800][56076.700s] GC(316) Using 13 workers of 13 for evacuation
[2024-04-08T17:13:33.728+0800][56076.702s] GC(316)   Pre Evacuate Collection Set: 0.3ms
[2024-04-08T17:13:33.728+0800][56076.702s] GC(316)   Merge Heap Roots: 0.1ms
[2024-04-08T17:13:33.728+0800][56076.702s] GC(316)   Evacuate Collection Set: 1.2ms
[2024-04-08T17:13:33.728+0800][56076.702s] GC(316)   Post Evacuate Collection Set: 0.6ms
[2024-04-08T17:13:33.728+0800][56076.702s] GC(316)   Other: 0.1ms
[2024-04-08T17:13:33.728+0800][56076.702s] GC(316) Eden regions: 305->0(305)
[2024-04-08T17:13:33.728+0800][56076.702s] GC(316) Survivor regions: 2->2(39)
[2024-04-08T17:13:33.728+0800][56076.702s] GC(316) Old regions: 53->53
[2024-04-08T17:13:33.728+0800][56076.702s] GC(316) Humongous regions: 4->4
[2024-04-08T17:13:33.728+0800][56076.702s] GC(316) Metaspace: 67387K(68224K)->67387K(68224K) NonClass: 59855K(60288K)->59855K(60288K) Class: 7531K(7936K)->7531K(7936K)
[2024-04-08T17:13:33.728+0800][56076.702s] GC(316) Pause Young (Normal) (G1 Evacuation Pause) 362M->58M(512M) 2.378ms
[2024-04-08T17:13:33.728+0800][56076.702s] GC(316) User=0.02s Sys=0.00s Real=0.00s
[2024-04-08T17:13:35.003+0800][56077.978s] GC(317) Pause Young (Normal) (G1 Evacuation Pause)
[2024-04-08T17:13:35.003+0800][56077.978s] GC(317) Using 13 workers of 13 for evacuation
[2024-04-08T17:13:35.007+0800][56077.981s] GC(317)   Pre Evacuate Collection Set: 0.2ms
[2024-04-08T17:13:35.007+0800][56077.981s] GC(317)   Merge Heap Roots: 0.2ms
[2024-04-08T17:13:35.007+0800][56077.981s] GC(317)   Evacuate Collection Set: 2.3ms
[2024-04-08T17:13:35.007+0800][56077.981s] GC(317)   Post Evacuate Collection Set: 0.8ms
[2024-04-08T17:13:35.007+0800][56077.981s] GC(317)   Other: 0.2ms
[2024-04-08T17:13:35.007+0800][56077.981s] GC(317) Eden regions: 305->0(305)
[2024-04-08T17:13:35.007+0800][56077.981s] GC(317) Survivor regions: 2->2(39)
[2024-04-08T17:13:35.007+0800][56077.981s] GC(317) Old regions: 53->53
[2024-04-08T17:13:35.007+0800][56077.981s] GC(317) Humongous regions: 4->4
[2024-04-08T17:13:35.007+0800][56077.981s] GC(317) Metaspace: 67387K(68224K)->67387K(68224K) NonClass: 59855K(60288K)->59855K(60288K) Class: 7531K(7936K)->7531K(7936K)
[2024-04-08T17:13:35.007+0800][56077.981s] GC(317) Pause Young (Normal) (G1 Evacuation Pause) 363M->58M(512M) 3.912ms
[2024-04-08T17:13:35.007+0800][56077.982s] GC(317) User=0.00s Sys=0.00s Real=0.00s
[2024-04-08T17:13:36.308+0800][56079.283s] GC(318) Pause Young (Normal) (G1 Evacuation Pause)
[2024-04-08T17:13:36.308+0800][56079.283s] GC(318) Using 13 workers of 13 for evacuation
[2024-04-08T17:13:36.311+0800][56079.285s] GC(318)   Pre Evacuate Collection Set: 0.2ms
[2024-04-08T17:13:36.311+0800][56079.285s] GC(318)   Merge Heap Roots: 0.2ms
[2024-04-08T17:13:36.311+0800][56079.285s] GC(318)   Evacuate Collection Set: 1.6ms
[2024-04-08T17:13:36.311+0800][56079.285s] GC(318)   Post Evacuate Collection Set: 0.5ms
[2024-04-08T17:13:36.311+0800][56079.285s] GC(318)   Other: 0.1ms
[2024-04-08T17:13:36.311+0800][56079.285s] GC(318) Eden regions: 305->0(305)
[2024-04-08T17:13:36.311+0800][56079.285s] GC(318) Survivor regions: 2->2(39)
[2024-04-08T17:13:36.311+0800][56079.285s] GC(318) Old regions: 53->53
[2024-04-08T17:13:36.311+0800][56079.285s] GC(318) Humongous regions: 4->4
[2024-04-08T17:13:36.311+0800][56079.285s] GC(318) Metaspace: 67387K(68224K)->67387K(68224K) NonClass: 59855K(60288K)->59855K(60288K) Class: 7531K(7936K)->7531K(7936K)
[2024-04-08T17:13:36.311+0800][56079.285s] GC(318) Pause Young (Normal) (G1 Evacuation Pause) 363M->57M(512M) 2.733ms
[2024-04-08T17:13:36.311+0800][56079.285s] GC(318) User=0.00s Sys=0.00s Real=0.00s
[2024-04-08T17:13:37.678+0800][56080.653s] GC(319) Pause Young (Normal) (G1 Evacuation Pause)
[2024-04-08T17:13:37.678+0800][56080.653s] GC(319) Using 13 workers of 13 for evacuation
[2024-04-08T17:13:37.680+0800][56080.655s] GC(319)   Pre Evacuate Collection Set: 0.2ms
[2024-04-08T17:13:37.680+0800][56080.655s] GC(319)   Merge Heap Roots: 0.1ms
[2024-04-08T17:13:37.680+0800][56080.655s] GC(319)   Evacuate Collection Set: 1.5ms
[2024-04-08T17:13:37.680+0800][56080.655s] GC(319)   Post Evacuate Collection Set: 0.5ms
[2024-04-08T17:13:37.681+0800][56080.655s] GC(319)   Other: 0.1ms
[2024-04-08T17:13:37.681+0800][56080.655s] GC(319) Eden regions: 305->0(305)
[2024-04-08T17:13:37.681+0800][56080.655s] GC(319) Survivor regions: 2->2(39)
[2024-04-08T17:13:37.681+0800][56080.655s] GC(319) Old regions: 53->53
[2024-04-08T17:13:37.681+0800][56080.655s] GC(319) Humongous regions: 4->4
[2024-04-08T17:13:37.681+0800][56080.655s] GC(319) Metaspace: 67387K(68224K)->67387K(68224K) NonClass: 59855K(60288K)->59855K(60288K) Class: 7531K(7936K)->7531K(7936K)
[2024-04-08T17:13:37.681+0800][56080.655s] GC(319) Pause Young (Normal) (G1 Evacuation Pause) 362M->57M(512M) 2.558ms
[2024-04-08T17:13:37.681+0800][56080.655s] GC(319) User=0.00s Sys=0.00s Real=0.00s
[2024-04-08T17:13:39.040+0800][56082.015s] GC(320) Pause Young (Normal) (G1 Evacuation Pause)
[2024-04-08T17:13:39.040+0800][56082.015s] GC(320) Using 13 workers of 13 for evacuation
[2024-04-08T17:13:39.043+0800][56082.017s] GC(320)   Pre Evacuate Collection Set: 0.2ms
[2024-04-08T17:13:39.043+0800][56082.017s] GC(320)   Merge Heap Roots: 0.1ms
[2024-04-08T17:13:39.043+0800][56082.017s] GC(320)   Evacuate Collection Set: 1.4ms
[2024-04-08T17:13:39.043+0800][56082.017s] GC(320)   Post Evacuate Collection Set: 0.6ms
[2024-04-08T17:13:39.043+0800][56082.017s] GC(320)   Other: 0.1ms
[2024-04-08T17:13:39.043+0800][56082.017s] GC(320) Eden regions: 305->0(305)
[2024-04-08T17:13:39.043+0800][56082.017s] GC(320) Survivor regions: 2->2(39)
[2024-04-08T17:13:39.043+0800][56082.017s] GC(320) Old regions: 53->53
[2024-04-08T17:13:39.043+0800][56082.017s] GC(320) Humongous regions: 4->4
[2024-04-08T17:13:39.043+0800][56082.017s] GC(320) Metaspace: 67387K(68224K)->67387K(68224K) NonClass: 59855K(60288K)->59855K(60288K) Class: 7531K(7936K)->7531K(7936K)
[2024-04-08T17:13:39.043+0800][56082.017s] GC(320) Pause Young (Normal) (G1 Evacuation Pause) 362M->58M(512M) 2.645ms
[2024-04-08T17:13:39.043+0800][56082.017s] GC(320) User=0.00s Sys=0.02s Real=0.00s
[2024-04-08T17:13:40.392+0800][56083.367s] GC(321) Pause Young (Normal) (G1 Evacuation Pause)
[2024-04-08T17:13:40.393+0800][56083.367s] GC(321) Using 13 workers of 13 for evacuation
[2024-04-08T17:13:40.395+0800][56083.369s] GC(321)   Pre Evacuate Collection Set: 0.1ms
[2024-04-08T17:13:40.395+0800][56083.369s] GC(321)   Merge Heap Roots: 0.1ms
[2024-04-08T17:13:40.395+0800][56083.369s] GC(321)   Evacuate Collection Set: 1.3ms
[2024-04-08T17:13:40.395+0800][56083.369s] GC(321)   Post Evacuate Collection Set: 0.7ms
[2024-04-08T17:13:40.395+0800][56083.369s] GC(321)   Other: 0.1ms
[2024-04-08T17:13:40.395+0800][56083.369s] GC(321) Eden regions: 305->0(305)
[2024-04-08T17:13:40.395+0800][56083.369s] GC(321) Survivor regions: 2->2(39)
[2024-04-08T17:13:40.395+0800][56083.369s] GC(321) Old regions: 53->53
[2024-04-08T17:13:40.395+0800][56083.369s] GC(321) Humongous regions: 4->4
[2024-04-08T17:13:40.395+0800][56083.369s] GC(321) Metaspace: 67387K(68224K)->67387K(68224K) NonClass: 59855K(60288K)->59855K(60288K) Class: 7531K(7936K)->7531K(7936K)
[2024-04-08T17:13:40.395+0800][56083.369s] GC(321) Pause Young (Normal) (G1 Evacuation Pause) 363M->58M(512M) 2.637ms
[2024-04-08T17:13:40.395+0800][56083.369s] GC(321) User=0.00s Sys=0.00s Real=0.00s
[2024-04-08T17:13:41.665+0800][56084.640s] GC(322) Pause Young (Normal) (G1 Evacuation Pause)
[2024-04-08T17:13:41.666+0800][56084.640s] GC(322) Using 13 workers of 13 for evacuation
[2024-04-08T17:13:41.668+0800][56084.642s] GC(322)   Pre Evacuate Collection Set: 0.3ms
[2024-04-08T17:13:41.668+0800][56084.642s] GC(322)   Merge Heap Roots: 0.1ms
[2024-04-08T17:13:41.668+0800][56084.642s] GC(322)   Evacuate Collection Set: 1.4ms
[2024-04-08T17:13:41.668+0800][56084.642s] GC(322)   Post Evacuate Collection Set: 0.6ms
[2024-04-08T17:13:41.668+0800][56084.642s] GC(322)   Other: 0.1ms
[2024-04-08T17:13:41.668+0800][56084.642s] GC(322) Eden regions: 305->0(305)
[2024-04-08T17:13:41.668+0800][56084.642s] GC(322) Survivor regions: 2->2(39)
[2024-04-08T17:13:41.668+0800][56084.642s] GC(322) Old regions: 53->53
[2024-04-08T17:13:41.668+0800][56084.642s] GC(322) Humongous regions: 4->4
[2024-04-08T17:13:41.668+0800][56084.642s] GC(322) Metaspace: 67387K(68224K)->67387K(68224K) NonClass: 59855K(60288K)->59855K(60288K) Class: 7531K(7936K)->7531K(7936K)
[2024-04-08T17:13:41.668+0800][56084.642s] GC(322) Pause Young (Normal) (G1 Evacuation Pause) 363M->58M(512M) 2.589ms
[2024-04-08T17:13:41.668+0800][56084.642s] GC(322) User=0.00s Sys=0.02s Real=0.00s
[2024-04-08T17:13:42.955+0800][56085.929s] GC(323) Pause Young (Normal) (G1 Evacuation Pause)
[2024-04-08T17:13:42.955+0800][56085.929s] GC(323) Using 13 workers of 13 for evacuation
[2024-04-08T17:13:42.957+0800][56085.932s] GC(323)   Pre Evacuate Collection Set: 0.2ms
[2024-04-08T17:13:42.957+0800][56085.932s] GC(323)   Merge Heap Roots: 0.1ms
[2024-04-08T17:13:42.957+0800][56085.932s] GC(323)   Evacuate Collection Set: 1.6ms
[2024-04-08T17:13:42.957+0800][56085.932s] GC(323)   Post Evacuate Collection Set: 0.7ms
[2024-04-08T17:13:42.957+0800][56085.932s] GC(323)   Other: 0.1ms
[2024-04-08T17:13:42.957+0800][56085.932s] GC(323) Eden regions: 305->0(305)
[2024-04-08T17:13:42.957+0800][56085.932s] GC(323) Survivor regions: 2->2(39)
[2024-04-08T17:13:42.957+0800][56085.932s] GC(323) Old regions: 53->53
[2024-04-08T17:13:42.957+0800][56085.932s] GC(323) Humongous regions: 4->4
[2024-04-08T17:13:42.957+0800][56085.932s] GC(323) Metaspace: 67387K(68224K)->67387K(68224K) NonClass: 59856K(60288K)->59856K(60288K) Class: 7531K(7936K)->7531K(7936K)
[2024-04-08T17:13:42.957+0800][56085.932s] GC(323) Pause Young (Normal) (G1 Evacuation Pause) 363M->58M(512M) 2.877ms
[2024-04-08T17:13:42.957+0800][56085.932s] GC(323) User=0.00s Sys=0.00s Real=0.00s
[2024-04-08T17:13:44.291+0800][56087.266s] GC(324) Pause Young (Normal) (G1 Evacuation Pause)
[2024-04-08T17:13:44.292+0800][56087.266s] GC(324) Using 13 workers of 13 for evacuation
[2024-04-08T17:13:44.294+0800][56087.269s] GC(324)   Pre Evacuate Collection Set: 0.1ms
[2024-04-08T17:13:44.294+0800][56087.269s] GC(324)   Merge Heap Roots: 0.1ms
[2024-04-08T17:13:44.294+0800][56087.269s] GC(324)   Evacuate Collection Set: 1.6ms
[2024-04-08T17:13:44.294+0800][56087.269s] GC(324)   Post Evacuate Collection Set: 0.4ms
[2024-04-08T17:13:44.294+0800][56087.269s] GC(324)   Other: 0.1ms
[2024-04-08T17:13:44.294+0800][56087.269s] GC(324) Eden regions: 305->0(305)
[2024-04-08T17:13:44.294+0800][56087.269s] GC(324) Survivor regions: 2->2(39)
[2024-04-08T17:13:44.294+0800][56087.269s] GC(324) Old regions: 53->53
[2024-04-08T17:13:44.294+0800][56087.269s] GC(324) Humongous regions: 4->4
[2024-04-08T17:13:44.294+0800][56087.269s] GC(324) Metaspace: 67387K(68224K)->67387K(68224K) NonClass: 59856K(60288K)->59856K(60288K) Class: 7531K(7936K)->7531K(7936K)
[2024-04-08T17:13:44.294+0800][56087.269s] GC(324) Pause Young (Normal) (G1 Evacuation Pause) 363M->57M(512M) 2.605ms
[2024-04-08T17:13:44.294+0800][56087.269s] GC(324) User=0.00s Sys=0.00s Real=0.00s
[2024-04-08T17:13:45.616+0800][56088.591s] GC(325) Pause Young (Normal) (G1 Evacuation Pause)
[2024-04-08T17:13:45.616+0800][56088.591s] GC(325) Using 13 workers of 13 for evacuation
[2024-04-08T17:13:45.619+0800][56088.594s] GC(325)   Pre Evacuate Collection Set: 0.2ms
[2024-04-08T17:13:45.619+0800][56088.594s] GC(325)   Merge Heap Roots: 0.2ms
[2024-04-08T17:13:45.619+0800][56088.594s] GC(325)   Evacuate Collection Set: 1.6ms
[2024-04-08T17:13:45.619+0800][56088.594s] GC(325)   Post Evacuate Collection Set: 0.6ms
[2024-04-08T17:13:45.619+0800][56088.594s] GC(325)   Other: 0.1ms
[2024-04-08T17:13:45.619+0800][56088.594s] GC(325) Eden regions: 305->0(304)
[2024-04-08T17:13:45.619+0800][56088.594s] GC(325) Survivor regions: 2->3(39)
[2024-04-08T17:13:45.619+0800][56088.594s] GC(325) Old regions: 53->53
[2024-04-08T17:13:45.619+0800][56088.594s] GC(325) Humongous regions: 4->4
[2024-04-08T17:13:45.619+0800][56088.594s] GC(325) Metaspace: 67387K(68224K)->67387K(68224K) NonClass: 59856K(60288K)->59856K(60288K) Class: 7531K(7936K)->7531K(7936K)
[2024-04-08T17:13:45.619+0800][56088.594s] GC(325) Pause Young (Normal) (G1 Evacuation Pause) 362M->58M(512M) 2.862ms
[2024-04-08T17:13:45.619+0800][56088.594s] GC(325) User=0.00s Sys=0.02s Real=0.00s
[2024-04-08T17:13:46.944+0800][56089.919s] GC(326) Pause Young (Normal) (G1 Evacuation Pause)
[2024-04-08T17:13:46.944+0800][56089.919s] GC(326) Using 13 workers of 13 for evacuation
[2024-04-08T17:13:46.946+0800][56089.921s] GC(326)   Pre Evacuate Collection Set: 0.2ms
[2024-04-08T17:13:46.946+0800][56089.921s] GC(326)   Merge Heap Roots: 0.1ms
[2024-04-08T17:13:46.946+0800][56089.921s] GC(326)   Evacuate Collection Set: 1.4ms
[2024-04-08T17:13:46.946+0800][56089.921s] GC(326)   Post Evacuate Collection Set: 0.5ms
[2024-04-08T17:13:46.946+0800][56089.921s] GC(326)   Other: 0.1ms
[2024-04-08T17:13:46.946+0800][56089.921s] GC(326) Eden regions: 304->0(305)
[2024-04-08T17:13:46.946+0800][56089.921s] GC(326) Survivor regions: 3->2(39)
[2024-04-08T17:13:46.946+0800][56089.921s] GC(326) Old regions: 53->53
[2024-04-08T17:13:46.946+0800][56089.921s] GC(326) Humongous regions: 4->4
[2024-04-08T17:13:46.946+0800][56089.921s] GC(326) Metaspace: 67387K(68224K)->67387K(68224K) NonClass: 59856K(60288K)->59856K(60288K) Class: 7531K(7936K)->7531K(7936K)
[2024-04-08T17:13:46.947+0800][56089.921s] GC(326) Pause Young (Normal) (G1 Evacuation Pause) 362M->58M(512M) 2.580ms
[2024-04-08T17:13:46.947+0800][56089.921s] GC(326) User=0.00s Sys=0.02s Real=0.00s
[2024-04-08T17:13:48.242+0800][56091.216s] GC(327) Pause Young (Normal) (G1 Evacuation Pause)
[2024-04-08T17:13:48.242+0800][56091.216s] GC(327) Using 13 workers of 13 for evacuation
[2024-04-08T17:13:48.244+0800][56091.219s] GC(327)   Pre Evacuate Collection Set: 0.2ms
[2024-04-08T17:13:48.244+0800][56091.219s] GC(327)   Merge Heap Roots: 0.2ms
[2024-04-08T17:13:48.244+0800][56091.219s] GC(327)   Evacuate Collection Set: 1.4ms
[2024-04-08T17:13:48.244+0800][56091.219s] GC(327)   Post Evacuate Collection Set: 0.6ms
[2024-04-08T17:13:48.244+0800][56091.219s] GC(327)   Other: 0.1ms
[2024-04-08T17:13:48.244+0800][56091.219s] GC(327) Eden regions: 305->0(305)
[2024-04-08T17:13:48.244+0800][56091.219s] GC(327) Survivor regions: 2->2(39)
[2024-04-08T17:13:48.244+0800][56091.219s] GC(327) Old regions: 53->53
[2024-04-08T17:13:48.244+0800][56091.219s] GC(327) Humongous regions: 4->4
[2024-04-08T17:13:48.244+0800][56091.219s] GC(327) Metaspace: 67388K(68224K)->67388K(68224K) NonClass: 59856K(60288K)->59856K(60288K) Class: 7532K(7936K)->7532K(7936K)
[2024-04-08T17:13:48.244+0800][56091.219s] GC(327) Pause Young (Normal) (G1 Evacuation Pause) 363M->58M(512M) 2.696ms
[2024-04-08T17:13:48.244+0800][56091.219s] GC(327) User=0.02s Sys=0.02s Real=0.00s
[2024-04-08T17:13:49.585+0800][56092.560s] GC(328) Pause Young (Normal) (G1 Evacuation Pause)
[2024-04-08T17:13:49.585+0800][56092.560s] GC(328) Using 13 workers of 13 for evacuation
[2024-04-08T17:13:49.588+0800][56092.563s] GC(328)   Pre Evacuate Collection Set: 0.2ms
[2024-04-08T17:13:49.588+0800][56092.563s] GC(328)   Merge Heap Roots: 0.1ms
[2024-04-08T17:13:49.588+0800][56092.563s] GC(328)   Evacuate Collection Set: 1.7ms
[2024-04-08T17:13:49.588+0800][56092.563s] GC(328)   Post Evacuate Collection Set: 0.6ms
[2024-04-08T17:13:49.588+0800][56092.563s] GC(328)   Other: 0.1ms
[2024-04-08T17:13:49.588+0800][56092.563s] GC(328) Eden regions: 305->0(305)
[2024-04-08T17:13:49.588+0800][56092.563s] GC(328) Survivor regions: 2->2(39)
[2024-04-08T17:13:49.588+0800][56092.563s] GC(328) Old regions: 53->53
[2024-04-08T17:13:49.588+0800][56092.563s] GC(328) Humongous regions: 4->4
[2024-04-08T17:13:49.588+0800][56092.563s] GC(328) Metaspace: 67388K(68224K)->67388K(68224K) NonClass: 59856K(60288K)->59856K(60288K) Class: 7532K(7936K)->7532K(7936K)
[2024-04-08T17:13:49.588+0800][56092.563s] GC(328) Pause Young (Normal) (G1 Evacuation Pause) 363M->58M(512M) 2.931ms
[2024-04-08T17:13:49.588+0800][56092.563s] GC(328) User=0.02s Sys=0.02s Real=0.00s
[2024-04-08T17:13:50.921+0800][56093.895s] GC(329) Pause Young (Normal) (G1 Evacuation Pause)
[2024-04-08T17:13:50.921+0800][56093.895s] GC(329) Using 13 workers of 13 for evacuation
[2024-04-08T17:13:50.923+0800][56093.898s] GC(329)   Pre Evacuate Collection Set: 0.1ms
[2024-04-08T17:13:50.923+0800][56093.898s] GC(329)   Merge Heap Roots: 0.1ms
[2024-04-08T17:13:50.923+0800][56093.898s] GC(329)   Evacuate Collection Set: 1.7ms
[2024-04-08T17:13:50.923+0800][56093.898s] GC(329)   Post Evacuate Collection Set: 0.6ms
[2024-04-08T17:13:50.923+0800][56093.898s] GC(329)   Other: 0.1ms
[2024-04-08T17:13:50.923+0800][56093.898s] GC(329) Eden regions: 305->0(304)
[2024-04-08T17:13:50.923+0800][56093.898s] GC(329) Survivor regions: 2->3(39)
[2024-04-08T17:13:50.923+0800][56093.898s] GC(329) Old regions: 53->53
[2024-04-08T17:13:50.923+0800][56093.898s] GC(329) Humongous regions: 4->4
[2024-04-08T17:13:50.923+0800][56093.898s] GC(329) Metaspace: 67388K(68224K)->67388K(68224K) NonClass: 59856K(60288K)->59856K(60288K) Class: 7532K(7936K)->7532K(7936K)
[2024-04-08T17:13:50.923+0800][56093.898s] GC(329) Pause Young (Normal) (G1 Evacuation Pause) 363M->59M(512M) 2.819ms
[2024-04-08T17:13:50.923+0800][56093.898s] GC(329) User=0.00s Sys=0.00s Real=0.00s
[2024-04-08T17:13:52.151+0800][56095.126s] GC(330) Pause Young (Normal) (G1 Evacuation Pause)
[2024-04-08T17:13:52.151+0800][56095.126s] GC(330) Using 13 workers of 13 for evacuation
[2024-04-08T17:13:52.153+0800][56095.128s] GC(330)   Pre Evacuate Collection Set: 0.1ms
[2024-04-08T17:13:52.153+0800][56095.128s] GC(330)   Merge Heap Roots: 0.1ms
[2024-04-08T17:13:52.153+0800][56095.128s] GC(330)   Evacuate Collection Set: 1.3ms
[2024-04-08T17:13:52.153+0800][56095.128s] GC(330)   Post Evacuate Collection Set: 0.5ms
[2024-04-08T17:13:52.153+0800][56095.128s] GC(330)   Other: 0.1ms
[2024-04-08T17:13:52.153+0800][56095.128s] GC(330) Eden regions: 304->0(305)
[2024-04-08T17:13:52.154+0800][56095.128s] GC(330) Survivor regions: 3->2(39)
[2024-04-08T17:13:52.154+0800][56095.128s] GC(330) Old regions: 53->53
[2024-04-08T17:13:52.154+0800][56095.128s] GC(330) Humongous regions: 4->4
[2024-04-08T17:13:52.154+0800][56095.128s] GC(330) Metaspace: 67388K(68224K)->67388K(68224K) NonClass: 59856K(60288K)->59856K(60288K) Class: 7532K(7936K)->7532K(7936K)
[2024-04-08T17:13:52.154+0800][56095.128s] GC(330) Pause Young (Normal) (G1 Evacuation Pause) 363M->57M(512M) 2.320ms
[2024-04-08T17:13:52.154+0800][56095.128s] GC(330) User=0.00s Sys=0.00s Real=0.00s
[2024-04-08T17:13:53.498+0800][56096.472s] GC(331) Pause Young (Normal) (G1 Evacuation Pause)
[2024-04-08T17:13:53.498+0800][56096.472s] GC(331) Using 13 workers of 13 for evacuation
[2024-04-08T17:13:53.500+0800][56096.474s] GC(331)   Pre Evacuate Collection Set: 0.2ms
[2024-04-08T17:13:53.500+0800][56096.474s] GC(331)   Merge Heap Roots: 0.1ms
[2024-04-08T17:13:53.500+0800][56096.474s] GC(331)   Evacuate Collection Set: 1.3ms
[2024-04-08T17:13:53.500+0800][56096.474s] GC(331)   Post Evacuate Collection Set: 0.6ms
[2024-04-08T17:13:53.500+0800][56096.474s] GC(331)   Other: 0.1ms
[2024-04-08T17:13:53.500+0800][56096.474s] GC(331) Eden regions: 305->0(305)
[2024-04-08T17:13:53.500+0800][56096.474s] GC(331) Survivor regions: 2->2(39)
[2024-04-08T17:13:53.500+0800][56096.474s] GC(331) Old regions: 53->53
[2024-04-08T17:13:53.500+0800][56096.474s] GC(331) Humongous regions: 4->4
[2024-04-08T17:13:53.500+0800][56096.474s] GC(331) Metaspace: 67388K(68224K)->67388K(68224K) NonClass: 59856K(60288K)->59856K(60288K) Class: 7532K(7936K)->7532K(7936K)
[2024-04-08T17:13:53.500+0800][56096.474s] GC(331) Pause Young (Normal) (G1 Evacuation Pause) 362M->58M(512M) 2.452ms
[2024-04-08T17:13:53.500+0800][56096.474s] GC(331) User=0.00s Sys=0.00s Real=0.00s
[2024-04-08T17:13:54.793+0800][56097.767s] GC(332) Pause Young (Normal) (G1 Evacuation Pause)
[2024-04-08T17:13:54.793+0800][56097.768s] GC(332) Using 13 workers of 13 for evacuation
[2024-04-08T17:13:54.795+0800][56097.770s] GC(332)   Pre Evacuate Collection Set: 0.1ms
[2024-04-08T17:13:54.795+0800][56097.770s] GC(332)   Merge Heap Roots: 0.1ms
[2024-04-08T17:13:54.795+0800][56097.770s] GC(332)   Evacuate Collection Set: 1.4ms
[2024-04-08T17:13:54.795+0800][56097.770s] GC(332)   Post Evacuate Collection Set: 0.5ms
[2024-04-08T17:13:54.795+0800][56097.770s] GC(332)   Other: 0.1ms
[2024-04-08T17:13:54.795+0800][56097.770s] GC(332) Eden regions: 305->0(305)
[2024-04-08T17:13:54.795+0800][56097.770s] GC(332) Survivor regions: 2->2(39)
[2024-04-08T17:13:54.795+0800][56097.770s] GC(332) Old regions: 53->53
[2024-04-08T17:13:54.795+0800][56097.770s] GC(332) Humongous regions: 4->4
[2024-04-08T17:13:54.795+0800][56097.770s] GC(332) Metaspace: 67388K(68224K)->67388K(68224K) NonClass: 59856K(60288K)->59856K(60288K) Class: 7532K(7936K)->7532K(7936K)
[2024-04-08T17:13:54.795+0800][56097.770s] GC(332) Pause Young (Normal) (G1 Evacuation Pause) 363M->58M(512M) 2.616ms
[2024-04-08T17:13:54.795+0800][56097.770s] GC(332) User=0.00s Sys=0.00s Real=0.00s
[2024-04-08T17:13:56.140+0800][56099.114s] GC(333) Pause Young (Normal) (G1 Evacuation Pause)
[2024-04-08T17:13:56.140+0800][56099.114s] GC(333) Using 13 workers of 13 for evacuation
[2024-04-08T17:13:56.142+0800][56099.116s] GC(333)   Pre Evacuate Collection Set: 0.1ms
[2024-04-08T17:13:56.142+0800][56099.116s] GC(333)   Merge Heap Roots: 0.1ms
[2024-04-08T17:13:56.142+0800][56099.116s] GC(333)   Evacuate Collection Set: 1.2ms
[2024-04-08T17:13:56.142+0800][56099.116s] GC(333)   Post Evacuate Collection Set: 0.4ms
[2024-04-08T17:13:56.142+0800][56099.116s] GC(333)   Other: 0.1ms
[2024-04-08T17:13:56.142+0800][56099.116s] GC(333) Eden regions: 305->0(305)
[2024-04-08T17:13:56.142+0800][56099.116s] GC(333) Survivor regions: 2->2(39)
[2024-04-08T17:13:56.142+0800][56099.116s] GC(333) Old regions: 53->53
[2024-04-08T17:13:56.142+0800][56099.116s] GC(333) Humongous regions: 4->4
[2024-04-08T17:13:56.142+0800][56099.116s] GC(333) Metaspace: 67388K(68224K)->67388K(68224K) NonClass: 59856K(60288K)->59856K(60288K) Class: 7532K(7936K)->7532K(7936K)
[2024-04-08T17:13:56.142+0800][56099.116s] GC(333) Pause Young (Normal) (G1 Evacuation Pause) 363M->58M(512M) 2.146ms
[2024-04-08T17:13:56.142+0800][56099.116s] GC(333) User=0.00s Sys=0.00s Real=0.00s
[2024-04-08T17:13:57.489+0800][56100.464s] GC(334) Pause Young (Normal) (G1 Evacuation Pause)
[2024-04-08T17:13:57.489+0800][56100.464s] GC(334) Using 13 workers of 13 for evacuation
[2024-04-08T17:13:57.491+0800][56100.466s] GC(334)   Pre Evacuate Collection Set: 0.2ms
[2024-04-08T17:13:57.491+0800][56100.466s] GC(334)   Merge Heap Roots: 0.1ms
[2024-04-08T17:13:57.491+0800][56100.466s] GC(334)   Evacuate Collection Set: 1.3ms
[2024-04-08T17:13:57.491+0800][56100.466s] GC(334)   Post Evacuate Collection Set: 0.5ms
[2024-04-08T17:13:57.491+0800][56100.466s] GC(334)   Other: 0.1ms
[2024-04-08T17:13:57.491+0800][56100.466s] GC(334) Eden regions: 305->0(305)
[2024-04-08T17:13:57.491+0800][56100.466s] GC(334) Survivor regions: 2->2(39)
[2024-04-08T17:13:57.491+0800][56100.466s] GC(334) Old regions: 53->53
[2024-04-08T17:13:57.491+0800][56100.466s] GC(334) Humongous regions: 4->4
[2024-04-08T17:13:57.491+0800][56100.466s] GC(334) Metaspace: 67388K(68224K)->67388K(68224K) NonClass: 59856K(60288K)->59856K(60288K) Class: 7532K(7936K)->7532K(7936K)
[2024-04-08T17:13:57.491+0800][56100.466s] GC(334) Pause Young (Normal) (G1 Evacuation Pause) 363M->58M(512M) 2.468ms
[2024-04-08T17:13:57.491+0800][56100.466s] GC(334) User=0.00s Sys=0.00s Real=0.00s
[2024-04-08T17:13:58.773+0800][56101.748s] GC(335) Pause Young (Normal) (G1 Evacuation Pause)
[2024-04-08T17:13:58.773+0800][56101.748s] GC(335) Using 13 workers of 13 for evacuation
[2024-04-08T17:13:58.775+0800][56101.749s] GC(335)   Pre Evacuate Collection Set: 0.2ms
[2024-04-08T17:13:58.775+0800][56101.749s] GC(335)   Merge Heap Roots: 0.1ms
[2024-04-08T17:13:58.775+0800][56101.749s] GC(335)   Evacuate Collection Set: 0.7ms
[2024-04-08T17:13:58.775+0800][56101.750s] GC(335)   Post Evacuate Collection Set: 0.7ms
[2024-04-08T17:13:58.775+0800][56101.750s] GC(335)   Other: 0.1ms
[2024-04-08T17:13:58.775+0800][56101.750s] GC(335) Eden regions: 305->0(305)
[2024-04-08T17:13:58.775+0800][56101.750s] GC(335) Survivor regions: 2->2(39)
[2024-04-08T17:13:58.775+0800][56101.750s] GC(335) Old regions: 53->53
[2024-04-08T17:13:58.775+0800][56101.750s] GC(335) Humongous regions: 4->4
[2024-04-08T17:13:58.775+0800][56101.750s] GC(335) Metaspace: 67388K(68224K)->67388K(68224K) NonClass: 59856K(60288K)->59856K(60288K) Class: 7532K(7936K)->7532K(7936K)
[2024-04-08T17:13:58.775+0800][56101.750s] GC(335) Pause Young (Normal) (G1 Evacuation Pause) 363M->58M(512M) 1.952ms
[2024-04-08T17:13:58.775+0800][56101.750s] GC(335) User=0.00s Sys=0.00s Real=0.00s
[2024-04-08T17:14:00.124+0800][56103.098s] GC(336) Pause Young (Normal) (G1 Evacuation Pause)
[2024-04-08T17:14:00.124+0800][56103.098s] GC(336) Using 13 workers of 13 for evacuation
[2024-04-08T17:14:00.126+0800][56103.101s] GC(336)   Pre Evacuate Collection Set: 0.2ms
[2024-04-08T17:14:00.126+0800][56103.101s] GC(336)   Merge Heap Roots: 0.1ms
[2024-04-08T17:14:00.126+0800][56103.101s] GC(336)   Evacuate Collection Set: 1.4ms
[2024-04-08T17:14:00.127+0800][56103.101s] GC(336)   Post Evacuate Collection Set: 0.5ms
[2024-04-08T17:14:00.127+0800][56103.101s] GC(336)   Other: 0.1ms
[2024-04-08T17:14:00.127+0800][56103.101s] GC(336) Eden regions: 305->0(305)
[2024-04-08T17:14:00.127+0800][56103.101s] GC(336) Survivor regions: 2->2(39)
[2024-04-08T17:14:00.127+0800][56103.101s] GC(336) Old regions: 53->54
[2024-04-08T17:14:00.127+0800][56103.101s] GC(336) Humongous regions: 4->4
[2024-04-08T17:14:00.127+0800][56103.101s] GC(336) Metaspace: 67388K(68224K)->67388K(68224K) NonClass: 59856K(60288K)->59856K(60288K) Class: 7532K(7936K)->7532K(7936K)
[2024-04-08T17:14:00.127+0800][56103.101s] GC(336) Pause Young (Normal) (G1 Evacuation Pause) 363M->58M(512M) 2.511ms
[2024-04-08T17:14:00.127+0800][56103.101s] GC(336) User=0.00s Sys=0.00s Real=0.00s
[2024-04-08T17:14:01.420+0800][56104.395s] GC(337) Pause Young (Normal) (G1 Evacuation Pause)
[2024-04-08T17:14:01.420+0800][56104.395s] GC(337) Using 13 workers of 13 for evacuation
[2024-04-08T17:14:01.423+0800][56104.397s] GC(337)   Pre Evacuate Collection Set: 0.2ms
[2024-04-08T17:14:01.423+0800][56104.397s] GC(337)   Merge Heap Roots: 0.2ms
[2024-04-08T17:14:01.423+0800][56104.397s] GC(337)   Evacuate Collection Set: 1.4ms
[2024-04-08T17:14:01.423+0800][56104.397s] GC(337)   Post Evacuate Collection Set: 0.5ms
[2024-04-08T17:14:01.423+0800][56104.397s] GC(337)   Other: 0.1ms
[2024-04-08T17:14:01.423+0800][56104.397s] GC(337) Eden regions: 305->0(305)
[2024-04-08T17:14:01.423+0800][56104.397s] GC(337) Survivor regions: 2->2(39)
[2024-04-08T17:14:01.423+0800][56104.397s] GC(337) Old regions: 54->54
[2024-04-08T17:14:01.423+0800][56104.397s] GC(337) Humongous regions: 4->4
[2024-04-08T17:14:01.423+0800][56104.397s] GC(337) Metaspace: 67388K(68224K)->67388K(68224K) NonClass: 59856K(60288K)->59856K(60288K) Class: 7532K(7936K)->7532K(7936K)
[2024-04-08T17:14:01.423+0800][56104.397s] GC(337) Pause Young (Normal) (G1 Evacuation Pause) 363M->58M(512M) 2.532ms
[2024-04-08T17:14:01.423+0800][56104.397s] GC(337) User=0.00s Sys=0.00s Real=0.00s
[2024-04-08T17:14:02.760+0800][56105.735s] GC(338) Pause Young (Normal) (G1 Evacuation Pause)
[2024-04-08T17:14:02.760+0800][56105.735s] GC(338) Using 13 workers of 13 for evacuation
[2024-04-08T17:14:02.763+0800][56105.738s] GC(338)   Pre Evacuate Collection Set: 0.2ms
[2024-04-08T17:14:02.763+0800][56105.738s] GC(338)   Merge Heap Roots: 0.1ms
[2024-04-08T17:14:02.763+0800][56105.738s] GC(338)   Evacuate Collection Set: 1.7ms
[2024-04-08T17:14:02.763+0800][56105.738s] GC(338)   Post Evacuate Collection Set: 0.6ms
[2024-04-08T17:14:02.763+0800][56105.738s] GC(338)   Other: 0.1ms
[2024-04-08T17:14:02.763+0800][56105.738s] GC(338) Eden regions: 305->0(304)
[2024-04-08T17:14:02.763+0800][56105.738s] GC(338) Survivor regions: 2->3(39)
[2024-04-08T17:14:02.763+0800][56105.738s] GC(338) Old regions: 54->54
[2024-04-08T17:14:02.763+0800][56105.738s] GC(338) Humongous regions: 4->4
[2024-04-08T17:14:02.763+0800][56105.738s] GC(338) Metaspace: 67388K(68224K)->67388K(68224K) NonClass: 59856K(60288K)->59856K(60288K) Class: 7532K(7936K)->7532K(7936K)
[2024-04-08T17:14:02.763+0800][56105.738s] GC(338) Pause Young (Normal) (G1 Evacuation Pause) 363M->59M(512M) 2.907ms
[2024-04-08T17:14:02.763+0800][56105.738s] GC(338) User=0.00s Sys=0.00s Real=0.00s
[2024-04-08T17:14:04.042+0800][56107.016s] GC(339) Pause Young (Normal) (G1 Evacuation Pause)
[2024-04-08T17:14:04.042+0800][56107.016s] GC(339) Using 13 workers of 13 for evacuation
[2024-04-08T17:14:04.044+0800][56107.018s] GC(339)   Pre Evacuate Collection Set: 0.2ms
[2024-04-08T17:14:04.044+0800][56107.018s] GC(339)   Merge Heap Roots: 0.1ms
[2024-04-08T17:14:04.044+0800][56107.018s] GC(339)   Evacuate Collection Set: 1.3ms
[2024-04-08T17:14:04.044+0800][56107.018s] GC(339)   Post Evacuate Collection Set: 0.4ms
[2024-04-08T17:14:04.044+0800][56107.018s] GC(339)   Other: 0.1ms
[2024-04-08T17:14:04.044+0800][56107.018s] GC(339) Eden regions: 304->0(305)
[2024-04-08T17:14:04.044+0800][56107.018s] GC(339) Survivor regions: 3->2(39)
[2024-04-08T17:14:04.044+0800][56107.018s] GC(339) Old regions: 54->54
[2024-04-08T17:14:04.044+0800][56107.018s] GC(339) Humongous regions: 4->4
[2024-04-08T17:14:04.044+0800][56107.018s] GC(339) Metaspace: 67388K(68224K)->67388K(68224K) NonClass: 59856K(60288K)->59856K(60288K) Class: 7532K(7936K)->7532K(7936K)
[2024-04-08T17:14:04.044+0800][56107.018s] GC(339) Pause Young (Normal) (G1 Evacuation Pause) 363M->58M(512M) 2.239ms
[2024-04-08T17:14:04.044+0800][56107.018s] GC(339) User=0.00s Sys=0.00s Real=0.00s
[2024-04-08T17:14:05.380+0800][56108.354s] GC(340) Pause Young (Normal) (G1 Evacuation Pause)
[2024-04-08T17:14:05.380+0800][56108.354s] GC(340) Using 13 workers of 13 for evacuation
[2024-04-08T17:14:05.383+0800][56108.357s] GC(340)   Pre Evacuate Collection Set: 0.2ms
[2024-04-08T17:14:05.383+0800][56108.357s] GC(340)   Merge Heap Roots: 0.1ms
[2024-04-08T17:14:05.383+0800][56108.357s] GC(340)   Evacuate Collection Set: 1.8ms
[2024-04-08T17:14:05.383+0800][56108.357s] GC(340)   Post Evacuate Collection Set: 0.5ms
[2024-04-08T17:14:05.383+0800][56108.357s] GC(340)   Other: 0.1ms
[2024-04-08T17:14:05.383+0800][56108.357s] GC(340) Eden regions: 305->0(305)
[2024-04-08T17:14:05.383+0800][56108.357s] GC(340) Survivor regions: 2->2(39)
[2024-04-08T17:14:05.383+0800][56108.357s] GC(340) Old regions: 54->54
[2024-04-08T17:14:05.383+0800][56108.357s] GC(340) Humongous regions: 4->4
[2024-04-08T17:14:05.383+0800][56108.357s] GC(340) Metaspace: 67388K(68224K)->67388K(68224K) NonClass: 59856K(60288K)->59856K(60288K) Class: 7532K(7936K)->7532K(7936K)
[2024-04-08T17:14:05.383+0800][56108.357s] GC(340) Pause Young (Normal) (G1 Evacuation Pause) 363M->58M(512M) 2.903ms
[2024-04-08T17:14:05.383+0800][56108.357s] GC(340) User=0.00s Sys=0.00s Real=0.00s
[2024-04-08T17:14:06.668+0800][56109.643s] GC(341) Pause Young (Normal) (G1 Evacuation Pause)
[2024-04-08T17:14:06.668+0800][56109.643s] GC(341) Using 13 workers of 13 for evacuation
[2024-04-08T17:14:06.671+0800][56109.645s] GC(341)   Pre Evacuate Collection Set: 0.2ms
[2024-04-08T17:14:06.671+0800][56109.645s] GC(341)   Merge Heap Roots: 0.1ms
[2024-04-08T17:14:06.671+0800][56109.645s] GC(341)   Evacuate Collection Set: 1.4ms
[2024-04-08T17:14:06.671+0800][56109.645s] GC(341)   Post Evacuate Collection Set: 0.6ms
[2024-04-08T17:14:06.671+0800][56109.645s] GC(341)   Other: 0.1ms
[2024-04-08T17:14:06.671+0800][56109.645s] GC(341) Eden regions: 305->0(305)
[2024-04-08T17:14:06.671+0800][56109.645s] GC(341) Survivor regions: 2->2(39)
[2024-04-08T17:14:06.671+0800][56109.645s] GC(341) Old regions: 54->54
[2024-04-08T17:14:06.671+0800][56109.645s] GC(341) Humongous regions: 4->4
[2024-04-08T17:14:06.671+0800][56109.645s] GC(341) Metaspace: 67388K(68224K)->67388K(68224K) NonClass: 59856K(60288K)->59856K(60288K) Class: 7532K(7936K)->7532K(7936K)
[2024-04-08T17:14:06.671+0800][56109.645s] GC(341) Pause Young (Normal) (G1 Evacuation Pause) 363M->58M(512M) 2.652ms
[2024-04-08T17:14:06.671+0800][56109.645s] GC(341) User=0.00s Sys=0.00s Real=0.00s
[2024-04-08T17:14:07.970+0800][56110.944s] GC(342) Pause Young (Normal) (G1 Evacuation Pause)
[2024-04-08T17:14:07.970+0800][56110.944s] GC(342) Using 13 workers of 13 for evacuation
[2024-04-08T17:14:07.972+0800][56110.946s] GC(342)   Pre Evacuate Collection Set: 0.1ms
[2024-04-08T17:14:07.972+0800][56110.946s] GC(342)   Merge Heap Roots: 0.1ms
[2024-04-08T17:14:07.972+0800][56110.946s] GC(342)   Evacuate Collection Set: 1.4ms
[2024-04-08T17:14:07.972+0800][56110.947s] GC(342)   Post Evacuate Collection Set: 0.4ms
[2024-04-08T17:14:07.972+0800][56110.947s] GC(342)   Other: 0.1ms
[2024-04-08T17:14:07.972+0800][56110.947s] GC(342) Eden regions: 305->0(305)
[2024-04-08T17:14:07.972+0800][56110.947s] GC(342) Survivor regions: 2->2(39)
[2024-04-08T17:14:07.972+0800][56110.947s] GC(342) Old regions: 54->54
[2024-04-08T17:14:07.972+0800][56110.947s] GC(342) Humongous regions: 4->4
[2024-04-08T17:14:07.972+0800][56110.947s] GC(342) Metaspace: 67388K(68224K)->67388K(68224K) NonClass: 59856K(60288K)->59856K(60288K) Class: 7532K(7936K)->7532K(7936K)
[2024-04-08T17:14:07.972+0800][56110.947s] GC(342) Pause Young (Normal) (G1 Evacuation Pause) 363M->59M(512M) 2.413ms
[2024-04-08T17:14:07.973+0800][56110.947s] GC(342) User=0.00s Sys=0.00s Real=0.00s
[2024-04-08T17:14:09.315+0800][56112.290s] GC(343) Pause Young (Normal) (G1 Evacuation Pause)
[2024-04-08T17:14:09.316+0800][56112.290s] GC(343) Using 13 workers of 13 for evacuation
[2024-04-08T17:14:09.318+0800][56112.292s] GC(343)   Pre Evacuate Collection Set: 0.2ms
[2024-04-08T17:14:09.318+0800][56112.292s] GC(343)   Merge Heap Roots: 0.1ms
[2024-04-08T17:14:09.318+0800][56112.292s] GC(343)   Evacuate Collection Set: 1.2ms
[2024-04-08T17:14:09.318+0800][56112.292s] GC(343)   Post Evacuate Collection Set: 0.4ms
[2024-04-08T17:14:09.318+0800][56112.292s] GC(343)   Other: 0.1ms
[2024-04-08T17:14:09.318+0800][56112.292s] GC(343) Eden regions: 305->0(305)
[2024-04-08T17:14:09.318+0800][56112.292s] GC(343) Survivor regions: 2->2(39)
[2024-04-08T17:14:09.318+0800][56112.292s] GC(343) Old regions: 54->54
[2024-04-08T17:14:09.318+0800][56112.292s] GC(343) Humongous regions: 4->4
[2024-04-08T17:14:09.318+0800][56112.292s] GC(343) Metaspace: 67388K(68224K)->67388K(68224K) NonClass: 59856K(60288K)->59856K(60288K) Class: 7532K(7936K)->7532K(7936K)
[2024-04-08T17:14:09.318+0800][56112.292s] GC(343) Pause Young (Normal) (G1 Evacuation Pause) 364M->58M(512M) 2.199ms
[2024-04-08T17:14:09.318+0800][56112.292s] GC(343) User=0.00s Sys=0.00s Real=0.00s
[2024-04-08T17:14:10.619+0800][56113.593s] GC(344) Pause Young (Normal) (G1 Evacuation Pause)
[2024-04-08T17:14:10.619+0800][56113.593s] GC(344) Using 13 workers of 13 for evacuation
[2024-04-08T17:14:10.621+0800][56113.595s] GC(344)   Pre Evacuate Collection Set: 0.2ms
[2024-04-08T17:14:10.621+0800][56113.595s] GC(344)   Merge Heap Roots: 0.1ms
[2024-04-08T17:14:10.621+0800][56113.595s] GC(344)   Evacuate Collection Set: 1.4ms
[2024-04-08T17:14:10.621+0800][56113.595s] GC(344)   Post Evacuate Collection Set: 0.5ms
[2024-04-08T17:14:10.621+0800][56113.595s] GC(344)   Other: 0.1ms
[2024-04-08T17:14:10.621+0800][56113.595s] GC(344) Eden regions: 305->0(305)
[2024-04-08T17:14:10.621+0800][56113.595s] GC(344) Survivor regions: 2->2(39)
[2024-04-08T17:14:10.621+0800][56113.595s] GC(344) Old regions: 54->54
[2024-04-08T17:14:10.621+0800][56113.595s] GC(344) Humongous regions: 4->4
[2024-04-08T17:14:10.621+0800][56113.595s] GC(344) Metaspace: 67388K(68224K)->67388K(68224K) NonClass: 59856K(60288K)->59856K(60288K) Class: 7532K(7936K)->7532K(7936K)
[2024-04-08T17:14:10.621+0800][56113.595s] GC(344) Pause Young (Normal) (G1 Evacuation Pause) 363M->58M(512M) 2.507ms
[2024-04-08T17:14:10.621+0800][56113.595s] GC(344) User=0.00s Sys=0.00s Real=0.00s
[2024-04-08T17:14:11.905+0800][56114.880s] GC(345) Pause Young (Normal) (G1 Evacuation Pause)
[2024-04-08T17:14:11.906+0800][56114.880s] GC(345) Using 13 workers of 13 for evacuation
[2024-04-08T17:14:11.908+0800][56114.882s] GC(345)   Pre Evacuate Collection Set: 0.2ms
[2024-04-08T17:14:11.908+0800][56114.882s] GC(345)   Merge Heap Roots: 0.1ms
[2024-04-08T17:14:11.908+0800][56114.882s] GC(345)   Evacuate Collection Set: 1.3ms
[2024-04-08T17:14:11.908+0800][56114.882s] GC(345)   Post Evacuate Collection Set: 0.5ms
[2024-04-08T17:14:11.908+0800][56114.882s] GC(345)   Other: 0.1ms
[2024-04-08T17:14:11.908+0800][56114.882s] GC(345) Eden regions: 305->0(305)
[2024-04-08T17:14:11.908+0800][56114.882s] GC(345) Survivor regions: 2->2(39)
[2024-04-08T17:14:11.908+0800][56114.882s] GC(345) Old regions: 54->54
[2024-04-08T17:14:11.908+0800][56114.882s] GC(345) Humongous regions: 4->4
[2024-04-08T17:14:11.908+0800][56114.882s] GC(345) Metaspace: 67388K(68224K)->67388K(68224K) NonClass: 59856K(60288K)->59856K(60288K) Class: 7532K(7936K)->7532K(7936K)
[2024-04-08T17:14:11.908+0800][56114.882s] GC(345) Pause Young (Normal) (G1 Evacuation Pause) 363M->58M(512M) 2.331ms
[2024-04-08T17:14:11.908+0800][56114.882s] GC(345) User=0.00s Sys=0.00s Real=0.00s
[2024-04-08T17:14:13.173+0800][56116.148s] GC(346) Pause Young (Normal) (G1 Evacuation Pause)
[2024-04-08T17:14:13.173+0800][56116.148s] GC(346) Using 13 workers of 13 for evacuation
[2024-04-08T17:14:13.176+0800][56116.150s] GC(346)   Pre Evacuate Collection Set: 0.2ms
[2024-04-08T17:14:13.176+0800][56116.150s] GC(346)   Merge Heap Roots: 0.2ms
[2024-04-08T17:14:13.176+0800][56116.150s] GC(346)   Evacuate Collection Set: 1.3ms
[2024-04-08T17:14:13.176+0800][56116.150s] GC(346)   Post Evacuate Collection Set: 0.6ms
[2024-04-08T17:14:13.176+0800][56116.150s] GC(346)   Other: 0.1ms
[2024-04-08T17:14:13.176+0800][56116.150s] GC(346) Eden regions: 305->0(305)
[2024-04-08T17:14:13.176+0800][56116.150s] GC(346) Survivor regions: 2->2(39)
[2024-04-08T17:14:13.176+0800][56116.150s] GC(346) Old regions: 54->54
[2024-04-08T17:14:13.176+0800][56116.150s] GC(346) Humongous regions: 4->4
[2024-04-08T17:14:13.176+0800][56116.150s] GC(346) Metaspace: 67388K(68224K)->67388K(68224K) NonClass: 59856K(60288K)->59856K(60288K) Class: 7532K(7936K)->7532K(7936K)
[2024-04-08T17:14:13.176+0800][56116.150s] GC(346) Pause Young (Normal) (G1 Evacuation Pause) 363M->58M(512M) 2.528ms
[2024-04-08T17:14:13.176+0800][56116.150s] GC(346) User=0.00s Sys=0.00s Real=0.00s
[2024-04-08T17:14:14.463+0800][56117.438s] GC(347) Pause Young (Normal) (G1 Evacuation Pause)
[2024-04-08T17:14:14.463+0800][56117.438s] GC(347) Using 13 workers of 13 for evacuation
[2024-04-08T17:14:14.466+0800][56117.440s] GC(347)   Pre Evacuate Collection Set: 0.2ms
[2024-04-08T17:14:14.466+0800][56117.440s] GC(347)   Merge Heap Roots: 0.1ms
[2024-04-08T17:14:14.466+0800][56117.440s] GC(347)   Evacuate Collection Set: 1.3ms
[2024-04-08T17:14:14.466+0800][56117.440s] GC(347)   Post Evacuate Collection Set: 0.5ms
[2024-04-08T17:14:14.466+0800][56117.440s] GC(347)   Other: 0.1ms
[2024-04-08T17:14:14.466+0800][56117.440s] GC(347) Eden regions: 305->0(305)
[2024-04-08T17:14:14.466+0800][56117.440s] GC(347) Survivor regions: 2->2(39)
[2024-04-08T17:14:14.466+0800][56117.440s] GC(347) Old regions: 54->54
[2024-04-08T17:14:14.466+0800][56117.440s] GC(347) Humongous regions: 4->4
[2024-04-08T17:14:14.466+0800][56117.440s] GC(347) Metaspace: 67388K(68224K)->67388K(68224K) NonClass: 59856K(60288K)->59856K(60288K) Class: 7532K(7936K)->7532K(7936K)
[2024-04-08T17:14:14.466+0800][56117.440s] GC(347) Pause Young (Normal) (G1 Evacuation Pause) 363M->59M(512M) 2.416ms
[2024-04-08T17:14:14.466+0800][56117.440s] GC(347) User=0.00s Sys=0.00s Real=0.00s
[2024-04-08T17:14:15.748+0800][56118.722s] GC(348) Pause Young (Normal) (G1 Evacuation Pause)
[2024-04-08T17:14:15.748+0800][56118.722s] GC(348) Using 13 workers of 13 for evacuation
[2024-04-08T17:14:15.750+0800][56118.725s] GC(348)   Pre Evacuate Collection Set: 0.2ms
[2024-04-08T17:14:15.750+0800][56118.725s] GC(348)   Merge Heap Roots: 0.1ms
[2024-04-08T17:14:15.750+0800][56118.725s] GC(348)   Evacuate Collection Set: 1.4ms
[2024-04-08T17:14:15.750+0800][56118.725s] GC(348)   Post Evacuate Collection Set: 0.6ms
[2024-04-08T17:14:15.750+0800][56118.725s] GC(348)   Other: 0.1ms
[2024-04-08T17:14:15.750+0800][56118.725s] GC(348) Eden regions: 305->0(305)
[2024-04-08T17:14:15.751+0800][56118.725s] GC(348) Survivor regions: 2->2(39)
[2024-04-08T17:14:15.751+0800][56118.725s] GC(348) Old regions: 54->54
[2024-04-08T17:14:15.751+0800][56118.725s] GC(348) Humongous regions: 4->4
[2024-04-08T17:14:15.751+0800][56118.725s] GC(348) Metaspace: 67388K(68224K)->67388K(68224K) NonClass: 59856K(60288K)->59856K(60288K) Class: 7532K(7936K)->7532K(7936K)
[2024-04-08T17:14:15.751+0800][56118.725s] GC(348) Pause Young (Normal) (G1 Evacuation Pause) 364M->58M(512M) 2.569ms
[2024-04-08T17:14:15.751+0800][56118.725s] GC(348) User=0.00s Sys=0.00s Real=0.00s
[2024-04-08T17:14:16.986+0800][56119.960s] GC(349) Pause Young (Normal) (G1 Evacuation Pause)
[2024-04-08T17:14:16.986+0800][56119.960s] GC(349) Using 13 workers of 13 for evacuation
[2024-04-08T17:14:16.988+0800][56119.962s] GC(349)   Pre Evacuate Collection Set: 0.2ms
[2024-04-08T17:14:16.988+0800][56119.962s] GC(349)   Merge Heap Roots: 0.1ms
[2024-04-08T17:14:16.988+0800][56119.962s] GC(349)   Evacuate Collection Set: 1.3ms
[2024-04-08T17:14:16.988+0800][56119.962s] GC(349)   Post Evacuate Collection Set: 0.5ms
[2024-04-08T17:14:16.988+0800][56119.962s] GC(349)   Other: 0.1ms
[2024-04-08T17:14:16.988+0800][56119.963s] GC(349) Eden regions: 305->0(305)
[2024-04-08T17:14:16.988+0800][56119.963s] GC(349) Survivor regions: 2->2(39)
[2024-04-08T17:14:16.988+0800][56119.963s] GC(349) Old regions: 54->54
[2024-04-08T17:14:16.988+0800][56119.963s] GC(349) Humongous regions: 4->4
[2024-04-08T17:14:16.988+0800][56119.963s] GC(349) Metaspace: 67389K(68224K)->67389K(68224K) NonClass: 59857K(60288K)->59857K(60288K) Class: 7532K(7936K)->7532K(7936K)
[2024-04-08T17:14:16.988+0800][56119.963s] GC(349) Pause Young (Normal) (G1 Evacuation Pause) 363M->58M(512M) 2.316ms
[2024-04-08T17:14:16.989+0800][56119.963s] GC(349) User=0.00s Sys=0.00s Real=0.00s
[2024-04-08T17:14:18.306+0800][56121.281s] GC(350) Pause Young (Normal) (G1 Evacuation Pause)
[2024-04-08T17:14:18.306+0800][56121.281s] GC(350) Using 13 workers of 13 for evacuation
[2024-04-08T17:14:18.309+0800][56121.283s] GC(350)   Pre Evacuate Collection Set: 0.2ms
[2024-04-08T17:14:18.309+0800][56121.283s] GC(350)   Merge Heap Roots: 0.1ms
[2024-04-08T17:14:18.309+0800][56121.283s] GC(350)   Evacuate Collection Set: 1.3ms
[2024-04-08T17:14:18.309+0800][56121.283s] GC(350)   Post Evacuate Collection Set: 0.6ms
[2024-04-08T17:14:18.309+0800][56121.283s] GC(350)   Other: 0.1ms
[2024-04-08T17:14:18.309+0800][56121.283s] GC(350) Eden regions: 305->0(305)
[2024-04-08T17:14:18.309+0800][56121.283s] GC(350) Survivor regions: 2->2(39)
[2024-04-08T17:14:18.309+0800][56121.283s] GC(350) Old regions: 54->54
[2024-04-08T17:14:18.309+0800][56121.283s] GC(350) Humongous regions: 4->4
[2024-04-08T17:14:18.309+0800][56121.283s] GC(350) Metaspace: 67389K(68224K)->67389K(68224K) NonClass: 59857K(60288K)->59857K(60288K) Class: 7532K(7936K)->7532K(7936K)
[2024-04-08T17:14:18.309+0800][56121.283s] GC(350) Pause Young (Normal) (G1 Evacuation Pause) 363M->58M(512M) 2.494ms
[2024-04-08T17:14:18.309+0800][56121.283s] GC(350) User=0.00s Sys=0.02s Real=0.00s
[2024-04-08T17:14:19.665+0800][56122.640s] GC(351) Pause Young (Normal) (G1 Evacuation Pause)
[2024-04-08T17:14:19.666+0800][56122.640s] GC(351) Using 13 workers of 13 for evacuation
[2024-04-08T17:14:19.669+0800][56122.643s] GC(351)   Pre Evacuate Collection Set: 0.2ms
[2024-04-08T17:14:19.669+0800][56122.643s] GC(351)   Merge Heap Roots: 0.1ms
[2024-04-08T17:14:19.669+0800][56122.643s] GC(351)   Evacuate Collection Set: 1.5ms
[2024-04-08T17:14:19.669+0800][56122.643s] GC(351)   Post Evacuate Collection Set: 1.4ms
[2024-04-08T17:14:19.669+0800][56122.643s] GC(351)   Other: 0.1ms
[2024-04-08T17:14:19.669+0800][56122.643s] GC(351) Eden regions: 305->0(305)
[2024-04-08T17:14:19.669+0800][56122.643s] GC(351) Survivor regions: 2->2(39)
[2024-04-08T17:14:19.669+0800][56122.643s] GC(351) Old regions: 54->54
[2024-04-08T17:14:19.669+0800][56122.643s] GC(351) Humongous regions: 4->4
[2024-04-08T17:14:19.669+0800][56122.643s] GC(351) Metaspace: 67389K(68224K)->67389K(68224K) NonClass: 59857K(60288K)->59857K(60288K) Class: 7532K(7936K)->7532K(7936K)
[2024-04-08T17:14:19.669+0800][56122.643s] GC(351) Pause Young (Normal) (G1 Evacuation Pause) 363M->58M(512M) 3.491ms
[2024-04-08T17:14:19.669+0800][56122.643s] GC(351) User=0.02s Sys=0.00s Real=0.00s
[2024-04-08T17:14:20.983+0800][56123.958s] GC(352) Pause Young (Normal) (G1 Evacuation Pause)
[2024-04-08T17:14:20.983+0800][56123.958s] GC(352) Using 13 workers of 13 for evacuation
[2024-04-08T17:14:20.986+0800][56123.961s] GC(352)   Pre Evacuate Collection Set: 0.2ms
[2024-04-08T17:14:20.986+0800][56123.961s] GC(352)   Merge Heap Roots: 0.1ms
[2024-04-08T17:14:20.986+0800][56123.961s] GC(352)   Evacuate Collection Set: 1.5ms
[2024-04-08T17:14:20.986+0800][56123.961s] GC(352)   Post Evacuate Collection Set: 0.7ms
[2024-04-08T17:14:20.986+0800][56123.961s] GC(352)   Other: 0.1ms
[2024-04-08T17:14:20.986+0800][56123.961s] GC(352) Eden regions: 305->0(305)
[2024-04-08T17:14:20.986+0800][56123.961s] GC(352) Survivor regions: 2->2(39)
[2024-04-08T17:14:20.986+0800][56123.961s] GC(352) Old regions: 54->54
[2024-04-08T17:14:20.986+0800][56123.961s] GC(352) Humongous regions: 4->4
[2024-04-08T17:14:20.986+0800][56123.961s] GC(352) Metaspace: 67390K(68224K)->67390K(68224K) NonClass: 59858K(60288K)->59858K(60288K) Class: 7532K(7936K)->7532K(7936K)
[2024-04-08T17:14:20.986+0800][56123.961s] GC(352) Pause Young (Normal) (G1 Evacuation Pause) 363M->59M(512M) 2.853ms
[2024-04-08T17:14:20.986+0800][56123.961s] GC(352) User=0.00s Sys=0.00s Real=0.00s
[2024-04-08T17:14:22.233+0800][56125.207s] GC(353) Pause Young (Normal) (G1 Evacuation Pause)
[2024-04-08T17:14:22.233+0800][56125.207s] GC(353) Using 13 workers of 13 for evacuation
[2024-04-08T17:14:22.235+0800][56125.209s] GC(353)   Pre Evacuate Collection Set: 0.2ms
[2024-04-08T17:14:22.235+0800][56125.209s] GC(353)   Merge Heap Roots: 0.1ms
[2024-04-08T17:14:22.235+0800][56125.209s] GC(353)   Evacuate Collection Set: 1.3ms
[2024-04-08T17:14:22.235+0800][56125.209s] GC(353)   Post Evacuate Collection Set: 0.7ms
[2024-04-08T17:14:22.235+0800][56125.209s] GC(353)   Other: 0.1ms
[2024-04-08T17:14:22.235+0800][56125.209s] GC(353) Eden regions: 305->0(305)
[2024-04-08T17:14:22.235+0800][56125.209s] GC(353) Survivor regions: 2->2(39)
[2024-04-08T17:14:22.235+0800][56125.209s] GC(353) Old regions: 54->54
[2024-04-08T17:14:22.235+0800][56125.209s] GC(353) Humongous regions: 4->4
[2024-04-08T17:14:22.235+0800][56125.209s] GC(353) Metaspace: 67390K(68224K)->67390K(68224K) NonClass: 59858K(60288K)->59858K(60288K) Class: 7532K(7936K)->7532K(7936K)
[2024-04-08T17:14:22.235+0800][56125.209s] GC(353) Pause Young (Normal) (G1 Evacuation Pause) 364M->58M(512M) 2.634ms
[2024-04-08T17:14:22.235+0800][56125.210s] GC(353) User=0.00s Sys=0.00s Real=0.00s
[2024-04-08T17:14:23.545+0800][56126.519s] GC(354) Pause Young (Normal) (G1 Evacuation Pause)
[2024-04-08T17:14:23.545+0800][56126.519s] GC(354) Using 13 workers of 13 for evacuation
[2024-04-08T17:14:23.548+0800][56126.522s] GC(354)   Pre Evacuate Collection Set: 0.3ms
[2024-04-08T17:14:23.548+0800][56126.522s] GC(354)   Merge Heap Roots: 0.1ms
[2024-04-08T17:14:23.548+0800][56126.522s] GC(354)   Evacuate Collection Set: 1.5ms
[2024-04-08T17:14:23.548+0800][56126.522s] GC(354)   Post Evacuate Collection Set: 0.5ms
[2024-04-08T17:14:23.548+0800][56126.522s] GC(354)   Other: 0.1ms
[2024-04-08T17:14:23.548+0800][56126.522s] GC(354) Eden regions: 305->0(305)
[2024-04-08T17:14:23.548+0800][56126.522s] GC(354) Survivor regions: 2->2(39)
[2024-04-08T17:14:23.548+0800][56126.522s] GC(354) Old regions: 54->54
[2024-04-08T17:14:23.548+0800][56126.522s] GC(354) Humongous regions: 4->4
[2024-04-08T17:14:23.548+0800][56126.522s] GC(354) Metaspace: 67390K(68224K)->67390K(68224K) NonClass: 59858K(60288K)->59858K(60288K) Class: 7532K(7936K)->7532K(7936K)
[2024-04-08T17:14:23.548+0800][56126.522s] GC(354) Pause Young (Normal) (G1 Evacuation Pause) 363M->59M(512M) 2.751ms
[2024-04-08T17:14:23.548+0800][56126.522s] GC(354) User=0.00s Sys=0.00s Real=0.00s
[2024-04-08T17:14:24.836+0800][56127.811s] GC(355) Pause Young (Normal) (G1 Evacuation Pause)
[2024-04-08T17:14:24.837+0800][56127.812s] GC(355) Using 13 workers of 13 for evacuation
[2024-04-08T17:14:24.839+0800][56127.814s] GC(355)   Pre Evacuate Collection Set: 0.1ms
[2024-04-08T17:14:24.839+0800][56127.814s] GC(355)   Merge Heap Roots: 0.1ms
[2024-04-08T17:14:24.839+0800][56127.814s] GC(355)   Evacuate Collection Set: 1.3ms
[2024-04-08T17:14:24.839+0800][56127.814s] GC(355)   Post Evacuate Collection Set: 0.4ms
[2024-04-08T17:14:24.839+0800][56127.814s] GC(355)   Other: 0.1ms
[2024-04-08T17:14:24.839+0800][56127.814s] GC(355) Eden regions: 305->0(305)
[2024-04-08T17:14:24.839+0800][56127.814s] GC(355) Survivor regions: 2->2(39)
[2024-04-08T17:14:24.839+0800][56127.814s] GC(355) Old regions: 54->54
[2024-04-08T17:14:24.839+0800][56127.814s] GC(355) Humongous regions: 4->4
[2024-04-08T17:14:24.839+0800][56127.814s] GC(355) Metaspace: 67391K(68224K)->67391K(68224K) NonClass: 59859K(60288K)->59859K(60288K) Class: 7532K(7936K)->7532K(7936K)
[2024-04-08T17:14:24.839+0800][56127.814s] GC(355) Pause Young (Normal) (G1 Evacuation Pause) 364M->58M(512M) 2.241ms
[2024-04-08T17:14:24.839+0800][56127.814s] GC(355) User=0.02s Sys=0.00s Real=0.00s
[2024-04-08T17:14:26.144+0800][56129.119s] GC(356) Pause Young (Normal) (G1 Evacuation Pause)
[2024-04-08T17:14:26.144+0800][56129.119s] GC(356) Using 13 workers of 13 for evacuation
[2024-04-08T17:14:26.146+0800][56129.121s] GC(356)   Pre Evacuate Collection Set: 0.1ms
[2024-04-08T17:14:26.146+0800][56129.121s] GC(356)   Merge Heap Roots: 0.1ms
[2024-04-08T17:14:26.147+0800][56129.122s] GC(356)   Evacuate Collection Set: 1.5ms
[2024-04-08T17:14:26.147+0800][56129.122s] GC(356)   Post Evacuate Collection Set: 0.6ms
[2024-04-08T17:14:26.147+0800][56129.122s] GC(356)   Other: 0.1ms
[2024-04-08T17:14:26.147+0800][56129.122s] GC(356) Eden regions: 305->0(305)
[2024-04-08T17:14:26.147+0800][56129.122s] GC(356) Survivor regions: 2->2(39)
[2024-04-08T17:14:26.147+0800][56129.122s] GC(356) Old regions: 54->54
[2024-04-08T17:14:26.147+0800][56129.122s] GC(356) Humongous regions: 4->4
[2024-04-08T17:14:26.147+0800][56129.122s] GC(356) Metaspace: 67391K(68224K)->67391K(68224K) NonClass: 59859K(60288K)->59859K(60288K) Class: 7532K(7936K)->7532K(7936K)
[2024-04-08T17:14:26.147+0800][56129.122s] GC(356) Pause Young (Normal) (G1 Evacuation Pause) 363M->59M(512M) 2.699ms
[2024-04-08T17:14:26.147+0800][56129.122s] GC(356) User=0.00s Sys=0.00s Real=0.00s
[2024-04-08T17:14:27.505+0800][56130.480s] GC(357) Pause Young (Normal) (G1 Evacuation Pause)
[2024-04-08T17:14:27.505+0800][56130.480s] GC(357) Using 13 workers of 13 for evacuation
[2024-04-08T17:14:27.507+0800][56130.482s] GC(357)   Pre Evacuate Collection Set: 0.2ms
[2024-04-08T17:14:27.507+0800][56130.482s] GC(357)   Merge Heap Roots: 0.1ms
[2024-04-08T17:14:27.507+0800][56130.482s] GC(357)   Evacuate Collection Set: 1.2ms
[2024-04-08T17:14:27.507+0800][56130.482s] GC(357)   Post Evacuate Collection Set: 0.4ms
[2024-04-08T17:14:27.507+0800][56130.482s] GC(357)   Other: 0.1ms
[2024-04-08T17:14:27.507+0800][56130.482s] GC(357) Eden regions: 305->0(305)
[2024-04-08T17:14:27.507+0800][56130.482s] GC(357) Survivor regions: 2->2(39)
[2024-04-08T17:14:27.507+0800][56130.482s] GC(357) Old regions: 54->54
[2024-04-08T17:14:27.507+0800][56130.482s] GC(357) Humongous regions: 4->4
[2024-04-08T17:14:27.507+0800][56130.482s] GC(357) Metaspace: 67391K(68224K)->67391K(68224K) NonClass: 59859K(60288K)->59859K(60288K) Class: 7532K(7936K)->7532K(7936K)
[2024-04-08T17:14:27.507+0800][56130.482s] GC(357) Pause Young (Normal) (G1 Evacuation Pause) 364M->58M(512M) 2.221ms
[2024-04-08T17:14:27.507+0800][56130.482s] GC(357) User=0.00s Sys=0.00s Real=0.00s
[2024-04-08T17:14:28.825+0800][56131.800s] GC(358) Pause Young (Normal) (G1 Evacuation Pause)
[2024-04-08T17:14:28.825+0800][56131.800s] GC(358) Using 13 workers of 13 for evacuation
[2024-04-08T17:14:28.827+0800][56131.802s] GC(358)   Pre Evacuate Collection Set: 0.1ms
[2024-04-08T17:14:28.827+0800][56131.802s] GC(358)   Merge Heap Roots: 0.1ms
[2024-04-08T17:14:28.827+0800][56131.802s] GC(358)   Evacuate Collection Set: 1.3ms
[2024-04-08T17:14:28.827+0800][56131.802s] GC(358)   Post Evacuate Collection Set: 0.4ms
[2024-04-08T17:14:28.827+0800][56131.802s] GC(358)   Other: 0.1ms
[2024-04-08T17:14:28.827+0800][56131.802s] GC(358) Eden regions: 305->0(305)
[2024-04-08T17:14:28.827+0800][56131.802s] GC(358) Survivor regions: 2->2(39)
[2024-04-08T17:14:28.827+0800][56131.802s] GC(358) Old regions: 54->54
[2024-04-08T17:14:28.827+0800][56131.802s] GC(358) Humongous regions: 4->4
[2024-04-08T17:14:28.827+0800][56131.802s] GC(358) Metaspace: 67391K(68224K)->67391K(68224K) NonClass: 59859K(60288K)->59859K(60288K) Class: 7532K(7936K)->7532K(7936K)
[2024-04-08T17:14:28.827+0800][56131.802s] GC(358) Pause Young (Normal) (G1 Evacuation Pause) 363M->58M(512M) 2.264ms
[2024-04-08T17:14:28.827+0800][56131.802s] GC(358) User=0.00s Sys=0.00s Real=0.00s
[2024-04-08T17:14:30.071+0800][56133.046s] GC(359) Pause Young (Normal) (G1 Evacuation Pause)
[2024-04-08T17:14:30.071+0800][56133.046s] GC(359) Using 13 workers of 13 for evacuation
[2024-04-08T17:14:30.073+0800][56133.048s] GC(359)   Pre Evacuate Collection Set: 0.2ms
[2024-04-08T17:14:30.073+0800][56133.048s] GC(359)   Merge Heap Roots: 0.1ms
[2024-04-08T17:14:30.073+0800][56133.048s] GC(359)   Evacuate Collection Set: 1.4ms
[2024-04-08T17:14:30.073+0800][56133.048s] GC(359)   Post Evacuate Collection Set: 0.5ms
[2024-04-08T17:14:30.073+0800][56133.048s] GC(359)   Other: 0.1ms
[2024-04-08T17:14:30.073+0800][56133.048s] GC(359) Eden regions: 305->0(305)
[2024-04-08T17:14:30.073+0800][56133.048s] GC(359) Survivor regions: 2->2(39)
[2024-04-08T17:14:30.073+0800][56133.048s] GC(359) Old regions: 54->54
[2024-04-08T17:14:30.073+0800][56133.048s] GC(359) Humongous regions: 4->4
[2024-04-08T17:14:30.073+0800][56133.048s] GC(359) Metaspace: 67391K(68224K)->67391K(68224K) NonClass: 59859K(60288K)->59859K(60288K) Class: 7532K(7936K)->7532K(7936K)
[2024-04-08T17:14:30.073+0800][56133.048s] GC(359) Pause Young (Normal) (G1 Evacuation Pause) 363M->58M(512M) 2.420ms
[2024-04-08T17:14:30.073+0800][56133.048s] GC(359) User=0.17s Sys=0.00s Real=0.00s
[2024-04-08T17:14:31.380+0800][56134.354s] GC(360) Pause Young (Normal) (G1 Evacuation Pause)
[2024-04-08T17:14:31.380+0800][56134.354s] GC(360) Using 13 workers of 13 for evacuation
[2024-04-08T17:14:31.383+0800][56134.357s] GC(360)   Pre Evacuate Collection Set: 0.2ms
[2024-04-08T17:14:31.383+0800][56134.357s] GC(360)   Merge Heap Roots: 0.2ms
[2024-04-08T17:14:31.383+0800][56134.357s] GC(360)   Evacuate Collection Set: 1.7ms
[2024-04-08T17:14:31.383+0800][56134.357s] GC(360)   Post Evacuate Collection Set: 0.7ms
[2024-04-08T17:14:31.383+0800][56134.357s] GC(360)   Other: 0.1ms
[2024-04-08T17:14:31.383+0800][56134.357s] GC(360) Eden regions: 305->0(305)
[2024-04-08T17:14:31.383+0800][56134.357s] GC(360) Survivor regions: 2->2(39)
[2024-04-08T17:14:31.383+0800][56134.357s] GC(360) Old regions: 54->54
[2024-04-08T17:14:31.383+0800][56134.357s] GC(360) Humongous regions: 4->4
[2024-04-08T17:14:31.383+0800][56134.357s] GC(360) Metaspace: 67391K(68224K)->67391K(68224K) NonClass: 59859K(60288K)->59859K(60288K) Class: 7532K(7936K)->7532K(7936K)
[2024-04-08T17:14:31.383+0800][56134.357s] GC(360) Pause Young (Normal) (G1 Evacuation Pause) 363M->58M(512M) 3.157ms
[2024-04-08T17:14:31.383+0800][56134.357s] GC(360) User=0.00s Sys=0.00s Real=0.00s
[2024-04-08T17:14:32.666+0800][56135.640s] GC(361) Pause Young (Normal) (G1 Evacuation Pause)
[2024-04-08T17:14:32.666+0800][56135.641s] GC(361) Using 13 workers of 13 for evacuation
[2024-04-08T17:14:32.668+0800][56135.643s] GC(361)   Pre Evacuate Collection Set: 0.2ms
[2024-04-08T17:14:32.668+0800][56135.643s] GC(361)   Merge Heap Roots: 0.1ms
[2024-04-08T17:14:32.668+0800][56135.643s] GC(361)   Evacuate Collection Set: 1.4ms
[2024-04-08T17:14:32.668+0800][56135.643s] GC(361)   Post Evacuate Collection Set: 0.6ms
[2024-04-08T17:14:32.668+0800][56135.643s] GC(361)   Other: 0.1ms
[2024-04-08T17:14:32.668+0800][56135.643s] GC(361) Eden regions: 305->0(305)
[2024-04-08T17:14:32.668+0800][56135.643s] GC(361) Survivor regions: 2->2(39)
[2024-04-08T17:14:32.668+0800][56135.643s] GC(361) Old regions: 54->54
[2024-04-08T17:14:32.668+0800][56135.643s] GC(361) Humongous regions: 4->4
[2024-04-08T17:14:32.668+0800][56135.643s] GC(361) Metaspace: 67391K(68224K)->67391K(68224K) NonClass: 59859K(60288K)->59859K(60288K) Class: 7532K(7936K)->7532K(7936K)
[2024-04-08T17:14:32.668+0800][56135.643s] GC(361) Pause Young (Normal) (G1 Evacuation Pause) 363M->59M(512M) 2.701ms
[2024-04-08T17:14:32.668+0800][56135.643s] GC(361) User=0.00s Sys=0.00s Real=0.00s
[2024-04-08T17:14:33.976+0800][56136.951s] GC(362) Pause Young (Normal) (G1 Evacuation Pause)
[2024-04-08T17:14:33.976+0800][56136.951s] GC(362) Using 13 workers of 13 for evacuation
[2024-04-08T17:14:33.978+0800][56136.953s] GC(362)   Pre Evacuate Collection Set: 0.2ms
[2024-04-08T17:14:33.978+0800][56136.953s] GC(362)   Merge Heap Roots: 0.1ms
[2024-04-08T17:14:33.978+0800][56136.953s] GC(362)   Evacuate Collection Set: 1.4ms
[2024-04-08T17:14:33.978+0800][56136.953s] GC(362)   Post Evacuate Collection Set: 0.6ms
[2024-04-08T17:14:33.978+0800][56136.953s] GC(362)   Other: 0.1ms
[2024-04-08T17:14:33.979+0800][56136.953s] GC(362) Eden regions: 305->0(304)
[2024-04-08T17:14:33.979+0800][56136.953s] GC(362) Survivor regions: 2->3(39)
[2024-04-08T17:14:33.979+0800][56136.953s] GC(362) Old regions: 54->54
[2024-04-08T17:14:33.979+0800][56136.953s] GC(362) Humongous regions: 4->4
[2024-04-08T17:14:33.979+0800][56136.953s] GC(362) Metaspace: 67391K(68224K)->67391K(68224K) NonClass: 59859K(60288K)->59859K(60288K) Class: 7532K(7936K)->7532K(7936K)
[2024-04-08T17:14:33.979+0800][56136.953s] GC(362) Pause Young (Normal) (G1 Evacuation Pause) 364M->59M(512M) 2.629ms
[2024-04-08T17:14:33.979+0800][56136.953s] GC(362) User=0.02s Sys=0.02s Real=0.00s
[2024-04-08T17:14:35.274+0800][56138.248s] GC(363) Pause Young (Normal) (G1 Evacuation Pause)
[2024-04-08T17:14:35.274+0800][56138.248s] GC(363) Using 13 workers of 13 for evacuation
[2024-04-08T17:14:35.276+0800][56138.251s] GC(363)   Pre Evacuate Collection Set: 0.2ms
[2024-04-08T17:14:35.276+0800][56138.251s] GC(363)   Merge Heap Roots: 0.1ms
[2024-04-08T17:14:35.276+0800][56138.251s] GC(363)   Evacuate Collection Set: 1.4ms
[2024-04-08T17:14:35.276+0800][56138.251s] GC(363)   Post Evacuate Collection Set: 0.5ms
[2024-04-08T17:14:35.276+0800][56138.251s] GC(363)   Other: 0.1ms
[2024-04-08T17:14:35.276+0800][56138.251s] GC(363) Eden regions: 304->0(305)
[2024-04-08T17:14:35.276+0800][56138.251s] GC(363) Survivor regions: 3->2(39)
[2024-04-08T17:14:35.276+0800][56138.251s] GC(363) Old regions: 54->54
[2024-04-08T17:14:35.276+0800][56138.251s] GC(363) Humongous regions: 4->4
[2024-04-08T17:14:35.276+0800][56138.251s] GC(363) Metaspace: 67391K(68224K)->67391K(68224K) NonClass: 59859K(60288K)->59859K(60288K) Class: 7532K(7936K)->7532K(7936K)
[2024-04-08T17:14:35.276+0800][56138.251s] GC(363) Pause Young (Normal) (G1 Evacuation Pause) 363M->59M(512M) 2.500ms
[2024-04-08T17:14:35.276+0800][56138.251s] GC(363) User=0.11s Sys=0.02s Real=0.00s
[2024-04-08T17:14:36.568+0800][56139.542s] GC(364) Pause Young (Normal) (G1 Evacuation Pause)
[2024-04-08T17:14:36.568+0800][56139.542s] GC(364) Using 13 workers of 13 for evacuation
[2024-04-08T17:14:36.570+0800][56139.545s] GC(364)   Pre Evacuate Collection Set: 0.1ms
[2024-04-08T17:14:36.570+0800][56139.545s] GC(364)   Merge Heap Roots: 0.1ms
[2024-04-08T17:14:36.570+0800][56139.545s] GC(364)   Evacuate Collection Set: 1.7ms
[2024-04-08T17:14:36.570+0800][56139.545s] GC(364)   Post Evacuate Collection Set: 0.5ms
[2024-04-08T17:14:36.570+0800][56139.545s] GC(364)   Other: 0.1ms
[2024-04-08T17:14:36.570+0800][56139.545s] GC(364) Eden regions: 305->0(305)
[2024-04-08T17:14:36.570+0800][56139.545s] GC(364) Survivor regions: 2->2(39)
[2024-04-08T17:14:36.570+0800][56139.545s] GC(364) Old regions: 54->54
[2024-04-08T17:14:36.570+0800][56139.545s] GC(364) Humongous regions: 4->4
[2024-04-08T17:14:36.570+0800][56139.545s] GC(364) Metaspace: 67391K(68224K)->67391K(68224K) NonClass: 59859K(60288K)->59859K(60288K) Class: 7532K(7936K)->7532K(7936K)
[2024-04-08T17:14:36.570+0800][56139.545s] GC(364) Pause Young (Normal) (G1 Evacuation Pause) 364M->59M(512M) 2.741ms
[2024-04-08T17:14:36.570+0800][56139.545s] GC(364) User=0.00s Sys=0.00s Real=0.00s
[2024-04-08T17:14:37.805+0800][56140.780s] GC(365) Pause Young (Normal) (G1 Evacuation Pause)
[2024-04-08T17:14:37.805+0800][56140.780s] GC(365) Using 13 workers of 13 for evacuation
[2024-04-08T17:14:37.809+0800][56140.783s] GC(365)   Pre Evacuate Collection Set: 0.2ms
[2024-04-08T17:14:37.809+0800][56140.783s] GC(365)   Merge Heap Roots: 0.2ms
[2024-04-08T17:14:37.809+0800][56140.783s] GC(365)   Evacuate Collection Set: 2.4ms
[2024-04-08T17:14:37.809+0800][56140.783s] GC(365)   Post Evacuate Collection Set: 0.6ms
[2024-04-08T17:14:37.809+0800][56140.784s] GC(365)   Other: 0.1ms
[2024-04-08T17:14:37.809+0800][56140.784s] GC(365) Eden regions: 305->0(305)
[2024-04-08T17:14:37.809+0800][56140.784s] GC(365) Survivor regions: 2->2(39)
[2024-04-08T17:14:37.809+0800][56140.784s] GC(365) Old regions: 54->54
[2024-04-08T17:14:37.809+0800][56140.784s] GC(365) Humongous regions: 4->4
[2024-04-08T17:14:37.809+0800][56140.784s] GC(365) Metaspace: 67391K(68224K)->67391K(68224K) NonClass: 59859K(60288K)->59859K(60288K) Class: 7532K(7936K)->7532K(7936K)
[2024-04-08T17:14:37.809+0800][56140.784s] GC(365) Pause Young (Normal) (G1 Evacuation Pause) 364M->59M(512M) 3.788ms
[2024-04-08T17:14:37.809+0800][56140.784s] GC(365) User=0.20s Sys=0.00s Real=0.00s
[2024-04-08T17:14:39.054+0800][56142.029s] GC(366) Pause Young (Normal) (G1 Evacuation Pause)
[2024-04-08T17:14:39.054+0800][56142.029s] GC(366) Using 13 workers of 13 for evacuation
[2024-04-08T17:14:39.057+0800][56142.032s] GC(366)   Pre Evacuate Collection Set: 0.2ms
[2024-04-08T17:14:39.057+0800][56142.032s] GC(366)   Merge Heap Roots: 0.2ms
[2024-04-08T17:14:39.057+0800][56142.032s] GC(366)   Evacuate Collection Set: 1.6ms
[2024-04-08T17:14:39.057+0800][56142.032s] GC(366)   Post Evacuate Collection Set: 0.7ms
[2024-04-08T17:14:39.057+0800][56142.032s] GC(366)   Other: 0.1ms
[2024-04-08T17:14:39.057+0800][56142.032s] GC(366) Eden regions: 305->0(305)
[2024-04-08T17:14:39.057+0800][56142.032s] GC(366) Survivor regions: 2->2(39)
[2024-04-08T17:14:39.057+0800][56142.032s] GC(366) Old regions: 54->54
[2024-04-08T17:14:39.057+0800][56142.032s] GC(366) Humongous regions: 4->4
[2024-04-08T17:14:39.057+0800][56142.032s] GC(366) Metaspace: 67391K(68224K)->67391K(68224K) NonClass: 59859K(60288K)->59859K(60288K) Class: 7532K(7936K)->7532K(7936K)
[2024-04-08T17:14:39.057+0800][56142.032s] GC(366) Pause Young (Normal) (G1 Evacuation Pause) 364M->59M(512M) 2.936ms
[2024-04-08T17:14:39.057+0800][56142.032s] GC(366) User=0.20s Sys=0.00s Real=0.00s
[2024-04-08T17:14:40.341+0800][56143.315s] GC(367) Pause Young (Normal) (G1 Evacuation Pause)
[2024-04-08T17:14:40.341+0800][56143.315s] GC(367) Using 13 workers of 13 for evacuation
[2024-04-08T17:14:40.344+0800][56143.319s] GC(367)   Pre Evacuate Collection Set: 0.3ms
[2024-04-08T17:14:40.345+0800][56143.319s] GC(367)   Merge Heap Roots: 0.2ms
[2024-04-08T17:14:40.345+0800][56143.319s] GC(367)   Evacuate Collection Set: 2.4ms
[2024-04-08T17:14:40.345+0800][56143.319s] GC(367)   Post Evacuate Collection Set: 0.7ms
[2024-04-08T17:14:40.345+0800][56143.319s] GC(367)   Other: 0.1ms
[2024-04-08T17:14:40.345+0800][56143.319s] GC(367) Eden regions: 305->0(305)
[2024-04-08T17:14:40.345+0800][56143.319s] GC(367) Survivor regions: 2->2(39)
[2024-04-08T17:14:40.345+0800][56143.319s] GC(367) Old regions: 54->54
[2024-04-08T17:14:40.345+0800][56143.319s] GC(367) Humongous regions: 4->4
[2024-04-08T17:14:40.345+0800][56143.319s] GC(367) Metaspace: 67391K(68224K)->67391K(68224K) NonClass: 59859K(60288K)->59859K(60288K) Class: 7532K(7936K)->7532K(7936K)
[2024-04-08T17:14:40.345+0800][56143.319s] GC(367) Pause Young (Normal) (G1 Evacuation Pause) 364M->59M(512M) 3.964ms
[2024-04-08T17:14:40.345+0800][56143.319s] GC(367) User=0.00s Sys=0.00s Real=0.00s
[2024-04-08T17:14:41.728+0800][56144.702s] GC(368) Pause Young (Normal) (G1 Evacuation Pause)
[2024-04-08T17:14:41.728+0800][56144.702s] GC(368) Using 13 workers of 13 for evacuation
[2024-04-08T17:14:41.732+0800][56144.706s] GC(368)   Pre Evacuate Collection Set: 0.2ms
[2024-04-08T17:14:41.732+0800][56144.706s] GC(368)   Merge Heap Roots: 0.1ms
[2024-04-08T17:14:41.732+0800][56144.706s] GC(368)   Evacuate Collection Set: 2.8ms
[2024-04-08T17:14:41.732+0800][56144.706s] GC(368)   Post Evacuate Collection Set: 0.7ms
[2024-04-08T17:14:41.732+0800][56144.706s] GC(368)   Other: 0.1ms
[2024-04-08T17:14:41.732+0800][56144.706s] GC(368) Eden regions: 305->0(305)
[2024-04-08T17:14:41.732+0800][56144.706s] GC(368) Survivor regions: 2->2(39)
[2024-04-08T17:14:41.732+0800][56144.706s] GC(368) Old regions: 54->54
[2024-04-08T17:14:41.732+0800][56144.706s] GC(368) Humongous regions: 4->4
[2024-04-08T17:14:41.732+0800][56144.706s] GC(368) Metaspace: 67391K(68224K)->67391K(68224K) NonClass: 59859K(60288K)->59859K(60288K) Class: 7532K(7936K)->7532K(7936K)
[2024-04-08T17:14:41.732+0800][56144.706s] GC(368) Pause Young (Normal) (G1 Evacuation Pause) 364M->59M(512M) 4.124ms
[2024-04-08T17:14:41.732+0800][56144.706s] GC(368) User=0.17s Sys=0.02s Real=0.00s
[2024-04-08T17:14:43.028+0800][56146.003s] GC(369) Pause Young (Normal) (G1 Evacuation Pause)
[2024-04-08T17:14:43.028+0800][56146.003s] GC(369) Using 13 workers of 13 for evacuation
[2024-04-08T17:14:43.030+0800][56146.005s] GC(369)   Pre Evacuate Collection Set: 0.2ms
[2024-04-08T17:14:43.030+0800][56146.005s] GC(369)   Merge Heap Roots: 0.1ms
[2024-04-08T17:14:43.031+0800][56146.005s] GC(369)   Evacuate Collection Set: 1.5ms
[2024-04-08T17:14:43.031+0800][56146.005s] GC(369)   Post Evacuate Collection Set: 0.6ms
[2024-04-08T17:14:43.031+0800][56146.005s] GC(369)   Other: 0.1ms
[2024-04-08T17:14:43.031+0800][56146.005s] GC(369) Eden regions: 305->0(305)
[2024-04-08T17:14:43.031+0800][56146.005s] GC(369) Survivor regions: 2->2(39)
[2024-04-08T17:14:43.031+0800][56146.005s] GC(369) Old regions: 54->54
[2024-04-08T17:14:43.031+0800][56146.005s] GC(369) Humongous regions: 4->4
[2024-04-08T17:14:43.031+0800][56146.005s] GC(369) Metaspace: 67391K(68224K)->67391K(68224K) NonClass: 59859K(60288K)->59859K(60288K) Class: 7532K(7936K)->7532K(7936K)
[2024-04-08T17:14:43.031+0800][56146.005s] GC(369) Pause Young (Normal) (G1 Evacuation Pause) 364M->59M(512M) 2.667ms
[2024-04-08T17:14:43.031+0800][56146.005s] GC(369) User=0.00s Sys=0.00s Real=0.00s
[2024-04-08T17:14:44.370+0800][56147.344s] GC(370) Pause Young (Normal) (G1 Evacuation Pause)
[2024-04-08T17:14:44.370+0800][56147.345s] GC(370) Using 13 workers of 13 for evacuation
[2024-04-08T17:14:44.372+0800][56147.347s] GC(370)   Pre Evacuate Collection Set: 0.2ms
[2024-04-08T17:14:44.372+0800][56147.347s] GC(370)   Merge Heap Roots: 0.1ms
[2024-04-08T17:14:44.372+0800][56147.347s] GC(370)   Evacuate Collection Set: 1.4ms
[2024-04-08T17:14:44.372+0800][56147.347s] GC(370)   Post Evacuate Collection Set: 0.5ms
[2024-04-08T17:14:44.372+0800][56147.347s] GC(370)   Other: 0.1ms
[2024-04-08T17:14:44.372+0800][56147.347s] GC(370) Eden regions: 305->0(305)
[2024-04-08T17:14:44.372+0800][56147.347s] GC(370) Survivor regions: 2->2(39)
[2024-04-08T17:14:44.372+0800][56147.347s] GC(370) Old regions: 54->54
[2024-04-08T17:14:44.372+0800][56147.347s] GC(370) Humongous regions: 4->4
[2024-04-08T17:14:44.372+0800][56147.347s] GC(370) Metaspace: 67391K(68224K)->67391K(68224K) NonClass: 59859K(60288K)->59859K(60288K) Class: 7532K(7936K)->7532K(7936K)
[2024-04-08T17:14:44.372+0800][56147.347s] GC(370) Pause Young (Normal) (G1 Evacuation Pause) 364M->59M(512M) 2.519ms
[2024-04-08T17:14:44.372+0800][56147.347s] GC(370) User=0.00s Sys=0.00s Real=0.00s
[2024-04-08T17:14:45.705+0800][56148.679s] GC(371) Pause Young (Normal) (G1 Evacuation Pause)
[2024-04-08T17:14:45.705+0800][56148.680s] GC(371) Using 13 workers of 13 for evacuation
[2024-04-08T17:14:45.708+0800][56148.682s] GC(371)   Pre Evacuate Collection Set: 0.2ms
[2024-04-08T17:14:45.708+0800][56148.682s] GC(371)   Merge Heap Roots: 0.1ms
[2024-04-08T17:14:45.708+0800][56148.682s] GC(371)   Evacuate Collection Set: 1.5ms
[2024-04-08T17:14:45.708+0800][56148.682s] GC(371)   Post Evacuate Collection Set: 0.5ms
[2024-04-08T17:14:45.708+0800][56148.682s] GC(371)   Other: 0.1ms
[2024-04-08T17:14:45.708+0800][56148.682s] GC(371) Eden regions: 305->0(305)
[2024-04-08T17:14:45.708+0800][56148.682s] GC(371) Survivor regions: 2->2(39)
[2024-04-08T17:14:45.708+0800][56148.682s] GC(371) Old regions: 54->54
[2024-04-08T17:14:45.708+0800][56148.682s] GC(371) Humongous regions: 4->4
[2024-04-08T17:14:45.708+0800][56148.682s] GC(371) Metaspace: 67391K(68224K)->67391K(68224K) NonClass: 59859K(60288K)->59859K(60288K) Class: 7532K(7936K)->7532K(7936K)
[2024-04-08T17:14:45.708+0800][56148.682s] GC(371) Pause Young (Normal) (G1 Evacuation Pause) 364M->59M(512M) 2.558ms
[2024-04-08T17:14:45.708+0800][56148.682s] GC(371) User=0.00s Sys=0.00s Real=0.00s
[2024-04-08T17:14:47.002+0800][56149.976s] GC(372) Pause Young (Normal) (G1 Evacuation Pause)
[2024-04-08T17:14:47.002+0800][56149.976s] GC(372) Using 13 workers of 13 for evacuation
[2024-04-08T17:14:47.004+0800][56149.978s] GC(372)   Pre Evacuate Collection Set: 0.2ms
[2024-04-08T17:14:47.004+0800][56149.978s] GC(372)   Merge Heap Roots: 0.1ms
[2024-04-08T17:14:47.004+0800][56149.978s] GC(372)   Evacuate Collection Set: 1.4ms
[2024-04-08T17:14:47.004+0800][56149.978s] GC(372)   Post Evacuate Collection Set: 0.6ms
[2024-04-08T17:14:47.004+0800][56149.978s] GC(372)   Other: 0.1ms
[2024-04-08T17:14:47.004+0800][56149.979s] GC(372) Eden regions: 305->0(305)
[2024-04-08T17:14:47.004+0800][56149.979s] GC(372) Survivor regions: 2->2(39)
[2024-04-08T17:14:47.004+0800][56149.979s] GC(372) Old regions: 54->54
[2024-04-08T17:14:47.004+0800][56149.979s] GC(372) Humongous regions: 4->4
[2024-04-08T17:14:47.004+0800][56149.979s] GC(372) Metaspace: 67391K(68224K)->67391K(68224K) NonClass: 59859K(60288K)->59859K(60288K) Class: 7532K(7936K)->7532K(7936K)
[2024-04-08T17:14:47.004+0800][56149.979s] GC(372) Pause Young (Normal) (G1 Evacuation Pause) 364M->59M(512M) 2.513ms
[2024-04-08T17:14:47.004+0800][56149.979s] GC(372) User=0.00s Sys=0.00s Real=0.00s
[2024-04-08T17:14:48.275+0800][56151.249s] GC(373) Pause Young (Normal) (G1 Evacuation Pause)
[2024-04-08T17:14:48.275+0800][56151.249s] GC(373) Using 13 workers of 13 for evacuation
[2024-04-08T17:14:48.277+0800][56151.251s] GC(373)   Pre Evacuate Collection Set: 0.3ms
[2024-04-08T17:14:48.277+0800][56151.251s] GC(373)   Merge Heap Roots: 0.2ms
[2024-04-08T17:14:48.277+0800][56151.251s] GC(373)   Evacuate Collection Set: 1.3ms
[2024-04-08T17:14:48.277+0800][56151.251s] GC(373)   Post Evacuate Collection Set: 0.6ms
[2024-04-08T17:14:48.277+0800][56151.251s] GC(373)   Other: 0.1ms
[2024-04-08T17:14:48.277+0800][56151.251s] GC(373) Eden regions: 305->0(305)
[2024-04-08T17:14:48.277+0800][56151.251s] GC(373) Survivor regions: 2->2(39)
[2024-04-08T17:14:48.277+0800][56151.251s] GC(373) Old regions: 54->54
[2024-04-08T17:14:48.277+0800][56151.251s] GC(373) Humongous regions: 4->4
[2024-04-08T17:14:48.277+0800][56151.251s] GC(373) Metaspace: 67391K(68224K)->67391K(68224K) NonClass: 59859K(60288K)->59859K(60288K) Class: 7532K(7936K)->7532K(7936K)
[2024-04-08T17:14:48.277+0800][56151.251s] GC(373) Pause Young (Normal) (G1 Evacuation Pause) 364M->59M(512M) 2.561ms
[2024-04-08T17:14:48.277+0800][56151.251s] GC(373) User=0.17s Sys=0.02s Real=0.00s
[2024-04-08T17:14:49.516+0800][56152.490s] GC(374) Pause Young (Normal) (G1 Evacuation Pause)
[2024-04-08T17:14:49.516+0800][56152.490s] GC(374) Using 13 workers of 13 for evacuation
[2024-04-08T17:14:49.518+0800][56152.492s] GC(374)   Pre Evacuate Collection Set: 0.1ms
[2024-04-08T17:14:49.518+0800][56152.492s] GC(374)   Merge Heap Roots: 0.1ms
[2024-04-08T17:14:49.518+0800][56152.492s] GC(374)   Evacuate Collection Set: 1.1ms
[2024-04-08T17:14:49.518+0800][56152.492s] GC(374)   Post Evacuate Collection Set: 0.5ms
[2024-04-08T17:14:49.518+0800][56152.492s] GC(374)   Other: 0.1ms
[2024-04-08T17:14:49.518+0800][56152.492s] GC(374) Eden regions: 305->0(305)
[2024-04-08T17:14:49.518+0800][56152.492s] GC(374) Survivor regions: 2->2(39)
[2024-04-08T17:14:49.518+0800][56152.492s] GC(374) Old regions: 54->54
[2024-04-08T17:14:49.518+0800][56152.492s] GC(374) Humongous regions: 4->4
[2024-04-08T17:14:49.518+0800][56152.492s] GC(374) Metaspace: 67391K(68224K)->67391K(68224K) NonClass: 59859K(60288K)->59859K(60288K) Class: 7532K(7936K)->7532K(7936K)
[2024-04-08T17:14:49.518+0800][56152.492s] GC(374) Pause Young (Normal) (G1 Evacuation Pause) 364M->59M(512M) 2.091ms
[2024-04-08T17:14:49.518+0800][56152.492s] GC(374) User=0.00s Sys=0.00s Real=0.00s
[2024-04-08T17:14:50.798+0800][56153.773s] GC(375) Pause Young (Normal) (G1 Evacuation Pause)
[2024-04-08T17:14:50.799+0800][56153.773s] GC(375) Using 13 workers of 13 for evacuation
[2024-04-08T17:14:50.801+0800][56153.776s] GC(375)   Pre Evacuate Collection Set: 0.2ms
[2024-04-08T17:14:50.801+0800][56153.776s] GC(375)   Merge Heap Roots: 0.1ms
[2024-04-08T17:14:50.801+0800][56153.776s] GC(375)   Evacuate Collection Set: 1.8ms
[2024-04-08T17:14:50.801+0800][56153.776s] GC(375)   Post Evacuate Collection Set: 0.5ms
[2024-04-08T17:14:50.801+0800][56153.776s] GC(375)   Other: 0.1ms
[2024-04-08T17:14:50.801+0800][56153.776s] GC(375) Eden regions: 305->0(305)
[2024-04-08T17:14:50.801+0800][56153.776s] GC(375) Survivor regions: 2->2(39)
[2024-04-08T17:14:50.801+0800][56153.776s] GC(375) Old regions: 54->54
[2024-04-08T17:14:50.801+0800][56153.776s] GC(375) Humongous regions: 4->4
[2024-04-08T17:14:50.801+0800][56153.776s] GC(375) Metaspace: 67391K(68224K)->67391K(68224K) NonClass: 59859K(60288K)->59859K(60288K) Class: 7532K(7936K)->7532K(7936K)
[2024-04-08T17:14:50.801+0800][56153.776s] GC(375) Pause Young (Normal) (G1 Evacuation Pause) 364M->59M(512M) 2.886ms
[2024-04-08T17:14:50.801+0800][56153.776s] GC(375) User=0.00s Sys=0.00s Real=0.00s
[2024-04-08T17:14:52.090+0800][56155.065s] GC(376) Pause Young (Normal) (G1 Evacuation Pause)
[2024-04-08T17:14:52.090+0800][56155.065s] GC(376) Using 13 workers of 13 for evacuation
[2024-04-08T17:14:52.093+0800][56155.067s] GC(376)   Pre Evacuate Collection Set: 0.2ms
[2024-04-08T17:14:52.093+0800][56155.067s] GC(376)   Merge Heap Roots: 0.1ms
[2024-04-08T17:14:52.093+0800][56155.067s] GC(376)   Evacuate Collection Set: 1.4ms
[2024-04-08T17:14:52.093+0800][56155.067s] GC(376)   Post Evacuate Collection Set: 0.6ms
[2024-04-08T17:14:52.093+0800][56155.067s] GC(376)   Other: 0.1ms
[2024-04-08T17:14:52.093+0800][56155.067s] GC(376) Eden regions: 305->0(304)
[2024-04-08T17:14:52.093+0800][56155.067s] GC(376) Survivor regions: 2->3(39)
[2024-04-08T17:14:52.093+0800][56155.067s] GC(376) Old regions: 54->54
[2024-04-08T17:14:52.093+0800][56155.067s] GC(376) Humongous regions: 4->4
[2024-04-08T17:14:52.093+0800][56155.067s] GC(376) Metaspace: 67391K(68224K)->67391K(68224K) NonClass: 59859K(60288K)->59859K(60288K) Class: 7532K(7936K)->7532K(7936K)
[2024-04-08T17:14:52.093+0800][56155.067s] GC(376) Pause Young (Normal) (G1 Evacuation Pause) 364M->60M(512M) 2.580ms
[2024-04-08T17:14:52.093+0800][56155.067s] GC(376) User=0.00s Sys=0.00s Real=0.00s
[2024-04-08T17:14:53.337+0800][56156.312s] GC(377) Pause Young (Normal) (G1 Evacuation Pause)
[2024-04-08T17:14:53.337+0800][56156.312s] GC(377) Using 13 workers of 13 for evacuation
[2024-04-08T17:14:53.340+0800][56156.314s] GC(377)   Pre Evacuate Collection Set: 0.2ms
[2024-04-08T17:14:53.340+0800][56156.314s] GC(377)   Merge Heap Roots: 0.1ms
[2024-04-08T17:14:53.340+0800][56156.314s] GC(377)   Evacuate Collection Set: 1.6ms
[2024-04-08T17:14:53.340+0800][56156.314s] GC(377)   Post Evacuate Collection Set: 0.5ms
[2024-04-08T17:14:53.340+0800][56156.314s] GC(377)   Other: 0.1ms
[2024-04-08T17:14:53.340+0800][56156.314s] GC(377) Eden regions: 304->0(305)
[2024-04-08T17:14:53.340+0800][56156.314s] GC(377) Survivor regions: 3->2(39)
[2024-04-08T17:14:53.340+0800][56156.314s] GC(377) Old regions: 54->54
[2024-04-08T17:14:53.340+0800][56156.314s] GC(377) Humongous regions: 4->4
[2024-04-08T17:14:53.340+0800][56156.314s] GC(377) Metaspace: 67391K(68224K)->67391K(68224K) NonClass: 59859K(60288K)->59859K(60288K) Class: 7532K(7936K)->7532K(7936K)
[2024-04-08T17:14:53.340+0800][56156.314s] GC(377) Pause Young (Normal) (G1 Evacuation Pause) 364M->59M(512M) 2.648ms
[2024-04-08T17:14:53.340+0800][56156.314s] GC(377) User=0.02s Sys=0.00s Real=0.00s
[2024-04-08T17:14:54.702+0800][56157.676s] GC(378) Pause Young (Normal) (G1 Evacuation Pause)
[2024-04-08T17:14:54.702+0800][56157.677s] GC(378) Using 13 workers of 13 for evacuation
[2024-04-08T17:14:54.704+0800][56157.679s] GC(378)   Pre Evacuate Collection Set: 0.2ms
[2024-04-08T17:14:54.704+0800][56157.679s] GC(378)   Merge Heap Roots: 0.1ms
[2024-04-08T17:14:54.704+0800][56157.679s] GC(378)   Evacuate Collection Set: 1.4ms
[2024-04-08T17:14:54.704+0800][56157.679s] GC(378)   Post Evacuate Collection Set: 0.6ms
[2024-04-08T17:14:54.704+0800][56157.679s] GC(378)   Other: 0.1ms
[2024-04-08T17:14:54.704+0800][56157.679s] GC(378) Eden regions: 305->0(305)
[2024-04-08T17:14:54.705+0800][56157.679s] GC(378) Survivor regions: 2->2(39)
[2024-04-08T17:14:54.705+0800][56157.679s] GC(378) Old regions: 54->55
[2024-04-08T17:14:54.705+0800][56157.679s] GC(378) Humongous regions: 4->4
[2024-04-08T17:14:54.705+0800][56157.679s] GC(378) Metaspace: 67391K(68224K)->67391K(68224K) NonClass: 59859K(60288K)->59859K(60288K) Class: 7532K(7936K)->7532K(7936K)
[2024-04-08T17:14:54.705+0800][56157.679s] GC(378) Pause Young (Normal) (G1 Evacuation Pause) 364M->59M(512M) 2.555ms
[2024-04-08T17:14:54.705+0800][56157.679s] GC(378) User=0.00s Sys=0.00s Real=0.00s
[2024-04-08T17:14:55.976+0800][56158.951s] GC(379) Pause Young (Normal) (G1 Evacuation Pause)
[2024-04-08T17:14:55.976+0800][56158.951s] GC(379) Using 13 workers of 13 for evacuation
[2024-04-08T17:14:55.978+0800][56158.953s] GC(379)   Pre Evacuate Collection Set: 0.3ms
[2024-04-08T17:14:55.978+0800][56158.953s] GC(379)   Merge Heap Roots: 0.1ms
[2024-04-08T17:14:55.978+0800][56158.953s] GC(379)   Evacuate Collection Set: 1.3ms
[2024-04-08T17:14:55.978+0800][56158.953s] GC(379)   Post Evacuate Collection Set: 0.7ms
[2024-04-08T17:14:55.978+0800][56158.953s] GC(379)   Other: 0.1ms
[2024-04-08T17:14:55.978+0800][56158.953s] GC(379) Eden regions: 305->0(304)
[2024-04-08T17:14:55.978+0800][56158.953s] GC(379) Survivor regions: 2->3(39)
[2024-04-08T17:14:55.978+0800][56158.953s] GC(379) Old regions: 55->55
[2024-04-08T17:14:55.978+0800][56158.953s] GC(379) Humongous regions: 4->4
[2024-04-08T17:14:55.978+0800][56158.953s] GC(379) Metaspace: 67391K(68224K)->67391K(68224K) NonClass: 59859K(60288K)->59859K(60288K) Class: 7532K(7936K)->7532K(7936K)
[2024-04-08T17:14:55.978+0800][56158.953s] GC(379) Pause Young (Normal) (G1 Evacuation Pause) 364M->60M(512M) 2.535ms
[2024-04-08T17:14:55.978+0800][56158.953s] GC(379) User=0.05s Sys=0.00s Real=0.00s
[2024-04-08T17:14:57.340+0800][56160.314s] GC(380) Pause Young (Normal) (G1 Evacuation Pause)
[2024-04-08T17:14:57.340+0800][56160.314s] GC(380) Using 13 workers of 13 for evacuation
[2024-04-08T17:14:57.342+0800][56160.317s] GC(380)   Pre Evacuate Collection Set: 0.2ms
[2024-04-08T17:14:57.342+0800][56160.317s] GC(380)   Merge Heap Roots: 0.1ms
[2024-04-08T17:14:57.342+0800][56160.317s] GC(380)   Evacuate Collection Set: 1.4ms
[2024-04-08T17:14:57.342+0800][56160.317s] GC(380)   Post Evacuate Collection Set: 0.5ms
[2024-04-08T17:14:57.342+0800][56160.317s] GC(380)   Other: 0.1ms
[2024-04-08T17:14:57.342+0800][56160.317s] GC(380) Eden regions: 304->0(305)
[2024-04-08T17:14:57.342+0800][56160.317s] GC(380) Survivor regions: 3->2(39)
[2024-04-08T17:14:57.342+0800][56160.317s] GC(380) Old regions: 55->55
[2024-04-08T17:14:57.342+0800][56160.317s] GC(380) Humongous regions: 4->4
[2024-04-08T17:14:57.342+0800][56160.317s] GC(380) Metaspace: 67391K(68224K)->67391K(68224K) NonClass: 59859K(60288K)->59859K(60288K) Class: 7532K(7936K)->7532K(7936K)
[2024-04-08T17:14:57.342+0800][56160.317s] GC(380) Pause Young (Normal) (G1 Evacuation Pause) 364M->59M(512M) 2.479ms
[2024-04-08T17:14:57.342+0800][56160.317s] GC(380) User=0.00s Sys=0.00s Real=0.00s
[2024-04-08T17:14:58.591+0800][56161.566s] GC(381) Pause Young (Normal) (G1 Evacuation Pause)
[2024-04-08T17:14:58.591+0800][56161.566s] GC(381) Using 13 workers of 13 for evacuation
[2024-04-08T17:14:58.594+0800][56161.569s] GC(381)   Pre Evacuate Collection Set: 0.2ms
[2024-04-08T17:14:58.594+0800][56161.569s] GC(381)   Merge Heap Roots: 0.1ms
[2024-04-08T17:14:58.594+0800][56161.569s] GC(381)   Evacuate Collection Set: 1.7ms
[2024-04-08T17:14:58.594+0800][56161.569s] GC(381)   Post Evacuate Collection Set: 0.5ms
[2024-04-08T17:14:58.594+0800][56161.569s] GC(381)   Other: 0.1ms
[2024-04-08T17:14:58.594+0800][56161.569s] GC(381) Eden regions: 305->0(305)
[2024-04-08T17:14:58.594+0800][56161.569s] GC(381) Survivor regions: 2->2(39)
[2024-04-08T17:14:58.594+0800][56161.569s] GC(381) Old regions: 55->55
[2024-04-08T17:14:58.594+0800][56161.569s] GC(381) Humongous regions: 4->4
[2024-04-08T17:14:58.594+0800][56161.569s] GC(381) Metaspace: 67391K(68224K)->67391K(68224K) NonClass: 59859K(60288K)->59859K(60288K) Class: 7532K(7936K)->7532K(7936K)
[2024-04-08T17:14:58.594+0800][56161.569s] GC(381) Pause Young (Normal) (G1 Evacuation Pause) 364M->59M(512M) 2.830ms
[2024-04-08T17:14:58.594+0800][56161.569s] GC(381) User=0.00s Sys=0.00s Real=0.00s
[2024-04-08T17:14:59.981+0800][56162.956s] GC(382) Pause Young (Normal) (G1 Evacuation Pause)
[2024-04-08T17:14:59.981+0800][56162.956s] GC(382) Using 13 workers of 13 for evacuation
[2024-04-08T17:14:59.983+0800][56162.958s] GC(382)   Pre Evacuate Collection Set: 0.2ms
[2024-04-08T17:14:59.983+0800][56162.958s] GC(382)   Merge Heap Roots: 0.1ms
[2024-04-08T17:14:59.983+0800][56162.958s] GC(382)   Evacuate Collection Set: 1.2ms
[2024-04-08T17:14:59.983+0800][56162.958s] GC(382)   Post Evacuate Collection Set: 0.4ms
[2024-04-08T17:14:59.983+0800][56162.958s] GC(382)   Other: 0.1ms
[2024-04-08T17:14:59.983+0800][56162.958s] GC(382) Eden regions: 305->0(305)
[2024-04-08T17:14:59.983+0800][56162.958s] GC(382) Survivor regions: 2->2(39)
[2024-04-08T17:14:59.983+0800][56162.958s] GC(382) Old regions: 55->55
[2024-04-08T17:14:59.983+0800][56162.958s] GC(382) Humongous regions: 4->4
[2024-04-08T17:14:59.983+0800][56162.958s] GC(382) Metaspace: 67391K(68224K)->67391K(68224K) NonClass: 59859K(60288K)->59859K(60288K) Class: 7532K(7936K)->7532K(7936K)
[2024-04-08T17:14:59.983+0800][56162.958s] GC(382) Pause Young (Normal) (G1 Evacuation Pause) 364M->60M(512M) 2.178ms
[2024-04-08T17:14:59.983+0800][56162.958s] GC(382) User=0.00s Sys=0.00s Real=0.00s
[2024-04-08T17:15:01.214+0800][56164.188s] GC(383) Pause Young (Normal) (G1 Evacuation Pause)
[2024-04-08T17:15:01.214+0800][56164.188s] GC(383) Using 13 workers of 13 for evacuation
[2024-04-08T17:15:01.216+0800][56164.190s] GC(383)   Pre Evacuate Collection Set: 0.2ms
[2024-04-08T17:15:01.216+0800][56164.190s] GC(383)   Merge Heap Roots: 0.1ms
[2024-04-08T17:15:01.216+0800][56164.190s] GC(383)   Evacuate Collection Set: 1.2ms
[2024-04-08T17:15:01.216+0800][56164.190s] GC(383)   Post Evacuate Collection Set: 0.4ms
[2024-04-08T17:15:01.216+0800][56164.190s] GC(383)   Other: 0.1ms
[2024-04-08T17:15:01.216+0800][56164.191s] GC(383) Eden regions: 305->0(305)
[2024-04-08T17:15:01.216+0800][56164.191s] GC(383) Survivor regions: 2->2(39)
[2024-04-08T17:15:01.216+0800][56164.191s] GC(383) Old regions: 55->55
[2024-04-08T17:15:01.216+0800][56164.191s] GC(383) Humongous regions: 4->4
[2024-04-08T17:15:01.216+0800][56164.191s] GC(383) Metaspace: 67391K(68224K)->67391K(68224K) NonClass: 59859K(60288K)->59859K(60288K) Class: 7532K(7936K)->7532K(7936K)
[2024-04-08T17:15:01.216+0800][56164.191s] GC(383) Pause Young (Normal) (G1 Evacuation Pause) 365M->59M(512M) 2.263ms
[2024-04-08T17:15:01.216+0800][56164.191s] GC(383) User=0.00s Sys=0.00s Real=0.00s
[2024-04-08T17:15:02.495+0800][56165.470s] GC(384) Pause Young (Normal) (G1 Evacuation Pause)
[2024-04-08T17:15:02.495+0800][56165.470s] GC(384) Using 13 workers of 13 for evacuation
[2024-04-08T17:15:02.498+0800][56165.473s] GC(384)   Pre Evacuate Collection Set: 0.1ms
[2024-04-08T17:15:02.498+0800][56165.473s] GC(384)   Merge Heap Roots: 0.1ms
[2024-04-08T17:15:02.498+0800][56165.473s] GC(384)   Evacuate Collection Set: 1.6ms
[2024-04-08T17:15:02.498+0800][56165.473s] GC(384)   Post Evacuate Collection Set: 0.6ms
[2024-04-08T17:15:02.498+0800][56165.473s] GC(384)   Other: 0.1ms
[2024-04-08T17:15:02.498+0800][56165.473s] GC(384) Eden regions: 305->0(305)
[2024-04-08T17:15:02.498+0800][56165.473s] GC(384) Survivor regions: 2->2(39)
[2024-04-08T17:15:02.498+0800][56165.473s] GC(384) Old regions: 55->55
[2024-04-08T17:15:02.498+0800][56165.473s] GC(384) Humongous regions: 4->4
[2024-04-08T17:15:02.498+0800][56165.473s] GC(384) Metaspace: 67391K(68224K)->67391K(68224K) NonClass: 59859K(60288K)->59859K(60288K) Class: 7532K(7936K)->7532K(7936K)
[2024-04-08T17:15:02.498+0800][56165.473s] GC(384) Pause Young (Normal) (G1 Evacuation Pause) 364M->60M(512M) 2.846ms
[2024-04-08T17:15:02.498+0800][56165.473s] GC(384) User=0.00s Sys=0.00s Real=0.00s
[2024-04-08T17:15:03.816+0800][56166.790s] GC(385) Pause Young (Normal) (G1 Evacuation Pause)
[2024-04-08T17:15:03.816+0800][56166.790s] GC(385) Using 13 workers of 13 for evacuation
[2024-04-08T17:15:03.819+0800][56166.793s] GC(385)   Pre Evacuate Collection Set: 0.2ms
[2024-04-08T17:15:03.819+0800][56166.793s] GC(385)   Merge Heap Roots: 0.2ms
[2024-04-08T17:15:03.819+0800][56166.793s] GC(385)   Evacuate Collection Set: 1.6ms
[2024-04-08T17:15:03.819+0800][56166.793s] GC(385)   Post Evacuate Collection Set: 0.6ms
[2024-04-08T17:15:03.819+0800][56166.793s] GC(385)   Other: 0.1ms
[2024-04-08T17:15:03.819+0800][56166.793s] GC(385) Eden regions: 305->0(305)
[2024-04-08T17:15:03.819+0800][56166.793s] GC(385) Survivor regions: 2->2(39)
[2024-04-08T17:15:03.819+0800][56166.793s] GC(385) Old regions: 55->55
[2024-04-08T17:15:03.819+0800][56166.793s] GC(385) Humongous regions: 4->4
[2024-04-08T17:15:03.819+0800][56166.793s] GC(385) Metaspace: 67391K(68224K)->67391K(68224K) NonClass: 59859K(60288K)->59859K(60288K) Class: 7532K(7936K)->7532K(7936K)
[2024-04-08T17:15:03.819+0800][56166.793s] GC(385) Pause Young (Normal) (G1 Evacuation Pause) 365M->59M(512M) 2.940ms
[2024-04-08T17:15:03.819+0800][56166.793s] GC(385) User=0.00s Sys=0.00s Real=0.00s
[2024-04-08T17:15:05.129+0800][56168.103s] GC(386) Pause Young (Normal) (G1 Evacuation Pause)
[2024-04-08T17:15:05.129+0800][56168.103s] GC(386) Using 13 workers of 13 for evacuation
[2024-04-08T17:15:05.132+0800][56168.106s] GC(386)   Pre Evacuate Collection Set: 0.2ms
[2024-04-08T17:15:05.132+0800][56168.106s] GC(386)   Merge Heap Roots: 0.1ms
[2024-04-08T17:15:05.132+0800][56168.106s] GC(386)   Evacuate Collection Set: 1.5ms
[2024-04-08T17:15:05.132+0800][56168.106s] GC(386)   Post Evacuate Collection Set: 0.6ms
[2024-04-08T17:15:05.132+0800][56168.106s] GC(386)   Other: 0.1ms
[2024-04-08T17:15:05.132+0800][56168.106s] GC(386) Eden regions: 305->0(305)
[2024-04-08T17:15:05.132+0800][56168.106s] GC(386) Survivor regions: 2->2(39)
[2024-04-08T17:15:05.132+0800][56168.106s] GC(386) Old regions: 55->55
[2024-04-08T17:15:05.132+0800][56168.106s] GC(386) Humongous regions: 4->4
[2024-04-08T17:15:05.132+0800][56168.106s] GC(386) Metaspace: 67391K(68224K)->67391K(68224K) NonClass: 59859K(60288K)->59859K(60288K) Class: 7532K(7936K)->7532K(7936K)
[2024-04-08T17:15:05.132+0800][56168.106s] GC(386) Pause Young (Normal) (G1 Evacuation Pause) 364M->59M(512M) 2.751ms
[2024-04-08T17:15:05.132+0800][56168.106s] GC(386) User=0.00s Sys=0.00s Real=0.00s
[2024-04-08T17:15:06.431+0800][56169.405s] GC(387) Pause Young (Normal) (G1 Evacuation Pause)
[2024-04-08T17:15:06.431+0800][56169.405s] GC(387) Using 13 workers of 13 for evacuation
[2024-04-08T17:15:06.433+0800][56169.407s] GC(387)   Pre Evacuate Collection Set: 0.2ms
[2024-04-08T17:15:06.433+0800][56169.407s] GC(387)   Merge Heap Roots: 0.1ms
[2024-04-08T17:15:06.433+0800][56169.407s] GC(387)   Evacuate Collection Set: 1.3ms
[2024-04-08T17:15:06.433+0800][56169.407s] GC(387)   Post Evacuate Collection Set: 0.6ms
[2024-04-08T17:15:06.433+0800][56169.407s] GC(387)   Other: 0.1ms
[2024-04-08T17:15:06.433+0800][56169.407s] GC(387) Eden regions: 305->0(305)
[2024-04-08T17:15:06.433+0800][56169.407s] GC(387) Survivor regions: 2->2(39)
[2024-04-08T17:15:06.433+0800][56169.407s] GC(387) Old regions: 55->55
[2024-04-08T17:15:06.433+0800][56169.407s] GC(387) Humongous regions: 4->4
[2024-04-08T17:15:06.433+0800][56169.407s] GC(387) Metaspace: 67391K(68224K)->67391K(68224K) NonClass: 59859K(60288K)->59859K(60288K) Class: 7532K(7936K)->7532K(7936K)
[2024-04-08T17:15:06.433+0800][56169.407s] GC(387) Pause Young (Normal) (G1 Evacuation Pause) 364M->59M(512M) 2.526ms
[2024-04-08T17:15:06.433+0800][56169.407s] GC(387) User=0.20s Sys=0.00s Real=0.00s
[2024-04-08T17:15:07.751+0800][56170.725s] GC(388) Pause Young (Normal) (G1 Evacuation Pause)
[2024-04-08T17:15:07.751+0800][56170.725s] GC(388) Using 13 workers of 13 for evacuation
[2024-04-08T17:15:07.754+0800][56170.728s] GC(388)   Pre Evacuate Collection Set: 0.2ms
[2024-04-08T17:15:07.754+0800][56170.728s] GC(388)   Merge Heap Roots: 0.1ms
[2024-04-08T17:15:07.754+0800][56170.728s] GC(388)   Evacuate Collection Set: 1.7ms
[2024-04-08T17:15:07.754+0800][56170.728s] GC(388)   Post Evacuate Collection Set: 0.5ms
[2024-04-08T17:15:07.754+0800][56170.728s] GC(388)   Other: 0.1ms
[2024-04-08T17:15:07.754+0800][56170.728s] GC(388) Eden regions: 305->0(305)
[2024-04-08T17:15:07.754+0800][56170.728s] GC(388) Survivor regions: 2->2(39)
[2024-04-08T17:15:07.754+0800][56170.728s] GC(388) Old regions: 55->55
[2024-04-08T17:15:07.754+0800][56170.728s] GC(388) Humongous regions: 4->4
[2024-04-08T17:15:07.754+0800][56170.728s] GC(388) Metaspace: 67391K(68224K)->67391K(68224K) NonClass: 59859K(60288K)->59859K(60288K) Class: 7532K(7936K)->7532K(7936K)
[2024-04-08T17:15:07.754+0800][56170.728s] GC(388) Pause Young (Normal) (G1 Evacuation Pause) 364M->60M(512M) 2.915ms
[2024-04-08T17:15:07.754+0800][56170.728s] GC(388) User=0.00s Sys=0.00s Real=0.00s
[2024-04-08T17:15:09.079+0800][56172.054s] GC(389) Pause Young (Normal) (G1 Evacuation Pause)
[2024-04-08T17:15:09.079+0800][56172.054s] GC(389) Using 13 workers of 13 for evacuation
[2024-04-08T17:15:09.082+0800][56172.056s] GC(389)   Pre Evacuate Collection Set: 0.2ms
[2024-04-08T17:15:09.082+0800][56172.056s] GC(389)   Merge Heap Roots: 0.2ms
[2024-04-08T17:15:09.082+0800][56172.056s] GC(389)   Evacuate Collection Set: 1.3ms
[2024-04-08T17:15:09.082+0800][56172.056s] GC(389)   Post Evacuate Collection Set: 0.5ms
[2024-04-08T17:15:09.082+0800][56172.056s] GC(389)   Other: 0.1ms
[2024-04-08T17:15:09.082+0800][56172.056s] GC(389) Eden regions: 305->0(305)
[2024-04-08T17:15:09.082+0800][56172.056s] GC(389) Survivor regions: 2->2(39)
[2024-04-08T17:15:09.082+0800][56172.056s] GC(389) Old regions: 55->55
[2024-04-08T17:15:09.082+0800][56172.056s] GC(389) Humongous regions: 4->4
[2024-04-08T17:15:09.082+0800][56172.056s] GC(389) Metaspace: 67391K(68224K)->67391K(68224K) NonClass: 59859K(60288K)->59859K(60288K) Class: 7532K(7936K)->7532K(7936K)
[2024-04-08T17:15:09.082+0800][56172.056s] GC(389) Pause Young (Normal) (G1 Evacuation Pause) 365M->59M(512M) 2.430ms
[2024-04-08T17:15:09.082+0800][56172.056s] GC(389) User=0.00s Sys=0.00s Real=0.00s
[2024-04-08T17:15:10.378+0800][56173.353s] GC(390) Pause Young (Normal) (G1 Evacuation Pause)
[2024-04-08T17:15:10.378+0800][56173.353s] GC(390) Using 13 workers of 13 for evacuation
[2024-04-08T17:15:10.381+0800][56173.356s] GC(390)   Pre Evacuate Collection Set: 0.2ms
[2024-04-08T17:15:10.381+0800][56173.356s] GC(390)   Merge Heap Roots: 0.0ms
[2024-04-08T17:15:10.381+0800][56173.356s] GC(390)   Evacuate Collection Set: 2.0ms
[2024-04-08T17:15:10.381+0800][56173.356s] GC(390)   Post Evacuate Collection Set: 0.6ms
[2024-04-08T17:15:10.381+0800][56173.356s] GC(390)   Other: 0.1ms
[2024-04-08T17:15:10.381+0800][56173.356s] GC(390) Eden regions: 305->0(305)
[2024-04-08T17:15:10.381+0800][56173.356s] GC(390) Survivor regions: 2->2(39)
[2024-04-08T17:15:10.381+0800][56173.356s] GC(390) Old regions: 55->55
[2024-04-08T17:15:10.381+0800][56173.356s] GC(390) Humongous regions: 4->4
[2024-04-08T17:15:10.381+0800][56173.356s] GC(390) Metaspace: 67391K(68224K)->67391K(68224K) NonClass: 59859K(60288K)->59859K(60288K) Class: 7532K(7936K)->7532K(7936K)
[2024-04-08T17:15:10.381+0800][56173.356s] GC(390) Pause Young (Normal) (G1 Evacuation Pause) 364M->59M(512M) 3.220ms
[2024-04-08T17:15:10.382+0800][56173.356s] GC(390) User=0.00s Sys=0.00s Real=0.00s
[2024-04-08T17:15:11.698+0800][56174.672s] GC(391) Pause Young (Normal) (G1 Evacuation Pause)
[2024-04-08T17:15:11.698+0800][56174.673s] GC(391) Using 13 workers of 13 for evacuation
[2024-04-08T17:15:11.700+0800][56174.675s] GC(391)   Pre Evacuate Collection Set: 0.1ms
[2024-04-08T17:15:11.700+0800][56174.675s] GC(391)   Merge Heap Roots: 0.1ms
[2024-04-08T17:15:11.700+0800][56174.675s] GC(391)   Evacuate Collection Set: 1.2ms
[2024-04-08T17:15:11.700+0800][56174.675s] GC(391)   Post Evacuate Collection Set: 0.5ms
[2024-04-08T17:15:11.700+0800][56174.675s] GC(391)   Other: 0.1ms
[2024-04-08T17:15:11.700+0800][56174.675s] GC(391) Eden regions: 305->0(305)
[2024-04-08T17:15:11.700+0800][56174.675s] GC(391) Survivor regions: 2->2(39)
[2024-04-08T17:15:11.700+0800][56174.675s] GC(391) Old regions: 55->55
[2024-04-08T17:15:11.700+0800][56174.675s] GC(391) Humongous regions: 4->4
[2024-04-08T17:15:11.700+0800][56174.675s] GC(391) Metaspace: 67391K(68224K)->67391K(68224K) NonClass: 59859K(60288K)->59859K(60288K) Class: 7532K(7936K)->7532K(7936K)
[2024-04-08T17:15:11.700+0800][56174.675s] GC(391) Pause Young (Normal) (G1 Evacuation Pause) 364M->60M(512M) 2.320ms
[2024-04-08T17:15:11.701+0800][56174.675s] GC(391) User=0.00s Sys=0.00s Real=0.00s
[2024-04-08T17:15:13.037+0800][56176.011s] GC(392) Pause Young (Normal) (G1 Evacuation Pause)
[2024-04-08T17:15:13.037+0800][56176.011s] GC(392) Using 13 workers of 13 for evacuation
[2024-04-08T17:15:13.039+0800][56176.013s] GC(392)   Pre Evacuate Collection Set: 0.1ms
[2024-04-08T17:15:13.039+0800][56176.013s] GC(392)   Merge Heap Roots: 0.1ms
[2024-04-08T17:15:13.039+0800][56176.013s] GC(392)   Evacuate Collection Set: 1.5ms
[2024-04-08T17:15:13.039+0800][56176.013s] GC(392)   Post Evacuate Collection Set: 0.4ms
[2024-04-08T17:15:13.039+0800][56176.013s] GC(392)   Other: 0.1ms
[2024-04-08T17:15:13.039+0800][56176.013s] GC(392) Eden regions: 305->0(304)
[2024-04-08T17:15:13.039+0800][56176.013s] GC(392) Survivor regions: 2->3(39)
[2024-04-08T17:15:13.039+0800][56176.013s] GC(392) Old regions: 55->55
[2024-04-08T17:15:13.039+0800][56176.013s] GC(392) Humongous regions: 4->4
[2024-04-08T17:15:13.039+0800][56176.013s] GC(392) Metaspace: 67391K(68224K)->67391K(68224K) NonClass: 59859K(60288K)->59859K(60288K) Class: 7532K(7936K)->7532K(7936K)
[2024-04-08T17:15:13.039+0800][56176.013s] GC(392) Pause Young (Normal) (G1 Evacuation Pause) 365M->60M(512M) 2.423ms
[2024-04-08T17:15:13.039+0800][56176.013s] GC(392) User=0.00s Sys=0.00s Real=0.00s
[2024-04-08T17:15:14.315+0800][56177.290s] GC(393) Pause Young (Normal) (G1 Evacuation Pause)
[2024-04-08T17:15:14.315+0800][56177.290s] GC(393) Using 13 workers of 13 for evacuation
[2024-04-08T17:15:14.317+0800][56177.292s] GC(393)   Pre Evacuate Collection Set: 0.2ms
[2024-04-08T17:15:14.317+0800][56177.292s] GC(393)   Merge Heap Roots: 0.1ms
[2024-04-08T17:15:14.317+0800][56177.292s] GC(393)   Evacuate Collection Set: 1.4ms
[2024-04-08T17:15:14.317+0800][56177.292s] GC(393)   Post Evacuate Collection Set: 0.6ms
[2024-04-08T17:15:14.317+0800][56177.292s] GC(393)   Other: 0.1ms
[2024-04-08T17:15:14.317+0800][56177.292s] GC(393) Eden regions: 304->0(305)
[2024-04-08T17:15:14.317+0800][56177.292s] GC(393) Survivor regions: 3->2(39)
[2024-04-08T17:15:14.317+0800][56177.292s] GC(393) Old regions: 55->55
[2024-04-08T17:15:14.317+0800][56177.292s] GC(393) Humongous regions: 4->4
[2024-04-08T17:15:14.317+0800][56177.292s] GC(393) Metaspace: 67391K(68224K)->67391K(68224K) NonClass: 59859K(60288K)->59859K(60288K) Class: 7532K(7936K)->7532K(7936K)
[2024-04-08T17:15:14.317+0800][56177.292s] GC(393) Pause Young (Normal) (G1 Evacuation Pause) 364M->60M(512M) 2.488ms
[2024-04-08T17:15:14.317+0800][56177.292s] GC(393) User=0.00s Sys=0.00s Real=0.00s
[2024-04-08T17:15:15.664+0800][56178.638s] GC(394) Pause Young (Normal) (G1 Evacuation Pause)
[2024-04-08T17:15:15.664+0800][56178.638s] GC(394) Using 13 workers of 13 for evacuation
[2024-04-08T17:15:15.666+0800][56178.641s] GC(394)   Pre Evacuate Collection Set: 0.1ms
[2024-04-08T17:15:15.666+0800][56178.641s] GC(394)   Merge Heap Roots: 0.1ms
[2024-04-08T17:15:15.666+0800][56178.641s] GC(394)   Evacuate Collection Set: 1.4ms
[2024-04-08T17:15:15.666+0800][56178.641s] GC(394)   Post Evacuate Collection Set: 0.5ms
[2024-04-08T17:15:15.666+0800][56178.641s] GC(394)   Other: 0.1ms
[2024-04-08T17:15:15.666+0800][56178.641s] GC(394) Eden regions: 305->0(305)
[2024-04-08T17:15:15.666+0800][56178.641s] GC(394) Survivor regions: 2->2(39)
[2024-04-08T17:15:15.666+0800][56178.641s] GC(394) Old regions: 55->55
[2024-04-08T17:15:15.666+0800][56178.641s] GC(394) Humongous regions: 4->4
[2024-04-08T17:15:15.666+0800][56178.641s] GC(394) Metaspace: 67391K(68224K)->67391K(68224K) NonClass: 59859K(60288K)->59859K(60288K) Class: 7532K(7936K)->7532K(7936K)
[2024-04-08T17:15:15.666+0800][56178.641s] GC(394) Pause Young (Normal) (G1 Evacuation Pause) 365M->60M(512M) 2.445ms
[2024-04-08T17:15:15.666+0800][56178.641s] GC(394) User=0.02s Sys=0.00s Real=0.00s
[2024-04-08T17:15:16.910+0800][56179.885s] GC(395) Pause Young (Normal) (G1 Evacuation Pause)
[2024-04-08T17:15:16.910+0800][56179.885s] GC(395) Using 13 workers of 13 for evacuation
[2024-04-08T17:15:16.913+0800][56179.888s] GC(395)   Pre Evacuate Collection Set: 0.2ms
[2024-04-08T17:15:16.913+0800][56179.888s] GC(395)   Merge Heap Roots: 0.2ms
[2024-04-08T17:15:16.913+0800][56179.888s] GC(395)   Evacuate Collection Set: 1.4ms
[2024-04-08T17:15:16.913+0800][56179.888s] GC(395)   Post Evacuate Collection Set: 0.6ms
[2024-04-08T17:15:16.913+0800][56179.888s] GC(395)   Other: 0.1ms
[2024-04-08T17:15:16.913+0800][56179.888s] GC(395) Eden regions: 305->0(305)
[2024-04-08T17:15:16.913+0800][56179.888s] GC(395) Survivor regions: 2->2(39)
[2024-04-08T17:15:16.913+0800][56179.888s] GC(395) Old regions: 55->55
[2024-04-08T17:15:16.913+0800][56179.888s] GC(395) Humongous regions: 4->4
[2024-04-08T17:15:16.913+0800][56179.888s] GC(395) Metaspace: 67391K(68224K)->67391K(68224K) NonClass: 59859K(60288K)->59859K(60288K) Class: 7532K(7936K)->7532K(7936K)
[2024-04-08T17:15:16.913+0800][56179.888s] GC(395) Pause Young (Normal) (G1 Evacuation Pause) 365M->60M(512M) 2.627ms
[2024-04-08T17:15:16.913+0800][56179.888s] GC(395) User=0.00s Sys=0.00s Real=0.00s
[2024-04-08T17:15:18.210+0800][56181.185s] GC(396) Pause Young (Normal) (G1 Evacuation Pause)
[2024-04-08T17:15:18.210+0800][56181.185s] GC(396) Using 13 workers of 13 for evacuation
[2024-04-08T17:15:18.212+0800][56181.187s] GC(396)   Pre Evacuate Collection Set: 0.2ms
[2024-04-08T17:15:18.212+0800][56181.187s] GC(396)   Merge Heap Roots: 0.1ms
[2024-04-08T17:15:18.212+0800][56181.187s] GC(396)   Evacuate Collection Set: 1.4ms
[2024-04-08T17:15:18.212+0800][56181.187s] GC(396)   Post Evacuate Collection Set: 0.6ms
[2024-04-08T17:15:18.212+0800][56181.187s] GC(396)   Other: 0.1ms
[2024-04-08T17:15:18.212+0800][56181.187s] GC(396) Eden regions: 305->0(305)
[2024-04-08T17:15:18.212+0800][56181.187s] GC(396) Survivor regions: 2->2(39)
[2024-04-08T17:15:18.212+0800][56181.187s] GC(396) Old regions: 55->55
[2024-04-08T17:15:18.212+0800][56181.187s] GC(396) Humongous regions: 4->4
[2024-04-08T17:15:18.212+0800][56181.187s] GC(396) Metaspace: 67391K(68224K)->67391K(68224K) NonClass: 59859K(60288K)->59859K(60288K) Class: 7532K(7936K)->7532K(7936K)
[2024-04-08T17:15:18.212+0800][56181.187s] GC(396) Pause Young (Normal) (G1 Evacuation Pause) 365M->59M(512M) 2.525ms
[2024-04-08T17:15:18.212+0800][56181.187s] GC(396) User=0.00s Sys=0.00s Real=0.00s
[2024-04-08T17:15:19.462+0800][56182.436s] GC(397) Pause Young (Normal) (G1 Evacuation Pause)
[2024-04-08T17:15:19.462+0800][56182.437s] GC(397) Using 13 workers of 13 for evacuation
[2024-04-08T17:15:19.464+0800][56182.439s] GC(397)   Pre Evacuate Collection Set: 0.2ms
[2024-04-08T17:15:19.464+0800][56182.439s] GC(397)   Merge Heap Roots: 0.1ms
[2024-04-08T17:15:19.464+0800][56182.439s] GC(397)   Evacuate Collection Set: 1.6ms
[2024-04-08T17:15:19.464+0800][56182.439s] GC(397)   Post Evacuate Collection Set: 0.5ms
[2024-04-08T17:15:19.464+0800][56182.439s] GC(397)   Other: 0.1ms
[2024-04-08T17:15:19.464+0800][56182.439s] GC(397) Eden regions: 305->0(304)
[2024-04-08T17:15:19.464+0800][56182.439s] GC(397) Survivor regions: 2->3(39)
[2024-04-08T17:15:19.464+0800][56182.439s] GC(397) Old regions: 55->55
[2024-04-08T17:15:19.464+0800][56182.439s] GC(397) Humongous regions: 4->4
[2024-04-08T17:15:19.464+0800][56182.439s] GC(397) Metaspace: 67391K(68224K)->67391K(68224K) NonClass: 59859K(60288K)->59859K(60288K) Class: 7532K(7936K)->7532K(7936K)
[2024-04-08T17:15:19.464+0800][56182.439s] GC(397) Pause Young (Normal) (G1 Evacuation Pause) 364M->60M(512M) 2.765ms
[2024-04-08T17:15:19.464+0800][56182.439s] GC(397) User=0.14s Sys=0.00s Real=0.00s
[2024-04-08T17:15:20.750+0800][56183.725s] GC(398) Pause Young (Normal) (G1 Evacuation Pause)
[2024-04-08T17:15:20.750+0800][56183.725s] GC(398) Using 13 workers of 13 for evacuation
[2024-04-08T17:15:20.752+0800][56183.727s] GC(398)   Pre Evacuate Collection Set: 0.2ms
[2024-04-08T17:15:20.752+0800][56183.727s] GC(398)   Merge Heap Roots: 0.1ms
[2024-04-08T17:15:20.752+0800][56183.727s] GC(398)   Evacuate Collection Set: 1.2ms
[2024-04-08T17:15:20.752+0800][56183.727s] GC(398)   Post Evacuate Collection Set: 0.4ms
[2024-04-08T17:15:20.752+0800][56183.727s] GC(398)   Other: 0.1ms
[2024-04-08T17:15:20.752+0800][56183.727s] GC(398) Eden regions: 304->0(305)
[2024-04-08T17:15:20.752+0800][56183.727s] GC(398) Survivor regions: 3->2(39)
[2024-04-08T17:15:20.752+0800][56183.727s] GC(398) Old regions: 55->55
[2024-04-08T17:15:20.752+0800][56183.727s] GC(398) Humongous regions: 4->4
[2024-04-08T17:15:20.752+0800][56183.727s] GC(398) Metaspace: 67391K(68224K)->67391K(68224K) NonClass: 59859K(60288K)->59859K(60288K) Class: 7532K(7936K)->7532K(7936K)
[2024-04-08T17:15:20.752+0800][56183.727s] GC(398) Pause Young (Normal) (G1 Evacuation Pause) 364M->60M(512M) 2.234ms
[2024-04-08T17:15:20.752+0800][56183.727s] GC(398) User=0.00s Sys=0.00s Real=0.00s
[2024-04-08T17:15:22.008+0800][56184.983s] GC(399) Pause Young (Normal) (G1 Evacuation Pause)
[2024-04-08T17:15:22.008+0800][56184.983s] GC(399) Using 13 workers of 13 for evacuation
[2024-04-08T17:15:22.011+0800][56184.985s] GC(399)   Pre Evacuate Collection Set: 0.2ms
[2024-04-08T17:15:22.011+0800][56184.985s] GC(399)   Merge Heap Roots: 0.1ms
[2024-04-08T17:15:22.011+0800][56184.985s] GC(399)   Evacuate Collection Set: 1.3ms
[2024-04-08T17:15:22.011+0800][56184.986s] GC(399)   Post Evacuate Collection Set: 0.5ms
[2024-04-08T17:15:22.011+0800][56184.986s] GC(399)   Other: 0.1ms
[2024-04-08T17:15:22.011+0800][56184.986s] GC(399) Eden regions: 305->0(305)
[2024-04-08T17:15:22.011+0800][56184.986s] GC(399) Survivor regions: 2->2(39)
[2024-04-08T17:15:22.011+0800][56184.986s] GC(399) Old regions: 55->55
[2024-04-08T17:15:22.011+0800][56184.986s] GC(399) Humongous regions: 4->4
[2024-04-08T17:15:22.011+0800][56184.986s] GC(399) Metaspace: 67391K(68224K)->67391K(68224K) NonClass: 59859K(60288K)->59859K(60288K) Class: 7532K(7936K)->7532K(7936K)
[2024-04-08T17:15:22.011+0800][56184.986s] GC(399) Pause Young (Normal) (G1 Evacuation Pause) 365M->59M(512M) 2.391ms
[2024-04-08T17:15:22.011+0800][56184.986s] GC(399) User=0.00s Sys=0.00s Real=0.00s
[2024-04-08T17:15:23.304+0800][56186.279s] GC(400) Pause Young (Normal) (G1 Evacuation Pause)
[2024-04-08T17:15:23.304+0800][56186.279s] GC(400) Using 13 workers of 13 for evacuation
[2024-04-08T17:15:23.306+0800][56186.281s] GC(400)   Pre Evacuate Collection Set: 0.2ms
[2024-04-08T17:15:23.306+0800][56186.281s] GC(400)   Merge Heap Roots: 0.1ms
[2024-04-08T17:15:23.306+0800][56186.281s] GC(400)   Evacuate Collection Set: 1.5ms
[2024-04-08T17:15:23.306+0800][56186.281s] GC(400)   Post Evacuate Collection Set: 0.5ms
[2024-04-08T17:15:23.306+0800][56186.281s] GC(400)   Other: 0.1ms
[2024-04-08T17:15:23.306+0800][56186.281s] GC(400) Eden regions: 305->0(305)
[2024-04-08T17:15:23.306+0800][56186.281s] GC(400) Survivor regions: 2->2(39)
[2024-04-08T17:15:23.306+0800][56186.281s] GC(400) Old regions: 55->55
[2024-04-08T17:15:23.306+0800][56186.281s] GC(400) Humongous regions: 4->4
[2024-04-08T17:15:23.306+0800][56186.281s] GC(400) Metaspace: 67391K(68224K)->67391K(68224K) NonClass: 59859K(60288K)->59859K(60288K) Class: 7532K(7936K)->7532K(7936K)
[2024-04-08T17:15:23.306+0800][56186.281s] GC(400) Pause Young (Normal) (G1 Evacuation Pause) 364M->59M(512M) 2.552ms
[2024-04-08T17:15:23.306+0800][56186.281s] GC(400) User=0.03s Sys=0.00s Real=0.00s
[2024-04-08T17:15:24.581+0800][56187.556s] GC(401) Pause Young (Normal) (G1 Evacuation Pause)
[2024-04-08T17:15:24.581+0800][56187.556s] GC(401) Using 13 workers of 13 for evacuation
[2024-04-08T17:15:24.584+0800][56187.559s] GC(401)   Pre Evacuate Collection Set: 0.2ms
[2024-04-08T17:15:24.584+0800][56187.559s] GC(401)   Merge Heap Roots: 0.1ms
[2024-04-08T17:15:24.584+0800][56187.559s] GC(401)   Evacuate Collection Set: 1.7ms
[2024-04-08T17:15:24.584+0800][56187.559s] GC(401)   Post Evacuate Collection Set: 0.5ms
[2024-04-08T17:15:24.584+0800][56187.559s] GC(401)   Other: 0.1ms
[2024-04-08T17:15:24.584+0800][56187.559s] GC(401) Eden regions: 305->0(305)
[2024-04-08T17:15:24.584+0800][56187.559s] GC(401) Survivor regions: 2->2(39)
[2024-04-08T17:15:24.584+0800][56187.559s] GC(401) Old regions: 55->55
[2024-04-08T17:15:24.584+0800][56187.559s] GC(401) Humongous regions: 4->4
[2024-04-08T17:15:24.584+0800][56187.559s] GC(401) Metaspace: 67391K(68224K)->67391K(68224K) NonClass: 59859K(60288K)->59859K(60288K) Class: 7532K(7936K)->7532K(7936K)
[2024-04-08T17:15:24.584+0800][56187.559s] GC(401) Pause Young (Normal) (G1 Evacuation Pause) 364M->59M(512M) 2.764ms
[2024-04-08T17:15:24.584+0800][56187.559s] GC(401) User=0.00s Sys=0.00s Real=0.00s
[2024-04-08T17:15:25.832+0800][56188.807s] GC(402) Pause Young (Normal) (G1 Evacuation Pause)
[2024-04-08T17:15:25.832+0800][56188.807s] GC(402) Using 13 workers of 13 for evacuation
[2024-04-08T17:15:25.834+0800][56188.809s] GC(402)   Pre Evacuate Collection Set: 0.2ms
[2024-04-08T17:15:25.834+0800][56188.809s] GC(402)   Merge Heap Roots: 0.1ms
[2024-04-08T17:15:25.834+0800][56188.809s] GC(402)   Evacuate Collection Set: 1.1ms
[2024-04-08T17:15:25.834+0800][56188.809s] GC(402)   Post Evacuate Collection Set: 0.5ms
[2024-04-08T17:15:25.834+0800][56188.809s] GC(402)   Other: 0.1ms
[2024-04-08T17:15:25.834+0800][56188.809s] GC(402) Eden regions: 305->0(305)
[2024-04-08T17:15:25.834+0800][56188.809s] GC(402) Survivor regions: 2->2(39)
[2024-04-08T17:15:25.834+0800][56188.809s] GC(402) Old regions: 55->55
[2024-04-08T17:15:25.834+0800][56188.809s] GC(402) Humongous regions: 4->4
[2024-04-08T17:15:25.834+0800][56188.809s] GC(402) Metaspace: 67391K(68224K)->67391K(68224K) NonClass: 59859K(60288K)->59859K(60288K) Class: 7532K(7936K)->7532K(7936K)
[2024-04-08T17:15:25.834+0800][56188.809s] GC(402) Pause Young (Normal) (G1 Evacuation Pause) 364M->59M(512M) 2.193ms
[2024-04-08T17:15:25.834+0800][56188.809s] GC(402) User=0.00s Sys=0.00s Real=0.00s
[2024-04-08T17:15:27.132+0800][56190.107s] GC(403) Pause Young (Normal) (G1 Evacuation Pause)
[2024-04-08T17:15:27.132+0800][56190.107s] GC(403) Using 13 workers of 13 for evacuation
[2024-04-08T17:15:27.135+0800][56190.110s] GC(403)   Pre Evacuate Collection Set: 0.2ms
[2024-04-08T17:15:27.135+0800][56190.110s] GC(403)   Merge Heap Roots: 0.1ms
[2024-04-08T17:15:27.135+0800][56190.110s] GC(403)   Evacuate Collection Set: 1.7ms
[2024-04-08T17:15:27.135+0800][56190.110s] GC(403)   Post Evacuate Collection Set: 0.5ms
[2024-04-08T17:15:27.135+0800][56190.110s] GC(403)   Other: 0.1ms
[2024-04-08T17:15:27.135+0800][56190.110s] GC(403) Eden regions: 305->0(305)
[2024-04-08T17:15:27.135+0800][56190.110s] GC(403) Survivor regions: 2->2(39)
[2024-04-08T17:15:27.135+0800][56190.110s] GC(403) Old regions: 55->55
[2024-04-08T17:15:27.135+0800][56190.110s] GC(403) Humongous regions: 4->4
[2024-04-08T17:15:27.135+0800][56190.110s] GC(403) Metaspace: 67391K(68224K)->67391K(68224K) NonClass: 59859K(60288K)->59859K(60288K) Class: 7532K(7936K)->7532K(7936K)
[2024-04-08T17:15:27.135+0800][56190.110s] GC(403) Pause Young (Normal) (G1 Evacuation Pause) 364M->60M(512M) 3.050ms
[2024-04-08T17:15:27.135+0800][56190.110s] GC(403) User=0.02s Sys=0.00s Real=0.00s
[2024-04-08T17:15:28.392+0800][56191.367s] GC(404) Pause Young (Normal) (G1 Evacuation Pause)
[2024-04-08T17:15:28.392+0800][56191.367s] GC(404) Using 13 workers of 13 for evacuation
[2024-04-08T17:15:28.395+0800][56191.370s] GC(404)   Pre Evacuate Collection Set: 0.3ms
[2024-04-08T17:15:28.395+0800][56191.370s] GC(404)   Merge Heap Roots: 0.1ms
[2024-04-08T17:15:28.395+0800][56191.370s] GC(404)   Evacuate Collection Set: 1.4ms
[2024-04-08T17:15:28.395+0800][56191.370s] GC(404)   Post Evacuate Collection Set: 0.6ms
[2024-04-08T17:15:28.395+0800][56191.370s] GC(404)   Other: 0.1ms
[2024-04-08T17:15:28.395+0800][56191.370s] GC(404) Eden regions: 305->0(305)
[2024-04-08T17:15:28.395+0800][56191.370s] GC(404) Survivor regions: 2->2(39)
[2024-04-08T17:15:28.395+0800][56191.370s] GC(404) Old regions: 55->55
[2024-04-08T17:15:28.395+0800][56191.370s] GC(404) Humongous regions: 4->4
[2024-04-08T17:15:28.395+0800][56191.370s] GC(404) Metaspace: 67391K(68224K)->67391K(68224K) NonClass: 59859K(60288K)->59859K(60288K) Class: 7532K(7936K)->7532K(7936K)
[2024-04-08T17:15:28.395+0800][56191.370s] GC(404) Pause Young (Normal) (G1 Evacuation Pause) 365M->60M(512M) 2.556ms
[2024-04-08T17:15:28.395+0800][56191.370s] GC(404) User=0.00s Sys=0.00s Real=0.00s
[2024-04-08T17:15:29.663+0800][56192.638s] GC(405) Pause Young (Normal) (G1 Evacuation Pause)
[2024-04-08T17:15:29.663+0800][56192.638s] GC(405) Using 13 workers of 13 for evacuation
[2024-04-08T17:15:29.666+0800][56192.641s] GC(405)   Pre Evacuate Collection Set: 0.2ms
[2024-04-08T17:15:29.666+0800][56192.641s] GC(405)   Merge Heap Roots: 0.1ms
[2024-04-08T17:15:29.666+0800][56192.641s] GC(405)   Evacuate Collection Set: 1.5ms
[2024-04-08T17:15:29.666+0800][56192.641s] GC(405)   Post Evacuate Collection Set: 0.5ms
[2024-04-08T17:15:29.666+0800][56192.641s] GC(405)   Other: 0.1ms
[2024-04-08T17:15:29.666+0800][56192.641s] GC(405) Eden regions: 305->0(305)
[2024-04-08T17:15:29.666+0800][56192.641s] GC(405) Survivor regions: 2->2(39)
[2024-04-08T17:15:29.666+0800][56192.641s] GC(405) Old regions: 55->55
[2024-04-08T17:15:29.666+0800][56192.641s] GC(405) Humongous regions: 4->4
[2024-04-08T17:15:29.666+0800][56192.641s] GC(405) Metaspace: 67391K(68224K)->67391K(68224K) NonClass: 59859K(60288K)->59859K(60288K) Class: 7532K(7936K)->7532K(7936K)
[2024-04-08T17:15:29.666+0800][56192.641s] GC(405) Pause Young (Normal) (G1 Evacuation Pause) 365M->59M(512M) 2.562ms
[2024-04-08T17:15:29.666+0800][56192.641s] GC(405) User=0.03s Sys=0.00s Real=0.00s
[2024-04-08T17:15:30.923+0800][56193.898s] GC(406) Pause Young (Normal) (G1 Evacuation Pause)
[2024-04-08T17:15:30.923+0800][56193.898s] GC(406) Using 13 workers of 13 for evacuation
[2024-04-08T17:15:30.925+0800][56193.900s] GC(406)   Pre Evacuate Collection Set: 0.1ms
[2024-04-08T17:15:30.925+0800][56193.900s] GC(406)   Merge Heap Roots: 0.1ms
[2024-04-08T17:15:30.925+0800][56193.900s] GC(406)   Evacuate Collection Set: 1.5ms
[2024-04-08T17:15:30.925+0800][56193.900s] GC(406)   Post Evacuate Collection Set: 0.6ms
[2024-04-08T17:15:30.925+0800][56193.900s] GC(406)   Other: 0.1ms
[2024-04-08T17:15:30.925+0800][56193.900s] GC(406) Eden regions: 305->0(305)
[2024-04-08T17:15:30.925+0800][56193.900s] GC(406) Survivor regions: 2->2(39)
[2024-04-08T17:15:30.925+0800][56193.900s] GC(406) Old regions: 55->55
[2024-04-08T17:15:30.925+0800][56193.900s] GC(406) Humongous regions: 4->4
[2024-04-08T17:15:30.925+0800][56193.900s] GC(406) Metaspace: 67391K(68224K)->67391K(68224K) NonClass: 59859K(60288K)->59859K(60288K) Class: 7532K(7936K)->7532K(7936K)
[2024-04-08T17:15:30.925+0800][56193.900s] GC(406) Pause Young (Normal) (G1 Evacuation Pause) 364M->60M(512M) 2.587ms
[2024-04-08T17:15:30.925+0800][56193.900s] GC(406) User=0.00s Sys=0.00s Real=0.00s
[2024-04-08T17:15:32.236+0800][56195.211s] GC(407) Pause Young (Normal) (G1 Evacuation Pause)
[2024-04-08T17:15:32.236+0800][56195.211s] GC(407) Using 13 workers of 13 for evacuation
[2024-04-08T17:15:32.238+0800][56195.213s] GC(407)   Pre Evacuate Collection Set: 0.2ms
[2024-04-08T17:15:32.238+0800][56195.213s] GC(407)   Merge Heap Roots: 0.1ms
[2024-04-08T17:15:32.238+0800][56195.213s] GC(407)   Evacuate Collection Set: 1.2ms
[2024-04-08T17:15:32.238+0800][56195.213s] GC(407)   Post Evacuate Collection Set: 0.5ms
[2024-04-08T17:15:32.238+0800][56195.213s] GC(407)   Other: 0.1ms
[2024-04-08T17:15:32.238+0800][56195.213s] GC(407) Eden regions: 305->0(305)
[2024-04-08T17:15:32.238+0800][56195.213s] GC(407) Survivor regions: 2->2(39)
[2024-04-08T17:15:32.238+0800][56195.213s] GC(407) Old regions: 55->55
[2024-04-08T17:15:32.238+0800][56195.213s] GC(407) Humongous regions: 4->4
[2024-04-08T17:15:32.238+0800][56195.213s] GC(407) Metaspace: 67391K(68224K)->67391K(68224K) NonClass: 59859K(60288K)->59859K(60288K) Class: 7532K(7936K)->7532K(7936K)
[2024-04-08T17:15:32.238+0800][56195.213s] GC(407) Pause Young (Normal) (G1 Evacuation Pause) 365M->59M(512M) 2.257ms
[2024-04-08T17:15:32.238+0800][56195.213s] GC(407) User=0.00s Sys=0.00s Real=0.00s
[2024-04-08T17:15:33.574+0800][56196.548s] GC(408) Pause Young (Normal) (G1 Evacuation Pause)
[2024-04-08T17:15:33.574+0800][56196.549s] GC(408) Using 13 workers of 13 for evacuation
[2024-04-08T17:15:33.577+0800][56196.551s] GC(408)   Pre Evacuate Collection Set: 0.2ms
[2024-04-08T17:15:33.577+0800][56196.551s] GC(408)   Merge Heap Roots: 0.1ms
[2024-04-08T17:15:33.577+0800][56196.551s] GC(408)   Evacuate Collection Set: 1.8ms
[2024-04-08T17:15:33.577+0800][56196.551s] GC(408)   Post Evacuate Collection Set: 0.5ms
[2024-04-08T17:15:33.577+0800][56196.551s] GC(408)   Other: 0.1ms
[2024-04-08T17:15:33.577+0800][56196.551s] GC(408) Eden regions: 305->0(305)
[2024-04-08T17:15:33.577+0800][56196.551s] GC(408) Survivor regions: 2->2(39)
[2024-04-08T17:15:33.577+0800][56196.551s] GC(408) Old regions: 55->55
[2024-04-08T17:15:33.577+0800][56196.551s] GC(408) Humongous regions: 4->4
[2024-04-08T17:15:33.577+0800][56196.551s] GC(408) Metaspace: 67391K(68224K)->67391K(68224K) NonClass: 59859K(60288K)->59859K(60288K) Class: 7532K(7936K)->7532K(7936K)
[2024-04-08T17:15:33.577+0800][56196.551s] GC(408) Pause Young (Normal) (G1 Evacuation Pause) 364M->60M(512M) 2.985ms
[2024-04-08T17:15:33.577+0800][56196.552s] GC(408) User=0.00s Sys=0.00s Real=0.00s
[2024-04-08T17:15:34.897+0800][56197.871s] GC(409) Pause Young (Normal) (G1 Evacuation Pause)
[2024-04-08T17:15:34.897+0800][56197.871s] GC(409) Using 13 workers of 13 for evacuation
[2024-04-08T17:15:34.899+0800][56197.874s] GC(409)   Pre Evacuate Collection Set: 0.2ms
[2024-04-08T17:15:34.899+0800][56197.874s] GC(409)   Merge Heap Roots: 0.1ms
[2024-04-08T17:15:34.899+0800][56197.874s] GC(409)   Evacuate Collection Set: 1.7ms
[2024-04-08T17:15:34.899+0800][56197.874s] GC(409)   Post Evacuate Collection Set: 0.6ms
[2024-04-08T17:15:34.900+0800][56197.874s] GC(409)   Other: 0.1ms
[2024-04-08T17:15:34.900+0800][56197.874s] GC(409) Eden regions: 305->0(305)
[2024-04-08T17:15:34.900+0800][56197.874s] GC(409) Survivor regions: 2->2(39)
[2024-04-08T17:15:34.900+0800][56197.874s] GC(409) Old regions: 55->55
[2024-04-08T17:15:34.900+0800][56197.874s] GC(409) Humongous regions: 4->4
[2024-04-08T17:15:34.900+0800][56197.874s] GC(409) Metaspace: 67391K(68224K)->67391K(68224K) NonClass: 59859K(60288K)->59859K(60288K) Class: 7532K(7936K)->7532K(7936K)
[2024-04-08T17:15:34.900+0800][56197.874s] GC(409) Pause Young (Normal) (G1 Evacuation Pause) 365M->59M(512M) 2.875ms
[2024-04-08T17:15:34.900+0800][56197.874s] GC(409) User=0.00s Sys=0.00s Real=0.00s
[2024-04-08T17:15:36.330+0800][56199.304s] GC(410) Pause Young (Normal) (G1 Evacuation Pause)
[2024-04-08T17:15:36.330+0800][56199.305s] GC(410) Using 13 workers of 13 for evacuation
[2024-04-08T17:15:36.333+0800][56199.307s] GC(410)   Pre Evacuate Collection Set: 0.2ms
[2024-04-08T17:15:36.333+0800][56199.307s] GC(410)   Merge Heap Roots: 0.1ms
[2024-04-08T17:15:36.333+0800][56199.307s] GC(410)   Evacuate Collection Set: 1.5ms
[2024-04-08T17:15:36.333+0800][56199.307s] GC(410)   Post Evacuate Collection Set: 0.5ms
[2024-04-08T17:15:36.333+0800][56199.307s] GC(410)   Other: 0.1ms
[2024-04-08T17:15:36.333+0800][56199.307s] GC(410) Eden regions: 305->0(304)
[2024-04-08T17:15:36.333+0800][56199.307s] GC(410) Survivor regions: 2->3(39)
[2024-04-08T17:15:36.333+0800][56199.307s] GC(410) Old regions: 55->55
[2024-04-08T17:15:36.333+0800][56199.307s] GC(410) Humongous regions: 4->4
[2024-04-08T17:15:36.333+0800][56199.307s] GC(410) Metaspace: 67391K(68224K)->67391K(68224K) NonClass: 59859K(60288K)->59859K(60288K) Class: 7532K(7936K)->7532K(7936K)
[2024-04-08T17:15:36.333+0800][56199.307s] GC(410) Pause Young (Normal) (G1 Evacuation Pause) 364M->60M(512M) 2.717ms
[2024-04-08T17:15:36.333+0800][56199.307s] GC(410) User=0.00s Sys=0.00s Real=0.00s
[2024-04-08T17:15:37.648+0800][56200.622s] GC(411) Pause Young (Normal) (G1 Evacuation Pause)
[2024-04-08T17:15:37.648+0800][56200.622s] GC(411) Using 13 workers of 13 for evacuation
[2024-04-08T17:15:37.650+0800][56200.624s] GC(411)   Pre Evacuate Collection Set: 0.2ms
[2024-04-08T17:15:37.650+0800][56200.624s] GC(411)   Merge Heap Roots: 0.2ms
[2024-04-08T17:15:37.650+0800][56200.624s] GC(411)   Evacuate Collection Set: 1.3ms
[2024-04-08T17:15:37.650+0800][56200.624s] GC(411)   Post Evacuate Collection Set: 0.7ms
[2024-04-08T17:15:37.650+0800][56200.624s] GC(411)   Other: 0.1ms
[2024-04-08T17:15:37.650+0800][56200.624s] GC(411) Eden regions: 304->0(305)
[2024-04-08T17:15:37.650+0800][56200.624s] GC(411) Survivor regions: 3->2(39)
[2024-04-08T17:15:37.650+0800][56200.624s] GC(411) Old regions: 55->55
[2024-04-08T17:15:37.650+0800][56200.624s] GC(411) Humongous regions: 4->4
[2024-04-08T17:15:37.650+0800][56200.624s] GC(411) Metaspace: 67391K(68224K)->67391K(68224K) NonClass: 59859K(60288K)->59859K(60288K) Class: 7532K(7936K)->7532K(7936K)
[2024-04-08T17:15:37.650+0800][56200.624s] GC(411) Pause Young (Normal) (G1 Evacuation Pause) 364M->59M(512M) 2.703ms
[2024-04-08T17:15:37.650+0800][56200.624s] GC(411) User=0.00s Sys=0.00s Real=0.00s
[2024-04-08T17:15:39.017+0800][56201.991s] GC(412) Pause Young (Normal) (G1 Evacuation Pause)
[2024-04-08T17:15:39.017+0800][56201.992s] GC(412) Using 13 workers of 13 for evacuation
[2024-04-08T17:15:39.019+0800][56201.993s] GC(412)   Pre Evacuate Collection Set: 0.2ms
[2024-04-08T17:15:39.019+0800][56201.993s] GC(412)   Merge Heap Roots: 0.2ms
[2024-04-08T17:15:39.019+0800][56201.993s] GC(412)   Evacuate Collection Set: 0.8ms
[2024-04-08T17:15:39.019+0800][56201.993s] GC(412)   Post Evacuate Collection Set: 0.6ms
[2024-04-08T17:15:39.019+0800][56201.993s] GC(412)   Other: 0.1ms
[2024-04-08T17:15:39.019+0800][56201.994s] GC(412) Eden regions: 305->0(305)
[2024-04-08T17:15:39.019+0800][56201.994s] GC(412) Survivor regions: 2->2(39)
[2024-04-08T17:15:39.019+0800][56201.994s] GC(412) Old regions: 55->55
[2024-04-08T17:15:39.019+0800][56201.994s] GC(412) Humongous regions: 4->4
[2024-04-08T17:15:39.019+0800][56201.994s] GC(412) Metaspace: 67391K(68224K)->67391K(68224K) NonClass: 59859K(60288K)->59859K(60288K) Class: 7532K(7936K)->7532K(7936K)
[2024-04-08T17:15:39.019+0800][56201.994s] GC(412) Pause Young (Normal) (G1 Evacuation Pause) 364M->60M(512M) 2.112ms
[2024-04-08T17:15:39.019+0800][56201.994s] GC(412) User=0.00s Sys=0.00s Real=0.00s
[2024-04-08T17:15:40.298+0800][56203.272s] GC(413) Pause Young (Normal) (G1 Evacuation Pause)
[2024-04-08T17:15:40.298+0800][56203.272s] GC(413) Using 13 workers of 13 for evacuation
[2024-04-08T17:15:40.300+0800][56203.275s] GC(413)   Pre Evacuate Collection Set: 0.2ms
[2024-04-08T17:15:40.300+0800][56203.275s] GC(413)   Merge Heap Roots: 0.2ms
[2024-04-08T17:15:40.300+0800][56203.275s] GC(413)   Evacuate Collection Set: 1.2ms
[2024-04-08T17:15:40.300+0800][56203.275s] GC(413)   Post Evacuate Collection Set: 0.5ms
[2024-04-08T17:15:40.300+0800][56203.275s] GC(413)   Other: 0.1ms
[2024-04-08T17:15:40.300+0800][56203.275s] GC(413) Eden regions: 305->0(305)
[2024-04-08T17:15:40.300+0800][56203.275s] GC(413) Survivor regions: 2->2(39)
[2024-04-08T17:15:40.300+0800][56203.275s] GC(413) Old regions: 55->55
[2024-04-08T17:15:40.300+0800][56203.275s] GC(413) Humongous regions: 4->4
[2024-04-08T17:15:40.300+0800][56203.275s] GC(413) Metaspace: 67391K(68224K)->67391K(68224K) NonClass: 59859K(60288K)->59859K(60288K) Class: 7532K(7936K)->7532K(7936K)
[2024-04-08T17:15:40.300+0800][56203.275s] GC(413) Pause Young (Normal) (G1 Evacuation Pause) 365M->60M(512M) 2.405ms
[2024-04-08T17:15:40.300+0800][56203.275s] GC(413) User=0.00s Sys=0.00s Real=0.00s
[2024-04-08T17:15:41.630+0800][56204.605s] GC(414) Pause Young (Normal) (G1 Evacuation Pause)
[2024-04-08T17:15:41.630+0800][56204.605s] GC(414) Using 13 workers of 13 for evacuation
[2024-04-08T17:15:41.633+0800][56204.608s] GC(414)   Pre Evacuate Collection Set: 0.2ms
[2024-04-08T17:15:41.633+0800][56204.608s] GC(414)   Merge Heap Roots: 0.2ms
[2024-04-08T17:15:41.633+0800][56204.608s] GC(414)   Evacuate Collection Set: 1.5ms
[2024-04-08T17:15:41.633+0800][56204.608s] GC(414)   Post Evacuate Collection Set: 0.7ms
[2024-04-08T17:15:41.633+0800][56204.608s] GC(414)   Other: 0.1ms
[2024-04-08T17:15:41.633+0800][56204.608s] GC(414) Eden regions: 305->0(305)
[2024-04-08T17:15:41.633+0800][56204.608s] GC(414) Survivor regions: 2->2(39)
[2024-04-08T17:15:41.633+0800][56204.608s] GC(414) Old regions: 55->55
[2024-04-08T17:15:41.633+0800][56204.608s] GC(414) Humongous regions: 4->4
[2024-04-08T17:15:41.633+0800][56204.608s] GC(414) Metaspace: 67391K(68224K)->67391K(68224K) NonClass: 59859K(60288K)->59859K(60288K) Class: 7532K(7936K)->7532K(7936K)
[2024-04-08T17:15:41.633+0800][56204.608s] GC(414) Pause Young (Normal) (G1 Evacuation Pause) 365M->60M(512M) 2.895ms
[2024-04-08T17:15:41.633+0800][56204.608s] GC(414) User=0.00s Sys=0.00s Real=0.00s
[2024-04-08T17:15:43.087+0800][56206.061s] GC(415) Pause Young (Normal) (G1 Evacuation Pause)
[2024-04-08T17:15:43.087+0800][56206.061s] GC(415) Using 13 workers of 13 for evacuation
[2024-04-08T17:15:43.089+0800][56206.064s] GC(415)   Pre Evacuate Collection Set: 0.2ms
[2024-04-08T17:15:43.089+0800][56206.064s] GC(415)   Merge Heap Roots: 0.1ms
[2024-04-08T17:15:43.089+0800][56206.064s] GC(415)   Evacuate Collection Set: 1.4ms
[2024-04-08T17:15:43.089+0800][56206.064s] GC(415)   Post Evacuate Collection Set: 0.4ms
[2024-04-08T17:15:43.089+0800][56206.064s] GC(415)   Other: 0.1ms
[2024-04-08T17:15:43.089+0800][56206.064s] GC(415) Eden regions: 305->0(305)
[2024-04-08T17:15:43.089+0800][56206.064s] GC(415) Survivor regions: 2->2(39)
[2024-04-08T17:15:43.089+0800][56206.064s] GC(415) Old regions: 55->55
[2024-04-08T17:15:43.089+0800][56206.064s] GC(415) Humongous regions: 4->4
[2024-04-08T17:15:43.089+0800][56206.064s] GC(415) Metaspace: 67391K(68224K)->67391K(68224K) NonClass: 59859K(60288K)->59859K(60288K) Class: 7532K(7936K)->7532K(7936K)
[2024-04-08T17:15:43.089+0800][56206.064s] GC(415) Pause Young (Normal) (G1 Evacuation Pause) 365M->60M(512M) 2.459ms
[2024-04-08T17:15:43.089+0800][56206.064s] GC(415) User=0.05s Sys=0.00s Real=0.00s
[2024-04-08T17:15:44.479+0800][56207.453s] GC(416) Pause Young (Normal) (G1 Evacuation Pause)
[2024-04-08T17:15:44.479+0800][56207.453s] GC(416) Using 13 workers of 13 for evacuation
[2024-04-08T17:15:44.481+0800][56207.455s] GC(416)   Pre Evacuate Collection Set: 0.2ms
[2024-04-08T17:15:44.481+0800][56207.455s] GC(416)   Merge Heap Roots: 0.1ms
[2024-04-08T17:15:44.481+0800][56207.455s] GC(416)   Evacuate Collection Set: 1.4ms
[2024-04-08T17:15:44.481+0800][56207.455s] GC(416)   Post Evacuate Collection Set: 0.6ms
[2024-04-08T17:15:44.481+0800][56207.455s] GC(416)   Other: 0.1ms
[2024-04-08T17:15:44.481+0800][56207.455s] GC(416) Eden regions: 305->0(305)
[2024-04-08T17:15:44.481+0800][56207.455s] GC(416) Survivor regions: 2->2(39)
[2024-04-08T17:15:44.481+0800][56207.455s] GC(416) Old regions: 55->55
[2024-04-08T17:15:44.481+0800][56207.455s] GC(416) Humongous regions: 4->4
[2024-04-08T17:15:44.481+0800][56207.455s] GC(416) Metaspace: 67391K(68224K)->67391K(68224K) NonClass: 59859K(60288K)->59859K(60288K) Class: 7532K(7936K)->7532K(7936K)
[2024-04-08T17:15:44.481+0800][56207.455s] GC(416) Pause Young (Normal) (G1 Evacuation Pause) 365M->60M(512M) 2.510ms
[2024-04-08T17:15:44.481+0800][56207.455s] GC(416) User=0.00s Sys=0.00s Real=0.00s
[2024-04-08T17:15:45.821+0800][56208.795s] GC(417) Pause Young (Normal) (G1 Evacuation Pause)
[2024-04-08T17:15:45.821+0800][56208.795s] GC(417) Using 13 workers of 13 for evacuation
[2024-04-08T17:15:45.824+0800][56208.798s] GC(417)   Pre Evacuate Collection Set: 0.2ms
[2024-04-08T17:15:45.824+0800][56208.798s] GC(417)   Merge Heap Roots: 0.1ms
[2024-04-08T17:15:45.824+0800][56208.798s] GC(417)   Evacuate Collection Set: 1.5ms
[2024-04-08T17:15:45.824+0800][56208.798s] GC(417)   Post Evacuate Collection Set: 0.6ms
[2024-04-08T17:15:45.824+0800][56208.798s] GC(417)   Other: 0.1ms
[2024-04-08T17:15:45.824+0800][56208.798s] GC(417) Eden regions: 305->0(305)
[2024-04-08T17:15:45.824+0800][56208.798s] GC(417) Survivor regions: 2->2(39)
[2024-04-08T17:15:45.824+0800][56208.798s] GC(417) Old regions: 55->55
[2024-04-08T17:15:45.824+0800][56208.798s] GC(417) Humongous regions: 4->4
[2024-04-08T17:15:45.824+0800][56208.798s] GC(417) Metaspace: 67391K(68224K)->67391K(68224K) NonClass: 59859K(60288K)->59859K(60288K) Class: 7532K(7936K)->7532K(7936K)
[2024-04-08T17:15:45.824+0800][56208.798s] GC(417) Pause Young (Normal) (G1 Evacuation Pause) 365M->60M(512M) 2.777ms
[2024-04-08T17:15:45.824+0800][56208.798s] GC(417) User=0.03s Sys=0.00s Real=0.00s
[2024-04-08T17:15:47.201+0800][56210.175s] GC(418) Pause Young (Normal) (G1 Evacuation Pause)
[2024-04-08T17:15:47.201+0800][56210.175s] GC(418) Using 13 workers of 13 for evacuation
[2024-04-08T17:15:47.202+0800][56210.177s] GC(418)   Pre Evacuate Collection Set: 0.1ms
[2024-04-08T17:15:47.202+0800][56210.177s] GC(418)   Merge Heap Roots: 0.1ms
[2024-04-08T17:15:47.202+0800][56210.177s] GC(418)   Evacuate Collection Set: 1.1ms
[2024-04-08T17:15:47.202+0800][56210.177s] GC(418)   Post Evacuate Collection Set: 0.3ms
[2024-04-08T17:15:47.202+0800][56210.177s] GC(418)   Other: 0.1ms
[2024-04-08T17:15:47.202+0800][56210.177s] GC(418) Eden regions: 305->0(305)
[2024-04-08T17:15:47.202+0800][56210.177s] GC(418) Survivor regions: 2->2(39)
[2024-04-08T17:15:47.202+0800][56210.177s] GC(418) Old regions: 55->55
[2024-04-08T17:15:47.202+0800][56210.177s] GC(418) Humongous regions: 4->4
[2024-04-08T17:15:47.202+0800][56210.177s] GC(418) Metaspace: 67391K(68224K)->67391K(68224K) NonClass: 59859K(60288K)->59859K(60288K) Class: 7532K(7936K)->7532K(7936K)
[2024-04-08T17:15:47.202+0800][56210.177s] GC(418) Pause Young (Normal) (G1 Evacuation Pause) 365M->60M(512M) 1.876ms
[2024-04-08T17:15:47.202+0800][56210.177s] GC(418) User=0.00s Sys=0.00s Real=0.00s
[2024-04-08T17:15:48.569+0800][56211.543s] GC(419) Pause Young (Normal) (G1 Evacuation Pause)
[2024-04-08T17:15:48.569+0800][56211.543s] GC(419) Using 13 workers of 13 for evacuation
[2024-04-08T17:15:48.571+0800][56211.545s] GC(419)   Pre Evacuate Collection Set: 0.2ms
[2024-04-08T17:15:48.571+0800][56211.545s] GC(419)   Merge Heap Roots: 0.1ms
[2024-04-08T17:15:48.571+0800][56211.545s] GC(419)   Evacuate Collection Set: 1.4ms
[2024-04-08T17:15:48.571+0800][56211.545s] GC(419)   Post Evacuate Collection Set: 0.5ms
[2024-04-08T17:15:48.571+0800][56211.545s] GC(419)   Other: 0.1ms
[2024-04-08T17:15:48.571+0800][56211.545s] GC(419) Eden regions: 305->0(305)
[2024-04-08T17:15:48.571+0800][56211.545s] GC(419) Survivor regions: 2->2(39)
[2024-04-08T17:15:48.571+0800][56211.545s] GC(419) Old regions: 55->55
[2024-04-08T17:15:48.571+0800][56211.545s] GC(419) Humongous regions: 4->4
[2024-04-08T17:15:48.571+0800][56211.545s] GC(419) Metaspace: 67391K(68224K)->67391K(68224K) NonClass: 59859K(60288K)->59859K(60288K) Class: 7532K(7936K)->7532K(7936K)
[2024-04-08T17:15:48.571+0800][56211.545s] GC(419) Pause Young (Normal) (G1 Evacuation Pause) 365M->60M(512M) 2.502ms
[2024-04-08T17:15:48.571+0800][56211.545s] GC(419) User=0.00s Sys=0.00s Real=0.00s
[2024-04-08T17:15:49.956+0800][56212.930s] GC(420) Pause Young (Normal) (G1 Evacuation Pause)
[2024-04-08T17:15:49.956+0800][56212.930s] GC(420) Using 13 workers of 13 for evacuation
[2024-04-08T17:15:49.959+0800][56212.933s] GC(420)   Pre Evacuate Collection Set: 0.2ms
[2024-04-08T17:15:49.959+0800][56212.933s] GC(420)   Merge Heap Roots: 0.1ms
[2024-04-08T17:15:49.959+0800][56212.933s] GC(420)   Evacuate Collection Set: 1.4ms
[2024-04-08T17:15:49.959+0800][56212.933s] GC(420)   Post Evacuate Collection Set: 0.6ms
[2024-04-08T17:15:49.959+0800][56212.933s] GC(420)   Other: 0.1ms
[2024-04-08T17:15:49.959+0800][56212.933s] GC(420) Eden regions: 305->0(305)
[2024-04-08T17:15:49.959+0800][56212.933s] GC(420) Survivor regions: 2->2(39)
[2024-04-08T17:15:49.959+0800][56212.933s] GC(420) Old regions: 55->55
[2024-04-08T17:15:49.959+0800][56212.933s] GC(420) Humongous regions: 4->4
[2024-04-08T17:15:49.959+0800][56212.933s] GC(420) Metaspace: 67391K(68224K)->67391K(68224K) NonClass: 59859K(60288K)->59859K(60288K) Class: 7532K(7936K)->7532K(7936K)
[2024-04-08T17:15:49.959+0800][56212.933s] GC(420) Pause Young (Normal) (G1 Evacuation Pause) 365M->60M(512M) 2.599ms
[2024-04-08T17:15:49.959+0800][56212.933s] GC(420) User=0.00s Sys=0.00s Real=0.00s
[2024-04-08T17:15:51.454+0800][56214.428s] GC(421) Pause Young (Normal) (G1 Evacuation Pause)
[2024-04-08T17:15:51.454+0800][56214.428s] GC(421) Using 13 workers of 13 for evacuation
[2024-04-08T17:15:51.456+0800][56214.431s] GC(421)   Pre Evacuate Collection Set: 0.2ms
[2024-04-08T17:15:51.456+0800][56214.431s] GC(421)   Merge Heap Roots: 0.1ms
[2024-04-08T17:15:51.456+0800][56214.431s] GC(421)   Evacuate Collection Set: 1.4ms
[2024-04-08T17:15:51.456+0800][56214.431s] GC(421)   Post Evacuate Collection Set: 0.6ms
[2024-04-08T17:15:51.456+0800][56214.431s] GC(421)   Other: 0.1ms
[2024-04-08T17:15:51.456+0800][56214.431s] GC(421) Eden regions: 305->0(305)
[2024-04-08T17:15:51.456+0800][56214.431s] GC(421) Survivor regions: 2->2(39)
[2024-04-08T17:15:51.456+0800][56214.431s] GC(421) Old regions: 55->56
[2024-04-08T17:15:51.456+0800][56214.431s] GC(421) Humongous regions: 4->4
[2024-04-08T17:15:51.456+0800][56214.431s] GC(421) Metaspace: 67391K(68224K)->67391K(68224K) NonClass: 59859K(60288K)->59859K(60288K) Class: 7532K(7936K)->7532K(7936K)
[2024-04-08T17:15:51.456+0800][56214.431s] GC(421) Pause Young (Normal) (G1 Evacuation Pause) 365M->60M(512M) 2.591ms
[2024-04-08T17:15:51.456+0800][56214.431s] GC(421) User=0.00s Sys=0.00s Real=0.00s
[2024-04-08T17:15:52.732+0800][56215.707s] GC(422) Pause Young (Normal) (G1 Evacuation Pause)
[2024-04-08T17:15:52.732+0800][56215.707s] GC(422) Using 13 workers of 13 for evacuation
[2024-04-08T17:15:52.735+0800][56215.709s] GC(422)   Pre Evacuate Collection Set: 0.2ms
[2024-04-08T17:15:52.735+0800][56215.709s] GC(422)   Merge Heap Roots: 0.1ms
[2024-04-08T17:15:52.735+0800][56215.709s] GC(422)   Evacuate Collection Set: 1.4ms
[2024-04-08T17:15:52.735+0800][56215.709s] GC(422)   Post Evacuate Collection Set: 0.5ms
[2024-04-08T17:15:52.735+0800][56215.709s] GC(422)   Other: 0.1ms
[2024-04-08T17:15:52.735+0800][56215.709s] GC(422) Eden regions: 305->0(304)
[2024-04-08T17:15:52.735+0800][56215.709s] GC(422) Survivor regions: 2->3(39)
[2024-04-08T17:15:52.735+0800][56215.709s] GC(422) Old regions: 56->56
[2024-04-08T17:15:52.735+0800][56215.709s] GC(422) Humongous regions: 4->4
[2024-04-08T17:15:52.735+0800][56215.709s] GC(422) Metaspace: 67391K(68224K)->67391K(68224K) NonClass: 59859K(60288K)->59859K(60288K) Class: 7532K(7936K)->7532K(7936K)
[2024-04-08T17:15:52.735+0800][56215.709s] GC(422) Pause Young (Normal) (G1 Evacuation Pause) 365M->61M(512M) 2.674ms
[2024-04-08T17:15:52.735+0800][56215.710s] GC(422) User=0.00s Sys=0.00s Real=0.00s
[2024-04-08T17:15:53.994+0800][56216.969s] GC(423) Pause Young (Normal) (G1 Evacuation Pause)
[2024-04-08T17:15:53.994+0800][56216.969s] GC(423) Using 13 workers of 13 for evacuation
[2024-04-08T17:15:53.997+0800][56216.972s] GC(423)   Pre Evacuate Collection Set: 0.2ms
[2024-04-08T17:15:53.997+0800][56216.972s] GC(423)   Merge Heap Roots: 0.1ms
[2024-04-08T17:15:53.997+0800][56216.972s] GC(423)   Evacuate Collection Set: 1.4ms
[2024-04-08T17:15:53.997+0800][56216.972s] GC(423)   Post Evacuate Collection Set: 0.6ms
[2024-04-08T17:15:53.997+0800][56216.972s] GC(423)   Other: 0.1ms
[2024-04-08T17:15:53.997+0800][56216.972s] GC(423) Eden regions: 304->0(305)
[2024-04-08T17:15:53.997+0800][56216.972s] GC(423) Survivor regions: 3->2(39)
[2024-04-08T17:15:53.997+0800][56216.972s] GC(423) Old regions: 56->56
[2024-04-08T17:15:53.997+0800][56216.972s] GC(423) Humongous regions: 4->4
[2024-04-08T17:15:53.997+0800][56216.972s] GC(423) Metaspace: 67391K(68224K)->67391K(68224K) NonClass: 59859K(60288K)->59859K(60288K) Class: 7532K(7936K)->7532K(7936K)
[2024-04-08T17:15:53.997+0800][56216.972s] GC(423) Pause Young (Normal) (G1 Evacuation Pause) 365M->60M(512M) 2.580ms
[2024-04-08T17:15:53.997+0800][56216.972s] GC(423) User=0.00s Sys=0.00s Real=0.00s
[2024-04-08T17:15:55.474+0800][56218.448s] GC(424) Pause Young (Normal) (G1 Evacuation Pause)
[2024-04-08T17:15:55.474+0800][56218.448s] GC(424) Using 13 workers of 13 for evacuation
[2024-04-08T17:15:55.477+0800][56218.451s] GC(424)   Pre Evacuate Collection Set: 0.1ms
[2024-04-08T17:15:55.477+0800][56218.451s] GC(424)   Merge Heap Roots: 0.1ms
[2024-04-08T17:15:55.477+0800][56218.451s] GC(424)   Evacuate Collection Set: 1.5ms
[2024-04-08T17:15:55.477+0800][56218.451s] GC(424)   Post Evacuate Collection Set: 0.6ms
[2024-04-08T17:15:55.477+0800][56218.451s] GC(424)   Other: 0.1ms
[2024-04-08T17:15:55.477+0800][56218.451s] GC(424) Eden regions: 305->0(305)
[2024-04-08T17:15:55.477+0800][56218.451s] GC(424) Survivor regions: 2->2(39)
[2024-04-08T17:15:55.477+0800][56218.451s] GC(424) Old regions: 56->56
[2024-04-08T17:15:55.477+0800][56218.451s] GC(424) Humongous regions: 4->4
[2024-04-08T17:15:55.477+0800][56218.451s] GC(424) Metaspace: 67391K(68224K)->67391K(68224K) NonClass: 59859K(60288K)->59859K(60288K) Class: 7532K(7936K)->7532K(7936K)
[2024-04-08T17:15:55.477+0800][56218.451s] GC(424) Pause Young (Normal) (G1 Evacuation Pause) 365M->60M(512M) 2.681ms
[2024-04-08T17:15:55.477+0800][56218.451s] GC(424) User=0.00s Sys=0.00s Real=0.00s
[2024-04-08T17:15:56.934+0800][56219.908s] GC(425) Pause Young (Normal) (G1 Evacuation Pause)
[2024-04-08T17:15:56.934+0800][56219.908s] GC(425) Using 13 workers of 13 for evacuation
[2024-04-08T17:15:56.936+0800][56219.911s] GC(425)   Pre Evacuate Collection Set: 0.3ms
[2024-04-08T17:15:56.936+0800][56219.911s] GC(425)   Merge Heap Roots: 0.1ms
[2024-04-08T17:15:56.936+0800][56219.911s] GC(425)   Evacuate Collection Set: 1.5ms
[2024-04-08T17:15:56.936+0800][56219.911s] GC(425)   Post Evacuate Collection Set: 0.7ms
[2024-04-08T17:15:56.936+0800][56219.911s] GC(425)   Other: 0.1ms
[2024-04-08T17:15:56.936+0800][56219.911s] GC(425) Eden regions: 305->0(305)
[2024-04-08T17:15:56.936+0800][56219.911s] GC(425) Survivor regions: 2->2(39)
[2024-04-08T17:15:56.936+0800][56219.911s] GC(425) Old regions: 56->56
[2024-04-08T17:15:56.936+0800][56219.911s] GC(425) Humongous regions: 4->4
[2024-04-08T17:15:56.936+0800][56219.911s] GC(425) Metaspace: 67391K(68224K)->67391K(68224K) NonClass: 59859K(60288K)->59859K(60288K) Class: 7532K(7936K)->7532K(7936K)
[2024-04-08T17:15:56.936+0800][56219.911s] GC(425) Pause Young (Normal) (G1 Evacuation Pause) 365M->60M(512M) 2.757ms
[2024-04-08T17:15:56.936+0800][56219.911s] GC(425) User=0.00s Sys=0.00s Real=0.00s
[2024-04-08T17:15:58.279+0800][56221.254s] GC(426) Pause Young (Normal) (G1 Evacuation Pause)
[2024-04-08T17:15:58.279+0800][56221.254s] GC(426) Using 13 workers of 13 for evacuation
[2024-04-08T17:15:58.282+0800][56221.256s] GC(426)   Pre Evacuate Collection Set: 0.2ms
[2024-04-08T17:15:58.282+0800][56221.256s] GC(426)   Merge Heap Roots: 0.2ms
[2024-04-08T17:15:58.282+0800][56221.256s] GC(426)   Evacuate Collection Set: 1.5ms
[2024-04-08T17:15:58.282+0800][56221.256s] GC(426)   Post Evacuate Collection Set: 0.5ms
[2024-04-08T17:15:58.282+0800][56221.256s] GC(426)   Other: 0.1ms
[2024-04-08T17:15:58.282+0800][56221.256s] GC(426) Eden regions: 305->0(305)
[2024-04-08T17:15:58.282+0800][56221.256s] GC(426) Survivor regions: 2->2(39)
[2024-04-08T17:15:58.282+0800][56221.256s] GC(426) Old regions: 56->56
[2024-04-08T17:15:58.282+0800][56221.256s] GC(426) Humongous regions: 4->4
[2024-04-08T17:15:58.282+0800][56221.256s] GC(426) Metaspace: 67391K(68224K)->67391K(68224K) NonClass: 59859K(60288K)->59859K(60288K) Class: 7532K(7936K)->7532K(7936K)
[2024-04-08T17:15:58.282+0800][56221.256s] GC(426) Pause Young (Normal) (G1 Evacuation Pause) 365M->60M(512M) 2.645ms
[2024-04-08T17:15:58.282+0800][56221.256s] GC(426) User=0.00s Sys=0.00s Real=0.00s
[2024-04-08T17:15:59.637+0800][56222.611s] GC(427) Pause Young (Normal) (G1 Evacuation Pause)
[2024-04-08T17:15:59.637+0800][56222.611s] GC(427) Using 13 workers of 13 for evacuation
[2024-04-08T17:15:59.639+0800][56222.613s] GC(427)   Pre Evacuate Collection Set: 0.2ms
[2024-04-08T17:15:59.639+0800][56222.613s] GC(427)   Merge Heap Roots: 0.1ms
[2024-04-08T17:15:59.639+0800][56222.613s] GC(427)   Evacuate Collection Set: 1.5ms
[2024-04-08T17:15:59.639+0800][56222.613s] GC(427)   Post Evacuate Collection Set: 0.5ms
[2024-04-08T17:15:59.639+0800][56222.613s] GC(427)   Other: 0.1ms
[2024-04-08T17:15:59.639+0800][56222.613s] GC(427) Eden regions: 305->0(305)
[2024-04-08T17:15:59.639+0800][56222.614s] GC(427) Survivor regions: 2->2(39)
[2024-04-08T17:15:59.639+0800][56222.614s] GC(427) Old regions: 56->56
[2024-04-08T17:15:59.639+0800][56222.614s] GC(427) Humongous regions: 4->4
[2024-04-08T17:15:59.639+0800][56222.614s] GC(427) Metaspace: 67391K(68224K)->67391K(68224K) NonClass: 59859K(60288K)->59859K(60288K) Class: 7532K(7936K)->7532K(7936K)
[2024-04-08T17:15:59.639+0800][56222.614s] GC(427) Pause Young (Normal) (G1 Evacuation Pause) 365M->61M(512M) 2.670ms
[2024-04-08T17:15:59.639+0800][56222.614s] GC(427) User=0.00s Sys=0.00s Real=0.00s
[2024-04-08T17:16:01.074+0800][56224.049s] GC(428) Pause Young (Normal) (G1 Evacuation Pause)
[2024-04-08T17:16:01.074+0800][56224.049s] GC(428) Using 13 workers of 13 for evacuation
[2024-04-08T17:16:01.076+0800][56224.051s] GC(428)   Pre Evacuate Collection Set: 0.1ms
[2024-04-08T17:16:01.076+0800][56224.051s] GC(428)   Merge Heap Roots: 0.1ms
[2024-04-08T17:16:01.076+0800][56224.051s] GC(428)   Evacuate Collection Set: 1.5ms
[2024-04-08T17:16:01.076+0800][56224.051s] GC(428)   Post Evacuate Collection Set: 0.5ms
[2024-04-08T17:16:01.076+0800][56224.051s] GC(428)   Other: 0.1ms
[2024-04-08T17:16:01.076+0800][56224.051s] GC(428) Eden regions: 305->0(305)
[2024-04-08T17:16:01.076+0800][56224.051s] GC(428) Survivor regions: 2->2(39)
[2024-04-08T17:16:01.076+0800][56224.051s] GC(428) Old regions: 56->56
[2024-04-08T17:16:01.076+0800][56224.051s] GC(428) Humongous regions: 4->4
[2024-04-08T17:16:01.076+0800][56224.051s] GC(428) Metaspace: 67391K(68224K)->67391K(68224K) NonClass: 59859K(60288K)->59859K(60288K) Class: 7532K(7936K)->7532K(7936K)
[2024-04-08T17:16:01.076+0800][56224.051s] GC(428) Pause Young (Normal) (G1 Evacuation Pause) 366M->61M(512M) 2.592ms
[2024-04-08T17:16:01.076+0800][56224.051s] GC(428) User=0.00s Sys=0.00s Real=0.00s
[2024-04-08T17:16:02.390+0800][56225.364s] GC(429) Pause Young (Normal) (G1 Evacuation Pause)
[2024-04-08T17:16:02.390+0800][56225.364s] GC(429) Using 13 workers of 13 for evacuation
[2024-04-08T17:16:02.392+0800][56225.367s] GC(429)   Pre Evacuate Collection Set: 0.2ms
[2024-04-08T17:16:02.392+0800][56225.367s] GC(429)   Merge Heap Roots: 0.1ms
[2024-04-08T17:16:02.392+0800][56225.367s] GC(429)   Evacuate Collection Set: 1.5ms
[2024-04-08T17:16:02.392+0800][56225.367s] GC(429)   Post Evacuate Collection Set: 0.5ms
[2024-04-08T17:16:02.392+0800][56225.367s] GC(429)   Other: 0.1ms
[2024-04-08T17:16:02.392+0800][56225.367s] GC(429) Eden regions: 305->0(305)
[2024-04-08T17:16:02.392+0800][56225.367s] GC(429) Survivor regions: 2->2(39)
[2024-04-08T17:16:02.392+0800][56225.367s] GC(429) Old regions: 56->56
[2024-04-08T17:16:02.392+0800][56225.367s] GC(429) Humongous regions: 4->4
[2024-04-08T17:16:02.392+0800][56225.367s] GC(429) Metaspace: 67391K(68224K)->67391K(68224K) NonClass: 59859K(60288K)->59859K(60288K) Class: 7532K(7936K)->7532K(7936K)
[2024-04-08T17:16:02.392+0800][56225.367s] GC(429) Pause Young (Normal) (G1 Evacuation Pause) 366M->60M(512M) 2.522ms
[2024-04-08T17:16:02.392+0800][56225.367s] GC(429) User=0.00s Sys=0.00s Real=0.00s
[2024-04-08T17:16:03.716+0800][56226.691s] GC(430) Pause Young (Normal) (G1 Evacuation Pause)
[2024-04-08T17:16:03.717+0800][56226.691s] GC(430) Using 13 workers of 13 for evacuation
[2024-04-08T17:16:03.719+0800][56226.694s] GC(430)   Pre Evacuate Collection Set: 0.1ms
[2024-04-08T17:16:03.719+0800][56226.694s] GC(430)   Merge Heap Roots: 0.1ms
[2024-04-08T17:16:03.719+0800][56226.694s] GC(430)   Evacuate Collection Set: 1.8ms
[2024-04-08T17:16:03.719+0800][56226.694s] GC(430)   Post Evacuate Collection Set: 0.6ms
[2024-04-08T17:16:03.719+0800][56226.694s] GC(430)   Other: 0.1ms
[2024-04-08T17:16:03.719+0800][56226.694s] GC(430) Eden regions: 305->0(305)
[2024-04-08T17:16:03.719+0800][56226.694s] GC(430) Survivor regions: 2->2(39)
[2024-04-08T17:16:03.719+0800][56226.694s] GC(430) Old regions: 56->56
[2024-04-08T17:16:03.719+0800][56226.694s] GC(430) Humongous regions: 4->4
[2024-04-08T17:16:03.719+0800][56226.694s] GC(430) Metaspace: 67391K(68224K)->67391K(68224K) NonClass: 59859K(60288K)->59859K(60288K) Class: 7532K(7936K)->7532K(7936K)
[2024-04-08T17:16:03.719+0800][56226.694s] GC(430) Pause Young (Normal) (G1 Evacuation Pause) 365M->61M(512M) 2.952ms
[2024-04-08T17:16:03.719+0800][56226.694s] GC(430) User=0.00s Sys=0.00s Real=0.00s
[2024-04-08T17:16:05.050+0800][56228.025s] GC(431) Pause Young (Normal) (G1 Evacuation Pause)
[2024-04-08T17:16:05.050+0800][56228.025s] GC(431) Using 13 workers of 13 for evacuation
[2024-04-08T17:16:05.053+0800][56228.028s] GC(431)   Pre Evacuate Collection Set: 0.2ms
[2024-04-08T17:16:05.053+0800][56228.028s] GC(431)   Merge Heap Roots: 0.2ms
[2024-04-08T17:16:05.053+0800][56228.028s] GC(431)   Evacuate Collection Set: 1.6ms
[2024-04-08T17:16:05.053+0800][56228.028s] GC(431)   Post Evacuate Collection Set: 0.6ms
[2024-04-08T17:16:05.053+0800][56228.028s] GC(431)   Other: 0.1ms
[2024-04-08T17:16:05.053+0800][56228.028s] GC(431) Eden regions: 305->0(305)
[2024-04-08T17:16:05.053+0800][56228.028s] GC(431) Survivor regions: 2->2(39)
[2024-04-08T17:16:05.053+0800][56228.028s] GC(431) Old regions: 56->56
[2024-04-08T17:16:05.053+0800][56228.028s] GC(431) Humongous regions: 4->4
[2024-04-08T17:16:05.053+0800][56228.028s] GC(431) Metaspace: 67391K(68224K)->67391K(68224K) NonClass: 59859K(60288K)->59859K(60288K) Class: 7532K(7936K)->7532K(7936K)
[2024-04-08T17:16:05.053+0800][56228.028s] GC(431) Pause Young (Normal) (G1 Evacuation Pause) 366M->60M(512M) 2.794ms
[2024-04-08T17:16:05.053+0800][56228.028s] GC(431) User=0.00s Sys=0.00s Real=0.00s
[2024-04-08T17:16:06.355+0800][56229.329s] GC(432) Pause Young (Normal) (G1 Evacuation Pause)
[2024-04-08T17:16:06.355+0800][56229.329s] GC(432) Using 13 workers of 13 for evacuation
[2024-04-08T17:16:06.358+0800][56229.332s] GC(432)   Pre Evacuate Collection Set: 0.2ms
[2024-04-08T17:16:06.358+0800][56229.332s] GC(432)   Merge Heap Roots: 0.1ms
[2024-04-08T17:16:06.358+0800][56229.332s] GC(432)   Evacuate Collection Set: 1.4ms
[2024-04-08T17:16:06.358+0800][56229.332s] GC(432)   Post Evacuate Collection Set: 0.6ms
[2024-04-08T17:16:06.358+0800][56229.332s] GC(432)   Other: 0.1ms
[2024-04-08T17:16:06.358+0800][56229.332s] GC(432) Eden regions: 305->0(305)
[2024-04-08T17:16:06.358+0800][56229.332s] GC(432) Survivor regions: 2->2(39)
[2024-04-08T17:16:06.358+0800][56229.332s] GC(432) Old regions: 56->56
[2024-04-08T17:16:06.358+0800][56229.332s] GC(432) Humongous regions: 4->4
[2024-04-08T17:16:06.358+0800][56229.332s] GC(432) Metaspace: 67391K(68224K)->67391K(68224K) NonClass: 59859K(60288K)->59859K(60288K) Class: 7532K(7936K)->7532K(7936K)
[2024-04-08T17:16:06.358+0800][56229.332s] GC(432) Pause Young (Normal) (G1 Evacuation Pause) 365M->61M(512M) 2.640ms
[2024-04-08T17:16:06.358+0800][56229.332s] GC(432) User=0.00s Sys=0.00s Real=0.00s
[2024-04-08T17:16:07.701+0800][56230.676s] GC(433) Pause Young (Normal) (G1 Evacuation Pause)
[2024-04-08T17:16:07.701+0800][56230.676s] GC(433) Using 13 workers of 13 for evacuation
[2024-04-08T17:16:07.704+0800][56230.679s] GC(433)   Pre Evacuate Collection Set: 0.2ms
[2024-04-08T17:16:07.704+0800][56230.679s] GC(433)   Merge Heap Roots: 0.1ms
[2024-04-08T17:16:07.704+0800][56230.679s] GC(433)   Evacuate Collection Set: 1.6ms
[2024-04-08T17:16:07.704+0800][56230.679s] GC(433)   Post Evacuate Collection Set: 0.5ms
[2024-04-08T17:16:07.704+0800][56230.679s] GC(433)   Other: 0.1ms
[2024-04-08T17:16:07.704+0800][56230.679s] GC(433) Eden regions: 305->0(305)
[2024-04-08T17:16:07.704+0800][56230.679s] GC(433) Survivor regions: 2->2(39)
[2024-04-08T17:16:07.704+0800][56230.679s] GC(433) Old regions: 56->56
[2024-04-08T17:16:07.704+0800][56230.679s] GC(433) Humongous regions: 4->4
[2024-04-08T17:16:07.704+0800][56230.679s] GC(433) Metaspace: 67391K(68224K)->67391K(68224K) NonClass: 59859K(60288K)->59859K(60288K) Class: 7532K(7936K)->7532K(7936K)
[2024-04-08T17:16:07.704+0800][56230.679s] GC(433) Pause Young (Normal) (G1 Evacuation Pause) 366M->60M(512M) 2.705ms
[2024-04-08T17:16:07.704+0800][56230.679s] GC(433) User=0.00s Sys=0.00s Real=0.00s
[2024-04-08T17:16:09.043+0800][56232.018s] GC(434) Pause Young (Normal) (G1 Evacuation Pause)
[2024-04-08T17:16:09.043+0800][56232.018s] GC(434) Using 13 workers of 13 for evacuation
[2024-04-08T17:16:09.046+0800][56232.020s] GC(434)   Pre Evacuate Collection Set: 0.2ms
[2024-04-08T17:16:09.046+0800][56232.020s] GC(434)   Merge Heap Roots: 0.1ms
[2024-04-08T17:16:09.046+0800][56232.020s] GC(434)   Evacuate Collection Set: 1.5ms
[2024-04-08T17:16:09.046+0800][56232.020s] GC(434)   Post Evacuate Collection Set: 0.6ms
[2024-04-08T17:16:09.046+0800][56232.020s] GC(434)   Other: 0.1ms
[2024-04-08T17:16:09.046+0800][56232.020s] GC(434) Eden regions: 305->0(305)
[2024-04-08T17:16:09.046+0800][56232.020s] GC(434) Survivor regions: 2->2(39)
[2024-04-08T17:16:09.046+0800][56232.020s] GC(434) Old regions: 56->56
[2024-04-08T17:16:09.046+0800][56232.020s] GC(434) Humongous regions: 4->4
[2024-04-08T17:16:09.046+0800][56232.020s] GC(434) Metaspace: 67391K(68224K)->67391K(68224K) NonClass: 59859K(60288K)->59859K(60288K) Class: 7532K(7936K)->7532K(7936K)
[2024-04-08T17:16:09.046+0800][56232.021s] GC(434) Pause Young (Normal) (G1 Evacuation Pause) 365M->60M(512M) 2.800ms
[2024-04-08T17:16:09.046+0800][56232.021s] GC(434) User=0.00s Sys=0.00s Real=0.00s
[2024-04-08T17:16:10.373+0800][56233.347s] GC(435) Pause Young (Normal) (G1 Evacuation Pause)
[2024-04-08T17:16:10.373+0800][56233.347s] GC(435) Using 13 workers of 13 for evacuation
[2024-04-08T17:16:10.375+0800][56233.350s] GC(435)   Pre Evacuate Collection Set: 0.2ms
[2024-04-08T17:16:10.375+0800][56233.350s] GC(435)   Merge Heap Roots: 0.1ms
[2024-04-08T17:16:10.375+0800][56233.350s] GC(435)   Evacuate Collection Set: 1.4ms
[2024-04-08T17:16:10.375+0800][56233.350s] GC(435)   Post Evacuate Collection Set: 0.6ms
[2024-04-08T17:16:10.375+0800][56233.350s] GC(435)   Other: 0.1ms
[2024-04-08T17:16:10.375+0800][56233.350s] GC(435) Eden regions: 305->0(305)
[2024-04-08T17:16:10.375+0800][56233.350s] GC(435) Survivor regions: 2->2(39)
[2024-04-08T17:16:10.375+0800][56233.350s] GC(435) Old regions: 56->56
[2024-04-08T17:16:10.375+0800][56233.350s] GC(435) Humongous regions: 4->4
[2024-04-08T17:16:10.375+0800][56233.350s] GC(435) Metaspace: 67391K(68224K)->67391K(68224K) NonClass: 59859K(60288K)->59859K(60288K) Class: 7532K(7936K)->7532K(7936K)
[2024-04-08T17:16:10.375+0800][56233.350s] GC(435) Pause Young (Normal) (G1 Evacuation Pause) 365M->61M(512M) 2.837ms
[2024-04-08T17:16:10.375+0800][56233.350s] GC(435) User=0.00s Sys=0.00s Real=0.00s
[2024-04-08T17:16:11.706+0800][56234.681s] GC(436) Pause Young (Normal) (G1 Evacuation Pause)
[2024-04-08T17:16:11.706+0800][56234.681s] GC(436) Using 13 workers of 13 for evacuation
[2024-04-08T17:16:11.708+0800][56234.683s] GC(436)   Pre Evacuate Collection Set: 0.1ms
[2024-04-08T17:16:11.708+0800][56234.683s] GC(436)   Merge Heap Roots: 0.1ms
[2024-04-08T17:16:11.708+0800][56234.683s] GC(436)   Evacuate Collection Set: 1.3ms
[2024-04-08T17:16:11.708+0800][56234.683s] GC(436)   Post Evacuate Collection Set: 0.6ms
[2024-04-08T17:16:11.708+0800][56234.683s] GC(436)   Other: 0.1ms
[2024-04-08T17:16:11.708+0800][56234.683s] GC(436) Eden regions: 305->0(305)
[2024-04-08T17:16:11.708+0800][56234.683s] GC(436) Survivor regions: 2->2(39)
[2024-04-08T17:16:11.709+0800][56234.683s] GC(436) Old regions: 56->56
[2024-04-08T17:16:11.709+0800][56234.683s] GC(436) Humongous regions: 4->4
[2024-04-08T17:16:11.709+0800][56234.683s] GC(436) Metaspace: 67391K(68224K)->67391K(68224K) NonClass: 59859K(60288K)->59859K(60288K) Class: 7532K(7936K)->7532K(7936K)
[2024-04-08T17:16:11.709+0800][56234.684s] GC(436) Pause Young (Normal) (G1 Evacuation Pause) 366M->60M(512M) 2.499ms
[2024-04-08T17:16:11.709+0800][56234.684s] GC(436) User=0.00s Sys=0.00s Real=0.00s
[2024-04-08T17:16:13.030+0800][56236.004s] GC(437) Pause Young (Normal) (G1 Evacuation Pause)
[2024-04-08T17:16:13.030+0800][56236.004s] GC(437) Using 13 workers of 13 for evacuation
[2024-04-08T17:16:13.032+0800][56236.007s] GC(437)   Pre Evacuate Collection Set: 0.2ms
[2024-04-08T17:16:13.032+0800][56236.007s] GC(437)   Merge Heap Roots: 0.2ms
[2024-04-08T17:16:13.032+0800][56236.007s] GC(437)   Evacuate Collection Set: 1.5ms
[2024-04-08T17:16:13.032+0800][56236.007s] GC(437)   Post Evacuate Collection Set: 0.6ms
[2024-04-08T17:16:13.032+0800][56236.007s] GC(437)   Other: 0.1ms
[2024-04-08T17:16:13.032+0800][56236.007s] GC(437) Eden regions: 305->0(305)
[2024-04-08T17:16:13.032+0800][56236.007s] GC(437) Survivor regions: 2->2(39)
[2024-04-08T17:16:13.033+0800][56236.007s] GC(437) Old regions: 56->56
[2024-04-08T17:16:13.033+0800][56236.007s] GC(437) Humongous regions: 4->4
[2024-04-08T17:16:13.033+0800][56236.007s] GC(437) Metaspace: 67391K(68224K)->67391K(68224K) NonClass: 59859K(60288K)->59859K(60288K) Class: 7532K(7936K)->7532K(7936K)
[2024-04-08T17:16:13.033+0800][56236.007s] GC(437) Pause Young (Normal) (G1 Evacuation Pause) 365M->61M(512M) 2.721ms
[2024-04-08T17:16:13.033+0800][56236.007s] GC(437) User=0.00s Sys=0.00s Real=0.00s
[2024-04-08T17:16:14.342+0800][56237.317s] GC(438) Pause Young (Normal) (G1 Evacuation Pause)
[2024-04-08T17:16:14.342+0800][56237.317s] GC(438) Using 13 workers of 13 for evacuation
[2024-04-08T17:16:14.345+0800][56237.320s] GC(438)   Pre Evacuate Collection Set: 0.2ms
[2024-04-08T17:16:14.345+0800][56237.320s] GC(438)   Merge Heap Roots: 0.1ms
[2024-04-08T17:16:14.345+0800][56237.320s] GC(438)   Evacuate Collection Set: 1.5ms
[2024-04-08T17:16:14.345+0800][56237.320s] GC(438)   Post Evacuate Collection Set: 0.7ms
[2024-04-08T17:16:14.345+0800][56237.320s] GC(438)   Other: 0.1ms
[2024-04-08T17:16:14.345+0800][56237.320s] GC(438) Eden regions: 305->0(305)
[2024-04-08T17:16:14.345+0800][56237.320s] GC(438) Survivor regions: 2->2(39)
[2024-04-08T17:16:14.345+0800][56237.320s] GC(438) Old regions: 56->56
[2024-04-08T17:16:14.345+0800][56237.320s] GC(438) Humongous regions: 4->4
[2024-04-08T17:16:14.345+0800][56237.320s] GC(438) Metaspace: 67391K(68224K)->67391K(68224K) NonClass: 59859K(60288K)->59859K(60288K) Class: 7532K(7936K)->7532K(7936K)
[2024-04-08T17:16:14.345+0800][56237.320s] GC(438) Pause Young (Normal) (G1 Evacuation Pause) 366M->60M(512M) 2.766ms
[2024-04-08T17:16:14.345+0800][56237.320s] GC(438) User=0.00s Sys=0.00s Real=0.00s
[2024-04-08T17:16:15.715+0800][56238.690s] GC(439) Pause Young (Normal) (G1 Evacuation Pause)
[2024-04-08T17:16:15.715+0800][56238.690s] GC(439) Using 13 workers of 13 for evacuation
[2024-04-08T17:16:15.718+0800][56238.692s] GC(439)   Pre Evacuate Collection Set: 0.1ms
[2024-04-08T17:16:15.718+0800][56238.692s] GC(439)   Merge Heap Roots: 0.1ms
[2024-04-08T17:16:15.718+0800][56238.692s] GC(439)   Evacuate Collection Set: 1.5ms
[2024-04-08T17:16:15.718+0800][56238.692s] GC(439)   Post Evacuate Collection Set: 0.4ms
[2024-04-08T17:16:15.718+0800][56238.692s] GC(439)   Other: 0.1ms
[2024-04-08T17:16:15.718+0800][56238.692s] GC(439) Eden regions: 305->0(305)
[2024-04-08T17:16:15.718+0800][56238.692s] GC(439) Survivor regions: 2->2(39)
[2024-04-08T17:16:15.718+0800][56238.692s] GC(439) Old regions: 56->56
[2024-04-08T17:16:15.718+0800][56238.692s] GC(439) Humongous regions: 4->4
[2024-04-08T17:16:15.718+0800][56238.692s] GC(439) Metaspace: 67391K(68224K)->67391K(68224K) NonClass: 59859K(60288K)->59859K(60288K) Class: 7532K(7936K)->7532K(7936K)
[2024-04-08T17:16:15.718+0800][56238.692s] GC(439) Pause Young (Normal) (G1 Evacuation Pause) 365M->61M(512M) 2.534ms
[2024-04-08T17:16:15.718+0800][56238.692s] GC(439) User=0.00s Sys=0.00s Real=0.00s
[2024-04-08T17:16:17.019+0800][56239.994s] GC(440) Pause Young (Normal) (G1 Evacuation Pause)
[2024-04-08T17:16:17.019+0800][56239.994s] GC(440) Using 13 workers of 13 for evacuation
[2024-04-08T17:16:17.021+0800][56239.996s] GC(440)   Pre Evacuate Collection Set: 0.1ms
[2024-04-08T17:16:17.021+0800][56239.996s] GC(440)   Merge Heap Roots: 0.1ms
[2024-04-08T17:16:17.021+0800][56239.996s] GC(440)   Evacuate Collection Set: 1.4ms
[2024-04-08T17:16:17.021+0800][56239.996s] GC(440)   Post Evacuate Collection Set: 0.4ms
[2024-04-08T17:16:17.021+0800][56239.996s] GC(440)   Other: 0.1ms
[2024-04-08T17:16:17.021+0800][56239.996s] GC(440) Eden regions: 305->0(305)
[2024-04-08T17:16:17.022+0800][56239.996s] GC(440) Survivor regions: 2->2(39)
[2024-04-08T17:16:17.022+0800][56239.996s] GC(440) Old regions: 56->56
[2024-04-08T17:16:17.022+0800][56239.996s] GC(440) Humongous regions: 4->4
[2024-04-08T17:16:17.022+0800][56239.996s] GC(440) Metaspace: 67391K(68224K)->67391K(68224K) NonClass: 59859K(60288K)->59859K(60288K) Class: 7532K(7936K)->7532K(7936K)
[2024-04-08T17:16:17.022+0800][56239.996s] GC(440) Pause Young (Normal) (G1 Evacuation Pause) 366M->61M(512M) 2.289ms
[2024-04-08T17:16:17.022+0800][56239.996s] GC(440) User=0.00s Sys=0.00s Real=0.00s
[2024-04-08T17:16:18.454+0800][56241.428s] GC(441) Pause Young (Normal) (G1 Evacuation Pause)
[2024-04-08T17:16:18.454+0800][56241.428s] GC(441) Using 13 workers of 13 for evacuation
[2024-04-08T17:16:18.456+0800][56241.431s] GC(441)   Pre Evacuate Collection Set: 0.2ms
[2024-04-08T17:16:18.456+0800][56241.431s] GC(441)   Merge Heap Roots: 0.1ms
[2024-04-08T17:16:18.456+0800][56241.431s] GC(441)   Evacuate Collection Set: 1.4ms
[2024-04-08T17:16:18.456+0800][56241.431s] GC(441)   Post Evacuate Collection Set: 0.7ms
[2024-04-08T17:16:18.456+0800][56241.431s] GC(441)   Other: 0.1ms
[2024-04-08T17:16:18.456+0800][56241.431s] GC(441) Eden regions: 305->0(305)
[2024-04-08T17:16:18.456+0800][56241.431s] GC(441) Survivor regions: 2->2(39)
[2024-04-08T17:16:18.456+0800][56241.431s] GC(441) Old regions: 56->56
[2024-04-08T17:16:18.456+0800][56241.431s] GC(441) Humongous regions: 4->4
[2024-04-08T17:16:18.456+0800][56241.431s] GC(441) Metaspace: 67391K(68224K)->67391K(68224K) NonClass: 59859K(60288K)->59859K(60288K) Class: 7532K(7936K)->7532K(7936K)
[2024-04-08T17:16:18.456+0800][56241.431s] GC(441) Pause Young (Normal) (G1 Evacuation Pause) 366M->61M(512M) 2.668ms
[2024-04-08T17:16:18.456+0800][56241.431s] GC(441) User=0.00s Sys=0.00s Real=0.00s
[2024-04-08T17:16:19.860+0800][56242.835s] GC(442) Pause Young (Normal) (G1 Evacuation Pause)
[2024-04-08T17:16:19.860+0800][56242.835s] GC(442) Using 13 workers of 13 for evacuation
[2024-04-08T17:16:19.863+0800][56242.837s] GC(442)   Pre Evacuate Collection Set: 0.2ms
[2024-04-08T17:16:19.863+0800][56242.837s] GC(442)   Merge Heap Roots: 0.1ms
[2024-04-08T17:16:19.863+0800][56242.837s] GC(442)   Evacuate Collection Set: 1.4ms
[2024-04-08T17:16:19.863+0800][56242.838s] GC(442)   Post Evacuate Collection Set: 0.6ms
[2024-04-08T17:16:19.863+0800][56242.838s] GC(442)   Other: 0.1ms
[2024-04-08T17:16:19.863+0800][56242.838s] GC(442) Eden regions: 305->0(305)
[2024-04-08T17:16:19.863+0800][56242.838s] GC(442) Survivor regions: 2->2(39)
[2024-04-08T17:16:19.863+0800][56242.838s] GC(442) Old regions: 56->56
[2024-04-08T17:16:19.863+0800][56242.838s] GC(442) Humongous regions: 4->4
[2024-04-08T17:16:19.863+0800][56242.838s] GC(442) Metaspace: 67391K(68224K)->67391K(68224K) NonClass: 59859K(60288K)->59859K(60288K) Class: 7532K(7936K)->7532K(7936K)
[2024-04-08T17:16:19.863+0800][56242.838s] GC(442) Pause Young (Normal) (G1 Evacuation Pause) 366M->61M(512M) 2.704ms
[2024-04-08T17:16:19.863+0800][56242.838s] GC(442) User=0.00s Sys=0.00s Real=0.00s
[2024-04-08T17:16:21.197+0800][56244.171s] GC(443) Pause Young (Normal) (G1 Evacuation Pause)
[2024-04-08T17:16:21.197+0800][56244.171s] GC(443) Using 13 workers of 13 for evacuation
[2024-04-08T17:16:21.199+0800][56244.174s] GC(443)   Pre Evacuate Collection Set: 0.2ms
[2024-04-08T17:16:21.199+0800][56244.174s] GC(443)   Merge Heap Roots: 0.1ms
[2024-04-08T17:16:21.199+0800][56244.174s] GC(443)   Evacuate Collection Set: 1.4ms
[2024-04-08T17:16:21.200+0800][56244.174s] GC(443)   Post Evacuate Collection Set: 0.6ms
[2024-04-08T17:16:21.200+0800][56244.174s] GC(443)   Other: 0.1ms
[2024-04-08T17:16:21.200+0800][56244.174s] GC(443) Eden regions: 305->0(305)
[2024-04-08T17:16:21.200+0800][56244.174s] GC(443) Survivor regions: 2->2(39)
[2024-04-08T17:16:21.200+0800][56244.174s] GC(443) Old regions: 56->56
[2024-04-08T17:16:21.200+0800][56244.174s] GC(443) Humongous regions: 4->4
[2024-04-08T17:16:21.200+0800][56244.174s] GC(443) Metaspace: 67391K(68224K)->67391K(68224K) NonClass: 59859K(60288K)->59859K(60288K) Class: 7532K(7936K)->7532K(7936K)
[2024-04-08T17:16:21.200+0800][56244.174s] GC(443) Pause Young (Normal) (G1 Evacuation Pause) 366M->61M(512M) 2.625ms
[2024-04-08T17:16:21.200+0800][56244.174s] GC(443) User=0.05s Sys=0.00s Real=0.00s
[2024-04-08T17:16:22.508+0800][56245.483s] GC(444) Pause Young (Normal) (G1 Evacuation Pause)
[2024-04-08T17:16:22.508+0800][56245.483s] GC(444) Using 13 workers of 13 for evacuation
[2024-04-08T17:16:22.510+0800][56245.485s] GC(444)   Pre Evacuate Collection Set: 0.2ms
[2024-04-08T17:16:22.510+0800][56245.485s] GC(444)   Merge Heap Roots: 0.2ms
[2024-04-08T17:16:22.510+0800][56245.485s] GC(444)   Evacuate Collection Set: 1.4ms
[2024-04-08T17:16:22.510+0800][56245.485s] GC(444)   Post Evacuate Collection Set: 0.6ms
[2024-04-08T17:16:22.510+0800][56245.485s] GC(444)   Other: 0.1ms
[2024-04-08T17:16:22.510+0800][56245.485s] GC(444) Eden regions: 305->0(305)
[2024-04-08T17:16:22.510+0800][56245.485s] GC(444) Survivor regions: 2->2(39)
[2024-04-08T17:16:22.510+0800][56245.485s] GC(444) Old regions: 56->56
[2024-04-08T17:16:22.510+0800][56245.485s] GC(444) Humongous regions: 4->4
[2024-04-08T17:16:22.510+0800][56245.485s] GC(444) Metaspace: 67391K(68224K)->67391K(68224K) NonClass: 59859K(60288K)->59859K(60288K) Class: 7532K(7936K)->7532K(7936K)
[2024-04-08T17:16:22.510+0800][56245.485s] GC(444) Pause Young (Normal) (G1 Evacuation Pause) 366M->61M(512M) 2.680ms
[2024-04-08T17:16:22.510+0800][56245.485s] GC(444) User=0.14s Sys=0.00s Real=0.00s
[2024-04-08T17:16:23.820+0800][56246.795s] GC(445) Pause Young (Normal) (G1 Evacuation Pause)
[2024-04-08T17:16:23.820+0800][56246.795s] GC(445) Using 13 workers of 13 for evacuation
[2024-04-08T17:16:23.822+0800][56246.797s] GC(445)   Pre Evacuate Collection Set: 0.2ms
[2024-04-08T17:16:23.822+0800][56246.797s] GC(445)   Merge Heap Roots: 0.1ms
[2024-04-08T17:16:23.822+0800][56246.797s] GC(445)   Evacuate Collection Set: 1.6ms
[2024-04-08T17:16:23.822+0800][56246.797s] GC(445)   Post Evacuate Collection Set: 0.5ms
[2024-04-08T17:16:23.822+0800][56246.797s] GC(445)   Other: 0.1ms
[2024-04-08T17:16:23.822+0800][56246.797s] GC(445) Eden regions: 305->0(305)
[2024-04-08T17:16:23.822+0800][56246.797s] GC(445) Survivor regions: 2->2(39)
[2024-04-08T17:16:23.822+0800][56246.797s] GC(445) Old regions: 56->56
[2024-04-08T17:16:23.823+0800][56246.797s] GC(445) Humongous regions: 4->4
[2024-04-08T17:16:23.823+0800][56246.798s] GC(445) Metaspace: 67391K(68224K)->67391K(68224K) NonClass: 59859K(60288K)->59859K(60288K) Class: 7532K(7936K)->7532K(7936K)
[2024-04-08T17:16:23.823+0800][56246.798s] GC(445) Pause Young (Normal) (G1 Evacuation Pause) 366M->61M(512M) 2.694ms
[2024-04-08T17:16:23.823+0800][56246.798s] GC(445) User=0.03s Sys=0.00s Real=0.00s
[2024-04-08T17:16:25.154+0800][56248.129s] GC(446) Pause Young (Normal) (G1 Evacuation Pause)
[2024-04-08T17:16:25.154+0800][56248.129s] GC(446) Using 13 workers of 13 for evacuation
[2024-04-08T17:16:25.156+0800][56248.131s] GC(446)   Pre Evacuate Collection Set: 0.2ms
[2024-04-08T17:16:25.156+0800][56248.131s] GC(446)   Merge Heap Roots: 0.2ms
[2024-04-08T17:16:25.156+0800][56248.131s] GC(446)   Evacuate Collection Set: 1.3ms
[2024-04-08T17:16:25.156+0800][56248.131s] GC(446)   Post Evacuate Collection Set: 0.6ms
[2024-04-08T17:16:25.156+0800][56248.131s] GC(446)   Other: 0.1ms
[2024-04-08T17:16:25.156+0800][56248.131s] GC(446) Eden regions: 305->0(305)
[2024-04-08T17:16:25.156+0800][56248.131s] GC(446) Survivor regions: 2->2(39)
[2024-04-08T17:16:25.156+0800][56248.131s] GC(446) Old regions: 56->56
[2024-04-08T17:16:25.156+0800][56248.131s] GC(446) Humongous regions: 4->4
[2024-04-08T17:16:25.156+0800][56248.131s] GC(446) Metaspace: 67391K(68224K)->67391K(68224K) NonClass: 59859K(60288K)->59859K(60288K) Class: 7532K(7936K)->7532K(7936K)
[2024-04-08T17:16:25.156+0800][56248.131s] GC(446) Pause Young (Normal) (G1 Evacuation Pause) 366M->60M(512M) 2.589ms
[2024-04-08T17:16:25.157+0800][56248.131s] GC(446) User=0.00s Sys=0.00s Real=0.00s
[2024-04-08T17:16:26.424+0800][56249.398s] GC(447) Pause Young (Normal) (G1 Evacuation Pause)
[2024-04-08T17:16:26.424+0800][56249.398s] GC(447) Using 13 workers of 13 for evacuation
[2024-04-08T17:16:26.426+0800][56249.400s] GC(447)   Pre Evacuate Collection Set: 0.2ms
[2024-04-08T17:16:26.426+0800][56249.400s] GC(447)   Merge Heap Roots: 0.1ms
[2024-04-08T17:16:26.426+0800][56249.400s] GC(447)   Evacuate Collection Set: 1.4ms
[2024-04-08T17:16:26.426+0800][56249.400s] GC(447)   Post Evacuate Collection Set: 0.6ms
[2024-04-08T17:16:26.426+0800][56249.400s] GC(447)   Other: 0.1ms
[2024-04-08T17:16:26.426+0800][56249.400s] GC(447) Eden regions: 305->0(304)
[2024-04-08T17:16:26.426+0800][56249.400s] GC(447) Survivor regions: 2->3(39)
[2024-04-08T17:16:26.426+0800][56249.400s] GC(447) Old regions: 56->56
[2024-04-08T17:16:26.426+0800][56249.400s] GC(447) Humongous regions: 4->4
[2024-04-08T17:16:26.426+0800][56249.400s] GC(447) Metaspace: 67391K(68224K)->67391K(68224K) NonClass: 59859K(60288K)->59859K(60288K) Class: 7532K(7936K)->7532K(7936K)
[2024-04-08T17:16:26.426+0800][56249.400s] GC(447) Pause Young (Normal) (G1 Evacuation Pause) 365M->62M(512M) 2.540ms
[2024-04-08T17:16:26.426+0800][56249.400s] GC(447) User=0.00s Sys=0.00s Real=0.00s
[2024-04-08T17:16:27.818+0800][56250.792s] GC(448) Pause Young (Normal) (G1 Evacuation Pause)
[2024-04-08T17:16:27.818+0800][56250.792s] GC(448) Using 13 workers of 13 for evacuation
[2024-04-08T17:16:27.820+0800][56250.794s] GC(448)   Pre Evacuate Collection Set: 0.2ms
[2024-04-08T17:16:27.820+0800][56250.794s] GC(448)   Merge Heap Roots: 0.1ms
[2024-04-08T17:16:27.820+0800][56250.794s] GC(448)   Evacuate Collection Set: 1.3ms
[2024-04-08T17:16:27.820+0800][56250.794s] GC(448)   Post Evacuate Collection Set: 0.6ms
[2024-04-08T17:16:27.820+0800][56250.794s] GC(448)   Other: 0.1ms
[2024-04-08T17:16:27.820+0800][56250.794s] GC(448) Eden regions: 304->0(305)
[2024-04-08T17:16:27.820+0800][56250.794s] GC(448) Survivor regions: 3->2(39)
[2024-04-08T17:16:27.820+0800][56250.794s] GC(448) Old regions: 56->56
[2024-04-08T17:16:27.820+0800][56250.794s] GC(448) Humongous regions: 4->4
[2024-04-08T17:16:27.820+0800][56250.794s] GC(448) Metaspace: 67391K(68224K)->67391K(68224K) NonClass: 59859K(60288K)->59859K(60288K) Class: 7532K(7936K)->7532K(7936K)
[2024-04-08T17:16:27.820+0800][56250.794s] GC(448) Pause Young (Normal) (G1 Evacuation Pause) 366M->61M(512M) 2.436ms
[2024-04-08T17:16:27.820+0800][56250.794s] GC(448) User=0.00s Sys=0.00s Real=0.00s
[2024-04-08T17:16:29.085+0800][56252.060s] GC(449) Pause Young (Normal) (G1 Evacuation Pause)
[2024-04-08T17:16:29.085+0800][56252.060s] GC(449) Using 13 workers of 13 for evacuation
[2024-04-08T17:16:29.087+0800][56252.062s] GC(449)   Pre Evacuate Collection Set: 0.2ms
[2024-04-08T17:16:29.087+0800][56252.062s] GC(449)   Merge Heap Roots: 0.1ms
[2024-04-08T17:16:29.087+0800][56252.062s] GC(449)   Evacuate Collection Set: 1.2ms
[2024-04-08T17:16:29.087+0800][56252.062s] GC(449)   Post Evacuate Collection Set: 0.4ms
[2024-04-08T17:16:29.087+0800][56252.062s] GC(449)   Other: 0.1ms
[2024-04-08T17:16:29.087+0800][56252.062s] GC(449) Eden regions: 305->0(305)
[2024-04-08T17:16:29.088+0800][56252.062s] GC(449) Survivor regions: 2->2(39)
[2024-04-08T17:16:29.088+0800][56252.062s] GC(449) Old regions: 56->56
[2024-04-08T17:16:29.088+0800][56252.062s] GC(449) Humongous regions: 4->4
[2024-04-08T17:16:29.088+0800][56252.062s] GC(449) Metaspace: 67391K(68224K)->67391K(68224K) NonClass: 59859K(60288K)->59859K(60288K) Class: 7532K(7936K)->7532K(7936K)
[2024-04-08T17:16:29.088+0800][56252.062s] GC(449) Pause Young (Normal) (G1 Evacuation Pause) 366M->61M(512M) 2.214ms
[2024-04-08T17:16:29.088+0800][56252.062s] GC(449) User=0.00s Sys=0.02s Real=0.00s
[2024-04-08T17:16:30.384+0800][56253.359s] GC(450) Pause Young (Normal) (G1 Evacuation Pause)
[2024-04-08T17:16:30.384+0800][56253.359s] GC(450) Using 13 workers of 13 for evacuation
[2024-04-08T17:16:30.387+0800][56253.361s] GC(450)   Pre Evacuate Collection Set: 0.2ms
[2024-04-08T17:16:30.387+0800][56253.361s] GC(450)   Merge Heap Roots: 0.2ms
[2024-04-08T17:16:30.387+0800][56253.361s] GC(450)   Evacuate Collection Set: 1.6ms
[2024-04-08T17:16:30.387+0800][56253.361s] GC(450)   Post Evacuate Collection Set: 0.7ms
[2024-04-08T17:16:30.387+0800][56253.361s] GC(450)   Other: 0.1ms
[2024-04-08T17:16:30.387+0800][56253.361s] GC(450) Eden regions: 305->0(305)
[2024-04-08T17:16:30.387+0800][56253.362s] GC(450) Survivor regions: 2->2(39)
[2024-04-08T17:16:30.387+0800][56253.362s] GC(450) Old regions: 56->56
[2024-04-08T17:16:30.387+0800][56253.362s] GC(450) Humongous regions: 4->4
[2024-04-08T17:16:30.387+0800][56253.362s] GC(450) Metaspace: 67391K(68224K)->67391K(68224K) NonClass: 59859K(60288K)->59859K(60288K) Class: 7532K(7936K)->7532K(7936K)
[2024-04-08T17:16:30.387+0800][56253.362s] GC(450) Pause Young (Normal) (G1 Evacuation Pause) 366M->61M(512M) 3.009ms
[2024-04-08T17:16:30.387+0800][56253.362s] GC(450) User=0.00s Sys=0.00s Real=0.00s
[2024-04-08T17:16:31.629+0800][56254.604s] GC(451) Pause Young (Normal) (G1 Evacuation Pause)
[2024-04-08T17:16:31.629+0800][56254.604s] GC(451) Using 13 workers of 13 for evacuation
[2024-04-08T17:16:31.632+0800][56254.606s] GC(451)   Pre Evacuate Collection Set: 0.2ms
[2024-04-08T17:16:31.632+0800][56254.606s] GC(451)   Merge Heap Roots: 0.1ms
[2024-04-08T17:16:31.632+0800][56254.606s] GC(451)   Evacuate Collection Set: 1.4ms
[2024-04-08T17:16:31.632+0800][56254.606s] GC(451)   Post Evacuate Collection Set: 0.5ms
[2024-04-08T17:16:31.632+0800][56254.606s] GC(451)   Other: 0.1ms
[2024-04-08T17:16:31.632+0800][56254.607s] GC(451) Eden regions: 305->0(305)
[2024-04-08T17:16:31.632+0800][56254.607s] GC(451) Survivor regions: 2->2(39)
[2024-04-08T17:16:31.632+0800][56254.607s] GC(451) Old regions: 56->56
[2024-04-08T17:16:31.632+0800][56254.607s] GC(451) Humongous regions: 4->4
[2024-04-08T17:16:31.632+0800][56254.607s] GC(451) Metaspace: 67391K(68224K)->67391K(68224K) NonClass: 59859K(60288K)->59859K(60288K) Class: 7532K(7936K)->7532K(7936K)
[2024-04-08T17:16:31.632+0800][56254.607s] GC(451) Pause Young (Normal) (G1 Evacuation Pause) 366M->61M(512M) 2.386ms
[2024-04-08T17:16:31.632+0800][56254.607s] GC(451) User=0.00s Sys=0.00s Real=0.00s
[2024-04-08T17:16:33.008+0800][56255.982s] GC(452) Pause Young (Normal) (G1 Evacuation Pause)
[2024-04-08T17:16:33.008+0800][56255.982s] GC(452) Using 13 workers of 13 for evacuation
[2024-04-08T17:16:33.010+0800][56255.985s] GC(452)   Pre Evacuate Collection Set: 0.2ms
[2024-04-08T17:16:33.010+0800][56255.985s] GC(452)   Merge Heap Roots: 0.1ms
[2024-04-08T17:16:33.010+0800][56255.985s] GC(452)   Evacuate Collection Set: 1.8ms
[2024-04-08T17:16:33.010+0800][56255.985s] GC(452)   Post Evacuate Collection Set: 0.5ms
[2024-04-08T17:16:33.010+0800][56255.985s] GC(452)   Other: 0.1ms
[2024-04-08T17:16:33.010+0800][56255.985s] GC(452) Eden regions: 305->0(305)
[2024-04-08T17:16:33.010+0800][56255.985s] GC(452) Survivor regions: 2->2(39)
[2024-04-08T17:16:33.010+0800][56255.985s] GC(452) Old regions: 56->56
[2024-04-08T17:16:33.010+0800][56255.985s] GC(452) Humongous regions: 4->4
[2024-04-08T17:16:33.010+0800][56255.985s] GC(452) Metaspace: 67391K(68224K)->67391K(68224K) NonClass: 59859K(60288K)->59859K(60288K) Class: 7532K(7936K)->7532K(7936K)
[2024-04-08T17:16:33.010+0800][56255.985s] GC(452) Pause Young (Normal) (G1 Evacuation Pause) 366M->61M(512M) 2.918ms
[2024-04-08T17:16:33.010+0800][56255.985s] GC(452) User=0.19s Sys=0.00s Real=0.00s
[2024-04-08T17:16:34.432+0800][56257.406s] GC(453) Pause Young (Normal) (G1 Evacuation Pause)
[2024-04-08T17:16:34.432+0800][56257.407s] GC(453) Using 13 workers of 13 for evacuation
[2024-04-08T17:16:34.434+0800][56257.409s] GC(453)   Pre Evacuate Collection Set: 0.3ms
[2024-04-08T17:16:34.434+0800][56257.409s] GC(453)   Merge Heap Roots: 0.1ms
[2024-04-08T17:16:34.434+0800][56257.409s] GC(453)   Evacuate Collection Set: 1.5ms
[2024-04-08T17:16:34.434+0800][56257.409s] GC(453)   Post Evacuate Collection Set: 0.5ms
[2024-04-08T17:16:34.434+0800][56257.409s] GC(453)   Other: 0.1ms
[2024-04-08T17:16:34.434+0800][56257.409s] GC(453) Eden regions: 305->0(305)
[2024-04-08T17:16:34.434+0800][56257.409s] GC(453) Survivor regions: 2->2(39)
[2024-04-08T17:16:34.434+0800][56257.409s] GC(453) Old regions: 56->56
[2024-04-08T17:16:34.434+0800][56257.409s] GC(453) Humongous regions: 4->4
[2024-04-08T17:16:34.434+0800][56257.409s] GC(453) Metaspace: 67391K(68224K)->67391K(68224K) NonClass: 59859K(60288K)->59859K(60288K) Class: 7532K(7936K)->7532K(7936K)
[2024-04-08T17:16:34.434+0800][56257.409s] GC(453) Pause Young (Normal) (G1 Evacuation Pause) 366M->61M(512M) 2.647ms
[2024-04-08T17:16:34.434+0800][56257.409s] GC(453) User=0.00s Sys=0.00s Real=0.00s
[2024-04-08T17:16:35.798+0800][56258.773s] GC(454) Pause Young (Normal) (G1 Evacuation Pause)
[2024-04-08T17:16:35.798+0800][56258.773s] GC(454) Using 13 workers of 13 for evacuation
[2024-04-08T17:16:35.801+0800][56258.776s] GC(454)   Pre Evacuate Collection Set: 0.2ms
[2024-04-08T17:16:35.801+0800][56258.776s] GC(454)   Merge Heap Roots: 0.1ms
[2024-04-08T17:16:35.801+0800][56258.776s] GC(454)   Evacuate Collection Set: 2.0ms
[2024-04-08T17:16:35.801+0800][56258.776s] GC(454)   Post Evacuate Collection Set: 0.6ms
[2024-04-08T17:16:35.801+0800][56258.776s] GC(454)   Other: 0.1ms
[2024-04-08T17:16:35.801+0800][56258.776s] GC(454) Eden regions: 305->0(305)
[2024-04-08T17:16:35.801+0800][56258.776s] GC(454) Survivor regions: 2->2(39)
[2024-04-08T17:16:35.801+0800][56258.776s] GC(454) Old regions: 56->56
[2024-04-08T17:16:35.801+0800][56258.776s] GC(454) Humongous regions: 4->4
[2024-04-08T17:16:35.801+0800][56258.776s] GC(454) Metaspace: 67391K(68224K)->67391K(68224K) NonClass: 59859K(60288K)->59859K(60288K) Class: 7532K(7936K)->7532K(7936K)
[2024-04-08T17:16:35.801+0800][56258.776s] GC(454) Pause Young (Normal) (G1 Evacuation Pause) 366M->61M(512M) 3.254ms
[2024-04-08T17:16:35.801+0800][56258.776s] GC(454) User=0.00s Sys=0.00s Real=0.00s
[2024-04-08T17:16:37.083+0800][56260.058s] GC(455) Pause Young (Normal) (G1 Evacuation Pause)
[2024-04-08T17:16:37.083+0800][56260.058s] GC(455) Using 13 workers of 13 for evacuation
[2024-04-08T17:16:37.085+0800][56260.060s] GC(455)   Pre Evacuate Collection Set: 0.2ms
[2024-04-08T17:16:37.085+0800][56260.060s] GC(455)   Merge Heap Roots: 0.1ms
[2024-04-08T17:16:37.085+0800][56260.060s] GC(455)   Evacuate Collection Set: 1.3ms
[2024-04-08T17:16:37.085+0800][56260.060s] GC(455)   Post Evacuate Collection Set: 0.6ms
[2024-04-08T17:16:37.085+0800][56260.060s] GC(455)   Other: 0.1ms
[2024-04-08T17:16:37.085+0800][56260.060s] GC(455) Eden regions: 305->0(305)
[2024-04-08T17:16:37.085+0800][56260.060s] GC(455) Survivor regions: 2->2(39)
[2024-04-08T17:16:37.085+0800][56260.060s] GC(455) Old regions: 56->56
[2024-04-08T17:16:37.085+0800][56260.060s] GC(455) Humongous regions: 4->4
[2024-04-08T17:16:37.085+0800][56260.060s] GC(455) Metaspace: 67391K(68224K)->67391K(68224K) NonClass: 59859K(60288K)->59859K(60288K) Class: 7532K(7936K)->7532K(7936K)
[2024-04-08T17:16:37.086+0800][56260.060s] GC(455) Pause Young (Normal) (G1 Evacuation Pause) 366M->61M(512M) 2.610ms
[2024-04-08T17:16:37.086+0800][56260.060s] GC(455) User=0.00s Sys=0.00s Real=0.00s
[2024-04-08T17:16:38.414+0800][56261.389s] GC(456) Pause Young (Normal) (G1 Evacuation Pause)
[2024-04-08T17:16:38.414+0800][56261.389s] GC(456) Using 13 workers of 13 for evacuation
[2024-04-08T17:16:38.416+0800][56261.391s] GC(456)   Pre Evacuate Collection Set: 0.2ms
[2024-04-08T17:16:38.416+0800][56261.391s] GC(456)   Merge Heap Roots: 0.2ms
[2024-04-08T17:16:38.416+0800][56261.391s] GC(456)   Evacuate Collection Set: 1.4ms
[2024-04-08T17:16:38.416+0800][56261.391s] GC(456)   Post Evacuate Collection Set: 0.6ms
[2024-04-08T17:16:38.416+0800][56261.391s] GC(456)   Other: 0.1ms
[2024-04-08T17:16:38.416+0800][56261.391s] GC(456) Eden regions: 305->0(305)
[2024-04-08T17:16:38.416+0800][56261.391s] GC(456) Survivor regions: 2->2(39)
[2024-04-08T17:16:38.416+0800][56261.391s] GC(456) Old regions: 56->56
[2024-04-08T17:16:38.416+0800][56261.391s] GC(456) Humongous regions: 4->4
[2024-04-08T17:16:38.416+0800][56261.391s] GC(456) Metaspace: 67391K(68224K)->67391K(68224K) NonClass: 59859K(60288K)->59859K(60288K) Class: 7532K(7936K)->7532K(7936K)
[2024-04-08T17:16:38.416+0800][56261.391s] GC(456) Pause Young (Normal) (G1 Evacuation Pause) 366M->61M(512M) 2.748ms
[2024-04-08T17:16:38.416+0800][56261.391s] GC(456) User=0.03s Sys=0.00s Real=0.00s
[2024-04-08T17:16:39.719+0800][56262.693s] GC(457) Pause Young (Normal) (G1 Evacuation Pause)
[2024-04-08T17:16:39.719+0800][56262.693s] GC(457) Using 13 workers of 13 for evacuation
[2024-04-08T17:16:39.721+0800][56262.696s] GC(457)   Pre Evacuate Collection Set: 0.1ms
[2024-04-08T17:16:39.721+0800][56262.696s] GC(457)   Merge Heap Roots: 0.2ms
[2024-04-08T17:16:39.721+0800][56262.696s] GC(457)   Evacuate Collection Set: 1.5ms
[2024-04-08T17:16:39.721+0800][56262.696s] GC(457)   Post Evacuate Collection Set: 0.7ms
[2024-04-08T17:16:39.721+0800][56262.696s] GC(457)   Other: 0.1ms
[2024-04-08T17:16:39.722+0800][56262.696s] GC(457) Eden regions: 305->0(305)
[2024-04-08T17:16:39.722+0800][56262.696s] GC(457) Survivor regions: 2->2(39)
[2024-04-08T17:16:39.722+0800][56262.696s] GC(457) Old regions: 56->56
[2024-04-08T17:16:39.722+0800][56262.696s] GC(457) Humongous regions: 4->4
[2024-04-08T17:16:39.722+0800][56262.696s] GC(457) Metaspace: 67391K(68224K)->67391K(68224K) NonClass: 59859K(60288K)->59859K(60288K) Class: 7532K(7936K)->7532K(7936K)
[2024-04-08T17:16:39.722+0800][56262.696s] GC(457) Pause Young (Normal) (G1 Evacuation Pause) 366M->61M(512M) 2.992ms
[2024-04-08T17:16:39.722+0800][56262.696s] GC(457) User=0.00s Sys=0.00s Real=0.00s
[2024-04-08T17:16:41.034+0800][56264.008s] GC(458) Pause Young (Normal) (G1 Evacuation Pause)
[2024-04-08T17:16:41.034+0800][56264.008s] GC(458) Using 13 workers of 13 for evacuation
[2024-04-08T17:16:41.036+0800][56264.011s] GC(458)   Pre Evacuate Collection Set: 0.2ms
[2024-04-08T17:16:41.036+0800][56264.011s] GC(458)   Merge Heap Roots: 0.1ms
[2024-04-08T17:16:41.036+0800][56264.011s] GC(458)   Evacuate Collection Set: 1.6ms
[2024-04-08T17:16:41.037+0800][56264.011s] GC(458)   Post Evacuate Collection Set: 0.6ms
[2024-04-08T17:16:41.037+0800][56264.011s] GC(458)   Other: 0.1ms
[2024-04-08T17:16:41.037+0800][56264.011s] GC(458) Eden regions: 305->0(305)
[2024-04-08T17:16:41.037+0800][56264.011s] GC(458) Survivor regions: 2->2(39)
[2024-04-08T17:16:41.037+0800][56264.011s] GC(458) Old regions: 56->56
[2024-04-08T17:16:41.037+0800][56264.011s] GC(458) Humongous regions: 4->4
[2024-04-08T17:16:41.037+0800][56264.011s] GC(458) Metaspace: 67391K(68224K)->67391K(68224K) NonClass: 59859K(60288K)->59859K(60288K) Class: 7532K(7936K)->7532K(7936K)
[2024-04-08T17:16:41.037+0800][56264.011s] GC(458) Pause Young (Normal) (G1 Evacuation Pause) 366M->61M(512M) 3.083ms
[2024-04-08T17:16:41.037+0800][56264.011s] GC(458) User=0.00s Sys=0.00s Real=0.00s
[2024-04-08T17:16:42.312+0800][56265.287s] GC(459) Pause Young (Normal) (G1 Evacuation Pause)
[2024-04-08T17:16:42.312+0800][56265.287s] GC(459) Using 13 workers of 13 for evacuation
[2024-04-08T17:16:42.315+0800][56265.289s] GC(459)   Pre Evacuate Collection Set: 0.2ms
[2024-04-08T17:16:42.315+0800][56265.289s] GC(459)   Merge Heap Roots: 0.1ms
[2024-04-08T17:16:42.315+0800][56265.289s] GC(459)   Evacuate Collection Set: 1.6ms
[2024-04-08T17:16:42.315+0800][56265.289s] GC(459)   Post Evacuate Collection Set: 0.6ms
[2024-04-08T17:16:42.315+0800][56265.289s] GC(459)   Other: 0.1ms
[2024-04-08T17:16:42.315+0800][56265.289s] GC(459) Eden regions: 305->0(305)
[2024-04-08T17:16:42.315+0800][56265.289s] GC(459) Survivor regions: 2->2(39)
[2024-04-08T17:16:42.315+0800][56265.289s] GC(459) Old regions: 56->56
[2024-04-08T17:16:42.315+0800][56265.289s] GC(459) Humongous regions: 4->4
[2024-04-08T17:16:42.315+0800][56265.289s] GC(459) Metaspace: 67391K(68224K)->67391K(68224K) NonClass: 59859K(60288K)->59859K(60288K) Class: 7532K(7936K)->7532K(7936K)
[2024-04-08T17:16:42.315+0800][56265.289s] GC(459) Pause Young (Normal) (G1 Evacuation Pause) 366M->61M(512M) 2.748ms
[2024-04-08T17:16:42.315+0800][56265.289s] GC(459) User=0.00s Sys=0.00s Real=0.00s
[2024-04-08T17:16:43.620+0800][56266.595s] GC(460) Pause Young (Normal) (G1 Evacuation Pause)
[2024-04-08T17:16:43.620+0800][56266.595s] GC(460) Using 13 workers of 13 for evacuation
[2024-04-08T17:16:43.623+0800][56266.597s] GC(460)   Pre Evacuate Collection Set: 0.2ms
[2024-04-08T17:16:43.623+0800][56266.597s] GC(460)   Merge Heap Roots: 0.1ms
[2024-04-08T17:16:43.623+0800][56266.597s] GC(460)   Evacuate Collection Set: 1.4ms
[2024-04-08T17:16:43.623+0800][56266.597s] GC(460)   Post Evacuate Collection Set: 0.6ms
[2024-04-08T17:16:43.623+0800][56266.597s] GC(460)   Other: 0.1ms
[2024-04-08T17:16:43.623+0800][56266.597s] GC(460) Eden regions: 305->0(305)
[2024-04-08T17:16:43.623+0800][56266.597s] GC(460) Survivor regions: 2->2(39)
[2024-04-08T17:16:43.623+0800][56266.597s] GC(460) Old regions: 56->57
[2024-04-08T17:16:43.623+0800][56266.597s] GC(460) Humongous regions: 4->4
[2024-04-08T17:16:43.623+0800][56266.597s] GC(460) Metaspace: 67391K(68224K)->67391K(68224K) NonClass: 59859K(60288K)->59859K(60288K) Class: 7532K(7936K)->7532K(7936K)
[2024-04-08T17:16:43.623+0800][56266.597s] GC(460) Pause Young (Normal) (G1 Evacuation Pause) 366M->61M(512M) 2.514ms
[2024-04-08T17:16:43.623+0800][56266.597s] GC(460) User=0.00s Sys=0.00s Real=0.00s
[2024-04-08T17:16:44.936+0800][56267.910s] GC(461) Pause Young (Normal) (G1 Evacuation Pause)
[2024-04-08T17:16:44.936+0800][56267.910s] GC(461) Using 13 workers of 13 for evacuation
[2024-04-08T17:16:44.939+0800][56267.913s] GC(461)   Pre Evacuate Collection Set: 0.2ms
[2024-04-08T17:16:44.939+0800][56267.913s] GC(461)   Merge Heap Roots: 0.1ms
[2024-04-08T17:16:44.939+0800][56267.913s] GC(461)   Evacuate Collection Set: 1.8ms
[2024-04-08T17:16:44.939+0800][56267.913s] GC(461)   Post Evacuate Collection Set: 0.6ms
[2024-04-08T17:16:44.939+0800][56267.913s] GC(461)   Other: 0.1ms
[2024-04-08T17:16:44.939+0800][56267.913s] GC(461) Eden regions: 305->0(305)
[2024-04-08T17:16:44.939+0800][56267.913s] GC(461) Survivor regions: 2->2(39)
[2024-04-08T17:16:44.939+0800][56267.913s] GC(461) Old regions: 57->57
[2024-04-08T17:16:44.939+0800][56267.913s] GC(461) Humongous regions: 4->4
[2024-04-08T17:16:44.939+0800][56267.913s] GC(461) Metaspace: 67391K(68224K)->67391K(68224K) NonClass: 59859K(60288K)->59859K(60288K) Class: 7532K(7936K)->7532K(7936K)
[2024-04-08T17:16:44.939+0800][56267.913s] GC(461) Pause Young (Normal) (G1 Evacuation Pause) 366M->62M(512M) 3.033ms
[2024-04-08T17:16:44.939+0800][56267.913s] GC(461) User=0.00s Sys=0.00s Real=0.00s
[2024-04-08T17:16:46.198+0800][56269.173s] GC(462) Pause Young (Normal) (G1 Evacuation Pause)
[2024-04-08T17:16:46.198+0800][56269.173s] GC(462) Using 13 workers of 13 for evacuation
[2024-04-08T17:16:46.201+0800][56269.175s] GC(462)   Pre Evacuate Collection Set: 0.2ms
[2024-04-08T17:16:46.201+0800][56269.175s] GC(462)   Merge Heap Roots: 0.1ms
[2024-04-08T17:16:46.201+0800][56269.175s] GC(462)   Evacuate Collection Set: 1.3ms
[2024-04-08T17:16:46.201+0800][56269.176s] GC(462)   Post Evacuate Collection Set: 0.7ms
[2024-04-08T17:16:46.201+0800][56269.176s] GC(462)   Other: 0.1ms
[2024-04-08T17:16:46.201+0800][56269.176s] GC(462) Eden regions: 305->0(305)
[2024-04-08T17:16:46.201+0800][56269.176s] GC(462) Survivor regions: 2->2(39)
[2024-04-08T17:16:46.201+0800][56269.176s] GC(462) Old regions: 57->57
[2024-04-08T17:16:46.201+0800][56269.176s] GC(462) Humongous regions: 4->4
[2024-04-08T17:16:46.201+0800][56269.176s] GC(462) Metaspace: 67391K(68224K)->67391K(68224K) NonClass: 59859K(60288K)->59859K(60288K) Class: 7532K(7936K)->7532K(7936K)
[2024-04-08T17:16:46.201+0800][56269.176s] GC(462) Pause Young (Normal) (G1 Evacuation Pause) 367M->61M(512M) 2.623ms
[2024-04-08T17:16:46.201+0800][56269.176s] GC(462) User=0.00s Sys=0.00s Real=0.00s
[2024-04-08T17:16:47.554+0800][56270.529s] GC(463) Pause Young (Normal) (G1 Evacuation Pause)
[2024-04-08T17:16:47.554+0800][56270.529s] GC(463) Using 13 workers of 13 for evacuation
[2024-04-08T17:16:47.557+0800][56270.531s] GC(463)   Pre Evacuate Collection Set: 0.2ms
[2024-04-08T17:16:47.557+0800][56270.531s] GC(463)   Merge Heap Roots: 0.1ms
[2024-04-08T17:16:47.557+0800][56270.531s] GC(463)   Evacuate Collection Set: 1.5ms
[2024-04-08T17:16:47.557+0800][56270.531s] GC(463)   Post Evacuate Collection Set: 0.6ms
[2024-04-08T17:16:47.557+0800][56270.531s] GC(463)   Other: 0.1ms
[2024-04-08T17:16:47.557+0800][56270.531s] GC(463) Eden regions: 305->0(304)
[2024-04-08T17:16:47.557+0800][56270.531s] GC(463) Survivor regions: 2->3(39)
[2024-04-08T17:16:47.557+0800][56270.531s] GC(463) Old regions: 57->57
[2024-04-08T17:16:47.557+0800][56270.531s] GC(463) Humongous regions: 4->4
[2024-04-08T17:16:47.557+0800][56270.531s] GC(463) Metaspace: 67391K(68224K)->67391K(68224K) NonClass: 59859K(60288K)->59859K(60288K) Class: 7532K(7936K)->7532K(7936K)
[2024-04-08T17:16:47.557+0800][56270.531s] GC(463) Pause Young (Normal) (G1 Evacuation Pause) 366M->62M(512M) 2.659ms
[2024-04-08T17:16:47.557+0800][56270.532s] GC(463) User=0.00s Sys=0.02s Real=0.00s
[2024-04-08T17:16:48.910+0800][56271.884s] GC(464) Pause Young (Normal) (G1 Evacuation Pause)
[2024-04-08T17:16:48.910+0800][56271.884s] GC(464) Using 13 workers of 13 for evacuation
[2024-04-08T17:16:48.912+0800][56271.887s] GC(464)   Pre Evacuate Collection Set: 0.2ms
[2024-04-08T17:16:48.912+0800][56271.887s] GC(464)   Merge Heap Roots: 0.1ms
[2024-04-08T17:16:48.912+0800][56271.887s] GC(464)   Evacuate Collection Set: 1.3ms
[2024-04-08T17:16:48.912+0800][56271.887s] GC(464)   Post Evacuate Collection Set: 0.5ms
[2024-04-08T17:16:48.912+0800][56271.887s] GC(464)   Other: 0.1ms
[2024-04-08T17:16:48.912+0800][56271.887s] GC(464) Eden regions: 304->0(305)
[2024-04-08T17:16:48.912+0800][56271.887s] GC(464) Survivor regions: 3->2(39)
[2024-04-08T17:16:48.912+0800][56271.887s] GC(464) Old regions: 57->57
[2024-04-08T17:16:48.912+0800][56271.887s] GC(464) Humongous regions: 4->4
[2024-04-08T17:16:48.912+0800][56271.887s] GC(464) Metaspace: 67391K(68224K)->67391K(68224K) NonClass: 59859K(60288K)->59859K(60288K) Class: 7532K(7936K)->7532K(7936K)
[2024-04-08T17:16:48.912+0800][56271.887s] GC(464) Pause Young (Normal) (G1 Evacuation Pause) 366M->62M(512M) 2.429ms
[2024-04-08T17:16:48.912+0800][56271.887s] GC(464) User=0.00s Sys=0.00s Real=0.00s
[2024-04-08T17:16:50.374+0800][56273.348s] GC(465) Pause Young (Normal) (G1 Evacuation Pause)
[2024-04-08T17:16:50.374+0800][56273.348s] GC(465) Using 13 workers of 13 for evacuation
[2024-04-08T17:16:50.376+0800][56273.351s] GC(465)   Pre Evacuate Collection Set: 0.2ms
[2024-04-08T17:16:50.376+0800][56273.351s] GC(465)   Merge Heap Roots: 0.1ms
[2024-04-08T17:16:50.376+0800][56273.351s] GC(465)   Evacuate Collection Set: 1.4ms
[2024-04-08T17:16:50.376+0800][56273.351s] GC(465)   Post Evacuate Collection Set: 0.5ms
[2024-04-08T17:16:50.376+0800][56273.351s] GC(465)   Other: 0.1ms
[2024-04-08T17:16:50.376+0800][56273.351s] GC(465) Eden regions: 305->0(304)
[2024-04-08T17:16:50.376+0800][56273.351s] GC(465) Survivor regions: 2->3(39)
[2024-04-08T17:16:50.376+0800][56273.351s] GC(465) Old regions: 57->57
[2024-04-08T17:16:50.376+0800][56273.351s] GC(465) Humongous regions: 4->4
[2024-04-08T17:16:50.376+0800][56273.351s] GC(465) Metaspace: 67391K(68224K)->67391K(68224K) NonClass: 59859K(60288K)->59859K(60288K) Class: 7532K(7936K)->7532K(7936K)
[2024-04-08T17:16:50.376+0800][56273.351s] GC(465) Pause Young (Normal) (G1 Evacuation Pause) 367M->62M(512M) 2.553ms
[2024-04-08T17:16:50.376+0800][56273.351s] GC(465) User=0.00s Sys=0.00s Real=0.00s
[2024-04-08T17:16:51.821+0800][56274.796s] GC(466) Pause Young (Normal) (G1 Evacuation Pause)
[2024-04-08T17:16:51.821+0800][56274.796s] GC(466) Using 13 workers of 13 for evacuation
[2024-04-08T17:16:51.824+0800][56274.799s] GC(466)   Pre Evacuate Collection Set: 0.1ms
[2024-04-08T17:16:51.824+0800][56274.799s] GC(466)   Merge Heap Roots: 0.1ms
[2024-04-08T17:16:51.824+0800][56274.799s] GC(466)   Evacuate Collection Set: 2.0ms
[2024-04-08T17:16:51.824+0800][56274.799s] GC(466)   Post Evacuate Collection Set: 0.4ms
[2024-04-08T17:16:51.824+0800][56274.799s] GC(466)   Other: 0.1ms
[2024-04-08T17:16:51.824+0800][56274.799s] GC(466) Eden regions: 304->0(305)
[2024-04-08T17:16:51.824+0800][56274.799s] GC(466) Survivor regions: 3->2(39)
[2024-04-08T17:16:51.824+0800][56274.799s] GC(466) Old regions: 57->57
[2024-04-08T17:16:51.824+0800][56274.799s] GC(466) Humongous regions: 4->4
[2024-04-08T17:16:51.824+0800][56274.799s] GC(466) Metaspace: 67391K(68224K)->67391K(68224K) NonClass: 59859K(60288K)->59859K(60288K) Class: 7532K(7936K)->7532K(7936K)
[2024-04-08T17:16:51.824+0800][56274.799s] GC(466) Pause Young (Normal) (G1 Evacuation Pause) 366M->61M(512M) 2.893ms
[2024-04-08T17:16:51.824+0800][56274.799s] GC(466) User=0.19s Sys=0.00s Real=0.00s
[2024-04-08T17:16:53.280+0800][56276.255s] GC(467) Pause Young (Normal) (G1 Evacuation Pause)
[2024-04-08T17:16:53.280+0800][56276.255s] GC(467) Using 13 workers of 13 for evacuation
[2024-04-08T17:16:53.283+0800][56276.258s] GC(467)   Pre Evacuate Collection Set: 0.1ms
[2024-04-08T17:16:53.283+0800][56276.258s] GC(467)   Merge Heap Roots: 0.1ms
[2024-04-08T17:16:53.283+0800][56276.258s] GC(467)   Evacuate Collection Set: 2.3ms
[2024-04-08T17:16:53.283+0800][56276.258s] GC(467)   Post Evacuate Collection Set: 0.5ms
[2024-04-08T17:16:53.283+0800][56276.258s] GC(467)   Other: 0.1ms
[2024-04-08T17:16:53.283+0800][56276.258s] GC(467) Eden regions: 305->0(305)
[2024-04-08T17:16:53.283+0800][56276.258s] GC(467) Survivor regions: 2->2(39)
[2024-04-08T17:16:53.283+0800][56276.258s] GC(467) Old regions: 57->57
[2024-04-08T17:16:53.283+0800][56276.258s] GC(467) Humongous regions: 4->4
[2024-04-08T17:16:53.283+0800][56276.258s] GC(467) Metaspace: 67391K(68224K)->67391K(68224K) NonClass: 59859K(60288K)->59859K(60288K) Class: 7532K(7936K)->7532K(7936K)
[2024-04-08T17:16:53.283+0800][56276.258s] GC(467) Pause Young (Normal) (G1 Evacuation Pause) 366M->61M(512M) 3.377ms
[2024-04-08T17:16:53.283+0800][56276.258s] GC(467) User=0.00s Sys=0.00s Real=0.00s
[2024-04-08T17:16:54.613+0800][56277.588s] GC(468) Pause Young (Normal) (G1 Evacuation Pause)
[2024-04-08T17:16:54.613+0800][56277.588s] GC(468) Using 13 workers of 13 for evacuation
[2024-04-08T17:16:54.615+0800][56277.590s] GC(468)   Pre Evacuate Collection Set: 0.2ms
[2024-04-08T17:16:54.615+0800][56277.590s] GC(468)   Merge Heap Roots: 0.2ms
[2024-04-08T17:16:54.615+0800][56277.590s] GC(468)   Evacuate Collection Set: 1.3ms
[2024-04-08T17:16:54.615+0800][56277.590s] GC(468)   Post Evacuate Collection Set: 0.6ms
[2024-04-08T17:16:54.615+0800][56277.590s] GC(468)   Other: 0.1ms
[2024-04-08T17:16:54.615+0800][56277.590s] GC(468) Eden regions: 305->0(305)
[2024-04-08T17:16:54.615+0800][56277.590s] GC(468) Survivor regions: 2->2(39)
[2024-04-08T17:16:54.615+0800][56277.590s] GC(468) Old regions: 57->57
[2024-04-08T17:16:54.615+0800][56277.590s] GC(468) Humongous regions: 4->4
[2024-04-08T17:16:54.615+0800][56277.590s] GC(468) Metaspace: 67391K(68224K)->67391K(68224K) NonClass: 59859K(60288K)->59859K(60288K) Class: 7532K(7936K)->7532K(7936K)
[2024-04-08T17:16:54.615+0800][56277.590s] GC(468) Pause Young (Normal) (G1 Evacuation Pause) 366M->61M(512M) 2.592ms
[2024-04-08T17:16:54.615+0800][56277.590s] GC(468) User=0.00s Sys=0.00s Real=0.00s
[2024-04-08T17:16:55.931+0800][56278.906s] GC(469) Pause Young (Normal) (G1 Evacuation Pause)
[2024-04-08T17:16:55.932+0800][56278.906s] GC(469) Using 13 workers of 13 for evacuation
[2024-04-08T17:16:55.934+0800][56278.909s] GC(469)   Pre Evacuate Collection Set: 0.2ms
[2024-04-08T17:16:55.934+0800][56278.909s] GC(469)   Merge Heap Roots: 0.2ms
[2024-04-08T17:16:55.934+0800][56278.909s] GC(469)   Evacuate Collection Set: 1.5ms
[2024-04-08T17:16:55.934+0800][56278.909s] GC(469)   Post Evacuate Collection Set: 0.7ms
[2024-04-08T17:16:55.934+0800][56278.909s] GC(469)   Other: 0.1ms
[2024-04-08T17:16:55.934+0800][56278.909s] GC(469) Eden regions: 305->0(305)
[2024-04-08T17:16:55.934+0800][56278.909s] GC(469) Survivor regions: 2->2(39)
[2024-04-08T17:16:55.934+0800][56278.909s] GC(469) Old regions: 57->57
[2024-04-08T17:16:55.934+0800][56278.909s] GC(469) Humongous regions: 4->4
[2024-04-08T17:16:55.934+0800][56278.909s] GC(469) Metaspace: 67391K(68224K)->67391K(68224K) NonClass: 59859K(60288K)->59859K(60288K) Class: 7532K(7936K)->7532K(7936K)
[2024-04-08T17:16:55.934+0800][56278.909s] GC(469) Pause Young (Normal) (G1 Evacuation Pause) 366M->61M(512M) 2.792ms
[2024-04-08T17:16:55.934+0800][56278.909s] GC(469) User=0.00s Sys=0.00s Real=0.00s
[2024-04-08T17:16:57.296+0800][56280.271s] GC(470) Pause Young (Normal) (G1 Evacuation Pause)
[2024-04-08T17:16:57.297+0800][56280.271s] GC(470) Using 13 workers of 13 for evacuation
[2024-04-08T17:16:57.299+0800][56280.273s] GC(470)   Pre Evacuate Collection Set: 0.2ms
[2024-04-08T17:16:57.299+0800][56280.273s] GC(470)   Merge Heap Roots: 0.1ms
[2024-04-08T17:16:57.299+0800][56280.273s] GC(470)   Evacuate Collection Set: 1.6ms
[2024-04-08T17:16:57.299+0800][56280.273s] GC(470)   Post Evacuate Collection Set: 0.5ms
[2024-04-08T17:16:57.299+0800][56280.273s] GC(470)   Other: 0.1ms
[2024-04-08T17:16:57.299+0800][56280.273s] GC(470) Eden regions: 305->0(305)
[2024-04-08T17:16:57.299+0800][56280.273s] GC(470) Survivor regions: 2->2(39)
[2024-04-08T17:16:57.299+0800][56280.273s] GC(470) Old regions: 57->57
[2024-04-08T17:16:57.299+0800][56280.273s] GC(470) Humongous regions: 4->4
[2024-04-08T17:16:57.299+0800][56280.273s] GC(470) Metaspace: 67391K(68224K)->67391K(68224K) NonClass: 59859K(60288K)->59859K(60288K) Class: 7532K(7936K)->7532K(7936K)
[2024-04-08T17:16:57.299+0800][56280.273s] GC(470) Pause Young (Normal) (G1 Evacuation Pause) 366M->62M(512M) 2.709ms
[2024-04-08T17:16:57.299+0800][56280.273s] GC(470) User=0.00s Sys=0.00s Real=0.00s
[2024-04-08T17:16:58.664+0800][56281.638s] GC(471) Pause Young (Normal) (G1 Evacuation Pause)
[2024-04-08T17:16:58.664+0800][56281.638s] GC(471) Using 13 workers of 13 for evacuation
[2024-04-08T17:16:58.667+0800][56281.641s] GC(471)   Pre Evacuate Collection Set: 0.2ms
[2024-04-08T17:16:58.667+0800][56281.641s] GC(471)   Merge Heap Roots: 0.1ms
[2024-04-08T17:16:58.667+0800][56281.641s] GC(471)   Evacuate Collection Set: 1.5ms
[2024-04-08T17:16:58.667+0800][56281.641s] GC(471)   Post Evacuate Collection Set: 0.7ms
[2024-04-08T17:16:58.667+0800][56281.641s] GC(471)   Other: 0.1ms
[2024-04-08T17:16:58.667+0800][56281.641s] GC(471) Eden regions: 305->0(305)
[2024-04-08T17:16:58.667+0800][56281.641s] GC(471) Survivor regions: 2->2(39)
[2024-04-08T17:16:58.667+0800][56281.641s] GC(471) Old regions: 57->57
[2024-04-08T17:16:58.667+0800][56281.641s] GC(471) Humongous regions: 4->4
[2024-04-08T17:16:58.667+0800][56281.641s] GC(471) Metaspace: 67391K(68224K)->67391K(68224K) NonClass: 59859K(60288K)->59859K(60288K) Class: 7532K(7936K)->7532K(7936K)
[2024-04-08T17:16:58.667+0800][56281.641s] GC(471) Pause Young (Normal) (G1 Evacuation Pause) 367M->62M(512M) 2.830ms
[2024-04-08T17:16:58.667+0800][56281.641s] GC(471) User=0.05s Sys=0.00s Real=0.00s
[2024-04-08T17:17:00.386+0800][56283.360s] GC(472) Pause Young (Normal) (G1 Evacuation Pause)
[2024-04-08T17:17:00.386+0800][56283.360s] GC(472) Using 13 workers of 13 for evacuation
[2024-04-08T17:17:00.388+0800][56283.362s] GC(472)   Pre Evacuate Collection Set: 0.1ms
[2024-04-08T17:17:00.388+0800][56283.362s] GC(472)   Merge Heap Roots: 0.1ms
[2024-04-08T17:17:00.388+0800][56283.362s] GC(472)   Evacuate Collection Set: 1.2ms
[2024-04-08T17:17:00.388+0800][56283.362s] GC(472)   Post Evacuate Collection Set: 0.3ms
[2024-04-08T17:17:00.388+0800][56283.362s] GC(472)   Other: 0.1ms
[2024-04-08T17:17:00.388+0800][56283.362s] GC(472) Eden regions: 305->0(305)
[2024-04-08T17:17:00.388+0800][56283.362s] GC(472) Survivor regions: 2->2(39)
[2024-04-08T17:17:00.388+0800][56283.362s] GC(472) Old regions: 57->57
[2024-04-08T17:17:00.388+0800][56283.362s] GC(472) Humongous regions: 4->4
[2024-04-08T17:17:00.388+0800][56283.362s] GC(472) Metaspace: 67391K(68224K)->67391K(68224K) NonClass: 59859K(60288K)->59859K(60288K) Class: 7532K(7936K)->7532K(7936K)
[2024-04-08T17:17:00.388+0800][56283.362s] GC(472) Pause Young (Normal) (G1 Evacuation Pause) 367M->61M(512M) 1.976ms
[2024-04-08T17:17:00.388+0800][56283.362s] GC(472) User=0.00s Sys=0.00s Real=0.00s
[2024-04-08T17:17:01.819+0800][56284.794s] GC(473) Pause Young (Normal) (G1 Evacuation Pause)
[2024-04-08T17:17:01.819+0800][56284.794s] GC(473) Using 13 workers of 13 for evacuation
[2024-04-08T17:17:01.822+0800][56284.796s] GC(473)   Pre Evacuate Collection Set: 0.2ms
[2024-04-08T17:17:01.822+0800][56284.796s] GC(473)   Merge Heap Roots: 0.1ms
[2024-04-08T17:17:01.822+0800][56284.796s] GC(473)   Evacuate Collection Set: 1.5ms
[2024-04-08T17:17:01.822+0800][56284.796s] GC(473)   Post Evacuate Collection Set: 0.5ms
[2024-04-08T17:17:01.822+0800][56284.796s] GC(473)   Other: 0.1ms
[2024-04-08T17:17:01.822+0800][56284.796s] GC(473) Eden regions: 305->0(305)
[2024-04-08T17:17:01.822+0800][56284.796s] GC(473) Survivor regions: 2->2(39)
[2024-04-08T17:17:01.822+0800][56284.796s] GC(473) Old regions: 57->57
[2024-04-08T17:17:01.822+0800][56284.796s] GC(473) Humongous regions: 4->4
[2024-04-08T17:17:01.822+0800][56284.796s] GC(473) Metaspace: 67391K(68224K)->67391K(68224K) NonClass: 59859K(60288K)->59859K(60288K) Class: 7532K(7936K)->7532K(7936K)
[2024-04-08T17:17:01.822+0800][56284.796s] GC(473) Pause Young (Normal) (G1 Evacuation Pause) 366M->62M(512M) 2.490ms
[2024-04-08T17:17:01.822+0800][56284.796s] GC(473) User=0.02s Sys=0.00s Real=0.00s
[2024-04-08T17:17:03.143+0800][56286.118s] GC(474) Pause Young (Normal) (G1 Evacuation Pause)
[2024-04-08T17:17:03.143+0800][56286.118s] GC(474) Using 13 workers of 13 for evacuation
[2024-04-08T17:17:03.145+0800][56286.120s] GC(474)   Pre Evacuate Collection Set: 0.2ms
[2024-04-08T17:17:03.145+0800][56286.120s] GC(474)   Merge Heap Roots: 0.1ms
[2024-04-08T17:17:03.145+0800][56286.120s] GC(474)   Evacuate Collection Set: 1.3ms
[2024-04-08T17:17:03.145+0800][56286.120s] GC(474)   Post Evacuate Collection Set: 0.5ms
[2024-04-08T17:17:03.145+0800][56286.120s] GC(474)   Other: 0.1ms
[2024-04-08T17:17:03.145+0800][56286.120s] GC(474) Eden regions: 305->0(305)
[2024-04-08T17:17:03.145+0800][56286.120s] GC(474) Survivor regions: 2->2(39)
[2024-04-08T17:17:03.145+0800][56286.120s] GC(474) Old regions: 57->57
[2024-04-08T17:17:03.145+0800][56286.120s] GC(474) Humongous regions: 4->4
[2024-04-08T17:17:03.145+0800][56286.120s] GC(474) Metaspace: 67391K(68224K)->67391K(68224K) NonClass: 59859K(60288K)->59859K(60288K) Class: 7532K(7936K)->7532K(7936K)
[2024-04-08T17:17:03.145+0800][56286.120s] GC(474) Pause Young (Normal) (G1 Evacuation Pause) 367M->62M(512M) 2.348ms
[2024-04-08T17:17:03.145+0800][56286.120s] GC(474) User=0.00s Sys=0.00s Real=0.00s
[2024-04-08T17:17:04.429+0800][56287.403s] GC(475) Pause Young (Normal) (G1 Evacuation Pause)
[2024-04-08T17:17:04.429+0800][56287.403s] GC(475) Using 13 workers of 13 for evacuation
[2024-04-08T17:17:04.431+0800][56287.406s] GC(475)   Pre Evacuate Collection Set: 0.2ms
[2024-04-08T17:17:04.431+0800][56287.406s] GC(475)   Merge Heap Roots: 0.1ms
[2024-04-08T17:17:04.431+0800][56287.406s] GC(475)   Evacuate Collection Set: 1.5ms
[2024-04-08T17:17:04.431+0800][56287.406s] GC(475)   Post Evacuate Collection Set: 0.6ms
[2024-04-08T17:17:04.431+0800][56287.406s] GC(475)   Other: 0.1ms
[2024-04-08T17:17:04.431+0800][56287.406s] GC(475) Eden regions: 305->0(305)
[2024-04-08T17:17:04.431+0800][56287.406s] GC(475) Survivor regions: 2->2(39)
[2024-04-08T17:17:04.431+0800][56287.406s] GC(475) Old regions: 57->57
[2024-04-08T17:17:04.431+0800][56287.406s] GC(475) Humongous regions: 4->4
[2024-04-08T17:17:04.431+0800][56287.406s] GC(475) Metaspace: 67391K(68224K)->67391K(68224K) NonClass: 59859K(60288K)->59859K(60288K) Class: 7532K(7936K)->7532K(7936K)
[2024-04-08T17:17:04.431+0800][56287.406s] GC(475) Pause Young (Normal) (G1 Evacuation Pause) 367M->61M(512M) 2.769ms
[2024-04-08T17:17:04.431+0800][56287.406s] GC(475) User=0.00s Sys=0.00s Real=0.00s
[2024-04-08T17:17:05.804+0800][56288.778s] GC(476) Pause Young (Normal) (G1 Evacuation Pause)
[2024-04-08T17:17:05.804+0800][56288.778s] GC(476) Using 13 workers of 13 for evacuation
[2024-04-08T17:17:05.806+0800][56288.780s] GC(476)   Pre Evacuate Collection Set: 0.1ms
[2024-04-08T17:17:05.806+0800][56288.780s] GC(476)   Merge Heap Roots: 0.1ms
[2024-04-08T17:17:05.806+0800][56288.780s] GC(476)   Evacuate Collection Set: 1.3ms
[2024-04-08T17:17:05.806+0800][56288.780s] GC(476)   Post Evacuate Collection Set: 0.5ms
[2024-04-08T17:17:05.806+0800][56288.780s] GC(476)   Other: 0.1ms
[2024-04-08T17:17:05.806+0800][56288.780s] GC(476) Eden regions: 305->0(305)
[2024-04-08T17:17:05.806+0800][56288.780s] GC(476) Survivor regions: 2->2(39)
[2024-04-08T17:17:05.806+0800][56288.780s] GC(476) Old regions: 57->57
[2024-04-08T17:17:05.806+0800][56288.780s] GC(476) Humongous regions: 4->4
[2024-04-08T17:17:05.806+0800][56288.780s] GC(476) Metaspace: 67391K(68224K)->67391K(68224K) NonClass: 59859K(60288K)->59859K(60288K) Class: 7532K(7936K)->7532K(7936K)
[2024-04-08T17:17:05.806+0800][56288.781s] GC(476) Pause Young (Normal) (G1 Evacuation Pause) 366M->61M(512M) 2.266ms
[2024-04-08T17:17:05.806+0800][56288.781s] GC(476) User=0.00s Sys=0.00s Real=0.00s
[2024-04-08T17:17:07.124+0800][56290.099s] GC(477) Pause Young (Normal) (G1 Evacuation Pause)
[2024-04-08T17:17:07.124+0800][56290.099s] GC(477) Using 13 workers of 13 for evacuation
[2024-04-08T17:17:07.127+0800][56290.102s] GC(477)   Pre Evacuate Collection Set: 0.3ms
[2024-04-08T17:17:07.127+0800][56290.102s] GC(477)   Merge Heap Roots: 0.1ms
[2024-04-08T17:17:07.127+0800][56290.102s] GC(477)   Evacuate Collection Set: 1.6ms
[2024-04-08T17:17:07.127+0800][56290.102s] GC(477)   Post Evacuate Collection Set: 0.5ms
[2024-04-08T17:17:07.127+0800][56290.102s] GC(477)   Other: 0.1ms
[2024-04-08T17:17:07.127+0800][56290.102s] GC(477) Eden regions: 305->0(305)
[2024-04-08T17:17:07.127+0800][56290.102s] GC(477) Survivor regions: 2->2(39)
[2024-04-08T17:17:07.127+0800][56290.102s] GC(477) Old regions: 57->57
[2024-04-08T17:17:07.127+0800][56290.102s] GC(477) Humongous regions: 4->4
[2024-04-08T17:17:07.127+0800][56290.102s] GC(477) Metaspace: 67391K(68224K)->67391K(68224K) NonClass: 59859K(60288K)->59859K(60288K) Class: 7532K(7936K)->7532K(7936K)
[2024-04-08T17:17:07.127+0800][56290.102s] GC(477) Pause Young (Normal) (G1 Evacuation Pause) 366M->61M(512M) 3.081ms
[2024-04-08T17:17:07.127+0800][56290.102s] GC(477) User=0.00s Sys=0.00s Real=0.00s
[2024-04-08T17:17:08.499+0800][56291.474s] GC(478) Pause Young (Normal) (G1 Evacuation Pause)
[2024-04-08T17:17:08.499+0800][56291.474s] GC(478) Using 13 workers of 13 for evacuation
[2024-04-08T17:17:08.502+0800][56291.476s] GC(478)   Pre Evacuate Collection Set: 0.1ms
[2024-04-08T17:17:08.502+0800][56291.476s] GC(478)   Merge Heap Roots: 0.1ms
[2024-04-08T17:17:08.502+0800][56291.476s] GC(478)   Evacuate Collection Set: 2.0ms
[2024-04-08T17:17:08.502+0800][56291.477s] GC(478)   Post Evacuate Collection Set: 0.4ms
[2024-04-08T17:17:08.502+0800][56291.477s] GC(478)   Other: 0.1ms
[2024-04-08T17:17:08.502+0800][56291.477s] GC(478) Eden regions: 305->0(305)
[2024-04-08T17:17:08.502+0800][56291.477s] GC(478) Survivor regions: 2->2(39)
[2024-04-08T17:17:08.502+0800][56291.477s] GC(478) Old regions: 57->57
[2024-04-08T17:17:08.502+0800][56291.477s] GC(478) Humongous regions: 4->4
[2024-04-08T17:17:08.502+0800][56291.477s] GC(478) Metaspace: 67391K(68224K)->67391K(68224K) NonClass: 59859K(60288K)->59859K(60288K) Class: 7532K(7936K)->7532K(7936K)
[2024-04-08T17:17:08.502+0800][56291.477s] GC(478) Pause Young (Normal) (G1 Evacuation Pause) 366M->61M(512M) 2.910ms
[2024-04-08T17:17:08.502+0800][56291.477s] GC(478) User=0.00s Sys=0.00s Real=0.00s
[2024-04-08T17:17:09.932+0800][56292.906s] GC(479) Pause Young (Normal) (G1 Evacuation Pause)
[2024-04-08T17:17:09.932+0800][56292.906s] GC(479) Using 13 workers of 13 for evacuation
[2024-04-08T17:17:09.934+0800][56292.909s] GC(479)   Pre Evacuate Collection Set: 0.2ms
[2024-04-08T17:17:09.935+0800][56292.909s] GC(479)   Merge Heap Roots: 0.2ms
[2024-04-08T17:17:09.935+0800][56292.909s] GC(479)   Evacuate Collection Set: 1.6ms
[2024-04-08T17:17:09.935+0800][56292.909s] GC(479)   Post Evacuate Collection Set: 0.6ms
[2024-04-08T17:17:09.935+0800][56292.909s] GC(479)   Other: 0.1ms
[2024-04-08T17:17:09.935+0800][56292.909s] GC(479) Eden regions: 305->0(305)
[2024-04-08T17:17:09.935+0800][56292.909s] GC(479) Survivor regions: 2->2(39)
[2024-04-08T17:17:09.935+0800][56292.909s] GC(479) Old regions: 57->57
[2024-04-08T17:17:09.935+0800][56292.909s] GC(479) Humongous regions: 4->4
[2024-04-08T17:17:09.935+0800][56292.909s] GC(479) Metaspace: 67391K(68224K)->67391K(68224K) NonClass: 59859K(60288K)->59859K(60288K) Class: 7532K(7936K)->7532K(7936K)
[2024-04-08T17:17:09.935+0800][56292.909s] GC(479) Pause Young (Normal) (G1 Evacuation Pause) 366M->62M(512M) 2.953ms
[2024-04-08T17:17:09.935+0800][56292.909s] GC(479) User=0.00s Sys=0.00s Real=0.00s
[2024-04-08T17:17:11.198+0800][56294.172s] GC(480) Pause Young (Normal) (G1 Evacuation Pause)
[2024-04-08T17:17:11.198+0800][56294.173s] GC(480) Using 13 workers of 13 for evacuation
[2024-04-08T17:17:11.200+0800][56294.175s] GC(480)   Pre Evacuate Collection Set: 0.2ms
[2024-04-08T17:17:11.201+0800][56294.175s] GC(480)   Merge Heap Roots: 0.1ms
[2024-04-08T17:17:11.201+0800][56294.175s] GC(480)   Evacuate Collection Set: 1.5ms
[2024-04-08T17:17:11.201+0800][56294.175s] GC(480)   Post Evacuate Collection Set: 0.5ms
[2024-04-08T17:17:11.201+0800][56294.175s] GC(480)   Other: 0.1ms
[2024-04-08T17:17:11.201+0800][56294.175s] GC(480) Eden regions: 305->0(305)
[2024-04-08T17:17:11.201+0800][56294.175s] GC(480) Survivor regions: 2->2(39)
[2024-04-08T17:17:11.201+0800][56294.175s] GC(480) Old regions: 57->57
[2024-04-08T17:17:11.201+0800][56294.175s] GC(480) Humongous regions: 4->4
[2024-04-08T17:17:11.201+0800][56294.175s] GC(480) Metaspace: 67391K(68224K)->67391K(68224K) NonClass: 59859K(60288K)->59859K(60288K) Class: 7532K(7936K)->7532K(7936K)
[2024-04-08T17:17:11.201+0800][56294.175s] GC(480) Pause Young (Normal) (G1 Evacuation Pause) 367M->61M(512M) 2.531ms
[2024-04-08T17:17:11.201+0800][56294.175s] GC(480) User=0.00s Sys=0.00s Real=0.00s
[2024-04-08T17:17:12.462+0800][56295.437s] GC(481) Pause Young (Normal) (G1 Evacuation Pause)
[2024-04-08T17:17:12.462+0800][56295.437s] GC(481) Using 13 workers of 13 for evacuation
[2024-04-08T17:17:12.464+0800][56295.439s] GC(481)   Pre Evacuate Collection Set: 0.1ms
[2024-04-08T17:17:12.464+0800][56295.439s] GC(481)   Merge Heap Roots: 0.1ms
[2024-04-08T17:17:12.464+0800][56295.439s] GC(481)   Evacuate Collection Set: 1.1ms
[2024-04-08T17:17:12.464+0800][56295.439s] GC(481)   Post Evacuate Collection Set: 0.4ms
[2024-04-08T17:17:12.464+0800][56295.439s] GC(481)   Other: 0.1ms
[2024-04-08T17:17:12.464+0800][56295.439s] GC(481) Eden regions: 305->0(305)
[2024-04-08T17:17:12.464+0800][56295.439s] GC(481) Survivor regions: 2->2(39)
[2024-04-08T17:17:12.464+0800][56295.439s] GC(481) Old regions: 57->57
[2024-04-08T17:17:12.464+0800][56295.439s] GC(481) Humongous regions: 4->4
[2024-04-08T17:17:12.464+0800][56295.439s] GC(481) Metaspace: 67391K(68224K)->67391K(68224K) NonClass: 59859K(60288K)->59859K(60288K) Class: 7532K(7936K)->7532K(7936K)
[2024-04-08T17:17:12.464+0800][56295.439s] GC(481) Pause Young (Normal) (G1 Evacuation Pause) 366M->62M(512M) 2.054ms
[2024-04-08T17:17:12.464+0800][56295.439s] GC(481) User=0.00s Sys=0.00s Real=0.00s
[2024-04-08T17:17:13.889+0800][56296.864s] GC(482) Pause Young (Normal) (G1 Evacuation Pause)
[2024-04-08T17:17:13.889+0800][56296.864s] GC(482) Using 13 workers of 13 for evacuation
[2024-04-08T17:17:13.892+0800][56296.867s] GC(482)   Pre Evacuate Collection Set: 0.2ms
[2024-04-08T17:17:13.892+0800][56296.867s] GC(482)   Merge Heap Roots: 0.1ms
[2024-04-08T17:17:13.892+0800][56296.867s] GC(482)   Evacuate Collection Set: 1.5ms
[2024-04-08T17:17:13.892+0800][56296.867s] GC(482)   Post Evacuate Collection Set: 0.6ms
[2024-04-08T17:17:13.892+0800][56296.867s] GC(482)   Other: 0.1ms
[2024-04-08T17:17:13.892+0800][56296.867s] GC(482) Eden regions: 305->0(305)
[2024-04-08T17:17:13.892+0800][56296.867s] GC(482) Survivor regions: 2->2(39)
[2024-04-08T17:17:13.892+0800][56296.867s] GC(482) Old regions: 57->57
[2024-04-08T17:17:13.892+0800][56296.867s] GC(482) Humongous regions: 4->4
[2024-04-08T17:17:13.892+0800][56296.867s] GC(482) Metaspace: 67391K(68224K)->67391K(68224K) NonClass: 59859K(60288K)->59859K(60288K) Class: 7532K(7936K)->7532K(7936K)
[2024-04-08T17:17:13.892+0800][56296.867s] GC(482) Pause Young (Normal) (G1 Evacuation Pause) 367M->62M(512M) 2.686ms
[2024-04-08T17:17:13.892+0800][56296.867s] GC(482) User=0.00s Sys=0.00s Real=0.00s
[2024-04-08T17:17:15.204+0800][56298.178s] GC(483) Pause Young (Normal) (G1 Evacuation Pause)
[2024-04-08T17:17:15.204+0800][56298.178s] GC(483) Using 13 workers of 13 for evacuation
[2024-04-08T17:17:15.206+0800][56298.181s] GC(483)   Pre Evacuate Collection Set: 0.2ms
[2024-04-08T17:17:15.206+0800][56298.181s] GC(483)   Merge Heap Roots: 0.2ms
[2024-04-08T17:17:15.206+0800][56298.181s] GC(483)   Evacuate Collection Set: 1.5ms
[2024-04-08T17:17:15.206+0800][56298.181s] GC(483)   Post Evacuate Collection Set: 0.5ms
[2024-04-08T17:17:15.206+0800][56298.181s] GC(483)   Other: 0.1ms
[2024-04-08T17:17:15.206+0800][56298.181s] GC(483) Eden regions: 305->0(305)
[2024-04-08T17:17:15.206+0800][56298.181s] GC(483) Survivor regions: 2->2(39)
[2024-04-08T17:17:15.206+0800][56298.181s] GC(483) Old regions: 57->57
[2024-04-08T17:17:15.206+0800][56298.181s] GC(483) Humongous regions: 4->4
[2024-04-08T17:17:15.206+0800][56298.181s] GC(483) Metaspace: 67391K(68224K)->67391K(68224K) NonClass: 59859K(60288K)->59859K(60288K) Class: 7532K(7936K)->7532K(7936K)
[2024-04-08T17:17:15.206+0800][56298.181s] GC(483) Pause Young (Normal) (G1 Evacuation Pause) 367M->62M(512M) 2.599ms
[2024-04-08T17:17:15.206+0800][56298.181s] GC(483) User=0.00s Sys=0.00s Real=0.00s
[2024-04-08T17:17:16.527+0800][56299.502s] GC(484) Pause Young (Normal) (G1 Evacuation Pause)
[2024-04-08T17:17:16.527+0800][56299.502s] GC(484) Using 13 workers of 13 for evacuation
[2024-04-08T17:17:16.530+0800][56299.504s] GC(484)   Pre Evacuate Collection Set: 0.2ms
[2024-04-08T17:17:16.530+0800][56299.504s] GC(484)   Merge Heap Roots: 0.1ms
[2024-04-08T17:17:16.530+0800][56299.504s] GC(484)   Evacuate Collection Set: 1.2ms
[2024-04-08T17:17:16.530+0800][56299.504s] GC(484)   Post Evacuate Collection Set: 0.6ms
[2024-04-08T17:17:16.530+0800][56299.504s] GC(484)   Other: 0.1ms
[2024-04-08T17:17:16.530+0800][56299.504s] GC(484) Eden regions: 305->0(304)
[2024-04-08T17:17:16.530+0800][56299.504s] GC(484) Survivor regions: 2->3(39)
[2024-04-08T17:17:16.530+0800][56299.504s] GC(484) Old regions: 57->57
[2024-04-08T17:17:16.530+0800][56299.504s] GC(484) Humongous regions: 4->4
[2024-04-08T17:17:16.530+0800][56299.504s] GC(484) Metaspace: 67391K(68224K)->67391K(68224K) NonClass: 59859K(60288K)->59859K(60288K) Class: 7532K(7936K)->7532K(7936K)
[2024-04-08T17:17:16.530+0800][56299.504s] GC(484) Pause Young (Normal) (G1 Evacuation Pause) 367M->62M(512M) 2.569ms
[2024-04-08T17:17:16.530+0800][56299.504s] GC(484) User=0.00s Sys=0.00s Real=0.00s
[2024-04-08T17:17:17.867+0800][56300.841s] GC(485) Pause Young (Normal) (G1 Evacuation Pause)
[2024-04-08T17:17:17.867+0800][56300.841s] GC(485) Using 13 workers of 13 for evacuation
[2024-04-08T17:17:17.869+0800][56300.843s] GC(485)   Pre Evacuate Collection Set: 0.2ms
[2024-04-08T17:17:17.869+0800][56300.843s] GC(485)   Merge Heap Roots: 0.1ms
[2024-04-08T17:17:17.869+0800][56300.843s] GC(485)   Evacuate Collection Set: 1.4ms
[2024-04-08T17:17:17.869+0800][56300.843s] GC(485)   Post Evacuate Collection Set: 0.6ms
[2024-04-08T17:17:17.869+0800][56300.843s] GC(485)   Other: 0.1ms
[2024-04-08T17:17:17.869+0800][56300.844s] GC(485) Eden regions: 304->0(305)
[2024-04-08T17:17:17.869+0800][56300.844s] GC(485) Survivor regions: 3->2(39)
[2024-04-08T17:17:17.869+0800][56300.844s] GC(485) Old regions: 57->57
[2024-04-08T17:17:17.869+0800][56300.844s] GC(485) Humongous regions: 4->4
[2024-04-08T17:17:17.870+0800][56300.844s] GC(485) Metaspace: 67391K(68224K)->67391K(68224K) NonClass: 59859K(60288K)->59859K(60288K) Class: 7532K(7936K)->7532K(7936K)
[2024-04-08T17:17:17.870+0800][56300.844s] GC(485) Pause Young (Normal) (G1 Evacuation Pause) 366M->62M(512M) 2.755ms
[2024-04-08T17:17:17.870+0800][56300.844s] GC(485) User=0.02s Sys=0.00s Real=0.00s
[2024-04-08T17:17:19.248+0800][56302.222s] GC(486) Pause Young (Normal) (G1 Evacuation Pause)
[2024-04-08T17:17:19.248+0800][56302.222s] GC(486) Using 13 workers of 13 for evacuation
[2024-04-08T17:17:19.250+0800][56302.225s] GC(486)   Pre Evacuate Collection Set: 0.2ms
[2024-04-08T17:17:19.251+0800][56302.225s] GC(486)   Merge Heap Roots: 0.1ms
[2024-04-08T17:17:19.251+0800][56302.225s] GC(486)   Evacuate Collection Set: 1.3ms
[2024-04-08T17:17:19.251+0800][56302.225s] GC(486)   Post Evacuate Collection Set: 0.5ms
[2024-04-08T17:17:19.251+0800][56302.225s] GC(486)   Other: 0.1ms
[2024-04-08T17:17:19.251+0800][56302.225s] GC(486) Eden regions: 305->0(305)
[2024-04-08T17:17:19.251+0800][56302.225s] GC(486) Survivor regions: 2->2(39)
[2024-04-08T17:17:19.251+0800][56302.225s] GC(486) Old regions: 57->57
[2024-04-08T17:17:19.251+0800][56302.225s] GC(486) Humongous regions: 4->4
[2024-04-08T17:17:19.251+0800][56302.225s] GC(486) Metaspace: 67391K(68224K)->67391K(68224K) NonClass: 59859K(60288K)->59859K(60288K) Class: 7532K(7936K)->7532K(7936K)
[2024-04-08T17:17:19.251+0800][56302.225s] GC(486) Pause Young (Normal) (G1 Evacuation Pause) 367M->61M(512M) 2.419ms
[2024-04-08T17:17:19.251+0800][56302.225s] GC(486) User=0.00s Sys=0.00s Real=0.00s
[2024-04-08T17:17:20.611+0800][56303.585s] GC(487) Pause Young (Normal) (G1 Evacuation Pause)
[2024-04-08T17:17:20.611+0800][56303.585s] GC(487) Using 13 workers of 13 for evacuation
[2024-04-08T17:17:20.613+0800][56303.587s] GC(487)   Pre Evacuate Collection Set: 0.1ms
[2024-04-08T17:17:20.613+0800][56303.587s] GC(487)   Merge Heap Roots: 0.1ms
[2024-04-08T17:17:20.613+0800][56303.587s] GC(487)   Evacuate Collection Set: 1.8ms
[2024-04-08T17:17:20.613+0800][56303.587s] GC(487)   Post Evacuate Collection Set: 0.4ms
[2024-04-08T17:17:20.613+0800][56303.587s] GC(487)   Other: 0.1ms
[2024-04-08T17:17:20.613+0800][56303.587s] GC(487) Eden regions: 305->0(305)
[2024-04-08T17:17:20.613+0800][56303.587s] GC(487) Survivor regions: 2->2(39)
[2024-04-08T17:17:20.613+0800][56303.587s] GC(487) Old regions: 57->57
[2024-04-08T17:17:20.613+0800][56303.587s] GC(487) Humongous regions: 4->4
[2024-04-08T17:17:20.613+0800][56303.587s] GC(487) Metaspace: 67391K(68224K)->67391K(68224K) NonClass: 59859K(60288K)->59859K(60288K) Class: 7532K(7936K)->7532K(7936K)
[2024-04-08T17:17:20.613+0800][56303.587s] GC(487) Pause Young (Normal) (G1 Evacuation Pause) 366M->62M(512M) 2.555ms
[2024-04-08T17:17:20.613+0800][56303.587s] GC(487) User=0.00s Sys=0.00s Real=0.00s
[2024-04-08T17:17:21.991+0800][56304.965s] GC(488) Pause Young (Normal) (G1 Evacuation Pause)
[2024-04-08T17:17:21.991+0800][56304.965s] GC(488) Using 13 workers of 13 for evacuation
[2024-04-08T17:17:21.994+0800][56304.968s] GC(488)   Pre Evacuate Collection Set: 0.2ms
[2024-04-08T17:17:21.994+0800][56304.968s] GC(488)   Merge Heap Roots: 0.1ms
[2024-04-08T17:17:21.994+0800][56304.968s] GC(488)   Evacuate Collection Set: 1.5ms
[2024-04-08T17:17:21.994+0800][56304.968s] GC(488)   Post Evacuate Collection Set: 0.5ms
[2024-04-08T17:17:21.994+0800][56304.968s] GC(488)   Other: 0.1ms
[2024-04-08T17:17:21.994+0800][56304.968s] GC(488) Eden regions: 305->0(305)
[2024-04-08T17:17:21.994+0800][56304.968s] GC(488) Survivor regions: 2->2(39)
[2024-04-08T17:17:21.994+0800][56304.968s] GC(488) Old regions: 57->57
[2024-04-08T17:17:21.994+0800][56304.968s] GC(488) Humongous regions: 4->4
[2024-04-08T17:17:21.994+0800][56304.968s] GC(488) Metaspace: 67391K(68224K)->67391K(68224K) NonClass: 59859K(60288K)->59859K(60288K) Class: 7532K(7936K)->7532K(7936K)
[2024-04-08T17:17:21.994+0800][56304.968s] GC(488) Pause Young (Normal) (G1 Evacuation Pause) 367M->61M(512M) 2.589ms
[2024-04-08T17:17:21.994+0800][56304.968s] GC(488) User=0.00s Sys=0.00s Real=0.00s
[2024-04-08T17:17:23.329+0800][56306.303s] GC(489) Pause Young (Normal) (G1 Evacuation Pause)
[2024-04-08T17:17:23.329+0800][56306.303s] GC(489) Using 13 workers of 13 for evacuation
[2024-04-08T17:17:23.331+0800][56306.306s] GC(489)   Pre Evacuate Collection Set: 0.2ms
[2024-04-08T17:17:23.331+0800][56306.306s] GC(489)   Merge Heap Roots: 0.1ms
[2024-04-08T17:17:23.331+0800][56306.306s] GC(489)   Evacuate Collection Set: 1.5ms
[2024-04-08T17:17:23.331+0800][56306.306s] GC(489)   Post Evacuate Collection Set: 0.5ms
[2024-04-08T17:17:23.331+0800][56306.306s] GC(489)   Other: 0.1ms
[2024-04-08T17:17:23.331+0800][56306.306s] GC(489) Eden regions: 305->0(305)
[2024-04-08T17:17:23.331+0800][56306.306s] GC(489) Survivor regions: 2->2(39)
[2024-04-08T17:17:23.332+0800][56306.306s] GC(489) Old regions: 57->57
[2024-04-08T17:17:23.332+0800][56306.306s] GC(489) Humongous regions: 4->4
[2024-04-08T17:17:23.332+0800][56306.306s] GC(489) Metaspace: 67391K(68224K)->67391K(68224K) NonClass: 59859K(60288K)->59859K(60288K) Class: 7532K(7936K)->7532K(7936K)
[2024-04-08T17:17:23.332+0800][56306.306s] GC(489) Pause Young (Normal) (G1 Evacuation Pause) 366M->62M(512M) 2.720ms
[2024-04-08T17:17:23.332+0800][56306.306s] GC(489) User=0.00s Sys=0.00s Real=0.00s
[2024-04-08T17:17:24.698+0800][56307.672s] GC(490) Pause Young (Normal) (G1 Evacuation Pause)
[2024-04-08T17:17:24.698+0800][56307.672s] GC(490) Using 13 workers of 13 for evacuation
[2024-04-08T17:17:24.700+0800][56307.675s] GC(490)   Pre Evacuate Collection Set: 0.2ms
[2024-04-08T17:17:24.700+0800][56307.675s] GC(490)   Merge Heap Roots: 0.2ms
[2024-04-08T17:17:24.700+0800][56307.675s] GC(490)   Evacuate Collection Set: 1.4ms
[2024-04-08T17:17:24.700+0800][56307.675s] GC(490)   Post Evacuate Collection Set: 0.6ms
[2024-04-08T17:17:24.700+0800][56307.675s] GC(490)   Other: 0.1ms
[2024-04-08T17:17:24.700+0800][56307.675s] GC(490) Eden regions: 305->0(305)
[2024-04-08T17:17:24.700+0800][56307.675s] GC(490) Survivor regions: 2->2(39)
[2024-04-08T17:17:24.700+0800][56307.675s] GC(490) Old regions: 57->57
[2024-04-08T17:17:24.700+0800][56307.675s] GC(490) Humongous regions: 4->4
[2024-04-08T17:17:24.700+0800][56307.675s] GC(490) Metaspace: 67391K(68224K)->67391K(68224K) NonClass: 59859K(60288K)->59859K(60288K) Class: 7532K(7936K)->7532K(7936K)
[2024-04-08T17:17:24.700+0800][56307.675s] GC(490) Pause Young (Normal) (G1 Evacuation Pause) 367M->62M(512M) 2.616ms
[2024-04-08T17:17:24.700+0800][56307.675s] GC(490) User=0.00s Sys=0.00s Real=0.00s
[2024-04-08T17:17:26.042+0800][56309.016s] GC(491) Pause Young (Normal) (G1 Evacuation Pause)
[2024-04-08T17:17:26.042+0800][56309.016s] GC(491) Using 13 workers of 13 for evacuation
[2024-04-08T17:17:26.044+0800][56309.019s] GC(491)   Pre Evacuate Collection Set: 0.2ms
[2024-04-08T17:17:26.044+0800][56309.019s] GC(491)   Merge Heap Roots: 0.2ms
[2024-04-08T17:17:26.044+0800][56309.019s] GC(491)   Evacuate Collection Set: 1.3ms
[2024-04-08T17:17:26.044+0800][56309.019s] GC(491)   Post Evacuate Collection Set: 0.5ms
[2024-04-08T17:17:26.044+0800][56309.019s] GC(491)   Other: 0.1ms
[2024-04-08T17:17:26.044+0800][56309.019s] GC(491) Eden regions: 305->0(305)
[2024-04-08T17:17:26.044+0800][56309.019s] GC(491) Survivor regions: 2->2(39)
[2024-04-08T17:17:26.044+0800][56309.019s] GC(491) Old regions: 57->57
[2024-04-08T17:17:26.044+0800][56309.019s] GC(491) Humongous regions: 4->4
[2024-04-08T17:17:26.044+0800][56309.019s] GC(491) Metaspace: 67391K(68224K)->67391K(68224K) NonClass: 59859K(60288K)->59859K(60288K) Class: 7532K(7936K)->7532K(7936K)
[2024-04-08T17:17:26.044+0800][56309.019s] GC(491) Pause Young (Normal) (G1 Evacuation Pause) 367M->62M(512M) 2.512ms
[2024-04-08T17:17:26.044+0800][56309.019s] GC(491) User=0.00s Sys=0.00s Real=0.00s
[2024-04-08T17:17:27.410+0800][56310.385s] GC(492) Pause Young (Normal) (G1 Evacuation Pause)
[2024-04-08T17:17:27.410+0800][56310.385s] GC(492) Using 13 workers of 13 for evacuation
[2024-04-08T17:17:27.413+0800][56310.387s] GC(492)   Pre Evacuate Collection Set: 0.2ms
[2024-04-08T17:17:27.413+0800][56310.387s] GC(492)   Merge Heap Roots: 0.2ms
[2024-04-08T17:17:27.413+0800][56310.387s] GC(492)   Evacuate Collection Set: 1.4ms
[2024-04-08T17:17:27.413+0800][56310.387s] GC(492)   Post Evacuate Collection Set: 0.6ms
[2024-04-08T17:17:27.413+0800][56310.387s] GC(492)   Other: 0.1ms
[2024-04-08T17:17:27.413+0800][56310.387s] GC(492) Eden regions: 305->0(305)
[2024-04-08T17:17:27.413+0800][56310.387s] GC(492) Survivor regions: 2->2(39)
[2024-04-08T17:17:27.413+0800][56310.387s] GC(492) Old regions: 57->57
[2024-04-08T17:17:27.413+0800][56310.387s] GC(492) Humongous regions: 4->4
[2024-04-08T17:17:27.413+0800][56310.387s] GC(492) Metaspace: 67391K(68224K)->67391K(68224K) NonClass: 59859K(60288K)->59859K(60288K) Class: 7532K(7936K)->7532K(7936K)
[2024-04-08T17:17:27.413+0800][56310.387s] GC(492) Pause Young (Normal) (G1 Evacuation Pause) 367M->62M(512M) 2.601ms
[2024-04-08T17:17:27.413+0800][56310.387s] GC(492) User=0.00s Sys=0.00s Real=0.00s
[2024-04-08T17:17:28.712+0800][56311.686s] GC(493) Pause Young (Normal) (G1 Evacuation Pause)
[2024-04-08T17:17:28.712+0800][56311.686s] GC(493) Using 13 workers of 13 for evacuation
[2024-04-08T17:17:28.714+0800][56311.688s] GC(493)   Pre Evacuate Collection Set: 0.2ms
[2024-04-08T17:17:28.714+0800][56311.688s] GC(493)   Merge Heap Roots: 0.1ms
[2024-04-08T17:17:28.714+0800][56311.688s] GC(493)   Evacuate Collection Set: 1.4ms
[2024-04-08T17:17:28.714+0800][56311.688s] GC(493)   Post Evacuate Collection Set: 0.5ms
[2024-04-08T17:17:28.714+0800][56311.688s] GC(493)   Other: 0.1ms
[2024-04-08T17:17:28.714+0800][56311.688s] GC(493) Eden regions: 305->0(305)
[2024-04-08T17:17:28.714+0800][56311.688s] GC(493) Survivor regions: 2->2(39)
[2024-04-08T17:17:28.714+0800][56311.688s] GC(493) Old regions: 57->57
[2024-04-08T17:17:28.714+0800][56311.688s] GC(493) Humongous regions: 4->4
[2024-04-08T17:17:28.714+0800][56311.688s] GC(493) Metaspace: 67391K(68224K)->67391K(68224K) NonClass: 59859K(60288K)->59859K(60288K) Class: 7532K(7936K)->7532K(7936K)
[2024-04-08T17:17:28.714+0800][56311.688s] GC(493) Pause Young (Normal) (G1 Evacuation Pause) 367M->62M(512M) 2.442ms
[2024-04-08T17:17:28.714+0800][56311.688s] GC(493) User=0.12s Sys=0.00s Real=0.00s
[2024-04-08T17:17:30.063+0800][56313.037s] GC(494) Pause Young (Normal) (G1 Evacuation Pause)
[2024-04-08T17:17:30.063+0800][56313.037s] GC(494) Using 13 workers of 13 for evacuation
[2024-04-08T17:17:30.065+0800][56313.039s] GC(494)   Pre Evacuate Collection Set: 0.2ms
[2024-04-08T17:17:30.065+0800][56313.039s] GC(494)   Merge Heap Roots: 0.2ms
[2024-04-08T17:17:30.065+0800][56313.039s] GC(494)   Evacuate Collection Set: 1.3ms
[2024-04-08T17:17:30.065+0800][56313.039s] GC(494)   Post Evacuate Collection Set: 0.6ms
[2024-04-08T17:17:30.065+0800][56313.039s] GC(494)   Other: 0.1ms
[2024-04-08T17:17:30.065+0800][56313.039s] GC(494) Eden regions: 305->0(305)
[2024-04-08T17:17:30.065+0800][56313.039s] GC(494) Survivor regions: 2->2(39)
[2024-04-08T17:17:30.065+0800][56313.039s] GC(494) Old regions: 57->57
[2024-04-08T17:17:30.065+0800][56313.039s] GC(494) Humongous regions: 4->4
[2024-04-08T17:17:30.065+0800][56313.039s] GC(494) Metaspace: 67391K(68224K)->67391K(68224K) NonClass: 59859K(60288K)->59859K(60288K) Class: 7532K(7936K)->7532K(7936K)
[2024-04-08T17:17:30.065+0800][56313.039s] GC(494) Pause Young (Normal) (G1 Evacuation Pause) 367M->62M(512M) 2.534ms
[2024-04-08T17:17:30.065+0800][56313.040s] GC(494) User=0.00s Sys=0.00s Real=0.00s
[2024-04-08T17:17:31.462+0800][56314.437s] GC(495) Pause Young (Normal) (G1 Evacuation Pause)
[2024-04-08T17:17:31.462+0800][56314.437s] GC(495) Using 13 workers of 13 for evacuation
[2024-04-08T17:17:31.464+0800][56314.439s] GC(495)   Pre Evacuate Collection Set: 0.2ms
[2024-04-08T17:17:31.464+0800][56314.439s] GC(495)   Merge Heap Roots: 0.1ms
[2024-04-08T17:17:31.464+0800][56314.439s] GC(495)   Evacuate Collection Set: 1.5ms
[2024-04-08T17:17:31.464+0800][56314.439s] GC(495)   Post Evacuate Collection Set: 0.5ms
[2024-04-08T17:17:31.464+0800][56314.439s] GC(495)   Other: 0.1ms
[2024-04-08T17:17:31.464+0800][56314.439s] GC(495) Eden regions: 305->0(305)
[2024-04-08T17:17:31.464+0800][56314.439s] GC(495) Survivor regions: 2->2(39)
[2024-04-08T17:17:31.464+0800][56314.439s] GC(495) Old regions: 57->57
[2024-04-08T17:17:31.464+0800][56314.439s] GC(495) Humongous regions: 4->4
[2024-04-08T17:17:31.464+0800][56314.439s] GC(495) Metaspace: 67391K(68224K)->67391K(68224K) NonClass: 59859K(60288K)->59859K(60288K) Class: 7532K(7936K)->7532K(7936K)
[2024-04-08T17:17:31.464+0800][56314.439s] GC(495) Pause Young (Normal) (G1 Evacuation Pause) 367M->62M(512M) 2.494ms
[2024-04-08T17:17:31.464+0800][56314.439s] GC(495) User=0.03s Sys=0.00s Real=0.00s
[2024-04-08T17:17:32.831+0800][56315.805s] GC(496) Pause Young (Normal) (G1 Evacuation Pause)
[2024-04-08T17:17:32.831+0800][56315.805s] GC(496) Using 13 workers of 13 for evacuation
[2024-04-08T17:17:32.833+0800][56315.808s] GC(496)   Pre Evacuate Collection Set: 0.2ms
[2024-04-08T17:17:32.833+0800][56315.808s] GC(496)   Merge Heap Roots: 0.1ms
[2024-04-08T17:17:32.833+0800][56315.808s] GC(496)   Evacuate Collection Set: 1.3ms
[2024-04-08T17:17:32.833+0800][56315.808s] GC(496)   Post Evacuate Collection Set: 0.6ms
[2024-04-08T17:17:32.833+0800][56315.808s] GC(496)   Other: 0.1ms
[2024-04-08T17:17:32.833+0800][56315.808s] GC(496) Eden regions: 305->0(305)
[2024-04-08T17:17:32.833+0800][56315.808s] GC(496) Survivor regions: 2->2(39)
[2024-04-08T17:17:32.833+0800][56315.808s] GC(496) Old regions: 57->57
[2024-04-08T17:17:32.833+0800][56315.808s] GC(496) Humongous regions: 4->4
[2024-04-08T17:17:32.833+0800][56315.808s] GC(496) Metaspace: 67391K(68224K)->67391K(68224K) NonClass: 59859K(60288K)->59859K(60288K) Class: 7532K(7936K)->7532K(7936K)
[2024-04-08T17:17:32.833+0800][56315.808s] GC(496) Pause Young (Normal) (G1 Evacuation Pause) 367M->62M(512M) 2.614ms
[2024-04-08T17:17:32.833+0800][56315.808s] GC(496) User=0.00s Sys=0.00s Real=0.00s
[2024-04-08T17:17:34.245+0800][56317.219s] GC(497) Pause Young (Normal) (G1 Evacuation Pause)
[2024-04-08T17:17:34.245+0800][56317.220s] GC(497) Using 13 workers of 13 for evacuation
[2024-04-08T17:17:34.249+0800][56317.223s] GC(497)   Pre Evacuate Collection Set: 0.2ms
[2024-04-08T17:17:34.249+0800][56317.223s] GC(497)   Merge Heap Roots: 0.1ms
[2024-04-08T17:17:34.249+0800][56317.223s] GC(497)   Evacuate Collection Set: 2.0ms
[2024-04-08T17:17:34.249+0800][56317.223s] GC(497)   Post Evacuate Collection Set: 0.5ms
[2024-04-08T17:17:34.249+0800][56317.223s] GC(497)   Other: 0.2ms
[2024-04-08T17:17:34.249+0800][56317.223s] GC(497) Eden regions: 305->0(305)
[2024-04-08T17:17:34.249+0800][56317.223s] GC(497) Survivor regions: 2->2(39)
[2024-04-08T17:17:34.249+0800][56317.223s] GC(497) Old regions: 57->57
[2024-04-08T17:17:34.249+0800][56317.223s] GC(497) Humongous regions: 4->4
[2024-04-08T17:17:34.249+0800][56317.223s] GC(497) Metaspace: 67391K(68224K)->67391K(68224K) NonClass: 59859K(60288K)->59859K(60288K) Class: 7532K(7936K)->7532K(7936K)
[2024-04-08T17:17:34.249+0800][56317.223s] GC(497) Pause Young (Normal) (G1 Evacuation Pause) 367M->62M(512M) 3.433ms
[2024-04-08T17:17:34.249+0800][56317.223s] GC(497) User=0.00s Sys=0.00s Real=0.00s
[2024-04-08T17:17:35.677+0800][56318.652s] GC(498) Pause Young (Normal) (G1 Evacuation Pause)
[2024-04-08T17:17:35.678+0800][56318.652s] GC(498) Using 13 workers of 13 for evacuation
[2024-04-08T17:17:35.680+0800][56318.655s] GC(498)   Pre Evacuate Collection Set: 0.2ms
[2024-04-08T17:17:35.680+0800][56318.655s] GC(498)   Merge Heap Roots: 0.1ms
[2024-04-08T17:17:35.680+0800][56318.655s] GC(498)   Evacuate Collection Set: 1.8ms
[2024-04-08T17:17:35.680+0800][56318.655s] GC(498)   Post Evacuate Collection Set: 0.7ms
[2024-04-08T17:17:35.680+0800][56318.655s] GC(498)   Other: 0.1ms
[2024-04-08T17:17:35.681+0800][56318.655s] GC(498) Eden regions: 305->0(305)
[2024-04-08T17:17:35.681+0800][56318.655s] GC(498) Survivor regions: 2->2(39)
[2024-04-08T17:17:35.681+0800][56318.655s] GC(498) Old regions: 57->57
[2024-04-08T17:17:35.681+0800][56318.655s] GC(498) Humongous regions: 4->4
[2024-04-08T17:17:35.681+0800][56318.655s] GC(498) Metaspace: 67391K(68224K)->67391K(68224K) NonClass: 59859K(60288K)->59859K(60288K) Class: 7532K(7936K)->7532K(7936K)
[2024-04-08T17:17:35.681+0800][56318.655s] GC(498) Pause Young (Normal) (G1 Evacuation Pause) 367M->62M(512M) 3.107ms
[2024-04-08T17:17:35.681+0800][56318.655s] GC(498) User=0.02s Sys=0.00s Real=0.00s
[2024-04-08T17:17:37.119+0800][56320.094s] GC(499) Pause Young (Normal) (G1 Evacuation Pause)
[2024-04-08T17:17:37.119+0800][56320.094s] GC(499) Using 13 workers of 13 for evacuation
[2024-04-08T17:17:37.121+0800][56320.096s] GC(499)   Pre Evacuate Collection Set: 0.1ms
[2024-04-08T17:17:37.121+0800][56320.096s] GC(499)   Merge Heap Roots: 0.1ms
[2024-04-08T17:17:37.121+0800][56320.096s] GC(499)   Evacuate Collection Set: 1.4ms
[2024-04-08T17:17:37.121+0800][56320.096s] GC(499)   Post Evacuate Collection Set: 0.5ms
[2024-04-08T17:17:37.121+0800][56320.096s] GC(499)   Other: 0.1ms
[2024-04-08T17:17:37.121+0800][56320.096s] GC(499) Eden regions: 305->0(305)
[2024-04-08T17:17:37.121+0800][56320.096s] GC(499) Survivor regions: 2->2(39)
[2024-04-08T17:17:37.122+0800][56320.096s] GC(499) Old regions: 57->57
[2024-04-08T17:17:37.122+0800][56320.096s] GC(499) Humongous regions: 4->4
[2024-04-08T17:17:37.122+0800][56320.096s] GC(499) Metaspace: 67391K(68224K)->67391K(68224K) NonClass: 59859K(60288K)->59859K(60288K) Class: 7532K(7936K)->7532K(7936K)
[2024-04-08T17:17:37.122+0800][56320.096s] GC(499) Pause Young (Normal) (G1 Evacuation Pause) 367M->62M(512M) 2.465ms
[2024-04-08T17:17:37.122+0800][56320.096s] GC(499) User=0.00s Sys=0.00s Real=0.00s
[2024-04-08T17:17:38.523+0800][56321.498s] GC(500) Pause Young (Normal) (G1 Evacuation Pause)
[2024-04-08T17:17:38.523+0800][56321.498s] GC(500) Using 13 workers of 13 for evacuation
[2024-04-08T17:17:38.526+0800][56321.501s] GC(500)   Pre Evacuate Collection Set: 0.2ms
[2024-04-08T17:17:38.526+0800][56321.501s] GC(500)   Merge Heap Roots: 0.2ms
[2024-04-08T17:17:38.526+0800][56321.501s] GC(500)   Evacuate Collection Set: 1.4ms
[2024-04-08T17:17:38.526+0800][56321.501s] GC(500)   Post Evacuate Collection Set: 0.7ms
[2024-04-08T17:17:38.526+0800][56321.501s] GC(500)   Other: 0.1ms
[2024-04-08T17:17:38.526+0800][56321.501s] GC(500) Eden regions: 305->0(305)
[2024-04-08T17:17:38.526+0800][56321.501s] GC(500) Survivor regions: 2->2(39)
[2024-04-08T17:17:38.526+0800][56321.501s] GC(500) Old regions: 57->57
[2024-04-08T17:17:38.526+0800][56321.501s] GC(500) Humongous regions: 4->4
[2024-04-08T17:17:38.526+0800][56321.501s] GC(500) Metaspace: 67391K(68224K)->67391K(68224K) NonClass: 59859K(60288K)->59859K(60288K) Class: 7532K(7936K)->7532K(7936K)
[2024-04-08T17:17:38.526+0800][56321.501s] GC(500) Pause Young (Normal) (G1 Evacuation Pause) 367M->62M(512M) 2.748ms
[2024-04-08T17:17:38.526+0800][56321.501s] GC(500) User=0.20s Sys=0.00s Real=0.00s
[2024-04-08T17:17:39.880+0800][56322.855s] GC(501) Pause Young (Normal) (G1 Evacuation Pause)
[2024-04-08T17:17:39.880+0800][56322.855s] GC(501) Using 13 workers of 13 for evacuation
[2024-04-08T17:17:39.882+0800][56322.857s] GC(501)   Pre Evacuate Collection Set: 0.2ms
[2024-04-08T17:17:39.883+0800][56322.857s] GC(501)   Merge Heap Roots: 0.1ms
[2024-04-08T17:17:39.883+0800][56322.857s] GC(501)   Evacuate Collection Set: 1.6ms
[2024-04-08T17:17:39.883+0800][56322.857s] GC(501)   Post Evacuate Collection Set: 0.6ms
[2024-04-08T17:17:39.883+0800][56322.857s] GC(501)   Other: 0.1ms
[2024-04-08T17:17:39.883+0800][56322.857s] GC(501) Eden regions: 305->0(305)
[2024-04-08T17:17:39.883+0800][56322.857s] GC(501) Survivor regions: 2->2(39)
[2024-04-08T17:17:39.883+0800][56322.857s] GC(501) Old regions: 57->58
[2024-04-08T17:17:39.883+0800][56322.857s] GC(501) Humongous regions: 4->4
[2024-04-08T17:17:39.883+0800][56322.857s] GC(501) Metaspace: 67391K(68224K)->67391K(68224K) NonClass: 59859K(60288K)->59859K(60288K) Class: 7532K(7936K)->7532K(7936K)
[2024-04-08T17:17:39.883+0800][56322.857s] GC(501) Pause Young (Normal) (G1 Evacuation Pause) 367M->62M(512M) 2.862ms
[2024-04-08T17:17:39.883+0800][56322.857s] GC(501) User=0.00s Sys=0.00s Real=0.00s
[2024-04-08T17:17:41.181+0800][56324.156s] GC(502) Pause Young (Normal) (G1 Evacuation Pause)
[2024-04-08T17:17:41.181+0800][56324.156s] GC(502) Using 13 workers of 13 for evacuation
[2024-04-08T17:17:41.184+0800][56324.159s] GC(502)   Pre Evacuate Collection Set: 0.6ms
[2024-04-08T17:17:41.184+0800][56324.159s] GC(502)   Merge Heap Roots: 0.2ms
[2024-04-08T17:17:41.184+0800][56324.159s] GC(502)   Evacuate Collection Set: 1.5ms
[2024-04-08T17:17:41.184+0800][56324.159s] GC(502)   Post Evacuate Collection Set: 0.7ms
[2024-04-08T17:17:41.184+0800][56324.159s] GC(502)   Other: 0.1ms
[2024-04-08T17:17:41.184+0800][56324.159s] GC(502) Eden regions: 305->0(305)
[2024-04-08T17:17:41.184+0800][56324.159s] GC(502) Survivor regions: 2->2(39)
[2024-04-08T17:17:41.184+0800][56324.159s] GC(502) Old regions: 58->58
[2024-04-08T17:17:41.184+0800][56324.159s] GC(502) Humongous regions: 4->4
[2024-04-08T17:17:41.184+0800][56324.159s] GC(502) Metaspace: 67391K(68224K)->67391K(68224K) NonClass: 59859K(60288K)->59859K(60288K) Class: 7532K(7936K)->7532K(7936K)
[2024-04-08T17:17:41.184+0800][56324.159s] GC(502) Pause Young (Normal) (G1 Evacuation Pause) 367M->62M(512M) 3.170ms
[2024-04-08T17:17:41.184+0800][56324.159s] GC(502) User=0.00s Sys=0.00s Real=0.00s
[2024-04-08T17:17:42.507+0800][56325.482s] GC(503) Pause Young (Normal) (G1 Evacuation Pause)
[2024-04-08T17:17:42.507+0800][56325.482s] GC(503) Using 13 workers of 13 for evacuation
[2024-04-08T17:17:42.509+0800][56325.484s] GC(503)   Pre Evacuate Collection Set: 0.2ms
[2024-04-08T17:17:42.509+0800][56325.484s] GC(503)   Merge Heap Roots: 0.1ms
[2024-04-08T17:17:42.509+0800][56325.484s] GC(503)   Evacuate Collection Set: 1.5ms
[2024-04-08T17:17:42.509+0800][56325.484s] GC(503)   Post Evacuate Collection Set: 0.6ms
[2024-04-08T17:17:42.509+0800][56325.484s] GC(503)   Other: 0.1ms
[2024-04-08T17:17:42.510+0800][56325.484s] GC(503) Eden regions: 305->0(305)
[2024-04-08T17:17:42.510+0800][56325.484s] GC(503) Survivor regions: 2->2(39)
[2024-04-08T17:17:42.510+0800][56325.484s] GC(503) Old regions: 58->58
[2024-04-08T17:17:42.510+0800][56325.484s] GC(503) Humongous regions: 4->4
[2024-04-08T17:17:42.510+0800][56325.484s] GC(503) Metaspace: 67391K(68224K)->67391K(68224K) NonClass: 59859K(60288K)->59859K(60288K) Class: 7532K(7936K)->7532K(7936K)
[2024-04-08T17:17:42.510+0800][56325.484s] GC(503) Pause Young (Normal) (G1 Evacuation Pause) 367M->62M(512M) 2.633ms
[2024-04-08T17:17:42.510+0800][56325.484s] GC(503) User=0.00s Sys=0.02s Real=0.00s
[2024-04-08T17:17:43.840+0800][56326.815s] GC(504) Pause Young (Normal) (G1 Evacuation Pause)
[2024-04-08T17:17:43.840+0800][56326.815s] GC(504) Using 13 workers of 13 for evacuation
[2024-04-08T17:17:43.843+0800][56326.817s] GC(504)   Pre Evacuate Collection Set: 0.3ms
[2024-04-08T17:17:43.843+0800][56326.817s] GC(504)   Merge Heap Roots: 0.1ms
[2024-04-08T17:17:43.843+0800][56326.817s] GC(504)   Evacuate Collection Set: 1.6ms
[2024-04-08T17:17:43.843+0800][56326.817s] GC(504)   Post Evacuate Collection Set: 0.6ms
[2024-04-08T17:17:43.843+0800][56326.817s] GC(504)   Other: 0.1ms
[2024-04-08T17:17:43.843+0800][56326.817s] GC(504) Eden regions: 305->0(305)
[2024-04-08T17:17:43.843+0800][56326.818s] GC(504) Survivor regions: 2->2(39)
[2024-04-08T17:17:43.843+0800][56326.818s] GC(504) Old regions: 58->58
[2024-04-08T17:17:43.843+0800][56326.818s] GC(504) Humongous regions: 4->4
[2024-04-08T17:17:43.843+0800][56326.818s] GC(504) Metaspace: 67391K(68224K)->67391K(68224K) NonClass: 59859K(60288K)->59859K(60288K) Class: 7532K(7936K)->7532K(7936K)
[2024-04-08T17:17:43.843+0800][56326.818s] GC(504) Pause Young (Normal) (G1 Evacuation Pause) 367M->62M(512M) 2.935ms
[2024-04-08T17:17:43.843+0800][56326.818s] GC(504) User=0.00s Sys=0.00s Real=0.00s
[2024-04-08T17:17:45.162+0800][56328.136s] GC(505) Pause Young (Normal) (G1 Evacuation Pause)
[2024-04-08T17:17:45.162+0800][56328.136s] GC(505) Using 13 workers of 13 for evacuation
[2024-04-08T17:17:45.164+0800][56328.138s] GC(505)   Pre Evacuate Collection Set: 0.3ms
[2024-04-08T17:17:45.164+0800][56328.138s] GC(505)   Merge Heap Roots: 0.2ms
[2024-04-08T17:17:45.164+0800][56328.139s] GC(505)   Evacuate Collection Set: 1.3ms
[2024-04-08T17:17:45.164+0800][56328.139s] GC(505)   Post Evacuate Collection Set: 0.6ms
[2024-04-08T17:17:45.164+0800][56328.139s] GC(505)   Other: 0.1ms
[2024-04-08T17:17:45.164+0800][56328.139s] GC(505) Eden regions: 305->0(305)
[2024-04-08T17:17:45.164+0800][56328.139s] GC(505) Survivor regions: 2->2(39)
[2024-04-08T17:17:45.164+0800][56328.139s] GC(505) Old regions: 58->58
[2024-04-08T17:17:45.164+0800][56328.139s] GC(505) Humongous regions: 4->4
[2024-04-08T17:17:45.164+0800][56328.139s] GC(505) Metaspace: 67391K(68224K)->67391K(68224K) NonClass: 59859K(60288K)->59859K(60288K) Class: 7532K(7936K)->7532K(7936K)
[2024-04-08T17:17:45.164+0800][56328.139s] GC(505) Pause Young (Normal) (G1 Evacuation Pause) 367M->62M(512M) 2.548ms
[2024-04-08T17:17:45.164+0800][56328.139s] GC(505) User=0.00s Sys=0.00s Real=0.00s
[2024-04-08T17:17:46.547+0800][56329.521s] GC(506) Pause Young (Normal) (G1 Evacuation Pause)
[2024-04-08T17:17:46.547+0800][56329.522s] GC(506) Using 13 workers of 13 for evacuation
[2024-04-08T17:17:46.550+0800][56329.524s] GC(506)   Pre Evacuate Collection Set: 0.1ms
[2024-04-08T17:17:46.550+0800][56329.524s] GC(506)   Merge Heap Roots: 0.1ms
[2024-04-08T17:17:46.550+0800][56329.524s] GC(506)   Evacuate Collection Set: 1.6ms
[2024-04-08T17:17:46.550+0800][56329.524s] GC(506)   Post Evacuate Collection Set: 0.6ms
[2024-04-08T17:17:46.550+0800][56329.524s] GC(506)   Other: 0.1ms
[2024-04-08T17:17:46.550+0800][56329.524s] GC(506) Eden regions: 305->0(305)
[2024-04-08T17:17:46.550+0800][56329.524s] GC(506) Survivor regions: 2->2(39)
[2024-04-08T17:17:46.550+0800][56329.524s] GC(506) Old regions: 58->58
[2024-04-08T17:17:46.550+0800][56329.524s] GC(506) Humongous regions: 4->4
[2024-04-08T17:17:46.550+0800][56329.524s] GC(506) Metaspace: 67391K(68224K)->67391K(68224K) NonClass: 59859K(60288K)->59859K(60288K) Class: 7532K(7936K)->7532K(7936K)
[2024-04-08T17:17:46.550+0800][56329.524s] GC(506) Pause Young (Normal) (G1 Evacuation Pause) 367M->62M(512M) 2.710ms
[2024-04-08T17:17:46.550+0800][56329.524s] GC(506) User=0.00s Sys=0.00s Real=0.00s
[2024-04-08T17:17:47.929+0800][56330.904s] GC(507) Pause Young (Normal) (G1 Evacuation Pause)
[2024-04-08T17:17:47.930+0800][56330.904s] GC(507) Using 13 workers of 13 for evacuation
[2024-04-08T17:17:47.932+0800][56330.907s] GC(507)   Pre Evacuate Collection Set: 0.1ms
[2024-04-08T17:17:47.932+0800][56330.907s] GC(507)   Merge Heap Roots: 0.1ms
[2024-04-08T17:17:47.932+0800][56330.907s] GC(507)   Evacuate Collection Set: 1.6ms
[2024-04-08T17:17:47.932+0800][56330.907s] GC(507)   Post Evacuate Collection Set: 0.6ms
[2024-04-08T17:17:47.932+0800][56330.907s] GC(507)   Other: 0.1ms
[2024-04-08T17:17:47.932+0800][56330.907s] GC(507) Eden regions: 305->0(305)
[2024-04-08T17:17:47.932+0800][56330.907s] GC(507) Survivor regions: 2->2(39)
[2024-04-08T17:17:47.932+0800][56330.907s] GC(507) Old regions: 58->58
[2024-04-08T17:17:47.932+0800][56330.907s] GC(507) Humongous regions: 4->4
[2024-04-08T17:17:47.932+0800][56330.907s] GC(507) Metaspace: 67391K(68224K)->67391K(68224K) NonClass: 59859K(60288K)->59859K(60288K) Class: 7532K(7936K)->7532K(7936K)
[2024-04-08T17:17:47.933+0800][56330.907s] GC(507) Pause Young (Normal) (G1 Evacuation Pause) 367M->62M(512M) 3.067ms
[2024-04-08T17:17:47.933+0800][56330.907s] GC(507) User=0.02s Sys=0.02s Real=0.00s
[2024-04-08T17:17:49.252+0800][56332.226s] GC(508) Pause Young (Normal) (G1 Evacuation Pause)
[2024-04-08T17:17:49.252+0800][56332.226s] GC(508) Using 13 workers of 13 for evacuation
[2024-04-08T17:17:49.254+0800][56332.228s] GC(508)   Pre Evacuate Collection Set: 0.1ms
[2024-04-08T17:17:49.254+0800][56332.228s] GC(508)   Merge Heap Roots: 0.1ms
[2024-04-08T17:17:49.254+0800][56332.228s] GC(508)   Evacuate Collection Set: 1.4ms
[2024-04-08T17:17:49.254+0800][56332.228s] GC(508)   Post Evacuate Collection Set: 0.6ms
[2024-04-08T17:17:49.254+0800][56332.229s] GC(508)   Other: 0.1ms
[2024-04-08T17:17:49.254+0800][56332.229s] GC(508) Eden regions: 305->0(305)
[2024-04-08T17:17:49.254+0800][56332.229s] GC(508) Survivor regions: 2->2(39)
[2024-04-08T17:17:49.254+0800][56332.229s] GC(508) Old regions: 58->58
[2024-04-08T17:17:49.254+0800][56332.229s] GC(508) Humongous regions: 4->4
[2024-04-08T17:17:49.254+0800][56332.229s] GC(508) Metaspace: 67391K(68224K)->67391K(68224K) NonClass: 59859K(60288K)->59859K(60288K) Class: 7532K(7936K)->7532K(7936K)
[2024-04-08T17:17:49.254+0800][56332.229s] GC(508) Pause Young (Normal) (G1 Evacuation Pause) 367M->63M(512M) 2.411ms
[2024-04-08T17:17:49.254+0800][56332.229s] GC(508) User=0.00s Sys=0.00s Real=0.00s
[2024-04-08T17:17:50.596+0800][56333.570s] GC(509) Pause Young (Normal) (G1 Evacuation Pause)
[2024-04-08T17:17:50.596+0800][56333.570s] GC(509) Using 13 workers of 13 for evacuation
[2024-04-08T17:17:50.598+0800][56333.572s] GC(509)   Pre Evacuate Collection Set: 0.1ms
[2024-04-08T17:17:50.598+0800][56333.573s] GC(509)   Merge Heap Roots: 0.1ms
[2024-04-08T17:17:50.598+0800][56333.573s] GC(509)   Evacuate Collection Set: 1.5ms
[2024-04-08T17:17:50.598+0800][56333.573s] GC(509)   Post Evacuate Collection Set: 0.5ms
[2024-04-08T17:17:50.598+0800][56333.573s] GC(509)   Other: 0.1ms
[2024-04-08T17:17:50.598+0800][56333.573s] GC(509) Eden regions: 305->0(305)
[2024-04-08T17:17:50.598+0800][56333.573s] GC(509) Survivor regions: 2->2(39)
[2024-04-08T17:17:50.598+0800][56333.573s] GC(509) Old regions: 58->58
[2024-04-08T17:17:50.598+0800][56333.573s] GC(509) Humongous regions: 4->4
[2024-04-08T17:17:50.598+0800][56333.573s] GC(509) Metaspace: 67391K(68224K)->67391K(68224K) NonClass: 59859K(60288K)->59859K(60288K) Class: 7532K(7936K)->7532K(7936K)
[2024-04-08T17:17:50.599+0800][56333.573s] GC(509) Pause Young (Normal) (G1 Evacuation Pause) 368M->62M(512M) 2.559ms
[2024-04-08T17:17:50.599+0800][56333.573s] GC(509) User=0.00s Sys=0.00s Real=0.00s
[2024-04-08T17:17:52.002+0800][56334.977s] GC(510) Pause Young (Normal) (G1 Evacuation Pause)
[2024-04-08T17:17:52.003+0800][56334.977s] GC(510) Using 13 workers of 13 for evacuation
[2024-04-08T17:17:52.005+0800][56334.980s] GC(510)   Pre Evacuate Collection Set: 0.2ms
[2024-04-08T17:17:52.005+0800][56334.980s] GC(510)   Merge Heap Roots: 0.1ms
[2024-04-08T17:17:52.005+0800][56334.980s] GC(510)   Evacuate Collection Set: 1.5ms
[2024-04-08T17:17:52.005+0800][56334.980s] GC(510)   Post Evacuate Collection Set: 0.5ms
[2024-04-08T17:17:52.005+0800][56334.980s] GC(510)   Other: 0.1ms
[2024-04-08T17:17:52.005+0800][56334.980s] GC(510) Eden regions: 305->0(305)
[2024-04-08T17:17:52.005+0800][56334.980s] GC(510) Survivor regions: 2->2(39)
[2024-04-08T17:17:52.005+0800][56334.980s] GC(510) Old regions: 58->58
[2024-04-08T17:17:52.005+0800][56334.980s] GC(510) Humongous regions: 4->4
[2024-04-08T17:17:52.005+0800][56334.980s] GC(510) Metaspace: 67391K(68224K)->67391K(68224K) NonClass: 59859K(60288K)->59859K(60288K) Class: 7532K(7936K)->7532K(7936K)
[2024-04-08T17:17:52.005+0800][56334.980s] GC(510) Pause Young (Normal) (G1 Evacuation Pause) 367M->62M(512M) 2.608ms
[2024-04-08T17:17:52.005+0800][56334.980s] GC(510) User=0.00s Sys=0.00s Real=0.00s
[2024-04-08T17:17:53.498+0800][56336.472s] GC(511) Pause Young (Normal) (G1 Evacuation Pause)
[2024-04-08T17:17:53.498+0800][56336.472s] GC(511) Using 13 workers of 13 for evacuation
[2024-04-08T17:17:53.501+0800][56336.475s] GC(511)   Pre Evacuate Collection Set: 0.1ms
[2024-04-08T17:17:53.501+0800][56336.475s] GC(511)   Merge Heap Roots: 0.1ms
[2024-04-08T17:17:53.501+0800][56336.475s] GC(511)   Evacuate Collection Set: 2.2ms
[2024-04-08T17:17:53.501+0800][56336.475s] GC(511)   Post Evacuate Collection Set: 0.5ms
[2024-04-08T17:17:53.501+0800][56336.475s] GC(511)   Other: 0.1ms
[2024-04-08T17:17:53.501+0800][56336.475s] GC(511) Eden regions: 305->0(305)
[2024-04-08T17:17:53.501+0800][56336.475s] GC(511) Survivor regions: 2->2(39)
[2024-04-08T17:17:53.501+0800][56336.475s] GC(511) Old regions: 58->58
[2024-04-08T17:17:53.501+0800][56336.475s] GC(511) Humongous regions: 4->4
[2024-04-08T17:17:53.501+0800][56336.476s] GC(511) Metaspace: 67391K(68224K)->67391K(68224K) NonClass: 59859K(60288K)->59859K(60288K) Class: 7532K(7936K)->7532K(7936K)
[2024-04-08T17:17:53.501+0800][56336.476s] GC(511) Pause Young (Normal) (G1 Evacuation Pause) 367M->62M(512M) 3.308ms
[2024-04-08T17:17:53.501+0800][56336.476s] GC(511) User=0.00s Sys=0.00s Real=0.00s
[2024-04-08T17:17:54.912+0800][56337.886s] GC(512) Pause Young (Normal) (G1 Evacuation Pause)
[2024-04-08T17:17:54.912+0800][56337.887s] GC(512) Using 13 workers of 13 for evacuation
[2024-04-08T17:17:54.914+0800][56337.889s] GC(512)   Pre Evacuate Collection Set: 0.2ms
[2024-04-08T17:17:54.914+0800][56337.889s] GC(512)   Merge Heap Roots: 0.1ms
[2024-04-08T17:17:54.914+0800][56337.889s] GC(512)   Evacuate Collection Set: 1.5ms
[2024-04-08T17:17:54.914+0800][56337.889s] GC(512)   Post Evacuate Collection Set: 0.5ms
[2024-04-08T17:17:54.914+0800][56337.889s] GC(512)   Other: 0.1ms
[2024-04-08T17:17:54.914+0800][56337.889s] GC(512) Eden regions: 305->0(305)
[2024-04-08T17:17:54.914+0800][56337.889s] GC(512) Survivor regions: 2->2(39)
[2024-04-08T17:17:54.914+0800][56337.889s] GC(512) Old regions: 58->58
[2024-04-08T17:17:54.914+0800][56337.889s] GC(512) Humongous regions: 4->4
[2024-04-08T17:17:54.914+0800][56337.889s] GC(512) Metaspace: 67391K(68224K)->67391K(68224K) NonClass: 59859K(60288K)->59859K(60288K) Class: 7532K(7936K)->7532K(7936K)
[2024-04-08T17:17:54.914+0800][56337.889s] GC(512) Pause Young (Normal) (G1 Evacuation Pause) 367M->63M(512M) 2.584ms
[2024-04-08T17:17:54.914+0800][56337.889s] GC(512) User=0.00s Sys=0.00s Real=0.00s
[2024-04-08T17:17:56.639+0800][56339.614s] GC(513) Pause Young (Normal) (G1 Evacuation Pause)
[2024-04-08T17:17:56.639+0800][56339.614s] GC(513) Using 13 workers of 13 for evacuation
[2024-04-08T17:17:56.641+0800][56339.616s] GC(513)   Pre Evacuate Collection Set: 0.1ms
[2024-04-08T17:17:56.641+0800][56339.616s] GC(513)   Merge Heap Roots: 0.1ms
[2024-04-08T17:17:56.641+0800][56339.616s] GC(513)   Evacuate Collection Set: 1.5ms
[2024-04-08T17:17:56.641+0800][56339.616s] GC(513)   Post Evacuate Collection Set: 0.3ms
[2024-04-08T17:17:56.641+0800][56339.616s] GC(513)   Other: 0.1ms
[2024-04-08T17:17:56.641+0800][56339.616s] GC(513) Eden regions: 305->0(305)
[2024-04-08T17:17:56.641+0800][56339.616s] GC(513) Survivor regions: 2->2(39)
[2024-04-08T17:17:56.641+0800][56339.616s] GC(513) Old regions: 58->58
[2024-04-08T17:17:56.641+0800][56339.616s] GC(513) Humongous regions: 4->4
[2024-04-08T17:17:56.641+0800][56339.616s] GC(513) Metaspace: 67391K(68224K)->67391K(68224K) NonClass: 59859K(60288K)->59859K(60288K) Class: 7532K(7936K)->7532K(7936K)
[2024-04-08T17:17:56.641+0800][56339.616s] GC(513) Pause Young (Normal) (G1 Evacuation Pause) 368M->62M(512M) 2.258ms
[2024-04-08T17:17:56.641+0800][56339.616s] GC(513) User=0.00s Sys=0.00s Real=0.00s
[2024-04-08T17:17:58.434+0800][56341.409s] GC(514) Pause Young (Normal) (G1 Evacuation Pause)
[2024-04-08T17:17:58.435+0800][56341.409s] GC(514) Using 13 workers of 13 for evacuation
[2024-04-08T17:17:58.439+0800][56341.414s] GC(514)   Pre Evacuate Collection Set: 0.3ms
[2024-04-08T17:17:58.439+0800][56341.414s] GC(514)   Merge Heap Roots: 0.1ms
[2024-04-08T17:17:58.439+0800][56341.414s] GC(514)   Evacuate Collection Set: 2.9ms
[2024-04-08T17:17:58.439+0800][56341.414s] GC(514)   Post Evacuate Collection Set: 0.7ms
[2024-04-08T17:17:58.439+0800][56341.414s] GC(514)   Other: 0.2ms
[2024-04-08T17:17:58.439+0800][56341.414s] GC(514) Eden regions: 305->0(305)
[2024-04-08T17:17:58.439+0800][56341.414s] GC(514) Survivor regions: 2->2(39)
[2024-04-08T17:17:58.439+0800][56341.414s] GC(514) Old regions: 58->58
[2024-04-08T17:17:58.439+0800][56341.414s] GC(514) Humongous regions: 4->4
[2024-04-08T17:17:58.439+0800][56341.414s] GC(514) Metaspace: 67391K(68224K)->67391K(68224K) NonClass: 59859K(60288K)->59859K(60288K) Class: 7532K(7936K)->7532K(7936K)
[2024-04-08T17:17:58.439+0800][56341.414s] GC(514) Pause Young (Normal) (G1 Evacuation Pause) 367M->63M(512M) 4.714ms
[2024-04-08T17:17:58.439+0800][56341.414s] GC(514) User=0.00s Sys=0.00s Real=0.00s
[2024-04-08T17:18:00.166+0800][56343.141s] GC(515) Pause Young (Normal) (G1 Evacuation Pause)
[2024-04-08T17:18:00.166+0800][56343.141s] GC(515) Using 13 workers of 13 for evacuation
[2024-04-08T17:18:00.168+0800][56343.143s] GC(515)   Pre Evacuate Collection Set: 0.1ms
[2024-04-08T17:18:00.168+0800][56343.143s] GC(515)   Merge Heap Roots: 0.1ms
[2024-04-08T17:18:00.168+0800][56343.143s] GC(515)   Evacuate Collection Set: 1.4ms
[2024-04-08T17:18:00.168+0800][56343.143s] GC(515)   Post Evacuate Collection Set: 0.5ms
[2024-04-08T17:18:00.168+0800][56343.143s] GC(515)   Other: 0.1ms
[2024-04-08T17:18:00.168+0800][56343.143s] GC(515) Eden regions: 305->0(305)
[2024-04-08T17:18:00.168+0800][56343.143s] GC(515) Survivor regions: 2->2(39)
[2024-04-08T17:18:00.168+0800][56343.143s] GC(515) Old regions: 58->58
[2024-04-08T17:18:00.168+0800][56343.143s] GC(515) Humongous regions: 4->4
[2024-04-08T17:18:00.168+0800][56343.143s] GC(515) Metaspace: 67391K(68224K)->67391K(68224K) NonClass: 59859K(60288K)->59859K(60288K) Class: 7532K(7936K)->7532K(7936K)
[2024-04-08T17:18:00.168+0800][56343.143s] GC(515) Pause Young (Normal) (G1 Evacuation Pause) 368M->62M(512M) 2.295ms
[2024-04-08T17:18:00.168+0800][56343.143s] GC(515) User=0.00s Sys=0.00s Real=0.00s
[2024-04-08T17:18:01.566+0800][56344.541s] GC(516) Pause Young (Normal) (G1 Evacuation Pause)
[2024-04-08T17:18:01.566+0800][56344.541s] GC(516) Using 13 workers of 13 for evacuation
[2024-04-08T17:18:01.569+0800][56344.543s] GC(516)   Pre Evacuate Collection Set: 0.2ms
[2024-04-08T17:18:01.569+0800][56344.543s] GC(516)   Merge Heap Roots: 0.1ms
[2024-04-08T17:18:01.569+0800][56344.543s] GC(516)   Evacuate Collection Set: 1.4ms
[2024-04-08T17:18:01.569+0800][56344.543s] GC(516)   Post Evacuate Collection Set: 0.5ms
[2024-04-08T17:18:01.569+0800][56344.543s] GC(516)   Other: 0.1ms
[2024-04-08T17:18:01.569+0800][56344.544s] GC(516) Eden regions: 305->0(305)
[2024-04-08T17:18:01.569+0800][56344.544s] GC(516) Survivor regions: 2->2(39)
[2024-04-08T17:18:01.569+0800][56344.544s] GC(516) Old regions: 58->58
[2024-04-08T17:18:01.569+0800][56344.544s] GC(516) Humongous regions: 4->4
[2024-04-08T17:18:01.569+0800][56344.544s] GC(516) Metaspace: 67391K(68224K)->67391K(68224K) NonClass: 59859K(60288K)->59859K(60288K) Class: 7532K(7936K)->7532K(7936K)
[2024-04-08T17:18:01.569+0800][56344.544s] GC(516) Pause Young (Normal) (G1 Evacuation Pause) 367M->63M(512M) 2.482ms
[2024-04-08T17:18:01.569+0800][56344.544s] GC(516) User=0.00s Sys=0.00s Real=0.00s
[2024-04-08T17:18:02.933+0800][56345.908s] GC(517) Pause Young (Normal) (G1 Evacuation Pause)
[2024-04-08T17:18:02.933+0800][56345.908s] GC(517) Using 13 workers of 13 for evacuation
[2024-04-08T17:18:02.937+0800][56345.911s] GC(517)   Pre Evacuate Collection Set: 0.2ms
[2024-04-08T17:18:02.937+0800][56345.911s] GC(517)   Merge Heap Roots: 0.1ms
[2024-04-08T17:18:02.937+0800][56345.911s] GC(517)   Evacuate Collection Set: 2.0ms
[2024-04-08T17:18:02.937+0800][56345.911s] GC(517)   Post Evacuate Collection Set: 0.7ms
[2024-04-08T17:18:02.937+0800][56345.911s] GC(517)   Other: 0.2ms
[2024-04-08T17:18:02.937+0800][56345.911s] GC(517) Eden regions: 305->0(305)
[2024-04-08T17:18:02.937+0800][56345.911s] GC(517) Survivor regions: 2->2(39)
[2024-04-08T17:18:02.937+0800][56345.911s] GC(517) Old regions: 58->58
[2024-04-08T17:18:02.937+0800][56345.911s] GC(517) Humongous regions: 4->4
[2024-04-08T17:18:02.937+0800][56345.911s] GC(517) Metaspace: 67391K(68224K)->67391K(68224K) NonClass: 59859K(60288K)->59859K(60288K) Class: 7532K(7936K)->7532K(7936K)
[2024-04-08T17:18:02.937+0800][56345.911s] GC(517) Pause Young (Normal) (G1 Evacuation Pause) 368M->63M(512M) 3.415ms
[2024-04-08T17:18:02.937+0800][56345.911s] GC(517) User=0.00s Sys=0.00s Real=0.00s
[2024-04-08T17:18:04.394+0800][56347.368s] GC(518) Pause Young (Normal) (G1 Evacuation Pause)
[2024-04-08T17:18:04.394+0800][56347.368s] GC(518) Using 13 workers of 13 for evacuation
[2024-04-08T17:18:04.396+0800][56347.370s] GC(518)   Pre Evacuate Collection Set: 0.1ms
[2024-04-08T17:18:04.396+0800][56347.370s] GC(518)   Merge Heap Roots: 0.1ms
[2024-04-08T17:18:04.396+0800][56347.370s] GC(518)   Evacuate Collection Set: 1.4ms
[2024-04-08T17:18:04.396+0800][56347.370s] GC(518)   Post Evacuate Collection Set: 0.7ms
[2024-04-08T17:18:04.396+0800][56347.370s] GC(518)   Other: 0.1ms
[2024-04-08T17:18:04.396+0800][56347.370s] GC(518) Eden regions: 305->0(305)
[2024-04-08T17:18:04.396+0800][56347.370s] GC(518) Survivor regions: 2->2(39)
[2024-04-08T17:18:04.396+0800][56347.370s] GC(518) Old regions: 58->58
[2024-04-08T17:18:04.396+0800][56347.370s] GC(518) Humongous regions: 4->4
[2024-04-08T17:18:04.396+0800][56347.370s] GC(518) Metaspace: 67391K(68224K)->67391K(68224K) NonClass: 59859K(60288K)->59859K(60288K) Class: 7532K(7936K)->7532K(7936K)
[2024-04-08T17:18:04.396+0800][56347.370s] GC(518) Pause Young (Normal) (G1 Evacuation Pause) 368M->62M(512M) 2.556ms
[2024-04-08T17:18:04.396+0800][56347.370s] GC(518) User=0.00s Sys=0.00s Real=0.00s
[2024-04-08T17:18:05.752+0800][56348.727s] GC(519) Pause Young (Normal) (G1 Evacuation Pause)
[2024-04-08T17:18:05.752+0800][56348.727s] GC(519) Using 13 workers of 13 for evacuation
[2024-04-08T17:18:05.755+0800][56348.730s] GC(519)   Pre Evacuate Collection Set: 0.2ms
[2024-04-08T17:18:05.755+0800][56348.730s] GC(519)   Merge Heap Roots: 0.1ms
[2024-04-08T17:18:05.755+0800][56348.730s] GC(519)   Evacuate Collection Set: 1.4ms
[2024-04-08T17:18:05.755+0800][56348.730s] GC(519)   Post Evacuate Collection Set: 0.6ms
[2024-04-08T17:18:05.755+0800][56348.730s] GC(519)   Other: 0.1ms
[2024-04-08T17:18:05.755+0800][56348.730s] GC(519) Eden regions: 305->0(305)
[2024-04-08T17:18:05.755+0800][56348.730s] GC(519) Survivor regions: 2->2(39)
[2024-04-08T17:18:05.755+0800][56348.730s] GC(519) Old regions: 58->58
[2024-04-08T17:18:05.755+0800][56348.730s] GC(519) Humongous regions: 4->4
[2024-04-08T17:18:05.755+0800][56348.730s] GC(519) Metaspace: 67391K(68224K)->67391K(68224K) NonClass: 59859K(60288K)->59859K(60288K) Class: 7532K(7936K)->7532K(7936K)
[2024-04-08T17:18:05.755+0800][56348.730s] GC(519) Pause Young (Normal) (G1 Evacuation Pause) 367M->62M(512M) 2.515ms
[2024-04-08T17:18:05.755+0800][56348.730s] GC(519) User=0.00s Sys=0.00s Real=0.00s
[2024-04-08T17:18:07.076+0800][56350.051s] GC(520) Pause Young (Normal) (G1 Evacuation Pause)
[2024-04-08T17:18:07.076+0800][56350.051s] GC(520) Using 13 workers of 13 for evacuation
[2024-04-08T17:18:07.079+0800][56350.053s] GC(520)   Pre Evacuate Collection Set: 0.1ms
[2024-04-08T17:18:07.079+0800][56350.053s] GC(520)   Merge Heap Roots: 0.1ms
[2024-04-08T17:18:07.079+0800][56350.053s] GC(520)   Evacuate Collection Set: 1.5ms
[2024-04-08T17:18:07.079+0800][56350.053s] GC(520)   Post Evacuate Collection Set: 0.4ms
[2024-04-08T17:18:07.079+0800][56350.053s] GC(520)   Other: 0.1ms
[2024-04-08T17:18:07.079+0800][56350.053s] GC(520) Eden regions: 305->0(305)
[2024-04-08T17:18:07.079+0800][56350.053s] GC(520) Survivor regions: 2->2(39)
[2024-04-08T17:18:07.079+0800][56350.053s] GC(520) Old regions: 58->58
[2024-04-08T17:18:07.079+0800][56350.053s] GC(520) Humongous regions: 4->4
[2024-04-08T17:18:07.079+0800][56350.053s] GC(520) Metaspace: 67391K(68224K)->67391K(68224K) NonClass: 59859K(60288K)->59859K(60288K) Class: 7532K(7936K)->7532K(7936K)
[2024-04-08T17:18:07.079+0800][56350.053s] GC(520) Pause Young (Normal) (G1 Evacuation Pause) 367M->63M(512M) 2.456ms
[2024-04-08T17:18:07.079+0800][56350.053s] GC(520) User=0.00s Sys=0.00s Real=0.00s
[2024-04-08T17:18:08.421+0800][56351.396s] GC(521) Pause Young (Normal) (G1 Evacuation Pause)
[2024-04-08T17:18:08.421+0800][56351.396s] GC(521) Using 13 workers of 13 for evacuation
[2024-04-08T17:18:08.423+0800][56351.398s] GC(521)   Pre Evacuate Collection Set: 0.1ms
[2024-04-08T17:18:08.423+0800][56351.398s] GC(521)   Merge Heap Roots: 0.1ms
[2024-04-08T17:18:08.423+0800][56351.398s] GC(521)   Evacuate Collection Set: 1.1ms
[2024-04-08T17:18:08.423+0800][56351.398s] GC(521)   Post Evacuate Collection Set: 0.4ms
[2024-04-08T17:18:08.423+0800][56351.398s] GC(521)   Other: 0.1ms
[2024-04-08T17:18:08.423+0800][56351.398s] GC(521) Eden regions: 305->0(305)
[2024-04-08T17:18:08.423+0800][56351.398s] GC(521) Survivor regions: 2->2(39)
[2024-04-08T17:18:08.423+0800][56351.398s] GC(521) Old regions: 58->58
[2024-04-08T17:18:08.423+0800][56351.398s] GC(521) Humongous regions: 4->4
[2024-04-08T17:18:08.423+0800][56351.398s] GC(521) Metaspace: 67391K(68224K)->67391K(68224K) NonClass: 59859K(60288K)->59859K(60288K) Class: 7532K(7936K)->7532K(7936K)
[2024-04-08T17:18:08.423+0800][56351.398s] GC(521) Pause Young (Normal) (G1 Evacuation Pause) 368M->63M(512M) 2.029ms
[2024-04-08T17:18:08.423+0800][56351.398s] GC(521) User=0.00s Sys=0.00s Real=0.00s
[2024-04-08T17:18:09.702+0800][56352.677s] GC(522) Pause Young (Normal) (G1 Evacuation Pause)
[2024-04-08T17:18:09.702+0800][56352.677s] GC(522) Using 13 workers of 13 for evacuation
[2024-04-08T17:18:09.706+0800][56352.680s] GC(522)   Pre Evacuate Collection Set: 0.1ms
[2024-04-08T17:18:09.706+0800][56352.680s] GC(522)   Merge Heap Roots: 0.0ms
[2024-04-08T17:18:09.706+0800][56352.680s] GC(522)   Evacuate Collection Set: 1.7ms
[2024-04-08T17:18:09.706+0800][56352.680s] GC(522)   Post Evacuate Collection Set: 1.5ms
[2024-04-08T17:18:09.706+0800][56352.681s] GC(522)   Other: 0.2ms
[2024-04-08T17:18:09.706+0800][56352.681s] GC(522) Eden regions: 305->0(305)
[2024-04-08T17:18:09.706+0800][56352.681s] GC(522) Survivor regions: 2->2(39)
[2024-04-08T17:18:09.706+0800][56352.681s] GC(522) Old regions: 58->58
[2024-04-08T17:18:09.706+0800][56352.681s] GC(522) Humongous regions: 4->4
[2024-04-08T17:18:09.706+0800][56352.681s] GC(522) Metaspace: 67391K(68224K)->67391K(68224K) NonClass: 59859K(60288K)->59859K(60288K) Class: 7532K(7936K)->7532K(7936K)
[2024-04-08T17:18:09.706+0800][56352.681s] GC(522) Pause Young (Normal) (G1 Evacuation Pause) 368M->62M(512M) 3.914ms
[2024-04-08T17:18:09.706+0800][56352.681s] GC(522) User=0.00s Sys=0.00s Real=0.00s
[2024-04-08T17:18:11.156+0800][56354.130s] GC(523) Pause Young (Normal) (G1 Evacuation Pause)
[2024-04-08T17:18:11.156+0800][56354.130s] GC(523) Using 13 workers of 13 for evacuation
[2024-04-08T17:18:11.159+0800][56354.133s] GC(523)   Pre Evacuate Collection Set: 0.2ms
[2024-04-08T17:18:11.159+0800][56354.133s] GC(523)   Merge Heap Roots: 0.1ms
[2024-04-08T17:18:11.159+0800][56354.133s] GC(523)   Evacuate Collection Set: 2.0ms
[2024-04-08T17:18:11.159+0800][56354.133s] GC(523)   Post Evacuate Collection Set: 0.6ms
[2024-04-08T17:18:11.159+0800][56354.134s] GC(523)   Other: 0.1ms
[2024-04-08T17:18:11.159+0800][56354.134s] GC(523) Eden regions: 305->0(305)
[2024-04-08T17:18:11.159+0800][56354.134s] GC(523) Survivor regions: 2->2(39)
[2024-04-08T17:18:11.160+0800][56354.134s] GC(523) Old regions: 58->58
[2024-04-08T17:18:11.160+0800][56354.134s] GC(523) Humongous regions: 4->4
[2024-04-08T17:18:11.160+0800][56354.134s] GC(523) Metaspace: 67391K(68224K)->67391K(68224K) NonClass: 59859K(60288K)->59859K(60288K) Class: 7532K(7936K)->7532K(7936K)
[2024-04-08T17:18:11.160+0800][56354.134s] GC(523) Pause Young (Normal) (G1 Evacuation Pause) 367M->62M(512M) 3.404ms
[2024-04-08T17:18:11.160+0800][56354.134s] GC(523) User=0.00s Sys=0.00s Real=0.00s
[2024-04-08T17:18:12.612+0800][56355.587s] GC(524) Pause Young (Normal) (G1 Evacuation Pause)
[2024-04-08T17:18:12.612+0800][56355.587s] GC(524) Using 13 workers of 13 for evacuation
[2024-04-08T17:18:12.616+0800][56355.590s] GC(524)   Pre Evacuate Collection Set: 0.2ms
[2024-04-08T17:18:12.616+0800][56355.590s] GC(524)   Merge Heap Roots: 0.1ms
[2024-04-08T17:18:12.616+0800][56355.590s] GC(524)   Evacuate Collection Set: 2.7ms
[2024-04-08T17:18:12.616+0800][56355.590s] GC(524)   Post Evacuate Collection Set: 0.5ms
[2024-04-08T17:18:12.616+0800][56355.590s] GC(524)   Other: 0.1ms
[2024-04-08T17:18:12.616+0800][56355.590s] GC(524) Eden regions: 305->0(305)
[2024-04-08T17:18:12.616+0800][56355.590s] GC(524) Survivor regions: 2->2(39)
[2024-04-08T17:18:12.616+0800][56355.591s] GC(524) Old regions: 58->58
[2024-04-08T17:18:12.616+0800][56355.591s] GC(524) Humongous regions: 4->4
[2024-04-08T17:18:12.616+0800][56355.591s] GC(524) Metaspace: 67391K(68224K)->67391K(68224K) NonClass: 59859K(60288K)->59859K(60288K) Class: 7532K(7936K)->7532K(7936K)
[2024-04-08T17:18:12.616+0800][56355.591s] GC(524) Pause Young (Normal) (G1 Evacuation Pause) 367M->62M(512M) 3.879ms
[2024-04-08T17:18:12.616+0800][56355.591s] GC(524) User=0.00s Sys=0.00s Real=0.00s
[2024-04-08T17:18:14.020+0800][56356.995s] GC(525) Pause Young (Normal) (G1 Evacuation Pause)
[2024-04-08T17:18:14.020+0800][56356.995s] GC(525) Using 13 workers of 13 for evacuation
[2024-04-08T17:18:14.022+0800][56356.997s] GC(525)   Pre Evacuate Collection Set: 0.2ms
[2024-04-08T17:18:14.023+0800][56356.997s] GC(525)   Merge Heap Roots: 0.1ms
[2024-04-08T17:18:14.023+0800][56356.997s] GC(525)   Evacuate Collection Set: 1.7ms
[2024-04-08T17:18:14.023+0800][56356.998s] GC(525)   Post Evacuate Collection Set: 0.6ms
[2024-04-08T17:18:14.023+0800][56356.998s] GC(525)   Other: 0.1ms
[2024-04-08T17:18:14.023+0800][56356.998s] GC(525) Eden regions: 305->0(305)
[2024-04-08T17:18:14.023+0800][56356.998s] GC(525) Survivor regions: 2->2(39)
[2024-04-08T17:18:14.023+0800][56356.998s] GC(525) Old regions: 58->58
[2024-04-08T17:18:14.023+0800][56356.998s] GC(525) Humongous regions: 4->4
[2024-04-08T17:18:14.023+0800][56356.998s] GC(525) Metaspace: 67391K(68224K)->67391K(68224K) NonClass: 59859K(60288K)->59859K(60288K) Class: 7532K(7936K)->7532K(7936K)
[2024-04-08T17:18:14.023+0800][56356.998s] GC(525) Pause Young (Normal) (G1 Evacuation Pause) 367M->63M(512M) 2.914ms
[2024-04-08T17:18:14.023+0800][56356.998s] GC(525) User=0.00s Sys=0.00s Real=0.00s
[2024-04-08T17:18:15.552+0800][56358.527s] GC(526) Pause Young (Normal) (G1 Evacuation Pause)
[2024-04-08T17:18:15.552+0800][56358.527s] GC(526) Using 13 workers of 13 for evacuation
[2024-04-08T17:18:15.555+0800][56358.530s] GC(526)   Pre Evacuate Collection Set: 0.2ms
[2024-04-08T17:18:15.555+0800][56358.530s] GC(526)   Merge Heap Roots: 0.2ms
[2024-04-08T17:18:15.555+0800][56358.530s] GC(526)   Evacuate Collection Set: 1.2ms
[2024-04-08T17:18:15.555+0800][56358.530s] GC(526)   Post Evacuate Collection Set: 0.6ms
[2024-04-08T17:18:15.555+0800][56358.530s] GC(526)   Other: 0.1ms
[2024-04-08T17:18:15.555+0800][56358.530s] GC(526) Eden regions: 305->0(305)
[2024-04-08T17:18:15.555+0800][56358.530s] GC(526) Survivor regions: 2->2(39)
[2024-04-08T17:18:15.555+0800][56358.530s] GC(526) Old regions: 58->58
[2024-04-08T17:18:15.555+0800][56358.530s] GC(526) Humongous regions: 4->4
[2024-04-08T17:18:15.555+0800][56358.530s] GC(526) Metaspace: 67391K(68224K)->67391K(68224K) NonClass: 59859K(60288K)->59859K(60288K) Class: 7532K(7936K)->7532K(7936K)
[2024-04-08T17:18:15.555+0800][56358.530s] GC(526) Pause Young (Normal) (G1 Evacuation Pause) 368M->63M(512M) 2.471ms
[2024-04-08T17:18:15.556+0800][56358.530s] GC(526) User=0.00s Sys=0.00s Real=0.00s
[2024-04-08T17:18:17.222+0800][56360.196s] GC(527) Pause Young (Normal) (G1 Evacuation Pause)
[2024-04-08T17:18:17.222+0800][56360.196s] GC(527) Using 13 workers of 13 for evacuation
[2024-04-08T17:18:17.224+0800][56360.199s] GC(527)   Pre Evacuate Collection Set: 0.1ms
[2024-04-08T17:18:17.224+0800][56360.199s] GC(527)   Merge Heap Roots: 0.1ms
[2024-04-08T17:18:17.224+0800][56360.199s] GC(527)   Evacuate Collection Set: 1.5ms
[2024-04-08T17:18:17.224+0800][56360.199s] GC(527)   Post Evacuate Collection Set: 0.5ms
[2024-04-08T17:18:17.225+0800][56360.199s] GC(527)   Other: 0.1ms
[2024-04-08T17:18:17.225+0800][56360.199s] GC(527) Eden regions: 305->0(305)
[2024-04-08T17:18:17.225+0800][56360.199s] GC(527) Survivor regions: 2->2(39)
[2024-04-08T17:18:17.225+0800][56360.199s] GC(527) Old regions: 58->58
[2024-04-08T17:18:17.225+0800][56360.199s] GC(527) Humongous regions: 4->4
[2024-04-08T17:18:17.225+0800][56360.199s] GC(527) Metaspace: 67391K(68224K)->67391K(68224K) NonClass: 59859K(60288K)->59859K(60288K) Class: 7532K(7936K)->7532K(7936K)
[2024-04-08T17:18:17.225+0800][56360.199s] GC(527) Pause Young (Normal) (G1 Evacuation Pause) 368M->63M(512M) 2.567ms
[2024-04-08T17:18:17.225+0800][56360.199s] GC(527) User=0.00s Sys=0.00s Real=0.00s
[2024-04-08T17:18:18.581+0800][56361.555s] GC(528) Pause Young (Normal) (G1 Evacuation Pause)
[2024-04-08T17:18:18.581+0800][56361.555s] GC(528) Using 13 workers of 13 for evacuation
[2024-04-08T17:18:18.584+0800][56361.558s] GC(528)   Pre Evacuate Collection Set: 0.1ms
[2024-04-08T17:18:18.584+0800][56361.558s] GC(528)   Merge Heap Roots: 0.1ms
[2024-04-08T17:18:18.584+0800][56361.558s] GC(528)   Evacuate Collection Set: 1.7ms
[2024-04-08T17:18:18.584+0800][56361.558s] GC(528)   Post Evacuate Collection Set: 0.5ms
[2024-04-08T17:18:18.584+0800][56361.558s] GC(528)   Other: 0.1ms
[2024-04-08T17:18:18.584+0800][56361.558s] GC(528) Eden regions: 305->0(304)
[2024-04-08T17:18:18.584+0800][56361.558s] GC(528) Survivor regions: 2->3(39)
[2024-04-08T17:18:18.584+0800][56361.558s] GC(528) Old regions: 58->58
[2024-04-08T17:18:18.584+0800][56361.558s] GC(528) Humongous regions: 4->4
[2024-04-08T17:18:18.584+0800][56361.558s] GC(528) Metaspace: 67391K(68224K)->67391K(68224K) NonClass: 59859K(60288K)->59859K(60288K) Class: 7532K(7936K)->7532K(7936K)
[2024-04-08T17:18:18.584+0800][56361.558s] GC(528) Pause Young (Normal) (G1 Evacuation Pause) 368M->63M(512M) 2.814ms
[2024-04-08T17:18:18.584+0800][56361.558s] GC(528) User=0.00s Sys=0.00s Real=0.00s
[2024-04-08T17:18:20.023+0800][56362.997s] GC(529) Pause Young (Normal) (G1 Evacuation Pause)
[2024-04-08T17:18:20.023+0800][56362.997s] GC(529) Using 13 workers of 13 for evacuation
[2024-04-08T17:18:20.025+0800][56362.999s] GC(529)   Pre Evacuate Collection Set: 0.2ms
[2024-04-08T17:18:20.025+0800][56362.999s] GC(529)   Merge Heap Roots: 0.1ms
[2024-04-08T17:18:20.025+0800][56362.999s] GC(529)   Evacuate Collection Set: 1.3ms
[2024-04-08T17:18:20.025+0800][56362.999s] GC(529)   Post Evacuate Collection Set: 0.5ms
[2024-04-08T17:18:20.025+0800][56362.999s] GC(529)   Other: 0.1ms
[2024-04-08T17:18:20.025+0800][56362.999s] GC(529) Eden regions: 304->0(305)
[2024-04-08T17:18:20.025+0800][56362.999s] GC(529) Survivor regions: 3->2(39)
[2024-04-08T17:18:20.025+0800][56362.999s] GC(529) Old regions: 58->58
[2024-04-08T17:18:20.025+0800][56362.999s] GC(529) Humongous regions: 4->4
[2024-04-08T17:18:20.025+0800][56362.999s] GC(529) Metaspace: 67391K(68224K)->67391K(68224K) NonClass: 59859K(60288K)->59859K(60288K) Class: 7532K(7936K)->7532K(7936K)
[2024-04-08T17:18:20.025+0800][56362.999s] GC(529) Pause Young (Normal) (G1 Evacuation Pause) 367M->63M(512M) 2.483ms
[2024-04-08T17:18:20.025+0800][56362.999s] GC(529) User=0.00s Sys=0.00s Real=0.00s
[2024-04-08T17:18:21.460+0800][56364.434s] GC(530) Pause Young (Normal) (G1 Evacuation Pause)
[2024-04-08T17:18:21.460+0800][56364.434s] GC(530) Using 13 workers of 13 for evacuation
[2024-04-08T17:18:21.463+0800][56364.437s] GC(530)   Pre Evacuate Collection Set: 0.2ms
[2024-04-08T17:18:21.463+0800][56364.437s] GC(530)   Merge Heap Roots: 0.1ms
[2024-04-08T17:18:21.463+0800][56364.437s] GC(530)   Evacuate Collection Set: 2.0ms
[2024-04-08T17:18:21.463+0800][56364.437s] GC(530)   Post Evacuate Collection Set: 0.5ms
[2024-04-08T17:18:21.463+0800][56364.437s] GC(530)   Other: 0.1ms
[2024-04-08T17:18:21.463+0800][56364.437s] GC(530) Eden regions: 305->0(305)
[2024-04-08T17:18:21.463+0800][56364.438s] GC(530) Survivor regions: 2->2(39)
[2024-04-08T17:18:21.463+0800][56364.438s] GC(530) Old regions: 58->58
[2024-04-08T17:18:21.463+0800][56364.438s] GC(530) Humongous regions: 4->4
[2024-04-08T17:18:21.463+0800][56364.438s] GC(530) Metaspace: 67391K(68224K)->67391K(68224K) NonClass: 59859K(60288K)->59859K(60288K) Class: 7532K(7936K)->7532K(7936K)
[2024-04-08T17:18:21.463+0800][56364.438s] GC(530) Pause Young (Normal) (G1 Evacuation Pause) 368M->63M(512M) 3.139ms
[2024-04-08T17:18:21.463+0800][56364.438s] GC(530) User=0.02s Sys=0.02s Real=0.00s
[2024-04-08T17:18:22.857+0800][56365.831s] GC(531) Pause Young (Normal) (G1 Evacuation Pause)
[2024-04-08T17:18:22.857+0800][56365.831s] GC(531) Using 13 workers of 13 for evacuation
[2024-04-08T17:18:22.860+0800][56365.834s] GC(531)   Pre Evacuate Collection Set: 0.1ms
[2024-04-08T17:18:22.860+0800][56365.834s] GC(531)   Merge Heap Roots: 0.1ms
[2024-04-08T17:18:22.860+0800][56365.834s] GC(531)   Evacuate Collection Set: 2.2ms
[2024-04-08T17:18:22.860+0800][56365.834s] GC(531)   Post Evacuate Collection Set: 0.5ms
[2024-04-08T17:18:22.860+0800][56365.834s] GC(531)   Other: 0.1ms
[2024-04-08T17:18:22.860+0800][56365.834s] GC(531) Eden regions: 305->0(305)
[2024-04-08T17:18:22.860+0800][56365.834s] GC(531) Survivor regions: 2->2(39)
[2024-04-08T17:18:22.860+0800][56365.834s] GC(531) Old regions: 58->58
[2024-04-08T17:18:22.860+0800][56365.834s] GC(531) Humongous regions: 4->4
[2024-04-08T17:18:22.860+0800][56365.834s] GC(531) Metaspace: 67391K(68224K)->67391K(68224K) NonClass: 59859K(60288K)->59859K(60288K) Class: 7532K(7936K)->7532K(7936K)
[2024-04-08T17:18:22.860+0800][56365.834s] GC(531) Pause Young (Normal) (G1 Evacuation Pause) 368M->63M(512M) 3.240ms
[2024-04-08T17:18:22.860+0800][56365.834s] GC(531) User=0.00s Sys=0.00s Real=0.00s
[2024-04-08T17:18:24.280+0800][56367.254s] GC(532) Pause Young (Normal) (G1 Evacuation Pause)
[2024-04-08T17:18:24.280+0800][56367.254s] GC(532) Using 13 workers of 13 for evacuation
[2024-04-08T17:18:24.283+0800][56367.257s] GC(532)   Pre Evacuate Collection Set: 0.2ms
[2024-04-08T17:18:24.283+0800][56367.257s] GC(532)   Merge Heap Roots: 0.1ms
[2024-04-08T17:18:24.283+0800][56367.257s] GC(532)   Evacuate Collection Set: 1.6ms
[2024-04-08T17:18:24.283+0800][56367.257s] GC(532)   Post Evacuate Collection Set: 0.6ms
[2024-04-08T17:18:24.283+0800][56367.257s] GC(532)   Other: 0.1ms
[2024-04-08T17:18:24.283+0800][56367.257s] GC(532) Eden regions: 305->0(305)
[2024-04-08T17:18:24.283+0800][56367.257s] GC(532) Survivor regions: 2->2(39)
[2024-04-08T17:18:24.283+0800][56367.257s] GC(532) Old regions: 58->58
[2024-04-08T17:18:24.283+0800][56367.257s] GC(532) Humongous regions: 4->4
[2024-04-08T17:18:24.283+0800][56367.257s] GC(532) Metaspace: 67391K(68224K)->67391K(68224K) NonClass: 59859K(60288K)->59859K(60288K) Class: 7532K(7936K)->7532K(7936K)
[2024-04-08T17:18:24.283+0800][56367.257s] GC(532) Pause Young (Normal) (G1 Evacuation Pause) 368M->63M(512M) 2.842ms
[2024-04-08T17:18:24.283+0800][56367.257s] GC(532) User=0.00s Sys=0.00s Real=0.00s
[2024-04-08T17:18:25.828+0800][56368.802s] GC(533) Pause Young (Normal) (G1 Evacuation Pause)
[2024-04-08T17:18:25.828+0800][56368.802s] GC(533) Using 13 workers of 13 for evacuation
[2024-04-08T17:18:25.830+0800][56368.805s] GC(533)   Pre Evacuate Collection Set: 0.2ms
[2024-04-08T17:18:25.830+0800][56368.805s] GC(533)   Merge Heap Roots: 0.2ms
[2024-04-08T17:18:25.830+0800][56368.805s] GC(533)   Evacuate Collection Set: 1.6ms
[2024-04-08T17:18:25.830+0800][56368.805s] GC(533)   Post Evacuate Collection Set: 0.6ms
[2024-04-08T17:18:25.830+0800][56368.805s] GC(533)   Other: 0.1ms
[2024-04-08T17:18:25.830+0800][56368.805s] GC(533) Eden regions: 305->0(305)
[2024-04-08T17:18:25.831+0800][56368.805s] GC(533) Survivor regions: 2->2(39)
[2024-04-08T17:18:25.831+0800][56368.805s] GC(533) Old regions: 58->58
[2024-04-08T17:18:25.831+0800][56368.805s] GC(533) Humongous regions: 4->4
[2024-04-08T17:18:25.831+0800][56368.805s] GC(533) Metaspace: 67391K(68224K)->67391K(68224K) NonClass: 59859K(60288K)->59859K(60288K) Class: 7532K(7936K)->7532K(7936K)
[2024-04-08T17:18:25.831+0800][56368.805s] GC(533) Pause Young (Normal) (G1 Evacuation Pause) 368M->63M(512M) 2.865ms
[2024-04-08T17:18:25.831+0800][56368.805s] GC(533) User=0.00s Sys=0.00s Real=0.00s
[2024-04-08T17:18:27.259+0800][56370.234s] GC(534) Pause Young (Normal) (G1 Evacuation Pause)
[2024-04-08T17:18:27.260+0800][56370.234s] GC(534) Using 13 workers of 13 for evacuation
[2024-04-08T17:18:27.262+0800][56370.237s] GC(534)   Pre Evacuate Collection Set: 0.2ms
[2024-04-08T17:18:27.262+0800][56370.237s] GC(534)   Merge Heap Roots: 0.1ms
[2024-04-08T17:18:27.262+0800][56370.237s] GC(534)   Evacuate Collection Set: 1.7ms
[2024-04-08T17:18:27.262+0800][56370.237s] GC(534)   Post Evacuate Collection Set: 0.6ms
[2024-04-08T17:18:27.262+0800][56370.237s] GC(534)   Other: 0.2ms
[2024-04-08T17:18:27.263+0800][56370.237s] GC(534) Eden regions: 305->0(305)
[2024-04-08T17:18:27.263+0800][56370.237s] GC(534) Survivor regions: 2->2(39)
[2024-04-08T17:18:27.263+0800][56370.237s] GC(534) Old regions: 58->58
[2024-04-08T17:18:27.263+0800][56370.237s] GC(534) Humongous regions: 4->4
[2024-04-08T17:18:27.263+0800][56370.237s] GC(534) Metaspace: 67392K(68224K)->67392K(68224K) NonClass: 59860K(60288K)->59860K(60288K) Class: 7532K(7936K)->7532K(7936K)
[2024-04-08T17:18:27.263+0800][56370.237s] GC(534) Pause Young (Normal) (G1 Evacuation Pause) 368M->63M(512M) 3.119ms
[2024-04-08T17:18:27.263+0800][56370.237s] GC(534) User=0.02s Sys=0.00s Real=0.00s
[2024-04-08T17:18:28.719+0800][56371.693s] GC(535) Pause Young (Normal) (G1 Evacuation Pause)
[2024-04-08T17:18:28.719+0800][56371.693s] GC(535) Using 13 workers of 13 for evacuation
[2024-04-08T17:18:28.721+0800][56371.695s] GC(535)   Pre Evacuate Collection Set: 0.2ms
[2024-04-08T17:18:28.721+0800][56371.695s] GC(535)   Merge Heap Roots: 0.1ms
[2024-04-08T17:18:28.721+0800][56371.695s] GC(535)   Evacuate Collection Set: 1.3ms
[2024-04-08T17:18:28.721+0800][56371.695s] GC(535)   Post Evacuate Collection Set: 0.5ms
[2024-04-08T17:18:28.721+0800][56371.695s] GC(535)   Other: 0.1ms
[2024-04-08T17:18:28.721+0800][56371.695s] GC(535) Eden regions: 305->0(305)
[2024-04-08T17:18:28.721+0800][56371.695s] GC(535) Survivor regions: 2->2(39)
[2024-04-08T17:18:28.721+0800][56371.695s] GC(535) Old regions: 58->58
[2024-04-08T17:18:28.721+0800][56371.695s] GC(535) Humongous regions: 4->4
[2024-04-08T17:18:28.721+0800][56371.695s] GC(535) Metaspace: 67392K(68224K)->67392K(68224K) NonClass: 59860K(60288K)->59860K(60288K) Class: 7532K(7936K)->7532K(7936K)
[2024-04-08T17:18:28.721+0800][56371.695s] GC(535) Pause Young (Normal) (G1 Evacuation Pause) 368M->63M(512M) 2.277ms
[2024-04-08T17:18:28.721+0800][56371.695s] GC(535) User=0.00s Sys=0.00s Real=0.00s
[2024-04-08T17:18:30.150+0800][56373.124s] GC(536) Pause Young (Normal) (G1 Evacuation Pause)
[2024-04-08T17:18:30.150+0800][56373.124s] GC(536) Using 13 workers of 13 for evacuation
[2024-04-08T17:18:30.153+0800][56373.127s] GC(536)   Pre Evacuate Collection Set: 0.2ms
[2024-04-08T17:18:30.153+0800][56373.127s] GC(536)   Merge Heap Roots: 0.1ms
[2024-04-08T17:18:30.153+0800][56373.127s] GC(536)   Evacuate Collection Set: 1.7ms
[2024-04-08T17:18:30.153+0800][56373.127s] GC(536)   Post Evacuate Collection Set: 0.6ms
[2024-04-08T17:18:30.153+0800][56373.127s] GC(536)   Other: 0.1ms
[2024-04-08T17:18:30.153+0800][56373.127s] GC(536) Eden regions: 305->0(304)
[2024-04-08T17:18:30.153+0800][56373.127s] GC(536) Survivor regions: 2->3(39)
[2024-04-08T17:18:30.153+0800][56373.127s] GC(536) Old regions: 58->58
[2024-04-08T17:18:30.153+0800][56373.127s] GC(536) Humongous regions: 4->4
[2024-04-08T17:18:30.153+0800][56373.127s] GC(536) Metaspace: 67392K(68224K)->67392K(68224K) NonClass: 59860K(60288K)->59860K(60288K) Class: 7532K(7936K)->7532K(7936K)
[2024-04-08T17:18:30.153+0800][56373.127s] GC(536) Pause Young (Normal) (G1 Evacuation Pause) 368M->64M(512M) 2.968ms
[2024-04-08T17:18:30.153+0800][56373.127s] GC(536) User=0.14s Sys=0.00s Real=0.00s
[2024-04-08T17:18:31.558+0800][56374.532s] GC(537) Pause Young (Normal) (G1 Evacuation Pause)
[2024-04-08T17:18:31.558+0800][56374.532s] GC(537) Using 13 workers of 13 for evacuation
[2024-04-08T17:18:31.561+0800][56374.536s] GC(537)   Pre Evacuate Collection Set: 0.2ms
[2024-04-08T17:18:31.562+0800][56374.536s] GC(537)   Merge Heap Roots: 0.1ms
[2024-04-08T17:18:31.562+0800][56374.536s] GC(537)   Evacuate Collection Set: 2.7ms
[2024-04-08T17:18:31.562+0800][56374.536s] GC(537)   Post Evacuate Collection Set: 0.7ms
[2024-04-08T17:18:31.562+0800][56374.536s] GC(537)   Other: 0.1ms
[2024-04-08T17:18:31.562+0800][56374.536s] GC(537) Eden regions: 304->0(305)
[2024-04-08T17:18:31.562+0800][56374.536s] GC(537) Survivor regions: 3->2(39)
[2024-04-08T17:18:31.562+0800][56374.536s] GC(537) Old regions: 58->58
[2024-04-08T17:18:31.562+0800][56374.536s] GC(537) Humongous regions: 4->4
[2024-04-08T17:18:31.562+0800][56374.536s] GC(537) Metaspace: 67392K(68224K)->67392K(68224K) NonClass: 59860K(60288K)->59860K(60288K) Class: 7532K(7936K)->7532K(7936K)
[2024-04-08T17:18:31.562+0800][56374.536s] GC(537) Pause Young (Normal) (G1 Evacuation Pause) 368M->63M(512M) 4.046ms
[2024-04-08T17:18:31.562+0800][56374.536s] GC(537) User=0.00s Sys=0.00s Real=0.00s
[2024-04-08T17:18:32.995+0800][56375.970s] GC(538) Pause Young (Normal) (G1 Evacuation Pause)
[2024-04-08T17:18:32.996+0800][56375.970s] GC(538) Using 13 workers of 13 for evacuation
[2024-04-08T17:18:32.998+0800][56375.972s] GC(538)   Pre Evacuate Collection Set: 0.2ms
[2024-04-08T17:18:32.998+0800][56375.972s] GC(538)   Merge Heap Roots: 0.1ms
[2024-04-08T17:18:32.998+0800][56375.972s] GC(538)   Evacuate Collection Set: 1.4ms
[2024-04-08T17:18:32.998+0800][56375.972s] GC(538)   Post Evacuate Collection Set: 0.8ms
[2024-04-08T17:18:32.998+0800][56375.972s] GC(538)   Other: 0.1ms
[2024-04-08T17:18:32.998+0800][56375.972s] GC(538) Eden regions: 305->0(305)
[2024-04-08T17:18:32.998+0800][56375.972s] GC(538) Survivor regions: 2->2(39)
[2024-04-08T17:18:32.998+0800][56375.972s] GC(538) Old regions: 58->58
[2024-04-08T17:18:32.998+0800][56375.973s] GC(538) Humongous regions: 4->4
[2024-04-08T17:18:32.998+0800][56375.973s] GC(538) Metaspace: 67392K(68224K)->67392K(68224K) NonClass: 59860K(60288K)->59860K(60288K) Class: 7532K(7936K)->7532K(7936K)
[2024-04-08T17:18:32.998+0800][56375.973s] GC(538) Pause Young (Normal) (G1 Evacuation Pause) 368M->63M(512M) 2.791ms
[2024-04-08T17:18:32.998+0800][56375.973s] GC(538) User=0.00s Sys=0.00s Real=0.00s
[2024-04-08T17:18:34.352+0800][56377.327s] GC(539) Pause Young (Normal) (G1 Evacuation Pause)
[2024-04-08T17:18:34.352+0800][56377.327s] GC(539) Using 13 workers of 13 for evacuation
[2024-04-08T17:18:34.354+0800][56377.329s] GC(539)   Pre Evacuate Collection Set: 0.2ms
[2024-04-08T17:18:34.354+0800][56377.329s] GC(539)   Merge Heap Roots: 0.1ms
[2024-04-08T17:18:34.354+0800][56377.329s] GC(539)   Evacuate Collection Set: 1.7ms
[2024-04-08T17:18:34.354+0800][56377.329s] GC(539)   Post Evacuate Collection Set: 0.5ms
[2024-04-08T17:18:34.354+0800][56377.329s] GC(539)   Other: 0.1ms
[2024-04-08T17:18:34.354+0800][56377.329s] GC(539) Eden regions: 305->0(305)
[2024-04-08T17:18:34.354+0800][56377.329s] GC(539) Survivor regions: 2->2(39)
[2024-04-08T17:18:34.354+0800][56377.329s] GC(539) Old regions: 58->58
[2024-04-08T17:18:34.354+0800][56377.329s] GC(539) Humongous regions: 4->4
[2024-04-08T17:18:34.354+0800][56377.329s] GC(539) Metaspace: 67392K(68224K)->67392K(68224K) NonClass: 59860K(60288K)->59860K(60288K) Class: 7532K(7936K)->7532K(7936K)
[2024-04-08T17:18:34.355+0800][56377.329s] GC(539) Pause Young (Normal) (G1 Evacuation Pause) 368M->63M(512M) 2.723ms
[2024-04-08T17:18:34.355+0800][56377.329s] GC(539) User=0.06s Sys=0.00s Real=0.00s
[2024-04-08T17:18:35.672+0800][56378.646s] GC(540) Pause Young (Normal) (G1 Evacuation Pause)
[2024-04-08T17:18:35.672+0800][56378.646s] GC(540) Using 13 workers of 13 for evacuation
[2024-04-08T17:18:35.674+0800][56378.649s] GC(540)   Pre Evacuate Collection Set: 0.2ms
[2024-04-08T17:18:35.674+0800][56378.649s] GC(540)   Merge Heap Roots: 0.1ms
[2024-04-08T17:18:35.674+0800][56378.649s] GC(540)   Evacuate Collection Set: 1.2ms
[2024-04-08T17:18:35.674+0800][56378.649s] GC(540)   Post Evacuate Collection Set: 0.5ms
[2024-04-08T17:18:35.674+0800][56378.649s] GC(540)   Other: 0.1ms
[2024-04-08T17:18:35.674+0800][56378.649s] GC(540) Eden regions: 305->0(305)
[2024-04-08T17:18:35.674+0800][56378.649s] GC(540) Survivor regions: 2->2(39)
[2024-04-08T17:18:35.674+0800][56378.649s] GC(540) Old regions: 58->58
[2024-04-08T17:18:35.674+0800][56378.649s] GC(540) Humongous regions: 4->4
[2024-04-08T17:18:35.674+0800][56378.649s] GC(540) Metaspace: 67392K(68224K)->67392K(68224K) NonClass: 59860K(60288K)->59860K(60288K) Class: 7532K(7936K)->7532K(7936K)
[2024-04-08T17:18:35.674+0800][56378.649s] GC(540) Pause Young (Normal) (G1 Evacuation Pause) 368M->63M(512M) 2.292ms
[2024-04-08T17:18:35.674+0800][56378.649s] GC(540) User=0.00s Sys=0.00s Real=0.00s
[2024-04-08T17:18:36.986+0800][56379.961s] GC(541) Pause Young (Normal) (G1 Evacuation Pause)
[2024-04-08T17:18:36.986+0800][56379.961s] GC(541) Using 13 workers of 13 for evacuation
[2024-04-08T17:18:36.988+0800][56379.963s] GC(541)   Pre Evacuate Collection Set: 0.2ms
[2024-04-08T17:18:36.989+0800][56379.963s] GC(541)   Merge Heap Roots: 0.1ms
[2024-04-08T17:18:36.989+0800][56379.963s] GC(541)   Evacuate Collection Set: 1.3ms
[2024-04-08T17:18:36.989+0800][56379.963s] GC(541)   Post Evacuate Collection Set: 0.7ms
[2024-04-08T17:18:36.989+0800][56379.963s] GC(541)   Other: 0.1ms
[2024-04-08T17:18:36.989+0800][56379.963s] GC(541) Eden regions: 305->0(305)
[2024-04-08T17:18:36.989+0800][56379.963s] GC(541) Survivor regions: 2->2(39)
[2024-04-08T17:18:36.989+0800][56379.963s] GC(541) Old regions: 58->59
[2024-04-08T17:18:36.989+0800][56379.963s] GC(541) Humongous regions: 4->4
[2024-04-08T17:18:36.989+0800][56379.963s] GC(541) Metaspace: 67392K(68224K)->67392K(68224K) NonClass: 59860K(60288K)->59860K(60288K) Class: 7532K(7936K)->7532K(7936K)
[2024-04-08T17:18:36.989+0800][56379.963s] GC(541) Pause Young (Normal) (G1 Evacuation Pause) 368M->63M(512M) 2.565ms
[2024-04-08T17:18:36.989+0800][56379.963s] GC(541) User=0.00s Sys=0.00s Real=0.00s
[2024-04-08T17:18:38.287+0800][56381.262s] GC(542) Pause Young (Normal) (G1 Evacuation Pause)
[2024-04-08T17:18:38.287+0800][56381.262s] GC(542) Using 13 workers of 13 for evacuation
[2024-04-08T17:18:38.290+0800][56381.265s] GC(542)   Pre Evacuate Collection Set: 0.2ms
[2024-04-08T17:18:38.290+0800][56381.265s] GC(542)   Merge Heap Roots: 0.1ms
[2024-04-08T17:18:38.290+0800][56381.265s] GC(542)   Evacuate Collection Set: 1.6ms
[2024-04-08T17:18:38.290+0800][56381.265s] GC(542)   Post Evacuate Collection Set: 0.7ms
[2024-04-08T17:18:38.290+0800][56381.265s] GC(542)   Other: 0.1ms
[2024-04-08T17:18:38.290+0800][56381.265s] GC(542) Eden regions: 305->0(305)
[2024-04-08T17:18:38.290+0800][56381.265s] GC(542) Survivor regions: 2->2(39)
[2024-04-08T17:18:38.290+0800][56381.265s] GC(542) Old regions: 59->59
[2024-04-08T17:18:38.290+0800][56381.265s] GC(542) Humongous regions: 4->4
[2024-04-08T17:18:38.290+0800][56381.265s] GC(542) Metaspace: 67392K(68224K)->67392K(68224K) NonClass: 59860K(60288K)->59860K(60288K) Class: 7532K(7936K)->7532K(7936K)
[2024-04-08T17:18:38.290+0800][56381.265s] GC(542) Pause Young (Normal) (G1 Evacuation Pause) 368M->63M(512M) 2.923ms
[2024-04-08T17:18:38.290+0800][56381.265s] GC(542) User=0.00s Sys=0.00s Real=0.00s
[2024-04-08T17:18:39.617+0800][56382.591s] GC(543) Pause Young (Normal) (G1 Evacuation Pause)
[2024-04-08T17:18:39.617+0800][56382.591s] GC(543) Using 13 workers of 13 for evacuation
[2024-04-08T17:18:39.619+0800][56382.594s] GC(543)   Pre Evacuate Collection Set: 0.3ms
[2024-04-08T17:18:39.619+0800][56382.594s] GC(543)   Merge Heap Roots: 0.1ms
[2024-04-08T17:18:39.619+0800][56382.594s] GC(543)   Evacuate Collection Set: 1.3ms
[2024-04-08T17:18:39.619+0800][56382.594s] GC(543)   Post Evacuate Collection Set: 0.6ms
[2024-04-08T17:18:39.619+0800][56382.594s] GC(543)   Other: 0.1ms
[2024-04-08T17:18:39.619+0800][56382.594s] GC(543) Eden regions: 305->0(305)
[2024-04-08T17:18:39.619+0800][56382.594s] GC(543) Survivor regions: 2->2(39)
[2024-04-08T17:18:39.619+0800][56382.594s] GC(543) Old regions: 59->59
[2024-04-08T17:18:39.619+0800][56382.594s] GC(543) Humongous regions: 4->4
[2024-04-08T17:18:39.619+0800][56382.594s] GC(543) Metaspace: 67392K(68224K)->67392K(68224K) NonClass: 59860K(60288K)->59860K(60288K) Class: 7532K(7936K)->7532K(7936K)
[2024-04-08T17:18:39.619+0800][56382.594s] GC(543) Pause Young (Normal) (G1 Evacuation Pause) 368M->63M(512M) 2.607ms
[2024-04-08T17:18:39.619+0800][56382.594s] GC(543) User=0.02s Sys=0.00s Real=0.00s
[2024-04-08T17:18:40.960+0800][56383.934s] GC(544) Pause Young (Normal) (G1 Evacuation Pause)
[2024-04-08T17:18:40.960+0800][56383.934s] GC(544) Using 13 workers of 13 for evacuation
[2024-04-08T17:18:40.962+0800][56383.936s] GC(544)   Pre Evacuate Collection Set: 0.1ms
[2024-04-08T17:18:40.962+0800][56383.936s] GC(544)   Merge Heap Roots: 0.1ms
[2024-04-08T17:18:40.962+0800][56383.936s] GC(544)   Evacuate Collection Set: 1.4ms
[2024-04-08T17:18:40.962+0800][56383.936s] GC(544)   Post Evacuate Collection Set: 0.3ms
[2024-04-08T17:18:40.962+0800][56383.936s] GC(544)   Other: 0.1ms
[2024-04-08T17:18:40.962+0800][56383.936s] GC(544) Eden regions: 305->0(305)
[2024-04-08T17:18:40.962+0800][56383.936s] GC(544) Survivor regions: 2->2(39)
[2024-04-08T17:18:40.962+0800][56383.936s] GC(544) Old regions: 59->59
[2024-04-08T17:18:40.962+0800][56383.936s] GC(544) Humongous regions: 4->4
[2024-04-08T17:18:40.962+0800][56383.936s] GC(544) Metaspace: 67392K(68224K)->67392K(68224K) NonClass: 59860K(60288K)->59860K(60288K) Class: 7532K(7936K)->7532K(7936K)
[2024-04-08T17:18:40.962+0800][56383.936s] GC(544) Pause Young (Normal) (G1 Evacuation Pause) 368M->63M(512M) 2.150ms
[2024-04-08T17:18:40.962+0800][56383.936s] GC(544) User=0.00s Sys=0.00s Real=0.00s
[2024-04-08T17:18:42.317+0800][56385.292s] GC(545) Pause Young (Normal) (G1 Evacuation Pause)
[2024-04-08T17:18:42.318+0800][56385.292s] GC(545) Using 13 workers of 13 for evacuation
[2024-04-08T17:18:42.320+0800][56385.295s] GC(545)   Pre Evacuate Collection Set: 0.1ms
[2024-04-08T17:18:42.320+0800][56385.295s] GC(545)   Merge Heap Roots: 0.1ms
[2024-04-08T17:18:42.320+0800][56385.295s] GC(545)   Evacuate Collection Set: 1.3ms
[2024-04-08T17:18:42.320+0800][56385.295s] GC(545)   Post Evacuate Collection Set: 0.6ms
[2024-04-08T17:18:42.320+0800][56385.295s] GC(545)   Other: 0.1ms
[2024-04-08T17:18:42.320+0800][56385.295s] GC(545) Eden regions: 305->0(305)
[2024-04-08T17:18:42.320+0800][56385.295s] GC(545) Survivor regions: 2->2(39)
[2024-04-08T17:18:42.320+0800][56385.295s] GC(545) Old regions: 59->59
[2024-04-08T17:18:42.320+0800][56385.295s] GC(545) Humongous regions: 4->4
[2024-04-08T17:18:42.320+0800][56385.295s] GC(545) Metaspace: 67392K(68224K)->67392K(68224K) NonClass: 59860K(60288K)->59860K(60288K) Class: 7532K(7936K)->7532K(7936K)
[2024-04-08T17:18:42.320+0800][56385.295s] GC(545) Pause Young (Normal) (G1 Evacuation Pause) 368M->63M(512M) 2.390ms
[2024-04-08T17:18:42.320+0800][56385.295s] GC(545) User=0.00s Sys=0.00s Real=0.00s
[2024-04-08T17:18:43.604+0800][56386.579s] GC(546) Pause Young (Normal) (G1 Evacuation Pause)
[2024-04-08T17:18:43.604+0800][56386.579s] GC(546) Using 13 workers of 13 for evacuation
[2024-04-08T17:18:43.606+0800][56386.581s] GC(546)   Pre Evacuate Collection Set: 0.3ms
[2024-04-08T17:18:43.606+0800][56386.581s] GC(546)   Merge Heap Roots: 0.1ms
[2024-04-08T17:18:43.606+0800][56386.581s] GC(546)   Evacuate Collection Set: 1.5ms
[2024-04-08T17:18:43.606+0800][56386.581s] GC(546)   Post Evacuate Collection Set: 0.5ms
[2024-04-08T17:18:43.607+0800][56386.581s] GC(546)   Other: 0.1ms
[2024-04-08T17:18:43.607+0800][56386.581s] GC(546) Eden regions: 305->0(305)
[2024-04-08T17:18:43.607+0800][56386.581s] GC(546) Survivor regions: 2->2(39)
[2024-04-08T17:18:43.607+0800][56386.581s] GC(546) Old regions: 59->59
[2024-04-08T17:18:43.607+0800][56386.581s] GC(546) Humongous regions: 4->4
[2024-04-08T17:18:43.607+0800][56386.581s] GC(546) Metaspace: 67392K(68224K)->67392K(68224K) NonClass: 59860K(60288K)->59860K(60288K) Class: 7532K(7936K)->7532K(7936K)
[2024-04-08T17:18:43.607+0800][56386.581s] GC(546) Pause Young (Normal) (G1 Evacuation Pause) 368M->63M(512M) 2.740ms
[2024-04-08T17:18:43.607+0800][56386.581s] GC(546) User=0.00s Sys=0.00s Real=0.00s
[2024-04-08T17:18:44.933+0800][56387.908s] GC(547) Pause Young (Normal) (G1 Evacuation Pause)
[2024-04-08T17:18:44.933+0800][56387.908s] GC(547) Using 13 workers of 13 for evacuation
[2024-04-08T17:18:44.936+0800][56387.910s] GC(547)   Pre Evacuate Collection Set: 0.2ms
[2024-04-08T17:18:44.936+0800][56387.910s] GC(547)   Merge Heap Roots: 0.1ms
[2024-04-08T17:18:44.936+0800][56387.910s] GC(547)   Evacuate Collection Set: 1.1ms
[2024-04-08T17:18:44.936+0800][56387.910s] GC(547)   Post Evacuate Collection Set: 0.6ms
[2024-04-08T17:18:44.936+0800][56387.910s] GC(547)   Other: 0.1ms
[2024-04-08T17:18:44.936+0800][56387.910s] GC(547) Eden regions: 305->0(305)
[2024-04-08T17:18:44.936+0800][56387.910s] GC(547) Survivor regions: 2->2(39)
[2024-04-08T17:18:44.936+0800][56387.910s] GC(547) Old regions: 59->59
[2024-04-08T17:18:44.936+0800][56387.910s] GC(547) Humongous regions: 4->4
[2024-04-08T17:18:44.936+0800][56387.911s] GC(547) Metaspace: 67392K(68224K)->67392K(68224K) NonClass: 59860K(60288K)->59860K(60288K) Class: 7532K(7936K)->7532K(7936K)
[2024-04-08T17:18:44.936+0800][56387.911s] GC(547) Pause Young (Normal) (G1 Evacuation Pause) 368M->64M(512M) 2.373ms
[2024-04-08T17:18:44.936+0800][56387.911s] GC(547) User=0.00s Sys=0.00s Real=0.00s
[2024-04-08T17:18:46.247+0800][56389.222s] GC(548) Pause Young (Normal) (G1 Evacuation Pause)
[2024-04-08T17:18:46.247+0800][56389.222s] GC(548) Using 13 workers of 13 for evacuation
[2024-04-08T17:18:46.250+0800][56389.224s] GC(548)   Pre Evacuate Collection Set: 0.3ms
[2024-04-08T17:18:46.250+0800][56389.224s] GC(548)   Merge Heap Roots: 0.1ms
[2024-04-08T17:18:46.250+0800][56389.224s] GC(548)   Evacuate Collection Set: 1.6ms
[2024-04-08T17:18:46.250+0800][56389.224s] GC(548)   Post Evacuate Collection Set: 0.5ms
[2024-04-08T17:18:46.250+0800][56389.224s] GC(548)   Other: 0.1ms
[2024-04-08T17:18:46.250+0800][56389.224s] GC(548) Eden regions: 305->0(305)
[2024-04-08T17:18:46.250+0800][56389.224s] GC(548) Survivor regions: 2->2(39)
[2024-04-08T17:18:46.250+0800][56389.224s] GC(548) Old regions: 59->59
[2024-04-08T17:18:46.250+0800][56389.224s] GC(548) Humongous regions: 4->4
[2024-04-08T17:18:46.250+0800][56389.224s] GC(548) Metaspace: 67392K(68224K)->67392K(68224K) NonClass: 59860K(60288K)->59860K(60288K) Class: 7532K(7936K)->7532K(7936K)
[2024-04-08T17:18:46.250+0800][56389.225s] GC(548) Pause Young (Normal) (G1 Evacuation Pause) 369M->63M(512M) 2.850ms
[2024-04-08T17:18:46.250+0800][56389.225s] GC(548) User=0.00s Sys=0.00s Real=0.00s
[2024-04-08T17:18:47.582+0800][56390.557s] GC(549) Pause Young (Normal) (G1 Evacuation Pause)
[2024-04-08T17:18:47.582+0800][56390.557s] GC(549) Using 13 workers of 13 for evacuation
[2024-04-08T17:18:47.585+0800][56390.559s] GC(549)   Pre Evacuate Collection Set: 0.2ms
[2024-04-08T17:18:47.585+0800][56390.560s] GC(549)   Merge Heap Roots: 0.1ms
[2024-04-08T17:18:47.585+0800][56390.560s] GC(549)   Evacuate Collection Set: 1.6ms
[2024-04-08T17:18:47.585+0800][56390.560s] GC(549)   Post Evacuate Collection Set: 0.6ms
[2024-04-08T17:18:47.585+0800][56390.560s] GC(549)   Other: 0.1ms
[2024-04-08T17:18:47.585+0800][56390.560s] GC(549) Eden regions: 305->0(304)
[2024-04-08T17:18:47.585+0800][56390.560s] GC(549) Survivor regions: 2->3(39)
[2024-04-08T17:18:47.585+0800][56390.560s] GC(549) Old regions: 59->59
[2024-04-08T17:18:47.585+0800][56390.560s] GC(549) Humongous regions: 4->4
[2024-04-08T17:18:47.585+0800][56390.560s] GC(549) Metaspace: 67392K(68224K)->67392K(68224K) NonClass: 59860K(60288K)->59860K(60288K) Class: 7532K(7936K)->7532K(7936K)
[2024-04-08T17:18:47.585+0800][56390.560s] GC(549) Pause Young (Normal) (G1 Evacuation Pause) 368M->64M(512M) 2.814ms
[2024-04-08T17:18:47.585+0800][56390.560s] GC(549) User=0.00s Sys=0.00s Real=0.00s
[2024-04-08T17:18:48.908+0800][56391.883s] GC(550) Pause Young (Normal) (G1 Evacuation Pause)
[2024-04-08T17:18:48.909+0800][56391.883s] GC(550) Using 13 workers of 13 for evacuation
[2024-04-08T17:18:48.911+0800][56391.886s] GC(550)   Pre Evacuate Collection Set: 0.2ms
[2024-04-08T17:18:48.911+0800][56391.886s] GC(550)   Merge Heap Roots: 0.1ms
[2024-04-08T17:18:48.911+0800][56391.886s] GC(550)   Evacuate Collection Set: 1.4ms
[2024-04-08T17:18:48.911+0800][56391.886s] GC(550)   Post Evacuate Collection Set: 0.6ms
[2024-04-08T17:18:48.911+0800][56391.886s] GC(550)   Other: 0.1ms
[2024-04-08T17:18:48.911+0800][56391.886s] GC(550) Eden regions: 304->0(304)
[2024-04-08T17:18:48.911+0800][56391.886s] GC(550) Survivor regions: 3->3(39)
[2024-04-08T17:18:48.911+0800][56391.886s] GC(550) Old regions: 59->59
[2024-04-08T17:18:48.911+0800][56391.886s] GC(550) Humongous regions: 4->4
[2024-04-08T17:18:48.911+0800][56391.886s] GC(550) Metaspace: 67392K(68224K)->67392K(68224K) NonClass: 59860K(60288K)->59860K(60288K) Class: 7532K(7936K)->7532K(7936K)
[2024-04-08T17:18:48.911+0800][56391.886s] GC(550) Pause Young (Normal) (G1 Evacuation Pause) 368M->64M(512M) 2.619ms
[2024-04-08T17:18:48.911+0800][56391.886s] GC(550) User=0.00s Sys=0.00s Real=0.00s
[2024-04-08T17:18:50.309+0800][56393.283s] GC(551) Pause Young (Normal) (G1 Evacuation Pause)
[2024-04-08T17:18:50.309+0800][56393.284s] GC(551) Using 13 workers of 13 for evacuation
[2024-04-08T17:18:50.311+0800][56393.286s] GC(551)   Pre Evacuate Collection Set: 0.1ms
[2024-04-08T17:18:50.311+0800][56393.286s] GC(551)   Merge Heap Roots: 0.1ms
[2024-04-08T17:18:50.311+0800][56393.286s] GC(551)   Evacuate Collection Set: 1.4ms
[2024-04-08T17:18:50.311+0800][56393.286s] GC(551)   Post Evacuate Collection Set: 0.4ms
[2024-04-08T17:18:50.311+0800][56393.286s] GC(551)   Other: 0.1ms
[2024-04-08T17:18:50.311+0800][56393.286s] GC(551) Eden regions: 304->0(305)
[2024-04-08T17:18:50.311+0800][56393.286s] GC(551) Survivor regions: 3->2(39)
[2024-04-08T17:18:50.311+0800][56393.286s] GC(551) Old regions: 59->59
[2024-04-08T17:18:50.311+0800][56393.286s] GC(551) Humongous regions: 4->4
[2024-04-08T17:18:50.311+0800][56393.286s] GC(551) Metaspace: 67392K(68224K)->67392K(68224K) NonClass: 59860K(60288K)->59860K(60288K) Class: 7532K(7936K)->7532K(7936K)
[2024-04-08T17:18:50.311+0800][56393.286s] GC(551) Pause Young (Normal) (G1 Evacuation Pause) 368M->63M(512M) 2.389ms
[2024-04-08T17:18:50.311+0800][56393.286s] GC(551) User=0.00s Sys=0.00s Real=0.00s
[2024-04-08T17:18:51.716+0800][56394.691s] GC(552) Pause Young (Normal) (G1 Evacuation Pause)
[2024-04-08T17:18:51.717+0800][56394.691s] GC(552) Using 13 workers of 13 for evacuation
[2024-04-08T17:18:51.719+0800][56394.694s] GC(552)   Pre Evacuate Collection Set: 0.1ms
[2024-04-08T17:18:51.719+0800][56394.694s] GC(552)   Merge Heap Roots: 0.1ms
[2024-04-08T17:18:51.719+0800][56394.694s] GC(552)   Evacuate Collection Set: 1.7ms
[2024-04-08T17:18:51.719+0800][56394.694s] GC(552)   Post Evacuate Collection Set: 0.5ms
[2024-04-08T17:18:51.719+0800][56394.694s] GC(552)   Other: 0.1ms
[2024-04-08T17:18:51.719+0800][56394.694s] GC(552) Eden regions: 305->0(305)
[2024-04-08T17:18:51.719+0800][56394.694s] GC(552) Survivor regions: 2->2(39)
[2024-04-08T17:18:51.719+0800][56394.694s] GC(552) Old regions: 59->59
[2024-04-08T17:18:51.719+0800][56394.694s] GC(552) Humongous regions: 4->4
[2024-04-08T17:18:51.719+0800][56394.694s] GC(552) Metaspace: 67392K(68224K)->67392K(68224K) NonClass: 59860K(60288K)->59860K(60288K) Class: 7532K(7936K)->7532K(7936K)
[2024-04-08T17:18:51.719+0800][56394.694s] GC(552) Pause Young (Normal) (G1 Evacuation Pause) 368M->64M(512M) 2.755ms
[2024-04-08T17:18:51.719+0800][56394.694s] GC(552) User=0.00s Sys=0.00s Real=0.00s
[2024-04-08T17:18:53.119+0800][56396.094s] GC(553) Pause Young (Normal) (G1 Evacuation Pause)
[2024-04-08T17:18:53.119+0800][56396.094s] GC(553) Using 13 workers of 13 for evacuation
[2024-04-08T17:18:53.122+0800][56396.096s] GC(553)   Pre Evacuate Collection Set: 0.2ms
[2024-04-08T17:18:53.122+0800][56396.096s] GC(553)   Merge Heap Roots: 0.2ms
[2024-04-08T17:18:53.122+0800][56396.096s] GC(553)   Evacuate Collection Set: 1.6ms
[2024-04-08T17:18:53.122+0800][56396.096s] GC(553)   Post Evacuate Collection Set: 0.5ms
[2024-04-08T17:18:53.122+0800][56396.096s] GC(553)   Other: 0.1ms
[2024-04-08T17:18:53.122+0800][56396.096s] GC(553) Eden regions: 305->0(305)
[2024-04-08T17:18:53.122+0800][56396.096s] GC(553) Survivor regions: 2->2(39)
[2024-04-08T17:18:53.122+0800][56396.096s] GC(553) Old regions: 59->59
[2024-04-08T17:18:53.122+0800][56396.096s] GC(553) Humongous regions: 4->4
[2024-04-08T17:18:53.122+0800][56396.096s] GC(553) Metaspace: 67392K(68224K)->67392K(68224K) NonClass: 59860K(60288K)->59860K(60288K) Class: 7532K(7936K)->7532K(7936K)
[2024-04-08T17:18:53.122+0800][56396.096s] GC(553) Pause Young (Normal) (G1 Evacuation Pause) 369M->64M(512M) 2.714ms
[2024-04-08T17:18:53.122+0800][56396.096s] GC(553) User=0.00s Sys=0.00s Real=0.00s
[2024-04-08T17:18:54.442+0800][56397.417s] GC(554) Pause Young (Normal) (G1 Evacuation Pause)
[2024-04-08T17:18:54.442+0800][56397.417s] GC(554) Using 13 workers of 13 for evacuation
[2024-04-08T17:18:54.445+0800][56397.419s] GC(554)   Pre Evacuate Collection Set: 0.2ms
[2024-04-08T17:18:54.445+0800][56397.419s] GC(554)   Merge Heap Roots: 0.1ms
[2024-04-08T17:18:54.445+0800][56397.419s] GC(554)   Evacuate Collection Set: 1.4ms
[2024-04-08T17:18:54.445+0800][56397.419s] GC(554)   Post Evacuate Collection Set: 0.5ms
[2024-04-08T17:18:54.445+0800][56397.419s] GC(554)   Other: 0.1ms
[2024-04-08T17:18:54.445+0800][56397.419s] GC(554) Eden regions: 305->0(304)
[2024-04-08T17:18:54.445+0800][56397.419s] GC(554) Survivor regions: 2->3(39)
[2024-04-08T17:18:54.445+0800][56397.419s] GC(554) Old regions: 59->59
[2024-04-08T17:18:54.445+0800][56397.419s] GC(554) Humongous regions: 4->4
[2024-04-08T17:18:54.445+0800][56397.419s] GC(554) Metaspace: 67392K(68224K)->67392K(68224K) NonClass: 59860K(60288K)->59860K(60288K) Class: 7532K(7936K)->7532K(7936K)
[2024-04-08T17:18:54.445+0800][56397.419s] GC(554) Pause Young (Normal) (G1 Evacuation Pause) 369M->64M(512M) 2.492ms
[2024-04-08T17:18:54.445+0800][56397.419s] GC(554) User=0.00s Sys=0.00s Real=0.00s
[2024-04-08T17:18:55.838+0800][56398.813s] GC(555) Pause Young (Normal) (G1 Evacuation Pause)
[2024-04-08T17:18:55.838+0800][56398.813s] GC(555) Using 13 workers of 13 for evacuation
[2024-04-08T17:18:55.841+0800][56398.816s] GC(555)   Pre Evacuate Collection Set: 0.5ms
[2024-04-08T17:18:55.841+0800][56398.816s] GC(555)   Merge Heap Roots: 0.1ms
[2024-04-08T17:18:55.841+0800][56398.816s] GC(555)   Evacuate Collection Set: 1.4ms
[2024-04-08T17:18:55.841+0800][56398.816s] GC(555)   Post Evacuate Collection Set: 0.6ms
[2024-04-08T17:18:55.841+0800][56398.816s] GC(555)   Other: 0.1ms
[2024-04-08T17:18:55.841+0800][56398.816s] GC(555) Eden regions: 304->0(305)
[2024-04-08T17:18:55.841+0800][56398.816s] GC(555) Survivor regions: 3->2(39)
[2024-04-08T17:18:55.841+0800][56398.816s] GC(555) Old regions: 59->59
[2024-04-08T17:18:55.841+0800][56398.816s] GC(555) Humongous regions: 4->4
[2024-04-08T17:18:55.841+0800][56398.816s] GC(555) Metaspace: 67392K(68224K)->67392K(68224K) NonClass: 59860K(60288K)->59860K(60288K) Class: 7532K(7936K)->7532K(7936K)
[2024-04-08T17:18:55.841+0800][56398.816s] GC(555) Pause Young (Normal) (G1 Evacuation Pause) 368M->64M(512M) 3.006ms
[2024-04-08T17:18:55.841+0800][56398.816s] GC(555) User=0.00s Sys=0.00s Real=0.00s
[2024-04-08T17:18:57.393+0800][56400.368s] GC(556) Pause Young (Normal) (G1 Evacuation Pause)
[2024-04-08T17:18:57.393+0800][56400.368s] GC(556) Using 13 workers of 13 for evacuation
[2024-04-08T17:18:57.397+0800][56400.371s] GC(556)   Pre Evacuate Collection Set: 0.1ms
[2024-04-08T17:18:57.397+0800][56400.371s] GC(556)   Merge Heap Roots: 0.1ms
[2024-04-08T17:18:57.397+0800][56400.371s] GC(556)   Evacuate Collection Set: 2.7ms
[2024-04-08T17:18:57.397+0800][56400.371s] GC(556)   Post Evacuate Collection Set: 0.6ms
[2024-04-08T17:18:57.397+0800][56400.371s] GC(556)   Other: 0.1ms
[2024-04-08T17:18:57.397+0800][56400.371s] GC(556) Eden regions: 305->0(305)
[2024-04-08T17:18:57.397+0800][56400.372s] GC(556) Survivor regions: 2->2(39)
[2024-04-08T17:18:57.397+0800][56400.372s] GC(556) Old regions: 59->59
[2024-04-08T17:18:57.397+0800][56400.372s] GC(556) Humongous regions: 4->4
[2024-04-08T17:18:57.397+0800][56400.372s] GC(556) Metaspace: 67392K(68224K)->67392K(68224K) NonClass: 59860K(60288K)->59860K(60288K) Class: 7532K(7936K)->7532K(7936K)
[2024-04-08T17:18:57.397+0800][56400.372s] GC(556) Pause Young (Normal) (G1 Evacuation Pause) 369M->64M(512M) 3.910ms
[2024-04-08T17:18:57.397+0800][56400.372s] GC(556) User=0.00s Sys=0.00s Real=0.00s
[2024-04-08T17:18:58.835+0800][56401.809s] GC(557) Pause Young (Normal) (G1 Evacuation Pause)
[2024-04-08T17:18:58.835+0800][56401.809s] GC(557) Using 13 workers of 13 for evacuation
[2024-04-08T17:18:58.837+0800][56401.812s] GC(557)   Pre Evacuate Collection Set: 0.2ms
[2024-04-08T17:18:58.837+0800][56401.812s] GC(557)   Merge Heap Roots: 0.1ms
[2024-04-08T17:18:58.837+0800][56401.812s] GC(557)   Evacuate Collection Set: 1.6ms
[2024-04-08T17:18:58.837+0800][56401.812s] GC(557)   Post Evacuate Collection Set: 0.6ms
[2024-04-08T17:18:58.837+0800][56401.812s] GC(557)   Other: 0.1ms
[2024-04-08T17:18:58.837+0800][56401.812s] GC(557) Eden regions: 305->0(305)
[2024-04-08T17:18:58.837+0800][56401.812s] GC(557) Survivor regions: 2->2(39)
[2024-04-08T17:18:58.837+0800][56401.812s] GC(557) Old regions: 59->59
[2024-04-08T17:18:58.838+0800][56401.812s] GC(557) Humongous regions: 4->4
[2024-04-08T17:18:58.838+0800][56401.812s] GC(557) Metaspace: 67392K(68224K)->67392K(68224K) NonClass: 59860K(60288K)->59860K(60288K) Class: 7532K(7936K)->7532K(7936K)
[2024-04-08T17:18:58.838+0800][56401.812s] GC(557) Pause Young (Normal) (G1 Evacuation Pause) 369M->63M(512M) 2.867ms
[2024-04-08T17:18:58.838+0800][56401.812s] GC(557) User=0.00s Sys=0.02s Real=0.00s
[2024-04-08T17:19:00.172+0800][56403.146s] GC(558) Pause Young (Normal) (G1 Evacuation Pause)
[2024-04-08T17:19:00.172+0800][56403.146s] GC(558) Using 13 workers of 13 for evacuation
[2024-04-08T17:19:00.174+0800][56403.148s] GC(558)   Pre Evacuate Collection Set: 0.1ms
[2024-04-08T17:19:00.174+0800][56403.148s] GC(558)   Merge Heap Roots: 0.1ms
[2024-04-08T17:19:00.174+0800][56403.148s] GC(558)   Evacuate Collection Set: 1.4ms
[2024-04-08T17:19:00.174+0800][56403.148s] GC(558)   Post Evacuate Collection Set: 0.5ms
[2024-04-08T17:19:00.174+0800][56403.148s] GC(558)   Other: 0.1ms
[2024-04-08T17:19:00.174+0800][56403.148s] GC(558) Eden regions: 305->0(305)
[2024-04-08T17:19:00.174+0800][56403.148s] GC(558) Survivor regions: 2->2(39)
[2024-04-08T17:19:00.174+0800][56403.148s] GC(558) Old regions: 59->59
[2024-04-08T17:19:00.174+0800][56403.148s] GC(558) Humongous regions: 4->4
[2024-04-08T17:19:00.174+0800][56403.148s] GC(558) Metaspace: 67392K(68224K)->67392K(68224K) NonClass: 59860K(60288K)->59860K(60288K) Class: 7532K(7936K)->7532K(7936K)
[2024-04-08T17:19:00.174+0800][56403.148s] GC(558) Pause Young (Normal) (G1 Evacuation Pause) 368M->64M(512M) 2.325ms
[2024-04-08T17:19:00.174+0800][56403.149s] GC(558) User=0.00s Sys=0.00s Real=0.00s
[2024-04-08T17:19:01.431+0800][56404.406s] GC(559) Pause Young (Normal) (G1 Evacuation Pause)
[2024-04-08T17:19:01.431+0800][56404.406s] GC(559) Using 13 workers of 13 for evacuation
[2024-04-08T17:19:01.434+0800][56404.408s] GC(559)   Pre Evacuate Collection Set: 0.2ms
[2024-04-08T17:19:01.434+0800][56404.408s] GC(559)   Merge Heap Roots: 0.1ms
[2024-04-08T17:19:01.434+0800][56404.408s] GC(559)   Evacuate Collection Set: 1.4ms
[2024-04-08T17:19:01.434+0800][56404.408s] GC(559)   Post Evacuate Collection Set: 0.4ms
[2024-04-08T17:19:01.434+0800][56404.408s] GC(559)   Other: 0.1ms
[2024-04-08T17:19:01.434+0800][56404.408s] GC(559) Eden regions: 305->0(305)
[2024-04-08T17:19:01.434+0800][56404.408s] GC(559) Survivor regions: 2->2(39)
[2024-04-08T17:19:01.434+0800][56404.408s] GC(559) Old regions: 59->59
[2024-04-08T17:19:01.434+0800][56404.408s] GC(559) Humongous regions: 4->4
[2024-04-08T17:19:01.434+0800][56404.408s] GC(559) Metaspace: 67392K(68224K)->67392K(68224K) NonClass: 59860K(60288K)->59860K(60288K) Class: 7532K(7936K)->7532K(7936K)
[2024-04-08T17:19:01.434+0800][56404.408s] GC(559) Pause Young (Normal) (G1 Evacuation Pause) 369M->63M(512M) 2.431ms
[2024-04-08T17:19:01.434+0800][56404.408s] GC(559) User=0.02s Sys=0.00s Real=0.00s
[2024-04-08T17:19:02.792+0800][56405.766s] GC(560) Pause Young (Normal) (G1 Evacuation Pause)
[2024-04-08T17:19:02.792+0800][56405.766s] GC(560) Using 13 workers of 13 for evacuation
[2024-04-08T17:19:02.794+0800][56405.769s] GC(560)   Pre Evacuate Collection Set: 0.1ms
[2024-04-08T17:19:02.794+0800][56405.769s] GC(560)   Merge Heap Roots: 0.1ms
[2024-04-08T17:19:02.794+0800][56405.769s] GC(560)   Evacuate Collection Set: 1.8ms
[2024-04-08T17:19:02.794+0800][56405.769s] GC(560)   Post Evacuate Collection Set: 0.6ms
[2024-04-08T17:19:02.794+0800][56405.769s] GC(560)   Other: 0.1ms
[2024-04-08T17:19:02.794+0800][56405.769s] GC(560) Eden regions: 305->0(305)
[2024-04-08T17:19:02.794+0800][56405.769s] GC(560) Survivor regions: 2->2(39)
[2024-04-08T17:19:02.794+0800][56405.769s] GC(560) Old regions: 59->59
[2024-04-08T17:19:02.795+0800][56405.769s] GC(560) Humongous regions: 4->4
[2024-04-08T17:19:02.795+0800][56405.769s] GC(560) Metaspace: 67392K(68224K)->67392K(68224K) NonClass: 59860K(60288K)->59860K(60288K) Class: 7532K(7936K)->7532K(7936K)
[2024-04-08T17:19:02.795+0800][56405.769s] GC(560) Pause Young (Normal) (G1 Evacuation Pause) 368M->64M(512M) 2.954ms
[2024-04-08T17:19:02.795+0800][56405.769s] GC(560) User=0.00s Sys=0.00s Real=0.00s
[2024-04-08T17:19:04.147+0800][56407.122s] GC(561) Pause Young (Normal) (G1 Evacuation Pause)
[2024-04-08T17:19:04.147+0800][56407.122s] GC(561) Using 13 workers of 13 for evacuation
[2024-04-08T17:19:04.150+0800][56407.124s] GC(561)   Pre Evacuate Collection Set: 0.2ms
[2024-04-08T17:19:04.150+0800][56407.124s] GC(561)   Merge Heap Roots: 0.2ms
[2024-04-08T17:19:04.150+0800][56407.124s] GC(561)   Evacuate Collection Set: 1.4ms
[2024-04-08T17:19:04.150+0800][56407.124s] GC(561)   Post Evacuate Collection Set: 0.5ms
[2024-04-08T17:19:04.150+0800][56407.124s] GC(561)   Other: 0.1ms
[2024-04-08T17:19:04.150+0800][56407.125s] GC(561) Eden regions: 305->0(305)
[2024-04-08T17:19:04.150+0800][56407.125s] GC(561) Survivor regions: 2->2(39)
[2024-04-08T17:19:04.150+0800][56407.125s] GC(561) Old regions: 59->59
[2024-04-08T17:19:04.150+0800][56407.125s] GC(561) Humongous regions: 4->4
[2024-04-08T17:19:04.150+0800][56407.125s] GC(561) Metaspace: 67392K(68224K)->67392K(68224K) NonClass: 59860K(60288K)->59860K(60288K) Class: 7532K(7936K)->7532K(7936K)
[2024-04-08T17:19:04.150+0800][56407.125s] GC(561) Pause Young (Normal) (G1 Evacuation Pause) 369M->64M(512M) 2.619ms
[2024-04-08T17:19:04.150+0800][56407.125s] GC(561) User=0.02s Sys=0.00s Real=0.00s
[2024-04-08T17:19:05.444+0800][56408.418s] GC(562) Pause Young (Normal) (G1 Evacuation Pause)
[2024-04-08T17:19:05.444+0800][56408.418s] GC(562) Using 13 workers of 13 for evacuation
[2024-04-08T17:19:05.446+0800][56408.420s] GC(562)   Pre Evacuate Collection Set: 0.2ms
[2024-04-08T17:19:05.446+0800][56408.420s] GC(562)   Merge Heap Roots: 0.1ms
[2024-04-08T17:19:05.446+0800][56408.420s] GC(562)   Evacuate Collection Set: 1.3ms
[2024-04-08T17:19:05.446+0800][56408.420s] GC(562)   Post Evacuate Collection Set: 0.6ms
[2024-04-08T17:19:05.446+0800][56408.420s] GC(562)   Other: 0.1ms
[2024-04-08T17:19:05.446+0800][56408.420s] GC(562) Eden regions: 305->0(305)
[2024-04-08T17:19:05.446+0800][56408.420s] GC(562) Survivor regions: 2->2(39)
[2024-04-08T17:19:05.446+0800][56408.420s] GC(562) Old regions: 59->59
[2024-04-08T17:19:05.446+0800][56408.420s] GC(562) Humongous regions: 4->4
[2024-04-08T17:19:05.446+0800][56408.420s] GC(562) Metaspace: 67392K(68224K)->67392K(68224K) NonClass: 59860K(60288K)->59860K(60288K) Class: 7532K(7936K)->7532K(7936K)
[2024-04-08T17:19:05.446+0800][56408.420s] GC(562) Pause Young (Normal) (G1 Evacuation Pause) 369M->63M(512M) 2.502ms
[2024-04-08T17:19:05.446+0800][56408.420s] GC(562) User=0.00s Sys=0.00s Real=0.00s
[2024-04-08T17:19:06.755+0800][56409.729s] GC(563) Pause Young (Normal) (G1 Evacuation Pause)
[2024-04-08T17:19:06.755+0800][56409.729s] GC(563) Using 13 workers of 13 for evacuation
[2024-04-08T17:19:06.757+0800][56409.731s] GC(563)   Pre Evacuate Collection Set: 0.2ms
[2024-04-08T17:19:06.757+0800][56409.731s] GC(563)   Merge Heap Roots: 0.1ms
[2024-04-08T17:19:06.757+0800][56409.731s] GC(563)   Evacuate Collection Set: 1.4ms
[2024-04-08T17:19:06.757+0800][56409.731s] GC(563)   Post Evacuate Collection Set: 0.5ms
[2024-04-08T17:19:06.757+0800][56409.731s] GC(563)   Other: 0.1ms
[2024-04-08T17:19:06.757+0800][56409.731s] GC(563) Eden regions: 305->0(305)
[2024-04-08T17:19:06.757+0800][56409.731s] GC(563) Survivor regions: 2->2(39)
[2024-04-08T17:19:06.757+0800][56409.731s] GC(563) Old regions: 59->59
[2024-04-08T17:19:06.757+0800][56409.731s] GC(563) Humongous regions: 4->4
[2024-04-08T17:19:06.757+0800][56409.731s] GC(563) Metaspace: 67392K(68224K)->67392K(68224K) NonClass: 59860K(60288K)->59860K(60288K) Class: 7532K(7936K)->7532K(7936K)
[2024-04-08T17:19:06.757+0800][56409.731s] GC(563) Pause Young (Normal) (G1 Evacuation Pause) 368M->63M(512M) 2.387ms
[2024-04-08T17:19:06.757+0800][56409.732s] GC(563) User=0.00s Sys=0.00s Real=0.00s
[2024-04-08T17:19:08.139+0800][56411.113s] GC(564) Pause Young (Normal) (G1 Evacuation Pause)
[2024-04-08T17:19:08.139+0800][56411.113s] GC(564) Using 13 workers of 13 for evacuation
[2024-04-08T17:19:08.143+0800][56411.117s] GC(564)   Pre Evacuate Collection Set: 0.2ms
[2024-04-08T17:19:08.143+0800][56411.117s] GC(564)   Merge Heap Roots: 0.1ms
[2024-04-08T17:19:08.143+0800][56411.117s] GC(564)   Evacuate Collection Set: 2.5ms
[2024-04-08T17:19:08.143+0800][56411.117s] GC(564)   Post Evacuate Collection Set: 0.6ms
[2024-04-08T17:19:08.143+0800][56411.117s] GC(564)   Other: 0.1ms
[2024-04-08T17:19:08.143+0800][56411.117s] GC(564) Eden regions: 305->0(305)
[2024-04-08T17:19:08.143+0800][56411.117s] GC(564) Survivor regions: 2->2(39)
[2024-04-08T17:19:08.143+0800][56411.117s] GC(564) Old regions: 59->59
[2024-04-08T17:19:08.143+0800][56411.117s] GC(564) Humongous regions: 4->4
[2024-04-08T17:19:08.143+0800][56411.117s] GC(564) Metaspace: 67392K(68224K)->67392K(68224K) NonClass: 59860K(60288K)->59860K(60288K) Class: 7532K(7936K)->7532K(7936K)
[2024-04-08T17:19:08.143+0800][56411.117s] GC(564) Pause Young (Normal) (G1 Evacuation Pause) 368M->64M(512M) 3.867ms
[2024-04-08T17:19:08.143+0800][56411.117s] GC(564) User=0.00s Sys=0.00s Real=0.00s
[2024-04-08T17:19:09.469+0800][56412.443s] GC(565) Pause Young (Normal) (G1 Evacuation Pause)
[2024-04-08T17:19:09.469+0800][56412.443s] GC(565) Using 13 workers of 13 for evacuation
[2024-04-08T17:19:09.471+0800][56412.445s] GC(565)   Pre Evacuate Collection Set: 0.2ms
[2024-04-08T17:19:09.471+0800][56412.445s] GC(565)   Merge Heap Roots: 0.2ms
[2024-04-08T17:19:09.471+0800][56412.445s] GC(565)   Evacuate Collection Set: 1.4ms
[2024-04-08T17:19:09.471+0800][56412.445s] GC(565)   Post Evacuate Collection Set: 0.6ms
[2024-04-08T17:19:09.471+0800][56412.445s] GC(565)   Other: 0.1ms
[2024-04-08T17:19:09.471+0800][56412.445s] GC(565) Eden regions: 305->0(305)
[2024-04-08T17:19:09.471+0800][56412.445s] GC(565) Survivor regions: 2->2(39)
[2024-04-08T17:19:09.471+0800][56412.445s] GC(565) Old regions: 59->59
[2024-04-08T17:19:09.471+0800][56412.445s] GC(565) Humongous regions: 4->4
[2024-04-08T17:19:09.471+0800][56412.446s] GC(565) Metaspace: 67392K(68224K)->67392K(68224K) NonClass: 59860K(60288K)->59860K(60288K) Class: 7532K(7936K)->7532K(7936K)
[2024-04-08T17:19:09.471+0800][56412.446s] GC(565) Pause Young (Normal) (G1 Evacuation Pause) 369M->63M(512M) 2.728ms
[2024-04-08T17:19:09.472+0800][56412.446s] GC(565) User=0.00s Sys=0.00s Real=0.00s
[2024-04-08T17:19:10.789+0800][56413.763s] GC(566) Pause Young (Normal) (G1 Evacuation Pause)
[2024-04-08T17:19:10.789+0800][56413.763s] GC(566) Using 13 workers of 13 for evacuation
[2024-04-08T17:19:10.792+0800][56413.766s] GC(566)   Pre Evacuate Collection Set: 0.2ms
[2024-04-08T17:19:10.792+0800][56413.766s] GC(566)   Merge Heap Roots: 0.1ms
[2024-04-08T17:19:10.792+0800][56413.766s] GC(566)   Evacuate Collection Set: 2.0ms
[2024-04-08T17:19:10.792+0800][56413.766s] GC(566)   Post Evacuate Collection Set: 0.6ms
[2024-04-08T17:19:10.792+0800][56413.766s] GC(566)   Other: 0.1ms
[2024-04-08T17:19:10.792+0800][56413.766s] GC(566) Eden regions: 305->0(305)
[2024-04-08T17:19:10.792+0800][56413.766s] GC(566) Survivor regions: 2->2(39)
[2024-04-08T17:19:10.792+0800][56413.766s] GC(566) Old regions: 59->59
[2024-04-08T17:19:10.792+0800][56413.766s] GC(566) Humongous regions: 4->4
[2024-04-08T17:19:10.792+0800][56413.766s] GC(566) Metaspace: 67392K(68224K)->67392K(68224K) NonClass: 59860K(60288K)->59860K(60288K) Class: 7532K(7936K)->7532K(7936K)
[2024-04-08T17:19:10.792+0800][56413.766s] GC(566) Pause Young (Normal) (G1 Evacuation Pause) 368M->64M(512M) 3.288ms
[2024-04-08T17:19:10.792+0800][56413.766s] GC(566) User=0.03s Sys=0.00s Real=0.00s
[2024-04-08T17:19:12.076+0800][56415.051s] GC(567) Pause Young (Normal) (G1 Evacuation Pause)
[2024-04-08T17:19:12.076+0800][56415.051s] GC(567) Using 13 workers of 13 for evacuation
[2024-04-08T17:19:12.078+0800][56415.053s] GC(567)   Pre Evacuate Collection Set: 0.1ms
[2024-04-08T17:19:12.078+0800][56415.053s] GC(567)   Merge Heap Roots: 0.1ms
[2024-04-08T17:19:12.078+0800][56415.053s] GC(567)   Evacuate Collection Set: 1.2ms
[2024-04-08T17:19:12.078+0800][56415.053s] GC(567)   Post Evacuate Collection Set: 0.5ms
[2024-04-08T17:19:12.078+0800][56415.053s] GC(567)   Other: 0.1ms
[2024-04-08T17:19:12.078+0800][56415.053s] GC(567) Eden regions: 305->0(305)
[2024-04-08T17:19:12.078+0800][56415.053s] GC(567) Survivor regions: 2->2(39)
[2024-04-08T17:19:12.078+0800][56415.053s] GC(567) Old regions: 59->59
[2024-04-08T17:19:12.078+0800][56415.053s] GC(567) Humongous regions: 4->4
[2024-04-08T17:19:12.078+0800][56415.053s] GC(567) Metaspace: 67392K(68224K)->67392K(68224K) NonClass: 59860K(60288K)->59860K(60288K) Class: 7532K(7936K)->7532K(7936K)
[2024-04-08T17:19:12.078+0800][56415.053s] GC(567) Pause Young (Normal) (G1 Evacuation Pause) 369M->63M(512M) 2.275ms
[2024-04-08T17:19:12.078+0800][56415.053s] GC(567) User=0.00s Sys=0.00s Real=0.00s
[2024-04-08T17:19:13.418+0800][56416.393s] GC(568) Pause Young (Normal) (G1 Evacuation Pause)
[2024-04-08T17:19:13.418+0800][56416.393s] GC(568) Using 13 workers of 13 for evacuation
[2024-04-08T17:19:13.421+0800][56416.396s] GC(568)   Pre Evacuate Collection Set: 0.1ms
[2024-04-08T17:19:13.421+0800][56416.396s] GC(568)   Merge Heap Roots: 0.1ms
[2024-04-08T17:19:13.421+0800][56416.396s] GC(568)   Evacuate Collection Set: 1.5ms
[2024-04-08T17:19:13.421+0800][56416.396s] GC(568)   Post Evacuate Collection Set: 0.5ms
[2024-04-08T17:19:13.421+0800][56416.396s] GC(568)   Other: 0.1ms
[2024-04-08T17:19:13.421+0800][56416.396s] GC(568) Eden regions: 305->0(305)
[2024-04-08T17:19:13.421+0800][56416.396s] GC(568) Survivor regions: 2->2(39)
[2024-04-08T17:19:13.421+0800][56416.396s] GC(568) Old regions: 59->59
[2024-04-08T17:19:13.421+0800][56416.396s] GC(568) Humongous regions: 4->4
[2024-04-08T17:19:13.421+0800][56416.396s] GC(568) Metaspace: 67392K(68224K)->67392K(68224K) NonClass: 59860K(60288K)->59860K(60288K) Class: 7532K(7936K)->7532K(7936K)
[2024-04-08T17:19:13.421+0800][56416.396s] GC(568) Pause Young (Normal) (G1 Evacuation Pause) 368M->63M(512M) 2.541ms
[2024-04-08T17:19:13.421+0800][56416.396s] GC(568) User=0.00s Sys=0.00s Real=0.00s
[2024-04-08T17:19:14.720+0800][56417.694s] GC(569) Pause Young (Normal) (G1 Evacuation Pause)
[2024-04-08T17:19:14.720+0800][56417.694s] GC(569) Using 13 workers of 13 for evacuation
[2024-04-08T17:19:14.722+0800][56417.697s] GC(569)   Pre Evacuate Collection Set: 0.2ms
[2024-04-08T17:19:14.722+0800][56417.697s] GC(569)   Merge Heap Roots: 0.2ms
[2024-04-08T17:19:14.722+0800][56417.697s] GC(569)   Evacuate Collection Set: 1.4ms
[2024-04-08T17:19:14.722+0800][56417.697s] GC(569)   Post Evacuate Collection Set: 0.4ms
[2024-04-08T17:19:14.722+0800][56417.697s] GC(569)   Other: 0.2ms
[2024-04-08T17:19:14.723+0800][56417.697s] GC(569) Eden regions: 305->0(305)
[2024-04-08T17:19:14.723+0800][56417.697s] GC(569) Survivor regions: 2->2(39)
[2024-04-08T17:19:14.723+0800][56417.697s] GC(569) Old regions: 59->59
[2024-04-08T17:19:14.723+0800][56417.697s] GC(569) Humongous regions: 4->4
[2024-04-08T17:19:14.723+0800][56417.697s] GC(569) Metaspace: 67392K(68224K)->67392K(68224K) NonClass: 59860K(60288K)->59860K(60288K) Class: 7532K(7936K)->7532K(7936K)
[2024-04-08T17:19:14.723+0800][56417.697s] GC(569) Pause Young (Normal) (G1 Evacuation Pause) 368M->64M(512M) 2.599ms
[2024-04-08T17:19:14.723+0800][56417.697s] GC(569) User=0.00s Sys=0.00s Real=0.00s
[2024-04-08T17:19:16.016+0800][56418.990s] GC(570) Pause Young (Normal) (G1 Evacuation Pause)
[2024-04-08T17:19:16.016+0800][56418.991s] GC(570) Using 13 workers of 13 for evacuation
[2024-04-08T17:19:16.018+0800][56418.993s] GC(570)   Pre Evacuate Collection Set: 0.1ms
[2024-04-08T17:19:16.018+0800][56418.993s] GC(570)   Merge Heap Roots: 0.1ms
[2024-04-08T17:19:16.018+0800][56418.993s] GC(570)   Evacuate Collection Set: 1.2ms
[2024-04-08T17:19:16.018+0800][56418.993s] GC(570)   Post Evacuate Collection Set: 0.7ms
[2024-04-08T17:19:16.018+0800][56418.993s] GC(570)   Other: 0.1ms
[2024-04-08T17:19:16.018+0800][56418.993s] GC(570) Eden regions: 305->0(305)
[2024-04-08T17:19:16.018+0800][56418.993s] GC(570) Survivor regions: 2->2(39)
[2024-04-08T17:19:16.018+0800][56418.993s] GC(570) Old regions: 59->59
[2024-04-08T17:19:16.018+0800][56418.993s] GC(570) Humongous regions: 4->4
[2024-04-08T17:19:16.019+0800][56418.993s] GC(570) Metaspace: 67392K(68224K)->67392K(68224K) NonClass: 59860K(60288K)->59860K(60288K) Class: 7532K(7936K)->7532K(7936K)
[2024-04-08T17:19:16.019+0800][56418.993s] GC(570) Pause Young (Normal) (G1 Evacuation Pause) 369M->64M(512M) 2.373ms
[2024-04-08T17:19:16.019+0800][56418.993s] GC(570) User=0.00s Sys=0.00s Real=0.00s
[2024-04-08T17:19:17.367+0800][56420.342s] GC(571) Pause Young (Normal) (G1 Evacuation Pause)
[2024-04-08T17:19:17.367+0800][56420.342s] GC(571) Using 13 workers of 13 for evacuation
[2024-04-08T17:19:17.369+0800][56420.344s] GC(571)   Pre Evacuate Collection Set: 0.2ms
[2024-04-08T17:19:17.369+0800][56420.344s] GC(571)   Merge Heap Roots: 0.1ms
[2024-04-08T17:19:17.370+0800][56420.344s] GC(571)   Evacuate Collection Set: 1.3ms
[2024-04-08T17:19:17.370+0800][56420.344s] GC(571)   Post Evacuate Collection Set: 0.5ms
[2024-04-08T17:19:17.370+0800][56420.344s] GC(571)   Other: 0.1ms
[2024-04-08T17:19:17.370+0800][56420.344s] GC(571) Eden regions: 305->0(305)
[2024-04-08T17:19:17.370+0800][56420.344s] GC(571) Survivor regions: 2->2(39)
[2024-04-08T17:19:17.370+0800][56420.344s] GC(571) Old regions: 59->59
[2024-04-08T17:19:17.370+0800][56420.344s] GC(571) Humongous regions: 4->4
[2024-04-08T17:19:17.370+0800][56420.344s] GC(571) Metaspace: 67392K(68224K)->67392K(68224K) NonClass: 59860K(60288K)->59860K(60288K) Class: 7532K(7936K)->7532K(7936K)
[2024-04-08T17:19:17.370+0800][56420.344s] GC(571) Pause Young (Normal) (G1 Evacuation Pause) 369M->64M(512M) 2.436ms
[2024-04-08T17:19:17.370+0800][56420.344s] GC(571) User=0.03s Sys=0.00s Real=0.00s
[2024-04-08T17:19:18.698+0800][56421.672s] GC(572) Pause Young (Normal) (G1 Evacuation Pause)
[2024-04-08T17:19:18.698+0800][56421.672s] GC(572) Using 13 workers of 13 for evacuation
[2024-04-08T17:19:18.701+0800][56421.675s] GC(572)   Pre Evacuate Collection Set: 0.2ms
[2024-04-08T17:19:18.701+0800][56421.675s] GC(572)   Merge Heap Roots: 0.1ms
[2024-04-08T17:19:18.701+0800][56421.675s] GC(572)   Evacuate Collection Set: 1.8ms
[2024-04-08T17:19:18.701+0800][56421.675s] GC(572)   Post Evacuate Collection Set: 0.6ms
[2024-04-08T17:19:18.701+0800][56421.675s] GC(572)   Other: 0.1ms
[2024-04-08T17:19:18.701+0800][56421.675s] GC(572) Eden regions: 305->0(305)
[2024-04-08T17:19:18.701+0800][56421.675s] GC(572) Survivor regions: 2->2(39)
[2024-04-08T17:19:18.701+0800][56421.675s] GC(572) Old regions: 59->59
[2024-04-08T17:19:18.701+0800][56421.675s] GC(572) Humongous regions: 4->4
[2024-04-08T17:19:18.701+0800][56421.675s] GC(572) Metaspace: 67392K(68224K)->67392K(68224K) NonClass: 59860K(60288K)->59860K(60288K) Class: 7532K(7936K)->7532K(7936K)
[2024-04-08T17:19:18.701+0800][56421.675s] GC(572) Pause Young (Normal) (G1 Evacuation Pause) 369M->64M(512M) 3.088ms
[2024-04-08T17:19:18.701+0800][56421.676s] GC(572) User=0.00s Sys=0.00s Real=0.00s
[2024-04-08T17:19:20.020+0800][56422.995s] GC(573) Pause Young (Normal) (G1 Evacuation Pause)
[2024-04-08T17:19:20.020+0800][56422.995s] GC(573) Using 13 workers of 13 for evacuation
[2024-04-08T17:19:20.023+0800][56422.998s] GC(573)   Pre Evacuate Collection Set: 0.2ms
[2024-04-08T17:19:20.023+0800][56422.998s] GC(573)   Merge Heap Roots: 0.1ms
[2024-04-08T17:19:20.023+0800][56422.998s] GC(573)   Evacuate Collection Set: 1.4ms
[2024-04-08T17:19:20.023+0800][56422.998s] GC(573)   Post Evacuate Collection Set: 0.7ms
[2024-04-08T17:19:20.023+0800][56422.998s] GC(573)   Other: 0.1ms
[2024-04-08T17:19:20.023+0800][56422.998s] GC(573) Eden regions: 305->0(305)
[2024-04-08T17:19:20.023+0800][56422.998s] GC(573) Survivor regions: 2->2(39)
[2024-04-08T17:19:20.023+0800][56422.998s] GC(573) Old regions: 59->59
[2024-04-08T17:19:20.023+0800][56422.998s] GC(573) Humongous regions: 4->4
[2024-04-08T17:19:20.023+0800][56422.998s] GC(573) Metaspace: 67392K(68224K)->67392K(68224K) NonClass: 59860K(60288K)->59860K(60288K) Class: 7532K(7936K)->7532K(7936K)
[2024-04-08T17:19:20.023+0800][56422.998s] GC(573) Pause Young (Normal) (G1 Evacuation Pause) 369M->64M(512M) 2.699ms
[2024-04-08T17:19:20.023+0800][56422.998s] GC(573) User=0.00s Sys=0.00s Real=0.00s
[2024-04-08T17:19:21.331+0800][56424.306s] GC(574) Pause Young (Normal) (G1 Evacuation Pause)
[2024-04-08T17:19:21.331+0800][56424.306s] GC(574) Using 13 workers of 13 for evacuation
[2024-04-08T17:19:21.334+0800][56424.309s] GC(574)   Pre Evacuate Collection Set: 0.2ms
[2024-04-08T17:19:21.334+0800][56424.309s] GC(574)   Merge Heap Roots: 0.2ms
[2024-04-08T17:19:21.334+0800][56424.309s] GC(574)   Evacuate Collection Set: 1.5ms
[2024-04-08T17:19:21.334+0800][56424.309s] GC(574)   Post Evacuate Collection Set: 0.7ms
[2024-04-08T17:19:21.334+0800][56424.309s] GC(574)   Other: 0.1ms
[2024-04-08T17:19:21.334+0800][56424.309s] GC(574) Eden regions: 305->0(305)
[2024-04-08T17:19:21.334+0800][56424.309s] GC(574) Survivor regions: 2->2(39)
[2024-04-08T17:19:21.334+0800][56424.309s] GC(574) Old regions: 59->59
[2024-04-08T17:19:21.334+0800][56424.309s] GC(574) Humongous regions: 4->4
[2024-04-08T17:19:21.334+0800][56424.309s] GC(574) Metaspace: 67392K(68224K)->67392K(68224K) NonClass: 59860K(60288K)->59860K(60288K) Class: 7532K(7936K)->7532K(7936K)
[2024-04-08T17:19:21.334+0800][56424.309s] GC(574) Pause Young (Normal) (G1 Evacuation Pause) 369M->64M(512M) 2.889ms
[2024-04-08T17:19:21.334+0800][56424.309s] GC(574) User=0.00s Sys=0.00s Real=0.00s
[2024-04-08T17:19:22.628+0800][56425.603s] GC(575) Pause Young (Normal) (G1 Evacuation Pause)
[2024-04-08T17:19:22.628+0800][56425.603s] GC(575) Using 13 workers of 13 for evacuation
[2024-04-08T17:19:22.630+0800][56425.605s] GC(575)   Pre Evacuate Collection Set: 0.2ms
[2024-04-08T17:19:22.631+0800][56425.605s] GC(575)   Merge Heap Roots: 0.1ms
[2024-04-08T17:19:22.631+0800][56425.605s] GC(575)   Evacuate Collection Set: 1.4ms
[2024-04-08T17:19:22.631+0800][56425.605s] GC(575)   Post Evacuate Collection Set: 0.7ms
[2024-04-08T17:19:22.631+0800][56425.605s] GC(575)   Other: 0.1ms
[2024-04-08T17:19:22.631+0800][56425.605s] GC(575) Eden regions: 305->0(305)
[2024-04-08T17:19:22.631+0800][56425.605s] GC(575) Survivor regions: 2->2(39)
[2024-04-08T17:19:22.631+0800][56425.606s] GC(575) Old regions: 59->59
[2024-04-08T17:19:22.631+0800][56425.606s] GC(575) Humongous regions: 4->4
[2024-04-08T17:19:22.631+0800][56425.606s] GC(575) Metaspace: 67392K(68224K)->67392K(68224K) NonClass: 59860K(60288K)->59860K(60288K) Class: 7532K(7936K)->7532K(7936K)
[2024-04-08T17:19:22.631+0800][56425.606s] GC(575) Pause Young (Normal) (G1 Evacuation Pause) 369M->64M(512M) 2.701ms
[2024-04-08T17:19:22.631+0800][56425.606s] GC(575) User=0.00s Sys=0.00s Real=0.00s
[2024-04-08T17:19:23.923+0800][56426.898s] GC(576) Pause Young (Normal) (G1 Evacuation Pause)
[2024-04-08T17:19:23.924+0800][56426.898s] GC(576) Using 13 workers of 13 for evacuation
[2024-04-08T17:19:23.926+0800][56426.901s] GC(576)   Pre Evacuate Collection Set: 0.2ms
[2024-04-08T17:19:23.926+0800][56426.901s] GC(576)   Merge Heap Roots: 0.2ms
[2024-04-08T17:19:23.926+0800][56426.901s] GC(576)   Evacuate Collection Set: 1.3ms
[2024-04-08T17:19:23.926+0800][56426.901s] GC(576)   Post Evacuate Collection Set: 0.7ms
[2024-04-08T17:19:23.926+0800][56426.901s] GC(576)   Other: 0.1ms
[2024-04-08T17:19:23.926+0800][56426.901s] GC(576) Eden regions: 305->0(305)
[2024-04-08T17:19:23.926+0800][56426.901s] GC(576) Survivor regions: 2->2(39)
[2024-04-08T17:19:23.926+0800][56426.901s] GC(576) Old regions: 59->59
[2024-04-08T17:19:23.926+0800][56426.901s] GC(576) Humongous regions: 4->4
[2024-04-08T17:19:23.926+0800][56426.901s] GC(576) Metaspace: 67392K(68224K)->67392K(68224K) NonClass: 59860K(60288K)->59860K(60288K) Class: 7532K(7936K)->7532K(7936K)
[2024-04-08T17:19:23.926+0800][56426.901s] GC(576) Pause Young (Normal) (G1 Evacuation Pause) 369M->64M(512M) 2.627ms
[2024-04-08T17:19:23.926+0800][56426.901s] GC(576) User=0.00s Sys=0.00s Real=0.00s
[2024-04-08T17:19:25.252+0800][56428.226s] GC(577) Pause Young (Normal) (G1 Evacuation Pause)
[2024-04-08T17:19:25.252+0800][56428.226s] GC(577) Using 13 workers of 13 for evacuation
[2024-04-08T17:19:25.254+0800][56428.228s] GC(577)   Pre Evacuate Collection Set: 0.2ms
[2024-04-08T17:19:25.254+0800][56428.228s] GC(577)   Merge Heap Roots: 0.1ms
[2024-04-08T17:19:25.254+0800][56428.228s] GC(577)   Evacuate Collection Set: 1.2ms
[2024-04-08T17:19:25.254+0800][56428.228s] GC(577)   Post Evacuate Collection Set: 0.6ms
[2024-04-08T17:19:25.254+0800][56428.229s] GC(577)   Other: 0.1ms
[2024-04-08T17:19:25.254+0800][56428.229s] GC(577) Eden regions: 305->0(305)
[2024-04-08T17:19:25.254+0800][56428.229s] GC(577) Survivor regions: 2->2(39)
[2024-04-08T17:19:25.254+0800][56428.229s] GC(577) Old regions: 59->59
[2024-04-08T17:19:25.254+0800][56428.229s] GC(577) Humongous regions: 4->4
[2024-04-08T17:19:25.254+0800][56428.229s] GC(577) Metaspace: 67392K(68224K)->67392K(68224K) NonClass: 59860K(60288K)->59860K(60288K) Class: 7532K(7936K)->7532K(7936K)
[2024-04-08T17:19:25.254+0800][56428.229s] GC(577) Pause Young (Normal) (G1 Evacuation Pause) 369M->64M(512M) 2.295ms
[2024-04-08T17:19:25.254+0800][56428.229s] GC(577) User=0.00s Sys=0.00s Real=0.00s
[2024-04-08T17:19:26.579+0800][56429.553s] GC(578) Pause Young (Normal) (G1 Evacuation Pause)
[2024-04-08T17:19:26.579+0800][56429.553s] GC(578) Using 13 workers of 13 for evacuation
[2024-04-08T17:19:26.581+0800][56429.555s] GC(578)   Pre Evacuate Collection Set: 0.2ms
[2024-04-08T17:19:26.581+0800][56429.555s] GC(578)   Merge Heap Roots: 0.1ms
[2024-04-08T17:19:26.581+0800][56429.555s] GC(578)   Evacuate Collection Set: 1.3ms
[2024-04-08T17:19:26.581+0800][56429.555s] GC(578)   Post Evacuate Collection Set: 0.6ms
[2024-04-08T17:19:26.581+0800][56429.555s] GC(578)   Other: 0.1ms
[2024-04-08T17:19:26.581+0800][56429.555s] GC(578) Eden regions: 305->0(305)
[2024-04-08T17:19:26.581+0800][56429.556s] GC(578) Survivor regions: 2->2(39)
[2024-04-08T17:19:26.581+0800][56429.556s] GC(578) Old regions: 59->59
[2024-04-08T17:19:26.581+0800][56429.556s] GC(578) Humongous regions: 4->4
[2024-04-08T17:19:26.581+0800][56429.556s] GC(578) Metaspace: 67392K(68224K)->67392K(68224K) NonClass: 59860K(60288K)->59860K(60288K) Class: 7532K(7936K)->7532K(7936K)
[2024-04-08T17:19:26.581+0800][56429.556s] GC(578) Pause Young (Normal) (G1 Evacuation Pause) 369M->64M(512M) 2.434ms
[2024-04-08T17:19:26.581+0800][56429.556s] GC(578) User=0.00s Sys=0.00s Real=0.00s
[2024-04-08T17:19:27.925+0800][56430.899s] GC(579) Pause Young (Normal) (G1 Evacuation Pause)
[2024-04-08T17:19:27.925+0800][56430.900s] GC(579) Using 13 workers of 13 for evacuation
[2024-04-08T17:19:27.928+0800][56430.902s] GC(579)   Pre Evacuate Collection Set: 0.2ms
[2024-04-08T17:19:27.928+0800][56430.902s] GC(579)   Merge Heap Roots: 0.2ms
[2024-04-08T17:19:27.928+0800][56430.902s] GC(579)   Evacuate Collection Set: 1.4ms
[2024-04-08T17:19:27.928+0800][56430.902s] GC(579)   Post Evacuate Collection Set: 0.6ms
[2024-04-08T17:19:27.928+0800][56430.902s] GC(579)   Other: 0.1ms
[2024-04-08T17:19:27.928+0800][56430.902s] GC(579) Eden regions: 305->0(305)
[2024-04-08T17:19:27.928+0800][56430.902s] GC(579) Survivor regions: 2->2(39)
[2024-04-08T17:19:27.928+0800][56430.902s] GC(579) Old regions: 59->59
[2024-04-08T17:19:27.928+0800][56430.902s] GC(579) Humongous regions: 4->4
[2024-04-08T17:19:27.928+0800][56430.902s] GC(579) Metaspace: 67392K(68224K)->67392K(68224K) NonClass: 59860K(60288K)->59860K(60288K) Class: 7532K(7936K)->7532K(7936K)
[2024-04-08T17:19:27.928+0800][56430.902s] GC(579) Pause Young (Normal) (G1 Evacuation Pause) 369M->64M(512M) 2.694ms
[2024-04-08T17:19:27.928+0800][56430.902s] GC(579) User=0.00s Sys=0.00s Real=0.00s
[2024-04-08T17:19:29.186+0800][56432.161s] GC(580) Pause Young (Normal) (G1 Evacuation Pause)
[2024-04-08T17:19:29.186+0800][56432.161s] GC(580) Using 13 workers of 13 for evacuation
[2024-04-08T17:19:29.189+0800][56432.163s] GC(580)   Pre Evacuate Collection Set: 0.2ms
[2024-04-08T17:19:29.189+0800][56432.163s] GC(580)   Merge Heap Roots: 0.1ms
[2024-04-08T17:19:29.189+0800][56432.163s] GC(580)   Evacuate Collection Set: 1.4ms
[2024-04-08T17:19:29.189+0800][56432.163s] GC(580)   Post Evacuate Collection Set: 0.4ms
[2024-04-08T17:19:29.189+0800][56432.163s] GC(580)   Other: 0.1ms
[2024-04-08T17:19:29.189+0800][56432.163s] GC(580) Eden regions: 305->0(305)
[2024-04-08T17:19:29.189+0800][56432.163s] GC(580) Survivor regions: 2->2(39)
[2024-04-08T17:19:29.189+0800][56432.163s] GC(580) Old regions: 59->59
[2024-04-08T17:19:29.189+0800][56432.163s] GC(580) Humongous regions: 4->4
[2024-04-08T17:19:29.189+0800][56432.163s] GC(580) Metaspace: 67392K(68224K)->67392K(68224K) NonClass: 59860K(60288K)->59860K(60288K) Class: 7532K(7936K)->7532K(7936K)
[2024-04-08T17:19:29.189+0800][56432.163s] GC(580) Pause Young (Normal) (G1 Evacuation Pause) 369M->64M(512M) 2.401ms
[2024-04-08T17:19:29.189+0800][56432.163s] GC(580) User=0.00s Sys=0.00s Real=0.00s
[2024-04-08T17:19:30.497+0800][56433.472s] GC(581) Pause Young (Normal) (G1 Evacuation Pause)
[2024-04-08T17:19:30.497+0800][56433.472s] GC(581) Using 13 workers of 13 for evacuation
[2024-04-08T17:19:30.500+0800][56433.474s] GC(581)   Pre Evacuate Collection Set: 0.2ms
[2024-04-08T17:19:30.500+0800][56433.475s] GC(581)   Merge Heap Roots: 0.1ms
[2024-04-08T17:19:30.500+0800][56433.475s] GC(581)   Evacuate Collection Set: 1.6ms
[2024-04-08T17:19:30.500+0800][56433.475s] GC(581)   Post Evacuate Collection Set: 0.6ms
[2024-04-08T17:19:30.500+0800][56433.475s] GC(581)   Other: 0.1ms
[2024-04-08T17:19:30.500+0800][56433.475s] GC(581) Eden regions: 305->0(305)
[2024-04-08T17:19:30.500+0800][56433.475s] GC(581) Survivor regions: 2->2(39)
[2024-04-08T17:19:30.500+0800][56433.475s] GC(581) Old regions: 59->59
[2024-04-08T17:19:30.500+0800][56433.475s] GC(581) Humongous regions: 4->4
[2024-04-08T17:19:30.500+0800][56433.475s] GC(581) Metaspace: 67392K(68224K)->67392K(68224K) NonClass: 59860K(60288K)->59860K(60288K) Class: 7532K(7936K)->7532K(7936K)
[2024-04-08T17:19:30.500+0800][56433.475s] GC(581) Pause Young (Normal) (G1 Evacuation Pause) 369M->64M(512M) 2.864ms
[2024-04-08T17:19:30.500+0800][56433.475s] GC(581) User=0.00s Sys=0.00s Real=0.00s
[2024-04-08T17:19:31.820+0800][56434.795s] GC(582) Pause Young (Normal) (G1 Evacuation Pause)
[2024-04-08T17:19:31.820+0800][56434.795s] GC(582) Using 13 workers of 13 for evacuation
[2024-04-08T17:19:31.823+0800][56434.798s] GC(582)   Pre Evacuate Collection Set: 0.2ms
[2024-04-08T17:19:31.823+0800][56434.798s] GC(582)   Merge Heap Roots: 0.2ms
[2024-04-08T17:19:31.823+0800][56434.798s] GC(582)   Evacuate Collection Set: 1.7ms
[2024-04-08T17:19:31.823+0800][56434.798s] GC(582)   Post Evacuate Collection Set: 0.6ms
[2024-04-08T17:19:31.823+0800][56434.798s] GC(582)   Other: 0.1ms
[2024-04-08T17:19:31.823+0800][56434.798s] GC(582) Eden regions: 305->0(305)
[2024-04-08T17:19:31.823+0800][56434.798s] GC(582) Survivor regions: 2->2(39)
[2024-04-08T17:19:31.823+0800][56434.798s] GC(582) Old regions: 59->59
[2024-04-08T17:19:31.823+0800][56434.798s] GC(582) Humongous regions: 4->4
[2024-04-08T17:19:31.823+0800][56434.798s] GC(582) Metaspace: 67392K(68224K)->67392K(68224K) NonClass: 59860K(60288K)->59860K(60288K) Class: 7532K(7936K)->7532K(7936K)
[2024-04-08T17:19:31.823+0800][56434.798s] GC(582) Pause Young (Normal) (G1 Evacuation Pause) 369M->64M(512M) 2.999ms
[2024-04-08T17:19:31.823+0800][56434.798s] GC(582) User=0.05s Sys=0.00s Real=0.00s
[2024-04-08T17:19:33.153+0800][56436.128s] GC(583) Pause Young (Normal) (G1 Evacuation Pause)
[2024-04-08T17:19:33.153+0800][56436.128s] GC(583) Using 13 workers of 13 for evacuation
[2024-04-08T17:19:33.155+0800][56436.130s] GC(583)   Pre Evacuate Collection Set: 0.2ms
[2024-04-08T17:19:33.155+0800][56436.130s] GC(583)   Merge Heap Roots: 0.2ms
[2024-04-08T17:19:33.155+0800][56436.130s] GC(583)   Evacuate Collection Set: 1.2ms
[2024-04-08T17:19:33.155+0800][56436.130s] GC(583)   Post Evacuate Collection Set: 0.7ms
[2024-04-08T17:19:33.155+0800][56436.130s] GC(583)   Other: 0.1ms
[2024-04-08T17:19:33.155+0800][56436.130s] GC(583) Eden regions: 305->0(305)
[2024-04-08T17:19:33.155+0800][56436.130s] GC(583) Survivor regions: 2->2(39)
[2024-04-08T17:19:33.155+0800][56436.130s] GC(583) Old regions: 59->60
[2024-04-08T17:19:33.155+0800][56436.130s] GC(583) Humongous regions: 4->4
[2024-04-08T17:19:33.155+0800][56436.130s] GC(583) Metaspace: 67392K(68224K)->67392K(68224K) NonClass: 59860K(60288K)->59860K(60288K) Class: 7532K(7936K)->7532K(7936K)
[2024-04-08T17:19:33.155+0800][56436.130s] GC(583) Pause Young (Normal) (G1 Evacuation Pause) 369M->64M(512M) 2.597ms
[2024-04-08T17:19:33.155+0800][56436.130s] GC(583) User=0.00s Sys=0.00s Real=0.00s
[2024-04-08T17:19:34.418+0800][56437.393s] GC(584) Pause Young (Normal) (G1 Evacuation Pause)
[2024-04-08T17:19:34.419+0800][56437.393s] GC(584) Using 13 workers of 13 for evacuation
[2024-04-08T17:19:34.421+0800][56437.395s] GC(584)   Pre Evacuate Collection Set: 0.2ms
[2024-04-08T17:19:34.421+0800][56437.395s] GC(584)   Merge Heap Roots: 0.1ms
[2024-04-08T17:19:34.421+0800][56437.395s] GC(584)   Evacuate Collection Set: 1.3ms
[2024-04-08T17:19:34.421+0800][56437.395s] GC(584)   Post Evacuate Collection Set: 0.5ms
[2024-04-08T17:19:34.421+0800][56437.395s] GC(584)   Other: 0.1ms
[2024-04-08T17:19:34.421+0800][56437.395s] GC(584) Eden regions: 305->0(305)
[2024-04-08T17:19:34.421+0800][56437.395s] GC(584) Survivor regions: 2->2(39)
[2024-04-08T17:19:34.421+0800][56437.395s] GC(584) Old regions: 60->60
[2024-04-08T17:19:34.421+0800][56437.395s] GC(584) Humongous regions: 4->4
[2024-04-08T17:19:34.421+0800][56437.395s] GC(584) Metaspace: 67392K(68224K)->67392K(68224K) NonClass: 59860K(60288K)->59860K(60288K) Class: 7532K(7936K)->7532K(7936K)
[2024-04-08T17:19:34.421+0800][56437.395s] GC(584) Pause Young (Normal) (G1 Evacuation Pause) 369M->64M(512M) 2.425ms
[2024-04-08T17:19:34.421+0800][56437.395s] GC(584) User=0.00s Sys=0.00s Real=0.00s
[2024-04-08T17:19:35.752+0800][56438.726s] GC(585) Pause Young (Normal) (G1 Evacuation Pause)
[2024-04-08T17:19:35.752+0800][56438.726s] GC(585) Using 13 workers of 13 for evacuation
[2024-04-08T17:19:35.754+0800][56438.729s] GC(585)   Pre Evacuate Collection Set: 0.2ms
[2024-04-08T17:19:35.754+0800][56438.729s] GC(585)   Merge Heap Roots: 0.1ms
[2024-04-08T17:19:35.754+0800][56438.729s] GC(585)   Evacuate Collection Set: 1.5ms
[2024-04-08T17:19:35.754+0800][56438.729s] GC(585)   Post Evacuate Collection Set: 0.5ms
[2024-04-08T17:19:35.754+0800][56438.729s] GC(585)   Other: 0.1ms
[2024-04-08T17:19:35.754+0800][56438.729s] GC(585) Eden regions: 305->0(305)
[2024-04-08T17:19:35.754+0800][56438.729s] GC(585) Survivor regions: 2->2(39)
[2024-04-08T17:19:35.754+0800][56438.729s] GC(585) Old regions: 60->60
[2024-04-08T17:19:35.754+0800][56438.729s] GC(585) Humongous regions: 4->4
[2024-04-08T17:19:35.754+0800][56438.729s] GC(585) Metaspace: 67392K(68224K)->67392K(68224K) NonClass: 59860K(60288K)->59860K(60288K) Class: 7532K(7936K)->7532K(7936K)
[2024-04-08T17:19:35.754+0800][56438.729s] GC(585) Pause Young (Normal) (G1 Evacuation Pause) 369M->64M(512M) 2.629ms
[2024-04-08T17:19:35.754+0800][56438.729s] GC(585) User=0.00s Sys=0.00s Real=0.00s
[2024-04-08T17:19:37.053+0800][56440.028s] GC(586) Pause Young (Normal) (G1 Evacuation Pause)
[2024-04-08T17:19:37.053+0800][56440.028s] GC(586) Using 13 workers of 13 for evacuation
[2024-04-08T17:19:37.056+0800][56440.031s] GC(586)   Pre Evacuate Collection Set: 0.2ms
[2024-04-08T17:19:37.056+0800][56440.031s] GC(586)   Merge Heap Roots: 0.1ms
[2024-04-08T17:19:37.056+0800][56440.031s] GC(586)   Evacuate Collection Set: 1.6ms
[2024-04-08T17:19:37.056+0800][56440.031s] GC(586)   Post Evacuate Collection Set: 0.6ms
[2024-04-08T17:19:37.056+0800][56440.031s] GC(586)   Other: 0.1ms
[2024-04-08T17:19:37.056+0800][56440.031s] GC(586) Eden regions: 305->0(305)
[2024-04-08T17:19:37.056+0800][56440.031s] GC(586) Survivor regions: 2->2(39)
[2024-04-08T17:19:37.056+0800][56440.031s] GC(586) Old regions: 60->60
[2024-04-08T17:19:37.056+0800][56440.031s] GC(586) Humongous regions: 4->4
[2024-04-08T17:19:37.056+0800][56440.031s] GC(586) Metaspace: 67392K(68224K)->67392K(68224K) NonClass: 59860K(60288K)->59860K(60288K) Class: 7532K(7936K)->7532K(7936K)
[2024-04-08T17:19:37.056+0800][56440.031s] GC(586) Pause Young (Normal) (G1 Evacuation Pause) 369M->64M(512M) 2.675ms
[2024-04-08T17:19:37.056+0800][56440.031s] GC(586) User=0.09s Sys=0.00s Real=0.00s
[2024-04-08T17:19:38.342+0800][56441.317s] GC(587) Pause Young (Normal) (G1 Evacuation Pause)
[2024-04-08T17:19:38.342+0800][56441.317s] GC(587) Using 13 workers of 13 for evacuation
[2024-04-08T17:19:38.345+0800][56441.320s] GC(587)   Pre Evacuate Collection Set: 0.2ms
[2024-04-08T17:19:38.345+0800][56441.320s] GC(587)   Merge Heap Roots: 0.1ms
[2024-04-08T17:19:38.345+0800][56441.320s] GC(587)   Evacuate Collection Set: 1.9ms
[2024-04-08T17:19:38.345+0800][56441.320s] GC(587)   Post Evacuate Collection Set: 0.5ms
[2024-04-08T17:19:38.345+0800][56441.320s] GC(587)   Other: 0.1ms
[2024-04-08T17:19:38.345+0800][56441.320s] GC(587) Eden regions: 305->0(305)
[2024-04-08T17:19:38.345+0800][56441.320s] GC(587) Survivor regions: 2->2(39)
[2024-04-08T17:19:38.345+0800][56441.320s] GC(587) Old regions: 60->60
[2024-04-08T17:19:38.345+0800][56441.320s] GC(587) Humongous regions: 4->4
[2024-04-08T17:19:38.345+0800][56441.320s] GC(587) Metaspace: 67392K(68224K)->67392K(68224K) NonClass: 59860K(60288K)->59860K(60288K) Class: 7532K(7936K)->7532K(7936K)
[2024-04-08T17:19:38.345+0800][56441.320s] GC(587) Pause Young (Normal) (G1 Evacuation Pause) 369M->64M(512M) 3.124ms
[2024-04-08T17:19:38.345+0800][56441.320s] GC(587) User=0.00s Sys=0.00s Real=0.00s
[2024-04-08T17:19:39.649+0800][56442.624s] GC(588) Pause Young (Normal) (G1 Evacuation Pause)
[2024-04-08T17:19:39.650+0800][56442.624s] GC(588) Using 13 workers of 13 for evacuation
[2024-04-08T17:19:39.652+0800][56442.627s] GC(588)   Pre Evacuate Collection Set: 0.2ms
[2024-04-08T17:19:39.652+0800][56442.627s] GC(588)   Merge Heap Roots: 0.1ms
[2024-04-08T17:19:39.652+0800][56442.627s] GC(588)   Evacuate Collection Set: 1.5ms
[2024-04-08T17:19:39.652+0800][56442.627s] GC(588)   Post Evacuate Collection Set: 0.6ms
[2024-04-08T17:19:39.652+0800][56442.627s] GC(588)   Other: 0.1ms
[2024-04-08T17:19:39.652+0800][56442.627s] GC(588) Eden regions: 305->0(305)
[2024-04-08T17:19:39.652+0800][56442.627s] GC(588) Survivor regions: 2->2(39)
[2024-04-08T17:19:39.652+0800][56442.627s] GC(588) Old regions: 60->60
[2024-04-08T17:19:39.652+0800][56442.627s] GC(588) Humongous regions: 4->4
[2024-04-08T17:19:39.652+0800][56442.627s] GC(588) Metaspace: 67392K(68224K)->67392K(68224K) NonClass: 59860K(60288K)->59860K(60288K) Class: 7532K(7936K)->7532K(7936K)
[2024-04-08T17:19:39.652+0800][56442.627s] GC(588) Pause Young (Normal) (G1 Evacuation Pause) 369M->64M(512M) 2.692ms
[2024-04-08T17:19:39.652+0800][56442.627s] GC(588) User=0.02s Sys=0.00s Real=0.00s
[2024-04-08T17:19:40.990+0800][56443.965s] GC(589) Pause Young (Normal) (G1 Evacuation Pause)
[2024-04-08T17:19:40.990+0800][56443.965s] GC(589) Using 13 workers of 13 for evacuation
[2024-04-08T17:19:40.992+0800][56443.967s] GC(589)   Pre Evacuate Collection Set: 0.1ms
[2024-04-08T17:19:40.992+0800][56443.967s] GC(589)   Merge Heap Roots: 0.2ms
[2024-04-08T17:19:40.992+0800][56443.967s] GC(589)   Evacuate Collection Set: 1.5ms
[2024-04-08T17:19:40.992+0800][56443.967s] GC(589)   Post Evacuate Collection Set: 0.5ms
[2024-04-08T17:19:40.992+0800][56443.967s] GC(589)   Other: 0.1ms
[2024-04-08T17:19:40.992+0800][56443.967s] GC(589) Eden regions: 305->0(305)
[2024-04-08T17:19:40.992+0800][56443.967s] GC(589) Survivor regions: 2->2(39)
[2024-04-08T17:19:40.992+0800][56443.967s] GC(589) Old regions: 60->60
[2024-04-08T17:19:40.992+0800][56443.967s] GC(589) Humongous regions: 4->4
[2024-04-08T17:19:40.992+0800][56443.967s] GC(589) Metaspace: 67392K(68224K)->67392K(68224K) NonClass: 59860K(60288K)->59860K(60288K) Class: 7532K(7936K)->7532K(7936K)
[2024-04-08T17:19:40.992+0800][56443.967s] GC(589) Pause Young (Normal) (G1 Evacuation Pause) 369M->64M(512M) 2.599ms
[2024-04-08T17:19:40.992+0800][56443.967s] GC(589) User=0.00s Sys=0.00s Real=0.00s
[2024-04-08T17:19:42.313+0800][56445.288s] GC(590) Pause Young (Normal) (G1 Evacuation Pause)
[2024-04-08T17:19:42.313+0800][56445.288s] GC(590) Using 13 workers of 13 for evacuation
[2024-04-08T17:19:42.315+0800][56445.290s] GC(590)   Pre Evacuate Collection Set: 0.2ms
[2024-04-08T17:19:42.315+0800][56445.290s] GC(590)   Merge Heap Roots: 0.1ms
[2024-04-08T17:19:42.315+0800][56445.290s] GC(590)   Evacuate Collection Set: 1.5ms
[2024-04-08T17:19:42.315+0800][56445.290s] GC(590)   Post Evacuate Collection Set: 0.5ms
[2024-04-08T17:19:42.315+0800][56445.290s] GC(590)   Other: 0.1ms
[2024-04-08T17:19:42.315+0800][56445.290s] GC(590) Eden regions: 305->0(305)
[2024-04-08T17:19:42.315+0800][56445.290s] GC(590) Survivor regions: 2->2(39)
[2024-04-08T17:19:42.315+0800][56445.290s] GC(590) Old regions: 60->60
[2024-04-08T17:19:42.315+0800][56445.290s] GC(590) Humongous regions: 4->4
[2024-04-08T17:19:42.315+0800][56445.290s] GC(590) Metaspace: 67392K(68224K)->67392K(68224K) NonClass: 59860K(60288K)->59860K(60288K) Class: 7532K(7936K)->7532K(7936K)
[2024-04-08T17:19:42.315+0800][56445.290s] GC(590) Pause Young (Normal) (G1 Evacuation Pause) 369M->64M(512M) 2.694ms
[2024-04-08T17:19:42.315+0800][56445.290s] GC(590) User=0.00s Sys=0.00s Real=0.00s
[2024-04-08T17:19:43.637+0800][56446.612s] GC(591) Pause Young (Normal) (G1 Evacuation Pause)
[2024-04-08T17:19:43.637+0800][56446.612s] GC(591) Using 13 workers of 13 for evacuation
[2024-04-08T17:19:43.640+0800][56446.614s] GC(591)   Pre Evacuate Collection Set: 0.2ms
[2024-04-08T17:19:43.640+0800][56446.615s] GC(591)   Merge Heap Roots: 0.2ms
[2024-04-08T17:19:43.640+0800][56446.615s] GC(591)   Evacuate Collection Set: 1.2ms
[2024-04-08T17:19:43.640+0800][56446.615s] GC(591)   Post Evacuate Collection Set: 0.6ms
[2024-04-08T17:19:43.640+0800][56446.615s] GC(591)   Other: 0.1ms
[2024-04-08T17:19:43.640+0800][56446.615s] GC(591) Eden regions: 305->0(305)
[2024-04-08T17:19:43.640+0800][56446.615s] GC(591) Survivor regions: 2->2(39)
[2024-04-08T17:19:43.640+0800][56446.615s] GC(591) Old regions: 60->60
[2024-04-08T17:19:43.640+0800][56446.615s] GC(591) Humongous regions: 4->4
[2024-04-08T17:19:43.640+0800][56446.615s] GC(591) Metaspace: 67392K(68224K)->67392K(68224K) NonClass: 59860K(60288K)->59860K(60288K) Class: 7532K(7936K)->7532K(7936K)
[2024-04-08T17:19:43.640+0800][56446.615s] GC(591) Pause Young (Normal) (G1 Evacuation Pause) 369M->64M(512M) 2.501ms
[2024-04-08T17:19:43.640+0800][56446.615s] GC(591) User=0.00s Sys=0.00s Real=0.00s
[2024-04-08T17:19:44.954+0800][56447.929s] GC(592) Pause Young (Normal) (G1 Evacuation Pause)
[2024-04-08T17:19:44.954+0800][56447.929s] GC(592) Using 13 workers of 13 for evacuation
[2024-04-08T17:19:44.956+0800][56447.931s] GC(592)   Pre Evacuate Collection Set: 0.1ms
[2024-04-08T17:19:44.957+0800][56447.931s] GC(592)   Merge Heap Roots: 0.1ms
[2024-04-08T17:19:44.957+0800][56447.931s] GC(592)   Evacuate Collection Set: 1.5ms
[2024-04-08T17:19:44.957+0800][56447.931s] GC(592)   Post Evacuate Collection Set: 0.3ms
[2024-04-08T17:19:44.957+0800][56447.931s] GC(592)   Other: 0.1ms
[2024-04-08T17:19:44.957+0800][56447.931s] GC(592) Eden regions: 305->0(305)
[2024-04-08T17:19:44.957+0800][56447.931s] GC(592) Survivor regions: 2->2(39)
[2024-04-08T17:19:44.957+0800][56447.931s] GC(592) Old regions: 60->60
[2024-04-08T17:19:44.957+0800][56447.931s] GC(592) Humongous regions: 4->4
[2024-04-08T17:19:44.957+0800][56447.931s] GC(592) Metaspace: 67392K(68224K)->67392K(68224K) NonClass: 59860K(60288K)->59860K(60288K) Class: 7532K(7936K)->7532K(7936K)
[2024-04-08T17:19:44.957+0800][56447.931s] GC(592) Pause Young (Normal) (G1 Evacuation Pause) 369M->64M(512M) 2.297ms
[2024-04-08T17:19:44.957+0800][56447.931s] GC(592) User=0.00s Sys=0.00s Real=0.00s
[2024-04-08T17:19:46.255+0800][56449.229s] GC(593) Pause Young (Normal) (G1 Evacuation Pause)
[2024-04-08T17:19:46.255+0800][56449.229s] GC(593) Using 13 workers of 13 for evacuation
[2024-04-08T17:19:46.257+0800][56449.231s] GC(593)   Pre Evacuate Collection Set: 0.1ms
[2024-04-08T17:19:46.257+0800][56449.231s] GC(593)   Merge Heap Roots: 0.1ms
[2024-04-08T17:19:46.257+0800][56449.231s] GC(593)   Evacuate Collection Set: 1.4ms
[2024-04-08T17:19:46.257+0800][56449.231s] GC(593)   Post Evacuate Collection Set: 0.5ms
[2024-04-08T17:19:46.257+0800][56449.231s] GC(593)   Other: 0.1ms
[2024-04-08T17:19:46.257+0800][56449.231s] GC(593) Eden regions: 305->0(305)
[2024-04-08T17:19:46.257+0800][56449.231s] GC(593) Survivor regions: 2->2(39)
[2024-04-08T17:19:46.257+0800][56449.231s] GC(593) Old regions: 60->60
[2024-04-08T17:19:46.257+0800][56449.231s] GC(593) Humongous regions: 4->4
[2024-04-08T17:19:46.257+0800][56449.231s] GC(593) Metaspace: 67392K(68224K)->67392K(68224K) NonClass: 59860K(60288K)->59860K(60288K) Class: 7532K(7936K)->7532K(7936K)
[2024-04-08T17:19:46.257+0800][56449.232s] GC(593) Pause Young (Normal) (G1 Evacuation Pause) 369M->64M(512M) 2.366ms
[2024-04-08T17:19:46.257+0800][56449.232s] GC(593) User=0.00s Sys=0.00s Real=0.00s
[2024-04-08T17:19:47.568+0800][56450.543s] GC(594) Pause Young (Normal) (G1 Evacuation Pause)
[2024-04-08T17:19:47.568+0800][56450.543s] GC(594) Using 13 workers of 13 for evacuation
[2024-04-08T17:19:47.571+0800][56450.545s] GC(594)   Pre Evacuate Collection Set: 0.1ms
[2024-04-08T17:19:47.571+0800][56450.545s] GC(594)   Merge Heap Roots: 0.1ms
[2024-04-08T17:19:47.571+0800][56450.545s] GC(594)   Evacuate Collection Set: 1.4ms
[2024-04-08T17:19:47.571+0800][56450.545s] GC(594)   Post Evacuate Collection Set: 0.5ms
[2024-04-08T17:19:47.571+0800][56450.545s] GC(594)   Other: 0.1ms
[2024-04-08T17:19:47.571+0800][56450.545s] GC(594) Eden regions: 305->0(305)
[2024-04-08T17:19:47.571+0800][56450.545s] GC(594) Survivor regions: 2->2(39)
[2024-04-08T17:19:47.571+0800][56450.545s] GC(594) Old regions: 60->60
[2024-04-08T17:19:47.571+0800][56450.545s] GC(594) Humongous regions: 4->4
[2024-04-08T17:19:47.571+0800][56450.545s] GC(594) Metaspace: 67392K(68224K)->67392K(68224K) NonClass: 59860K(60288K)->59860K(60288K) Class: 7532K(7936K)->7532K(7936K)
[2024-04-08T17:19:47.571+0800][56450.545s] GC(594) Pause Young (Normal) (G1 Evacuation Pause) 369M->65M(512M) 2.492ms
[2024-04-08T17:19:47.571+0800][56450.545s] GC(594) User=0.00s Sys=0.00s Real=0.00s
[2024-04-08T17:19:48.893+0800][56451.867s] GC(595) Pause Young (Normal) (G1 Evacuation Pause)
[2024-04-08T17:19:48.893+0800][56451.867s] GC(595) Using 13 workers of 13 for evacuation
[2024-04-08T17:19:48.895+0800][56451.869s] GC(595)   Pre Evacuate Collection Set: 0.2ms
[2024-04-08T17:19:48.895+0800][56451.869s] GC(595)   Merge Heap Roots: 0.1ms
[2024-04-08T17:19:48.895+0800][56451.869s] GC(595)   Evacuate Collection Set: 1.4ms
[2024-04-08T17:19:48.895+0800][56451.869s] GC(595)   Post Evacuate Collection Set: 0.6ms
[2024-04-08T17:19:48.895+0800][56451.869s] GC(595)   Other: 0.1ms
[2024-04-08T17:19:48.895+0800][56451.869s] GC(595) Eden regions: 305->0(305)
[2024-04-08T17:19:48.895+0800][56451.869s] GC(595) Survivor regions: 2->2(39)
[2024-04-08T17:19:48.895+0800][56451.869s] GC(595) Old regions: 60->60
[2024-04-08T17:19:48.895+0800][56451.869s] GC(595) Humongous regions: 4->4
[2024-04-08T17:19:48.895+0800][56451.869s] GC(595) Metaspace: 67392K(68224K)->67392K(68224K) NonClass: 59860K(60288K)->59860K(60288K) Class: 7532K(7936K)->7532K(7936K)
[2024-04-08T17:19:48.895+0800][56451.869s] GC(595) Pause Young (Normal) (G1 Evacuation Pause) 370M->64M(512M) 2.521ms
[2024-04-08T17:19:48.895+0800][56451.869s] GC(595) User=0.00s Sys=0.00s Real=0.00s
[2024-04-08T17:19:50.202+0800][56453.177s] GC(596) Pause Young (Normal) (G1 Evacuation Pause)
[2024-04-08T17:19:50.202+0800][56453.177s] GC(596) Using 13 workers of 13 for evacuation
[2024-04-08T17:19:50.205+0800][56453.180s] GC(596)   Pre Evacuate Collection Set: 0.2ms
[2024-04-08T17:19:50.205+0800][56453.180s] GC(596)   Merge Heap Roots: 0.1ms
[2024-04-08T17:19:50.205+0800][56453.180s] GC(596)   Evacuate Collection Set: 1.4ms
[2024-04-08T17:19:50.205+0800][56453.180s] GC(596)   Post Evacuate Collection Set: 0.5ms
[2024-04-08T17:19:50.205+0800][56453.180s] GC(596)   Other: 0.1ms
[2024-04-08T17:19:50.205+0800][56453.180s] GC(596) Eden regions: 305->0(305)
[2024-04-08T17:19:50.205+0800][56453.180s] GC(596) Survivor regions: 2->2(39)
[2024-04-08T17:19:50.205+0800][56453.180s] GC(596) Old regions: 60->60
[2024-04-08T17:19:50.205+0800][56453.180s] GC(596) Humongous regions: 4->4
[2024-04-08T17:19:50.205+0800][56453.180s] GC(596) Metaspace: 67392K(68224K)->67392K(68224K) NonClass: 59860K(60288K)->59860K(60288K) Class: 7532K(7936K)->7532K(7936K)
[2024-04-08T17:19:50.205+0800][56453.180s] GC(596) Pause Young (Normal) (G1 Evacuation Pause) 369M->65M(512M) 2.639ms
[2024-04-08T17:19:50.205+0800][56453.180s] GC(596) User=0.00s Sys=0.00s Real=0.00s
[2024-04-08T17:19:51.547+0800][56454.522s] GC(597) Pause Young (Normal) (G1 Evacuation Pause)
[2024-04-08T17:19:51.547+0800][56454.522s] GC(597) Using 13 workers of 13 for evacuation
[2024-04-08T17:19:51.549+0800][56454.524s] GC(597)   Pre Evacuate Collection Set: 0.1ms
[2024-04-08T17:19:51.549+0800][56454.524s] GC(597)   Merge Heap Roots: 0.1ms
[2024-04-08T17:19:51.549+0800][56454.524s] GC(597)   Evacuate Collection Set: 1.4ms
[2024-04-08T17:19:51.549+0800][56454.524s] GC(597)   Post Evacuate Collection Set: 0.4ms
[2024-04-08T17:19:51.549+0800][56454.524s] GC(597)   Other: 0.1ms
[2024-04-08T17:19:51.549+0800][56454.524s] GC(597) Eden regions: 305->0(305)
[2024-04-08T17:19:51.549+0800][56454.524s] GC(597) Survivor regions: 2->2(39)
[2024-04-08T17:19:51.549+0800][56454.524s] GC(597) Old regions: 60->60
[2024-04-08T17:19:51.549+0800][56454.524s] GC(597) Humongous regions: 4->4
[2024-04-08T17:19:51.549+0800][56454.524s] GC(597) Metaspace: 67392K(68224K)->67392K(68224K) NonClass: 59860K(60288K)->59860K(60288K) Class: 7532K(7936K)->7532K(7936K)
[2024-04-08T17:19:51.549+0800][56454.524s] GC(597) Pause Young (Normal) (G1 Evacuation Pause) 370M->65M(512M) 2.371ms
[2024-04-08T17:19:51.549+0800][56454.524s] GC(597) User=0.00s Sys=0.00s Real=0.00s
[2024-04-08T17:19:52.815+0800][56455.790s] GC(598) Pause Young (Normal) (G1 Evacuation Pause)
[2024-04-08T17:19:52.815+0800][56455.790s] GC(598) Using 13 workers of 13 for evacuation
[2024-04-08T17:19:52.818+0800][56455.793s] GC(598)   Pre Evacuate Collection Set: 0.1ms
[2024-04-08T17:19:52.818+0800][56455.793s] GC(598)   Merge Heap Roots: 0.1ms
[2024-04-08T17:19:52.818+0800][56455.793s] GC(598)   Evacuate Collection Set: 1.6ms
[2024-04-08T17:19:52.818+0800][56455.793s] GC(598)   Post Evacuate Collection Set: 0.7ms
[2024-04-08T17:19:52.818+0800][56455.793s] GC(598)   Other: 0.1ms
[2024-04-08T17:19:52.818+0800][56455.793s] GC(598) Eden regions: 305->0(305)
[2024-04-08T17:19:52.818+0800][56455.793s] GC(598) Survivor regions: 2->2(39)
[2024-04-08T17:19:52.818+0800][56455.793s] GC(598) Old regions: 60->60
[2024-04-08T17:19:52.818+0800][56455.793s] GC(598) Humongous regions: 4->4
[2024-04-08T17:19:52.818+0800][56455.793s] GC(598) Metaspace: 67392K(68224K)->67392K(68224K) NonClass: 59860K(60288K)->59860K(60288K) Class: 7532K(7936K)->7532K(7936K)
[2024-04-08T17:19:52.818+0800][56455.793s] GC(598) Pause Young (Normal) (G1 Evacuation Pause) 370M->64M(512M) 2.974ms
[2024-04-08T17:19:52.818+0800][56455.793s] GC(598) User=0.00s Sys=0.00s Real=0.00s
[2024-04-08T17:19:54.101+0800][56457.075s] GC(599) Pause Young (Normal) (G1 Evacuation Pause)
[2024-04-08T17:19:54.101+0800][56457.075s] GC(599) Using 13 workers of 13 for evacuation
[2024-04-08T17:19:54.104+0800][56457.078s] GC(599)   Pre Evacuate Collection Set: 0.1ms
[2024-04-08T17:19:54.104+0800][56457.078s] GC(599)   Merge Heap Roots: 0.1ms
[2024-04-08T17:19:54.104+0800][56457.078s] GC(599)   Evacuate Collection Set: 1.9ms
[2024-04-08T17:19:54.104+0800][56457.078s] GC(599)   Post Evacuate Collection Set: 0.5ms
[2024-04-08T17:19:54.104+0800][56457.078s] GC(599)   Other: 0.1ms
[2024-04-08T17:19:54.104+0800][56457.078s] GC(599) Eden regions: 305->0(305)
[2024-04-08T17:19:54.104+0800][56457.078s] GC(599) Survivor regions: 2->2(39)
[2024-04-08T17:19:54.104+0800][56457.078s] GC(599) Old regions: 60->60
[2024-04-08T17:19:54.104+0800][56457.078s] GC(599) Humongous regions: 4->4
[2024-04-08T17:19:54.104+0800][56457.078s] GC(599) Metaspace: 67392K(68224K)->67392K(68224K) NonClass: 59860K(60288K)->59860K(60288K) Class: 7532K(7936K)->7532K(7936K)
[2024-04-08T17:19:54.104+0800][56457.078s] GC(599) Pause Young (Normal) (G1 Evacuation Pause) 369M->64M(512M) 3.163ms
[2024-04-08T17:19:54.104+0800][56457.078s] GC(599) User=0.03s Sys=0.00s Real=0.00s
[2024-04-08T17:19:55.390+0800][56458.365s] GC(600) Pause Young (Normal) (G1 Evacuation Pause)
[2024-04-08T17:19:55.390+0800][56458.365s] GC(600) Using 13 workers of 13 for evacuation
[2024-04-08T17:19:55.393+0800][56458.367s] GC(600)   Pre Evacuate Collection Set: 0.2ms
[2024-04-08T17:19:55.393+0800][56458.367s] GC(600)   Merge Heap Roots: 0.1ms
[2024-04-08T17:19:55.393+0800][56458.367s] GC(600)   Evacuate Collection Set: 1.5ms
[2024-04-08T17:19:55.393+0800][56458.367s] GC(600)   Post Evacuate Collection Set: 0.6ms
[2024-04-08T17:19:55.393+0800][56458.368s] GC(600)   Other: 0.1ms
[2024-04-08T17:19:55.393+0800][56458.368s] GC(600) Eden regions: 305->0(305)
[2024-04-08T17:19:55.393+0800][56458.368s] GC(600) Survivor regions: 2->2(39)
[2024-04-08T17:19:55.393+0800][56458.368s] GC(600) Old regions: 60->60
[2024-04-08T17:19:55.393+0800][56458.368s] GC(600) Humongous regions: 4->4
[2024-04-08T17:19:55.393+0800][56458.368s] GC(600) Metaspace: 67392K(68224K)->67392K(68224K) NonClass: 59860K(60288K)->59860K(60288K) Class: 7532K(7936K)->7532K(7936K)
[2024-04-08T17:19:55.393+0800][56458.368s] GC(600) Pause Young (Normal) (G1 Evacuation Pause) 369M->65M(512M) 2.702ms
[2024-04-08T17:19:55.393+0800][56458.368s] GC(600) User=0.00s Sys=0.00s Real=0.00s
[2024-04-08T17:19:56.676+0800][56459.651s] GC(601) Pause Young (Normal) (G1 Evacuation Pause)
[2024-04-08T17:19:56.676+0800][56459.651s] GC(601) Using 13 workers of 13 for evacuation
[2024-04-08T17:19:56.678+0800][56459.653s] GC(601)   Pre Evacuate Collection Set: 0.2ms
[2024-04-08T17:19:56.678+0800][56459.653s] GC(601)   Merge Heap Roots: 0.1ms
[2024-04-08T17:19:56.678+0800][56459.653s] GC(601)   Evacuate Collection Set: 1.4ms
[2024-04-08T17:19:56.678+0800][56459.653s] GC(601)   Post Evacuate Collection Set: 0.5ms
[2024-04-08T17:19:56.678+0800][56459.653s] GC(601)   Other: 0.1ms
[2024-04-08T17:19:56.678+0800][56459.653s] GC(601) Eden regions: 305->0(305)
[2024-04-08T17:19:56.678+0800][56459.653s] GC(601) Survivor regions: 2->2(39)
[2024-04-08T17:19:56.678+0800][56459.653s] GC(601) Old regions: 60->60
[2024-04-08T17:19:56.678+0800][56459.653s] GC(601) Humongous regions: 4->4
[2024-04-08T17:19:56.678+0800][56459.653s] GC(601) Metaspace: 67392K(68224K)->67392K(68224K) NonClass: 59860K(60288K)->59860K(60288K) Class: 7532K(7936K)->7532K(7936K)
[2024-04-08T17:19:56.678+0800][56459.653s] GC(601) Pause Young (Normal) (G1 Evacuation Pause) 370M->64M(512M) 2.399ms
[2024-04-08T17:19:56.679+0800][56459.653s] GC(601) User=0.00s Sys=0.00s Real=0.00s
[2024-04-08T17:19:57.977+0800][56460.952s] GC(602) Pause Young (Normal) (G1 Evacuation Pause)
[2024-04-08T17:19:57.978+0800][56460.952s] GC(602) Using 13 workers of 13 for evacuation
[2024-04-08T17:19:57.980+0800][56460.955s] GC(602)   Pre Evacuate Collection Set: 0.2ms
[2024-04-08T17:19:57.980+0800][56460.955s] GC(602)   Merge Heap Roots: 0.1ms
[2024-04-08T17:19:57.980+0800][56460.955s] GC(602)   Evacuate Collection Set: 1.6ms
[2024-04-08T17:19:57.980+0800][56460.955s] GC(602)   Post Evacuate Collection Set: 0.5ms
[2024-04-08T17:19:57.980+0800][56460.955s] GC(602)   Other: 0.1ms
[2024-04-08T17:19:57.980+0800][56460.955s] GC(602) Eden regions: 305->0(305)
[2024-04-08T17:19:57.980+0800][56460.955s] GC(602) Survivor regions: 2->2(39)
[2024-04-08T17:19:57.980+0800][56460.955s] GC(602) Old regions: 60->60
[2024-04-08T17:19:57.980+0800][56460.955s] GC(602) Humongous regions: 4->4
[2024-04-08T17:19:57.980+0800][56460.955s] GC(602) Metaspace: 67392K(68224K)->67392K(68224K) NonClass: 59860K(60288K)->59860K(60288K) Class: 7532K(7936K)->7532K(7936K)
[2024-04-08T17:19:57.980+0800][56460.955s] GC(602) Pause Young (Normal) (G1 Evacuation Pause) 369M->65M(512M) 2.724ms
[2024-04-08T17:19:57.980+0800][56460.955s] GC(602) User=0.02s Sys=0.00s Real=0.00s
[2024-04-08T17:19:59.299+0800][56462.274s] GC(603) Pause Young (Normal) (G1 Evacuation Pause)
[2024-04-08T17:19:59.299+0800][56462.274s] GC(603) Using 13 workers of 13 for evacuation
[2024-04-08T17:19:59.302+0800][56462.277s] GC(603)   Pre Evacuate Collection Set: 0.2ms
[2024-04-08T17:19:59.302+0800][56462.277s] GC(603)   Merge Heap Roots: 0.1ms
[2024-04-08T17:19:59.302+0800][56462.277s] GC(603)   Evacuate Collection Set: 1.7ms
[2024-04-08T17:19:59.302+0800][56462.277s] GC(603)   Post Evacuate Collection Set: 0.7ms
[2024-04-08T17:19:59.302+0800][56462.277s] GC(603)   Other: 0.1ms
[2024-04-08T17:19:59.302+0800][56462.277s] GC(603) Eden regions: 305->0(305)
[2024-04-08T17:19:59.302+0800][56462.277s] GC(603) Survivor regions: 2->2(39)
[2024-04-08T17:19:59.302+0800][56462.277s] GC(603) Old regions: 60->60
[2024-04-08T17:19:59.302+0800][56462.277s] GC(603) Humongous regions: 4->4
[2024-04-08T17:19:59.302+0800][56462.277s] GC(603) Metaspace: 67392K(68224K)->67392K(68224K) NonClass: 59860K(60288K)->59860K(60288K) Class: 7532K(7936K)->7532K(7936K)
[2024-04-08T17:19:59.302+0800][56462.277s] GC(603) Pause Young (Normal) (G1 Evacuation Pause) 370M->65M(512M) 2.992ms
[2024-04-08T17:19:59.302+0800][56462.277s] GC(603) User=0.00s Sys=0.00s Real=0.00s
[2024-04-08T17:20:00.571+0800][56463.546s] GC(604) Pause Young (Normal) (G1 Evacuation Pause)
[2024-04-08T17:20:00.571+0800][56463.546s] GC(604) Using 13 workers of 13 for evacuation
[2024-04-08T17:20:00.574+0800][56463.549s] GC(604)   Pre Evacuate Collection Set: 0.2ms
[2024-04-08T17:20:00.574+0800][56463.549s] GC(604)   Merge Heap Roots: 0.1ms
[2024-04-08T17:20:00.574+0800][56463.549s] GC(604)   Evacuate Collection Set: 1.4ms
[2024-04-08T17:20:00.574+0800][56463.549s] GC(604)   Post Evacuate Collection Set: 0.5ms
[2024-04-08T17:20:00.574+0800][56463.549s] GC(604)   Other: 0.1ms
[2024-04-08T17:20:00.574+0800][56463.549s] GC(604) Eden regions: 305->0(305)
[2024-04-08T17:20:00.574+0800][56463.549s] GC(604) Survivor regions: 2->2(39)
[2024-04-08T17:20:00.574+0800][56463.549s] GC(604) Old regions: 60->60
[2024-04-08T17:20:00.574+0800][56463.549s] GC(604) Humongous regions: 4->4
[2024-04-08T17:20:00.574+0800][56463.549s] GC(604) Metaspace: 67392K(68224K)->67392K(68224K) NonClass: 59860K(60288K)->59860K(60288K) Class: 7532K(7936K)->7532K(7936K)
[2024-04-08T17:20:00.574+0800][56463.549s] GC(604) Pause Young (Normal) (G1 Evacuation Pause) 370M->64M(512M) 2.693ms
[2024-04-08T17:20:00.574+0800][56463.549s] GC(604) User=0.02s Sys=0.00s Real=0.00s
[2024-04-08T17:20:01.903+0800][56464.878s] GC(605) Pause Young (Normal) (G1 Evacuation Pause)
[2024-04-08T17:20:01.903+0800][56464.878s] GC(605) Using 13 workers of 13 for evacuation
[2024-04-08T17:20:01.906+0800][56464.881s] GC(605)   Pre Evacuate Collection Set: 0.1ms
[2024-04-08T17:20:01.906+0800][56464.881s] GC(605)   Merge Heap Roots: 0.1ms
[2024-04-08T17:20:01.906+0800][56464.881s] GC(605)   Evacuate Collection Set: 1.8ms
[2024-04-08T17:20:01.906+0800][56464.881s] GC(605)   Post Evacuate Collection Set: 0.4ms
[2024-04-08T17:20:01.906+0800][56464.881s] GC(605)   Other: 0.1ms
[2024-04-08T17:20:01.906+0800][56464.881s] GC(605) Eden regions: 305->0(305)
[2024-04-08T17:20:01.906+0800][56464.881s] GC(605) Survivor regions: 2->2(39)
[2024-04-08T17:20:01.906+0800][56464.881s] GC(605) Old regions: 60->60
[2024-04-08T17:20:01.906+0800][56464.881s] GC(605) Humongous regions: 4->4
[2024-04-08T17:20:01.906+0800][56464.881s] GC(605) Metaspace: 67392K(68224K)->67392K(68224K) NonClass: 59860K(60288K)->59860K(60288K) Class: 7532K(7936K)->7532K(7936K)
[2024-04-08T17:20:01.906+0800][56464.881s] GC(605) Pause Young (Normal) (G1 Evacuation Pause) 369M->65M(512M) 2.834ms
[2024-04-08T17:20:01.906+0800][56464.881s] GC(605) User=0.00s Sys=0.00s Real=0.00s
[2024-04-08T17:20:03.214+0800][56466.189s] GC(606) Pause Young (Normal) (G1 Evacuation Pause)
[2024-04-08T17:20:03.214+0800][56466.189s] GC(606) Using 13 workers of 13 for evacuation
[2024-04-08T17:20:03.217+0800][56466.192s] GC(606)   Pre Evacuate Collection Set: 0.1ms
[2024-04-08T17:20:03.217+0800][56466.192s] GC(606)   Merge Heap Roots: 0.1ms
[2024-04-08T17:20:03.217+0800][56466.192s] GC(606)   Evacuate Collection Set: 1.4ms
[2024-04-08T17:20:03.217+0800][56466.192s] GC(606)   Post Evacuate Collection Set: 0.6ms
[2024-04-08T17:20:03.217+0800][56466.192s] GC(606)   Other: 0.1ms
[2024-04-08T17:20:03.217+0800][56466.192s] GC(606) Eden regions: 305->0(305)
[2024-04-08T17:20:03.217+0800][56466.192s] GC(606) Survivor regions: 2->2(39)
[2024-04-08T17:20:03.217+0800][56466.192s] GC(606) Old regions: 60->60
[2024-04-08T17:20:03.217+0800][56466.192s] GC(606) Humongous regions: 4->4
[2024-04-08T17:20:03.217+0800][56466.192s] GC(606) Metaspace: 67392K(68224K)->67392K(68224K) NonClass: 59860K(60288K)->59860K(60288K) Class: 7532K(7936K)->7532K(7936K)
[2024-04-08T17:20:03.217+0800][56466.192s] GC(606) Pause Young (Normal) (G1 Evacuation Pause) 370M->64M(512M) 2.557ms
[2024-04-08T17:20:03.217+0800][56466.192s] GC(606) User=0.00s Sys=0.00s Real=0.00s
[2024-04-08T17:20:04.526+0800][56467.501s] GC(607) Pause Young (Normal) (G1 Evacuation Pause)
[2024-04-08T17:20:04.526+0800][56467.501s] GC(607) Using 13 workers of 13 for evacuation
[2024-04-08T17:20:04.530+0800][56467.505s] GC(607)   Pre Evacuate Collection Set: 0.1ms
[2024-04-08T17:20:04.530+0800][56467.505s] GC(607)   Merge Heap Roots: 0.1ms
[2024-04-08T17:20:04.530+0800][56467.505s] GC(607)   Evacuate Collection Set: 2.4ms
[2024-04-08T17:20:04.530+0800][56467.505s] GC(607)   Post Evacuate Collection Set: 0.5ms
[2024-04-08T17:20:04.530+0800][56467.505s] GC(607)   Other: 0.1ms
[2024-04-08T17:20:04.530+0800][56467.505s] GC(607) Eden regions: 305->0(305)
[2024-04-08T17:20:04.530+0800][56467.505s] GC(607) Survivor regions: 2->2(39)
[2024-04-08T17:20:04.530+0800][56467.505s] GC(607) Old regions: 60->60
[2024-04-08T17:20:04.530+0800][56467.505s] GC(607) Humongous regions: 4->4
[2024-04-08T17:20:04.530+0800][56467.505s] GC(607) Metaspace: 67392K(68224K)->67392K(68224K) NonClass: 59860K(60288K)->59860K(60288K) Class: 7532K(7936K)->7532K(7936K)
[2024-04-08T17:20:04.530+0800][56467.505s] GC(607) Pause Young (Normal) (G1 Evacuation Pause) 369M->65M(512M) 3.688ms
[2024-04-08T17:20:04.530+0800][56467.505s] GC(607) User=0.00s Sys=0.00s Real=0.00s
[2024-04-08T22:03:06.887+0800][73463.341s] Heap
[2024-04-08T22:03:06.887+0800][73463.341s]  garbage-first heap   total 524288K, used 188447K [0x00000000e0000000, 0x0000000100000000)
[2024-04-08T22:03:06.887+0800][73463.341s]   region size 1024K, 121 young (123904K), 2 survivors (2048K)
[2024-04-08T22:03:06.887+0800][73463.341s]  Metaspace       used 67496K, committed 68288K, reserved 1114112K
[2024-04-08T22:03:06.887+0800][73463.341s]   class space    used 7554K, committed 7936K, reserved 1048576K
