[2024-03-29T04:21:42.466+0800][0.343s] CardTable entry size: 512
[2024-03-29T04:21:42.672+0800][0.549s] Using G1
[2024-03-29T04:21:43.854+0800][1.731s] Version: 21.0.2+13-LTS-58 (release)
[2024-03-29T04:21:43.882+0800][1.759s] CPUs: 16 total, 16 available
[2024-03-29T04:21:43.882+0800][1.760s] Memory: 16158M
[2024-03-29T04:21:43.882+0800][1.760s] Large Page Support: Disabled
[2024-03-29T04:21:43.882+0800][1.760s] NUMA Support: Disabled
[2024-03-29T04:21:43.882+0800][1.760s] Compressed Oops: Enabled (32-bit)
[2024-03-29T04:21:43.882+0800][1.760s] Heap Region Size: 1M
[2024-03-29T04:21:43.882+0800][1.760s] Heap Min Capacity: 512M
[2024-03-29T04:21:43.882+0800][1.760s] Heap Initial Capacity: 512M
[2024-03-29T04:21:43.882+0800][1.760s] Heap Max Capacity: 512M
[2024-03-29T04:21:43.883+0800][1.760s] Pre-touch: Enabled
[2024-03-29T04:21:43.883+0800][1.760s] Parallel Workers: 13
[2024-03-29T04:21:43.883+0800][1.760s] Concurrent Workers: 3
[2024-03-29T04:21:43.883+0800][1.760s] Concurrent Refinement Workers: 13
[2024-03-29T04:21:43.883+0800][1.760s] Periodic GC: Disabled
[2024-03-29T04:21:43.918+0800][1.795s] CDS archive(s) mapped at: [0x000001fa8f000000-0x000001fa8fc90000-0x000001fa8fc90000), size 13172736, SharedBaseAddress: 0x000001fa8f000000, ArchiveRelocationMode: 1.
[2024-03-29T04:21:43.921+0800][1.798s] Compressed class space mapped at: 0x000001fa90000000-0x000001fad0000000, reserved size: 1073741824
[2024-03-29T04:21:43.921+0800][1.798s] Narrow klass base: 0x000001fa8f000000, Narrow klass shift: 0, Narrow klass range: 0x100000000
[2024-03-29T04:21:45.786+0800][3.663s] GC(0) Pause Young (Normal) (G1 Evacuation Pause)
[2024-03-29T04:21:45.787+0800][3.664s] GC(0) Using 12 workers of 13 for evacuation
[2024-03-29T04:21:45.791+0800][3.668s] GC(0)   Pre Evacuate Collection Set: 0.2ms
[2024-03-29T04:21:45.791+0800][3.668s] GC(0)   Merge Heap Roots: 0.1ms
[2024-03-29T04:21:45.791+0800][3.668s] GC(0)   Evacuate Collection Set: 2.9ms
[2024-03-29T04:21:45.791+0800][3.668s] GC(0)   Post Evacuate Collection Set: 0.6ms
[2024-03-29T04:21:45.791+0800][3.668s] GC(0)   Other: 0.8ms
[2024-03-29T04:21:45.791+0800][3.668s] GC(0) Eden regions: 29->0(42)
[2024-03-29T04:21:45.791+0800][3.668s] GC(0) Survivor regions: 0->4(4)
[2024-03-29T04:21:45.791+0800][3.668s] GC(0) Old regions: 0->0
[2024-03-29T04:21:45.791+0800][3.669s] GC(0) Humongous regions: 0->0
[2024-03-29T04:21:45.791+0800][3.669s] GC(0) Metaspace: 7612K(7872K)->7612K(7872K) NonClass: 6733K(6848K)->6733K(6848K) Class: 879K(1024K)->879K(1024K)
[2024-03-29T04:21:45.791+0800][3.669s] GC(0) Pause Young (Normal) (G1 Evacuation Pause) 29M->3M(512M) 5.460ms
[2024-03-29T04:21:45.791+0800][3.669s] GC(0) User=0.00s Sys=0.00s Real=0.00s
[2024-03-29T04:21:47.416+0800][5.293s] GC(1) Pause Young (Normal) (G1 Evacuation Pause)
[2024-03-29T04:21:47.416+0800][5.293s] GC(1) Using 13 workers of 13 for evacuation
[2024-03-29T04:21:47.427+0800][5.304s] GC(1)   Pre Evacuate Collection Set: 0.2ms
[2024-03-29T04:21:47.427+0800][5.304s] GC(1)   Merge Heap Roots: 0.1ms
[2024-03-29T04:21:47.427+0800][5.304s] GC(1)   Evacuate Collection Set: 9.3ms
[2024-03-29T04:21:47.427+0800][5.304s] GC(1)   Post Evacuate Collection Set: 1.0ms
[2024-03-29T04:21:47.427+0800][5.304s] GC(1)   Other: 0.2ms
[2024-03-29T04:21:47.427+0800][5.304s] GC(1) Eden regions: 42->0(77)
[2024-03-29T04:21:47.427+0800][5.304s] GC(1) Survivor regions: 4->6(6)
[2024-03-29T04:21:47.427+0800][5.304s] GC(1) Old regions: 0->9
[2024-03-29T04:21:47.427+0800][5.304s] GC(1) Humongous regions: 4->4
[2024-03-29T04:21:47.427+0800][5.304s] GC(1) Metaspace: 18957K(19264K)->18957K(19264K) NonClass: 16805K(16960K)->16805K(16960K) Class: 2151K(2304K)->2151K(2304K)
[2024-03-29T04:21:47.427+0800][5.304s] GC(1) Pause Young (Normal) (G1 Evacuation Pause) 49M->18M(512M) 11.214ms
[2024-03-29T04:21:47.427+0800][5.304s] GC(1) User=0.12s Sys=0.00s Real=0.01s
[2024-03-29T04:21:48.462+0800][6.339s] GC(2) Pause Young (Normal) (G1 Evacuation Pause)
[2024-03-29T04:21:48.462+0800][6.339s] GC(2) Using 13 workers of 13 for evacuation
[2024-03-29T04:21:48.469+0800][6.347s] GC(2)   Pre Evacuate Collection Set: 0.2ms
[2024-03-29T04:21:48.469+0800][6.347s] GC(2)   Merge Heap Roots: 0.1ms
[2024-03-29T04:21:48.469+0800][6.347s] GC(2)   Evacuate Collection Set: 6.4ms
[2024-03-29T04:21:48.470+0800][6.347s] GC(2)   Post Evacuate Collection Set: 0.6ms
[2024-03-29T04:21:48.470+0800][6.347s] GC(2)   Other: 0.3ms
[2024-03-29T04:21:48.470+0800][6.347s] GC(2) Eden regions: 77->0(225)
[2024-03-29T04:21:48.470+0800][6.347s] GC(2) Survivor regions: 6->4(11)
[2024-03-29T04:21:48.470+0800][6.347s] GC(2) Old regions: 9->16
[2024-03-29T04:21:48.470+0800][6.347s] GC(2) Humongous regions: 4->4
[2024-03-29T04:21:48.470+0800][6.347s] GC(2) Metaspace: 19784K(20160K)->19784K(20160K) NonClass: 17530K(17728K)->17530K(17728K) Class: 2254K(2432K)->2254K(2432K)
[2024-03-29T04:21:48.470+0800][6.347s] GC(2) Pause Young (Normal) (G1 Evacuation Pause) 95M->22M(512M) 8.213ms
[2024-03-29T04:21:48.470+0800][6.347s] GC(2) User=0.00s Sys=0.00s Real=0.01s
[2024-03-29T04:21:49.496+0800][7.374s] GC(3) Pause Young (Concurrent Start) (Metadata GC Threshold)
[2024-03-29T04:21:49.496+0800][7.374s] GC(3) Using 13 workers of 13 for evacuation
[2024-03-29T04:21:49.500+0800][7.377s] GC(3)   Pre Evacuate Collection Set: 0.6ms
[2024-03-29T04:21:49.500+0800][7.377s] GC(3)   Merge Heap Roots: 0.1ms
[2024-03-29T04:21:49.500+0800][7.378s] GC(3)   Evacuate Collection Set: 1.8ms
[2024-03-29T04:21:49.500+0800][7.378s] GC(3)   Post Evacuate Collection Set: 0.9ms
[2024-03-29T04:21:49.500+0800][7.378s] GC(3)   Other: 0.3ms
[2024-03-29T04:21:49.500+0800][7.378s] GC(3) Eden regions: 66->0(301)
[2024-03-29T04:21:49.500+0800][7.378s] GC(3) Survivor regions: 4->6(30)
[2024-03-29T04:21:49.500+0800][7.378s] GC(3) Old regions: 16->16
[2024-03-29T04:21:49.500+0800][7.378s] GC(3) Humongous regions: 4->4
[2024-03-29T04:21:49.500+0800][7.378s] GC(3) Metaspace: 21073K(21504K)->21073K(21504K) NonClass: 18684K(18880K)->18684K(18880K) Class: 2388K(2624K)->2388K(2624K)
[2024-03-29T04:21:49.500+0800][7.378s] GC(3) Pause Young (Concurrent Start) (Metadata GC Threshold) 88M->24M(512M) 4.141ms
[2024-03-29T04:21:49.501+0800][7.378s] GC(3) User=0.00s Sys=0.00s Real=0.00s
[2024-03-29T04:21:49.501+0800][7.378s] GC(4) Concurrent Mark Cycle
[2024-03-29T04:21:49.501+0800][7.378s] GC(4) Concurrent Scan Root Regions
[2024-03-29T04:21:49.503+0800][7.381s] GC(4) Concurrent Scan Root Regions 2.717ms
[2024-03-29T04:21:49.503+0800][7.381s] GC(4) Concurrent Mark
[2024-03-29T04:21:49.504+0800][7.381s] GC(4) Concurrent Mark From Roots
[2024-03-29T04:21:49.504+0800][7.381s] GC(4) Using 3 workers of 3 for marking
[2024-03-29T04:21:49.524+0800][7.402s] GC(4) Concurrent Mark From Roots 20.870ms
[2024-03-29T04:21:49.524+0800][7.402s] GC(4) Concurrent Preclean
[2024-03-29T04:21:49.525+0800][7.402s] GC(4) Concurrent Preclean 0.071ms
[2024-03-29T04:21:49.539+0800][7.416s] GC(4) Pause Remark
[2024-03-29T04:21:49.542+0800][7.420s] GC(4) Pause Remark 25M->25M(512M) 3.830ms
[2024-03-29T04:21:49.543+0800][7.420s] GC(4) User=0.00s Sys=0.00s Real=0.00s
[2024-03-29T04:21:49.543+0800][7.420s] GC(4) Concurrent Mark 39.200ms
[2024-03-29T04:21:49.543+0800][7.420s] GC(4) Concurrent Rebuild Remembered Sets and Scrub Regions
[2024-03-29T04:21:49.549+0800][7.427s] GC(4) Concurrent Rebuild Remembered Sets and Scrub Regions 6.515ms
[2024-03-29T04:21:49.555+0800][7.432s] GC(4) Pause Cleanup
[2024-03-29T04:21:49.555+0800][7.432s] GC(4) Pause Cleanup 25M->25M(512M) 0.290ms
[2024-03-29T04:21:49.555+0800][7.432s] GC(4) User=0.00s Sys=0.00s Real=0.00s
[2024-03-29T04:21:49.555+0800][7.432s] GC(4) Concurrent Clear Claimed Marks
[2024-03-29T04:21:49.555+0800][7.433s] GC(4) Concurrent Clear Claimed Marks 0.090ms
[2024-03-29T04:21:49.555+0800][7.433s] GC(4) Concurrent Cleanup for Next Mark
[2024-03-29T04:21:49.557+0800][7.435s] GC(4) Concurrent Cleanup for Next Mark 2.037ms
[2024-03-29T04:21:49.557+0800][7.435s] GC(4) Concurrent Mark Cycle 56.832ms
[2024-03-29T04:21:52.806+0800][10.684s] GC(5) Pause Young (Prepare Mixed) (Metadata GC Threshold)
[2024-03-29T04:21:52.807+0800][10.684s] GC(5) Using 13 workers of 13 for evacuation
[2024-03-29T04:21:52.814+0800][10.691s] GC(5)   Pre Evacuate Collection Set: 0.2ms
[2024-03-29T04:21:52.814+0800][10.691s] GC(5)   Merge Heap Roots: 0.1ms
[2024-03-29T04:21:52.814+0800][10.691s] GC(5)   Evacuate Collection Set: 5.5ms
[2024-03-29T04:21:52.814+0800][10.691s] GC(5)   Post Evacuate Collection Set: 1.0ms
[2024-03-29T04:21:52.814+0800][10.691s] GC(5)   Other: 0.2ms
[2024-03-29T04:21:52.814+0800][10.691s] GC(5) Eden regions: 84->0(267)
[2024-03-29T04:21:52.814+0800][10.691s] GC(5) Survivor regions: 6->9(39)
[2024-03-29T04:21:52.814+0800][10.691s] GC(5) Old regions: 16->16
[2024-03-29T04:21:52.814+0800][10.691s] GC(5) Humongous regions: 4->4
[2024-03-29T04:21:52.814+0800][10.691s] GC(5) Metaspace: 36022K(36416K)->36022K(36416K) NonClass: 32018K(32256K)->32018K(32256K) Class: 4003K(4160K)->4003K(4160K)
[2024-03-29T04:21:52.814+0800][10.691s] GC(5) Pause Young (Prepare Mixed) (Metadata GC Threshold) 108M->27M(512M) 7.601ms
[2024-03-29T04:21:52.814+0800][10.691s] GC(5) User=0.00s Sys=0.00s Real=0.01s
[2024-03-29T04:21:52.887+0800][10.765s] GC(6) Pause Young (Mixed) (Metadata GC Threshold)
[2024-03-29T04:21:52.887+0800][10.765s] GC(6) Using 13 workers of 13 for evacuation
[2024-03-29T04:21:52.892+0800][10.769s] GC(6)   Pre Evacuate Collection Set: 0.2ms
[2024-03-29T04:21:52.892+0800][10.769s] GC(6)   Merge Heap Roots: 0.1ms
[2024-03-29T04:21:52.892+0800][10.769s] GC(6)   Evacuate Collection Set: 3.5ms
[2024-03-29T04:21:52.892+0800][10.769s] GC(6)   Post Evacuate Collection Set: 0.7ms
[2024-03-29T04:21:52.892+0800][10.769s] GC(6)   Other: 0.1ms
[2024-03-29T04:21:52.892+0800][10.770s] GC(6) Eden regions: 2->0(263)
[2024-03-29T04:21:52.892+0800][10.770s] GC(6) Survivor regions: 9->10(35)
[2024-03-29T04:21:52.892+0800][10.770s] GC(6) Old regions: 16->15
[2024-03-29T04:21:52.892+0800][10.770s] GC(6) Humongous regions: 4->4
[2024-03-29T04:21:52.892+0800][10.770s] GC(6) Metaspace: 36286K(36736K)->36286K(36736K) NonClass: 32251K(32448K)->32251K(32448K) Class: 4035K(4288K)->4035K(4288K)
[2024-03-29T04:21:52.893+0800][10.770s] GC(6) Pause Young (Mixed) (Metadata GC Threshold) 29M->27M(512M) 5.665ms
[2024-03-29T04:21:52.893+0800][10.770s] GC(6) User=0.02s Sys=0.00s Real=0.01s
[2024-03-29T04:21:52.958+0800][10.835s] GC(7) Pause Young (Concurrent Start) (Metadata GC Threshold)
[2024-03-29T04:21:52.958+0800][10.835s] GC(7) Using 13 workers of 13 for evacuation
[2024-03-29T04:21:52.963+0800][10.840s] GC(7)   Pre Evacuate Collection Set: 0.2ms
[2024-03-29T04:21:52.963+0800][10.840s] GC(7)   Merge Heap Roots: 0.1ms
[2024-03-29T04:21:52.963+0800][10.840s] GC(7)   Evacuate Collection Set: 3.5ms
[2024-03-29T04:21:52.963+0800][10.840s] GC(7)   Post Evacuate Collection Set: 0.7ms
[2024-03-29T04:21:52.963+0800][10.840s] GC(7)   Other: 0.1ms
[2024-03-29T04:21:52.963+0800][10.840s] GC(7) Eden regions: 1->0(297)
[2024-03-29T04:21:52.963+0800][10.840s] GC(7) Survivor regions: 10->10(35)
[2024-03-29T04:21:52.963+0800][10.840s] GC(7) Old regions: 15->15
[2024-03-29T04:21:52.963+0800][10.840s] GC(7) Humongous regions: 4->4
[2024-03-29T04:21:52.963+0800][10.840s] GC(7) Metaspace: 36633K(37056K)->36633K(37056K) NonClass: 32560K(32768K)->32560K(32768K) Class: 4072K(4288K)->4072K(4288K)
[2024-03-29T04:21:52.963+0800][10.840s] GC(7) Pause Young (Concurrent Start) (Metadata GC Threshold) 28M->28M(512M) 5.037ms
[2024-03-29T04:21:52.963+0800][10.840s] GC(7) User=0.00s Sys=0.00s Real=0.01s
[2024-03-29T04:21:52.963+0800][10.840s] GC(8) Concurrent Mark Cycle
[2024-03-29T04:21:52.963+0800][10.841s] GC(8) Concurrent Scan Root Regions
[2024-03-29T04:21:52.966+0800][10.844s] GC(8) Concurrent Scan Root Regions 3.228ms
[2024-03-29T04:21:52.966+0800][10.844s] GC(8) Concurrent Mark
[2024-03-29T04:21:52.966+0800][10.844s] GC(8) Concurrent Mark From Roots
[2024-03-29T04:21:52.966+0800][10.844s] GC(8) Using 3 workers of 3 for marking
[2024-03-29T04:21:52.983+0800][10.860s] GC(8) Concurrent Mark From Roots 16.625ms
[2024-03-29T04:21:52.983+0800][10.861s] GC(8) Concurrent Preclean
[2024-03-29T04:21:52.983+0800][10.861s] GC(8) Concurrent Preclean 0.082ms
[2024-03-29T04:21:52.983+0800][10.861s] GC(8) Pause Remark
[2024-03-29T04:21:52.989+0800][10.867s] GC(8) Pause Remark 29M->29M(512M) 5.836ms
[2024-03-29T04:21:52.989+0800][10.867s] GC(8) User=0.03s Sys=0.02s Real=0.01s
[2024-03-29T04:21:52.989+0800][10.867s] GC(8) Concurrent Mark 22.873ms
[2024-03-29T04:21:52.989+0800][10.867s] GC(8) Concurrent Rebuild Remembered Sets and Scrub Regions
[2024-03-29T04:21:52.996+0800][10.874s] GC(8) Concurrent Rebuild Remembered Sets and Scrub Regions 6.911ms
[2024-03-29T04:21:52.996+0800][10.874s] GC(8) Pause Cleanup
[2024-03-29T04:21:52.997+0800][10.874s] GC(8) Pause Cleanup 29M->29M(512M) 0.227ms
[2024-03-29T04:21:52.997+0800][10.874s] GC(8) User=0.00s Sys=0.00s Real=0.00s
[2024-03-29T04:21:52.997+0800][10.874s] GC(8) Concurrent Clear Claimed Marks
[2024-03-29T04:21:52.997+0800][10.874s] GC(8) Concurrent Clear Claimed Marks 0.104ms
[2024-03-29T04:21:52.997+0800][10.874s] GC(8) Concurrent Cleanup for Next Mark
[2024-03-29T04:21:52.999+0800][10.876s] GC(8) Concurrent Cleanup for Next Mark 1.925ms
[2024-03-29T04:21:52.999+0800][10.876s] GC(8) Concurrent Mark Cycle 35.896ms
