[2024-03-29T04:25:29.380+0800][0.020s] CardTable entry size: 512
[2024-03-29T04:25:29.381+0800][0.020s] Using G1
[2024-03-29T04:25:29.606+0800][0.246s] Version: 21.0.2+13-LTS-58 (release)
[2024-03-29T04:25:29.607+0800][0.246s] CPUs: 16 total, 16 available
[2024-03-29T04:25:29.607+0800][0.246s] Memory: 16158M
[2024-03-29T04:25:29.607+0800][0.246s] Large Page Support: Disabled
[2024-03-29T04:25:29.607+0800][0.246s] NUMA Support: Disabled
[2024-03-29T04:25:29.607+0800][0.246s] Compressed Oops: Enabled (32-bit)
[2024-03-29T04:25:29.607+0800][0.246s] Heap Region Size: 1M
[2024-03-29T04:25:29.607+0800][0.246s] Heap Min Capacity: 512M
[2024-03-29T04:25:29.607+0800][0.246s] Heap Initial Capacity: 512M
[2024-03-29T04:25:29.607+0800][0.246s] Heap Max Capacity: 512M
[2024-03-29T04:25:29.607+0800][0.246s] Pre-touch: Enabled
[2024-03-29T04:25:29.607+0800][0.246s] Parallel Workers: 13
[2024-03-29T04:25:29.607+0800][0.246s] Concurrent Workers: 3
[2024-03-29T04:25:29.607+0800][0.246s] Concurrent Refinement Workers: 13
[2024-03-29T04:25:29.607+0800][0.246s] Periodic GC: Disabled
[2024-03-29T04:25:29.617+0800][0.257s] CDS archive(s) mapped at: [0x0000012692000000-0x0000012692c90000-0x0000012692c90000), size 13172736, SharedBaseAddress: 0x0000012692000000, ArchiveRelocationMode: 1.
[2024-03-29T04:25:29.618+0800][0.257s] Compressed class space mapped at: 0x0000012693000000-0x00000126d3000000, reserved size: 1073741824
[2024-03-29T04:25:29.618+0800][0.257s] Narrow klass base: 0x0000012692000000, Narrow klass shift: 0, Narrow klass range: 0x100000000
[2024-03-29T04:25:30.626+0800][1.265s] GC(0) Pause Young (Normal) (G1 Evacuation Pause)
[2024-03-29T04:25:30.626+0800][1.266s] GC(0) Using 12 workers of 13 for evacuation
[2024-03-29T04:25:30.630+0800][1.269s] GC(0)   Pre Evacuate Collection Set: 0.1ms
[2024-03-29T04:25:30.630+0800][1.269s] GC(0)   Merge Heap Roots: 0.1ms
[2024-03-29T04:25:30.630+0800][1.269s] GC(0)   Evacuate Collection Set: 2.2ms
[2024-03-29T04:25:30.630+0800][1.269s] GC(0)   Post Evacuate Collection Set: 0.5ms
[2024-03-29T04:25:30.630+0800][1.269s] GC(0)   Other: 0.8ms
[2024-03-29T04:25:30.630+0800][1.269s] GC(0) Eden regions: 29->0(42)
[2024-03-29T04:25:30.630+0800][1.269s] GC(0) Survivor regions: 0->4(4)
[2024-03-29T04:25:30.630+0800][1.269s] GC(0) Old regions: 0->0
[2024-03-29T04:25:30.630+0800][1.269s] GC(0) Humongous regions: 0->0
[2024-03-29T04:25:30.630+0800][1.269s] GC(0) Metaspace: 6759K(6912K)->6759K(6912K) NonClass: 5992K(6080K)->5992K(6080K) Class: 767K(832K)->767K(832K)
[2024-03-29T04:25:30.630+0800][1.269s] GC(0) Pause Young (Normal) (G1 Evacuation Pause) 29M->3M(512M) 4.338ms
[2024-03-29T04:25:30.630+0800][1.269s] GC(0) User=0.19s Sys=0.00s Real=0.00s
[2024-03-29T04:25:31.663+0800][2.302s] GC(1) Pause Young (Normal) (G1 Evacuation Pause)
[2024-03-29T04:25:31.663+0800][2.302s] GC(1) Using 13 workers of 13 for evacuation
[2024-03-29T04:25:31.670+0800][2.309s] GC(1)   Pre Evacuate Collection Set: 0.1ms
[2024-03-29T04:25:31.670+0800][2.309s] GC(1)   Merge Heap Roots: 0.1ms
[2024-03-29T04:25:31.670+0800][2.309s] GC(1)   Evacuate Collection Set: 6.6ms
[2024-03-29T04:25:31.670+0800][2.309s] GC(1)   Post Evacuate Collection Set: 0.6ms
[2024-03-29T04:25:31.670+0800][2.309s] GC(1)   Other: 0.2ms
[2024-03-29T04:25:31.670+0800][2.309s] GC(1) Eden regions: 42->0(167)
[2024-03-29T04:25:31.670+0800][2.310s] GC(1) Survivor regions: 4->6(6)
[2024-03-29T04:25:31.670+0800][2.310s] GC(1) Old regions: 0->9
[2024-03-29T04:25:31.670+0800][2.310s] GC(1) Humongous regions: 4->4
[2024-03-29T04:25:31.670+0800][2.310s] GC(1) Metaspace: 18712K(19072K)->18712K(19072K) NonClass: 16574K(16768K)->16574K(16768K) Class: 2137K(2304K)->2137K(2304K)
[2024-03-29T04:25:31.670+0800][2.310s] GC(1) Pause Young (Normal) (G1 Evacuation Pause) 49M->18M(512M) 7.839ms
[2024-03-29T04:25:31.670+0800][2.310s] GC(1) User=0.00s Sys=0.00s Real=0.01s
[2024-03-29T04:25:32.410+0800][3.049s] GC(2) Pause Young (Normal) (G1 Evacuation Pause)
[2024-03-29T04:25:32.410+0800][3.049s] GC(2) Using 13 workers of 13 for evacuation
[2024-03-29T04:25:32.414+0800][3.053s] GC(2)   Pre Evacuate Collection Set: 0.1ms
[2024-03-29T04:25:32.414+0800][3.053s] GC(2)   Merge Heap Roots: 0.1ms
[2024-03-29T04:25:32.414+0800][3.053s] GC(2)   Evacuate Collection Set: 3.1ms
[2024-03-29T04:25:32.414+0800][3.053s] GC(2)   Post Evacuate Collection Set: 0.4ms
[2024-03-29T04:25:32.414+0800][3.053s] GC(2)   Other: 0.2ms
[2024-03-29T04:25:32.414+0800][3.053s] GC(2) Eden regions: 167->0(296)
[2024-03-29T04:25:32.414+0800][3.053s] GC(2) Survivor regions: 6->11(22)
[2024-03-29T04:25:32.414+0800][3.054s] GC(2) Old regions: 9->9
[2024-03-29T04:25:32.414+0800][3.054s] GC(2) Humongous regions: 4->4
[2024-03-29T04:25:32.414+0800][3.054s] GC(2) Metaspace: 19880K(20224K)->19880K(20224K) NonClass: 17618K(17792K)->17618K(17792K) Class: 2261K(2432K)->2261K(2432K)
[2024-03-29T04:25:32.414+0800][3.054s] GC(2) Pause Young (Normal) (G1 Evacuation Pause) 185M->23M(512M) 4.183ms
[2024-03-29T04:25:32.414+0800][3.054s] GC(2) User=0.00s Sys=0.00s Real=0.00s
[2024-03-29T04:25:32.596+0800][3.235s] GC(3) Pause Young (Concurrent Start) (Metadata GC Threshold)
[2024-03-29T04:25:32.596+0800][3.235s] GC(3) Using 13 workers of 13 for evacuation
[2024-03-29T04:25:32.600+0800][3.239s] GC(3)   Pre Evacuate Collection Set: 0.2ms
[2024-03-29T04:25:32.600+0800][3.240s] GC(3)   Merge Heap Roots: 0.1ms
[2024-03-29T04:25:32.600+0800][3.240s] GC(3)   Evacuate Collection Set: 3.2ms
[2024-03-29T04:25:32.600+0800][3.240s] GC(3)   Post Evacuate Collection Set: 0.4ms
[2024-03-29T04:25:32.600+0800][3.240s] GC(3)   Other: 0.2ms
[2024-03-29T04:25:32.600+0800][3.240s] GC(3) Eden regions: 23->0(295)
[2024-03-29T04:25:32.601+0800][3.240s] GC(3) Survivor regions: 11->12(39)
[2024-03-29T04:25:32.601+0800][3.240s] GC(3) Old regions: 9->9
[2024-03-29T04:25:32.601+0800][3.240s] GC(3) Humongous regions: 4->4
[2024-03-29T04:25:32.601+0800][3.240s] GC(3) Metaspace: 21065K(21504K)->21065K(21504K) NonClass: 18673K(18880K)->18673K(18880K) Class: 2392K(2624K)->2392K(2624K)
[2024-03-29T04:25:32.601+0800][3.240s] GC(3) Pause Young (Concurrent Start) (Metadata GC Threshold) 46M->24M(512M) 4.333ms
[2024-03-29T04:25:32.601+0800][3.240s] GC(3) User=0.00s Sys=0.00s Real=0.01s
[2024-03-29T04:25:32.601+0800][3.240s] GC(4) Concurrent Mark Cycle
[2024-03-29T04:25:32.601+0800][3.240s] GC(4) Concurrent Scan Root Regions
[2024-03-29T04:25:32.603+0800][3.242s] GC(4) Concurrent Scan Root Regions 2.467ms
[2024-03-29T04:25:32.603+0800][3.242s] GC(4) Concurrent Mark
[2024-03-29T04:25:32.603+0800][3.242s] GC(4) Concurrent Mark From Roots
[2024-03-29T04:25:32.603+0800][3.242s] GC(4) Using 3 workers of 3 for marking
[2024-03-29T04:25:32.609+0800][3.248s] GC(4) Concurrent Mark From Roots 5.540ms
[2024-03-29T04:25:32.609+0800][3.248s] GC(4) Concurrent Preclean
[2024-03-29T04:25:32.609+0800][3.248s] GC(4) Concurrent Preclean 0.114ms
[2024-03-29T04:25:32.609+0800][3.248s] GC(4) Pause Remark
[2024-03-29T04:25:32.612+0800][3.251s] GC(4) Pause Remark 25M->25M(512M) 2.563ms
[2024-03-29T04:25:32.612+0800][3.251s] GC(4) User=0.11s Sys=0.06s Real=0.00s
[2024-03-29T04:25:32.612+0800][3.251s] GC(4) Concurrent Mark 8.715ms
[2024-03-29T04:25:32.612+0800][3.251s] GC(4) Concurrent Rebuild Remembered Sets and Scrub Regions
[2024-03-29T04:25:32.614+0800][3.254s] GC(4) Concurrent Rebuild Remembered Sets and Scrub Regions 2.411ms
[2024-03-29T04:25:32.615+0800][3.254s] GC(4) Pause Cleanup
[2024-03-29T04:25:32.615+0800][3.254s] GC(4) Pause Cleanup 25M->25M(512M) 0.110ms
[2024-03-29T04:25:32.615+0800][3.254s] GC(4) User=0.00s Sys=0.00s Real=0.00s
[2024-03-29T04:25:32.615+0800][3.254s] GC(4) Concurrent Clear Claimed Marks
[2024-03-29T04:25:32.615+0800][3.254s] GC(4) Concurrent Clear Claimed Marks 0.058ms
[2024-03-29T04:25:32.615+0800][3.254s] GC(4) Concurrent Cleanup for Next Mark
[2024-03-29T04:25:32.616+0800][3.255s] GC(4) Concurrent Cleanup for Next Mark 1.182ms
[2024-03-29T04:25:32.616+0800][3.255s] GC(4) Concurrent Mark Cycle 15.465ms
[2024-03-29T04:25:34.497+0800][5.137s] GC(5) Pause Young (Prepare Mixed) (Metadata GC Threshold)
[2024-03-29T04:25:34.498+0800][5.137s] GC(5) Using 13 workers of 13 for evacuation
[2024-03-29T04:25:34.505+0800][5.144s] GC(5)   Pre Evacuate Collection Set: 0.2ms
[2024-03-29T04:25:34.505+0800][5.144s] GC(5)   Merge Heap Roots: 0.1ms
[2024-03-29T04:25:34.505+0800][5.144s] GC(5)   Evacuate Collection Set: 6.2ms
[2024-03-29T04:25:34.505+0800][5.144s] GC(5)   Post Evacuate Collection Set: 0.7ms
[2024-03-29T04:25:34.505+0800][5.144s] GC(5)   Other: 0.1ms
[2024-03-29T04:25:34.505+0800][5.144s] GC(5) Eden regions: 132->0(291)
[2024-03-29T04:25:34.505+0800][5.144s] GC(5) Survivor regions: 12->16(39)
[2024-03-29T04:25:34.505+0800][5.144s] GC(5) Old regions: 9->9
[2024-03-29T04:25:34.505+0800][5.144s] GC(5) Humongous regions: 4->4
[2024-03-29T04:25:34.505+0800][5.144s] GC(5) Metaspace: 35674K(36160K)->35674K(36160K) NonClass: 31707K(31936K)->31707K(31936K) Class: 3967K(4224K)->3967K(4224K)
[2024-03-29T04:25:34.505+0800][5.144s] GC(5) Pause Young (Prepare Mixed) (Metadata GC Threshold) 156M->28M(512M) 7.799ms
[2024-03-29T04:25:34.505+0800][5.144s] GC(5) User=0.20s Sys=0.00s Real=0.01s
[2024-03-29T04:25:34.514+0800][5.153s] GC(6) Pause Young (Mixed) (Metadata GC Threshold)
[2024-03-29T04:25:34.514+0800][5.153s] GC(6) Using 13 workers of 13 for evacuation
[2024-03-29T04:25:34.521+0800][5.160s] GC(6)   Pre Evacuate Collection Set: 0.1ms
[2024-03-29T04:25:34.521+0800][5.160s] GC(6)   Merge Heap Roots: 0.1ms
[2024-03-29T04:25:34.521+0800][5.160s] GC(6)   Evacuate Collection Set: 5.7ms
[2024-03-29T04:25:34.521+0800][5.160s] GC(6)   Post Evacuate Collection Set: 0.8ms
[2024-03-29T04:25:34.521+0800][5.160s] GC(6)   Other: 0.1ms
[2024-03-29T04:25:34.521+0800][5.160s] GC(6) Eden regions: 2->0(291)
[2024-03-29T04:25:34.521+0800][5.160s] GC(6) Survivor regions: 16->16(39)
[2024-03-29T04:25:34.521+0800][5.160s] GC(6) Old regions: 9->9
[2024-03-29T04:25:34.521+0800][5.160s] GC(6) Humongous regions: 4->4
[2024-03-29T04:25:34.521+0800][5.160s] GC(6) Metaspace: 36025K(36480K)->36025K(36480K) NonClass: 32022K(32256K)->32022K(32256K) Class: 4003K(4224K)->4003K(4224K)
[2024-03-29T04:25:34.521+0800][5.160s] GC(6) Pause Young (Mixed) (Metadata GC Threshold) 29M->27M(512M) 7.245ms
[2024-03-29T04:25:34.521+0800][5.160s] GC(6) User=0.22s Sys=0.00s Real=0.01s
[2024-03-29T04:25:34.538+0800][5.178s] GC(7) Pause Young (Concurrent Start) (Metadata GC Threshold)
[2024-03-29T04:25:34.539+0800][5.178s] GC(7) Using 13 workers of 13 for evacuation
[2024-03-29T04:25:34.546+0800][5.185s] GC(7)   Pre Evacuate Collection Set: 0.2ms
[2024-03-29T04:25:34.546+0800][5.185s] GC(7)   Merge Heap Roots: 0.1ms
[2024-03-29T04:25:34.546+0800][5.185s] GC(7)   Evacuate Collection Set: 6.1ms
[2024-03-29T04:25:34.546+0800][5.185s] GC(7)   Post Evacuate Collection Set: 0.7ms
[2024-03-29T04:25:34.546+0800][5.185s] GC(7)   Other: 0.2ms
[2024-03-29T04:25:34.546+0800][5.185s] GC(7) Eden regions: 1->0(291)
[2024-03-29T04:25:34.546+0800][5.185s] GC(7) Survivor regions: 16->16(39)
[2024-03-29T04:25:34.546+0800][5.185s] GC(7) Old regions: 9->9
[2024-03-29T04:25:34.546+0800][5.185s] GC(7) Humongous regions: 4->4
[2024-03-29T04:25:34.546+0800][5.185s] GC(7) Metaspace: 36363K(36800K)->36363K(36800K) NonClass: 32318K(32512K)->32318K(32512K) Class: 4045K(4288K)->4045K(4288K)
[2024-03-29T04:25:34.546+0800][5.185s] GC(7) Pause Young (Concurrent Start) (Metadata GC Threshold) 28M->27M(512M) 7.690ms
[2024-03-29T04:25:34.546+0800][5.185s] GC(8) Concurrent Mark Cycle
[2024-03-29T04:25:34.546+0800][5.185s] GC(7) User=0.00s Sys=0.00s Real=0.01s
[2024-03-29T04:25:34.546+0800][5.185s] GC(8) Concurrent Scan Root Regions
[2024-03-29T04:25:34.551+0800][5.190s] GC(8) Concurrent Scan Root Regions 4.459ms
[2024-03-29T04:25:34.551+0800][5.190s] GC(8) Concurrent Mark
[2024-03-29T04:25:34.551+0800][5.190s] GC(8) Concurrent Mark From Roots
[2024-03-29T04:25:34.551+0800][5.190s] GC(8) Using 3 workers of 3 for marking
[2024-03-29T04:25:34.559+0800][5.198s] GC(8) Concurrent Mark From Roots 8.507ms
[2024-03-29T04:25:34.559+0800][5.199s] GC(8) Concurrent Preclean
[2024-03-29T04:25:34.559+0800][5.199s] GC(8) Concurrent Preclean 0.161ms
[2024-03-29T04:25:34.571+0800][5.210s] GC(8) Pause Remark
[2024-03-29T04:25:34.574+0800][5.213s] GC(8) Pause Remark 28M->28M(512M) 3.520ms
[2024-03-29T04:25:34.574+0800][5.213s] GC(8) User=0.00s Sys=0.00s Real=0.00s
[2024-03-29T04:25:34.574+0800][5.214s] GC(8) Concurrent Mark 23.633ms
[2024-03-29T04:25:34.574+0800][5.214s] GC(8) Concurrent Rebuild Remembered Sets and Scrub Regions
[2024-03-29T04:25:34.578+0800][5.217s] GC(8) Concurrent Rebuild Remembered Sets and Scrub Regions 3.644ms
[2024-03-29T04:25:34.578+0800][5.217s] GC(8) Pause Cleanup
[2024-03-29T04:25:34.578+0800][5.218s] GC(8) Pause Cleanup 28M->28M(512M) 0.168ms
[2024-03-29T04:25:34.578+0800][5.218s] GC(8) User=0.00s Sys=0.00s Real=0.00s
[2024-03-29T04:25:34.578+0800][5.218s] GC(8) Concurrent Clear Claimed Marks
[2024-03-29T04:25:34.579+0800][5.218s] GC(8) Concurrent Clear Claimed Marks 0.075ms
[2024-03-29T04:25:34.579+0800][5.218s] GC(8) Concurrent Cleanup for Next Mark
[2024-03-29T04:25:34.580+0800][5.219s] GC(8) Concurrent Cleanup for Next Mark 1.246ms
[2024-03-29T04:25:34.580+0800][5.219s] GC(8) Concurrent Mark Cycle 33.718ms
[2024-03-29T04:26:34.169+0800][64.808s] GC(9) Pause Young (Prepare Mixed) (G1 Evacuation Pause)
[2024-03-29T04:26:34.169+0800][64.808s] GC(9) Using 13 workers of 13 for evacuation
[2024-03-29T04:26:34.183+0800][64.822s] GC(9)   Pre Evacuate Collection Set: 0.1ms
[2024-03-29T04:26:34.183+0800][64.822s] GC(9)   Merge Heap Roots: 0.1ms
[2024-03-29T04:26:34.183+0800][64.822s] GC(9)   Evacuate Collection Set: 11.9ms
[2024-03-29T04:26:34.183+0800][64.822s] GC(9)   Post Evacuate Collection Set: 1.5ms
[2024-03-29T04:26:34.183+0800][64.822s] GC(9)   Other: 0.1ms
[2024-03-29T04:26:34.183+0800][64.822s] GC(9) Eden regions: 291->0(273)
[2024-03-29T04:26:34.183+0800][64.822s] GC(9) Survivor regions: 16->34(39)
[2024-03-29T04:26:34.183+0800][64.822s] GC(9) Old regions: 9->9
[2024-03-29T04:26:34.183+0800][64.822s] GC(9) Humongous regions: 4->4
[2024-03-29T04:26:34.183+0800][64.822s] GC(9) Metaspace: 59059K(59648K)->59059K(59648K) NonClass: 51952K(52288K)->51952K(52288K) Class: 7106K(7360K)->7106K(7360K)
[2024-03-29T04:26:34.183+0800][64.822s] GC(9) Pause Young (Prepare Mixed) (G1 Evacuation Pause) 318M->46M(512M) 13.930ms
[2024-03-29T04:26:34.183+0800][64.822s] GC(9) User=0.20s Sys=0.00s Real=0.01s
[2024-03-29T04:32:11.762+0800][402.402s] GC(10) Pause Young (Mixed) (G1 Evacuation Pause)
[2024-03-29T04:32:11.763+0800][402.402s] GC(10) Using 13 workers of 13 for evacuation
[2024-03-29T04:32:11.777+0800][402.416s] GC(10)   Pre Evacuate Collection Set: 0.3ms
[2024-03-29T04:32:11.777+0800][402.416s] GC(10)   Merge Heap Roots: 0.1ms
[2024-03-29T04:32:11.777+0800][402.416s] GC(10)   Evacuate Collection Set: 11.8ms
[2024-03-29T04:32:11.777+0800][402.416s] GC(10)   Post Evacuate Collection Set: 1.8ms
[2024-03-29T04:32:11.777+0800][402.416s] GC(10)   Other: 0.1ms
[2024-03-29T04:32:11.777+0800][402.416s] GC(10) Eden regions: 273->0(284)
[2024-03-29T04:32:11.777+0800][402.416s] GC(10) Survivor regions: 34->23(39)
[2024-03-29T04:32:11.777+0800][402.416s] GC(10) Old regions: 9->24
[2024-03-29T04:32:11.777+0800][402.416s] GC(10) Humongous regions: 5->5
[2024-03-29T04:32:11.777+0800][402.416s] GC(10) Metaspace: 60291K(60992K)->60291K(60992K) NonClass: 53112K(53504K)->53112K(53504K) Class: 7179K(7488K)->7179K(7488K)
[2024-03-29T04:32:11.777+0800][402.416s] GC(10) Pause Young (Mixed) (G1 Evacuation Pause) 320M->50M(512M) 14.462ms
[2024-03-29T04:32:11.777+0800][402.416s] GC(10) User=0.20s Sys=0.00s Real=0.01s
[2024-03-29T04:33:01.651+0800][452.290s] GC(11) Pause Young (Concurrent Start) (Metadata GC Threshold)
[2024-03-29T04:33:01.651+0800][452.290s] GC(11) Using 13 workers of 13 for evacuation
[2024-03-29T04:33:01.658+0800][452.297s] GC(11)   Pre Evacuate Collection Set: 0.3ms
[2024-03-29T04:33:01.658+0800][452.297s] GC(11)   Merge Heap Roots: 0.1ms
[2024-03-29T04:33:01.658+0800][452.298s] GC(11)   Evacuate Collection Set: 6.0ms
[2024-03-29T04:33:01.658+0800][452.298s] GC(11)   Post Evacuate Collection Set: 0.9ms
[2024-03-29T04:33:01.658+0800][452.298s] GC(11)   Other: 0.2ms
[2024-03-29T04:33:01.658+0800][452.298s] GC(11) Eden regions: 23->0(301)
[2024-03-29T04:33:01.658+0800][452.298s] GC(11) Survivor regions: 23->6(39)
[2024-03-29T04:33:01.658+0800][452.298s] GC(11) Old regions: 24->42
[2024-03-29T04:33:01.658+0800][452.298s] GC(11) Humongous regions: 5->5
[2024-03-29T04:33:01.658+0800][452.298s] GC(11) Metaspace: 61057K(61760K)->61057K(61760K) NonClass: 53811K(54144K)->53811K(54144K) Class: 7245K(7616K)->7245K(7616K)
[2024-03-29T04:33:01.658+0800][452.298s] GC(11) Pause Young (Concurrent Start) (Metadata GC Threshold) 73M->52M(512M) 7.891ms
[2024-03-29T04:33:01.658+0800][452.298s] GC(11) User=0.00s Sys=0.00s Real=0.01s
[2024-03-29T04:33:01.658+0800][452.298s] GC(12) Concurrent Mark Cycle
[2024-03-29T04:33:01.659+0800][452.298s] GC(12) Concurrent Scan Root Regions
[2024-03-29T04:33:01.664+0800][452.303s] GC(12) Concurrent Scan Root Regions 5.570ms
[2024-03-29T04:33:01.664+0800][452.303s] GC(12) Concurrent Mark
[2024-03-29T04:33:01.664+0800][452.303s] GC(12) Concurrent Mark From Roots
[2024-03-29T04:33:01.664+0800][452.304s] GC(12) Using 3 workers of 3 for marking
[2024-03-29T04:33:01.675+0800][452.314s] GC(12) Concurrent Mark From Roots 10.472ms
[2024-03-29T04:33:01.675+0800][452.314s] GC(12) Concurrent Preclean
[2024-03-29T04:33:01.675+0800][452.314s] GC(12) Concurrent Preclean 0.087ms
[2024-03-29T04:33:01.675+0800][452.314s] GC(12) Pause Remark
[2024-03-29T04:33:01.681+0800][452.321s] GC(12) Pause Remark 54M->54M(512M) 6.547ms
[2024-03-29T04:33:01.681+0800][452.321s] GC(12) User=0.00s Sys=0.00s Real=0.01s
[2024-03-29T04:33:01.681+0800][452.321s] GC(12) Concurrent Mark 17.311ms
[2024-03-29T04:33:01.681+0800][452.321s] GC(12) Concurrent Rebuild Remembered Sets and Scrub Regions
[2024-03-29T04:33:01.687+0800][452.327s] GC(12) Concurrent Rebuild Remembered Sets and Scrub Regions 5.979ms
[2024-03-29T04:33:01.688+0800][452.327s] GC(12) Pause Cleanup
[2024-03-29T04:33:01.688+0800][452.327s] GC(12) Pause Cleanup 54M->54M(512M) 0.099ms
[2024-03-29T04:33:01.688+0800][452.327s] GC(12) User=0.00s Sys=0.00s Real=0.00s
[2024-03-29T04:33:01.688+0800][452.327s] GC(12) Concurrent Clear Claimed Marks
[2024-03-29T04:33:01.688+0800][452.327s] GC(12) Concurrent Clear Claimed Marks 0.052ms
[2024-03-29T04:33:01.688+0800][452.327s] GC(12) Concurrent Cleanup for Next Mark
[2024-03-29T04:33:01.689+0800][452.328s] GC(12) Concurrent Cleanup for Next Mark 0.777ms
[2024-03-29T04:33:01.689+0800][452.328s] GC(12) Concurrent Mark Cycle 30.155ms
