[2024-04-08T22:03:11.546+0800][0.040s] CardTable entry size: 512
[2024-04-08T22:03:11.547+0800][0.041s] Using G1
[2024-04-08T22:03:11.908+0800][0.402s] Version: 21.0.2+13-LTS-58 (release)
[2024-04-08T22:03:11.908+0800][0.402s] CPUs: 16 total, 16 available
[2024-04-08T22:03:11.908+0800][0.402s] Memory: 16158M
[2024-04-08T22:03:11.908+0800][0.402s] Large Page Support: Disabled
[2024-04-08T22:03:11.908+0800][0.402s] NUMA Support: Disabled
[2024-04-08T22:03:11.908+0800][0.402s] Compressed Oops: Enabled (32-bit)
[2024-04-08T22:03:11.908+0800][0.402s] Heap Region Size: 1M
[2024-04-08T22:03:11.908+0800][0.402s] Heap Min Capacity: 512M
[2024-04-08T22:03:11.908+0800][0.402s] Heap Initial Capacity: 512M
[2024-04-08T22:03:11.908+0800][0.402s] Heap Max Capacity: 512M
[2024-04-08T22:03:11.908+0800][0.402s] Pre-touch: Enabled
[2024-04-08T22:03:11.908+0800][0.402s] Parallel Workers: 13
[2024-04-08T22:03:11.908+0800][0.402s] Concurrent Workers: 3
[2024-04-08T22:03:11.908+0800][0.402s] Concurrent Refinement Workers: 13
[2024-04-08T22:03:11.908+0800][0.402s] Periodic GC: Disabled
[2024-04-08T22:03:11.928+0800][0.422s] CDS archive(s) mapped at: [0x0000013400000000-0x0000013400c90000-0x0000013400c90000), size 13172736, SharedBaseAddress: 0x0000013400000000, ArchiveRelocationMode: 1.
[2024-04-08T22:03:11.928+0800][0.422s] Compressed class space mapped at: 0x0000013401000000-0x0000013441000000, reserved size: 1073741824
[2024-04-08T22:03:11.928+0800][0.422s] Narrow klass base: 0x0000013400000000, Narrow klass shift: 0, Narrow klass range: 0x100000000
[2024-04-08T22:03:13.300+0800][1.794s] GC(0) Pause Young (Normal) (G1 Evacuation Pause)
[2024-04-08T22:03:13.301+0800][1.795s] GC(0) Using 12 workers of 13 for evacuation
[2024-04-08T22:03:13.305+0800][1.799s] GC(0)   Pre Evacuate Collection Set: 0.2ms
[2024-04-08T22:03:13.306+0800][1.799s] GC(0)   Merge Heap Roots: 0.1ms
[2024-04-08T22:03:13.306+0800][1.800s] GC(0)   Evacuate Collection Set: 3.2ms
[2024-04-08T22:03:13.306+0800][1.800s] GC(0)   Post Evacuate Collection Set: 0.7ms
[2024-04-08T22:03:13.306+0800][1.800s] GC(0)   Other: 1.0ms
[2024-04-08T22:03:13.306+0800][1.800s] GC(0) Eden regions: 29->0(42)
[2024-04-08T22:03:13.306+0800][1.800s] GC(0) Survivor regions: 0->4(4)
[2024-04-08T22:03:13.306+0800][1.800s] GC(0) Old regions: 0->0
[2024-04-08T22:03:13.306+0800][1.800s] GC(0) Humongous regions: 0->0
[2024-04-08T22:03:13.306+0800][1.800s] GC(0) Metaspace: 7077K(7296K)->7077K(7296K) NonClass: 6269K(6400K)->6269K(6400K) Class: 807K(896K)->807K(896K)
[2024-04-08T22:03:13.306+0800][1.800s] GC(0) Pause Young (Normal) (G1 Evacuation Pause) 29M->3M(512M) 5.880ms
[2024-04-08T22:03:13.306+0800][1.800s] GC(0) User=0.00s Sys=0.00s Real=0.01s
[2024-04-08T22:03:14.818+0800][3.312s] GC(1) Pause Young (Normal) (G1 Evacuation Pause)
[2024-04-08T22:03:14.818+0800][3.312s] GC(1) Using 13 workers of 13 for evacuation
[2024-04-08T22:03:14.829+0800][3.323s] GC(1)   Pre Evacuate Collection Set: 0.2ms
[2024-04-08T22:03:14.829+0800][3.323s] GC(1)   Merge Heap Roots: 0.1ms
[2024-04-08T22:03:14.829+0800][3.323s] GC(1)   Evacuate Collection Set: 10.1ms
[2024-04-08T22:03:14.829+0800][3.323s] GC(1)   Post Evacuate Collection Set: 0.8ms
[2024-04-08T22:03:14.829+0800][3.323s] GC(1)   Other: 0.2ms
[2024-04-08T22:03:14.829+0800][3.323s] GC(1) Eden regions: 42->0(276)
[2024-04-08T22:03:14.830+0800][3.323s] GC(1) Survivor regions: 4->6(6)
[2024-04-08T22:03:14.830+0800][3.324s] GC(1) Old regions: 0->9
[2024-04-08T22:03:14.830+0800][3.324s] GC(1) Humongous regions: 4->4
[2024-04-08T22:03:14.830+0800][3.324s] GC(1) Metaspace: 18709K(19136K)->18709K(19136K) NonClass: 16573K(16832K)->16573K(16832K) Class: 2136K(2304K)->2136K(2304K)
[2024-04-08T22:03:14.830+0800][3.324s] GC(1) Pause Young (Normal) (G1 Evacuation Pause) 49M->18M(512M) 11.945ms
[2024-04-08T22:03:14.830+0800][3.324s] GC(1) User=0.19s Sys=0.00s Real=0.01s
[2024-04-08T22:03:16.519+0800][5.013s] GC(2) Pause Young (Concurrent Start) (Metadata GC Threshold)
[2024-04-08T22:03:16.519+0800][5.013s] GC(2) Using 13 workers of 13 for evacuation
[2024-04-08T22:03:16.526+0800][5.020s] GC(2)   Pre Evacuate Collection Set: 0.3ms
[2024-04-08T22:03:16.526+0800][5.020s] GC(2)   Merge Heap Roots: 0.1ms
[2024-04-08T22:03:16.526+0800][5.020s] GC(2)   Evacuate Collection Set: 4.8ms
[2024-04-08T22:03:16.526+0800][5.020s] GC(2)   Post Evacuate Collection Set: 0.8ms
[2024-04-08T22:03:16.526+0800][5.020s] GC(2)   Other: 0.4ms
[2024-04-08T22:03:16.526+0800][5.020s] GC(2) Eden regions: 188->0(295)
[2024-04-08T22:03:16.526+0800][5.020s] GC(2) Survivor regions: 6->12(36)
[2024-04-08T22:03:16.526+0800][5.020s] GC(2) Old regions: 9->9
[2024-04-08T22:03:16.526+0800][5.020s] GC(2) Humongous regions: 4->4
[2024-04-08T22:03:16.526+0800][5.020s] GC(2) Metaspace: 21079K(21504K)->21079K(21504K) NonClass: 18688K(18880K)->18688K(18880K) Class: 2390K(2624K)->2390K(2624K)
[2024-04-08T22:03:16.526+0800][5.020s] GC(2) Pause Young (Concurrent Start) (Metadata GC Threshold) 206M->24M(512M) 6.745ms
[2024-04-08T22:03:16.526+0800][5.020s] GC(3) Concurrent Mark Cycle
[2024-04-08T22:03:16.526+0800][5.020s] GC(2) User=0.16s Sys=0.02s Real=0.01s
[2024-04-08T22:03:16.526+0800][5.020s] GC(3) Concurrent Scan Root Regions
[2024-04-08T22:03:16.529+0800][5.023s] GC(3) Concurrent Scan Root Regions 3.136ms
[2024-04-08T22:03:16.529+0800][5.023s] GC(3) Concurrent Mark
[2024-04-08T22:03:16.529+0800][5.023s] GC(3) Concurrent Mark From Roots
[2024-04-08T22:03:16.529+0800][5.023s] GC(3) Using 3 workers of 3 for marking
[2024-04-08T22:03:16.538+0800][5.032s] GC(3) Concurrent Mark From Roots 8.303ms
[2024-04-08T22:03:16.538+0800][5.032s] GC(3) Concurrent Preclean
[2024-04-08T22:03:16.538+0800][5.032s] GC(3) Concurrent Preclean 0.073ms
[2024-04-08T22:03:16.538+0800][5.032s] GC(3) Pause Remark
[2024-04-08T22:03:16.542+0800][5.036s] GC(3) Pause Remark 25M->25M(512M) 3.990ms
[2024-04-08T22:03:16.542+0800][5.036s] GC(3) User=0.06s Sys=0.00s Real=0.00s
[2024-04-08T22:03:16.543+0800][5.036s] GC(3) Concurrent Mark 13.144ms
[2024-04-08T22:03:16.543+0800][5.037s] GC(3) Concurrent Rebuild Remembered Sets and Scrub Regions
[2024-04-08T22:03:16.547+0800][5.041s] GC(3) Concurrent Rebuild Remembered Sets and Scrub Regions 4.043ms
[2024-04-08T22:03:16.547+0800][5.041s] GC(3) Pause Cleanup
[2024-04-08T22:03:16.548+0800][5.042s] GC(3) Pause Cleanup 25M->25M(512M) 0.237ms
[2024-04-08T22:03:16.548+0800][5.042s] GC(3) User=0.00s Sys=0.00s Real=0.00s
[2024-04-08T22:03:16.548+0800][5.042s] GC(3) Concurrent Clear Claimed Marks
[2024-04-08T22:03:16.548+0800][5.042s] GC(3) Concurrent Clear Claimed Marks 0.065ms
[2024-04-08T22:03:16.548+0800][5.042s] GC(3) Concurrent Cleanup for Next Mark
[2024-04-08T22:03:16.549+0800][5.043s] GC(3) Concurrent Cleanup for Next Mark 0.944ms
[2024-04-08T22:03:16.549+0800][5.043s] GC(3) Concurrent Mark Cycle 22.876ms
[2024-04-08T22:03:18.944+0800][7.438s] GC(4) Pause Young (Concurrent Start) (Metadata GC Threshold)
[2024-04-08T22:03:18.944+0800][7.438s] GC(4) Using 13 workers of 13 for evacuation
[2024-04-08T22:03:18.952+0800][7.446s] GC(4)   Pre Evacuate Collection Set: 0.3ms
[2024-04-08T22:03:18.952+0800][7.446s] GC(4)   Merge Heap Roots: 0.3ms
[2024-04-08T22:03:18.952+0800][7.446s] GC(4)   Evacuate Collection Set: 6.2ms
[2024-04-08T22:03:18.952+0800][7.446s] GC(4)   Post Evacuate Collection Set: 0.8ms
[2024-04-08T22:03:18.952+0800][7.446s] GC(4)   Other: 0.2ms
[2024-04-08T22:03:18.952+0800][7.446s] GC(4) Eden regions: 101->0(291)
[2024-04-08T22:03:18.952+0800][7.447s] GC(4) Survivor regions: 12->16(39)
[2024-04-08T22:03:18.952+0800][7.447s] GC(4) Old regions: 9->9
[2024-04-08T22:03:18.952+0800][7.447s] GC(4) Humongous regions: 4->4
[2024-04-08T22:03:18.952+0800][7.447s] GC(4) Metaspace: 35883K(36288K)->35883K(36288K) NonClass: 31896K(32128K)->31896K(32128K) Class: 3986K(4160K)->3986K(4160K)
[2024-04-08T22:03:18.952+0800][7.447s] GC(4) Pause Young (Concurrent Start) (Metadata GC Threshold) 124M->28M(512M) 8.418ms
[2024-04-08T22:03:18.952+0800][7.447s] GC(5) Concurrent Mark Cycle
[2024-04-08T22:03:18.952+0800][7.447s] GC(4) User=0.22s Sys=0.00s Real=0.01s
[2024-04-08T22:03:18.952+0800][7.447s] GC(5) Concurrent Scan Root Regions
[2024-04-08T22:03:18.957+0800][7.451s] GC(5) Concurrent Scan Root Regions 4.585ms
[2024-04-08T22:03:18.957+0800][7.451s] GC(5) Concurrent Mark
[2024-04-08T22:03:18.957+0800][7.451s] GC(5) Concurrent Mark From Roots
[2024-04-08T22:03:18.957+0800][7.451s] GC(5) Using 3 workers of 3 for marking
[2024-04-08T22:03:18.967+0800][7.461s] GC(5) Concurrent Mark From Roots 9.752ms
[2024-04-08T22:03:18.967+0800][7.461s] GC(5) Concurrent Preclean
[2024-04-08T22:03:18.967+0800][7.461s] GC(5) Concurrent Preclean 0.114ms
[2024-04-08T22:03:18.973+0800][7.467s] GC(5) Pause Remark
[2024-04-08T22:03:18.978+0800][7.472s] GC(5) Pause Remark 29M->29M(512M) 5.260ms
[2024-04-08T22:03:18.978+0800][7.472s] GC(5) User=0.02s Sys=0.02s Real=0.00s
[2024-04-08T22:03:18.978+0800][7.473s] GC(5) Concurrent Mark 21.233ms
[2024-04-08T22:03:18.978+0800][7.473s] GC(5) Concurrent Rebuild Remembered Sets and Scrub Regions
[2024-04-08T22:03:18.983+0800][7.478s] GC(5) Concurrent Rebuild Remembered Sets and Scrub Regions 5.046ms
[2024-04-08T22:03:18.983+0800][7.478s] GC(5) Pause Cleanup
[2024-04-08T22:03:18.984+0800][7.478s] GC(5) Pause Cleanup 29M->29M(512M) 0.185ms
[2024-04-08T22:03:18.984+0800][7.478s] GC(5) User=0.00s Sys=0.00s Real=0.00s
[2024-04-08T22:03:18.984+0800][7.478s] GC(5) Concurrent Clear Claimed Marks
[2024-04-08T22:03:18.984+0800][7.478s] GC(5) Concurrent Clear Claimed Marks 0.088ms
[2024-04-08T22:03:18.984+0800][7.478s] GC(5) Concurrent Cleanup for Next Mark
[2024-04-08T22:03:18.985+0800][7.480s] GC(5) Concurrent Cleanup for Next Mark 1.182ms
[2024-04-08T22:03:18.985+0800][7.480s] GC(5) Concurrent Mark Cycle 32.947ms
[2024-04-08T22:03:35.981+0800][24.475s] GC(6) Pause Young (Normal) (G1 Evacuation Pause)
[2024-04-08T22:03:35.981+0800][24.475s] GC(6) Using 13 workers of 13 for evacuation
[2024-04-08T22:03:36.004+0800][24.498s] GC(6)   Pre Evacuate Collection Set: 0.2ms
[2024-04-08T22:03:36.004+0800][24.498s] GC(6)   Merge Heap Roots: 0.2ms
[2024-04-08T22:03:36.004+0800][24.498s] GC(6)   Evacuate Collection Set: 20.0ms
[2024-04-08T22:03:36.004+0800][24.498s] GC(6)   Post Evacuate Collection Set: 2.3ms
[2024-04-08T22:03:36.004+0800][24.498s] GC(6)   Other: 0.2ms
[2024-04-08T22:03:36.004+0800][24.498s] GC(6) Eden regions: 291->0(273)
[2024-04-08T22:03:36.004+0800][24.498s] GC(6) Survivor regions: 16->34(39)
[2024-04-08T22:03:36.004+0800][24.498s] GC(6) Old regions: 9->9
[2024-04-08T22:03:36.004+0800][24.498s] GC(6) Humongous regions: 4->4
[2024-04-08T22:03:36.004+0800][24.498s] GC(6) Metaspace: 59647K(60224K)->59647K(60224K) NonClass: 52497K(52800K)->52497K(52800K) Class: 7149K(7424K)->7149K(7424K)
[2024-04-08T22:03:36.005+0800][24.498s] GC(6) Pause Young (Normal) (G1 Evacuation Pause) 319M->46M(512M) 23.380ms
[2024-04-08T22:03:36.005+0800][24.499s] GC(6) User=0.19s Sys=0.02s Real=0.02s
[2024-04-08T22:06:10.062+0800][178.556s] GC(7) Pause Young (Concurrent Start) (Metadata GC Threshold)
[2024-04-08T22:06:10.062+0800][178.556s] GC(7) Using 13 workers of 13 for evacuation
[2024-04-08T22:06:10.077+0800][178.571s] GC(7)   Pre Evacuate Collection Set: 0.2ms
[2024-04-08T22:06:10.077+0800][178.571s] GC(7)   Merge Heap Roots: 0.1ms
[2024-04-08T22:06:10.077+0800][178.571s] GC(7)   Evacuate Collection Set: 12.9ms
[2024-04-08T22:06:10.077+0800][178.571s] GC(7)   Post Evacuate Collection Set: 1.7ms
[2024-04-08T22:06:10.078+0800][178.571s] GC(7)   Other: 0.2ms
[2024-04-08T22:06:10.078+0800][178.571s] GC(7) Eden regions: 9->0(287)
[2024-04-08T22:06:10.078+0800][178.572s] GC(7) Survivor regions: 34->20(39)
[2024-04-08T22:06:10.078+0800][178.572s] GC(7) Old regions: 9->23
[2024-04-08T22:06:10.078+0800][178.572s] GC(7) Humongous regions: 4->4
[2024-04-08T22:06:10.078+0800][178.572s] GC(7) Metaspace: 60340K(60928K)->60340K(60928K) NonClass: 53111K(53440K)->53111K(53440K) Class: 7229K(7488K)->7229K(7488K)
[2024-04-08T22:06:10.078+0800][178.572s] GC(7) Pause Young (Concurrent Start) (Metadata GC Threshold) 55M->46M(512M) 15.526ms
[2024-04-08T22:06:10.078+0800][178.572s] GC(7) User=0.22s Sys=0.00s Real=0.02s
[2024-04-08T22:06:10.078+0800][178.572s] GC(8) Concurrent Mark Cycle
[2024-04-08T22:06:10.078+0800][178.572s] GC(8) Concurrent Scan Root Regions
[2024-04-08T22:06:10.089+0800][178.583s] GC(8) Concurrent Scan Root Regions 10.659ms
[2024-04-08T22:06:10.089+0800][178.583s] GC(8) Concurrent Mark
[2024-04-08T22:06:10.089+0800][178.583s] GC(8) Concurrent Mark From Roots
[2024-04-08T22:06:10.089+0800][178.583s] GC(8) Using 3 workers of 3 for marking
[2024-04-08T22:06:10.096+0800][178.590s] GC(8) Concurrent Mark From Roots 7.772ms
[2024-04-08T22:06:10.097+0800][178.590s] GC(8) Concurrent Preclean
[2024-04-08T22:06:10.097+0800][178.591s] GC(8) Concurrent Preclean 0.067ms
[2024-04-08T22:06:10.097+0800][178.591s] GC(8) Pause Remark
[2024-04-08T22:06:10.103+0800][178.597s] GC(8) Pause Remark 48M->48M(512M) 6.149ms
[2024-04-08T22:06:10.103+0800][178.597s] GC(8) User=0.00s Sys=0.00s Real=0.01s
[2024-04-08T22:06:10.103+0800][178.597s] GC(8) Concurrent Mark 14.414ms
[2024-04-08T22:06:10.103+0800][178.597s] GC(8) Concurrent Rebuild Remembered Sets and Scrub Regions
[2024-04-08T22:06:10.110+0800][178.604s] GC(8) Concurrent Rebuild Remembered Sets and Scrub Regions 6.408ms
[2024-04-08T22:06:10.110+0800][178.604s] GC(8) Pause Cleanup
[2024-04-08T22:06:10.110+0800][178.604s] GC(8) Pause Cleanup 48M->48M(512M) 0.191ms
[2024-04-08T22:06:10.110+0800][178.604s] GC(8) User=0.00s Sys=0.00s Real=0.00s
[2024-04-08T22:06:10.110+0800][178.604s] GC(8) Concurrent Clear Claimed Marks
[2024-04-08T22:06:10.110+0800][178.604s] GC(8) Concurrent Clear Claimed Marks 0.096ms
[2024-04-08T22:06:10.110+0800][178.604s] GC(8) Concurrent Cleanup for Next Mark
[2024-04-08T22:06:10.111+0800][178.605s] GC(8) Concurrent Cleanup for Next Mark 0.907ms
[2024-04-08T22:06:10.111+0800][178.605s] GC(8) Concurrent Mark Cycle 33.326ms
[2024-04-08T22:06:42.679+0800][211.173s] GC(9) Pause Young (Prepare Mixed) (G1 Evacuation Pause)
[2024-04-08T22:06:42.679+0800][211.173s] GC(9) Using 13 workers of 13 for evacuation
[2024-04-08T22:06:42.691+0800][211.186s] GC(9)   Pre Evacuate Collection Set: 0.3ms
[2024-04-08T22:06:42.692+0800][211.186s] GC(9)   Merge Heap Roots: 0.1ms
[2024-04-08T22:06:42.692+0800][211.186s] GC(9)   Evacuate Collection Set: 10.0ms
[2024-04-08T22:06:42.692+0800][211.186s] GC(9)   Post Evacuate Collection Set: 1.8ms
[2024-04-08T22:06:42.692+0800][211.186s] GC(9)   Other: 0.2ms
[2024-04-08T22:06:42.692+0800][211.186s] GC(9) Eden regions: 287->0(285)
[2024-04-08T22:06:42.692+0800][211.186s] GC(9) Survivor regions: 20->22(39)
[2024-04-08T22:06:42.692+0800][211.186s] GC(9) Old regions: 23->23
[2024-04-08T22:06:42.692+0800][211.186s] GC(9) Humongous regions: 4->4
[2024-04-08T22:06:42.692+0800][211.186s] GC(9) Metaspace: 63819K(64512K)->63819K(64512K) NonClass: 56208K(56576K)->56208K(56576K) Class: 7611K(7936K)->7611K(7936K)
[2024-04-08T22:06:42.692+0800][211.186s] GC(9) Pause Young (Prepare Mixed) (G1 Evacuation Pause) 333M->48M(512M) 12.872ms
[2024-04-08T22:06:42.692+0800][211.186s] GC(9) User=0.20s Sys=0.00s Real=0.01s
[2024-04-08T22:06:45.451+0800][213.946s] GC(10) Pause Young (Mixed) (G1 Evacuation Pause)
[2024-04-08T22:06:45.451+0800][213.946s] GC(10) Using 13 workers of 13 for evacuation
[2024-04-08T22:06:45.471+0800][213.966s] GC(10)   Pre Evacuate Collection Set: 0.2ms
[2024-04-08T22:06:45.472+0800][213.966s] GC(10)   Merge Heap Roots: 0.1ms
[2024-04-08T22:06:45.472+0800][213.966s] GC(10)   Evacuate Collection Set: 17.6ms
[2024-04-08T22:06:45.472+0800][213.967s] GC(10)   Post Evacuate Collection Set: 2.4ms
[2024-04-08T22:06:45.472+0800][213.967s] GC(10)   Other: 0.1ms
[2024-04-08T22:06:45.472+0800][213.967s] GC(10) Eden regions: 285->0(302)
[2024-04-08T22:06:45.472+0800][213.967s] GC(10) Survivor regions: 22->5(39)
[2024-04-08T22:06:45.472+0800][213.967s] GC(10) Old regions: 23->40
[2024-04-08T22:06:45.472+0800][213.967s] GC(10) Humongous regions: 4->4
[2024-04-08T22:06:45.472+0800][213.967s] GC(10) Metaspace: 64287K(64960K)->64287K(64960K) NonClass: 56674K(57024K)->56674K(57024K) Class: 7613K(7936K)->7613K(7936K)
[2024-04-08T22:06:45.473+0800][213.967s] GC(10) Pause Young (Mixed) (G1 Evacuation Pause) 333M->48M(512M) 21.589ms
[2024-04-08T22:06:45.473+0800][213.967s] GC(10) User=0.22s Sys=0.00s Real=0.02s
[2024-04-08T22:06:47.812+0800][216.307s] GC(11) Pause Young (Normal) (G1 Evacuation Pause)
[2024-04-08T22:06:47.812+0800][216.307s] GC(11) Using 13 workers of 13 for evacuation
[2024-04-08T22:06:47.816+0800][216.311s] GC(11)   Pre Evacuate Collection Set: 0.2ms
[2024-04-08T22:06:47.816+0800][216.311s] GC(11)   Merge Heap Roots: 0.2ms
[2024-04-08T22:06:47.816+0800][216.311s] GC(11)   Evacuate Collection Set: 2.2ms
[2024-04-08T22:06:47.817+0800][216.311s] GC(11)   Post Evacuate Collection Set: 1.1ms
[2024-04-08T22:06:47.817+0800][216.311s] GC(11)   Other: 0.2ms
[2024-04-08T22:06:47.817+0800][216.311s] GC(11) Eden regions: 302->0(303)
[2024-04-08T22:06:47.817+0800][216.311s] GC(11) Survivor regions: 5->4(39)
[2024-04-08T22:06:47.817+0800][216.311s] GC(11) Old regions: 40->40
[2024-04-08T22:06:47.817+0800][216.311s] GC(11) Humongous regions: 4->4
[2024-04-08T22:06:47.817+0800][216.311s] GC(11) Metaspace: 64691K(65344K)->64691K(65344K) NonClass: 57076K(57408K)->57076K(57408K) Class: 7614K(7936K)->7614K(7936K)
[2024-04-08T22:06:47.817+0800][216.311s] GC(11) Pause Young (Normal) (G1 Evacuation Pause) 350M->47M(512M) 4.392ms
[2024-04-08T22:06:47.817+0800][216.312s] GC(11) User=0.00s Sys=0.00s Real=0.00s
[2024-04-08T22:06:50.997+0800][219.491s] GC(12) Pause Young (Normal) (G1 Evacuation Pause)
[2024-04-08T22:06:50.997+0800][219.491s] GC(12) Using 13 workers of 13 for evacuation
[2024-04-08T22:06:51.001+0800][219.495s] GC(12)   Pre Evacuate Collection Set: 0.4ms
[2024-04-08T22:06:51.001+0800][219.495s] GC(12)   Merge Heap Roots: 0.2ms
[2024-04-08T22:06:51.001+0800][219.496s] GC(12)   Evacuate Collection Set: 2.5ms
[2024-04-08T22:06:51.001+0800][219.496s] GC(12)   Post Evacuate Collection Set: 0.8ms
[2024-04-08T22:06:51.001+0800][219.496s] GC(12)   Other: 0.1ms
[2024-04-08T22:06:51.001+0800][219.496s] GC(12) Eden regions: 303->0(303)
[2024-04-08T22:06:51.001+0800][219.496s] GC(12) Survivor regions: 4->4(39)
[2024-04-08T22:06:51.001+0800][219.496s] GC(12) Old regions: 40->40
[2024-04-08T22:06:51.001+0800][219.496s] GC(12) Humongous regions: 4->4
[2024-04-08T22:06:51.001+0800][219.496s] GC(12) Metaspace: 64885K(65600K)->64885K(65600K) NonClass: 57270K(57664K)->57270K(57664K) Class: 7615K(7936K)->7615K(7936K)
[2024-04-08T22:06:51.001+0800][219.496s] GC(12) Pause Young (Normal) (G1 Evacuation Pause) 350M->47M(512M) 4.538ms
[2024-04-08T22:06:51.001+0800][219.496s] GC(12) User=0.00s Sys=0.00s Real=0.00s
[2024-04-08T22:06:54.375+0800][222.868s] GC(13) Pause Young (Normal) (G1 Evacuation Pause)
[2024-04-08T22:06:54.375+0800][222.869s] GC(13) Using 13 workers of 13 for evacuation
[2024-04-08T22:06:54.380+0800][222.874s] GC(13)   Pre Evacuate Collection Set: 0.2ms
[2024-04-08T22:06:54.380+0800][222.874s] GC(13)   Merge Heap Roots: 0.2ms
[2024-04-08T22:06:54.380+0800][222.874s] GC(13)   Evacuate Collection Set: 3.9ms
[2024-04-08T22:06:54.381+0800][222.874s] GC(13)   Post Evacuate Collection Set: 1.0ms
[2024-04-08T22:06:54.381+0800][222.874s] GC(13)   Other: 0.2ms
[2024-04-08T22:06:54.381+0800][222.874s] GC(13) Eden regions: 303->0(303)
[2024-04-08T22:06:54.381+0800][222.875s] GC(13) Survivor regions: 4->4(39)
[2024-04-08T22:06:54.381+0800][222.875s] GC(13) Old regions: 40->40
[2024-04-08T22:06:54.381+0800][222.875s] GC(13) Humongous regions: 4->4
[2024-04-08T22:06:54.381+0800][222.875s] GC(13) Metaspace: 65053K(65792K)->65053K(65792K) NonClass: 57437K(57856K)->57437K(57856K) Class: 7615K(7936K)->7615K(7936K)
[2024-04-08T22:06:54.381+0800][222.875s] GC(13) Pause Young (Normal) (G1 Evacuation Pause) 350M->47M(512M) 6.253ms
[2024-04-08T22:06:54.381+0800][222.875s] GC(13) User=0.00s Sys=0.00s Real=0.01s
[2024-04-08T22:06:57.630+0800][226.124s] GC(14) Pause Young (Normal) (G1 Evacuation Pause)
[2024-04-08T22:06:57.630+0800][226.124s] GC(14) Using 13 workers of 13 for evacuation
[2024-04-08T22:06:57.637+0800][226.131s] GC(14)   Pre Evacuate Collection Set: 0.3ms
[2024-04-08T22:06:57.637+0800][226.131s] GC(14)   Merge Heap Roots: 0.2ms
[2024-04-08T22:06:57.637+0800][226.131s] GC(14)   Evacuate Collection Set: 4.6ms
[2024-04-08T22:06:57.637+0800][226.131s] GC(14)   Post Evacuate Collection Set: 1.2ms
[2024-04-08T22:06:57.637+0800][226.131s] GC(14)   Other: 0.2ms
[2024-04-08T22:06:57.637+0800][226.131s] GC(14) Eden regions: 303->0(303)
[2024-04-08T22:06:57.637+0800][226.131s] GC(14) Survivor regions: 4->4(39)
[2024-04-08T22:06:57.637+0800][226.131s] GC(14) Old regions: 40->40
[2024-04-08T22:06:57.637+0800][226.131s] GC(14) Humongous regions: 4->4
[2024-04-08T22:06:57.637+0800][226.131s] GC(14) Metaspace: 65235K(65920K)->65235K(65920K) NonClass: 57619K(57984K)->57619K(57984K) Class: 7616K(7936K)->7616K(7936K)
[2024-04-08T22:06:57.638+0800][226.131s] GC(14) Pause Young (Normal) (G1 Evacuation Pause) 350M->47M(512M) 7.216ms
[2024-04-08T22:06:57.638+0800][226.131s] GC(14) User=0.19s Sys=0.00s Real=0.01s
[2024-04-08T22:07:00.333+0800][228.827s] GC(15) Pause Young (Normal) (G1 Evacuation Pause)
[2024-04-08T22:07:00.334+0800][228.827s] GC(15) Using 13 workers of 13 for evacuation
[2024-04-08T22:07:00.337+0800][228.831s] GC(15)   Pre Evacuate Collection Set: 0.2ms
[2024-04-08T22:07:00.337+0800][228.831s] GC(15)   Merge Heap Roots: 0.1ms
[2024-04-08T22:07:00.337+0800][228.831s] GC(15)   Evacuate Collection Set: 2.5ms
[2024-04-08T22:07:00.337+0800][228.831s] GC(15)   Post Evacuate Collection Set: 0.6ms
[2024-04-08T22:07:00.337+0800][228.831s] GC(15)   Other: 0.1ms
[2024-04-08T22:07:00.337+0800][228.831s] GC(15) Eden regions: 303->0(303)
[2024-04-08T22:07:00.337+0800][228.831s] GC(15) Survivor regions: 4->4(39)
[2024-04-08T22:07:00.337+0800][228.831s] GC(15) Old regions: 40->40
[2024-04-08T22:07:00.337+0800][228.831s] GC(15) Humongous regions: 4->4
[2024-04-08T22:07:00.337+0800][228.831s] GC(15) Metaspace: 65448K(66176K)->65448K(66176K) NonClass: 57832K(58240K)->57832K(58240K) Class: 7616K(7936K)->7616K(7936K)
[2024-04-08T22:07:00.337+0800][228.831s] GC(15) Pause Young (Normal) (G1 Evacuation Pause) 350M->47M(512M) 4.003ms
[2024-04-08T22:07:00.338+0800][228.831s] GC(15) User=0.02s Sys=0.00s Real=0.01s
[2024-04-08T22:07:02.552+0800][231.047s] GC(16) Pause Young (Normal) (G1 Evacuation Pause)
[2024-04-08T22:07:02.553+0800][231.047s] GC(16) Using 13 workers of 13 for evacuation
[2024-04-08T22:07:02.556+0800][231.051s] GC(16)   Pre Evacuate Collection Set: 0.2ms
[2024-04-08T22:07:02.556+0800][231.051s] GC(16)   Merge Heap Roots: 0.1ms
[2024-04-08T22:07:02.556+0800][231.051s] GC(16)   Evacuate Collection Set: 2.5ms
[2024-04-08T22:07:02.556+0800][231.051s] GC(16)   Post Evacuate Collection Set: 0.7ms
[2024-04-08T22:07:02.556+0800][231.051s] GC(16)   Other: 0.1ms
[2024-04-08T22:07:02.556+0800][231.051s] GC(16) Eden regions: 303->0(303)
[2024-04-08T22:07:02.556+0800][231.051s] GC(16) Survivor regions: 4->4(39)
[2024-04-08T22:07:02.556+0800][231.051s] GC(16) Old regions: 40->40
[2024-04-08T22:07:02.556+0800][231.051s] GC(16) Humongous regions: 4->4
[2024-04-08T22:07:02.556+0800][231.051s] GC(16) Metaspace: 65486K(66176K)->65486K(66176K) NonClass: 57870K(58240K)->57870K(58240K) Class: 7616K(7936K)->7616K(7936K)
[2024-04-08T22:07:02.557+0800][231.051s] GC(16) Pause Young (Normal) (G1 Evacuation Pause) 350M->47M(512M) 4.033ms
[2024-04-08T22:07:02.557+0800][231.051s] GC(16) User=0.00s Sys=0.02s Real=0.00s
[2024-04-08T22:07:04.649+0800][233.143s] GC(17) Pause Young (Normal) (G1 Evacuation Pause)
[2024-04-08T22:07:04.649+0800][233.143s] GC(17) Using 13 workers of 13 for evacuation
[2024-04-08T22:07:04.653+0800][233.147s] GC(17)   Pre Evacuate Collection Set: 0.3ms
[2024-04-08T22:07:04.653+0800][233.147s] GC(17)   Merge Heap Roots: 0.2ms
[2024-04-08T22:07:04.653+0800][233.147s] GC(17)   Evacuate Collection Set: 2.5ms
[2024-04-08T22:07:04.653+0800][233.147s] GC(17)   Post Evacuate Collection Set: 0.8ms
[2024-04-08T22:07:04.653+0800][233.147s] GC(17)   Other: 0.1ms
[2024-04-08T22:07:04.653+0800][233.148s] GC(17) Eden regions: 303->0(303)
[2024-04-08T22:07:04.653+0800][233.148s] GC(17) Survivor regions: 4->4(39)
[2024-04-08T22:07:04.653+0800][233.148s] GC(17) Old regions: 40->40
[2024-04-08T22:07:04.653+0800][233.148s] GC(17) Humongous regions: 4->4
[2024-04-08T22:07:04.653+0800][233.148s] GC(17) Metaspace: 65516K(66176K)->65516K(66176K) NonClass: 57900K(58240K)->57900K(58240K) Class: 7616K(7936K)->7616K(7936K)
[2024-04-08T22:07:04.653+0800][233.148s] GC(17) Pause Young (Normal) (G1 Evacuation Pause) 350M->47M(512M) 4.216ms
[2024-04-08T22:07:04.653+0800][233.148s] GC(17) User=0.05s Sys=0.00s Real=0.00s
[2024-04-08T22:07:06.747+0800][235.241s] GC(18) Pause Young (Normal) (G1 Evacuation Pause)
[2024-04-08T22:07:06.747+0800][235.241s] GC(18) Using 13 workers of 13 for evacuation
[2024-04-08T22:07:06.751+0800][235.245s] GC(18)   Pre Evacuate Collection Set: 0.3ms
[2024-04-08T22:07:06.751+0800][235.245s] GC(18)   Merge Heap Roots: 0.2ms
[2024-04-08T22:07:06.751+0800][235.245s] GC(18)   Evacuate Collection Set: 2.3ms
[2024-04-08T22:07:06.751+0800][235.245s] GC(18)   Post Evacuate Collection Set: 1.0ms
[2024-04-08T22:07:06.751+0800][235.245s] GC(18)   Other: 0.1ms
[2024-04-08T22:07:06.751+0800][235.245s] GC(18) Eden regions: 303->0(303)
[2024-04-08T22:07:06.751+0800][235.245s] GC(18) Survivor regions: 4->4(39)
[2024-04-08T22:07:06.751+0800][235.245s] GC(18) Old regions: 40->40
[2024-04-08T22:07:06.751+0800][235.245s] GC(18) Humongous regions: 4->4
[2024-04-08T22:07:06.751+0800][235.245s] GC(18) Metaspace: 65562K(66240K)->65562K(66240K) NonClass: 57946K(58304K)->57946K(58304K) Class: 7616K(7936K)->7616K(7936K)
[2024-04-08T22:07:06.751+0800][235.245s] GC(18) Pause Young (Normal) (G1 Evacuation Pause) 350M->47M(512M) 4.176ms
[2024-04-08T22:07:06.751+0800][235.245s] GC(18) User=0.00s Sys=0.00s Real=0.00s
[2024-04-08T22:07:08.882+0800][237.376s] GC(19) Pause Young (Normal) (G1 Evacuation Pause)
[2024-04-08T22:07:08.882+0800][237.376s] GC(19) Using 13 workers of 13 for evacuation
[2024-04-08T22:07:08.885+0800][237.379s] GC(19)   Pre Evacuate Collection Set: 0.3ms
[2024-04-08T22:07:08.885+0800][237.379s] GC(19)   Merge Heap Roots: 0.1ms
[2024-04-08T22:07:08.885+0800][237.379s] GC(19)   Evacuate Collection Set: 2.3ms
[2024-04-08T22:07:08.886+0800][237.379s] GC(19)   Post Evacuate Collection Set: 0.9ms
[2024-04-08T22:07:08.886+0800][237.379s] GC(19)   Other: 0.1ms
[2024-04-08T22:07:08.886+0800][237.380s] GC(19) Eden regions: 303->0(303)
[2024-04-08T22:07:08.886+0800][237.380s] GC(19) Survivor regions: 4->4(39)
[2024-04-08T22:07:08.886+0800][237.380s] GC(19) Old regions: 40->40
[2024-04-08T22:07:08.886+0800][237.380s] GC(19) Humongous regions: 4->4
[2024-04-08T22:07:08.886+0800][237.380s] GC(19) Metaspace: 65617K(66304K)->65617K(66304K) NonClass: 58000K(58368K)->58000K(58368K) Class: 7616K(7936K)->7616K(7936K)
[2024-04-08T22:07:08.886+0800][237.380s] GC(19) Pause Young (Normal) (G1 Evacuation Pause) 350M->47M(512M) 3.992ms
[2024-04-08T22:07:08.886+0800][237.380s] GC(19) User=0.02s Sys=0.03s Real=0.00s
[2024-04-08T22:07:10.975+0800][239.469s] GC(20) Pause Young (Normal) (G1 Evacuation Pause)
[2024-04-08T22:07:10.975+0800][239.469s] GC(20) Using 13 workers of 13 for evacuation
[2024-04-08T22:07:10.980+0800][239.474s] GC(20)   Pre Evacuate Collection Set: 0.2ms
[2024-04-08T22:07:10.980+0800][239.474s] GC(20)   Merge Heap Roots: 0.2ms
[2024-04-08T22:07:10.980+0800][239.474s] GC(20)   Evacuate Collection Set: 2.9ms
[2024-04-08T22:07:10.980+0800][239.474s] GC(20)   Post Evacuate Collection Set: 0.9ms
[2024-04-08T22:07:10.980+0800][239.474s] GC(20)   Other: 0.1ms
[2024-04-08T22:07:10.980+0800][239.474s] GC(20) Eden regions: 303->0(303)
[2024-04-08T22:07:10.980+0800][239.474s] GC(20) Survivor regions: 4->4(39)
[2024-04-08T22:07:10.980+0800][239.474s] GC(20) Old regions: 40->40
[2024-04-08T22:07:10.980+0800][239.474s] GC(20) Humongous regions: 4->4
[2024-04-08T22:07:10.980+0800][239.474s] GC(20) Metaspace: 65731K(66432K)->65731K(66432K) NonClass: 58115K(58496K)->58115K(58496K) Class: 7616K(7936K)->7616K(7936K)
[2024-04-08T22:07:10.980+0800][239.474s] GC(20) Pause Young (Normal) (G1 Evacuation Pause) 350M->47M(512M) 4.818ms
[2024-04-08T22:07:10.980+0800][239.474s] GC(20) User=0.08s Sys=0.03s Real=0.01s
[2024-04-08T22:07:13.116+0800][241.610s] GC(21) Pause Young (Normal) (G1 Evacuation Pause)
[2024-04-08T22:07:13.116+0800][241.610s] GC(21) Using 13 workers of 13 for evacuation
[2024-04-08T22:07:13.121+0800][241.615s] GC(21)   Pre Evacuate Collection Set: 0.3ms
[2024-04-08T22:07:13.121+0800][241.615s] GC(21)   Merge Heap Roots: 0.2ms
[2024-04-08T22:07:13.121+0800][241.615s] GC(21)   Evacuate Collection Set: 3.0ms
[2024-04-08T22:07:13.121+0800][241.615s] GC(21)   Post Evacuate Collection Set: 0.8ms
[2024-04-08T22:07:13.121+0800][241.615s] GC(21)   Other: 0.1ms
[2024-04-08T22:07:13.121+0800][241.615s] GC(21) Eden regions: 303->0(303)
[2024-04-08T22:07:13.121+0800][241.615s] GC(21) Survivor regions: 4->4(39)
[2024-04-08T22:07:13.121+0800][241.615s] GC(21) Old regions: 40->40
[2024-04-08T22:07:13.121+0800][241.615s] GC(21) Humongous regions: 4->4
[2024-04-08T22:07:13.121+0800][241.615s] GC(21) Metaspace: 66040K(66688K)->66040K(66688K) NonClass: 58420K(58752K)->58420K(58752K) Class: 7620K(7936K)->7620K(7936K)
[2024-04-08T22:07:13.121+0800][241.615s] GC(21) Pause Young (Normal) (G1 Evacuation Pause) 350M->47M(512M) 4.651ms
[2024-04-08T22:07:13.121+0800][241.615s] GC(21) User=0.20s Sys=0.00s Real=0.01s
[2024-04-08T22:07:15.303+0800][243.797s] GC(22) Pause Young (Normal) (G1 Evacuation Pause)
[2024-04-08T22:07:15.303+0800][243.797s] GC(22) Using 13 workers of 13 for evacuation
[2024-04-08T22:07:15.308+0800][243.802s] GC(22)   Pre Evacuate Collection Set: 0.3ms
[2024-04-08T22:07:15.308+0800][243.802s] GC(22)   Merge Heap Roots: 0.2ms
[2024-04-08T22:07:15.308+0800][243.802s] GC(22)   Evacuate Collection Set: 3.5ms
[2024-04-08T22:07:15.308+0800][243.802s] GC(22)   Post Evacuate Collection Set: 0.8ms
[2024-04-08T22:07:15.308+0800][243.802s] GC(22)   Other: 0.1ms
[2024-04-08T22:07:15.308+0800][243.802s] GC(22) Eden regions: 303->0(303)
[2024-04-08T22:07:15.309+0800][243.802s] GC(22) Survivor regions: 4->4(39)
[2024-04-08T22:07:15.309+0800][243.802s] GC(22) Old regions: 40->40
[2024-04-08T22:07:15.309+0800][243.803s] GC(22) Humongous regions: 4->4
[2024-04-08T22:07:15.309+0800][243.803s] GC(22) Metaspace: 66369K(67072K)->66369K(67072K) NonClass: 58748K(59136K)->58748K(59136K) Class: 7620K(7936K)->7620K(7936K)
[2024-04-08T22:07:15.309+0800][243.803s] GC(22) Pause Young (Normal) (G1 Evacuation Pause) 350M->47M(512M) 5.241ms
[2024-04-08T22:07:15.309+0800][243.803s] GC(22) User=0.05s Sys=0.00s Real=0.01s
[2024-04-08T22:07:17.438+0800][245.932s] GC(23) Pause Young (Normal) (G1 Evacuation Pause)
[2024-04-08T22:07:17.438+0800][245.932s] GC(23) Using 13 workers of 13 for evacuation
[2024-04-08T22:07:17.443+0800][245.937s] GC(23)   Pre Evacuate Collection Set: 0.3ms
[2024-04-08T22:07:17.443+0800][245.937s] GC(23)   Merge Heap Roots: 0.1ms
[2024-04-08T22:07:17.443+0800][245.937s] GC(23)   Evacuate Collection Set: 3.7ms
[2024-04-08T22:07:17.443+0800][245.937s] GC(23)   Post Evacuate Collection Set: 0.8ms
[2024-04-08T22:07:17.443+0800][245.937s] GC(23)   Other: 0.1ms
[2024-04-08T22:07:17.443+0800][245.937s] GC(23) Eden regions: 303->0(302)
[2024-04-08T22:07:17.443+0800][245.937s] GC(23) Survivor regions: 4->5(39)
[2024-04-08T22:07:17.443+0800][245.937s] GC(23) Old regions: 40->41
[2024-04-08T22:07:17.443+0800][245.937s] GC(23) Humongous regions: 4->4
[2024-04-08T22:07:17.443+0800][245.937s] GC(23) Metaspace: 66396K(67072K)->66396K(67072K) NonClass: 58776K(59136K)->58776K(59136K) Class: 7620K(7936K)->7620K(7936K)
[2024-04-08T22:07:17.443+0800][245.937s] GC(23) Pause Young (Normal) (G1 Evacuation Pause) 350M->48M(512M) 5.425ms
[2024-04-08T22:07:17.443+0800][245.938s] GC(23) User=0.00s Sys=0.00s Real=0.01s
[2024-04-08T22:07:20.037+0800][248.531s] GC(24) Pause Young (Normal) (G1 Evacuation Pause)
[2024-04-08T22:07:20.037+0800][248.531s] GC(24) Using 13 workers of 13 for evacuation
[2024-04-08T22:07:20.043+0800][248.537s] GC(24)   Pre Evacuate Collection Set: 0.4ms
[2024-04-08T22:07:20.044+0800][248.538s] GC(24)   Merge Heap Roots: 0.3ms
[2024-04-08T22:07:20.044+0800][248.538s] GC(24)   Evacuate Collection Set: 4.6ms
[2024-04-08T22:07:20.044+0800][248.538s] GC(24)   Post Evacuate Collection Set: 1.1ms
[2024-04-08T22:07:20.044+0800][248.538s] GC(24)   Other: 0.2ms
[2024-04-08T22:07:20.044+0800][248.538s] GC(24) Eden regions: 302->0(305)
[2024-04-08T22:07:20.044+0800][248.538s] GC(24) Survivor regions: 5->2(39)
[2024-04-08T22:07:20.044+0800][248.538s] GC(24) Old regions: 41->43
[2024-04-08T22:07:20.044+0800][248.538s] GC(24) Humongous regions: 4->4
[2024-04-08T22:07:20.044+0800][248.538s] GC(24) Metaspace: 66408K(67136K)->66408K(67136K) NonClass: 58788K(59200K)->58788K(59200K) Class: 7620K(7936K)->7620K(7936K)
[2024-04-08T22:07:20.044+0800][248.538s] GC(24) Pause Young (Normal) (G1 Evacuation Pause) 350M->47M(512M) 7.402ms
[2024-04-08T22:07:20.044+0800][248.538s] GC(24) User=0.05s Sys=0.00s Real=0.01s
[2024-04-08T22:07:22.624+0800][251.118s] GC(25) Pause Young (Normal) (G1 Evacuation Pause)
[2024-04-08T22:07:22.624+0800][251.118s] GC(25) Using 13 workers of 13 for evacuation
[2024-04-08T22:07:22.628+0800][251.121s] GC(25)   Pre Evacuate Collection Set: 0.2ms
[2024-04-08T22:07:22.628+0800][251.122s] GC(25)   Merge Heap Roots: 0.1ms
[2024-04-08T22:07:22.628+0800][251.122s] GC(25)   Evacuate Collection Set: 2.2ms
[2024-04-08T22:07:22.628+0800][251.122s] GC(25)   Post Evacuate Collection Set: 0.8ms
[2024-04-08T22:07:22.628+0800][251.122s] GC(25)   Other: 0.2ms
[2024-04-08T22:07:22.628+0800][251.122s] GC(25) Eden regions: 305->0(305)
[2024-04-08T22:07:22.628+0800][251.122s] GC(25) Survivor regions: 2->2(39)
[2024-04-08T22:07:22.628+0800][251.122s] GC(25) Old regions: 43->43
[2024-04-08T22:07:22.628+0800][251.122s] GC(25) Humongous regions: 4->4
[2024-04-08T22:07:22.628+0800][251.122s] GC(25) Metaspace: 66421K(67136K)->66421K(67136K) NonClass: 58801K(59200K)->58801K(59200K) Class: 7620K(7936K)->7620K(7936K)
[2024-04-08T22:07:22.628+0800][251.122s] GC(25) Pause Young (Normal) (G1 Evacuation Pause) 352M->48M(512M) 3.776ms
[2024-04-08T22:07:22.628+0800][251.122s] GC(25) User=0.00s Sys=0.00s Real=0.00s
[2024-04-08T22:07:24.670+0800][253.163s] GC(26) Pause Young (Normal) (G1 Evacuation Pause)
[2024-04-08T22:07:24.670+0800][253.164s] GC(26) Using 13 workers of 13 for evacuation
[2024-04-08T22:07:24.673+0800][253.167s] GC(26)   Pre Evacuate Collection Set: 0.3ms
[2024-04-08T22:07:24.673+0800][253.167s] GC(26)   Merge Heap Roots: 0.1ms
[2024-04-08T22:07:24.673+0800][253.167s] GC(26)   Evacuate Collection Set: 2.1ms
[2024-04-08T22:07:24.673+0800][253.167s] GC(26)   Post Evacuate Collection Set: 0.7ms
[2024-04-08T22:07:24.673+0800][253.167s] GC(26)   Other: 0.1ms
[2024-04-08T22:07:24.673+0800][253.167s] GC(26) Eden regions: 305->0(305)
[2024-04-08T22:07:24.673+0800][253.167s] GC(26) Survivor regions: 2->2(39)
[2024-04-08T22:07:24.673+0800][253.167s] GC(26) Old regions: 43->43
[2024-04-08T22:07:24.673+0800][253.167s] GC(26) Humongous regions: 4->4
[2024-04-08T22:07:24.673+0800][253.167s] GC(26) Metaspace: 66425K(67136K)->66425K(67136K) NonClass: 58805K(59200K)->58805K(59200K) Class: 7620K(7936K)->7620K(7936K)
[2024-04-08T22:07:24.673+0800][253.167s] GC(26) Pause Young (Normal) (G1 Evacuation Pause) 353M->48M(512M) 3.625ms
[2024-04-08T22:07:24.673+0800][253.167s] GC(26) User=0.00s Sys=0.00s Real=0.00s
[2024-04-08T22:07:26.911+0800][255.406s] GC(27) Pause Young (Normal) (G1 Evacuation Pause)
[2024-04-08T22:07:26.911+0800][255.406s] GC(27) Using 13 workers of 13 for evacuation
[2024-04-08T22:07:26.914+0800][255.409s] GC(27)   Pre Evacuate Collection Set: 0.2ms
[2024-04-08T22:07:26.914+0800][255.409s] GC(27)   Merge Heap Roots: 0.1ms
[2024-04-08T22:07:26.914+0800][255.409s] GC(27)   Evacuate Collection Set: 2.1ms
[2024-04-08T22:07:26.914+0800][255.409s] GC(27)   Post Evacuate Collection Set: 0.6ms
[2024-04-08T22:07:26.915+0800][255.409s] GC(27)   Other: 0.1ms
[2024-04-08T22:07:26.915+0800][255.409s] GC(27) Eden regions: 305->0(305)
[2024-04-08T22:07:26.915+0800][255.409s] GC(27) Survivor regions: 2->2(39)
[2024-04-08T22:07:26.915+0800][255.409s] GC(27) Old regions: 43->43
[2024-04-08T22:07:26.915+0800][255.409s] GC(27) Humongous regions: 4->4
[2024-04-08T22:07:26.915+0800][255.409s] GC(27) Metaspace: 66754K(67392K)->66754K(67392K) NonClass: 59132K(59456K)->59132K(59456K) Class: 7622K(7936K)->7622K(7936K)
[2024-04-08T22:07:26.915+0800][255.409s] GC(27) Pause Young (Normal) (G1 Evacuation Pause) 353M->47M(512M) 3.634ms
[2024-04-08T22:07:26.915+0800][255.409s] GC(27) User=0.00s Sys=0.00s Real=0.00s
[2024-04-08T22:07:29.066+0800][257.560s] GC(28) Pause Young (Normal) (G1 Evacuation Pause)
[2024-04-08T22:07:29.066+0800][257.560s] GC(28) Using 13 workers of 13 for evacuation
[2024-04-08T22:07:29.070+0800][257.564s] GC(28)   Pre Evacuate Collection Set: 0.3ms
[2024-04-08T22:07:29.070+0800][257.564s] GC(28)   Merge Heap Roots: 0.1ms
[2024-04-08T22:07:29.070+0800][257.564s] GC(28)   Evacuate Collection Set: 2.4ms
[2024-04-08T22:07:29.070+0800][257.564s] GC(28)   Post Evacuate Collection Set: 0.9ms
[2024-04-08T22:07:29.070+0800][257.564s] GC(28)   Other: 0.1ms
[2024-04-08T22:07:29.070+0800][257.564s] GC(28) Eden regions: 305->0(305)
[2024-04-08T22:07:29.070+0800][257.564s] GC(28) Survivor regions: 2->2(39)
[2024-04-08T22:07:29.070+0800][257.564s] GC(28) Old regions: 43->43
[2024-04-08T22:07:29.070+0800][257.564s] GC(28) Humongous regions: 4->4
[2024-04-08T22:07:29.070+0800][257.564s] GC(28) Metaspace: 66785K(67456K)->66785K(67456K) NonClass: 59163K(59520K)->59163K(59520K) Class: 7622K(7936K)->7622K(7936K)
[2024-04-08T22:07:29.070+0800][257.564s] GC(28) Pause Young (Normal) (G1 Evacuation Pause) 352M->47M(512M) 4.147ms
[2024-04-08T22:07:29.070+0800][257.564s] GC(28) User=0.00s Sys=0.00s Real=0.00s
[2024-04-08T22:07:31.243+0800][259.737s] GC(29) Pause Young (Normal) (G1 Evacuation Pause)
[2024-04-08T22:07:31.243+0800][259.737s] GC(29) Using 13 workers of 13 for evacuation
[2024-04-08T22:07:31.247+0800][259.741s] GC(29)   Pre Evacuate Collection Set: 0.2ms
[2024-04-08T22:07:31.247+0800][259.741s] GC(29)   Merge Heap Roots: 0.1ms
[2024-04-08T22:07:31.247+0800][259.741s] GC(29)   Evacuate Collection Set: 2.9ms
[2024-04-08T22:07:31.247+0800][259.741s] GC(29)   Post Evacuate Collection Set: 0.7ms
[2024-04-08T22:07:31.247+0800][259.741s] GC(29)   Other: 0.1ms
[2024-04-08T22:07:31.247+0800][259.741s] GC(29) Eden regions: 305->0(305)
[2024-04-08T22:07:31.247+0800][259.741s] GC(29) Survivor regions: 2->2(39)
[2024-04-08T22:07:31.247+0800][259.741s] GC(29) Old regions: 43->43
[2024-04-08T22:07:31.247+0800][259.741s] GC(29) Humongous regions: 4->4
[2024-04-08T22:07:31.247+0800][259.741s] GC(29) Metaspace: 66976K(67648K)->66976K(67648K) NonClass: 59354K(59712K)->59354K(59712K) Class: 7622K(7936K)->7622K(7936K)
[2024-04-08T22:07:31.247+0800][259.741s] GC(29) Pause Young (Normal) (G1 Evacuation Pause) 352M->48M(512M) 4.337ms
[2024-04-08T22:07:31.247+0800][259.741s] GC(29) User=0.17s Sys=0.00s Real=0.00s
[2024-04-08T22:07:34.351+0800][262.846s] GC(30) Pause Young (Normal) (G1 Evacuation Pause)
[2024-04-08T22:07:34.351+0800][262.846s] GC(30) Using 13 workers of 13 for evacuation
[2024-04-08T22:07:34.356+0800][262.851s] GC(30)   Pre Evacuate Collection Set: 0.2ms
[2024-04-08T22:07:34.357+0800][262.851s] GC(30)   Merge Heap Roots: 0.2ms
[2024-04-08T22:07:34.357+0800][262.851s] GC(30)   Evacuate Collection Set: 3.5ms
[2024-04-08T22:07:34.357+0800][262.851s] GC(30)   Post Evacuate Collection Set: 0.9ms
[2024-04-08T22:07:34.357+0800][262.851s] GC(30)   Other: 0.2ms
[2024-04-08T22:07:34.357+0800][262.851s] GC(30) Eden regions: 305->0(305)
[2024-04-08T22:07:34.357+0800][262.851s] GC(30) Survivor regions: 2->2(39)
[2024-04-08T22:07:34.357+0800][262.851s] GC(30) Old regions: 43->43
[2024-04-08T22:07:34.357+0800][262.851s] GC(30) Humongous regions: 4->4
[2024-04-08T22:07:34.357+0800][262.851s] GC(30) Metaspace: 66978K(67648K)->66978K(67648K) NonClass: 59356K(59712K)->59356K(59712K) Class: 7622K(7936K)->7622K(7936K)
[2024-04-08T22:07:34.357+0800][262.851s] GC(30) Pause Young (Normal) (G1 Evacuation Pause) 353M->47M(512M) 5.569ms
[2024-04-08T22:07:34.357+0800][262.851s] GC(30) User=0.19s Sys=0.00s Real=0.01s
[2024-04-08T22:07:37.615+0800][266.109s] GC(31) Pause Young (Normal) (G1 Evacuation Pause)
[2024-04-08T22:07:37.615+0800][266.110s] GC(31) Using 13 workers of 13 for evacuation
[2024-04-08T22:07:37.621+0800][266.115s] GC(31)   Pre Evacuate Collection Set: 0.2ms
[2024-04-08T22:07:37.621+0800][266.115s] GC(31)   Merge Heap Roots: 0.2ms
[2024-04-08T22:07:37.621+0800][266.115s] GC(31)   Evacuate Collection Set: 4.0ms
[2024-04-08T22:07:37.621+0800][266.115s] GC(31)   Post Evacuate Collection Set: 0.7ms
[2024-04-08T22:07:37.621+0800][266.115s] GC(31)   Other: 0.2ms
[2024-04-08T22:07:37.621+0800][266.115s] GC(31) Eden regions: 305->0(305)
[2024-04-08T22:07:37.621+0800][266.115s] GC(31) Survivor regions: 2->2(39)
[2024-04-08T22:07:37.621+0800][266.115s] GC(31) Old regions: 43->43
[2024-04-08T22:07:37.621+0800][266.115s] GC(31) Humongous regions: 4->4
[2024-04-08T22:07:37.621+0800][266.115s] GC(31) Metaspace: 66982K(67648K)->66982K(67648K) NonClass: 59360K(59712K)->59360K(59712K) Class: 7622K(7936K)->7622K(7936K)
[2024-04-08T22:07:37.621+0800][266.115s] GC(31) Pause Young (Normal) (G1 Evacuation Pause) 352M->47M(512M) 6.006ms
[2024-04-08T22:07:37.621+0800][266.115s] GC(31) User=0.03s Sys=0.00s Real=0.01s
[2024-04-08T22:07:40.552+0800][269.046s] GC(32) Pause Young (Normal) (G1 Evacuation Pause)
[2024-04-08T22:07:40.552+0800][269.047s] GC(32) Using 13 workers of 13 for evacuation
[2024-04-08T22:07:40.559+0800][269.054s] GC(32)   Pre Evacuate Collection Set: 0.3ms
[2024-04-08T22:07:40.559+0800][269.054s] GC(32)   Merge Heap Roots: 0.1ms
[2024-04-08T22:07:40.559+0800][269.054s] GC(32)   Evacuate Collection Set: 5.0ms
[2024-04-08T22:07:40.559+0800][269.054s] GC(32)   Post Evacuate Collection Set: 1.4ms
[2024-04-08T22:07:40.560+0800][269.054s] GC(32)   Other: 0.2ms
[2024-04-08T22:07:40.560+0800][269.054s] GC(32) Eden regions: 305->0(305)
[2024-04-08T22:07:40.560+0800][269.054s] GC(32) Survivor regions: 2->2(39)
[2024-04-08T22:07:40.560+0800][269.054s] GC(32) Old regions: 43->43
[2024-04-08T22:07:40.560+0800][269.054s] GC(32) Humongous regions: 4->4
[2024-04-08T22:07:40.560+0800][269.054s] GC(32) Metaspace: 66982K(67648K)->66982K(67648K) NonClass: 59360K(59712K)->59360K(59712K) Class: 7622K(7936K)->7622K(7936K)
[2024-04-08T22:07:40.560+0800][269.054s] GC(32) Pause Young (Normal) (G1 Evacuation Pause) 352M->48M(512M) 7.711ms
[2024-04-08T22:07:40.560+0800][269.054s] GC(32) User=0.03s Sys=0.00s Real=0.01s
[2024-04-08T22:07:43.635+0800][272.130s] GC(33) Pause Young (Normal) (G1 Evacuation Pause)
[2024-04-08T22:07:43.635+0800][272.130s] GC(33) Using 13 workers of 13 for evacuation
[2024-04-08T22:07:43.643+0800][272.137s] GC(33)   Pre Evacuate Collection Set: 0.4ms
[2024-04-08T22:07:43.643+0800][272.137s] GC(33)   Merge Heap Roots: 0.2ms
[2024-04-08T22:07:43.643+0800][272.137s] GC(33)   Evacuate Collection Set: 5.2ms
[2024-04-08T22:07:43.643+0800][272.137s] GC(33)   Post Evacuate Collection Set: 1.0ms
[2024-04-08T22:07:43.643+0800][272.137s] GC(33)   Other: 0.3ms
[2024-04-08T22:07:43.643+0800][272.137s] GC(33) Eden regions: 305->0(305)
[2024-04-08T22:07:43.643+0800][272.138s] GC(33) Survivor regions: 2->2(39)
[2024-04-08T22:07:43.643+0800][272.138s] GC(33) Old regions: 43->43
[2024-04-08T22:07:43.643+0800][272.138s] GC(33) Humongous regions: 4->4
[2024-04-08T22:07:43.643+0800][272.138s] GC(33) Metaspace: 66998K(67648K)->66998K(67648K) NonClass: 59376K(59712K)->59376K(59712K) Class: 7622K(7936K)->7622K(7936K)
[2024-04-08T22:07:43.643+0800][272.138s] GC(33) Pause Young (Normal) (G1 Evacuation Pause) 353M->48M(512M) 8.240ms
[2024-04-08T22:07:43.644+0800][272.138s] GC(33) User=0.00s Sys=0.00s Real=0.01s
[2024-04-08T22:07:46.224+0800][274.719s] GC(34) Pause Young (Normal) (G1 Evacuation Pause)
[2024-04-08T22:07:46.225+0800][274.719s] GC(34) Using 13 workers of 13 for evacuation
[2024-04-08T22:07:46.234+0800][274.729s] GC(34)   Pre Evacuate Collection Set: 0.3ms
[2024-04-08T22:07:46.234+0800][274.729s] GC(34)   Merge Heap Roots: 0.1ms
[2024-04-08T22:07:46.234+0800][274.729s] GC(34)   Evacuate Collection Set: 6.5ms
[2024-04-08T22:07:46.235+0800][274.729s] GC(34)   Post Evacuate Collection Set: 2.6ms
[2024-04-08T22:07:46.235+0800][274.729s] GC(34)   Other: 0.3ms
[2024-04-08T22:07:46.235+0800][274.729s] GC(34) Eden regions: 305->0(305)
[2024-04-08T22:07:46.235+0800][274.729s] GC(34) Survivor regions: 2->2(39)
[2024-04-08T22:07:46.235+0800][274.729s] GC(34) Old regions: 43->43
[2024-04-08T22:07:46.235+0800][274.729s] GC(34) Humongous regions: 4->4
[2024-04-08T22:07:46.235+0800][274.729s] GC(34) Metaspace: 67062K(67712K)->67062K(67712K) NonClass: 59439K(59776K)->59439K(59776K) Class: 7622K(7936K)->7622K(7936K)
[2024-04-08T22:07:46.235+0800][274.729s] GC(34) Pause Young (Normal) (G1 Evacuation Pause) 353M->48M(512M) 10.532ms
[2024-04-08T22:07:46.235+0800][274.729s] GC(34) User=0.03s Sys=0.00s Real=0.01s
[2024-04-08T22:07:48.909+0800][277.403s] GC(35) Pause Young (Normal) (G1 Evacuation Pause)
[2024-04-08T22:07:48.909+0800][277.403s] GC(35) Using 13 workers of 13 for evacuation
[2024-04-08T22:07:48.912+0800][277.406s] GC(35)   Pre Evacuate Collection Set: 0.2ms
[2024-04-08T22:07:48.912+0800][277.406s] GC(35)   Merge Heap Roots: 0.1ms
[2024-04-08T22:07:48.912+0800][277.406s] GC(35)   Evacuate Collection Set: 2.4ms
[2024-04-08T22:07:48.912+0800][277.406s] GC(35)   Post Evacuate Collection Set: 0.6ms
[2024-04-08T22:07:48.912+0800][277.406s] GC(35)   Other: 0.1ms
[2024-04-08T22:07:48.912+0800][277.407s] GC(35) Eden regions: 305->0(305)
[2024-04-08T22:07:48.912+0800][277.407s] GC(35) Survivor regions: 2->2(39)
[2024-04-08T22:07:48.912+0800][277.407s] GC(35) Old regions: 43->43
[2024-04-08T22:07:48.912+0800][277.407s] GC(35) Humongous regions: 4->4
[2024-04-08T22:07:48.912+0800][277.407s] GC(35) Metaspace: 67082K(67712K)->67082K(67712K) NonClass: 59460K(59776K)->59460K(59776K) Class: 7622K(7936K)->7622K(7936K)
[2024-04-08T22:07:48.912+0800][277.407s] GC(35) Pause Young (Normal) (G1 Evacuation Pause) 353M->48M(512M) 3.807ms
[2024-04-08T22:07:48.912+0800][277.407s] GC(35) User=0.00s Sys=0.00s Real=0.00s
[2024-04-08T22:07:53.308+0800][281.802s] GC(36) Pause Young (Normal) (G1 Evacuation Pause)
[2024-04-08T22:07:53.308+0800][281.802s] GC(36) Using 13 workers of 13 for evacuation
[2024-04-08T22:07:53.317+0800][281.810s] GC(36)   Pre Evacuate Collection Set: 0.3ms
[2024-04-08T22:07:53.317+0800][281.811s] GC(36)   Merge Heap Roots: 0.2ms
[2024-04-08T22:07:53.317+0800][281.811s] GC(36)   Evacuate Collection Set: 6.0ms
[2024-04-08T22:07:53.317+0800][281.811s] GC(36)   Post Evacuate Collection Set: 1.9ms
[2024-04-08T22:07:53.317+0800][281.811s] GC(36)   Other: 0.2ms
[2024-04-08T22:07:53.317+0800][281.811s] GC(36) Eden regions: 305->0(305)
[2024-04-08T22:07:53.317+0800][281.811s] GC(36) Survivor regions: 2->2(39)
[2024-04-08T22:07:53.317+0800][281.811s] GC(36) Old regions: 43->43
[2024-04-08T22:07:53.317+0800][281.811s] GC(36) Humongous regions: 4->4
[2024-04-08T22:07:53.317+0800][281.811s] GC(36) Metaspace: 67194K(67840K)->67194K(67840K) NonClass: 59570K(59904K)->59570K(59904K) Class: 7623K(7936K)->7623K(7936K)
[2024-04-08T22:07:53.317+0800][281.811s] GC(36) Pause Young (Normal) (G1 Evacuation Pause) 353M->48M(512M) 9.473ms
[2024-04-08T22:07:53.317+0800][281.811s] GC(36) User=0.00s Sys=0.00s Real=0.01s
[2024-04-08T22:07:56.049+0800][284.543s] GC(37) Pause Young (Normal) (G1 Evacuation Pause)
[2024-04-08T22:07:56.049+0800][284.543s] GC(37) Using 13 workers of 13 for evacuation
[2024-04-08T22:07:56.052+0800][284.546s] GC(37)   Pre Evacuate Collection Set: 0.3ms
[2024-04-08T22:07:56.052+0800][284.546s] GC(37)   Merge Heap Roots: 0.2ms
[2024-04-08T22:07:56.052+0800][284.546s] GC(37)   Evacuate Collection Set: 2.3ms
[2024-04-08T22:07:56.052+0800][284.546s] GC(37)   Post Evacuate Collection Set: 0.7ms
[2024-04-08T22:07:56.053+0800][284.546s] GC(37)   Other: 0.1ms
[2024-04-08T22:07:56.053+0800][284.546s] GC(37) Eden regions: 305->0(305)
[2024-04-08T22:07:56.053+0800][284.546s] GC(37) Survivor regions: 2->2(39)
[2024-04-08T22:07:56.053+0800][284.547s] GC(37) Old regions: 43->43
[2024-04-08T22:07:56.053+0800][284.547s] GC(37) Humongous regions: 4->4
[2024-04-08T22:07:56.053+0800][284.547s] GC(37) Metaspace: 67204K(67904K)->67204K(67904K) NonClass: 59580K(59968K)->59580K(59968K) Class: 7623K(7936K)->7623K(7936K)
[2024-04-08T22:07:56.053+0800][284.547s] GC(37) Pause Young (Normal) (G1 Evacuation Pause) 353M->48M(512M) 4.019ms
[2024-04-08T22:07:56.053+0800][284.547s] GC(37) User=0.00s Sys=0.00s Real=0.00s
[2024-04-08T22:07:58.567+0800][287.060s] GC(38) Pause Young (Normal) (G1 Evacuation Pause)
[2024-04-08T22:07:58.567+0800][287.060s] GC(38) Using 13 workers of 13 for evacuation
[2024-04-08T22:07:58.571+0800][287.064s] GC(38)   Pre Evacuate Collection Set: 0.7ms
[2024-04-08T22:07:58.571+0800][287.064s] GC(38)   Merge Heap Roots: 0.2ms
[2024-04-08T22:07:58.571+0800][287.065s] GC(38)   Evacuate Collection Set: 2.1ms
[2024-04-08T22:07:58.571+0800][287.065s] GC(38)   Post Evacuate Collection Set: 0.8ms
[2024-04-08T22:07:58.571+0800][287.065s] GC(38)   Other: 0.2ms
[2024-04-08T22:07:58.571+0800][287.065s] GC(38) Eden regions: 305->0(305)
[2024-04-08T22:07:58.571+0800][287.065s] GC(38) Survivor regions: 2->2(39)
[2024-04-08T22:07:58.571+0800][287.065s] GC(38) Old regions: 43->43
[2024-04-08T22:07:58.571+0800][287.065s] GC(38) Humongous regions: 4->4
[2024-04-08T22:07:58.571+0800][287.065s] GC(38) Metaspace: 67205K(67904K)->67205K(67904K) NonClass: 59581K(59968K)->59581K(59968K) Class: 7623K(7936K)->7623K(7936K)
[2024-04-08T22:07:58.571+0800][287.065s] GC(38) Pause Young (Normal) (G1 Evacuation Pause) 353M->48M(512M) 4.333ms
[2024-04-08T22:07:58.571+0800][287.065s] GC(38) User=0.00s Sys=0.00s Real=0.01s
[2024-04-08T22:08:01.115+0800][289.609s] GC(39) Pause Young (Normal) (G1 Evacuation Pause)
[2024-04-08T22:08:01.115+0800][289.609s] GC(39) Using 13 workers of 13 for evacuation
[2024-04-08T22:08:01.119+0800][289.612s] GC(39)   Pre Evacuate Collection Set: 0.3ms
[2024-04-08T22:08:01.119+0800][289.613s] GC(39)   Merge Heap Roots: 0.2ms
[2024-04-08T22:08:01.119+0800][289.613s] GC(39)   Evacuate Collection Set: 2.2ms
[2024-04-08T22:08:01.119+0800][289.613s] GC(39)   Post Evacuate Collection Set: 0.9ms
[2024-04-08T22:08:01.119+0800][289.613s] GC(39)   Other: 0.1ms
[2024-04-08T22:08:01.119+0800][289.613s] GC(39) Eden regions: 305->0(305)
[2024-04-08T22:08:01.119+0800][289.613s] GC(39) Survivor regions: 2->2(39)
[2024-04-08T22:08:01.119+0800][289.613s] GC(39) Old regions: 43->43
[2024-04-08T22:08:01.119+0800][289.613s] GC(39) Humongous regions: 4->4
[2024-04-08T22:08:01.119+0800][289.613s] GC(39) Metaspace: 67207K(67904K)->67207K(67904K) NonClass: 59584K(59968K)->59584K(59968K) Class: 7623K(7936K)->7623K(7936K)
[2024-04-08T22:08:01.119+0800][289.613s] GC(39) Pause Young (Normal) (G1 Evacuation Pause) 353M->48M(512M) 4.108ms
[2024-04-08T22:08:01.119+0800][289.613s] GC(39) User=0.00s Sys=0.00s Real=0.00s
[2024-04-08T22:08:03.943+0800][292.436s] GC(40) Pause Young (Normal) (G1 Evacuation Pause)
[2024-04-08T22:08:03.943+0800][292.437s] GC(40) Using 13 workers of 13 for evacuation
[2024-04-08T22:08:03.946+0800][292.440s] GC(40)   Pre Evacuate Collection Set: 0.2ms
[2024-04-08T22:08:03.946+0800][292.440s] GC(40)   Merge Heap Roots: 0.1ms
[2024-04-08T22:08:03.946+0800][292.440s] GC(40)   Evacuate Collection Set: 2.5ms
[2024-04-08T22:08:03.946+0800][292.440s] GC(40)   Post Evacuate Collection Set: 0.6ms
[2024-04-08T22:08:03.946+0800][292.440s] GC(40)   Other: 0.2ms
[2024-04-08T22:08:03.947+0800][292.440s] GC(40) Eden regions: 305->0(305)
[2024-04-08T22:08:03.947+0800][292.440s] GC(40) Survivor regions: 2->2(39)
[2024-04-08T22:08:03.947+0800][292.440s] GC(40) Old regions: 43->43
[2024-04-08T22:08:03.947+0800][292.441s] GC(40) Humongous regions: 4->4
[2024-04-08T22:08:03.947+0800][292.441s] GC(40) Metaspace: 67209K(67904K)->67209K(67904K) NonClass: 59586K(59968K)->59586K(59968K) Class: 7623K(7936K)->7623K(7936K)
[2024-04-08T22:08:03.947+0800][292.441s] GC(40) Pause Young (Normal) (G1 Evacuation Pause) 353M->48M(512M) 4.143ms
[2024-04-08T22:08:03.947+0800][292.441s] GC(40) User=0.00s Sys=0.00s Real=0.00s
[2024-04-08T22:08:06.804+0800][295.298s] GC(41) Pause Young (Normal) (G1 Evacuation Pause)
[2024-04-08T22:08:06.805+0800][295.298s] GC(41) Using 13 workers of 13 for evacuation
[2024-04-08T22:08:06.808+0800][295.302s] GC(41)   Pre Evacuate Collection Set: 0.2ms
[2024-04-08T22:08:06.809+0800][295.302s] GC(41)   Merge Heap Roots: 0.1ms
[2024-04-08T22:08:06.809+0800][295.302s] GC(41)   Evacuate Collection Set: 2.7ms
[2024-04-08T22:08:06.809+0800][295.302s] GC(41)   Post Evacuate Collection Set: 0.7ms
[2024-04-08T22:08:06.809+0800][295.303s] GC(41)   Other: 0.2ms
[2024-04-08T22:08:06.809+0800][295.303s] GC(41) Eden regions: 305->0(305)
[2024-04-08T22:08:06.809+0800][295.303s] GC(41) Survivor regions: 2->2(39)
[2024-04-08T22:08:06.809+0800][295.303s] GC(41) Old regions: 43->43
[2024-04-08T22:08:06.809+0800][295.303s] GC(41) Humongous regions: 4->4
[2024-04-08T22:08:06.809+0800][295.303s] GC(41) Metaspace: 67211K(67904K)->67211K(67904K) NonClass: 59587K(59968K)->59587K(59968K) Class: 7623K(7936K)->7623K(7936K)
[2024-04-08T22:08:06.809+0800][295.303s] GC(41) Pause Young (Normal) (G1 Evacuation Pause) 353M->48M(512M) 4.541ms
[2024-04-08T22:08:06.809+0800][295.303s] GC(41) User=0.03s Sys=0.00s Real=0.01s
[2024-04-08T22:08:44.116+0800][340.874s] GC(42) Pause Young (Normal) (G1 Evacuation Pause)
[2024-04-08T22:08:44.116+0800][340.874s] GC(42) Using 13 workers of 13 for evacuation
[2024-04-08T22:08:44.120+0800][340.878s] GC(42)   Pre Evacuate Collection Set: 0.2ms
[2024-04-08T22:08:44.120+0800][340.878s] GC(42)   Merge Heap Roots: 0.1ms
[2024-04-08T22:08:44.120+0800][340.878s] GC(42)   Evacuate Collection Set: 2.4ms
[2024-04-08T22:08:44.120+0800][340.878s] GC(42)   Post Evacuate Collection Set: 1.1ms
[2024-04-08T22:08:44.120+0800][340.878s] GC(42)   Other: 0.2ms
[2024-04-08T22:08:44.120+0800][340.878s] GC(42) Eden regions: 305->0(305)
[2024-04-08T22:08:44.120+0800][340.878s] GC(42) Survivor regions: 2->2(39)
[2024-04-08T22:08:44.120+0800][340.878s] GC(42) Old regions: 43->43
[2024-04-08T22:08:44.120+0800][340.878s] GC(42) Humongous regions: 4->4
[2024-04-08T22:08:44.120+0800][340.878s] GC(42) Metaspace: 67214K(67904K)->67214K(67904K) NonClass: 59590K(59968K)->59590K(59968K) Class: 7623K(7936K)->7623K(7936K)
[2024-04-08T22:08:44.120+0800][340.878s] GC(42) Pause Young (Normal) (G1 Evacuation Pause) 353M->48M(512M) 4.519ms
[2024-04-08T22:08:44.120+0800][340.878s] GC(42) User=0.02s Sys=0.00s Real=0.00s
[2024-04-08T22:08:48.067+0800][344.826s] GC(43) Pause Young (Normal) (G1 Evacuation Pause)
[2024-04-08T22:08:48.067+0800][344.826s] GC(43) Using 13 workers of 13 for evacuation
[2024-04-08T22:08:48.075+0800][344.834s] GC(43)   Pre Evacuate Collection Set: 0.4ms
[2024-04-08T22:08:48.075+0800][344.834s] GC(43)   Merge Heap Roots: 0.3ms
[2024-04-08T22:08:48.075+0800][344.834s] GC(43)   Evacuate Collection Set: 5.4ms
[2024-04-08T22:08:48.075+0800][344.834s] GC(43)   Post Evacuate Collection Set: 1.2ms
[2024-04-08T22:08:48.075+0800][344.834s] GC(43)   Other: 0.3ms
[2024-04-08T22:08:48.075+0800][344.834s] GC(43) Eden regions: 305->0(305)
[2024-04-08T22:08:48.075+0800][344.834s] GC(43) Survivor regions: 2->2(39)
[2024-04-08T22:08:48.075+0800][344.834s] GC(43) Old regions: 43->43
[2024-04-08T22:08:48.075+0800][344.834s] GC(43) Humongous regions: 4->4
[2024-04-08T22:08:48.075+0800][344.834s] GC(43) Metaspace: 67218K(67904K)->67218K(67904K) NonClass: 59595K(59968K)->59595K(59968K) Class: 7623K(7936K)->7623K(7936K)
[2024-04-08T22:08:48.076+0800][344.834s] GC(43) Pause Young (Normal) (G1 Evacuation Pause) 353M->48M(512M) 8.539ms
[2024-04-08T22:08:48.076+0800][344.835s] GC(43) User=0.05s Sys=0.00s Real=0.01s
[2024-04-08T22:08:51.448+0800][348.206s] GC(44) Pause Young (Normal) (G1 Evacuation Pause)
[2024-04-08T22:08:51.448+0800][348.206s] GC(44) Using 13 workers of 13 for evacuation
[2024-04-08T22:08:51.451+0800][348.209s] GC(44)   Pre Evacuate Collection Set: 0.2ms
[2024-04-08T22:08:51.451+0800][348.209s] GC(44)   Merge Heap Roots: 0.1ms
[2024-04-08T22:08:51.451+0800][348.209s] GC(44)   Evacuate Collection Set: 1.8ms
[2024-04-08T22:08:51.451+0800][348.209s] GC(44)   Post Evacuate Collection Set: 0.6ms
[2024-04-08T22:08:51.451+0800][348.210s] GC(44)   Other: 0.2ms
[2024-04-08T22:08:51.451+0800][348.210s] GC(44) Eden regions: 305->0(305)
[2024-04-08T22:08:51.451+0800][348.210s] GC(44) Survivor regions: 2->2(39)
[2024-04-08T22:08:51.451+0800][348.210s] GC(44) Old regions: 43->43
[2024-04-08T22:08:51.451+0800][348.210s] GC(44) Humongous regions: 4->4
[2024-04-08T22:08:51.451+0800][348.210s] GC(44) Metaspace: 67224K(67904K)->67224K(67904K) NonClass: 59600K(59968K)->59600K(59968K) Class: 7623K(7936K)->7623K(7936K)
[2024-04-08T22:08:51.451+0800][348.210s] GC(44) Pause Young (Normal) (G1 Evacuation Pause) 353M->48M(512M) 3.470ms
[2024-04-08T22:08:51.451+0800][348.210s] GC(44) User=0.00s Sys=0.00s Real=0.00s
[2024-04-08T22:08:54.882+0800][351.640s] GC(45) Pause Young (Normal) (G1 Evacuation Pause)
[2024-04-08T22:08:54.882+0800][351.641s] GC(45) Using 13 workers of 13 for evacuation
[2024-04-08T22:08:54.885+0800][351.644s] GC(45)   Pre Evacuate Collection Set: 0.2ms
[2024-04-08T22:08:54.886+0800][351.644s] GC(45)   Merge Heap Roots: 0.1ms
[2024-04-08T22:08:54.886+0800][351.644s] GC(45)   Evacuate Collection Set: 1.7ms
[2024-04-08T22:08:54.886+0800][351.644s] GC(45)   Post Evacuate Collection Set: 1.0ms
[2024-04-08T22:08:54.886+0800][351.644s] GC(45)   Other: 0.1ms
[2024-04-08T22:08:54.886+0800][351.644s] GC(45) Eden regions: 305->0(305)
[2024-04-08T22:08:54.886+0800][351.644s] GC(45) Survivor regions: 2->2(39)
[2024-04-08T22:08:54.886+0800][351.644s] GC(45) Old regions: 43->43
[2024-04-08T22:08:54.886+0800][351.644s] GC(45) Humongous regions: 4->4
[2024-04-08T22:08:54.886+0800][351.644s] GC(45) Metaspace: 67351K(68096K)->67351K(68096K) NonClass: 59703K(60096K)->59703K(60096K) Class: 7647K(8000K)->7647K(8000K)
[2024-04-08T22:08:54.886+0800][351.644s] GC(45) Pause Young (Normal) (G1 Evacuation Pause) 353M->48M(512M) 3.591ms
[2024-04-08T22:08:54.886+0800][351.644s] GC(45) User=0.02s Sys=0.00s Real=0.00s
[2024-04-08T22:08:57.909+0800][354.667s] GC(46) Pause Young (Normal) (G1 Evacuation Pause)
[2024-04-08T22:08:57.910+0800][354.668s] GC(46) Using 13 workers of 13 for evacuation
[2024-04-08T22:08:57.915+0800][354.673s] GC(46)   Pre Evacuate Collection Set: 0.3ms
[2024-04-08T22:08:57.915+0800][354.673s] GC(46)   Merge Heap Roots: 0.1ms
[2024-04-08T22:08:57.915+0800][354.674s] GC(46)   Evacuate Collection Set: 4.4ms
[2024-04-08T22:08:57.915+0800][354.674s] GC(46)   Post Evacuate Collection Set: 0.7ms
[2024-04-08T22:08:57.916+0800][354.674s] GC(46)   Other: 0.2ms
[2024-04-08T22:08:57.916+0800][354.674s] GC(46) Eden regions: 305->0(305)
[2024-04-08T22:08:57.916+0800][354.674s] GC(46) Survivor regions: 2->2(39)
[2024-04-08T22:08:57.916+0800][354.674s] GC(46) Old regions: 43->43
[2024-04-08T22:08:57.916+0800][354.674s] GC(46) Humongous regions: 4->4
[2024-04-08T22:08:57.916+0800][354.674s] GC(46) Metaspace: 67354K(68096K)->67354K(68096K) NonClass: 59706K(60096K)->59706K(60096K) Class: 7647K(8000K)->7647K(8000K)
[2024-04-08T22:08:57.916+0800][354.674s] GC(46) Pause Young (Normal) (G1 Evacuation Pause) 353M->48M(512M) 6.375ms
[2024-04-08T22:08:57.916+0800][354.674s] GC(46) User=0.00s Sys=0.02s Real=0.01s
[2024-04-08T22:09:01.235+0800][357.993s] GC(47) Pause Young (Normal) (G1 Evacuation Pause)
[2024-04-08T22:09:01.235+0800][357.993s] GC(47) Using 13 workers of 13 for evacuation
[2024-04-08T22:09:01.239+0800][357.997s] GC(47)   Pre Evacuate Collection Set: 0.1ms
[2024-04-08T22:09:01.239+0800][357.997s] GC(47)   Merge Heap Roots: 0.1ms
[2024-04-08T22:09:01.239+0800][357.997s] GC(47)   Evacuate Collection Set: 2.3ms
[2024-04-08T22:09:01.239+0800][357.997s] GC(47)   Post Evacuate Collection Set: 0.6ms
[2024-04-08T22:09:01.239+0800][357.997s] GC(47)   Other: 0.1ms
[2024-04-08T22:09:01.239+0800][357.997s] GC(47) Eden regions: 305->0(305)
[2024-04-08T22:09:01.239+0800][357.997s] GC(47) Survivor regions: 2->2(39)
[2024-04-08T22:09:01.239+0800][357.997s] GC(47) Old regions: 43->43
[2024-04-08T22:09:01.239+0800][357.997s] GC(47) Humongous regions: 4->4
[2024-04-08T22:09:01.239+0800][357.997s] GC(47) Metaspace: 67356K(68096K)->67356K(68096K) NonClass: 59708K(60096K)->59708K(60096K) Class: 7647K(8000K)->7647K(8000K)
[2024-04-08T22:09:01.239+0800][357.997s] GC(47) Pause Young (Normal) (G1 Evacuation Pause) 353M->48M(512M) 3.801ms
[2024-04-08T22:09:01.239+0800][357.997s] GC(47) User=0.00s Sys=0.00s Real=0.00s
[2024-04-08T22:09:04.029+0800][360.787s] GC(48) Pause Young (Normal) (G1 Evacuation Pause)
[2024-04-08T22:09:04.029+0800][360.788s] GC(48) Using 13 workers of 13 for evacuation
[2024-04-08T22:09:04.033+0800][360.791s] GC(48)   Pre Evacuate Collection Set: 0.3ms
[2024-04-08T22:09:04.033+0800][360.791s] GC(48)   Merge Heap Roots: 0.1ms
[2024-04-08T22:09:04.033+0800][360.791s] GC(48)   Evacuate Collection Set: 2.3ms
[2024-04-08T22:09:04.033+0800][360.791s] GC(48)   Post Evacuate Collection Set: 0.7ms
[2024-04-08T22:09:04.033+0800][360.791s] GC(48)   Other: 0.2ms
[2024-04-08T22:09:04.033+0800][360.791s] GC(48) Eden regions: 305->0(305)
[2024-04-08T22:09:04.033+0800][360.791s] GC(48) Survivor regions: 2->2(39)
[2024-04-08T22:09:04.033+0800][360.791s] GC(48) Old regions: 43->43
[2024-04-08T22:09:04.033+0800][360.791s] GC(48) Humongous regions: 4->4
[2024-04-08T22:09:04.033+0800][360.791s] GC(48) Metaspace: 67356K(68096K)->67356K(68096K) NonClass: 59709K(60096K)->59709K(60096K) Class: 7647K(8000K)->7647K(8000K)
[2024-04-08T22:09:04.033+0800][360.791s] GC(48) Pause Young (Normal) (G1 Evacuation Pause) 353M->48M(512M) 4.115ms
[2024-04-08T22:09:04.033+0800][360.792s] GC(48) User=0.00s Sys=0.00s Real=0.00s
[2024-04-08T22:09:07.536+0800][364.295s] GC(49) Pause Young (Normal) (G1 Evacuation Pause)
[2024-04-08T22:09:07.536+0800][364.295s] GC(49) Using 13 workers of 13 for evacuation
[2024-04-08T22:09:07.540+0800][364.299s] GC(49)   Pre Evacuate Collection Set: 0.6ms
[2024-04-08T22:09:07.540+0800][364.299s] GC(49)   Merge Heap Roots: 0.3ms
[2024-04-08T22:09:07.540+0800][364.299s] GC(49)   Evacuate Collection Set: 1.9ms
[2024-04-08T22:09:07.540+0800][364.299s] GC(49)   Post Evacuate Collection Set: 0.8ms
[2024-04-08T22:09:07.540+0800][364.299s] GC(49)   Other: 0.3ms
[2024-04-08T22:09:07.541+0800][364.299s] GC(49) Eden regions: 305->0(305)
[2024-04-08T22:09:07.541+0800][364.299s] GC(49) Survivor regions: 2->2(39)
[2024-04-08T22:09:07.541+0800][364.299s] GC(49) Old regions: 43->44
[2024-04-08T22:09:07.541+0800][364.299s] GC(49) Humongous regions: 4->4
[2024-04-08T22:09:07.541+0800][364.299s] GC(49) Metaspace: 67363K(68096K)->67363K(68096K) NonClass: 59715K(60096K)->59715K(60096K) Class: 7647K(8000K)->7647K(8000K)
[2024-04-08T22:09:07.541+0800][364.299s] GC(49) Pause Young (Normal) (G1 Evacuation Pause) 353M->48M(512M) 4.585ms
[2024-04-08T22:09:07.541+0800][364.299s] GC(49) User=0.02s Sys=0.02s Real=0.00s
[2024-04-08T22:09:10.610+0800][367.369s] GC(50) Pause Young (Normal) (G1 Evacuation Pause)
[2024-04-08T22:09:10.610+0800][367.369s] GC(50) Using 13 workers of 13 for evacuation
[2024-04-08T22:09:10.614+0800][367.373s] GC(50)   Pre Evacuate Collection Set: 0.2ms
[2024-04-08T22:09:10.614+0800][367.373s] GC(50)   Merge Heap Roots: 0.1ms
[2024-04-08T22:09:10.614+0800][367.373s] GC(50)   Evacuate Collection Set: 2.8ms
[2024-04-08T22:09:10.614+0800][367.373s] GC(50)   Post Evacuate Collection Set: 0.6ms
[2024-04-08T22:09:10.614+0800][367.373s] GC(50)   Other: 0.1ms
[2024-04-08T22:09:10.614+0800][367.373s] GC(50) Eden regions: 305->0(305)
[2024-04-08T22:09:10.614+0800][367.373s] GC(50) Survivor regions: 2->2(39)
[2024-04-08T22:09:10.614+0800][367.373s] GC(50) Old regions: 44->44
[2024-04-08T22:09:10.614+0800][367.373s] GC(50) Humongous regions: 4->4
[2024-04-08T22:09:10.614+0800][367.373s] GC(50) Metaspace: 67364K(68096K)->67364K(68096K) NonClass: 59716K(60096K)->59716K(60096K) Class: 7647K(8000K)->7647K(8000K)
[2024-04-08T22:09:10.614+0800][367.373s] GC(50) Pause Young (Normal) (G1 Evacuation Pause) 353M->48M(512M) 4.464ms
[2024-04-08T22:09:10.614+0800][367.373s] GC(50) User=0.00s Sys=0.00s Real=0.00s
[2024-04-08T22:09:13.531+0800][370.289s] GC(51) Pause Young (Normal) (G1 Evacuation Pause)
[2024-04-08T22:09:13.531+0800][370.289s] GC(51) Using 13 workers of 13 for evacuation
[2024-04-08T22:09:13.535+0800][370.294s] GC(51)   Pre Evacuate Collection Set: 0.2ms
[2024-04-08T22:09:13.535+0800][370.294s] GC(51)   Merge Heap Roots: 0.1ms
[2024-04-08T22:09:13.535+0800][370.294s] GC(51)   Evacuate Collection Set: 2.5ms
[2024-04-08T22:09:13.535+0800][370.294s] GC(51)   Post Evacuate Collection Set: 1.1ms
[2024-04-08T22:09:13.535+0800][370.294s] GC(51)   Other: 0.2ms
[2024-04-08T22:09:13.535+0800][370.294s] GC(51) Eden regions: 305->0(305)
[2024-04-08T22:09:13.535+0800][370.294s] GC(51) Survivor regions: 2->2(39)
[2024-04-08T22:09:13.536+0800][370.294s] GC(51) Old regions: 44->44
[2024-04-08T22:09:13.536+0800][370.294s] GC(51) Humongous regions: 4->4
[2024-04-08T22:09:13.536+0800][370.294s] GC(51) Metaspace: 67365K(68096K)->67365K(68096K) NonClass: 59717K(60096K)->59717K(60096K) Class: 7647K(8000K)->7647K(8000K)
[2024-04-08T22:09:13.536+0800][370.294s] GC(51) Pause Young (Normal) (G1 Evacuation Pause) 353M->48M(512M) 4.625ms
[2024-04-08T22:09:13.536+0800][370.294s] GC(51) User=0.00s Sys=0.00s Real=0.01s
[2024-04-08T22:09:16.233+0800][372.992s] GC(52) Pause Young (Normal) (G1 Evacuation Pause)
[2024-04-08T22:09:16.233+0800][372.992s] GC(52) Using 13 workers of 13 for evacuation
[2024-04-08T22:09:16.237+0800][372.996s] GC(52)   Pre Evacuate Collection Set: 0.2ms
[2024-04-08T22:09:16.237+0800][372.996s] GC(52)   Merge Heap Roots: 0.1ms
[2024-04-08T22:09:16.237+0800][372.996s] GC(52)   Evacuate Collection Set: 2.0ms
[2024-04-08T22:09:16.237+0800][372.996s] GC(52)   Post Evacuate Collection Set: 0.7ms
[2024-04-08T22:09:16.237+0800][372.996s] GC(52)   Other: 0.2ms
[2024-04-08T22:09:16.237+0800][372.996s] GC(52) Eden regions: 305->0(305)
[2024-04-08T22:09:16.237+0800][372.996s] GC(52) Survivor regions: 2->2(39)
[2024-04-08T22:09:16.237+0800][372.996s] GC(52) Old regions: 44->44
[2024-04-08T22:09:16.237+0800][372.996s] GC(52) Humongous regions: 4->4
[2024-04-08T22:09:16.237+0800][372.996s] GC(52) Metaspace: 67368K(68096K)->67368K(68096K) NonClass: 59719K(60096K)->59719K(60096K) Class: 7648K(8000K)->7648K(8000K)
[2024-04-08T22:09:16.237+0800][372.996s] GC(52) Pause Young (Normal) (G1 Evacuation Pause) 353M->48M(512M) 3.710ms
[2024-04-08T22:09:16.237+0800][372.996s] GC(52) User=0.00s Sys=0.00s Real=0.00s
[2024-04-08T22:09:18.996+0800][375.754s] GC(53) Pause Young (Normal) (G1 Evacuation Pause)
[2024-04-08T22:09:18.996+0800][375.754s] GC(53) Using 13 workers of 13 for evacuation
[2024-04-08T22:09:19.001+0800][375.759s] GC(53)   Pre Evacuate Collection Set: 0.3ms
[2024-04-08T22:09:19.001+0800][375.759s] GC(53)   Merge Heap Roots: 0.1ms
[2024-04-08T22:09:19.001+0800][375.759s] GC(53)   Evacuate Collection Set: 2.9ms
[2024-04-08T22:09:19.001+0800][375.759s] GC(53)   Post Evacuate Collection Set: 1.2ms
[2024-04-08T22:09:19.001+0800][375.759s] GC(53)   Other: 0.2ms
[2024-04-08T22:09:19.001+0800][375.759s] GC(53) Eden regions: 305->0(305)
[2024-04-08T22:09:19.001+0800][375.759s] GC(53) Survivor regions: 2->2(39)
[2024-04-08T22:09:19.001+0800][375.759s] GC(53) Old regions: 44->44
[2024-04-08T22:09:19.001+0800][375.759s] GC(53) Humongous regions: 4->4
[2024-04-08T22:09:19.001+0800][375.759s] GC(53) Metaspace: 67368K(68096K)->67368K(68096K) NonClass: 59719K(60096K)->59719K(60096K) Class: 7648K(8000K)->7648K(8000K)
[2024-04-08T22:09:19.001+0800][375.760s] GC(53) Pause Young (Normal) (G1 Evacuation Pause) 353M->48M(512M) 5.397ms
[2024-04-08T22:09:19.002+0800][375.760s] GC(53) User=0.00s Sys=0.00s Real=0.01s
[2024-04-08T22:09:21.958+0800][378.716s] GC(54) Pause Young (Normal) (G1 Evacuation Pause)
[2024-04-08T22:09:21.958+0800][378.716s] GC(54) Using 13 workers of 13 for evacuation
[2024-04-08T22:09:21.962+0800][378.720s] GC(54)   Pre Evacuate Collection Set: 0.3ms
[2024-04-08T22:09:21.962+0800][378.720s] GC(54)   Merge Heap Roots: 0.2ms
[2024-04-08T22:09:21.962+0800][378.720s] GC(54)   Evacuate Collection Set: 2.1ms
[2024-04-08T22:09:21.962+0800][378.720s] GC(54)   Post Evacuate Collection Set: 0.7ms
[2024-04-08T22:09:21.962+0800][378.720s] GC(54)   Other: 0.2ms
[2024-04-08T22:09:21.962+0800][378.720s] GC(54) Eden regions: 305->0(305)
[2024-04-08T22:09:21.962+0800][378.720s] GC(54) Survivor regions: 2->2(39)
[2024-04-08T22:09:21.962+0800][378.720s] GC(54) Old regions: 44->44
[2024-04-08T22:09:21.962+0800][378.720s] GC(54) Humongous regions: 4->4
[2024-04-08T22:09:21.962+0800][378.720s] GC(54) Metaspace: 67368K(68096K)->67368K(68096K) NonClass: 59720K(60096K)->59720K(60096K) Class: 7648K(8000K)->7648K(8000K)
[2024-04-08T22:09:21.962+0800][378.720s] GC(54) Pause Young (Normal) (G1 Evacuation Pause) 353M->48M(512M) 4.036ms
[2024-04-08T22:09:21.962+0800][378.720s] GC(54) User=0.00s Sys=0.00s Real=0.00s
[2024-04-08T22:09:24.751+0800][381.509s] GC(55) Pause Young (Normal) (G1 Evacuation Pause)
[2024-04-08T22:09:24.751+0800][381.509s] GC(55) Using 13 workers of 13 for evacuation
[2024-04-08T22:09:24.755+0800][381.513s] GC(55)   Pre Evacuate Collection Set: 0.3ms
[2024-04-08T22:09:24.755+0800][381.513s] GC(55)   Merge Heap Roots: 0.2ms
[2024-04-08T22:09:24.755+0800][381.513s] GC(55)   Evacuate Collection Set: 2.0ms
[2024-04-08T22:09:24.755+0800][381.513s] GC(55)   Post Evacuate Collection Set: 0.8ms
[2024-04-08T22:09:24.755+0800][381.513s] GC(55)   Other: 0.1ms
[2024-04-08T22:09:24.755+0800][381.513s] GC(55) Eden regions: 305->0(305)
[2024-04-08T22:09:24.755+0800][381.513s] GC(55) Survivor regions: 2->2(39)
[2024-04-08T22:09:24.755+0800][381.513s] GC(55) Old regions: 44->44
[2024-04-08T22:09:24.755+0800][381.513s] GC(55) Humongous regions: 4->4
[2024-04-08T22:09:24.755+0800][381.513s] GC(55) Metaspace: 67370K(68096K)->67370K(68096K) NonClass: 59722K(60096K)->59722K(60096K) Class: 7648K(8000K)->7648K(8000K)
[2024-04-08T22:09:24.755+0800][381.513s] GC(55) Pause Young (Normal) (G1 Evacuation Pause) 353M->48M(512M) 3.751ms
[2024-04-08T22:09:24.755+0800][381.513s] GC(55) User=0.00s Sys=0.00s Real=0.00s
[2024-04-08T22:09:27.552+0800][384.310s] GC(56) Pause Young (Normal) (G1 Evacuation Pause)
[2024-04-08T22:09:27.552+0800][384.310s] GC(56) Using 13 workers of 13 for evacuation
[2024-04-08T22:09:27.555+0800][384.313s] GC(56)   Pre Evacuate Collection Set: 0.1ms
[2024-04-08T22:09:27.555+0800][384.313s] GC(56)   Merge Heap Roots: 0.1ms
[2024-04-08T22:09:27.555+0800][384.313s] GC(56)   Evacuate Collection Set: 1.7ms
[2024-04-08T22:09:27.555+0800][384.313s] GC(56)   Post Evacuate Collection Set: 0.5ms
[2024-04-08T22:09:27.555+0800][384.313s] GC(56)   Other: 0.1ms
[2024-04-08T22:09:27.555+0800][384.313s] GC(56) Eden regions: 305->0(305)
[2024-04-08T22:09:27.555+0800][384.313s] GC(56) Survivor regions: 2->2(39)
[2024-04-08T22:09:27.555+0800][384.313s] GC(56) Old regions: 44->44
[2024-04-08T22:09:27.555+0800][384.313s] GC(56) Humongous regions: 4->4
[2024-04-08T22:09:27.555+0800][384.313s] GC(56) Metaspace: 67388K(68096K)->67388K(68096K) NonClass: 59740K(60096K)->59740K(60096K) Class: 7648K(8000K)->7648K(8000K)
[2024-04-08T22:09:27.555+0800][384.313s] GC(56) Pause Young (Normal) (G1 Evacuation Pause) 353M->48M(512M) 2.923ms
[2024-04-08T22:09:27.555+0800][384.313s] GC(56) User=0.00s Sys=0.00s Real=0.00s
[2024-04-08T22:09:30.242+0800][387.000s] GC(57) Pause Young (Normal) (G1 Evacuation Pause)
[2024-04-08T22:09:30.242+0800][387.000s] GC(57) Using 13 workers of 13 for evacuation
[2024-04-08T22:09:30.246+0800][387.004s] GC(57)   Pre Evacuate Collection Set: 0.2ms
[2024-04-08T22:09:30.246+0800][387.004s] GC(57)   Merge Heap Roots: 0.2ms
[2024-04-08T22:09:30.246+0800][387.004s] GC(57)   Evacuate Collection Set: 2.3ms
[2024-04-08T22:09:30.246+0800][387.004s] GC(57)   Post Evacuate Collection Set: 1.1ms
[2024-04-08T22:09:30.246+0800][387.004s] GC(57)   Other: 0.1ms
[2024-04-08T22:09:30.246+0800][387.005s] GC(57) Eden regions: 305->0(305)
[2024-04-08T22:09:30.247+0800][387.005s] GC(57) Survivor regions: 2->2(39)
[2024-04-08T22:09:30.247+0800][387.005s] GC(57) Old regions: 44->44
[2024-04-08T22:09:30.247+0800][387.005s] GC(57) Humongous regions: 4->4
[2024-04-08T22:09:30.247+0800][387.005s] GC(57) Metaspace: 67396K(68096K)->67396K(68096K) NonClass: 59748K(60096K)->59748K(60096K) Class: 7648K(8000K)->7648K(8000K)
[2024-04-08T22:09:30.247+0800][387.005s] GC(57) Pause Young (Normal) (G1 Evacuation Pause) 353M->48M(512M) 4.536ms
[2024-04-08T22:09:30.247+0800][387.005s] GC(57) User=0.03s Sys=0.00s Real=0.00s
[2024-04-08T22:09:33.050+0800][389.808s] GC(58) Pause Young (Normal) (G1 Evacuation Pause)
[2024-04-08T22:09:33.050+0800][389.808s] GC(58) Using 13 workers of 13 for evacuation
[2024-04-08T22:09:33.053+0800][389.811s] GC(58)   Pre Evacuate Collection Set: 0.3ms
[2024-04-08T22:09:33.053+0800][389.811s] GC(58)   Merge Heap Roots: 0.2ms
[2024-04-08T22:09:33.053+0800][389.812s] GC(58)   Evacuate Collection Set: 2.3ms
[2024-04-08T22:09:33.054+0800][389.812s] GC(58)   Post Evacuate Collection Set: 0.8ms
[2024-04-08T22:09:33.054+0800][389.812s] GC(58)   Other: 0.1ms
[2024-04-08T22:09:33.054+0800][389.812s] GC(58) Eden regions: 305->0(305)
[2024-04-08T22:09:33.054+0800][389.812s] GC(58) Survivor regions: 2->2(39)
[2024-04-08T22:09:33.054+0800][389.812s] GC(58) Old regions: 44->44
[2024-04-08T22:09:33.054+0800][389.812s] GC(58) Humongous regions: 4->4
[2024-04-08T22:09:33.054+0800][389.812s] GC(58) Metaspace: 67398K(68096K)->67398K(68096K) NonClass: 59750K(60096K)->59750K(60096K) Class: 7648K(8000K)->7648K(8000K)
[2024-04-08T22:09:33.054+0800][389.812s] GC(58) Pause Young (Normal) (G1 Evacuation Pause) 353M->48M(512M) 4.111ms
[2024-04-08T22:09:33.054+0800][389.812s] GC(58) User=0.00s Sys=0.00s Real=0.00s
[2024-04-08T22:09:35.641+0800][392.400s] GC(59) Pause Young (Normal) (G1 Evacuation Pause)
[2024-04-08T22:09:35.641+0800][392.400s] GC(59) Using 13 workers of 13 for evacuation
[2024-04-08T22:09:35.644+0800][392.403s] GC(59)   Pre Evacuate Collection Set: 0.2ms
[2024-04-08T22:09:35.644+0800][392.403s] GC(59)   Merge Heap Roots: 0.1ms
[2024-04-08T22:09:35.644+0800][392.403s] GC(59)   Evacuate Collection Set: 1.7ms
[2024-04-08T22:09:35.644+0800][392.403s] GC(59)   Post Evacuate Collection Set: 0.7ms
[2024-04-08T22:09:35.644+0800][392.403s] GC(59)   Other: 0.1ms
[2024-04-08T22:09:35.644+0800][392.403s] GC(59) Eden regions: 305->0(305)
[2024-04-08T22:09:35.644+0800][392.403s] GC(59) Survivor regions: 2->2(39)
[2024-04-08T22:09:35.644+0800][392.403s] GC(59) Old regions: 44->44
[2024-04-08T22:09:35.644+0800][392.403s] GC(59) Humongous regions: 4->4
[2024-04-08T22:09:35.644+0800][392.403s] GC(59) Metaspace: 67400K(68096K)->67400K(68096K) NonClass: 59752K(60096K)->59752K(60096K) Class: 7648K(8000K)->7648K(8000K)
[2024-04-08T22:09:35.644+0800][392.403s] GC(59) Pause Young (Normal) (G1 Evacuation Pause) 353M->48M(512M) 3.409ms
[2024-04-08T22:09:35.644+0800][392.403s] GC(59) User=0.00s Sys=0.00s Real=0.00s
[2024-04-08T22:09:38.561+0800][395.319s] GC(60) Pause Young (Normal) (G1 Evacuation Pause)
[2024-04-08T22:09:38.561+0800][395.319s] GC(60) Using 13 workers of 13 for evacuation
[2024-04-08T22:09:38.565+0800][395.323s] GC(60)   Pre Evacuate Collection Set: 0.2ms
[2024-04-08T22:09:38.565+0800][395.323s] GC(60)   Merge Heap Roots: 0.2ms
[2024-04-08T22:09:38.565+0800][395.323s] GC(60)   Evacuate Collection Set: 1.9ms
[2024-04-08T22:09:38.565+0800][395.323s] GC(60)   Post Evacuate Collection Set: 1.1ms
[2024-04-08T22:09:38.565+0800][395.323s] GC(60)   Other: 0.2ms
[2024-04-08T22:09:38.565+0800][395.323s] GC(60) Eden regions: 305->0(305)
[2024-04-08T22:09:38.565+0800][395.323s] GC(60) Survivor regions: 2->2(39)
[2024-04-08T22:09:38.565+0800][395.323s] GC(60) Old regions: 44->44
[2024-04-08T22:09:38.565+0800][395.323s] GC(60) Humongous regions: 4->4
[2024-04-08T22:09:38.565+0800][395.323s] GC(60) Metaspace: 67400K(68096K)->67400K(68096K) NonClass: 59752K(60096K)->59752K(60096K) Class: 7648K(8000K)->7648K(8000K)
[2024-04-08T22:09:38.565+0800][395.323s] GC(60) Pause Young (Normal) (G1 Evacuation Pause) 353M->48M(512M) 4.083ms
[2024-04-08T22:09:38.565+0800][395.323s] GC(60) User=0.00s Sys=0.00s Real=0.00s
[2024-04-08T22:09:41.563+0800][398.321s] GC(61) Pause Young (Normal) (G1 Evacuation Pause)
[2024-04-08T22:09:41.563+0800][398.321s] GC(61) Using 13 workers of 13 for evacuation
[2024-04-08T22:09:41.568+0800][398.326s] GC(61)   Pre Evacuate Collection Set: 0.3ms
[2024-04-08T22:09:41.568+0800][398.326s] GC(61)   Merge Heap Roots: 0.1ms
[2024-04-08T22:09:41.568+0800][398.326s] GC(61)   Evacuate Collection Set: 3.7ms
[2024-04-08T22:09:41.568+0800][398.326s] GC(61)   Post Evacuate Collection Set: 0.7ms
[2024-04-08T22:09:41.568+0800][398.326s] GC(61)   Other: 0.2ms
[2024-04-08T22:09:41.568+0800][398.326s] GC(61) Eden regions: 305->0(305)
[2024-04-08T22:09:41.568+0800][398.326s] GC(61) Survivor regions: 2->2(39)
[2024-04-08T22:09:41.568+0800][398.326s] GC(61) Old regions: 44->44
[2024-04-08T22:09:41.568+0800][398.326s] GC(61) Humongous regions: 4->4
[2024-04-08T22:09:41.568+0800][398.326s] GC(61) Metaspace: 67407K(68160K)->67407K(68160K) NonClass: 59759K(60160K)->59759K(60160K) Class: 7648K(8000K)->7648K(8000K)
[2024-04-08T22:09:41.568+0800][398.327s] GC(61) Pause Young (Normal) (G1 Evacuation Pause) 353M->48M(512M) 5.561ms
[2024-04-08T22:09:41.568+0800][398.327s] GC(61) User=0.00s Sys=0.00s Real=0.01s
[2024-04-08T22:09:44.613+0800][401.372s] GC(62) Pause Young (Normal) (G1 Evacuation Pause)
[2024-04-08T22:09:44.613+0800][401.372s] GC(62) Using 13 workers of 13 for evacuation
[2024-04-08T22:09:44.619+0800][401.378s] GC(62)   Pre Evacuate Collection Set: 0.2ms
[2024-04-08T22:09:44.620+0800][401.379s] GC(62)   Merge Heap Roots: 0.2ms
[2024-04-08T22:09:44.620+0800][401.379s] GC(62)   Evacuate Collection Set: 4.2ms
[2024-04-08T22:09:44.620+0800][401.379s] GC(62)   Post Evacuate Collection Set: 1.2ms
[2024-04-08T22:09:44.620+0800][401.379s] GC(62)   Other: 0.2ms
[2024-04-08T22:09:44.620+0800][401.379s] GC(62) Eden regions: 305->0(305)
[2024-04-08T22:09:44.620+0800][401.379s] GC(62) Survivor regions: 2->2(39)
[2024-04-08T22:09:44.620+0800][401.379s] GC(62) Old regions: 44->44
[2024-04-08T22:09:44.620+0800][401.379s] GC(62) Humongous regions: 4->4
[2024-04-08T22:09:44.620+0800][401.379s] GC(62) Metaspace: 67419K(68160K)->67419K(68160K) NonClass: 59771K(60160K)->59771K(60160K) Class: 7648K(8000K)->7648K(8000K)
[2024-04-08T22:09:44.620+0800][401.379s] GC(62) Pause Young (Normal) (G1 Evacuation Pause) 353M->48M(512M) 6.790ms
[2024-04-08T22:09:44.620+0800][401.379s] GC(62) User=0.12s Sys=0.00s Real=0.01s
[2024-04-08T22:09:47.720+0800][404.478s] GC(63) Pause Young (Normal) (G1 Evacuation Pause)
[2024-04-08T22:09:47.720+0800][404.478s] GC(63) Using 13 workers of 13 for evacuation
[2024-04-08T22:09:47.723+0800][404.482s] GC(63)   Pre Evacuate Collection Set: 0.2ms
[2024-04-08T22:09:47.723+0800][404.482s] GC(63)   Merge Heap Roots: 0.1ms
[2024-04-08T22:09:47.724+0800][404.482s] GC(63)   Evacuate Collection Set: 2.3ms
[2024-04-08T22:09:47.724+0800][404.482s] GC(63)   Post Evacuate Collection Set: 0.5ms
[2024-04-08T22:09:47.724+0800][404.482s] GC(63)   Other: 0.1ms
[2024-04-08T22:09:47.724+0800][404.482s] GC(63) Eden regions: 305->0(305)
[2024-04-08T22:09:47.724+0800][404.482s] GC(63) Survivor regions: 2->2(39)
[2024-04-08T22:09:47.724+0800][404.482s] GC(63) Old regions: 44->44
[2024-04-08T22:09:47.724+0800][404.482s] GC(63) Humongous regions: 4->4
[2024-04-08T22:09:47.724+0800][404.482s] GC(63) Metaspace: 67421K(68160K)->67421K(68160K) NonClass: 59773K(60160K)->59773K(60160K) Class: 7648K(8000K)->7648K(8000K)
[2024-04-08T22:09:47.724+0800][404.482s] GC(63) Pause Young (Normal) (G1 Evacuation Pause) 353M->48M(512M) 3.696ms
[2024-04-08T22:09:47.724+0800][404.482s] GC(63) User=0.00s Sys=0.00s Real=0.00s
[2024-04-08T22:09:50.659+0800][407.417s] GC(64) Pause Young (Normal) (G1 Evacuation Pause)
[2024-04-08T22:09:50.659+0800][407.417s] GC(64) Using 13 workers of 13 for evacuation
[2024-04-08T22:09:50.663+0800][407.421s] GC(64)   Pre Evacuate Collection Set: 0.3ms
[2024-04-08T22:09:50.663+0800][407.422s] GC(64)   Merge Heap Roots: 0.2ms
[2024-04-08T22:09:50.663+0800][407.422s] GC(64)   Evacuate Collection Set: 2.6ms
[2024-04-08T22:09:50.663+0800][407.422s] GC(64)   Post Evacuate Collection Set: 0.8ms
[2024-04-08T22:09:50.663+0800][407.422s] GC(64)   Other: 0.2ms
[2024-04-08T22:09:50.663+0800][407.422s] GC(64) Eden regions: 305->0(305)
[2024-04-08T22:09:50.663+0800][407.422s] GC(64) Survivor regions: 2->2(39)
[2024-04-08T22:09:50.663+0800][407.422s] GC(64) Old regions: 44->44
[2024-04-08T22:09:50.663+0800][407.422s] GC(64) Humongous regions: 4->4
[2024-04-08T22:09:50.663+0800][407.422s] GC(64) Metaspace: 67423K(68160K)->67423K(68160K) NonClass: 59775K(60160K)->59775K(60160K) Class: 7648K(8000K)->7648K(8000K)
[2024-04-08T22:09:50.663+0800][407.422s] GC(64) Pause Young (Normal) (G1 Evacuation Pause) 353M->49M(512M) 4.630ms
[2024-04-08T22:09:50.664+0800][407.422s] GC(64) User=0.00s Sys=0.00s Real=0.01s
[2024-04-08T22:09:53.585+0800][410.344s] GC(65) Pause Young (Normal) (G1 Evacuation Pause)
[2024-04-08T22:09:53.586+0800][410.344s] GC(65) Using 13 workers of 13 for evacuation
[2024-04-08T22:09:53.590+0800][410.348s] GC(65)   Pre Evacuate Collection Set: 0.3ms
[2024-04-08T22:09:53.590+0800][410.348s] GC(65)   Merge Heap Roots: 0.3ms
[2024-04-08T22:09:53.590+0800][410.348s] GC(65)   Evacuate Collection Set: 2.3ms
[2024-04-08T22:09:53.590+0800][410.348s] GC(65)   Post Evacuate Collection Set: 1.3ms
[2024-04-08T22:09:53.590+0800][410.348s] GC(65)   Other: 0.2ms
[2024-04-08T22:09:53.590+0800][410.348s] GC(65) Eden regions: 305->0(305)
[2024-04-08T22:09:53.590+0800][410.348s] GC(65) Survivor regions: 2->2(39)
[2024-04-08T22:09:53.590+0800][410.348s] GC(65) Old regions: 44->44
[2024-04-08T22:09:53.590+0800][410.348s] GC(65) Humongous regions: 4->4
[2024-04-08T22:09:53.590+0800][410.349s] GC(65) Metaspace: 67425K(68160K)->67425K(68160K) NonClass: 59777K(60160K)->59777K(60160K) Class: 7648K(8000K)->7648K(8000K)
[2024-04-08T22:09:53.590+0800][410.349s] GC(65) Pause Young (Normal) (G1 Evacuation Pause) 354M->49M(512M) 4.839ms
[2024-04-08T22:09:53.590+0800][410.349s] GC(65) User=0.03s Sys=0.00s Real=0.00s
[2024-04-08T22:09:56.489+0800][413.247s] GC(66) Pause Young (Normal) (G1 Evacuation Pause)
[2024-04-08T22:09:56.489+0800][413.247s] GC(66) Using 13 workers of 13 for evacuation
[2024-04-08T22:09:56.492+0800][413.250s] GC(66)   Pre Evacuate Collection Set: 0.2ms
[2024-04-08T22:09:56.492+0800][413.250s] GC(66)   Merge Heap Roots: 0.1ms
[2024-04-08T22:09:56.492+0800][413.250s] GC(66)   Evacuate Collection Set: 2.0ms
[2024-04-08T22:09:56.492+0800][413.250s] GC(66)   Post Evacuate Collection Set: 0.6ms
[2024-04-08T22:09:56.492+0800][413.251s] GC(66)   Other: 0.1ms
[2024-04-08T22:09:56.492+0800][413.251s] GC(66) Eden regions: 305->0(305)
[2024-04-08T22:09:56.492+0800][413.251s] GC(66) Survivor regions: 2->2(39)
[2024-04-08T22:09:56.492+0800][413.251s] GC(66) Old regions: 44->44
[2024-04-08T22:09:56.492+0800][413.251s] GC(66) Humongous regions: 4->4
[2024-04-08T22:09:56.492+0800][413.251s] GC(66) Metaspace: 67425K(68160K)->67425K(68160K) NonClass: 59777K(60160K)->59777K(60160K) Class: 7648K(8000K)->7648K(8000K)
[2024-04-08T22:09:56.492+0800][413.251s] GC(66) Pause Young (Normal) (G1 Evacuation Pause) 354M->49M(512M) 3.407ms
[2024-04-08T22:09:56.493+0800][413.251s] GC(66) User=0.00s Sys=0.00s Real=0.00s
[2024-04-08T22:09:59.158+0800][415.916s] GC(67) Pause Young (Normal) (G1 Evacuation Pause)
[2024-04-08T22:09:59.158+0800][415.916s] GC(67) Using 13 workers of 13 for evacuation
[2024-04-08T22:09:59.161+0800][415.919s] GC(67)   Pre Evacuate Collection Set: 0.2ms
[2024-04-08T22:09:59.161+0800][415.919s] GC(67)   Merge Heap Roots: 0.1ms
[2024-04-08T22:09:59.161+0800][415.919s] GC(67)   Evacuate Collection Set: 1.9ms
[2024-04-08T22:09:59.161+0800][415.919s] GC(67)   Post Evacuate Collection Set: 0.6ms
[2024-04-08T22:09:59.161+0800][415.919s] GC(67)   Other: 0.2ms
[2024-04-08T22:09:59.161+0800][415.920s] GC(67) Eden regions: 305->0(305)
[2024-04-08T22:09:59.161+0800][415.920s] GC(67) Survivor regions: 2->2(39)
[2024-04-08T22:09:59.161+0800][415.920s] GC(67) Old regions: 44->44
[2024-04-08T22:09:59.161+0800][415.920s] GC(67) Humongous regions: 4->4
[2024-04-08T22:09:59.161+0800][415.920s] GC(67) Metaspace: 67446K(68160K)->67446K(68160K) NonClass: 59798K(60160K)->59798K(60160K) Class: 7648K(8000K)->7648K(8000K)
[2024-04-08T22:09:59.161+0800][415.920s] GC(67) Pause Young (Normal) (G1 Evacuation Pause) 354M->48M(512M) 3.584ms
[2024-04-08T22:09:59.161+0800][415.920s] GC(67) User=0.00s Sys=0.00s Real=0.00s
[2024-04-08T22:10:01.948+0800][418.706s] GC(68) Pause Young (Normal) (G1 Evacuation Pause)
[2024-04-08T22:10:01.948+0800][418.706s] GC(68) Using 13 workers of 13 for evacuation
[2024-04-08T22:10:01.952+0800][418.710s] GC(68)   Pre Evacuate Collection Set: 0.2ms
[2024-04-08T22:10:01.952+0800][418.710s] GC(68)   Merge Heap Roots: 0.1ms
[2024-04-08T22:10:01.952+0800][418.710s] GC(68)   Evacuate Collection Set: 2.4ms
[2024-04-08T22:10:01.952+0800][418.710s] GC(68)   Post Evacuate Collection Set: 0.6ms
[2024-04-08T22:10:01.952+0800][418.710s] GC(68)   Other: 0.1ms
[2024-04-08T22:10:01.952+0800][418.710s] GC(68) Eden regions: 305->0(305)
[2024-04-08T22:10:01.952+0800][418.710s] GC(68) Survivor regions: 2->2(39)
[2024-04-08T22:10:01.952+0800][418.710s] GC(68) Old regions: 44->44
[2024-04-08T22:10:01.952+0800][418.710s] GC(68) Humongous regions: 4->4
[2024-04-08T22:10:01.952+0800][418.710s] GC(68) Metaspace: 67446K(68160K)->67446K(68160K) NonClass: 59798K(60160K)->59798K(60160K) Class: 7648K(8000K)->7648K(8000K)
[2024-04-08T22:10:01.952+0800][418.710s] GC(68) Pause Young (Normal) (G1 Evacuation Pause) 353M->48M(512M) 3.877ms
[2024-04-08T22:10:01.952+0800][418.710s] GC(68) User=0.00s Sys=0.00s Real=0.00s
[2024-04-08T22:10:04.934+0800][421.692s] GC(69) Pause Young (Normal) (G1 Evacuation Pause)
[2024-04-08T22:10:04.934+0800][421.692s] GC(69) Using 13 workers of 13 for evacuation
[2024-04-08T22:10:04.938+0800][421.696s] GC(69)   Pre Evacuate Collection Set: 0.2ms
[2024-04-08T22:10:04.938+0800][421.696s] GC(69)   Merge Heap Roots: 0.1ms
[2024-04-08T22:10:04.938+0800][421.696s] GC(69)   Evacuate Collection Set: 2.5ms
[2024-04-08T22:10:04.938+0800][421.696s] GC(69)   Post Evacuate Collection Set: 0.7ms
[2024-04-08T22:10:04.938+0800][421.696s] GC(69)   Other: 0.1ms
[2024-04-08T22:10:04.938+0800][421.696s] GC(69) Eden regions: 305->0(305)
[2024-04-08T22:10:04.938+0800][421.696s] GC(69) Survivor regions: 2->2(39)
[2024-04-08T22:10:04.938+0800][421.696s] GC(69) Old regions: 44->44
[2024-04-08T22:10:04.938+0800][421.696s] GC(69) Humongous regions: 4->4
[2024-04-08T22:10:04.938+0800][421.696s] GC(69) Metaspace: 67446K(68160K)->67446K(68160K) NonClass: 59798K(60160K)->59798K(60160K) Class: 7648K(8000K)->7648K(8000K)
[2024-04-08T22:10:04.938+0800][421.696s] GC(69) Pause Young (Normal) (G1 Evacuation Pause) 353M->48M(512M) 4.107ms
[2024-04-08T22:10:04.938+0800][421.696s] GC(69) User=0.00s Sys=0.00s Real=0.00s
[2024-04-08T22:10:07.793+0800][424.551s] GC(70) Pause Young (Normal) (G1 Evacuation Pause)
[2024-04-08T22:10:07.793+0800][424.552s] GC(70) Using 13 workers of 13 for evacuation
[2024-04-08T22:10:07.797+0800][424.555s] GC(70)   Pre Evacuate Collection Set: 0.3ms
[2024-04-08T22:10:07.797+0800][424.555s] GC(70)   Merge Heap Roots: 0.2ms
[2024-04-08T22:10:07.797+0800][424.555s] GC(70)   Evacuate Collection Set: 2.2ms
[2024-04-08T22:10:07.797+0800][424.555s] GC(70)   Post Evacuate Collection Set: 0.8ms
[2024-04-08T22:10:07.797+0800][424.555s] GC(70)   Other: 0.2ms
[2024-04-08T22:10:07.797+0800][424.555s] GC(70) Eden regions: 305->0(305)
[2024-04-08T22:10:07.797+0800][424.555s] GC(70) Survivor regions: 2->2(39)
[2024-04-08T22:10:07.797+0800][424.555s] GC(70) Old regions: 44->44
[2024-04-08T22:10:07.797+0800][424.555s] GC(70) Humongous regions: 4->4
[2024-04-08T22:10:07.797+0800][424.556s] GC(70) Metaspace: 67446K(68160K)->67446K(68160K) NonClass: 59798K(60160K)->59798K(60160K) Class: 7648K(8000K)->7648K(8000K)
[2024-04-08T22:10:07.797+0800][424.556s] GC(70) Pause Young (Normal) (G1 Evacuation Pause) 353M->49M(512M) 4.180ms
[2024-04-08T22:10:07.797+0800][424.556s] GC(70) User=0.00s Sys=0.00s Real=0.00s
[2024-04-08T22:10:10.497+0800][427.255s] GC(71) Pause Young (Normal) (G1 Evacuation Pause)
[2024-04-08T22:10:10.497+0800][427.255s] GC(71) Using 13 workers of 13 for evacuation
[2024-04-08T22:10:10.500+0800][427.259s] GC(71)   Pre Evacuate Collection Set: 0.3ms
[2024-04-08T22:10:10.500+0800][427.259s] GC(71)   Merge Heap Roots: 0.1ms
[2024-04-08T22:10:10.500+0800][427.259s] GC(71)   Evacuate Collection Set: 2.2ms
[2024-04-08T22:10:10.500+0800][427.259s] GC(71)   Post Evacuate Collection Set: 0.8ms
[2024-04-08T22:10:10.501+0800][427.259s] GC(71)   Other: 0.2ms
[2024-04-08T22:10:10.501+0800][427.259s] GC(71) Eden regions: 305->0(305)
[2024-04-08T22:10:10.501+0800][427.259s] GC(71) Survivor regions: 2->2(39)
[2024-04-08T22:10:10.501+0800][427.259s] GC(71) Old regions: 44->44
[2024-04-08T22:10:10.501+0800][427.259s] GC(71) Humongous regions: 4->4
[2024-04-08T22:10:10.501+0800][427.259s] GC(71) Metaspace: 67450K(68160K)->67450K(68160K) NonClass: 59802K(60160K)->59802K(60160K) Class: 7648K(8000K)->7648K(8000K)
[2024-04-08T22:10:10.501+0800][427.259s] GC(71) Pause Young (Normal) (G1 Evacuation Pause) 354M->48M(512M) 4.226ms
[2024-04-08T22:10:10.501+0800][427.259s] GC(71) User=0.00s Sys=0.00s Real=0.00s
[2024-04-08T22:10:13.186+0800][429.945s] GC(72) Pause Young (Normal) (G1 Evacuation Pause)
[2024-04-08T22:10:13.186+0800][429.945s] GC(72) Using 13 workers of 13 for evacuation
[2024-04-08T22:10:13.189+0800][429.948s] GC(72)   Pre Evacuate Collection Set: 0.3ms
[2024-04-08T22:10:13.189+0800][429.948s] GC(72)   Merge Heap Roots: 0.2ms
[2024-04-08T22:10:13.189+0800][429.948s] GC(72)   Evacuate Collection Set: 1.7ms
[2024-04-08T22:10:13.189+0800][429.948s] GC(72)   Post Evacuate Collection Set: 0.9ms
[2024-04-08T22:10:13.189+0800][429.948s] GC(72)   Other: 0.1ms
[2024-04-08T22:10:13.189+0800][429.948s] GC(72) Eden regions: 305->0(305)
[2024-04-08T22:10:13.190+0800][429.948s] GC(72) Survivor regions: 2->2(39)
[2024-04-08T22:10:13.190+0800][429.948s] GC(72) Old regions: 44->44
[2024-04-08T22:10:13.190+0800][429.948s] GC(72) Humongous regions: 4->4
[2024-04-08T22:10:13.190+0800][429.948s] GC(72) Metaspace: 67450K(68160K)->67450K(68160K) NonClass: 59802K(60160K)->59802K(60160K) Class: 7648K(8000K)->7648K(8000K)
[2024-04-08T22:10:13.190+0800][429.948s] GC(72) Pause Young (Normal) (G1 Evacuation Pause) 353M->49M(512M) 3.841ms
[2024-04-08T22:10:13.190+0800][429.948s] GC(72) User=0.00s Sys=0.00s Real=0.00s
[2024-04-08T22:10:15.904+0800][432.663s] GC(73) Pause Young (Normal) (G1 Evacuation Pause)
[2024-04-08T22:10:15.904+0800][432.663s] GC(73) Using 13 workers of 13 for evacuation
[2024-04-08T22:10:15.906+0800][432.665s] GC(73)   Pre Evacuate Collection Set: 0.3ms
[2024-04-08T22:10:15.906+0800][432.665s] GC(73)   Merge Heap Roots: 0.1ms
[2024-04-08T22:10:15.907+0800][432.665s] GC(73)   Evacuate Collection Set: 1.2ms
[2024-04-08T22:10:15.907+0800][432.665s] GC(73)   Post Evacuate Collection Set: 0.7ms
[2024-04-08T22:10:15.907+0800][432.665s] GC(73)   Other: 0.1ms
[2024-04-08T22:10:15.907+0800][432.665s] GC(73) Eden regions: 305->0(305)
[2024-04-08T22:10:15.907+0800][432.665s] GC(73) Survivor regions: 2->2(39)
[2024-04-08T22:10:15.907+0800][432.665s] GC(73) Old regions: 44->44
[2024-04-08T22:10:15.907+0800][432.665s] GC(73) Humongous regions: 4->4
[2024-04-08T22:10:15.907+0800][432.665s] GC(73) Metaspace: 67450K(68160K)->67450K(68160K) NonClass: 59802K(60160K)->59802K(60160K) Class: 7648K(8000K)->7648K(8000K)
[2024-04-08T22:10:15.907+0800][432.665s] GC(73) Pause Young (Normal) (G1 Evacuation Pause) 354M->48M(512M) 2.883ms
[2024-04-08T22:10:15.907+0800][432.665s] GC(73) User=0.00s Sys=0.00s Real=0.00s
[2024-04-08T22:10:21.777+0800][438.536s] GC(74) Pause Young (Normal) (G1 Evacuation Pause)
[2024-04-08T22:10:21.777+0800][438.536s] GC(74) Using 13 workers of 13 for evacuation
[2024-04-08T22:10:21.784+0800][438.542s] GC(74)   Pre Evacuate Collection Set: 0.5ms
[2024-04-08T22:10:21.784+0800][438.542s] GC(74)   Merge Heap Roots: 0.3ms
[2024-04-08T22:10:21.784+0800][438.543s] GC(74)   Evacuate Collection Set: 3.7ms
[2024-04-08T22:10:21.784+0800][438.543s] GC(74)   Post Evacuate Collection Set: 1.6ms
[2024-04-08T22:10:21.784+0800][438.543s] GC(74)   Other: 0.4ms
[2024-04-08T22:10:21.784+0800][438.543s] GC(74) Eden regions: 305->0(305)
[2024-04-08T22:10:21.785+0800][438.543s] GC(74) Survivor regions: 2->2(39)
[2024-04-08T22:10:21.785+0800][438.543s] GC(74) Old regions: 44->44
[2024-04-08T22:10:21.785+0800][438.543s] GC(74) Humongous regions: 4->4
[2024-04-08T22:10:21.785+0800][438.543s] GC(74) Metaspace: 67450K(68160K)->67450K(68160K) NonClass: 59802K(60160K)->59802K(60160K) Class: 7648K(8000K)->7648K(8000K)
[2024-04-08T22:10:21.785+0800][438.543s] GC(74) Pause Young (Normal) (G1 Evacuation Pause) 353M->48M(512M) 7.909ms
[2024-04-08T22:10:21.785+0800][438.544s] GC(74) User=0.00s Sys=0.00s Real=0.01s
[2024-04-08T22:10:24.704+0800][441.463s] GC(75) Pause Young (Normal) (G1 Evacuation Pause)
[2024-04-08T22:10:24.704+0800][441.463s] GC(75) Using 13 workers of 13 for evacuation
[2024-04-08T22:10:24.707+0800][441.465s] GC(75)   Pre Evacuate Collection Set: 0.2ms
[2024-04-08T22:10:24.707+0800][441.465s] GC(75)   Merge Heap Roots: 0.1ms
[2024-04-08T22:10:24.707+0800][441.465s] GC(75)   Evacuate Collection Set: 1.5ms
[2024-04-08T22:10:24.707+0800][441.465s] GC(75)   Post Evacuate Collection Set: 0.6ms
[2024-04-08T22:10:24.707+0800][441.465s] GC(75)   Other: 0.1ms
[2024-04-08T22:10:24.707+0800][441.466s] GC(75) Eden regions: 305->0(305)
[2024-04-08T22:10:24.707+0800][441.466s] GC(75) Survivor regions: 2->2(39)
[2024-04-08T22:10:24.707+0800][441.466s] GC(75) Old regions: 44->44
[2024-04-08T22:10:24.707+0800][441.466s] GC(75) Humongous regions: 4->4
[2024-04-08T22:10:24.707+0800][441.466s] GC(75) Metaspace: 67452K(68160K)->67452K(68160K) NonClass: 59803K(60160K)->59803K(60160K) Class: 7648K(8000K)->7648K(8000K)
[2024-04-08T22:10:24.707+0800][441.466s] GC(75) Pause Young (Normal) (G1 Evacuation Pause) 353M->49M(512M) 2.932ms
[2024-04-08T22:10:24.707+0800][441.466s] GC(75) User=0.00s Sys=0.00s Real=0.00s
[2024-04-08T22:10:27.792+0800][444.551s] GC(76) Pause Young (Normal) (G1 Evacuation Pause)
[2024-04-08T22:10:27.793+0800][444.551s] GC(76) Using 13 workers of 13 for evacuation
[2024-04-08T22:10:27.796+0800][444.555s] GC(76)   Pre Evacuate Collection Set: 0.3ms
[2024-04-08T22:10:27.796+0800][444.555s] GC(76)   Merge Heap Roots: 0.1ms
[2024-04-08T22:10:27.796+0800][444.555s] GC(76)   Evacuate Collection Set: 2.4ms
[2024-04-08T22:10:27.796+0800][444.555s] GC(76)   Post Evacuate Collection Set: 0.8ms
[2024-04-08T22:10:27.797+0800][444.555s] GC(76)   Other: 0.2ms
[2024-04-08T22:10:27.797+0800][444.555s] GC(76) Eden regions: 305->0(305)
[2024-04-08T22:10:27.797+0800][444.555s] GC(76) Survivor regions: 2->2(39)
[2024-04-08T22:10:27.797+0800][444.555s] GC(76) Old regions: 44->44
[2024-04-08T22:10:27.797+0800][444.555s] GC(76) Humongous regions: 4->4
[2024-04-08T22:10:27.797+0800][444.555s] GC(76) Metaspace: 67457K(68160K)->67457K(68160K) NonClass: 59809K(60160K)->59809K(60160K) Class: 7648K(8000K)->7648K(8000K)
[2024-04-08T22:10:27.797+0800][444.555s] GC(76) Pause Young (Normal) (G1 Evacuation Pause) 354M->49M(512M) 4.393ms
[2024-04-08T22:10:27.797+0800][444.555s] GC(76) User=0.00s Sys=0.00s Real=0.00s
[2024-04-08T22:10:30.686+0800][447.444s] GC(77) Pause Young (Normal) (G1 Evacuation Pause)
[2024-04-08T22:10:30.686+0800][447.445s] GC(77) Using 13 workers of 13 for evacuation
[2024-04-08T22:10:30.690+0800][447.449s] GC(77)   Pre Evacuate Collection Set: 0.2ms
[2024-04-08T22:10:30.690+0800][447.449s] GC(77)   Merge Heap Roots: 0.1ms
[2024-04-08T22:10:30.690+0800][447.449s] GC(77)   Evacuate Collection Set: 2.1ms
[2024-04-08T22:10:30.690+0800][447.449s] GC(77)   Post Evacuate Collection Set: 1.6ms
[2024-04-08T22:10:30.691+0800][447.449s] GC(77)   Other: 0.2ms
[2024-04-08T22:10:30.691+0800][447.449s] GC(77) Eden regions: 305->0(305)
[2024-04-08T22:10:30.691+0800][447.449s] GC(77) Survivor regions: 2->2(39)
[2024-04-08T22:10:30.691+0800][447.449s] GC(77) Old regions: 44->44
[2024-04-08T22:10:30.691+0800][447.449s] GC(77) Humongous regions: 4->4
[2024-04-08T22:10:30.691+0800][447.449s] GC(77) Metaspace: 67457K(68160K)->67457K(68160K) NonClass: 59809K(60160K)->59809K(60160K) Class: 7648K(8000K)->7648K(8000K)
[2024-04-08T22:10:30.691+0800][447.449s] GC(77) Pause Young (Normal) (G1 Evacuation Pause) 354M->49M(512M) 4.729ms
[2024-04-08T22:10:30.691+0800][447.449s] GC(77) User=0.00s Sys=0.00s Real=0.00s
[2024-04-08T22:10:34.295+0800][451.053s] GC(78) Pause Young (Normal) (G1 Evacuation Pause)
[2024-04-08T22:10:34.295+0800][451.053s] GC(78) Using 13 workers of 13 for evacuation
[2024-04-08T22:10:34.298+0800][451.056s] GC(78)   Pre Evacuate Collection Set: 0.2ms
[2024-04-08T22:10:34.298+0800][451.056s] GC(78)   Merge Heap Roots: 0.1ms
[2024-04-08T22:10:34.298+0800][451.056s] GC(78)   Evacuate Collection Set: 1.8ms
[2024-04-08T22:10:34.298+0800][451.056s] GC(78)   Post Evacuate Collection Set: 0.6ms
[2024-04-08T22:10:34.298+0800][451.056s] GC(78)   Other: 0.1ms
[2024-04-08T22:10:34.298+0800][451.056s] GC(78) Eden regions: 305->0(305)
[2024-04-08T22:10:34.298+0800][451.056s] GC(78) Survivor regions: 2->2(39)
[2024-04-08T22:10:34.298+0800][451.056s] GC(78) Old regions: 44->44
[2024-04-08T22:10:34.298+0800][451.056s] GC(78) Humongous regions: 4->4
[2024-04-08T22:10:34.298+0800][451.056s] GC(78) Metaspace: 67458K(68160K)->67458K(68160K) NonClass: 59809K(60160K)->59809K(60160K) Class: 7648K(8000K)->7648K(8000K)
[2024-04-08T22:10:34.298+0800][451.057s] GC(78) Pause Young (Normal) (G1 Evacuation Pause) 354M->48M(512M) 3.211ms
[2024-04-08T22:10:34.298+0800][451.057s] GC(78) User=0.00s Sys=0.00s Real=0.00s
[2024-04-08T22:10:36.771+0800][453.529s] GC(79) Pause Young (Normal) (G1 Evacuation Pause)
[2024-04-08T22:10:36.771+0800][453.529s] GC(79) Using 13 workers of 13 for evacuation
[2024-04-08T22:10:36.774+0800][453.532s] GC(79)   Pre Evacuate Collection Set: 0.2ms
[2024-04-08T22:10:36.774+0800][453.532s] GC(79)   Merge Heap Roots: 0.1ms
[2024-04-08T22:10:36.774+0800][453.532s] GC(79)   Evacuate Collection Set: 1.8ms
[2024-04-08T22:10:36.774+0800][453.532s] GC(79)   Post Evacuate Collection Set: 0.6ms
[2024-04-08T22:10:36.774+0800][453.532s] GC(79)   Other: 0.1ms
[2024-04-08T22:10:36.774+0800][453.532s] GC(79) Eden regions: 305->0(305)
[2024-04-08T22:10:36.774+0800][453.532s] GC(79) Survivor regions: 2->2(39)
[2024-04-08T22:10:36.774+0800][453.533s] GC(79) Old regions: 44->44
[2024-04-08T22:10:36.774+0800][453.533s] GC(79) Humongous regions: 4->4
[2024-04-08T22:10:36.774+0800][453.533s] GC(79) Metaspace: 67458K(68160K)->67458K(68160K) NonClass: 59809K(60160K)->59809K(60160K) Class: 7648K(8000K)->7648K(8000K)
[2024-04-08T22:10:36.774+0800][453.533s] GC(79) Pause Young (Normal) (G1 Evacuation Pause) 353M->49M(512M) 3.286ms
[2024-04-08T22:10:36.774+0800][453.533s] GC(79) User=0.00s Sys=0.00s Real=0.00s
[2024-04-08T22:10:39.663+0800][456.421s] GC(80) Pause Young (Normal) (G1 Evacuation Pause)
[2024-04-08T22:10:39.663+0800][456.421s] GC(80) Using 13 workers of 13 for evacuation
[2024-04-08T22:10:39.667+0800][456.425s] GC(80)   Pre Evacuate Collection Set: 0.2ms
[2024-04-08T22:10:39.667+0800][456.425s] GC(80)   Merge Heap Roots: 0.1ms
[2024-04-08T22:10:39.667+0800][456.425s] GC(80)   Evacuate Collection Set: 3.1ms
[2024-04-08T22:10:39.667+0800][456.425s] GC(80)   Post Evacuate Collection Set: 0.7ms
[2024-04-08T22:10:39.667+0800][456.425s] GC(80)   Other: 0.1ms
[2024-04-08T22:10:39.667+0800][456.425s] GC(80) Eden regions: 305->0(305)
[2024-04-08T22:10:39.667+0800][456.425s] GC(80) Survivor regions: 2->2(39)
[2024-04-08T22:10:39.667+0800][456.425s] GC(80) Old regions: 44->44
[2024-04-08T22:10:39.667+0800][456.426s] GC(80) Humongous regions: 4->4
[2024-04-08T22:10:39.667+0800][456.426s] GC(80) Metaspace: 67458K(68160K)->67458K(68160K) NonClass: 59809K(60160K)->59809K(60160K) Class: 7648K(8000K)->7648K(8000K)
[2024-04-08T22:10:39.667+0800][456.426s] GC(80) Pause Young (Normal) (G1 Evacuation Pause) 354M->49M(512M) 4.819ms
[2024-04-08T22:10:39.667+0800][456.426s] GC(80) User=0.03s Sys=0.00s Real=0.00s
[2024-04-08T22:10:42.665+0800][459.424s] GC(81) Pause Young (Normal) (G1 Evacuation Pause)
[2024-04-08T22:10:42.666+0800][459.424s] GC(81) Using 13 workers of 13 for evacuation
[2024-04-08T22:10:42.669+0800][459.428s] GC(81)   Pre Evacuate Collection Set: 0.5ms
[2024-04-08T22:10:42.670+0800][459.428s] GC(81)   Merge Heap Roots: 0.1ms
[2024-04-08T22:10:42.670+0800][459.428s] GC(81)   Evacuate Collection Set: 2.0ms
[2024-04-08T22:10:42.670+0800][459.428s] GC(81)   Post Evacuate Collection Set: 1.0ms
[2024-04-08T22:10:42.670+0800][459.428s] GC(81)   Other: 0.2ms
[2024-04-08T22:10:42.670+0800][459.428s] GC(81) Eden regions: 305->0(305)
[2024-04-08T22:10:42.670+0800][459.428s] GC(81) Survivor regions: 2->2(39)
[2024-04-08T22:10:42.670+0800][459.428s] GC(81) Old regions: 44->44
[2024-04-08T22:10:42.670+0800][459.428s] GC(81) Humongous regions: 4->4
[2024-04-08T22:10:42.670+0800][459.428s] GC(81) Metaspace: 67458K(68160K)->67458K(68160K) NonClass: 59809K(60160K)->59809K(60160K) Class: 7648K(8000K)->7648K(8000K)
[2024-04-08T22:10:42.670+0800][459.428s] GC(81) Pause Young (Normal) (G1 Evacuation Pause) 354M->49M(512M) 4.480ms
[2024-04-08T22:10:42.670+0800][459.428s] GC(81) User=0.00s Sys=0.02s Real=0.01s
[2024-04-08T22:10:45.534+0800][462.292s] GC(82) Pause Young (Normal) (G1 Evacuation Pause)
[2024-04-08T22:10:45.534+0800][462.292s] GC(82) Using 13 workers of 13 for evacuation
[2024-04-08T22:10:45.537+0800][462.295s] GC(82)   Pre Evacuate Collection Set: 0.2ms
[2024-04-08T22:10:45.537+0800][462.295s] GC(82)   Merge Heap Roots: 0.3ms
[2024-04-08T22:10:45.537+0800][462.295s] GC(82)   Evacuate Collection Set: 1.8ms
[2024-04-08T22:10:45.537+0800][462.295s] GC(82)   Post Evacuate Collection Set: 0.6ms
[2024-04-08T22:10:45.537+0800][462.295s] GC(82)   Other: 0.1ms
[2024-04-08T22:10:45.537+0800][462.295s] GC(82) Eden regions: 305->0(305)
[2024-04-08T22:10:45.537+0800][462.295s] GC(82) Survivor regions: 2->2(39)
[2024-04-08T22:10:45.537+0800][462.295s] GC(82) Old regions: 44->44
[2024-04-08T22:10:45.537+0800][462.295s] GC(82) Humongous regions: 4->4
[2024-04-08T22:10:45.537+0800][462.295s] GC(82) Metaspace: 67458K(68160K)->67458K(68160K) NonClass: 59809K(60160K)->59809K(60160K) Class: 7648K(8000K)->7648K(8000K)
[2024-04-08T22:10:45.537+0800][462.295s] GC(82) Pause Young (Normal) (G1 Evacuation Pause) 354M->49M(512M) 3.565ms
[2024-04-08T22:10:45.537+0800][462.295s] GC(82) User=0.00s Sys=0.00s Real=0.00s
[2024-04-08T22:10:48.670+0800][465.428s] GC(83) Pause Young (Normal) (G1 Evacuation Pause)
[2024-04-08T22:10:48.670+0800][465.428s] GC(83) Using 13 workers of 13 for evacuation
[2024-04-08T22:10:48.675+0800][465.433s] GC(83)   Pre Evacuate Collection Set: 0.4ms
[2024-04-08T22:10:48.675+0800][465.433s] GC(83)   Merge Heap Roots: 0.2ms
[2024-04-08T22:10:48.675+0800][465.433s] GC(83)   Evacuate Collection Set: 3.2ms
[2024-04-08T22:10:48.675+0800][465.433s] GC(83)   Post Evacuate Collection Set: 1.0ms
[2024-04-08T22:10:48.675+0800][465.434s] GC(83)   Other: 0.2ms
[2024-04-08T22:10:48.675+0800][465.434s] GC(83) Eden regions: 305->0(305)
[2024-04-08T22:10:48.675+0800][465.434s] GC(83) Survivor regions: 2->2(39)
[2024-04-08T22:10:48.675+0800][465.434s] GC(83) Old regions: 44->44
[2024-04-08T22:10:48.676+0800][465.434s] GC(83) Humongous regions: 4->4
[2024-04-08T22:10:48.676+0800][465.434s] GC(83) Metaspace: 67458K(68160K)->67458K(68160K) NonClass: 59809K(60160K)->59809K(60160K) Class: 7648K(8000K)->7648K(8000K)
[2024-04-08T22:10:48.676+0800][465.434s] GC(83) Pause Young (Normal) (G1 Evacuation Pause) 354M->49M(512M) 5.860ms
[2024-04-08T22:10:48.676+0800][465.434s] GC(83) User=0.00s Sys=0.00s Real=0.01s
[2024-04-08T22:10:51.618+0800][468.376s] GC(84) Pause Young (Normal) (G1 Evacuation Pause)
[2024-04-08T22:10:51.618+0800][468.376s] GC(84) Using 13 workers of 13 for evacuation
[2024-04-08T22:10:51.623+0800][468.381s] GC(84)   Pre Evacuate Collection Set: 0.3ms
[2024-04-08T22:10:51.624+0800][468.382s] GC(84)   Merge Heap Roots: 0.2ms
[2024-04-08T22:10:51.624+0800][468.382s] GC(84)   Evacuate Collection Set: 3.4ms
[2024-04-08T22:10:51.624+0800][468.382s] GC(84)   Post Evacuate Collection Set: 1.1ms
[2024-04-08T22:10:51.624+0800][468.382s] GC(84)   Other: 0.3ms
[2024-04-08T22:10:51.624+0800][468.382s] GC(84) Eden regions: 305->0(305)
[2024-04-08T22:10:51.624+0800][468.382s] GC(84) Survivor regions: 2->2(39)
[2024-04-08T22:10:51.624+0800][468.382s] GC(84) Old regions: 44->44
[2024-04-08T22:10:51.624+0800][468.382s] GC(84) Humongous regions: 4->4
[2024-04-08T22:10:51.624+0800][468.382s] GC(84) Metaspace: 67458K(68160K)->67458K(68160K) NonClass: 59809K(60160K)->59809K(60160K) Class: 7648K(8000K)->7648K(8000K)
[2024-04-08T22:10:51.624+0800][468.382s] GC(84) Pause Young (Normal) (G1 Evacuation Pause) 354M->49M(512M) 6.310ms
[2024-04-08T22:10:51.624+0800][468.382s] GC(84) User=0.19s Sys=0.00s Real=0.01s
[2024-04-08T22:10:54.737+0800][471.495s] GC(85) Pause Young (Normal) (G1 Evacuation Pause)
[2024-04-08T22:10:54.737+0800][471.495s] GC(85) Using 13 workers of 13 for evacuation
[2024-04-08T22:10:54.739+0800][471.498s] GC(85)   Pre Evacuate Collection Set: 0.2ms
[2024-04-08T22:10:54.740+0800][471.499s] GC(85)   Merge Heap Roots: 0.1ms
[2024-04-08T22:10:54.740+0800][471.499s] GC(85)   Evacuate Collection Set: 2.1ms
[2024-04-08T22:10:54.740+0800][471.499s] GC(85)   Post Evacuate Collection Set: 0.8ms
[2024-04-08T22:10:54.740+0800][471.499s] GC(85)   Other: 0.2ms
[2024-04-08T22:10:54.740+0800][471.499s] GC(85) Eden regions: 305->0(305)
[2024-04-08T22:10:54.740+0800][471.499s] GC(85) Survivor regions: 2->2(39)
[2024-04-08T22:10:54.740+0800][471.499s] GC(85) Old regions: 44->44
[2024-04-08T22:10:54.740+0800][471.499s] GC(85) Humongous regions: 4->4
[2024-04-08T22:10:54.740+0800][471.499s] GC(85) Metaspace: 67478K(68224K)->67478K(68224K) NonClass: 59824K(60224K)->59824K(60224K) Class: 7653K(8000K)->7653K(8000K)
[2024-04-08T22:10:54.740+0800][471.499s] GC(85) Pause Young (Normal) (G1 Evacuation Pause) 354M->49M(512M) 4.061ms
[2024-04-08T22:10:54.740+0800][471.499s] GC(85) User=0.00s Sys=0.00s Real=0.00s
[2024-04-08T22:10:57.735+0800][474.494s] GC(86) Pause Young (Normal) (G1 Evacuation Pause)
[2024-04-08T22:10:57.735+0800][474.494s] GC(86) Using 13 workers of 13 for evacuation
[2024-04-08T22:10:57.740+0800][474.499s] GC(86)   Pre Evacuate Collection Set: 0.3ms
[2024-04-08T22:10:57.740+0800][474.499s] GC(86)   Merge Heap Roots: 0.2ms
[2024-04-08T22:10:57.740+0800][474.499s] GC(86)   Evacuate Collection Set: 2.5ms
[2024-04-08T22:10:57.740+0800][474.499s] GC(86)   Post Evacuate Collection Set: 1.3ms
[2024-04-08T22:10:57.740+0800][474.499s] GC(86)   Other: 0.2ms
[2024-04-08T22:10:57.740+0800][474.499s] GC(86) Eden regions: 305->0(305)
[2024-04-08T22:10:57.740+0800][474.499s] GC(86) Survivor regions: 2->2(39)
[2024-04-08T22:10:57.740+0800][474.499s] GC(86) Old regions: 44->44
[2024-04-08T22:10:57.740+0800][474.499s] GC(86) Humongous regions: 4->4
[2024-04-08T22:10:57.740+0800][474.499s] GC(86) Metaspace: 67478K(68224K)->67478K(68224K) NonClass: 59824K(60224K)->59824K(60224K) Class: 7653K(8000K)->7653K(8000K)
[2024-04-08T22:10:57.740+0800][474.499s] GC(86) Pause Young (Normal) (G1 Evacuation Pause) 354M->49M(512M) 4.950ms
[2024-04-08T22:10:57.740+0800][474.499s] GC(86) User=0.00s Sys=0.00s Real=0.01s
[2024-04-08T22:11:01.052+0800][477.811s] GC(87) Pause Young (Normal) (G1 Evacuation Pause)
[2024-04-08T22:11:01.052+0800][477.811s] GC(87) Using 13 workers of 13 for evacuation
[2024-04-08T22:11:01.055+0800][477.814s] GC(87)   Pre Evacuate Collection Set: 0.2ms
[2024-04-08T22:11:01.055+0800][477.814s] GC(87)   Merge Heap Roots: 0.1ms
[2024-04-08T22:11:01.055+0800][477.814s] GC(87)   Evacuate Collection Set: 1.8ms
[2024-04-08T22:11:01.055+0800][477.814s] GC(87)   Post Evacuate Collection Set: 0.6ms
[2024-04-08T22:11:01.055+0800][477.814s] GC(87)   Other: 0.2ms
[2024-04-08T22:11:01.055+0800][477.814s] GC(87) Eden regions: 305->0(305)
[2024-04-08T22:11:01.055+0800][477.814s] GC(87) Survivor regions: 2->2(39)
[2024-04-08T22:11:01.056+0800][477.814s] GC(87) Old regions: 44->44
[2024-04-08T22:11:01.056+0800][477.814s] GC(87) Humongous regions: 4->4
[2024-04-08T22:11:01.056+0800][477.814s] GC(87) Metaspace: 67479K(68224K)->67479K(68224K) NonClass: 59825K(60224K)->59825K(60224K) Class: 7653K(8000K)->7653K(8000K)
[2024-04-08T22:11:01.056+0800][477.814s] GC(87) Pause Young (Normal) (G1 Evacuation Pause) 354M->49M(512M) 3.542ms
[2024-04-08T22:11:01.056+0800][477.814s] GC(87) User=0.00s Sys=0.02s Real=0.00s
[2024-04-08T22:11:04.011+0800][480.770s] GC(88) Pause Young (Normal) (G1 Evacuation Pause)
[2024-04-08T22:11:04.012+0800][480.770s] GC(88) Using 13 workers of 13 for evacuation
[2024-04-08T22:11:04.015+0800][480.774s] GC(88)   Pre Evacuate Collection Set: 0.2ms
[2024-04-08T22:11:04.015+0800][480.774s] GC(88)   Merge Heap Roots: 0.1ms
[2024-04-08T22:11:04.015+0800][480.774s] GC(88)   Evacuate Collection Set: 2.0ms
[2024-04-08T22:11:04.015+0800][480.774s] GC(88)   Post Evacuate Collection Set: 0.9ms
[2024-04-08T22:11:04.015+0800][480.774s] GC(88)   Other: 0.1ms
[2024-04-08T22:11:04.015+0800][480.774s] GC(88) Eden regions: 305->0(305)
[2024-04-08T22:11:04.015+0800][480.774s] GC(88) Survivor regions: 2->2(39)
[2024-04-08T22:11:04.015+0800][480.774s] GC(88) Old regions: 44->44
[2024-04-08T22:11:04.015+0800][480.774s] GC(88) Humongous regions: 4->4
[2024-04-08T22:11:04.015+0800][480.774s] GC(88) Metaspace: 67481K(68224K)->67481K(68224K) NonClass: 59827K(60224K)->59827K(60224K) Class: 7653K(8000K)->7653K(8000K)
[2024-04-08T22:11:04.015+0800][480.774s] GC(88) Pause Young (Normal) (G1 Evacuation Pause) 354M->49M(512M) 3.740ms
[2024-04-08T22:11:04.015+0800][480.774s] GC(88) User=0.00s Sys=0.00s Real=0.00s
[2024-04-08T22:11:07.214+0800][483.972s] GC(89) Pause Young (Normal) (G1 Evacuation Pause)
[2024-04-08T22:11:07.214+0800][483.972s] GC(89) Using 13 workers of 13 for evacuation
[2024-04-08T22:11:07.217+0800][483.975s] GC(89)   Pre Evacuate Collection Set: 0.2ms
[2024-04-08T22:11:07.217+0800][483.975s] GC(89)   Merge Heap Roots: 0.1ms
[2024-04-08T22:11:07.217+0800][483.975s] GC(89)   Evacuate Collection Set: 2.2ms
[2024-04-08T22:11:07.217+0800][483.975s] GC(89)   Post Evacuate Collection Set: 0.5ms
[2024-04-08T22:11:07.217+0800][483.975s] GC(89)   Other: 0.2ms
[2024-04-08T22:11:07.217+0800][483.975s] GC(89) Eden regions: 305->0(305)
[2024-04-08T22:11:07.217+0800][483.975s] GC(89) Survivor regions: 2->2(39)
[2024-04-08T22:11:07.217+0800][483.975s] GC(89) Old regions: 44->44
[2024-04-08T22:11:07.217+0800][483.975s] GC(89) Humongous regions: 4->4
[2024-04-08T22:11:07.217+0800][483.976s] GC(89) Metaspace: 67482K(68224K)->67482K(68224K) NonClass: 59828K(60224K)->59828K(60224K) Class: 7653K(8000K)->7653K(8000K)
[2024-04-08T22:11:07.217+0800][483.976s] GC(89) Pause Young (Normal) (G1 Evacuation Pause) 354M->49M(512M) 3.719ms
[2024-04-08T22:11:07.218+0800][483.976s] GC(89) User=0.00s Sys=0.00s Real=0.00s
[2024-04-08T22:11:10.594+0800][487.352s] GC(90) Pause Young (Normal) (G1 Evacuation Pause)
[2024-04-08T22:11:10.594+0800][487.352s] GC(90) Using 13 workers of 13 for evacuation
[2024-04-08T22:11:10.598+0800][487.356s] GC(90)   Pre Evacuate Collection Set: 0.2ms
[2024-04-08T22:11:10.598+0800][487.356s] GC(90)   Merge Heap Roots: 0.1ms
[2024-04-08T22:11:10.598+0800][487.356s] GC(90)   Evacuate Collection Set: 2.2ms
[2024-04-08T22:11:10.598+0800][487.356s] GC(90)   Post Evacuate Collection Set: 1.1ms
[2024-04-08T22:11:10.598+0800][487.356s] GC(90)   Other: 0.1ms
[2024-04-08T22:11:10.598+0800][487.356s] GC(90) Eden regions: 305->0(305)
[2024-04-08T22:11:10.598+0800][487.356s] GC(90) Survivor regions: 2->2(39)
[2024-04-08T22:11:10.598+0800][487.356s] GC(90) Old regions: 44->45
[2024-04-08T22:11:10.598+0800][487.356s] GC(90) Humongous regions: 4->4
[2024-04-08T22:11:10.598+0800][487.356s] GC(90) Metaspace: 67483K(68224K)->67483K(68224K) NonClass: 59830K(60224K)->59830K(60224K) Class: 7653K(8000K)->7653K(8000K)
[2024-04-08T22:11:10.598+0800][487.356s] GC(90) Pause Young (Normal) (G1 Evacuation Pause) 354M->49M(512M) 4.065ms
[2024-04-08T22:11:10.598+0800][487.357s] GC(90) User=0.00s Sys=0.00s Real=0.00s
[2024-04-08T22:11:13.722+0800][490.480s] GC(91) Pause Young (Normal) (G1 Evacuation Pause)
[2024-04-08T22:11:13.722+0800][490.480s] GC(91) Using 13 workers of 13 for evacuation
[2024-04-08T22:11:13.725+0800][490.483s] GC(91)   Pre Evacuate Collection Set: 0.3ms
[2024-04-08T22:11:13.725+0800][490.483s] GC(91)   Merge Heap Roots: 0.1ms
[2024-04-08T22:11:13.725+0800][490.483s] GC(91)   Evacuate Collection Set: 1.7ms
[2024-04-08T22:11:13.725+0800][490.483s] GC(91)   Post Evacuate Collection Set: 0.8ms
[2024-04-08T22:11:13.725+0800][490.483s] GC(91)   Other: 0.3ms
[2024-04-08T22:11:13.725+0800][490.484s] GC(91) Eden regions: 305->0(305)
[2024-04-08T22:11:13.725+0800][490.484s] GC(91) Survivor regions: 2->2(39)
[2024-04-08T22:11:13.725+0800][490.484s] GC(91) Old regions: 45->45
[2024-04-08T22:11:13.726+0800][490.484s] GC(91) Humongous regions: 4->4
[2024-04-08T22:11:13.726+0800][490.484s] GC(91) Metaspace: 67487K(68224K)->67487K(68224K) NonClass: 59833K(60224K)->59833K(60224K) Class: 7653K(8000K)->7653K(8000K)
[2024-04-08T22:11:13.726+0800][490.484s] GC(91) Pause Young (Normal) (G1 Evacuation Pause) 354M->49M(512M) 3.735ms
[2024-04-08T22:11:13.726+0800][490.484s] GC(91) User=0.00s Sys=0.00s Real=0.00s
[2024-04-08T22:11:16.929+0800][493.687s] GC(92) Pause Young (Normal) (G1 Evacuation Pause)
[2024-04-08T22:11:16.929+0800][493.687s] GC(92) Using 13 workers of 13 for evacuation
[2024-04-08T22:11:16.933+0800][493.691s] GC(92)   Pre Evacuate Collection Set: 0.3ms
[2024-04-08T22:11:16.933+0800][493.691s] GC(92)   Merge Heap Roots: 0.2ms
[2024-04-08T22:11:16.933+0800][493.691s] GC(92)   Evacuate Collection Set: 2.1ms
[2024-04-08T22:11:16.933+0800][493.691s] GC(92)   Post Evacuate Collection Set: 1.2ms
[2024-04-08T22:11:16.933+0800][493.691s] GC(92)   Other: 0.2ms
[2024-04-08T22:11:16.933+0800][493.691s] GC(92) Eden regions: 305->0(305)
[2024-04-08T22:11:16.933+0800][493.691s] GC(92) Survivor regions: 2->2(39)
[2024-04-08T22:11:16.933+0800][493.691s] GC(92) Old regions: 45->45
[2024-04-08T22:11:16.933+0800][493.691s] GC(92) Humongous regions: 4->4
[2024-04-08T22:11:16.933+0800][493.691s] GC(92) Metaspace: 67489K(68224K)->67489K(68224K) NonClass: 59836K(60224K)->59836K(60224K) Class: 7653K(8000K)->7653K(8000K)
[2024-04-08T22:11:16.933+0800][493.691s] GC(92) Pause Young (Normal) (G1 Evacuation Pause) 354M->49M(512M) 4.418ms
[2024-04-08T22:11:16.933+0800][493.691s] GC(92) User=0.00s Sys=0.00s Real=0.00s
[2024-04-08T22:11:20.252+0800][497.010s] GC(93) Pause Young (Normal) (G1 Evacuation Pause)
[2024-04-08T22:11:20.252+0800][497.010s] GC(93) Using 13 workers of 13 for evacuation
[2024-04-08T22:11:20.257+0800][497.015s] GC(93)   Pre Evacuate Collection Set: 0.3ms
[2024-04-08T22:11:20.257+0800][497.015s] GC(93)   Merge Heap Roots: 0.2ms
[2024-04-08T22:11:20.257+0800][497.015s] GC(93)   Evacuate Collection Set: 3.0ms
[2024-04-08T22:11:20.257+0800][497.015s] GC(93)   Post Evacuate Collection Set: 1.2ms
[2024-04-08T22:11:20.257+0800][497.015s] GC(93)   Other: 0.2ms
[2024-04-08T22:11:20.257+0800][497.015s] GC(93) Eden regions: 305->0(305)
[2024-04-08T22:11:20.257+0800][497.015s] GC(93) Survivor regions: 2->2(39)
[2024-04-08T22:11:20.257+0800][497.015s] GC(93) Old regions: 45->45
[2024-04-08T22:11:20.257+0800][497.015s] GC(93) Humongous regions: 4->4
[2024-04-08T22:11:20.257+0800][497.015s] GC(93) Metaspace: 67494K(68224K)->67494K(68224K) NonClass: 59840K(60224K)->59840K(60224K) Class: 7653K(8000K)->7653K(8000K)
[2024-04-08T22:11:20.257+0800][497.016s] GC(93) Pause Young (Normal) (G1 Evacuation Pause) 354M->49M(512M) 5.775ms
[2024-04-08T22:11:20.258+0800][497.016s] GC(93) User=0.00s Sys=0.00s Real=0.01s
[2024-04-08T22:11:23.276+0800][500.034s] GC(94) Pause Young (Normal) (G1 Evacuation Pause)
[2024-04-08T22:11:23.276+0800][500.034s] GC(94) Using 13 workers of 13 for evacuation
[2024-04-08T22:11:23.281+0800][500.039s] GC(94)   Pre Evacuate Collection Set: 0.3ms
[2024-04-08T22:11:23.281+0800][500.039s] GC(94)   Merge Heap Roots: 0.2ms
[2024-04-08T22:11:23.281+0800][500.039s] GC(94)   Evacuate Collection Set: 3.2ms
[2024-04-08T22:11:23.281+0800][500.040s] GC(94)   Post Evacuate Collection Set: 1.2ms
[2024-04-08T22:11:23.281+0800][500.040s] GC(94)   Other: 0.2ms
[2024-04-08T22:11:23.282+0800][500.040s] GC(94) Eden regions: 305->0(305)
[2024-04-08T22:11:23.282+0800][500.040s] GC(94) Survivor regions: 2->2(39)
[2024-04-08T22:11:23.282+0800][500.040s] GC(94) Old regions: 45->45
[2024-04-08T22:11:23.282+0800][500.040s] GC(94) Humongous regions: 4->4
[2024-04-08T22:11:23.282+0800][500.040s] GC(94) Metaspace: 67496K(68224K)->67496K(68224K) NonClass: 59842K(60224K)->59842K(60224K) Class: 7653K(8000K)->7653K(8000K)
[2024-04-08T22:11:23.282+0800][500.040s] GC(94) Pause Young (Normal) (G1 Evacuation Pause) 354M->49M(512M) 5.910ms
[2024-04-08T22:11:23.282+0800][500.040s] GC(94) User=0.00s Sys=0.00s Real=0.01s
[2024-04-08T22:11:26.157+0800][502.915s] GC(95) Pause Young (Normal) (G1 Evacuation Pause)
[2024-04-08T22:11:26.157+0800][502.915s] GC(95) Using 13 workers of 13 for evacuation
[2024-04-08T22:11:26.159+0800][502.918s] GC(95)   Pre Evacuate Collection Set: 0.2ms
[2024-04-08T22:11:26.160+0800][502.918s] GC(95)   Merge Heap Roots: 0.1ms
[2024-04-08T22:11:26.160+0800][502.918s] GC(95)   Evacuate Collection Set: 1.6ms
[2024-04-08T22:11:26.160+0800][502.918s] GC(95)   Post Evacuate Collection Set: 0.6ms
[2024-04-08T22:11:26.160+0800][502.918s] GC(95)   Other: 0.2ms
[2024-04-08T22:11:26.160+0800][502.918s] GC(95) Eden regions: 305->0(305)
[2024-04-08T22:11:26.160+0800][502.918s] GC(95) Survivor regions: 2->2(39)
[2024-04-08T22:11:26.160+0800][502.918s] GC(95) Old regions: 45->45
[2024-04-08T22:11:26.160+0800][502.918s] GC(95) Humongous regions: 4->4
[2024-04-08T22:11:26.160+0800][502.918s] GC(95) Metaspace: 67496K(68224K)->67496K(68224K) NonClass: 59843K(60224K)->59843K(60224K) Class: 7653K(8000K)->7653K(8000K)
[2024-04-08T22:11:26.160+0800][502.918s] GC(95) Pause Young (Normal) (G1 Evacuation Pause) 354M->50M(512M) 3.028ms
[2024-04-08T22:11:26.160+0800][502.918s] GC(95) User=0.00s Sys=0.00s Real=0.00s
[2024-04-08T22:11:28.969+0800][505.728s] GC(96) Pause Young (Normal) (G1 Evacuation Pause)
[2024-04-08T22:11:28.969+0800][505.728s] GC(96) Using 13 workers of 13 for evacuation
[2024-04-08T22:11:28.973+0800][505.732s] GC(96)   Pre Evacuate Collection Set: 0.2ms
[2024-04-08T22:11:28.973+0800][505.732s] GC(96)   Merge Heap Roots: 0.2ms
[2024-04-08T22:11:28.973+0800][505.732s] GC(96)   Evacuate Collection Set: 2.1ms
[2024-04-08T22:11:28.973+0800][505.732s] GC(96)   Post Evacuate Collection Set: 0.8ms
[2024-04-08T22:11:28.973+0800][505.732s] GC(96)   Other: 0.2ms
[2024-04-08T22:11:28.973+0800][505.732s] GC(96) Eden regions: 305->0(305)
[2024-04-08T22:11:28.973+0800][505.732s] GC(96) Survivor regions: 2->2(39)
[2024-04-08T22:11:28.973+0800][505.732s] GC(96) Old regions: 45->45
[2024-04-08T22:11:28.973+0800][505.732s] GC(96) Humongous regions: 4->4
[2024-04-08T22:11:28.973+0800][505.732s] GC(96) Metaspace: 67506K(68224K)->67506K(68224K) NonClass: 59852K(60224K)->59852K(60224K) Class: 7654K(8000K)->7654K(8000K)
[2024-04-08T22:11:28.973+0800][505.732s] GC(96) Pause Young (Normal) (G1 Evacuation Pause) 355M->49M(512M) 3.946ms
[2024-04-08T22:11:28.973+0800][505.732s] GC(96) User=0.00s Sys=0.00s Real=0.00s
[2024-04-08T22:11:32.543+0800][509.302s] GC(97) Pause Young (Normal) (G1 Evacuation Pause)
[2024-04-08T22:11:32.543+0800][509.302s] GC(97) Using 13 workers of 13 for evacuation
[2024-04-08T22:11:32.548+0800][509.306s] GC(97)   Pre Evacuate Collection Set: 0.4ms
[2024-04-08T22:11:32.548+0800][509.307s] GC(97)   Merge Heap Roots: 0.2ms
[2024-04-08T22:11:32.548+0800][509.307s] GC(97)   Evacuate Collection Set: 2.4ms
[2024-04-08T22:11:32.548+0800][509.307s] GC(97)   Post Evacuate Collection Set: 1.2ms
[2024-04-08T22:11:32.548+0800][509.307s] GC(97)   Other: 0.3ms
[2024-04-08T22:11:32.548+0800][509.307s] GC(97) Eden regions: 305->0(305)
[2024-04-08T22:11:32.548+0800][509.307s] GC(97) Survivor regions: 2->2(39)
[2024-04-08T22:11:32.548+0800][509.307s] GC(97) Old regions: 45->45
[2024-04-08T22:11:32.548+0800][509.307s] GC(97) Humongous regions: 4->4
[2024-04-08T22:11:32.548+0800][509.307s] GC(97) Metaspace: 67506K(68224K)->67506K(68224K) NonClass: 59852K(60224K)->59852K(60224K) Class: 7654K(8000K)->7654K(8000K)
[2024-04-08T22:11:32.548+0800][509.307s] GC(97) Pause Young (Normal) (G1 Evacuation Pause) 354M->49M(512M) 5.411ms
[2024-04-08T22:11:32.548+0800][509.307s] GC(97) User=0.00s Sys=0.00s Real=0.01s
[2024-04-08T22:11:35.816+0800][512.575s] GC(98) Pause Young (Normal) (G1 Evacuation Pause)
[2024-04-08T22:11:35.816+0800][512.575s] GC(98) Using 13 workers of 13 for evacuation
[2024-04-08T22:11:35.819+0800][512.577s] GC(98)   Pre Evacuate Collection Set: 0.2ms
[2024-04-08T22:11:35.819+0800][512.578s] GC(98)   Merge Heap Roots: 0.1ms
[2024-04-08T22:11:35.819+0800][512.578s] GC(98)   Evacuate Collection Set: 1.6ms
[2024-04-08T22:11:35.819+0800][512.578s] GC(98)   Post Evacuate Collection Set: 0.6ms
[2024-04-08T22:11:35.819+0800][512.578s] GC(98)   Other: 0.1ms
[2024-04-08T22:11:35.819+0800][512.578s] GC(98) Eden regions: 305->0(305)
[2024-04-08T22:11:35.819+0800][512.578s] GC(98) Survivor regions: 2->2(39)
[2024-04-08T22:11:35.819+0800][512.578s] GC(98) Old regions: 45->45
[2024-04-08T22:11:35.819+0800][512.578s] GC(98) Humongous regions: 4->4
[2024-04-08T22:11:35.819+0800][512.578s] GC(98) Metaspace: 67509K(68288K)->67509K(68288K) NonClass: 59855K(60288K)->59855K(60288K) Class: 7654K(8000K)->7654K(8000K)
[2024-04-08T22:11:35.819+0800][512.578s] GC(98) Pause Young (Normal) (G1 Evacuation Pause) 354M->49M(512M) 2.936ms
[2024-04-08T22:11:35.819+0800][512.578s] GC(98) User=0.00s Sys=0.00s Real=0.00s
[2024-04-08T22:11:38.610+0800][515.369s] GC(99) Pause Young (Normal) (G1 Evacuation Pause)
[2024-04-08T22:11:38.610+0800][515.369s] GC(99) Using 13 workers of 13 for evacuation
[2024-04-08T22:11:38.615+0800][515.373s] GC(99)   Pre Evacuate Collection Set: 0.3ms
[2024-04-08T22:11:38.615+0800][515.373s] GC(99)   Merge Heap Roots: 0.2ms
[2024-04-08T22:11:38.615+0800][515.373s] GC(99)   Evacuate Collection Set: 2.7ms
[2024-04-08T22:11:38.615+0800][515.373s] GC(99)   Post Evacuate Collection Set: 1.0ms
[2024-04-08T22:11:38.615+0800][515.374s] GC(99)   Other: 0.2ms
[2024-04-08T22:11:38.615+0800][515.374s] GC(99) Eden regions: 305->0(305)
[2024-04-08T22:11:38.615+0800][515.374s] GC(99) Survivor regions: 2->2(39)
[2024-04-08T22:11:38.615+0800][515.374s] GC(99) Old regions: 45->45
[2024-04-08T22:11:38.615+0800][515.374s] GC(99) Humongous regions: 4->4
[2024-04-08T22:11:38.615+0800][515.374s] GC(99) Metaspace: 67513K(68288K)->67513K(68288K) NonClass: 59859K(60288K)->59859K(60288K) Class: 7654K(8000K)->7654K(8000K)
[2024-04-08T22:11:38.615+0800][515.374s] GC(99) Pause Young (Normal) (G1 Evacuation Pause) 354M->49M(512M) 5.217ms
[2024-04-08T22:11:38.615+0800][515.374s] GC(99) User=0.00s Sys=0.00s Real=0.01s
[2024-04-08T22:11:41.702+0800][518.461s] GC(100) Pause Young (Normal) (G1 Evacuation Pause)
[2024-04-08T22:11:41.703+0800][518.461s] GC(100) Using 13 workers of 13 for evacuation
[2024-04-08T22:11:41.706+0800][518.464s] GC(100)   Pre Evacuate Collection Set: 0.2ms
[2024-04-08T22:11:41.706+0800][518.464s] GC(100)   Merge Heap Roots: 0.1ms
[2024-04-08T22:11:41.706+0800][518.464s] GC(100)   Evacuate Collection Set: 1.9ms
[2024-04-08T22:11:41.706+0800][518.464s] GC(100)   Post Evacuate Collection Set: 0.7ms
[2024-04-08T22:11:41.706+0800][518.464s] GC(100)   Other: 0.1ms
[2024-04-08T22:11:41.706+0800][518.464s] GC(100) Eden regions: 305->0(305)
[2024-04-08T22:11:41.706+0800][518.465s] GC(100) Survivor regions: 2->2(39)
[2024-04-08T22:11:41.706+0800][518.465s] GC(100) Old regions: 45->45
[2024-04-08T22:11:41.706+0800][518.465s] GC(100) Humongous regions: 4->4
[2024-04-08T22:11:41.706+0800][518.465s] GC(100) Metaspace: 67513K(68288K)->67513K(68288K) NonClass: 59859K(60288K)->59859K(60288K) Class: 7654K(8000K)->7654K(8000K)
[2024-04-08T22:11:41.706+0800][518.465s] GC(100) Pause Young (Normal) (G1 Evacuation Pause) 354M->49M(512M) 3.639ms
[2024-04-08T22:11:41.706+0800][518.465s] GC(100) User=0.00s Sys=0.00s Real=0.00s
[2024-04-08T22:11:44.732+0800][521.490s] GC(101) Pause Young (Normal) (G1 Evacuation Pause)
[2024-04-08T22:11:44.732+0800][521.490s] GC(101) Using 13 workers of 13 for evacuation
[2024-04-08T22:11:44.735+0800][521.493s] GC(101)   Pre Evacuate Collection Set: 0.2ms
[2024-04-08T22:11:44.735+0800][521.493s] GC(101)   Merge Heap Roots: 0.1ms
[2024-04-08T22:11:44.735+0800][521.493s] GC(101)   Evacuate Collection Set: 2.0ms
[2024-04-08T22:11:44.735+0800][521.493s] GC(101)   Post Evacuate Collection Set: 0.5ms
[2024-04-08T22:11:44.735+0800][521.493s] GC(101)   Other: 0.1ms
[2024-04-08T22:11:44.735+0800][521.493s] GC(101) Eden regions: 305->0(305)
[2024-04-08T22:11:44.735+0800][521.493s] GC(101) Survivor regions: 2->2(39)
[2024-04-08T22:11:44.735+0800][521.493s] GC(101) Old regions: 45->45
[2024-04-08T22:11:44.735+0800][521.494s] GC(101) Humongous regions: 4->4
[2024-04-08T22:11:44.735+0800][521.494s] GC(101) Metaspace: 67514K(68288K)->67514K(68288K) NonClass: 59860K(60288K)->59860K(60288K) Class: 7654K(8000K)->7654K(8000K)
[2024-04-08T22:11:44.735+0800][521.494s] GC(101) Pause Young (Normal) (G1 Evacuation Pause) 354M->49M(512M) 3.338ms
[2024-04-08T22:11:44.735+0800][521.494s] GC(101) User=0.00s Sys=0.00s Real=0.00s
[2024-04-08T22:11:47.820+0800][524.578s] GC(102) Pause Young (Normal) (G1 Evacuation Pause)
[2024-04-08T22:11:47.820+0800][524.578s] GC(102) Using 13 workers of 13 for evacuation
[2024-04-08T22:11:47.823+0800][524.581s] GC(102)   Pre Evacuate Collection Set: 0.3ms
[2024-04-08T22:11:47.823+0800][524.581s] GC(102)   Merge Heap Roots: 0.1ms
[2024-04-08T22:11:47.823+0800][524.581s] GC(102)   Evacuate Collection Set: 1.8ms
[2024-04-08T22:11:47.823+0800][524.581s] GC(102)   Post Evacuate Collection Set: 0.7ms
[2024-04-08T22:11:47.823+0800][524.581s] GC(102)   Other: 0.1ms
[2024-04-08T22:11:47.823+0800][524.581s] GC(102) Eden regions: 305->0(305)
[2024-04-08T22:11:47.823+0800][524.582s] GC(102) Survivor regions: 2->2(39)
[2024-04-08T22:11:47.823+0800][524.582s] GC(102) Old regions: 45->45
[2024-04-08T22:11:47.823+0800][524.582s] GC(102) Humongous regions: 4->4
[2024-04-08T22:11:47.823+0800][524.582s] GC(102) Metaspace: 67521K(68288K)->67521K(68288K) NonClass: 59867K(60288K)->59867K(60288K) Class: 7654K(8000K)->7654K(8000K)
[2024-04-08T22:11:47.823+0800][524.582s] GC(102) Pause Young (Normal) (G1 Evacuation Pause) 354M->50M(512M) 3.469ms
[2024-04-08T22:11:47.823+0800][524.582s] GC(102) User=0.02s Sys=0.00s Real=0.00s
[2024-04-08T22:11:51.299+0800][528.058s] GC(103) Pause Young (Normal) (G1 Evacuation Pause)
[2024-04-08T22:11:51.299+0800][528.058s] GC(103) Using 13 workers of 13 for evacuation
[2024-04-08T22:11:51.302+0800][528.061s] GC(103)   Pre Evacuate Collection Set: 0.3ms
[2024-04-08T22:11:51.302+0800][528.061s] GC(103)   Merge Heap Roots: 0.1ms
[2024-04-08T22:11:51.302+0800][528.061s] GC(103)   Evacuate Collection Set: 1.7ms
[2024-04-08T22:11:51.302+0800][528.061s] GC(103)   Post Evacuate Collection Set: 0.5ms
[2024-04-08T22:11:51.302+0800][528.061s] GC(103)   Other: 0.1ms
[2024-04-08T22:11:51.302+0800][528.061s] GC(103) Eden regions: 305->0(305)
[2024-04-08T22:11:51.302+0800][528.061s] GC(103) Survivor regions: 2->2(39)
[2024-04-08T22:11:51.302+0800][528.061s] GC(103) Old regions: 45->45
[2024-04-08T22:11:51.302+0800][528.061s] GC(103) Humongous regions: 4->4
[2024-04-08T22:11:51.303+0800][528.061s] GC(103) Metaspace: 67523K(68288K)->67523K(68288K) NonClass: 59869K(60288K)->59869K(60288K) Class: 7654K(8000K)->7654K(8000K)
[2024-04-08T22:11:51.303+0800][528.061s] GC(103) Pause Young (Normal) (G1 Evacuation Pause) 355M->49M(512M) 3.321ms
[2024-04-08T22:11:51.303+0800][528.061s] GC(103) User=0.00s Sys=0.00s Real=0.00s
[2024-04-08T22:11:54.522+0800][531.280s] GC(104) Pause Young (Normal) (G1 Evacuation Pause)
[2024-04-08T22:11:54.522+0800][531.281s] GC(104) Using 13 workers of 13 for evacuation
[2024-04-08T22:11:54.527+0800][531.285s] GC(104)   Pre Evacuate Collection Set: 0.4ms
[2024-04-08T22:11:54.527+0800][531.285s] GC(104)   Merge Heap Roots: 0.2ms
[2024-04-08T22:11:54.527+0800][531.285s] GC(104)   Evacuate Collection Set: 2.4ms
[2024-04-08T22:11:54.527+0800][531.285s] GC(104)   Post Evacuate Collection Set: 1.2ms
[2024-04-08T22:11:54.527+0800][531.285s] GC(104)   Other: 0.3ms
[2024-04-08T22:11:54.527+0800][531.286s] GC(104) Eden regions: 305->0(305)
[2024-04-08T22:11:54.527+0800][531.286s] GC(104) Survivor regions: 2->2(39)
[2024-04-08T22:11:54.527+0800][531.286s] GC(104) Old regions: 45->45
[2024-04-08T22:11:54.527+0800][531.286s] GC(104) Humongous regions: 4->4
[2024-04-08T22:11:54.527+0800][531.286s] GC(104) Metaspace: 67599K(68352K)->67599K(68352K) NonClass: 59944K(60352K)->59944K(60352K) Class: 7654K(8000K)->7654K(8000K)
[2024-04-08T22:11:54.528+0800][531.286s] GC(104) Pause Young (Normal) (G1 Evacuation Pause) 354M->50M(512M) 5.600ms
[2024-04-08T22:11:54.528+0800][531.286s] GC(104) User=0.02s Sys=0.00s Real=0.01s
[2024-04-08T22:11:57.489+0800][534.247s] GC(105) Pause Young (Normal) (G1 Evacuation Pause)
[2024-04-08T22:11:57.489+0800][534.247s] GC(105) Using 13 workers of 13 for evacuation
[2024-04-08T22:11:57.493+0800][534.252s] GC(105)   Pre Evacuate Collection Set: 0.3ms
[2024-04-08T22:11:57.493+0800][534.252s] GC(105)   Merge Heap Roots: 0.2ms
[2024-04-08T22:11:57.493+0800][534.252s] GC(105)   Evacuate Collection Set: 2.4ms
[2024-04-08T22:11:57.493+0800][534.252s] GC(105)   Post Evacuate Collection Set: 1.0ms
[2024-04-08T22:11:57.493+0800][534.252s] GC(105)   Other: 0.2ms
[2024-04-08T22:11:57.494+0800][534.252s] GC(105) Eden regions: 305->0(305)
[2024-04-08T22:11:57.494+0800][534.252s] GC(105) Survivor regions: 2->2(39)
[2024-04-08T22:11:57.494+0800][534.252s] GC(105) Old regions: 45->45
[2024-04-08T22:11:57.494+0800][534.252s] GC(105) Humongous regions: 4->4
[2024-04-08T22:11:57.494+0800][534.252s] GC(105) Metaspace: 67600K(68352K)->67600K(68352K) NonClass: 59946K(60352K)->59946K(60352K) Class: 7654K(8000K)->7654K(8000K)
[2024-04-08T22:11:57.494+0800][534.252s] GC(105) Pause Young (Normal) (G1 Evacuation Pause) 355M->50M(512M) 4.736ms
[2024-04-08T22:11:57.494+0800][534.252s] GC(105) User=0.02s Sys=0.00s Real=0.00s
[2024-04-08T22:12:00.620+0800][537.378s] GC(106) Pause Young (Normal) (G1 Evacuation Pause)
[2024-04-08T22:12:00.620+0800][537.378s] GC(106) Using 13 workers of 13 for evacuation
[2024-04-08T22:12:00.624+0800][537.382s] GC(106)   Pre Evacuate Collection Set: 0.2ms
[2024-04-08T22:12:00.624+0800][537.382s] GC(106)   Merge Heap Roots: 0.2ms
[2024-04-08T22:12:00.624+0800][537.382s] GC(106)   Evacuate Collection Set: 3.2ms
[2024-04-08T22:12:00.624+0800][537.382s] GC(106)   Post Evacuate Collection Set: 0.8ms
[2024-04-08T22:12:00.624+0800][537.382s] GC(106)   Other: 0.1ms
[2024-04-08T22:12:00.624+0800][537.383s] GC(106) Eden regions: 305->0(305)
[2024-04-08T22:12:00.624+0800][537.383s] GC(106) Survivor regions: 2->2(39)
[2024-04-08T22:12:00.624+0800][537.383s] GC(106) Old regions: 45->45
[2024-04-08T22:12:00.625+0800][537.383s] GC(106) Humongous regions: 4->4
[2024-04-08T22:12:00.625+0800][537.383s] GC(106) Metaspace: 67600K(68352K)->67600K(68352K) NonClass: 59946K(60352K)->59946K(60352K) Class: 7654K(8000K)->7654K(8000K)
[2024-04-08T22:12:00.625+0800][537.383s] GC(106) Pause Young (Normal) (G1 Evacuation Pause) 355M->49M(512M) 4.892ms
[2024-04-08T22:12:00.625+0800][537.383s] GC(106) User=0.00s Sys=0.00s Real=0.01s
[2024-04-08T22:12:03.830+0800][540.589s] GC(107) Pause Young (Normal) (G1 Evacuation Pause)
[2024-04-08T22:12:03.831+0800][540.589s] GC(107) Using 13 workers of 13 for evacuation
[2024-04-08T22:12:03.835+0800][540.593s] GC(107)   Pre Evacuate Collection Set: 0.2ms
[2024-04-08T22:12:03.835+0800][540.593s] GC(107)   Merge Heap Roots: 0.1ms
[2024-04-08T22:12:03.835+0800][540.593s] GC(107)   Evacuate Collection Set: 3.4ms
[2024-04-08T22:12:03.835+0800][540.593s] GC(107)   Post Evacuate Collection Set: 0.7ms
[2024-04-08T22:12:03.836+0800][540.594s] GC(107)   Other: 0.1ms
[2024-04-08T22:12:03.836+0800][540.594s] GC(107) Eden regions: 305->0(305)
[2024-04-08T22:12:03.836+0800][540.594s] GC(107) Survivor regions: 2->2(39)
[2024-04-08T22:12:03.836+0800][540.594s] GC(107) Old regions: 45->45
[2024-04-08T22:12:03.836+0800][540.594s] GC(107) Humongous regions: 4->4
[2024-04-08T22:12:03.836+0800][540.594s] GC(107) Metaspace: 67600K(68352K)->67600K(68352K) NonClass: 59946K(60352K)->59946K(60352K) Class: 7654K(8000K)->7654K(8000K)
[2024-04-08T22:12:03.836+0800][540.594s] GC(107) Pause Young (Normal) (G1 Evacuation Pause) 354M->50M(512M) 5.303ms
[2024-04-08T22:12:03.836+0800][540.594s] GC(107) User=0.00s Sys=0.00s Real=0.01s
[2024-04-08T22:12:06.869+0800][543.627s] GC(108) Pause Young (Normal) (G1 Evacuation Pause)
[2024-04-08T22:12:06.869+0800][543.627s] GC(108) Using 13 workers of 13 for evacuation
[2024-04-08T22:12:06.873+0800][543.631s] GC(108)   Pre Evacuate Collection Set: 0.3ms
[2024-04-08T22:12:06.873+0800][543.632s] GC(108)   Merge Heap Roots: 0.2ms
[2024-04-08T22:12:06.874+0800][543.632s] GC(108)   Evacuate Collection Set: 2.8ms
[2024-04-08T22:12:06.874+0800][543.632s] GC(108)   Post Evacuate Collection Set: 1.1ms
[2024-04-08T22:12:06.874+0800][543.632s] GC(108)   Other: 0.2ms
[2024-04-08T22:12:06.874+0800][543.632s] GC(108) Eden regions: 305->0(305)
[2024-04-08T22:12:06.874+0800][543.632s] GC(108) Survivor regions: 2->2(39)
[2024-04-08T22:12:06.874+0800][543.632s] GC(108) Old regions: 45->45
[2024-04-08T22:12:06.874+0800][543.632s] GC(108) Humongous regions: 4->4
[2024-04-08T22:12:06.874+0800][543.632s] GC(108) Metaspace: 67600K(68352K)->67600K(68352K) NonClass: 59946K(60352K)->59946K(60352K) Class: 7654K(8000K)->7654K(8000K)
[2024-04-08T22:12:06.874+0800][543.632s] GC(108) Pause Young (Normal) (G1 Evacuation Pause) 355M->50M(512M) 5.698ms
[2024-04-08T22:12:06.874+0800][543.632s] GC(108) User=0.14s Sys=0.02s Real=0.01s
[2024-04-08T22:12:10.111+0800][546.870s] GC(109) Pause Young (Normal) (G1 Evacuation Pause)
[2024-04-08T22:12:10.111+0800][546.870s] GC(109) Using 13 workers of 13 for evacuation
[2024-04-08T22:12:10.114+0800][546.873s] GC(109)   Pre Evacuate Collection Set: 0.2ms
[2024-04-08T22:12:10.114+0800][546.873s] GC(109)   Merge Heap Roots: 0.1ms
[2024-04-08T22:12:10.114+0800][546.873s] GC(109)   Evacuate Collection Set: 1.7ms
[2024-04-08T22:12:10.114+0800][546.873s] GC(109)   Post Evacuate Collection Set: 0.5ms
[2024-04-08T22:12:10.114+0800][546.873s] GC(109)   Other: 0.1ms
[2024-04-08T22:12:10.114+0800][546.873s] GC(109) Eden regions: 305->0(305)
[2024-04-08T22:12:10.114+0800][546.873s] GC(109) Survivor regions: 2->2(39)
[2024-04-08T22:12:10.114+0800][546.873s] GC(109) Old regions: 45->45
[2024-04-08T22:12:10.114+0800][546.873s] GC(109) Humongous regions: 4->4
[2024-04-08T22:12:10.114+0800][546.873s] GC(109) Metaspace: 67601K(68352K)->67601K(68352K) NonClass: 59947K(60352K)->59947K(60352K) Class: 7654K(8000K)->7654K(8000K)
[2024-04-08T22:12:10.114+0800][546.873s] GC(109) Pause Young (Normal) (G1 Evacuation Pause) 355M->50M(512M) 2.943ms
[2024-04-08T22:12:10.114+0800][546.873s] GC(109) User=0.00s Sys=0.00s Real=0.00s
[2024-04-08T22:12:13.679+0800][550.438s] GC(110) Pause Young (Normal) (G1 Evacuation Pause)
[2024-04-08T22:12:13.679+0800][550.438s] GC(110) Using 13 workers of 13 for evacuation
[2024-04-08T22:12:13.683+0800][550.442s] GC(110)   Pre Evacuate Collection Set: 0.2ms
[2024-04-08T22:12:13.683+0800][550.442s] GC(110)   Merge Heap Roots: 0.2ms
[2024-04-08T22:12:13.683+0800][550.442s] GC(110)   Evacuate Collection Set: 2.6ms
[2024-04-08T22:12:13.683+0800][550.442s] GC(110)   Post Evacuate Collection Set: 0.6ms
[2024-04-08T22:12:13.683+0800][550.442s] GC(110)   Other: 0.1ms
[2024-04-08T22:12:13.683+0800][550.442s] GC(110) Eden regions: 305->0(305)
[2024-04-08T22:12:13.683+0800][550.442s] GC(110) Survivor regions: 2->2(39)
[2024-04-08T22:12:13.683+0800][550.442s] GC(110) Old regions: 45->45
[2024-04-08T22:12:13.683+0800][550.442s] GC(110) Humongous regions: 4->4
[2024-04-08T22:12:13.683+0800][550.442s] GC(110) Metaspace: 67602K(68352K)->67602K(68352K) NonClass: 59948K(60352K)->59948K(60352K) Class: 7654K(8000K)->7654K(8000K)
[2024-04-08T22:12:13.683+0800][550.442s] GC(110) Pause Young (Normal) (G1 Evacuation Pause) 355M->50M(512M) 4.380ms
[2024-04-08T22:12:13.683+0800][550.442s] GC(110) User=0.17s Sys=0.02s Real=0.00s
[2024-04-08T22:12:16.823+0800][553.582s] GC(111) Pause Young (Normal) (G1 Evacuation Pause)
[2024-04-08T22:12:16.823+0800][553.582s] GC(111) Using 13 workers of 13 for evacuation
[2024-04-08T22:12:16.827+0800][553.586s] GC(111)   Pre Evacuate Collection Set: 0.3ms
[2024-04-08T22:12:16.827+0800][553.586s] GC(111)   Merge Heap Roots: 0.1ms
[2024-04-08T22:12:16.827+0800][553.586s] GC(111)   Evacuate Collection Set: 2.3ms
[2024-04-08T22:12:16.827+0800][553.586s] GC(111)   Post Evacuate Collection Set: 0.8ms
[2024-04-08T22:12:16.827+0800][553.586s] GC(111)   Other: 0.2ms
[2024-04-08T22:12:16.827+0800][553.586s] GC(111) Eden regions: 305->0(305)
[2024-04-08T22:12:16.827+0800][553.586s] GC(111) Survivor regions: 2->2(39)
[2024-04-08T22:12:16.827+0800][553.586s] GC(111) Old regions: 45->45
[2024-04-08T22:12:16.827+0800][553.586s] GC(111) Humongous regions: 4->4
[2024-04-08T22:12:16.827+0800][553.586s] GC(111) Metaspace: 67602K(68352K)->67602K(68352K) NonClass: 59948K(60352K)->59948K(60352K) Class: 7654K(8000K)->7654K(8000K)
[2024-04-08T22:12:16.827+0800][553.586s] GC(111) Pause Young (Normal) (G1 Evacuation Pause) 355M->49M(512M) 4.202ms
[2024-04-08T22:12:16.827+0800][553.586s] GC(111) User=0.00s Sys=0.00s Real=0.00s
[2024-04-08T22:12:19.719+0800][556.477s] GC(112) Pause Young (Normal) (G1 Evacuation Pause)
[2024-04-08T22:12:19.719+0800][556.477s] GC(112) Using 13 workers of 13 for evacuation
[2024-04-08T22:12:19.722+0800][556.480s] GC(112)   Pre Evacuate Collection Set: 0.2ms
[2024-04-08T22:12:19.722+0800][556.481s] GC(112)   Merge Heap Roots: 0.1ms
[2024-04-08T22:12:19.722+0800][556.481s] GC(112)   Evacuate Collection Set: 2.3ms
[2024-04-08T22:12:19.722+0800][556.481s] GC(112)   Post Evacuate Collection Set: 0.7ms
[2024-04-08T22:12:19.722+0800][556.481s] GC(112)   Other: 0.1ms
[2024-04-08T22:12:19.723+0800][556.481s] GC(112) Eden regions: 305->0(305)
[2024-04-08T22:12:19.723+0800][556.481s] GC(112) Survivor regions: 2->2(39)
[2024-04-08T22:12:19.723+0800][556.481s] GC(112) Old regions: 45->45
[2024-04-08T22:12:19.723+0800][556.481s] GC(112) Humongous regions: 4->4
[2024-04-08T22:12:19.723+0800][556.481s] GC(112) Metaspace: 67605K(68352K)->67605K(68352K) NonClass: 59951K(60352K)->59951K(60352K) Class: 7654K(8000K)->7654K(8000K)
[2024-04-08T22:12:19.723+0800][556.481s] GC(112) Pause Young (Normal) (G1 Evacuation Pause) 354M->50M(512M) 4.133ms
[2024-04-08T22:12:19.723+0800][556.481s] GC(112) User=0.00s Sys=0.00s Real=0.00s
[2024-04-08T22:12:22.993+0800][559.751s] GC(113) Pause Young (Normal) (G1 Evacuation Pause)
[2024-04-08T22:12:22.993+0800][559.751s] GC(113) Using 13 workers of 13 for evacuation
[2024-04-08T22:12:22.996+0800][559.755s] GC(113)   Pre Evacuate Collection Set: 0.2ms
[2024-04-08T22:12:22.996+0800][559.755s] GC(113)   Merge Heap Roots: 0.1ms
[2024-04-08T22:12:22.996+0800][559.755s] GC(113)   Evacuate Collection Set: 2.3ms
[2024-04-08T22:12:22.997+0800][559.755s] GC(113)   Post Evacuate Collection Set: 0.9ms
[2024-04-08T22:12:22.997+0800][559.755s] GC(113)   Other: 0.2ms
[2024-04-08T22:12:22.997+0800][559.755s] GC(113) Eden regions: 305->0(305)
[2024-04-08T22:12:22.997+0800][559.755s] GC(113) Survivor regions: 2->2(39)
[2024-04-08T22:12:22.997+0800][559.755s] GC(113) Old regions: 45->45
[2024-04-08T22:12:22.997+0800][559.755s] GC(113) Humongous regions: 4->4
[2024-04-08T22:12:22.997+0800][559.755s] GC(113) Metaspace: 67605K(68352K)->67605K(68352K) NonClass: 59951K(60352K)->59951K(60352K) Class: 7654K(8000K)->7654K(8000K)
[2024-04-08T22:12:22.997+0800][559.755s] GC(113) Pause Young (Normal) (G1 Evacuation Pause) 355M->49M(512M) 4.297ms
[2024-04-08T22:12:22.997+0800][559.755s] GC(113) User=0.16s Sys=0.00s Real=0.00s
[2024-04-08T22:12:26.218+0800][562.976s] GC(114) Pause Young (Normal) (G1 Evacuation Pause)
[2024-04-08T22:12:26.218+0800][562.976s] GC(114) Using 13 workers of 13 for evacuation
[2024-04-08T22:12:26.221+0800][562.980s] GC(114)   Pre Evacuate Collection Set: 0.2ms
[2024-04-08T22:12:26.221+0800][562.980s] GC(114)   Merge Heap Roots: 0.2ms
[2024-04-08T22:12:26.221+0800][562.980s] GC(114)   Evacuate Collection Set: 2.0ms
[2024-04-08T22:12:26.221+0800][562.980s] GC(114)   Post Evacuate Collection Set: 0.9ms
[2024-04-08T22:12:26.221+0800][562.980s] GC(114)   Other: 0.1ms
[2024-04-08T22:12:26.221+0800][562.980s] GC(114) Eden regions: 305->0(305)
[2024-04-08T22:12:26.221+0800][562.980s] GC(114) Survivor regions: 2->2(39)
[2024-04-08T22:12:26.221+0800][562.980s] GC(114) Old regions: 45->45
[2024-04-08T22:12:26.222+0800][562.980s] GC(114) Humongous regions: 4->4
[2024-04-08T22:12:26.222+0800][562.980s] GC(114) Metaspace: 67605K(68352K)->67605K(68352K) NonClass: 59951K(60352K)->59951K(60352K) Class: 7654K(8000K)->7654K(8000K)
[2024-04-08T22:12:26.222+0800][562.980s] GC(114) Pause Young (Normal) (G1 Evacuation Pause) 354M->50M(512M) 3.835ms
[2024-04-08T22:12:26.222+0800][562.980s] GC(114) User=0.00s Sys=0.00s Real=0.00s
[2024-04-08T22:12:28.804+0800][565.563s] GC(115) Pause Young (Normal) (G1 Evacuation Pause)
[2024-04-08T22:12:28.804+0800][565.563s] GC(115) Using 13 workers of 13 for evacuation
[2024-04-08T22:12:28.809+0800][565.567s] GC(115)   Pre Evacuate Collection Set: 0.3ms
[2024-04-08T22:12:28.809+0800][565.567s] GC(115)   Merge Heap Roots: 0.3ms
[2024-04-08T22:12:28.809+0800][565.567s] GC(115)   Evacuate Collection Set: 2.5ms
[2024-04-08T22:12:28.809+0800][565.567s] GC(115)   Post Evacuate Collection Set: 0.9ms
[2024-04-08T22:12:28.809+0800][565.567s] GC(115)   Other: 0.2ms
[2024-04-08T22:12:28.809+0800][565.567s] GC(115) Eden regions: 305->0(305)
[2024-04-08T22:12:28.809+0800][565.567s] GC(115) Survivor regions: 2->2(39)
[2024-04-08T22:12:28.809+0800][565.567s] GC(115) Old regions: 45->45
[2024-04-08T22:12:28.809+0800][565.567s] GC(115) Humongous regions: 4->4
[2024-04-08T22:12:28.809+0800][565.567s] GC(115) Metaspace: 67608K(68352K)->67608K(68352K) NonClass: 59953K(60352K)->59953K(60352K) Class: 7654K(8000K)->7654K(8000K)
[2024-04-08T22:12:28.809+0800][565.567s] GC(115) Pause Young (Normal) (G1 Evacuation Pause) 355M->50M(512M) 4.654ms
[2024-04-08T22:12:28.809+0800][565.567s] GC(115) User=0.03s Sys=0.00s Real=0.01s
[2024-04-08T22:12:31.061+0800][567.820s] GC(116) Pause Young (Normal) (G1 Evacuation Pause)
[2024-04-08T22:12:31.062+0800][567.820s] GC(116) Using 13 workers of 13 for evacuation
[2024-04-08T22:12:31.065+0800][567.823s] GC(116)   Pre Evacuate Collection Set: 0.2ms
[2024-04-08T22:12:31.065+0800][567.823s] GC(116)   Merge Heap Roots: 0.1ms
[2024-04-08T22:12:31.065+0800][567.823s] GC(116)   Evacuate Collection Set: 1.9ms
[2024-04-08T22:12:31.065+0800][567.823s] GC(116)   Post Evacuate Collection Set: 0.6ms
[2024-04-08T22:12:31.065+0800][567.823s] GC(116)   Other: 0.2ms
[2024-04-08T22:12:31.065+0800][567.823s] GC(116) Eden regions: 305->0(305)
[2024-04-08T22:12:31.065+0800][567.823s] GC(116) Survivor regions: 2->2(39)
[2024-04-08T22:12:31.065+0800][567.823s] GC(116) Old regions: 45->45
[2024-04-08T22:12:31.065+0800][567.824s] GC(116) Humongous regions: 4->4
[2024-04-08T22:12:31.065+0800][567.824s] GC(116) Metaspace: 67608K(68352K)->67608K(68352K) NonClass: 59954K(60352K)->59954K(60352K) Class: 7654K(8000K)->7654K(8000K)
[2024-04-08T22:12:31.065+0800][567.824s] GC(116) Pause Young (Normal) (G1 Evacuation Pause) 355M->50M(512M) 3.473ms
[2024-04-08T22:12:31.065+0800][567.824s] GC(116) User=0.00s Sys=0.00s Real=0.00s
[2024-04-08T22:12:33.117+0800][569.875s] GC(117) Pause Young (Normal) (G1 Evacuation Pause)
[2024-04-08T22:12:33.117+0800][569.875s] GC(117) Using 13 workers of 13 for evacuation
[2024-04-08T22:12:33.119+0800][569.878s] GC(117)   Pre Evacuate Collection Set: 0.3ms
[2024-04-08T22:12:33.120+0800][569.878s] GC(117)   Merge Heap Roots: 0.1ms
[2024-04-08T22:12:33.120+0800][569.878s] GC(117)   Evacuate Collection Set: 1.7ms
[2024-04-08T22:12:33.120+0800][569.878s] GC(117)   Post Evacuate Collection Set: 0.7ms
[2024-04-08T22:12:33.120+0800][569.879s] GC(117)   Other: 0.1ms
[2024-04-08T22:12:33.120+0800][569.879s] GC(117) Eden regions: 305->0(305)
[2024-04-08T22:12:33.120+0800][569.879s] GC(117) Survivor regions: 2->2(39)
[2024-04-08T22:12:33.120+0800][569.879s] GC(117) Old regions: 45->45
[2024-04-08T22:12:33.120+0800][569.879s] GC(117) Humongous regions: 4->4
[2024-04-08T22:12:33.120+0800][569.879s] GC(117) Metaspace: 67610K(68352K)->67610K(68352K) NonClass: 59956K(60352K)->59956K(60352K) Class: 7654K(8000K)->7654K(8000K)
[2024-04-08T22:12:33.120+0800][569.879s] GC(117) Pause Young (Normal) (G1 Evacuation Pause) 355M->50M(512M) 3.542ms
[2024-04-08T22:12:33.120+0800][569.879s] GC(117) User=0.03s Sys=0.00s Real=0.00s
[2024-04-08T22:12:35.169+0800][571.928s] GC(118) Pause Young (Normal) (G1 Evacuation Pause)
[2024-04-08T22:12:35.170+0800][571.928s] GC(118) Using 13 workers of 13 for evacuation
[2024-04-08T22:12:35.172+0800][571.931s] GC(118)   Pre Evacuate Collection Set: 0.2ms
[2024-04-08T22:12:35.172+0800][571.931s] GC(118)   Merge Heap Roots: 0.1ms
[2024-04-08T22:12:35.172+0800][571.931s] GC(118)   Evacuate Collection Set: 1.6ms
[2024-04-08T22:12:35.172+0800][571.931s] GC(118)   Post Evacuate Collection Set: 0.7ms
[2024-04-08T22:12:35.172+0800][571.931s] GC(118)   Other: 0.1ms
[2024-04-08T22:12:35.172+0800][571.931s] GC(118) Eden regions: 305->0(305)
[2024-04-08T22:12:35.172+0800][571.931s] GC(118) Survivor regions: 2->2(39)
[2024-04-08T22:12:35.173+0800][571.931s] GC(118) Old regions: 45->45
[2024-04-08T22:12:35.173+0800][571.931s] GC(118) Humongous regions: 4->4
[2024-04-08T22:12:35.173+0800][571.931s] GC(118) Metaspace: 67614K(68352K)->67614K(68352K) NonClass: 59960K(60352K)->59960K(60352K) Class: 7654K(8000K)->7654K(8000K)
[2024-04-08T22:12:35.173+0800][571.931s] GC(118) Pause Young (Normal) (G1 Evacuation Pause) 355M->50M(512M) 3.231ms
[2024-04-08T22:12:35.173+0800][571.931s] GC(118) User=0.00s Sys=0.00s Real=0.00s
[2024-04-08T22:12:37.616+0800][574.375s] GC(119) Pause Young (Normal) (G1 Evacuation Pause)
[2024-04-08T22:12:37.616+0800][574.375s] GC(119) Using 13 workers of 13 for evacuation
[2024-04-08T22:12:37.619+0800][574.378s] GC(119)   Pre Evacuate Collection Set: 0.1ms
[2024-04-08T22:12:37.619+0800][574.378s] GC(119)   Merge Heap Roots: 0.1ms
[2024-04-08T22:12:37.619+0800][574.378s] GC(119)   Evacuate Collection Set: 1.7ms
[2024-04-08T22:12:37.619+0800][574.378s] GC(119)   Post Evacuate Collection Set: 0.5ms
[2024-04-08T22:12:37.619+0800][574.378s] GC(119)   Other: 0.1ms
[2024-04-08T22:12:37.619+0800][574.378s] GC(119) Eden regions: 305->0(305)
[2024-04-08T22:12:37.619+0800][574.378s] GC(119) Survivor regions: 2->2(39)
[2024-04-08T22:12:37.619+0800][574.378s] GC(119) Old regions: 45->45
[2024-04-08T22:12:37.619+0800][574.378s] GC(119) Humongous regions: 4->4
[2024-04-08T22:12:37.619+0800][574.378s] GC(119) Metaspace: 67622K(68352K)->67622K(68352K) NonClass: 59967K(60352K)->59967K(60352K) Class: 7654K(8000K)->7654K(8000K)
[2024-04-08T22:12:37.619+0800][574.378s] GC(119) Pause Young (Normal) (G1 Evacuation Pause) 355M->50M(512M) 2.811ms
[2024-04-08T22:12:37.619+0800][574.378s] GC(119) User=0.17s Sys=0.00s Real=0.00s
[2024-04-08T22:12:39.866+0800][576.624s] GC(120) Pause Young (Normal) (G1 Evacuation Pause)
[2024-04-08T22:12:39.866+0800][576.624s] GC(120) Using 13 workers of 13 for evacuation
[2024-04-08T22:12:39.869+0800][576.627s] GC(120)   Pre Evacuate Collection Set: 0.2ms
[2024-04-08T22:12:39.869+0800][576.627s] GC(120)   Merge Heap Roots: 0.1ms
[2024-04-08T22:12:39.869+0800][576.627s] GC(120)   Evacuate Collection Set: 2.2ms
[2024-04-08T22:12:39.869+0800][576.627s] GC(120)   Post Evacuate Collection Set: 0.5ms
[2024-04-08T22:12:39.869+0800][576.627s] GC(120)   Other: 0.1ms
[2024-04-08T22:12:39.869+0800][576.627s] GC(120) Eden regions: 305->0(305)
[2024-04-08T22:12:39.869+0800][576.627s] GC(120) Survivor regions: 2->2(39)
[2024-04-08T22:12:39.869+0800][576.627s] GC(120) Old regions: 45->45
[2024-04-08T22:12:39.869+0800][576.627s] GC(120) Humongous regions: 4->4
[2024-04-08T22:12:39.869+0800][576.627s] GC(120) Metaspace: 67623K(68352K)->67623K(68352K) NonClass: 59968K(60352K)->59968K(60352K) Class: 7654K(8000K)->7654K(8000K)
[2024-04-08T22:12:39.869+0800][576.628s] GC(120) Pause Young (Normal) (G1 Evacuation Pause) 355M->50M(512M) 3.546ms
[2024-04-08T22:12:39.869+0800][576.628s] GC(120) User=0.00s Sys=0.00s Real=0.00s
[2024-04-08T22:12:41.506+0800][578.264s] GC(121) Pause Young (Concurrent Start) (CodeCache GC Threshold)
[2024-04-08T22:12:41.506+0800][578.264s] GC(121) Using 13 workers of 13 for evacuation
[2024-04-08T22:12:41.510+0800][578.268s] GC(121)   Pre Evacuate Collection Set: 0.4ms
[2024-04-08T22:12:41.510+0800][578.269s] GC(121)   Merge Heap Roots: 0.3ms
[2024-04-08T22:12:41.510+0800][578.269s] GC(121)   Evacuate Collection Set: 2.5ms
[2024-04-08T22:12:41.510+0800][578.269s] GC(121)   Post Evacuate Collection Set: 1.0ms
[2024-04-08T22:12:41.511+0800][578.269s] GC(121)   Other: 0.3ms
[2024-04-08T22:12:41.511+0800][578.269s] GC(121) Eden regions: 180->0(305)
[2024-04-08T22:12:41.511+0800][578.269s] GC(121) Survivor regions: 2->2(39)
[2024-04-08T22:12:41.511+0800][578.269s] GC(121) Old regions: 45->45
[2024-04-08T22:12:41.511+0800][578.269s] GC(121) Humongous regions: 4->4
[2024-04-08T22:12:41.511+0800][578.269s] GC(121) Metaspace: 67631K(68352K)->67631K(68352K) NonClass: 59976K(60352K)->59976K(60352K) Class: 7654K(8000K)->7654K(8000K)
[2024-04-08T22:12:41.511+0800][578.269s] GC(121) Pause Young (Concurrent Start) (CodeCache GC Threshold) 229M->50M(512M) 5.261ms
[2024-04-08T22:12:41.511+0800][578.269s] GC(121) User=0.16s Sys=0.05s Real=0.00s
[2024-04-08T22:12:41.511+0800][578.269s] GC(122) Concurrent Mark Cycle
[2024-04-08T22:12:41.511+0800][578.269s] GC(122) Concurrent Scan Root Regions
[2024-04-08T22:12:41.514+0800][578.272s] GC(122) Concurrent Scan Root Regions 2.717ms
[2024-04-08T22:12:41.514+0800][578.272s] GC(122) Concurrent Mark
[2024-04-08T22:12:41.514+0800][578.272s] GC(122) Concurrent Mark From Roots
[2024-04-08T22:12:41.514+0800][578.272s] GC(122) Using 3 workers of 3 for marking
[2024-04-08T22:12:41.591+0800][578.349s] GC(122) Concurrent Mark From Roots 76.833ms
[2024-04-08T22:12:41.591+0800][578.349s] GC(122) Concurrent Preclean
[2024-04-08T22:12:41.592+0800][578.350s] GC(122) Concurrent Preclean 0.883ms
[2024-04-08T22:12:41.592+0800][578.350s] GC(122) Pause Remark
[2024-04-08T22:12:41.634+0800][578.392s] GC(122) Pause Remark 61M->61M(512M) 42.343ms
[2024-04-08T22:12:41.634+0800][578.393s] GC(122) User=0.19s Sys=0.02s Real=0.04s
[2024-04-08T22:12:41.635+0800][578.393s] GC(122) Concurrent Mark 120.558ms
[2024-04-08T22:12:41.635+0800][578.393s] GC(122) Concurrent Rebuild Remembered Sets and Scrub Regions
[2024-04-08T22:12:41.665+0800][578.423s] GC(122) Concurrent Rebuild Remembered Sets and Scrub Regions 30.440ms
[2024-04-08T22:12:41.665+0800][578.423s] GC(122) Pause Cleanup
[2024-04-08T22:12:41.666+0800][578.424s] GC(122) Pause Cleanup 63M->63M(512M) 0.251ms
[2024-04-08T22:12:41.666+0800][578.424s] GC(122) User=0.05s Sys=0.00s Real=0.00s
[2024-04-08T22:12:41.666+0800][578.424s] GC(122) Concurrent Clear Claimed Marks
[2024-04-08T22:12:41.666+0800][578.424s] GC(122) Concurrent Clear Claimed Marks 0.099ms
[2024-04-08T22:12:41.666+0800][578.424s] GC(122) Concurrent Cleanup for Next Mark
[2024-04-08T22:12:41.667+0800][578.425s] GC(122) Concurrent Cleanup for Next Mark 1.303ms
[2024-04-08T22:12:41.667+0800][578.425s] GC(122) Concurrent Mark Cycle 156.138ms
[2024-04-08T22:12:43.622+0800][580.380s] GC(123) Pause Young (Prepare Mixed) (G1 Evacuation Pause)
[2024-04-08T22:12:43.622+0800][580.380s] GC(123) Using 13 workers of 13 for evacuation
[2024-04-08T22:12:43.625+0800][580.384s] GC(123)   Pre Evacuate Collection Set: 0.2ms
[2024-04-08T22:12:43.626+0800][580.384s] GC(123)   Merge Heap Roots: 0.1ms
[2024-04-08T22:12:43.626+0800][580.384s] GC(123)   Evacuate Collection Set: 2.0ms
[2024-04-08T22:12:43.626+0800][580.384s] GC(123)   Post Evacuate Collection Set: 0.7ms
[2024-04-08T22:12:43.626+0800][580.384s] GC(123)   Other: 0.1ms
[2024-04-08T22:12:43.626+0800][580.384s] GC(123) Eden regions: 305->0(305)
[2024-04-08T22:12:43.626+0800][580.384s] GC(123) Survivor regions: 2->2(39)
[2024-04-08T22:12:43.626+0800][580.384s] GC(123) Old regions: 45->45
[2024-04-08T22:12:43.626+0800][580.384s] GC(123) Humongous regions: 4->4
[2024-04-08T22:12:43.626+0800][580.384s] GC(123) Metaspace: 67408K(68352K)->67408K(68352K) NonClass: 59819K(60352K)->59819K(60352K) Class: 7589K(8000K)->7589K(8000K)
[2024-04-08T22:12:43.626+0800][580.384s] GC(123) Pause Young (Prepare Mixed) (G1 Evacuation Pause) 355M->50M(512M) 3.586ms
[2024-04-08T22:12:43.626+0800][580.384s] GC(123) User=0.00s Sys=0.00s Real=0.00s
[2024-04-08T22:12:45.676+0800][582.434s] GC(124) Pause Young (Mixed) (G1 Evacuation Pause)
[2024-04-08T22:12:45.676+0800][582.434s] GC(124) Using 13 workers of 13 for evacuation
[2024-04-08T22:12:45.680+0800][582.438s] GC(124)   Pre Evacuate Collection Set: 0.2ms
[2024-04-08T22:12:45.680+0800][582.439s] GC(124)   Merge Heap Roots: 0.1ms
[2024-04-08T22:12:45.680+0800][582.439s] GC(124)   Evacuate Collection Set: 3.8ms
[2024-04-08T22:12:45.680+0800][582.439s] GC(124)   Post Evacuate Collection Set: 0.5ms
[2024-04-08T22:12:45.680+0800][582.439s] GC(124)   Other: 0.1ms
[2024-04-08T22:12:45.681+0800][582.439s] GC(124) Eden regions: 305->0(305)
[2024-04-08T22:12:45.681+0800][582.439s] GC(124) Survivor regions: 2->2(39)
[2024-04-08T22:12:45.681+0800][582.439s] GC(124) Old regions: 45->44
[2024-04-08T22:12:45.681+0800][582.439s] GC(124) Humongous regions: 4->4
[2024-04-08T22:12:45.681+0800][582.439s] GC(124) Metaspace: 67408K(68352K)->67408K(68352K) NonClass: 59819K(60352K)->59819K(60352K) Class: 7589K(8000K)->7589K(8000K)
[2024-04-08T22:12:45.681+0800][582.439s] GC(124) Pause Young (Mixed) (G1 Evacuation Pause) 355M->48M(512M) 4.990ms
[2024-04-08T22:12:45.681+0800][582.439s] GC(124) User=0.00s Sys=0.00s Real=0.00s
[2024-04-08T22:12:47.752+0800][584.510s] GC(125) Pause Young (Normal) (G1 Evacuation Pause)
[2024-04-08T22:12:47.752+0800][584.510s] GC(125) Using 13 workers of 13 for evacuation
[2024-04-08T22:12:47.755+0800][584.513s] GC(125)   Pre Evacuate Collection Set: 0.2ms
[2024-04-08T22:12:47.755+0800][584.513s] GC(125)   Merge Heap Roots: 0.1ms
[2024-04-08T22:12:47.755+0800][584.513s] GC(125)   Evacuate Collection Set: 1.6ms
[2024-04-08T22:12:47.755+0800][584.513s] GC(125)   Post Evacuate Collection Set: 0.7ms
[2024-04-08T22:12:47.755+0800][584.513s] GC(125)   Other: 0.1ms
[2024-04-08T22:12:47.755+0800][584.513s] GC(125) Eden regions: 305->0(305)
[2024-04-08T22:12:47.755+0800][584.513s] GC(125) Survivor regions: 2->2(39)
[2024-04-08T22:12:47.755+0800][584.513s] GC(125) Old regions: 44->44
[2024-04-08T22:12:47.755+0800][584.514s] GC(125) Humongous regions: 4->4
[2024-04-08T22:12:47.755+0800][584.514s] GC(125) Metaspace: 67410K(68352K)->67410K(68352K) NonClass: 59820K(60352K)->59820K(60352K) Class: 7589K(8000K)->7589K(8000K)
[2024-04-08T22:12:47.755+0800][584.514s] GC(125) Pause Young (Normal) (G1 Evacuation Pause) 353M->48M(512M) 3.158ms
[2024-04-08T22:12:47.755+0800][584.514s] GC(125) User=0.00s Sys=0.00s Real=0.00s
[2024-04-08T22:12:49.771+0800][586.529s] GC(126) Pause Young (Normal) (G1 Evacuation Pause)
[2024-04-08T22:12:49.771+0800][586.529s] GC(126) Using 13 workers of 13 for evacuation
[2024-04-08T22:12:49.774+0800][586.532s] GC(126)   Pre Evacuate Collection Set: 0.3ms
[2024-04-08T22:12:49.774+0800][586.532s] GC(126)   Merge Heap Roots: 0.1ms
[2024-04-08T22:12:49.774+0800][586.532s] GC(126)   Evacuate Collection Set: 1.7ms
[2024-04-08T22:12:49.774+0800][586.532s] GC(126)   Post Evacuate Collection Set: 0.8ms
[2024-04-08T22:12:49.774+0800][586.532s] GC(126)   Other: 0.1ms
[2024-04-08T22:12:49.774+0800][586.532s] GC(126) Eden regions: 305->0(305)
[2024-04-08T22:12:49.774+0800][586.532s] GC(126) Survivor regions: 2->2(39)
[2024-04-08T22:12:49.774+0800][586.532s] GC(126) Old regions: 44->44
[2024-04-08T22:12:49.774+0800][586.532s] GC(126) Humongous regions: 4->4
[2024-04-08T22:12:49.774+0800][586.532s] GC(126) Metaspace: 67411K(68352K)->67411K(68352K) NonClass: 59821K(60352K)->59821K(60352K) Class: 7589K(8000K)->7589K(8000K)
[2024-04-08T22:12:49.774+0800][586.532s] GC(126) Pause Young (Normal) (G1 Evacuation Pause) 353M->49M(512M) 3.402ms
[2024-04-08T22:12:49.774+0800][586.532s] GC(126) User=0.00s Sys=0.00s Real=0.00s
[2024-04-08T22:12:51.739+0800][588.497s] GC(127) Pause Young (Normal) (G1 Evacuation Pause)
[2024-04-08T22:12:51.739+0800][588.497s] GC(127) Using 13 workers of 13 for evacuation
[2024-04-08T22:12:51.741+0800][588.499s] GC(127)   Pre Evacuate Collection Set: 0.2ms
[2024-04-08T22:12:51.741+0800][588.499s] GC(127)   Merge Heap Roots: 0.1ms
[2024-04-08T22:12:51.741+0800][588.499s] GC(127)   Evacuate Collection Set: 1.2ms
[2024-04-08T22:12:51.741+0800][588.499s] GC(127)   Post Evacuate Collection Set: 0.7ms
[2024-04-08T22:12:51.741+0800][588.499s] GC(127)   Other: 0.1ms
[2024-04-08T22:12:51.741+0800][588.500s] GC(127) Eden regions: 305->0(305)
[2024-04-08T22:12:51.741+0800][588.500s] GC(127) Survivor regions: 2->2(39)
[2024-04-08T22:12:51.741+0800][588.500s] GC(127) Old regions: 44->44
[2024-04-08T22:12:51.741+0800][588.500s] GC(127) Humongous regions: 4->4
[2024-04-08T22:12:51.741+0800][588.500s] GC(127) Metaspace: 67411K(68352K)->67411K(68352K) NonClass: 59821K(60352K)->59821K(60352K) Class: 7589K(8000K)->7589K(8000K)
[2024-04-08T22:12:51.741+0800][588.500s] GC(127) Pause Young (Normal) (G1 Evacuation Pause) 354M->48M(512M) 2.755ms
[2024-04-08T22:12:51.741+0800][588.500s] GC(127) User=0.00s Sys=0.00s Real=0.00s
[2024-04-08T22:12:53.725+0800][590.483s] GC(128) Pause Young (Normal) (G1 Evacuation Pause)
[2024-04-08T22:12:53.725+0800][590.483s] GC(128) Using 13 workers of 13 for evacuation
[2024-04-08T22:12:53.728+0800][590.486s] GC(128)   Pre Evacuate Collection Set: 0.2ms
[2024-04-08T22:12:53.728+0800][590.486s] GC(128)   Merge Heap Roots: 0.1ms
[2024-04-08T22:12:53.728+0800][590.486s] GC(128)   Evacuate Collection Set: 1.5ms
[2024-04-08T22:12:53.728+0800][590.486s] GC(128)   Post Evacuate Collection Set: 0.8ms
[2024-04-08T22:12:53.728+0800][590.486s] GC(128)   Other: 0.1ms
[2024-04-08T22:12:53.728+0800][590.486s] GC(128) Eden regions: 305->0(305)
[2024-04-08T22:12:53.728+0800][590.486s] GC(128) Survivor regions: 2->2(39)
[2024-04-08T22:12:53.728+0800][590.486s] GC(128) Old regions: 44->44
[2024-04-08T22:12:53.728+0800][590.486s] GC(128) Humongous regions: 4->4
[2024-04-08T22:12:53.728+0800][590.486s] GC(128) Metaspace: 67413K(68352K)->67413K(68352K) NonClass: 59822K(60352K)->59822K(60352K) Class: 7590K(8000K)->7590K(8000K)
[2024-04-08T22:12:53.728+0800][590.486s] GC(128) Pause Young (Normal) (G1 Evacuation Pause) 353M->49M(512M) 3.106ms
[2024-04-08T22:12:53.728+0800][590.486s] GC(128) User=0.00s Sys=0.00s Real=0.00s
[2024-04-08T22:12:55.716+0800][592.474s] GC(129) Pause Young (Normal) (G1 Evacuation Pause)
[2024-04-08T22:12:55.716+0800][592.474s] GC(129) Using 13 workers of 13 for evacuation
[2024-04-08T22:12:55.719+0800][592.477s] GC(129)   Pre Evacuate Collection Set: 0.2ms
[2024-04-08T22:12:55.719+0800][592.477s] GC(129)   Merge Heap Roots: 0.2ms
[2024-04-08T22:12:55.719+0800][592.477s] GC(129)   Evacuate Collection Set: 1.5ms
[2024-04-08T22:12:55.719+0800][592.477s] GC(129)   Post Evacuate Collection Set: 0.7ms
[2024-04-08T22:12:55.719+0800][592.477s] GC(129)   Other: 0.1ms
[2024-04-08T22:12:55.719+0800][592.477s] GC(129) Eden regions: 305->0(305)
[2024-04-08T22:12:55.719+0800][592.477s] GC(129) Survivor regions: 2->2(39)
[2024-04-08T22:12:55.719+0800][592.477s] GC(129) Old regions: 44->44
[2024-04-08T22:12:55.719+0800][592.477s] GC(129) Humongous regions: 4->4
[2024-04-08T22:12:55.719+0800][592.477s] GC(129) Metaspace: 67413K(68352K)->67413K(68352K) NonClass: 59822K(60352K)->59822K(60352K) Class: 7590K(8000K)->7590K(8000K)
[2024-04-08T22:12:55.719+0800][592.477s] GC(129) Pause Young (Normal) (G1 Evacuation Pause) 354M->49M(512M) 2.927ms
[2024-04-08T22:12:55.719+0800][592.477s] GC(129) User=0.00s Sys=0.00s Real=0.00s
[2024-04-08T22:12:57.685+0800][594.443s] GC(130) Pause Young (Normal) (G1 Evacuation Pause)
[2024-04-08T22:12:57.685+0800][594.443s] GC(130) Using 13 workers of 13 for evacuation
[2024-04-08T22:12:57.688+0800][594.447s] GC(130)   Pre Evacuate Collection Set: 0.3ms
[2024-04-08T22:12:57.688+0800][594.447s] GC(130)   Merge Heap Roots: 0.1ms
[2024-04-08T22:12:57.688+0800][594.447s] GC(130)   Evacuate Collection Set: 1.8ms
[2024-04-08T22:12:57.688+0800][594.447s] GC(130)   Post Evacuate Collection Set: 0.9ms
[2024-04-08T22:12:57.688+0800][594.447s] GC(130)   Other: 0.2ms
[2024-04-08T22:12:57.688+0800][594.447s] GC(130) Eden regions: 305->0(305)
[2024-04-08T22:12:57.688+0800][594.447s] GC(130) Survivor regions: 2->2(39)
[2024-04-08T22:12:57.688+0800][594.447s] GC(130) Old regions: 44->44
[2024-04-08T22:12:57.688+0800][594.447s] GC(130) Humongous regions: 4->4
[2024-04-08T22:12:57.688+0800][594.447s] GC(130) Metaspace: 67413K(68352K)->67413K(68352K) NonClass: 59822K(60352K)->59822K(60352K) Class: 7590K(8000K)->7590K(8000K)
[2024-04-08T22:12:57.689+0800][594.447s] GC(130) Pause Young (Normal) (G1 Evacuation Pause) 354M->48M(512M) 3.661ms
[2024-04-08T22:12:57.689+0800][594.447s] GC(130) User=0.00s Sys=0.00s Real=0.00s
[2024-04-08T22:12:59.743+0800][596.502s] GC(131) Pause Young (Normal) (G1 Evacuation Pause)
[2024-04-08T22:12:59.743+0800][596.502s] GC(131) Using 13 workers of 13 for evacuation
[2024-04-08T22:12:59.746+0800][596.505s] GC(131)   Pre Evacuate Collection Set: 0.3ms
[2024-04-08T22:12:59.746+0800][596.505s] GC(131)   Merge Heap Roots: 0.1ms
[2024-04-08T22:12:59.746+0800][596.505s] GC(131)   Evacuate Collection Set: 1.6ms
[2024-04-08T22:12:59.746+0800][596.505s] GC(131)   Post Evacuate Collection Set: 0.7ms
[2024-04-08T22:12:59.746+0800][596.505s] GC(131)   Other: 0.1ms
[2024-04-08T22:12:59.746+0800][596.505s] GC(131) Eden regions: 305->0(304)
[2024-04-08T22:12:59.746+0800][596.505s] GC(131) Survivor regions: 2->3(39)
[2024-04-08T22:12:59.746+0800][596.505s] GC(131) Old regions: 44->44
[2024-04-08T22:12:59.747+0800][596.505s] GC(131) Humongous regions: 4->4
[2024-04-08T22:12:59.747+0800][596.505s] GC(131) Metaspace: 67413K(68352K)->67413K(68352K) NonClass: 59822K(60352K)->59822K(60352K) Class: 7590K(8000K)->7590K(8000K)
[2024-04-08T22:12:59.747+0800][596.505s] GC(131) Pause Young (Normal) (G1 Evacuation Pause) 353M->49M(512M) 3.209ms
[2024-04-08T22:12:59.747+0800][596.505s] GC(131) User=0.00s Sys=0.02s Real=0.00s
[2024-04-08T22:13:01.803+0800][598.561s] GC(132) Pause Young (Normal) (G1 Evacuation Pause)
[2024-04-08T22:13:01.803+0800][598.561s] GC(132) Using 13 workers of 13 for evacuation
[2024-04-08T22:13:01.806+0800][598.565s] GC(132)   Pre Evacuate Collection Set: 0.3ms
[2024-04-08T22:13:01.806+0800][598.565s] GC(132)   Merge Heap Roots: 0.2ms
[2024-04-08T22:13:01.806+0800][598.565s] GC(132)   Evacuate Collection Set: 2.2ms
[2024-04-08T22:13:01.806+0800][598.565s] GC(132)   Post Evacuate Collection Set: 0.7ms
[2024-04-08T22:13:01.806+0800][598.565s] GC(132)   Other: 0.1ms
[2024-04-08T22:13:01.806+0800][598.565s] GC(132) Eden regions: 304->0(305)
[2024-04-08T22:13:01.806+0800][598.565s] GC(132) Survivor regions: 3->2(39)
[2024-04-08T22:13:01.806+0800][598.565s] GC(132) Old regions: 44->44
[2024-04-08T22:13:01.806+0800][598.565s] GC(132) Humongous regions: 4->4
[2024-04-08T22:13:01.806+0800][598.565s] GC(132) Metaspace: 67413K(68352K)->67413K(68352K) NonClass: 59822K(60352K)->59822K(60352K) Class: 7590K(8000K)->7590K(8000K)
[2024-04-08T22:13:01.806+0800][598.565s] GC(132) Pause Young (Normal) (G1 Evacuation Pause) 353M->49M(512M) 3.886ms
[2024-04-08T22:13:01.806+0800][598.565s] GC(132) User=0.17s Sys=0.00s Real=0.00s
[2024-04-08T22:13:03.861+0800][600.619s] GC(133) Pause Young (Normal) (G1 Evacuation Pause)
[2024-04-08T22:13:03.861+0800][600.619s] GC(133) Using 13 workers of 13 for evacuation
[2024-04-08T22:13:03.864+0800][600.622s] GC(133)   Pre Evacuate Collection Set: 0.2ms
[2024-04-08T22:13:03.864+0800][600.622s] GC(133)   Merge Heap Roots: 0.1ms
[2024-04-08T22:13:03.864+0800][600.622s] GC(133)   Evacuate Collection Set: 1.5ms
[2024-04-08T22:13:03.864+0800][600.622s] GC(133)   Post Evacuate Collection Set: 0.7ms
[2024-04-08T22:13:03.864+0800][600.622s] GC(133)   Other: 0.1ms
[2024-04-08T22:13:03.864+0800][600.622s] GC(133) Eden regions: 305->0(305)
[2024-04-08T22:13:03.864+0800][600.622s] GC(133) Survivor regions: 2->2(39)
[2024-04-08T22:13:03.864+0800][600.622s] GC(133) Old regions: 44->44
[2024-04-08T22:13:03.864+0800][600.622s] GC(133) Humongous regions: 4->4
[2024-04-08T22:13:03.864+0800][600.622s] GC(133) Metaspace: 67413K(68352K)->67413K(68352K) NonClass: 59822K(60352K)->59822K(60352K) Class: 7590K(8000K)->7590K(8000K)
[2024-04-08T22:13:03.864+0800][600.622s] GC(133) Pause Young (Normal) (G1 Evacuation Pause) 354M->49M(512M) 3.008ms
[2024-04-08T22:13:03.864+0800][600.622s] GC(133) User=0.00s Sys=0.00s Real=0.00s
[2024-04-08T22:13:05.809+0800][602.567s] GC(134) Pause Young (Normal) (G1 Evacuation Pause)
[2024-04-08T22:13:05.809+0800][602.568s] GC(134) Using 13 workers of 13 for evacuation
[2024-04-08T22:13:05.812+0800][602.570s] GC(134)   Pre Evacuate Collection Set: 0.2ms
[2024-04-08T22:13:05.812+0800][602.570s] GC(134)   Merge Heap Roots: 0.1ms
[2024-04-08T22:13:05.812+0800][602.570s] GC(134)   Evacuate Collection Set: 1.8ms
[2024-04-08T22:13:05.812+0800][602.570s] GC(134)   Post Evacuate Collection Set: 0.6ms
[2024-04-08T22:13:05.812+0800][602.571s] GC(134)   Other: 0.1ms
[2024-04-08T22:13:05.812+0800][602.571s] GC(134) Eden regions: 305->0(304)
[2024-04-08T22:13:05.812+0800][602.571s] GC(134) Survivor regions: 2->3(39)
[2024-04-08T22:13:05.812+0800][602.571s] GC(134) Old regions: 44->44
[2024-04-08T22:13:05.812+0800][602.571s] GC(134) Humongous regions: 4->4
[2024-04-08T22:13:05.812+0800][602.571s] GC(134) Metaspace: 67413K(68352K)->67413K(68352K) NonClass: 59822K(60352K)->59822K(60352K) Class: 7590K(8000K)->7590K(8000K)
[2024-04-08T22:13:05.812+0800][602.571s] GC(134) Pause Young (Normal) (G1 Evacuation Pause) 354M->49M(512M) 3.281ms
[2024-04-08T22:13:05.812+0800][602.571s] GC(134) User=0.00s Sys=0.00s Real=0.00s
[2024-04-08T22:13:07.837+0800][604.595s] GC(135) Pause Young (Normal) (G1 Evacuation Pause)
[2024-04-08T22:13:07.837+0800][604.595s] GC(135) Using 13 workers of 13 for evacuation
[2024-04-08T22:13:07.840+0800][604.598s] GC(135)   Pre Evacuate Collection Set: 0.3ms
[2024-04-08T22:13:07.840+0800][604.598s] GC(135)   Merge Heap Roots: 0.2ms
[2024-04-08T22:13:07.840+0800][604.598s] GC(135)   Evacuate Collection Set: 1.3ms
[2024-04-08T22:13:07.840+0800][604.598s] GC(135)   Post Evacuate Collection Set: 0.9ms
[2024-04-08T22:13:07.840+0800][604.598s] GC(135)   Other: 0.1ms
[2024-04-08T22:13:07.840+0800][604.598s] GC(135) Eden regions: 304->0(305)
[2024-04-08T22:13:07.840+0800][604.598s] GC(135) Survivor regions: 3->2(39)
[2024-04-08T22:13:07.840+0800][604.598s] GC(135) Old regions: 44->44
[2024-04-08T22:13:07.840+0800][604.598s] GC(135) Humongous regions: 4->4
[2024-04-08T22:13:07.840+0800][604.598s] GC(135) Metaspace: 67413K(68352K)->67413K(68352K) NonClass: 59822K(60352K)->59822K(60352K) Class: 7590K(8000K)->7590K(8000K)
[2024-04-08T22:13:07.840+0800][604.598s] GC(135) Pause Young (Normal) (G1 Evacuation Pause) 353M->49M(512M) 3.113ms
[2024-04-08T22:13:07.840+0800][604.598s] GC(135) User=0.16s Sys=0.00s Real=0.00s
[2024-04-08T22:13:09.779+0800][606.537s] GC(136) Pause Young (Normal) (G1 Evacuation Pause)
[2024-04-08T22:13:09.779+0800][606.538s] GC(136) Using 13 workers of 13 for evacuation
[2024-04-08T22:13:09.782+0800][606.540s] GC(136)   Pre Evacuate Collection Set: 0.3ms
[2024-04-08T22:13:09.782+0800][606.541s] GC(136)   Merge Heap Roots: 0.1ms
[2024-04-08T22:13:09.782+0800][606.541s] GC(136)   Evacuate Collection Set: 1.6ms
[2024-04-08T22:13:09.782+0800][606.541s] GC(136)   Post Evacuate Collection Set: 0.8ms
[2024-04-08T22:13:09.782+0800][606.541s] GC(136)   Other: 0.1ms
[2024-04-08T22:13:09.782+0800][606.541s] GC(136) Eden regions: 305->0(305)
[2024-04-08T22:13:09.782+0800][606.541s] GC(136) Survivor regions: 2->2(39)
[2024-04-08T22:13:09.782+0800][606.541s] GC(136) Old regions: 44->44
[2024-04-08T22:13:09.782+0800][606.541s] GC(136) Humongous regions: 4->4
[2024-04-08T22:13:09.782+0800][606.541s] GC(136) Metaspace: 67413K(68352K)->67413K(68352K) NonClass: 59822K(60352K)->59822K(60352K) Class: 7590K(8000K)->7590K(8000K)
[2024-04-08T22:13:09.782+0800][606.541s] GC(136) Pause Young (Normal) (G1 Evacuation Pause) 354M->49M(512M) 3.285ms
[2024-04-08T22:13:09.782+0800][606.541s] GC(136) User=0.00s Sys=0.00s Real=0.00s
[2024-04-08T22:13:11.749+0800][608.508s] GC(137) Pause Young (Normal) (G1 Evacuation Pause)
[2024-04-08T22:13:11.749+0800][608.508s] GC(137) Using 13 workers of 13 for evacuation
[2024-04-08T22:13:11.752+0800][608.511s] GC(137)   Pre Evacuate Collection Set: 0.3ms
[2024-04-08T22:13:11.752+0800][608.511s] GC(137)   Merge Heap Roots: 0.2ms
[2024-04-08T22:13:11.752+0800][608.511s] GC(137)   Evacuate Collection Set: 1.6ms
[2024-04-08T22:13:11.752+0800][608.511s] GC(137)   Post Evacuate Collection Set: 0.7ms
[2024-04-08T22:13:11.752+0800][608.511s] GC(137)   Other: 0.1ms
[2024-04-08T22:13:11.752+0800][608.511s] GC(137) Eden regions: 305->0(305)
[2024-04-08T22:13:11.752+0800][608.511s] GC(137) Survivor regions: 2->2(39)
[2024-04-08T22:13:11.752+0800][608.511s] GC(137) Old regions: 44->44
[2024-04-08T22:13:11.752+0800][608.511s] GC(137) Humongous regions: 4->4
[2024-04-08T22:13:11.752+0800][608.511s] GC(137) Metaspace: 67413K(68352K)->67413K(68352K) NonClass: 59823K(60352K)->59823K(60352K) Class: 7590K(8000K)->7590K(8000K)
[2024-04-08T22:13:11.752+0800][608.511s] GC(137) Pause Young (Normal) (G1 Evacuation Pause) 354M->49M(512M) 3.183ms
[2024-04-08T22:13:11.752+0800][608.511s] GC(137) User=0.00s Sys=0.00s Real=0.00s
[2024-04-08T22:13:13.728+0800][610.487s] GC(138) Pause Young (Normal) (G1 Evacuation Pause)
[2024-04-08T22:13:13.728+0800][610.487s] GC(138) Using 13 workers of 13 for evacuation
[2024-04-08T22:13:13.731+0800][610.489s] GC(138)   Pre Evacuate Collection Set: 0.1ms
[2024-04-08T22:13:13.731+0800][610.489s] GC(138)   Merge Heap Roots: 0.1ms
[2024-04-08T22:13:13.731+0800][610.489s] GC(138)   Evacuate Collection Set: 1.4ms
[2024-04-08T22:13:13.731+0800][610.489s] GC(138)   Post Evacuate Collection Set: 0.5ms
[2024-04-08T22:13:13.731+0800][610.489s] GC(138)   Other: 0.1ms
[2024-04-08T22:13:13.731+0800][610.489s] GC(138) Eden regions: 305->0(305)
[2024-04-08T22:13:13.731+0800][610.489s] GC(138) Survivor regions: 2->2(39)
[2024-04-08T22:13:13.731+0800][610.489s] GC(138) Old regions: 44->44
[2024-04-08T22:13:13.731+0800][610.489s] GC(138) Humongous regions: 4->4
[2024-04-08T22:13:13.731+0800][610.490s] GC(138) Metaspace: 67413K(68352K)->67413K(68352K) NonClass: 59823K(60352K)->59823K(60352K) Class: 7590K(8000K)->7590K(8000K)
[2024-04-08T22:13:13.731+0800][610.490s] GC(138) Pause Young (Normal) (G1 Evacuation Pause) 354M->49M(512M) 2.668ms
[2024-04-08T22:13:13.731+0800][610.490s] GC(138) User=0.00s Sys=0.00s Real=0.00s
[2024-04-08T22:13:15.710+0800][612.468s] GC(139) Pause Young (Normal) (G1 Evacuation Pause)
[2024-04-08T22:13:15.710+0800][612.468s] GC(139) Using 13 workers of 13 for evacuation
[2024-04-08T22:13:15.713+0800][612.471s] GC(139)   Pre Evacuate Collection Set: 0.2ms
[2024-04-08T22:13:15.713+0800][612.471s] GC(139)   Merge Heap Roots: 0.2ms
[2024-04-08T22:13:15.713+0800][612.471s] GC(139)   Evacuate Collection Set: 1.6ms
[2024-04-08T22:13:15.713+0800][612.472s] GC(139)   Post Evacuate Collection Set: 0.9ms
[2024-04-08T22:13:15.713+0800][612.472s] GC(139)   Other: 0.2ms
[2024-04-08T22:13:15.713+0800][612.472s] GC(139) Eden regions: 305->0(305)
[2024-04-08T22:13:15.713+0800][612.472s] GC(139) Survivor regions: 2->2(39)
[2024-04-08T22:13:15.713+0800][612.472s] GC(139) Old regions: 44->44
[2024-04-08T22:13:15.713+0800][612.472s] GC(139) Humongous regions: 4->4
[2024-04-08T22:13:15.713+0800][612.472s] GC(139) Metaspace: 67414K(68352K)->67414K(68352K) NonClass: 59823K(60352K)->59823K(60352K) Class: 7590K(8000K)->7590K(8000K)
[2024-04-08T22:13:15.713+0800][612.472s] GC(139) Pause Young (Normal) (G1 Evacuation Pause) 354M->49M(512M) 3.463ms
[2024-04-08T22:13:15.713+0800][612.472s] GC(139) User=0.00s Sys=0.00s Real=0.00s
[2024-04-08T22:13:17.833+0800][614.591s] GC(140) Pause Young (Normal) (G1 Evacuation Pause)
[2024-04-08T22:13:17.833+0800][614.591s] GC(140) Using 13 workers of 13 for evacuation
[2024-04-08T22:13:17.835+0800][614.593s] GC(140)   Pre Evacuate Collection Set: 0.1ms
[2024-04-08T22:13:17.835+0800][614.593s] GC(140)   Merge Heap Roots: 0.1ms
[2024-04-08T22:13:17.835+0800][614.593s] GC(140)   Evacuate Collection Set: 1.3ms
[2024-04-08T22:13:17.835+0800][614.593s] GC(140)   Post Evacuate Collection Set: 0.5ms
[2024-04-08T22:13:17.835+0800][614.593s] GC(140)   Other: 0.1ms
[2024-04-08T22:13:17.835+0800][614.593s] GC(140) Eden regions: 305->0(305)
[2024-04-08T22:13:17.835+0800][614.593s] GC(140) Survivor regions: 2->2(39)
[2024-04-08T22:13:17.835+0800][614.593s] GC(140) Old regions: 44->44
[2024-04-08T22:13:17.835+0800][614.593s] GC(140) Humongous regions: 4->4
[2024-04-08T22:13:17.835+0800][614.593s] GC(140) Metaspace: 67414K(68352K)->67414K(68352K) NonClass: 59823K(60352K)->59823K(60352K) Class: 7590K(8000K)->7590K(8000K)
[2024-04-08T22:13:17.835+0800][614.594s] GC(140) Pause Young (Normal) (G1 Evacuation Pause) 354M->49M(512M) 2.396ms
[2024-04-08T22:13:17.835+0800][614.594s] GC(140) User=0.00s Sys=0.00s Real=0.00s
[2024-04-08T22:13:19.802+0800][616.561s] GC(141) Pause Young (Normal) (G1 Evacuation Pause)
[2024-04-08T22:13:19.802+0800][616.561s] GC(141) Using 13 workers of 13 for evacuation
[2024-04-08T22:13:19.805+0800][616.564s] GC(141)   Pre Evacuate Collection Set: 0.2ms
[2024-04-08T22:13:19.805+0800][616.564s] GC(141)   Merge Heap Roots: 0.1ms
[2024-04-08T22:13:19.805+0800][616.564s] GC(141)   Evacuate Collection Set: 1.6ms
[2024-04-08T22:13:19.805+0800][616.564s] GC(141)   Post Evacuate Collection Set: 0.6ms
[2024-04-08T22:13:19.805+0800][616.564s] GC(141)   Other: 0.1ms
[2024-04-08T22:13:19.805+0800][616.564s] GC(141) Eden regions: 305->0(305)
[2024-04-08T22:13:19.805+0800][616.564s] GC(141) Survivor regions: 2->2(39)
[2024-04-08T22:13:19.805+0800][616.564s] GC(141) Old regions: 44->44
[2024-04-08T22:13:19.805+0800][616.564s] GC(141) Humongous regions: 4->4
[2024-04-08T22:13:19.805+0800][616.564s] GC(141) Metaspace: 67414K(68352K)->67414K(68352K) NonClass: 59823K(60352K)->59823K(60352K) Class: 7590K(8000K)->7590K(8000K)
[2024-04-08T22:13:19.805+0800][616.564s] GC(141) Pause Young (Normal) (G1 Evacuation Pause) 354M->49M(512M) 3.087ms
[2024-04-08T22:13:19.805+0800][616.564s] GC(141) User=0.00s Sys=0.00s Real=0.00s
[2024-04-08T22:13:21.685+0800][618.444s] GC(142) Pause Young (Normal) (G1 Evacuation Pause)
[2024-04-08T22:13:21.685+0800][618.444s] GC(142) Using 13 workers of 13 for evacuation
[2024-04-08T22:13:21.688+0800][618.447s] GC(142)   Pre Evacuate Collection Set: 0.1ms
[2024-04-08T22:13:21.688+0800][618.447s] GC(142)   Merge Heap Roots: 0.1ms
[2024-04-08T22:13:21.688+0800][618.447s] GC(142)   Evacuate Collection Set: 1.6ms
[2024-04-08T22:13:21.688+0800][618.447s] GC(142)   Post Evacuate Collection Set: 0.6ms
[2024-04-08T22:13:21.688+0800][618.447s] GC(142)   Other: 0.1ms
[2024-04-08T22:13:21.688+0800][618.447s] GC(142) Eden regions: 305->0(305)
[2024-04-08T22:13:21.688+0800][618.447s] GC(142) Survivor regions: 2->2(39)
[2024-04-08T22:13:21.688+0800][618.447s] GC(142) Old regions: 44->44
[2024-04-08T22:13:21.688+0800][618.447s] GC(142) Humongous regions: 4->4
[2024-04-08T22:13:21.688+0800][618.447s] GC(142) Metaspace: 67417K(68352K)->67417K(68352K) NonClass: 59826K(60352K)->59826K(60352K) Class: 7590K(8000K)->7590K(8000K)
[2024-04-08T22:13:21.688+0800][618.447s] GC(142) Pause Young (Normal) (G1 Evacuation Pause) 354M->49M(512M) 2.872ms
[2024-04-08T22:13:21.688+0800][618.447s] GC(142) User=0.00s Sys=0.00s Real=0.00s
[2024-04-08T22:13:23.727+0800][620.485s] GC(143) Pause Young (Normal) (G1 Evacuation Pause)
[2024-04-08T22:13:23.727+0800][620.485s] GC(143) Using 13 workers of 13 for evacuation
[2024-04-08T22:13:23.730+0800][620.488s] GC(143)   Pre Evacuate Collection Set: 0.4ms
[2024-04-08T22:13:23.730+0800][620.488s] GC(143)   Merge Heap Roots: 0.1ms
[2024-04-08T22:13:23.730+0800][620.488s] GC(143)   Evacuate Collection Set: 1.7ms
[2024-04-08T22:13:23.730+0800][620.488s] GC(143)   Post Evacuate Collection Set: 0.7ms
[2024-04-08T22:13:23.730+0800][620.488s] GC(143)   Other: 0.1ms
[2024-04-08T22:13:23.730+0800][620.488s] GC(143) Eden regions: 305->0(305)
[2024-04-08T22:13:23.730+0800][620.488s] GC(143) Survivor regions: 2->2(39)
[2024-04-08T22:13:23.730+0800][620.488s] GC(143) Old regions: 44->44
[2024-04-08T22:13:23.730+0800][620.488s] GC(143) Humongous regions: 4->4
[2024-04-08T22:13:23.730+0800][620.488s] GC(143) Metaspace: 67417K(68352K)->67417K(68352K) NonClass: 59826K(60352K)->59826K(60352K) Class: 7590K(8000K)->7590K(8000K)
[2024-04-08T22:13:23.730+0800][620.488s] GC(143) Pause Young (Normal) (G1 Evacuation Pause) 354M->49M(512M) 3.357ms
[2024-04-08T22:13:23.730+0800][620.488s] GC(143) User=0.03s Sys=0.00s Real=0.00s
[2024-04-08T22:13:25.798+0800][622.557s] GC(144) Pause Young (Normal) (G1 Evacuation Pause)
[2024-04-08T22:13:25.798+0800][622.557s] GC(144) Using 13 workers of 13 for evacuation
[2024-04-08T22:13:25.800+0800][622.559s] GC(144)   Pre Evacuate Collection Set: 0.1ms
[2024-04-08T22:13:25.800+0800][622.559s] GC(144)   Merge Heap Roots: 0.1ms
[2024-04-08T22:13:25.800+0800][622.559s] GC(144)   Evacuate Collection Set: 1.4ms
[2024-04-08T22:13:25.800+0800][622.559s] GC(144)   Post Evacuate Collection Set: 0.4ms
[2024-04-08T22:13:25.800+0800][622.559s] GC(144)   Other: 0.1ms
[2024-04-08T22:13:25.800+0800][622.559s] GC(144) Eden regions: 305->0(305)
[2024-04-08T22:13:25.800+0800][622.559s] GC(144) Survivor regions: 2->2(39)
[2024-04-08T22:13:25.800+0800][622.559s] GC(144) Old regions: 44->44
[2024-04-08T22:13:25.800+0800][622.559s] GC(144) Humongous regions: 4->4
[2024-04-08T22:13:25.800+0800][622.559s] GC(144) Metaspace: 67417K(68352K)->67417K(68352K) NonClass: 59826K(60352K)->59826K(60352K) Class: 7590K(8000K)->7590K(8000K)
[2024-04-08T22:13:25.800+0800][622.559s] GC(144) Pause Young (Normal) (G1 Evacuation Pause) 354M->49M(512M) 2.484ms
[2024-04-08T22:13:25.800+0800][622.559s] GC(144) User=0.00s Sys=0.00s Real=0.00s
[2024-04-08T22:13:27.898+0800][624.657s] GC(145) Pause Young (Normal) (G1 Evacuation Pause)
[2024-04-08T22:13:27.898+0800][624.657s] GC(145) Using 13 workers of 13 for evacuation
[2024-04-08T22:13:27.901+0800][624.660s] GC(145)   Pre Evacuate Collection Set: 0.3ms
[2024-04-08T22:13:27.902+0800][624.661s] GC(145)   Merge Heap Roots: 0.1ms
[2024-04-08T22:13:27.902+0800][624.661s] GC(145)   Evacuate Collection Set: 1.9ms
[2024-04-08T22:13:27.902+0800][624.661s] GC(145)   Post Evacuate Collection Set: 0.7ms
[2024-04-08T22:13:27.902+0800][624.661s] GC(145)   Other: 0.1ms
[2024-04-08T22:13:27.902+0800][624.661s] GC(145) Eden regions: 305->0(305)
[2024-04-08T22:13:27.902+0800][624.661s] GC(145) Survivor regions: 2->2(39)
[2024-04-08T22:13:27.902+0800][624.661s] GC(145) Old regions: 44->44
[2024-04-08T22:13:27.902+0800][624.661s] GC(145) Humongous regions: 4->4
[2024-04-08T22:13:27.902+0800][624.661s] GC(145) Metaspace: 67417K(68352K)->67417K(68352K) NonClass: 59826K(60352K)->59826K(60352K) Class: 7590K(8000K)->7590K(8000K)
[2024-04-08T22:13:27.902+0800][624.661s] GC(145) Pause Young (Normal) (G1 Evacuation Pause) 354M->49M(512M) 3.584ms
[2024-04-08T22:13:27.902+0800][624.661s] GC(145) User=0.22s Sys=0.00s Real=0.00s
[2024-04-08T22:13:29.830+0800][626.589s] GC(146) Pause Young (Normal) (G1 Evacuation Pause)
[2024-04-08T22:13:29.830+0800][626.589s] GC(146) Using 13 workers of 13 for evacuation
[2024-04-08T22:13:29.833+0800][626.592s] GC(146)   Pre Evacuate Collection Set: 0.2ms
[2024-04-08T22:13:29.833+0800][626.592s] GC(146)   Merge Heap Roots: 0.2ms
[2024-04-08T22:13:29.833+0800][626.592s] GC(146)   Evacuate Collection Set: 1.6ms
[2024-04-08T22:13:29.833+0800][626.592s] GC(146)   Post Evacuate Collection Set: 0.7ms
[2024-04-08T22:13:29.833+0800][626.592s] GC(146)   Other: 0.1ms
[2024-04-08T22:13:29.833+0800][626.592s] GC(146) Eden regions: 305->0(305)
[2024-04-08T22:13:29.833+0800][626.592s] GC(146) Survivor regions: 2->2(39)
[2024-04-08T22:13:29.833+0800][626.592s] GC(146) Old regions: 44->44
[2024-04-08T22:13:29.833+0800][626.592s] GC(146) Humongous regions: 4->4
[2024-04-08T22:13:29.833+0800][626.592s] GC(146) Metaspace: 67417K(68352K)->67417K(68352K) NonClass: 59827K(60352K)->59827K(60352K) Class: 7590K(8000K)->7590K(8000K)
[2024-04-08T22:13:29.833+0800][626.592s] GC(146) Pause Young (Normal) (G1 Evacuation Pause) 354M->49M(512M) 3.047ms
[2024-04-08T22:13:29.833+0800][626.592s] GC(146) User=0.00s Sys=0.00s Real=0.00s
[2024-04-08T22:13:31.902+0800][628.661s] GC(147) Pause Young (Normal) (G1 Evacuation Pause)
[2024-04-08T22:13:31.902+0800][628.661s] GC(147) Using 13 workers of 13 for evacuation
[2024-04-08T22:13:31.905+0800][628.664s] GC(147)   Pre Evacuate Collection Set: 0.3ms
[2024-04-08T22:13:31.905+0800][628.664s] GC(147)   Merge Heap Roots: 0.1ms
[2024-04-08T22:13:31.905+0800][628.664s] GC(147)   Evacuate Collection Set: 1.5ms
[2024-04-08T22:13:31.905+0800][628.664s] GC(147)   Post Evacuate Collection Set: 0.8ms
[2024-04-08T22:13:31.905+0800][628.664s] GC(147)   Other: 0.1ms
[2024-04-08T22:13:31.905+0800][628.664s] GC(147) Eden regions: 305->0(305)
[2024-04-08T22:13:31.905+0800][628.664s] GC(147) Survivor regions: 2->2(39)
[2024-04-08T22:13:31.905+0800][628.664s] GC(147) Old regions: 44->45
[2024-04-08T22:13:31.905+0800][628.664s] GC(147) Humongous regions: 4->4
[2024-04-08T22:13:31.905+0800][628.664s] GC(147) Metaspace: 67419K(68352K)->67419K(68352K) NonClass: 59828K(60352K)->59828K(60352K) Class: 7590K(8000K)->7590K(8000K)
[2024-04-08T22:13:31.905+0800][628.664s] GC(147) Pause Young (Normal) (G1 Evacuation Pause) 354M->49M(512M) 3.222ms
[2024-04-08T22:13:31.905+0800][628.664s] GC(147) User=0.00s Sys=0.00s Real=0.00s
[2024-04-08T22:13:33.984+0800][630.742s] GC(148) Pause Young (Normal) (G1 Evacuation Pause)
[2024-04-08T22:13:33.984+0800][630.742s] GC(148) Using 13 workers of 13 for evacuation
[2024-04-08T22:13:33.987+0800][630.745s] GC(148)   Pre Evacuate Collection Set: 0.2ms
[2024-04-08T22:13:33.987+0800][630.745s] GC(148)   Merge Heap Roots: 0.1ms
[2024-04-08T22:13:33.987+0800][630.745s] GC(148)   Evacuate Collection Set: 1.5ms
[2024-04-08T22:13:33.987+0800][630.745s] GC(148)   Post Evacuate Collection Set: 0.9ms
[2024-04-08T22:13:33.987+0800][630.745s] GC(148)   Other: 0.1ms
[2024-04-08T22:13:33.987+0800][630.745s] GC(148) Eden regions: 305->0(305)
[2024-04-08T22:13:33.987+0800][630.745s] GC(148) Survivor regions: 2->2(39)
[2024-04-08T22:13:33.987+0800][630.746s] GC(148) Old regions: 45->45
[2024-04-08T22:13:33.987+0800][630.746s] GC(148) Humongous regions: 4->4
[2024-04-08T22:13:33.987+0800][630.746s] GC(148) Metaspace: 67419K(68352K)->67419K(68352K) NonClass: 59828K(60352K)->59828K(60352K) Class: 7590K(8000K)->7590K(8000K)
[2024-04-08T22:13:33.988+0800][630.746s] GC(148) Pause Young (Normal) (G1 Evacuation Pause) 354M->49M(512M) 3.383ms
[2024-04-08T22:13:33.988+0800][630.746s] GC(148) User=0.00s Sys=0.00s Real=0.00s
[2024-04-08T22:13:35.987+0800][632.745s] GC(149) Pause Young (Normal) (G1 Evacuation Pause)
[2024-04-08T22:13:35.987+0800][632.745s] GC(149) Using 13 workers of 13 for evacuation
[2024-04-08T22:13:35.989+0800][632.748s] GC(149)   Pre Evacuate Collection Set: 0.2ms
[2024-04-08T22:13:35.989+0800][632.748s] GC(149)   Merge Heap Roots: 0.1ms
[2024-04-08T22:13:35.990+0800][632.748s] GC(149)   Evacuate Collection Set: 1.5ms
[2024-04-08T22:13:35.990+0800][632.748s] GC(149)   Post Evacuate Collection Set: 0.5ms
[2024-04-08T22:13:35.990+0800][632.748s] GC(149)   Other: 0.1ms
[2024-04-08T22:13:35.990+0800][632.748s] GC(149) Eden regions: 305->0(305)
[2024-04-08T22:13:35.990+0800][632.748s] GC(149) Survivor regions: 2->2(39)
[2024-04-08T22:13:35.990+0800][632.748s] GC(149) Old regions: 45->45
[2024-04-08T22:13:35.990+0800][632.748s] GC(149) Humongous regions: 4->4
[2024-04-08T22:13:35.990+0800][632.748s] GC(149) Metaspace: 67419K(68352K)->67419K(68352K) NonClass: 59828K(60352K)->59828K(60352K) Class: 7590K(8000K)->7590K(8000K)
[2024-04-08T22:13:35.990+0800][632.748s] GC(149) Pause Young (Normal) (G1 Evacuation Pause) 354M->49M(512M) 2.942ms
[2024-04-08T22:13:35.990+0800][632.748s] GC(149) User=0.00s Sys=0.00s Real=0.00s
[2024-04-08T22:13:38.080+0800][634.838s] GC(150) Pause Young (Normal) (G1 Evacuation Pause)
[2024-04-08T22:13:38.080+0800][634.838s] GC(150) Using 13 workers of 13 for evacuation
[2024-04-08T22:13:38.083+0800][634.841s] GC(150)   Pre Evacuate Collection Set: 0.3ms
[2024-04-08T22:13:38.083+0800][634.841s] GC(150)   Merge Heap Roots: 0.2ms
[2024-04-08T22:13:38.083+0800][634.841s] GC(150)   Evacuate Collection Set: 1.5ms
[2024-04-08T22:13:38.083+0800][634.841s] GC(150)   Post Evacuate Collection Set: 0.8ms
[2024-04-08T22:13:38.083+0800][634.841s] GC(150)   Other: 0.2ms
[2024-04-08T22:13:38.083+0800][634.842s] GC(150) Eden regions: 305->0(305)
[2024-04-08T22:13:38.083+0800][634.842s] GC(150) Survivor regions: 2->2(39)
[2024-04-08T22:13:38.084+0800][634.842s] GC(150) Old regions: 45->45
[2024-04-08T22:13:38.084+0800][634.842s] GC(150) Humongous regions: 4->4
[2024-04-08T22:13:38.084+0800][634.842s] GC(150) Metaspace: 67419K(68352K)->67419K(68352K) NonClass: 59828K(60352K)->59828K(60352K) Class: 7590K(8000K)->7590K(8000K)
[2024-04-08T22:13:38.084+0800][634.842s] GC(150) Pause Young (Normal) (G1 Evacuation Pause) 354M->49M(512M) 3.437ms
[2024-04-08T22:13:38.084+0800][634.842s] GC(150) User=0.00s Sys=0.00s Real=0.00s
[2024-04-08T22:13:40.027+0800][636.785s] GC(151) Pause Young (Normal) (G1 Evacuation Pause)
[2024-04-08T22:13:40.027+0800][636.785s] GC(151) Using 13 workers of 13 for evacuation
[2024-04-08T22:13:40.030+0800][636.788s] GC(151)   Pre Evacuate Collection Set: 0.2ms
[2024-04-08T22:13:40.030+0800][636.788s] GC(151)   Merge Heap Roots: 0.1ms
[2024-04-08T22:13:40.030+0800][636.788s] GC(151)   Evacuate Collection Set: 1.7ms
[2024-04-08T22:13:40.030+0800][636.788s] GC(151)   Post Evacuate Collection Set: 0.7ms
[2024-04-08T22:13:40.030+0800][636.788s] GC(151)   Other: 0.1ms
[2024-04-08T22:13:40.030+0800][636.788s] GC(151) Eden regions: 305->0(305)
[2024-04-08T22:13:40.030+0800][636.788s] GC(151) Survivor regions: 2->2(39)
[2024-04-08T22:13:40.030+0800][636.789s] GC(151) Old regions: 45->45
[2024-04-08T22:13:40.030+0800][636.789s] GC(151) Humongous regions: 4->4
[2024-04-08T22:13:40.030+0800][636.789s] GC(151) Metaspace: 67420K(68352K)->67420K(68352K) NonClass: 59829K(60352K)->59829K(60352K) Class: 7590K(8000K)->7590K(8000K)
[2024-04-08T22:13:40.031+0800][636.789s] GC(151) Pause Young (Normal) (G1 Evacuation Pause) 354M->49M(512M) 3.189ms
[2024-04-08T22:13:40.031+0800][636.789s] GC(151) User=0.00s Sys=0.00s Real=0.00s
[2024-04-08T22:13:42.131+0800][638.889s] GC(152) Pause Young (Normal) (G1 Evacuation Pause)
[2024-04-08T22:13:42.131+0800][638.889s] GC(152) Using 13 workers of 13 for evacuation
[2024-04-08T22:13:42.134+0800][638.892s] GC(152)   Pre Evacuate Collection Set: 0.3ms
[2024-04-08T22:13:42.134+0800][638.892s] GC(152)   Merge Heap Roots: 0.1ms
[2024-04-08T22:13:42.134+0800][638.892s] GC(152)   Evacuate Collection Set: 1.5ms
[2024-04-08T22:13:42.134+0800][638.892s] GC(152)   Post Evacuate Collection Set: 0.6ms
[2024-04-08T22:13:42.134+0800][638.892s] GC(152)   Other: 0.1ms
[2024-04-08T22:13:42.134+0800][638.892s] GC(152) Eden regions: 305->0(305)
[2024-04-08T22:13:42.134+0800][638.892s] GC(152) Survivor regions: 2->2(39)
[2024-04-08T22:13:42.134+0800][638.892s] GC(152) Old regions: 45->45
[2024-04-08T22:13:42.134+0800][638.892s] GC(152) Humongous regions: 4->4
[2024-04-08T22:13:42.134+0800][638.892s] GC(152) Metaspace: 67421K(68352K)->67421K(68352K) NonClass: 59831K(60352K)->59831K(60352K) Class: 7590K(8000K)->7590K(8000K)
[2024-04-08T22:13:42.134+0800][638.892s] GC(152) Pause Young (Normal) (G1 Evacuation Pause) 354M->49M(512M) 2.916ms
[2024-04-08T22:13:42.134+0800][638.892s] GC(152) User=0.00s Sys=0.00s Real=0.00s
[2024-04-08T22:13:44.181+0800][640.940s] GC(153) Pause Young (Normal) (G1 Evacuation Pause)
[2024-04-08T22:13:44.182+0800][640.940s] GC(153) Using 13 workers of 13 for evacuation
[2024-04-08T22:13:44.184+0800][640.942s] GC(153)   Pre Evacuate Collection Set: 0.3ms
[2024-04-08T22:13:44.184+0800][640.942s] GC(153)   Merge Heap Roots: 0.1ms
[2024-04-08T22:13:44.184+0800][640.942s] GC(153)   Evacuate Collection Set: 1.3ms
[2024-04-08T22:13:44.184+0800][640.942s] GC(153)   Post Evacuate Collection Set: 0.7ms
[2024-04-08T22:13:44.184+0800][640.942s] GC(153)   Other: 0.1ms
[2024-04-08T22:13:44.184+0800][640.942s] GC(153) Eden regions: 305->0(305)
[2024-04-08T22:13:44.184+0800][640.942s] GC(153) Survivor regions: 2->2(39)
[2024-04-08T22:13:44.184+0800][640.942s] GC(153) Old regions: 45->45
[2024-04-08T22:13:44.184+0800][640.942s] GC(153) Humongous regions: 4->4
[2024-04-08T22:13:44.184+0800][640.942s] GC(153) Metaspace: 67422K(68352K)->67422K(68352K) NonClass: 59831K(60352K)->59831K(60352K) Class: 7590K(8000K)->7590K(8000K)
[2024-04-08T22:13:44.184+0800][640.942s] GC(153) Pause Young (Normal) (G1 Evacuation Pause) 354M->49M(512M) 2.867ms
[2024-04-08T22:13:44.184+0800][640.942s] GC(153) User=0.00s Sys=0.02s Real=0.00s
[2024-04-08T22:13:46.251+0800][643.009s] GC(154) Pause Young (Normal) (G1 Evacuation Pause)
[2024-04-08T22:13:46.251+0800][643.009s] GC(154) Using 13 workers of 13 for evacuation
[2024-04-08T22:13:46.254+0800][643.012s] GC(154)   Pre Evacuate Collection Set: 0.2ms
[2024-04-08T22:13:46.254+0800][643.012s] GC(154)   Merge Heap Roots: 0.1ms
[2024-04-08T22:13:46.254+0800][643.012s] GC(154)   Evacuate Collection Set: 1.7ms
[2024-04-08T22:13:46.254+0800][643.012s] GC(154)   Post Evacuate Collection Set: 0.7ms
[2024-04-08T22:13:46.254+0800][643.012s] GC(154)   Other: 0.1ms
[2024-04-08T22:13:46.254+0800][643.012s] GC(154) Eden regions: 305->0(305)
[2024-04-08T22:13:46.254+0800][643.012s] GC(154) Survivor regions: 2->2(39)
[2024-04-08T22:13:46.254+0800][643.012s] GC(154) Old regions: 45->45
[2024-04-08T22:13:46.254+0800][643.012s] GC(154) Humongous regions: 4->4
[2024-04-08T22:13:46.254+0800][643.012s] GC(154) Metaspace: 67422K(68352K)->67422K(68352K) NonClass: 59831K(60352K)->59831K(60352K) Class: 7590K(8000K)->7590K(8000K)
[2024-04-08T22:13:46.254+0800][643.012s] GC(154) Pause Young (Normal) (G1 Evacuation Pause) 354M->49M(512M) 3.103ms
[2024-04-08T22:13:46.254+0800][643.012s] GC(154) User=0.00s Sys=0.00s Real=0.00s
[2024-04-08T22:13:48.237+0800][644.995s] GC(155) Pause Young (Normal) (G1 Evacuation Pause)
[2024-04-08T22:13:48.237+0800][644.995s] GC(155) Using 13 workers of 13 for evacuation
[2024-04-08T22:13:48.240+0800][644.998s] GC(155)   Pre Evacuate Collection Set: 0.1ms
[2024-04-08T22:13:48.240+0800][644.998s] GC(155)   Merge Heap Roots: 0.1ms
[2024-04-08T22:13:48.240+0800][644.998s] GC(155)   Evacuate Collection Set: 1.6ms
[2024-04-08T22:13:48.240+0800][644.998s] GC(155)   Post Evacuate Collection Set: 0.6ms
[2024-04-08T22:13:48.240+0800][644.998s] GC(155)   Other: 0.1ms
[2024-04-08T22:13:48.240+0800][644.998s] GC(155) Eden regions: 305->0(305)
[2024-04-08T22:13:48.240+0800][644.998s] GC(155) Survivor regions: 2->2(39)
[2024-04-08T22:13:48.240+0800][644.998s] GC(155) Old regions: 45->45
[2024-04-08T22:13:48.240+0800][644.998s] GC(155) Humongous regions: 4->4
[2024-04-08T22:13:48.240+0800][644.998s] GC(155) Metaspace: 67422K(68352K)->67422K(68352K) NonClass: 59831K(60352K)->59831K(60352K) Class: 7590K(8000K)->7590K(8000K)
[2024-04-08T22:13:48.240+0800][644.998s] GC(155) Pause Young (Normal) (G1 Evacuation Pause) 354M->49M(512M) 3.008ms
[2024-04-08T22:13:48.240+0800][644.998s] GC(155) User=0.00s Sys=0.00s Real=0.00s
[2024-04-08T22:13:50.365+0800][647.123s] GC(156) Pause Young (Normal) (G1 Evacuation Pause)
[2024-04-08T22:13:50.365+0800][647.123s] GC(156) Using 13 workers of 13 for evacuation
[2024-04-08T22:13:50.368+0800][647.127s] GC(156)   Pre Evacuate Collection Set: 0.3ms
[2024-04-08T22:13:50.368+0800][647.127s] GC(156)   Merge Heap Roots: 0.2ms
[2024-04-08T22:13:50.368+0800][647.127s] GC(156)   Evacuate Collection Set: 2.2ms
[2024-04-08T22:13:50.368+0800][647.127s] GC(156)   Post Evacuate Collection Set: 0.8ms
[2024-04-08T22:13:50.368+0800][647.127s] GC(156)   Other: 0.1ms
[2024-04-08T22:13:50.369+0800][647.127s] GC(156) Eden regions: 305->0(305)
[2024-04-08T22:13:50.369+0800][647.127s] GC(156) Survivor regions: 2->2(39)
[2024-04-08T22:13:50.369+0800][647.127s] GC(156) Old regions: 45->45
[2024-04-08T22:13:50.369+0800][647.127s] GC(156) Humongous regions: 4->4
[2024-04-08T22:13:50.369+0800][647.127s] GC(156) Metaspace: 67425K(68352K)->67425K(68352K) NonClass: 59834K(60352K)->59834K(60352K) Class: 7590K(8000K)->7590K(8000K)
[2024-04-08T22:13:50.369+0800][647.127s] GC(156) Pause Young (Normal) (G1 Evacuation Pause) 354M->49M(512M) 4.126ms
[2024-04-08T22:13:50.369+0800][647.127s] GC(156) User=0.02s Sys=0.00s Real=0.00s
[2024-04-08T22:13:52.617+0800][649.376s] GC(157) Pause Young (Normal) (G1 Evacuation Pause)
[2024-04-08T22:13:52.617+0800][649.376s] GC(157) Using 13 workers of 13 for evacuation
[2024-04-08T22:13:52.619+0800][649.378s] GC(157)   Pre Evacuate Collection Set: 0.2ms
[2024-04-08T22:13:52.619+0800][649.378s] GC(157)   Merge Heap Roots: 0.1ms
[2024-04-08T22:13:52.619+0800][649.378s] GC(157)   Evacuate Collection Set: 1.5ms
[2024-04-08T22:13:52.619+0800][649.378s] GC(157)   Post Evacuate Collection Set: 0.6ms
[2024-04-08T22:13:52.619+0800][649.378s] GC(157)   Other: 0.1ms
[2024-04-08T22:13:52.620+0800][649.378s] GC(157) Eden regions: 305->0(305)
[2024-04-08T22:13:52.620+0800][649.378s] GC(157) Survivor regions: 2->2(39)
[2024-04-08T22:13:52.620+0800][649.378s] GC(157) Old regions: 45->45
[2024-04-08T22:13:52.620+0800][649.378s] GC(157) Humongous regions: 4->4
[2024-04-08T22:13:52.620+0800][649.378s] GC(157) Metaspace: 67425K(68352K)->67425K(68352K) NonClass: 59834K(60352K)->59834K(60352K) Class: 7590K(8000K)->7590K(8000K)
[2024-04-08T22:13:52.620+0800][649.378s] GC(157) Pause Young (Normal) (G1 Evacuation Pause) 354M->49M(512M) 2.893ms
[2024-04-08T22:13:52.620+0800][649.379s] GC(157) User=0.03s Sys=0.00s Real=0.00s
[2024-04-08T22:13:55.961+0800][652.720s] GC(158) Pause Young (Normal) (G1 Evacuation Pause)
[2024-04-08T22:13:55.961+0800][652.720s] GC(158) Using 13 workers of 13 for evacuation
[2024-04-08T22:13:55.963+0800][652.722s] GC(158)   Pre Evacuate Collection Set: 0.3ms
[2024-04-08T22:13:55.963+0800][652.722s] GC(158)   Merge Heap Roots: 0.2ms
[2024-04-08T22:13:55.963+0800][652.722s] GC(158)   Evacuate Collection Set: 1.4ms
[2024-04-08T22:13:55.964+0800][652.722s] GC(158)   Post Evacuate Collection Set: 0.6ms
[2024-04-08T22:13:55.964+0800][652.722s] GC(158)   Other: 0.1ms
[2024-04-08T22:13:55.964+0800][652.722s] GC(158) Eden regions: 305->0(305)
[2024-04-08T22:13:55.964+0800][652.722s] GC(158) Survivor regions: 2->2(39)
[2024-04-08T22:13:55.964+0800][652.722s] GC(158) Old regions: 45->45
[2024-04-08T22:13:55.964+0800][652.722s] GC(158) Humongous regions: 4->4
[2024-04-08T22:13:55.964+0800][652.722s] GC(158) Metaspace: 67430K(68352K)->67430K(68352K) NonClass: 59839K(60352K)->59839K(60352K) Class: 7590K(8000K)->7590K(8000K)
[2024-04-08T22:13:55.964+0800][652.722s] GC(158) Pause Young (Normal) (G1 Evacuation Pause) 354M->49M(512M) 2.910ms
[2024-04-08T22:13:55.964+0800][652.722s] GC(158) User=0.03s Sys=0.00s Real=0.00s
[2024-04-08T22:13:58.676+0800][655.435s] GC(159) Pause Young (Normal) (G1 Evacuation Pause)
[2024-04-08T22:13:58.676+0800][655.435s] GC(159) Using 13 workers of 13 for evacuation
[2024-04-08T22:13:58.680+0800][655.439s] GC(159)   Pre Evacuate Collection Set: 0.4ms
[2024-04-08T22:13:58.680+0800][655.439s] GC(159)   Merge Heap Roots: 0.3ms
[2024-04-08T22:13:58.680+0800][655.439s] GC(159)   Evacuate Collection Set: 2.2ms
[2024-04-08T22:13:58.680+0800][655.439s] GC(159)   Post Evacuate Collection Set: 1.0ms
[2024-04-08T22:13:58.680+0800][655.439s] GC(159)   Other: 0.1ms
[2024-04-08T22:13:58.680+0800][655.439s] GC(159) Eden regions: 305->0(305)
[2024-04-08T22:13:58.680+0800][655.439s] GC(159) Survivor regions: 2->2(39)
[2024-04-08T22:13:58.680+0800][655.439s] GC(159) Old regions: 45->45
[2024-04-08T22:13:58.680+0800][655.439s] GC(159) Humongous regions: 4->4
[2024-04-08T22:13:58.680+0800][655.439s] GC(159) Metaspace: 67435K(68352K)->67435K(68352K) NonClass: 59844K(60352K)->59844K(60352K) Class: 7590K(8000K)->7590K(8000K)
[2024-04-08T22:13:58.680+0800][655.439s] GC(159) Pause Young (Normal) (G1 Evacuation Pause) 354M->50M(512M) 4.394ms
[2024-04-08T22:13:58.680+0800][655.439s] GC(159) User=0.00s Sys=0.00s Real=0.00s
[2024-04-08T22:14:01.653+0800][658.412s] GC(160) Pause Young (Normal) (G1 Evacuation Pause)
[2024-04-08T22:14:01.653+0800][658.412s] GC(160) Using 13 workers of 13 for evacuation
[2024-04-08T22:14:01.656+0800][658.414s] GC(160)   Pre Evacuate Collection Set: 0.1ms
[2024-04-08T22:14:01.656+0800][658.414s] GC(160)   Merge Heap Roots: 0.1ms
[2024-04-08T22:14:01.656+0800][658.414s] GC(160)   Evacuate Collection Set: 1.4ms
[2024-04-08T22:14:01.656+0800][658.414s] GC(160)   Post Evacuate Collection Set: 0.5ms
[2024-04-08T22:14:01.656+0800][658.415s] GC(160)   Other: 0.1ms
[2024-04-08T22:14:01.656+0800][658.415s] GC(160) Eden regions: 305->0(305)
[2024-04-08T22:14:01.656+0800][658.415s] GC(160) Survivor regions: 2->2(39)
[2024-04-08T22:14:01.656+0800][658.415s] GC(160) Old regions: 45->45
[2024-04-08T22:14:01.656+0800][658.415s] GC(160) Humongous regions: 4->4
[2024-04-08T22:14:01.656+0800][658.415s] GC(160) Metaspace: 67435K(68352K)->67435K(68352K) NonClass: 59844K(60352K)->59844K(60352K) Class: 7590K(8000K)->7590K(8000K)
[2024-04-08T22:14:01.656+0800][658.415s] GC(160) Pause Young (Normal) (G1 Evacuation Pause) 355M->49M(512M) 2.660ms
[2024-04-08T22:14:01.656+0800][658.415s] GC(160) User=0.00s Sys=0.00s Real=0.00s
[2024-04-08T22:14:04.389+0800][661.148s] GC(161) Pause Young (Normal) (G1 Evacuation Pause)
[2024-04-08T22:14:04.389+0800][661.148s] GC(161) Using 13 workers of 13 for evacuation
[2024-04-08T22:14:04.394+0800][661.152s] GC(161)   Pre Evacuate Collection Set: 0.2ms
[2024-04-08T22:14:04.394+0800][661.152s] GC(161)   Merge Heap Roots: 0.2ms
[2024-04-08T22:14:04.394+0800][661.152s] GC(161)   Evacuate Collection Set: 2.9ms
[2024-04-08T22:14:04.394+0800][661.152s] GC(161)   Post Evacuate Collection Set: 0.9ms
[2024-04-08T22:14:04.394+0800][661.153s] GC(161)   Other: 0.2ms
[2024-04-08T22:14:04.394+0800][661.153s] GC(161) Eden regions: 305->0(305)
[2024-04-08T22:14:04.394+0800][661.153s] GC(161) Survivor regions: 2->2(39)
[2024-04-08T22:14:04.394+0800][661.153s] GC(161) Old regions: 45->45
[2024-04-08T22:14:04.394+0800][661.153s] GC(161) Humongous regions: 4->4
[2024-04-08T22:14:04.394+0800][661.153s] GC(161) Metaspace: 67437K(68352K)->67437K(68352K) NonClass: 59846K(60352K)->59846K(60352K) Class: 7590K(8000K)->7590K(8000K)
[2024-04-08T22:14:04.394+0800][661.153s] GC(161) Pause Young (Normal) (G1 Evacuation Pause) 354M->49M(512M) 4.845ms
[2024-04-08T22:14:04.394+0800][661.153s] GC(161) User=0.00s Sys=0.00s Real=0.01s
[2024-04-08T22:14:07.438+0800][664.196s] GC(162) Pause Young (Normal) (G1 Evacuation Pause)
[2024-04-08T22:14:07.438+0800][664.196s] GC(162) Using 13 workers of 13 for evacuation
[2024-04-08T22:14:07.440+0800][664.199s] GC(162)   Pre Evacuate Collection Set: 0.2ms
[2024-04-08T22:14:07.440+0800][664.199s] GC(162)   Merge Heap Roots: 0.1ms
[2024-04-08T22:14:07.440+0800][664.199s] GC(162)   Evacuate Collection Set: 1.6ms
[2024-04-08T22:14:07.440+0800][664.199s] GC(162)   Post Evacuate Collection Set: 0.7ms
[2024-04-08T22:14:07.440+0800][664.199s] GC(162)   Other: 0.1ms
[2024-04-08T22:14:07.440+0800][664.199s] GC(162) Eden regions: 305->0(304)
[2024-04-08T22:14:07.440+0800][664.199s] GC(162) Survivor regions: 2->3(39)
[2024-04-08T22:14:07.440+0800][664.199s] GC(162) Old regions: 45->45
[2024-04-08T22:14:07.441+0800][664.199s] GC(162) Humongous regions: 4->4
[2024-04-08T22:14:07.441+0800][664.199s] GC(162) Metaspace: 67437K(68352K)->67437K(68352K) NonClass: 59846K(60352K)->59846K(60352K) Class: 7590K(8000K)->7590K(8000K)
[2024-04-08T22:14:07.441+0800][664.199s] GC(162) Pause Young (Normal) (G1 Evacuation Pause) 354M->50M(512M) 3.070ms
[2024-04-08T22:14:07.441+0800][664.199s] GC(162) User=0.00s Sys=0.00s Real=0.00s
[2024-04-08T22:14:10.199+0800][666.958s] GC(163) Pause Young (Normal) (G1 Evacuation Pause)
[2024-04-08T22:14:10.199+0800][666.958s] GC(163) Using 13 workers of 13 for evacuation
[2024-04-08T22:14:10.204+0800][666.962s] GC(163)   Pre Evacuate Collection Set: 0.3ms
[2024-04-08T22:14:10.204+0800][666.962s] GC(163)   Merge Heap Roots: 0.2ms
[2024-04-08T22:14:10.204+0800][666.962s] GC(163)   Evacuate Collection Set: 2.7ms
[2024-04-08T22:14:10.204+0800][666.962s] GC(163)   Post Evacuate Collection Set: 1.0ms
[2024-04-08T22:14:10.204+0800][666.963s] GC(163)   Other: 0.2ms
[2024-04-08T22:14:10.204+0800][666.963s] GC(163) Eden regions: 304->0(305)
[2024-04-08T22:14:10.204+0800][666.963s] GC(163) Survivor regions: 3->2(39)
[2024-04-08T22:14:10.204+0800][666.963s] GC(163) Old regions: 45->45
[2024-04-08T22:14:10.204+0800][666.963s] GC(163) Humongous regions: 4->4
[2024-04-08T22:14:10.204+0800][666.963s] GC(163) Metaspace: 67437K(68352K)->67437K(68352K) NonClass: 59846K(60352K)->59846K(60352K) Class: 7590K(8000K)->7590K(8000K)
[2024-04-08T22:14:10.204+0800][666.963s] GC(163) Pause Young (Normal) (G1 Evacuation Pause) 354M->49M(512M) 5.392ms
[2024-04-08T22:14:10.205+0800][666.963s] GC(163) User=0.00s Sys=0.00s Real=0.01s
[2024-04-08T22:14:13.391+0800][670.150s] GC(164) Pause Young (Normal) (G1 Evacuation Pause)
[2024-04-08T22:14:13.391+0800][670.150s] GC(164) Using 13 workers of 13 for evacuation
[2024-04-08T22:14:13.396+0800][670.154s] GC(164)   Pre Evacuate Collection Set: 0.3ms
[2024-04-08T22:14:13.396+0800][670.154s] GC(164)   Merge Heap Roots: 0.2ms
[2024-04-08T22:14:13.396+0800][670.154s] GC(164)   Evacuate Collection Set: 2.8ms
[2024-04-08T22:14:13.396+0800][670.154s] GC(164)   Post Evacuate Collection Set: 1.0ms
[2024-04-08T22:14:13.396+0800][670.155s] GC(164)   Other: 0.2ms
[2024-04-08T22:14:13.396+0800][670.155s] GC(164) Eden regions: 305->0(305)
[2024-04-08T22:14:13.396+0800][670.155s] GC(164) Survivor regions: 2->2(39)
[2024-04-08T22:14:13.396+0800][670.155s] GC(164) Old regions: 45->45
[2024-04-08T22:14:13.396+0800][670.155s] GC(164) Humongous regions: 4->4
[2024-04-08T22:14:13.396+0800][670.155s] GC(164) Metaspace: 67437K(68352K)->67437K(68352K) NonClass: 59846K(60352K)->59846K(60352K) Class: 7590K(8000K)->7590K(8000K)
[2024-04-08T22:14:13.396+0800][670.155s] GC(164) Pause Young (Normal) (G1 Evacuation Pause) 354M->49M(512M) 5.115ms
[2024-04-08T22:14:13.396+0800][670.155s] GC(164) User=0.00s Sys=0.00s Real=0.00s
[2024-04-08T22:14:16.624+0800][673.383s] GC(165) Pause Young (Normal) (G1 Evacuation Pause)
[2024-04-08T22:14:16.625+0800][673.383s] GC(165) Using 13 workers of 13 for evacuation
[2024-04-08T22:14:16.631+0800][673.390s] GC(165)   Pre Evacuate Collection Set: 0.4ms
[2024-04-08T22:14:16.631+0800][673.390s] GC(165)   Merge Heap Roots: 0.2ms
[2024-04-08T22:14:16.631+0800][673.390s] GC(165)   Evacuate Collection Set: 4.0ms
[2024-04-08T22:14:16.631+0800][673.390s] GC(165)   Post Evacuate Collection Set: 1.8ms
[2024-04-08T22:14:16.632+0800][673.390s] GC(165)   Other: 0.2ms
[2024-04-08T22:14:16.632+0800][673.390s] GC(165) Eden regions: 305->0(305)
[2024-04-08T22:14:16.632+0800][673.390s] GC(165) Survivor regions: 2->2(39)
[2024-04-08T22:14:16.632+0800][673.390s] GC(165) Old regions: 45->45
[2024-04-08T22:14:16.632+0800][673.390s] GC(165) Humongous regions: 4->4
[2024-04-08T22:14:16.632+0800][673.391s] GC(165) Metaspace: 67437K(68352K)->67437K(68352K) NonClass: 59846K(60352K)->59846K(60352K) Class: 7590K(8000K)->7590K(8000K)
[2024-04-08T22:14:16.632+0800][673.391s] GC(165) Pause Young (Normal) (G1 Evacuation Pause) 354M->49M(512M) 7.495ms
[2024-04-08T22:14:16.632+0800][673.391s] GC(165) User=0.00s Sys=0.00s Real=0.01s
[2024-04-08T22:14:19.499+0800][676.258s] GC(166) Pause Young (Normal) (G1 Evacuation Pause)
[2024-04-08T22:14:19.499+0800][676.258s] GC(166) Using 13 workers of 13 for evacuation
[2024-04-08T22:14:19.503+0800][676.262s] GC(166)   Pre Evacuate Collection Set: 0.3ms
[2024-04-08T22:14:19.503+0800][676.262s] GC(166)   Merge Heap Roots: 0.1ms
[2024-04-08T22:14:19.503+0800][676.262s] GC(166)   Evacuate Collection Set: 2.6ms
[2024-04-08T22:14:19.503+0800][676.262s] GC(166)   Post Evacuate Collection Set: 0.6ms
[2024-04-08T22:14:19.503+0800][676.262s] GC(166)   Other: 0.1ms
[2024-04-08T22:14:19.503+0800][676.262s] GC(166) Eden regions: 305->0(305)
[2024-04-08T22:14:19.503+0800][676.262s] GC(166) Survivor regions: 2->2(39)
[2024-04-08T22:14:19.503+0800][676.262s] GC(166) Old regions: 45->45
[2024-04-08T22:14:19.503+0800][676.262s] GC(166) Humongous regions: 4->4
[2024-04-08T22:14:19.503+0800][676.262s] GC(166) Metaspace: 67437K(68352K)->67437K(68352K) NonClass: 59846K(60352K)->59846K(60352K) Class: 7590K(8000K)->7590K(8000K)
[2024-04-08T22:14:19.503+0800][676.262s] GC(166) Pause Young (Normal) (G1 Evacuation Pause) 354M->49M(512M) 4.090ms
[2024-04-08T22:14:19.503+0800][676.262s] GC(166) User=0.00s Sys=0.00s Real=0.00s
[2024-04-08T22:14:22.454+0800][679.213s] GC(167) Pause Young (Normal) (G1 Evacuation Pause)
[2024-04-08T22:14:22.455+0800][679.213s] GC(167) Using 13 workers of 13 for evacuation
[2024-04-08T22:14:22.460+0800][679.219s] GC(167)   Pre Evacuate Collection Set: 0.5ms
[2024-04-08T22:14:22.460+0800][679.219s] GC(167)   Merge Heap Roots: 0.2ms
[2024-04-08T22:14:22.460+0800][679.219s] GC(167)   Evacuate Collection Set: 3.0ms
[2024-04-08T22:14:22.460+0800][679.219s] GC(167)   Post Evacuate Collection Set: 1.4ms
[2024-04-08T22:14:22.460+0800][679.219s] GC(167)   Other: 0.3ms
[2024-04-08T22:14:22.460+0800][679.219s] GC(167) Eden regions: 305->0(305)
[2024-04-08T22:14:22.460+0800][679.219s] GC(167) Survivor regions: 2->2(39)
[2024-04-08T22:14:22.460+0800][679.219s] GC(167) Old regions: 45->45
[2024-04-08T22:14:22.460+0800][679.219s] GC(167) Humongous regions: 4->4
[2024-04-08T22:14:22.460+0800][679.219s] GC(167) Metaspace: 67437K(68352K)->67437K(68352K) NonClass: 59846K(60352K)->59846K(60352K) Class: 7590K(8000K)->7590K(8000K)
[2024-04-08T22:14:22.461+0800][679.219s] GC(167) Pause Young (Normal) (G1 Evacuation Pause) 354M->50M(512M) 6.145ms
[2024-04-08T22:14:22.461+0800][679.219s] GC(167) User=0.00s Sys=0.00s Real=0.01s
[2024-04-08T22:14:25.443+0800][682.201s] GC(168) Pause Young (Normal) (G1 Evacuation Pause)
[2024-04-08T22:14:25.443+0800][682.201s] GC(168) Using 13 workers of 13 for evacuation
[2024-04-08T22:14:25.448+0800][682.206s] GC(168)   Pre Evacuate Collection Set: 0.3ms
[2024-04-08T22:14:25.448+0800][682.206s] GC(168)   Merge Heap Roots: 0.2ms
[2024-04-08T22:14:25.448+0800][682.206s] GC(168)   Evacuate Collection Set: 3.0ms
[2024-04-08T22:14:25.448+0800][682.206s] GC(168)   Post Evacuate Collection Set: 1.0ms
[2024-04-08T22:14:25.448+0800][682.206s] GC(168)   Other: 0.2ms
[2024-04-08T22:14:25.448+0800][682.206s] GC(168) Eden regions: 305->0(305)
[2024-04-08T22:14:25.448+0800][682.207s] GC(168) Survivor regions: 2->2(39)
[2024-04-08T22:14:25.448+0800][682.207s] GC(168) Old regions: 45->45
[2024-04-08T22:14:25.448+0800][682.207s] GC(168) Humongous regions: 4->4
[2024-04-08T22:14:25.448+0800][682.207s] GC(168) Metaspace: 67437K(68352K)->67437K(68352K) NonClass: 59846K(60352K)->59846K(60352K) Class: 7590K(8000K)->7590K(8000K)
[2024-04-08T22:14:25.449+0800][682.207s] GC(168) Pause Young (Normal) (G1 Evacuation Pause) 355M->49M(512M) 5.547ms
[2024-04-08T22:14:25.449+0800][682.207s] GC(168) User=0.00s Sys=0.02s Real=0.01s
[2024-04-08T22:14:28.313+0800][685.071s] GC(169) Pause Young (Normal) (G1 Evacuation Pause)
[2024-04-08T22:14:28.313+0800][685.072s] GC(169) Using 13 workers of 13 for evacuation
[2024-04-08T22:14:28.316+0800][685.075s] GC(169)   Pre Evacuate Collection Set: 0.2ms
[2024-04-08T22:14:28.316+0800][685.075s] GC(169)   Merge Heap Roots: 0.1ms
[2024-04-08T22:14:28.316+0800][685.075s] GC(169)   Evacuate Collection Set: 1.8ms
[2024-04-08T22:14:28.316+0800][685.075s] GC(169)   Post Evacuate Collection Set: 0.7ms
[2024-04-08T22:14:28.316+0800][685.075s] GC(169)   Other: 0.2ms
[2024-04-08T22:14:28.317+0800][685.075s] GC(169) Eden regions: 305->0(305)
[2024-04-08T22:14:28.317+0800][685.075s] GC(169) Survivor regions: 2->2(39)
[2024-04-08T22:14:28.317+0800][685.075s] GC(169) Old regions: 45->45
[2024-04-08T22:14:28.317+0800][685.075s] GC(169) Humongous regions: 4->4
[2024-04-08T22:14:28.317+0800][685.075s] GC(169) Metaspace: 67437K(68352K)->67437K(68352K) NonClass: 59846K(60352K)->59846K(60352K) Class: 7590K(8000K)->7590K(8000K)
[2024-04-08T22:14:28.317+0800][685.075s] GC(169) Pause Young (Normal) (G1 Evacuation Pause) 354M->49M(512M) 3.530ms
[2024-04-08T22:14:28.317+0800][685.075s] GC(169) User=0.00s Sys=0.00s Real=0.00s
[2024-04-08T22:14:31.468+0800][688.226s] GC(170) Pause Young (Normal) (G1 Evacuation Pause)
[2024-04-08T22:14:31.468+0800][688.226s] GC(170) Using 13 workers of 13 for evacuation
[2024-04-08T22:14:31.472+0800][688.230s] GC(170)   Pre Evacuate Collection Set: 0.4ms
[2024-04-08T22:14:31.472+0800][688.230s] GC(170)   Merge Heap Roots: 0.2ms
[2024-04-08T22:14:31.472+0800][688.230s] GC(170)   Evacuate Collection Set: 2.4ms
[2024-04-08T22:14:31.472+0800][688.230s] GC(170)   Post Evacuate Collection Set: 0.9ms
[2024-04-08T22:14:31.472+0800][688.230s] GC(170)   Other: 0.2ms
[2024-04-08T22:14:31.472+0800][688.230s] GC(170) Eden regions: 305->0(305)
[2024-04-08T22:14:31.472+0800][688.230s] GC(170) Survivor regions: 2->2(39)
[2024-04-08T22:14:31.472+0800][688.231s] GC(170) Old regions: 45->45
[2024-04-08T22:14:31.472+0800][688.231s] GC(170) Humongous regions: 4->4
[2024-04-08T22:14:31.472+0800][688.231s] GC(170) Metaspace: 67437K(68352K)->67437K(68352K) NonClass: 59846K(60352K)->59846K(60352K) Class: 7590K(8000K)->7590K(8000K)
[2024-04-08T22:14:31.472+0800][688.231s] GC(170) Pause Young (Normal) (G1 Evacuation Pause) 354M->50M(512M) 4.476ms
[2024-04-08T22:14:31.472+0800][688.231s] GC(170) User=0.00s Sys=0.00s Real=0.00s
[2024-04-08T22:14:34.285+0800][691.043s] GC(171) Pause Young (Normal) (G1 Evacuation Pause)
[2024-04-08T22:14:34.285+0800][691.043s] GC(171) Using 13 workers of 13 for evacuation
[2024-04-08T22:14:34.289+0800][691.048s] GC(171)   Pre Evacuate Collection Set: 0.4ms
[2024-04-08T22:14:34.290+0800][691.048s] GC(171)   Merge Heap Roots: 0.2ms
[2024-04-08T22:14:34.290+0800][691.048s] GC(171)   Evacuate Collection Set: 2.5ms
[2024-04-08T22:14:34.290+0800][691.048s] GC(171)   Post Evacuate Collection Set: 1.0ms
[2024-04-08T22:14:34.290+0800][691.048s] GC(171)   Other: 0.2ms
[2024-04-08T22:14:34.290+0800][691.048s] GC(171) Eden regions: 305->0(305)
[2024-04-08T22:14:34.290+0800][691.048s] GC(171) Survivor regions: 2->2(39)
[2024-04-08T22:14:34.290+0800][691.048s] GC(171) Old regions: 45->45
[2024-04-08T22:14:34.290+0800][691.048s] GC(171) Humongous regions: 4->4
[2024-04-08T22:14:34.290+0800][691.048s] GC(171) Metaspace: 67437K(68352K)->67437K(68352K) NonClass: 59846K(60352K)->59846K(60352K) Class: 7590K(8000K)->7590K(8000K)
[2024-04-08T22:14:34.290+0800][691.048s] GC(171) Pause Young (Normal) (G1 Evacuation Pause) 355M->50M(512M) 4.705ms
[2024-04-08T22:14:34.290+0800][691.048s] GC(171) User=0.00s Sys=0.00s Real=0.00s
[2024-04-08T22:14:36.968+0800][693.726s] GC(172) Pause Young (Normal) (G1 Evacuation Pause)
[2024-04-08T22:14:36.968+0800][693.726s] GC(172) Using 13 workers of 13 for evacuation
[2024-04-08T22:14:36.971+0800][693.730s] GC(172)   Pre Evacuate Collection Set: 0.2ms
[2024-04-08T22:14:36.972+0800][693.730s] GC(172)   Merge Heap Roots: 0.1ms
[2024-04-08T22:14:36.972+0800][693.730s] GC(172)   Evacuate Collection Set: 2.2ms
[2024-04-08T22:14:36.972+0800][693.730s] GC(172)   Post Evacuate Collection Set: 0.7ms
[2024-04-08T22:14:36.972+0800][693.730s] GC(172)   Other: 0.2ms
[2024-04-08T22:14:36.972+0800][693.730s] GC(172) Eden regions: 305->0(305)
[2024-04-08T22:14:36.972+0800][693.730s] GC(172) Survivor regions: 2->2(39)
[2024-04-08T22:14:36.972+0800][693.730s] GC(172) Old regions: 45->45
[2024-04-08T22:14:36.972+0800][693.730s] GC(172) Humongous regions: 4->4
[2024-04-08T22:14:36.972+0800][693.730s] GC(172) Metaspace: 67437K(68352K)->67437K(68352K) NonClass: 59846K(60352K)->59846K(60352K) Class: 7590K(8000K)->7590K(8000K)
[2024-04-08T22:14:36.972+0800][693.730s] GC(172) Pause Young (Normal) (G1 Evacuation Pause) 355M->50M(512M) 4.005ms
[2024-04-08T22:14:36.972+0800][693.730s] GC(172) User=0.00s Sys=0.00s Real=0.00s
[2024-04-08T22:14:40.087+0800][696.845s] GC(173) Pause Young (Normal) (G1 Evacuation Pause)
[2024-04-08T22:14:40.087+0800][696.845s] GC(173) Using 13 workers of 13 for evacuation
[2024-04-08T22:14:40.090+0800][696.848s] GC(173)   Pre Evacuate Collection Set: 0.2ms
[2024-04-08T22:14:40.090+0800][696.848s] GC(173)   Merge Heap Roots: 0.1ms
[2024-04-08T22:14:40.090+0800][696.848s] GC(173)   Evacuate Collection Set: 2.0ms
[2024-04-08T22:14:40.090+0800][696.848s] GC(173)   Post Evacuate Collection Set: 0.7ms
[2024-04-08T22:14:40.090+0800][696.848s] GC(173)   Other: 0.1ms
[2024-04-08T22:14:40.090+0800][696.848s] GC(173) Eden regions: 305->0(305)
[2024-04-08T22:14:40.090+0800][696.848s] GC(173) Survivor regions: 2->2(39)
[2024-04-08T22:14:40.090+0800][696.848s] GC(173) Old regions: 45->45
[2024-04-08T22:14:40.090+0800][696.848s] GC(173) Humongous regions: 4->4
[2024-04-08T22:14:40.090+0800][696.848s] GC(173) Metaspace: 67437K(68352K)->67437K(68352K) NonClass: 59846K(60352K)->59846K(60352K) Class: 7590K(8000K)->7590K(8000K)
[2024-04-08T22:14:40.090+0800][696.848s] GC(173) Pause Young (Normal) (G1 Evacuation Pause) 355M->50M(512M) 3.457ms
[2024-04-08T22:14:40.090+0800][696.849s] GC(173) User=0.11s Sys=0.00s Real=0.00s
[2024-04-08T22:14:43.101+0800][699.859s] GC(174) Pause Young (Normal) (G1 Evacuation Pause)
[2024-04-08T22:14:43.101+0800][699.860s] GC(174) Using 13 workers of 13 for evacuation
[2024-04-08T22:14:43.104+0800][699.862s] GC(174)   Pre Evacuate Collection Set: 0.2ms
[2024-04-08T22:14:43.104+0800][699.863s] GC(174)   Merge Heap Roots: 0.1ms
[2024-04-08T22:14:43.104+0800][699.863s] GC(174)   Evacuate Collection Set: 1.9ms
[2024-04-08T22:14:43.104+0800][699.863s] GC(174)   Post Evacuate Collection Set: 0.5ms
[2024-04-08T22:14:43.104+0800][699.863s] GC(174)   Other: 0.1ms
[2024-04-08T22:14:43.105+0800][699.863s] GC(174) Eden regions: 305->0(305)
[2024-04-08T22:14:43.105+0800][699.863s] GC(174) Survivor regions: 2->2(39)
[2024-04-08T22:14:43.105+0800][699.863s] GC(174) Old regions: 45->45
[2024-04-08T22:14:43.105+0800][699.863s] GC(174) Humongous regions: 4->4
[2024-04-08T22:14:43.105+0800][699.863s] GC(174) Metaspace: 67438K(68352K)->67438K(68352K) NonClass: 59847K(60352K)->59847K(60352K) Class: 7590K(8000K)->7590K(8000K)
[2024-04-08T22:14:43.105+0800][699.863s] GC(174) Pause Young (Normal) (G1 Evacuation Pause) 355M->49M(512M) 3.338ms
[2024-04-08T22:14:43.105+0800][699.863s] GC(174) User=0.03s Sys=0.00s Real=0.00s
[2024-04-08T22:14:46.492+0800][703.250s] GC(175) Pause Young (Normal) (G1 Evacuation Pause)
[2024-04-08T22:14:46.492+0800][703.250s] GC(175) Using 13 workers of 13 for evacuation
[2024-04-08T22:14:46.494+0800][703.252s] GC(175)   Pre Evacuate Collection Set: 0.1ms
[2024-04-08T22:14:46.494+0800][703.252s] GC(175)   Merge Heap Roots: 0.1ms
[2024-04-08T22:14:46.494+0800][703.252s] GC(175)   Evacuate Collection Set: 1.4ms
[2024-04-08T22:14:46.494+0800][703.252s] GC(175)   Post Evacuate Collection Set: 0.6ms
[2024-04-08T22:14:46.494+0800][703.252s] GC(175)   Other: 0.1ms
[2024-04-08T22:14:46.494+0800][703.252s] GC(175) Eden regions: 305->0(305)
[2024-04-08T22:14:46.494+0800][703.252s] GC(175) Survivor regions: 2->2(39)
[2024-04-08T22:14:46.494+0800][703.252s] GC(175) Old regions: 45->45
[2024-04-08T22:14:46.494+0800][703.252s] GC(175) Humongous regions: 4->4
[2024-04-08T22:14:46.494+0800][703.252s] GC(175) Metaspace: 67459K(68352K)->67459K(68352K) NonClass: 59868K(60352K)->59868K(60352K) Class: 7590K(8000K)->7590K(8000K)
[2024-04-08T22:14:46.494+0800][703.253s] GC(175) Pause Young (Normal) (G1 Evacuation Pause) 354M->50M(512M) 2.821ms
[2024-04-08T22:14:46.494+0800][703.253s] GC(175) User=0.00s Sys=0.00s Real=0.00s
[2024-04-08T22:14:49.254+0800][706.012s] GC(176) Pause Young (Normal) (G1 Evacuation Pause)
[2024-04-08T22:14:49.254+0800][706.012s] GC(176) Using 13 workers of 13 for evacuation
[2024-04-08T22:14:49.257+0800][706.015s] GC(176)   Pre Evacuate Collection Set: 0.2ms
[2024-04-08T22:14:49.257+0800][706.015s] GC(176)   Merge Heap Roots: 0.1ms
[2024-04-08T22:14:49.257+0800][706.015s] GC(176)   Evacuate Collection Set: 1.7ms
[2024-04-08T22:14:49.257+0800][706.015s] GC(176)   Post Evacuate Collection Set: 0.6ms
[2024-04-08T22:14:49.257+0800][706.015s] GC(176)   Other: 0.1ms
[2024-04-08T22:14:49.257+0800][706.015s] GC(176) Eden regions: 305->0(305)
[2024-04-08T22:14:49.257+0800][706.015s] GC(176) Survivor regions: 2->2(39)
[2024-04-08T22:14:49.257+0800][706.015s] GC(176) Old regions: 45->45
[2024-04-08T22:14:49.257+0800][706.015s] GC(176) Humongous regions: 4->4
[2024-04-08T22:14:49.257+0800][706.015s] GC(176) Metaspace: 67459K(68352K)->67459K(68352K) NonClass: 59868K(60352K)->59868K(60352K) Class: 7590K(8000K)->7590K(8000K)
[2024-04-08T22:14:49.257+0800][706.015s] GC(176) Pause Young (Normal) (G1 Evacuation Pause) 355M->50M(512M) 3.047ms
[2024-04-08T22:14:49.257+0800][706.015s] GC(176) User=0.00s Sys=0.00s Real=0.00s
[2024-04-08T22:14:52.143+0800][708.901s] GC(177) Pause Young (Normal) (G1 Evacuation Pause)
[2024-04-08T22:14:52.143+0800][708.901s] GC(177) Using 13 workers of 13 for evacuation
[2024-04-08T22:14:52.146+0800][708.904s] GC(177)   Pre Evacuate Collection Set: 0.2ms
[2024-04-08T22:14:52.146+0800][708.904s] GC(177)   Merge Heap Roots: 0.1ms
[2024-04-08T22:14:52.146+0800][708.904s] GC(177)   Evacuate Collection Set: 1.7ms
[2024-04-08T22:14:52.146+0800][708.904s] GC(177)   Post Evacuate Collection Set: 0.6ms
[2024-04-08T22:14:52.146+0800][708.904s] GC(177)   Other: 0.1ms
[2024-04-08T22:14:52.146+0800][708.904s] GC(177) Eden regions: 305->0(305)
[2024-04-08T22:14:52.146+0800][708.904s] GC(177) Survivor regions: 2->2(39)
[2024-04-08T22:14:52.146+0800][708.904s] GC(177) Old regions: 45->45
[2024-04-08T22:14:52.146+0800][708.904s] GC(177) Humongous regions: 4->4
[2024-04-08T22:14:52.146+0800][708.904s] GC(177) Metaspace: 67476K(68352K)->67476K(68352K) NonClass: 59880K(60352K)->59880K(60352K) Class: 7595K(8000K)->7595K(8000K)
[2024-04-08T22:14:52.146+0800][708.904s] GC(177) Pause Young (Normal) (G1 Evacuation Pause) 355M->50M(512M) 3.244ms
[2024-04-08T22:14:52.146+0800][708.905s] GC(177) User=0.00s Sys=0.00s Real=0.00s
[2024-04-08T22:14:54.895+0800][711.654s] GC(178) Pause Young (Normal) (G1 Evacuation Pause)
[2024-04-08T22:14:54.895+0800][711.654s] GC(178) Using 13 workers of 13 for evacuation
[2024-04-08T22:14:54.899+0800][711.657s] GC(178)   Pre Evacuate Collection Set: 0.3ms
[2024-04-08T22:14:54.899+0800][711.657s] GC(178)   Merge Heap Roots: 0.2ms
[2024-04-08T22:14:54.899+0800][711.657s] GC(178)   Evacuate Collection Set: 1.8ms
[2024-04-08T22:14:54.899+0800][711.657s] GC(178)   Post Evacuate Collection Set: 0.9ms
[2024-04-08T22:14:54.899+0800][711.658s] GC(178)   Other: 0.2ms
[2024-04-08T22:14:54.899+0800][711.658s] GC(178) Eden regions: 305->0(305)
[2024-04-08T22:14:54.899+0800][711.658s] GC(178) Survivor regions: 2->2(39)
[2024-04-08T22:14:54.899+0800][711.658s] GC(178) Old regions: 45->45
[2024-04-08T22:14:54.899+0800][711.658s] GC(178) Humongous regions: 4->4
[2024-04-08T22:14:54.899+0800][711.658s] GC(178) Metaspace: 67476K(68352K)->67476K(68352K) NonClass: 59880K(60352K)->59880K(60352K) Class: 7595K(8000K)->7595K(8000K)
[2024-04-08T22:14:54.899+0800][711.658s] GC(178) Pause Young (Normal) (G1 Evacuation Pause) 355M->50M(512M) 3.989ms
[2024-04-08T22:14:54.899+0800][711.658s] GC(178) User=0.00s Sys=0.00s Real=0.00s
[2024-04-08T22:14:57.948+0800][714.707s] GC(179) Pause Young (Normal) (G1 Evacuation Pause)
[2024-04-08T22:14:57.949+0800][714.707s] GC(179) Using 13 workers of 13 for evacuation
[2024-04-08T22:14:57.953+0800][714.712s] GC(179)   Pre Evacuate Collection Set: 0.4ms
[2024-04-08T22:14:57.954+0800][714.712s] GC(179)   Merge Heap Roots: 0.2ms
[2024-04-08T22:14:57.954+0800][714.712s] GC(179)   Evacuate Collection Set: 2.9ms
[2024-04-08T22:14:57.954+0800][714.712s] GC(179)   Post Evacuate Collection Set: 1.0ms
[2024-04-08T22:14:57.954+0800][714.712s] GC(179)   Other: 0.3ms
[2024-04-08T22:14:57.954+0800][714.713s] GC(179) Eden regions: 305->0(305)
[2024-04-08T22:14:57.954+0800][714.713s] GC(179) Survivor regions: 2->2(39)
[2024-04-08T22:14:57.954+0800][714.713s] GC(179) Old regions: 45->45
[2024-04-08T22:14:57.954+0800][714.713s] GC(179) Humongous regions: 4->4
[2024-04-08T22:14:57.954+0800][714.713s] GC(179) Metaspace: 67476K(68352K)->67476K(68352K) NonClass: 59880K(60352K)->59880K(60352K) Class: 7595K(8000K)->7595K(8000K)
[2024-04-08T22:14:57.954+0800][714.713s] GC(179) Pause Young (Normal) (G1 Evacuation Pause) 355M->50M(512M) 5.727ms
[2024-04-08T22:14:57.954+0800][714.713s] GC(179) User=0.00s Sys=0.00s Real=0.01s
[2024-04-08T22:15:00.997+0800][717.756s] GC(180) Pause Young (Normal) (G1 Evacuation Pause)
[2024-04-08T22:15:00.998+0800][717.756s] GC(180) Using 13 workers of 13 for evacuation
[2024-04-08T22:15:01.001+0800][717.760s] GC(180)   Pre Evacuate Collection Set: 0.3ms
[2024-04-08T22:15:01.001+0800][717.760s] GC(180)   Merge Heap Roots: 0.2ms
[2024-04-08T22:15:01.001+0800][717.760s] GC(180)   Evacuate Collection Set: 1.7ms
[2024-04-08T22:15:01.001+0800][717.760s] GC(180)   Post Evacuate Collection Set: 0.9ms
[2024-04-08T22:15:01.001+0800][717.760s] GC(180)   Other: 0.2ms
[2024-04-08T22:15:01.001+0800][717.760s] GC(180) Eden regions: 305->0(305)
[2024-04-08T22:15:01.001+0800][717.760s] GC(180) Survivor regions: 2->2(39)
[2024-04-08T22:15:01.001+0800][717.760s] GC(180) Old regions: 45->45
[2024-04-08T22:15:01.001+0800][717.760s] GC(180) Humongous regions: 4->4
[2024-04-08T22:15:01.001+0800][717.760s] GC(180) Metaspace: 67476K(68352K)->67476K(68352K) NonClass: 59880K(60352K)->59880K(60352K) Class: 7595K(8000K)->7595K(8000K)
[2024-04-08T22:15:01.001+0800][717.760s] GC(180) Pause Young (Normal) (G1 Evacuation Pause) 355M->50M(512M) 3.768ms
[2024-04-08T22:15:01.001+0800][717.760s] GC(180) User=0.00s Sys=0.00s Real=0.00s
[2024-04-08T22:15:04.284+0800][721.043s] GC(181) Pause Young (Normal) (G1 Evacuation Pause)
[2024-04-08T22:15:04.284+0800][721.043s] GC(181) Using 13 workers of 13 for evacuation
[2024-04-08T22:15:04.289+0800][721.048s] GC(181)   Pre Evacuate Collection Set: 0.3ms
[2024-04-08T22:15:04.289+0800][721.048s] GC(181)   Merge Heap Roots: 0.2ms
[2024-04-08T22:15:04.289+0800][721.048s] GC(181)   Evacuate Collection Set: 2.8ms
[2024-04-08T22:15:04.289+0800][721.048s] GC(181)   Post Evacuate Collection Set: 1.3ms
[2024-04-08T22:15:04.289+0800][721.048s] GC(181)   Other: 0.2ms
[2024-04-08T22:15:04.290+0800][721.048s] GC(181) Eden regions: 305->0(305)
[2024-04-08T22:15:04.290+0800][721.048s] GC(181) Survivor regions: 2->2(39)
[2024-04-08T22:15:04.290+0800][721.048s] GC(181) Old regions: 45->45
[2024-04-08T22:15:04.290+0800][721.048s] GC(181) Humongous regions: 4->4
[2024-04-08T22:15:04.290+0800][721.048s] GC(181) Metaspace: 67476K(68352K)->67476K(68352K) NonClass: 59880K(60352K)->59880K(60352K) Class: 7595K(8000K)->7595K(8000K)
[2024-04-08T22:15:04.290+0800][721.049s] GC(181) Pause Young (Normal) (G1 Evacuation Pause) 355M->50M(512M) 5.536ms
[2024-04-08T22:15:04.290+0800][721.049s] GC(181) User=0.00s Sys=0.00s Real=0.01s
[2024-04-08T22:15:07.227+0800][723.985s] GC(182) Pause Young (Normal) (G1 Evacuation Pause)
[2024-04-08T22:15:07.227+0800][723.985s] GC(182) Using 13 workers of 13 for evacuation
[2024-04-08T22:15:07.230+0800][723.989s] GC(182)   Pre Evacuate Collection Set: 0.3ms
[2024-04-08T22:15:07.230+0800][723.989s] GC(182)   Merge Heap Roots: 0.2ms
[2024-04-08T22:15:07.230+0800][723.989s] GC(182)   Evacuate Collection Set: 1.9ms
[2024-04-08T22:15:07.230+0800][723.989s] GC(182)   Post Evacuate Collection Set: 0.6ms
[2024-04-08T22:15:07.230+0800][723.989s] GC(182)   Other: 0.2ms
[2024-04-08T22:15:07.230+0800][723.989s] GC(182) Eden regions: 305->0(305)
[2024-04-08T22:15:07.230+0800][723.989s] GC(182) Survivor regions: 2->2(39)
[2024-04-08T22:15:07.230+0800][723.989s] GC(182) Old regions: 45->45
[2024-04-08T22:15:07.230+0800][723.989s] GC(182) Humongous regions: 4->4
[2024-04-08T22:15:07.230+0800][723.989s] GC(182) Metaspace: 67476K(68352K)->67476K(68352K) NonClass: 59880K(60352K)->59880K(60352K) Class: 7595K(8000K)->7595K(8000K)
[2024-04-08T22:15:07.230+0800][723.989s] GC(182) Pause Young (Normal) (G1 Evacuation Pause) 355M->50M(512M) 3.566ms
[2024-04-08T22:15:07.230+0800][723.989s] GC(182) User=0.06s Sys=0.00s Real=0.00s
[2024-04-08T22:15:09.895+0800][726.654s] GC(183) Pause Young (Normal) (G1 Evacuation Pause)
[2024-04-08T22:15:09.895+0800][726.654s] GC(183) Using 13 workers of 13 for evacuation
[2024-04-08T22:15:09.899+0800][726.657s] GC(183)   Pre Evacuate Collection Set: 0.2ms
[2024-04-08T22:15:09.899+0800][726.657s] GC(183)   Merge Heap Roots: 0.1ms
[2024-04-08T22:15:09.899+0800][726.657s] GC(183)   Evacuate Collection Set: 1.9ms
[2024-04-08T22:15:09.899+0800][726.658s] GC(183)   Post Evacuate Collection Set: 0.9ms
[2024-04-08T22:15:09.899+0800][726.658s] GC(183)   Other: 0.1ms
[2024-04-08T22:15:09.899+0800][726.658s] GC(183) Eden regions: 305->0(305)
[2024-04-08T22:15:09.899+0800][726.658s] GC(183) Survivor regions: 2->2(39)
[2024-04-08T22:15:09.899+0800][726.658s] GC(183) Old regions: 45->45
[2024-04-08T22:15:09.899+0800][726.658s] GC(183) Humongous regions: 4->4
[2024-04-08T22:15:09.899+0800][726.658s] GC(183) Metaspace: 67476K(68352K)->67476K(68352K) NonClass: 59880K(60352K)->59880K(60352K) Class: 7595K(8000K)->7595K(8000K)
[2024-04-08T22:15:09.899+0800][726.658s] GC(183) Pause Young (Normal) (G1 Evacuation Pause) 355M->50M(512M) 3.736ms
[2024-04-08T22:15:09.899+0800][726.658s] GC(183) User=0.00s Sys=0.00s Real=0.00s
[2024-04-08T22:15:12.840+0800][729.599s] GC(184) Pause Young (Normal) (G1 Evacuation Pause)
[2024-04-08T22:15:12.841+0800][729.599s] GC(184) Using 13 workers of 13 for evacuation
[2024-04-08T22:15:12.844+0800][729.603s] GC(184)   Pre Evacuate Collection Set: 0.2ms
[2024-04-08T22:15:12.844+0800][729.603s] GC(184)   Merge Heap Roots: 0.2ms
[2024-04-08T22:15:12.844+0800][729.603s] GC(184)   Evacuate Collection Set: 2.2ms
[2024-04-08T22:15:12.845+0800][729.603s] GC(184)   Post Evacuate Collection Set: 0.9ms
[2024-04-08T22:15:12.845+0800][729.603s] GC(184)   Other: 0.2ms
[2024-04-08T22:15:12.845+0800][729.603s] GC(184) Eden regions: 305->0(305)
[2024-04-08T22:15:12.845+0800][729.603s] GC(184) Survivor regions: 2->2(39)
[2024-04-08T22:15:12.845+0800][729.603s] GC(184) Old regions: 45->45
[2024-04-08T22:15:12.845+0800][729.603s] GC(184) Humongous regions: 4->4
[2024-04-08T22:15:12.845+0800][729.603s] GC(184) Metaspace: 67476K(68352K)->67476K(68352K) NonClass: 59880K(60352K)->59880K(60352K) Class: 7595K(8000K)->7595K(8000K)
[2024-04-08T22:15:12.845+0800][729.603s] GC(184) Pause Young (Normal) (G1 Evacuation Pause) 355M->50M(512M) 4.362ms
[2024-04-08T22:15:12.845+0800][729.603s] GC(184) User=0.00s Sys=0.00s Real=0.01s
[2024-04-08T22:15:16.143+0800][732.902s] GC(185) Pause Young (Normal) (G1 Evacuation Pause)
[2024-04-08T22:15:16.143+0800][732.902s] GC(185) Using 13 workers of 13 for evacuation
[2024-04-08T22:15:16.149+0800][732.907s] GC(185)   Pre Evacuate Collection Set: 0.3ms
[2024-04-08T22:15:16.149+0800][732.907s] GC(185)   Merge Heap Roots: 0.2ms
[2024-04-08T22:15:16.149+0800][732.907s] GC(185)   Evacuate Collection Set: 3.2ms
[2024-04-08T22:15:16.149+0800][732.907s] GC(185)   Post Evacuate Collection Set: 1.1ms
[2024-04-08T22:15:16.149+0800][732.907s] GC(185)   Other: 0.2ms
[2024-04-08T22:15:16.149+0800][732.907s] GC(185) Eden regions: 305->0(305)
[2024-04-08T22:15:16.149+0800][732.907s] GC(185) Survivor regions: 2->2(39)
[2024-04-08T22:15:16.149+0800][732.908s] GC(185) Old regions: 45->45
[2024-04-08T22:15:16.149+0800][732.908s] GC(185) Humongous regions: 4->4
[2024-04-08T22:15:16.149+0800][732.908s] GC(185) Metaspace: 67478K(68352K)->67478K(68352K) NonClass: 59882K(60352K)->59882K(60352K) Class: 7595K(8000K)->7595K(8000K)
[2024-04-08T22:15:16.149+0800][732.908s] GC(185) Pause Young (Normal) (G1 Evacuation Pause) 355M->50M(512M) 6.142ms
[2024-04-08T22:15:16.150+0800][732.908s] GC(185) User=0.00s Sys=0.00s Real=0.01s
[2024-04-08T22:15:19.181+0800][735.940s] GC(186) Pause Young (Normal) (G1 Evacuation Pause)
[2024-04-08T22:15:19.182+0800][735.940s] GC(186) Using 13 workers of 13 for evacuation
[2024-04-08T22:15:19.186+0800][735.945s] GC(186)   Pre Evacuate Collection Set: 0.4ms
[2024-04-08T22:15:19.186+0800][735.945s] GC(186)   Merge Heap Roots: 0.2ms
[2024-04-08T22:15:19.186+0800][735.945s] GC(186)   Evacuate Collection Set: 2.5ms
[2024-04-08T22:15:19.186+0800][735.945s] GC(186)   Post Evacuate Collection Set: 1.3ms
[2024-04-08T22:15:19.187+0800][735.945s] GC(186)   Other: 0.2ms
[2024-04-08T22:15:19.187+0800][735.945s] GC(186) Eden regions: 305->0(305)
[2024-04-08T22:15:19.187+0800][735.945s] GC(186) Survivor regions: 2->2(39)
[2024-04-08T22:15:19.187+0800][735.945s] GC(186) Old regions: 45->45
[2024-04-08T22:15:19.187+0800][735.945s] GC(186) Humongous regions: 4->4
[2024-04-08T22:15:19.187+0800][735.945s] GC(186) Metaspace: 67478K(68352K)->67478K(68352K) NonClass: 59882K(60352K)->59882K(60352K) Class: 7595K(8000K)->7595K(8000K)
[2024-04-08T22:15:19.187+0800][735.945s] GC(186) Pause Young (Normal) (G1 Evacuation Pause) 355M->50M(512M) 5.399ms
[2024-04-08T22:15:19.187+0800][735.945s] GC(186) User=0.00s Sys=0.02s Real=0.01s
[2024-04-08T22:15:22.232+0800][738.991s] GC(187) Pause Young (Normal) (G1 Evacuation Pause)
[2024-04-08T22:15:22.232+0800][738.991s] GC(187) Using 13 workers of 13 for evacuation
[2024-04-08T22:15:22.236+0800][738.994s] GC(187)   Pre Evacuate Collection Set: 0.2ms
[2024-04-08T22:15:22.236+0800][738.994s] GC(187)   Merge Heap Roots: 0.1ms
[2024-04-08T22:15:22.236+0800][738.994s] GC(187)   Evacuate Collection Set: 2.2ms
[2024-04-08T22:15:22.236+0800][738.994s] GC(187)   Post Evacuate Collection Set: 0.8ms
[2024-04-08T22:15:22.236+0800][738.995s] GC(187)   Other: 0.2ms
[2024-04-08T22:15:22.236+0800][738.995s] GC(187) Eden regions: 305->0(305)
[2024-04-08T22:15:22.236+0800][738.995s] GC(187) Survivor regions: 2->2(39)
[2024-04-08T22:15:22.236+0800][738.995s] GC(187) Old regions: 45->45
[2024-04-08T22:15:22.236+0800][738.995s] GC(187) Humongous regions: 4->4
[2024-04-08T22:15:22.237+0800][738.995s] GC(187) Metaspace: 67478K(68352K)->67478K(68352K) NonClass: 59883K(60352K)->59883K(60352K) Class: 7595K(8000K)->7595K(8000K)
[2024-04-08T22:15:22.237+0800][738.995s] GC(187) Pause Young (Normal) (G1 Evacuation Pause) 355M->50M(512M) 4.364ms
[2024-04-08T22:15:22.237+0800][738.995s] GC(187) User=0.00s Sys=0.00s Real=0.00s
[2024-04-08T22:15:25.515+0800][742.273s] GC(188) Pause Young (Normal) (G1 Evacuation Pause)
[2024-04-08T22:15:25.515+0800][742.273s] GC(188) Using 13 workers of 13 for evacuation
[2024-04-08T22:15:25.519+0800][742.278s] GC(188)   Pre Evacuate Collection Set: 0.2ms
[2024-04-08T22:15:25.519+0800][742.278s] GC(188)   Merge Heap Roots: 0.1ms
[2024-04-08T22:15:25.519+0800][742.278s] GC(188)   Evacuate Collection Set: 3.1ms
[2024-04-08T22:15:25.519+0800][742.278s] GC(188)   Post Evacuate Collection Set: 0.8ms
[2024-04-08T22:15:25.519+0800][742.278s] GC(188)   Other: 0.2ms
[2024-04-08T22:15:25.520+0800][742.278s] GC(188) Eden regions: 305->0(305)
[2024-04-08T22:15:25.520+0800][742.278s] GC(188) Survivor regions: 2->2(39)
[2024-04-08T22:15:25.520+0800][742.278s] GC(188) Old regions: 45->46
[2024-04-08T22:15:25.520+0800][742.278s] GC(188) Humongous regions: 4->4
[2024-04-08T22:15:25.520+0800][742.278s] GC(188) Metaspace: 67478K(68352K)->67478K(68352K) NonClass: 59883K(60352K)->59883K(60352K) Class: 7595K(8000K)->7595K(8000K)
[2024-04-08T22:15:25.520+0800][742.278s] GC(188) Pause Young (Normal) (G1 Evacuation Pause) 355M->50M(512M) 4.926ms
[2024-04-08T22:15:25.520+0800][742.278s] GC(188) User=0.00s Sys=0.00s Real=0.00s
[2024-04-08T22:15:28.158+0800][744.916s] GC(189) Pause Young (Normal) (G1 Evacuation Pause)
[2024-04-08T22:15:28.158+0800][744.917s] GC(189) Using 13 workers of 13 for evacuation
[2024-04-08T22:15:28.161+0800][744.920s] GC(189)   Pre Evacuate Collection Set: 0.3ms
[2024-04-08T22:15:28.161+0800][744.920s] GC(189)   Merge Heap Roots: 0.2ms
[2024-04-08T22:15:28.161+0800][744.920s] GC(189)   Evacuate Collection Set: 2.0ms
[2024-04-08T22:15:28.161+0800][744.920s] GC(189)   Post Evacuate Collection Set: 0.9ms
[2024-04-08T22:15:28.161+0800][744.920s] GC(189)   Other: 0.2ms
[2024-04-08T22:15:28.161+0800][744.920s] GC(189) Eden regions: 305->0(305)
[2024-04-08T22:15:28.161+0800][744.920s] GC(189) Survivor regions: 2->2(39)
[2024-04-08T22:15:28.161+0800][744.920s] GC(189) Old regions: 46->46
[2024-04-08T22:15:28.162+0800][744.920s] GC(189) Humongous regions: 4->4
[2024-04-08T22:15:28.162+0800][744.920s] GC(189) Metaspace: 67478K(68352K)->67478K(68352K) NonClass: 59883K(60352K)->59883K(60352K) Class: 7595K(8000K)->7595K(8000K)
[2024-04-08T22:15:28.162+0800][744.920s] GC(189) Pause Young (Normal) (G1 Evacuation Pause) 355M->50M(512M) 4.067ms
[2024-04-08T22:15:28.162+0800][744.921s] GC(189) User=0.00s Sys=0.00s Real=0.00s
[2024-04-08T22:15:31.289+0800][748.047s] GC(190) Pause Young (Normal) (G1 Evacuation Pause)
[2024-04-08T22:15:31.289+0800][748.048s] GC(190) Using 13 workers of 13 for evacuation
[2024-04-08T22:15:31.294+0800][748.052s] GC(190)   Pre Evacuate Collection Set: 0.3ms
[2024-04-08T22:15:31.294+0800][748.052s] GC(190)   Merge Heap Roots: 0.2ms
[2024-04-08T22:15:31.294+0800][748.053s] GC(190)   Evacuate Collection Set: 2.9ms
[2024-04-08T22:15:31.294+0800][748.053s] GC(190)   Post Evacuate Collection Set: 1.1ms
[2024-04-08T22:15:31.294+0800][748.053s] GC(190)   Other: 0.2ms
[2024-04-08T22:15:31.294+0800][748.053s] GC(190) Eden regions: 305->0(305)
[2024-04-08T22:15:31.294+0800][748.053s] GC(190) Survivor regions: 2->2(39)
[2024-04-08T22:15:31.294+0800][748.053s] GC(190) Old regions: 46->46
[2024-04-08T22:15:31.294+0800][748.053s] GC(190) Humongous regions: 4->4
[2024-04-08T22:15:31.294+0800][748.053s] GC(190) Metaspace: 67478K(68352K)->67478K(68352K) NonClass: 59883K(60352K)->59883K(60352K) Class: 7595K(8000K)->7595K(8000K)
[2024-04-08T22:15:31.294+0800][748.053s] GC(190) Pause Young (Normal) (G1 Evacuation Pause) 355M->50M(512M) 5.798ms
[2024-04-08T22:15:31.294+0800][748.053s] GC(190) User=0.20s Sys=0.00s Real=0.01s
[2024-04-08T22:15:34.479+0800][751.238s] GC(191) Pause Young (Normal) (G1 Evacuation Pause)
[2024-04-08T22:15:34.479+0800][751.238s] GC(191) Using 13 workers of 13 for evacuation
[2024-04-08T22:15:34.486+0800][751.245s] GC(191)   Pre Evacuate Collection Set: 0.4ms
[2024-04-08T22:15:34.486+0800][751.245s] GC(191)   Merge Heap Roots: 0.2ms
[2024-04-08T22:15:34.486+0800][751.245s] GC(191)   Evacuate Collection Set: 4.7ms
[2024-04-08T22:15:34.486+0800][751.245s] GC(191)   Post Evacuate Collection Set: 1.1ms
[2024-04-08T22:15:34.486+0800][751.245s] GC(191)   Other: 0.3ms
[2024-04-08T22:15:34.487+0800][751.245s] GC(191) Eden regions: 305->0(305)
[2024-04-08T22:15:34.487+0800][751.245s] GC(191) Survivor regions: 2->2(39)
[2024-04-08T22:15:34.487+0800][751.246s] GC(191) Old regions: 46->46
[2024-04-08T22:15:34.487+0800][751.246s] GC(191) Humongous regions: 4->4
[2024-04-08T22:15:34.487+0800][751.246s] GC(191) Metaspace: 67478K(68352K)->67478K(68352K) NonClass: 59883K(60352K)->59883K(60352K) Class: 7595K(8000K)->7595K(8000K)
[2024-04-08T22:15:34.487+0800][751.246s] GC(191) Pause Young (Normal) (G1 Evacuation Pause) 355M->50M(512M) 7.818ms
[2024-04-08T22:15:34.487+0800][751.246s] GC(191) User=0.00s Sys=0.00s Real=0.01s
[2024-04-08T22:15:37.604+0800][754.363s] GC(192) Pause Young (Normal) (G1 Evacuation Pause)
[2024-04-08T22:15:37.604+0800][754.363s] GC(192) Using 13 workers of 13 for evacuation
[2024-04-08T22:15:37.608+0800][754.367s] GC(192)   Pre Evacuate Collection Set: 0.3ms
[2024-04-08T22:15:37.608+0800][754.367s] GC(192)   Merge Heap Roots: 0.1ms
[2024-04-08T22:15:37.608+0800][754.367s] GC(192)   Evacuate Collection Set: 2.3ms
[2024-04-08T22:15:37.608+0800][754.367s] GC(192)   Post Evacuate Collection Set: 0.9ms
[2024-04-08T22:15:37.608+0800][754.367s] GC(192)   Other: 0.2ms
[2024-04-08T22:15:37.608+0800][754.367s] GC(192) Eden regions: 305->0(305)
[2024-04-08T22:15:37.609+0800][754.367s] GC(192) Survivor regions: 2->2(39)
[2024-04-08T22:15:37.609+0800][754.367s] GC(192) Old regions: 46->46
[2024-04-08T22:15:37.609+0800][754.367s] GC(192) Humongous regions: 4->4
[2024-04-08T22:15:37.609+0800][754.367s] GC(192) Metaspace: 67478K(68352K)->67478K(68352K) NonClass: 59883K(60352K)->59883K(60352K) Class: 7595K(8000K)->7595K(8000K)
[2024-04-08T22:15:37.609+0800][754.368s] GC(192) Pause Young (Normal) (G1 Evacuation Pause) 355M->50M(512M) 4.404ms
[2024-04-08T22:15:37.609+0800][754.368s] GC(192) User=0.00s Sys=0.00s Real=0.00s
[2024-04-08T22:15:40.446+0800][757.205s] GC(193) Pause Young (Normal) (G1 Evacuation Pause)
[2024-04-08T22:15:40.446+0800][757.205s] GC(193) Using 13 workers of 13 for evacuation
[2024-04-08T22:15:40.448+0800][757.207s] GC(193)   Pre Evacuate Collection Set: 0.1ms
[2024-04-08T22:15:40.448+0800][757.207s] GC(193)   Merge Heap Roots: 0.1ms
[2024-04-08T22:15:40.448+0800][757.207s] GC(193)   Evacuate Collection Set: 1.2ms
[2024-04-08T22:15:40.448+0800][757.207s] GC(193)   Post Evacuate Collection Set: 0.4ms
[2024-04-08T22:15:40.448+0800][757.207s] GC(193)   Other: 0.1ms
[2024-04-08T22:15:40.448+0800][757.207s] GC(193) Eden regions: 305->0(305)
[2024-04-08T22:15:40.448+0800][757.207s] GC(193) Survivor regions: 2->2(39)
[2024-04-08T22:15:40.448+0800][757.207s] GC(193) Old regions: 46->46
[2024-04-08T22:15:40.448+0800][757.207s] GC(193) Humongous regions: 4->4
[2024-04-08T22:15:40.448+0800][757.207s] GC(193) Metaspace: 67478K(68352K)->67478K(68352K) NonClass: 59883K(60352K)->59883K(60352K) Class: 7595K(8000K)->7595K(8000K)
[2024-04-08T22:15:40.448+0800][757.207s] GC(193) Pause Young (Normal) (G1 Evacuation Pause) 355M->50M(512M) 2.418ms
[2024-04-08T22:15:40.448+0800][757.207s] GC(193) User=0.12s Sys=0.00s Real=0.00s
[2024-04-08T22:15:43.186+0800][759.944s] GC(194) Pause Young (Normal) (G1 Evacuation Pause)
[2024-04-08T22:15:43.186+0800][759.944s] GC(194) Using 13 workers of 13 for evacuation
[2024-04-08T22:15:43.190+0800][759.948s] GC(194)   Pre Evacuate Collection Set: 0.2ms
[2024-04-08T22:15:43.190+0800][759.948s] GC(194)   Merge Heap Roots: 0.2ms
[2024-04-08T22:15:43.190+0800][759.948s] GC(194)   Evacuate Collection Set: 1.9ms
[2024-04-08T22:15:43.190+0800][759.948s] GC(194)   Post Evacuate Collection Set: 1.0ms
[2024-04-08T22:15:43.190+0800][759.948s] GC(194)   Other: 0.2ms
[2024-04-08T22:15:43.190+0800][759.948s] GC(194) Eden regions: 305->0(305)
[2024-04-08T22:15:43.190+0800][759.948s] GC(194) Survivor regions: 2->2(39)
[2024-04-08T22:15:43.190+0800][759.948s] GC(194) Old regions: 46->46
[2024-04-08T22:15:43.190+0800][759.948s] GC(194) Humongous regions: 4->4
[2024-04-08T22:15:43.190+0800][759.948s] GC(194) Metaspace: 67478K(68352K)->67478K(68352K) NonClass: 59883K(60352K)->59883K(60352K) Class: 7595K(8000K)->7595K(8000K)
[2024-04-08T22:15:43.190+0800][759.948s] GC(194) Pause Young (Normal) (G1 Evacuation Pause) 355M->50M(512M) 4.002ms
[2024-04-08T22:15:43.190+0800][759.948s] GC(194) User=0.00s Sys=0.00s Real=0.00s
[2024-04-08T22:15:45.746+0800][762.504s] GC(195) Pause Young (Normal) (G1 Evacuation Pause)
[2024-04-08T22:15:45.747+0800][762.505s] GC(195) Using 13 workers of 13 for evacuation
[2024-04-08T22:15:45.751+0800][762.509s] GC(195)   Pre Evacuate Collection Set: 0.2ms
[2024-04-08T22:15:45.751+0800][762.509s] GC(195)   Merge Heap Roots: 0.2ms
[2024-04-08T22:15:45.751+0800][762.509s] GC(195)   Evacuate Collection Set: 2.8ms
[2024-04-08T22:15:45.751+0800][762.509s] GC(195)   Post Evacuate Collection Set: 1.1ms
[2024-04-08T22:15:45.751+0800][762.509s] GC(195)   Other: 0.2ms
[2024-04-08T22:15:45.751+0800][762.509s] GC(195) Eden regions: 305->0(305)
[2024-04-08T22:15:45.751+0800][762.509s] GC(195) Survivor regions: 2->2(39)
[2024-04-08T22:15:45.751+0800][762.509s] GC(195) Old regions: 46->46
[2024-04-08T22:15:45.751+0800][762.509s] GC(195) Humongous regions: 4->4
[2024-04-08T22:15:45.751+0800][762.509s] GC(195) Metaspace: 67478K(68352K)->67478K(68352K) NonClass: 59883K(60352K)->59883K(60352K) Class: 7595K(8000K)->7595K(8000K)
[2024-04-08T22:15:45.751+0800][762.509s] GC(195) Pause Young (Normal) (G1 Evacuation Pause) 355M->50M(512M) 4.965ms
[2024-04-08T22:15:45.751+0800][762.509s] GC(195) User=0.00s Sys=0.00s Real=0.00s
[2024-04-08T22:15:48.418+0800][765.177s] GC(196) Pause Young (Normal) (G1 Evacuation Pause)
[2024-04-08T22:15:48.418+0800][765.177s] GC(196) Using 13 workers of 13 for evacuation
[2024-04-08T22:15:48.421+0800][765.180s] GC(196)   Pre Evacuate Collection Set: 0.2ms
[2024-04-08T22:15:48.421+0800][765.180s] GC(196)   Merge Heap Roots: 0.2ms
[2024-04-08T22:15:48.421+0800][765.180s] GC(196)   Evacuate Collection Set: 2.3ms
[2024-04-08T22:15:48.421+0800][765.180s] GC(196)   Post Evacuate Collection Set: 0.6ms
[2024-04-08T22:15:48.421+0800][765.180s] GC(196)   Other: 0.1ms
[2024-04-08T22:15:48.422+0800][765.180s] GC(196) Eden regions: 305->0(302)
[2024-04-08T22:15:48.422+0800][765.180s] GC(196) Survivor regions: 2->5(39)
[2024-04-08T22:15:48.422+0800][765.181s] GC(196) Old regions: 46->46
[2024-04-08T22:15:48.422+0800][765.181s] GC(196) Humongous regions: 4->4
[2024-04-08T22:15:48.422+0800][765.181s] GC(196) Metaspace: 67480K(68352K)->67480K(68352K) NonClass: 59884K(60352K)->59884K(60352K) Class: 7595K(8000K)->7595K(8000K)
[2024-04-08T22:15:48.422+0800][765.181s] GC(196) Pause Young (Normal) (G1 Evacuation Pause) 355M->53M(512M) 3.763ms
[2024-04-08T22:15:48.422+0800][765.181s] GC(196) User=0.00s Sys=0.00s Real=0.00s
[2024-04-08T22:15:51.509+0800][768.268s] GC(197) Pause Young (Normal) (G1 Evacuation Pause)
[2024-04-08T22:15:51.510+0800][768.268s] GC(197) Using 13 workers of 13 for evacuation
[2024-04-08T22:15:51.517+0800][768.275s] GC(197)   Pre Evacuate Collection Set: 0.5ms
[2024-04-08T22:15:51.517+0800][768.275s] GC(197)   Merge Heap Roots: 0.2ms
[2024-04-08T22:15:51.517+0800][768.276s] GC(197)   Evacuate Collection Set: 5.0ms
[2024-04-08T22:15:51.517+0800][768.276s] GC(197)   Post Evacuate Collection Set: 1.4ms
[2024-04-08T22:15:51.517+0800][768.276s] GC(197)   Other: 0.3ms
[2024-04-08T22:15:51.517+0800][768.276s] GC(197) Eden regions: 302->0(302)
[2024-04-08T22:15:51.518+0800][768.276s] GC(197) Survivor regions: 5->5(39)
[2024-04-08T22:15:51.518+0800][768.276s] GC(197) Old regions: 46->46
[2024-04-08T22:15:51.518+0800][768.276s] GC(197) Humongous regions: 4->4
[2024-04-08T22:15:51.518+0800][768.276s] GC(197) Metaspace: 67480K(68352K)->67480K(68352K) NonClass: 59884K(60352K)->59884K(60352K) Class: 7595K(8000K)->7595K(8000K)
[2024-04-08T22:15:51.518+0800][768.276s] GC(197) Pause Young (Normal) (G1 Evacuation Pause) 355M->53M(512M) 8.486ms
[2024-04-08T22:15:51.518+0800][768.276s] GC(197) User=0.02s Sys=0.00s Real=0.01s
[2024-04-08T22:15:54.509+0800][771.268s] GC(198) Pause Young (Normal) (G1 Evacuation Pause)
[2024-04-08T22:15:54.509+0800][771.268s] GC(198) Using 13 workers of 13 for evacuation
[2024-04-08T22:15:54.512+0800][771.271s] GC(198)   Pre Evacuate Collection Set: 0.2ms
[2024-04-08T22:15:54.512+0800][771.271s] GC(198)   Merge Heap Roots: 0.1ms
[2024-04-08T22:15:54.513+0800][771.271s] GC(198)   Evacuate Collection Set: 2.2ms
[2024-04-08T22:15:54.513+0800][771.271s] GC(198)   Post Evacuate Collection Set: 0.6ms
[2024-04-08T22:15:54.513+0800][771.271s] GC(198)   Other: 0.1ms
[2024-04-08T22:15:54.513+0800][771.271s] GC(198) Eden regions: 302->0(302)
[2024-04-08T22:15:54.513+0800][771.271s] GC(198) Survivor regions: 5->5(39)
[2024-04-08T22:15:54.513+0800][771.271s] GC(198) Old regions: 46->46
[2024-04-08T22:15:54.513+0800][771.271s] GC(198) Humongous regions: 4->4
[2024-04-08T22:15:54.513+0800][771.271s] GC(198) Metaspace: 67558K(68416K)->67558K(68416K) NonClass: 59961K(60416K)->59961K(60416K) Class: 7596K(8000K)->7596K(8000K)
[2024-04-08T22:15:54.513+0800][771.271s] GC(198) Pause Young (Normal) (G1 Evacuation Pause) 355M->53M(512M) 3.453ms
[2024-04-08T22:15:54.513+0800][771.271s] GC(198) User=0.14s Sys=0.00s Real=0.00s
[2024-04-08T22:15:57.110+0800][773.868s] GC(199) Pause Young (Normal) (G1 Evacuation Pause)
[2024-04-08T22:15:57.110+0800][773.868s] GC(199) Using 13 workers of 13 for evacuation
[2024-04-08T22:15:57.113+0800][773.871s] GC(199)   Pre Evacuate Collection Set: 0.2ms
[2024-04-08T22:15:57.113+0800][773.871s] GC(199)   Merge Heap Roots: 0.1ms
[2024-04-08T22:15:57.113+0800][773.871s] GC(199)   Evacuate Collection Set: 1.8ms
[2024-04-08T22:15:57.113+0800][773.872s] GC(199)   Post Evacuate Collection Set: 0.7ms
[2024-04-08T22:15:57.113+0800][773.872s] GC(199)   Other: 0.2ms
[2024-04-08T22:15:57.113+0800][773.872s] GC(199) Eden regions: 302->0(302)
[2024-04-08T22:15:57.113+0800][773.872s] GC(199) Survivor regions: 5->5(39)
[2024-04-08T22:15:57.113+0800][773.872s] GC(199) Old regions: 46->46
[2024-04-08T22:15:57.113+0800][773.872s] GC(199) Humongous regions: 4->4
[2024-04-08T22:15:57.113+0800][773.872s] GC(199) Metaspace: 67558K(68416K)->67558K(68416K) NonClass: 59961K(60416K)->59961K(60416K) Class: 7596K(8000K)->7596K(8000K)
[2024-04-08T22:15:57.113+0800][773.872s] GC(199) Pause Young (Normal) (G1 Evacuation Pause) 355M->53M(512M) 3.386ms
[2024-04-08T22:15:57.113+0800][773.872s] GC(199) User=0.00s Sys=0.00s Real=0.00s
[2024-04-08T22:15:59.890+0800][776.649s] GC(200) Pause Young (Normal) (G1 Evacuation Pause)
[2024-04-08T22:15:59.890+0800][776.649s] GC(200) Using 13 workers of 13 for evacuation
[2024-04-08T22:15:59.893+0800][776.652s] GC(200)   Pre Evacuate Collection Set: 0.1ms
[2024-04-08T22:15:59.894+0800][776.652s] GC(200)   Merge Heap Roots: 0.1ms
[2024-04-08T22:15:59.894+0800][776.653s] GC(200)   Evacuate Collection Set: 2.3ms
[2024-04-08T22:15:59.894+0800][776.653s] GC(200)   Post Evacuate Collection Set: 0.7ms
[2024-04-08T22:15:59.894+0800][776.653s] GC(200)   Other: 0.1ms
[2024-04-08T22:15:59.894+0800][776.653s] GC(200) Eden regions: 302->0(302)
[2024-04-08T22:15:59.894+0800][776.653s] GC(200) Survivor regions: 5->5(39)
[2024-04-08T22:15:59.894+0800][776.653s] GC(200) Old regions: 46->46
[2024-04-08T22:15:59.894+0800][776.653s] GC(200) Humongous regions: 4->4
[2024-04-08T22:15:59.894+0800][776.653s] GC(200) Metaspace: 67558K(68416K)->67558K(68416K) NonClass: 59961K(60416K)->59961K(60416K) Class: 7596K(8000K)->7596K(8000K)
[2024-04-08T22:15:59.894+0800][776.653s] GC(200) Pause Young (Normal) (G1 Evacuation Pause) 355M->53M(512M) 3.676ms
[2024-04-08T22:15:59.894+0800][776.653s] GC(200) User=0.00s Sys=0.00s Real=0.00s
[2024-04-08T22:16:02.721+0800][779.480s] GC(201) Pause Young (Normal) (G1 Evacuation Pause)
[2024-04-08T22:16:02.721+0800][779.480s] GC(201) Using 13 workers of 13 for evacuation
[2024-04-08T22:16:02.726+0800][779.485s] GC(201)   Pre Evacuate Collection Set: 0.2ms
[2024-04-08T22:16:02.726+0800][779.485s] GC(201)   Merge Heap Roots: 0.2ms
[2024-04-08T22:16:02.726+0800][779.485s] GC(201)   Evacuate Collection Set: 3.3ms
[2024-04-08T22:16:02.726+0800][779.485s] GC(201)   Post Evacuate Collection Set: 0.9ms
[2024-04-08T22:16:02.726+0800][779.485s] GC(201)   Other: 0.2ms
[2024-04-08T22:16:02.726+0800][779.485s] GC(201) Eden regions: 302->0(302)
[2024-04-08T22:16:02.726+0800][779.485s] GC(201) Survivor regions: 5->5(39)
[2024-04-08T22:16:02.726+0800][779.485s] GC(201) Old regions: 46->46
[2024-04-08T22:16:02.726+0800][779.485s] GC(201) Humongous regions: 4->4
[2024-04-08T22:16:02.726+0800][779.485s] GC(201) Metaspace: 67558K(68416K)->67558K(68416K) NonClass: 59961K(60416K)->59961K(60416K) Class: 7596K(8000K)->7596K(8000K)
[2024-04-08T22:16:02.727+0800][779.485s] GC(201) Pause Young (Normal) (G1 Evacuation Pause) 355M->53M(512M) 5.392ms
[2024-04-08T22:16:02.727+0800][779.485s] GC(201) User=0.00s Sys=0.00s Real=0.01s
[2024-04-08T22:16:05.897+0800][782.655s] GC(202) Pause Young (Normal) (G1 Evacuation Pause)
[2024-04-08T22:16:05.897+0800][782.655s] GC(202) Using 13 workers of 13 for evacuation
[2024-04-08T22:16:05.902+0800][782.660s] GC(202)   Pre Evacuate Collection Set: 0.3ms
[2024-04-08T22:16:05.902+0800][782.660s] GC(202)   Merge Heap Roots: 0.3ms
[2024-04-08T22:16:05.902+0800][782.660s] GC(202)   Evacuate Collection Set: 2.9ms
[2024-04-08T22:16:05.902+0800][782.660s] GC(202)   Post Evacuate Collection Set: 1.1ms
[2024-04-08T22:16:05.902+0800][782.660s] GC(202)   Other: 0.2ms
[2024-04-08T22:16:05.902+0800][782.660s] GC(202) Eden regions: 302->0(302)
[2024-04-08T22:16:05.902+0800][782.660s] GC(202) Survivor regions: 5->5(39)
[2024-04-08T22:16:05.902+0800][782.660s] GC(202) Old regions: 46->46
[2024-04-08T22:16:05.902+0800][782.661s] GC(202) Humongous regions: 4->4
[2024-04-08T22:16:05.902+0800][782.661s] GC(202) Metaspace: 67558K(68416K)->67558K(68416K) NonClass: 59961K(60416K)->59961K(60416K) Class: 7596K(8000K)->7596K(8000K)
[2024-04-08T22:16:05.902+0800][782.661s] GC(202) Pause Young (Normal) (G1 Evacuation Pause) 355M->53M(512M) 5.595ms
[2024-04-08T22:16:05.902+0800][782.661s] GC(202) User=0.17s Sys=0.00s Real=0.00s
[2024-04-08T22:16:09.071+0800][785.830s] GC(203) Pause Young (Normal) (G1 Evacuation Pause)
[2024-04-08T22:16:09.071+0800][785.830s] GC(203) Using 13 workers of 13 for evacuation
[2024-04-08T22:16:09.075+0800][785.833s] GC(203)   Pre Evacuate Collection Set: 0.2ms
[2024-04-08T22:16:09.075+0800][785.833s] GC(203)   Merge Heap Roots: 0.1ms
[2024-04-08T22:16:09.075+0800][785.833s] GC(203)   Evacuate Collection Set: 2.7ms
[2024-04-08T22:16:09.075+0800][785.833s] GC(203)   Post Evacuate Collection Set: 0.6ms
[2024-04-08T22:16:09.075+0800][785.833s] GC(203)   Other: 0.1ms
[2024-04-08T22:16:09.075+0800][785.833s] GC(203) Eden regions: 302->0(303)
[2024-04-08T22:16:09.075+0800][785.833s] GC(203) Survivor regions: 5->4(39)
[2024-04-08T22:16:09.075+0800][785.833s] GC(203) Old regions: 46->46
[2024-04-08T22:16:09.075+0800][785.833s] GC(203) Humongous regions: 4->4
[2024-04-08T22:16:09.075+0800][785.834s] GC(203) Metaspace: 67558K(68416K)->67558K(68416K) NonClass: 59961K(60416K)->59961K(60416K) Class: 7596K(8000K)->7596K(8000K)
[2024-04-08T22:16:09.075+0800][785.834s] GC(203) Pause Young (Normal) (G1 Evacuation Pause) 355M->53M(512M) 4.037ms
[2024-04-08T22:16:09.075+0800][785.834s] GC(203) User=0.00s Sys=0.02s Real=0.00s
[2024-04-08T22:16:11.741+0800][788.500s] GC(204) Pause Young (Normal) (G1 Evacuation Pause)
[2024-04-08T22:16:11.741+0800][788.500s] GC(204) Using 13 workers of 13 for evacuation
[2024-04-08T22:16:11.744+0800][788.503s] GC(204)   Pre Evacuate Collection Set: 0.1ms
[2024-04-08T22:16:11.744+0800][788.503s] GC(204)   Merge Heap Roots: 0.1ms
[2024-04-08T22:16:11.744+0800][788.503s] GC(204)   Evacuate Collection Set: 1.8ms
[2024-04-08T22:16:11.744+0800][788.503s] GC(204)   Post Evacuate Collection Set: 0.4ms
[2024-04-08T22:16:11.744+0800][788.503s] GC(204)   Other: 0.1ms
[2024-04-08T22:16:11.744+0800][788.503s] GC(204) Eden regions: 303->0(302)
[2024-04-08T22:16:11.744+0800][788.503s] GC(204) Survivor regions: 4->5(39)
[2024-04-08T22:16:11.744+0800][788.503s] GC(204) Old regions: 46->46
[2024-04-08T22:16:11.744+0800][788.503s] GC(204) Humongous regions: 4->4
[2024-04-08T22:16:11.744+0800][788.503s] GC(204) Metaspace: 67558K(68416K)->67558K(68416K) NonClass: 59961K(60416K)->59961K(60416K) Class: 7596K(8000K)->7596K(8000K)
[2024-04-08T22:16:11.744+0800][788.503s] GC(204) Pause Young (Normal) (G1 Evacuation Pause) 356M->53M(512M) 2.874ms
[2024-04-08T22:16:11.744+0800][788.503s] GC(204) User=0.00s Sys=0.00s Real=0.00s
[2024-04-08T22:16:14.392+0800][791.151s] GC(205) Pause Young (Normal) (G1 Evacuation Pause)
[2024-04-08T22:16:14.392+0800][791.151s] GC(205) Using 13 workers of 13 for evacuation
[2024-04-08T22:16:14.397+0800][791.156s] GC(205)   Pre Evacuate Collection Set: 0.3ms
[2024-04-08T22:16:14.397+0800][791.156s] GC(205)   Merge Heap Roots: 0.2ms
[2024-04-08T22:16:14.397+0800][791.156s] GC(205)   Evacuate Collection Set: 2.8ms
[2024-04-08T22:16:14.398+0800][791.157s] GC(205)   Post Evacuate Collection Set: 1.6ms
[2024-04-08T22:16:14.398+0800][791.157s] GC(205)   Other: 0.2ms
[2024-04-08T22:16:14.398+0800][791.157s] GC(205) Eden regions: 302->0(302)
[2024-04-08T22:16:14.398+0800][791.157s] GC(205) Survivor regions: 5->5(39)
[2024-04-08T22:16:14.398+0800][791.157s] GC(205) Old regions: 46->46
[2024-04-08T22:16:14.398+0800][791.157s] GC(205) Humongous regions: 4->4
[2024-04-08T22:16:14.398+0800][791.157s] GC(205) Metaspace: 67558K(68416K)->67558K(68416K) NonClass: 59961K(60416K)->59961K(60416K) Class: 7596K(8000K)->7596K(8000K)
[2024-04-08T22:16:14.398+0800][791.157s] GC(205) Pause Young (Normal) (G1 Evacuation Pause) 355M->53M(512M) 5.895ms
[2024-04-08T22:16:14.398+0800][791.157s] GC(205) User=0.00s Sys=0.00s Real=0.01s
[2024-04-08T22:16:17.128+0800][793.886s] GC(206) Pause Young (Normal) (G1 Evacuation Pause)
[2024-04-08T22:16:17.128+0800][793.886s] GC(206) Using 13 workers of 13 for evacuation
[2024-04-08T22:16:17.133+0800][793.891s] GC(206)   Pre Evacuate Collection Set: 0.3ms
[2024-04-08T22:16:17.133+0800][793.891s] GC(206)   Merge Heap Roots: 0.2ms
[2024-04-08T22:16:17.133+0800][793.891s] GC(206)   Evacuate Collection Set: 2.9ms
[2024-04-08T22:16:17.133+0800][793.891s] GC(206)   Post Evacuate Collection Set: 1.2ms
[2024-04-08T22:16:17.133+0800][793.891s] GC(206)   Other: 0.3ms
[2024-04-08T22:16:17.133+0800][793.892s] GC(206) Eden regions: 302->0(302)
[2024-04-08T22:16:17.134+0800][793.892s] GC(206) Survivor regions: 5->5(39)
[2024-04-08T22:16:17.134+0800][793.892s] GC(206) Old regions: 46->46
[2024-04-08T22:16:17.134+0800][793.892s] GC(206) Humongous regions: 4->4
[2024-04-08T22:16:17.134+0800][793.892s] GC(206) Metaspace: 67558K(68416K)->67558K(68416K) NonClass: 59961K(60416K)->59961K(60416K) Class: 7596K(8000K)->7596K(8000K)
[2024-04-08T22:16:17.134+0800][793.892s] GC(206) Pause Young (Normal) (G1 Evacuation Pause) 355M->53M(512M) 6.112ms
[2024-04-08T22:16:17.134+0800][793.892s] GC(206) User=0.00s Sys=0.00s Real=0.01s
[2024-04-08T22:16:20.250+0800][797.008s] GC(207) Pause Young (Normal) (G1 Evacuation Pause)
[2024-04-08T22:16:20.250+0800][797.008s] GC(207) Using 13 workers of 13 for evacuation
[2024-04-08T22:16:20.253+0800][797.011s] GC(207)   Pre Evacuate Collection Set: 0.2ms
[2024-04-08T22:16:20.253+0800][797.011s] GC(207)   Merge Heap Roots: 0.3ms
[2024-04-08T22:16:20.253+0800][797.011s] GC(207)   Evacuate Collection Set: 1.8ms
[2024-04-08T22:16:20.253+0800][797.011s] GC(207)   Post Evacuate Collection Set: 0.7ms
[2024-04-08T22:16:20.253+0800][797.011s] GC(207)   Other: 0.1ms
[2024-04-08T22:16:20.253+0800][797.011s] GC(207) Eden regions: 302->0(302)
[2024-04-08T22:16:20.253+0800][797.011s] GC(207) Survivor regions: 5->5(39)
[2024-04-08T22:16:20.253+0800][797.011s] GC(207) Old regions: 46->46
[2024-04-08T22:16:20.253+0800][797.011s] GC(207) Humongous regions: 4->4
[2024-04-08T22:16:20.253+0800][797.011s] GC(207) Metaspace: 67558K(68416K)->67558K(68416K) NonClass: 59961K(60416K)->59961K(60416K) Class: 7596K(8000K)->7596K(8000K)
[2024-04-08T22:16:20.253+0800][797.011s] GC(207) Pause Young (Normal) (G1 Evacuation Pause) 355M->53M(512M) 3.407ms
[2024-04-08T22:16:20.253+0800][797.012s] GC(207) User=0.00s Sys=0.00s Real=0.00s
[2024-04-08T22:16:23.395+0800][800.154s] GC(208) Pause Young (Normal) (G1 Evacuation Pause)
[2024-04-08T22:16:23.396+0800][800.154s] GC(208) Using 13 workers of 13 for evacuation
[2024-04-08T22:16:23.399+0800][800.158s] GC(208)   Pre Evacuate Collection Set: 0.3ms
[2024-04-08T22:16:23.400+0800][800.158s] GC(208)   Merge Heap Roots: 0.1ms
[2024-04-08T22:16:23.400+0800][800.158s] GC(208)   Evacuate Collection Set: 2.3ms
[2024-04-08T22:16:23.400+0800][800.158s] GC(208)   Post Evacuate Collection Set: 0.8ms
[2024-04-08T22:16:23.400+0800][800.158s] GC(208)   Other: 0.2ms
[2024-04-08T22:16:23.400+0800][800.158s] GC(208) Eden regions: 302->0(302)
[2024-04-08T22:16:23.400+0800][800.158s] GC(208) Survivor regions: 5->5(39)
[2024-04-08T22:16:23.400+0800][800.158s] GC(208) Old regions: 46->46
[2024-04-08T22:16:23.400+0800][800.158s] GC(208) Humongous regions: 4->4
[2024-04-08T22:16:23.400+0800][800.158s] GC(208) Metaspace: 67558K(68416K)->67558K(68416K) NonClass: 59961K(60416K)->59961K(60416K) Class: 7596K(8000K)->7596K(8000K)
[2024-04-08T22:16:23.400+0800][800.158s] GC(208) Pause Young (Normal) (G1 Evacuation Pause) 355M->53M(512M) 4.451ms
[2024-04-08T22:16:23.400+0800][800.158s] GC(208) User=0.00s Sys=0.00s Real=0.01s
[2024-04-08T22:16:26.125+0800][802.883s] GC(209) Pause Young (Normal) (G1 Evacuation Pause)
[2024-04-08T22:16:26.125+0800][802.883s] GC(209) Using 13 workers of 13 for evacuation
[2024-04-08T22:16:26.128+0800][802.886s] GC(209)   Pre Evacuate Collection Set: 0.2ms
[2024-04-08T22:16:26.128+0800][802.886s] GC(209)   Merge Heap Roots: 0.1ms
[2024-04-08T22:16:26.128+0800][802.886s] GC(209)   Evacuate Collection Set: 1.7ms
[2024-04-08T22:16:26.128+0800][802.886s] GC(209)   Post Evacuate Collection Set: 0.5ms
[2024-04-08T22:16:26.128+0800][802.886s] GC(209)   Other: 0.1ms
[2024-04-08T22:16:26.128+0800][802.886s] GC(209) Eden regions: 302->0(302)
[2024-04-08T22:16:26.128+0800][802.886s] GC(209) Survivor regions: 5->5(39)
[2024-04-08T22:16:26.128+0800][802.886s] GC(209) Old regions: 46->46
[2024-04-08T22:16:26.128+0800][802.886s] GC(209) Humongous regions: 4->4
[2024-04-08T22:16:26.128+0800][802.886s] GC(209) Metaspace: 67560K(68416K)->67560K(68416K) NonClass: 59963K(60416K)->59963K(60416K) Class: 7596K(8000K)->7596K(8000K)
[2024-04-08T22:16:26.128+0800][802.886s] GC(209) Pause Young (Normal) (G1 Evacuation Pause) 355M->53M(512M) 3.002ms
[2024-04-08T22:16:26.128+0800][802.886s] GC(209) User=0.00s Sys=0.00s Real=0.00s
[2024-04-08T22:16:28.907+0800][805.665s] GC(210) Pause Young (Normal) (G1 Evacuation Pause)
[2024-04-08T22:16:28.907+0800][805.665s] GC(210) Using 13 workers of 13 for evacuation
[2024-04-08T22:16:28.911+0800][805.669s] GC(210)   Pre Evacuate Collection Set: 0.2ms
[2024-04-08T22:16:28.911+0800][805.669s] GC(210)   Merge Heap Roots: 0.1ms
[2024-04-08T22:16:28.911+0800][805.669s] GC(210)   Evacuate Collection Set: 2.3ms
[2024-04-08T22:16:28.911+0800][805.669s] GC(210)   Post Evacuate Collection Set: 0.8ms
[2024-04-08T22:16:28.911+0800][805.669s] GC(210)   Other: 0.2ms
[2024-04-08T22:16:28.911+0800][805.669s] GC(210) Eden regions: 302->0(302)
[2024-04-08T22:16:28.911+0800][805.669s] GC(210) Survivor regions: 5->5(39)
[2024-04-08T22:16:28.911+0800][805.669s] GC(210) Old regions: 46->46
[2024-04-08T22:16:28.911+0800][805.669s] GC(210) Humongous regions: 4->4
[2024-04-08T22:16:28.911+0800][805.669s] GC(210) Metaspace: 67560K(68416K)->67560K(68416K) NonClass: 59963K(60416K)->59963K(60416K) Class: 7596K(8000K)->7596K(8000K)
[2024-04-08T22:16:28.911+0800][805.669s] GC(210) Pause Young (Normal) (G1 Evacuation Pause) 355M->53M(512M) 4.114ms
[2024-04-08T22:16:28.911+0800][805.669s] GC(210) User=0.00s Sys=0.00s Real=0.00s
[2024-04-08T22:16:31.501+0800][808.259s] GC(211) Pause Young (Normal) (G1 Evacuation Pause)
[2024-04-08T22:16:31.501+0800][808.259s] GC(211) Using 13 workers of 13 for evacuation
[2024-04-08T22:16:31.505+0800][808.263s] GC(211)   Pre Evacuate Collection Set: 0.3ms
[2024-04-08T22:16:31.505+0800][808.264s] GC(211)   Merge Heap Roots: 0.2ms
[2024-04-08T22:16:31.505+0800][808.264s] GC(211)   Evacuate Collection Set: 2.3ms
[2024-04-08T22:16:31.505+0800][808.264s] GC(211)   Post Evacuate Collection Set: 1.1ms
[2024-04-08T22:16:31.506+0800][808.264s] GC(211)   Other: 0.2ms
[2024-04-08T22:16:31.506+0800][808.264s] GC(211) Eden regions: 302->0(305)
[2024-04-08T22:16:31.506+0800][808.264s] GC(211) Survivor regions: 5->2(39)
[2024-04-08T22:16:31.506+0800][808.264s] GC(211) Old regions: 46->49
[2024-04-08T22:16:31.506+0800][808.264s] GC(211) Humongous regions: 4->4
[2024-04-08T22:16:31.506+0800][808.264s] GC(211) Metaspace: 67560K(68416K)->67560K(68416K) NonClass: 59963K(60416K)->59963K(60416K) Class: 7596K(8000K)->7596K(8000K)
[2024-04-08T22:16:31.506+0800][808.264s] GC(211) Pause Young (Normal) (G1 Evacuation Pause) 355M->53M(512M) 4.660ms
[2024-04-08T22:16:31.506+0800][808.264s] GC(211) User=0.00s Sys=0.00s Real=0.01s
[2024-04-08T22:16:34.366+0800][811.125s] GC(212) Pause Young (Normal) (G1 Evacuation Pause)
[2024-04-08T22:16:34.367+0800][811.125s] GC(212) Using 13 workers of 13 for evacuation
[2024-04-08T22:16:34.370+0800][811.129s] GC(212)   Pre Evacuate Collection Set: 0.3ms
[2024-04-08T22:16:34.370+0800][811.129s] GC(212)   Merge Heap Roots: 0.2ms
[2024-04-08T22:16:34.370+0800][811.129s] GC(212)   Evacuate Collection Set: 1.9ms
[2024-04-08T22:16:34.371+0800][811.129s] GC(212)   Post Evacuate Collection Set: 1.1ms
[2024-04-08T22:16:34.371+0800][811.129s] GC(212)   Other: 0.4ms
[2024-04-08T22:16:34.371+0800][811.129s] GC(212) Eden regions: 305->0(305)
[2024-04-08T22:16:34.371+0800][811.129s] GC(212) Survivor regions: 2->2(39)
[2024-04-08T22:16:34.371+0800][811.129s] GC(212) Old regions: 49->49
[2024-04-08T22:16:34.371+0800][811.129s] GC(212) Humongous regions: 4->4
[2024-04-08T22:16:34.371+0800][811.130s] GC(212) Metaspace: 67560K(68416K)->67560K(68416K) NonClass: 59963K(60416K)->59963K(60416K) Class: 7596K(8000K)->7596K(8000K)
[2024-04-08T22:16:34.371+0800][811.130s] GC(212) Pause Young (Normal) (G1 Evacuation Pause) 358M->54M(512M) 4.777ms
[2024-04-08T22:16:34.371+0800][811.130s] GC(212) User=0.03s Sys=0.00s Real=0.01s
[2024-04-08T22:16:37.336+0800][814.094s] GC(213) Pause Young (Normal) (G1 Evacuation Pause)
[2024-04-08T22:16:37.336+0800][814.094s] GC(213) Using 13 workers of 13 for evacuation
[2024-04-08T22:16:37.340+0800][814.099s] GC(213)   Pre Evacuate Collection Set: 0.4ms
[2024-04-08T22:16:37.340+0800][814.099s] GC(213)   Merge Heap Roots: 0.2ms
[2024-04-08T22:16:37.340+0800][814.099s] GC(213)   Evacuate Collection Set: 2.6ms
[2024-04-08T22:16:37.340+0800][814.099s] GC(213)   Post Evacuate Collection Set: 1.0ms
[2024-04-08T22:16:37.340+0800][814.099s] GC(213)   Other: 0.2ms
[2024-04-08T22:16:37.341+0800][814.099s] GC(213) Eden regions: 305->0(305)
[2024-04-08T22:16:37.341+0800][814.099s] GC(213) Survivor regions: 2->2(39)
[2024-04-08T22:16:37.341+0800][814.099s] GC(213) Old regions: 49->49
[2024-04-08T22:16:37.341+0800][814.099s] GC(213) Humongous regions: 4->4
[2024-04-08T22:16:37.341+0800][814.099s] GC(213) Metaspace: 67560K(68416K)->67560K(68416K) NonClass: 59963K(60416K)->59963K(60416K) Class: 7596K(8000K)->7596K(8000K)
[2024-04-08T22:16:37.341+0800][814.099s] GC(213) Pause Young (Normal) (G1 Evacuation Pause) 359M->53M(512M) 5.460ms
[2024-04-08T22:16:37.341+0800][814.100s] GC(213) User=0.20s Sys=0.00s Real=0.01s
[2024-04-08T22:16:40.664+0800][817.422s] GC(214) Pause Young (Normal) (G1 Evacuation Pause)
[2024-04-08T22:16:40.664+0800][817.422s] GC(214) Using 13 workers of 13 for evacuation
[2024-04-08T22:16:40.668+0800][817.427s] GC(214)   Pre Evacuate Collection Set: 0.4ms
[2024-04-08T22:16:40.669+0800][817.427s] GC(214)   Merge Heap Roots: 0.3ms
[2024-04-08T22:16:40.669+0800][817.427s] GC(214)   Evacuate Collection Set: 2.4ms
[2024-04-08T22:16:40.669+0800][817.427s] GC(214)   Post Evacuate Collection Set: 1.1ms
[2024-04-08T22:16:40.669+0800][817.427s] GC(214)   Other: 0.3ms
[2024-04-08T22:16:40.669+0800][817.427s] GC(214) Eden regions: 305->0(305)
[2024-04-08T22:16:40.669+0800][817.427s] GC(214) Survivor regions: 2->2(39)
[2024-04-08T22:16:40.669+0800][817.427s] GC(214) Old regions: 49->49
[2024-04-08T22:16:40.669+0800][817.427s] GC(214) Humongous regions: 4->4
[2024-04-08T22:16:40.669+0800][817.427s] GC(214) Metaspace: 67560K(68416K)->67560K(68416K) NonClass: 59963K(60416K)->59963K(60416K) Class: 7596K(8000K)->7596K(8000K)
[2024-04-08T22:16:40.669+0800][817.428s] GC(214) Pause Young (Normal) (G1 Evacuation Pause) 358M->53M(512M) 5.759ms
[2024-04-08T22:16:40.670+0800][817.428s] GC(214) User=0.20s Sys=0.00s Real=0.01s
[2024-04-08T22:16:43.780+0800][820.538s] GC(215) Pause Young (Normal) (G1 Evacuation Pause)
[2024-04-08T22:16:43.780+0800][820.538s] GC(215) Using 13 workers of 13 for evacuation
[2024-04-08T22:16:43.781+0800][820.540s] GC(215)   Pre Evacuate Collection Set: 0.2ms
[2024-04-08T22:16:43.781+0800][820.540s] GC(215)   Merge Heap Roots: 0.1ms
[2024-04-08T22:16:43.781+0800][820.540s] GC(215)   Evacuate Collection Set: 0.9ms
[2024-04-08T22:16:43.782+0800][820.540s] GC(215)   Post Evacuate Collection Set: 0.5ms
[2024-04-08T22:16:43.782+0800][820.540s] GC(215)   Other: 0.1ms
[2024-04-08T22:16:43.782+0800][820.540s] GC(215) Eden regions: 305->0(305)
[2024-04-08T22:16:43.782+0800][820.540s] GC(215) Survivor regions: 2->2(39)
[2024-04-08T22:16:43.782+0800][820.540s] GC(215) Old regions: 49->49
[2024-04-08T22:16:43.782+0800][820.540s] GC(215) Humongous regions: 4->4
[2024-04-08T22:16:43.782+0800][820.540s] GC(215) Metaspace: 67560K(68416K)->67560K(68416K) NonClass: 59963K(60416K)->59963K(60416K) Class: 7596K(8000K)->7596K(8000K)
[2024-04-08T22:16:43.782+0800][820.540s] GC(215) Pause Young (Normal) (G1 Evacuation Pause) 358M->54M(512M) 2.238ms
[2024-04-08T22:16:43.782+0800][820.540s] GC(215) User=0.00s Sys=0.00s Real=0.00s
[2024-04-08T22:16:46.525+0800][823.283s] GC(216) Pause Young (Normal) (G1 Evacuation Pause)
[2024-04-08T22:16:46.525+0800][823.283s] GC(216) Using 13 workers of 13 for evacuation
[2024-04-08T22:16:46.529+0800][823.287s] GC(216)   Pre Evacuate Collection Set: 0.2ms
[2024-04-08T22:16:46.529+0800][823.287s] GC(216)   Merge Heap Roots: 0.1ms
[2024-04-08T22:16:46.529+0800][823.287s] GC(216)   Evacuate Collection Set: 2.2ms
[2024-04-08T22:16:46.529+0800][823.287s] GC(216)   Post Evacuate Collection Set: 1.3ms
[2024-04-08T22:16:46.529+0800][823.287s] GC(216)   Other: 0.2ms
[2024-04-08T22:16:46.529+0800][823.288s] GC(216) Eden regions: 305->0(305)
[2024-04-08T22:16:46.529+0800][823.288s] GC(216) Survivor regions: 2->2(39)
[2024-04-08T22:16:46.529+0800][823.288s] GC(216) Old regions: 49->49
[2024-04-08T22:16:46.529+0800][823.288s] GC(216) Humongous regions: 4->4
[2024-04-08T22:16:46.529+0800][823.288s] GC(216) Metaspace: 67560K(68416K)->67560K(68416K) NonClass: 59963K(60416K)->59963K(60416K) Class: 7596K(8000K)->7596K(8000K)
[2024-04-08T22:16:46.530+0800][823.288s] GC(216) Pause Young (Normal) (G1 Evacuation Pause) 359M->54M(512M) 4.643ms
[2024-04-08T22:16:46.530+0800][823.288s] GC(216) User=0.09s Sys=0.00s Real=0.00s
[2024-04-08T22:16:49.513+0800][826.271s] GC(217) Pause Young (Normal) (G1 Evacuation Pause)
[2024-04-08T22:16:49.513+0800][826.271s] GC(217) Using 13 workers of 13 for evacuation
[2024-04-08T22:16:49.515+0800][826.274s] GC(217)   Pre Evacuate Collection Set: 0.1ms
[2024-04-08T22:16:49.515+0800][826.274s] GC(217)   Merge Heap Roots: 0.1ms
[2024-04-08T22:16:49.515+0800][826.274s] GC(217)   Evacuate Collection Set: 1.5ms
[2024-04-08T22:16:49.515+0800][826.274s] GC(217)   Post Evacuate Collection Set: 0.7ms
[2024-04-08T22:16:49.515+0800][826.274s] GC(217)   Other: 0.1ms
[2024-04-08T22:16:49.515+0800][826.274s] GC(217) Eden regions: 305->0(305)
[2024-04-08T22:16:49.515+0800][826.274s] GC(217) Survivor regions: 2->2(39)
[2024-04-08T22:16:49.516+0800][826.274s] GC(217) Old regions: 49->49
[2024-04-08T22:16:49.516+0800][826.274s] GC(217) Humongous regions: 4->4
[2024-04-08T22:16:49.516+0800][826.274s] GC(217) Metaspace: 67560K(68416K)->67560K(68416K) NonClass: 59963K(60416K)->59963K(60416K) Class: 7596K(8000K)->7596K(8000K)
[2024-04-08T22:16:49.516+0800][826.274s] GC(217) Pause Young (Normal) (G1 Evacuation Pause) 359M->53M(512M) 2.958ms
[2024-04-08T22:16:49.516+0800][826.274s] GC(217) User=0.00s Sys=0.00s Real=0.00s
[2024-04-08T22:16:52.612+0800][829.370s] GC(218) Pause Young (Normal) (G1 Evacuation Pause)
[2024-04-08T22:16:52.612+0800][829.370s] GC(218) Using 13 workers of 13 for evacuation
[2024-04-08T22:16:52.615+0800][829.373s] GC(218)   Pre Evacuate Collection Set: 0.2ms
[2024-04-08T22:16:52.615+0800][829.373s] GC(218)   Merge Heap Roots: 0.1ms
[2024-04-08T22:16:52.615+0800][829.373s] GC(218)   Evacuate Collection Set: 1.6ms
[2024-04-08T22:16:52.615+0800][829.373s] GC(218)   Post Evacuate Collection Set: 0.9ms
[2024-04-08T22:16:52.615+0800][829.373s] GC(218)   Other: 0.1ms
[2024-04-08T22:16:52.615+0800][829.373s] GC(218) Eden regions: 305->0(305)
[2024-04-08T22:16:52.615+0800][829.373s] GC(218) Survivor regions: 2->2(39)
[2024-04-08T22:16:52.615+0800][829.373s] GC(218) Old regions: 49->49
[2024-04-08T22:16:52.615+0800][829.373s] GC(218) Humongous regions: 4->4
[2024-04-08T22:16:52.615+0800][829.373s] GC(218) Metaspace: 67560K(68416K)->67560K(68416K) NonClass: 59963K(60416K)->59963K(60416K) Class: 7596K(8000K)->7596K(8000K)
[2024-04-08T22:16:52.615+0800][829.373s] GC(218) Pause Young (Normal) (G1 Evacuation Pause) 358M->53M(512M) 3.275ms
[2024-04-08T22:16:52.615+0800][829.374s] GC(218) User=0.00s Sys=0.00s Real=0.00s
[2024-04-08T22:16:55.691+0800][832.450s] GC(219) Pause Young (Normal) (G1 Evacuation Pause)
[2024-04-08T22:16:55.692+0800][832.450s] GC(219) Using 13 workers of 13 for evacuation
[2024-04-08T22:16:55.695+0800][832.453s] GC(219)   Pre Evacuate Collection Set: 0.3ms
[2024-04-08T22:16:55.695+0800][832.454s] GC(219)   Merge Heap Roots: 0.2ms
[2024-04-08T22:16:55.695+0800][832.454s] GC(219)   Evacuate Collection Set: 2.2ms
[2024-04-08T22:16:55.695+0800][832.454s] GC(219)   Post Evacuate Collection Set: 0.5ms
[2024-04-08T22:16:55.695+0800][832.454s] GC(219)   Other: 0.3ms
[2024-04-08T22:16:55.695+0800][832.454s] GC(219) Eden regions: 305->0(305)
[2024-04-08T22:16:55.695+0800][832.454s] GC(219) Survivor regions: 2->2(39)
[2024-04-08T22:16:55.695+0800][832.454s] GC(219) Old regions: 49->49
[2024-04-08T22:16:55.695+0800][832.454s] GC(219) Humongous regions: 4->4
[2024-04-08T22:16:55.695+0800][832.454s] GC(219) Metaspace: 67560K(68416K)->67560K(68416K) NonClass: 59963K(60416K)->59963K(60416K) Class: 7596K(8000K)->7596K(8000K)
[2024-04-08T22:16:55.695+0800][832.454s] GC(219) Pause Young (Normal) (G1 Evacuation Pause) 358M->53M(512M) 4.031ms
[2024-04-08T22:16:55.695+0800][832.454s] GC(219) User=0.00s Sys=0.00s Real=0.00s
[2024-04-08T22:16:58.644+0800][835.402s] GC(220) Pause Young (Normal) (G1 Evacuation Pause)
[2024-04-08T22:16:58.644+0800][835.403s] GC(220) Using 13 workers of 13 for evacuation
[2024-04-08T22:16:58.647+0800][835.406s] GC(220)   Pre Evacuate Collection Set: 0.2ms
[2024-04-08T22:16:58.647+0800][835.406s] GC(220)   Merge Heap Roots: 0.1ms
[2024-04-08T22:16:58.647+0800][835.406s] GC(220)   Evacuate Collection Set: 2.1ms
[2024-04-08T22:16:58.647+0800][835.406s] GC(220)   Post Evacuate Collection Set: 0.6ms
[2024-04-08T22:16:58.647+0800][835.406s] GC(220)   Other: 0.1ms
[2024-04-08T22:16:58.647+0800][835.406s] GC(220) Eden regions: 305->0(305)
[2024-04-08T22:16:58.647+0800][835.406s] GC(220) Survivor regions: 2->2(39)
[2024-04-08T22:16:58.647+0800][835.406s] GC(220) Old regions: 49->49
[2024-04-08T22:16:58.647+0800][835.406s] GC(220) Humongous regions: 4->4
[2024-04-08T22:16:58.647+0800][835.406s] GC(220) Metaspace: 67560K(68416K)->67560K(68416K) NonClass: 59963K(60416K)->59963K(60416K) Class: 7596K(8000K)->7596K(8000K)
[2024-04-08T22:16:58.648+0800][835.406s] GC(220) Pause Young (Normal) (G1 Evacuation Pause) 358M->53M(512M) 3.524ms
[2024-04-08T22:16:58.648+0800][835.406s] GC(220) User=0.00s Sys=0.00s Real=0.00s
[2024-04-08T22:17:01.222+0800][837.981s] GC(221) Pause Young (Normal) (G1 Evacuation Pause)
[2024-04-08T22:17:01.222+0800][837.981s] GC(221) Using 13 workers of 13 for evacuation
[2024-04-08T22:17:01.225+0800][837.983s] GC(221)   Pre Evacuate Collection Set: 0.1ms
[2024-04-08T22:17:01.225+0800][837.983s] GC(221)   Merge Heap Roots: 0.1ms
[2024-04-08T22:17:01.225+0800][837.983s] GC(221)   Evacuate Collection Set: 1.5ms
[2024-04-08T22:17:01.225+0800][837.983s] GC(221)   Post Evacuate Collection Set: 0.5ms
[2024-04-08T22:17:01.225+0800][837.983s] GC(221)   Other: 0.1ms
[2024-04-08T22:17:01.225+0800][837.983s] GC(221) Eden regions: 305->0(305)
[2024-04-08T22:17:01.225+0800][837.983s] GC(221) Survivor regions: 2->2(39)
[2024-04-08T22:17:01.225+0800][837.983s] GC(221) Old regions: 49->49
[2024-04-08T22:17:01.225+0800][837.983s] GC(221) Humongous regions: 4->4
[2024-04-08T22:17:01.225+0800][837.983s] GC(221) Metaspace: 67560K(68416K)->67560K(68416K) NonClass: 59963K(60416K)->59963K(60416K) Class: 7596K(8000K)->7596K(8000K)
[2024-04-08T22:17:01.225+0800][837.983s] GC(221) Pause Young (Normal) (G1 Evacuation Pause) 358M->53M(512M) 2.633ms
[2024-04-08T22:17:01.225+0800][837.983s] GC(221) User=0.00s Sys=0.00s Real=0.00s
[2024-04-08T22:17:04.264+0800][841.022s] GC(222) Pause Young (Normal) (G1 Evacuation Pause)
[2024-04-08T22:17:04.264+0800][841.022s] GC(222) Using 13 workers of 13 for evacuation
[2024-04-08T22:17:04.270+0800][841.028s] GC(222)   Pre Evacuate Collection Set: 0.3ms
[2024-04-08T22:17:04.270+0800][841.028s] GC(222)   Merge Heap Roots: 0.2ms
[2024-04-08T22:17:04.270+0800][841.028s] GC(222)   Evacuate Collection Set: 3.5ms
[2024-04-08T22:17:04.270+0800][841.028s] GC(222)   Post Evacuate Collection Set: 1.3ms
[2024-04-08T22:17:04.270+0800][841.028s] GC(222)   Other: 0.3ms
[2024-04-08T22:17:04.270+0800][841.028s] GC(222) Eden regions: 305->0(304)
[2024-04-08T22:17:04.270+0800][841.029s] GC(222) Survivor regions: 2->3(39)
[2024-04-08T22:17:04.270+0800][841.029s] GC(222) Old regions: 49->49
[2024-04-08T22:17:04.270+0800][841.029s] GC(222) Humongous regions: 4->4
[2024-04-08T22:17:04.270+0800][841.029s] GC(222) Metaspace: 67560K(68416K)->67560K(68416K) NonClass: 59963K(60416K)->59963K(60416K) Class: 7596K(8000K)->7596K(8000K)
[2024-04-08T22:17:04.270+0800][841.029s] GC(222) Pause Young (Normal) (G1 Evacuation Pause) 358M->54M(512M) 6.784ms
[2024-04-08T22:17:04.271+0800][841.029s] GC(222) User=0.00s Sys=0.00s Real=0.01s
[2024-04-08T22:17:07.153+0800][843.912s] GC(223) Pause Young (Normal) (G1 Evacuation Pause)
[2024-04-08T22:17:07.153+0800][843.912s] GC(223) Using 13 workers of 13 for evacuation
[2024-04-08T22:17:07.157+0800][843.916s] GC(223)   Pre Evacuate Collection Set: 0.4ms
[2024-04-08T22:17:07.157+0800][843.916s] GC(223)   Merge Heap Roots: 0.2ms
[2024-04-08T22:17:07.157+0800][843.916s] GC(223)   Evacuate Collection Set: 2.3ms
[2024-04-08T22:17:07.157+0800][843.916s] GC(223)   Post Evacuate Collection Set: 0.9ms
[2024-04-08T22:17:07.157+0800][843.916s] GC(223)   Other: 0.2ms
[2024-04-08T22:17:07.158+0800][843.916s] GC(223) Eden regions: 304->0(305)
[2024-04-08T22:17:07.158+0800][843.916s] GC(223) Survivor regions: 3->2(39)
[2024-04-08T22:17:07.158+0800][843.916s] GC(223) Old regions: 49->49
[2024-04-08T22:17:07.158+0800][843.916s] GC(223) Humongous regions: 4->4
[2024-04-08T22:17:07.158+0800][843.916s] GC(223) Metaspace: 67560K(68416K)->67560K(68416K) NonClass: 59963K(60416K)->59963K(60416K) Class: 7596K(8000K)->7596K(8000K)
[2024-04-08T22:17:07.158+0800][843.916s] GC(223) Pause Young (Normal) (G1 Evacuation Pause) 358M->54M(512M) 4.757ms
[2024-04-08T22:17:07.158+0800][843.916s] GC(223) User=0.00s Sys=0.00s Real=0.00s
[2024-04-08T22:17:10.266+0800][847.024s] GC(224) Pause Young (Normal) (G1 Evacuation Pause)
[2024-04-08T22:17:10.266+0800][847.024s] GC(224) Using 13 workers of 13 for evacuation
[2024-04-08T22:17:10.271+0800][847.029s] GC(224)   Pre Evacuate Collection Set: 0.4ms
[2024-04-08T22:17:10.271+0800][847.029s] GC(224)   Merge Heap Roots: 0.2ms
[2024-04-08T22:17:10.271+0800][847.029s] GC(224)   Evacuate Collection Set: 3.0ms
[2024-04-08T22:17:10.271+0800][847.029s] GC(224)   Post Evacuate Collection Set: 1.0ms
[2024-04-08T22:17:10.271+0800][847.029s] GC(224)   Other: 0.2ms
[2024-04-08T22:17:10.271+0800][847.030s] GC(224) Eden regions: 305->0(305)
[2024-04-08T22:17:10.271+0800][847.030s] GC(224) Survivor regions: 2->2(39)
[2024-04-08T22:17:10.271+0800][847.030s] GC(224) Old regions: 49->49
[2024-04-08T22:17:10.271+0800][847.030s] GC(224) Humongous regions: 4->4
[2024-04-08T22:17:10.271+0800][847.030s] GC(224) Metaspace: 67560K(68416K)->67560K(68416K) NonClass: 59963K(60416K)->59963K(60416K) Class: 7596K(8000K)->7596K(8000K)
[2024-04-08T22:17:10.271+0800][847.030s] GC(224) Pause Young (Normal) (G1 Evacuation Pause) 359M->54M(512M) 5.663ms
[2024-04-08T22:17:10.271+0800][847.030s] GC(224) User=0.00s Sys=0.00s Real=0.00s
[2024-04-08T22:17:13.092+0800][849.851s] GC(225) Pause Young (Normal) (G1 Evacuation Pause)
[2024-04-08T22:17:13.092+0800][849.851s] GC(225) Using 13 workers of 13 for evacuation
[2024-04-08T22:17:13.095+0800][849.854s] GC(225)   Pre Evacuate Collection Set: 0.2ms
[2024-04-08T22:17:13.095+0800][849.854s] GC(225)   Merge Heap Roots: 0.1ms
[2024-04-08T22:17:13.095+0800][849.854s] GC(225)   Evacuate Collection Set: 1.7ms
[2024-04-08T22:17:13.095+0800][849.854s] GC(225)   Post Evacuate Collection Set: 0.7ms
[2024-04-08T22:17:13.095+0800][849.854s] GC(225)   Other: 0.1ms
[2024-04-08T22:17:13.095+0800][849.854s] GC(225) Eden regions: 305->0(305)
[2024-04-08T22:17:13.095+0800][849.854s] GC(225) Survivor regions: 2->2(39)
[2024-04-08T22:17:13.095+0800][849.854s] GC(225) Old regions: 49->49
[2024-04-08T22:17:13.095+0800][849.854s] GC(225) Humongous regions: 4->4
[2024-04-08T22:17:13.095+0800][849.854s] GC(225) Metaspace: 67560K(68416K)->67560K(68416K) NonClass: 59963K(60416K)->59963K(60416K) Class: 7596K(8000K)->7596K(8000K)
[2024-04-08T22:17:13.095+0800][849.854s] GC(225) Pause Young (Normal) (G1 Evacuation Pause) 359M->54M(512M) 3.054ms
[2024-04-08T22:17:13.095+0800][849.854s] GC(225) User=0.00s Sys=0.00s Real=0.00s
[2024-04-08T22:17:15.703+0800][852.462s] GC(226) Pause Young (Normal) (G1 Evacuation Pause)
[2024-04-08T22:17:15.703+0800][852.462s] GC(226) Using 13 workers of 13 for evacuation
[2024-04-08T22:17:15.706+0800][852.465s] GC(226)   Pre Evacuate Collection Set: 0.1ms
[2024-04-08T22:17:15.706+0800][852.465s] GC(226)   Merge Heap Roots: 0.1ms
[2024-04-08T22:17:15.706+0800][852.465s] GC(226)   Evacuate Collection Set: 1.6ms
[2024-04-08T22:17:15.706+0800][852.465s] GC(226)   Post Evacuate Collection Set: 0.5ms
[2024-04-08T22:17:15.706+0800][852.465s] GC(226)   Other: 0.2ms
[2024-04-08T22:17:15.706+0800][852.465s] GC(226) Eden regions: 305->0(305)
[2024-04-08T22:17:15.706+0800][852.465s] GC(226) Survivor regions: 2->2(39)
[2024-04-08T22:17:15.706+0800][852.465s] GC(226) Old regions: 49->49
[2024-04-08T22:17:15.706+0800][852.465s] GC(226) Humongous regions: 4->4
[2024-04-08T22:17:15.706+0800][852.465s] GC(226) Metaspace: 67560K(68416K)->67560K(68416K) NonClass: 59964K(60416K)->59964K(60416K) Class: 7596K(8000K)->7596K(8000K)
[2024-04-08T22:17:15.706+0800][852.465s] GC(226) Pause Young (Normal) (G1 Evacuation Pause) 359M->54M(512M) 2.816ms
[2024-04-08T22:17:15.706+0800][852.465s] GC(226) User=0.00s Sys=0.00s Real=0.00s
[2024-04-08T22:17:18.383+0800][855.142s] GC(227) Pause Young (Normal) (G1 Evacuation Pause)
[2024-04-08T22:17:18.383+0800][855.142s] GC(227) Using 13 workers of 13 for evacuation
[2024-04-08T22:17:18.385+0800][855.144s] GC(227)   Pre Evacuate Collection Set: 0.1ms
[2024-04-08T22:17:18.385+0800][855.144s] GC(227)   Merge Heap Roots: 0.1ms
[2024-04-08T22:17:18.385+0800][855.144s] GC(227)   Evacuate Collection Set: 1.3ms
[2024-04-08T22:17:18.385+0800][855.144s] GC(227)   Post Evacuate Collection Set: 0.4ms
[2024-04-08T22:17:18.385+0800][855.144s] GC(227)   Other: 0.1ms
[2024-04-08T22:17:18.386+0800][855.145s] GC(227) Eden regions: 305->0(305)
[2024-04-08T22:17:18.386+0800][855.145s] GC(227) Survivor regions: 2->2(39)
[2024-04-08T22:17:18.386+0800][855.145s] GC(227) Old regions: 49->49
[2024-04-08T22:17:18.386+0800][855.145s] GC(227) Humongous regions: 4->4
[2024-04-08T22:17:18.386+0800][855.145s] GC(227) Metaspace: 67560K(68416K)->67560K(68416K) NonClass: 59964K(60416K)->59964K(60416K) Class: 7596K(8000K)->7596K(8000K)
[2024-04-08T22:17:18.386+0800][855.145s] GC(227) Pause Young (Normal) (G1 Evacuation Pause) 359M->54M(512M) 2.345ms
[2024-04-08T22:17:18.386+0800][855.145s] GC(227) User=0.02s Sys=0.00s Real=0.00s
[2024-04-08T22:17:21.159+0800][857.918s] GC(228) Pause Young (Normal) (G1 Evacuation Pause)
[2024-04-08T22:17:21.159+0800][857.918s] GC(228) Using 13 workers of 13 for evacuation
[2024-04-08T22:17:21.165+0800][857.924s] GC(228)   Pre Evacuate Collection Set: 0.3ms
[2024-04-08T22:17:21.165+0800][857.924s] GC(228)   Merge Heap Roots: 0.2ms
[2024-04-08T22:17:21.165+0800][857.924s] GC(228)   Evacuate Collection Set: 3.6ms
[2024-04-08T22:17:21.165+0800][857.924s] GC(228)   Post Evacuate Collection Set: 1.5ms
[2024-04-08T22:17:21.165+0800][857.924s] GC(228)   Other: 0.3ms
[2024-04-08T22:17:21.166+0800][857.924s] GC(228) Eden regions: 305->0(305)
[2024-04-08T22:17:21.166+0800][857.925s] GC(228) Survivor regions: 2->2(39)
[2024-04-08T22:17:21.166+0800][857.925s] GC(228) Old regions: 49->49
[2024-04-08T22:17:21.166+0800][857.925s] GC(228) Humongous regions: 4->4
[2024-04-08T22:17:21.166+0800][857.925s] GC(228) Metaspace: 67560K(68416K)->67560K(68416K) NonClass: 59964K(60416K)->59964K(60416K) Class: 7596K(8000K)->7596K(8000K)
[2024-04-08T22:17:21.166+0800][857.925s] GC(228) Pause Young (Normal) (G1 Evacuation Pause) 359M->54M(512M) 7.171ms
[2024-04-08T22:17:21.166+0800][857.925s] GC(228) User=0.00s Sys=0.02s Real=0.01s
[2024-04-08T22:17:24.279+0800][861.038s] GC(229) Pause Young (Normal) (G1 Evacuation Pause)
[2024-04-08T22:17:24.279+0800][861.038s] GC(229) Using 13 workers of 13 for evacuation
[2024-04-08T22:17:24.282+0800][861.041s] GC(229)   Pre Evacuate Collection Set: 0.2ms
[2024-04-08T22:17:24.282+0800][861.041s] GC(229)   Merge Heap Roots: 0.1ms
[2024-04-08T22:17:24.282+0800][861.041s] GC(229)   Evacuate Collection Set: 2.2ms
[2024-04-08T22:17:24.282+0800][861.041s] GC(229)   Post Evacuate Collection Set: 0.7ms
[2024-04-08T22:17:24.282+0800][861.041s] GC(229)   Other: 0.1ms
[2024-04-08T22:17:24.282+0800][861.041s] GC(229) Eden regions: 305->0(305)
[2024-04-08T22:17:24.283+0800][861.041s] GC(229) Survivor regions: 2->2(39)
[2024-04-08T22:17:24.283+0800][861.042s] GC(229) Old regions: 49->49
[2024-04-08T22:17:24.283+0800][861.042s] GC(229) Humongous regions: 4->4
[2024-04-08T22:17:24.283+0800][861.042s] GC(229) Metaspace: 67561K(68416K)->67561K(68416K) NonClass: 59964K(60416K)->59964K(60416K) Class: 7596K(8000K)->7596K(8000K)
[2024-04-08T22:17:24.283+0800][861.042s] GC(229) Pause Young (Normal) (G1 Evacuation Pause) 359M->54M(512M) 3.831ms
[2024-04-08T22:17:24.283+0800][861.042s] GC(229) User=0.00s Sys=0.00s Real=0.00s
[2024-04-08T22:17:27.199+0800][863.958s] GC(230) Pause Young (Normal) (G1 Evacuation Pause)
[2024-04-08T22:17:27.199+0800][863.958s] GC(230) Using 13 workers of 13 for evacuation
[2024-04-08T22:17:27.202+0800][863.961s] GC(230)   Pre Evacuate Collection Set: 0.2ms
[2024-04-08T22:17:27.202+0800][863.961s] GC(230)   Merge Heap Roots: 0.1ms
[2024-04-08T22:17:27.202+0800][863.961s] GC(230)   Evacuate Collection Set: 1.9ms
[2024-04-08T22:17:27.202+0800][863.961s] GC(230)   Post Evacuate Collection Set: 0.7ms
[2024-04-08T22:17:27.202+0800][863.961s] GC(230)   Other: 0.1ms
[2024-04-08T22:17:27.202+0800][863.961s] GC(230) Eden regions: 305->0(305)
[2024-04-08T22:17:27.202+0800][863.961s] GC(230) Survivor regions: 2->2(39)
[2024-04-08T22:17:27.203+0800][863.961s] GC(230) Old regions: 49->49
[2024-04-08T22:17:27.203+0800][863.962s] GC(230) Humongous regions: 4->4
[2024-04-08T22:17:27.203+0800][863.962s] GC(230) Metaspace: 67562K(68416K)->67562K(68416K) NonClass: 59965K(60416K)->59965K(60416K) Class: 7596K(8000K)->7596K(8000K)
[2024-04-08T22:17:27.203+0800][863.962s] GC(230) Pause Young (Normal) (G1 Evacuation Pause) 359M->54M(512M) 3.442ms
[2024-04-08T22:17:27.203+0800][863.962s] GC(230) User=0.00s Sys=0.00s Real=0.00s
[2024-04-08T22:17:30.241+0800][867.000s] GC(231) Pause Young (Normal) (G1 Evacuation Pause)
[2024-04-08T22:17:30.242+0800][867.001s] GC(231) Using 13 workers of 13 for evacuation
[2024-04-08T22:17:30.245+0800][867.004s] GC(231)   Pre Evacuate Collection Set: 0.2ms
[2024-04-08T22:17:30.245+0800][867.004s] GC(231)   Merge Heap Roots: 0.2ms
[2024-04-08T22:17:30.245+0800][867.004s] GC(231)   Evacuate Collection Set: 1.8ms
[2024-04-08T22:17:30.245+0800][867.004s] GC(231)   Post Evacuate Collection Set: 0.7ms
[2024-04-08T22:17:30.245+0800][867.004s] GC(231)   Other: 0.2ms
[2024-04-08T22:17:30.245+0800][867.004s] GC(231) Eden regions: 305->0(305)
[2024-04-08T22:17:30.245+0800][867.004s] GC(231) Survivor regions: 2->2(39)
[2024-04-08T22:17:30.245+0800][867.004s] GC(231) Old regions: 49->49
[2024-04-08T22:17:30.245+0800][867.004s] GC(231) Humongous regions: 4->4
[2024-04-08T22:17:30.245+0800][867.004s] GC(231) Metaspace: 67562K(68416K)->67562K(68416K) NonClass: 59965K(60416K)->59965K(60416K) Class: 7596K(8000K)->7596K(8000K)
[2024-04-08T22:17:30.245+0800][867.004s] GC(231) Pause Young (Normal) (G1 Evacuation Pause) 359M->54M(512M) 3.351ms
[2024-04-08T22:17:30.245+0800][867.004s] GC(231) User=0.03s Sys=0.00s Real=0.00s
[2024-04-08T22:17:32.985+0800][869.744s] GC(232) Pause Young (Normal) (G1 Evacuation Pause)
[2024-04-08T22:17:32.985+0800][869.744s] GC(232) Using 13 workers of 13 for evacuation
[2024-04-08T22:17:32.988+0800][869.747s] GC(232)   Pre Evacuate Collection Set: 0.2ms
[2024-04-08T22:17:32.988+0800][869.747s] GC(232)   Merge Heap Roots: 0.1ms
[2024-04-08T22:17:32.988+0800][869.747s] GC(232)   Evacuate Collection Set: 1.6ms
[2024-04-08T22:17:32.988+0800][869.747s] GC(232)   Post Evacuate Collection Set: 0.6ms
[2024-04-08T22:17:32.988+0800][869.747s] GC(232)   Other: 0.2ms
[2024-04-08T22:17:32.988+0800][869.747s] GC(232) Eden regions: 305->0(305)
[2024-04-08T22:17:32.988+0800][869.747s] GC(232) Survivor regions: 2->2(39)
[2024-04-08T22:17:32.988+0800][869.747s] GC(232) Old regions: 49->49
[2024-04-08T22:17:32.988+0800][869.747s] GC(232) Humongous regions: 4->4
[2024-04-08T22:17:32.988+0800][869.747s] GC(232) Metaspace: 67562K(68416K)->67562K(68416K) NonClass: 59965K(60416K)->59965K(60416K) Class: 7596K(8000K)->7596K(8000K)
[2024-04-08T22:17:32.988+0800][869.747s] GC(232) Pause Young (Normal) (G1 Evacuation Pause) 359M->54M(512M) 3.174ms
[2024-04-08T22:17:32.988+0800][869.747s] GC(232) User=0.00s Sys=0.00s Real=0.00s
[2024-04-08T22:17:35.620+0800][872.378s] GC(233) Pause Young (Normal) (G1 Evacuation Pause)
[2024-04-08T22:17:35.620+0800][872.378s] GC(233) Using 13 workers of 13 for evacuation
[2024-04-08T22:17:35.623+0800][872.381s] GC(233)   Pre Evacuate Collection Set: 0.2ms
[2024-04-08T22:17:35.623+0800][872.381s] GC(233)   Merge Heap Roots: 0.1ms
[2024-04-08T22:17:35.623+0800][872.381s] GC(233)   Evacuate Collection Set: 2.1ms
[2024-04-08T22:17:35.623+0800][872.381s] GC(233)   Post Evacuate Collection Set: 0.9ms
[2024-04-08T22:17:35.623+0800][872.382s] GC(233)   Other: 0.2ms
[2024-04-08T22:17:35.623+0800][872.382s] GC(233) Eden regions: 305->0(305)
[2024-04-08T22:17:35.623+0800][872.382s] GC(233) Survivor regions: 2->2(39)
[2024-04-08T22:17:35.624+0800][872.382s] GC(233) Old regions: 49->49
[2024-04-08T22:17:35.624+0800][872.382s] GC(233) Humongous regions: 4->4
[2024-04-08T22:17:35.624+0800][872.382s] GC(233) Metaspace: 67562K(68416K)->67562K(68416K) NonClass: 59965K(60416K)->59965K(60416K) Class: 7596K(8000K)->7596K(8000K)
[2024-04-08T22:17:35.624+0800][872.382s] GC(233) Pause Young (Normal) (G1 Evacuation Pause) 359M->54M(512M) 4.070ms
[2024-04-08T22:17:35.624+0800][872.382s] GC(233) User=0.00s Sys=0.00s Real=0.00s
[2024-04-08T22:17:38.564+0800][875.322s] GC(234) Pause Young (Normal) (G1 Evacuation Pause)
[2024-04-08T22:17:38.564+0800][875.322s] GC(234) Using 13 workers of 13 for evacuation
[2024-04-08T22:17:38.567+0800][875.325s] GC(234)   Pre Evacuate Collection Set: 0.2ms
[2024-04-08T22:17:38.567+0800][875.325s] GC(234)   Merge Heap Roots: 0.2ms
[2024-04-08T22:17:38.567+0800][875.325s] GC(234)   Evacuate Collection Set: 1.6ms
[2024-04-08T22:17:38.567+0800][875.325s] GC(234)   Post Evacuate Collection Set: 0.8ms
[2024-04-08T22:17:38.567+0800][875.325s] GC(234)   Other: 0.1ms
[2024-04-08T22:17:38.567+0800][875.325s] GC(234) Eden regions: 305->0(305)
[2024-04-08T22:17:38.567+0800][875.325s] GC(234) Survivor regions: 2->2(39)
[2024-04-08T22:17:38.567+0800][875.325s] GC(234) Old regions: 49->49
[2024-04-08T22:17:38.567+0800][875.325s] GC(234) Humongous regions: 4->4
[2024-04-08T22:17:38.567+0800][875.325s] GC(234) Metaspace: 67562K(68416K)->67562K(68416K) NonClass: 59965K(60416K)->59965K(60416K) Class: 7596K(8000K)->7596K(8000K)
[2024-04-08T22:17:38.567+0800][875.325s] GC(234) Pause Young (Normal) (G1 Evacuation Pause) 359M->54M(512M) 3.204ms
[2024-04-08T22:17:38.567+0800][875.325s] GC(234) User=0.00s Sys=0.00s Real=0.00s
[2024-04-08T22:17:41.642+0800][878.400s] GC(235) Pause Young (Normal) (G1 Evacuation Pause)
[2024-04-08T22:17:41.642+0800][878.400s] GC(235) Using 13 workers of 13 for evacuation
[2024-04-08T22:17:41.645+0800][878.403s] GC(235)   Pre Evacuate Collection Set: 0.2ms
[2024-04-08T22:17:41.645+0800][878.403s] GC(235)   Merge Heap Roots: 0.1ms
[2024-04-08T22:17:41.645+0800][878.403s] GC(235)   Evacuate Collection Set: 1.7ms
[2024-04-08T22:17:41.645+0800][878.403s] GC(235)   Post Evacuate Collection Set: 0.8ms
[2024-04-08T22:17:41.645+0800][878.403s] GC(235)   Other: 0.1ms
[2024-04-08T22:17:41.645+0800][878.403s] GC(235) Eden regions: 305->0(305)
[2024-04-08T22:17:41.645+0800][878.403s] GC(235) Survivor regions: 2->2(39)
[2024-04-08T22:17:41.645+0800][878.403s] GC(235) Old regions: 49->50
[2024-04-08T22:17:41.645+0800][878.403s] GC(235) Humongous regions: 4->4
[2024-04-08T22:17:41.645+0800][878.403s] GC(235) Metaspace: 67562K(68416K)->67562K(68416K) NonClass: 59965K(60416K)->59965K(60416K) Class: 7596K(8000K)->7596K(8000K)
[2024-04-08T22:17:41.645+0800][878.403s] GC(235) Pause Young (Normal) (G1 Evacuation Pause) 359M->54M(512M) 3.380ms
[2024-04-08T22:17:41.645+0800][878.403s] GC(235) User=0.00s Sys=0.00s Real=0.00s
[2024-04-08T22:17:44.788+0800][881.547s] GC(236) Pause Young (Normal) (G1 Evacuation Pause)
[2024-04-08T22:17:44.789+0800][881.547s] GC(236) Using 13 workers of 13 for evacuation
[2024-04-08T22:17:44.793+0800][881.551s] GC(236)   Pre Evacuate Collection Set: 0.4ms
[2024-04-08T22:17:44.793+0800][881.551s] GC(236)   Merge Heap Roots: 0.2ms
[2024-04-08T22:17:44.793+0800][881.551s] GC(236)   Evacuate Collection Set: 2.4ms
[2024-04-08T22:17:44.793+0800][881.551s] GC(236)   Post Evacuate Collection Set: 0.9ms
[2024-04-08T22:17:44.793+0800][881.551s] GC(236)   Other: 0.2ms
[2024-04-08T22:17:44.793+0800][881.551s] GC(236) Eden regions: 305->0(305)
[2024-04-08T22:17:44.793+0800][881.551s] GC(236) Survivor regions: 2->2(39)
[2024-04-08T22:17:44.793+0800][881.551s] GC(236) Old regions: 50->50
[2024-04-08T22:17:44.793+0800][881.551s] GC(236) Humongous regions: 4->4
[2024-04-08T22:17:44.793+0800][881.551s] GC(236) Metaspace: 67562K(68416K)->67562K(68416K) NonClass: 59965K(60416K)->59965K(60416K) Class: 7596K(8000K)->7596K(8000K)
[2024-04-08T22:17:44.793+0800][881.551s] GC(236) Pause Young (Normal) (G1 Evacuation Pause) 359M->54M(512M) 4.642ms
[2024-04-08T22:17:44.793+0800][881.551s] GC(236) User=0.03s Sys=0.00s Real=0.00s
[2024-04-08T22:17:47.551+0800][884.310s] GC(237) Pause Young (Normal) (G1 Evacuation Pause)
[2024-04-08T22:17:47.551+0800][884.310s] GC(237) Using 13 workers of 13 for evacuation
[2024-04-08T22:17:47.553+0800][884.312s] GC(237)   Pre Evacuate Collection Set: 0.1ms
[2024-04-08T22:17:47.553+0800][884.312s] GC(237)   Merge Heap Roots: 0.1ms
[2024-04-08T22:17:47.553+0800][884.312s] GC(237)   Evacuate Collection Set: 1.4ms
[2024-04-08T22:17:47.553+0800][884.312s] GC(237)   Post Evacuate Collection Set: 0.4ms
[2024-04-08T22:17:47.553+0800][884.312s] GC(237)   Other: 0.1ms
[2024-04-08T22:17:47.553+0800][884.312s] GC(237) Eden regions: 305->0(305)
[2024-04-08T22:17:47.553+0800][884.312s] GC(237) Survivor regions: 2->2(39)
[2024-04-08T22:17:47.553+0800][884.312s] GC(237) Old regions: 50->50
[2024-04-08T22:17:47.553+0800][884.312s] GC(237) Humongous regions: 4->4
[2024-04-08T22:17:47.554+0800][884.312s] GC(237) Metaspace: 67562K(68416K)->67562K(68416K) NonClass: 59965K(60416K)->59965K(60416K) Class: 7596K(8000K)->7596K(8000K)
[2024-04-08T22:17:47.554+0800][884.312s] GC(237) Pause Young (Normal) (G1 Evacuation Pause) 359M->54M(512M) 2.529ms
[2024-04-08T22:17:47.554+0800][884.312s] GC(237) User=0.00s Sys=0.00s Real=0.00s
[2024-04-08T22:17:50.473+0800][887.231s] GC(238) Pause Young (Normal) (G1 Evacuation Pause)
[2024-04-08T22:17:50.473+0800][887.231s] GC(238) Using 13 workers of 13 for evacuation
[2024-04-08T22:17:50.476+0800][887.234s] GC(238)   Pre Evacuate Collection Set: 0.2ms
[2024-04-08T22:17:50.476+0800][887.234s] GC(238)   Merge Heap Roots: 0.1ms
[2024-04-08T22:17:50.476+0800][887.234s] GC(238)   Evacuate Collection Set: 1.5ms
[2024-04-08T22:17:50.476+0800][887.234s] GC(238)   Post Evacuate Collection Set: 0.5ms
[2024-04-08T22:17:50.476+0800][887.234s] GC(238)   Other: 0.2ms
[2024-04-08T22:17:50.476+0800][887.234s] GC(238) Eden regions: 305->0(305)
[2024-04-08T22:17:50.476+0800][887.234s] GC(238) Survivor regions: 2->2(39)
[2024-04-08T22:17:50.476+0800][887.234s] GC(238) Old regions: 50->50
[2024-04-08T22:17:50.476+0800][887.234s] GC(238) Humongous regions: 4->4
[2024-04-08T22:17:50.476+0800][887.234s] GC(238) Metaspace: 67562K(68416K)->67562K(68416K) NonClass: 59965K(60416K)->59965K(60416K) Class: 7596K(8000K)->7596K(8000K)
[2024-04-08T22:17:50.476+0800][887.234s] GC(238) Pause Young (Normal) (G1 Evacuation Pause) 359M->54M(512M) 2.985ms
[2024-04-08T22:17:50.476+0800][887.234s] GC(238) User=0.00s Sys=0.00s Real=0.00s
[2024-04-08T22:17:53.449+0800][890.208s] GC(239) Pause Young (Normal) (G1 Evacuation Pause)
[2024-04-08T22:17:53.450+0800][890.208s] GC(239) Using 13 workers of 13 for evacuation
[2024-04-08T22:17:53.452+0800][890.210s] GC(239)   Pre Evacuate Collection Set: 0.2ms
[2024-04-08T22:17:53.452+0800][890.210s] GC(239)   Merge Heap Roots: 0.1ms
[2024-04-08T22:17:53.452+0800][890.210s] GC(239)   Evacuate Collection Set: 1.4ms
[2024-04-08T22:17:53.452+0800][890.210s] GC(239)   Post Evacuate Collection Set: 0.6ms
[2024-04-08T22:17:53.452+0800][890.210s] GC(239)   Other: 0.1ms
[2024-04-08T22:17:53.452+0800][890.210s] GC(239) Eden regions: 305->0(305)
[2024-04-08T22:17:53.452+0800][890.210s] GC(239) Survivor regions: 2->2(39)
[2024-04-08T22:17:53.452+0800][890.210s] GC(239) Old regions: 50->50
[2024-04-08T22:17:53.452+0800][890.210s] GC(239) Humongous regions: 4->4
[2024-04-08T22:17:53.452+0800][890.210s] GC(239) Metaspace: 67562K(68416K)->67562K(68416K) NonClass: 59965K(60416K)->59965K(60416K) Class: 7596K(8000K)->7596K(8000K)
[2024-04-08T22:17:53.452+0800][890.210s] GC(239) Pause Young (Normal) (G1 Evacuation Pause) 359M->54M(512M) 2.744ms
[2024-04-08T22:17:53.452+0800][890.210s] GC(239) User=0.00s Sys=0.00s Real=0.00s
[2024-04-08T22:17:56.729+0800][893.487s] GC(240) Pause Young (Normal) (G1 Evacuation Pause)
[2024-04-08T22:17:56.729+0800][893.487s] GC(240) Using 13 workers of 13 for evacuation
[2024-04-08T22:17:56.733+0800][893.491s] GC(240)   Pre Evacuate Collection Set: 0.2ms
[2024-04-08T22:17:56.733+0800][893.491s] GC(240)   Merge Heap Roots: 0.2ms
[2024-04-08T22:17:56.733+0800][893.491s] GC(240)   Evacuate Collection Set: 2.2ms
[2024-04-08T22:17:56.733+0800][893.491s] GC(240)   Post Evacuate Collection Set: 1.0ms
[2024-04-08T22:17:56.733+0800][893.491s] GC(240)   Other: 0.2ms
[2024-04-08T22:17:56.733+0800][893.491s] GC(240) Eden regions: 305->0(305)
[2024-04-08T22:17:56.733+0800][893.491s] GC(240) Survivor regions: 2->2(39)
[2024-04-08T22:17:56.733+0800][893.491s] GC(240) Old regions: 50->50
[2024-04-08T22:17:56.733+0800][893.491s] GC(240) Humongous regions: 4->4
[2024-04-08T22:17:56.733+0800][893.491s] GC(240) Metaspace: 67562K(68416K)->67562K(68416K) NonClass: 59965K(60416K)->59965K(60416K) Class: 7596K(8000K)->7596K(8000K)
[2024-04-08T22:17:56.733+0800][893.491s] GC(240) Pause Young (Normal) (G1 Evacuation Pause) 359M->54M(512M) 4.277ms
[2024-04-08T22:17:56.733+0800][893.491s] GC(240) User=0.00s Sys=0.00s Real=0.00s
[2024-04-08T22:17:59.991+0800][896.750s] GC(241) Pause Young (Normal) (G1 Evacuation Pause)
[2024-04-08T22:17:59.991+0800][896.750s] GC(241) Using 13 workers of 13 for evacuation
[2024-04-08T22:17:59.996+0800][896.754s] GC(241)   Pre Evacuate Collection Set: 0.3ms
[2024-04-08T22:17:59.996+0800][896.754s] GC(241)   Merge Heap Roots: 0.2ms
[2024-04-08T22:17:59.996+0800][896.754s] GC(241)   Evacuate Collection Set: 2.7ms
[2024-04-08T22:17:59.996+0800][896.754s] GC(241)   Post Evacuate Collection Set: 1.0ms
[2024-04-08T22:17:59.996+0800][896.754s] GC(241)   Other: 0.2ms
[2024-04-08T22:17:59.996+0800][896.754s] GC(241) Eden regions: 305->0(305)
[2024-04-08T22:17:59.996+0800][896.754s] GC(241) Survivor regions: 2->2(39)
[2024-04-08T22:17:59.996+0800][896.754s] GC(241) Old regions: 50->50
[2024-04-08T22:17:59.996+0800][896.755s] GC(241) Humongous regions: 4->4
[2024-04-08T22:17:59.996+0800][896.755s] GC(241) Metaspace: 67562K(68416K)->67562K(68416K) NonClass: 59965K(60416K)->59965K(60416K) Class: 7596K(8000K)->7596K(8000K)
[2024-04-08T22:17:59.996+0800][896.755s] GC(241) Pause Young (Normal) (G1 Evacuation Pause) 359M->54M(512M) 5.036ms
[2024-04-08T22:17:59.996+0800][896.755s] GC(241) User=0.20s Sys=0.00s Real=0.01s
[2024-04-08T22:18:02.785+0800][899.543s] GC(242) Pause Young (Normal) (G1 Evacuation Pause)
[2024-04-08T22:18:02.785+0800][899.543s] GC(242) Using 13 workers of 13 for evacuation
[2024-04-08T22:18:02.787+0800][899.546s] GC(242)   Pre Evacuate Collection Set: 0.1ms
[2024-04-08T22:18:02.787+0800][899.546s] GC(242)   Merge Heap Roots: 0.1ms
[2024-04-08T22:18:02.787+0800][899.546s] GC(242)   Evacuate Collection Set: 1.6ms
[2024-04-08T22:18:02.787+0800][899.546s] GC(242)   Post Evacuate Collection Set: 0.6ms
[2024-04-08T22:18:02.787+0800][899.546s] GC(242)   Other: 0.1ms
[2024-04-08T22:18:02.787+0800][899.546s] GC(242) Eden regions: 305->0(305)
[2024-04-08T22:18:02.787+0800][899.546s] GC(242) Survivor regions: 2->2(39)
[2024-04-08T22:18:02.787+0800][899.546s] GC(242) Old regions: 50->50
[2024-04-08T22:18:02.787+0800][899.546s] GC(242) Humongous regions: 4->4
[2024-04-08T22:18:02.787+0800][899.546s] GC(242) Metaspace: 67562K(68416K)->67562K(68416K) NonClass: 59965K(60416K)->59965K(60416K) Class: 7596K(8000K)->7596K(8000K)
[2024-04-08T22:18:02.787+0800][899.546s] GC(242) Pause Young (Normal) (G1 Evacuation Pause) 359M->54M(512M) 2.830ms
[2024-04-08T22:18:02.787+0800][899.546s] GC(242) User=0.00s Sys=0.00s Real=0.00s
[2024-04-08T22:18:05.364+0800][902.122s] GC(243) Pause Young (Normal) (G1 Evacuation Pause)
[2024-04-08T22:18:05.364+0800][902.122s] GC(243) Using 13 workers of 13 for evacuation
[2024-04-08T22:18:05.366+0800][902.125s] GC(243)   Pre Evacuate Collection Set: 0.1ms
[2024-04-08T22:18:05.366+0800][902.125s] GC(243)   Merge Heap Roots: 0.1ms
[2024-04-08T22:18:05.367+0800][902.125s] GC(243)   Evacuate Collection Set: 1.6ms
[2024-04-08T22:18:05.367+0800][902.125s] GC(243)   Post Evacuate Collection Set: 0.6ms
[2024-04-08T22:18:05.367+0800][902.125s] GC(243)   Other: 0.1ms
[2024-04-08T22:18:05.367+0800][902.125s] GC(243) Eden regions: 305->0(305)
[2024-04-08T22:18:05.367+0800][902.125s] GC(243) Survivor regions: 2->2(39)
[2024-04-08T22:18:05.367+0800][902.125s] GC(243) Old regions: 50->50
[2024-04-08T22:18:05.367+0800][902.125s] GC(243) Humongous regions: 4->4
[2024-04-08T22:18:05.367+0800][902.125s] GC(243) Metaspace: 67562K(68416K)->67562K(68416K) NonClass: 59965K(60416K)->59965K(60416K) Class: 7596K(8000K)->7596K(8000K)
[2024-04-08T22:18:05.367+0800][902.125s] GC(243) Pause Young (Normal) (G1 Evacuation Pause) 359M->54M(512M) 2.917ms
[2024-04-08T22:18:05.367+0800][902.125s] GC(243) User=0.00s Sys=0.00s Real=0.00s
[2024-04-08T22:18:08.189+0800][904.948s] GC(244) Pause Young (Normal) (G1 Evacuation Pause)
[2024-04-08T22:18:08.189+0800][904.948s] GC(244) Using 13 workers of 13 for evacuation
[2024-04-08T22:18:08.193+0800][904.952s] GC(244)   Pre Evacuate Collection Set: 0.2ms
[2024-04-08T22:18:08.193+0800][904.952s] GC(244)   Merge Heap Roots: 0.2ms
[2024-04-08T22:18:08.193+0800][904.952s] GC(244)   Evacuate Collection Set: 2.3ms
[2024-04-08T22:18:08.193+0800][904.952s] GC(244)   Post Evacuate Collection Set: 1.0ms
[2024-04-08T22:18:08.193+0800][904.952s] GC(244)   Other: 0.3ms
[2024-04-08T22:18:08.193+0800][904.952s] GC(244) Eden regions: 305->0(305)
[2024-04-08T22:18:08.193+0800][904.952s] GC(244) Survivor regions: 2->2(39)
[2024-04-08T22:18:08.193+0800][904.952s] GC(244) Old regions: 50->50
[2024-04-08T22:18:08.193+0800][904.952s] GC(244) Humongous regions: 4->4
[2024-04-08T22:18:08.193+0800][904.952s] GC(244) Metaspace: 67562K(68416K)->67562K(68416K) NonClass: 59965K(60416K)->59965K(60416K) Class: 7596K(8000K)->7596K(8000K)
[2024-04-08T22:18:08.194+0800][904.952s] GC(244) Pause Young (Normal) (G1 Evacuation Pause) 359M->54M(512M) 4.688ms
[2024-04-08T22:18:08.194+0800][904.952s] GC(244) User=0.00s Sys=0.00s Real=0.01s
[2024-04-08T22:18:11.204+0800][907.963s] GC(245) Pause Young (Normal) (G1 Evacuation Pause)
[2024-04-08T22:18:11.204+0800][907.963s] GC(245) Using 13 workers of 13 for evacuation
[2024-04-08T22:18:11.210+0800][907.968s] GC(245)   Pre Evacuate Collection Set: 0.3ms
[2024-04-08T22:18:11.210+0800][907.968s] GC(245)   Merge Heap Roots: 0.2ms
[2024-04-08T22:18:11.210+0800][907.968s] GC(245)   Evacuate Collection Set: 3.8ms
[2024-04-08T22:18:11.210+0800][907.969s] GC(245)   Post Evacuate Collection Set: 1.0ms
[2024-04-08T22:18:11.210+0800][907.969s] GC(245)   Other: 0.3ms
[2024-04-08T22:18:11.210+0800][907.969s] GC(245) Eden regions: 305->0(305)
[2024-04-08T22:18:11.210+0800][907.969s] GC(245) Survivor regions: 2->2(39)
[2024-04-08T22:18:11.210+0800][907.969s] GC(245) Old regions: 50->50
[2024-04-08T22:18:11.210+0800][907.969s] GC(245) Humongous regions: 4->4
[2024-04-08T22:18:11.210+0800][907.969s] GC(245) Metaspace: 67562K(68416K)->67562K(68416K) NonClass: 59965K(60416K)->59965K(60416K) Class: 7596K(8000K)->7596K(8000K)
[2024-04-08T22:18:11.210+0800][907.969s] GC(245) Pause Young (Normal) (G1 Evacuation Pause) 359M->54M(512M) 6.395ms
[2024-04-08T22:18:11.210+0800][907.969s] GC(245) User=0.00s Sys=0.00s Real=0.01s
[2024-04-08T22:18:14.523+0800][911.282s] GC(246) Pause Young (Normal) (G1 Evacuation Pause)
[2024-04-08T22:18:14.524+0800][911.282s] GC(246) Using 13 workers of 13 for evacuation
[2024-04-08T22:18:14.527+0800][911.285s] GC(246)   Pre Evacuate Collection Set: 0.2ms
[2024-04-08T22:18:14.527+0800][911.285s] GC(246)   Merge Heap Roots: 0.1ms
[2024-04-08T22:18:14.527+0800][911.285s] GC(246)   Evacuate Collection Set: 1.6ms
[2024-04-08T22:18:14.527+0800][911.285s] GC(246)   Post Evacuate Collection Set: 1.0ms
[2024-04-08T22:18:14.527+0800][911.285s] GC(246)   Other: 0.1ms
[2024-04-08T22:18:14.527+0800][911.285s] GC(246) Eden regions: 305->0(305)
[2024-04-08T22:18:14.527+0800][911.285s] GC(246) Survivor regions: 2->2(39)
[2024-04-08T22:18:14.527+0800][911.285s] GC(246) Old regions: 50->50
[2024-04-08T22:18:14.527+0800][911.285s] GC(246) Humongous regions: 4->4
[2024-04-08T22:18:14.527+0800][911.285s] GC(246) Metaspace: 67562K(68416K)->67562K(68416K) NonClass: 59965K(60416K)->59965K(60416K) Class: 7596K(8000K)->7596K(8000K)
[2024-04-08T22:18:14.527+0800][911.285s] GC(246) Pause Young (Normal) (G1 Evacuation Pause) 359M->54M(512M) 3.441ms
[2024-04-08T22:18:14.527+0800][911.286s] GC(246) User=0.20s Sys=0.00s Real=0.00s
[2024-04-08T22:18:17.597+0800][914.355s] GC(247) Pause Young (Normal) (G1 Evacuation Pause)
[2024-04-08T22:18:17.597+0800][914.355s] GC(247) Using 13 workers of 13 for evacuation
[2024-04-08T22:18:17.602+0800][914.360s] GC(247)   Pre Evacuate Collection Set: 0.3ms
[2024-04-08T22:18:17.602+0800][914.360s] GC(247)   Merge Heap Roots: 0.2ms
[2024-04-08T22:18:17.602+0800][914.360s] GC(247)   Evacuate Collection Set: 3.0ms
[2024-04-08T22:18:17.602+0800][914.360s] GC(247)   Post Evacuate Collection Set: 1.1ms
[2024-04-08T22:18:17.602+0800][914.361s] GC(247)   Other: 0.2ms
[2024-04-08T22:18:17.602+0800][914.361s] GC(247) Eden regions: 305->0(305)
[2024-04-08T22:18:17.603+0800][914.361s] GC(247) Survivor regions: 2->2(39)
[2024-04-08T22:18:17.603+0800][914.361s] GC(247) Old regions: 50->50
[2024-04-08T22:18:17.603+0800][914.361s] GC(247) Humongous regions: 4->4
[2024-04-08T22:18:17.603+0800][914.361s] GC(247) Metaspace: 67562K(68416K)->67562K(68416K) NonClass: 59965K(60416K)->59965K(60416K) Class: 7596K(8000K)->7596K(8000K)
[2024-04-08T22:18:17.603+0800][914.361s] GC(247) Pause Young (Normal) (G1 Evacuation Pause) 359M->54M(512M) 5.669ms
[2024-04-08T22:18:17.603+0800][914.361s] GC(247) User=0.00s Sys=0.00s Real=0.01s
[2024-04-08T22:18:20.459+0800][917.217s] GC(248) Pause Young (Normal) (G1 Evacuation Pause)
[2024-04-08T22:18:20.459+0800][917.217s] GC(248) Using 13 workers of 13 for evacuation
[2024-04-08T22:18:20.464+0800][917.222s] GC(248)   Pre Evacuate Collection Set: 0.3ms
[2024-04-08T22:18:20.464+0800][917.222s] GC(248)   Merge Heap Roots: 0.2ms
[2024-04-08T22:18:20.464+0800][917.222s] GC(248)   Evacuate Collection Set: 2.8ms
[2024-04-08T22:18:20.464+0800][917.222s] GC(248)   Post Evacuate Collection Set: 0.8ms
[2024-04-08T22:18:20.464+0800][917.222s] GC(248)   Other: 0.2ms
[2024-04-08T22:18:20.464+0800][917.222s] GC(248) Eden regions: 305->0(305)
[2024-04-08T22:18:20.464+0800][917.222s] GC(248) Survivor regions: 2->2(39)
[2024-04-08T22:18:20.464+0800][917.222s] GC(248) Old regions: 50->50
[2024-04-08T22:18:20.464+0800][917.222s] GC(248) Humongous regions: 4->4
[2024-04-08T22:18:20.464+0800][917.222s] GC(248) Metaspace: 67562K(68416K)->67562K(68416K) NonClass: 59965K(60416K)->59965K(60416K) Class: 7596K(8000K)->7596K(8000K)
[2024-04-08T22:18:20.464+0800][917.222s] GC(248) Pause Young (Normal) (G1 Evacuation Pause) 359M->54M(512M) 4.994ms
[2024-04-08T22:18:20.464+0800][917.222s] GC(248) User=0.05s Sys=0.00s Real=0.00s
[2024-04-08T22:18:23.477+0800][920.236s] GC(249) Pause Young (Normal) (G1 Evacuation Pause)
[2024-04-08T22:18:23.478+0800][920.236s] GC(249) Using 13 workers of 13 for evacuation
[2024-04-08T22:18:23.481+0800][920.240s] GC(249)   Pre Evacuate Collection Set: 0.2ms
[2024-04-08T22:18:23.481+0800][920.240s] GC(249)   Merge Heap Roots: 0.2ms
[2024-04-08T22:18:23.481+0800][920.240s] GC(249)   Evacuate Collection Set: 2.3ms
[2024-04-08T22:18:23.481+0800][920.240s] GC(249)   Post Evacuate Collection Set: 0.8ms
[2024-04-08T22:18:23.481+0800][920.240s] GC(249)   Other: 0.2ms
[2024-04-08T22:18:23.482+0800][920.240s] GC(249) Eden regions: 305->0(305)
[2024-04-08T22:18:23.482+0800][920.240s] GC(249) Survivor regions: 2->2(39)
[2024-04-08T22:18:23.482+0800][920.240s] GC(249) Old regions: 50->50
[2024-04-08T22:18:23.482+0800][920.240s] GC(249) Humongous regions: 4->4
[2024-04-08T22:18:23.482+0800][920.240s] GC(249) Metaspace: 67562K(68416K)->67562K(68416K) NonClass: 59965K(60416K)->59965K(60416K) Class: 7596K(8000K)->7596K(8000K)
[2024-04-08T22:18:23.482+0800][920.241s] GC(249) Pause Young (Normal) (G1 Evacuation Pause) 359M->54M(512M) 4.433ms
[2024-04-08T22:18:23.482+0800][920.241s] GC(249) User=0.00s Sys=0.02s Real=0.01s
[2024-04-08T22:18:26.528+0800][923.287s] GC(250) Pause Young (Normal) (G1 Evacuation Pause)
[2024-04-08T22:18:26.528+0800][923.287s] GC(250) Using 13 workers of 13 for evacuation
[2024-04-08T22:18:26.531+0800][923.290s] GC(250)   Pre Evacuate Collection Set: 0.2ms
[2024-04-08T22:18:26.532+0800][923.290s] GC(250)   Merge Heap Roots: 0.2ms
[2024-04-08T22:18:26.532+0800][923.291s] GC(250)   Evacuate Collection Set: 1.8ms
[2024-04-08T22:18:26.532+0800][923.291s] GC(250)   Post Evacuate Collection Set: 0.8ms
[2024-04-08T22:18:26.532+0800][923.291s] GC(250)   Other: 0.2ms
[2024-04-08T22:18:26.532+0800][923.291s] GC(250) Eden regions: 305->0(305)
[2024-04-08T22:18:26.532+0800][923.291s] GC(250) Survivor regions: 2->2(39)
[2024-04-08T22:18:26.532+0800][923.291s] GC(250) Old regions: 50->50
[2024-04-08T22:18:26.532+0800][923.291s] GC(250) Humongous regions: 4->4
[2024-04-08T22:18:26.532+0800][923.291s] GC(250) Metaspace: 67562K(68416K)->67562K(68416K) NonClass: 59965K(60416K)->59965K(60416K) Class: 7596K(8000K)->7596K(8000K)
[2024-04-08T22:18:26.532+0800][923.291s] GC(250) Pause Young (Normal) (G1 Evacuation Pause) 359M->54M(512M) 4.219ms
[2024-04-08T22:18:26.532+0800][923.291s] GC(250) User=0.00s Sys=0.00s Real=0.00s
[2024-04-08T22:18:29.588+0800][926.346s] GC(251) Pause Young (Normal) (G1 Evacuation Pause)
[2024-04-08T22:18:29.588+0800][926.347s] GC(251) Using 13 workers of 13 for evacuation
[2024-04-08T22:18:29.592+0800][926.351s] GC(251)   Pre Evacuate Collection Set: 0.4ms
[2024-04-08T22:18:29.592+0800][926.351s] GC(251)   Merge Heap Roots: 0.2ms
[2024-04-08T22:18:29.592+0800][926.351s] GC(251)   Evacuate Collection Set: 2.4ms
[2024-04-08T22:18:29.592+0800][926.351s] GC(251)   Post Evacuate Collection Set: 1.0ms
[2024-04-08T22:18:29.592+0800][926.351s] GC(251)   Other: 0.2ms
[2024-04-08T22:18:29.592+0800][926.351s] GC(251) Eden regions: 305->0(305)
[2024-04-08T22:18:29.592+0800][926.351s] GC(251) Survivor regions: 2->2(39)
[2024-04-08T22:18:29.592+0800][926.351s] GC(251) Old regions: 50->50
[2024-04-08T22:18:29.592+0800][926.351s] GC(251) Humongous regions: 4->4
[2024-04-08T22:18:29.592+0800][926.351s] GC(251) Metaspace: 67562K(68416K)->67562K(68416K) NonClass: 59965K(60416K)->59965K(60416K) Class: 7596K(8000K)->7596K(8000K)
[2024-04-08T22:18:29.593+0800][926.351s] GC(251) Pause Young (Normal) (G1 Evacuation Pause) 359M->54M(512M) 4.872ms
[2024-04-08T22:18:29.593+0800][926.351s] GC(251) User=0.00s Sys=0.00s Real=0.00s
[2024-04-08T22:18:32.801+0800][929.560s] GC(252) Pause Young (Normal) (G1 Evacuation Pause)
[2024-04-08T22:18:32.801+0800][929.560s] GC(252) Using 13 workers of 13 for evacuation
[2024-04-08T22:18:32.804+0800][929.563s] GC(252)   Pre Evacuate Collection Set: 0.2ms
[2024-04-08T22:18:32.804+0800][929.563s] GC(252)   Merge Heap Roots: 0.3ms
[2024-04-08T22:18:32.804+0800][929.563s] GC(252)   Evacuate Collection Set: 1.4ms
[2024-04-08T22:18:32.804+0800][929.563s] GC(252)   Post Evacuate Collection Set: 0.5ms
[2024-04-08T22:18:32.804+0800][929.563s] GC(252)   Other: 0.1ms
[2024-04-08T22:18:32.804+0800][929.563s] GC(252) Eden regions: 305->0(305)
[2024-04-08T22:18:32.804+0800][929.563s] GC(252) Survivor regions: 2->2(39)
[2024-04-08T22:18:32.804+0800][929.563s] GC(252) Old regions: 50->50
[2024-04-08T22:18:32.804+0800][929.563s] GC(252) Humongous regions: 4->4
[2024-04-08T22:18:32.804+0800][929.563s] GC(252) Metaspace: 67562K(68416K)->67562K(68416K) NonClass: 59965K(60416K)->59965K(60416K) Class: 7596K(8000K)->7596K(8000K)
[2024-04-08T22:18:32.804+0800][929.563s] GC(252) Pause Young (Normal) (G1 Evacuation Pause) 359M->55M(512M) 2.848ms
[2024-04-08T22:18:32.804+0800][929.563s] GC(252) User=0.00s Sys=0.00s Real=0.00s
[2024-04-08T22:18:35.700+0800][932.458s] GC(253) Pause Young (Normal) (G1 Evacuation Pause)
[2024-04-08T22:18:35.700+0800][932.459s] GC(253) Using 13 workers of 13 for evacuation
[2024-04-08T22:18:35.703+0800][932.462s] GC(253)   Pre Evacuate Collection Set: 0.2ms
[2024-04-08T22:18:35.703+0800][932.462s] GC(253)   Merge Heap Roots: 0.1ms
[2024-04-08T22:18:35.703+0800][932.462s] GC(253)   Evacuate Collection Set: 2.2ms
[2024-04-08T22:18:35.703+0800][932.462s] GC(253)   Post Evacuate Collection Set: 0.5ms
[2024-04-08T22:18:35.703+0800][932.462s] GC(253)   Other: 0.1ms
[2024-04-08T22:18:35.703+0800][932.462s] GC(253) Eden regions: 305->0(305)
[2024-04-08T22:18:35.703+0800][932.462s] GC(253) Survivor regions: 2->2(39)
[2024-04-08T22:18:35.703+0800][932.462s] GC(253) Old regions: 50->50
[2024-04-08T22:18:35.703+0800][932.462s] GC(253) Humongous regions: 4->4
[2024-04-08T22:18:35.703+0800][932.462s] GC(253) Metaspace: 67562K(68416K)->67562K(68416K) NonClass: 59965K(60416K)->59965K(60416K) Class: 7596K(8000K)->7596K(8000K)
[2024-04-08T22:18:35.703+0800][932.462s] GC(253) Pause Young (Normal) (G1 Evacuation Pause) 360M->55M(512M) 3.373ms
[2024-04-08T22:18:35.703+0800][932.462s] GC(253) User=0.00s Sys=0.00s Real=0.00s
[2024-04-08T22:18:38.529+0800][935.288s] GC(254) Pause Young (Normal) (G1 Evacuation Pause)
[2024-04-08T22:18:38.529+0800][935.288s] GC(254) Using 13 workers of 13 for evacuation
[2024-04-08T22:18:38.534+0800][935.293s] GC(254)   Pre Evacuate Collection Set: 0.3ms
[2024-04-08T22:18:38.534+0800][935.293s] GC(254)   Merge Heap Roots: 0.2ms
[2024-04-08T22:18:38.534+0800][935.293s] GC(254)   Evacuate Collection Set: 3.1ms
[2024-04-08T22:18:38.534+0800][935.293s] GC(254)   Post Evacuate Collection Set: 1.1ms
[2024-04-08T22:18:38.534+0800][935.293s] GC(254)   Other: 0.2ms
[2024-04-08T22:18:38.534+0800][935.293s] GC(254) Eden regions: 305->0(305)
[2024-04-08T22:18:38.534+0800][935.293s] GC(254) Survivor regions: 2->2(39)
[2024-04-08T22:18:38.535+0800][935.293s] GC(254) Old regions: 50->50
[2024-04-08T22:18:38.535+0800][935.293s] GC(254) Humongous regions: 4->4
[2024-04-08T22:18:38.535+0800][935.293s] GC(254) Metaspace: 67562K(68416K)->67562K(68416K) NonClass: 59965K(60416K)->59965K(60416K) Class: 7596K(8000K)->7596K(8000K)
[2024-04-08T22:18:38.535+0800][935.293s] GC(254) Pause Young (Normal) (G1 Evacuation Pause) 360M->55M(512M) 5.899ms
[2024-04-08T22:18:38.535+0800][935.294s] GC(254) User=0.00s Sys=0.00s Real=0.01s
[2024-04-08T22:18:40.998+0800][937.757s] GC(255) Pause Young (Normal) (G1 Evacuation Pause)
[2024-04-08T22:18:40.999+0800][937.757s] GC(255) Using 13 workers of 13 for evacuation
[2024-04-08T22:18:41.002+0800][937.760s] GC(255)   Pre Evacuate Collection Set: 0.2ms
[2024-04-08T22:18:41.002+0800][937.760s] GC(255)   Merge Heap Roots: 0.1ms
[2024-04-08T22:18:41.002+0800][937.760s] GC(255)   Evacuate Collection Set: 1.7ms
[2024-04-08T22:18:41.002+0800][937.760s] GC(255)   Post Evacuate Collection Set: 0.7ms
[2024-04-08T22:18:41.002+0800][937.760s] GC(255)   Other: 0.2ms
[2024-04-08T22:18:41.002+0800][937.760s] GC(255) Eden regions: 305->0(305)
[2024-04-08T22:18:41.002+0800][937.760s] GC(255) Survivor regions: 2->2(39)
[2024-04-08T22:18:41.002+0800][937.760s] GC(255) Old regions: 50->50
[2024-04-08T22:18:41.002+0800][937.760s] GC(255) Humongous regions: 4->4
[2024-04-08T22:18:41.002+0800][937.760s] GC(255) Metaspace: 67562K(68416K)->67562K(68416K) NonClass: 59966K(60416K)->59966K(60416K) Class: 7596K(8000K)->7596K(8000K)
[2024-04-08T22:18:41.002+0800][937.760s] GC(255) Pause Young (Normal) (G1 Evacuation Pause) 360M->54M(512M) 3.388ms
[2024-04-08T22:18:41.002+0800][937.760s] GC(255) User=0.00s Sys=0.00s Real=0.00s
[2024-04-08T22:18:43.945+0800][940.703s] GC(256) Pause Young (Normal) (G1 Evacuation Pause)
[2024-04-08T22:18:43.945+0800][940.703s] GC(256) Using 13 workers of 13 for evacuation
[2024-04-08T22:18:43.948+0800][940.706s] GC(256)   Pre Evacuate Collection Set: 0.2ms
[2024-04-08T22:18:43.948+0800][940.706s] GC(256)   Merge Heap Roots: 0.2ms
[2024-04-08T22:18:43.948+0800][940.706s] GC(256)   Evacuate Collection Set: 1.8ms
[2024-04-08T22:18:43.948+0800][940.706s] GC(256)   Post Evacuate Collection Set: 0.7ms
[2024-04-08T22:18:43.948+0800][940.706s] GC(256)   Other: 0.1ms
[2024-04-08T22:18:43.948+0800][940.706s] GC(256) Eden regions: 305->0(305)
[2024-04-08T22:18:43.948+0800][940.707s] GC(256) Survivor regions: 2->2(39)
[2024-04-08T22:18:43.948+0800][940.707s] GC(256) Old regions: 50->50
[2024-04-08T22:18:43.948+0800][940.707s] GC(256) Humongous regions: 4->4
[2024-04-08T22:18:43.948+0800][940.707s] GC(256) Metaspace: 67562K(68416K)->67562K(68416K) NonClass: 59966K(60416K)->59966K(60416K) Class: 7596K(8000K)->7596K(8000K)
[2024-04-08T22:18:43.948+0800][940.707s] GC(256) Pause Young (Normal) (G1 Evacuation Pause) 359M->54M(512M) 3.470ms
[2024-04-08T22:18:43.949+0800][940.707s] GC(256) User=0.05s Sys=0.03s Real=0.00s
[2024-04-08T22:18:46.831+0800][943.590s] GC(257) Pause Young (Normal) (G1 Evacuation Pause)
[2024-04-08T22:18:46.832+0800][943.590s] GC(257) Using 13 workers of 13 for evacuation
[2024-04-08T22:18:46.834+0800][943.592s] GC(257)   Pre Evacuate Collection Set: 0.2ms
[2024-04-08T22:18:46.834+0800][943.593s] GC(257)   Merge Heap Roots: 0.1ms
[2024-04-08T22:18:46.834+0800][943.593s] GC(257)   Evacuate Collection Set: 1.5ms
[2024-04-08T22:18:46.834+0800][943.593s] GC(257)   Post Evacuate Collection Set: 0.5ms
[2024-04-08T22:18:46.834+0800][943.593s] GC(257)   Other: 0.1ms
[2024-04-08T22:18:46.834+0800][943.593s] GC(257) Eden regions: 305->0(305)
[2024-04-08T22:18:46.834+0800][943.593s] GC(257) Survivor regions: 2->2(39)
[2024-04-08T22:18:46.834+0800][943.593s] GC(257) Old regions: 50->50
[2024-04-08T22:18:46.834+0800][943.593s] GC(257) Humongous regions: 4->4
[2024-04-08T22:18:46.834+0800][943.593s] GC(257) Metaspace: 67562K(68416K)->67562K(68416K) NonClass: 59966K(60416K)->59966K(60416K) Class: 7596K(8000K)->7596K(8000K)
[2024-04-08T22:18:46.834+0800][943.593s] GC(257) Pause Young (Normal) (G1 Evacuation Pause) 359M->54M(512M) 2.609ms
[2024-04-08T22:18:46.834+0800][943.593s] GC(257) User=0.00s Sys=0.00s Real=0.00s
[2024-04-08T22:18:49.910+0800][946.668s] GC(258) Pause Young (Normal) (G1 Evacuation Pause)
[2024-04-08T22:18:49.910+0800][946.669s] GC(258) Using 13 workers of 13 for evacuation
[2024-04-08T22:18:49.916+0800][946.674s] GC(258)   Pre Evacuate Collection Set: 0.2ms
[2024-04-08T22:18:49.916+0800][946.674s] GC(258)   Merge Heap Roots: 0.2ms
[2024-04-08T22:18:49.916+0800][946.674s] GC(258)   Evacuate Collection Set: 3.1ms
[2024-04-08T22:18:49.916+0800][946.674s] GC(258)   Post Evacuate Collection Set: 1.5ms
[2024-04-08T22:18:49.916+0800][946.674s] GC(258)   Other: 0.2ms
[2024-04-08T22:18:49.916+0800][946.674s] GC(258) Eden regions: 305->0(304)
[2024-04-08T22:18:49.916+0800][946.674s] GC(258) Survivor regions: 2->3(39)
[2024-04-08T22:18:49.916+0800][946.674s] GC(258) Old regions: 50->50
[2024-04-08T22:18:49.916+0800][946.674s] GC(258) Humongous regions: 4->4
[2024-04-08T22:18:49.916+0800][946.674s] GC(258) Metaspace: 67562K(68416K)->67562K(68416K) NonClass: 59966K(60416K)->59966K(60416K) Class: 7596K(8000K)->7596K(8000K)
[2024-04-08T22:18:49.916+0800][946.674s] GC(258) Pause Young (Normal) (G1 Evacuation Pause) 359M->55M(512M) 5.986ms
[2024-04-08T22:18:49.916+0800][946.674s] GC(258) User=0.00s Sys=0.02s Real=0.01s
[2024-04-08T22:18:52.645+0800][949.403s] GC(259) Pause Young (Normal) (G1 Evacuation Pause)
[2024-04-08T22:18:52.645+0800][949.403s] GC(259) Using 13 workers of 13 for evacuation
[2024-04-08T22:18:52.652+0800][949.410s] GC(259)   Pre Evacuate Collection Set: 0.3ms
[2024-04-08T22:18:52.652+0800][949.410s] GC(259)   Merge Heap Roots: 0.2ms
[2024-04-08T22:18:52.652+0800][949.410s] GC(259)   Evacuate Collection Set: 4.7ms
[2024-04-08T22:18:52.652+0800][949.410s] GC(259)   Post Evacuate Collection Set: 1.2ms
[2024-04-08T22:18:52.652+0800][949.410s] GC(259)   Other: 0.2ms
[2024-04-08T22:18:52.652+0800][949.410s] GC(259) Eden regions: 304->0(305)
[2024-04-08T22:18:52.652+0800][949.411s] GC(259) Survivor regions: 3->2(39)
[2024-04-08T22:18:52.652+0800][949.411s] GC(259) Old regions: 50->50
[2024-04-08T22:18:52.653+0800][949.411s] GC(259) Humongous regions: 4->4
[2024-04-08T22:18:52.653+0800][949.411s] GC(259) Metaspace: 67562K(68416K)->67562K(68416K) NonClass: 59966K(60416K)->59966K(60416K) Class: 7596K(8000K)->7596K(8000K)
[2024-04-08T22:18:52.653+0800][949.411s] GC(259) Pause Young (Normal) (G1 Evacuation Pause) 359M->55M(512M) 7.771ms
[2024-04-08T22:18:52.653+0800][949.411s] GC(259) User=0.02s Sys=0.00s Real=0.01s
[2024-04-08T22:18:55.399+0800][952.157s] GC(260) Pause Young (Normal) (G1 Evacuation Pause)
[2024-04-08T22:18:55.399+0800][952.157s] GC(260) Using 13 workers of 13 for evacuation
[2024-04-08T22:18:55.403+0800][952.161s] GC(260)   Pre Evacuate Collection Set: 0.3ms
[2024-04-08T22:18:55.403+0800][952.161s] GC(260)   Merge Heap Roots: 0.2ms
[2024-04-08T22:18:55.403+0800][952.161s] GC(260)   Evacuate Collection Set: 2.2ms
[2024-04-08T22:18:55.403+0800][952.161s] GC(260)   Post Evacuate Collection Set: 0.9ms
[2024-04-08T22:18:55.403+0800][952.161s] GC(260)   Other: 0.2ms
[2024-04-08T22:18:55.403+0800][952.161s] GC(260) Eden regions: 305->0(305)
[2024-04-08T22:18:55.403+0800][952.161s] GC(260) Survivor regions: 2->2(39)
[2024-04-08T22:18:55.403+0800][952.161s] GC(260) Old regions: 50->50
[2024-04-08T22:18:55.403+0800][952.162s] GC(260) Humongous regions: 4->4
[2024-04-08T22:18:55.404+0800][952.162s] GC(260) Metaspace: 67562K(68416K)->67562K(68416K) NonClass: 59966K(60416K)->59966K(60416K) Class: 7596K(8000K)->7596K(8000K)
[2024-04-08T22:18:55.404+0800][952.162s] GC(260) Pause Young (Normal) (G1 Evacuation Pause) 360M->54M(512M) 4.812ms
[2024-04-08T22:18:55.404+0800][952.162s] GC(260) User=0.20s Sys=0.00s Real=0.01s
[2024-04-08T22:18:57.986+0800][954.744s] GC(261) Pause Young (Normal) (G1 Evacuation Pause)
[2024-04-08T22:18:57.986+0800][954.744s] GC(261) Using 13 workers of 13 for evacuation
[2024-04-08T22:18:57.989+0800][954.747s] GC(261)   Pre Evacuate Collection Set: 0.2ms
[2024-04-08T22:18:57.989+0800][954.747s] GC(261)   Merge Heap Roots: 0.2ms
[2024-04-08T22:18:57.989+0800][954.748s] GC(261)   Evacuate Collection Set: 2.0ms
[2024-04-08T22:18:57.989+0800][954.748s] GC(261)   Post Evacuate Collection Set: 0.9ms
[2024-04-08T22:18:57.990+0800][954.748s] GC(261)   Other: 0.2ms
[2024-04-08T22:18:57.990+0800][954.748s] GC(261) Eden regions: 305->0(305)
[2024-04-08T22:18:57.990+0800][954.748s] GC(261) Survivor regions: 2->2(39)
[2024-04-08T22:18:57.990+0800][954.748s] GC(261) Old regions: 50->50
[2024-04-08T22:18:57.990+0800][954.748s] GC(261) Humongous regions: 4->4
[2024-04-08T22:18:57.990+0800][954.748s] GC(261) Metaspace: 67562K(68416K)->67562K(68416K) NonClass: 59966K(60416K)->59966K(60416K) Class: 7596K(8000K)->7596K(8000K)
[2024-04-08T22:18:57.990+0800][954.748s] GC(261) Pause Young (Normal) (G1 Evacuation Pause) 359M->55M(512M) 4.201ms
[2024-04-08T22:18:57.990+0800][954.748s] GC(261) User=0.00s Sys=0.00s Real=0.00s
[2024-04-08T22:19:01.206+0800][957.964s] GC(262) Pause Young (Normal) (G1 Evacuation Pause)
[2024-04-08T22:19:01.206+0800][957.965s] GC(262) Using 13 workers of 13 for evacuation
[2024-04-08T22:19:01.211+0800][957.970s] GC(262)   Pre Evacuate Collection Set: 0.3ms
[2024-04-08T22:19:01.211+0800][957.970s] GC(262)   Merge Heap Roots: 0.2ms
[2024-04-08T22:19:01.211+0800][957.970s] GC(262)   Evacuate Collection Set: 3.1ms
[2024-04-08T22:19:01.211+0800][957.970s] GC(262)   Post Evacuate Collection Set: 1.1ms
[2024-04-08T22:19:01.211+0800][957.970s] GC(262)   Other: 0.2ms
[2024-04-08T22:19:01.211+0800][957.970s] GC(262) Eden regions: 305->0(305)
[2024-04-08T22:19:01.211+0800][957.970s] GC(262) Survivor regions: 2->2(39)
[2024-04-08T22:19:01.211+0800][957.970s] GC(262) Old regions: 50->50
[2024-04-08T22:19:01.211+0800][957.970s] GC(262) Humongous regions: 4->4
[2024-04-08T22:19:01.211+0800][957.970s] GC(262) Metaspace: 67562K(68416K)->67562K(68416K) NonClass: 59966K(60416K)->59966K(60416K) Class: 7596K(8000K)->7596K(8000K)
[2024-04-08T22:19:01.212+0800][957.970s] GC(262) Pause Young (Normal) (G1 Evacuation Pause) 360M->55M(512M) 5.798ms
[2024-04-08T22:19:01.212+0800][957.970s] GC(262) User=0.00s Sys=0.00s Real=0.01s
[2024-04-08T22:19:04.135+0800][960.894s] GC(263) Pause Young (Normal) (G1 Evacuation Pause)
[2024-04-08T22:19:04.135+0800][960.894s] GC(263) Using 13 workers of 13 for evacuation
[2024-04-08T22:19:04.139+0800][960.897s] GC(263)   Pre Evacuate Collection Set: 0.2ms
[2024-04-08T22:19:04.139+0800][960.897s] GC(263)   Merge Heap Roots: 0.2ms
[2024-04-08T22:19:04.139+0800][960.897s] GC(263)   Evacuate Collection Set: 2.1ms
[2024-04-08T22:19:04.139+0800][960.897s] GC(263)   Post Evacuate Collection Set: 0.7ms
[2024-04-08T22:19:04.139+0800][960.897s] GC(263)   Other: 0.1ms
[2024-04-08T22:19:04.139+0800][960.897s] GC(263) Eden regions: 305->0(305)
[2024-04-08T22:19:04.139+0800][960.897s] GC(263) Survivor regions: 2->2(39)
[2024-04-08T22:19:04.139+0800][960.897s] GC(263) Old regions: 50->50
[2024-04-08T22:19:04.139+0800][960.897s] GC(263) Humongous regions: 4->4
[2024-04-08T22:19:04.139+0800][960.897s] GC(263) Metaspace: 67562K(68416K)->67562K(68416K) NonClass: 59966K(60416K)->59966K(60416K) Class: 7596K(8000K)->7596K(8000K)
[2024-04-08T22:19:04.139+0800][960.897s] GC(263) Pause Young (Normal) (G1 Evacuation Pause) 360M->55M(512M) 3.749ms
[2024-04-08T22:19:04.139+0800][960.897s] GC(263) User=0.00s Sys=0.00s Real=0.00s
[2024-04-08T22:19:07.273+0800][964.031s] GC(264) Pause Young (Normal) (G1 Evacuation Pause)
[2024-04-08T22:19:07.273+0800][964.031s] GC(264) Using 13 workers of 13 for evacuation
[2024-04-08T22:19:07.277+0800][964.035s] GC(264)   Pre Evacuate Collection Set: 0.2ms
[2024-04-08T22:19:07.277+0800][964.035s] GC(264)   Merge Heap Roots: 0.2ms
[2024-04-08T22:19:07.277+0800][964.035s] GC(264)   Evacuate Collection Set: 2.1ms
[2024-04-08T22:19:07.277+0800][964.035s] GC(264)   Post Evacuate Collection Set: 0.9ms
[2024-04-08T22:19:07.277+0800][964.035s] GC(264)   Other: 0.2ms
[2024-04-08T22:19:07.277+0800][964.035s] GC(264) Eden regions: 305->0(305)
[2024-04-08T22:19:07.277+0800][964.035s] GC(264) Survivor regions: 2->2(39)
[2024-04-08T22:19:07.277+0800][964.035s] GC(264) Old regions: 50->50
[2024-04-08T22:19:07.277+0800][964.035s] GC(264) Humongous regions: 4->4
[2024-04-08T22:19:07.277+0800][964.035s] GC(264) Metaspace: 67562K(68416K)->67562K(68416K) NonClass: 59966K(60416K)->59966K(60416K) Class: 7596K(8000K)->7596K(8000K)
[2024-04-08T22:19:07.277+0800][964.035s] GC(264) Pause Young (Normal) (G1 Evacuation Pause) 360M->55M(512M) 4.193ms
[2024-04-08T22:19:07.277+0800][964.035s] GC(264) User=0.05s Sys=0.02s Real=0.00s
[2024-04-08T22:19:10.001+0800][966.759s] GC(265) Pause Young (Normal) (G1 Evacuation Pause)
[2024-04-08T22:19:10.001+0800][966.759s] GC(265) Using 13 workers of 13 for evacuation
[2024-04-08T22:19:10.003+0800][966.762s] GC(265)   Pre Evacuate Collection Set: 0.2ms
[2024-04-08T22:19:10.003+0800][966.762s] GC(265)   Merge Heap Roots: 0.1ms
[2024-04-08T22:19:10.003+0800][966.762s] GC(265)   Evacuate Collection Set: 1.6ms
[2024-04-08T22:19:10.003+0800][966.762s] GC(265)   Post Evacuate Collection Set: 0.6ms
[2024-04-08T22:19:10.003+0800][966.762s] GC(265)   Other: 0.1ms
[2024-04-08T22:19:10.003+0800][966.762s] GC(265) Eden regions: 305->0(305)
[2024-04-08T22:19:10.003+0800][966.762s] GC(265) Survivor regions: 2->2(39)
[2024-04-08T22:19:10.003+0800][966.762s] GC(265) Old regions: 50->50
[2024-04-08T22:19:10.004+0800][966.762s] GC(265) Humongous regions: 4->4
[2024-04-08T22:19:10.004+0800][966.762s] GC(265) Metaspace: 67562K(68416K)->67562K(68416K) NonClass: 59966K(60416K)->59966K(60416K) Class: 7596K(8000K)->7596K(8000K)
[2024-04-08T22:19:10.004+0800][966.762s] GC(265) Pause Young (Normal) (G1 Evacuation Pause) 360M->55M(512M) 2.970ms
[2024-04-08T22:19:10.004+0800][966.762s] GC(265) User=0.00s Sys=0.00s Real=0.00s
[2024-04-08T22:19:12.853+0800][969.612s] GC(266) Pause Young (Normal) (G1 Evacuation Pause)
[2024-04-08T22:19:12.853+0800][969.612s] GC(266) Using 13 workers of 13 for evacuation
[2024-04-08T22:19:12.856+0800][969.615s] GC(266)   Pre Evacuate Collection Set: 0.2ms
[2024-04-08T22:19:12.856+0800][969.615s] GC(266)   Merge Heap Roots: 0.2ms
[2024-04-08T22:19:12.856+0800][969.615s] GC(266)   Evacuate Collection Set: 2.0ms
[2024-04-08T22:19:12.856+0800][969.615s] GC(266)   Post Evacuate Collection Set: 0.6ms
[2024-04-08T22:19:12.856+0800][969.615s] GC(266)   Other: 0.2ms
[2024-04-08T22:19:12.856+0800][969.615s] GC(266) Eden regions: 305->0(305)
[2024-04-08T22:19:12.856+0800][969.615s] GC(266) Survivor regions: 2->2(39)
[2024-04-08T22:19:12.856+0800][969.615s] GC(266) Old regions: 50->50
[2024-04-08T22:19:12.856+0800][969.615s] GC(266) Humongous regions: 4->4
[2024-04-08T22:19:12.856+0800][969.615s] GC(266) Metaspace: 67562K(68416K)->67562K(68416K) NonClass: 59966K(60416K)->59966K(60416K) Class: 7596K(8000K)->7596K(8000K)
[2024-04-08T22:19:12.856+0800][969.615s] GC(266) Pause Young (Normal) (G1 Evacuation Pause) 360M->55M(512M) 3.523ms
[2024-04-08T22:19:12.856+0800][969.615s] GC(266) User=0.00s Sys=0.00s Real=0.00s
[2024-04-08T22:19:15.874+0800][972.633s] GC(267) Pause Young (Normal) (G1 Evacuation Pause)
[2024-04-08T22:19:15.874+0800][972.633s] GC(267) Using 13 workers of 13 for evacuation
[2024-04-08T22:19:15.878+0800][972.637s] GC(267)   Pre Evacuate Collection Set: 0.4ms
[2024-04-08T22:19:15.878+0800][972.637s] GC(267)   Merge Heap Roots: 0.1ms
[2024-04-08T22:19:15.878+0800][972.637s] GC(267)   Evacuate Collection Set: 1.8ms
[2024-04-08T22:19:15.878+0800][972.637s] GC(267)   Post Evacuate Collection Set: 0.9ms
[2024-04-08T22:19:15.878+0800][972.637s] GC(267)   Other: 0.2ms
[2024-04-08T22:19:15.878+0800][972.637s] GC(267) Eden regions: 305->0(305)
[2024-04-08T22:19:15.878+0800][972.637s] GC(267) Survivor regions: 2->2(39)
[2024-04-08T22:19:15.878+0800][972.637s] GC(267) Old regions: 50->50
[2024-04-08T22:19:15.878+0800][972.637s] GC(267) Humongous regions: 4->4
[2024-04-08T22:19:15.878+0800][972.637s] GC(267) Metaspace: 67562K(68416K)->67562K(68416K) NonClass: 59966K(60416K)->59966K(60416K) Class: 7596K(8000K)->7596K(8000K)
[2024-04-08T22:19:15.878+0800][972.637s] GC(267) Pause Young (Normal) (G1 Evacuation Pause) 360M->55M(512M) 3.986ms
[2024-04-08T22:19:15.878+0800][972.637s] GC(267) User=0.00s Sys=0.00s Real=0.00s
[2024-04-08T22:19:18.719+0800][975.478s] GC(268) Pause Young (Normal) (G1 Evacuation Pause)
[2024-04-08T22:19:18.719+0800][975.478s] GC(268) Using 13 workers of 13 for evacuation
[2024-04-08T22:19:18.724+0800][975.483s] GC(268)   Pre Evacuate Collection Set: 0.4ms
[2024-04-08T22:19:18.724+0800][975.483s] GC(268)   Merge Heap Roots: 0.4ms
[2024-04-08T22:19:18.725+0800][975.483s] GC(268)   Evacuate Collection Set: 2.9ms
[2024-04-08T22:19:18.725+0800][975.483s] GC(268)   Post Evacuate Collection Set: 1.0ms
[2024-04-08T22:19:18.725+0800][975.483s] GC(268)   Other: 0.3ms
[2024-04-08T22:19:18.725+0800][975.483s] GC(268) Eden regions: 305->0(305)
[2024-04-08T22:19:18.725+0800][975.483s] GC(268) Survivor regions: 2->2(39)
[2024-04-08T22:19:18.725+0800][975.483s] GC(268) Old regions: 50->50
[2024-04-08T22:19:18.725+0800][975.483s] GC(268) Humongous regions: 4->4
[2024-04-08T22:19:18.725+0800][975.484s] GC(268) Metaspace: 67562K(68416K)->67562K(68416K) NonClass: 59966K(60416K)->59966K(60416K) Class: 7596K(8000K)->7596K(8000K)
[2024-04-08T22:19:18.725+0800][975.484s] GC(268) Pause Young (Normal) (G1 Evacuation Pause) 360M->55M(512M) 6.063ms
[2024-04-08T22:19:18.725+0800][975.484s] GC(268) User=0.00s Sys=0.00s Real=0.01s
[2024-04-08T22:19:21.935+0800][978.694s] GC(269) Pause Young (Normal) (G1 Evacuation Pause)
[2024-04-08T22:19:21.935+0800][978.694s] GC(269) Using 13 workers of 13 for evacuation
[2024-04-08T22:19:21.939+0800][978.698s] GC(269)   Pre Evacuate Collection Set: 0.3ms
[2024-04-08T22:19:21.939+0800][978.698s] GC(269)   Merge Heap Roots: 0.2ms
[2024-04-08T22:19:21.939+0800][978.698s] GC(269)   Evacuate Collection Set: 2.2ms
[2024-04-08T22:19:21.939+0800][978.698s] GC(269)   Post Evacuate Collection Set: 1.1ms
[2024-04-08T22:19:21.940+0800][978.698s] GC(269)   Other: 0.2ms
[2024-04-08T22:19:21.940+0800][978.698s] GC(269) Eden regions: 305->0(305)
[2024-04-08T22:19:21.940+0800][978.698s] GC(269) Survivor regions: 2->2(39)
[2024-04-08T22:19:21.940+0800][978.698s] GC(269) Old regions: 50->50
[2024-04-08T22:19:21.940+0800][978.698s] GC(269) Humongous regions: 4->4
[2024-04-08T22:19:21.940+0800][978.698s] GC(269) Metaspace: 67562K(68416K)->67562K(68416K) NonClass: 59966K(60416K)->59966K(60416K) Class: 7596K(8000K)->7596K(8000K)
[2024-04-08T22:19:21.940+0800][978.698s] GC(269) Pause Young (Normal) (G1 Evacuation Pause) 360M->55M(512M) 4.531ms
[2024-04-08T22:19:21.940+0800][978.698s] GC(269) User=0.00s Sys=0.00s Real=0.01s
[2024-04-08T22:19:24.480+0800][981.238s] GC(270) Pause Young (Normal) (G1 Evacuation Pause)
[2024-04-08T22:19:24.480+0800][981.238s] GC(270) Using 13 workers of 13 for evacuation
[2024-04-08T22:19:24.482+0800][981.241s] GC(270)   Pre Evacuate Collection Set: 0.1ms
[2024-04-08T22:19:24.482+0800][981.241s] GC(270)   Merge Heap Roots: 0.1ms
[2024-04-08T22:19:24.482+0800][981.241s] GC(270)   Evacuate Collection Set: 1.8ms
[2024-04-08T22:19:24.483+0800][981.241s] GC(270)   Post Evacuate Collection Set: 0.5ms
[2024-04-08T22:19:24.483+0800][981.241s] GC(270)   Other: 0.1ms
[2024-04-08T22:19:24.483+0800][981.241s] GC(270) Eden regions: 305->0(304)
[2024-04-08T22:19:24.483+0800][981.241s] GC(270) Survivor regions: 2->3(39)
[2024-04-08T22:19:24.483+0800][981.241s] GC(270) Old regions: 50->50
[2024-04-08T22:19:24.483+0800][981.241s] GC(270) Humongous regions: 4->4
[2024-04-08T22:19:24.483+0800][981.241s] GC(270) Metaspace: 67594K(68480K)->67594K(68480K) NonClass: 59996K(60480K)->59996K(60480K) Class: 7598K(8000K)->7598K(8000K)
[2024-04-08T22:19:24.483+0800][981.241s] GC(270) Pause Young (Normal) (G1 Evacuation Pause) 360M->56M(512M) 3.044ms
[2024-04-08T22:19:24.483+0800][981.241s] GC(270) User=0.00s Sys=0.00s Real=0.00s
[2024-04-08T22:19:26.858+0800][983.616s] GC(271) Pause Young (Normal) (G1 Evacuation Pause)
[2024-04-08T22:19:26.858+0800][983.616s] GC(271) Using 13 workers of 13 for evacuation
[2024-04-08T22:19:26.861+0800][983.619s] GC(271)   Pre Evacuate Collection Set: 0.2ms
[2024-04-08T22:19:26.861+0800][983.619s] GC(271)   Merge Heap Roots: 0.1ms
[2024-04-08T22:19:26.861+0800][983.619s] GC(271)   Evacuate Collection Set: 1.6ms
[2024-04-08T22:19:26.861+0800][983.619s] GC(271)   Post Evacuate Collection Set: 0.6ms
[2024-04-08T22:19:26.861+0800][983.619s] GC(271)   Other: 0.1ms
[2024-04-08T22:19:26.861+0800][983.619s] GC(271) Eden regions: 304->0(305)
[2024-04-08T22:19:26.861+0800][983.619s] GC(271) Survivor regions: 3->2(39)
[2024-04-08T22:19:26.861+0800][983.619s] GC(271) Old regions: 50->50
[2024-04-08T22:19:26.861+0800][983.619s] GC(271) Humongous regions: 4->4
[2024-04-08T22:19:26.861+0800][983.619s] GC(271) Metaspace: 67614K(68480K)->67614K(68480K) NonClass: 60014K(60480K)->60014K(60480K) Class: 7600K(8000K)->7600K(8000K)
[2024-04-08T22:19:26.861+0800][983.619s] GC(271) Pause Young (Normal) (G1 Evacuation Pause) 360M->55M(512M) 3.055ms
[2024-04-08T22:19:26.861+0800][983.619s] GC(271) User=0.00s Sys=0.00s Real=0.00s
[2024-04-08T22:19:29.796+0800][986.554s] GC(272) Pause Young (Normal) (G1 Evacuation Pause)
[2024-04-08T22:19:29.796+0800][986.554s] GC(272) Using 13 workers of 13 for evacuation
[2024-04-08T22:19:29.799+0800][986.557s] GC(272)   Pre Evacuate Collection Set: 0.3ms
[2024-04-08T22:19:29.800+0800][986.558s] GC(272)   Merge Heap Roots: 0.2ms
[2024-04-08T22:19:29.800+0800][986.558s] GC(272)   Evacuate Collection Set: 1.8ms
[2024-04-08T22:19:29.800+0800][986.558s] GC(272)   Post Evacuate Collection Set: 1.0ms
[2024-04-08T22:19:29.800+0800][986.558s] GC(272)   Other: 0.2ms
[2024-04-08T22:19:29.800+0800][986.558s] GC(272) Eden regions: 305->0(305)
[2024-04-08T22:19:29.800+0800][986.558s] GC(272) Survivor regions: 2->2(39)
[2024-04-08T22:19:29.800+0800][986.558s] GC(272) Old regions: 50->50
[2024-04-08T22:19:29.800+0800][986.558s] GC(272) Humongous regions: 4->4
[2024-04-08T22:19:29.800+0800][986.558s] GC(272) Metaspace: 67614K(68480K)->67614K(68480K) NonClass: 60014K(60480K)->60014K(60480K) Class: 7600K(8000K)->7600K(8000K)
[2024-04-08T22:19:29.800+0800][986.558s] GC(272) Pause Young (Normal) (G1 Evacuation Pause) 360M->55M(512M) 4.038ms
[2024-04-08T22:19:29.800+0800][986.558s] GC(272) User=0.00s Sys=0.00s Real=0.00s
[2024-04-08T22:19:32.881+0800][989.639s] GC(273) Pause Young (Normal) (G1 Evacuation Pause)
[2024-04-08T22:19:32.881+0800][989.639s] GC(273) Using 13 workers of 13 for evacuation
[2024-04-08T22:19:32.883+0800][989.641s] GC(273)   Pre Evacuate Collection Set: 0.2ms
[2024-04-08T22:19:32.883+0800][989.641s] GC(273)   Merge Heap Roots: 0.2ms
[2024-04-08T22:19:32.883+0800][989.641s] GC(273)   Evacuate Collection Set: 1.7ms
[2024-04-08T22:19:32.883+0800][989.642s] GC(273)   Post Evacuate Collection Set: 0.5ms
[2024-04-08T22:19:32.883+0800][989.642s] GC(273)   Other: 0.1ms
[2024-04-08T22:19:32.884+0800][989.642s] GC(273) Eden regions: 305->0(305)
[2024-04-08T22:19:32.884+0800][989.642s] GC(273) Survivor regions: 2->2(39)
[2024-04-08T22:19:32.884+0800][989.642s] GC(273) Old regions: 50->50
[2024-04-08T22:19:32.884+0800][989.642s] GC(273) Humongous regions: 4->4
[2024-04-08T22:19:32.884+0800][989.642s] GC(273) Metaspace: 67616K(68480K)->67616K(68480K) NonClass: 60016K(60480K)->60016K(60480K) Class: 7600K(8000K)->7600K(8000K)
[2024-04-08T22:19:32.884+0800][989.642s] GC(273) Pause Young (Normal) (G1 Evacuation Pause) 360M->55M(512M) 2.998ms
[2024-04-08T22:19:32.884+0800][989.642s] GC(273) User=0.00s Sys=0.00s Real=0.00s
[2024-04-08T22:19:36.068+0800][992.826s] GC(274) Pause Young (Normal) (G1 Evacuation Pause)
[2024-04-08T22:19:36.068+0800][992.826s] GC(274) Using 13 workers of 13 for evacuation
[2024-04-08T22:19:36.071+0800][992.829s] GC(274)   Pre Evacuate Collection Set: 0.2ms
[2024-04-08T22:19:36.071+0800][992.829s] GC(274)   Merge Heap Roots: 0.1ms
[2024-04-08T22:19:36.071+0800][992.829s] GC(274)   Evacuate Collection Set: 1.6ms
[2024-04-08T22:19:36.071+0800][992.829s] GC(274)   Post Evacuate Collection Set: 0.6ms
[2024-04-08T22:19:36.071+0800][992.829s] GC(274)   Other: 0.2ms
[2024-04-08T22:19:36.071+0800][992.829s] GC(274) Eden regions: 305->0(305)
[2024-04-08T22:19:36.071+0800][992.829s] GC(274) Survivor regions: 2->2(39)
[2024-04-08T22:19:36.071+0800][992.829s] GC(274) Old regions: 50->50
[2024-04-08T22:19:36.071+0800][992.829s] GC(274) Humongous regions: 4->4
[2024-04-08T22:19:36.071+0800][992.829s] GC(274) Metaspace: 67616K(68480K)->67616K(68480K) NonClass: 60016K(60480K)->60016K(60480K) Class: 7600K(8000K)->7600K(8000K)
[2024-04-08T22:19:36.071+0800][992.829s] GC(274) Pause Young (Normal) (G1 Evacuation Pause) 360M->55M(512M) 3.008ms
[2024-04-08T22:19:36.071+0800][992.829s] GC(274) User=0.00s Sys=0.00s Real=0.00s
[2024-04-08T22:19:38.883+0800][995.641s] GC(275) Pause Young (Normal) (G1 Evacuation Pause)
[2024-04-08T22:19:38.883+0800][995.642s] GC(275) Using 13 workers of 13 for evacuation
[2024-04-08T22:19:38.886+0800][995.644s] GC(275)   Pre Evacuate Collection Set: 0.1ms
[2024-04-08T22:19:38.886+0800][995.644s] GC(275)   Merge Heap Roots: 0.1ms
[2024-04-08T22:19:38.886+0800][995.644s] GC(275)   Evacuate Collection Set: 1.6ms
[2024-04-08T22:19:38.886+0800][995.644s] GC(275)   Post Evacuate Collection Set: 0.7ms
[2024-04-08T22:19:38.886+0800][995.644s] GC(275)   Other: 0.1ms
[2024-04-08T22:19:38.886+0800][995.644s] GC(275) Eden regions: 305->0(305)
[2024-04-08T22:19:38.886+0800][995.644s] GC(275) Survivor regions: 2->2(39)
[2024-04-08T22:19:38.886+0800][995.644s] GC(275) Old regions: 50->51
[2024-04-08T22:19:38.886+0800][995.644s] GC(275) Humongous regions: 4->4
[2024-04-08T22:19:38.886+0800][995.644s] GC(275) Metaspace: 67616K(68480K)->67616K(68480K) NonClass: 60016K(60480K)->60016K(60480K) Class: 7600K(8000K)->7600K(8000K)
[2024-04-08T22:19:38.886+0800][995.644s] GC(275) Pause Young (Normal) (G1 Evacuation Pause) 360M->55M(512M) 3.042ms
[2024-04-08T22:19:38.886+0800][995.645s] GC(275) User=0.20s Sys=0.00s Real=0.00s
[2024-04-08T22:19:41.678+0800][998.436s] GC(276) Pause Young (Normal) (G1 Evacuation Pause)
[2024-04-08T22:19:41.678+0800][998.436s] GC(276) Using 13 workers of 13 for evacuation
[2024-04-08T22:19:41.681+0800][998.440s] GC(276)   Pre Evacuate Collection Set: 0.4ms
[2024-04-08T22:19:41.682+0800][998.440s] GC(276)   Merge Heap Roots: 0.2ms
[2024-04-08T22:19:41.682+0800][998.440s] GC(276)   Evacuate Collection Set: 1.9ms
[2024-04-08T22:19:41.682+0800][998.440s] GC(276)   Post Evacuate Collection Set: 0.6ms
[2024-04-08T22:19:41.682+0800][998.440s] GC(276)   Other: 0.2ms
[2024-04-08T22:19:41.682+0800][998.440s] GC(276) Eden regions: 305->0(305)
[2024-04-08T22:19:41.682+0800][998.440s] GC(276) Survivor regions: 2->2(39)
[2024-04-08T22:19:41.682+0800][998.440s] GC(276) Old regions: 51->51
[2024-04-08T22:19:41.682+0800][998.440s] GC(276) Humongous regions: 4->4
[2024-04-08T22:19:41.682+0800][998.440s] GC(276) Metaspace: 67616K(68480K)->67616K(68480K) NonClass: 60016K(60480K)->60016K(60480K) Class: 7600K(8000K)->7600K(8000K)
[2024-04-08T22:19:41.682+0800][998.440s] GC(276) Pause Young (Normal) (G1 Evacuation Pause) 360M->55M(512M) 3.889ms
[2024-04-08T22:19:41.682+0800][998.440s] GC(276) User=0.00s Sys=0.02s Real=0.00s
[2024-04-08T22:19:44.781+0800][1001.539s] GC(277) Pause Young (Normal) (G1 Evacuation Pause)
[2024-04-08T22:19:44.781+0800][1001.539s] GC(277) Using 13 workers of 13 for evacuation
[2024-04-08T22:19:44.784+0800][1001.542s] GC(277)   Pre Evacuate Collection Set: 0.2ms
[2024-04-08T22:19:44.784+0800][1001.542s] GC(277)   Merge Heap Roots: 0.1ms
[2024-04-08T22:19:44.784+0800][1001.542s] GC(277)   Evacuate Collection Set: 1.7ms
[2024-04-08T22:19:44.784+0800][1001.542s] GC(277)   Post Evacuate Collection Set: 0.6ms
[2024-04-08T22:19:44.784+0800][1001.542s] GC(277)   Other: 0.1ms
[2024-04-08T22:19:44.784+0800][1001.542s] GC(277) Eden regions: 305->0(305)
[2024-04-08T22:19:44.784+0800][1001.542s] GC(277) Survivor regions: 2->2(39)
[2024-04-08T22:19:44.784+0800][1001.542s] GC(277) Old regions: 51->51
[2024-04-08T22:19:44.784+0800][1001.542s] GC(277) Humongous regions: 4->4
[2024-04-08T22:19:44.784+0800][1001.542s] GC(277) Metaspace: 67617K(68480K)->67617K(68480K) NonClass: 60016K(60480K)->60016K(60480K) Class: 7600K(8000K)->7600K(8000K)
[2024-04-08T22:19:44.784+0800][1001.542s] GC(277) Pause Young (Normal) (G1 Evacuation Pause) 360M->55M(512M) 3.270ms
[2024-04-08T22:19:44.784+0800][1001.542s] GC(277) User=0.00s Sys=0.00s Real=0.00s
[2024-04-08T22:19:47.593+0800][1004.351s] GC(278) Pause Young (Normal) (G1 Evacuation Pause)
[2024-04-08T22:19:47.593+0800][1004.351s] GC(278) Using 13 workers of 13 for evacuation
[2024-04-08T22:19:47.596+0800][1004.354s] GC(278)   Pre Evacuate Collection Set: 0.2ms
[2024-04-08T22:19:47.596+0800][1004.354s] GC(278)   Merge Heap Roots: 0.1ms
[2024-04-08T22:19:47.596+0800][1004.354s] GC(278)   Evacuate Collection Set: 1.8ms
[2024-04-08T22:19:47.596+0800][1004.354s] GC(278)   Post Evacuate Collection Set: 0.7ms
[2024-04-08T22:19:47.596+0800][1004.354s] GC(278)   Other: 0.1ms
[2024-04-08T22:19:47.596+0800][1004.354s] GC(278) Eden regions: 305->0(305)
[2024-04-08T22:19:47.596+0800][1004.355s] GC(278) Survivor regions: 2->2(39)
[2024-04-08T22:19:47.596+0800][1004.355s] GC(278) Old regions: 51->51
[2024-04-08T22:19:47.596+0800][1004.355s] GC(278) Humongous regions: 4->4
[2024-04-08T22:19:47.596+0800][1004.355s] GC(278) Metaspace: 67617K(68480K)->67617K(68480K) NonClass: 60016K(60480K)->60016K(60480K) Class: 7600K(8000K)->7600K(8000K)
[2024-04-08T22:19:47.597+0800][1004.355s] GC(278) Pause Young (Normal) (G1 Evacuation Pause) 360M->55M(512M) 3.445ms
[2024-04-08T22:19:47.597+0800][1004.355s] GC(278) User=0.00s Sys=0.00s Real=0.00s
[2024-04-08T22:19:50.825+0800][1007.584s] GC(279) Pause Young (Normal) (G1 Evacuation Pause)
[2024-04-08T22:19:50.826+0800][1007.584s] GC(279) Using 13 workers of 13 for evacuation
[2024-04-08T22:19:50.831+0800][1007.589s] GC(279)   Pre Evacuate Collection Set: 0.2ms
[2024-04-08T22:19:50.831+0800][1007.589s] GC(279)   Merge Heap Roots: 0.2ms
[2024-04-08T22:19:50.831+0800][1007.589s] GC(279)   Evacuate Collection Set: 3.5ms
[2024-04-08T22:19:50.831+0800][1007.589s] GC(279)   Post Evacuate Collection Set: 1.0ms
[2024-04-08T22:19:50.831+0800][1007.589s] GC(279)   Other: 0.2ms
[2024-04-08T22:19:50.831+0800][1007.589s] GC(279) Eden regions: 305->0(305)
[2024-04-08T22:19:50.831+0800][1007.589s] GC(279) Survivor regions: 2->2(39)
[2024-04-08T22:19:50.831+0800][1007.589s] GC(279) Old regions: 51->51
[2024-04-08T22:19:50.831+0800][1007.589s] GC(279) Humongous regions: 4->4
[2024-04-08T22:19:50.831+0800][1007.589s] GC(279) Metaspace: 67617K(68480K)->67617K(68480K) NonClass: 60016K(60480K)->60016K(60480K) Class: 7600K(8000K)->7600K(8000K)
[2024-04-08T22:19:50.831+0800][1007.589s] GC(279) Pause Young (Normal) (G1 Evacuation Pause) 360M->55M(512M) 5.957ms
[2024-04-08T22:19:50.831+0800][1007.590s] GC(279) User=0.00s Sys=0.00s Real=0.01s
[2024-04-08T22:19:53.809+0800][1010.567s] GC(280) Pause Young (Normal) (G1 Evacuation Pause)
[2024-04-08T22:19:53.809+0800][1010.567s] GC(280) Using 13 workers of 13 for evacuation
[2024-04-08T22:19:53.812+0800][1010.570s] GC(280)   Pre Evacuate Collection Set: 0.1ms
[2024-04-08T22:19:53.812+0800][1010.570s] GC(280)   Merge Heap Roots: 0.1ms
[2024-04-08T22:19:53.812+0800][1010.570s] GC(280)   Evacuate Collection Set: 1.7ms
[2024-04-08T22:19:53.812+0800][1010.570s] GC(280)   Post Evacuate Collection Set: 0.6ms
[2024-04-08T22:19:53.812+0800][1010.570s] GC(280)   Other: 0.1ms
[2024-04-08T22:19:53.812+0800][1010.570s] GC(280) Eden regions: 305->0(305)
[2024-04-08T22:19:53.812+0800][1010.570s] GC(280) Survivor regions: 2->2(39)
[2024-04-08T22:19:53.812+0800][1010.570s] GC(280) Old regions: 51->51
[2024-04-08T22:19:53.812+0800][1010.570s] GC(280) Humongous regions: 4->4
[2024-04-08T22:19:53.812+0800][1010.570s] GC(280) Metaspace: 67617K(68480K)->67617K(68480K) NonClass: 60016K(60480K)->60016K(60480K) Class: 7600K(8000K)->7600K(8000K)
[2024-04-08T22:19:53.812+0800][1010.570s] GC(280) Pause Young (Normal) (G1 Evacuation Pause) 360M->55M(512M) 3.116ms
[2024-04-08T22:19:53.812+0800][1010.570s] GC(280) User=0.00s Sys=0.00s Real=0.00s
[2024-04-08T22:19:56.883+0800][1013.641s] GC(281) Pause Young (Normal) (G1 Evacuation Pause)
[2024-04-08T22:19:56.883+0800][1013.641s] GC(281) Using 13 workers of 13 for evacuation
[2024-04-08T22:19:56.888+0800][1013.646s] GC(281)   Pre Evacuate Collection Set: 0.3ms
[2024-04-08T22:19:56.888+0800][1013.646s] GC(281)   Merge Heap Roots: 0.2ms
[2024-04-08T22:19:56.888+0800][1013.646s] GC(281)   Evacuate Collection Set: 2.6ms
[2024-04-08T22:19:56.888+0800][1013.646s] GC(281)   Post Evacuate Collection Set: 1.2ms
[2024-04-08T22:19:56.888+0800][1013.646s] GC(281)   Other: 0.2ms
[2024-04-08T22:19:56.888+0800][1013.646s] GC(281) Eden regions: 305->0(305)
[2024-04-08T22:19:56.888+0800][1013.646s] GC(281) Survivor regions: 2->2(39)
[2024-04-08T22:19:56.888+0800][1013.646s] GC(281) Old regions: 51->51
[2024-04-08T22:19:56.888+0800][1013.646s] GC(281) Humongous regions: 4->4
[2024-04-08T22:19:56.888+0800][1013.646s] GC(281) Metaspace: 67617K(68480K)->67617K(68480K) NonClass: 60016K(60480K)->60016K(60480K) Class: 7600K(8000K)->7600K(8000K)
[2024-04-08T22:19:56.888+0800][1013.646s] GC(281) Pause Young (Normal) (G1 Evacuation Pause) 360M->55M(512M) 5.411ms
[2024-04-08T22:19:56.888+0800][1013.646s] GC(281) User=0.19s Sys=0.02s Real=0.01s
[2024-04-08T22:19:59.460+0800][1016.218s] GC(282) Pause Young (Normal) (G1 Evacuation Pause)
[2024-04-08T22:19:59.460+0800][1016.218s] GC(282) Using 13 workers of 13 for evacuation
[2024-04-08T22:19:59.464+0800][1016.222s] GC(282)   Pre Evacuate Collection Set: 0.2ms
[2024-04-08T22:19:59.464+0800][1016.222s] GC(282)   Merge Heap Roots: 0.2ms
[2024-04-08T22:19:59.464+0800][1016.223s] GC(282)   Evacuate Collection Set: 2.7ms
[2024-04-08T22:19:59.464+0800][1016.223s] GC(282)   Post Evacuate Collection Set: 1.0ms
[2024-04-08T22:19:59.464+0800][1016.223s] GC(282)   Other: 0.2ms
[2024-04-08T22:19:59.464+0800][1016.223s] GC(282) Eden regions: 305->0(305)
[2024-04-08T22:19:59.464+0800][1016.223s] GC(282) Survivor regions: 2->2(39)
[2024-04-08T22:19:59.464+0800][1016.223s] GC(282) Old regions: 51->51
[2024-04-08T22:19:59.464+0800][1016.223s] GC(282) Humongous regions: 4->4
[2024-04-08T22:19:59.464+0800][1016.223s] GC(282) Metaspace: 67617K(68480K)->67617K(68480K) NonClass: 60016K(60480K)->60016K(60480K) Class: 7600K(8000K)->7600K(8000K)
[2024-04-08T22:19:59.465+0800][1016.223s] GC(282) Pause Young (Normal) (G1 Evacuation Pause) 360M->55M(512M) 4.941ms
[2024-04-08T22:19:59.465+0800][1016.223s] GC(282) User=0.03s Sys=0.00s Real=0.00s
[2024-04-08T22:20:02.200+0800][1018.958s] GC(283) Pause Young (Normal) (G1 Evacuation Pause)
[2024-04-08T22:20:02.200+0800][1018.958s] GC(283) Using 13 workers of 13 for evacuation
[2024-04-08T22:20:02.203+0800][1018.961s] GC(283)   Pre Evacuate Collection Set: 0.2ms
[2024-04-08T22:20:02.203+0800][1018.961s] GC(283)   Merge Heap Roots: 0.1ms
[2024-04-08T22:20:02.203+0800][1018.961s] GC(283)   Evacuate Collection Set: 2.2ms
[2024-04-08T22:20:02.203+0800][1018.961s] GC(283)   Post Evacuate Collection Set: 0.7ms
[2024-04-08T22:20:02.203+0800][1018.961s] GC(283)   Other: 0.1ms
[2024-04-08T22:20:02.203+0800][1018.962s] GC(283) Eden regions: 305->0(305)
[2024-04-08T22:20:02.203+0800][1018.962s] GC(283) Survivor regions: 2->2(39)
[2024-04-08T22:20:02.203+0800][1018.962s] GC(283) Old regions: 51->51
[2024-04-08T22:20:02.203+0800][1018.962s] GC(283) Humongous regions: 4->4
[2024-04-08T22:20:02.203+0800][1018.962s] GC(283) Metaspace: 67617K(68480K)->67617K(68480K) NonClass: 60016K(60480K)->60016K(60480K) Class: 7600K(8000K)->7600K(8000K)
[2024-04-08T22:20:02.203+0800][1018.962s] GC(283) Pause Young (Normal) (G1 Evacuation Pause) 360M->55M(512M) 3.688ms
[2024-04-08T22:20:02.203+0800][1018.962s] GC(283) User=0.00s Sys=0.00s Real=0.00s
[2024-04-08T22:20:05.156+0800][1021.914s] GC(284) Pause Young (Normal) (G1 Evacuation Pause)
[2024-04-08T22:20:05.156+0800][1021.914s] GC(284) Using 13 workers of 13 for evacuation
[2024-04-08T22:20:05.159+0800][1021.917s] GC(284)   Pre Evacuate Collection Set: 0.2ms
[2024-04-08T22:20:05.159+0800][1021.917s] GC(284)   Merge Heap Roots: 0.1ms
[2024-04-08T22:20:05.159+0800][1021.918s] GC(284)   Evacuate Collection Set: 2.3ms
[2024-04-08T22:20:05.159+0800][1021.918s] GC(284)   Post Evacuate Collection Set: 0.7ms
[2024-04-08T22:20:05.159+0800][1021.918s] GC(284)   Other: 0.2ms
[2024-04-08T22:20:05.160+0800][1021.918s] GC(284) Eden regions: 305->0(305)
[2024-04-08T22:20:05.160+0800][1021.918s] GC(284) Survivor regions: 2->2(39)
[2024-04-08T22:20:05.160+0800][1021.918s] GC(284) Old regions: 51->51
[2024-04-08T22:20:05.160+0800][1021.918s] GC(284) Humongous regions: 4->4
[2024-04-08T22:20:05.160+0800][1021.918s] GC(284) Metaspace: 67617K(68480K)->67617K(68480K) NonClass: 60016K(60480K)->60016K(60480K) Class: 7600K(8000K)->7600K(8000K)
[2024-04-08T22:20:05.160+0800][1021.918s] GC(284) Pause Young (Normal) (G1 Evacuation Pause) 360M->55M(512M) 4.039ms
[2024-04-08T22:20:05.160+0800][1021.918s] GC(284) User=0.00s Sys=0.00s Real=0.00s
[2024-04-08T22:20:08.196+0800][1024.955s] GC(285) Pause Young (Normal) (G1 Evacuation Pause)
[2024-04-08T22:20:08.197+0800][1024.955s] GC(285) Using 13 workers of 13 for evacuation
[2024-04-08T22:20:08.200+0800][1024.958s] GC(285)   Pre Evacuate Collection Set: 0.3ms
[2024-04-08T22:20:08.200+0800][1024.958s] GC(285)   Merge Heap Roots: 0.2ms
[2024-04-08T22:20:08.200+0800][1024.958s] GC(285)   Evacuate Collection Set: 2.4ms
[2024-04-08T22:20:08.200+0800][1024.959s] GC(285)   Post Evacuate Collection Set: 0.5ms
[2024-04-08T22:20:08.200+0800][1024.959s] GC(285)   Other: 0.2ms
[2024-04-08T22:20:08.200+0800][1024.959s] GC(285) Eden regions: 305->0(305)
[2024-04-08T22:20:08.200+0800][1024.959s] GC(285) Survivor regions: 2->2(39)
[2024-04-08T22:20:08.200+0800][1024.959s] GC(285) Old regions: 51->51
[2024-04-08T22:20:08.200+0800][1024.959s] GC(285) Humongous regions: 4->4
[2024-04-08T22:20:08.200+0800][1024.959s] GC(285) Metaspace: 67617K(68480K)->67617K(68480K) NonClass: 60016K(60480K)->60016K(60480K) Class: 7600K(8000K)->7600K(8000K)
[2024-04-08T22:20:08.201+0800][1024.959s] GC(285) Pause Young (Normal) (G1 Evacuation Pause) 360M->55M(512M) 4.095ms
[2024-04-08T22:20:08.201+0800][1024.959s] GC(285) User=0.16s Sys=0.00s Real=0.00s
[2024-04-08T22:20:10.904+0800][1027.663s] GC(286) Pause Young (Normal) (G1 Evacuation Pause)
[2024-04-08T22:20:10.904+0800][1027.663s] GC(286) Using 13 workers of 13 for evacuation
[2024-04-08T22:20:10.908+0800][1027.666s] GC(286)   Pre Evacuate Collection Set: 0.2ms
[2024-04-08T22:20:10.908+0800][1027.667s] GC(286)   Merge Heap Roots: 0.2ms
[2024-04-08T22:20:10.908+0800][1027.667s] GC(286)   Evacuate Collection Set: 2.5ms
[2024-04-08T22:20:10.908+0800][1027.667s] GC(286)   Post Evacuate Collection Set: 0.7ms
[2024-04-08T22:20:10.908+0800][1027.667s] GC(286)   Other: 0.2ms
[2024-04-08T22:20:10.908+0800][1027.667s] GC(286) Eden regions: 305->0(305)
[2024-04-08T22:20:10.908+0800][1027.667s] GC(286) Survivor regions: 2->2(39)
[2024-04-08T22:20:10.908+0800][1027.667s] GC(286) Old regions: 51->51
[2024-04-08T22:20:10.908+0800][1027.667s] GC(286) Humongous regions: 4->4
[2024-04-08T22:20:10.908+0800][1027.667s] GC(286) Metaspace: 67617K(68480K)->67617K(68480K) NonClass: 60016K(60480K)->60016K(60480K) Class: 7600K(8000K)->7600K(8000K)
[2024-04-08T22:20:10.908+0800][1027.667s] GC(286) Pause Young (Normal) (G1 Evacuation Pause) 360M->55M(512M) 4.269ms
[2024-04-08T22:20:10.908+0800][1027.667s] GC(286) User=0.00s Sys=0.00s Real=0.00s
[2024-04-08T22:20:13.631+0800][1030.390s] GC(287) Pause Young (Normal) (G1 Evacuation Pause)
[2024-04-08T22:20:13.631+0800][1030.390s] GC(287) Using 13 workers of 13 for evacuation
[2024-04-08T22:20:13.634+0800][1030.392s] GC(287)   Pre Evacuate Collection Set: 0.2ms
[2024-04-08T22:20:13.634+0800][1030.393s] GC(287)   Merge Heap Roots: 0.2ms
[2024-04-08T22:20:13.634+0800][1030.393s] GC(287)   Evacuate Collection Set: 1.6ms
[2024-04-08T22:20:13.634+0800][1030.393s] GC(287)   Post Evacuate Collection Set: 0.5ms
[2024-04-08T22:20:13.634+0800][1030.393s] GC(287)   Other: 0.1ms
[2024-04-08T22:20:13.634+0800][1030.393s] GC(287) Eden regions: 305->0(305)
[2024-04-08T22:20:13.634+0800][1030.393s] GC(287) Survivor regions: 2->2(39)
[2024-04-08T22:20:13.634+0800][1030.393s] GC(287) Old regions: 51->51
[2024-04-08T22:20:13.634+0800][1030.393s] GC(287) Humongous regions: 4->4
[2024-04-08T22:20:13.634+0800][1030.393s] GC(287) Metaspace: 67617K(68480K)->67617K(68480K) NonClass: 60016K(60480K)->60016K(60480K) Class: 7600K(8000K)->7600K(8000K)
[2024-04-08T22:20:13.634+0800][1030.393s] GC(287) Pause Young (Normal) (G1 Evacuation Pause) 360M->55M(512M) 2.839ms
[2024-04-08T22:20:13.634+0800][1030.393s] GC(287) User=0.00s Sys=0.00s Real=0.00s
[2024-04-08T22:20:16.323+0800][1033.082s] GC(288) Pause Young (Normal) (G1 Evacuation Pause)
[2024-04-08T22:20:16.323+0800][1033.082s] GC(288) Using 13 workers of 13 for evacuation
[2024-04-08T22:20:16.327+0800][1033.086s] GC(288)   Pre Evacuate Collection Set: 0.2ms
[2024-04-08T22:20:16.327+0800][1033.086s] GC(288)   Merge Heap Roots: 0.1ms
[2024-04-08T22:20:16.327+0800][1033.086s] GC(288)   Evacuate Collection Set: 2.7ms
[2024-04-08T22:20:16.327+0800][1033.086s] GC(288)   Post Evacuate Collection Set: 0.6ms
[2024-04-08T22:20:16.327+0800][1033.086s] GC(288)   Other: 0.1ms
[2024-04-08T22:20:16.327+0800][1033.086s] GC(288) Eden regions: 305->0(305)
[2024-04-08T22:20:16.327+0800][1033.086s] GC(288) Survivor regions: 2->2(39)
[2024-04-08T22:20:16.327+0800][1033.086s] GC(288) Old regions: 51->51
[2024-04-08T22:20:16.327+0800][1033.086s] GC(288) Humongous regions: 4->4
[2024-04-08T22:20:16.327+0800][1033.086s] GC(288) Metaspace: 67617K(68480K)->67617K(68480K) NonClass: 60016K(60480K)->60016K(60480K) Class: 7600K(8000K)->7600K(8000K)
[2024-04-08T22:20:16.328+0800][1033.086s] GC(288) Pause Young (Normal) (G1 Evacuation Pause) 360M->55M(512M) 4.418ms
[2024-04-08T22:20:16.328+0800][1033.086s] GC(288) User=0.00s Sys=0.00s Real=0.01s
[2024-04-08T22:20:19.183+0800][1035.942s] GC(289) Pause Young (Normal) (G1 Evacuation Pause)
[2024-04-08T22:20:19.183+0800][1035.942s] GC(289) Using 13 workers of 13 for evacuation
[2024-04-08T22:20:19.188+0800][1035.946s] GC(289)   Pre Evacuate Collection Set: 0.3ms
[2024-04-08T22:20:19.188+0800][1035.946s] GC(289)   Merge Heap Roots: 0.2ms
[2024-04-08T22:20:19.188+0800][1035.946s] GC(289)   Evacuate Collection Set: 2.5ms
[2024-04-08T22:20:19.188+0800][1035.947s] GC(289)   Post Evacuate Collection Set: 1.0ms
[2024-04-08T22:20:19.188+0800][1035.947s] GC(289)   Other: 0.2ms
[2024-04-08T22:20:19.188+0800][1035.947s] GC(289) Eden regions: 305->0(305)
[2024-04-08T22:20:19.188+0800][1035.947s] GC(289) Survivor regions: 2->2(39)
[2024-04-08T22:20:19.188+0800][1035.947s] GC(289) Old regions: 51->51
[2024-04-08T22:20:19.188+0800][1035.947s] GC(289) Humongous regions: 4->4
[2024-04-08T22:20:19.188+0800][1035.947s] GC(289) Metaspace: 67617K(68480K)->67617K(68480K) NonClass: 60016K(60480K)->60016K(60480K) Class: 7600K(8000K)->7600K(8000K)
[2024-04-08T22:20:19.188+0800][1035.947s] GC(289) Pause Young (Normal) (G1 Evacuation Pause) 360M->55M(512M) 4.975ms
[2024-04-08T22:20:19.188+0800][1035.947s] GC(289) User=0.00s Sys=0.00s Real=0.00s
[2024-04-08T22:20:22.518+0800][1039.277s] GC(290) Pause Young (Normal) (G1 Evacuation Pause)
[2024-04-08T22:20:22.518+0800][1039.277s] GC(290) Using 13 workers of 13 for evacuation
[2024-04-08T22:20:22.521+0800][1039.280s] GC(290)   Pre Evacuate Collection Set: 0.3ms
[2024-04-08T22:20:22.521+0800][1039.280s] GC(290)   Merge Heap Roots: 0.1ms
[2024-04-08T22:20:22.521+0800][1039.280s] GC(290)   Evacuate Collection Set: 1.9ms
[2024-04-08T22:20:22.521+0800][1039.280s] GC(290)   Post Evacuate Collection Set: 0.7ms
[2024-04-08T22:20:22.521+0800][1039.280s] GC(290)   Other: 0.2ms
[2024-04-08T22:20:22.521+0800][1039.280s] GC(290) Eden regions: 305->0(305)
[2024-04-08T22:20:22.521+0800][1039.280s] GC(290) Survivor regions: 2->2(39)
[2024-04-08T22:20:22.521+0800][1039.280s] GC(290) Old regions: 51->51
[2024-04-08T22:20:22.521+0800][1039.280s] GC(290) Humongous regions: 4->4
[2024-04-08T22:20:22.522+0800][1039.280s] GC(290) Metaspace: 67617K(68480K)->67617K(68480K) NonClass: 60016K(60480K)->60016K(60480K) Class: 7600K(8000K)->7600K(8000K)
[2024-04-08T22:20:22.522+0800][1039.280s] GC(290) Pause Young (Normal) (G1 Evacuation Pause) 360M->55M(512M) 3.681ms
[2024-04-08T22:20:22.522+0800][1039.280s] GC(290) User=0.00s Sys=0.00s Real=0.00s
[2024-04-08T22:20:25.142+0800][1041.901s] GC(291) Pause Young (Normal) (G1 Evacuation Pause)
[2024-04-08T22:20:25.142+0800][1041.901s] GC(291) Using 13 workers of 13 for evacuation
[2024-04-08T22:20:25.146+0800][1041.905s] GC(291)   Pre Evacuate Collection Set: 0.4ms
[2024-04-08T22:20:25.146+0800][1041.905s] GC(291)   Merge Heap Roots: 0.2ms
[2024-04-08T22:20:25.146+0800][1041.905s] GC(291)   Evacuate Collection Set: 2.3ms
[2024-04-08T22:20:25.146+0800][1041.905s] GC(291)   Post Evacuate Collection Set: 1.0ms
[2024-04-08T22:20:25.146+0800][1041.905s] GC(291)   Other: 0.2ms
[2024-04-08T22:20:25.146+0800][1041.905s] GC(291) Eden regions: 305->0(305)
[2024-04-08T22:20:25.146+0800][1041.905s] GC(291) Survivor regions: 2->2(39)
[2024-04-08T22:20:25.146+0800][1041.905s] GC(291) Old regions: 51->51
[2024-04-08T22:20:25.146+0800][1041.905s] GC(291) Humongous regions: 4->4
[2024-04-08T22:20:25.146+0800][1041.905s] GC(291) Metaspace: 67617K(68480K)->67617K(68480K) NonClass: 60016K(60480K)->60016K(60480K) Class: 7600K(8000K)->7600K(8000K)
[2024-04-08T22:20:25.147+0800][1041.905s] GC(291) Pause Young (Normal) (G1 Evacuation Pause) 360M->55M(512M) 4.776ms
[2024-04-08T22:20:25.147+0800][1041.905s] GC(291) User=0.00s Sys=0.00s Real=0.01s
[2024-04-08T22:20:27.958+0800][1044.717s] GC(292) Pause Young (Normal) (G1 Evacuation Pause)
[2024-04-08T22:20:27.958+0800][1044.717s] GC(292) Using 13 workers of 13 for evacuation
[2024-04-08T22:20:27.963+0800][1044.721s] GC(292)   Pre Evacuate Collection Set: 0.2ms
[2024-04-08T22:20:27.963+0800][1044.722s] GC(292)   Merge Heap Roots: 0.1ms
[2024-04-08T22:20:27.963+0800][1044.722s] GC(292)   Evacuate Collection Set: 3.8ms
[2024-04-08T22:20:27.963+0800][1044.722s] GC(292)   Post Evacuate Collection Set: 0.7ms
[2024-04-08T22:20:27.963+0800][1044.722s] GC(292)   Other: 0.1ms
[2024-04-08T22:20:27.963+0800][1044.722s] GC(292) Eden regions: 305->0(305)
[2024-04-08T22:20:27.963+0800][1044.722s] GC(292) Survivor regions: 2->2(39)
[2024-04-08T22:20:27.963+0800][1044.722s] GC(292) Old regions: 51->51
[2024-04-08T22:20:27.963+0800][1044.722s] GC(292) Humongous regions: 4->4
[2024-04-08T22:20:27.963+0800][1044.722s] GC(292) Metaspace: 67617K(68480K)->67617K(68480K) NonClass: 60016K(60480K)->60016K(60480K) Class: 7600K(8000K)->7600K(8000K)
[2024-04-08T22:20:27.963+0800][1044.722s] GC(292) Pause Young (Normal) (G1 Evacuation Pause) 360M->56M(512M) 5.214ms
[2024-04-08T22:20:27.963+0800][1044.722s] GC(292) User=0.19s Sys=0.00s Real=0.01s
[2024-04-08T22:20:30.450+0800][1047.208s] GC(293) Pause Young (Normal) (G1 Evacuation Pause)
[2024-04-08T22:20:30.450+0800][1047.208s] GC(293) Using 13 workers of 13 for evacuation
[2024-04-08T22:20:30.455+0800][1047.213s] GC(293)   Pre Evacuate Collection Set: 0.2ms
[2024-04-08T22:20:30.455+0800][1047.213s] GC(293)   Merge Heap Roots: 0.2ms
[2024-04-08T22:20:30.455+0800][1047.213s] GC(293)   Evacuate Collection Set: 3.2ms
[2024-04-08T22:20:30.455+0800][1047.213s] GC(293)   Post Evacuate Collection Set: 1.0ms
[2024-04-08T22:20:30.455+0800][1047.213s] GC(293)   Other: 0.2ms
[2024-04-08T22:20:30.455+0800][1047.213s] GC(293) Eden regions: 305->0(304)
[2024-04-08T22:20:30.455+0800][1047.213s] GC(293) Survivor regions: 2->3(39)
[2024-04-08T22:20:30.455+0800][1047.213s] GC(293) Old regions: 51->51
[2024-04-08T22:20:30.455+0800][1047.214s] GC(293) Humongous regions: 4->4
[2024-04-08T22:20:30.455+0800][1047.214s] GC(293) Metaspace: 67617K(68480K)->67617K(68480K) NonClass: 60016K(60480K)->60016K(60480K) Class: 7600K(8000K)->7600K(8000K)
[2024-04-08T22:20:30.456+0800][1047.214s] GC(293) Pause Young (Normal) (G1 Evacuation Pause) 361M->56M(512M) 5.551ms
[2024-04-08T22:20:30.456+0800][1047.214s] GC(293) User=0.00s Sys=0.00s Real=0.01s
[2024-04-08T22:20:33.617+0800][1050.375s] GC(294) Pause Young (Normal) (G1 Evacuation Pause)
[2024-04-08T22:20:33.617+0800][1050.375s] GC(294) Using 13 workers of 13 for evacuation
[2024-04-08T22:20:33.621+0800][1050.379s] GC(294)   Pre Evacuate Collection Set: 0.3ms
[2024-04-08T22:20:33.621+0800][1050.379s] GC(294)   Merge Heap Roots: 0.2ms
[2024-04-08T22:20:33.621+0800][1050.379s] GC(294)   Evacuate Collection Set: 2.5ms
[2024-04-08T22:20:33.621+0800][1050.379s] GC(294)   Post Evacuate Collection Set: 0.7ms
[2024-04-08T22:20:33.621+0800][1050.379s] GC(294)   Other: 0.2ms
[2024-04-08T22:20:33.621+0800][1050.379s] GC(294) Eden regions: 304->0(305)
[2024-04-08T22:20:33.621+0800][1050.379s] GC(294) Survivor regions: 3->2(39)
[2024-04-08T22:20:33.621+0800][1050.379s] GC(294) Old regions: 51->51
[2024-04-08T22:20:33.621+0800][1050.379s] GC(294) Humongous regions: 4->4
[2024-04-08T22:20:33.621+0800][1050.379s] GC(294) Metaspace: 67617K(68480K)->67617K(68480K) NonClass: 60016K(60480K)->60016K(60480K) Class: 7600K(8000K)->7600K(8000K)
[2024-04-08T22:20:33.621+0800][1050.380s] GC(294) Pause Young (Normal) (G1 Evacuation Pause) 360M->56M(512M) 4.613ms
[2024-04-08T22:20:33.621+0800][1050.380s] GC(294) User=0.03s Sys=0.00s Real=0.00s
[2024-04-08T22:20:36.749+0800][1053.507s] GC(295) Pause Young (Normal) (G1 Evacuation Pause)
[2024-04-08T22:20:36.749+0800][1053.507s] GC(295) Using 13 workers of 13 for evacuation
[2024-04-08T22:20:36.754+0800][1053.512s] GC(295)   Pre Evacuate Collection Set: 0.4ms
[2024-04-08T22:20:36.754+0800][1053.512s] GC(295)   Merge Heap Roots: 0.2ms
[2024-04-08T22:20:36.754+0800][1053.512s] GC(295)   Evacuate Collection Set: 2.6ms
[2024-04-08T22:20:36.754+0800][1053.512s] GC(295)   Post Evacuate Collection Set: 1.1ms
[2024-04-08T22:20:36.754+0800][1053.512s] GC(295)   Other: 0.2ms
[2024-04-08T22:20:36.754+0800][1053.512s] GC(295) Eden regions: 305->0(305)
[2024-04-08T22:20:36.754+0800][1053.512s] GC(295) Survivor regions: 2->2(39)
[2024-04-08T22:20:36.754+0800][1053.512s] GC(295) Old regions: 51->51
[2024-04-08T22:20:36.754+0800][1053.512s] GC(295) Humongous regions: 4->4
[2024-04-08T22:20:36.754+0800][1053.513s] GC(295) Metaspace: 67617K(68480K)->67617K(68480K) NonClass: 60016K(60480K)->60016K(60480K) Class: 7600K(8000K)->7600K(8000K)
[2024-04-08T22:20:36.755+0800][1053.513s] GC(295) Pause Young (Normal) (G1 Evacuation Pause) 361M->55M(512M) 5.444ms
[2024-04-08T22:20:36.755+0800][1053.513s] GC(295) User=0.00s Sys=0.00s Real=0.01s
[2024-04-08T22:20:39.842+0800][1056.601s] GC(296) Pause Young (Normal) (G1 Evacuation Pause)
[2024-04-08T22:20:39.843+0800][1056.601s] GC(296) Using 13 workers of 13 for evacuation
[2024-04-08T22:20:39.848+0800][1056.606s] GC(296)   Pre Evacuate Collection Set: 0.2ms
[2024-04-08T22:20:39.848+0800][1056.606s] GC(296)   Merge Heap Roots: 0.1ms
[2024-04-08T22:20:39.848+0800][1056.606s] GC(296)   Evacuate Collection Set: 3.5ms
[2024-04-08T22:20:39.848+0800][1056.606s] GC(296)   Post Evacuate Collection Set: 1.2ms
[2024-04-08T22:20:39.848+0800][1056.606s] GC(296)   Other: 0.2ms
[2024-04-08T22:20:39.848+0800][1056.606s] GC(296) Eden regions: 305->0(305)
[2024-04-08T22:20:39.848+0800][1056.606s] GC(296) Survivor regions: 2->2(39)
[2024-04-08T22:20:39.848+0800][1056.606s] GC(296) Old regions: 51->51
[2024-04-08T22:20:39.848+0800][1056.606s] GC(296) Humongous regions: 4->4
[2024-04-08T22:20:39.848+0800][1056.607s] GC(296) Metaspace: 67617K(68480K)->67617K(68480K) NonClass: 60016K(60480K)->60016K(60480K) Class: 7600K(8000K)->7600K(8000K)
[2024-04-08T22:20:39.849+0800][1056.607s] GC(296) Pause Young (Normal) (G1 Evacuation Pause) 360M->55M(512M) 6.093ms
[2024-04-08T22:20:39.849+0800][1056.607s] GC(296) User=0.00s Sys=0.00s Real=0.01s
[2024-04-08T22:20:42.758+0800][1059.516s] GC(297) Pause Young (Normal) (G1 Evacuation Pause)
[2024-04-08T22:20:42.758+0800][1059.516s] GC(297) Using 13 workers of 13 for evacuation
[2024-04-08T22:20:42.760+0800][1059.518s] GC(297)   Pre Evacuate Collection Set: 0.1ms
[2024-04-08T22:20:42.760+0800][1059.518s] GC(297)   Merge Heap Roots: 0.1ms
[2024-04-08T22:20:42.760+0800][1059.519s] GC(297)   Evacuate Collection Set: 1.8ms
[2024-04-08T22:20:42.760+0800][1059.519s] GC(297)   Post Evacuate Collection Set: 0.5ms
[2024-04-08T22:20:42.760+0800][1059.519s] GC(297)   Other: 0.1ms
[2024-04-08T22:20:42.761+0800][1059.519s] GC(297) Eden regions: 305->0(305)
[2024-04-08T22:20:42.761+0800][1059.519s] GC(297) Survivor regions: 2->2(39)
[2024-04-08T22:20:42.761+0800][1059.519s] GC(297) Old regions: 51->51
[2024-04-08T22:20:42.761+0800][1059.519s] GC(297) Humongous regions: 4->4
[2024-04-08T22:20:42.761+0800][1059.519s] GC(297) Metaspace: 67617K(68480K)->67617K(68480K) NonClass: 60016K(60480K)->60016K(60480K) Class: 7600K(8000K)->7600K(8000K)
[2024-04-08T22:20:42.761+0800][1059.519s] GC(297) Pause Young (Normal) (G1 Evacuation Pause) 360M->56M(512M) 2.899ms
[2024-04-08T22:20:42.761+0800][1059.519s] GC(297) User=0.05s Sys=0.02s Real=0.00s
[2024-04-08T22:20:45.576+0800][1062.334s] GC(298) Pause Young (Normal) (G1 Evacuation Pause)
[2024-04-08T22:20:45.576+0800][1062.334s] GC(298) Using 13 workers of 13 for evacuation
[2024-04-08T22:20:45.583+0800][1062.341s] GC(298)   Pre Evacuate Collection Set: 0.4ms
[2024-04-08T22:20:45.583+0800][1062.341s] GC(298)   Merge Heap Roots: 0.2ms
[2024-04-08T22:20:45.583+0800][1062.341s] GC(298)   Evacuate Collection Set: 4.5ms
[2024-04-08T22:20:45.583+0800][1062.341s] GC(298)   Post Evacuate Collection Set: 1.2ms
[2024-04-08T22:20:45.583+0800][1062.341s] GC(298)   Other: 0.2ms
[2024-04-08T22:20:45.583+0800][1062.341s] GC(298) Eden regions: 305->0(305)
[2024-04-08T22:20:45.583+0800][1062.341s] GC(298) Survivor regions: 2->2(39)
[2024-04-08T22:20:45.583+0800][1062.341s] GC(298) Old regions: 51->51
[2024-04-08T22:20:45.583+0800][1062.341s] GC(298) Humongous regions: 4->4
[2024-04-08T22:20:45.583+0800][1062.341s] GC(298) Metaspace: 67617K(68480K)->67617K(68480K) NonClass: 60016K(60480K)->60016K(60480K) Class: 7600K(8000K)->7600K(8000K)
[2024-04-08T22:20:45.583+0800][1062.341s] GC(298) Pause Young (Normal) (G1 Evacuation Pause) 361M->56M(512M) 7.440ms
[2024-04-08T22:20:45.583+0800][1062.341s] GC(298) User=0.00s Sys=0.00s Real=0.01s
[2024-04-08T22:20:48.312+0800][1065.071s] GC(299) Pause Young (Normal) (G1 Evacuation Pause)
[2024-04-08T22:20:48.312+0800][1065.071s] GC(299) Using 13 workers of 13 for evacuation
[2024-04-08T22:20:48.316+0800][1065.075s] GC(299)   Pre Evacuate Collection Set: 0.2ms
[2024-04-08T22:20:48.316+0800][1065.075s] GC(299)   Merge Heap Roots: 0.2ms
[2024-04-08T22:20:48.316+0800][1065.075s] GC(299)   Evacuate Collection Set: 2.6ms
[2024-04-08T22:20:48.317+0800][1065.075s] GC(299)   Post Evacuate Collection Set: 0.8ms
[2024-04-08T22:20:48.317+0800][1065.075s] GC(299)   Other: 0.2ms
[2024-04-08T22:20:48.317+0800][1065.075s] GC(299) Eden regions: 305->0(305)
[2024-04-08T22:20:48.317+0800][1065.075s] GC(299) Survivor regions: 2->2(39)
[2024-04-08T22:20:48.317+0800][1065.075s] GC(299) Old regions: 51->51
[2024-04-08T22:20:48.317+0800][1065.075s] GC(299) Humongous regions: 4->4
[2024-04-08T22:20:48.317+0800][1065.075s] GC(299) Metaspace: 67617K(68480K)->67617K(68480K) NonClass: 60016K(60480K)->60016K(60480K) Class: 7600K(8000K)->7600K(8000K)
[2024-04-08T22:20:48.317+0800][1065.075s] GC(299) Pause Young (Normal) (G1 Evacuation Pause) 361M->55M(512M) 4.539ms
[2024-04-08T22:20:48.317+0800][1065.075s] GC(299) User=0.00s Sys=0.00s Real=0.00s
[2024-04-08T22:20:51.076+0800][1067.834s] GC(300) Pause Young (Normal) (G1 Evacuation Pause)
[2024-04-08T22:20:51.076+0800][1067.835s] GC(300) Using 13 workers of 13 for evacuation
[2024-04-08T22:20:51.079+0800][1067.837s] GC(300)   Pre Evacuate Collection Set: 0.2ms
[2024-04-08T22:20:51.079+0800][1067.838s] GC(300)   Merge Heap Roots: 0.1ms
[2024-04-08T22:20:51.079+0800][1067.838s] GC(300)   Evacuate Collection Set: 1.8ms
[2024-04-08T22:20:51.079+0800][1067.838s] GC(300)   Post Evacuate Collection Set: 0.7ms
[2024-04-08T22:20:51.079+0800][1067.838s] GC(300)   Other: 0.1ms
[2024-04-08T22:20:51.080+0800][1067.838s] GC(300) Eden regions: 305->0(305)
[2024-04-08T22:20:51.080+0800][1067.838s] GC(300) Survivor regions: 2->2(39)
[2024-04-08T22:20:51.080+0800][1067.838s] GC(300) Old regions: 51->51
[2024-04-08T22:20:51.080+0800][1067.838s] GC(300) Humongous regions: 4->4
[2024-04-08T22:20:51.080+0800][1067.838s] GC(300) Metaspace: 67617K(68480K)->67617K(68480K) NonClass: 60016K(60480K)->60016K(60480K) Class: 7600K(8000K)->7600K(8000K)
[2024-04-08T22:20:51.080+0800][1067.838s] GC(300) Pause Young (Normal) (G1 Evacuation Pause) 360M->56M(512M) 3.552ms
[2024-04-08T22:20:51.080+0800][1067.838s] GC(300) User=0.00s Sys=0.00s Real=0.00s
[2024-04-08T22:20:53.974+0800][1070.732s] GC(301) Pause Young (Normal) (G1 Evacuation Pause)
[2024-04-08T22:20:53.974+0800][1070.732s] GC(301) Using 13 workers of 13 for evacuation
[2024-04-08T22:20:53.978+0800][1070.736s] GC(301)   Pre Evacuate Collection Set: 0.2ms
[2024-04-08T22:20:53.978+0800][1070.737s] GC(301)   Merge Heap Roots: 0.1ms
[2024-04-08T22:20:53.978+0800][1070.737s] GC(301)   Evacuate Collection Set: 2.7ms
[2024-04-08T22:20:53.978+0800][1070.737s] GC(301)   Post Evacuate Collection Set: 0.9ms
[2024-04-08T22:20:53.978+0800][1070.737s] GC(301)   Other: 0.2ms
[2024-04-08T22:20:53.978+0800][1070.737s] GC(301) Eden regions: 305->0(305)
[2024-04-08T22:20:53.979+0800][1070.737s] GC(301) Survivor regions: 2->2(39)
[2024-04-08T22:20:53.979+0800][1070.737s] GC(301) Old regions: 51->51
[2024-04-08T22:20:53.979+0800][1070.737s] GC(301) Humongous regions: 4->4
[2024-04-08T22:20:53.979+0800][1070.737s] GC(301) Metaspace: 67617K(68480K)->67617K(68480K) NonClass: 60016K(60480K)->60016K(60480K) Class: 7600K(8000K)->7600K(8000K)
[2024-04-08T22:20:53.979+0800][1070.737s] GC(301) Pause Young (Normal) (G1 Evacuation Pause) 361M->56M(512M) 4.863ms
[2024-04-08T22:20:53.979+0800][1070.737s] GC(301) User=0.02s Sys=0.00s Real=0.01s
[2024-04-08T22:20:56.757+0800][1073.516s] GC(302) Pause Young (Normal) (G1 Evacuation Pause)
[2024-04-08T22:20:56.757+0800][1073.516s] GC(302) Using 13 workers of 13 for evacuation
[2024-04-08T22:20:56.763+0800][1073.522s] GC(302)   Pre Evacuate Collection Set: 0.2ms
[2024-04-08T22:20:56.763+0800][1073.522s] GC(302)   Merge Heap Roots: 0.2ms
[2024-04-08T22:20:56.763+0800][1073.522s] GC(302)   Evacuate Collection Set: 4.1ms
[2024-04-08T22:20:56.764+0800][1073.522s] GC(302)   Post Evacuate Collection Set: 1.2ms
[2024-04-08T22:20:56.764+0800][1073.522s] GC(302)   Other: 0.2ms
[2024-04-08T22:20:56.764+0800][1073.522s] GC(302) Eden regions: 305->0(305)
[2024-04-08T22:20:56.764+0800][1073.522s] GC(302) Survivor regions: 2->2(39)
[2024-04-08T22:20:56.764+0800][1073.522s] GC(302) Old regions: 51->51
[2024-04-08T22:20:56.764+0800][1073.522s] GC(302) Humongous regions: 4->4
[2024-04-08T22:20:56.764+0800][1073.522s] GC(302) Metaspace: 67617K(68480K)->67617K(68480K) NonClass: 60016K(60480K)->60016K(60480K) Class: 7600K(8000K)->7600K(8000K)
[2024-04-08T22:20:56.764+0800][1073.522s] GC(302) Pause Young (Normal) (G1 Evacuation Pause) 361M->56M(512M) 6.627ms
[2024-04-08T22:20:56.764+0800][1073.522s] GC(302) User=0.03s Sys=0.00s Real=0.01s
[2024-04-08T22:20:59.744+0800][1076.503s] GC(303) Pause Young (Normal) (G1 Evacuation Pause)
[2024-04-08T22:20:59.744+0800][1076.503s] GC(303) Using 13 workers of 13 for evacuation
[2024-04-08T22:20:59.747+0800][1076.505s] GC(303)   Pre Evacuate Collection Set: 0.1ms
[2024-04-08T22:20:59.747+0800][1076.505s] GC(303)   Merge Heap Roots: 0.1ms
[2024-04-08T22:20:59.747+0800][1076.505s] GC(303)   Evacuate Collection Set: 1.7ms
[2024-04-08T22:20:59.747+0800][1076.505s] GC(303)   Post Evacuate Collection Set: 0.5ms
[2024-04-08T22:20:59.747+0800][1076.505s] GC(303)   Other: 0.1ms
[2024-04-08T22:20:59.747+0800][1076.505s] GC(303) Eden regions: 305->0(305)
[2024-04-08T22:20:59.747+0800][1076.505s] GC(303) Survivor regions: 2->2(39)
[2024-04-08T22:20:59.747+0800][1076.505s] GC(303) Old regions: 51->51
[2024-04-08T22:20:59.747+0800][1076.505s] GC(303) Humongous regions: 4->4
[2024-04-08T22:20:59.747+0800][1076.505s] GC(303) Metaspace: 67617K(68480K)->67617K(68480K) NonClass: 60016K(60480K)->60016K(60480K) Class: 7600K(8000K)->7600K(8000K)
[2024-04-08T22:20:59.747+0800][1076.505s] GC(303) Pause Young (Normal) (G1 Evacuation Pause) 361M->56M(512M) 2.792ms
[2024-04-08T22:20:59.747+0800][1076.505s] GC(303) User=0.00s Sys=0.00s Real=0.00s
[2024-04-08T22:21:02.446+0800][1079.204s] GC(304) Pause Young (Normal) (G1 Evacuation Pause)
[2024-04-08T22:21:02.446+0800][1079.204s] GC(304) Using 13 workers of 13 for evacuation
[2024-04-08T22:21:02.448+0800][1079.207s] GC(304)   Pre Evacuate Collection Set: 0.1ms
[2024-04-08T22:21:02.448+0800][1079.207s] GC(304)   Merge Heap Roots: 0.1ms
[2024-04-08T22:21:02.449+0800][1079.207s] GC(304)   Evacuate Collection Set: 1.6ms
[2024-04-08T22:21:02.449+0800][1079.207s] GC(304)   Post Evacuate Collection Set: 0.5ms
[2024-04-08T22:21:02.449+0800][1079.207s] GC(304)   Other: 0.1ms
[2024-04-08T22:21:02.449+0800][1079.207s] GC(304) Eden regions: 305->0(305)
[2024-04-08T22:21:02.449+0800][1079.207s] GC(304) Survivor regions: 2->2(39)
[2024-04-08T22:21:02.449+0800][1079.207s] GC(304) Old regions: 51->51
[2024-04-08T22:21:02.449+0800][1079.207s] GC(304) Humongous regions: 4->4
[2024-04-08T22:21:02.449+0800][1079.207s] GC(304) Metaspace: 67617K(68480K)->67617K(68480K) NonClass: 60016K(60480K)->60016K(60480K) Class: 7600K(8000K)->7600K(8000K)
[2024-04-08T22:21:02.449+0800][1079.207s] GC(304) Pause Young (Normal) (G1 Evacuation Pause) 361M->56M(512M) 2.873ms
[2024-04-08T22:21:02.449+0800][1079.207s] GC(304) User=0.03s Sys=0.00s Real=0.00s
[2024-04-08T22:21:05.066+0800][1081.824s] GC(305) Pause Young (Normal) (G1 Evacuation Pause)
[2024-04-08T22:21:05.066+0800][1081.824s] GC(305) Using 13 workers of 13 for evacuation
[2024-04-08T22:21:05.070+0800][1081.828s] GC(305)   Pre Evacuate Collection Set: 0.2ms
[2024-04-08T22:21:05.070+0800][1081.828s] GC(305)   Merge Heap Roots: 0.1ms
[2024-04-08T22:21:05.070+0800][1081.828s] GC(305)   Evacuate Collection Set: 2.9ms
[2024-04-08T22:21:05.070+0800][1081.828s] GC(305)   Post Evacuate Collection Set: 0.7ms
[2024-04-08T22:21:05.070+0800][1081.828s] GC(305)   Other: 0.1ms
[2024-04-08T22:21:05.070+0800][1081.828s] GC(305) Eden regions: 305->0(305)
[2024-04-08T22:21:05.070+0800][1081.828s] GC(305) Survivor regions: 2->2(39)
[2024-04-08T22:21:05.070+0800][1081.828s] GC(305) Old regions: 51->51
[2024-04-08T22:21:05.070+0800][1081.828s] GC(305) Humongous regions: 4->4
[2024-04-08T22:21:05.070+0800][1081.828s] GC(305) Metaspace: 67617K(68480K)->67617K(68480K) NonClass: 60016K(60480K)->60016K(60480K) Class: 7600K(8000K)->7600K(8000K)
[2024-04-08T22:21:05.070+0800][1081.828s] GC(305) Pause Young (Normal) (G1 Evacuation Pause) 361M->56M(512M) 4.663ms
[2024-04-08T22:21:05.070+0800][1081.828s] GC(305) User=0.00s Sys=0.00s Real=0.00s
[2024-04-08T22:21:08.322+0800][1085.080s] GC(306) Pause Young (Normal) (G1 Evacuation Pause)
[2024-04-08T22:21:08.322+0800][1085.080s] GC(306) Using 13 workers of 13 for evacuation
[2024-04-08T22:21:08.327+0800][1085.085s] GC(306)   Pre Evacuate Collection Set: 0.3ms
[2024-04-08T22:21:08.327+0800][1085.085s] GC(306)   Merge Heap Roots: 0.3ms
[2024-04-08T22:21:08.327+0800][1085.085s] GC(306)   Evacuate Collection Set: 3.0ms
[2024-04-08T22:21:08.327+0800][1085.085s] GC(306)   Post Evacuate Collection Set: 1.0ms
[2024-04-08T22:21:08.327+0800][1085.085s] GC(306)   Other: 0.2ms
[2024-04-08T22:21:08.327+0800][1085.085s] GC(306) Eden regions: 305->0(305)
[2024-04-08T22:21:08.327+0800][1085.085s] GC(306) Survivor regions: 2->2(39)
[2024-04-08T22:21:08.327+0800][1085.085s] GC(306) Old regions: 51->51
[2024-04-08T22:21:08.327+0800][1085.085s] GC(306) Humongous regions: 4->4
[2024-04-08T22:21:08.327+0800][1085.085s] GC(306) Metaspace: 67617K(68480K)->67617K(68480K) NonClass: 60016K(60480K)->60016K(60480K) Class: 7600K(8000K)->7600K(8000K)
[2024-04-08T22:21:08.327+0800][1085.085s] GC(306) Pause Young (Normal) (G1 Evacuation Pause) 361M->56M(512M) 5.563ms
[2024-04-08T22:21:08.327+0800][1085.086s] GC(306) User=0.16s Sys=0.00s Real=0.00s
[2024-04-08T22:21:11.174+0800][1087.932s] GC(307) Pause Young (Normal) (G1 Evacuation Pause)
[2024-04-08T22:21:11.174+0800][1087.933s] GC(307) Using 13 workers of 13 for evacuation
[2024-04-08T22:21:11.179+0800][1087.937s] GC(307)   Pre Evacuate Collection Set: 0.4ms
[2024-04-08T22:21:11.179+0800][1087.937s] GC(307)   Merge Heap Roots: 0.3ms
[2024-04-08T22:21:11.179+0800][1087.937s] GC(307)   Evacuate Collection Set: 2.9ms
[2024-04-08T22:21:11.179+0800][1087.937s] GC(307)   Post Evacuate Collection Set: 0.7ms
[2024-04-08T22:21:11.179+0800][1087.937s] GC(307)   Other: 0.1ms
[2024-04-08T22:21:11.179+0800][1087.937s] GC(307) Eden regions: 305->0(305)
[2024-04-08T22:21:11.179+0800][1087.937s] GC(307) Survivor regions: 2->2(39)
[2024-04-08T22:21:11.179+0800][1087.937s] GC(307) Old regions: 51->51
[2024-04-08T22:21:11.179+0800][1087.937s] GC(307) Humongous regions: 4->4
[2024-04-08T22:21:11.179+0800][1087.937s] GC(307) Metaspace: 67617K(68480K)->67617K(68480K) NonClass: 60016K(60480K)->60016K(60480K) Class: 7600K(8000K)->7600K(8000K)
[2024-04-08T22:21:11.179+0800][1087.937s] GC(307) Pause Young (Normal) (G1 Evacuation Pause) 361M->56M(512M) 4.880ms
[2024-04-08T22:21:11.179+0800][1087.937s] GC(307) User=0.00s Sys=0.00s Real=0.00s
[2024-04-08T22:21:14.060+0800][1090.818s] GC(308) Pause Young (Normal) (G1 Evacuation Pause)
[2024-04-08T22:21:14.060+0800][1090.818s] GC(308) Using 13 workers of 13 for evacuation
[2024-04-08T22:21:14.064+0800][1090.822s] GC(308)   Pre Evacuate Collection Set: 0.3ms
[2024-04-08T22:21:14.064+0800][1090.822s] GC(308)   Merge Heap Roots: 0.2ms
[2024-04-08T22:21:14.064+0800][1090.822s] GC(308)   Evacuate Collection Set: 2.6ms
[2024-04-08T22:21:14.064+0800][1090.822s] GC(308)   Post Evacuate Collection Set: 0.6ms
[2024-04-08T22:21:14.064+0800][1090.822s] GC(308)   Other: 0.1ms
[2024-04-08T22:21:14.064+0800][1090.822s] GC(308) Eden regions: 305->0(305)
[2024-04-08T22:21:14.064+0800][1090.822s] GC(308) Survivor regions: 2->2(39)
[2024-04-08T22:21:14.064+0800][1090.822s] GC(308) Old regions: 51->51
[2024-04-08T22:21:14.064+0800][1090.822s] GC(308) Humongous regions: 4->4
[2024-04-08T22:21:14.064+0800][1090.822s] GC(308) Metaspace: 67617K(68480K)->67617K(68480K) NonClass: 60016K(60480K)->60016K(60480K) Class: 7600K(8000K)->7600K(8000K)
[2024-04-08T22:21:14.064+0800][1090.822s] GC(308) Pause Young (Normal) (G1 Evacuation Pause) 361M->56M(512M) 4.183ms
[2024-04-08T22:21:14.064+0800][1090.822s] GC(308) User=0.00s Sys=0.00s Real=0.00s
[2024-04-08T22:21:16.811+0800][1093.569s] GC(309) Pause Young (Normal) (G1 Evacuation Pause)
[2024-04-08T22:21:16.811+0800][1093.569s] GC(309) Using 13 workers of 13 for evacuation
[2024-04-08T22:21:16.814+0800][1093.572s] GC(309)   Pre Evacuate Collection Set: 0.2ms
[2024-04-08T22:21:16.814+0800][1093.572s] GC(309)   Merge Heap Roots: 0.1ms
[2024-04-08T22:21:16.814+0800][1093.572s] GC(309)   Evacuate Collection Set: 1.7ms
[2024-04-08T22:21:16.814+0800][1093.572s] GC(309)   Post Evacuate Collection Set: 0.7ms
[2024-04-08T22:21:16.814+0800][1093.572s] GC(309)   Other: 0.1ms
[2024-04-08T22:21:16.814+0800][1093.572s] GC(309) Eden regions: 305->0(305)
[2024-04-08T22:21:16.814+0800][1093.572s] GC(309) Survivor regions: 2->2(39)
[2024-04-08T22:21:16.814+0800][1093.572s] GC(309) Old regions: 51->51
[2024-04-08T22:21:16.814+0800][1093.572s] GC(309) Humongous regions: 4->4
[2024-04-08T22:21:16.814+0800][1093.572s] GC(309) Metaspace: 67617K(68480K)->67617K(68480K) NonClass: 60016K(60480K)->60016K(60480K) Class: 7600K(8000K)->7600K(8000K)
[2024-04-08T22:21:16.814+0800][1093.572s] GC(309) Pause Young (Normal) (G1 Evacuation Pause) 361M->56M(512M) 3.167ms
[2024-04-08T22:21:16.814+0800][1093.572s] GC(309) User=0.00s Sys=0.00s Real=0.00s
[2024-04-08T22:21:19.630+0800][1096.388s] GC(310) Pause Young (Normal) (G1 Evacuation Pause)
[2024-04-08T22:21:19.630+0800][1096.388s] GC(310) Using 13 workers of 13 for evacuation
[2024-04-08T22:21:19.637+0800][1096.395s] GC(310)   Pre Evacuate Collection Set: 0.3ms
[2024-04-08T22:21:19.637+0800][1096.395s] GC(310)   Merge Heap Roots: 0.2ms
[2024-04-08T22:21:19.637+0800][1096.395s] GC(310)   Evacuate Collection Set: 4.4ms
[2024-04-08T22:21:19.637+0800][1096.395s] GC(310)   Post Evacuate Collection Set: 1.6ms
[2024-04-08T22:21:19.637+0800][1096.395s] GC(310)   Other: 0.2ms
[2024-04-08T22:21:19.637+0800][1096.395s] GC(310) Eden regions: 305->0(305)
[2024-04-08T22:21:19.637+0800][1096.395s] GC(310) Survivor regions: 2->2(39)
[2024-04-08T22:21:19.637+0800][1096.395s] GC(310) Old regions: 51->51
[2024-04-08T22:21:19.637+0800][1096.395s] GC(310) Humongous regions: 4->4
[2024-04-08T22:21:19.637+0800][1096.395s] GC(310) Metaspace: 67617K(68480K)->67617K(68480K) NonClass: 60016K(60480K)->60016K(60480K) Class: 7600K(8000K)->7600K(8000K)
[2024-04-08T22:21:19.637+0800][1096.396s] GC(310) Pause Young (Normal) (G1 Evacuation Pause) 361M->56M(512M) 7.659ms
[2024-04-08T22:21:19.638+0800][1096.396s] GC(310) User=0.03s Sys=0.00s Real=0.01s
[2024-04-08T22:21:22.537+0800][1099.296s] GC(311) Pause Young (Normal) (G1 Evacuation Pause)
[2024-04-08T22:21:22.538+0800][1099.296s] GC(311) Using 13 workers of 13 for evacuation
[2024-04-08T22:21:22.541+0800][1099.300s] GC(311)   Pre Evacuate Collection Set: 0.3ms
[2024-04-08T22:21:22.542+0800][1099.300s] GC(311)   Merge Heap Roots: 0.2ms
[2024-04-08T22:21:22.542+0800][1099.300s] GC(311)   Evacuate Collection Set: 2.4ms
[2024-04-08T22:21:22.542+0800][1099.300s] GC(311)   Post Evacuate Collection Set: 0.8ms
[2024-04-08T22:21:22.542+0800][1099.300s] GC(311)   Other: 0.1ms
[2024-04-08T22:21:22.542+0800][1099.300s] GC(311) Eden regions: 305->0(305)
[2024-04-08T22:21:22.542+0800][1099.300s] GC(311) Survivor regions: 2->2(39)
[2024-04-08T22:21:22.542+0800][1099.300s] GC(311) Old regions: 51->51
[2024-04-08T22:21:22.542+0800][1099.300s] GC(311) Humongous regions: 4->4
[2024-04-08T22:21:22.542+0800][1099.300s] GC(311) Metaspace: 67617K(68480K)->67617K(68480K) NonClass: 60016K(60480K)->60016K(60480K) Class: 7600K(8000K)->7600K(8000K)
[2024-04-08T22:21:22.542+0800][1099.300s] GC(311) Pause Young (Normal) (G1 Evacuation Pause) 361M->56M(512M) 4.420ms
[2024-04-08T22:21:22.542+0800][1099.300s] GC(311) User=0.00s Sys=0.00s Real=0.01s
[2024-04-08T22:21:25.414+0800][1102.172s] GC(312) Pause Young (Normal) (G1 Evacuation Pause)
[2024-04-08T22:21:25.414+0800][1102.173s] GC(312) Using 13 workers of 13 for evacuation
[2024-04-08T22:21:25.417+0800][1102.176s] GC(312)   Pre Evacuate Collection Set: 0.2ms
[2024-04-08T22:21:25.417+0800][1102.176s] GC(312)   Merge Heap Roots: 0.1ms
[2024-04-08T22:21:25.417+0800][1102.176s] GC(312)   Evacuate Collection Set: 2.0ms
[2024-04-08T22:21:25.417+0800][1102.176s] GC(312)   Post Evacuate Collection Set: 0.7ms
[2024-04-08T22:21:25.417+0800][1102.176s] GC(312)   Other: 0.1ms
[2024-04-08T22:21:25.417+0800][1102.176s] GC(312) Eden regions: 305->0(305)
[2024-04-08T22:21:25.417+0800][1102.176s] GC(312) Survivor regions: 2->2(39)
[2024-04-08T22:21:25.417+0800][1102.176s] GC(312) Old regions: 51->51
[2024-04-08T22:21:25.417+0800][1102.176s] GC(312) Humongous regions: 4->4
[2024-04-08T22:21:25.417+0800][1102.176s] GC(312) Metaspace: 67617K(68480K)->67617K(68480K) NonClass: 60016K(60480K)->60016K(60480K) Class: 7600K(8000K)->7600K(8000K)
[2024-04-08T22:21:25.417+0800][1102.176s] GC(312) Pause Young (Normal) (G1 Evacuation Pause) 361M->56M(512M) 3.503ms
[2024-04-08T22:21:25.417+0800][1102.176s] GC(312) User=0.03s Sys=0.00s Real=0.00s
[2024-04-08T22:21:28.426+0800][1105.184s] GC(313) Pause Young (Normal) (G1 Evacuation Pause)
[2024-04-08T22:21:28.426+0800][1105.184s] GC(313) Using 13 workers of 13 for evacuation
[2024-04-08T22:21:28.430+0800][1105.188s] GC(313)   Pre Evacuate Collection Set: 0.2ms
[2024-04-08T22:21:28.430+0800][1105.188s] GC(313)   Merge Heap Roots: 0.1ms
[2024-04-08T22:21:28.430+0800][1105.188s] GC(313)   Evacuate Collection Set: 2.5ms
[2024-04-08T22:21:28.430+0800][1105.188s] GC(313)   Post Evacuate Collection Set: 0.7ms
[2024-04-08T22:21:28.430+0800][1105.188s] GC(313)   Other: 0.2ms
[2024-04-08T22:21:28.430+0800][1105.189s] GC(313) Eden regions: 305->0(305)
[2024-04-08T22:21:28.430+0800][1105.189s] GC(313) Survivor regions: 2->2(39)
[2024-04-08T22:21:28.430+0800][1105.189s] GC(313) Old regions: 51->51
[2024-04-08T22:21:28.430+0800][1105.189s] GC(313) Humongous regions: 4->4
[2024-04-08T22:21:28.430+0800][1105.189s] GC(313) Metaspace: 67617K(68480K)->67617K(68480K) NonClass: 60016K(60480K)->60016K(60480K) Class: 7600K(8000K)->7600K(8000K)
[2024-04-08T22:21:28.430+0800][1105.189s] GC(313) Pause Young (Normal) (G1 Evacuation Pause) 361M->56M(512M) 4.601ms
[2024-04-08T22:21:28.430+0800][1105.189s] GC(313) User=0.00s Sys=0.00s Real=0.00s
[2024-04-08T22:21:31.366+0800][1108.124s] GC(314) Pause Young (Normal) (G1 Evacuation Pause)
[2024-04-08T22:21:31.366+0800][1108.124s] GC(314) Using 13 workers of 13 for evacuation
[2024-04-08T22:21:31.369+0800][1108.128s] GC(314)   Pre Evacuate Collection Set: 0.2ms
[2024-04-08T22:21:31.369+0800][1108.128s] GC(314)   Merge Heap Roots: 0.1ms
[2024-04-08T22:21:31.369+0800][1108.128s] GC(314)   Evacuate Collection Set: 2.1ms
[2024-04-08T22:21:31.369+0800][1108.128s] GC(314)   Post Evacuate Collection Set: 0.6ms
[2024-04-08T22:21:31.369+0800][1108.128s] GC(314)   Other: 0.2ms
[2024-04-08T22:21:31.369+0800][1108.128s] GC(314) Eden regions: 305->0(305)
[2024-04-08T22:21:31.369+0800][1108.128s] GC(314) Survivor regions: 2->2(39)
[2024-04-08T22:21:31.369+0800][1108.128s] GC(314) Old regions: 51->52
[2024-04-08T22:21:31.369+0800][1108.128s] GC(314) Humongous regions: 4->4
[2024-04-08T22:21:31.369+0800][1108.128s] GC(314) Metaspace: 67617K(68480K)->67617K(68480K) NonClass: 60016K(60480K)->60016K(60480K) Class: 7600K(8000K)->7600K(8000K)
[2024-04-08T22:21:31.369+0800][1108.128s] GC(314) Pause Young (Normal) (G1 Evacuation Pause) 361M->56M(512M) 3.789ms
[2024-04-08T22:21:31.369+0800][1108.128s] GC(314) User=0.02s Sys=0.00s Real=0.00s
[2024-04-08T22:21:34.014+0800][1110.772s] GC(315) Pause Young (Normal) (G1 Evacuation Pause)
[2024-04-08T22:21:34.014+0800][1110.772s] GC(315) Using 13 workers of 13 for evacuation
[2024-04-08T22:21:34.018+0800][1110.776s] GC(315)   Pre Evacuate Collection Set: 0.3ms
[2024-04-08T22:21:34.018+0800][1110.776s] GC(315)   Merge Heap Roots: 0.1ms
[2024-04-08T22:21:34.018+0800][1110.776s] GC(315)   Evacuate Collection Set: 2.3ms
[2024-04-08T22:21:34.018+0800][1110.776s] GC(315)   Post Evacuate Collection Set: 0.8ms
[2024-04-08T22:21:34.018+0800][1110.776s] GC(315)   Other: 0.2ms
[2024-04-08T22:21:34.018+0800][1110.776s] GC(315) Eden regions: 305->0(305)
[2024-04-08T22:21:34.018+0800][1110.776s] GC(315) Survivor regions: 2->2(39)
[2024-04-08T22:21:34.018+0800][1110.776s] GC(315) Old regions: 52->52
[2024-04-08T22:21:34.018+0800][1110.776s] GC(315) Humongous regions: 4->4
[2024-04-08T22:21:34.018+0800][1110.777s] GC(315) Metaspace: 67617K(68480K)->67617K(68480K) NonClass: 60016K(60480K)->60016K(60480K) Class: 7600K(8000K)->7600K(8000K)
[2024-04-08T22:21:34.018+0800][1110.777s] GC(315) Pause Young (Normal) (G1 Evacuation Pause) 361M->56M(512M) 4.376ms
[2024-04-08T22:21:34.018+0800][1110.777s] GC(315) User=0.00s Sys=0.00s Real=0.00s
[2024-04-08T22:21:36.678+0800][1113.436s] GC(316) Pause Young (Normal) (G1 Evacuation Pause)
[2024-04-08T22:21:36.678+0800][1113.437s] GC(316) Using 13 workers of 13 for evacuation
[2024-04-08T22:21:36.682+0800][1113.440s] GC(316)   Pre Evacuate Collection Set: 0.3ms
[2024-04-08T22:21:36.682+0800][1113.440s] GC(316)   Merge Heap Roots: 0.1ms
[2024-04-08T22:21:36.682+0800][1113.440s] GC(316)   Evacuate Collection Set: 1.8ms
[2024-04-08T22:21:36.682+0800][1113.440s] GC(316)   Post Evacuate Collection Set: 0.8ms
[2024-04-08T22:21:36.682+0800][1113.440s] GC(316)   Other: 0.1ms
[2024-04-08T22:21:36.682+0800][1113.440s] GC(316) Eden regions: 305->0(305)
[2024-04-08T22:21:36.682+0800][1113.440s] GC(316) Survivor regions: 2->2(39)
[2024-04-08T22:21:36.682+0800][1113.440s] GC(316) Old regions: 52->52
[2024-04-08T22:21:36.682+0800][1113.440s] GC(316) Humongous regions: 4->4
[2024-04-08T22:21:36.682+0800][1113.440s] GC(316) Metaspace: 67617K(68480K)->67617K(68480K) NonClass: 60016K(60480K)->60016K(60480K) Class: 7600K(8000K)->7600K(8000K)
[2024-04-08T22:21:36.682+0800][1113.440s] GC(316) Pause Young (Normal) (G1 Evacuation Pause) 361M->56M(512M) 3.797ms
[2024-04-08T22:21:36.682+0800][1113.440s] GC(316) User=0.03s Sys=0.00s Real=0.00s
[2024-04-08T22:21:39.838+0800][1116.596s] GC(317) Pause Young (Normal) (G1 Evacuation Pause)
[2024-04-08T22:21:39.838+0800][1116.596s] GC(317) Using 13 workers of 13 for evacuation
[2024-04-08T22:21:39.842+0800][1116.601s] GC(317)   Pre Evacuate Collection Set: 0.2ms
[2024-04-08T22:21:39.843+0800][1116.601s] GC(317)   Merge Heap Roots: 0.2ms
[2024-04-08T22:21:39.843+0800][1116.601s] GC(317)   Evacuate Collection Set: 2.9ms
[2024-04-08T22:21:39.843+0800][1116.601s] GC(317)   Post Evacuate Collection Set: 0.9ms
[2024-04-08T22:21:39.843+0800][1116.601s] GC(317)   Other: 0.2ms
[2024-04-08T22:21:39.843+0800][1116.601s] GC(317) Eden regions: 305->0(305)
[2024-04-08T22:21:39.843+0800][1116.601s] GC(317) Survivor regions: 2->2(39)
[2024-04-08T22:21:39.843+0800][1116.601s] GC(317) Old regions: 52->52
[2024-04-08T22:21:39.843+0800][1116.601s] GC(317) Humongous regions: 4->4
[2024-04-08T22:21:39.843+0800][1116.601s] GC(317) Metaspace: 67617K(68480K)->67617K(68480K) NonClass: 60016K(60480K)->60016K(60480K) Class: 7600K(8000K)->7600K(8000K)
[2024-04-08T22:21:39.843+0800][1116.601s] GC(317) Pause Young (Normal) (G1 Evacuation Pause) 361M->56M(512M) 5.308ms
[2024-04-08T22:21:39.843+0800][1116.601s] GC(317) User=0.00s Sys=0.00s Real=0.00s
[2024-04-08T22:21:42.572+0800][1119.330s] GC(318) Pause Young (Normal) (G1 Evacuation Pause)
[2024-04-08T22:21:42.572+0800][1119.330s] GC(318) Using 13 workers of 13 for evacuation
[2024-04-08T22:21:42.575+0800][1119.333s] GC(318)   Pre Evacuate Collection Set: 0.2ms
[2024-04-08T22:21:42.575+0800][1119.333s] GC(318)   Merge Heap Roots: 0.1ms
[2024-04-08T22:21:42.575+0800][1119.333s] GC(318)   Evacuate Collection Set: 1.7ms
[2024-04-08T22:21:42.575+0800][1119.333s] GC(318)   Post Evacuate Collection Set: 0.6ms
[2024-04-08T22:21:42.575+0800][1119.333s] GC(318)   Other: 0.1ms
[2024-04-08T22:21:42.575+0800][1119.333s] GC(318) Eden regions: 305->0(305)
[2024-04-08T22:21:42.575+0800][1119.333s] GC(318) Survivor regions: 2->2(39)
[2024-04-08T22:21:42.575+0800][1119.333s] GC(318) Old regions: 52->52
[2024-04-08T22:21:42.575+0800][1119.333s] GC(318) Humongous regions: 4->4
[2024-04-08T22:21:42.575+0800][1119.333s] GC(318) Metaspace: 67617K(68480K)->67617K(68480K) NonClass: 60016K(60480K)->60016K(60480K) Class: 7600K(8000K)->7600K(8000K)
[2024-04-08T22:21:42.575+0800][1119.333s] GC(318) Pause Young (Normal) (G1 Evacuation Pause) 361M->56M(512M) 3.212ms
[2024-04-08T22:21:42.575+0800][1119.333s] GC(318) User=0.09s Sys=0.02s Real=0.00s
[2024-04-08T22:21:45.381+0800][1122.139s] GC(319) Pause Young (Normal) (G1 Evacuation Pause)
[2024-04-08T22:21:45.381+0800][1122.139s] GC(319) Using 13 workers of 13 for evacuation
[2024-04-08T22:21:45.386+0800][1122.144s] GC(319)   Pre Evacuate Collection Set: 0.3ms
[2024-04-08T22:21:45.386+0800][1122.144s] GC(319)   Merge Heap Roots: 0.2ms
[2024-04-08T22:21:45.386+0800][1122.144s] GC(319)   Evacuate Collection Set: 2.8ms
[2024-04-08T22:21:45.386+0800][1122.144s] GC(319)   Post Evacuate Collection Set: 1.0ms
[2024-04-08T22:21:45.386+0800][1122.144s] GC(319)   Other: 0.3ms
[2024-04-08T22:21:45.386+0800][1122.145s] GC(319) Eden regions: 305->0(305)
[2024-04-08T22:21:45.386+0800][1122.145s] GC(319) Survivor regions: 2->2(39)
[2024-04-08T22:21:45.387+0800][1122.145s] GC(319) Old regions: 52->52
[2024-04-08T22:21:45.387+0800][1122.145s] GC(319) Humongous regions: 4->4
[2024-04-08T22:21:45.387+0800][1122.145s] GC(319) Metaspace: 67617K(68480K)->67617K(68480K) NonClass: 60016K(60480K)->60016K(60480K) Class: 7600K(8000K)->7600K(8000K)
[2024-04-08T22:21:45.387+0800][1122.145s] GC(319) Pause Young (Normal) (G1 Evacuation Pause) 361M->56M(512M) 5.755ms
[2024-04-08T22:21:45.387+0800][1122.145s] GC(319) User=0.03s Sys=0.02s Real=0.01s
[2024-04-08T22:21:48.136+0800][1124.894s] GC(320) Pause Young (Normal) (G1 Evacuation Pause)
[2024-04-08T22:21:48.136+0800][1124.894s] GC(320) Using 13 workers of 13 for evacuation
[2024-04-08T22:21:48.139+0800][1124.897s] GC(320)   Pre Evacuate Collection Set: 0.1ms
[2024-04-08T22:21:48.139+0800][1124.897s] GC(320)   Merge Heap Roots: 0.1ms
[2024-04-08T22:21:48.139+0800][1124.897s] GC(320)   Evacuate Collection Set: 1.7ms
[2024-04-08T22:21:48.139+0800][1124.897s] GC(320)   Post Evacuate Collection Set: 0.6ms
[2024-04-08T22:21:48.139+0800][1124.897s] GC(320)   Other: 0.1ms
[2024-04-08T22:21:48.139+0800][1124.897s] GC(320) Eden regions: 305->0(305)
[2024-04-08T22:21:48.139+0800][1124.897s] GC(320) Survivor regions: 2->2(39)
[2024-04-08T22:21:48.139+0800][1124.897s] GC(320) Old regions: 52->52
[2024-04-08T22:21:48.139+0800][1124.897s] GC(320) Humongous regions: 4->4
[2024-04-08T22:21:48.139+0800][1124.897s] GC(320) Metaspace: 67617K(68480K)->67617K(68480K) NonClass: 60016K(60480K)->60016K(60480K) Class: 7600K(8000K)->7600K(8000K)
[2024-04-08T22:21:48.139+0800][1124.897s] GC(320) Pause Young (Normal) (G1 Evacuation Pause) 361M->56M(512M) 3.252ms
[2024-04-08T22:21:48.139+0800][1124.897s] GC(320) User=0.00s Sys=0.00s Real=0.00s
[2024-04-08T22:21:50.652+0800][1127.410s] GC(321) Pause Young (Normal) (G1 Evacuation Pause)
[2024-04-08T22:21:50.652+0800][1127.410s] GC(321) Using 13 workers of 13 for evacuation
[2024-04-08T22:21:50.657+0800][1127.415s] GC(321)   Pre Evacuate Collection Set: 0.2ms
[2024-04-08T22:21:50.657+0800][1127.415s] GC(321)   Merge Heap Roots: 0.2ms
[2024-04-08T22:21:50.657+0800][1127.415s] GC(321)   Evacuate Collection Set: 3.0ms
[2024-04-08T22:21:50.657+0800][1127.415s] GC(321)   Post Evacuate Collection Set: 1.0ms
[2024-04-08T22:21:50.657+0800][1127.415s] GC(321)   Other: 0.2ms
[2024-04-08T22:21:50.657+0800][1127.415s] GC(321) Eden regions: 305->0(305)
[2024-04-08T22:21:50.657+0800][1127.415s] GC(321) Survivor regions: 2->2(39)
[2024-04-08T22:21:50.657+0800][1127.415s] GC(321) Old regions: 52->52
[2024-04-08T22:21:50.657+0800][1127.415s] GC(321) Humongous regions: 4->4
[2024-04-08T22:21:50.657+0800][1127.415s] GC(321) Metaspace: 67617K(68480K)->67617K(68480K) NonClass: 60016K(60480K)->60016K(60480K) Class: 7600K(8000K)->7600K(8000K)
[2024-04-08T22:21:50.657+0800][1127.415s] GC(321) Pause Young (Normal) (G1 Evacuation Pause) 361M->56M(512M) 5.249ms
[2024-04-08T22:21:50.657+0800][1127.416s] GC(321) User=0.00s Sys=0.00s Real=0.01s
[2024-04-08T22:21:53.500+0800][1130.259s] GC(322) Pause Young (Normal) (G1 Evacuation Pause)
[2024-04-08T22:21:53.500+0800][1130.259s] GC(322) Using 13 workers of 13 for evacuation
[2024-04-08T22:21:53.506+0800][1130.264s] GC(322)   Pre Evacuate Collection Set: 0.3ms
[2024-04-08T22:21:53.506+0800][1130.264s] GC(322)   Merge Heap Roots: 0.2ms
[2024-04-08T22:21:53.506+0800][1130.264s] GC(322)   Evacuate Collection Set: 3.2ms
[2024-04-08T22:21:53.506+0800][1130.264s] GC(322)   Post Evacuate Collection Set: 1.3ms
[2024-04-08T22:21:53.506+0800][1130.264s] GC(322)   Other: 0.2ms
[2024-04-08T22:21:53.506+0800][1130.264s] GC(322) Eden regions: 305->0(305)
[2024-04-08T22:21:53.506+0800][1130.264s] GC(322) Survivor regions: 2->2(39)
[2024-04-08T22:21:53.506+0800][1130.264s] GC(322) Old regions: 52->52
[2024-04-08T22:21:53.506+0800][1130.264s] GC(322) Humongous regions: 4->4
[2024-04-08T22:21:53.506+0800][1130.264s] GC(322) Metaspace: 67617K(68480K)->67617K(68480K) NonClass: 60016K(60480K)->60016K(60480K) Class: 7600K(8000K)->7600K(8000K)
[2024-04-08T22:21:53.506+0800][1130.264s] GC(322) Pause Young (Normal) (G1 Evacuation Pause) 361M->56M(512M) 5.888ms
[2024-04-08T22:21:53.506+0800][1130.265s] GC(322) User=0.00s Sys=0.00s Real=0.01s
[2024-04-08T22:21:56.752+0800][1133.511s] GC(323) Pause Young (Normal) (G1 Evacuation Pause)
[2024-04-08T22:21:56.753+0800][1133.511s] GC(323) Using 13 workers of 13 for evacuation
[2024-04-08T22:21:56.758+0800][1133.516s] GC(323)   Pre Evacuate Collection Set: 0.2ms
[2024-04-08T22:21:56.758+0800][1133.516s] GC(323)   Merge Heap Roots: 0.1ms
[2024-04-08T22:21:56.758+0800][1133.516s] GC(323)   Evacuate Collection Set: 3.3ms
[2024-04-08T22:21:56.758+0800][1133.516s] GC(323)   Post Evacuate Collection Set: 1.0ms
[2024-04-08T22:21:56.758+0800][1133.516s] GC(323)   Other: 0.2ms
[2024-04-08T22:21:56.758+0800][1133.516s] GC(323) Eden regions: 305->0(305)
[2024-04-08T22:21:56.758+0800][1133.516s] GC(323) Survivor regions: 2->2(39)
[2024-04-08T22:21:56.758+0800][1133.516s] GC(323) Old regions: 52->52
[2024-04-08T22:21:56.758+0800][1133.516s] GC(323) Humongous regions: 4->4
[2024-04-08T22:21:56.758+0800][1133.516s] GC(323) Metaspace: 67617K(68480K)->67617K(68480K) NonClass: 60016K(60480K)->60016K(60480K) Class: 7600K(8000K)->7600K(8000K)
[2024-04-08T22:21:56.758+0800][1133.517s] GC(323) Pause Young (Normal) (G1 Evacuation Pause) 361M->56M(512M) 5.988ms
[2024-04-08T22:21:56.759+0800][1133.517s] GC(323) User=0.00s Sys=0.00s Real=0.01s
[2024-04-08T22:21:59.674+0800][1136.432s] GC(324) Pause Young (Normal) (G1 Evacuation Pause)
[2024-04-08T22:21:59.674+0800][1136.433s] GC(324) Using 13 workers of 13 for evacuation
[2024-04-08T22:21:59.678+0800][1136.436s] GC(324)   Pre Evacuate Collection Set: 0.3ms
[2024-04-08T22:21:59.678+0800][1136.436s] GC(324)   Merge Heap Roots: 0.2ms
[2024-04-08T22:21:59.678+0800][1136.436s] GC(324)   Evacuate Collection Set: 2.0ms
[2024-04-08T22:21:59.678+0800][1136.436s] GC(324)   Post Evacuate Collection Set: 0.9ms
[2024-04-08T22:21:59.678+0800][1136.436s] GC(324)   Other: 0.1ms
[2024-04-08T22:21:59.678+0800][1136.436s] GC(324) Eden regions: 305->0(305)
[2024-04-08T22:21:59.678+0800][1136.436s] GC(324) Survivor regions: 2->2(39)
[2024-04-08T22:21:59.678+0800][1136.436s] GC(324) Old regions: 52->52
[2024-04-08T22:21:59.678+0800][1136.436s] GC(324) Humongous regions: 4->4
[2024-04-08T22:21:59.678+0800][1136.436s] GC(324) Metaspace: 67617K(68480K)->67617K(68480K) NonClass: 60016K(60480K)->60016K(60480K) Class: 7600K(8000K)->7600K(8000K)
[2024-04-08T22:21:59.678+0800][1136.437s] GC(324) Pause Young (Normal) (G1 Evacuation Pause) 361M->57M(512M) 4.219ms
[2024-04-08T22:21:59.678+0800][1136.437s] GC(324) User=0.00s Sys=0.00s Real=0.00s
[2024-04-08T22:22:02.822+0800][1139.580s] GC(325) Pause Young (Normal) (G1 Evacuation Pause)
[2024-04-08T22:22:02.822+0800][1139.580s] GC(325) Using 13 workers of 13 for evacuation
[2024-04-08T22:22:02.826+0800][1139.585s] GC(325)   Pre Evacuate Collection Set: 0.2ms
[2024-04-08T22:22:02.826+0800][1139.585s] GC(325)   Merge Heap Roots: 0.2ms
[2024-04-08T22:22:02.826+0800][1139.585s] GC(325)   Evacuate Collection Set: 2.7ms
[2024-04-08T22:22:02.826+0800][1139.585s] GC(325)   Post Evacuate Collection Set: 0.8ms
[2024-04-08T22:22:02.826+0800][1139.585s] GC(325)   Other: 0.2ms
[2024-04-08T22:22:02.826+0800][1139.585s] GC(325) Eden regions: 305->0(305)
[2024-04-08T22:22:02.826+0800][1139.585s] GC(325) Survivor regions: 2->2(39)
[2024-04-08T22:22:02.826+0800][1139.585s] GC(325) Old regions: 52->52
[2024-04-08T22:22:02.826+0800][1139.585s] GC(325) Humongous regions: 4->4
[2024-04-08T22:22:02.826+0800][1139.585s] GC(325) Metaspace: 67617K(68480K)->67617K(68480K) NonClass: 60016K(60480K)->60016K(60480K) Class: 7600K(8000K)->7600K(8000K)
[2024-04-08T22:22:02.826+0800][1139.585s] GC(325) Pause Young (Normal) (G1 Evacuation Pause) 362M->56M(512M) 4.795ms
[2024-04-08T22:22:02.826+0800][1139.585s] GC(325) User=0.00s Sys=0.00s Real=0.00s
[2024-04-08T22:22:05.596+0800][1142.355s] GC(326) Pause Young (Normal) (G1 Evacuation Pause)
[2024-04-08T22:22:05.596+0800][1142.355s] GC(326) Using 13 workers of 13 for evacuation
[2024-04-08T22:22:05.602+0800][1142.360s] GC(326)   Pre Evacuate Collection Set: 0.2ms
[2024-04-08T22:22:05.602+0800][1142.361s] GC(326)   Merge Heap Roots: 0.1ms
[2024-04-08T22:22:05.602+0800][1142.361s] GC(326)   Evacuate Collection Set: 3.7ms
[2024-04-08T22:22:05.602+0800][1142.361s] GC(326)   Post Evacuate Collection Set: 1.0ms
[2024-04-08T22:22:05.602+0800][1142.361s] GC(326)   Other: 0.2ms
[2024-04-08T22:22:05.602+0800][1142.361s] GC(326) Eden regions: 305->0(305)
[2024-04-08T22:22:05.602+0800][1142.361s] GC(326) Survivor regions: 2->2(39)
[2024-04-08T22:22:05.602+0800][1142.361s] GC(326) Old regions: 52->52
[2024-04-08T22:22:05.602+0800][1142.361s] GC(326) Humongous regions: 4->4
[2024-04-08T22:22:05.602+0800][1142.361s] GC(326) Metaspace: 67617K(68480K)->67617K(68480K) NonClass: 60016K(60480K)->60016K(60480K) Class: 7600K(8000K)->7600K(8000K)
[2024-04-08T22:22:05.602+0800][1142.361s] GC(326) Pause Young (Normal) (G1 Evacuation Pause) 361M->56M(512M) 5.873ms
[2024-04-08T22:22:05.602+0800][1142.361s] GC(326) User=0.00s Sys=0.00s Real=0.01s
[2024-04-08T22:22:08.292+0800][1145.050s] GC(327) Pause Young (Normal) (G1 Evacuation Pause)
[2024-04-08T22:22:08.292+0800][1145.050s] GC(327) Using 13 workers of 13 for evacuation
[2024-04-08T22:22:08.295+0800][1145.053s] GC(327)   Pre Evacuate Collection Set: 0.2ms
[2024-04-08T22:22:08.295+0800][1145.053s] GC(327)   Merge Heap Roots: 0.1ms
[2024-04-08T22:22:08.295+0800][1145.053s] GC(327)   Evacuate Collection Set: 1.7ms
[2024-04-08T22:22:08.295+0800][1145.053s] GC(327)   Post Evacuate Collection Set: 0.6ms
[2024-04-08T22:22:08.295+0800][1145.053s] GC(327)   Other: 0.1ms
[2024-04-08T22:22:08.295+0800][1145.053s] GC(327) Eden regions: 305->0(305)
[2024-04-08T22:22:08.295+0800][1145.053s] GC(327) Survivor regions: 2->2(39)
[2024-04-08T22:22:08.295+0800][1145.053s] GC(327) Old regions: 52->52
[2024-04-08T22:22:08.295+0800][1145.053s] GC(327) Humongous regions: 4->4
[2024-04-08T22:22:08.295+0800][1145.053s] GC(327) Metaspace: 67617K(68480K)->67617K(68480K) NonClass: 60016K(60480K)->60016K(60480K) Class: 7600K(8000K)->7600K(8000K)
[2024-04-08T22:22:08.295+0800][1145.053s] GC(327) Pause Young (Normal) (G1 Evacuation Pause) 361M->56M(512M) 3.147ms
[2024-04-08T22:22:08.295+0800][1145.053s] GC(327) User=0.00s Sys=0.00s Real=0.00s
[2024-04-08T22:22:11.253+0800][1148.012s] GC(328) Pause Young (Normal) (G1 Evacuation Pause)
[2024-04-08T22:22:11.254+0800][1148.012s] GC(328) Using 13 workers of 13 for evacuation
[2024-04-08T22:22:11.259+0800][1148.017s] GC(328)   Pre Evacuate Collection Set: 0.4ms
[2024-04-08T22:22:11.259+0800][1148.017s] GC(328)   Merge Heap Roots: 0.2ms
[2024-04-08T22:22:11.259+0800][1148.017s] GC(328)   Evacuate Collection Set: 3.2ms
[2024-04-08T22:22:11.259+0800][1148.017s] GC(328)   Post Evacuate Collection Set: 1.3ms
[2024-04-08T22:22:11.259+0800][1148.018s] GC(328)   Other: 0.3ms
[2024-04-08T22:22:11.259+0800][1148.018s] GC(328) Eden regions: 305->0(305)
[2024-04-08T22:22:11.259+0800][1148.018s] GC(328) Survivor regions: 2->2(39)
[2024-04-08T22:22:11.259+0800][1148.018s] GC(328) Old regions: 52->52
[2024-04-08T22:22:11.259+0800][1148.018s] GC(328) Humongous regions: 4->4
[2024-04-08T22:22:11.260+0800][1148.018s] GC(328) Metaspace: 67617K(68480K)->67617K(68480K) NonClass: 60016K(60480K)->60016K(60480K) Class: 7600K(8000K)->7600K(8000K)
[2024-04-08T22:22:11.260+0800][1148.018s] GC(328) Pause Young (Normal) (G1 Evacuation Pause) 361M->56M(512M) 6.159ms
[2024-04-08T22:22:11.260+0800][1148.018s] GC(328) User=0.00s Sys=0.02s Real=0.01s
[2024-04-08T22:22:14.210+0800][1150.969s] GC(329) Pause Young (Normal) (G1 Evacuation Pause)
[2024-04-08T22:22:14.210+0800][1150.969s] GC(329) Using 13 workers of 13 for evacuation
[2024-04-08T22:22:14.216+0800][1150.974s] GC(329)   Pre Evacuate Collection Set: 0.3ms
[2024-04-08T22:22:14.216+0800][1150.974s] GC(329)   Merge Heap Roots: 0.2ms
[2024-04-08T22:22:14.216+0800][1150.974s] GC(329)   Evacuate Collection Set: 3.2ms
[2024-04-08T22:22:14.216+0800][1150.974s] GC(329)   Post Evacuate Collection Set: 1.4ms
[2024-04-08T22:22:14.216+0800][1150.974s] GC(329)   Other: 0.3ms
[2024-04-08T22:22:14.216+0800][1150.974s] GC(329) Eden regions: 305->0(305)
[2024-04-08T22:22:14.216+0800][1150.974s] GC(329) Survivor regions: 2->2(39)
[2024-04-08T22:22:14.216+0800][1150.974s] GC(329) Old regions: 52->52
[2024-04-08T22:22:14.216+0800][1150.975s] GC(329) Humongous regions: 4->4
[2024-04-08T22:22:14.216+0800][1150.975s] GC(329) Metaspace: 67617K(68480K)->67617K(68480K) NonClass: 60016K(60480K)->60016K(60480K) Class: 7600K(8000K)->7600K(8000K)
[2024-04-08T22:22:14.216+0800][1150.975s] GC(329) Pause Young (Normal) (G1 Evacuation Pause) 361M->56M(512M) 5.975ms
[2024-04-08T22:22:14.216+0800][1150.975s] GC(329) User=0.17s Sys=0.00s Real=0.01s
[2024-04-08T22:22:17.442+0800][1154.201s] GC(330) Pause Young (Normal) (G1 Evacuation Pause)
[2024-04-08T22:22:17.442+0800][1154.201s] GC(330) Using 13 workers of 13 for evacuation
[2024-04-08T22:22:17.448+0800][1154.206s] GC(330)   Pre Evacuate Collection Set: 0.4ms
[2024-04-08T22:22:17.448+0800][1154.206s] GC(330)   Merge Heap Roots: 0.2ms
[2024-04-08T22:22:17.448+0800][1154.206s] GC(330)   Evacuate Collection Set: 3.3ms
[2024-04-08T22:22:17.448+0800][1154.207s] GC(330)   Post Evacuate Collection Set: 1.2ms
[2024-04-08T22:22:17.448+0800][1154.207s] GC(330)   Other: 0.3ms
[2024-04-08T22:22:17.448+0800][1154.207s] GC(330) Eden regions: 305->0(305)
[2024-04-08T22:22:17.449+0800][1154.207s] GC(330) Survivor regions: 2->2(39)
[2024-04-08T22:22:17.449+0800][1154.207s] GC(330) Old regions: 52->52
[2024-04-08T22:22:17.449+0800][1154.207s] GC(330) Humongous regions: 4->4
[2024-04-08T22:22:17.449+0800][1154.207s] GC(330) Metaspace: 67617K(68480K)->67617K(68480K) NonClass: 60017K(60480K)->60017K(60480K) Class: 7600K(8000K)->7600K(8000K)
[2024-04-08T22:22:17.449+0800][1154.207s] GC(330) Pause Young (Normal) (G1 Evacuation Pause) 361M->57M(512M) 6.676ms
[2024-04-08T22:22:17.449+0800][1154.207s] GC(330) User=0.02s Sys=0.00s Real=0.01s
[2024-04-08T22:22:20.211+0800][1156.970s] GC(331) Pause Young (Normal) (G1 Evacuation Pause)
[2024-04-08T22:22:20.212+0800][1156.970s] GC(331) Using 13 workers of 13 for evacuation
[2024-04-08T22:22:20.215+0800][1156.973s] GC(331)   Pre Evacuate Collection Set: 0.2ms
[2024-04-08T22:22:20.215+0800][1156.973s] GC(331)   Merge Heap Roots: 0.1ms
[2024-04-08T22:22:20.215+0800][1156.973s] GC(331)   Evacuate Collection Set: 1.8ms
[2024-04-08T22:22:20.215+0800][1156.973s] GC(331)   Post Evacuate Collection Set: 0.7ms
[2024-04-08T22:22:20.215+0800][1156.973s] GC(331)   Other: 0.1ms
[2024-04-08T22:22:20.215+0800][1156.973s] GC(331) Eden regions: 305->0(305)
[2024-04-08T22:22:20.215+0800][1156.973s] GC(331) Survivor regions: 2->2(39)
[2024-04-08T22:22:20.215+0800][1156.973s] GC(331) Old regions: 52->52
[2024-04-08T22:22:20.215+0800][1156.973s] GC(331) Humongous regions: 4->4
[2024-04-08T22:22:20.215+0800][1156.973s] GC(331) Metaspace: 67617K(68480K)->67617K(68480K) NonClass: 60017K(60480K)->60017K(60480K) Class: 7600K(8000K)->7600K(8000K)
[2024-04-08T22:22:20.215+0800][1156.973s] GC(331) Pause Young (Normal) (G1 Evacuation Pause) 362M->56M(512M) 3.481ms
[2024-04-08T22:22:20.215+0800][1156.973s] GC(331) User=0.14s Sys=0.02s Real=0.00s
[2024-04-08T22:22:22.959+0800][1159.717s] GC(332) Pause Young (Normal) (G1 Evacuation Pause)
[2024-04-08T22:22:22.959+0800][1159.717s] GC(332) Using 13 workers of 13 for evacuation
[2024-04-08T22:22:22.962+0800][1159.721s] GC(332)   Pre Evacuate Collection Set: 0.2ms
[2024-04-08T22:22:22.962+0800][1159.721s] GC(332)   Merge Heap Roots: 0.1ms
[2024-04-08T22:22:22.963+0800][1159.721s] GC(332)   Evacuate Collection Set: 2.0ms
[2024-04-08T22:22:22.963+0800][1159.721s] GC(332)   Post Evacuate Collection Set: 0.8ms
[2024-04-08T22:22:22.963+0800][1159.721s] GC(332)   Other: 0.1ms
[2024-04-08T22:22:22.963+0800][1159.721s] GC(332) Eden regions: 305->0(305)
[2024-04-08T22:22:22.963+0800][1159.721s] GC(332) Survivor regions: 2->2(39)
[2024-04-08T22:22:22.963+0800][1159.721s] GC(332) Old regions: 52->52
[2024-04-08T22:22:22.963+0800][1159.721s] GC(332) Humongous regions: 4->4
[2024-04-08T22:22:22.963+0800][1159.721s] GC(332) Metaspace: 67617K(68480K)->67617K(68480K) NonClass: 60017K(60480K)->60017K(60480K) Class: 7600K(8000K)->7600K(8000K)
[2024-04-08T22:22:22.963+0800][1159.721s] GC(332) Pause Young (Normal) (G1 Evacuation Pause) 361M->56M(512M) 3.612ms
[2024-04-08T22:22:22.963+0800][1159.721s] GC(332) User=0.02s Sys=0.00s Real=0.00s
[2024-04-08T22:22:25.877+0800][1162.635s] GC(333) Pause Young (Normal) (G1 Evacuation Pause)
[2024-04-08T22:22:25.877+0800][1162.635s] GC(333) Using 13 workers of 13 for evacuation
[2024-04-08T22:22:25.882+0800][1162.640s] GC(333)   Pre Evacuate Collection Set: 0.2ms
[2024-04-08T22:22:25.882+0800][1162.640s] GC(333)   Merge Heap Roots: 0.2ms
[2024-04-08T22:22:25.882+0800][1162.640s] GC(333)   Evacuate Collection Set: 3.2ms
[2024-04-08T22:22:25.882+0800][1162.640s] GC(333)   Post Evacuate Collection Set: 0.6ms
[2024-04-08T22:22:25.882+0800][1162.640s] GC(333)   Other: 0.2ms
[2024-04-08T22:22:25.882+0800][1162.640s] GC(333) Eden regions: 305->0(305)
[2024-04-08T22:22:25.882+0800][1162.640s] GC(333) Survivor regions: 2->2(39)
[2024-04-08T22:22:25.882+0800][1162.640s] GC(333) Old regions: 52->52
[2024-04-08T22:22:25.882+0800][1162.640s] GC(333) Humongous regions: 4->4
[2024-04-08T22:22:25.882+0800][1162.640s] GC(333) Metaspace: 67617K(68480K)->67617K(68480K) NonClass: 60017K(60480K)->60017K(60480K) Class: 7600K(8000K)->7600K(8000K)
[2024-04-08T22:22:25.882+0800][1162.640s] GC(333) Pause Young (Normal) (G1 Evacuation Pause) 361M->56M(512M) 4.960ms
[2024-04-08T22:22:25.882+0800][1162.640s] GC(333) User=0.00s Sys=0.00s Real=0.00s
[2024-04-08T22:22:28.803+0800][1165.561s] GC(334) Pause Young (Normal) (G1 Evacuation Pause)
[2024-04-08T22:22:28.803+0800][1165.561s] GC(334) Using 13 workers of 13 for evacuation
[2024-04-08T22:22:28.808+0800][1165.567s] GC(334)   Pre Evacuate Collection Set: 0.2ms
[2024-04-08T22:22:28.808+0800][1165.567s] GC(334)   Merge Heap Roots: 0.2ms
[2024-04-08T22:22:28.808+0800][1165.567s] GC(334)   Evacuate Collection Set: 4.2ms
[2024-04-08T22:22:28.808+0800][1165.567s] GC(334)   Post Evacuate Collection Set: 0.7ms
[2024-04-08T22:22:28.808+0800][1165.567s] GC(334)   Other: 0.2ms
[2024-04-08T22:22:28.808+0800][1165.567s] GC(334) Eden regions: 305->0(305)
[2024-04-08T22:22:28.809+0800][1165.567s] GC(334) Survivor regions: 2->2(39)
[2024-04-08T22:22:28.809+0800][1165.567s] GC(334) Old regions: 52->52
[2024-04-08T22:22:28.809+0800][1165.567s] GC(334) Humongous regions: 4->4
[2024-04-08T22:22:28.809+0800][1165.567s] GC(334) Metaspace: 67617K(68480K)->67617K(68480K) NonClass: 60017K(60480K)->60017K(60480K) Class: 7600K(8000K)->7600K(8000K)
[2024-04-08T22:22:28.809+0800][1165.567s] GC(334) Pause Young (Normal) (G1 Evacuation Pause) 361M->57M(512M) 6.058ms
[2024-04-08T22:22:28.809+0800][1165.567s] GC(334) User=0.05s Sys=0.00s Real=0.01s
[2024-04-08T22:22:31.545+0800][1168.303s] GC(335) Pause Young (Normal) (G1 Evacuation Pause)
[2024-04-08T22:22:31.545+0800][1168.303s] GC(335) Using 13 workers of 13 for evacuation
[2024-04-08T22:22:31.548+0800][1168.306s] GC(335)   Pre Evacuate Collection Set: 0.2ms
[2024-04-08T22:22:31.548+0800][1168.306s] GC(335)   Merge Heap Roots: 0.1ms
[2024-04-08T22:22:31.548+0800][1168.306s] GC(335)   Evacuate Collection Set: 1.7ms
[2024-04-08T22:22:31.548+0800][1168.306s] GC(335)   Post Evacuate Collection Set: 0.7ms
[2024-04-08T22:22:31.548+0800][1168.306s] GC(335)   Other: 0.1ms
[2024-04-08T22:22:31.548+0800][1168.306s] GC(335) Eden regions: 305->0(305)
[2024-04-08T22:22:31.548+0800][1168.306s] GC(335) Survivor regions: 2->2(39)
[2024-04-08T22:22:31.548+0800][1168.306s] GC(335) Old regions: 52->52
[2024-04-08T22:22:31.548+0800][1168.306s] GC(335) Humongous regions: 4->4
[2024-04-08T22:22:31.548+0800][1168.307s] GC(335) Metaspace: 67617K(68480K)->67617K(68480K) NonClass: 60017K(60480K)->60017K(60480K) Class: 7600K(8000K)->7600K(8000K)
[2024-04-08T22:22:31.548+0800][1168.307s] GC(335) Pause Young (Normal) (G1 Evacuation Pause) 362M->56M(512M) 3.209ms
[2024-04-08T22:22:31.548+0800][1168.307s] GC(335) User=0.00s Sys=0.00s Real=0.00s
[2024-04-08T22:22:34.610+0800][1171.368s] GC(336) Pause Young (Normal) (G1 Evacuation Pause)
[2024-04-08T22:22:34.610+0800][1171.368s] GC(336) Using 13 workers of 13 for evacuation
[2024-04-08T22:22:34.615+0800][1171.373s] GC(336)   Pre Evacuate Collection Set: 0.4ms
[2024-04-08T22:22:34.615+0800][1171.373s] GC(336)   Merge Heap Roots: 0.2ms
[2024-04-08T22:22:34.615+0800][1171.373s] GC(336)   Evacuate Collection Set: 2.7ms
[2024-04-08T22:22:34.615+0800][1171.373s] GC(336)   Post Evacuate Collection Set: 1.1ms
[2024-04-08T22:22:34.615+0800][1171.373s] GC(336)   Other: 0.2ms
[2024-04-08T22:22:34.615+0800][1171.373s] GC(336) Eden regions: 305->0(305)
[2024-04-08T22:22:34.615+0800][1171.373s] GC(336) Survivor regions: 2->2(39)
[2024-04-08T22:22:34.615+0800][1171.373s] GC(336) Old regions: 52->52
[2024-04-08T22:22:34.615+0800][1171.373s] GC(336) Humongous regions: 4->4
[2024-04-08T22:22:34.615+0800][1171.373s] GC(336) Metaspace: 67617K(68480K)->67617K(68480K) NonClass: 60017K(60480K)->60017K(60480K) Class: 7600K(8000K)->7600K(8000K)
[2024-04-08T22:22:34.615+0800][1171.374s] GC(336) Pause Young (Normal) (G1 Evacuation Pause) 361M->56M(512M) 5.314ms
[2024-04-08T22:22:34.615+0800][1171.374s] GC(336) User=0.00s Sys=0.00s Real=0.01s
[2024-04-08T22:22:37.207+0800][1173.966s] GC(337) Pause Young (Normal) (G1 Evacuation Pause)
[2024-04-08T22:22:37.207+0800][1173.966s] GC(337) Using 13 workers of 13 for evacuation
[2024-04-08T22:22:37.212+0800][1173.970s] GC(337)   Pre Evacuate Collection Set: 0.2ms
[2024-04-08T22:22:37.212+0800][1173.971s] GC(337)   Merge Heap Roots: 0.1ms
[2024-04-08T22:22:37.212+0800][1173.971s] GC(337)   Evacuate Collection Set: 3.5ms
[2024-04-08T22:22:37.212+0800][1173.971s] GC(337)   Post Evacuate Collection Set: 0.8ms
[2024-04-08T22:22:37.212+0800][1173.971s] GC(337)   Other: 0.2ms
[2024-04-08T22:22:37.212+0800][1173.971s] GC(337) Eden regions: 305->0(305)
[2024-04-08T22:22:37.213+0800][1173.971s] GC(337) Survivor regions: 2->2(39)
[2024-04-08T22:22:37.213+0800][1173.971s] GC(337) Old regions: 52->52
[2024-04-08T22:22:37.213+0800][1173.971s] GC(337) Humongous regions: 4->4
[2024-04-08T22:22:37.213+0800][1173.971s] GC(337) Metaspace: 67617K(68480K)->67617K(68480K) NonClass: 60017K(60480K)->60017K(60480K) Class: 7600K(8000K)->7600K(8000K)
[2024-04-08T22:22:37.213+0800][1173.971s] GC(337) Pause Young (Normal) (G1 Evacuation Pause) 361M->56M(512M) 5.529ms
[2024-04-08T22:22:37.213+0800][1173.971s] GC(337) User=0.00s Sys=0.02s Real=0.01s
[2024-04-08T22:22:39.934+0800][1176.693s] GC(338) Pause Young (Normal) (G1 Evacuation Pause)
[2024-04-08T22:22:39.934+0800][1176.693s] GC(338) Using 13 workers of 13 for evacuation
[2024-04-08T22:22:39.939+0800][1176.697s] GC(338)   Pre Evacuate Collection Set: 0.1ms
[2024-04-08T22:22:39.939+0800][1176.698s] GC(338)   Merge Heap Roots: 0.1ms
[2024-04-08T22:22:39.939+0800][1176.698s] GC(338)   Evacuate Collection Set: 2.9ms
[2024-04-08T22:22:39.939+0800][1176.698s] GC(338)   Post Evacuate Collection Set: 1.5ms
[2024-04-08T22:22:39.939+0800][1176.698s] GC(338)   Other: 0.2ms
[2024-04-08T22:22:39.939+0800][1176.698s] GC(338) Eden regions: 305->0(305)
[2024-04-08T22:22:39.939+0800][1176.698s] GC(338) Survivor regions: 2->2(39)
[2024-04-08T22:22:39.939+0800][1176.698s] GC(338) Old regions: 52->52
[2024-04-08T22:22:39.939+0800][1176.698s] GC(338) Humongous regions: 4->4
[2024-04-08T22:22:39.940+0800][1176.698s] GC(338) Metaspace: 67617K(68480K)->67617K(68480K) NonClass: 60017K(60480K)->60017K(60480K) Class: 7600K(8000K)->7600K(8000K)
[2024-04-08T22:22:39.940+0800][1176.698s] GC(338) Pause Young (Normal) (G1 Evacuation Pause) 361M->57M(512M) 5.913ms
[2024-04-08T22:22:39.940+0800][1176.699s] GC(338) User=0.00s Sys=0.00s Real=0.01s
[2024-04-08T22:22:42.776+0800][1179.535s] GC(339) Pause Young (Normal) (G1 Evacuation Pause)
[2024-04-08T22:22:42.776+0800][1179.535s] GC(339) Using 13 workers of 13 for evacuation
[2024-04-08T22:22:42.780+0800][1179.539s] GC(339)   Pre Evacuate Collection Set: 0.3ms
[2024-04-08T22:22:42.781+0800][1179.539s] GC(339)   Merge Heap Roots: 0.2ms
[2024-04-08T22:22:42.781+0800][1179.539s] GC(339)   Evacuate Collection Set: 2.5ms
[2024-04-08T22:22:42.781+0800][1179.539s] GC(339)   Post Evacuate Collection Set: 0.8ms
[2024-04-08T22:22:42.781+0800][1179.539s] GC(339)   Other: 0.2ms
[2024-04-08T22:22:42.781+0800][1179.540s] GC(339) Eden regions: 305->0(305)
[2024-04-08T22:22:42.781+0800][1179.540s] GC(339) Survivor regions: 2->2(39)
[2024-04-08T22:22:42.781+0800][1179.540s] GC(339) Old regions: 52->52
[2024-04-08T22:22:42.781+0800][1179.540s] GC(339) Humongous regions: 4->4
[2024-04-08T22:22:42.781+0800][1179.540s] GC(339) Metaspace: 67617K(68480K)->67617K(68480K) NonClass: 60017K(60480K)->60017K(60480K) Class: 7600K(8000K)->7600K(8000K)
[2024-04-08T22:22:42.781+0800][1179.540s] GC(339) Pause Young (Normal) (G1 Evacuation Pause) 362M->56M(512M) 4.772ms
[2024-04-08T22:22:42.781+0800][1179.540s] GC(339) User=0.00s Sys=0.00s Real=0.00s
[2024-04-08T22:22:45.683+0800][1182.442s] GC(340) Pause Young (Normal) (G1 Evacuation Pause)
[2024-04-08T22:22:45.684+0800][1182.442s] GC(340) Using 13 workers of 13 for evacuation
[2024-04-08T22:22:45.686+0800][1182.445s] GC(340)   Pre Evacuate Collection Set: 0.1ms
[2024-04-08T22:22:45.686+0800][1182.445s] GC(340)   Merge Heap Roots: 0.2ms
[2024-04-08T22:22:45.686+0800][1182.445s] GC(340)   Evacuate Collection Set: 1.6ms
[2024-04-08T22:22:45.686+0800][1182.445s] GC(340)   Post Evacuate Collection Set: 0.6ms
[2024-04-08T22:22:45.686+0800][1182.445s] GC(340)   Other: 0.1ms
[2024-04-08T22:22:45.686+0800][1182.445s] GC(340) Eden regions: 305->0(305)
[2024-04-08T22:22:45.686+0800][1182.445s] GC(340) Survivor regions: 2->2(39)
[2024-04-08T22:22:45.686+0800][1182.445s] GC(340) Old regions: 52->52
[2024-04-08T22:22:45.686+0800][1182.445s] GC(340) Humongous regions: 4->4
[2024-04-08T22:22:45.686+0800][1182.445s] GC(340) Metaspace: 67617K(68480K)->67617K(68480K) NonClass: 60017K(60480K)->60017K(60480K) Class: 7600K(8000K)->7600K(8000K)
[2024-04-08T22:22:45.686+0800][1182.445s] GC(340) Pause Young (Normal) (G1 Evacuation Pause) 361M->57M(512M) 3.026ms
[2024-04-08T22:22:45.686+0800][1182.445s] GC(340) User=0.00s Sys=0.00s Real=0.00s
[2024-04-08T22:22:48.648+0800][1185.407s] GC(341) Pause Young (Normal) (G1 Evacuation Pause)
[2024-04-08T22:22:48.648+0800][1185.407s] GC(341) Using 13 workers of 13 for evacuation
[2024-04-08T22:22:48.654+0800][1185.413s] GC(341)   Pre Evacuate Collection Set: 0.3ms
[2024-04-08T22:22:48.654+0800][1185.413s] GC(341)   Merge Heap Roots: 0.1ms
[2024-04-08T22:22:48.654+0800][1185.413s] GC(341)   Evacuate Collection Set: 3.6ms
[2024-04-08T22:22:48.654+0800][1185.413s] GC(341)   Post Evacuate Collection Set: 1.3ms
[2024-04-08T22:22:48.654+0800][1185.413s] GC(341)   Other: 0.2ms
[2024-04-08T22:22:48.654+0800][1185.413s] GC(341) Eden regions: 305->0(305)
[2024-04-08T22:22:48.654+0800][1185.413s] GC(341) Survivor regions: 2->2(39)
[2024-04-08T22:22:48.655+0800][1185.413s] GC(341) Old regions: 52->52
[2024-04-08T22:22:48.655+0800][1185.413s] GC(341) Humongous regions: 4->4
[2024-04-08T22:22:48.655+0800][1185.413s] GC(341) Metaspace: 67617K(68480K)->67617K(68480K) NonClass: 60017K(60480K)->60017K(60480K) Class: 7600K(8000K)->7600K(8000K)
[2024-04-08T22:22:48.655+0800][1185.414s] GC(341) Pause Young (Normal) (G1 Evacuation Pause) 362M->57M(512M) 6.606ms
[2024-04-08T22:22:48.655+0800][1185.414s] GC(341) User=0.20s Sys=0.00s Real=0.01s
[2024-04-08T22:22:51.584+0800][1188.343s] GC(342) Pause Young (Normal) (G1 Evacuation Pause)
[2024-04-08T22:22:51.584+0800][1188.343s] GC(342) Using 13 workers of 13 for evacuation
[2024-04-08T22:22:51.587+0800][1188.346s] GC(342)   Pre Evacuate Collection Set: 0.1ms
[2024-04-08T22:22:51.587+0800][1188.346s] GC(342)   Merge Heap Roots: 0.1ms
[2024-04-08T22:22:51.587+0800][1188.346s] GC(342)   Evacuate Collection Set: 1.9ms
[2024-04-08T22:22:51.587+0800][1188.346s] GC(342)   Post Evacuate Collection Set: 0.5ms
[2024-04-08T22:22:51.587+0800][1188.346s] GC(342)   Other: 0.1ms
[2024-04-08T22:22:51.587+0800][1188.346s] GC(342) Eden regions: 305->0(305)
[2024-04-08T22:22:51.587+0800][1188.346s] GC(342) Survivor regions: 2->2(39)
[2024-04-08T22:22:51.587+0800][1188.346s] GC(342) Old regions: 52->52
[2024-04-08T22:22:51.587+0800][1188.346s] GC(342) Humongous regions: 4->4
[2024-04-08T22:22:51.587+0800][1188.346s] GC(342) Metaspace: 67617K(68480K)->67617K(68480K) NonClass: 60017K(60480K)->60017K(60480K) Class: 7600K(8000K)->7600K(8000K)
[2024-04-08T22:22:51.587+0800][1188.346s] GC(342) Pause Young (Normal) (G1 Evacuation Pause) 362M->57M(512M) 3.053ms
[2024-04-08T22:22:51.587+0800][1188.346s] GC(342) User=0.00s Sys=0.00s Real=0.00s
[2024-04-08T22:22:54.166+0800][1190.925s] GC(343) Pause Young (Normal) (G1 Evacuation Pause)
[2024-04-08T22:22:54.167+0800][1190.925s] GC(343) Using 13 workers of 13 for evacuation
[2024-04-08T22:22:54.172+0800][1190.931s] GC(343)   Pre Evacuate Collection Set: 0.5ms
[2024-04-08T22:22:54.173+0800][1190.931s] GC(343)   Merge Heap Roots: 0.2ms
[2024-04-08T22:22:54.173+0800][1190.931s] GC(343)   Evacuate Collection Set: 3.7ms
[2024-04-08T22:22:54.173+0800][1190.931s] GC(343)   Post Evacuate Collection Set: 1.1ms
[2024-04-08T22:22:54.173+0800][1190.932s] GC(343)   Other: 0.3ms
[2024-04-08T22:22:54.173+0800][1190.932s] GC(343) Eden regions: 305->0(305)
[2024-04-08T22:22:54.173+0800][1190.932s] GC(343) Survivor regions: 2->2(39)
[2024-04-08T22:22:54.173+0800][1190.932s] GC(343) Old regions: 52->52
[2024-04-08T22:22:54.173+0800][1190.932s] GC(343) Humongous regions: 4->4
[2024-04-08T22:22:54.173+0800][1190.932s] GC(343) Metaspace: 67617K(68480K)->67617K(68480K) NonClass: 60017K(60480K)->60017K(60480K) Class: 7600K(8000K)->7600K(8000K)
[2024-04-08T22:22:54.173+0800][1190.932s] GC(343) Pause Young (Normal) (G1 Evacuation Pause) 362M->57M(512M) 6.747ms
[2024-04-08T22:22:54.173+0800][1190.932s] GC(343) User=0.00s Sys=0.00s Real=0.01s
[2024-04-08T22:22:56.745+0800][1193.504s] GC(344) Pause Young (Normal) (G1 Evacuation Pause)
[2024-04-08T22:22:56.745+0800][1193.504s] GC(344) Using 13 workers of 13 for evacuation
[2024-04-08T22:22:56.748+0800][1193.507s] GC(344)   Pre Evacuate Collection Set: 0.2ms
[2024-04-08T22:22:56.748+0800][1193.507s] GC(344)   Merge Heap Roots: 0.1ms
[2024-04-08T22:22:56.748+0800][1193.507s] GC(344)   Evacuate Collection Set: 2.0ms
[2024-04-08T22:22:56.748+0800][1193.507s] GC(344)   Post Evacuate Collection Set: 0.7ms
[2024-04-08T22:22:56.748+0800][1193.507s] GC(344)   Other: 0.1ms
[2024-04-08T22:22:56.748+0800][1193.507s] GC(344) Eden regions: 305->0(305)
[2024-04-08T22:22:56.748+0800][1193.507s] GC(344) Survivor regions: 2->2(39)
[2024-04-08T22:22:56.748+0800][1193.507s] GC(344) Old regions: 52->52
[2024-04-08T22:22:56.748+0800][1193.507s] GC(344) Humongous regions: 4->4
[2024-04-08T22:22:56.748+0800][1193.507s] GC(344) Metaspace: 67618K(68480K)->67618K(68480K) NonClass: 60017K(60480K)->60017K(60480K) Class: 7600K(8000K)->7600K(8000K)
[2024-04-08T22:22:56.748+0800][1193.507s] GC(344) Pause Young (Normal) (G1 Evacuation Pause) 362M->57M(512M) 3.631ms
[2024-04-08T22:22:56.748+0800][1193.507s] GC(344) User=0.00s Sys=0.00s Real=0.00s
[2024-04-08T22:22:59.835+0800][1196.594s] GC(345) Pause Young (Normal) (G1 Evacuation Pause)
[2024-04-08T22:22:59.835+0800][1196.594s] GC(345) Using 13 workers of 13 for evacuation
[2024-04-08T22:22:59.839+0800][1196.598s] GC(345)   Pre Evacuate Collection Set: 0.3ms
[2024-04-08T22:22:59.840+0800][1196.598s] GC(345)   Merge Heap Roots: 0.2ms
[2024-04-08T22:22:59.840+0800][1196.599s] GC(345)   Evacuate Collection Set: 2.7ms
[2024-04-08T22:22:59.840+0800][1196.599s] GC(345)   Post Evacuate Collection Set: 0.9ms
[2024-04-08T22:22:59.840+0800][1196.599s] GC(345)   Other: 0.2ms
[2024-04-08T22:22:59.840+0800][1196.599s] GC(345) Eden regions: 305->0(305)
[2024-04-08T22:22:59.840+0800][1196.599s] GC(345) Survivor regions: 2->2(39)
[2024-04-08T22:22:59.840+0800][1196.599s] GC(345) Old regions: 52->52
[2024-04-08T22:22:59.840+0800][1196.599s] GC(345) Humongous regions: 4->4
[2024-04-08T22:22:59.840+0800][1196.599s] GC(345) Metaspace: 67618K(68480K)->67618K(68480K) NonClass: 60017K(60480K)->60017K(60480K) Class: 7600K(8000K)->7600K(8000K)
[2024-04-08T22:22:59.840+0800][1196.599s] GC(345) Pause Young (Normal) (G1 Evacuation Pause) 362M->57M(512M) 5.365ms
[2024-04-08T22:22:59.840+0800][1196.599s] GC(345) User=0.19s Sys=0.02s Real=0.00s
[2024-04-08T22:23:02.648+0800][1199.407s] GC(346) Pause Young (Normal) (G1 Evacuation Pause)
[2024-04-08T22:23:02.648+0800][1199.407s] GC(346) Using 13 workers of 13 for evacuation
[2024-04-08T22:23:02.651+0800][1199.410s] GC(346)   Pre Evacuate Collection Set: 0.2ms
[2024-04-08T22:23:02.651+0800][1199.410s] GC(346)   Merge Heap Roots: 0.1ms
[2024-04-08T22:23:02.651+0800][1199.410s] GC(346)   Evacuate Collection Set: 2.3ms
[2024-04-08T22:23:02.651+0800][1199.410s] GC(346)   Post Evacuate Collection Set: 0.6ms
[2024-04-08T22:23:02.651+0800][1199.410s] GC(346)   Other: 0.1ms
[2024-04-08T22:23:02.652+0800][1199.410s] GC(346) Eden regions: 305->0(305)
[2024-04-08T22:23:02.652+0800][1199.411s] GC(346) Survivor regions: 2->2(39)
[2024-04-08T22:23:02.652+0800][1199.411s] GC(346) Old regions: 52->52
[2024-04-08T22:23:02.652+0800][1199.411s] GC(346) Humongous regions: 4->4
[2024-04-08T22:23:02.652+0800][1199.411s] GC(346) Metaspace: 67618K(68480K)->67618K(68480K) NonClass: 60017K(60480K)->60017K(60480K) Class: 7600K(8000K)->7600K(8000K)
[2024-04-08T22:23:02.652+0800][1199.411s] GC(346) Pause Young (Normal) (G1 Evacuation Pause) 362M->57M(512M) 4.026ms
[2024-04-08T22:23:02.652+0800][1199.411s] GC(346) User=0.03s Sys=0.00s Real=0.00s
[2024-04-08T22:23:05.827+0800][1202.586s] GC(347) Pause Young (Normal) (G1 Evacuation Pause)
[2024-04-08T22:23:05.827+0800][1202.586s] GC(347) Using 13 workers of 13 for evacuation
[2024-04-08T22:23:05.830+0800][1202.589s] GC(347)   Pre Evacuate Collection Set: 0.2ms
[2024-04-08T22:23:05.831+0800][1202.589s] GC(347)   Merge Heap Roots: 0.1ms
[2024-04-08T22:23:05.831+0800][1202.590s] GC(347)   Evacuate Collection Set: 1.8ms
[2024-04-08T22:23:05.831+0800][1202.590s] GC(347)   Post Evacuate Collection Set: 0.7ms
[2024-04-08T22:23:05.831+0800][1202.590s] GC(347)   Other: 0.1ms
[2024-04-08T22:23:05.831+0800][1202.590s] GC(347) Eden regions: 305->0(304)
[2024-04-08T22:23:05.831+0800][1202.590s] GC(347) Survivor regions: 2->3(39)
[2024-04-08T22:23:05.831+0800][1202.590s] GC(347) Old regions: 52->52
[2024-04-08T22:23:05.831+0800][1202.590s] GC(347) Humongous regions: 4->4
[2024-04-08T22:23:05.831+0800][1202.590s] GC(347) Metaspace: 67618K(68480K)->67618K(68480K) NonClass: 60017K(60480K)->60017K(60480K) Class: 7600K(8000K)->7600K(8000K)
[2024-04-08T22:23:05.831+0800][1202.590s] GC(347) Pause Young (Normal) (G1 Evacuation Pause) 362M->57M(512M) 3.544ms
[2024-04-08T22:23:05.831+0800][1202.590s] GC(347) User=0.00s Sys=0.00s Real=0.00s
[2024-04-08T22:23:08.444+0800][1205.203s] GC(348) Pause Young (Normal) (G1 Evacuation Pause)
[2024-04-08T22:23:08.444+0800][1205.203s] GC(348) Using 13 workers of 13 for evacuation
[2024-04-08T22:23:08.447+0800][1205.205s] GC(348)   Pre Evacuate Collection Set: 0.1ms
[2024-04-08T22:23:08.447+0800][1205.205s] GC(348)   Merge Heap Roots: 0.1ms
[2024-04-08T22:23:08.447+0800][1205.206s] GC(348)   Evacuate Collection Set: 2.0ms
[2024-04-08T22:23:08.447+0800][1205.206s] GC(348)   Post Evacuate Collection Set: 0.5ms
[2024-04-08T22:23:08.447+0800][1205.206s] GC(348)   Other: 0.1ms
[2024-04-08T22:23:08.447+0800][1205.206s] GC(348) Eden regions: 304->0(305)
[2024-04-08T22:23:08.447+0800][1205.206s] GC(348) Survivor regions: 3->2(39)
[2024-04-08T22:23:08.447+0800][1205.206s] GC(348) Old regions: 52->52
[2024-04-08T22:23:08.447+0800][1205.206s] GC(348) Humongous regions: 4->4
[2024-04-08T22:23:08.447+0800][1205.206s] GC(348) Metaspace: 67618K(68480K)->67618K(68480K) NonClass: 60017K(60480K)->60017K(60480K) Class: 7600K(8000K)->7600K(8000K)
[2024-04-08T22:23:08.447+0800][1205.206s] GC(348) Pause Young (Normal) (G1 Evacuation Pause) 361M->57M(512M) 3.208ms
[2024-04-08T22:23:08.447+0800][1205.206s] GC(348) User=0.03s Sys=0.02s Real=0.00s
[2024-04-08T22:23:10.974+0800][1207.733s] GC(349) Pause Young (Normal) (G1 Evacuation Pause)
[2024-04-08T22:23:10.974+0800][1207.733s] GC(349) Using 13 workers of 13 for evacuation
[2024-04-08T22:23:10.979+0800][1207.737s] GC(349)   Pre Evacuate Collection Set: 0.3ms
[2024-04-08T22:23:10.979+0800][1207.737s] GC(349)   Merge Heap Roots: 0.2ms
[2024-04-08T22:23:10.979+0800][1207.737s] GC(349)   Evacuate Collection Set: 2.8ms
[2024-04-08T22:23:10.979+0800][1207.737s] GC(349)   Post Evacuate Collection Set: 0.8ms
[2024-04-08T22:23:10.979+0800][1207.737s] GC(349)   Other: 0.2ms
[2024-04-08T22:23:10.979+0800][1207.738s] GC(349) Eden regions: 305->0(305)
[2024-04-08T22:23:10.979+0800][1207.738s] GC(349) Survivor regions: 2->2(39)
[2024-04-08T22:23:10.979+0800][1207.738s] GC(349) Old regions: 52->52
[2024-04-08T22:23:10.979+0800][1207.738s] GC(349) Humongous regions: 4->4
[2024-04-08T22:23:10.979+0800][1207.738s] GC(349) Metaspace: 67618K(68480K)->67618K(68480K) NonClass: 60017K(60480K)->60017K(60480K) Class: 7600K(8000K)->7600K(8000K)
[2024-04-08T22:23:10.979+0800][1207.738s] GC(349) Pause Young (Normal) (G1 Evacuation Pause) 362M->57M(512M) 5.252ms
[2024-04-08T22:23:10.980+0800][1207.738s] GC(349) User=0.00s Sys=0.02s Real=0.01s
[2024-04-08T22:23:13.739+0800][1210.497s] GC(350) Pause Young (Normal) (G1 Evacuation Pause)
[2024-04-08T22:23:13.739+0800][1210.497s] GC(350) Using 13 workers of 13 for evacuation
[2024-04-08T22:23:13.743+0800][1210.502s] GC(350)   Pre Evacuate Collection Set: 0.2ms
[2024-04-08T22:23:13.743+0800][1210.502s] GC(350)   Merge Heap Roots: 0.2ms
[2024-04-08T22:23:13.743+0800][1210.502s] GC(350)   Evacuate Collection Set: 2.7ms
[2024-04-08T22:23:13.743+0800][1210.502s] GC(350)   Post Evacuate Collection Set: 1.1ms
[2024-04-08T22:23:13.744+0800][1210.502s] GC(350)   Other: 0.2ms
[2024-04-08T22:23:13.744+0800][1210.502s] GC(350) Eden regions: 305->0(305)
[2024-04-08T22:23:13.744+0800][1210.502s] GC(350) Survivor regions: 2->2(39)
[2024-04-08T22:23:13.744+0800][1210.502s] GC(350) Old regions: 52->52
[2024-04-08T22:23:13.744+0800][1210.502s] GC(350) Humongous regions: 4->4
[2024-04-08T22:23:13.744+0800][1210.503s] GC(350) Metaspace: 67618K(68480K)->67618K(68480K) NonClass: 60017K(60480K)->60017K(60480K) Class: 7600K(8000K)->7600K(8000K)
[2024-04-08T22:23:13.744+0800][1210.503s] GC(350) Pause Young (Normal) (G1 Evacuation Pause) 362M->57M(512M) 5.447ms
[2024-04-08T22:23:13.744+0800][1210.503s] GC(350) User=0.02s Sys=0.00s Real=0.00s
[2024-04-08T22:23:16.776+0800][1213.534s] GC(351) Pause Young (Normal) (G1 Evacuation Pause)
[2024-04-08T22:23:16.776+0800][1213.534s] GC(351) Using 13 workers of 13 for evacuation
[2024-04-08T22:23:16.779+0800][1213.537s] GC(351)   Pre Evacuate Collection Set: 0.3ms
[2024-04-08T22:23:16.779+0800][1213.538s] GC(351)   Merge Heap Roots: 0.2ms
[2024-04-08T22:23:16.779+0800][1213.538s] GC(351)   Evacuate Collection Set: 1.9ms
[2024-04-08T22:23:16.779+0800][1213.538s] GC(351)   Post Evacuate Collection Set: 0.7ms
[2024-04-08T22:23:16.779+0800][1213.538s] GC(351)   Other: 0.1ms
[2024-04-08T22:23:16.779+0800][1213.538s] GC(351) Eden regions: 305->0(305)
[2024-04-08T22:23:16.779+0800][1213.538s] GC(351) Survivor regions: 2->2(39)
[2024-04-08T22:23:16.779+0800][1213.538s] GC(351) Old regions: 52->52
[2024-04-08T22:23:16.779+0800][1213.538s] GC(351) Humongous regions: 4->4
[2024-04-08T22:23:16.779+0800][1213.538s] GC(351) Metaspace: 67618K(68480K)->67618K(68480K) NonClass: 60017K(60480K)->60017K(60480K) Class: 7600K(8000K)->7600K(8000K)
[2024-04-08T22:23:16.779+0800][1213.538s] GC(351) Pause Young (Normal) (G1 Evacuation Pause) 362M->57M(512M) 3.712ms
[2024-04-08T22:23:16.779+0800][1213.538s] GC(351) User=0.00s Sys=0.00s Real=0.00s
[2024-04-08T22:23:19.689+0800][1216.448s] GC(352) Pause Young (Normal) (G1 Evacuation Pause)
[2024-04-08T22:23:19.690+0800][1216.448s] GC(352) Using 13 workers of 13 for evacuation
[2024-04-08T22:23:19.694+0800][1216.452s] GC(352)   Pre Evacuate Collection Set: 0.3ms
[2024-04-08T22:23:19.694+0800][1216.452s] GC(352)   Merge Heap Roots: 0.3ms
[2024-04-08T22:23:19.694+0800][1216.453s] GC(352)   Evacuate Collection Set: 2.8ms
[2024-04-08T22:23:19.694+0800][1216.453s] GC(352)   Post Evacuate Collection Set: 0.8ms
[2024-04-08T22:23:19.694+0800][1216.453s] GC(352)   Other: 0.1ms
[2024-04-08T22:23:19.694+0800][1216.453s] GC(352) Eden regions: 305->0(305)
[2024-04-08T22:23:19.694+0800][1216.453s] GC(352) Survivor regions: 2->2(39)
[2024-04-08T22:23:19.694+0800][1216.453s] GC(352) Old regions: 52->52
[2024-04-08T22:23:19.694+0800][1216.453s] GC(352) Humongous regions: 4->4
[2024-04-08T22:23:19.694+0800][1216.453s] GC(352) Metaspace: 67618K(68480K)->67618K(68480K) NonClass: 60017K(60480K)->60017K(60480K) Class: 7600K(8000K)->7600K(8000K)
[2024-04-08T22:23:19.694+0800][1216.453s] GC(352) Pause Young (Normal) (G1 Evacuation Pause) 362M->57M(512M) 4.908ms
[2024-04-08T22:23:19.694+0800][1216.453s] GC(352) User=0.00s Sys=0.00s Real=0.01s
[2024-04-08T22:23:22.686+0800][1219.444s] GC(353) Pause Young (Normal) (G1 Evacuation Pause)
[2024-04-08T22:23:22.686+0800][1219.444s] GC(353) Using 13 workers of 13 for evacuation
[2024-04-08T22:23:22.690+0800][1219.448s] GC(353)   Pre Evacuate Collection Set: 0.2ms
[2024-04-08T22:23:22.690+0800][1219.448s] GC(353)   Merge Heap Roots: 0.1ms
[2024-04-08T22:23:22.690+0800][1219.448s] GC(353)   Evacuate Collection Set: 2.6ms
[2024-04-08T22:23:22.690+0800][1219.448s] GC(353)   Post Evacuate Collection Set: 0.7ms
[2024-04-08T22:23:22.690+0800][1219.449s] GC(353)   Other: 0.2ms
[2024-04-08T22:23:22.690+0800][1219.449s] GC(353) Eden regions: 305->0(305)
[2024-04-08T22:23:22.690+0800][1219.449s] GC(353) Survivor regions: 2->2(39)
[2024-04-08T22:23:22.691+0800][1219.449s] GC(353) Old regions: 52->52
[2024-04-08T22:23:22.691+0800][1219.449s] GC(353) Humongous regions: 4->4
[2024-04-08T22:23:22.691+0800][1219.449s] GC(353) Metaspace: 67630K(68480K)->67630K(68480K) NonClass: 60029K(60480K)->60029K(60480K) Class: 7601K(8000K)->7601K(8000K)
[2024-04-08T22:23:22.691+0800][1219.449s] GC(353) Pause Young (Normal) (G1 Evacuation Pause) 362M->57M(512M) 4.516ms
[2024-04-08T22:23:22.691+0800][1219.449s] GC(353) User=0.00s Sys=0.00s Real=0.00s
[2024-04-08T22:23:25.256+0800][1222.014s] GC(354) Pause Young (Normal) (G1 Evacuation Pause)
[2024-04-08T22:23:25.256+0800][1222.014s] GC(354) Using 13 workers of 13 for evacuation
[2024-04-08T22:23:25.258+0800][1222.017s] GC(354)   Pre Evacuate Collection Set: 0.1ms
[2024-04-08T22:23:25.258+0800][1222.017s] GC(354)   Merge Heap Roots: 0.1ms
[2024-04-08T22:23:25.259+0800][1222.017s] GC(354)   Evacuate Collection Set: 1.9ms
[2024-04-08T22:23:25.259+0800][1222.017s] GC(354)   Post Evacuate Collection Set: 0.5ms
[2024-04-08T22:23:25.259+0800][1222.017s] GC(354)   Other: 0.1ms
[2024-04-08T22:23:25.259+0800][1222.017s] GC(354) Eden regions: 305->0(305)
[2024-04-08T22:23:25.259+0800][1222.017s] GC(354) Survivor regions: 2->2(39)
[2024-04-08T22:23:25.259+0800][1222.017s] GC(354) Old regions: 52->53
[2024-04-08T22:23:25.259+0800][1222.017s] GC(354) Humongous regions: 4->4
[2024-04-08T22:23:25.259+0800][1222.017s] GC(354) Metaspace: 67630K(68480K)->67630K(68480K) NonClass: 60029K(60480K)->60029K(60480K) Class: 7601K(8000K)->7601K(8000K)
[2024-04-08T22:23:25.259+0800][1222.017s] GC(354) Pause Young (Normal) (G1 Evacuation Pause) 362M->57M(512M) 3.006ms
[2024-04-08T22:23:25.259+0800][1222.017s] GC(354) User=0.00s Sys=0.00s Real=0.00s
[2024-04-08T22:23:27.865+0800][1224.623s] GC(355) Pause Young (Normal) (G1 Evacuation Pause)
[2024-04-08T22:23:27.865+0800][1224.623s] GC(355) Using 13 workers of 13 for evacuation
[2024-04-08T22:23:27.868+0800][1224.626s] GC(355)   Pre Evacuate Collection Set: 0.3ms
[2024-04-08T22:23:27.868+0800][1224.626s] GC(355)   Merge Heap Roots: 0.1ms
[2024-04-08T22:23:27.868+0800][1224.626s] GC(355)   Evacuate Collection Set: 2.5ms
[2024-04-08T22:23:27.868+0800][1224.627s] GC(355)   Post Evacuate Collection Set: 0.5ms
[2024-04-08T22:23:27.868+0800][1224.627s] GC(355)   Other: 0.2ms
[2024-04-08T22:23:27.868+0800][1224.627s] GC(355) Eden regions: 305->0(305)
[2024-04-08T22:23:27.868+0800][1224.627s] GC(355) Survivor regions: 2->2(39)
[2024-04-08T22:23:27.868+0800][1224.627s] GC(355) Old regions: 53->53
[2024-04-08T22:23:27.868+0800][1224.627s] GC(355) Humongous regions: 4->4
[2024-04-08T22:23:27.868+0800][1224.627s] GC(355) Metaspace: 67630K(68480K)->67630K(68480K) NonClass: 60029K(60480K)->60029K(60480K) Class: 7601K(8000K)->7601K(8000K)
[2024-04-08T22:23:27.869+0800][1224.627s] GC(355) Pause Young (Normal) (G1 Evacuation Pause) 362M->57M(512M) 3.978ms
[2024-04-08T22:23:27.869+0800][1224.627s] GC(355) User=0.00s Sys=0.00s Real=0.00s
[2024-04-08T22:23:30.702+0800][1227.460s] GC(356) Pause Young (Normal) (G1 Evacuation Pause)
[2024-04-08T22:23:30.702+0800][1227.460s] GC(356) Using 13 workers of 13 for evacuation
[2024-04-08T22:23:30.704+0800][1227.463s] GC(356)   Pre Evacuate Collection Set: 0.1ms
[2024-04-08T22:23:30.704+0800][1227.463s] GC(356)   Merge Heap Roots: 0.1ms
[2024-04-08T22:23:30.704+0800][1227.463s] GC(356)   Evacuate Collection Set: 2.0ms
[2024-04-08T22:23:30.705+0800][1227.463s] GC(356)   Post Evacuate Collection Set: 0.5ms
[2024-04-08T22:23:30.705+0800][1227.463s] GC(356)   Other: 0.1ms
[2024-04-08T22:23:30.705+0800][1227.463s] GC(356) Eden regions: 305->0(305)
[2024-04-08T22:23:30.705+0800][1227.463s] GC(356) Survivor regions: 2->2(39)
[2024-04-08T22:23:30.705+0800][1227.463s] GC(356) Old regions: 53->53
[2024-04-08T22:23:30.705+0800][1227.463s] GC(356) Humongous regions: 4->4
[2024-04-08T22:23:30.705+0800][1227.463s] GC(356) Metaspace: 67630K(68480K)->67630K(68480K) NonClass: 60029K(60480K)->60029K(60480K) Class: 7601K(8000K)->7601K(8000K)
[2024-04-08T22:23:30.705+0800][1227.463s] GC(356) Pause Young (Normal) (G1 Evacuation Pause) 362M->57M(512M) 3.199ms
[2024-04-08T22:23:30.705+0800][1227.463s] GC(356) User=0.00s Sys=0.00s Real=0.00s
[2024-04-08T22:23:33.426+0800][1230.184s] GC(357) Pause Young (Normal) (G1 Evacuation Pause)
[2024-04-08T22:23:33.426+0800][1230.185s] GC(357) Using 13 workers of 13 for evacuation
[2024-04-08T22:23:33.432+0800][1230.191s] GC(357)   Pre Evacuate Collection Set: 0.4ms
[2024-04-08T22:23:33.433+0800][1230.191s] GC(357)   Merge Heap Roots: 0.1ms
[2024-04-08T22:23:33.433+0800][1230.191s] GC(357)   Evacuate Collection Set: 4.0ms
[2024-04-08T22:23:33.433+0800][1230.191s] GC(357)   Post Evacuate Collection Set: 1.3ms
[2024-04-08T22:23:33.433+0800][1230.191s] GC(357)   Other: 0.2ms
[2024-04-08T22:23:33.433+0800][1230.191s] GC(357) Eden regions: 305->0(305)
[2024-04-08T22:23:33.433+0800][1230.191s] GC(357) Survivor regions: 2->2(39)
[2024-04-08T22:23:33.433+0800][1230.191s] GC(357) Old regions: 53->53
[2024-04-08T22:23:33.433+0800][1230.191s] GC(357) Humongous regions: 4->4
[2024-04-08T22:23:33.433+0800][1230.191s] GC(357) Metaspace: 67630K(68480K)->67630K(68480K) NonClass: 60029K(60480K)->60029K(60480K) Class: 7601K(8000K)->7601K(8000K)
[2024-04-08T22:23:33.433+0800][1230.191s] GC(357) Pause Young (Normal) (G1 Evacuation Pause) 362M->57M(512M) 6.903ms
[2024-04-08T22:23:33.433+0800][1230.191s] GC(357) User=0.02s Sys=0.00s Real=0.01s
[2024-04-08T22:23:36.201+0800][1232.959s] GC(358) Pause Young (Normal) (G1 Evacuation Pause)
[2024-04-08T22:23:36.201+0800][1232.959s] GC(358) Using 13 workers of 13 for evacuation
[2024-04-08T22:23:36.206+0800][1232.964s] GC(358)   Pre Evacuate Collection Set: 0.3ms
[2024-04-08T22:23:36.206+0800][1232.964s] GC(358)   Merge Heap Roots: 0.2ms
[2024-04-08T22:23:36.206+0800][1232.964s] GC(358)   Evacuate Collection Set: 2.9ms
[2024-04-08T22:23:36.206+0800][1232.964s] GC(358)   Post Evacuate Collection Set: 1.0ms
[2024-04-08T22:23:36.206+0800][1232.964s] GC(358)   Other: 0.2ms
[2024-04-08T22:23:36.206+0800][1232.964s] GC(358) Eden regions: 305->0(305)
[2024-04-08T22:23:36.206+0800][1232.964s] GC(358) Survivor regions: 2->2(39)
[2024-04-08T22:23:36.206+0800][1232.964s] GC(358) Old regions: 53->53
[2024-04-08T22:23:36.206+0800][1232.964s] GC(358) Humongous regions: 4->4
[2024-04-08T22:23:36.206+0800][1232.964s] GC(358) Metaspace: 67630K(68480K)->67630K(68480K) NonClass: 60029K(60480K)->60029K(60480K) Class: 7601K(8000K)->7601K(8000K)
[2024-04-08T22:23:36.206+0800][1232.964s] GC(358) Pause Young (Normal) (G1 Evacuation Pause) 362M->57M(512M) 5.429ms
[2024-04-08T22:23:36.206+0800][1232.964s] GC(358) User=0.00s Sys=0.00s Real=0.01s
[2024-04-08T22:23:39.101+0800][1235.859s] GC(359) Pause Young (Normal) (G1 Evacuation Pause)
[2024-04-08T22:23:39.101+0800][1235.859s] GC(359) Using 13 workers of 13 for evacuation
[2024-04-08T22:23:39.103+0800][1235.862s] GC(359)   Pre Evacuate Collection Set: 0.1ms
[2024-04-08T22:23:39.103+0800][1235.862s] GC(359)   Merge Heap Roots: 0.1ms
[2024-04-08T22:23:39.103+0800][1235.862s] GC(359)   Evacuate Collection Set: 1.6ms
[2024-04-08T22:23:39.103+0800][1235.862s] GC(359)   Post Evacuate Collection Set: 0.4ms
[2024-04-08T22:23:39.104+0800][1235.862s] GC(359)   Other: 0.1ms
[2024-04-08T22:23:39.104+0800][1235.862s] GC(359) Eden regions: 305->0(305)
[2024-04-08T22:23:39.104+0800][1235.862s] GC(359) Survivor regions: 2->2(39)
[2024-04-08T22:23:39.104+0800][1235.862s] GC(359) Old regions: 53->53
[2024-04-08T22:23:39.104+0800][1235.862s] GC(359) Humongous regions: 4->4
[2024-04-08T22:23:39.104+0800][1235.862s] GC(359) Metaspace: 67630K(68480K)->67630K(68480K) NonClass: 60029K(60480K)->60029K(60480K) Class: 7601K(8000K)->7601K(8000K)
[2024-04-08T22:23:39.104+0800][1235.862s] GC(359) Pause Young (Normal) (G1 Evacuation Pause) 362M->57M(512M) 2.608ms
[2024-04-08T22:23:39.104+0800][1235.862s] GC(359) User=0.02s Sys=0.00s Real=0.00s
[2024-04-08T22:23:41.669+0800][1238.427s] GC(360) Pause Young (Normal) (G1 Evacuation Pause)
[2024-04-08T22:23:41.669+0800][1238.427s] GC(360) Using 13 workers of 13 for evacuation
[2024-04-08T22:23:41.671+0800][1238.430s] GC(360)   Pre Evacuate Collection Set: 0.1ms
[2024-04-08T22:23:41.671+0800][1238.430s] GC(360)   Merge Heap Roots: 0.1ms
[2024-04-08T22:23:41.671+0800][1238.430s] GC(360)   Evacuate Collection Set: 1.8ms
[2024-04-08T22:23:41.671+0800][1238.430s] GC(360)   Post Evacuate Collection Set: 0.4ms
[2024-04-08T22:23:41.671+0800][1238.430s] GC(360)   Other: 0.1ms
[2024-04-08T22:23:41.671+0800][1238.430s] GC(360) Eden regions: 305->0(305)
[2024-04-08T22:23:41.672+0800][1238.430s] GC(360) Survivor regions: 2->2(39)
[2024-04-08T22:23:41.672+0800][1238.430s] GC(360) Old regions: 53->53
[2024-04-08T22:23:41.672+0800][1238.430s] GC(360) Humongous regions: 4->4
[2024-04-08T22:23:41.672+0800][1238.430s] GC(360) Metaspace: 67630K(68480K)->67630K(68480K) NonClass: 60029K(60480K)->60029K(60480K) Class: 7601K(8000K)->7601K(8000K)
[2024-04-08T22:23:41.672+0800][1238.430s] GC(360) Pause Young (Normal) (G1 Evacuation Pause) 362M->57M(512M) 2.868ms
[2024-04-08T22:23:41.672+0800][1238.430s] GC(360) User=0.00s Sys=0.00s Real=0.00s
[2024-04-08T22:23:44.358+0800][1241.116s] GC(361) Pause Young (Normal) (G1 Evacuation Pause)
[2024-04-08T22:23:44.358+0800][1241.116s] GC(361) Using 13 workers of 13 for evacuation
[2024-04-08T22:23:44.363+0800][1241.121s] GC(361)   Pre Evacuate Collection Set: 0.3ms
[2024-04-08T22:23:44.363+0800][1241.121s] GC(361)   Merge Heap Roots: 0.1ms
[2024-04-08T22:23:44.363+0800][1241.121s] GC(361)   Evacuate Collection Set: 3.1ms
[2024-04-08T22:23:44.363+0800][1241.121s] GC(361)   Post Evacuate Collection Set: 1.2ms
[2024-04-08T22:23:44.363+0800][1241.121s] GC(361)   Other: 0.2ms
[2024-04-08T22:23:44.363+0800][1241.121s] GC(361) Eden regions: 305->0(305)
[2024-04-08T22:23:44.363+0800][1241.121s] GC(361) Survivor regions: 2->2(39)
[2024-04-08T22:23:44.363+0800][1241.121s] GC(361) Old regions: 53->53
[2024-04-08T22:23:44.363+0800][1241.122s] GC(361) Humongous regions: 4->4
[2024-04-08T22:23:44.363+0800][1241.122s] GC(361) Metaspace: 67630K(68480K)->67630K(68480K) NonClass: 60029K(60480K)->60029K(60480K) Class: 7601K(8000K)->7601K(8000K)
[2024-04-08T22:23:44.363+0800][1241.122s] GC(361) Pause Young (Normal) (G1 Evacuation Pause) 362M->57M(512M) 5.658ms
[2024-04-08T22:23:44.363+0800][1241.122s] GC(361) User=0.00s Sys=0.00s Real=0.00s
[2024-04-08T22:23:47.140+0800][1243.898s] GC(362) Pause Young (Normal) (G1 Evacuation Pause)
[2024-04-08T22:23:47.140+0800][1243.898s] GC(362) Using 13 workers of 13 for evacuation
[2024-04-08T22:23:47.145+0800][1243.903s] GC(362)   Pre Evacuate Collection Set: 0.3ms
[2024-04-08T22:23:47.145+0800][1243.903s] GC(362)   Merge Heap Roots: 0.2ms
[2024-04-08T22:23:47.145+0800][1243.903s] GC(362)   Evacuate Collection Set: 3.7ms
[2024-04-08T22:23:47.145+0800][1243.904s] GC(362)   Post Evacuate Collection Set: 0.9ms
[2024-04-08T22:23:47.145+0800][1243.904s] GC(362)   Other: 0.2ms
[2024-04-08T22:23:47.145+0800][1243.904s] GC(362) Eden regions: 305->0(305)
[2024-04-08T22:23:47.145+0800][1243.904s] GC(362) Survivor regions: 2->2(39)
[2024-04-08T22:23:47.145+0800][1243.904s] GC(362) Old regions: 53->53
[2024-04-08T22:23:47.146+0800][1243.904s] GC(362) Humongous regions: 4->4
[2024-04-08T22:23:47.146+0800][1243.904s] GC(362) Metaspace: 67630K(68480K)->67630K(68480K) NonClass: 60029K(60480K)->60029K(60480K) Class: 7601K(8000K)->7601K(8000K)
[2024-04-08T22:23:47.146+0800][1243.904s] GC(362) Pause Young (Normal) (G1 Evacuation Pause) 362M->57M(512M) 6.052ms
[2024-04-08T22:23:47.146+0800][1243.904s] GC(362) User=0.00s Sys=0.00s Real=0.01s
[2024-04-08T22:23:49.990+0800][1246.749s] GC(363) Pause Young (Normal) (G1 Evacuation Pause)
[2024-04-08T22:23:49.990+0800][1246.749s] GC(363) Using 13 workers of 13 for evacuation
[2024-04-08T22:23:49.995+0800][1246.753s] GC(363)   Pre Evacuate Collection Set: 0.2ms
[2024-04-08T22:23:49.995+0800][1246.753s] GC(363)   Merge Heap Roots: 0.2ms
[2024-04-08T22:23:49.995+0800][1246.753s] GC(363)   Evacuate Collection Set: 3.0ms
[2024-04-08T22:23:49.995+0800][1246.753s] GC(363)   Post Evacuate Collection Set: 0.8ms
[2024-04-08T22:23:49.995+0800][1246.753s] GC(363)   Other: 0.2ms
[2024-04-08T22:23:49.995+0800][1246.753s] GC(363) Eden regions: 305->0(305)
[2024-04-08T22:23:49.995+0800][1246.753s] GC(363) Survivor regions: 2->2(39)
[2024-04-08T22:23:49.995+0800][1246.753s] GC(363) Old regions: 53->53
[2024-04-08T22:23:49.995+0800][1246.753s] GC(363) Humongous regions: 4->4
[2024-04-08T22:23:49.995+0800][1246.753s] GC(363) Metaspace: 67630K(68480K)->67630K(68480K) NonClass: 60029K(60480K)->60029K(60480K) Class: 7601K(8000K)->7601K(8000K)
[2024-04-08T22:23:49.995+0800][1246.754s] GC(363) Pause Young (Normal) (G1 Evacuation Pause) 362M->57M(512M) 4.953ms
[2024-04-08T22:23:49.995+0800][1246.754s] GC(363) User=0.03s Sys=0.00s Real=0.00s
[2024-04-08T22:23:52.840+0800][1249.599s] GC(364) Pause Young (Normal) (G1 Evacuation Pause)
[2024-04-08T22:23:52.841+0800][1249.599s] GC(364) Using 13 workers of 13 for evacuation
[2024-04-08T22:23:52.843+0800][1249.601s] GC(364)   Pre Evacuate Collection Set: 0.2ms
[2024-04-08T22:23:52.843+0800][1249.601s] GC(364)   Merge Heap Roots: 0.1ms
[2024-04-08T22:23:52.843+0800][1249.601s] GC(364)   Evacuate Collection Set: 1.7ms
[2024-04-08T22:23:52.843+0800][1249.601s] GC(364)   Post Evacuate Collection Set: 0.5ms
[2024-04-08T22:23:52.843+0800][1249.601s] GC(364)   Other: 0.1ms
[2024-04-08T22:23:52.843+0800][1249.601s] GC(364) Eden regions: 305->0(305)
[2024-04-08T22:23:52.843+0800][1249.602s] GC(364) Survivor regions: 2->2(39)
[2024-04-08T22:23:52.843+0800][1249.602s] GC(364) Old regions: 53->53
[2024-04-08T22:23:52.843+0800][1249.602s] GC(364) Humongous regions: 4->4
[2024-04-08T22:23:52.843+0800][1249.602s] GC(364) Metaspace: 67630K(68480K)->67630K(68480K) NonClass: 60029K(60480K)->60029K(60480K) Class: 7601K(8000K)->7601K(8000K)
[2024-04-08T22:23:52.843+0800][1249.602s] GC(364) Pause Young (Normal) (G1 Evacuation Pause) 362M->58M(512M) 2.901ms
[2024-04-08T22:23:52.843+0800][1249.602s] GC(364) User=0.00s Sys=0.00s Real=0.00s
[2024-04-08T22:23:55.631+0800][1252.389s] GC(365) Pause Young (Normal) (G1 Evacuation Pause)
[2024-04-08T22:23:55.631+0800][1252.389s] GC(365) Using 13 workers of 13 for evacuation
[2024-04-08T22:23:55.633+0800][1252.392s] GC(365)   Pre Evacuate Collection Set: 0.2ms
[2024-04-08T22:23:55.634+0800][1252.392s] GC(365)   Merge Heap Roots: 0.1ms
[2024-04-08T22:23:55.634+0800][1252.392s] GC(365)   Evacuate Collection Set: 1.9ms
[2024-04-08T22:23:55.634+0800][1252.392s] GC(365)   Post Evacuate Collection Set: 0.5ms
[2024-04-08T22:23:55.634+0800][1252.392s] GC(365)   Other: 0.1ms
[2024-04-08T22:23:55.634+0800][1252.392s] GC(365) Eden regions: 305->0(304)
[2024-04-08T22:23:55.634+0800][1252.392s] GC(365) Survivor regions: 2->3(39)
[2024-04-08T22:23:55.634+0800][1252.392s] GC(365) Old regions: 53->53
[2024-04-08T22:23:55.634+0800][1252.392s] GC(365) Humongous regions: 4->4
[2024-04-08T22:23:55.634+0800][1252.392s] GC(365) Metaspace: 67630K(68480K)->67630K(68480K) NonClass: 60029K(60480K)->60029K(60480K) Class: 7601K(8000K)->7601K(8000K)
[2024-04-08T22:23:55.634+0800][1252.392s] GC(365) Pause Young (Normal) (G1 Evacuation Pause) 363M->58M(512M) 3.068ms
[2024-04-08T22:23:55.634+0800][1252.392s] GC(365) User=0.00s Sys=0.00s Real=0.00s
[2024-04-08T22:23:58.270+0800][1255.028s] GC(366) Pause Young (Normal) (G1 Evacuation Pause)
[2024-04-08T22:23:58.270+0800][1255.028s] GC(366) Using 13 workers of 13 for evacuation
[2024-04-08T22:23:58.272+0800][1255.031s] GC(366)   Pre Evacuate Collection Set: 0.2ms
[2024-04-08T22:23:58.272+0800][1255.031s] GC(366)   Merge Heap Roots: 0.1ms
[2024-04-08T22:23:58.272+0800][1255.031s] GC(366)   Evacuate Collection Set: 1.7ms
[2024-04-08T22:23:58.272+0800][1255.031s] GC(366)   Post Evacuate Collection Set: 0.4ms
[2024-04-08T22:23:58.272+0800][1255.031s] GC(366)   Other: 0.1ms
[2024-04-08T22:23:58.272+0800][1255.031s] GC(366) Eden regions: 304->0(304)
[2024-04-08T22:23:58.273+0800][1255.031s] GC(366) Survivor regions: 3->3(39)
[2024-04-08T22:23:58.273+0800][1255.031s] GC(366) Old regions: 53->53
[2024-04-08T22:23:58.273+0800][1255.031s] GC(366) Humongous regions: 4->4
[2024-04-08T22:23:58.273+0800][1255.031s] GC(366) Metaspace: 67630K(68480K)->67630K(68480K) NonClass: 60029K(60480K)->60029K(60480K) Class: 7601K(8000K)->7601K(8000K)
[2024-04-08T22:23:58.273+0800][1255.031s] GC(366) Pause Young (Normal) (G1 Evacuation Pause) 362M->58M(512M) 2.822ms
[2024-04-08T22:23:58.273+0800][1255.031s] GC(366) User=0.00s Sys=0.00s Real=0.00s
[2024-04-08T22:24:00.839+0800][1257.597s] GC(367) Pause Young (Normal) (G1 Evacuation Pause)
[2024-04-08T22:24:00.839+0800][1257.598s] GC(367) Using 13 workers of 13 for evacuation
[2024-04-08T22:24:00.842+0800][1257.601s] GC(367)   Pre Evacuate Collection Set: 0.4ms
[2024-04-08T22:24:00.842+0800][1257.601s] GC(367)   Merge Heap Roots: 0.2ms
[2024-04-08T22:24:00.842+0800][1257.601s] GC(367)   Evacuate Collection Set: 1.8ms
[2024-04-08T22:24:00.842+0800][1257.601s] GC(367)   Post Evacuate Collection Set: 0.4ms
[2024-04-08T22:24:00.842+0800][1257.601s] GC(367)   Other: 0.2ms
[2024-04-08T22:24:00.842+0800][1257.601s] GC(367) Eden regions: 304->0(305)
[2024-04-08T22:24:00.842+0800][1257.601s] GC(367) Survivor regions: 3->2(39)
[2024-04-08T22:24:00.842+0800][1257.601s] GC(367) Old regions: 53->53
[2024-04-08T22:24:00.842+0800][1257.601s] GC(367) Humongous regions: 4->4
[2024-04-08T22:24:00.842+0800][1257.601s] GC(367) Metaspace: 67630K(68480K)->67630K(68480K) NonClass: 60029K(60480K)->60029K(60480K) Class: 7601K(8000K)->7601K(8000K)
[2024-04-08T22:24:00.843+0800][1257.601s] GC(367) Pause Young (Normal) (G1 Evacuation Pause) 362M->57M(512M) 3.349ms
[2024-04-08T22:24:00.843+0800][1257.601s] GC(367) User=0.00s Sys=0.00s Real=0.00s
[2024-04-08T22:24:03.862+0800][1260.620s] GC(368) Pause Young (Normal) (G1 Evacuation Pause)
[2024-04-08T22:24:03.862+0800][1260.620s] GC(368) Using 13 workers of 13 for evacuation
[2024-04-08T22:24:03.866+0800][1260.624s] GC(368)   Pre Evacuate Collection Set: 0.2ms
[2024-04-08T22:24:03.866+0800][1260.624s] GC(368)   Merge Heap Roots: 0.2ms
[2024-04-08T22:24:03.866+0800][1260.624s] GC(368)   Evacuate Collection Set: 2.6ms
[2024-04-08T22:24:03.866+0800][1260.624s] GC(368)   Post Evacuate Collection Set: 1.0ms
[2024-04-08T22:24:03.866+0800][1260.624s] GC(368)   Other: 0.1ms
[2024-04-08T22:24:03.866+0800][1260.624s] GC(368) Eden regions: 305->0(305)
[2024-04-08T22:24:03.866+0800][1260.624s] GC(368) Survivor regions: 2->2(39)
[2024-04-08T22:24:03.866+0800][1260.624s] GC(368) Old regions: 53->53
[2024-04-08T22:24:03.866+0800][1260.624s] GC(368) Humongous regions: 4->4
[2024-04-08T22:24:03.866+0800][1260.624s] GC(368) Metaspace: 67630K(68480K)->67630K(68480K) NonClass: 60029K(60480K)->60029K(60480K) Class: 7601K(8000K)->7601K(8000K)
[2024-04-08T22:24:03.866+0800][1260.625s] GC(368) Pause Young (Normal) (G1 Evacuation Pause) 362M->58M(512M) 4.455ms
[2024-04-08T22:24:03.866+0800][1260.625s] GC(368) User=0.00s Sys=0.00s Real=0.00s
[2024-04-08T22:24:06.778+0800][1263.536s] GC(369) Pause Young (Normal) (G1 Evacuation Pause)
[2024-04-08T22:24:06.778+0800][1263.536s] GC(369) Using 13 workers of 13 for evacuation
[2024-04-08T22:24:06.781+0800][1263.539s] GC(369)   Pre Evacuate Collection Set: 0.3ms
[2024-04-08T22:24:06.781+0800][1263.540s] GC(369)   Merge Heap Roots: 0.2ms
[2024-04-08T22:24:06.781+0800][1263.540s] GC(369)   Evacuate Collection Set: 1.6ms
[2024-04-08T22:24:06.781+0800][1263.540s] GC(369)   Post Evacuate Collection Set: 1.1ms
[2024-04-08T22:24:06.781+0800][1263.540s] GC(369)   Other: 0.2ms
[2024-04-08T22:24:06.782+0800][1263.540s] GC(369) Eden regions: 305->0(305)
[2024-04-08T22:24:06.782+0800][1263.540s] GC(369) Survivor regions: 2->2(39)
[2024-04-08T22:24:06.782+0800][1263.540s] GC(369) Old regions: 53->53
[2024-04-08T22:24:06.782+0800][1263.540s] GC(369) Humongous regions: 4->4
[2024-04-08T22:24:06.782+0800][1263.540s] GC(369) Metaspace: 67630K(68480K)->67630K(68480K) NonClass: 60029K(60480K)->60029K(60480K) Class: 7601K(8000K)->7601K(8000K)
[2024-04-08T22:24:06.782+0800][1263.540s] GC(369) Pause Young (Normal) (G1 Evacuation Pause) 363M->57M(512M) 4.373ms
[2024-04-08T22:24:06.782+0800][1263.540s] GC(369) User=0.00s Sys=0.00s Real=0.00s
[2024-04-08T22:24:10.089+0800][1266.848s] GC(370) Pause Young (Normal) (G1 Evacuation Pause)
[2024-04-08T22:24:10.089+0800][1266.848s] GC(370) Using 13 workers of 13 for evacuation
[2024-04-08T22:24:10.094+0800][1266.853s] GC(370)   Pre Evacuate Collection Set: 0.4ms
[2024-04-08T22:24:10.094+0800][1266.853s] GC(370)   Merge Heap Roots: 0.2ms
[2024-04-08T22:24:10.094+0800][1266.853s] GC(370)   Evacuate Collection Set: 2.5ms
[2024-04-08T22:24:10.094+0800][1266.853s] GC(370)   Post Evacuate Collection Set: 1.1ms
[2024-04-08T22:24:10.094+0800][1266.853s] GC(370)   Other: 0.2ms
[2024-04-08T22:24:10.094+0800][1266.853s] GC(370) Eden regions: 305->0(305)
[2024-04-08T22:24:10.094+0800][1266.853s] GC(370) Survivor regions: 2->2(39)
[2024-04-08T22:24:10.094+0800][1266.853s] GC(370) Old regions: 53->53
[2024-04-08T22:24:10.095+0800][1266.854s] GC(370) Humongous regions: 4->4
[2024-04-08T22:24:10.095+0800][1266.854s] GC(370) Metaspace: 67630K(68480K)->67630K(68480K) NonClass: 60029K(60480K)->60029K(60480K) Class: 7601K(8000K)->7601K(8000K)
[2024-04-08T22:24:10.095+0800][1266.854s] GC(370) Pause Young (Normal) (G1 Evacuation Pause) 362M->57M(512M) 5.764ms
[2024-04-08T22:24:10.095+0800][1266.854s] GC(370) User=0.00s Sys=0.00s Real=0.01s
[2024-04-08T22:24:12.693+0800][1269.452s] GC(371) Pause Young (Normal) (G1 Evacuation Pause)
[2024-04-08T22:24:12.693+0800][1269.452s] GC(371) Using 13 workers of 13 for evacuation
[2024-04-08T22:24:12.696+0800][1269.455s] GC(371)   Pre Evacuate Collection Set: 0.1ms
[2024-04-08T22:24:12.696+0800][1269.455s] GC(371)   Merge Heap Roots: 0.1ms
[2024-04-08T22:24:12.696+0800][1269.455s] GC(371)   Evacuate Collection Set: 1.9ms
[2024-04-08T22:24:12.696+0800][1269.455s] GC(371)   Post Evacuate Collection Set: 0.6ms
[2024-04-08T22:24:12.696+0800][1269.455s] GC(371)   Other: 0.1ms
[2024-04-08T22:24:12.696+0800][1269.455s] GC(371) Eden regions: 305->0(304)
[2024-04-08T22:24:12.696+0800][1269.455s] GC(371) Survivor regions: 2->3(39)
[2024-04-08T22:24:12.696+0800][1269.455s] GC(371) Old regions: 53->53
[2024-04-08T22:24:12.696+0800][1269.455s] GC(371) Humongous regions: 4->4
[2024-04-08T22:24:12.696+0800][1269.455s] GC(371) Metaspace: 67630K(68480K)->67630K(68480K) NonClass: 60029K(60480K)->60029K(60480K) Class: 7601K(8000K)->7601K(8000K)
[2024-04-08T22:24:12.696+0800][1269.455s] GC(371) Pause Young (Normal) (G1 Evacuation Pause) 362M->58M(512M) 3.280ms
[2024-04-08T22:24:12.696+0800][1269.455s] GC(371) User=0.00s Sys=0.00s Real=0.00s
[2024-04-08T22:24:15.448+0800][1272.206s] GC(372) Pause Young (Normal) (G1 Evacuation Pause)
[2024-04-08T22:24:15.448+0800][1272.206s] GC(372) Using 13 workers of 13 for evacuation
[2024-04-08T22:24:15.451+0800][1272.210s] GC(372)   Pre Evacuate Collection Set: 0.2ms
[2024-04-08T22:24:15.451+0800][1272.210s] GC(372)   Merge Heap Roots: 0.1ms
[2024-04-08T22:24:15.451+0800][1272.210s] GC(372)   Evacuate Collection Set: 2.2ms
[2024-04-08T22:24:15.451+0800][1272.210s] GC(372)   Post Evacuate Collection Set: 0.8ms
[2024-04-08T22:24:15.451+0800][1272.210s] GC(372)   Other: 0.1ms
[2024-04-08T22:24:15.451+0800][1272.210s] GC(372) Eden regions: 304->0(305)
[2024-04-08T22:24:15.451+0800][1272.210s] GC(372) Survivor regions: 3->2(39)
[2024-04-08T22:24:15.451+0800][1272.210s] GC(372) Old regions: 53->53
[2024-04-08T22:24:15.452+0800][1272.210s] GC(372) Humongous regions: 4->4
[2024-04-08T22:24:15.452+0800][1272.210s] GC(372) Metaspace: 67630K(68480K)->67630K(68480K) NonClass: 60029K(60480K)->60029K(60480K) Class: 7601K(8000K)->7601K(8000K)
[2024-04-08T22:24:15.452+0800][1272.210s] GC(372) Pause Young (Normal) (G1 Evacuation Pause) 362M->57M(512M) 4.015ms
[2024-04-08T22:24:15.452+0800][1272.210s] GC(372) User=0.00s Sys=0.00s Real=0.00s
[2024-04-08T22:24:18.077+0800][1274.836s] GC(373) Pause Young (Normal) (G1 Evacuation Pause)
[2024-04-08T22:24:18.077+0800][1274.836s] GC(373) Using 13 workers of 13 for evacuation
[2024-04-08T22:24:18.080+0800][1274.839s] GC(373)   Pre Evacuate Collection Set: 0.2ms
[2024-04-08T22:24:18.080+0800][1274.839s] GC(373)   Merge Heap Roots: 0.1ms
[2024-04-08T22:24:18.080+0800][1274.839s] GC(373)   Evacuate Collection Set: 1.7ms
[2024-04-08T22:24:18.080+0800][1274.839s] GC(373)   Post Evacuate Collection Set: 0.7ms
[2024-04-08T22:24:18.080+0800][1274.839s] GC(373)   Other: 0.1ms
[2024-04-08T22:24:18.080+0800][1274.839s] GC(373) Eden regions: 305->0(305)
[2024-04-08T22:24:18.080+0800][1274.839s] GC(373) Survivor regions: 2->2(39)
[2024-04-08T22:24:18.080+0800][1274.839s] GC(373) Old regions: 53->53
[2024-04-08T22:24:18.080+0800][1274.839s] GC(373) Humongous regions: 4->4
[2024-04-08T22:24:18.080+0800][1274.839s] GC(373) Metaspace: 67630K(68480K)->67630K(68480K) NonClass: 60029K(60480K)->60029K(60480K) Class: 7601K(8000K)->7601K(8000K)
[2024-04-08T22:24:18.080+0800][1274.839s] GC(373) Pause Young (Normal) (G1 Evacuation Pause) 362M->57M(512M) 3.414ms
[2024-04-08T22:24:18.081+0800][1274.839s] GC(373) User=0.00s Sys=0.00s Real=0.00s
[2024-04-08T22:24:20.726+0800][1277.484s] GC(374) Pause Young (Normal) (G1 Evacuation Pause)
[2024-04-08T22:24:20.726+0800][1277.485s] GC(374) Using 13 workers of 13 for evacuation
[2024-04-08T22:24:20.731+0800][1277.490s] GC(374)   Pre Evacuate Collection Set: 0.3ms
[2024-04-08T22:24:20.731+0800][1277.490s] GC(374)   Merge Heap Roots: 0.2ms
[2024-04-08T22:24:20.731+0800][1277.490s] GC(374)   Evacuate Collection Set: 3.0ms
[2024-04-08T22:24:20.731+0800][1277.490s] GC(374)   Post Evacuate Collection Set: 1.4ms
[2024-04-08T22:24:20.731+0800][1277.490s] GC(374)   Other: 0.2ms
[2024-04-08T22:24:20.732+0800][1277.490s] GC(374) Eden regions: 305->0(305)
[2024-04-08T22:24:20.732+0800][1277.490s] GC(374) Survivor regions: 2->2(39)
[2024-04-08T22:24:20.732+0800][1277.490s] GC(374) Old regions: 53->53
[2024-04-08T22:24:20.732+0800][1277.490s] GC(374) Humongous regions: 4->4
[2024-04-08T22:24:20.732+0800][1277.490s] GC(374) Metaspace: 67630K(68480K)->67630K(68480K) NonClass: 60029K(60480K)->60029K(60480K) Class: 7601K(8000K)->7601K(8000K)
[2024-04-08T22:24:20.732+0800][1277.490s] GC(374) Pause Young (Normal) (G1 Evacuation Pause) 362M->57M(512M) 5.919ms
[2024-04-08T22:24:20.732+0800][1277.490s] GC(374) User=0.03s Sys=0.00s Real=0.01s
[2024-04-08T22:24:23.901+0800][1280.659s] GC(375) Pause Young (Normal) (G1 Evacuation Pause)
[2024-04-08T22:24:23.901+0800][1280.659s] GC(375) Using 13 workers of 13 for evacuation
[2024-04-08T22:24:23.905+0800][1280.663s] GC(375)   Pre Evacuate Collection Set: 0.3ms
[2024-04-08T22:24:23.905+0800][1280.663s] GC(375)   Merge Heap Roots: 0.2ms
[2024-04-08T22:24:23.905+0800][1280.664s] GC(375)   Evacuate Collection Set: 2.8ms
[2024-04-08T22:24:23.905+0800][1280.664s] GC(375)   Post Evacuate Collection Set: 0.9ms
[2024-04-08T22:24:23.905+0800][1280.664s] GC(375)   Other: 0.2ms
[2024-04-08T22:24:23.905+0800][1280.664s] GC(375) Eden regions: 305->0(305)
[2024-04-08T22:24:23.905+0800][1280.664s] GC(375) Survivor regions: 2->2(39)
[2024-04-08T22:24:23.905+0800][1280.664s] GC(375) Old regions: 53->53
[2024-04-08T22:24:23.905+0800][1280.664s] GC(375) Humongous regions: 4->4
[2024-04-08T22:24:23.905+0800][1280.664s] GC(375) Metaspace: 67630K(68480K)->67630K(68480K) NonClass: 60029K(60480K)->60029K(60480K) Class: 7601K(8000K)->7601K(8000K)
[2024-04-08T22:24:23.906+0800][1280.664s] GC(375) Pause Young (Normal) (G1 Evacuation Pause) 362M->57M(512M) 4.986ms
[2024-04-08T22:24:23.906+0800][1280.664s] GC(375) User=0.00s Sys=0.00s Real=0.00s
[2024-04-08T22:24:26.916+0800][1283.674s] GC(376) Pause Young (Normal) (G1 Evacuation Pause)
[2024-04-08T22:24:26.916+0800][1283.674s] GC(376) Using 13 workers of 13 for evacuation
[2024-04-08T22:24:26.919+0800][1283.678s] GC(376)   Pre Evacuate Collection Set: 0.2ms
[2024-04-08T22:24:26.920+0800][1283.678s] GC(376)   Merge Heap Roots: 0.2ms
[2024-04-08T22:24:26.920+0800][1283.678s] GC(376)   Evacuate Collection Set: 2.7ms
[2024-04-08T22:24:26.920+0800][1283.678s] GC(376)   Post Evacuate Collection Set: 0.5ms
[2024-04-08T22:24:26.920+0800][1283.678s] GC(376)   Other: 0.1ms
[2024-04-08T22:24:26.920+0800][1283.678s] GC(376) Eden regions: 305->0(305)
[2024-04-08T22:24:26.920+0800][1283.678s] GC(376) Survivor regions: 2->2(39)
[2024-04-08T22:24:26.920+0800][1283.678s] GC(376) Old regions: 53->53
[2024-04-08T22:24:26.920+0800][1283.678s] GC(376) Humongous regions: 4->4
[2024-04-08T22:24:26.920+0800][1283.678s] GC(376) Metaspace: 67630K(68480K)->67630K(68480K) NonClass: 60029K(60480K)->60029K(60480K) Class: 7601K(8000K)->7601K(8000K)
[2024-04-08T22:24:26.920+0800][1283.678s] GC(376) Pause Young (Normal) (G1 Evacuation Pause) 362M->58M(512M) 4.170ms
[2024-04-08T22:24:26.920+0800][1283.678s] GC(376) User=0.00s Sys=0.00s Real=0.00s
[2024-04-08T22:24:29.477+0800][1286.235s] GC(377) Pause Young (Normal) (G1 Evacuation Pause)
[2024-04-08T22:24:29.477+0800][1286.235s] GC(377) Using 13 workers of 13 for evacuation
[2024-04-08T22:24:29.480+0800][1286.239s] GC(377)   Pre Evacuate Collection Set: 0.2ms
[2024-04-08T22:24:29.481+0800][1286.239s] GC(377)   Merge Heap Roots: 0.2ms
[2024-04-08T22:24:29.481+0800][1286.239s] GC(377)   Evacuate Collection Set: 2.4ms
[2024-04-08T22:24:29.481+0800][1286.239s] GC(377)   Post Evacuate Collection Set: 0.8ms
[2024-04-08T22:24:29.481+0800][1286.239s] GC(377)   Other: 0.2ms
[2024-04-08T22:24:29.481+0800][1286.239s] GC(377) Eden regions: 305->0(305)
[2024-04-08T22:24:29.481+0800][1286.239s] GC(377) Survivor regions: 2->2(39)
[2024-04-08T22:24:29.481+0800][1286.239s] GC(377) Old regions: 53->53
[2024-04-08T22:24:29.481+0800][1286.239s] GC(377) Humongous regions: 4->4
[2024-04-08T22:24:29.481+0800][1286.239s] GC(377) Metaspace: 67630K(68480K)->67630K(68480K) NonClass: 60029K(60480K)->60029K(60480K) Class: 7601K(8000K)->7601K(8000K)
[2024-04-08T22:24:29.481+0800][1286.239s] GC(377) Pause Young (Normal) (G1 Evacuation Pause) 363M->57M(512M) 4.330ms
[2024-04-08T22:24:29.481+0800][1286.239s] GC(377) User=0.03s Sys=0.00s Real=0.00s
[2024-04-08T22:24:32.102+0800][1288.860s] GC(378) Pause Young (Normal) (G1 Evacuation Pause)
[2024-04-08T22:24:32.102+0800][1288.860s] GC(378) Using 13 workers of 13 for evacuation
[2024-04-08T22:24:32.106+0800][1288.864s] GC(378)   Pre Evacuate Collection Set: 0.1ms
[2024-04-08T22:24:32.106+0800][1288.865s] GC(378)   Merge Heap Roots: 0.1ms
[2024-04-08T22:24:32.107+0800][1288.865s] GC(378)   Evacuate Collection Set: 2.8ms
[2024-04-08T22:24:32.107+0800][1288.865s] GC(378)   Post Evacuate Collection Set: 1.5ms
[2024-04-08T22:24:32.107+0800][1288.865s] GC(378)   Other: 0.2ms
[2024-04-08T22:24:32.107+0800][1288.865s] GC(378) Eden regions: 305->0(305)
[2024-04-08T22:24:32.107+0800][1288.865s] GC(378) Survivor regions: 2->2(39)
[2024-04-08T22:24:32.107+0800][1288.865s] GC(378) Old regions: 53->53
[2024-04-08T22:24:32.107+0800][1288.865s] GC(378) Humongous regions: 4->4
[2024-04-08T22:24:32.107+0800][1288.866s] GC(378) Metaspace: 67630K(68480K)->67630K(68480K) NonClass: 60029K(60480K)->60029K(60480K) Class: 7601K(8000K)->7601K(8000K)
[2024-04-08T22:24:32.108+0800][1288.866s] GC(378) Pause Young (Normal) (G1 Evacuation Pause) 362M->57M(512M) 6.047ms
[2024-04-08T22:24:32.108+0800][1288.866s] GC(378) User=0.03s Sys=0.00s Real=0.01s
[2024-04-08T22:24:35.013+0800][1291.771s] GC(379) Pause Young (Normal) (G1 Evacuation Pause)
[2024-04-08T22:24:35.013+0800][1291.771s] GC(379) Using 13 workers of 13 for evacuation
[2024-04-08T22:24:35.019+0800][1291.777s] GC(379)   Pre Evacuate Collection Set: 0.3ms
[2024-04-08T22:24:35.019+0800][1291.777s] GC(379)   Merge Heap Roots: 0.2ms
[2024-04-08T22:24:35.019+0800][1291.777s] GC(379)   Evacuate Collection Set: 3.8ms
[2024-04-08T22:24:35.019+0800][1291.777s] GC(379)   Post Evacuate Collection Set: 0.9ms
[2024-04-08T22:24:35.019+0800][1291.777s] GC(379)   Other: 0.2ms
[2024-04-08T22:24:35.019+0800][1291.777s] GC(379) Eden regions: 305->0(305)
[2024-04-08T22:24:35.019+0800][1291.777s] GC(379) Survivor regions: 2->2(39)
[2024-04-08T22:24:35.019+0800][1291.777s] GC(379) Old regions: 53->53
[2024-04-08T22:24:35.019+0800][1291.777s] GC(379) Humongous regions: 4->4
[2024-04-08T22:24:35.019+0800][1291.777s] GC(379) Metaspace: 67630K(68480K)->67630K(68480K) NonClass: 60029K(60480K)->60029K(60480K) Class: 7601K(8000K)->7601K(8000K)
[2024-04-08T22:24:35.019+0800][1291.777s] GC(379) Pause Young (Normal) (G1 Evacuation Pause) 362M->57M(512M) 6.219ms
[2024-04-08T22:24:35.019+0800][1291.777s] GC(379) User=0.00s Sys=0.00s Real=0.01s
[2024-04-08T22:24:37.333+0800][1294.091s] GC(380) Pause Young (Normal) (G1 Evacuation Pause)
[2024-04-08T22:24:37.333+0800][1294.091s] GC(380) Using 13 workers of 13 for evacuation
[2024-04-08T22:24:37.337+0800][1294.095s] GC(380)   Pre Evacuate Collection Set: 0.2ms
[2024-04-08T22:24:37.337+0800][1294.095s] GC(380)   Merge Heap Roots: 0.2ms
[2024-04-08T22:24:37.337+0800][1294.095s] GC(380)   Evacuate Collection Set: 2.3ms
[2024-04-08T22:24:37.337+0800][1294.095s] GC(380)   Post Evacuate Collection Set: 0.6ms
[2024-04-08T22:24:37.337+0800][1294.095s] GC(380)   Other: 0.1ms
[2024-04-08T22:24:37.337+0800][1294.095s] GC(380) Eden regions: 305->0(305)
[2024-04-08T22:24:37.337+0800][1294.095s] GC(380) Survivor regions: 2->2(39)
[2024-04-08T22:24:37.337+0800][1294.095s] GC(380) Old regions: 53->53
[2024-04-08T22:24:37.337+0800][1294.095s] GC(380) Humongous regions: 4->4
[2024-04-08T22:24:37.337+0800][1294.095s] GC(380) Metaspace: 67631K(68480K)->67631K(68480K) NonClass: 60030K(60480K)->60030K(60480K) Class: 7601K(8000K)->7601K(8000K)
[2024-04-08T22:24:37.337+0800][1294.095s] GC(380) Pause Young (Normal) (G1 Evacuation Pause) 362M->58M(512M) 3.704ms
[2024-04-08T22:24:37.337+0800][1294.095s] GC(380) User=0.00s Sys=0.00s Real=0.00s
[2024-04-08T22:24:40.328+0800][1297.086s] GC(381) Pause Young (Normal) (G1 Evacuation Pause)
[2024-04-08T22:24:40.328+0800][1297.086s] GC(381) Using 13 workers of 13 for evacuation
[2024-04-08T22:24:40.333+0800][1297.091s] GC(381)   Pre Evacuate Collection Set: 0.4ms
[2024-04-08T22:24:40.333+0800][1297.091s] GC(381)   Merge Heap Roots: 0.3ms
[2024-04-08T22:24:40.333+0800][1297.091s] GC(381)   Evacuate Collection Set: 2.7ms
[2024-04-08T22:24:40.333+0800][1297.091s] GC(381)   Post Evacuate Collection Set: 1.2ms
[2024-04-08T22:24:40.333+0800][1297.091s] GC(381)   Other: 0.2ms
[2024-04-08T22:24:40.333+0800][1297.091s] GC(381) Eden regions: 305->0(305)
[2024-04-08T22:24:40.333+0800][1297.091s] GC(381) Survivor regions: 2->2(39)
[2024-04-08T22:24:40.333+0800][1297.091s] GC(381) Old regions: 53->53
[2024-04-08T22:24:40.333+0800][1297.091s] GC(381) Humongous regions: 4->4
[2024-04-08T22:24:40.333+0800][1297.091s] GC(381) Metaspace: 67631K(68480K)->67631K(68480K) NonClass: 60030K(60480K)->60030K(60480K) Class: 7601K(8000K)->7601K(8000K)
[2024-04-08T22:24:40.333+0800][1297.092s] GC(381) Pause Young (Normal) (G1 Evacuation Pause) 363M->57M(512M) 5.585ms
[2024-04-08T22:24:40.333+0800][1297.092s] GC(381) User=0.00s Sys=0.00s Real=0.00s
[2024-04-08T22:24:43.172+0800][1299.930s] GC(382) Pause Young (Normal) (G1 Evacuation Pause)
[2024-04-08T22:24:43.172+0800][1299.930s] GC(382) Using 13 workers of 13 for evacuation
[2024-04-08T22:24:43.176+0800][1299.934s] GC(382)   Pre Evacuate Collection Set: 0.2ms
[2024-04-08T22:24:43.176+0800][1299.934s] GC(382)   Merge Heap Roots: 0.2ms
[2024-04-08T22:24:43.176+0800][1299.934s] GC(382)   Evacuate Collection Set: 2.9ms
[2024-04-08T22:24:43.176+0800][1299.934s] GC(382)   Post Evacuate Collection Set: 0.6ms
[2024-04-08T22:24:43.176+0800][1299.934s] GC(382)   Other: 0.2ms
[2024-04-08T22:24:43.176+0800][1299.934s] GC(382) Eden regions: 305->0(305)
[2024-04-08T22:24:43.176+0800][1299.934s] GC(382) Survivor regions: 2->2(39)
[2024-04-08T22:24:43.176+0800][1299.934s] GC(382) Old regions: 53->53
[2024-04-08T22:24:43.176+0800][1299.934s] GC(382) Humongous regions: 4->4
[2024-04-08T22:24:43.176+0800][1299.934s] GC(382) Metaspace: 67631K(68480K)->67631K(68480K) NonClass: 60030K(60480K)->60030K(60480K) Class: 7601K(8000K)->7601K(8000K)
[2024-04-08T22:24:43.176+0800][1299.934s] GC(382) Pause Young (Normal) (G1 Evacuation Pause) 362M->58M(512M) 4.471ms
[2024-04-08T22:24:43.176+0800][1299.935s] GC(382) User=0.00s Sys=0.00s Real=0.00s
[2024-04-08T22:24:45.784+0800][1302.543s] GC(383) Pause Young (Normal) (G1 Evacuation Pause)
[2024-04-08T22:24:45.784+0800][1302.543s] GC(383) Using 13 workers of 13 for evacuation
[2024-04-08T22:24:45.787+0800][1302.546s] GC(383)   Pre Evacuate Collection Set: 0.2ms
[2024-04-08T22:24:45.787+0800][1302.546s] GC(383)   Merge Heap Roots: 0.1ms
[2024-04-08T22:24:45.787+0800][1302.546s] GC(383)   Evacuate Collection Set: 1.8ms
[2024-04-08T22:24:45.788+0800][1302.546s] GC(383)   Post Evacuate Collection Set: 0.6ms
[2024-04-08T22:24:45.788+0800][1302.546s] GC(383)   Other: 0.1ms
[2024-04-08T22:24:45.788+0800][1302.546s] GC(383) Eden regions: 305->0(305)
[2024-04-08T22:24:45.788+0800][1302.546s] GC(383) Survivor regions: 2->2(39)
[2024-04-08T22:24:45.788+0800][1302.546s] GC(383) Old regions: 53->53
[2024-04-08T22:24:45.788+0800][1302.546s] GC(383) Humongous regions: 4->4
[2024-04-08T22:24:45.788+0800][1302.546s] GC(383) Metaspace: 67631K(68480K)->67631K(68480K) NonClass: 60030K(60480K)->60030K(60480K) Class: 7601K(8000K)->7601K(8000K)
[2024-04-08T22:24:45.788+0800][1302.546s] GC(383) Pause Young (Normal) (G1 Evacuation Pause) 363M->58M(512M) 3.387ms
[2024-04-08T22:24:45.788+0800][1302.546s] GC(383) User=0.00s Sys=0.00s Real=0.00s
[2024-04-08T22:24:48.570+0800][1305.328s] GC(384) Pause Young (Normal) (G1 Evacuation Pause)
[2024-04-08T22:24:48.570+0800][1305.328s] GC(384) Using 13 workers of 13 for evacuation
[2024-04-08T22:24:48.574+0800][1305.332s] GC(384)   Pre Evacuate Collection Set: 0.2ms
[2024-04-08T22:24:48.574+0800][1305.332s] GC(384)   Merge Heap Roots: 0.1ms
[2024-04-08T22:24:48.574+0800][1305.332s] GC(384)   Evacuate Collection Set: 2.6ms
[2024-04-08T22:24:48.574+0800][1305.332s] GC(384)   Post Evacuate Collection Set: 0.6ms
[2024-04-08T22:24:48.574+0800][1305.332s] GC(384)   Other: 0.1ms
[2024-04-08T22:24:48.574+0800][1305.332s] GC(384) Eden regions: 305->0(305)
[2024-04-08T22:24:48.574+0800][1305.332s] GC(384) Survivor regions: 2->2(39)
[2024-04-08T22:24:48.574+0800][1305.332s] GC(384) Old regions: 53->53
[2024-04-08T22:24:48.574+0800][1305.332s] GC(384) Humongous regions: 4->4
[2024-04-08T22:24:48.574+0800][1305.332s] GC(384) Metaspace: 67631K(68480K)->67631K(68480K) NonClass: 60030K(60480K)->60030K(60480K) Class: 7601K(8000K)->7601K(8000K)
[2024-04-08T22:24:48.574+0800][1305.332s] GC(384) Pause Young (Normal) (G1 Evacuation Pause) 363M->58M(512M) 3.957ms
[2024-04-08T22:24:48.574+0800][1305.332s] GC(384) User=0.03s Sys=0.00s Real=0.00s
[2024-04-08T22:24:51.463+0800][1308.221s] GC(385) Pause Young (Normal) (G1 Evacuation Pause)
[2024-04-08T22:24:51.463+0800][1308.222s] GC(385) Using 13 workers of 13 for evacuation
[2024-04-08T22:24:51.466+0800][1308.224s] GC(385)   Pre Evacuate Collection Set: 0.2ms
[2024-04-08T22:24:51.466+0800][1308.224s] GC(385)   Merge Heap Roots: 0.1ms
[2024-04-08T22:24:51.466+0800][1308.224s] GC(385)   Evacuate Collection Set: 1.6ms
[2024-04-08T22:24:51.466+0800][1308.224s] GC(385)   Post Evacuate Collection Set: 0.6ms
[2024-04-08T22:24:51.466+0800][1308.224s] GC(385)   Other: 0.1ms
[2024-04-08T22:24:51.466+0800][1308.224s] GC(385) Eden regions: 305->0(305)
[2024-04-08T22:24:51.466+0800][1308.224s] GC(385) Survivor regions: 2->2(39)
[2024-04-08T22:24:51.466+0800][1308.224s] GC(385) Old regions: 53->53
[2024-04-08T22:24:51.466+0800][1308.224s] GC(385) Humongous regions: 4->4
[2024-04-08T22:24:51.466+0800][1308.224s] GC(385) Metaspace: 67631K(68480K)->67631K(68480K) NonClass: 60030K(60480K)->60030K(60480K) Class: 7601K(8000K)->7601K(8000K)
[2024-04-08T22:24:51.466+0800][1308.224s] GC(385) Pause Young (Normal) (G1 Evacuation Pause) 363M->58M(512M) 2.928ms
[2024-04-08T22:24:51.466+0800][1308.224s] GC(385) User=0.00s Sys=0.00s Real=0.00s
[2024-04-08T22:24:54.200+0800][1310.958s] GC(386) Pause Young (Normal) (G1 Evacuation Pause)
[2024-04-08T22:24:54.200+0800][1310.958s] GC(386) Using 13 workers of 13 for evacuation
[2024-04-08T22:24:54.206+0800][1310.964s] GC(386)   Pre Evacuate Collection Set: 0.3ms
[2024-04-08T22:24:54.206+0800][1310.964s] GC(386)   Merge Heap Roots: 0.2ms
[2024-04-08T22:24:54.206+0800][1310.965s] GC(386)   Evacuate Collection Set: 3.8ms
[2024-04-08T22:24:54.206+0800][1310.965s] GC(386)   Post Evacuate Collection Set: 1.3ms
[2024-04-08T22:24:54.206+0800][1310.965s] GC(386)   Other: 0.2ms
[2024-04-08T22:24:54.207+0800][1310.965s] GC(386) Eden regions: 305->0(305)
[2024-04-08T22:24:54.207+0800][1310.965s] GC(386) Survivor regions: 2->2(39)
[2024-04-08T22:24:54.207+0800][1310.965s] GC(386) Old regions: 53->53
[2024-04-08T22:24:54.207+0800][1310.965s] GC(386) Humongous regions: 4->4
[2024-04-08T22:24:54.207+0800][1310.965s] GC(386) Metaspace: 67631K(68480K)->67631K(68480K) NonClass: 60030K(60480K)->60030K(60480K) Class: 7601K(8000K)->7601K(8000K)
[2024-04-08T22:24:54.207+0800][1310.965s] GC(386) Pause Young (Normal) (G1 Evacuation Pause) 363M->58M(512M) 6.731ms
[2024-04-08T22:24:54.207+0800][1310.965s] GC(386) User=0.00s Sys=0.00s Real=0.01s
[2024-04-08T22:24:56.972+0800][1313.730s] GC(387) Pause Young (Normal) (G1 Evacuation Pause)
[2024-04-08T22:24:56.972+0800][1313.730s] GC(387) Using 13 workers of 13 for evacuation
[2024-04-08T22:24:56.976+0800][1313.734s] GC(387)   Pre Evacuate Collection Set: 0.3ms
[2024-04-08T22:24:56.976+0800][1313.734s] GC(387)   Merge Heap Roots: 0.2ms
[2024-04-08T22:24:56.976+0800][1313.734s] GC(387)   Evacuate Collection Set: 2.1ms
[2024-04-08T22:24:56.976+0800][1313.734s] GC(387)   Post Evacuate Collection Set: 0.9ms
[2024-04-08T22:24:56.976+0800][1313.734s] GC(387)   Other: 0.2ms
[2024-04-08T22:24:56.976+0800][1313.734s] GC(387) Eden regions: 305->0(305)
[2024-04-08T22:24:56.976+0800][1313.734s] GC(387) Survivor regions: 2->2(39)
[2024-04-08T22:24:56.976+0800][1313.734s] GC(387) Old regions: 53->53
[2024-04-08T22:24:56.976+0800][1313.734s] GC(387) Humongous regions: 4->4
[2024-04-08T22:24:56.976+0800][1313.734s] GC(387) Metaspace: 67631K(68480K)->67631K(68480K) NonClass: 60030K(60480K)->60030K(60480K) Class: 7601K(8000K)->7601K(8000K)
[2024-04-08T22:24:56.976+0800][1313.734s] GC(387) Pause Young (Normal) (G1 Evacuation Pause) 363M->58M(512M) 3.994ms
[2024-04-08T22:24:56.976+0800][1313.734s] GC(387) User=0.00s Sys=0.00s Real=0.00s
[2024-04-08T22:24:59.945+0800][1316.704s] GC(388) Pause Young (Normal) (G1 Evacuation Pause)
[2024-04-08T22:24:59.946+0800][1316.704s] GC(388) Using 13 workers of 13 for evacuation
[2024-04-08T22:24:59.949+0800][1316.707s] GC(388)   Pre Evacuate Collection Set: 0.1ms
[2024-04-08T22:24:59.949+0800][1316.707s] GC(388)   Merge Heap Roots: 0.1ms
[2024-04-08T22:24:59.949+0800][1316.707s] GC(388)   Evacuate Collection Set: 2.0ms
[2024-04-08T22:24:59.949+0800][1316.707s] GC(388)   Post Evacuate Collection Set: 0.6ms
[2024-04-08T22:24:59.949+0800][1316.707s] GC(388)   Other: 0.1ms
[2024-04-08T22:24:59.949+0800][1316.707s] GC(388) Eden regions: 305->0(305)
[2024-04-08T22:24:59.949+0800][1316.707s] GC(388) Survivor regions: 2->2(39)
[2024-04-08T22:24:59.949+0800][1316.707s] GC(388) Old regions: 53->53
[2024-04-08T22:24:59.949+0800][1316.707s] GC(388) Humongous regions: 4->4
[2024-04-08T22:24:59.949+0800][1316.707s] GC(388) Metaspace: 67632K(68480K)->67632K(68480K) NonClass: 60030K(60480K)->60030K(60480K) Class: 7601K(8000K)->7601K(8000K)
[2024-04-08T22:24:59.949+0800][1316.707s] GC(388) Pause Young (Normal) (G1 Evacuation Pause) 363M->58M(512M) 3.431ms
[2024-04-08T22:24:59.949+0800][1316.707s] GC(388) User=0.03s Sys=0.00s Real=0.00s
[2024-04-08T22:25:02.804+0800][1319.562s] GC(389) Pause Young (Normal) (G1 Evacuation Pause)
[2024-04-08T22:25:02.804+0800][1319.563s] GC(389) Using 13 workers of 13 for evacuation
[2024-04-08T22:25:02.810+0800][1319.568s] GC(389)   Pre Evacuate Collection Set: 0.3ms
[2024-04-08T22:25:02.810+0800][1319.569s] GC(389)   Merge Heap Roots: 0.3ms
[2024-04-08T22:25:02.810+0800][1319.569s] GC(389)   Evacuate Collection Set: 4.0ms
[2024-04-08T22:25:02.810+0800][1319.569s] GC(389)   Post Evacuate Collection Set: 1.1ms
[2024-04-08T22:25:02.810+0800][1319.569s] GC(389)   Other: 0.2ms
[2024-04-08T22:25:02.810+0800][1319.569s] GC(389) Eden regions: 305->0(305)
[2024-04-08T22:25:02.810+0800][1319.569s] GC(389) Survivor regions: 2->2(39)
[2024-04-08T22:25:02.810+0800][1319.569s] GC(389) Old regions: 53->53
[2024-04-08T22:25:02.810+0800][1319.569s] GC(389) Humongous regions: 4->4
[2024-04-08T22:25:02.810+0800][1319.569s] GC(389) Metaspace: 67634K(68480K)->67634K(68480K) NonClass: 60032K(60480K)->60032K(60480K) Class: 7601K(8000K)->7601K(8000K)
[2024-04-08T22:25:02.811+0800][1319.569s] GC(389) Pause Young (Normal) (G1 Evacuation Pause) 363M->58M(512M) 6.839ms
[2024-04-08T22:25:02.811+0800][1319.569s] GC(389) User=0.19s Sys=0.00s Real=0.01s
[2024-04-08T22:25:05.615+0800][1322.373s] GC(390) Pause Young (Normal) (G1 Evacuation Pause)
[2024-04-08T22:25:05.615+0800][1322.373s] GC(390) Using 13 workers of 13 for evacuation
[2024-04-08T22:25:05.619+0800][1322.377s] GC(390)   Pre Evacuate Collection Set: 0.4ms
[2024-04-08T22:25:05.619+0800][1322.377s] GC(390)   Merge Heap Roots: 0.2ms
[2024-04-08T22:25:05.619+0800][1322.377s] GC(390)   Evacuate Collection Set: 2.0ms
[2024-04-08T22:25:05.619+0800][1322.377s] GC(390)   Post Evacuate Collection Set: 0.9ms
[2024-04-08T22:25:05.619+0800][1322.377s] GC(390)   Other: 0.2ms
[2024-04-08T22:25:05.619+0800][1322.377s] GC(390) Eden regions: 305->0(305)
[2024-04-08T22:25:05.619+0800][1322.377s] GC(390) Survivor regions: 2->2(39)
[2024-04-08T22:25:05.619+0800][1322.377s] GC(390) Old regions: 53->53
[2024-04-08T22:25:05.619+0800][1322.377s] GC(390) Humongous regions: 4->4
[2024-04-08T22:25:05.619+0800][1322.377s] GC(390) Metaspace: 67640K(68480K)->67640K(68480K) NonClass: 60038K(60480K)->60038K(60480K) Class: 7601K(8000K)->7601K(8000K)
[2024-04-08T22:25:05.619+0800][1322.378s] GC(390) Pause Young (Normal) (G1 Evacuation Pause) 363M->58M(512M) 4.385ms
[2024-04-08T22:25:05.619+0800][1322.378s] GC(390) User=0.02s Sys=0.00s Real=0.00s
[2024-04-08T22:25:08.824+0800][1325.583s] GC(391) Pause Young (Normal) (G1 Evacuation Pause)
[2024-04-08T22:25:08.824+0800][1325.583s] GC(391) Using 13 workers of 13 for evacuation
[2024-04-08T22:25:08.830+0800][1325.589s] GC(391)   Pre Evacuate Collection Set: 0.3ms
[2024-04-08T22:25:08.831+0800][1325.589s] GC(391)   Merge Heap Roots: 0.2ms
[2024-04-08T22:25:08.831+0800][1325.589s] GC(391)   Evacuate Collection Set: 4.2ms
[2024-04-08T22:25:08.831+0800][1325.589s] GC(391)   Post Evacuate Collection Set: 1.1ms
[2024-04-08T22:25:08.831+0800][1325.589s] GC(391)   Other: 0.2ms
[2024-04-08T22:25:08.831+0800][1325.589s] GC(391) Eden regions: 305->0(305)
[2024-04-08T22:25:08.831+0800][1325.589s] GC(391) Survivor regions: 2->2(39)
[2024-04-08T22:25:08.831+0800][1325.589s] GC(391) Old regions: 53->53
[2024-04-08T22:25:08.831+0800][1325.589s] GC(391) Humongous regions: 4->4
[2024-04-08T22:25:08.831+0800][1325.589s] GC(391) Metaspace: 67641K(68480K)->67641K(68480K) NonClass: 60039K(60480K)->60039K(60480K) Class: 7601K(8000K)->7601K(8000K)
[2024-04-08T22:25:08.831+0800][1325.589s] GC(391) Pause Young (Normal) (G1 Evacuation Pause) 363M->58M(512M) 6.908ms
[2024-04-08T22:25:08.831+0800][1325.589s] GC(391) User=0.00s Sys=0.00s Real=0.01s
[2024-04-08T22:25:11.919+0800][1328.677s] GC(392) Pause Young (Normal) (G1 Evacuation Pause)
[2024-04-08T22:25:11.919+0800][1328.677s] GC(392) Using 13 workers of 13 for evacuation
[2024-04-08T22:25:11.924+0800][1328.683s] GC(392)   Pre Evacuate Collection Set: 0.4ms
[2024-04-08T22:25:11.925+0800][1328.683s] GC(392)   Merge Heap Roots: 0.2ms
[2024-04-08T22:25:11.925+0800][1328.683s] GC(392)   Evacuate Collection Set: 2.9ms
[2024-04-08T22:25:11.925+0800][1328.683s] GC(392)   Post Evacuate Collection Set: 1.7ms
[2024-04-08T22:25:11.925+0800][1328.683s] GC(392)   Other: 0.3ms
[2024-04-08T22:25:11.925+0800][1328.683s] GC(392) Eden regions: 305->0(305)
[2024-04-08T22:25:11.925+0800][1328.683s] GC(392) Survivor regions: 2->2(39)
[2024-04-08T22:25:11.925+0800][1328.683s] GC(392) Old regions: 53->53
[2024-04-08T22:25:11.925+0800][1328.683s] GC(392) Humongous regions: 4->4
[2024-04-08T22:25:11.925+0800][1328.683s] GC(392) Metaspace: 67642K(68480K)->67642K(68480K) NonClass: 60040K(60480K)->60040K(60480K) Class: 7601K(8000K)->7601K(8000K)
[2024-04-08T22:25:11.925+0800][1328.683s] GC(392) Pause Young (Normal) (G1 Evacuation Pause) 363M->58M(512M) 6.278ms
[2024-04-08T22:25:11.925+0800][1328.683s] GC(392) User=0.00s Sys=0.00s Real=0.01s
[2024-04-08T22:25:15.000+0800][1331.758s] GC(393) Pause Young (Normal) (G1 Evacuation Pause)
[2024-04-08T22:25:15.000+0800][1331.759s] GC(393) Using 13 workers of 13 for evacuation
[2024-04-08T22:25:15.003+0800][1331.761s] GC(393)   Pre Evacuate Collection Set: 0.2ms
[2024-04-08T22:25:15.003+0800][1331.761s] GC(393)   Merge Heap Roots: 0.1ms
[2024-04-08T22:25:15.003+0800][1331.761s] GC(393)   Evacuate Collection Set: 1.8ms
[2024-04-08T22:25:15.003+0800][1331.761s] GC(393)   Post Evacuate Collection Set: 0.5ms
[2024-04-08T22:25:15.003+0800][1331.761s] GC(393)   Other: 0.1ms
[2024-04-08T22:25:15.003+0800][1331.762s] GC(393) Eden regions: 305->0(305)
[2024-04-08T22:25:15.003+0800][1331.762s] GC(393) Survivor regions: 2->2(39)
[2024-04-08T22:25:15.003+0800][1331.762s] GC(393) Old regions: 53->53
[2024-04-08T22:25:15.003+0800][1331.762s] GC(393) Humongous regions: 4->4
[2024-04-08T22:25:15.003+0800][1331.762s] GC(393) Metaspace: 67642K(68480K)->67642K(68480K) NonClass: 60040K(60480K)->60040K(60480K) Class: 7601K(8000K)->7601K(8000K)
[2024-04-08T22:25:15.003+0800][1331.762s] GC(393) Pause Young (Normal) (G1 Evacuation Pause) 363M->58M(512M) 3.146ms
[2024-04-08T22:25:15.003+0800][1331.762s] GC(393) User=0.00s Sys=0.00s Real=0.00s
[2024-04-08T22:25:17.527+0800][1334.286s] GC(394) Pause Young (Normal) (G1 Evacuation Pause)
[2024-04-08T22:25:17.527+0800][1334.286s] GC(394) Using 13 workers of 13 for evacuation
[2024-04-08T22:25:17.531+0800][1334.289s] GC(394)   Pre Evacuate Collection Set: 0.2ms
[2024-04-08T22:25:17.531+0800][1334.289s] GC(394)   Merge Heap Roots: 0.1ms
[2024-04-08T22:25:17.531+0800][1334.289s] GC(394)   Evacuate Collection Set: 2.3ms
[2024-04-08T22:25:17.531+0800][1334.289s] GC(394)   Post Evacuate Collection Set: 0.5ms
[2024-04-08T22:25:17.531+0800][1334.289s] GC(394)   Other: 0.2ms
[2024-04-08T22:25:17.531+0800][1334.289s] GC(394) Eden regions: 305->0(305)
[2024-04-08T22:25:17.531+0800][1334.289s] GC(394) Survivor regions: 2->2(39)
[2024-04-08T22:25:17.531+0800][1334.289s] GC(394) Old regions: 53->53
[2024-04-08T22:25:17.531+0800][1334.289s] GC(394) Humongous regions: 4->4
[2024-04-08T22:25:17.531+0800][1334.289s] GC(394) Metaspace: 67642K(68480K)->67642K(68480K) NonClass: 60040K(60480K)->60040K(60480K) Class: 7601K(8000K)->7601K(8000K)
[2024-04-08T22:25:17.531+0800][1334.289s] GC(394) Pause Young (Normal) (G1 Evacuation Pause) 363M->58M(512M) 3.788ms
[2024-04-08T22:25:17.531+0800][1334.289s] GC(394) User=0.00s Sys=0.00s Real=0.00s
[2024-04-08T22:25:20.143+0800][1336.901s] GC(395) Pause Young (Normal) (G1 Evacuation Pause)
[2024-04-08T22:25:20.143+0800][1336.902s] GC(395) Using 13 workers of 13 for evacuation
[2024-04-08T22:25:20.149+0800][1336.907s] GC(395)   Pre Evacuate Collection Set: 0.2ms
[2024-04-08T22:25:20.149+0800][1336.907s] GC(395)   Merge Heap Roots: 0.2ms
[2024-04-08T22:25:20.149+0800][1336.907s] GC(395)   Evacuate Collection Set: 3.8ms
[2024-04-08T22:25:20.149+0800][1336.907s] GC(395)   Post Evacuate Collection Set: 0.8ms
[2024-04-08T22:25:20.149+0800][1336.907s] GC(395)   Other: 0.2ms
[2024-04-08T22:25:20.149+0800][1336.907s] GC(395) Eden regions: 305->0(305)
[2024-04-08T22:25:20.149+0800][1336.907s] GC(395) Survivor regions: 2->2(39)
[2024-04-08T22:25:20.149+0800][1336.907s] GC(395) Old regions: 53->54
[2024-04-08T22:25:20.149+0800][1336.907s] GC(395) Humongous regions: 4->4
[2024-04-08T22:25:20.149+0800][1336.907s] GC(395) Metaspace: 67642K(68480K)->67642K(68480K) NonClass: 60040K(60480K)->60040K(60480K) Class: 7601K(8000K)->7601K(8000K)
[2024-04-08T22:25:20.149+0800][1336.907s] GC(395) Pause Young (Normal) (G1 Evacuation Pause) 363M->58M(512M) 5.969ms
[2024-04-08T22:25:20.149+0800][1336.907s] GC(395) User=0.00s Sys=0.00s Real=0.01s
[2024-04-08T22:25:23.086+0800][1339.844s] GC(396) Pause Young (Normal) (G1 Evacuation Pause)
[2024-04-08T22:25:23.086+0800][1339.845s] GC(396) Using 13 workers of 13 for evacuation
[2024-04-08T22:25:23.091+0800][1339.849s] GC(396)   Pre Evacuate Collection Set: 0.3ms
[2024-04-08T22:25:23.091+0800][1339.849s] GC(396)   Merge Heap Roots: 0.2ms
[2024-04-08T22:25:23.091+0800][1339.849s] GC(396)   Evacuate Collection Set: 2.7ms
[2024-04-08T22:25:23.091+0800][1339.849s] GC(396)   Post Evacuate Collection Set: 1.0ms
[2024-04-08T22:25:23.091+0800][1339.849s] GC(396)   Other: 0.1ms
[2024-04-08T22:25:23.091+0800][1339.849s] GC(396) Eden regions: 305->0(305)
[2024-04-08T22:25:23.091+0800][1339.849s] GC(396) Survivor regions: 2->2(39)
[2024-04-08T22:25:23.091+0800][1339.849s] GC(396) Old regions: 54->54
[2024-04-08T22:25:23.091+0800][1339.849s] GC(396) Humongous regions: 4->4
[2024-04-08T22:25:23.091+0800][1339.849s] GC(396) Metaspace: 67642K(68480K)->67642K(68480K) NonClass: 60040K(60480K)->60040K(60480K) Class: 7601K(8000K)->7601K(8000K)
[2024-04-08T22:25:23.091+0800][1339.849s] GC(396) Pause Young (Normal) (G1 Evacuation Pause) 363M->58M(512M) 4.947ms
[2024-04-08T22:25:23.091+0800][1339.849s] GC(396) User=0.20s Sys=0.00s Real=0.01s
[2024-04-08T22:25:25.849+0800][1342.607s] GC(397) Pause Young (Normal) (G1 Evacuation Pause)
[2024-04-08T22:25:25.849+0800][1342.607s] GC(397) Using 13 workers of 13 for evacuation
[2024-04-08T22:25:25.852+0800][1342.610s] GC(397)   Pre Evacuate Collection Set: 0.2ms
[2024-04-08T22:25:25.852+0800][1342.610s] GC(397)   Merge Heap Roots: 0.1ms
[2024-04-08T22:25:25.852+0800][1342.610s] GC(397)   Evacuate Collection Set: 1.8ms
[2024-04-08T22:25:25.852+0800][1342.610s] GC(397)   Post Evacuate Collection Set: 0.7ms
[2024-04-08T22:25:25.852+0800][1342.610s] GC(397)   Other: 0.1ms
[2024-04-08T22:25:25.852+0800][1342.610s] GC(397) Eden regions: 305->0(305)
[2024-04-08T22:25:25.852+0800][1342.610s] GC(397) Survivor regions: 2->2(39)
[2024-04-08T22:25:25.852+0800][1342.610s] GC(397) Old regions: 54->54
[2024-04-08T22:25:25.852+0800][1342.610s] GC(397) Humongous regions: 4->4
[2024-04-08T22:25:25.852+0800][1342.610s] GC(397) Metaspace: 67642K(68480K)->67642K(68480K) NonClass: 60040K(60480K)->60040K(60480K) Class: 7601K(8000K)->7601K(8000K)
[2024-04-08T22:25:25.852+0800][1342.610s] GC(397) Pause Young (Normal) (G1 Evacuation Pause) 363M->58M(512M) 3.235ms
[2024-04-08T22:25:25.852+0800][1342.610s] GC(397) User=0.00s Sys=0.00s Real=0.00s
[2024-04-08T22:25:28.664+0800][1345.422s] GC(398) Pause Young (Normal) (G1 Evacuation Pause)
[2024-04-08T22:25:28.664+0800][1345.422s] GC(398) Using 13 workers of 13 for evacuation
[2024-04-08T22:25:28.667+0800][1345.425s] GC(398)   Pre Evacuate Collection Set: 0.2ms
[2024-04-08T22:25:28.667+0800][1345.425s] GC(398)   Merge Heap Roots: 0.1ms
[2024-04-08T22:25:28.667+0800][1345.425s] GC(398)   Evacuate Collection Set: 1.7ms
[2024-04-08T22:25:28.667+0800][1345.425s] GC(398)   Post Evacuate Collection Set: 0.7ms
[2024-04-08T22:25:28.667+0800][1345.425s] GC(398)   Other: 0.1ms
[2024-04-08T22:25:28.667+0800][1345.425s] GC(398) Eden regions: 305->0(305)
[2024-04-08T22:25:28.667+0800][1345.425s] GC(398) Survivor regions: 2->2(39)
[2024-04-08T22:25:28.667+0800][1345.425s] GC(398) Old regions: 54->54
[2024-04-08T22:25:28.667+0800][1345.425s] GC(398) Humongous regions: 4->4
[2024-04-08T22:25:28.667+0800][1345.425s] GC(398) Metaspace: 67642K(68480K)->67642K(68480K) NonClass: 60040K(60480K)->60040K(60480K) Class: 7601K(8000K)->7601K(8000K)
[2024-04-08T22:25:28.667+0800][1345.425s] GC(398) Pause Young (Normal) (G1 Evacuation Pause) 363M->58M(512M) 3.168ms
[2024-04-08T22:25:28.667+0800][1345.425s] GC(398) User=0.03s Sys=0.00s Real=0.00s
[2024-04-08T22:25:31.494+0800][1348.253s] GC(399) Pause Young (Normal) (G1 Evacuation Pause)
[2024-04-08T22:25:31.495+0800][1348.253s] GC(399) Using 13 workers of 13 for evacuation
[2024-04-08T22:25:31.500+0800][1348.258s] GC(399)   Pre Evacuate Collection Set: 0.4ms
[2024-04-08T22:25:31.500+0800][1348.258s] GC(399)   Merge Heap Roots: 0.2ms
[2024-04-08T22:25:31.500+0800][1348.258s] GC(399)   Evacuate Collection Set: 3.1ms
[2024-04-08T22:25:31.500+0800][1348.258s] GC(399)   Post Evacuate Collection Set: 1.4ms
[2024-04-08T22:25:31.500+0800][1348.258s] GC(399)   Other: 0.2ms
[2024-04-08T22:25:31.500+0800][1348.258s] GC(399) Eden regions: 305->0(305)
[2024-04-08T22:25:31.500+0800][1348.259s] GC(399) Survivor regions: 2->2(39)
[2024-04-08T22:25:31.500+0800][1348.259s] GC(399) Old regions: 54->54
[2024-04-08T22:25:31.500+0800][1348.259s] GC(399) Humongous regions: 4->4
[2024-04-08T22:25:31.500+0800][1348.259s] GC(399) Metaspace: 67642K(68480K)->67642K(68480K) NonClass: 60040K(60480K)->60040K(60480K) Class: 7601K(8000K)->7601K(8000K)
[2024-04-08T22:25:31.500+0800][1348.259s] GC(399) Pause Young (Normal) (G1 Evacuation Pause) 363M->58M(512M) 6.053ms
[2024-04-08T22:25:31.501+0800][1348.259s] GC(399) User=0.00s Sys=0.00s Real=0.01s
[2024-04-08T22:25:34.014+0800][1350.772s] GC(400) Pause Young (Normal) (G1 Evacuation Pause)
[2024-04-08T22:25:34.014+0800][1350.772s] GC(400) Using 13 workers of 13 for evacuation
[2024-04-08T22:25:34.017+0800][1350.776s] GC(400)   Pre Evacuate Collection Set: 0.2ms
[2024-04-08T22:25:34.017+0800][1350.776s] GC(400)   Merge Heap Roots: 0.1ms
[2024-04-08T22:25:34.017+0800][1350.776s] GC(400)   Evacuate Collection Set: 2.4ms
[2024-04-08T22:25:34.017+0800][1350.776s] GC(400)   Post Evacuate Collection Set: 0.6ms
[2024-04-08T22:25:34.017+0800][1350.776s] GC(400)   Other: 0.2ms
[2024-04-08T22:25:34.018+0800][1350.776s] GC(400) Eden regions: 305->0(305)
[2024-04-08T22:25:34.018+0800][1350.776s] GC(400) Survivor regions: 2->2(39)
[2024-04-08T22:25:34.018+0800][1350.776s] GC(400) Old regions: 54->54
[2024-04-08T22:25:34.018+0800][1350.776s] GC(400) Humongous regions: 4->4
[2024-04-08T22:25:34.018+0800][1350.776s] GC(400) Metaspace: 67642K(68480K)->67642K(68480K) NonClass: 60040K(60480K)->60040K(60480K) Class: 7601K(8000K)->7601K(8000K)
[2024-04-08T22:25:34.018+0800][1350.776s] GC(400) Pause Young (Normal) (G1 Evacuation Pause) 363M->58M(512M) 4.199ms
[2024-04-08T22:25:34.018+0800][1350.776s] GC(400) User=0.00s Sys=0.00s Real=0.00s
[2024-04-08T22:25:36.818+0800][1353.576s] GC(401) Pause Young (Normal) (G1 Evacuation Pause)
[2024-04-08T22:25:36.818+0800][1353.576s] GC(401) Using 13 workers of 13 for evacuation
[2024-04-08T22:25:36.822+0800][1353.580s] GC(401)   Pre Evacuate Collection Set: 0.3ms
[2024-04-08T22:25:36.822+0800][1353.580s] GC(401)   Merge Heap Roots: 0.1ms
[2024-04-08T22:25:36.822+0800][1353.580s] GC(401)   Evacuate Collection Set: 2.1ms
[2024-04-08T22:25:36.822+0800][1353.580s] GC(401)   Post Evacuate Collection Set: 0.8ms
[2024-04-08T22:25:36.822+0800][1353.580s] GC(401)   Other: 0.1ms
[2024-04-08T22:25:36.822+0800][1353.580s] GC(401) Eden regions: 305->0(305)
[2024-04-08T22:25:36.822+0800][1353.580s] GC(401) Survivor regions: 2->2(39)
[2024-04-08T22:25:36.822+0800][1353.580s] GC(401) Old regions: 54->54
[2024-04-08T22:25:36.822+0800][1353.580s] GC(401) Humongous regions: 4->4
[2024-04-08T22:25:36.822+0800][1353.580s] GC(401) Metaspace: 67642K(68480K)->67642K(68480K) NonClass: 60040K(60480K)->60040K(60480K) Class: 7601K(8000K)->7601K(8000K)
[2024-04-08T22:25:36.822+0800][1353.580s] GC(401) Pause Young (Normal) (G1 Evacuation Pause) 363M->58M(512M) 4.038ms
[2024-04-08T22:25:36.822+0800][1353.580s] GC(401) User=0.03s Sys=0.00s Real=0.00s
[2024-04-08T22:25:39.779+0800][1356.538s] GC(402) Pause Young (Normal) (G1 Evacuation Pause)
[2024-04-08T22:25:39.779+0800][1356.538s] GC(402) Using 13 workers of 13 for evacuation
[2024-04-08T22:25:39.783+0800][1356.541s] GC(402)   Pre Evacuate Collection Set: 0.2ms
[2024-04-08T22:25:39.783+0800][1356.541s] GC(402)   Merge Heap Roots: 0.1ms
[2024-04-08T22:25:39.783+0800][1356.541s] GC(402)   Evacuate Collection Set: 1.8ms
[2024-04-08T22:25:39.783+0800][1356.541s] GC(402)   Post Evacuate Collection Set: 0.8ms
[2024-04-08T22:25:39.783+0800][1356.541s] GC(402)   Other: 0.1ms
[2024-04-08T22:25:39.783+0800][1356.541s] GC(402) Eden regions: 305->0(305)
[2024-04-08T22:25:39.783+0800][1356.541s] GC(402) Survivor regions: 2->2(39)
[2024-04-08T22:25:39.783+0800][1356.541s] GC(402) Old regions: 54->54
[2024-04-08T22:25:39.783+0800][1356.541s] GC(402) Humongous regions: 4->4
[2024-04-08T22:25:39.783+0800][1356.541s] GC(402) Metaspace: 67642K(68480K)->67642K(68480K) NonClass: 60040K(60480K)->60040K(60480K) Class: 7601K(8000K)->7601K(8000K)
[2024-04-08T22:25:39.783+0800][1356.541s] GC(402) Pause Young (Normal) (G1 Evacuation Pause) 363M->58M(512M) 3.517ms
[2024-04-08T22:25:39.783+0800][1356.541s] GC(402) User=0.00s Sys=0.00s Real=0.00s
[2024-04-08T22:25:42.544+0800][1359.303s] GC(403) Pause Young (Normal) (G1 Evacuation Pause)
[2024-04-08T22:25:42.544+0800][1359.303s] GC(403) Using 13 workers of 13 for evacuation
[2024-04-08T22:25:42.548+0800][1359.306s] GC(403)   Pre Evacuate Collection Set: 0.2ms
[2024-04-08T22:25:42.548+0800][1359.306s] GC(403)   Merge Heap Roots: 0.2ms
[2024-04-08T22:25:42.548+0800][1359.306s] GC(403)   Evacuate Collection Set: 2.4ms
[2024-04-08T22:25:42.548+0800][1359.307s] GC(403)   Post Evacuate Collection Set: 0.7ms
[2024-04-08T22:25:42.548+0800][1359.307s] GC(403)   Other: 0.1ms
[2024-04-08T22:25:42.548+0800][1359.307s] GC(403) Eden regions: 305->0(305)
[2024-04-08T22:25:42.548+0800][1359.307s] GC(403) Survivor regions: 2->2(39)
[2024-04-08T22:25:42.548+0800][1359.307s] GC(403) Old regions: 54->54
[2024-04-08T22:25:42.548+0800][1359.307s] GC(403) Humongous regions: 4->4
[2024-04-08T22:25:42.548+0800][1359.307s] GC(403) Metaspace: 67642K(68480K)->67642K(68480K) NonClass: 60040K(60480K)->60040K(60480K) Class: 7601K(8000K)->7601K(8000K)
[2024-04-08T22:25:42.548+0800][1359.307s] GC(403) Pause Young (Normal) (G1 Evacuation Pause) 363M->59M(512M) 3.894ms
[2024-04-08T22:25:42.548+0800][1359.307s] GC(403) User=0.00s Sys=0.00s Real=0.00s
[2024-04-08T22:25:45.457+0800][1362.216s] GC(404) Pause Young (Normal) (G1 Evacuation Pause)
[2024-04-08T22:25:45.458+0800][1362.216s] GC(404) Using 13 workers of 13 for evacuation
[2024-04-08T22:25:45.463+0800][1362.221s] GC(404)   Pre Evacuate Collection Set: 0.2ms
[2024-04-08T22:25:45.463+0800][1362.221s] GC(404)   Merge Heap Roots: 0.1ms
[2024-04-08T22:25:45.463+0800][1362.221s] GC(404)   Evacuate Collection Set: 4.0ms
[2024-04-08T22:25:45.463+0800][1362.221s] GC(404)   Post Evacuate Collection Set: 0.8ms
[2024-04-08T22:25:45.463+0800][1362.221s] GC(404)   Other: 0.2ms
[2024-04-08T22:25:45.463+0800][1362.222s] GC(404) Eden regions: 305->0(305)
[2024-04-08T22:25:45.463+0800][1362.222s] GC(404) Survivor regions: 2->2(39)
[2024-04-08T22:25:45.463+0800][1362.222s] GC(404) Old regions: 54->54
[2024-04-08T22:25:45.463+0800][1362.222s] GC(404) Humongous regions: 4->4
[2024-04-08T22:25:45.463+0800][1362.222s] GC(404) Metaspace: 67642K(68480K)->67642K(68480K) NonClass: 60040K(60480K)->60040K(60480K) Class: 7601K(8000K)->7601K(8000K)
[2024-04-08T22:25:45.463+0800][1362.222s] GC(404) Pause Young (Normal) (G1 Evacuation Pause) 364M->58M(512M) 5.966ms
[2024-04-08T22:25:45.463+0800][1362.222s] GC(404) User=0.05s Sys=0.02s Real=0.01s
[2024-04-08T22:25:48.265+0800][1365.023s] GC(405) Pause Young (Normal) (G1 Evacuation Pause)
[2024-04-08T22:25:48.265+0800][1365.023s] GC(405) Using 13 workers of 13 for evacuation
[2024-04-08T22:25:48.268+0800][1365.026s] GC(405)   Pre Evacuate Collection Set: 0.1ms
[2024-04-08T22:25:48.268+0800][1365.026s] GC(405)   Merge Heap Roots: 0.1ms
[2024-04-08T22:25:48.268+0800][1365.026s] GC(405)   Evacuate Collection Set: 2.0ms
[2024-04-08T22:25:48.268+0800][1365.026s] GC(405)   Post Evacuate Collection Set: 0.5ms
[2024-04-08T22:25:48.268+0800][1365.026s] GC(405)   Other: 0.1ms
[2024-04-08T22:25:48.268+0800][1365.026s] GC(405) Eden regions: 305->0(305)
[2024-04-08T22:25:48.268+0800][1365.026s] GC(405) Survivor regions: 2->2(39)
[2024-04-08T22:25:48.268+0800][1365.026s] GC(405) Old regions: 54->54
[2024-04-08T22:25:48.268+0800][1365.026s] GC(405) Humongous regions: 4->4
[2024-04-08T22:25:48.268+0800][1365.026s] GC(405) Metaspace: 67642K(68480K)->67642K(68480K) NonClass: 60040K(60480K)->60040K(60480K) Class: 7601K(8000K)->7601K(8000K)
[2024-04-08T22:25:48.268+0800][1365.026s] GC(405) Pause Young (Normal) (G1 Evacuation Pause) 363M->58M(512M) 3.375ms
[2024-04-08T22:25:48.268+0800][1365.026s] GC(405) User=0.00s Sys=0.00s Real=0.00s
[2024-04-08T22:25:51.120+0800][1367.878s] GC(406) Pause Young (Normal) (G1 Evacuation Pause)
[2024-04-08T22:25:51.120+0800][1367.878s] GC(406) Using 13 workers of 13 for evacuation
[2024-04-08T22:25:51.126+0800][1367.884s] GC(406)   Pre Evacuate Collection Set: 0.3ms
[2024-04-08T22:25:51.126+0800][1367.885s] GC(406)   Merge Heap Roots: 0.2ms
[2024-04-08T22:25:51.126+0800][1367.885s] GC(406)   Evacuate Collection Set: 4.3ms
[2024-04-08T22:25:51.126+0800][1367.885s] GC(406)   Post Evacuate Collection Set: 1.1ms
[2024-04-08T22:25:51.126+0800][1367.885s] GC(406)   Other: 0.2ms
[2024-04-08T22:25:51.126+0800][1367.885s] GC(406) Eden regions: 305->0(305)
[2024-04-08T22:25:51.126+0800][1367.885s] GC(406) Survivor regions: 2->2(39)
[2024-04-08T22:25:51.126+0800][1367.885s] GC(406) Old regions: 54->54
[2024-04-08T22:25:51.126+0800][1367.885s] GC(406) Humongous regions: 4->4
[2024-04-08T22:25:51.126+0800][1367.885s] GC(406) Metaspace: 67642K(68480K)->67642K(68480K) NonClass: 60040K(60480K)->60040K(60480K) Class: 7601K(8000K)->7601K(8000K)
[2024-04-08T22:25:51.126+0800][1367.885s] GC(406) Pause Young (Normal) (G1 Evacuation Pause) 363M->58M(512M) 6.788ms
[2024-04-08T22:25:51.127+0800][1367.885s] GC(406) User=0.00s Sys=0.00s Real=0.01s
[2024-04-08T22:25:53.766+0800][1370.525s] GC(407) Pause Young (Normal) (G1 Evacuation Pause)
[2024-04-08T22:25:53.766+0800][1370.525s] GC(407) Using 13 workers of 13 for evacuation
[2024-04-08T22:25:53.770+0800][1370.529s] GC(407)   Pre Evacuate Collection Set: 0.4ms
[2024-04-08T22:25:53.770+0800][1370.529s] GC(407)   Merge Heap Roots: 0.2ms
[2024-04-08T22:25:53.770+0800][1370.529s] GC(407)   Evacuate Collection Set: 2.4ms
[2024-04-08T22:25:53.770+0800][1370.529s] GC(407)   Post Evacuate Collection Set: 0.8ms
[2024-04-08T22:25:53.770+0800][1370.529s] GC(407)   Other: 0.2ms
[2024-04-08T22:25:53.770+0800][1370.529s] GC(407) Eden regions: 305->0(304)
[2024-04-08T22:25:53.770+0800][1370.529s] GC(407) Survivor regions: 2->3(39)
[2024-04-08T22:25:53.770+0800][1370.529s] GC(407) Old regions: 54->54
[2024-04-08T22:25:53.770+0800][1370.529s] GC(407) Humongous regions: 4->4
[2024-04-08T22:25:53.770+0800][1370.529s] GC(407) Metaspace: 67642K(68480K)->67642K(68480K) NonClass: 60040K(60480K)->60040K(60480K) Class: 7601K(8000K)->7601K(8000K)
[2024-04-08T22:25:53.770+0800][1370.529s] GC(407) Pause Young (Normal) (G1 Evacuation Pause) 363M->59M(512M) 4.535ms
[2024-04-08T22:25:53.771+0800][1370.529s] GC(407) User=0.00s Sys=0.00s Real=0.00s
[2024-04-08T22:25:56.394+0800][1373.152s] GC(408) Pause Young (Normal) (G1 Evacuation Pause)
[2024-04-08T22:25:56.394+0800][1373.153s] GC(408) Using 13 workers of 13 for evacuation
[2024-04-08T22:25:56.403+0800][1373.162s] GC(408)   Pre Evacuate Collection Set: 0.5ms
[2024-04-08T22:25:56.403+0800][1373.162s] GC(408)   Merge Heap Roots: 0.3ms
[2024-04-08T22:25:56.403+0800][1373.162s] GC(408)   Evacuate Collection Set: 6.2ms
[2024-04-08T22:25:56.403+0800][1373.162s] GC(408)   Post Evacuate Collection Set: 1.5ms
[2024-04-08T22:25:56.403+0800][1373.162s] GC(408)   Other: 0.3ms
[2024-04-08T22:25:56.403+0800][1373.162s] GC(408) Eden regions: 304->0(305)
[2024-04-08T22:25:56.403+0800][1373.162s] GC(408) Survivor regions: 3->2(39)
[2024-04-08T22:25:56.403+0800][1373.162s] GC(408) Old regions: 54->54
[2024-04-08T22:25:56.404+0800][1373.162s] GC(408) Humongous regions: 4->4
[2024-04-08T22:25:56.404+0800][1373.162s] GC(408) Metaspace: 67642K(68480K)->67642K(68480K) NonClass: 60040K(60480K)->60040K(60480K) Class: 7601K(8000K)->7601K(8000K)
[2024-04-08T22:25:56.404+0800][1373.162s] GC(408) Pause Young (Normal) (G1 Evacuation Pause) 363M->58M(512M) 10.023ms
[2024-04-08T22:25:56.404+0800][1373.163s] GC(408) User=0.03s Sys=0.00s Real=0.01s
[2024-04-08T22:25:59.015+0800][1375.773s] GC(409) Pause Young (Normal) (G1 Evacuation Pause)
[2024-04-08T22:25:59.015+0800][1375.773s] GC(409) Using 13 workers of 13 for evacuation
[2024-04-08T22:25:59.018+0800][1375.776s] GC(409)   Pre Evacuate Collection Set: 0.2ms
[2024-04-08T22:25:59.018+0800][1375.776s] GC(409)   Merge Heap Roots: 0.1ms
[2024-04-08T22:25:59.018+0800][1375.776s] GC(409)   Evacuate Collection Set: 1.9ms
[2024-04-08T22:25:59.018+0800][1375.776s] GC(409)   Post Evacuate Collection Set: 0.5ms
[2024-04-08T22:25:59.018+0800][1375.776s] GC(409)   Other: 0.1ms
[2024-04-08T22:25:59.018+0800][1375.777s] GC(409) Eden regions: 305->0(305)
[2024-04-08T22:25:59.018+0800][1375.777s] GC(409) Survivor regions: 2->2(39)
[2024-04-08T22:25:59.018+0800][1375.777s] GC(409) Old regions: 54->54
[2024-04-08T22:25:59.018+0800][1375.777s] GC(409) Humongous regions: 4->4
[2024-04-08T22:25:59.018+0800][1375.777s] GC(409) Metaspace: 67642K(68480K)->67642K(68480K) NonClass: 60040K(60480K)->60040K(60480K) Class: 7601K(8000K)->7601K(8000K)
[2024-04-08T22:25:59.018+0800][1375.777s] GC(409) Pause Young (Normal) (G1 Evacuation Pause) 363M->58M(512M) 3.409ms
[2024-04-08T22:25:59.018+0800][1375.777s] GC(409) User=0.00s Sys=0.00s Real=0.00s
[2024-04-08T22:26:01.985+0800][1378.744s] GC(410) Pause Young (Normal) (G1 Evacuation Pause)
[2024-04-08T22:26:01.986+0800][1378.744s] GC(410) Using 13 workers of 13 for evacuation
[2024-04-08T22:26:01.989+0800][1378.747s] GC(410)   Pre Evacuate Collection Set: 0.3ms
[2024-04-08T22:26:01.989+0800][1378.747s] GC(410)   Merge Heap Roots: 0.2ms
[2024-04-08T22:26:01.989+0800][1378.747s] GC(410)   Evacuate Collection Set: 2.1ms
[2024-04-08T22:26:01.989+0800][1378.747s] GC(410)   Post Evacuate Collection Set: 0.8ms
[2024-04-08T22:26:01.989+0800][1378.748s] GC(410)   Other: 0.1ms
[2024-04-08T22:26:01.989+0800][1378.748s] GC(410) Eden regions: 305->0(305)
[2024-04-08T22:26:01.989+0800][1378.748s] GC(410) Survivor regions: 2->2(39)
[2024-04-08T22:26:01.989+0800][1378.748s] GC(410) Old regions: 54->54
[2024-04-08T22:26:01.989+0800][1378.748s] GC(410) Humongous regions: 4->4
[2024-04-08T22:26:01.989+0800][1378.748s] GC(410) Metaspace: 67642K(68480K)->67642K(68480K) NonClass: 60040K(60480K)->60040K(60480K) Class: 7601K(8000K)->7601K(8000K)
[2024-04-08T22:26:01.990+0800][1378.748s] GC(410) Pause Young (Normal) (G1 Evacuation Pause) 363M->58M(512M) 4.119ms
[2024-04-08T22:26:01.990+0800][1378.748s] GC(410) User=0.00s Sys=0.00s Real=0.01s
[2024-04-08T22:26:04.746+0800][1381.504s] GC(411) Pause Young (Normal) (G1 Evacuation Pause)
[2024-04-08T22:26:04.746+0800][1381.504s] GC(411) Using 13 workers of 13 for evacuation
[2024-04-08T22:26:04.749+0800][1381.507s] GC(411)   Pre Evacuate Collection Set: 0.1ms
[2024-04-08T22:26:04.749+0800][1381.507s] GC(411)   Merge Heap Roots: 0.1ms
[2024-04-08T22:26:04.749+0800][1381.507s] GC(411)   Evacuate Collection Set: 1.9ms
[2024-04-08T22:26:04.749+0800][1381.507s] GC(411)   Post Evacuate Collection Set: 0.6ms
[2024-04-08T22:26:04.749+0800][1381.507s] GC(411)   Other: 0.1ms
[2024-04-08T22:26:04.749+0800][1381.507s] GC(411) Eden regions: 305->0(305)
[2024-04-08T22:26:04.749+0800][1381.507s] GC(411) Survivor regions: 2->2(39)
[2024-04-08T22:26:04.749+0800][1381.507s] GC(411) Old regions: 54->54
[2024-04-08T22:26:04.749+0800][1381.507s] GC(411) Humongous regions: 4->4
[2024-04-08T22:26:04.749+0800][1381.507s] GC(411) Metaspace: 67642K(68480K)->67642K(68480K) NonClass: 60040K(60480K)->60040K(60480K) Class: 7601K(8000K)->7601K(8000K)
[2024-04-08T22:26:04.749+0800][1381.507s] GC(411) Pause Young (Normal) (G1 Evacuation Pause) 363M->58M(512M) 3.224ms
[2024-04-08T22:26:04.749+0800][1381.507s] GC(411) User=0.00s Sys=0.00s Real=0.00s
[2024-04-08T22:26:07.445+0800][1384.203s] GC(412) Pause Young (Normal) (G1 Evacuation Pause)
[2024-04-08T22:26:07.445+0800][1384.203s] GC(412) Using 13 workers of 13 for evacuation
[2024-04-08T22:26:07.448+0800][1384.206s] GC(412)   Pre Evacuate Collection Set: 0.2ms
[2024-04-08T22:26:07.448+0800][1384.206s] GC(412)   Merge Heap Roots: 0.1ms
[2024-04-08T22:26:07.448+0800][1384.206s] GC(412)   Evacuate Collection Set: 1.6ms
[2024-04-08T22:26:07.448+0800][1384.206s] GC(412)   Post Evacuate Collection Set: 0.6ms
[2024-04-08T22:26:07.448+0800][1384.206s] GC(412)   Other: 0.1ms
[2024-04-08T22:26:07.448+0800][1384.206s] GC(412) Eden regions: 305->0(305)
[2024-04-08T22:26:07.448+0800][1384.206s] GC(412) Survivor regions: 2->2(39)
[2024-04-08T22:26:07.448+0800][1384.206s] GC(412) Old regions: 54->54
[2024-04-08T22:26:07.448+0800][1384.206s] GC(412) Humongous regions: 4->4
[2024-04-08T22:26:07.448+0800][1384.206s] GC(412) Metaspace: 67642K(68480K)->67642K(68480K) NonClass: 60040K(60480K)->60040K(60480K) Class: 7601K(8000K)->7601K(8000K)
[2024-04-08T22:26:07.448+0800][1384.206s] GC(412) Pause Young (Normal) (G1 Evacuation Pause) 363M->59M(512M) 2.987ms
[2024-04-08T22:26:07.448+0800][1384.206s] GC(412) User=0.00s Sys=0.00s Real=0.00s
[2024-04-08T22:26:10.138+0800][1386.896s] GC(413) Pause Young (Normal) (G1 Evacuation Pause)
[2024-04-08T22:26:10.138+0800][1386.896s] GC(413) Using 13 workers of 13 for evacuation
[2024-04-08T22:26:10.142+0800][1386.900s] GC(413)   Pre Evacuate Collection Set: 0.1ms
[2024-04-08T22:26:10.142+0800][1386.901s] GC(413)   Merge Heap Roots: 0.1ms
[2024-04-08T22:26:10.142+0800][1386.901s] GC(413)   Evacuate Collection Set: 2.9ms
[2024-04-08T22:26:10.142+0800][1386.901s] GC(413)   Post Evacuate Collection Set: 0.9ms
[2024-04-08T22:26:10.142+0800][1386.901s] GC(413)   Other: 0.2ms
[2024-04-08T22:26:10.142+0800][1386.901s] GC(413) Eden regions: 305->0(305)
[2024-04-08T22:26:10.143+0800][1386.901s] GC(413) Survivor regions: 2->2(39)
[2024-04-08T22:26:10.143+0800][1386.901s] GC(413) Old regions: 54->54
[2024-04-08T22:26:10.143+0800][1386.901s] GC(413) Humongous regions: 4->4
[2024-04-08T22:26:10.143+0800][1386.901s] GC(413) Metaspace: 67642K(68480K)->67642K(68480K) NonClass: 60040K(60480K)->60040K(60480K) Class: 7601K(8000K)->7601K(8000K)
[2024-04-08T22:26:10.143+0800][1386.901s] GC(413) Pause Young (Normal) (G1 Evacuation Pause) 364M->59M(512M) 4.788ms
[2024-04-08T22:26:10.143+0800][1386.901s] GC(413) User=0.00s Sys=0.00s Real=0.00s
[2024-04-08T22:26:12.944+0800][1389.702s] GC(414) Pause Young (Normal) (G1 Evacuation Pause)
[2024-04-08T22:26:12.944+0800][1389.702s] GC(414) Using 13 workers of 13 for evacuation
[2024-04-08T22:26:12.949+0800][1389.707s] GC(414)   Pre Evacuate Collection Set: 0.4ms
[2024-04-08T22:26:12.949+0800][1389.707s] GC(414)   Merge Heap Roots: 0.2ms
[2024-04-08T22:26:12.949+0800][1389.707s] GC(414)   Evacuate Collection Set: 2.8ms
[2024-04-08T22:26:12.949+0800][1389.707s] GC(414)   Post Evacuate Collection Set: 1.1ms
[2024-04-08T22:26:12.949+0800][1389.707s] GC(414)   Other: 0.2ms
[2024-04-08T22:26:12.949+0800][1389.707s] GC(414) Eden regions: 305->0(305)
[2024-04-08T22:26:12.949+0800][1389.708s] GC(414) Survivor regions: 2->2(39)
[2024-04-08T22:26:12.949+0800][1389.708s] GC(414) Old regions: 54->54
[2024-04-08T22:26:12.949+0800][1389.708s] GC(414) Humongous regions: 4->4
[2024-04-08T22:26:12.949+0800][1389.708s] GC(414) Metaspace: 67642K(68480K)->67642K(68480K) NonClass: 60040K(60480K)->60040K(60480K) Class: 7601K(8000K)->7601K(8000K)
[2024-04-08T22:26:12.950+0800][1389.708s] GC(414) Pause Young (Normal) (G1 Evacuation Pause) 364M->58M(512M) 5.454ms
[2024-04-08T22:26:12.950+0800][1389.708s] GC(414) User=0.03s Sys=0.00s Real=0.01s
[2024-04-08T22:26:16.156+0800][1392.914s] GC(415) Pause Young (Normal) (G1 Evacuation Pause)
[2024-04-08T22:26:16.156+0800][1392.914s] GC(415) Using 13 workers of 13 for evacuation
[2024-04-08T22:26:16.160+0800][1392.918s] GC(415)   Pre Evacuate Collection Set: 0.3ms
[2024-04-08T22:26:16.160+0800][1392.918s] GC(415)   Merge Heap Roots: 0.1ms
[2024-04-08T22:26:16.160+0800][1392.918s] GC(415)   Evacuate Collection Set: 2.8ms
[2024-04-08T22:26:16.160+0800][1392.918s] GC(415)   Post Evacuate Collection Set: 0.8ms
[2024-04-08T22:26:16.160+0800][1392.918s] GC(415)   Other: 0.1ms
[2024-04-08T22:26:16.160+0800][1392.918s] GC(415) Eden regions: 305->0(305)
[2024-04-08T22:26:16.160+0800][1392.918s] GC(415) Survivor regions: 2->2(39)
[2024-04-08T22:26:16.160+0800][1392.918s] GC(415) Old regions: 54->54
[2024-04-08T22:26:16.160+0800][1392.918s] GC(415) Humongous regions: 4->4
[2024-04-08T22:26:16.160+0800][1392.918s] GC(415) Metaspace: 67642K(68480K)->67642K(68480K) NonClass: 60040K(60480K)->60040K(60480K) Class: 7601K(8000K)->7601K(8000K)
[2024-04-08T22:26:16.160+0800][1392.918s] GC(415) Pause Young (Normal) (G1 Evacuation Pause) 363M->59M(512M) 4.632ms
[2024-04-08T22:26:16.160+0800][1392.918s] GC(415) User=0.00s Sys=0.00s Real=0.00s
[2024-04-08T22:26:18.736+0800][1395.494s] GC(416) Pause Young (Normal) (G1 Evacuation Pause)
[2024-04-08T22:26:18.736+0800][1395.494s] GC(416) Using 13 workers of 13 for evacuation
[2024-04-08T22:26:18.739+0800][1395.498s] GC(416)   Pre Evacuate Collection Set: 0.2ms
[2024-04-08T22:26:18.739+0800][1395.498s] GC(416)   Merge Heap Roots: 0.2ms
[2024-04-08T22:26:18.740+0800][1395.498s] GC(416)   Evacuate Collection Set: 2.3ms
[2024-04-08T22:26:18.740+0800][1395.498s] GC(416)   Post Evacuate Collection Set: 0.8ms
[2024-04-08T22:26:18.740+0800][1395.498s] GC(416)   Other: 0.2ms
[2024-04-08T22:26:18.740+0800][1395.498s] GC(416) Eden regions: 305->0(305)
[2024-04-08T22:26:18.740+0800][1395.498s] GC(416) Survivor regions: 2->2(39)
[2024-04-08T22:26:18.740+0800][1395.498s] GC(416) Old regions: 54->54
[2024-04-08T22:26:18.740+0800][1395.498s] GC(416) Humongous regions: 4->4
[2024-04-08T22:26:18.740+0800][1395.498s] GC(416) Metaspace: 67642K(68480K)->67642K(68480K) NonClass: 60040K(60480K)->60040K(60480K) Class: 7601K(8000K)->7601K(8000K)
[2024-04-08T22:26:18.740+0800][1395.498s] GC(416) Pause Young (Normal) (G1 Evacuation Pause) 364M->58M(512M) 4.379ms
[2024-04-08T22:26:18.740+0800][1395.498s] GC(416) User=0.00s Sys=0.00s Real=0.00s
[2024-04-08T22:26:21.235+0800][1397.994s] GC(417) Pause Young (Normal) (G1 Evacuation Pause)
[2024-04-08T22:26:21.236+0800][1397.995s] GC(417) Using 13 workers of 13 for evacuation
[2024-04-08T22:26:21.241+0800][1398.000s] GC(417)   Pre Evacuate Collection Set: 0.3ms
[2024-04-08T22:26:21.241+0800][1398.000s] GC(417)   Merge Heap Roots: 0.2ms
[2024-04-08T22:26:21.241+0800][1398.000s] GC(417)   Evacuate Collection Set: 3.5ms
[2024-04-08T22:26:21.241+0800][1398.000s] GC(417)   Post Evacuate Collection Set: 0.9ms
[2024-04-08T22:26:21.241+0800][1398.000s] GC(417)   Other: 0.2ms
[2024-04-08T22:26:21.241+0800][1398.000s] GC(417) Eden regions: 305->0(305)
[2024-04-08T22:26:21.241+0800][1398.000s] GC(417) Survivor regions: 2->2(39)
[2024-04-08T22:26:21.241+0800][1398.000s] GC(417) Old regions: 54->54
[2024-04-08T22:26:21.241+0800][1398.000s] GC(417) Humongous regions: 4->4
[2024-04-08T22:26:21.241+0800][1398.000s] GC(417) Metaspace: 67642K(68480K)->67642K(68480K) NonClass: 60040K(60480K)->60040K(60480K) Class: 7601K(8000K)->7601K(8000K)
[2024-04-08T22:26:21.242+0800][1398.000s] GC(417) Pause Young (Normal) (G1 Evacuation Pause) 363M->59M(512M) 6.094ms
[2024-04-08T22:26:21.242+0800][1398.001s] GC(417) User=0.00s Sys=0.00s Real=0.01s
[2024-04-08T22:26:23.733+0800][1400.491s] GC(418) Pause Young (Normal) (G1 Evacuation Pause)
[2024-04-08T22:26:23.733+0800][1400.491s] GC(418) Using 13 workers of 13 for evacuation
[2024-04-08T22:26:23.737+0800][1400.496s] GC(418)   Pre Evacuate Collection Set: 0.2ms
[2024-04-08T22:26:23.737+0800][1400.496s] GC(418)   Merge Heap Roots: 0.2ms
[2024-04-08T22:26:23.737+0800][1400.496s] GC(418)   Evacuate Collection Set: 3.2ms
[2024-04-08T22:26:23.738+0800][1400.496s] GC(418)   Post Evacuate Collection Set: 0.8ms
[2024-04-08T22:26:23.738+0800][1400.496s] GC(418)   Other: 0.2ms
[2024-04-08T22:26:23.738+0800][1400.496s] GC(418) Eden regions: 305->0(305)
[2024-04-08T22:26:23.738+0800][1400.496s] GC(418) Survivor regions: 2->2(39)
[2024-04-08T22:26:23.738+0800][1400.496s] GC(418) Old regions: 54->54
[2024-04-08T22:26:23.738+0800][1400.496s] GC(418) Humongous regions: 4->4
[2024-04-08T22:26:23.738+0800][1400.496s] GC(418) Metaspace: 67642K(68480K)->67642K(68480K) NonClass: 60040K(60480K)->60040K(60480K) Class: 7601K(8000K)->7601K(8000K)
[2024-04-08T22:26:23.738+0800][1400.496s] GC(418) Pause Young (Normal) (G1 Evacuation Pause) 364M->58M(512M) 5.354ms
[2024-04-08T22:26:23.738+0800][1400.496s] GC(418) User=0.00s Sys=0.00s Real=0.01s
[2024-04-08T22:26:26.442+0800][1403.201s] GC(419) Pause Young (Normal) (G1 Evacuation Pause)
[2024-04-08T22:26:26.443+0800][1403.201s] GC(419) Using 13 workers of 13 for evacuation
[2024-04-08T22:26:26.447+0800][1403.206s] GC(419)   Pre Evacuate Collection Set: 0.4ms
[2024-04-08T22:26:26.447+0800][1403.206s] GC(419)   Merge Heap Roots: 0.3ms
[2024-04-08T22:26:26.447+0800][1403.206s] GC(419)   Evacuate Collection Set: 2.6ms
[2024-04-08T22:26:26.447+0800][1403.206s] GC(419)   Post Evacuate Collection Set: 1.0ms
[2024-04-08T22:26:26.447+0800][1403.206s] GC(419)   Other: 0.3ms
[2024-04-08T22:26:26.447+0800][1403.206s] GC(419) Eden regions: 305->0(305)
[2024-04-08T22:26:26.448+0800][1403.206s] GC(419) Survivor regions: 2->2(39)
[2024-04-08T22:26:26.448+0800][1403.206s] GC(419) Old regions: 54->54
[2024-04-08T22:26:26.448+0800][1403.206s] GC(419) Humongous regions: 4->4
[2024-04-08T22:26:26.448+0800][1403.206s] GC(419) Metaspace: 67642K(68480K)->67642K(68480K) NonClass: 60040K(60480K)->60040K(60480K) Class: 7601K(8000K)->7601K(8000K)
[2024-04-08T22:26:26.448+0800][1403.206s] GC(419) Pause Young (Normal) (G1 Evacuation Pause) 363M->59M(512M) 5.218ms
[2024-04-08T22:26:26.448+0800][1403.206s] GC(419) User=0.02s Sys=0.00s Real=0.01s
[2024-04-08T22:26:29.204+0800][1405.962s] GC(420) Pause Young (Normal) (G1 Evacuation Pause)
[2024-04-08T22:26:29.204+0800][1405.962s] GC(420) Using 13 workers of 13 for evacuation
[2024-04-08T22:26:29.209+0800][1405.967s] GC(420)   Pre Evacuate Collection Set: 0.2ms
[2024-04-08T22:26:29.209+0800][1405.967s] GC(420)   Merge Heap Roots: 0.1ms
[2024-04-08T22:26:29.209+0800][1405.967s] GC(420)   Evacuate Collection Set: 2.9ms
[2024-04-08T22:26:29.209+0800][1405.967s] GC(420)   Post Evacuate Collection Set: 1.3ms
[2024-04-08T22:26:29.209+0800][1405.968s] GC(420)   Other: 0.2ms
[2024-04-08T22:26:29.209+0800][1405.968s] GC(420) Eden regions: 305->0(305)
[2024-04-08T22:26:29.209+0800][1405.968s] GC(420) Survivor regions: 2->2(39)
[2024-04-08T22:26:29.209+0800][1405.968s] GC(420) Old regions: 54->54
[2024-04-08T22:26:29.209+0800][1405.968s] GC(420) Humongous regions: 4->4
[2024-04-08T22:26:29.209+0800][1405.968s] GC(420) Metaspace: 67642K(68480K)->67642K(68480K) NonClass: 60040K(60480K)->60040K(60480K) Class: 7601K(8000K)->7601K(8000K)
[2024-04-08T22:26:29.209+0800][1405.968s] GC(420) Pause Young (Normal) (G1 Evacuation Pause) 364M->59M(512M) 5.379ms
[2024-04-08T22:26:29.209+0800][1405.968s] GC(420) User=0.00s Sys=0.00s Real=0.01s
[2024-04-08T22:26:32.046+0800][1408.805s] GC(421) Pause Young (Normal) (G1 Evacuation Pause)
[2024-04-08T22:26:32.046+0800][1408.805s] GC(421) Using 13 workers of 13 for evacuation
[2024-04-08T22:26:32.051+0800][1408.809s] GC(421)   Pre Evacuate Collection Set: 0.3ms
[2024-04-08T22:26:32.051+0800][1408.809s] GC(421)   Merge Heap Roots: 0.2ms
[2024-04-08T22:26:32.051+0800][1408.809s] GC(421)   Evacuate Collection Set: 2.9ms
[2024-04-08T22:26:32.051+0800][1408.809s] GC(421)   Post Evacuate Collection Set: 0.9ms
[2024-04-08T22:26:32.051+0800][1408.809s] GC(421)   Other: 0.1ms
[2024-04-08T22:26:32.051+0800][1408.809s] GC(421) Eden regions: 305->0(305)
[2024-04-08T22:26:32.051+0800][1408.809s] GC(421) Survivor regions: 2->2(39)
[2024-04-08T22:26:32.051+0800][1408.809s] GC(421) Old regions: 54->54
[2024-04-08T22:26:32.051+0800][1408.809s] GC(421) Humongous regions: 4->4
[2024-04-08T22:26:32.051+0800][1408.809s] GC(421) Metaspace: 67642K(68480K)->67642K(68480K) NonClass: 60040K(60480K)->60040K(60480K) Class: 7601K(8000K)->7601K(8000K)
[2024-04-08T22:26:32.051+0800][1408.810s] GC(421) Pause Young (Normal) (G1 Evacuation Pause) 364M->59M(512M) 4.917ms
[2024-04-08T22:26:32.051+0800][1408.810s] GC(421) User=0.00s Sys=0.00s Real=0.01s
[2024-04-08T22:26:35.094+0800][1411.852s] GC(422) Pause Young (Normal) (G1 Evacuation Pause)
[2024-04-08T22:26:35.094+0800][1411.852s] GC(422) Using 13 workers of 13 for evacuation
[2024-04-08T22:26:35.098+0800][1411.856s] GC(422)   Pre Evacuate Collection Set: 0.2ms
[2024-04-08T22:26:35.098+0800][1411.856s] GC(422)   Merge Heap Roots: 0.1ms
[2024-04-08T22:26:35.098+0800][1411.856s] GC(422)   Evacuate Collection Set: 2.2ms
[2024-04-08T22:26:35.098+0800][1411.856s] GC(422)   Post Evacuate Collection Set: 1.2ms
[2024-04-08T22:26:35.098+0800][1411.856s] GC(422)   Other: 0.2ms
[2024-04-08T22:26:35.098+0800][1411.856s] GC(422) Eden regions: 305->0(305)
[2024-04-08T22:26:35.098+0800][1411.856s] GC(422) Survivor regions: 2->2(39)
[2024-04-08T22:26:35.098+0800][1411.856s] GC(422) Old regions: 54->54
[2024-04-08T22:26:35.098+0800][1411.856s] GC(422) Humongous regions: 4->4
[2024-04-08T22:26:35.098+0800][1411.856s] GC(422) Metaspace: 67642K(68480K)->67642K(68480K) NonClass: 60040K(60480K)->60040K(60480K) Class: 7601K(8000K)->7601K(8000K)
[2024-04-08T22:26:35.098+0800][1411.856s] GC(422) Pause Young (Normal) (G1 Evacuation Pause) 364M->59M(512M) 4.273ms
[2024-04-08T22:26:35.098+0800][1411.856s] GC(422) User=0.00s Sys=0.00s Real=0.00s
[2024-04-08T22:26:37.627+0800][1414.386s] GC(423) Pause Young (Normal) (G1 Evacuation Pause)
[2024-04-08T22:26:37.628+0800][1414.386s] GC(423) Using 13 workers of 13 for evacuation
[2024-04-08T22:26:37.633+0800][1414.391s] GC(423)   Pre Evacuate Collection Set: 0.4ms
[2024-04-08T22:26:37.633+0800][1414.392s] GC(423)   Merge Heap Roots: 0.2ms
[2024-04-08T22:26:37.633+0800][1414.392s] GC(423)   Evacuate Collection Set: 3.6ms
[2024-04-08T22:26:37.633+0800][1414.392s] GC(423)   Post Evacuate Collection Set: 1.1ms
[2024-04-08T22:26:37.633+0800][1414.392s] GC(423)   Other: 0.2ms
[2024-04-08T22:26:37.633+0800][1414.392s] GC(423) Eden regions: 305->0(305)
[2024-04-08T22:26:37.633+0800][1414.392s] GC(423) Survivor regions: 2->2(39)
[2024-04-08T22:26:37.634+0800][1414.392s] GC(423) Old regions: 54->54
[2024-04-08T22:26:37.634+0800][1414.392s] GC(423) Humongous regions: 4->4
[2024-04-08T22:26:37.634+0800][1414.392s] GC(423) Metaspace: 67642K(68480K)->67642K(68480K) NonClass: 60040K(60480K)->60040K(60480K) Class: 7601K(8000K)->7601K(8000K)
[2024-04-08T22:26:37.634+0800][1414.392s] GC(423) Pause Young (Normal) (G1 Evacuation Pause) 364M->59M(512M) 6.297ms
[2024-04-08T22:26:37.634+0800][1414.392s] GC(423) User=0.00s Sys=0.00s Real=0.01s
[2024-04-08T22:26:40.140+0800][1416.899s] GC(424) Pause Young (Normal) (G1 Evacuation Pause)
[2024-04-08T22:26:40.140+0800][1416.899s] GC(424) Using 13 workers of 13 for evacuation
[2024-04-08T22:26:40.146+0800][1416.905s] GC(424)   Pre Evacuate Collection Set: 0.3ms
[2024-04-08T22:26:40.146+0800][1416.905s] GC(424)   Merge Heap Roots: 0.2ms
[2024-04-08T22:26:40.146+0800][1416.905s] GC(424)   Evacuate Collection Set: 4.2ms
[2024-04-08T22:26:40.147+0800][1416.905s] GC(424)   Post Evacuate Collection Set: 1.3ms
[2024-04-08T22:26:40.147+0800][1416.905s] GC(424)   Other: 0.3ms
[2024-04-08T22:26:40.147+0800][1416.905s] GC(424) Eden regions: 305->0(305)
[2024-04-08T22:26:40.147+0800][1416.905s] GC(424) Survivor regions: 2->2(39)
[2024-04-08T22:26:40.147+0800][1416.905s] GC(424) Old regions: 54->54
[2024-04-08T22:26:40.147+0800][1416.905s] GC(424) Humongous regions: 4->4
[2024-04-08T22:26:40.147+0800][1416.905s] GC(424) Metaspace: 67642K(68480K)->67642K(68480K) NonClass: 60040K(60480K)->60040K(60480K) Class: 7601K(8000K)->7601K(8000K)
[2024-04-08T22:26:40.147+0800][1416.905s] GC(424) Pause Young (Normal) (G1 Evacuation Pause) 364M->58M(512M) 6.961ms
[2024-04-08T22:26:40.147+0800][1416.906s] GC(424) User=0.00s Sys=0.00s Real=0.01s
[2024-04-08T22:26:42.993+0800][1419.752s] GC(425) Pause Young (Normal) (G1 Evacuation Pause)
[2024-04-08T22:26:42.993+0800][1419.752s] GC(425) Using 13 workers of 13 for evacuation
[2024-04-08T22:26:42.997+0800][1419.756s] GC(425)   Pre Evacuate Collection Set: 0.3ms
[2024-04-08T22:26:42.997+0800][1419.756s] GC(425)   Merge Heap Roots: 0.2ms
[2024-04-08T22:26:42.997+0800][1419.756s] GC(425)   Evacuate Collection Set: 2.3ms
[2024-04-08T22:26:42.997+0800][1419.756s] GC(425)   Post Evacuate Collection Set: 1.0ms
[2024-04-08T22:26:42.997+0800][1419.756s] GC(425)   Other: 0.1ms
[2024-04-08T22:26:42.997+0800][1419.756s] GC(425) Eden regions: 305->0(305)
[2024-04-08T22:26:42.997+0800][1419.756s] GC(425) Survivor regions: 2->2(39)
[2024-04-08T22:26:42.997+0800][1419.756s] GC(425) Old regions: 54->54
[2024-04-08T22:26:42.997+0800][1419.756s] GC(425) Humongous regions: 4->4
[2024-04-08T22:26:42.997+0800][1419.756s] GC(425) Metaspace: 67642K(68480K)->67642K(68480K) NonClass: 60040K(60480K)->60040K(60480K) Class: 7601K(8000K)->7601K(8000K)
[2024-04-08T22:26:42.997+0800][1419.756s] GC(425) Pause Young (Normal) (G1 Evacuation Pause) 363M->59M(512M) 4.281ms
[2024-04-08T22:26:42.997+0800][1419.756s] GC(425) User=0.20s Sys=0.00s Real=0.00s
[2024-04-08T22:26:45.972+0800][1422.730s] GC(426) Pause Young (Normal) (G1 Evacuation Pause)
[2024-04-08T22:26:45.972+0800][1422.731s] GC(426) Using 13 workers of 13 for evacuation
[2024-04-08T22:26:45.975+0800][1422.733s] GC(426)   Pre Evacuate Collection Set: 0.2ms
[2024-04-08T22:26:45.975+0800][1422.733s] GC(426)   Merge Heap Roots: 0.2ms
[2024-04-08T22:26:45.975+0800][1422.733s] GC(426)   Evacuate Collection Set: 1.6ms
[2024-04-08T22:26:45.975+0800][1422.734s] GC(426)   Post Evacuate Collection Set: 0.8ms
[2024-04-08T22:26:45.975+0800][1422.734s] GC(426)   Other: 0.1ms
[2024-04-08T22:26:45.975+0800][1422.734s] GC(426) Eden regions: 305->0(305)
[2024-04-08T22:26:45.975+0800][1422.734s] GC(426) Survivor regions: 2->2(39)
[2024-04-08T22:26:45.975+0800][1422.734s] GC(426) Old regions: 54->54
[2024-04-08T22:26:45.975+0800][1422.734s] GC(426) Humongous regions: 4->4
[2024-04-08T22:26:45.975+0800][1422.734s] GC(426) Metaspace: 67642K(68480K)->67642K(68480K) NonClass: 60040K(60480K)->60040K(60480K) Class: 7601K(8000K)->7601K(8000K)
[2024-04-08T22:26:45.975+0800][1422.734s] GC(426) Pause Young (Normal) (G1 Evacuation Pause) 364M->59M(512M) 3.251ms
[2024-04-08T22:26:45.975+0800][1422.734s] GC(426) User=0.00s Sys=0.00s Real=0.00s
[2024-04-08T22:26:49.311+0800][1426.070s] GC(427) Pause Young (Normal) (G1 Evacuation Pause)
[2024-04-08T22:26:49.311+0800][1426.070s] GC(427) Using 13 workers of 13 for evacuation
[2024-04-08T22:26:49.314+0800][1426.073s] GC(427)   Pre Evacuate Collection Set: 0.2ms
[2024-04-08T22:26:49.314+0800][1426.073s] GC(427)   Merge Heap Roots: 0.1ms
[2024-04-08T22:26:49.314+0800][1426.073s] GC(427)   Evacuate Collection Set: 2.1ms
[2024-04-08T22:26:49.314+0800][1426.073s] GC(427)   Post Evacuate Collection Set: 0.6ms
[2024-04-08T22:26:49.314+0800][1426.073s] GC(427)   Other: 0.1ms
[2024-04-08T22:26:49.315+0800][1426.073s] GC(427) Eden regions: 305->0(305)
[2024-04-08T22:26:49.315+0800][1426.073s] GC(427) Survivor regions: 2->2(39)
[2024-04-08T22:26:49.315+0800][1426.073s] GC(427) Old regions: 54->54
[2024-04-08T22:26:49.315+0800][1426.073s] GC(427) Humongous regions: 4->4
[2024-04-08T22:26:49.315+0800][1426.073s] GC(427) Metaspace: 67642K(68480K)->67642K(68480K) NonClass: 60040K(60480K)->60040K(60480K) Class: 7601K(8000K)->7601K(8000K)
[2024-04-08T22:26:49.315+0800][1426.073s] GC(427) Pause Young (Normal) (G1 Evacuation Pause) 364M->59M(512M) 3.641ms
[2024-04-08T22:26:49.315+0800][1426.073s] GC(427) User=0.00s Sys=0.00s Real=0.00s
[2024-04-08T22:26:51.852+0800][1428.610s] GC(428) Pause Young (Normal) (G1 Evacuation Pause)
[2024-04-08T22:26:51.852+0800][1428.610s] GC(428) Using 13 workers of 13 for evacuation
[2024-04-08T22:26:51.855+0800][1428.613s] GC(428)   Pre Evacuate Collection Set: 0.1ms
[2024-04-08T22:26:51.855+0800][1428.613s] GC(428)   Merge Heap Roots: 0.2ms
[2024-04-08T22:26:51.855+0800][1428.613s] GC(428)   Evacuate Collection Set: 1.7ms
[2024-04-08T22:26:51.855+0800][1428.613s] GC(428)   Post Evacuate Collection Set: 0.9ms
[2024-04-08T22:26:51.855+0800][1428.613s] GC(428)   Other: 0.1ms
[2024-04-08T22:26:51.855+0800][1428.613s] GC(428) Eden regions: 305->0(305)
[2024-04-08T22:26:51.855+0800][1428.614s] GC(428) Survivor regions: 2->2(39)
[2024-04-08T22:26:51.855+0800][1428.614s] GC(428) Old regions: 54->54
[2024-04-08T22:26:51.855+0800][1428.614s] GC(428) Humongous regions: 4->4
[2024-04-08T22:26:51.855+0800][1428.614s] GC(428) Metaspace: 67642K(68480K)->67642K(68480K) NonClass: 60040K(60480K)->60040K(60480K) Class: 7601K(8000K)->7601K(8000K)
[2024-04-08T22:26:51.855+0800][1428.614s] GC(428) Pause Young (Normal) (G1 Evacuation Pause) 364M->59M(512M) 3.421ms
[2024-04-08T22:26:51.855+0800][1428.614s] GC(428) User=0.05s Sys=0.00s Real=0.00s
[2024-04-08T22:26:54.560+0800][1431.318s] GC(429) Pause Young (Normal) (G1 Evacuation Pause)
[2024-04-08T22:26:54.560+0800][1431.318s] GC(429) Using 13 workers of 13 for evacuation
[2024-04-08T22:26:54.566+0800][1431.324s] GC(429)   Pre Evacuate Collection Set: 0.3ms
[2024-04-08T22:26:54.566+0800][1431.324s] GC(429)   Merge Heap Roots: 0.2ms
[2024-04-08T22:26:54.566+0800][1431.324s] GC(429)   Evacuate Collection Set: 3.9ms
[2024-04-08T22:26:54.566+0800][1431.324s] GC(429)   Post Evacuate Collection Set: 1.0ms
[2024-04-08T22:26:54.566+0800][1431.324s] GC(429)   Other: 0.2ms
[2024-04-08T22:26:54.566+0800][1431.324s] GC(429) Eden regions: 305->0(305)
[2024-04-08T22:26:54.566+0800][1431.324s] GC(429) Survivor regions: 2->2(39)
[2024-04-08T22:26:54.566+0800][1431.324s] GC(429) Old regions: 54->54
[2024-04-08T22:26:54.566+0800][1431.324s] GC(429) Humongous regions: 4->4
[2024-04-08T22:26:54.566+0800][1431.324s] GC(429) Metaspace: 67642K(68480K)->67642K(68480K) NonClass: 60040K(60480K)->60040K(60480K) Class: 7601K(8000K)->7601K(8000K)
[2024-04-08T22:26:54.566+0800][1431.324s] GC(429) Pause Young (Normal) (G1 Evacuation Pause) 364M->59M(512M) 6.448ms
[2024-04-08T22:26:54.566+0800][1431.325s] GC(429) User=0.00s Sys=0.00s Real=0.01s
[2024-04-08T22:26:57.108+0800][1433.866s] GC(430) Pause Young (Normal) (G1 Evacuation Pause)
[2024-04-08T22:26:57.108+0800][1433.866s] GC(430) Using 13 workers of 13 for evacuation
[2024-04-08T22:26:57.112+0800][1433.871s] GC(430)   Pre Evacuate Collection Set: 0.3ms
[2024-04-08T22:26:57.112+0800][1433.871s] GC(430)   Merge Heap Roots: 0.3ms
[2024-04-08T22:26:57.112+0800][1433.871s] GC(430)   Evacuate Collection Set: 2.7ms
[2024-04-08T22:26:57.112+0800][1433.871s] GC(430)   Post Evacuate Collection Set: 1.1ms
[2024-04-08T22:26:57.113+0800][1433.871s] GC(430)   Other: 0.2ms
[2024-04-08T22:26:57.113+0800][1433.871s] GC(430) Eden regions: 305->0(305)
[2024-04-08T22:26:57.113+0800][1433.871s] GC(430) Survivor regions: 2->2(39)
[2024-04-08T22:26:57.113+0800][1433.871s] GC(430) Old regions: 54->54
[2024-04-08T22:26:57.113+0800][1433.871s] GC(430) Humongous regions: 4->4
[2024-04-08T22:26:57.113+0800][1433.871s] GC(430) Metaspace: 67642K(68480K)->67642K(68480K) NonClass: 60040K(60480K)->60040K(60480K) Class: 7601K(8000K)->7601K(8000K)
[2024-04-08T22:26:57.113+0800][1433.871s] GC(430) Pause Young (Normal) (G1 Evacuation Pause) 364M->59M(512M) 5.264ms
[2024-04-08T22:26:57.113+0800][1433.871s] GC(430) User=0.00s Sys=0.00s Real=0.00s
[2024-04-08T22:26:59.650+0800][1436.408s] GC(431) Pause Young (Normal) (G1 Evacuation Pause)
[2024-04-08T22:26:59.650+0800][1436.409s] GC(431) Using 13 workers of 13 for evacuation
[2024-04-08T22:26:59.654+0800][1436.412s] GC(431)   Pre Evacuate Collection Set: 0.2ms
[2024-04-08T22:26:59.654+0800][1436.412s] GC(431)   Merge Heap Roots: 0.2ms
[2024-04-08T22:26:59.654+0800][1436.412s] GC(431)   Evacuate Collection Set: 2.1ms
[2024-04-08T22:26:59.654+0800][1436.412s] GC(431)   Post Evacuate Collection Set: 0.7ms
[2024-04-08T22:26:59.654+0800][1436.412s] GC(431)   Other: 0.1ms
[2024-04-08T22:26:59.654+0800][1436.412s] GC(431) Eden regions: 305->0(304)
[2024-04-08T22:26:59.654+0800][1436.412s] GC(431) Survivor regions: 2->3(39)
[2024-04-08T22:26:59.654+0800][1436.412s] GC(431) Old regions: 54->54
[2024-04-08T22:26:59.654+0800][1436.412s] GC(431) Humongous regions: 4->4
[2024-04-08T22:26:59.654+0800][1436.412s] GC(431) Metaspace: 67642K(68480K)->67642K(68480K) NonClass: 60040K(60480K)->60040K(60480K) Class: 7601K(8000K)->7601K(8000K)
[2024-04-08T22:26:59.654+0800][1436.412s] GC(431) Pause Young (Normal) (G1 Evacuation Pause) 364M->59M(512M) 3.851ms
[2024-04-08T22:26:59.654+0800][1436.412s] GC(431) User=0.06s Sys=0.00s Real=0.00s
[2024-04-08T22:27:02.507+0800][1439.265s] GC(432) Pause Young (Normal) (G1 Evacuation Pause)
[2024-04-08T22:27:02.507+0800][1439.265s] GC(432) Using 13 workers of 13 for evacuation
[2024-04-08T22:27:02.511+0800][1439.269s] GC(432)   Pre Evacuate Collection Set: 0.3ms
[2024-04-08T22:27:02.511+0800][1439.269s] GC(432)   Merge Heap Roots: 0.2ms
[2024-04-08T22:27:02.511+0800][1439.269s] GC(432)   Evacuate Collection Set: 2.0ms
[2024-04-08T22:27:02.511+0800][1439.269s] GC(432)   Post Evacuate Collection Set: 1.2ms
[2024-04-08T22:27:02.511+0800][1439.269s] GC(432)   Other: 0.2ms
[2024-04-08T22:27:02.511+0800][1439.269s] GC(432) Eden regions: 304->0(305)
[2024-04-08T22:27:02.511+0800][1439.269s] GC(432) Survivor regions: 3->2(39)
[2024-04-08T22:27:02.511+0800][1439.269s] GC(432) Old regions: 54->54
[2024-04-08T22:27:02.511+0800][1439.269s] GC(432) Humongous regions: 4->4
[2024-04-08T22:27:02.511+0800][1439.269s] GC(432) Metaspace: 67642K(68480K)->67642K(68480K) NonClass: 60040K(60480K)->60040K(60480K) Class: 7601K(8000K)->7601K(8000K)
[2024-04-08T22:27:02.511+0800][1439.269s] GC(432) Pause Young (Normal) (G1 Evacuation Pause) 363M->59M(512M) 4.547ms
[2024-04-08T22:27:02.511+0800][1439.269s] GC(432) User=0.02s Sys=0.00s Real=0.00s
[2024-04-08T22:27:05.228+0800][1441.986s] GC(433) Pause Young (Normal) (G1 Evacuation Pause)
[2024-04-08T22:27:05.228+0800][1441.986s] GC(433) Using 13 workers of 13 for evacuation
[2024-04-08T22:27:05.232+0800][1441.990s] GC(433)   Pre Evacuate Collection Set: 0.2ms
[2024-04-08T22:27:05.232+0800][1441.990s] GC(433)   Merge Heap Roots: 0.1ms
[2024-04-08T22:27:05.232+0800][1441.991s] GC(433)   Evacuate Collection Set: 2.9ms
[2024-04-08T22:27:05.232+0800][1441.991s] GC(433)   Post Evacuate Collection Set: 1.2ms
[2024-04-08T22:27:05.232+0800][1441.991s] GC(433)   Other: 0.1ms
[2024-04-08T22:27:05.232+0800][1441.991s] GC(433) Eden regions: 305->0(305)
[2024-04-08T22:27:05.232+0800][1441.991s] GC(433) Survivor regions: 2->2(39)
[2024-04-08T22:27:05.232+0800][1441.991s] GC(433) Old regions: 54->54
[2024-04-08T22:27:05.232+0800][1441.991s] GC(433) Humongous regions: 4->4
[2024-04-08T22:27:05.233+0800][1441.991s] GC(433) Metaspace: 67643K(68480K)->67643K(68480K) NonClass: 60041K(60480K)->60041K(60480K) Class: 7601K(8000K)->7601K(8000K)
[2024-04-08T22:27:05.233+0800][1441.991s] GC(433) Pause Young (Normal) (G1 Evacuation Pause) 364M->59M(512M) 5.007ms
[2024-04-08T22:27:05.233+0800][1441.991s] GC(433) User=0.17s Sys=0.00s Real=0.01s
[2024-04-08T22:27:07.831+0800][1444.589s] GC(434) Pause Young (Normal) (G1 Evacuation Pause)
[2024-04-08T22:27:07.831+0800][1444.589s] GC(434) Using 13 workers of 13 for evacuation
[2024-04-08T22:27:07.833+0800][1444.591s] GC(434)   Pre Evacuate Collection Set: 0.1ms
[2024-04-08T22:27:07.833+0800][1444.592s] GC(434)   Merge Heap Roots: 0.1ms
[2024-04-08T22:27:07.833+0800][1444.592s] GC(434)   Evacuate Collection Set: 1.5ms
[2024-04-08T22:27:07.833+0800][1444.592s] GC(434)   Post Evacuate Collection Set: 0.4ms
[2024-04-08T22:27:07.833+0800][1444.592s] GC(434)   Other: 0.1ms
[2024-04-08T22:27:07.833+0800][1444.592s] GC(434) Eden regions: 305->0(305)
[2024-04-08T22:27:07.833+0800][1444.592s] GC(434) Survivor regions: 2->2(39)
[2024-04-08T22:27:07.833+0800][1444.592s] GC(434) Old regions: 54->54
[2024-04-08T22:27:07.833+0800][1444.592s] GC(434) Humongous regions: 4->4
[2024-04-08T22:27:07.833+0800][1444.592s] GC(434) Metaspace: 67643K(68480K)->67643K(68480K) NonClass: 60041K(60480K)->60041K(60480K) Class: 7601K(8000K)->7601K(8000K)
[2024-04-08T22:27:07.834+0800][1444.592s] GC(434) Pause Young (Normal) (G1 Evacuation Pause) 364M->59M(512M) 2.551ms
[2024-04-08T22:27:07.834+0800][1444.592s] GC(434) User=0.00s Sys=0.00s Real=0.00s
[2024-04-08T22:27:10.772+0800][1447.531s] GC(435) Pause Young (Normal) (G1 Evacuation Pause)
[2024-04-08T22:27:10.772+0800][1447.531s] GC(435) Using 13 workers of 13 for evacuation
[2024-04-08T22:27:10.775+0800][1447.534s] GC(435)   Pre Evacuate Collection Set: 0.2ms
[2024-04-08T22:27:10.775+0800][1447.534s] GC(435)   Merge Heap Roots: 0.1ms
[2024-04-08T22:27:10.775+0800][1447.534s] GC(435)   Evacuate Collection Set: 1.7ms
[2024-04-08T22:27:10.775+0800][1447.534s] GC(435)   Post Evacuate Collection Set: 0.6ms
[2024-04-08T22:27:10.775+0800][1447.534s] GC(435)   Other: 0.1ms
[2024-04-08T22:27:10.775+0800][1447.534s] GC(435) Eden regions: 305->0(305)
[2024-04-08T22:27:10.775+0800][1447.534s] GC(435) Survivor regions: 2->2(39)
[2024-04-08T22:27:10.775+0800][1447.534s] GC(435) Old regions: 54->54
[2024-04-08T22:27:10.775+0800][1447.534s] GC(435) Humongous regions: 4->4
[2024-04-08T22:27:10.775+0800][1447.534s] GC(435) Metaspace: 67643K(68480K)->67643K(68480K) NonClass: 60041K(60480K)->60041K(60480K) Class: 7601K(8000K)->7601K(8000K)
[2024-04-08T22:27:10.775+0800][1447.534s] GC(435) Pause Young (Normal) (G1 Evacuation Pause) 364M->59M(512M) 3.067ms
[2024-04-08T22:27:10.775+0800][1447.534s] GC(435) User=0.20s Sys=0.00s Real=0.00s
[2024-04-08T22:27:13.464+0800][1450.222s] GC(436) Pause Young (Normal) (G1 Evacuation Pause)
[2024-04-08T22:27:13.464+0800][1450.222s] GC(436) Using 13 workers of 13 for evacuation
[2024-04-08T22:27:13.470+0800][1450.228s] GC(436)   Pre Evacuate Collection Set: 0.4ms
[2024-04-08T22:27:13.470+0800][1450.228s] GC(436)   Merge Heap Roots: 0.3ms
[2024-04-08T22:27:13.470+0800][1450.228s] GC(436)   Evacuate Collection Set: 3.9ms
[2024-04-08T22:27:13.470+0800][1450.228s] GC(436)   Post Evacuate Collection Set: 1.0ms
[2024-04-08T22:27:13.470+0800][1450.228s] GC(436)   Other: 0.2ms
[2024-04-08T22:27:13.470+0800][1450.228s] GC(436) Eden regions: 305->0(305)
[2024-04-08T22:27:13.470+0800][1450.228s] GC(436) Survivor regions: 2->2(39)
[2024-04-08T22:27:13.470+0800][1450.228s] GC(436) Old regions: 54->54
[2024-04-08T22:27:13.470+0800][1450.229s] GC(436) Humongous regions: 4->4
[2024-04-08T22:27:13.470+0800][1450.229s] GC(436) Metaspace: 67643K(68480K)->67643K(68480K) NonClass: 60041K(60480K)->60041K(60480K) Class: 7601K(8000K)->7601K(8000K)
[2024-04-08T22:27:13.470+0800][1450.229s] GC(436) Pause Young (Normal) (G1 Evacuation Pause) 364M->59M(512M) 6.563ms
[2024-04-08T22:27:13.470+0800][1450.229s] GC(436) User=0.00s Sys=0.00s Real=0.01s
[2024-04-08T22:27:16.540+0800][1453.298s] GC(437) Pause Young (Normal) (G1 Evacuation Pause)
[2024-04-08T22:27:16.540+0800][1453.298s] GC(437) Using 13 workers of 13 for evacuation
[2024-04-08T22:27:16.543+0800][1453.301s] GC(437)   Pre Evacuate Collection Set: 0.3ms
[2024-04-08T22:27:16.543+0800][1453.301s] GC(437)   Merge Heap Roots: 0.2ms
[2024-04-08T22:27:16.543+0800][1453.301s] GC(437)   Evacuate Collection Set: 1.9ms
[2024-04-08T22:27:16.543+0800][1453.301s] GC(437)   Post Evacuate Collection Set: 0.6ms
[2024-04-08T22:27:16.543+0800][1453.302s] GC(437)   Other: 0.2ms
[2024-04-08T22:27:16.543+0800][1453.302s] GC(437) Eden regions: 305->0(305)
[2024-04-08T22:27:16.543+0800][1453.302s] GC(437) Survivor regions: 2->2(39)
[2024-04-08T22:27:16.543+0800][1453.302s] GC(437) Old regions: 54->54
[2024-04-08T22:27:16.543+0800][1453.302s] GC(437) Humongous regions: 4->4
[2024-04-08T22:27:16.543+0800][1453.302s] GC(437) Metaspace: 67643K(68480K)->67643K(68480K) NonClass: 60041K(60480K)->60041K(60480K) Class: 7601K(8000K)->7601K(8000K)
[2024-04-08T22:27:16.543+0800][1453.302s] GC(437) Pause Young (Normal) (G1 Evacuation Pause) 364M->59M(512M) 3.629ms
[2024-04-08T22:27:16.543+0800][1453.302s] GC(437) User=0.03s Sys=0.03s Real=0.00s
[2024-04-08T22:27:19.536+0800][1456.295s] GC(438) Pause Young (Normal) (G1 Evacuation Pause)
[2024-04-08T22:27:19.536+0800][1456.295s] GC(438) Using 13 workers of 13 for evacuation
[2024-04-08T22:27:19.539+0800][1456.298s] GC(438)   Pre Evacuate Collection Set: 0.1ms
[2024-04-08T22:27:19.539+0800][1456.298s] GC(438)   Merge Heap Roots: 0.1ms
[2024-04-08T22:27:19.539+0800][1456.298s] GC(438)   Evacuate Collection Set: 2.0ms
[2024-04-08T22:27:19.539+0800][1456.298s] GC(438)   Post Evacuate Collection Set: 0.6ms
[2024-04-08T22:27:19.539+0800][1456.298s] GC(438)   Other: 0.1ms
[2024-04-08T22:27:19.539+0800][1456.298s] GC(438) Eden regions: 305->0(305)
[2024-04-08T22:27:19.539+0800][1456.298s] GC(438) Survivor regions: 2->2(39)
[2024-04-08T22:27:19.539+0800][1456.298s] GC(438) Old regions: 54->55
[2024-04-08T22:27:19.539+0800][1456.298s] GC(438) Humongous regions: 4->4
[2024-04-08T22:27:19.539+0800][1456.298s] GC(438) Metaspace: 67643K(68480K)->67643K(68480K) NonClass: 60041K(60480K)->60041K(60480K) Class: 7601K(8000K)->7601K(8000K)
[2024-04-08T22:27:19.539+0800][1456.298s] GC(438) Pause Young (Normal) (G1 Evacuation Pause) 364M->59M(512M) 3.345ms
[2024-04-08T22:27:19.540+0800][1456.298s] GC(438) User=0.00s Sys=0.00s Real=0.00s
[2024-04-08T22:27:22.341+0800][1459.100s] GC(439) Pause Young (Normal) (G1 Evacuation Pause)
[2024-04-08T22:27:22.341+0800][1459.100s] GC(439) Using 13 workers of 13 for evacuation
[2024-04-08T22:27:22.344+0800][1459.103s] GC(439)   Pre Evacuate Collection Set: 0.2ms
[2024-04-08T22:27:22.344+0800][1459.103s] GC(439)   Merge Heap Roots: 0.1ms
[2024-04-08T22:27:22.344+0800][1459.103s] GC(439)   Evacuate Collection Set: 1.7ms
[2024-04-08T22:27:22.344+0800][1459.103s] GC(439)   Post Evacuate Collection Set: 0.7ms
[2024-04-08T22:27:22.344+0800][1459.103s] GC(439)   Other: 0.1ms
[2024-04-08T22:27:22.344+0800][1459.103s] GC(439) Eden regions: 305->0(305)
[2024-04-08T22:27:22.344+0800][1459.103s] GC(439) Survivor regions: 2->2(39)
[2024-04-08T22:27:22.344+0800][1459.103s] GC(439) Old regions: 55->55
[2024-04-08T22:27:22.345+0800][1459.103s] GC(439) Humongous regions: 4->4
[2024-04-08T22:27:22.345+0800][1459.103s] GC(439) Metaspace: 67643K(68480K)->67643K(68480K) NonClass: 60041K(60480K)->60041K(60480K) Class: 7601K(8000K)->7601K(8000K)
[2024-04-08T22:27:22.345+0800][1459.103s] GC(439) Pause Young (Normal) (G1 Evacuation Pause) 364M->59M(512M) 3.347ms
[2024-04-08T22:27:22.345+0800][1459.103s] GC(439) User=0.00s Sys=0.00s Real=0.00s
[2024-04-08T22:27:24.926+0800][1461.685s] GC(440) Pause Young (Normal) (G1 Evacuation Pause)
[2024-04-08T22:27:24.926+0800][1461.685s] GC(440) Using 13 workers of 13 for evacuation
[2024-04-08T22:27:24.932+0800][1461.691s] GC(440)   Pre Evacuate Collection Set: 0.3ms
[2024-04-08T22:27:24.933+0800][1461.691s] GC(440)   Merge Heap Roots: 0.2ms
[2024-04-08T22:27:24.933+0800][1461.691s] GC(440)   Evacuate Collection Set: 4.2ms
[2024-04-08T22:27:24.933+0800][1461.691s] GC(440)   Post Evacuate Collection Set: 1.1ms
[2024-04-08T22:27:24.933+0800][1461.691s] GC(440)   Other: 0.3ms
[2024-04-08T22:27:24.933+0800][1461.691s] GC(440) Eden regions: 305->0(305)
[2024-04-08T22:27:24.933+0800][1461.691s] GC(440) Survivor regions: 2->2(39)
[2024-04-08T22:27:24.933+0800][1461.692s] GC(440) Old regions: 55->55
[2024-04-08T22:27:24.933+0800][1461.692s] GC(440) Humongous regions: 4->4
[2024-04-08T22:27:24.933+0800][1461.692s] GC(440) Metaspace: 67643K(68480K)->67643K(68480K) NonClass: 60041K(60480K)->60041K(60480K) Class: 7601K(8000K)->7601K(8000K)
[2024-04-08T22:27:24.933+0800][1461.692s] GC(440) Pause Young (Normal) (G1 Evacuation Pause) 364M->59M(512M) 7.216ms
[2024-04-08T22:27:24.933+0800][1461.692s] GC(440) User=0.09s Sys=0.03s Real=0.01s
[2024-04-08T22:27:27.828+0800][1464.586s] GC(441) Pause Young (Normal) (G1 Evacuation Pause)
[2024-04-08T22:27:27.828+0800][1464.586s] GC(441) Using 13 workers of 13 for evacuation
[2024-04-08T22:27:27.832+0800][1464.590s] GC(441)   Pre Evacuate Collection Set: 0.2ms
[2024-04-08T22:27:27.832+0800][1464.590s] GC(441)   Merge Heap Roots: 0.1ms
[2024-04-08T22:27:27.832+0800][1464.590s] GC(441)   Evacuate Collection Set: 2.7ms
[2024-04-08T22:27:27.832+0800][1464.590s] GC(441)   Post Evacuate Collection Set: 0.8ms
[2024-04-08T22:27:27.832+0800][1464.590s] GC(441)   Other: 0.1ms
[2024-04-08T22:27:27.832+0800][1464.590s] GC(441) Eden regions: 305->0(305)
[2024-04-08T22:27:27.832+0800][1464.590s] GC(441) Survivor regions: 2->2(39)
[2024-04-08T22:27:27.832+0800][1464.590s] GC(441) Old regions: 55->55
[2024-04-08T22:27:27.832+0800][1464.590s] GC(441) Humongous regions: 4->4
[2024-04-08T22:27:27.832+0800][1464.591s] GC(441) Metaspace: 67643K(68480K)->67643K(68480K) NonClass: 60041K(60480K)->60041K(60480K) Class: 7601K(8000K)->7601K(8000K)
[2024-04-08T22:27:27.832+0800][1464.591s] GC(441) Pause Young (Normal) (G1 Evacuation Pause) 364M->59M(512M) 4.389ms
[2024-04-08T22:27:27.832+0800][1464.591s] GC(441) User=0.00s Sys=0.00s Real=0.00s
[2024-04-08T22:27:30.669+0800][1467.428s] GC(442) Pause Young (Normal) (G1 Evacuation Pause)
[2024-04-08T22:27:30.669+0800][1467.429s] GC(442) Using 13 workers of 13 for evacuation
[2024-04-08T22:27:30.673+0800][1467.432s] GC(442)   Pre Evacuate Collection Set: 0.2ms
[2024-04-08T22:27:30.673+0800][1467.432s] GC(442)   Merge Heap Roots: 0.1ms
[2024-04-08T22:27:30.673+0800][1467.432s] GC(442)   Evacuate Collection Set: 1.7ms
[2024-04-08T22:27:30.673+0800][1467.432s] GC(442)   Post Evacuate Collection Set: 0.8ms
[2024-04-08T22:27:30.673+0800][1467.432s] GC(442)   Other: 0.2ms
[2024-04-08T22:27:30.673+0800][1467.432s] GC(442) Eden regions: 305->0(305)
[2024-04-08T22:27:30.673+0800][1467.432s] GC(442) Survivor regions: 2->2(39)
[2024-04-08T22:27:30.673+0800][1467.432s] GC(442) Old regions: 55->55
[2024-04-08T22:27:30.673+0800][1467.432s] GC(442) Humongous regions: 4->4
[2024-04-08T22:27:30.673+0800][1467.432s] GC(442) Metaspace: 67643K(68480K)->67643K(68480K) NonClass: 60041K(60480K)->60041K(60480K) Class: 7601K(8000K)->7601K(8000K)
[2024-04-08T22:27:30.673+0800][1467.432s] GC(442) Pause Young (Normal) (G1 Evacuation Pause) 364M->59M(512M) 3.384ms
[2024-04-08T22:27:30.673+0800][1467.432s] GC(442) User=0.00s Sys=0.00s Real=0.00s
[2024-04-08T22:27:33.432+0800][1470.191s] GC(443) Pause Young (Normal) (G1 Evacuation Pause)
[2024-04-08T22:27:33.432+0800][1470.191s] GC(443) Using 13 workers of 13 for evacuation
[2024-04-08T22:27:33.437+0800][1470.195s] GC(443)   Pre Evacuate Collection Set: 0.3ms
[2024-04-08T22:27:33.437+0800][1470.195s] GC(443)   Merge Heap Roots: 0.2ms
[2024-04-08T22:27:33.437+0800][1470.195s] GC(443)   Evacuate Collection Set: 2.9ms
[2024-04-08T22:27:33.437+0800][1470.195s] GC(443)   Post Evacuate Collection Set: 1.0ms
[2024-04-08T22:27:33.437+0800][1470.195s] GC(443)   Other: 0.2ms
[2024-04-08T22:27:33.437+0800][1470.195s] GC(443) Eden regions: 305->0(305)
[2024-04-08T22:27:33.437+0800][1470.196s] GC(443) Survivor regions: 2->2(39)
[2024-04-08T22:27:33.437+0800][1470.196s] GC(443) Old regions: 55->55
[2024-04-08T22:27:33.437+0800][1470.196s] GC(443) Humongous regions: 4->4
[2024-04-08T22:27:33.437+0800][1470.196s] GC(443) Metaspace: 67643K(68480K)->67643K(68480K) NonClass: 60041K(60480K)->60041K(60480K) Class: 7601K(8000K)->7601K(8000K)
[2024-04-08T22:27:33.437+0800][1470.196s] GC(443) Pause Young (Normal) (G1 Evacuation Pause) 364M->59M(512M) 5.003ms
[2024-04-08T22:27:33.437+0800][1470.196s] GC(443) User=0.00s Sys=0.00s Real=0.01s
[2024-04-08T22:27:36.227+0800][1472.986s] GC(444) Pause Young (Normal) (G1 Evacuation Pause)
[2024-04-08T22:27:36.228+0800][1472.986s] GC(444) Using 13 workers of 13 for evacuation
[2024-04-08T22:27:36.232+0800][1472.990s] GC(444)   Pre Evacuate Collection Set: 0.3ms
[2024-04-08T22:27:36.232+0800][1472.990s] GC(444)   Merge Heap Roots: 0.2ms
[2024-04-08T22:27:36.232+0800][1472.990s] GC(444)   Evacuate Collection Set: 2.7ms
[2024-04-08T22:27:36.232+0800][1472.990s] GC(444)   Post Evacuate Collection Set: 0.7ms
[2024-04-08T22:27:36.232+0800][1472.990s] GC(444)   Other: 0.2ms
[2024-04-08T22:27:36.232+0800][1472.990s] GC(444) Eden regions: 305->0(305)
[2024-04-08T22:27:36.232+0800][1472.990s] GC(444) Survivor regions: 2->2(39)
[2024-04-08T22:27:36.232+0800][1472.990s] GC(444) Old regions: 55->55
[2024-04-08T22:27:36.232+0800][1472.990s] GC(444) Humongous regions: 4->4
[2024-04-08T22:27:36.232+0800][1472.990s] GC(444) Metaspace: 67643K(68480K)->67643K(68480K) NonClass: 60041K(60480K)->60041K(60480K) Class: 7601K(8000K)->7601K(8000K)
[2024-04-08T22:27:36.232+0800][1472.991s] GC(444) Pause Young (Normal) (G1 Evacuation Pause) 364M->59M(512M) 4.608ms
[2024-04-08T22:27:36.232+0800][1472.991s] GC(444) User=0.12s Sys=0.03s Real=0.01s
[2024-04-08T22:27:39.020+0800][1475.778s] GC(445) Pause Young (Normal) (G1 Evacuation Pause)
[2024-04-08T22:27:39.020+0800][1475.778s] GC(445) Using 13 workers of 13 for evacuation
[2024-04-08T22:27:39.023+0800][1475.781s] GC(445)   Pre Evacuate Collection Set: 0.1ms
[2024-04-08T22:27:39.023+0800][1475.781s] GC(445)   Merge Heap Roots: 0.1ms
[2024-04-08T22:27:39.023+0800][1475.781s] GC(445)   Evacuate Collection Set: 1.9ms
[2024-04-08T22:27:39.023+0800][1475.781s] GC(445)   Post Evacuate Collection Set: 0.5ms
[2024-04-08T22:27:39.023+0800][1475.781s] GC(445)   Other: 0.1ms
[2024-04-08T22:27:39.023+0800][1475.781s] GC(445) Eden regions: 305->0(305)
[2024-04-08T22:27:39.023+0800][1475.781s] GC(445) Survivor regions: 2->2(39)
[2024-04-08T22:27:39.023+0800][1475.781s] GC(445) Old regions: 55->55
[2024-04-08T22:27:39.023+0800][1475.781s] GC(445) Humongous regions: 4->4
[2024-04-08T22:27:39.023+0800][1475.781s] GC(445) Metaspace: 67643K(68480K)->67643K(68480K) NonClass: 60041K(60480K)->60041K(60480K) Class: 7601K(8000K)->7601K(8000K)
[2024-04-08T22:27:39.023+0800][1475.781s] GC(445) Pause Young (Normal) (G1 Evacuation Pause) 364M->59M(512M) 3.013ms
[2024-04-08T22:27:39.023+0800][1475.781s] GC(445) User=0.00s Sys=0.00s Real=0.00s
[2024-04-08T22:27:41.657+0800][1478.415s] GC(446) Pause Young (Normal) (G1 Evacuation Pause)
[2024-04-08T22:27:41.657+0800][1478.415s] GC(446) Using 13 workers of 13 for evacuation
[2024-04-08T22:27:41.661+0800][1478.419s] GC(446)   Pre Evacuate Collection Set: 0.2ms
[2024-04-08T22:27:41.661+0800][1478.419s] GC(446)   Merge Heap Roots: 0.1ms
[2024-04-08T22:27:41.661+0800][1478.419s] GC(446)   Evacuate Collection Set: 2.9ms
[2024-04-08T22:27:41.661+0800][1478.419s] GC(446)   Post Evacuate Collection Set: 0.6ms
[2024-04-08T22:27:41.661+0800][1478.419s] GC(446)   Other: 0.2ms
[2024-04-08T22:27:41.661+0800][1478.419s] GC(446) Eden regions: 305->0(305)
[2024-04-08T22:27:41.661+0800][1478.419s] GC(446) Survivor regions: 2->2(39)
[2024-04-08T22:27:41.661+0800][1478.419s] GC(446) Old regions: 55->55
[2024-04-08T22:27:41.661+0800][1478.419s] GC(446) Humongous regions: 4->4
[2024-04-08T22:27:41.661+0800][1478.419s] GC(446) Metaspace: 67643K(68480K)->67643K(68480K) NonClass: 60041K(60480K)->60041K(60480K) Class: 7601K(8000K)->7601K(8000K)
[2024-04-08T22:27:41.661+0800][1478.419s] GC(446) Pause Young (Normal) (G1 Evacuation Pause) 364M->59M(512M) 4.446ms
[2024-04-08T22:27:41.661+0800][1478.420s] GC(446) User=0.00s Sys=0.00s Real=0.00s
[2024-04-08T22:27:44.165+0800][1480.923s] GC(447) Pause Young (Normal) (G1 Evacuation Pause)
[2024-04-08T22:27:44.165+0800][1480.923s] GC(447) Using 13 workers of 13 for evacuation
[2024-04-08T22:27:44.170+0800][1480.928s] GC(447)   Pre Evacuate Collection Set: 0.2ms
[2024-04-08T22:27:44.170+0800][1480.928s] GC(447)   Merge Heap Roots: 0.2ms
[2024-04-08T22:27:44.170+0800][1480.928s] GC(447)   Evacuate Collection Set: 3.4ms
[2024-04-08T22:27:44.170+0800][1480.928s] GC(447)   Post Evacuate Collection Set: 1.0ms
[2024-04-08T22:27:44.170+0800][1480.928s] GC(447)   Other: 0.2ms
[2024-04-08T22:27:44.170+0800][1480.928s] GC(447) Eden regions: 305->0(305)
[2024-04-08T22:27:44.170+0800][1480.928s] GC(447) Survivor regions: 2->2(39)
[2024-04-08T22:27:44.170+0800][1480.928s] GC(447) Old regions: 55->55
[2024-04-08T22:27:44.170+0800][1480.928s] GC(447) Humongous regions: 4->4
[2024-04-08T22:27:44.170+0800][1480.928s] GC(447) Metaspace: 67643K(68480K)->67643K(68480K) NonClass: 60041K(60480K)->60041K(60480K) Class: 7601K(8000K)->7601K(8000K)
[2024-04-08T22:27:44.170+0800][1480.929s] GC(447) Pause Young (Normal) (G1 Evacuation Pause) 364M->59M(512M) 5.698ms
[2024-04-08T22:27:44.171+0800][1480.929s] GC(447) User=0.09s Sys=0.02s Real=0.01s
[2024-04-08T22:27:46.582+0800][1483.340s] GC(448) Pause Young (Normal) (G1 Evacuation Pause)
[2024-04-08T22:27:46.582+0800][1483.340s] GC(448) Using 13 workers of 13 for evacuation
[2024-04-08T22:27:46.585+0800][1483.343s] GC(448)   Pre Evacuate Collection Set: 0.1ms
[2024-04-08T22:27:46.585+0800][1483.343s] GC(448)   Merge Heap Roots: 0.1ms
[2024-04-08T22:27:46.585+0800][1483.343s] GC(448)   Evacuate Collection Set: 1.8ms
[2024-04-08T22:27:46.585+0800][1483.343s] GC(448)   Post Evacuate Collection Set: 0.8ms
[2024-04-08T22:27:46.585+0800][1483.343s] GC(448)   Other: 0.1ms
[2024-04-08T22:27:46.585+0800][1483.343s] GC(448) Eden regions: 305->0(305)
[2024-04-08T22:27:46.585+0800][1483.343s] GC(448) Survivor regions: 2->2(39)
[2024-04-08T22:27:46.585+0800][1483.343s] GC(448) Old regions: 55->55
[2024-04-08T22:27:46.585+0800][1483.343s] GC(448) Humongous regions: 4->4
[2024-04-08T22:27:46.585+0800][1483.344s] GC(448) Metaspace: 67643K(68480K)->67643K(68480K) NonClass: 60041K(60480K)->60041K(60480K) Class: 7601K(8000K)->7601K(8000K)
[2024-04-08T22:27:46.585+0800][1483.344s] GC(448) Pause Young (Normal) (G1 Evacuation Pause) 364M->59M(512M) 3.345ms
[2024-04-08T22:27:46.585+0800][1483.344s] GC(448) User=0.00s Sys=0.00s Real=0.00s
[2024-04-08T22:27:49.180+0800][1485.939s] GC(449) Pause Young (Normal) (G1 Evacuation Pause)
[2024-04-08T22:27:49.181+0800][1485.939s] GC(449) Using 13 workers of 13 for evacuation
[2024-04-08T22:27:49.185+0800][1485.943s] GC(449)   Pre Evacuate Collection Set: 0.2ms
[2024-04-08T22:27:49.185+0800][1485.943s] GC(449)   Merge Heap Roots: 0.2ms
[2024-04-08T22:27:49.185+0800][1485.943s] GC(449)   Evacuate Collection Set: 2.8ms
[2024-04-08T22:27:49.185+0800][1485.943s] GC(449)   Post Evacuate Collection Set: 0.7ms
[2024-04-08T22:27:49.185+0800][1485.943s] GC(449)   Other: 0.2ms
[2024-04-08T22:27:49.185+0800][1485.943s] GC(449) Eden regions: 305->0(305)
[2024-04-08T22:27:49.185+0800][1485.943s] GC(449) Survivor regions: 2->2(39)
[2024-04-08T22:27:49.185+0800][1485.943s] GC(449) Old regions: 55->55
[2024-04-08T22:27:49.185+0800][1485.943s] GC(449) Humongous regions: 4->4
[2024-04-08T22:27:49.185+0800][1485.943s] GC(449) Metaspace: 67643K(68480K)->67643K(68480K) NonClass: 60041K(60480K)->60041K(60480K) Class: 7601K(8000K)->7601K(8000K)
[2024-04-08T22:27:49.185+0800][1485.943s] GC(449) Pause Young (Normal) (G1 Evacuation Pause) 364M->59M(512M) 4.643ms
[2024-04-08T22:27:49.185+0800][1485.943s] GC(449) User=0.05s Sys=0.00s Real=0.00s
[2024-04-08T22:27:51.837+0800][1488.596s] GC(450) Pause Young (Normal) (G1 Evacuation Pause)
[2024-04-08T22:27:51.837+0800][1488.596s] GC(450) Using 13 workers of 13 for evacuation
[2024-04-08T22:27:51.844+0800][1488.602s] GC(450)   Pre Evacuate Collection Set: 0.4ms
[2024-04-08T22:27:51.844+0800][1488.602s] GC(450)   Merge Heap Roots: 0.3ms
[2024-04-08T22:27:51.844+0800][1488.602s] GC(450)   Evacuate Collection Set: 3.8ms
[2024-04-08T22:27:51.844+0800][1488.602s] GC(450)   Post Evacuate Collection Set: 1.4ms
[2024-04-08T22:27:51.844+0800][1488.602s] GC(450)   Other: 0.3ms
[2024-04-08T22:27:51.844+0800][1488.602s] GC(450) Eden regions: 305->0(305)
[2024-04-08T22:27:51.844+0800][1488.602s] GC(450) Survivor regions: 2->2(39)
[2024-04-08T22:27:51.844+0800][1488.602s] GC(450) Old regions: 55->55
[2024-04-08T22:27:51.844+0800][1488.602s] GC(450) Humongous regions: 4->4
[2024-04-08T22:27:51.844+0800][1488.602s] GC(450) Metaspace: 67643K(68480K)->67643K(68480K) NonClass: 60041K(60480K)->60041K(60480K) Class: 7601K(8000K)->7601K(8000K)
[2024-04-08T22:27:51.844+0800][1488.603s] GC(450) Pause Young (Normal) (G1 Evacuation Pause) 364M->59M(512M) 7.037ms
[2024-04-08T22:27:51.844+0800][1488.603s] GC(450) User=0.00s Sys=0.02s Real=0.01s
[2024-04-08T22:27:54.372+0800][1491.131s] GC(451) Pause Young (Normal) (G1 Evacuation Pause)
[2024-04-08T22:27:54.373+0800][1491.131s] GC(451) Using 13 workers of 13 for evacuation
[2024-04-08T22:27:54.376+0800][1491.135s] GC(451)   Pre Evacuate Collection Set: 0.2ms
[2024-04-08T22:27:54.377+0800][1491.135s] GC(451)   Merge Heap Roots: 0.1ms
[2024-04-08T22:27:54.377+0800][1491.135s] GC(451)   Evacuate Collection Set: 2.4ms
[2024-04-08T22:27:54.377+0800][1491.135s] GC(451)   Post Evacuate Collection Set: 1.0ms
[2024-04-08T22:27:54.377+0800][1491.135s] GC(451)   Other: 0.2ms
[2024-04-08T22:27:54.377+0800][1491.135s] GC(451) Eden regions: 305->0(305)
[2024-04-08T22:27:54.377+0800][1491.135s] GC(451) Survivor regions: 2->2(39)
[2024-04-08T22:27:54.377+0800][1491.135s] GC(451) Old regions: 55->55
[2024-04-08T22:27:54.377+0800][1491.135s] GC(451) Humongous regions: 4->4
[2024-04-08T22:27:54.377+0800][1491.135s] GC(451) Metaspace: 67643K(68480K)->67643K(68480K) NonClass: 60041K(60480K)->60041K(60480K) Class: 7601K(8000K)->7601K(8000K)
[2024-04-08T22:27:54.377+0800][1491.135s] GC(451) Pause Young (Normal) (G1 Evacuation Pause) 364M->59M(512M) 4.435ms
[2024-04-08T22:27:54.377+0800][1491.135s] GC(451) User=0.00s Sys=0.00s Real=0.01s
[2024-04-08T22:27:57.141+0800][1493.900s] GC(452) Pause Young (Normal) (G1 Evacuation Pause)
[2024-04-08T22:27:57.141+0800][1493.900s] GC(452) Using 13 workers of 13 for evacuation
[2024-04-08T22:27:57.145+0800][1493.903s] GC(452)   Pre Evacuate Collection Set: 0.2ms
[2024-04-08T22:27:57.145+0800][1493.903s] GC(452)   Merge Heap Roots: 0.1ms
[2024-04-08T22:27:57.145+0800][1493.903s] GC(452)   Evacuate Collection Set: 2.3ms
[2024-04-08T22:27:57.145+0800][1493.903s] GC(452)   Post Evacuate Collection Set: 0.6ms
[2024-04-08T22:27:57.145+0800][1493.903s] GC(452)   Other: 0.1ms
[2024-04-08T22:27:57.145+0800][1493.903s] GC(452) Eden regions: 305->0(305)
[2024-04-08T22:27:57.145+0800][1493.903s] GC(452) Survivor regions: 2->2(39)
[2024-04-08T22:27:57.145+0800][1493.903s] GC(452) Old regions: 55->55
[2024-04-08T22:27:57.145+0800][1493.903s] GC(452) Humongous regions: 4->4
[2024-04-08T22:27:57.145+0800][1493.903s] GC(452) Metaspace: 67643K(68480K)->67643K(68480K) NonClass: 60041K(60480K)->60041K(60480K) Class: 7601K(8000K)->7601K(8000K)
[2024-04-08T22:27:57.145+0800][1493.903s] GC(452) Pause Young (Normal) (G1 Evacuation Pause) 364M->59M(512M) 3.598ms
[2024-04-08T22:27:57.145+0800][1493.903s] GC(452) User=0.00s Sys=0.00s Real=0.00s
[2024-04-08T22:27:59.711+0800][1496.469s] GC(453) Pause Young (Normal) (G1 Evacuation Pause)
[2024-04-08T22:27:59.711+0800][1496.469s] GC(453) Using 13 workers of 13 for evacuation
[2024-04-08T22:27:59.716+0800][1496.474s] GC(453)   Pre Evacuate Collection Set: 0.2ms
[2024-04-08T22:27:59.716+0800][1496.474s] GC(453)   Merge Heap Roots: 0.1ms
[2024-04-08T22:27:59.716+0800][1496.474s] GC(453)   Evacuate Collection Set: 3.0ms
[2024-04-08T22:27:59.716+0800][1496.474s] GC(453)   Post Evacuate Collection Set: 1.1ms
[2024-04-08T22:27:59.716+0800][1496.474s] GC(453)   Other: 0.2ms
[2024-04-08T22:27:59.716+0800][1496.474s] GC(453) Eden regions: 305->0(305)
[2024-04-08T22:27:59.716+0800][1496.474s] GC(453) Survivor regions: 2->2(39)
[2024-04-08T22:27:59.716+0800][1496.474s] GC(453) Old regions: 55->55
[2024-04-08T22:27:59.716+0800][1496.474s] GC(453) Humongous regions: 4->4
[2024-04-08T22:27:59.716+0800][1496.474s] GC(453) Metaspace: 67643K(68480K)->67643K(68480K) NonClass: 60041K(60480K)->60041K(60480K) Class: 7601K(8000K)->7601K(8000K)
[2024-04-08T22:27:59.716+0800][1496.474s] GC(453) Pause Young (Normal) (G1 Evacuation Pause) 364M->59M(512M) 5.140ms
[2024-04-08T22:27:59.716+0800][1496.474s] GC(453) User=0.16s Sys=0.00s Real=0.01s
[2024-04-08T22:28:02.289+0800][1499.048s] GC(454) Pause Young (Normal) (G1 Evacuation Pause)
[2024-04-08T22:28:02.290+0800][1499.048s] GC(454) Using 13 workers of 13 for evacuation
[2024-04-08T22:28:02.293+0800][1499.051s] GC(454)   Pre Evacuate Collection Set: 0.3ms
[2024-04-08T22:28:02.293+0800][1499.052s] GC(454)   Merge Heap Roots: 0.2ms
[2024-04-08T22:28:02.293+0800][1499.052s] GC(454)   Evacuate Collection Set: 2.2ms
[2024-04-08T22:28:02.293+0800][1499.052s] GC(454)   Post Evacuate Collection Set: 0.7ms
[2024-04-08T22:28:02.293+0800][1499.052s] GC(454)   Other: 0.3ms
[2024-04-08T22:28:02.293+0800][1499.052s] GC(454) Eden regions: 305->0(305)
[2024-04-08T22:28:02.293+0800][1499.052s] GC(454) Survivor regions: 2->2(39)
[2024-04-08T22:28:02.293+0800][1499.052s] GC(454) Old regions: 55->55
[2024-04-08T22:28:02.293+0800][1499.052s] GC(454) Humongous regions: 4->4
[2024-04-08T22:28:02.293+0800][1499.052s] GC(454) Metaspace: 67643K(68480K)->67643K(68480K) NonClass: 60041K(60480K)->60041K(60480K) Class: 7601K(8000K)->7601K(8000K)
[2024-04-08T22:28:02.293+0800][1499.052s] GC(454) Pause Young (Normal) (G1 Evacuation Pause) 364M->59M(512M) 4.133ms
[2024-04-08T22:28:02.293+0800][1499.052s] GC(454) User=0.06s Sys=0.00s Real=0.00s
[2024-04-08T22:28:05.109+0800][1501.867s] GC(455) Pause Young (Normal) (G1 Evacuation Pause)
[2024-04-08T22:28:05.109+0800][1501.867s] GC(455) Using 13 workers of 13 for evacuation
[2024-04-08T22:28:05.111+0800][1501.870s] GC(455)   Pre Evacuate Collection Set: 0.1ms
[2024-04-08T22:28:05.112+0800][1501.870s] GC(455)   Merge Heap Roots: 0.1ms
[2024-04-08T22:28:05.112+0800][1501.870s] GC(455)   Evacuate Collection Set: 1.7ms
[2024-04-08T22:28:05.112+0800][1501.870s] GC(455)   Post Evacuate Collection Set: 0.6ms
[2024-04-08T22:28:05.112+0800][1501.870s] GC(455)   Other: 0.1ms
[2024-04-08T22:28:05.112+0800][1501.870s] GC(455) Eden regions: 305->0(305)
[2024-04-08T22:28:05.112+0800][1501.870s] GC(455) Survivor regions: 2->2(39)
[2024-04-08T22:28:05.112+0800][1501.870s] GC(455) Old regions: 55->55
[2024-04-08T22:28:05.112+0800][1501.870s] GC(455) Humongous regions: 4->4
[2024-04-08T22:28:05.112+0800][1501.870s] GC(455) Metaspace: 67643K(68480K)->67643K(68480K) NonClass: 60041K(60480K)->60041K(60480K) Class: 7601K(8000K)->7601K(8000K)
[2024-04-08T22:28:05.112+0800][1501.870s] GC(455) Pause Young (Normal) (G1 Evacuation Pause) 364M->59M(512M) 3.160ms
[2024-04-08T22:28:05.112+0800][1501.870s] GC(455) User=0.00s Sys=0.00s Real=0.00s
[2024-04-08T22:28:07.886+0800][1504.645s] GC(456) Pause Young (Normal) (G1 Evacuation Pause)
[2024-04-08T22:28:07.886+0800][1504.645s] GC(456) Using 13 workers of 13 for evacuation
[2024-04-08T22:28:07.892+0800][1504.650s] GC(456)   Pre Evacuate Collection Set: 0.3ms
[2024-04-08T22:28:07.892+0800][1504.650s] GC(456)   Merge Heap Roots: 0.2ms
[2024-04-08T22:28:07.892+0800][1504.650s] GC(456)   Evacuate Collection Set: 3.7ms
[2024-04-08T22:28:07.892+0800][1504.650s] GC(456)   Post Evacuate Collection Set: 0.9ms
[2024-04-08T22:28:07.892+0800][1504.650s] GC(456)   Other: 0.2ms
[2024-04-08T22:28:07.892+0800][1504.650s] GC(456) Eden regions: 305->0(305)
[2024-04-08T22:28:07.892+0800][1504.651s] GC(456) Survivor regions: 2->2(39)
[2024-04-08T22:28:07.892+0800][1504.651s] GC(456) Old regions: 55->55
[2024-04-08T22:28:07.892+0800][1504.651s] GC(456) Humongous regions: 4->4
[2024-04-08T22:28:07.892+0800][1504.651s] GC(456) Metaspace: 67643K(68480K)->67643K(68480K) NonClass: 60041K(60480K)->60041K(60480K) Class: 7601K(8000K)->7601K(8000K)
[2024-04-08T22:28:07.892+0800][1504.651s] GC(456) Pause Young (Normal) (G1 Evacuation Pause) 364M->60M(512M) 6.076ms
[2024-04-08T22:28:07.892+0800][1504.651s] GC(456) User=0.00s Sys=0.00s Real=0.01s
[2024-04-08T22:28:10.342+0800][1507.100s] GC(457) Pause Young (Normal) (G1 Evacuation Pause)
[2024-04-08T22:28:10.342+0800][1507.100s] GC(457) Using 13 workers of 13 for evacuation
[2024-04-08T22:28:10.345+0800][1507.103s] GC(457)   Pre Evacuate Collection Set: 0.3ms
[2024-04-08T22:28:10.345+0800][1507.103s] GC(457)   Merge Heap Roots: 0.1ms
[2024-04-08T22:28:10.345+0800][1507.103s] GC(457)   Evacuate Collection Set: 2.0ms
[2024-04-08T22:28:10.345+0800][1507.103s] GC(457)   Post Evacuate Collection Set: 0.7ms
[2024-04-08T22:28:10.345+0800][1507.103s] GC(457)   Other: 0.1ms
[2024-04-08T22:28:10.345+0800][1507.104s] GC(457) Eden regions: 305->0(305)
[2024-04-08T22:28:10.345+0800][1507.104s] GC(457) Survivor regions: 2->2(39)
[2024-04-08T22:28:10.345+0800][1507.104s] GC(457) Old regions: 55->55
[2024-04-08T22:28:10.345+0800][1507.104s] GC(457) Humongous regions: 4->4
[2024-04-08T22:28:10.345+0800][1507.104s] GC(457) Metaspace: 67643K(68480K)->67643K(68480K) NonClass: 60041K(60480K)->60041K(60480K) Class: 7601K(8000K)->7601K(8000K)
[2024-04-08T22:28:10.345+0800][1507.104s] GC(457) Pause Young (Normal) (G1 Evacuation Pause) 365M->59M(512M) 3.625ms
[2024-04-08T22:28:10.345+0800][1507.104s] GC(457) User=0.00s Sys=0.00s Real=0.00s
[2024-04-08T22:28:13.013+0800][1509.771s] GC(458) Pause Young (Normal) (G1 Evacuation Pause)
[2024-04-08T22:28:13.013+0800][1509.771s] GC(458) Using 13 workers of 13 for evacuation
[2024-04-08T22:28:13.017+0800][1509.775s] GC(458)   Pre Evacuate Collection Set: 0.1ms
[2024-04-08T22:28:13.017+0800][1509.775s] GC(458)   Merge Heap Roots: 0.1ms
[2024-04-08T22:28:13.017+0800][1509.775s] GC(458)   Evacuate Collection Set: 2.5ms
[2024-04-08T22:28:13.017+0800][1509.775s] GC(458)   Post Evacuate Collection Set: 1.2ms
[2024-04-08T22:28:13.017+0800][1509.775s] GC(458)   Other: 0.1ms
[2024-04-08T22:28:13.017+0800][1509.775s] GC(458) Eden regions: 305->0(305)
[2024-04-08T22:28:13.017+0800][1509.775s] GC(458) Survivor regions: 2->2(39)
[2024-04-08T22:28:13.017+0800][1509.775s] GC(458) Old regions: 55->55
[2024-04-08T22:28:13.017+0800][1509.775s] GC(458) Humongous regions: 4->4
[2024-04-08T22:28:13.017+0800][1509.775s] GC(458) Metaspace: 67643K(68480K)->67643K(68480K) NonClass: 60041K(60480K)->60041K(60480K) Class: 7601K(8000K)->7601K(8000K)
[2024-04-08T22:28:13.017+0800][1509.775s] GC(458) Pause Young (Normal) (G1 Evacuation Pause) 364M->59M(512M) 4.366ms
[2024-04-08T22:28:13.017+0800][1509.775s] GC(458) User=0.00s Sys=0.00s Real=0.00s
[2024-04-08T22:28:15.686+0800][1512.444s] GC(459) Pause Young (Normal) (G1 Evacuation Pause)
[2024-04-08T22:28:15.686+0800][1512.445s] GC(459) Using 13 workers of 13 for evacuation
[2024-04-08T22:28:15.690+0800][1512.449s] GC(459)   Pre Evacuate Collection Set: 0.3ms
[2024-04-08T22:28:15.690+0800][1512.449s] GC(459)   Merge Heap Roots: 0.1ms
[2024-04-08T22:28:15.690+0800][1512.449s] GC(459)   Evacuate Collection Set: 2.6ms
[2024-04-08T22:28:15.690+0800][1512.449s] GC(459)   Post Evacuate Collection Set: 0.9ms
[2024-04-08T22:28:15.690+0800][1512.449s] GC(459)   Other: 0.2ms
[2024-04-08T22:28:15.691+0800][1512.449s] GC(459) Eden regions: 305->0(305)
[2024-04-08T22:28:15.691+0800][1512.449s] GC(459) Survivor regions: 2->2(39)
[2024-04-08T22:28:15.691+0800][1512.449s] GC(459) Old regions: 55->55
[2024-04-08T22:28:15.691+0800][1512.449s] GC(459) Humongous regions: 4->4
[2024-04-08T22:28:15.691+0800][1512.449s] GC(459) Metaspace: 67643K(68480K)->67643K(68480K) NonClass: 60041K(60480K)->60041K(60480K) Class: 7601K(8000K)->7601K(8000K)
[2024-04-08T22:28:15.691+0800][1512.449s] GC(459) Pause Young (Normal) (G1 Evacuation Pause) 364M->59M(512M) 4.751ms
[2024-04-08T22:28:15.691+0800][1512.449s] GC(459) User=0.00s Sys=0.00s Real=0.00s
[2024-04-08T22:28:18.112+0800][1514.871s] GC(460) Pause Young (Normal) (G1 Evacuation Pause)
[2024-04-08T22:28:18.112+0800][1514.871s] GC(460) Using 13 workers of 13 for evacuation
[2024-04-08T22:28:18.116+0800][1514.874s] GC(460)   Pre Evacuate Collection Set: 0.2ms
[2024-04-08T22:28:18.116+0800][1514.874s] GC(460)   Merge Heap Roots: 0.1ms
[2024-04-08T22:28:18.116+0800][1514.875s] GC(460)   Evacuate Collection Set: 2.3ms
[2024-04-08T22:28:18.116+0800][1514.875s] GC(460)   Post Evacuate Collection Set: 0.8ms
[2024-04-08T22:28:18.116+0800][1514.875s] GC(460)   Other: 0.2ms
[2024-04-08T22:28:18.116+0800][1514.875s] GC(460) Eden regions: 305->0(305)
[2024-04-08T22:28:18.116+0800][1514.875s] GC(460) Survivor regions: 2->2(39)
[2024-04-08T22:28:18.116+0800][1514.875s] GC(460) Old regions: 55->55
[2024-04-08T22:28:18.116+0800][1514.875s] GC(460) Humongous regions: 4->4
[2024-04-08T22:28:18.116+0800][1514.875s] GC(460) Metaspace: 67643K(68480K)->67643K(68480K) NonClass: 60041K(60480K)->60041K(60480K) Class: 7601K(8000K)->7601K(8000K)
[2024-04-08T22:28:18.117+0800][1514.875s] GC(460) Pause Young (Normal) (G1 Evacuation Pause) 364M->60M(512M) 4.241ms
[2024-04-08T22:28:18.117+0800][1514.875s] GC(460) User=0.00s Sys=0.00s Real=0.01s
[2024-04-08T22:28:21.193+0800][1517.952s] GC(461) Pause Young (Normal) (G1 Evacuation Pause)
[2024-04-08T22:28:21.193+0800][1517.952s] GC(461) Using 13 workers of 13 for evacuation
[2024-04-08T22:28:21.196+0800][1517.954s] GC(461)   Pre Evacuate Collection Set: 0.2ms
[2024-04-08T22:28:21.196+0800][1517.954s] GC(461)   Merge Heap Roots: 0.1ms
[2024-04-08T22:28:21.196+0800][1517.954s] GC(461)   Evacuate Collection Set: 1.4ms
[2024-04-08T22:28:21.196+0800][1517.954s] GC(461)   Post Evacuate Collection Set: 0.6ms
[2024-04-08T22:28:21.196+0800][1517.954s] GC(461)   Other: 0.1ms
[2024-04-08T22:28:21.196+0800][1517.954s] GC(461) Eden regions: 305->0(305)
[2024-04-08T22:28:21.196+0800][1517.954s] GC(461) Survivor regions: 2->2(39)
[2024-04-08T22:28:21.196+0800][1517.954s] GC(461) Old regions: 55->55
[2024-04-08T22:28:21.196+0800][1517.954s] GC(461) Humongous regions: 4->4
[2024-04-08T22:28:21.196+0800][1517.954s] GC(461) Metaspace: 67643K(68480K)->67643K(68480K) NonClass: 60041K(60480K)->60041K(60480K) Class: 7601K(8000K)->7601K(8000K)
[2024-04-08T22:28:21.196+0800][1517.954s] GC(461) Pause Young (Normal) (G1 Evacuation Pause) 365M->59M(512M) 2.727ms
[2024-04-08T22:28:21.196+0800][1517.954s] GC(461) User=0.00s Sys=0.00s Real=0.00s
[2024-04-08T22:28:23.948+0800][1520.706s] GC(462) Pause Young (Normal) (G1 Evacuation Pause)
[2024-04-08T22:28:23.948+0800][1520.706s] GC(462) Using 13 workers of 13 for evacuation
[2024-04-08T22:28:23.953+0800][1520.711s] GC(462)   Pre Evacuate Collection Set: 0.3ms
[2024-04-08T22:28:23.953+0800][1520.711s] GC(462)   Merge Heap Roots: 0.2ms
[2024-04-08T22:28:23.953+0800][1520.711s] GC(462)   Evacuate Collection Set: 3.4ms
[2024-04-08T22:28:23.953+0800][1520.711s] GC(462)   Post Evacuate Collection Set: 1.0ms
[2024-04-08T22:28:23.953+0800][1520.711s] GC(462)   Other: 0.2ms
[2024-04-08T22:28:23.953+0800][1520.711s] GC(462) Eden regions: 305->0(305)
[2024-04-08T22:28:23.953+0800][1520.711s] GC(462) Survivor regions: 2->2(39)
[2024-04-08T22:28:23.953+0800][1520.712s] GC(462) Old regions: 55->55
[2024-04-08T22:28:23.953+0800][1520.712s] GC(462) Humongous regions: 4->4
[2024-04-08T22:28:23.953+0800][1520.712s] GC(462) Metaspace: 67643K(68480K)->67643K(68480K) NonClass: 60041K(60480K)->60041K(60480K) Class: 7601K(8000K)->7601K(8000K)
[2024-04-08T22:28:23.953+0800][1520.712s] GC(462) Pause Young (Normal) (G1 Evacuation Pause) 364M->59M(512M) 5.618ms
[2024-04-08T22:28:23.953+0800][1520.712s] GC(462) User=0.00s Sys=0.00s Real=0.01s
[2024-04-08T22:28:27.199+0800][1523.957s] GC(463) Pause Young (Normal) (G1 Evacuation Pause)
[2024-04-08T22:28:27.199+0800][1523.957s] GC(463) Using 13 workers of 13 for evacuation
[2024-04-08T22:28:27.202+0800][1523.961s] GC(463)   Pre Evacuate Collection Set: 0.2ms
[2024-04-08T22:28:27.203+0800][1523.961s] GC(463)   Merge Heap Roots: 0.1ms
[2024-04-08T22:28:27.203+0800][1523.961s] GC(463)   Evacuate Collection Set: 2.4ms
[2024-04-08T22:28:27.203+0800][1523.961s] GC(463)   Post Evacuate Collection Set: 0.6ms
[2024-04-08T22:28:27.203+0800][1523.961s] GC(463)   Other: 0.1ms
[2024-04-08T22:28:27.203+0800][1523.961s] GC(463) Eden regions: 305->0(305)
[2024-04-08T22:28:27.203+0800][1523.961s] GC(463) Survivor regions: 2->2(39)
[2024-04-08T22:28:27.203+0800][1523.961s] GC(463) Old regions: 55->55
[2024-04-08T22:28:27.203+0800][1523.961s] GC(463) Humongous regions: 4->4
[2024-04-08T22:28:27.203+0800][1523.961s] GC(463) Metaspace: 67643K(68480K)->67643K(68480K) NonClass: 60041K(60480K)->60041K(60480K) Class: 7601K(8000K)->7601K(8000K)
[2024-04-08T22:28:27.203+0800][1523.961s] GC(463) Pause Young (Normal) (G1 Evacuation Pause) 364M->60M(512M) 4.045ms
[2024-04-08T22:28:27.203+0800][1523.961s] GC(463) User=0.00s Sys=0.00s Real=0.00s
[2024-04-08T22:28:29.806+0800][1526.565s] GC(464) Pause Young (Normal) (G1 Evacuation Pause)
[2024-04-08T22:28:29.806+0800][1526.565s] GC(464) Using 13 workers of 13 for evacuation
[2024-04-08T22:28:29.809+0800][1526.567s] GC(464)   Pre Evacuate Collection Set: 0.2ms
[2024-04-08T22:28:29.809+0800][1526.567s] GC(464)   Merge Heap Roots: 0.1ms
[2024-04-08T22:28:29.809+0800][1526.567s] GC(464)   Evacuate Collection Set: 1.4ms
[2024-04-08T22:28:29.809+0800][1526.567s] GC(464)   Post Evacuate Collection Set: 0.5ms
[2024-04-08T22:28:29.809+0800][1526.567s] GC(464)   Other: 0.1ms
[2024-04-08T22:28:29.809+0800][1526.567s] GC(464) Eden regions: 305->0(305)
[2024-04-08T22:28:29.809+0800][1526.567s] GC(464) Survivor regions: 2->2(39)
[2024-04-08T22:28:29.809+0800][1526.567s] GC(464) Old regions: 55->55
[2024-04-08T22:28:29.809+0800][1526.567s] GC(464) Humongous regions: 4->4
[2024-04-08T22:28:29.809+0800][1526.567s] GC(464) Metaspace: 67643K(68480K)->67643K(68480K) NonClass: 60041K(60480K)->60041K(60480K) Class: 7601K(8000K)->7601K(8000K)
[2024-04-08T22:28:29.809+0800][1526.567s] GC(464) Pause Young (Normal) (G1 Evacuation Pause) 365M->60M(512M) 2.930ms
[2024-04-08T22:28:29.809+0800][1526.568s] GC(464) User=0.20s Sys=0.00s Real=0.00s
[2024-04-08T22:28:32.361+0800][1529.119s] GC(465) Pause Young (Normal) (G1 Evacuation Pause)
[2024-04-08T22:28:32.361+0800][1529.119s] GC(465) Using 13 workers of 13 for evacuation
[2024-04-08T22:28:32.363+0800][1529.122s] GC(465)   Pre Evacuate Collection Set: 0.1ms
[2024-04-08T22:28:32.363+0800][1529.122s] GC(465)   Merge Heap Roots: 0.1ms
[2024-04-08T22:28:32.363+0800][1529.122s] GC(465)   Evacuate Collection Set: 1.5ms
[2024-04-08T22:28:32.363+0800][1529.122s] GC(465)   Post Evacuate Collection Set: 0.5ms
[2024-04-08T22:28:32.363+0800][1529.122s] GC(465)   Other: 0.1ms
[2024-04-08T22:28:32.363+0800][1529.122s] GC(465) Eden regions: 305->0(305)
[2024-04-08T22:28:32.363+0800][1529.122s] GC(465) Survivor regions: 2->2(39)
[2024-04-08T22:28:32.363+0800][1529.122s] GC(465) Old regions: 55->55
[2024-04-08T22:28:32.363+0800][1529.122s] GC(465) Humongous regions: 4->4
[2024-04-08T22:28:32.363+0800][1529.122s] GC(465) Metaspace: 67643K(68480K)->67643K(68480K) NonClass: 60041K(60480K)->60041K(60480K) Class: 7601K(8000K)->7601K(8000K)
[2024-04-08T22:28:32.363+0800][1529.122s] GC(465) Pause Young (Normal) (G1 Evacuation Pause) 365M->59M(512M) 2.679ms
[2024-04-08T22:28:32.363+0800][1529.122s] GC(465) User=0.00s Sys=0.00s Real=0.00s
[2024-04-08T22:28:34.697+0800][1531.456s] GC(466) Pause Young (Normal) (G1 Evacuation Pause)
[2024-04-08T22:28:34.697+0800][1531.456s] GC(466) Using 13 workers of 13 for evacuation
[2024-04-08T22:28:34.701+0800][1531.460s] GC(466)   Pre Evacuate Collection Set: 0.2ms
[2024-04-08T22:28:34.701+0800][1531.460s] GC(466)   Merge Heap Roots: 0.2ms
[2024-04-08T22:28:34.701+0800][1531.460s] GC(466)   Evacuate Collection Set: 2.2ms
[2024-04-08T22:28:34.701+0800][1531.460s] GC(466)   Post Evacuate Collection Set: 0.8ms
[2024-04-08T22:28:34.701+0800][1531.460s] GC(466)   Other: 0.2ms
[2024-04-08T22:28:34.701+0800][1531.460s] GC(466) Eden regions: 305->0(305)
[2024-04-08T22:28:34.701+0800][1531.460s] GC(466) Survivor regions: 2->2(39)
[2024-04-08T22:28:34.701+0800][1531.460s] GC(466) Old regions: 55->55
[2024-04-08T22:28:34.701+0800][1531.460s] GC(466) Humongous regions: 4->4
[2024-04-08T22:28:34.701+0800][1531.460s] GC(466) Metaspace: 67643K(68480K)->67643K(68480K) NonClass: 60041K(60480K)->60041K(60480K) Class: 7601K(8000K)->7601K(8000K)
[2024-04-08T22:28:34.701+0800][1531.460s] GC(466) Pause Young (Normal) (G1 Evacuation Pause) 364M->60M(512M) 3.995ms
[2024-04-08T22:28:34.701+0800][1531.460s] GC(466) User=0.00s Sys=0.00s Real=0.00s
[2024-04-08T22:28:37.757+0800][1534.516s] GC(467) Pause Young (Normal) (G1 Evacuation Pause)
[2024-04-08T22:28:37.757+0800][1534.516s] GC(467) Using 13 workers of 13 for evacuation
[2024-04-08T22:28:37.760+0800][1534.519s] GC(467)   Pre Evacuate Collection Set: 0.2ms
[2024-04-08T22:28:37.760+0800][1534.519s] GC(467)   Merge Heap Roots: 0.1ms
[2024-04-08T22:28:37.760+0800][1534.519s] GC(467)   Evacuate Collection Set: 1.5ms
[2024-04-08T22:28:37.760+0800][1534.519s] GC(467)   Post Evacuate Collection Set: 0.6ms
[2024-04-08T22:28:37.760+0800][1534.519s] GC(467)   Other: 0.1ms
[2024-04-08T22:28:37.760+0800][1534.519s] GC(467) Eden regions: 305->0(305)
[2024-04-08T22:28:37.760+0800][1534.519s] GC(467) Survivor regions: 2->2(39)
[2024-04-08T22:28:37.760+0800][1534.519s] GC(467) Old regions: 55->55
[2024-04-08T22:28:37.760+0800][1534.519s] GC(467) Humongous regions: 4->4
[2024-04-08T22:28:37.760+0800][1534.519s] GC(467) Metaspace: 67643K(68480K)->67643K(68480K) NonClass: 60041K(60480K)->60041K(60480K) Class: 7601K(8000K)->7601K(8000K)
[2024-04-08T22:28:37.760+0800][1534.519s] GC(467) Pause Young (Normal) (G1 Evacuation Pause) 365M->59M(512M) 2.939ms
[2024-04-08T22:28:37.760+0800][1534.519s] GC(467) User=0.02s Sys=0.00s Real=0.00s
[2024-04-08T22:28:40.746+0800][1537.505s] GC(468) Pause Young (Normal) (G1 Evacuation Pause)
[2024-04-08T22:28:40.746+0800][1537.505s] GC(468) Using 13 workers of 13 for evacuation
[2024-04-08T22:28:40.753+0800][1537.512s] GC(468)   Pre Evacuate Collection Set: 0.4ms
[2024-04-08T22:28:40.753+0800][1537.512s] GC(468)   Merge Heap Roots: 0.2ms
[2024-04-08T22:28:40.753+0800][1537.512s] GC(468)   Evacuate Collection Set: 4.7ms
[2024-04-08T22:28:40.753+0800][1537.512s] GC(468)   Post Evacuate Collection Set: 1.5ms
[2024-04-08T22:28:40.754+0800][1537.512s] GC(468)   Other: 0.2ms
[2024-04-08T22:28:40.754+0800][1537.513s] GC(468) Eden regions: 305->0(305)
[2024-04-08T22:28:40.754+0800][1537.513s] GC(468) Survivor regions: 2->2(39)
[2024-04-08T22:28:40.754+0800][1537.513s] GC(468) Old regions: 55->55
[2024-04-08T22:28:40.754+0800][1537.513s] GC(468) Humongous regions: 4->4
[2024-04-08T22:28:40.754+0800][1537.513s] GC(468) Metaspace: 67643K(68480K)->67643K(68480K) NonClass: 60041K(60480K)->60041K(60480K) Class: 7601K(8000K)->7601K(8000K)
[2024-04-08T22:28:40.754+0800][1537.513s] GC(468) Pause Young (Normal) (G1 Evacuation Pause) 364M->60M(512M) 8.004ms
[2024-04-08T22:28:40.754+0800][1537.513s] GC(468) User=0.00s Sys=0.00s Real=0.01s
[2024-04-08T22:28:43.442+0800][1540.201s] GC(469) Pause Young (Normal) (G1 Evacuation Pause)
[2024-04-08T22:28:43.442+0800][1540.201s] GC(469) Using 13 workers of 13 for evacuation
[2024-04-08T22:28:43.447+0800][1540.206s] GC(469)   Pre Evacuate Collection Set: 0.3ms
[2024-04-08T22:28:43.447+0800][1540.206s] GC(469)   Merge Heap Roots: 0.2ms
[2024-04-08T22:28:43.448+0800][1540.206s] GC(469)   Evacuate Collection Set: 3.3ms
[2024-04-08T22:28:43.448+0800][1540.206s] GC(469)   Post Evacuate Collection Set: 1.4ms
[2024-04-08T22:28:43.448+0800][1540.206s] GC(469)   Other: 0.2ms
[2024-04-08T22:28:43.448+0800][1540.206s] GC(469) Eden regions: 305->0(305)
[2024-04-08T22:28:43.448+0800][1540.206s] GC(469) Survivor regions: 2->2(39)
[2024-04-08T22:28:43.448+0800][1540.206s] GC(469) Old regions: 55->55
[2024-04-08T22:28:43.448+0800][1540.206s] GC(469) Humongous regions: 4->4
[2024-04-08T22:28:43.448+0800][1540.206s] GC(469) Metaspace: 67643K(68480K)->67643K(68480K) NonClass: 60041K(60480K)->60041K(60480K) Class: 7601K(8000K)->7601K(8000K)
[2024-04-08T22:28:43.448+0800][1540.207s] GC(469) Pause Young (Normal) (G1 Evacuation Pause) 365M->60M(512M) 5.938ms
[2024-04-08T22:28:43.448+0800][1540.207s] GC(469) User=0.00s Sys=0.00s Real=0.01s
[2024-04-08T22:28:45.778+0800][1542.537s] GC(470) Pause Young (Normal) (G1 Evacuation Pause)
[2024-04-08T22:28:45.778+0800][1542.537s] GC(470) Using 13 workers of 13 for evacuation
[2024-04-08T22:28:45.780+0800][1542.539s] GC(470)   Pre Evacuate Collection Set: 0.2ms
[2024-04-08T22:28:45.780+0800][1542.539s] GC(470)   Merge Heap Roots: 0.1ms
[2024-04-08T22:28:45.780+0800][1542.539s] GC(470)   Evacuate Collection Set: 1.6ms
[2024-04-08T22:28:45.780+0800][1542.539s] GC(470)   Post Evacuate Collection Set: 0.6ms
[2024-04-08T22:28:45.781+0800][1542.539s] GC(470)   Other: 0.1ms
[2024-04-08T22:28:45.781+0800][1542.539s] GC(470) Eden regions: 305->0(305)
[2024-04-08T22:28:45.781+0800][1542.539s] GC(470) Survivor regions: 2->2(39)
[2024-04-08T22:28:45.781+0800][1542.539s] GC(470) Old regions: 55->55
[2024-04-08T22:28:45.781+0800][1542.539s] GC(470) Humongous regions: 4->4
[2024-04-08T22:28:45.781+0800][1542.539s] GC(470) Metaspace: 67643K(68480K)->67643K(68480K) NonClass: 60041K(60480K)->60041K(60480K) Class: 7601K(8000K)->7601K(8000K)
[2024-04-08T22:28:45.781+0800][1542.539s] GC(470) Pause Young (Normal) (G1 Evacuation Pause) 365M->60M(512M) 2.976ms
[2024-04-08T22:28:45.781+0800][1542.540s] GC(470) User=0.00s Sys=0.00s Real=0.00s
[2024-04-08T22:28:48.360+0800][1545.119s] GC(471) Pause Young (Normal) (G1 Evacuation Pause)
[2024-04-08T22:28:48.360+0800][1545.119s] GC(471) Using 13 workers of 13 for evacuation
[2024-04-08T22:28:48.363+0800][1545.122s] GC(471)   Pre Evacuate Collection Set: 0.2ms
[2024-04-08T22:28:48.363+0800][1545.122s] GC(471)   Merge Heap Roots: 0.1ms
[2024-04-08T22:28:48.363+0800][1545.122s] GC(471)   Evacuate Collection Set: 1.9ms
[2024-04-08T22:28:48.363+0800][1545.122s] GC(471)   Post Evacuate Collection Set: 0.6ms
[2024-04-08T22:28:48.363+0800][1545.122s] GC(471)   Other: 0.1ms
[2024-04-08T22:28:48.363+0800][1545.122s] GC(471) Eden regions: 305->0(305)
[2024-04-08T22:28:48.363+0800][1545.122s] GC(471) Survivor regions: 2->2(39)
[2024-04-08T22:28:48.363+0800][1545.122s] GC(471) Old regions: 55->55
[2024-04-08T22:28:48.363+0800][1545.122s] GC(471) Humongous regions: 4->4
[2024-04-08T22:28:48.363+0800][1545.122s] GC(471) Metaspace: 67643K(68480K)->67643K(68480K) NonClass: 60041K(60480K)->60041K(60480K) Class: 7601K(8000K)->7601K(8000K)
[2024-04-08T22:28:48.363+0800][1545.122s] GC(471) Pause Young (Normal) (G1 Evacuation Pause) 365M->60M(512M) 3.240ms
[2024-04-08T22:28:48.363+0800][1545.122s] GC(471) User=0.00s Sys=0.00s Real=0.00s
[2024-04-08T22:28:50.333+0800][1547.092s] GC(472) Pause Young (Normal) (G1 Evacuation Pause)
[2024-04-08T22:28:50.333+0800][1547.092s] GC(472) Using 13 workers of 13 for evacuation
[2024-04-08T22:28:50.336+0800][1547.095s] GC(472)   Pre Evacuate Collection Set: 0.2ms
[2024-04-08T22:28:50.336+0800][1547.095s] GC(472)   Merge Heap Roots: 0.2ms
[2024-04-08T22:28:50.336+0800][1547.095s] GC(472)   Evacuate Collection Set: 2.0ms
[2024-04-08T22:28:50.336+0800][1547.095s] GC(472)   Post Evacuate Collection Set: 0.6ms
[2024-04-08T22:28:50.336+0800][1547.095s] GC(472)   Other: 0.1ms
[2024-04-08T22:28:50.336+0800][1547.095s] GC(472) Eden regions: 305->0(305)
[2024-04-08T22:28:50.336+0800][1547.095s] GC(472) Survivor regions: 2->2(39)
[2024-04-08T22:28:50.336+0800][1547.095s] GC(472) Old regions: 55->55
[2024-04-08T22:28:50.336+0800][1547.095s] GC(472) Humongous regions: 4->4
[2024-04-08T22:28:50.337+0800][1547.095s] GC(472) Metaspace: 67643K(68480K)->67643K(68480K) NonClass: 60041K(60480K)->60041K(60480K) Class: 7601K(8000K)->7601K(8000K)
[2024-04-08T22:28:50.337+0800][1547.095s] GC(472) Pause Young (Normal) (G1 Evacuation Pause) 365M->60M(512M) 3.766ms
[2024-04-08T22:28:50.337+0800][1547.095s] GC(472) User=0.00s Sys=0.00s Real=0.00s
[2024-04-08T22:28:53.246+0800][1550.005s] GC(473) Pause Young (Normal) (G1 Evacuation Pause)
[2024-04-08T22:28:53.246+0800][1550.005s] GC(473) Using 13 workers of 13 for evacuation
[2024-04-08T22:28:53.249+0800][1550.008s] GC(473)   Pre Evacuate Collection Set: 0.2ms
[2024-04-08T22:28:53.249+0800][1550.008s] GC(473)   Merge Heap Roots: 0.2ms
[2024-04-08T22:28:53.249+0800][1550.008s] GC(473)   Evacuate Collection Set: 1.6ms
[2024-04-08T22:28:53.249+0800][1550.008s] GC(473)   Post Evacuate Collection Set: 0.7ms
[2024-04-08T22:28:53.249+0800][1550.008s] GC(473)   Other: 0.1ms
[2024-04-08T22:28:53.249+0800][1550.008s] GC(473) Eden regions: 305->0(305)
[2024-04-08T22:28:53.249+0800][1550.008s] GC(473) Survivor regions: 2->2(39)
[2024-04-08T22:28:53.249+0800][1550.008s] GC(473) Old regions: 55->55
[2024-04-08T22:28:53.249+0800][1550.008s] GC(473) Humongous regions: 4->4
[2024-04-08T22:28:53.249+0800][1550.008s] GC(473) Metaspace: 67643K(68480K)->67643K(68480K) NonClass: 60041K(60480K)->60041K(60480K) Class: 7601K(8000K)->7601K(8000K)
[2024-04-08T22:28:53.249+0800][1550.008s] GC(473) Pause Young (Normal) (G1 Evacuation Pause) 365M->60M(512M) 3.244ms
[2024-04-08T22:28:53.250+0800][1550.008s] GC(473) User=0.00s Sys=0.00s Real=0.00s
[2024-04-08T22:28:55.826+0800][1552.584s] GC(474) Pause Young (Normal) (G1 Evacuation Pause)
[2024-04-08T22:28:55.826+0800][1552.584s] GC(474) Using 13 workers of 13 for evacuation
[2024-04-08T22:28:55.830+0800][1552.588s] GC(474)   Pre Evacuate Collection Set: 0.3ms
[2024-04-08T22:28:55.830+0800][1552.589s] GC(474)   Merge Heap Roots: 0.3ms
[2024-04-08T22:28:55.830+0800][1552.589s] GC(474)   Evacuate Collection Set: 2.3ms
[2024-04-08T22:28:55.830+0800][1552.589s] GC(474)   Post Evacuate Collection Set: 1.1ms
[2024-04-08T22:28:55.830+0800][1552.589s] GC(474)   Other: 0.2ms
[2024-04-08T22:28:55.830+0800][1552.589s] GC(474) Eden regions: 305->0(305)
[2024-04-08T22:28:55.830+0800][1552.589s] GC(474) Survivor regions: 2->2(39)
[2024-04-08T22:28:55.830+0800][1552.589s] GC(474) Old regions: 55->55
[2024-04-08T22:28:55.830+0800][1552.589s] GC(474) Humongous regions: 4->4
[2024-04-08T22:28:55.830+0800][1552.589s] GC(474) Metaspace: 67643K(68480K)->67643K(68480K) NonClass: 60041K(60480K)->60041K(60480K) Class: 7601K(8000K)->7601K(8000K)
[2024-04-08T22:28:55.830+0800][1552.589s] GC(474) Pause Young (Normal) (G1 Evacuation Pause) 365M->60M(512M) 4.497ms
[2024-04-08T22:28:55.830+0800][1552.589s] GC(474) User=0.00s Sys=0.00s Real=0.00s
[2024-04-08T22:28:58.720+0800][1555.479s] GC(475) Pause Young (Normal) (G1 Evacuation Pause)
[2024-04-08T22:28:58.720+0800][1555.479s] GC(475) Using 13 workers of 13 for evacuation
[2024-04-08T22:28:58.724+0800][1555.483s] GC(475)   Pre Evacuate Collection Set: 0.2ms
[2024-04-08T22:28:58.724+0800][1555.483s] GC(475)   Merge Heap Roots: 0.2ms
[2024-04-08T22:28:58.724+0800][1555.483s] GC(475)   Evacuate Collection Set: 2.2ms
[2024-04-08T22:28:58.724+0800][1555.483s] GC(475)   Post Evacuate Collection Set: 0.9ms
[2024-04-08T22:28:58.724+0800][1555.483s] GC(475)   Other: 0.1ms
[2024-04-08T22:28:58.724+0800][1555.483s] GC(475) Eden regions: 305->0(305)
[2024-04-08T22:28:58.724+0800][1555.483s] GC(475) Survivor regions: 2->2(39)
[2024-04-08T22:28:58.724+0800][1555.483s] GC(475) Old regions: 55->55
[2024-04-08T22:28:58.724+0800][1555.483s] GC(475) Humongous regions: 4->4
[2024-04-08T22:28:58.724+0800][1555.483s] GC(475) Metaspace: 67644K(68480K)->67644K(68480K) NonClass: 60042K(60480K)->60042K(60480K) Class: 7601K(8000K)->7601K(8000K)
[2024-04-08T22:28:58.724+0800][1555.483s] GC(475) Pause Young (Normal) (G1 Evacuation Pause) 365M->60M(512M) 4.095ms
[2024-04-08T22:28:58.724+0800][1555.483s] GC(475) User=0.00s Sys=0.00s Real=0.00s
[2024-04-08T22:29:01.445+0800][1558.204s] GC(476) Pause Young (Normal) (G1 Evacuation Pause)
[2024-04-08T22:29:01.445+0800][1558.204s] GC(476) Using 13 workers of 13 for evacuation
[2024-04-08T22:29:01.448+0800][1558.207s] GC(476)   Pre Evacuate Collection Set: 0.2ms
[2024-04-08T22:29:01.448+0800][1558.207s] GC(476)   Merge Heap Roots: 0.2ms
[2024-04-08T22:29:01.448+0800][1558.207s] GC(476)   Evacuate Collection Set: 1.9ms
[2024-04-08T22:29:01.448+0800][1558.207s] GC(476)   Post Evacuate Collection Set: 0.7ms
[2024-04-08T22:29:01.448+0800][1558.207s] GC(476)   Other: 0.2ms
[2024-04-08T22:29:01.448+0800][1558.207s] GC(476) Eden regions: 305->0(305)
[2024-04-08T22:29:01.448+0800][1558.207s] GC(476) Survivor regions: 2->2(39)
[2024-04-08T22:29:01.448+0800][1558.207s] GC(476) Old regions: 55->55
[2024-04-08T22:29:01.448+0800][1558.207s] GC(476) Humongous regions: 4->4
[2024-04-08T22:29:01.449+0800][1558.207s] GC(476) Metaspace: 67645K(68480K)->67645K(68480K) NonClass: 60043K(60480K)->60043K(60480K) Class: 7601K(8000K)->7601K(8000K)
[2024-04-08T22:29:01.449+0800][1558.207s] GC(476) Pause Young (Normal) (G1 Evacuation Pause) 365M->60M(512M) 3.658ms
[2024-04-08T22:29:01.449+0800][1558.208s] GC(476) User=0.20s Sys=0.00s Real=0.00s
[2024-04-08T22:29:03.914+0800][1560.673s] GC(477) Pause Young (Normal) (G1 Evacuation Pause)
[2024-04-08T22:29:03.914+0800][1560.673s] GC(477) Using 13 workers of 13 for evacuation
[2024-04-08T22:29:03.917+0800][1560.676s] GC(477)   Pre Evacuate Collection Set: 0.2ms
[2024-04-08T22:29:03.917+0800][1560.676s] GC(477)   Merge Heap Roots: 0.1ms
[2024-04-08T22:29:03.917+0800][1560.676s] GC(477)   Evacuate Collection Set: 2.0ms
[2024-04-08T22:29:03.917+0800][1560.676s] GC(477)   Post Evacuate Collection Set: 0.5ms
[2024-04-08T22:29:03.917+0800][1560.676s] GC(477)   Other: 0.1ms
[2024-04-08T22:29:03.917+0800][1560.676s] GC(477) Eden regions: 305->0(305)
[2024-04-08T22:29:03.917+0800][1560.676s] GC(477) Survivor regions: 2->2(39)
[2024-04-08T22:29:03.917+0800][1560.676s] GC(477) Old regions: 55->55
[2024-04-08T22:29:03.917+0800][1560.676s] GC(477) Humongous regions: 4->4
[2024-04-08T22:29:03.917+0800][1560.676s] GC(477) Metaspace: 67645K(68480K)->67645K(68480K) NonClass: 60043K(60480K)->60043K(60480K) Class: 7601K(8000K)->7601K(8000K)
[2024-04-08T22:29:03.917+0800][1560.676s] GC(477) Pause Young (Normal) (G1 Evacuation Pause) 365M->60M(512M) 3.290ms
[2024-04-08T22:29:03.918+0800][1560.676s] GC(477) User=0.03s Sys=0.00s Real=0.00s
[2024-04-08T22:29:05.821+0800][1562.579s] GC(478) Pause Young (Normal) (G1 Evacuation Pause)
[2024-04-08T22:29:05.821+0800][1562.579s] GC(478) Using 13 workers of 13 for evacuation
[2024-04-08T22:29:05.824+0800][1562.582s] GC(478)   Pre Evacuate Collection Set: 0.2ms
[2024-04-08T22:29:05.824+0800][1562.582s] GC(478)   Merge Heap Roots: 0.1ms
[2024-04-08T22:29:05.824+0800][1562.582s] GC(478)   Evacuate Collection Set: 1.8ms
[2024-04-08T22:29:05.824+0800][1562.582s] GC(478)   Post Evacuate Collection Set: 0.7ms
[2024-04-08T22:29:05.824+0800][1562.582s] GC(478)   Other: 0.1ms
[2024-04-08T22:29:05.824+0800][1562.582s] GC(478) Eden regions: 305->0(305)
[2024-04-08T22:29:05.824+0800][1562.582s] GC(478) Survivor regions: 2->2(39)
[2024-04-08T22:29:05.824+0800][1562.582s] GC(478) Old regions: 55->55
[2024-04-08T22:29:05.824+0800][1562.582s] GC(478) Humongous regions: 4->4
[2024-04-08T22:29:05.824+0800][1562.582s] GC(478) Metaspace: 67645K(68480K)->67645K(68480K) NonClass: 60043K(60480K)->60043K(60480K) Class: 7601K(8000K)->7601K(8000K)
[2024-04-08T22:29:05.824+0800][1562.582s] GC(478) Pause Young (Normal) (G1 Evacuation Pause) 365M->60M(512M) 3.303ms
[2024-04-08T22:29:05.824+0800][1562.582s] GC(478) User=0.06s Sys=0.00s Real=0.00s
[2024-04-08T22:29:08.457+0800][1565.215s] GC(479) Pause Young (Normal) (G1 Evacuation Pause)
[2024-04-08T22:29:08.457+0800][1565.215s] GC(479) Using 13 workers of 13 for evacuation
[2024-04-08T22:29:08.461+0800][1565.219s] GC(479)   Pre Evacuate Collection Set: 0.3ms
[2024-04-08T22:29:08.461+0800][1565.219s] GC(479)   Merge Heap Roots: 0.2ms
[2024-04-08T22:29:08.461+0800][1565.219s] GC(479)   Evacuate Collection Set: 2.4ms
[2024-04-08T22:29:08.461+0800][1565.219s] GC(479)   Post Evacuate Collection Set: 1.1ms
[2024-04-08T22:29:08.461+0800][1565.219s] GC(479)   Other: 0.1ms
[2024-04-08T22:29:08.461+0800][1565.220s] GC(479) Eden regions: 305->0(305)
[2024-04-08T22:29:08.461+0800][1565.220s] GC(479) Survivor regions: 2->2(39)
[2024-04-08T22:29:08.461+0800][1565.220s] GC(479) Old regions: 55->56
[2024-04-08T22:29:08.461+0800][1565.220s] GC(479) Humongous regions: 4->4
[2024-04-08T22:29:08.461+0800][1565.220s] GC(479) Metaspace: 67645K(68480K)->67645K(68480K) NonClass: 60043K(60480K)->60043K(60480K) Class: 7601K(8000K)->7601K(8000K)
[2024-04-08T22:29:08.461+0800][1565.220s] GC(479) Pause Young (Normal) (G1 Evacuation Pause) 365M->60M(512M) 4.595ms
[2024-04-08T22:29:08.461+0800][1565.220s] GC(479) User=0.00s Sys=0.00s Real=0.00s
[2024-04-08T22:29:10.782+0800][1567.540s] GC(480) Pause Young (Normal) (G1 Evacuation Pause)
[2024-04-08T22:29:10.782+0800][1567.541s] GC(480) Using 13 workers of 13 for evacuation
[2024-04-08T22:29:10.785+0800][1567.544s] GC(480)   Pre Evacuate Collection Set: 0.1ms
[2024-04-08T22:29:10.785+0800][1567.544s] GC(480)   Merge Heap Roots: 0.1ms
[2024-04-08T22:29:10.785+0800][1567.544s] GC(480)   Evacuate Collection Set: 2.0ms
[2024-04-08T22:29:10.785+0800][1567.544s] GC(480)   Post Evacuate Collection Set: 0.6ms
[2024-04-08T22:29:10.785+0800][1567.544s] GC(480)   Other: 0.1ms
[2024-04-08T22:29:10.785+0800][1567.544s] GC(480) Eden regions: 305->0(304)
[2024-04-08T22:29:10.785+0800][1567.544s] GC(480) Survivor regions: 2->3(39)
[2024-04-08T22:29:10.785+0800][1567.544s] GC(480) Old regions: 56->56
[2024-04-08T22:29:10.785+0800][1567.544s] GC(480) Humongous regions: 4->4
[2024-04-08T22:29:10.786+0800][1567.544s] GC(480) Metaspace: 67645K(68480K)->67645K(68480K) NonClass: 60043K(60480K)->60043K(60480K) Class: 7601K(8000K)->7601K(8000K)
[2024-04-08T22:29:10.786+0800][1567.544s] GC(480) Pause Young (Normal) (G1 Evacuation Pause) 365M->61M(512M) 3.673ms
[2024-04-08T22:29:10.786+0800][1567.544s] GC(480) User=0.00s Sys=0.00s Real=0.00s
[2024-04-08T22:29:12.767+0800][1569.526s] GC(481) Pause Young (Normal) (G1 Evacuation Pause)
[2024-04-08T22:29:12.767+0800][1569.526s] GC(481) Using 13 workers of 13 for evacuation
[2024-04-08T22:29:12.770+0800][1569.529s] GC(481)   Pre Evacuate Collection Set: 0.3ms
[2024-04-08T22:29:12.770+0800][1569.529s] GC(481)   Merge Heap Roots: 0.1ms
[2024-04-08T22:29:12.770+0800][1569.529s] GC(481)   Evacuate Collection Set: 1.8ms
[2024-04-08T22:29:12.770+0800][1569.529s] GC(481)   Post Evacuate Collection Set: 0.7ms
[2024-04-08T22:29:12.770+0800][1569.529s] GC(481)   Other: 0.1ms
[2024-04-08T22:29:12.770+0800][1569.529s] GC(481) Eden regions: 304->0(305)
[2024-04-08T22:29:12.770+0800][1569.529s] GC(481) Survivor regions: 3->2(39)
[2024-04-08T22:29:12.770+0800][1569.529s] GC(481) Old regions: 56->56
[2024-04-08T22:29:12.770+0800][1569.529s] GC(481) Humongous regions: 4->4
[2024-04-08T22:29:12.771+0800][1569.529s] GC(481) Metaspace: 67645K(68480K)->67645K(68480K) NonClass: 60043K(60480K)->60043K(60480K) Class: 7601K(8000K)->7601K(8000K)
[2024-04-08T22:29:12.771+0800][1569.529s] GC(481) Pause Young (Normal) (G1 Evacuation Pause) 365M->60M(512M) 3.391ms
[2024-04-08T22:29:12.771+0800][1569.529s] GC(481) User=0.00s Sys=0.00s Real=0.00s
[2024-04-08T22:29:14.960+0800][1571.718s] GC(482) Pause Young (Normal) (G1 Evacuation Pause)
[2024-04-08T22:29:14.960+0800][1571.718s] GC(482) Using 13 workers of 13 for evacuation
[2024-04-08T22:29:14.962+0800][1571.721s] GC(482)   Pre Evacuate Collection Set: 0.1ms
[2024-04-08T22:29:14.962+0800][1571.721s] GC(482)   Merge Heap Roots: 0.1ms
[2024-04-08T22:29:14.962+0800][1571.721s] GC(482)   Evacuate Collection Set: 1.8ms
[2024-04-08T22:29:14.962+0800][1571.721s] GC(482)   Post Evacuate Collection Set: 0.5ms
[2024-04-08T22:29:14.962+0800][1571.721s] GC(482)   Other: 0.1ms
[2024-04-08T22:29:14.962+0800][1571.721s] GC(482) Eden regions: 305->0(305)
[2024-04-08T22:29:14.962+0800][1571.721s] GC(482) Survivor regions: 2->2(39)
[2024-04-08T22:29:14.963+0800][1571.721s] GC(482) Old regions: 56->56
[2024-04-08T22:29:14.963+0800][1571.721s] GC(482) Humongous regions: 4->4
[2024-04-08T22:29:14.963+0800][1571.721s] GC(482) Metaspace: 67645K(68480K)->67645K(68480K) NonClass: 60043K(60480K)->60043K(60480K) Class: 7601K(8000K)->7601K(8000K)
[2024-04-08T22:29:14.963+0800][1571.721s] GC(482) Pause Young (Normal) (G1 Evacuation Pause) 365M->60M(512M) 2.987ms
[2024-04-08T22:29:14.963+0800][1571.721s] GC(482) User=0.02s Sys=0.00s Real=0.00s
[2024-04-08T22:29:16.973+0800][1573.732s] GC(483) Pause Young (Normal) (G1 Evacuation Pause)
[2024-04-08T22:29:16.974+0800][1573.732s] GC(483) Using 13 workers of 13 for evacuation
[2024-04-08T22:29:16.976+0800][1573.735s] GC(483)   Pre Evacuate Collection Set: 0.2ms
[2024-04-08T22:29:16.976+0800][1573.735s] GC(483)   Merge Heap Roots: 0.1ms
[2024-04-08T22:29:16.976+0800][1573.735s] GC(483)   Evacuate Collection Set: 1.6ms
[2024-04-08T22:29:16.976+0800][1573.735s] GC(483)   Post Evacuate Collection Set: 0.6ms
[2024-04-08T22:29:16.976+0800][1573.735s] GC(483)   Other: 0.1ms
[2024-04-08T22:29:16.976+0800][1573.735s] GC(483) Eden regions: 305->0(305)
[2024-04-08T22:29:16.976+0800][1573.735s] GC(483) Survivor regions: 2->2(39)
[2024-04-08T22:29:16.976+0800][1573.735s] GC(483) Old regions: 56->56
[2024-04-08T22:29:16.976+0800][1573.735s] GC(483) Humongous regions: 4->4
[2024-04-08T22:29:16.976+0800][1573.735s] GC(483) Metaspace: 67645K(68480K)->67645K(68480K) NonClass: 60043K(60480K)->60043K(60480K) Class: 7601K(8000K)->7601K(8000K)
[2024-04-08T22:29:16.977+0800][1573.735s] GC(483) Pause Young (Normal) (G1 Evacuation Pause) 365M->60M(512M) 3.128ms
[2024-04-08T22:29:16.977+0800][1573.735s] GC(483) User=0.00s Sys=0.00s Real=0.00s
[2024-04-08T22:29:19.199+0800][1575.958s] GC(484) Pause Young (Normal) (G1 Evacuation Pause)
[2024-04-08T22:29:19.199+0800][1575.958s] GC(484) Using 13 workers of 13 for evacuation
[2024-04-08T22:29:19.202+0800][1575.961s] GC(484)   Pre Evacuate Collection Set: 0.3ms
[2024-04-08T22:29:19.202+0800][1575.961s] GC(484)   Merge Heap Roots: 0.2ms
[2024-04-08T22:29:19.202+0800][1575.961s] GC(484)   Evacuate Collection Set: 1.9ms
[2024-04-08T22:29:19.202+0800][1575.961s] GC(484)   Post Evacuate Collection Set: 0.7ms
[2024-04-08T22:29:19.202+0800][1575.961s] GC(484)   Other: 0.1ms
[2024-04-08T22:29:19.202+0800][1575.961s] GC(484) Eden regions: 305->0(305)
[2024-04-08T22:29:19.202+0800][1575.961s] GC(484) Survivor regions: 2->2(39)
[2024-04-08T22:29:19.202+0800][1575.961s] GC(484) Old regions: 56->56
[2024-04-08T22:29:19.202+0800][1575.961s] GC(484) Humongous regions: 4->4
[2024-04-08T22:29:19.202+0800][1575.961s] GC(484) Metaspace: 67645K(68480K)->67645K(68480K) NonClass: 60043K(60480K)->60043K(60480K) Class: 7601K(8000K)->7601K(8000K)
[2024-04-08T22:29:19.202+0800][1575.961s] GC(484) Pause Young (Normal) (G1 Evacuation Pause) 365M->61M(512M) 3.441ms
[2024-04-08T22:29:19.202+0800][1575.961s] GC(484) User=0.00s Sys=0.00s Real=0.00s
[2024-04-08T22:29:21.366+0800][1578.125s] GC(485) Pause Young (Normal) (G1 Evacuation Pause)
[2024-04-08T22:29:21.366+0800][1578.125s] GC(485) Using 13 workers of 13 for evacuation
[2024-04-08T22:29:21.370+0800][1578.128s] GC(485)   Pre Evacuate Collection Set: 0.1ms
[2024-04-08T22:29:21.370+0800][1578.128s] GC(485)   Merge Heap Roots: 0.1ms
[2024-04-08T22:29:21.370+0800][1578.128s] GC(485)   Evacuate Collection Set: 2.6ms
[2024-04-08T22:29:21.370+0800][1578.129s] GC(485)   Post Evacuate Collection Set: 0.7ms
[2024-04-08T22:29:21.370+0800][1578.129s] GC(485)   Other: 0.1ms
[2024-04-08T22:29:21.370+0800][1578.129s] GC(485) Eden regions: 305->0(305)
[2024-04-08T22:29:21.370+0800][1578.129s] GC(485) Survivor regions: 2->2(39)
[2024-04-08T22:29:21.370+0800][1578.129s] GC(485) Old regions: 56->56
[2024-04-08T22:29:21.370+0800][1578.129s] GC(485) Humongous regions: 4->4
[2024-04-08T22:29:21.370+0800][1578.129s] GC(485) Metaspace: 67645K(68480K)->67645K(68480K) NonClass: 60043K(60480K)->60043K(60480K) Class: 7601K(8000K)->7601K(8000K)
[2024-04-08T22:29:21.370+0800][1578.129s] GC(485) Pause Young (Normal) (G1 Evacuation Pause) 366M->60M(512M) 4.129ms
[2024-04-08T22:29:21.370+0800][1578.129s] GC(485) User=0.03s Sys=0.00s Real=0.00s
[2024-04-08T22:29:23.397+0800][1580.155s] GC(486) Pause Young (Normal) (G1 Evacuation Pause)
[2024-04-08T22:29:23.397+0800][1580.155s] GC(486) Using 13 workers of 13 for evacuation
[2024-04-08T22:29:23.401+0800][1580.159s] GC(486)   Pre Evacuate Collection Set: 0.3ms
[2024-04-08T22:29:23.401+0800][1580.159s] GC(486)   Merge Heap Roots: 0.2ms
[2024-04-08T22:29:23.401+0800][1580.159s] GC(486)   Evacuate Collection Set: 2.3ms
[2024-04-08T22:29:23.401+0800][1580.159s] GC(486)   Post Evacuate Collection Set: 0.9ms
[2024-04-08T22:29:23.401+0800][1580.159s] GC(486)   Other: 0.2ms
[2024-04-08T22:29:23.401+0800][1580.160s] GC(486) Eden regions: 305->0(305)
[2024-04-08T22:29:23.401+0800][1580.160s] GC(486) Survivor regions: 2->2(39)
[2024-04-08T22:29:23.401+0800][1580.160s] GC(486) Old regions: 56->56
[2024-04-08T22:29:23.401+0800][1580.160s] GC(486) Humongous regions: 4->4
[2024-04-08T22:29:23.401+0800][1580.160s] GC(486) Metaspace: 67645K(68480K)->67645K(68480K) NonClass: 60043K(60480K)->60043K(60480K) Class: 7601K(8000K)->7601K(8000K)
[2024-04-08T22:29:23.401+0800][1580.160s] GC(486) Pause Young (Normal) (G1 Evacuation Pause) 365M->60M(512M) 4.345ms
[2024-04-08T22:29:23.401+0800][1580.160s] GC(486) User=0.03s Sys=0.03s Real=0.00s
[2024-04-08T22:29:25.646+0800][1582.405s] GC(487) Pause Young (Normal) (G1 Evacuation Pause)
[2024-04-08T22:29:25.646+0800][1582.405s] GC(487) Using 13 workers of 13 for evacuation
[2024-04-08T22:29:25.649+0800][1582.408s] GC(487)   Pre Evacuate Collection Set: 0.2ms
[2024-04-08T22:29:25.649+0800][1582.408s] GC(487)   Merge Heap Roots: 0.2ms
[2024-04-08T22:29:25.649+0800][1582.408s] GC(487)   Evacuate Collection Set: 2.1ms
[2024-04-08T22:29:25.649+0800][1582.408s] GC(487)   Post Evacuate Collection Set: 0.7ms
[2024-04-08T22:29:25.649+0800][1582.408s] GC(487)   Other: 0.1ms
[2024-04-08T22:29:25.649+0800][1582.408s] GC(487) Eden regions: 305->0(305)
[2024-04-08T22:29:25.649+0800][1582.408s] GC(487) Survivor regions: 2->2(39)
[2024-04-08T22:29:25.649+0800][1582.408s] GC(487) Old regions: 56->56
[2024-04-08T22:29:25.649+0800][1582.408s] GC(487) Humongous regions: 4->4
[2024-04-08T22:29:25.649+0800][1582.408s] GC(487) Metaspace: 67645K(68480K)->67645K(68480K) NonClass: 60043K(60480K)->60043K(60480K) Class: 7601K(8000K)->7601K(8000K)
[2024-04-08T22:29:25.649+0800][1582.408s] GC(487) Pause Young (Normal) (G1 Evacuation Pause) 365M->60M(512M) 3.593ms
[2024-04-08T22:29:25.649+0800][1582.408s] GC(487) User=0.00s Sys=0.00s Real=0.00s
[2024-04-08T22:29:27.706+0800][1584.465s] GC(488) Pause Young (Normal) (G1 Evacuation Pause)
[2024-04-08T22:29:27.706+0800][1584.465s] GC(488) Using 13 workers of 13 for evacuation
[2024-04-08T22:29:27.710+0800][1584.469s] GC(488)   Pre Evacuate Collection Set: 0.3ms
[2024-04-08T22:29:27.710+0800][1584.469s] GC(488)   Merge Heap Roots: 0.2ms
[2024-04-08T22:29:27.710+0800][1584.469s] GC(488)   Evacuate Collection Set: 2.4ms
[2024-04-08T22:29:27.710+0800][1584.469s] GC(488)   Post Evacuate Collection Set: 0.9ms
[2024-04-08T22:29:27.710+0800][1584.469s] GC(488)   Other: 0.1ms
[2024-04-08T22:29:27.710+0800][1584.469s] GC(488) Eden regions: 305->0(304)
[2024-04-08T22:29:27.710+0800][1584.469s] GC(488) Survivor regions: 2->3(39)
[2024-04-08T22:29:27.710+0800][1584.469s] GC(488) Old regions: 56->56
[2024-04-08T22:29:27.710+0800][1584.469s] GC(488) Humongous regions: 4->4
[2024-04-08T22:29:27.710+0800][1584.469s] GC(488) Metaspace: 67645K(68480K)->67645K(68480K) NonClass: 60043K(60480K)->60043K(60480K) Class: 7601K(8000K)->7601K(8000K)
[2024-04-08T22:29:27.710+0800][1584.469s] GC(488) Pause Young (Normal) (G1 Evacuation Pause) 365M->61M(512M) 4.332ms
[2024-04-08T22:29:27.710+0800][1584.469s] GC(488) User=0.00s Sys=0.00s Real=0.00s
[2024-04-08T22:29:29.860+0800][1586.619s] GC(489) Pause Young (Normal) (G1 Evacuation Pause)
[2024-04-08T22:29:29.860+0800][1586.619s] GC(489) Using 13 workers of 13 for evacuation
[2024-04-08T22:29:29.864+0800][1586.623s] GC(489)   Pre Evacuate Collection Set: 0.2ms
[2024-04-08T22:29:29.864+0800][1586.623s] GC(489)   Merge Heap Roots: 0.2ms
[2024-04-08T22:29:29.864+0800][1586.623s] GC(489)   Evacuate Collection Set: 2.5ms
[2024-04-08T22:29:29.864+0800][1586.623s] GC(489)   Post Evacuate Collection Set: 0.7ms
[2024-04-08T22:29:29.864+0800][1586.623s] GC(489)   Other: 0.1ms
[2024-04-08T22:29:29.864+0800][1586.623s] GC(489) Eden regions: 304->0(304)
[2024-04-08T22:29:29.864+0800][1586.623s] GC(489) Survivor regions: 3->3(39)
[2024-04-08T22:29:29.864+0800][1586.623s] GC(489) Old regions: 56->56
[2024-04-08T22:29:29.864+0800][1586.623s] GC(489) Humongous regions: 4->4
[2024-04-08T22:29:29.864+0800][1586.623s] GC(489) Metaspace: 67645K(68480K)->67645K(68480K) NonClass: 60043K(60480K)->60043K(60480K) Class: 7601K(8000K)->7601K(8000K)
[2024-04-08T22:29:29.864+0800][1586.623s] GC(489) Pause Young (Normal) (G1 Evacuation Pause) 365M->61M(512M) 4.043ms
[2024-04-08T22:29:29.864+0800][1586.623s] GC(489) User=0.00s Sys=0.00s Real=0.00s
[2024-04-08T22:29:32.025+0800][1588.783s] GC(490) Pause Young (Normal) (G1 Evacuation Pause)
[2024-04-08T22:29:32.025+0800][1588.783s] GC(490) Using 13 workers of 13 for evacuation
[2024-04-08T22:29:32.028+0800][1588.786s] GC(490)   Pre Evacuate Collection Set: 0.2ms
[2024-04-08T22:29:32.028+0800][1588.786s] GC(490)   Merge Heap Roots: 0.1ms
[2024-04-08T22:29:32.028+0800][1588.786s] GC(490)   Evacuate Collection Set: 2.0ms
[2024-04-08T22:29:32.028+0800][1588.786s] GC(490)   Post Evacuate Collection Set: 0.7ms
[2024-04-08T22:29:32.028+0800][1588.786s] GC(490)   Other: 0.1ms
[2024-04-08T22:29:32.028+0800][1588.786s] GC(490) Eden regions: 304->0(305)
[2024-04-08T22:29:32.028+0800][1588.786s] GC(490) Survivor regions: 3->2(39)
[2024-04-08T22:29:32.028+0800][1588.786s] GC(490) Old regions: 56->56
[2024-04-08T22:29:32.028+0800][1588.786s] GC(490) Humongous regions: 4->4
[2024-04-08T22:29:32.028+0800][1588.786s] GC(490) Metaspace: 67647K(68480K)->67647K(68480K) NonClass: 60045K(60480K)->60045K(60480K) Class: 7601K(8000K)->7601K(8000K)
[2024-04-08T22:29:32.028+0800][1588.786s] GC(490) Pause Young (Normal) (G1 Evacuation Pause) 365M->60M(512M) 3.574ms
[2024-04-08T22:29:32.028+0800][1588.786s] GC(490) User=0.16s Sys=0.02s Real=0.00s
[2024-04-08T22:29:34.227+0800][1590.985s] GC(491) Pause Young (Normal) (G1 Evacuation Pause)
[2024-04-08T22:29:34.227+0800][1590.985s] GC(491) Using 13 workers of 13 for evacuation
[2024-04-08T22:29:34.231+0800][1590.989s] GC(491)   Pre Evacuate Collection Set: 0.2ms
[2024-04-08T22:29:34.231+0800][1590.989s] GC(491)   Merge Heap Roots: 0.1ms
[2024-04-08T22:29:34.231+0800][1590.989s] GC(491)   Evacuate Collection Set: 2.4ms
[2024-04-08T22:29:34.231+0800][1590.989s] GC(491)   Post Evacuate Collection Set: 0.6ms
[2024-04-08T22:29:34.231+0800][1590.989s] GC(491)   Other: 0.1ms
[2024-04-08T22:29:34.231+0800][1590.989s] GC(491) Eden regions: 305->0(305)
[2024-04-08T22:29:34.231+0800][1590.989s] GC(491) Survivor regions: 2->2(39)
[2024-04-08T22:29:34.231+0800][1590.989s] GC(491) Old regions: 56->56
[2024-04-08T22:29:34.231+0800][1590.989s] GC(491) Humongous regions: 4->4
[2024-04-08T22:29:34.231+0800][1590.989s] GC(491) Metaspace: 67647K(68480K)->67647K(68480K) NonClass: 60045K(60480K)->60045K(60480K) Class: 7601K(8000K)->7601K(8000K)
[2024-04-08T22:29:34.231+0800][1590.989s] GC(491) Pause Young (Normal) (G1 Evacuation Pause) 365M->60M(512M) 4.152ms
[2024-04-08T22:29:34.231+0800][1590.989s] GC(491) User=0.14s Sys=0.00s Real=0.00s
[2024-04-08T22:29:36.243+0800][1593.002s] GC(492) Pause Young (Normal) (G1 Evacuation Pause)
[2024-04-08T22:29:36.243+0800][1593.002s] GC(492) Using 13 workers of 13 for evacuation
[2024-04-08T22:29:36.246+0800][1593.005s] GC(492)   Pre Evacuate Collection Set: 0.2ms
[2024-04-08T22:29:36.246+0800][1593.005s] GC(492)   Merge Heap Roots: 0.1ms
[2024-04-08T22:29:36.246+0800][1593.005s] GC(492)   Evacuate Collection Set: 1.8ms
[2024-04-08T22:29:36.246+0800][1593.005s] GC(492)   Post Evacuate Collection Set: 0.6ms
[2024-04-08T22:29:36.246+0800][1593.005s] GC(492)   Other: 0.1ms
[2024-04-08T22:29:36.246+0800][1593.005s] GC(492) Eden regions: 305->0(305)
[2024-04-08T22:29:36.246+0800][1593.005s] GC(492) Survivor regions: 2->2(39)
[2024-04-08T22:29:36.246+0800][1593.005s] GC(492) Old regions: 56->56
[2024-04-08T22:29:36.247+0800][1593.005s] GC(492) Humongous regions: 4->4
[2024-04-08T22:29:36.247+0800][1593.005s] GC(492) Metaspace: 67647K(68480K)->67647K(68480K) NonClass: 60045K(60480K)->60045K(60480K) Class: 7601K(8000K)->7601K(8000K)
[2024-04-08T22:29:36.247+0800][1593.005s] GC(492) Pause Young (Normal) (G1 Evacuation Pause) 365M->60M(512M) 3.250ms
[2024-04-08T22:29:36.247+0800][1593.005s] GC(492) User=0.00s Sys=0.02s Real=0.00s
[2024-04-08T22:29:38.428+0800][1595.187s] GC(493) Pause Young (Normal) (G1 Evacuation Pause)
[2024-04-08T22:29:38.429+0800][1595.187s] GC(493) Using 13 workers of 13 for evacuation
[2024-04-08T22:29:38.432+0800][1595.190s] GC(493)   Pre Evacuate Collection Set: 0.1ms
[2024-04-08T22:29:38.432+0800][1595.190s] GC(493)   Merge Heap Roots: 0.1ms
[2024-04-08T22:29:38.432+0800][1595.190s] GC(493)   Evacuate Collection Set: 2.0ms
[2024-04-08T22:29:38.432+0800][1595.190s] GC(493)   Post Evacuate Collection Set: 0.6ms
[2024-04-08T22:29:38.432+0800][1595.190s] GC(493)   Other: 0.1ms
[2024-04-08T22:29:38.432+0800][1595.190s] GC(493) Eden regions: 305->0(305)
[2024-04-08T22:29:38.432+0800][1595.190s] GC(493) Survivor regions: 2->2(39)
[2024-04-08T22:29:38.432+0800][1595.190s] GC(493) Old regions: 56->56
[2024-04-08T22:29:38.432+0800][1595.190s] GC(493) Humongous regions: 4->4
[2024-04-08T22:29:38.432+0800][1595.190s] GC(493) Metaspace: 67647K(68480K)->67647K(68480K) NonClass: 60045K(60480K)->60045K(60480K) Class: 7601K(8000K)->7601K(8000K)
[2024-04-08T22:29:38.432+0800][1595.190s] GC(493) Pause Young (Normal) (G1 Evacuation Pause) 365M->60M(512M) 3.513ms
[2024-04-08T22:29:38.432+0800][1595.190s] GC(493) User=0.05s Sys=0.05s Real=0.00s
[2024-04-08T22:29:40.438+0800][1597.196s] GC(494) Pause Young (Normal) (G1 Evacuation Pause)
[2024-04-08T22:29:40.438+0800][1597.196s] GC(494) Using 13 workers of 13 for evacuation
[2024-04-08T22:29:40.443+0800][1597.201s] GC(494)   Pre Evacuate Collection Set: 0.3ms
[2024-04-08T22:29:40.443+0800][1597.201s] GC(494)   Merge Heap Roots: 0.2ms
[2024-04-08T22:29:40.443+0800][1597.201s] GC(494)   Evacuate Collection Set: 3.0ms
[2024-04-08T22:29:40.443+0800][1597.201s] GC(494)   Post Evacuate Collection Set: 0.8ms
[2024-04-08T22:29:40.443+0800][1597.201s] GC(494)   Other: 0.7ms
[2024-04-08T22:29:40.443+0800][1597.202s] GC(494) Eden regions: 305->0(305)
[2024-04-08T22:29:40.443+0800][1597.202s] GC(494) Survivor regions: 2->2(39)
[2024-04-08T22:29:40.443+0800][1597.202s] GC(494) Old regions: 56->56
[2024-04-08T22:29:40.443+0800][1597.202s] GC(494) Humongous regions: 4->4
[2024-04-08T22:29:40.443+0800][1597.202s] GC(494) Metaspace: 67647K(68480K)->67647K(68480K) NonClass: 60045K(60480K)->60045K(60480K) Class: 7601K(8000K)->7601K(8000K)
[2024-04-08T22:29:40.443+0800][1597.202s] GC(494) Pause Young (Normal) (G1 Evacuation Pause) 365M->60M(512M) 5.321ms
[2024-04-08T22:29:40.443+0800][1597.202s] GC(494) User=0.00s Sys=0.00s Real=0.01s
[2024-04-08T22:29:42.615+0800][1599.373s] GC(495) Pause Young (Normal) (G1 Evacuation Pause)
[2024-04-08T22:29:42.615+0800][1599.373s] GC(495) Using 13 workers of 13 for evacuation
[2024-04-08T22:29:42.617+0800][1599.376s] GC(495)   Pre Evacuate Collection Set: 0.2ms
[2024-04-08T22:29:42.617+0800][1599.376s] GC(495)   Merge Heap Roots: 0.1ms
[2024-04-08T22:29:42.617+0800][1599.376s] GC(495)   Evacuate Collection Set: 1.5ms
[2024-04-08T22:29:42.617+0800][1599.376s] GC(495)   Post Evacuate Collection Set: 0.6ms
[2024-04-08T22:29:42.618+0800][1599.376s] GC(495)   Other: 0.1ms
[2024-04-08T22:29:42.618+0800][1599.376s] GC(495) Eden regions: 305->0(305)
[2024-04-08T22:29:42.618+0800][1599.376s] GC(495) Survivor regions: 2->2(39)
[2024-04-08T22:29:42.618+0800][1599.376s] GC(495) Old regions: 56->56
[2024-04-08T22:29:42.618+0800][1599.376s] GC(495) Humongous regions: 4->4
[2024-04-08T22:29:42.618+0800][1599.376s] GC(495) Metaspace: 67647K(68480K)->67647K(68480K) NonClass: 60045K(60480K)->60045K(60480K) Class: 7601K(8000K)->7601K(8000K)
[2024-04-08T22:29:42.618+0800][1599.376s] GC(495) Pause Young (Normal) (G1 Evacuation Pause) 365M->61M(512M) 2.926ms
[2024-04-08T22:29:42.618+0800][1599.376s] GC(495) User=0.00s Sys=0.00s Real=0.00s
[2024-04-08T22:29:44.717+0800][1601.476s] GC(496) Pause Young (Normal) (G1 Evacuation Pause)
[2024-04-08T22:29:44.718+0800][1601.476s] GC(496) Using 13 workers of 13 for evacuation
[2024-04-08T22:29:44.722+0800][1601.480s] GC(496)   Pre Evacuate Collection Set: 0.3ms
[2024-04-08T22:29:44.722+0800][1601.480s] GC(496)   Merge Heap Roots: 0.2ms
[2024-04-08T22:29:44.722+0800][1601.480s] GC(496)   Evacuate Collection Set: 2.6ms
[2024-04-08T22:29:44.722+0800][1601.480s] GC(496)   Post Evacuate Collection Set: 0.9ms
[2024-04-08T22:29:44.722+0800][1601.480s] GC(496)   Other: 0.2ms
[2024-04-08T22:29:44.722+0800][1601.480s] GC(496) Eden regions: 305->0(305)
[2024-04-08T22:29:44.722+0800][1601.480s] GC(496) Survivor regions: 2->2(39)
[2024-04-08T22:29:44.722+0800][1601.481s] GC(496) Old regions: 56->56
[2024-04-08T22:29:44.722+0800][1601.481s] GC(496) Humongous regions: 4->4
[2024-04-08T22:29:44.722+0800][1601.481s] GC(496) Metaspace: 67647K(68480K)->67647K(68480K) NonClass: 60045K(60480K)->60045K(60480K) Class: 7601K(8000K)->7601K(8000K)
[2024-04-08T22:29:44.722+0800][1601.481s] GC(496) Pause Young (Normal) (G1 Evacuation Pause) 366M->61M(512M) 4.682ms
[2024-04-08T22:29:44.722+0800][1601.481s] GC(496) User=0.00s Sys=0.00s Real=0.00s
[2024-04-08T22:29:46.922+0800][1603.680s] GC(497) Pause Young (Normal) (G1 Evacuation Pause)
[2024-04-08T22:29:46.922+0800][1603.680s] GC(497) Using 13 workers of 13 for evacuation
[2024-04-08T22:29:46.924+0800][1603.683s] GC(497)   Pre Evacuate Collection Set: 0.2ms
[2024-04-08T22:29:46.924+0800][1603.683s] GC(497)   Merge Heap Roots: 0.1ms
[2024-04-08T22:29:46.924+0800][1603.683s] GC(497)   Evacuate Collection Set: 1.6ms
[2024-04-08T22:29:46.924+0800][1603.683s] GC(497)   Post Evacuate Collection Set: 0.4ms
[2024-04-08T22:29:46.924+0800][1603.683s] GC(497)   Other: 0.1ms
[2024-04-08T22:29:46.924+0800][1603.683s] GC(497) Eden regions: 305->0(305)
[2024-04-08T22:29:46.924+0800][1603.683s] GC(497) Survivor regions: 2->2(39)
[2024-04-08T22:29:46.924+0800][1603.683s] GC(497) Old regions: 56->56
[2024-04-08T22:29:46.924+0800][1603.683s] GC(497) Humongous regions: 4->4
[2024-04-08T22:29:46.924+0800][1603.683s] GC(497) Metaspace: 67647K(68480K)->67647K(68480K) NonClass: 60045K(60480K)->60045K(60480K) Class: 7601K(8000K)->7601K(8000K)
[2024-04-08T22:29:46.924+0800][1603.683s] GC(497) Pause Young (Normal) (G1 Evacuation Pause) 366M->60M(512M) 2.782ms
[2024-04-08T22:29:46.924+0800][1603.683s] GC(497) User=0.00s Sys=0.00s Real=0.00s
[2024-04-08T22:29:49.213+0800][1605.972s] GC(498) Pause Young (Normal) (G1 Evacuation Pause)
[2024-04-08T22:29:49.214+0800][1605.972s] GC(498) Using 13 workers of 13 for evacuation
[2024-04-08T22:29:49.217+0800][1605.975s] GC(498)   Pre Evacuate Collection Set: 0.2ms
[2024-04-08T22:29:49.217+0800][1605.975s] GC(498)   Merge Heap Roots: 0.1ms
[2024-04-08T22:29:49.217+0800][1605.975s] GC(498)   Evacuate Collection Set: 2.0ms
[2024-04-08T22:29:49.217+0800][1605.975s] GC(498)   Post Evacuate Collection Set: 0.5ms
[2024-04-08T22:29:49.217+0800][1605.975s] GC(498)   Other: 0.1ms
[2024-04-08T22:29:49.217+0800][1605.975s] GC(498) Eden regions: 305->0(305)
[2024-04-08T22:29:49.217+0800][1605.975s] GC(498) Survivor regions: 2->2(39)
[2024-04-08T22:29:49.217+0800][1605.975s] GC(498) Old regions: 56->56
[2024-04-08T22:29:49.217+0800][1605.975s] GC(498) Humongous regions: 4->4
[2024-04-08T22:29:49.217+0800][1605.975s] GC(498) Metaspace: 67647K(68480K)->67647K(68480K) NonClass: 60045K(60480K)->60045K(60480K) Class: 7601K(8000K)->7601K(8000K)
[2024-04-08T22:29:49.217+0800][1605.975s] GC(498) Pause Young (Normal) (G1 Evacuation Pause) 365M->61M(512M) 3.305ms
[2024-04-08T22:29:49.217+0800][1605.975s] GC(498) User=0.00s Sys=0.00s Real=0.00s
[2024-04-08T22:29:51.460+0800][1608.219s] GC(499) Pause Young (Normal) (G1 Evacuation Pause)
[2024-04-08T22:29:51.461+0800][1608.219s] GC(499) Using 13 workers of 13 for evacuation
[2024-04-08T22:29:51.464+0800][1608.222s] GC(499)   Pre Evacuate Collection Set: 0.2ms
[2024-04-08T22:29:51.464+0800][1608.222s] GC(499)   Merge Heap Roots: 0.1ms
[2024-04-08T22:29:51.464+0800][1608.222s] GC(499)   Evacuate Collection Set: 2.1ms
[2024-04-08T22:29:51.464+0800][1608.222s] GC(499)   Post Evacuate Collection Set: 0.5ms
[2024-04-08T22:29:51.464+0800][1608.222s] GC(499)   Other: 0.1ms
[2024-04-08T22:29:51.464+0800][1608.222s] GC(499) Eden regions: 305->0(305)
[2024-04-08T22:29:51.464+0800][1608.222s] GC(499) Survivor regions: 2->2(39)
[2024-04-08T22:29:51.464+0800][1608.222s] GC(499) Old regions: 56->56
[2024-04-08T22:29:51.464+0800][1608.222s] GC(499) Humongous regions: 4->4
[2024-04-08T22:29:51.464+0800][1608.222s] GC(499) Metaspace: 67647K(68480K)->67647K(68480K) NonClass: 60045K(60480K)->60045K(60480K) Class: 7601K(8000K)->7601K(8000K)
[2024-04-08T22:29:51.464+0800][1608.222s] GC(499) Pause Young (Normal) (G1 Evacuation Pause) 366M->60M(512M) 3.472ms
[2024-04-08T22:29:51.464+0800][1608.222s] GC(499) User=0.03s Sys=0.00s Real=0.00s
[2024-04-08T22:29:53.537+0800][1610.296s] GC(500) Pause Young (Normal) (G1 Evacuation Pause)
[2024-04-08T22:29:53.537+0800][1610.296s] GC(500) Using 13 workers of 13 for evacuation
[2024-04-08T22:29:53.540+0800][1610.298s] GC(500)   Pre Evacuate Collection Set: 0.2ms
[2024-04-08T22:29:53.540+0800][1610.298s] GC(500)   Merge Heap Roots: 0.1ms
[2024-04-08T22:29:53.540+0800][1610.298s] GC(500)   Evacuate Collection Set: 1.6ms
[2024-04-08T22:29:53.540+0800][1610.298s] GC(500)   Post Evacuate Collection Set: 0.6ms
[2024-04-08T22:29:53.540+0800][1610.299s] GC(500)   Other: 0.1ms
[2024-04-08T22:29:53.540+0800][1610.299s] GC(500) Eden regions: 305->0(305)
[2024-04-08T22:29:53.540+0800][1610.299s] GC(500) Survivor regions: 2->2(39)
[2024-04-08T22:29:53.540+0800][1610.299s] GC(500) Old regions: 56->56
[2024-04-08T22:29:53.540+0800][1610.299s] GC(500) Humongous regions: 4->4
[2024-04-08T22:29:53.540+0800][1610.299s] GC(500) Metaspace: 67647K(68480K)->67647K(68480K) NonClass: 60045K(60480K)->60045K(60480K) Class: 7601K(8000K)->7601K(8000K)
[2024-04-08T22:29:53.540+0800][1610.299s] GC(500) Pause Young (Normal) (G1 Evacuation Pause) 365M->61M(512M) 3.131ms
[2024-04-08T22:29:53.540+0800][1610.299s] GC(500) User=0.00s Sys=0.00s Real=0.00s
[2024-04-08T22:29:55.712+0800][1612.471s] GC(501) Pause Young (Normal) (G1 Evacuation Pause)
[2024-04-08T22:29:55.713+0800][1612.471s] GC(501) Using 13 workers of 13 for evacuation
[2024-04-08T22:29:55.716+0800][1612.474s] GC(501)   Pre Evacuate Collection Set: 0.2ms
[2024-04-08T22:29:55.716+0800][1612.475s] GC(501)   Merge Heap Roots: 0.2ms
[2024-04-08T22:29:55.716+0800][1612.475s] GC(501)   Evacuate Collection Set: 2.0ms
[2024-04-08T22:29:55.716+0800][1612.475s] GC(501)   Post Evacuate Collection Set: 0.8ms
[2024-04-08T22:29:55.716+0800][1612.475s] GC(501)   Other: 0.2ms
[2024-04-08T22:29:55.716+0800][1612.475s] GC(501) Eden regions: 305->0(305)
[2024-04-08T22:29:55.716+0800][1612.475s] GC(501) Survivor regions: 2->2(39)
[2024-04-08T22:29:55.716+0800][1612.475s] GC(501) Old regions: 56->56
[2024-04-08T22:29:55.716+0800][1612.475s] GC(501) Humongous regions: 4->4
[2024-04-08T22:29:55.716+0800][1612.475s] GC(501) Metaspace: 67647K(68480K)->67647K(68480K) NonClass: 60045K(60480K)->60045K(60480K) Class: 7601K(8000K)->7601K(8000K)
[2024-04-08T22:29:55.716+0800][1612.475s] GC(501) Pause Young (Normal) (G1 Evacuation Pause) 366M->61M(512M) 4.037ms
[2024-04-08T22:29:55.717+0800][1612.475s] GC(501) User=0.02s Sys=0.00s Real=0.01s
[2024-04-08T22:29:57.813+0800][1614.572s] GC(502) Pause Young (Normal) (G1 Evacuation Pause)
[2024-04-08T22:29:57.813+0800][1614.572s] GC(502) Using 13 workers of 13 for evacuation
[2024-04-08T22:29:57.817+0800][1614.576s] GC(502)   Pre Evacuate Collection Set: 0.4ms
[2024-04-08T22:29:57.817+0800][1614.576s] GC(502)   Merge Heap Roots: 0.2ms
[2024-04-08T22:29:57.817+0800][1614.576s] GC(502)   Evacuate Collection Set: 2.2ms
[2024-04-08T22:29:57.817+0800][1614.576s] GC(502)   Post Evacuate Collection Set: 1.0ms
[2024-04-08T22:29:57.817+0800][1614.576s] GC(502)   Other: 0.1ms
[2024-04-08T22:29:57.817+0800][1614.576s] GC(502) Eden regions: 305->0(305)
[2024-04-08T22:29:57.817+0800][1614.576s] GC(502) Survivor regions: 2->2(39)
[2024-04-08T22:29:57.817+0800][1614.576s] GC(502) Old regions: 56->56
[2024-04-08T22:29:57.817+0800][1614.576s] GC(502) Humongous regions: 4->4
[2024-04-08T22:29:57.817+0800][1614.576s] GC(502) Metaspace: 67647K(68480K)->67647K(68480K) NonClass: 60045K(60480K)->60045K(60480K) Class: 7601K(8000K)->7601K(8000K)
[2024-04-08T22:29:57.817+0800][1614.576s] GC(502) Pause Young (Normal) (G1 Evacuation Pause) 366M->60M(512M) 4.204ms
[2024-04-08T22:29:57.817+0800][1614.576s] GC(502) User=0.00s Sys=0.00s Real=0.00s
[2024-04-08T22:29:59.796+0800][1616.555s] GC(503) Pause Young (Normal) (G1 Evacuation Pause)
[2024-04-08T22:29:59.796+0800][1616.555s] GC(503) Using 13 workers of 13 for evacuation
[2024-04-08T22:29:59.799+0800][1616.557s] GC(503)   Pre Evacuate Collection Set: 0.2ms
[2024-04-08T22:29:59.799+0800][1616.557s] GC(503)   Merge Heap Roots: 0.1ms
[2024-04-08T22:29:59.799+0800][1616.557s] GC(503)   Evacuate Collection Set: 1.3ms
[2024-04-08T22:29:59.799+0800][1616.557s] GC(503)   Post Evacuate Collection Set: 0.6ms
[2024-04-08T22:29:59.799+0800][1616.557s] GC(503)   Other: 0.2ms
[2024-04-08T22:29:59.799+0800][1616.557s] GC(503) Eden regions: 305->0(305)
[2024-04-08T22:29:59.799+0800][1616.557s] GC(503) Survivor regions: 2->2(39)
[2024-04-08T22:29:59.799+0800][1616.557s] GC(503) Old regions: 56->56
[2024-04-08T22:29:59.799+0800][1616.557s] GC(503) Humongous regions: 4->4
[2024-04-08T22:29:59.799+0800][1616.557s] GC(503) Metaspace: 67647K(68480K)->67647K(68480K) NonClass: 60045K(60480K)->60045K(60480K) Class: 7601K(8000K)->7601K(8000K)
[2024-04-08T22:29:59.799+0800][1616.557s] GC(503) Pause Young (Normal) (G1 Evacuation Pause) 365M->60M(512M) 2.779ms
[2024-04-08T22:29:59.799+0800][1616.557s] GC(503) User=0.00s Sys=0.00s Real=0.00s
[2024-04-08T22:30:02.142+0800][1618.900s] GC(504) Pause Young (Normal) (G1 Evacuation Pause)
[2024-04-08T22:30:02.142+0800][1618.900s] GC(504) Using 13 workers of 13 for evacuation
[2024-04-08T22:30:02.146+0800][1618.904s] GC(504)   Pre Evacuate Collection Set: 0.3ms
[2024-04-08T22:30:02.146+0800][1618.904s] GC(504)   Merge Heap Roots: 0.4ms
[2024-04-08T22:30:02.146+0800][1618.904s] GC(504)   Evacuate Collection Set: 2.3ms
[2024-04-08T22:30:02.146+0800][1618.904s] GC(504)   Post Evacuate Collection Set: 0.8ms
[2024-04-08T22:30:02.146+0800][1618.904s] GC(504)   Other: 0.1ms
[2024-04-08T22:30:02.146+0800][1618.904s] GC(504) Eden regions: 305->0(305)
[2024-04-08T22:30:02.146+0800][1618.904s] GC(504) Survivor regions: 2->2(39)
[2024-04-08T22:30:02.146+0800][1618.904s] GC(504) Old regions: 56->56
[2024-04-08T22:30:02.146+0800][1618.904s] GC(504) Humongous regions: 4->4
[2024-04-08T22:30:02.146+0800][1618.904s] GC(504) Metaspace: 67647K(68480K)->67647K(68480K) NonClass: 60045K(60480K)->60045K(60480K) Class: 7601K(8000K)->7601K(8000K)
[2024-04-08T22:30:02.146+0800][1618.904s] GC(504) Pause Young (Normal) (G1 Evacuation Pause) 365M->61M(512M) 4.207ms
[2024-04-08T22:30:02.146+0800][1618.904s] GC(504) User=0.00s Sys=0.00s Real=0.00s
[2024-04-08T22:30:04.399+0800][1621.157s] GC(505) Pause Young (Normal) (G1 Evacuation Pause)
[2024-04-08T22:30:04.399+0800][1621.157s] GC(505) Using 13 workers of 13 for evacuation
[2024-04-08T22:30:04.402+0800][1621.161s] GC(505)   Pre Evacuate Collection Set: 0.2ms
[2024-04-08T22:30:04.403+0800][1621.161s] GC(505)   Merge Heap Roots: 0.2ms
[2024-04-08T22:30:04.403+0800][1621.161s] GC(505)   Evacuate Collection Set: 2.0ms
[2024-04-08T22:30:04.403+0800][1621.161s] GC(505)   Post Evacuate Collection Set: 1.0ms
[2024-04-08T22:30:04.403+0800][1621.161s] GC(505)   Other: 0.1ms
[2024-04-08T22:30:04.403+0800][1621.161s] GC(505) Eden regions: 305->0(305)
[2024-04-08T22:30:04.403+0800][1621.161s] GC(505) Survivor regions: 2->2(39)
[2024-04-08T22:30:04.403+0800][1621.161s] GC(505) Old regions: 56->56
[2024-04-08T22:30:04.403+0800][1621.161s] GC(505) Humongous regions: 4->4
[2024-04-08T22:30:04.403+0800][1621.161s] GC(505) Metaspace: 67647K(68480K)->67647K(68480K) NonClass: 60045K(60480K)->60045K(60480K) Class: 7601K(8000K)->7601K(8000K)
[2024-04-08T22:30:04.403+0800][1621.161s] GC(505) Pause Young (Normal) (G1 Evacuation Pause) 366M->60M(512M) 4.035ms
[2024-04-08T22:30:04.403+0800][1621.161s] GC(505) User=0.03s Sys=0.00s Real=0.00s
[2024-04-08T22:30:06.633+0800][1623.392s] GC(506) Pause Young (Normal) (G1 Evacuation Pause)
[2024-04-08T22:30:06.633+0800][1623.392s] GC(506) Using 13 workers of 13 for evacuation
[2024-04-08T22:30:06.636+0800][1623.395s] GC(506)   Pre Evacuate Collection Set: 0.2ms
[2024-04-08T22:30:06.636+0800][1623.395s] GC(506)   Merge Heap Roots: 0.1ms
[2024-04-08T22:30:06.636+0800][1623.395s] GC(506)   Evacuate Collection Set: 2.1ms
[2024-04-08T22:30:06.636+0800][1623.395s] GC(506)   Post Evacuate Collection Set: 0.6ms
[2024-04-08T22:30:06.636+0800][1623.395s] GC(506)   Other: 0.1ms
[2024-04-08T22:30:06.636+0800][1623.395s] GC(506) Eden regions: 305->0(305)
[2024-04-08T22:30:06.636+0800][1623.395s] GC(506) Survivor regions: 2->2(39)
[2024-04-08T22:30:06.636+0800][1623.395s] GC(506) Old regions: 56->56
[2024-04-08T22:30:06.637+0800][1623.395s] GC(506) Humongous regions: 4->4
[2024-04-08T22:30:06.637+0800][1623.395s] GC(506) Metaspace: 67647K(68480K)->67647K(68480K) NonClass: 60045K(60480K)->60045K(60480K) Class: 7601K(8000K)->7601K(8000K)
[2024-04-08T22:30:06.637+0800][1623.395s] GC(506) Pause Young (Normal) (G1 Evacuation Pause) 365M->61M(512M) 3.617ms
[2024-04-08T22:30:06.637+0800][1623.395s] GC(506) User=0.05s Sys=0.00s Real=0.00s
[2024-04-08T22:30:08.699+0800][1625.458s] GC(507) Pause Young (Normal) (G1 Evacuation Pause)
[2024-04-08T22:30:08.699+0800][1625.458s] GC(507) Using 13 workers of 13 for evacuation
[2024-04-08T22:30:08.703+0800][1625.462s] GC(507)   Pre Evacuate Collection Set: 0.2ms
[2024-04-08T22:30:08.703+0800][1625.462s] GC(507)   Merge Heap Roots: 0.2ms
[2024-04-08T22:30:08.703+0800][1625.462s] GC(507)   Evacuate Collection Set: 2.4ms
[2024-04-08T22:30:08.703+0800][1625.462s] GC(507)   Post Evacuate Collection Set: 0.9ms
[2024-04-08T22:30:08.703+0800][1625.462s] GC(507)   Other: 0.2ms
[2024-04-08T22:30:08.703+0800][1625.462s] GC(507) Eden regions: 305->0(305)
[2024-04-08T22:30:08.703+0800][1625.462s] GC(507) Survivor regions: 2->2(39)
[2024-04-08T22:30:08.703+0800][1625.462s] GC(507) Old regions: 56->56
[2024-04-08T22:30:08.703+0800][1625.462s] GC(507) Humongous regions: 4->4
[2024-04-08T22:30:08.703+0800][1625.462s] GC(507) Metaspace: 67647K(68480K)->67647K(68480K) NonClass: 60045K(60480K)->60045K(60480K) Class: 7601K(8000K)->7601K(8000K)
[2024-04-08T22:30:08.703+0800][1625.462s] GC(507) Pause Young (Normal) (G1 Evacuation Pause) 366M->61M(512M) 4.268ms
[2024-04-08T22:30:08.704+0800][1625.462s] GC(507) User=0.00s Sys=0.00s Real=0.01s
[2024-04-08T22:30:10.934+0800][1627.693s] GC(508) Pause Young (Normal) (G1 Evacuation Pause)
[2024-04-08T22:30:10.935+0800][1627.693s] GC(508) Using 13 workers of 13 for evacuation
[2024-04-08T22:30:10.938+0800][1627.696s] GC(508)   Pre Evacuate Collection Set: 0.1ms
[2024-04-08T22:30:10.938+0800][1627.696s] GC(508)   Merge Heap Roots: 0.1ms
[2024-04-08T22:30:10.938+0800][1627.696s] GC(508)   Evacuate Collection Set: 2.1ms
[2024-04-08T22:30:10.938+0800][1627.697s] GC(508)   Post Evacuate Collection Set: 0.8ms
[2024-04-08T22:30:10.938+0800][1627.697s] GC(508)   Other: 0.2ms
[2024-04-08T22:30:10.938+0800][1627.697s] GC(508) Eden regions: 305->0(305)
[2024-04-08T22:30:10.938+0800][1627.697s] GC(508) Survivor regions: 2->2(39)
[2024-04-08T22:30:10.938+0800][1627.697s] GC(508) Old regions: 56->56
[2024-04-08T22:30:10.938+0800][1627.697s] GC(508) Humongous regions: 4->4
[2024-04-08T22:30:10.938+0800][1627.697s] GC(508) Metaspace: 67647K(68480K)->67647K(68480K) NonClass: 60045K(60480K)->60045K(60480K) Class: 7601K(8000K)->7601K(8000K)
[2024-04-08T22:30:10.938+0800][1627.697s] GC(508) Pause Young (Normal) (G1 Evacuation Pause) 366M->61M(512M) 3.748ms
[2024-04-08T22:30:10.938+0800][1627.697s] GC(508) User=0.00s Sys=0.00s Real=0.00s
[2024-04-08T22:30:12.996+0800][1629.754s] GC(509) Pause Young (Normal) (G1 Evacuation Pause)
[2024-04-08T22:30:12.996+0800][1629.754s] GC(509) Using 13 workers of 13 for evacuation
[2024-04-08T22:30:12.999+0800][1629.758s] GC(509)   Pre Evacuate Collection Set: 0.3ms
[2024-04-08T22:30:12.999+0800][1629.758s] GC(509)   Merge Heap Roots: 0.3ms
[2024-04-08T22:30:12.999+0800][1629.758s] GC(509)   Evacuate Collection Set: 2.0ms
[2024-04-08T22:30:12.999+0800][1629.758s] GC(509)   Post Evacuate Collection Set: 0.8ms
[2024-04-08T22:30:12.999+0800][1629.758s] GC(509)   Other: 0.1ms
[2024-04-08T22:30:12.999+0800][1629.758s] GC(509) Eden regions: 305->0(305)
[2024-04-08T22:30:12.999+0800][1629.758s] GC(509) Survivor regions: 2->2(39)
[2024-04-08T22:30:12.999+0800][1629.758s] GC(509) Old regions: 56->56
[2024-04-08T22:30:13.000+0800][1629.758s] GC(509) Humongous regions: 4->4
[2024-04-08T22:30:13.000+0800][1629.758s] GC(509) Metaspace: 67647K(68480K)->67647K(68480K) NonClass: 60045K(60480K)->60045K(60480K) Class: 7601K(8000K)->7601K(8000K)
[2024-04-08T22:30:13.000+0800][1629.758s] GC(509) Pause Young (Normal) (G1 Evacuation Pause) 366M->61M(512M) 4.047ms
[2024-04-08T22:30:13.000+0800][1629.758s] GC(509) User=0.00s Sys=0.00s Real=0.00s
[2024-04-08T22:30:15.248+0800][1632.006s] GC(510) Pause Young (Normal) (G1 Evacuation Pause)
[2024-04-08T22:30:15.248+0800][1632.006s] GC(510) Using 13 workers of 13 for evacuation
[2024-04-08T22:30:15.251+0800][1632.010s] GC(510)   Pre Evacuate Collection Set: 0.2ms
[2024-04-08T22:30:15.251+0800][1632.010s] GC(510)   Merge Heap Roots: 0.2ms
[2024-04-08T22:30:15.251+0800][1632.010s] GC(510)   Evacuate Collection Set: 1.9ms
[2024-04-08T22:30:15.251+0800][1632.010s] GC(510)   Post Evacuate Collection Set: 0.9ms
[2024-04-08T22:30:15.251+0800][1632.010s] GC(510)   Other: 0.1ms
[2024-04-08T22:30:15.251+0800][1632.010s] GC(510) Eden regions: 305->0(305)
[2024-04-08T22:30:15.251+0800][1632.010s] GC(510) Survivor regions: 2->2(39)
[2024-04-08T22:30:15.251+0800][1632.010s] GC(510) Old regions: 56->56
[2024-04-08T22:30:15.251+0800][1632.010s] GC(510) Humongous regions: 4->4
[2024-04-08T22:30:15.251+0800][1632.010s] GC(510) Metaspace: 67647K(68480K)->67647K(68480K) NonClass: 60045K(60480K)->60045K(60480K) Class: 7601K(8000K)->7601K(8000K)
[2024-04-08T22:30:15.251+0800][1632.010s] GC(510) Pause Young (Normal) (G1 Evacuation Pause) 366M->61M(512M) 3.596ms
[2024-04-08T22:30:15.251+0800][1632.010s] GC(510) User=0.00s Sys=0.00s Real=0.00s
[2024-04-08T22:30:17.507+0800][1634.266s] GC(511) Pause Young (Normal) (G1 Evacuation Pause)
[2024-04-08T22:30:17.507+0800][1634.266s] GC(511) Using 13 workers of 13 for evacuation
[2024-04-08T22:30:17.511+0800][1634.270s] GC(511)   Pre Evacuate Collection Set: 0.4ms
[2024-04-08T22:30:17.511+0800][1634.270s] GC(511)   Merge Heap Roots: 0.2ms
[2024-04-08T22:30:17.511+0800][1634.270s] GC(511)   Evacuate Collection Set: 2.3ms
[2024-04-08T22:30:17.511+0800][1634.270s] GC(511)   Post Evacuate Collection Set: 1.1ms
[2024-04-08T22:30:17.512+0800][1634.270s] GC(511)   Other: 0.1ms
[2024-04-08T22:30:17.512+0800][1634.270s] GC(511) Eden regions: 305->0(305)
[2024-04-08T22:30:17.512+0800][1634.270s] GC(511) Survivor regions: 2->2(39)
[2024-04-08T22:30:17.512+0800][1634.270s] GC(511) Old regions: 56->56
[2024-04-08T22:30:17.512+0800][1634.270s] GC(511) Humongous regions: 4->4
[2024-04-08T22:30:17.512+0800][1634.270s] GC(511) Metaspace: 67647K(68480K)->67647K(68480K) NonClass: 60045K(60480K)->60045K(60480K) Class: 7601K(8000K)->7601K(8000K)
[2024-04-08T22:30:17.512+0800][1634.270s] GC(511) Pause Young (Normal) (G1 Evacuation Pause) 366M->61M(512M) 4.806ms
[2024-04-08T22:30:17.512+0800][1634.271s] GC(511) User=0.03s Sys=0.00s Real=0.01s
[2024-04-08T22:30:19.500+0800][1636.259s] GC(512) Pause Young (Normal) (G1 Evacuation Pause)
[2024-04-08T22:30:19.500+0800][1636.259s] GC(512) Using 13 workers of 13 for evacuation
[2024-04-08T22:30:19.503+0800][1636.262s] GC(512)   Pre Evacuate Collection Set: 0.2ms
[2024-04-08T22:30:19.503+0800][1636.262s] GC(512)   Merge Heap Roots: 0.1ms
[2024-04-08T22:30:19.503+0800][1636.262s] GC(512)   Evacuate Collection Set: 2.0ms
[2024-04-08T22:30:19.503+0800][1636.262s] GC(512)   Post Evacuate Collection Set: 0.6ms
[2024-04-08T22:30:19.504+0800][1636.262s] GC(512)   Other: 0.1ms
[2024-04-08T22:30:19.504+0800][1636.262s] GC(512) Eden regions: 305->0(305)
[2024-04-08T22:30:19.504+0800][1636.262s] GC(512) Survivor regions: 2->2(39)
[2024-04-08T22:30:19.504+0800][1636.262s] GC(512) Old regions: 56->56
[2024-04-08T22:30:19.504+0800][1636.262s] GC(512) Humongous regions: 4->4
[2024-04-08T22:30:19.504+0800][1636.262s] GC(512) Metaspace: 67647K(68480K)->67647K(68480K) NonClass: 60045K(60480K)->60045K(60480K) Class: 7601K(8000K)->7601K(8000K)
[2024-04-08T22:30:19.504+0800][1636.262s] GC(512) Pause Young (Normal) (G1 Evacuation Pause) 366M->61M(512M) 3.271ms
[2024-04-08T22:30:19.504+0800][1636.262s] GC(512) User=0.00s Sys=0.00s Real=0.00s
[2024-04-08T22:30:21.729+0800][1638.488s] GC(513) Pause Young (Normal) (G1 Evacuation Pause)
[2024-04-08T22:30:21.729+0800][1638.488s] GC(513) Using 13 workers of 13 for evacuation
[2024-04-08T22:30:21.732+0800][1638.491s] GC(513)   Pre Evacuate Collection Set: 0.3ms
[2024-04-08T22:30:21.732+0800][1638.491s] GC(513)   Merge Heap Roots: 0.1ms
[2024-04-08T22:30:21.732+0800][1638.491s] GC(513)   Evacuate Collection Set: 1.8ms
[2024-04-08T22:30:21.732+0800][1638.491s] GC(513)   Post Evacuate Collection Set: 0.8ms
[2024-04-08T22:30:21.732+0800][1638.491s] GC(513)   Other: 0.1ms
[2024-04-08T22:30:21.732+0800][1638.491s] GC(513) Eden regions: 305->0(305)
[2024-04-08T22:30:21.732+0800][1638.491s] GC(513) Survivor regions: 2->2(39)
[2024-04-08T22:30:21.732+0800][1638.491s] GC(513) Old regions: 56->56
[2024-04-08T22:30:21.732+0800][1638.491s] GC(513) Humongous regions: 4->4
[2024-04-08T22:30:21.732+0800][1638.491s] GC(513) Metaspace: 67647K(68480K)->67647K(68480K) NonClass: 60045K(60480K)->60045K(60480K) Class: 7601K(8000K)->7601K(8000K)
[2024-04-08T22:30:21.732+0800][1638.491s] GC(513) Pause Young (Normal) (G1 Evacuation Pause) 366M->61M(512M) 3.497ms
[2024-04-08T22:30:21.732+0800][1638.491s] GC(513) User=0.00s Sys=0.00s Real=0.00s
[2024-04-08T22:30:23.817+0800][1640.576s] GC(514) Pause Young (Normal) (G1 Evacuation Pause)
[2024-04-08T22:30:23.817+0800][1640.576s] GC(514) Using 13 workers of 13 for evacuation
[2024-04-08T22:30:23.821+0800][1640.579s] GC(514)   Pre Evacuate Collection Set: 0.2ms
[2024-04-08T22:30:23.821+0800][1640.580s] GC(514)   Merge Heap Roots: 0.2ms
[2024-04-08T22:30:23.821+0800][1640.580s] GC(514)   Evacuate Collection Set: 1.7ms
[2024-04-08T22:30:23.821+0800][1640.580s] GC(514)   Post Evacuate Collection Set: 1.0ms
[2024-04-08T22:30:23.821+0800][1640.580s] GC(514)   Other: 0.2ms
[2024-04-08T22:30:23.821+0800][1640.580s] GC(514) Eden regions: 305->0(305)
[2024-04-08T22:30:23.821+0800][1640.580s] GC(514) Survivor regions: 2->2(39)
[2024-04-08T22:30:23.821+0800][1640.580s] GC(514) Old regions: 56->56
[2024-04-08T22:30:23.821+0800][1640.580s] GC(514) Humongous regions: 4->4
[2024-04-08T22:30:23.821+0800][1640.580s] GC(514) Metaspace: 67647K(68480K)->67647K(68480K) NonClass: 60045K(60480K)->60045K(60480K) Class: 7601K(8000K)->7601K(8000K)
[2024-04-08T22:30:23.821+0800][1640.580s] GC(514) Pause Young (Normal) (G1 Evacuation Pause) 366M->61M(512M) 3.589ms
[2024-04-08T22:30:23.821+0800][1640.580s] GC(514) User=0.00s Sys=0.00s Real=0.00s
[2024-04-08T22:30:25.846+0800][1642.605s] GC(515) Pause Young (Normal) (G1 Evacuation Pause)
[2024-04-08T22:30:25.846+0800][1642.605s] GC(515) Using 13 workers of 13 for evacuation
[2024-04-08T22:30:25.850+0800][1642.608s] GC(515)   Pre Evacuate Collection Set: 0.4ms
[2024-04-08T22:30:25.850+0800][1642.609s] GC(515)   Merge Heap Roots: 0.2ms
[2024-04-08T22:30:25.850+0800][1642.609s] GC(515)   Evacuate Collection Set: 1.7ms
[2024-04-08T22:30:25.850+0800][1642.609s] GC(515)   Post Evacuate Collection Set: 0.8ms
[2024-04-08T22:30:25.850+0800][1642.609s] GC(515)   Other: 0.1ms
[2024-04-08T22:30:25.850+0800][1642.609s] GC(515) Eden regions: 305->0(305)
[2024-04-08T22:30:25.850+0800][1642.609s] GC(515) Survivor regions: 2->2(39)
[2024-04-08T22:30:25.850+0800][1642.609s] GC(515) Old regions: 56->56
[2024-04-08T22:30:25.850+0800][1642.609s] GC(515) Humongous regions: 4->4
[2024-04-08T22:30:25.850+0800][1642.609s] GC(515) Metaspace: 67647K(68480K)->67647K(68480K) NonClass: 60045K(60480K)->60045K(60480K) Class: 7601K(8000K)->7601K(8000K)
[2024-04-08T22:30:25.850+0800][1642.609s] GC(515) Pause Young (Normal) (G1 Evacuation Pause) 366M->61M(512M) 3.530ms
[2024-04-08T22:30:25.850+0800][1642.609s] GC(515) User=0.00s Sys=0.00s Real=0.00s
[2024-04-08T22:30:28.051+0800][1644.810s] GC(516) Pause Young (Normal) (G1 Evacuation Pause)
[2024-04-08T22:30:28.051+0800][1644.810s] GC(516) Using 13 workers of 13 for evacuation
[2024-04-08T22:30:28.055+0800][1644.814s] GC(516)   Pre Evacuate Collection Set: 0.2ms
[2024-04-08T22:30:28.055+0800][1644.814s] GC(516)   Merge Heap Roots: 0.2ms
[2024-04-08T22:30:28.055+0800][1644.814s] GC(516)   Evacuate Collection Set: 2.2ms
[2024-04-08T22:30:28.055+0800][1644.814s] GC(516)   Post Evacuate Collection Set: 0.8ms
[2024-04-08T22:30:28.055+0800][1644.814s] GC(516)   Other: 0.1ms
[2024-04-08T22:30:28.055+0800][1644.814s] GC(516) Eden regions: 305->0(305)
[2024-04-08T22:30:28.055+0800][1644.814s] GC(516) Survivor regions: 2->2(39)
[2024-04-08T22:30:28.055+0800][1644.814s] GC(516) Old regions: 56->56
[2024-04-08T22:30:28.055+0800][1644.814s] GC(516) Humongous regions: 4->4
[2024-04-08T22:30:28.055+0800][1644.814s] GC(516) Metaspace: 67647K(68480K)->67647K(68480K) NonClass: 60045K(60480K)->60045K(60480K) Class: 7601K(8000K)->7601K(8000K)
[2024-04-08T22:30:28.055+0800][1644.814s] GC(516) Pause Young (Normal) (G1 Evacuation Pause) 366M->61M(512M) 3.875ms
[2024-04-08T22:30:28.055+0800][1644.814s] GC(516) User=0.00s Sys=0.00s Real=0.00s
[2024-04-08T22:30:30.058+0800][1646.817s] GC(517) Pause Young (Normal) (G1 Evacuation Pause)
[2024-04-08T22:30:30.058+0800][1646.817s] GC(517) Using 13 workers of 13 for evacuation
[2024-04-08T22:30:30.061+0800][1646.819s] GC(517)   Pre Evacuate Collection Set: 0.2ms
[2024-04-08T22:30:30.061+0800][1646.819s] GC(517)   Merge Heap Roots: 0.1ms
[2024-04-08T22:30:30.061+0800][1646.820s] GC(517)   Evacuate Collection Set: 1.7ms
[2024-04-08T22:30:30.061+0800][1646.820s] GC(517)   Post Evacuate Collection Set: 0.6ms
[2024-04-08T22:30:30.061+0800][1646.820s] GC(517)   Other: 0.1ms
[2024-04-08T22:30:30.061+0800][1646.820s] GC(517) Eden regions: 305->0(305)
[2024-04-08T22:30:30.061+0800][1646.820s] GC(517) Survivor regions: 2->2(39)
[2024-04-08T22:30:30.061+0800][1646.820s] GC(517) Old regions: 56->56
[2024-04-08T22:30:30.061+0800][1646.820s] GC(517) Humongous regions: 4->4
[2024-04-08T22:30:30.061+0800][1646.820s] GC(517) Metaspace: 67647K(68480K)->67647K(68480K) NonClass: 60045K(60480K)->60045K(60480K) Class: 7601K(8000K)->7601K(8000K)
[2024-04-08T22:30:30.061+0800][1646.820s] GC(517) Pause Young (Normal) (G1 Evacuation Pause) 366M->61M(512M) 3.189ms
[2024-04-08T22:30:30.061+0800][1646.820s] GC(517) User=0.00s Sys=0.00s Real=0.00s
[2024-04-08T22:30:32.264+0800][1649.023s] GC(518) Pause Young (Normal) (G1 Evacuation Pause)
[2024-04-08T22:30:32.264+0800][1649.023s] GC(518) Using 13 workers of 13 for evacuation
[2024-04-08T22:30:32.267+0800][1649.026s] GC(518)   Pre Evacuate Collection Set: 0.2ms
[2024-04-08T22:30:32.267+0800][1649.026s] GC(518)   Merge Heap Roots: 0.2ms
[2024-04-08T22:30:32.267+0800][1649.026s] GC(518)   Evacuate Collection Set: 1.6ms
[2024-04-08T22:30:32.267+0800][1649.026s] GC(518)   Post Evacuate Collection Set: 0.7ms
[2024-04-08T22:30:32.267+0800][1649.026s] GC(518)   Other: 0.1ms
[2024-04-08T22:30:32.267+0800][1649.026s] GC(518) Eden regions: 305->0(305)
[2024-04-08T22:30:32.267+0800][1649.026s] GC(518) Survivor regions: 2->2(39)
[2024-04-08T22:30:32.267+0800][1649.026s] GC(518) Old regions: 56->56
[2024-04-08T22:30:32.267+0800][1649.026s] GC(518) Humongous regions: 4->4
[2024-04-08T22:30:32.267+0800][1649.026s] GC(518) Metaspace: 67647K(68480K)->67647K(68480K) NonClass: 60045K(60480K)->60045K(60480K) Class: 7601K(8000K)->7601K(8000K)
[2024-04-08T22:30:32.268+0800][1649.026s] GC(518) Pause Young (Normal) (G1 Evacuation Pause) 366M->61M(512M) 3.268ms
[2024-04-08T22:30:32.268+0800][1649.026s] GC(518) User=0.00s Sys=0.00s Real=0.00s
[2024-04-08T22:30:34.402+0800][1651.161s] GC(519) Pause Young (Normal) (G1 Evacuation Pause)
[2024-04-08T22:30:34.402+0800][1651.161s] GC(519) Using 13 workers of 13 for evacuation
[2024-04-08T22:30:34.406+0800][1651.164s] GC(519)   Pre Evacuate Collection Set: 0.3ms
[2024-04-08T22:30:34.406+0800][1651.165s] GC(519)   Merge Heap Roots: 0.3ms
[2024-04-08T22:30:34.406+0800][1651.165s] GC(519)   Evacuate Collection Set: 2.1ms
[2024-04-08T22:30:34.406+0800][1651.165s] GC(519)   Post Evacuate Collection Set: 1.0ms
[2024-04-08T22:30:34.406+0800][1651.165s] GC(519)   Other: 0.1ms
[2024-04-08T22:30:34.406+0800][1651.165s] GC(519) Eden regions: 305->0(305)
[2024-04-08T22:30:34.406+0800][1651.165s] GC(519) Survivor regions: 2->2(39)
[2024-04-08T22:30:34.406+0800][1651.165s] GC(519) Old regions: 56->56
[2024-04-08T22:30:34.406+0800][1651.165s] GC(519) Humongous regions: 4->4
[2024-04-08T22:30:34.406+0800][1651.165s] GC(519) Metaspace: 67647K(68480K)->67647K(68480K) NonClass: 60045K(60480K)->60045K(60480K) Class: 7601K(8000K)->7601K(8000K)
[2024-04-08T22:30:34.406+0800][1651.165s] GC(519) Pause Young (Normal) (G1 Evacuation Pause) 366M->61M(512M) 4.248ms
[2024-04-08T22:30:34.406+0800][1651.165s] GC(519) User=0.00s Sys=0.00s Real=0.00s
[2024-04-08T22:30:36.534+0800][1653.293s] GC(520) Pause Young (Normal) (G1 Evacuation Pause)
[2024-04-08T22:30:36.535+0800][1653.293s] GC(520) Using 13 workers of 13 for evacuation
[2024-04-08T22:30:36.538+0800][1653.297s] GC(520)   Pre Evacuate Collection Set: 0.1ms
[2024-04-08T22:30:36.538+0800][1653.297s] GC(520)   Merge Heap Roots: 0.1ms
[2024-04-08T22:30:36.538+0800][1653.297s] GC(520)   Evacuate Collection Set: 2.6ms
[2024-04-08T22:30:36.538+0800][1653.297s] GC(520)   Post Evacuate Collection Set: 0.6ms
[2024-04-08T22:30:36.538+0800][1653.297s] GC(520)   Other: 0.1ms
[2024-04-08T22:30:36.538+0800][1653.297s] GC(520) Eden regions: 305->0(305)
[2024-04-08T22:30:36.538+0800][1653.297s] GC(520) Survivor regions: 2->2(39)
[2024-04-08T22:30:36.538+0800][1653.297s] GC(520) Old regions: 56->56
[2024-04-08T22:30:36.538+0800][1653.297s] GC(520) Humongous regions: 4->4
[2024-04-08T22:30:36.538+0800][1653.297s] GC(520) Metaspace: 67647K(68480K)->67647K(68480K) NonClass: 60045K(60480K)->60045K(60480K) Class: 7601K(8000K)->7601K(8000K)
[2024-04-08T22:30:36.538+0800][1653.297s] GC(520) Pause Young (Normal) (G1 Evacuation Pause) 366M->61M(512M) 3.982ms
[2024-04-08T22:30:36.538+0800][1653.297s] GC(520) User=0.00s Sys=0.00s Real=0.00s
[2024-04-08T22:30:38.745+0800][1655.504s] GC(521) Pause Young (Normal) (G1 Evacuation Pause)
[2024-04-08T22:30:38.746+0800][1655.505s] GC(521) Using 13 workers of 13 for evacuation
[2024-04-08T22:30:38.748+0800][1655.507s] GC(521)   Pre Evacuate Collection Set: 0.1ms
[2024-04-08T22:30:38.748+0800][1655.507s] GC(521)   Merge Heap Roots: 0.1ms
[2024-04-08T22:30:38.748+0800][1655.507s] GC(521)   Evacuate Collection Set: 1.7ms
[2024-04-08T22:30:38.748+0800][1655.507s] GC(521)   Post Evacuate Collection Set: 0.7ms
[2024-04-08T22:30:38.748+0800][1655.507s] GC(521)   Other: 0.1ms
[2024-04-08T22:30:38.748+0800][1655.507s] GC(521) Eden regions: 305->0(305)
[2024-04-08T22:30:38.748+0800][1655.507s] GC(521) Survivor regions: 2->2(39)
[2024-04-08T22:30:38.748+0800][1655.507s] GC(521) Old regions: 56->57
[2024-04-08T22:30:38.748+0800][1655.507s] GC(521) Humongous regions: 4->4
[2024-04-08T22:30:38.748+0800][1655.507s] GC(521) Metaspace: 67647K(68480K)->67647K(68480K) NonClass: 60045K(60480K)->60045K(60480K) Class: 7601K(8000K)->7601K(8000K)
[2024-04-08T22:30:38.749+0800][1655.508s] GC(521) Pause Young (Normal) (G1 Evacuation Pause) 366M->61M(512M) 3.112ms
[2024-04-08T22:30:38.749+0800][1655.508s] GC(521) User=0.00s Sys=0.00s Real=0.00s
[2024-04-08T22:30:40.961+0800][1657.720s] GC(522) Pause Young (Normal) (G1 Evacuation Pause)
[2024-04-08T22:30:40.961+0800][1657.720s] GC(522) Using 13 workers of 13 for evacuation
[2024-04-08T22:30:40.964+0800][1657.723s] GC(522)   Pre Evacuate Collection Set: 0.2ms
[2024-04-08T22:30:40.965+0800][1657.724s] GC(522)   Merge Heap Roots: 0.2ms
[2024-04-08T22:30:40.965+0800][1657.724s] GC(522)   Evacuate Collection Set: 1.8ms
[2024-04-08T22:30:40.965+0800][1657.724s] GC(522)   Post Evacuate Collection Set: 0.9ms
[2024-04-08T22:30:40.965+0800][1657.724s] GC(522)   Other: 0.1ms
[2024-04-08T22:30:40.965+0800][1657.724s] GC(522) Eden regions: 305->0(305)
[2024-04-08T22:30:40.965+0800][1657.724s] GC(522) Survivor regions: 2->2(39)
[2024-04-08T22:30:40.965+0800][1657.724s] GC(522) Old regions: 57->57
[2024-04-08T22:30:40.965+0800][1657.724s] GC(522) Humongous regions: 4->4
[2024-04-08T22:30:40.965+0800][1657.724s] GC(522) Metaspace: 67647K(68480K)->67647K(68480K) NonClass: 60045K(60480K)->60045K(60480K) Class: 7601K(8000K)->7601K(8000K)
[2024-04-08T22:30:40.965+0800][1657.724s] GC(522) Pause Young (Normal) (G1 Evacuation Pause) 366M->61M(512M) 3.641ms
[2024-04-08T22:30:40.965+0800][1657.724s] GC(522) User=0.08s Sys=0.00s Real=0.00s
[2024-04-08T22:30:42.982+0800][1659.741s] GC(523) Pause Young (Normal) (G1 Evacuation Pause)
[2024-04-08T22:30:42.982+0800][1659.741s] GC(523) Using 13 workers of 13 for evacuation
[2024-04-08T22:30:42.986+0800][1659.744s] GC(523)   Pre Evacuate Collection Set: 0.3ms
[2024-04-08T22:30:42.986+0800][1659.745s] GC(523)   Merge Heap Roots: 0.2ms
[2024-04-08T22:30:42.986+0800][1659.745s] GC(523)   Evacuate Collection Set: 1.8ms
[2024-04-08T22:30:42.986+0800][1659.745s] GC(523)   Post Evacuate Collection Set: 0.7ms
[2024-04-08T22:30:42.986+0800][1659.745s] GC(523)   Other: 0.1ms
[2024-04-08T22:30:42.986+0800][1659.745s] GC(523) Eden regions: 305->0(305)
[2024-04-08T22:30:42.986+0800][1659.745s] GC(523) Survivor regions: 2->2(39)
[2024-04-08T22:30:42.986+0800][1659.745s] GC(523) Old regions: 57->57
[2024-04-08T22:30:42.986+0800][1659.745s] GC(523) Humongous regions: 4->4
[2024-04-08T22:30:42.986+0800][1659.745s] GC(523) Metaspace: 67647K(68480K)->67647K(68480K) NonClass: 60045K(60480K)->60045K(60480K) Class: 7601K(8000K)->7601K(8000K)
[2024-04-08T22:30:42.986+0800][1659.745s] GC(523) Pause Young (Normal) (G1 Evacuation Pause) 366M->61M(512M) 3.446ms
[2024-04-08T22:30:42.986+0800][1659.745s] GC(523) User=0.00s Sys=0.00s Real=0.00s
[2024-04-08T22:30:45.065+0800][1661.824s] GC(524) Pause Young (Normal) (G1 Evacuation Pause)
[2024-04-08T22:30:45.065+0800][1661.824s] GC(524) Using 13 workers of 13 for evacuation
[2024-04-08T22:30:45.068+0800][1661.827s] GC(524)   Pre Evacuate Collection Set: 0.3ms
[2024-04-08T22:30:45.068+0800][1661.827s] GC(524)   Merge Heap Roots: 0.2ms
[2024-04-08T22:30:45.068+0800][1661.827s] GC(524)   Evacuate Collection Set: 1.6ms
[2024-04-08T22:30:45.068+0800][1661.827s] GC(524)   Post Evacuate Collection Set: 0.7ms
[2024-04-08T22:30:45.068+0800][1661.827s] GC(524)   Other: 0.1ms
[2024-04-08T22:30:45.068+0800][1661.827s] GC(524) Eden regions: 305->0(305)
[2024-04-08T22:30:45.068+0800][1661.827s] GC(524) Survivor regions: 2->2(39)
[2024-04-08T22:30:45.068+0800][1661.827s] GC(524) Old regions: 57->57
[2024-04-08T22:30:45.068+0800][1661.827s] GC(524) Humongous regions: 4->4
[2024-04-08T22:30:45.068+0800][1661.827s] GC(524) Metaspace: 67647K(68480K)->67647K(68480K) NonClass: 60045K(60480K)->60045K(60480K) Class: 7601K(8000K)->7601K(8000K)
[2024-04-08T22:30:45.068+0800][1661.827s] GC(524) Pause Young (Normal) (G1 Evacuation Pause) 366M->61M(512M) 3.272ms
[2024-04-08T22:30:45.068+0800][1661.827s] GC(524) User=0.00s Sys=0.00s Real=0.00s
[2024-04-08T22:30:47.114+0800][1663.873s] GC(525) Pause Young (Normal) (G1 Evacuation Pause)
[2024-04-08T22:30:47.114+0800][1663.873s] GC(525) Using 13 workers of 13 for evacuation
[2024-04-08T22:30:47.117+0800][1663.876s] GC(525)   Pre Evacuate Collection Set: 0.3ms
[2024-04-08T22:30:47.117+0800][1663.876s] GC(525)   Merge Heap Roots: 0.2ms
[2024-04-08T22:30:47.117+0800][1663.876s] GC(525)   Evacuate Collection Set: 1.6ms
[2024-04-08T22:30:47.117+0800][1663.876s] GC(525)   Post Evacuate Collection Set: 0.7ms
[2024-04-08T22:30:47.117+0800][1663.876s] GC(525)   Other: 0.1ms
[2024-04-08T22:30:47.117+0800][1663.876s] GC(525) Eden regions: 305->0(305)
[2024-04-08T22:30:47.117+0800][1663.876s] GC(525) Survivor regions: 2->2(39)
[2024-04-08T22:30:47.117+0800][1663.876s] GC(525) Old regions: 57->57
[2024-04-08T22:30:47.117+0800][1663.876s] GC(525) Humongous regions: 4->4
[2024-04-08T22:30:47.117+0800][1663.876s] GC(525) Metaspace: 67647K(68480K)->67647K(68480K) NonClass: 60045K(60480K)->60045K(60480K) Class: 7601K(8000K)->7601K(8000K)
[2024-04-08T22:30:47.117+0800][1663.876s] GC(525) Pause Young (Normal) (G1 Evacuation Pause) 366M->61M(512M) 3.191ms
[2024-04-08T22:30:47.117+0800][1663.876s] GC(525) User=0.00s Sys=0.00s Real=0.00s
[2024-04-08T22:30:49.181+0800][1665.940s] GC(526) Pause Young (Normal) (G1 Evacuation Pause)
[2024-04-08T22:30:49.182+0800][1665.940s] GC(526) Using 13 workers of 13 for evacuation
[2024-04-08T22:30:49.184+0800][1665.943s] GC(526)   Pre Evacuate Collection Set: 0.2ms
[2024-04-08T22:30:49.185+0800][1665.943s] GC(526)   Merge Heap Roots: 0.1ms
[2024-04-08T22:30:49.185+0800][1665.943s] GC(526)   Evacuate Collection Set: 1.7ms
[2024-04-08T22:30:49.185+0800][1665.943s] GC(526)   Post Evacuate Collection Set: 0.6ms
[2024-04-08T22:30:49.185+0800][1665.943s] GC(526)   Other: 0.1ms
[2024-04-08T22:30:49.185+0800][1665.943s] GC(526) Eden regions: 305->0(305)
[2024-04-08T22:30:49.185+0800][1665.943s] GC(526) Survivor regions: 2->2(39)
[2024-04-08T22:30:49.185+0800][1665.943s] GC(526) Old regions: 57->57
[2024-04-08T22:30:49.185+0800][1665.943s] GC(526) Humongous regions: 4->4
[2024-04-08T22:30:49.185+0800][1665.943s] GC(526) Metaspace: 67647K(68480K)->67647K(68480K) NonClass: 60045K(60480K)->60045K(60480K) Class: 7601K(8000K)->7601K(8000K)
[2024-04-08T22:30:49.185+0800][1665.943s] GC(526) Pause Young (Normal) (G1 Evacuation Pause) 366M->61M(512M) 3.216ms
[2024-04-08T22:30:49.185+0800][1665.943s] GC(526) User=0.00s Sys=0.02s Real=0.00s
[2024-04-08T22:30:51.305+0800][1668.063s] GC(527) Pause Young (Normal) (G1 Evacuation Pause)
[2024-04-08T22:30:51.305+0800][1668.063s] GC(527) Using 13 workers of 13 for evacuation
[2024-04-08T22:30:51.308+0800][1668.067s] GC(527)   Pre Evacuate Collection Set: 0.2ms
[2024-04-08T22:30:51.309+0800][1668.067s] GC(527)   Merge Heap Roots: 0.1ms
[2024-04-08T22:30:51.309+0800][1668.067s] GC(527)   Evacuate Collection Set: 2.6ms
[2024-04-08T22:30:51.309+0800][1668.067s] GC(527)   Post Evacuate Collection Set: 0.6ms
[2024-04-08T22:30:51.309+0800][1668.067s] GC(527)   Other: 0.1ms
[2024-04-08T22:30:51.309+0800][1668.067s] GC(527) Eden regions: 305->0(305)
[2024-04-08T22:30:51.309+0800][1668.067s] GC(527) Survivor regions: 2->2(39)
[2024-04-08T22:30:51.309+0800][1668.067s] GC(527) Old regions: 57->57
[2024-04-08T22:30:51.309+0800][1668.067s] GC(527) Humongous regions: 4->4
[2024-04-08T22:30:51.309+0800][1668.067s] GC(527) Metaspace: 67647K(68480K)->67647K(68480K) NonClass: 60045K(60480K)->60045K(60480K) Class: 7601K(8000K)->7601K(8000K)
[2024-04-08T22:30:51.309+0800][1668.067s] GC(527) Pause Young (Normal) (G1 Evacuation Pause) 366M->61M(512M) 4.140ms
[2024-04-08T22:30:51.309+0800][1668.067s] GC(527) User=0.05s Sys=0.03s Real=0.00s
[2024-04-08T22:30:53.498+0800][1670.256s] GC(528) Pause Young (Normal) (G1 Evacuation Pause)
[2024-04-08T22:30:53.498+0800][1670.256s] GC(528) Using 13 workers of 13 for evacuation
[2024-04-08T22:30:53.501+0800][1670.259s] GC(528)   Pre Evacuate Collection Set: 0.1ms
[2024-04-08T22:30:53.501+0800][1670.259s] GC(528)   Merge Heap Roots: 0.2ms
[2024-04-08T22:30:53.501+0800][1670.259s] GC(528)   Evacuate Collection Set: 2.1ms
[2024-04-08T22:30:53.501+0800][1670.259s] GC(528)   Post Evacuate Collection Set: 0.6ms
[2024-04-08T22:30:53.501+0800][1670.259s] GC(528)   Other: 0.1ms
[2024-04-08T22:30:53.501+0800][1670.259s] GC(528) Eden regions: 305->0(305)
[2024-04-08T22:30:53.501+0800][1670.259s] GC(528) Survivor regions: 2->2(39)
[2024-04-08T22:30:53.501+0800][1670.260s] GC(528) Old regions: 57->57
[2024-04-08T22:30:53.501+0800][1670.260s] GC(528) Humongous regions: 4->4
[2024-04-08T22:30:53.501+0800][1670.260s] GC(528) Metaspace: 67647K(68480K)->67647K(68480K) NonClass: 60045K(60480K)->60045K(60480K) Class: 7601K(8000K)->7601K(8000K)
[2024-04-08T22:30:53.501+0800][1670.260s] GC(528) Pause Young (Normal) (G1 Evacuation Pause) 366M->61M(512M) 3.566ms
[2024-04-08T22:30:53.501+0800][1670.260s] GC(528) User=0.00s Sys=0.00s Real=0.00s
[2024-04-08T22:30:55.585+0800][1672.343s] GC(529) Pause Young (Normal) (G1 Evacuation Pause)
[2024-04-08T22:30:55.585+0800][1672.343s] GC(529) Using 13 workers of 13 for evacuation
[2024-04-08T22:30:55.588+0800][1672.347s] GC(529)   Pre Evacuate Collection Set: 0.2ms
[2024-04-08T22:30:55.588+0800][1672.347s] GC(529)   Merge Heap Roots: 0.1ms
[2024-04-08T22:30:55.588+0800][1672.347s] GC(529)   Evacuate Collection Set: 1.8ms
[2024-04-08T22:30:55.588+0800][1672.347s] GC(529)   Post Evacuate Collection Set: 0.8ms
[2024-04-08T22:30:55.588+0800][1672.347s] GC(529)   Other: 0.2ms
[2024-04-08T22:30:55.588+0800][1672.347s] GC(529) Eden regions: 305->0(305)
[2024-04-08T22:30:55.588+0800][1672.347s] GC(529) Survivor regions: 2->2(39)
[2024-04-08T22:30:55.588+0800][1672.347s] GC(529) Old regions: 57->57
[2024-04-08T22:30:55.588+0800][1672.347s] GC(529) Humongous regions: 4->4
[2024-04-08T22:30:55.588+0800][1672.347s] GC(529) Metaspace: 67647K(68480K)->67647K(68480K) NonClass: 60045K(60480K)->60045K(60480K) Class: 7601K(8000K)->7601K(8000K)
[2024-04-08T22:30:55.588+0800][1672.347s] GC(529) Pause Young (Normal) (G1 Evacuation Pause) 366M->61M(512M) 3.627ms
[2024-04-08T22:30:55.589+0800][1672.347s] GC(529) User=0.03s Sys=0.00s Real=0.00s
[2024-04-08T22:30:57.885+0800][1674.643s] GC(530) Pause Young (Normal) (G1 Evacuation Pause)
[2024-04-08T22:30:57.885+0800][1674.643s] GC(530) Using 13 workers of 13 for evacuation
[2024-04-08T22:30:57.888+0800][1674.646s] GC(530)   Pre Evacuate Collection Set: 0.3ms
[2024-04-08T22:30:57.888+0800][1674.646s] GC(530)   Merge Heap Roots: 0.2ms
[2024-04-08T22:30:57.888+0800][1674.646s] GC(530)   Evacuate Collection Set: 2.0ms
[2024-04-08T22:30:57.888+0800][1674.646s] GC(530)   Post Evacuate Collection Set: 0.7ms
[2024-04-08T22:30:57.888+0800][1674.646s] GC(530)   Other: 0.1ms
[2024-04-08T22:30:57.888+0800][1674.647s] GC(530) Eden regions: 305->0(305)
[2024-04-08T22:30:57.888+0800][1674.647s] GC(530) Survivor regions: 2->2(39)
[2024-04-08T22:30:57.888+0800][1674.647s] GC(530) Old regions: 57->57
[2024-04-08T22:30:57.888+0800][1674.647s] GC(530) Humongous regions: 4->4
[2024-04-08T22:30:57.888+0800][1674.647s] GC(530) Metaspace: 67647K(68480K)->67647K(68480K) NonClass: 60045K(60480K)->60045K(60480K) Class: 7601K(8000K)->7601K(8000K)
[2024-04-08T22:30:57.888+0800][1674.647s] GC(530) Pause Young (Normal) (G1 Evacuation Pause) 366M->61M(512M) 3.720ms
[2024-04-08T22:30:57.888+0800][1674.647s] GC(530) User=0.00s Sys=0.00s Real=0.00s
[2024-04-08T22:30:59.935+0800][1676.693s] GC(531) Pause Young (Normal) (G1 Evacuation Pause)
[2024-04-08T22:30:59.935+0800][1676.693s] GC(531) Using 13 workers of 13 for evacuation
[2024-04-08T22:30:59.939+0800][1676.697s] GC(531)   Pre Evacuate Collection Set: 0.3ms
[2024-04-08T22:30:59.939+0800][1676.697s] GC(531)   Merge Heap Roots: 0.2ms
[2024-04-08T22:30:59.939+0800][1676.697s] GC(531)   Evacuate Collection Set: 2.2ms
[2024-04-08T22:30:59.939+0800][1676.697s] GC(531)   Post Evacuate Collection Set: 0.9ms
[2024-04-08T22:30:59.939+0800][1676.697s] GC(531)   Other: 0.1ms
[2024-04-08T22:30:59.939+0800][1676.697s] GC(531) Eden regions: 305->0(305)
[2024-04-08T22:30:59.939+0800][1676.697s] GC(531) Survivor regions: 2->2(39)
[2024-04-08T22:30:59.939+0800][1676.697s] GC(531) Old regions: 57->57
[2024-04-08T22:30:59.939+0800][1676.697s] GC(531) Humongous regions: 4->4
[2024-04-08T22:30:59.939+0800][1676.697s] GC(531) Metaspace: 67647K(68480K)->67647K(68480K) NonClass: 60045K(60480K)->60045K(60480K) Class: 7601K(8000K)->7601K(8000K)
[2024-04-08T22:30:59.939+0800][1676.697s] GC(531) Pause Young (Normal) (G1 Evacuation Pause) 366M->62M(512M) 4.161ms
[2024-04-08T22:30:59.939+0800][1676.697s] GC(531) User=0.00s Sys=0.00s Real=0.00s
[2024-04-08T22:31:02.184+0800][1678.942s] GC(532) Pause Young (Normal) (G1 Evacuation Pause)
[2024-04-08T22:31:02.184+0800][1678.943s] GC(532) Using 13 workers of 13 for evacuation
[2024-04-08T22:31:02.188+0800][1678.946s] GC(532)   Pre Evacuate Collection Set: 0.3ms
[2024-04-08T22:31:02.188+0800][1678.946s] GC(532)   Merge Heap Roots: 0.2ms
[2024-04-08T22:31:02.188+0800][1678.946s] GC(532)   Evacuate Collection Set: 2.3ms
[2024-04-08T22:31:02.188+0800][1678.946s] GC(532)   Post Evacuate Collection Set: 0.8ms
[2024-04-08T22:31:02.188+0800][1678.946s] GC(532)   Other: 0.1ms
[2024-04-08T22:31:02.188+0800][1678.946s] GC(532) Eden regions: 305->0(305)
[2024-04-08T22:31:02.188+0800][1678.946s] GC(532) Survivor regions: 2->2(39)
[2024-04-08T22:31:02.188+0800][1678.946s] GC(532) Old regions: 57->57
[2024-04-08T22:31:02.188+0800][1678.946s] GC(532) Humongous regions: 4->4
[2024-04-08T22:31:02.188+0800][1678.947s] GC(532) Metaspace: 67647K(68480K)->67647K(68480K) NonClass: 60045K(60480K)->60045K(60480K) Class: 7601K(8000K)->7601K(8000K)
[2024-04-08T22:31:02.188+0800][1678.947s] GC(532) Pause Young (Normal) (G1 Evacuation Pause) 367M->61M(512M) 4.078ms
[2024-04-08T22:31:02.188+0800][1678.947s] GC(532) User=0.00s Sys=0.00s Real=0.00s
[2024-04-08T22:31:04.416+0800][1681.174s] GC(533) Pause Young (Normal) (G1 Evacuation Pause)
[2024-04-08T22:31:04.416+0800][1681.175s] GC(533) Using 13 workers of 13 for evacuation
[2024-04-08T22:31:04.419+0800][1681.178s] GC(533)   Pre Evacuate Collection Set: 0.2ms
[2024-04-08T22:31:04.419+0800][1681.178s] GC(533)   Merge Heap Roots: 0.1ms
[2024-04-08T22:31:04.420+0800][1681.178s] GC(533)   Evacuate Collection Set: 2.1ms
[2024-04-08T22:31:04.420+0800][1681.178s] GC(533)   Post Evacuate Collection Set: 0.7ms
[2024-04-08T22:31:04.420+0800][1681.178s] GC(533)   Other: 0.2ms
[2024-04-08T22:31:04.420+0800][1681.178s] GC(533) Eden regions: 305->0(305)
[2024-04-08T22:31:04.420+0800][1681.178s] GC(533) Survivor regions: 2->2(39)
[2024-04-08T22:31:04.420+0800][1681.178s] GC(533) Old regions: 57->57
[2024-04-08T22:31:04.420+0800][1681.178s] GC(533) Humongous regions: 4->4
[2024-04-08T22:31:04.420+0800][1681.178s] GC(533) Metaspace: 67647K(68480K)->67647K(68480K) NonClass: 60045K(60480K)->60045K(60480K) Class: 7601K(8000K)->7601K(8000K)
[2024-04-08T22:31:04.420+0800][1681.178s] GC(533) Pause Young (Normal) (G1 Evacuation Pause) 366M->61M(512M) 3.741ms
[2024-04-08T22:31:04.420+0800][1681.178s] GC(533) User=0.00s Sys=0.00s Real=0.00s
[2024-04-08T22:31:06.413+0800][1683.171s] GC(534) Pause Young (Normal) (G1 Evacuation Pause)
[2024-04-08T22:31:06.413+0800][1683.171s] GC(534) Using 13 workers of 13 for evacuation
[2024-04-08T22:31:06.416+0800][1683.174s] GC(534)   Pre Evacuate Collection Set: 0.2ms
[2024-04-08T22:31:06.416+0800][1683.174s] GC(534)   Merge Heap Roots: 0.1ms
[2024-04-08T22:31:06.416+0800][1683.174s] GC(534)   Evacuate Collection Set: 1.8ms
[2024-04-08T22:31:06.416+0800][1683.174s] GC(534)   Post Evacuate Collection Set: 0.6ms
[2024-04-08T22:31:06.416+0800][1683.174s] GC(534)   Other: 0.1ms
[2024-04-08T22:31:06.416+0800][1683.174s] GC(534) Eden regions: 305->0(305)
[2024-04-08T22:31:06.416+0800][1683.174s] GC(534) Survivor regions: 2->2(39)
[2024-04-08T22:31:06.416+0800][1683.174s] GC(534) Old regions: 57->57
[2024-04-08T22:31:06.416+0800][1683.174s] GC(534) Humongous regions: 4->4
[2024-04-08T22:31:06.416+0800][1683.174s] GC(534) Metaspace: 67647K(68480K)->67647K(68480K) NonClass: 60045K(60480K)->60045K(60480K) Class: 7601K(8000K)->7601K(8000K)
[2024-04-08T22:31:06.416+0800][1683.174s] GC(534) Pause Young (Normal) (G1 Evacuation Pause) 366M->61M(512M) 3.357ms
[2024-04-08T22:31:06.416+0800][1683.174s] GC(534) User=0.19s Sys=0.00s Real=0.00s
[2024-04-08T22:31:08.577+0800][1685.336s] GC(535) Pause Young (Normal) (G1 Evacuation Pause)
[2024-04-08T22:31:08.577+0800][1685.336s] GC(535) Using 13 workers of 13 for evacuation
[2024-04-08T22:31:08.581+0800][1685.339s] GC(535)   Pre Evacuate Collection Set: 0.2ms
[2024-04-08T22:31:08.581+0800][1685.339s] GC(535)   Merge Heap Roots: 0.1ms
[2024-04-08T22:31:08.581+0800][1685.339s] GC(535)   Evacuate Collection Set: 2.3ms
[2024-04-08T22:31:08.581+0800][1685.339s] GC(535)   Post Evacuate Collection Set: 0.7ms
[2024-04-08T22:31:08.581+0800][1685.339s] GC(535)   Other: 0.1ms
[2024-04-08T22:31:08.581+0800][1685.339s] GC(535) Eden regions: 305->0(305)
[2024-04-08T22:31:08.581+0800][1685.339s] GC(535) Survivor regions: 2->2(39)
[2024-04-08T22:31:08.581+0800][1685.339s] GC(535) Old regions: 57->57
[2024-04-08T22:31:08.581+0800][1685.339s] GC(535) Humongous regions: 4->4
[2024-04-08T22:31:08.581+0800][1685.339s] GC(535) Metaspace: 67647K(68480K)->67647K(68480K) NonClass: 60045K(60480K)->60045K(60480K) Class: 7601K(8000K)->7601K(8000K)
[2024-04-08T22:31:08.581+0800][1685.339s] GC(535) Pause Young (Normal) (G1 Evacuation Pause) 366M->62M(512M) 3.759ms
[2024-04-08T22:31:08.581+0800][1685.339s] GC(535) User=0.00s Sys=0.00s Real=0.00s
[2024-04-08T22:31:10.766+0800][1687.525s] GC(536) Pause Young (Normal) (G1 Evacuation Pause)
[2024-04-08T22:31:10.766+0800][1687.525s] GC(536) Using 13 workers of 13 for evacuation
[2024-04-08T22:31:10.769+0800][1687.528s] GC(536)   Pre Evacuate Collection Set: 0.2ms
[2024-04-08T22:31:10.770+0800][1687.528s] GC(536)   Merge Heap Roots: 0.1ms
[2024-04-08T22:31:10.770+0800][1687.528s] GC(536)   Evacuate Collection Set: 2.0ms
[2024-04-08T22:31:10.770+0800][1687.528s] GC(536)   Post Evacuate Collection Set: 0.8ms
[2024-04-08T22:31:10.770+0800][1687.528s] GC(536)   Other: 0.2ms
[2024-04-08T22:31:10.770+0800][1687.528s] GC(536) Eden regions: 305->0(305)
[2024-04-08T22:31:10.770+0800][1687.528s] GC(536) Survivor regions: 2->2(39)
[2024-04-08T22:31:10.770+0800][1687.528s] GC(536) Old regions: 57->57
[2024-04-08T22:31:10.770+0800][1687.528s] GC(536) Humongous regions: 4->4
[2024-04-08T22:31:10.770+0800][1687.528s] GC(536) Metaspace: 67647K(68480K)->67647K(68480K) NonClass: 60045K(60480K)->60045K(60480K) Class: 7601K(8000K)->7601K(8000K)
[2024-04-08T22:31:10.770+0800][1687.528s] GC(536) Pause Young (Normal) (G1 Evacuation Pause) 367M->61M(512M) 3.737ms
[2024-04-08T22:31:10.770+0800][1687.528s] GC(536) User=0.00s Sys=0.00s Real=0.00s
[2024-04-08T22:31:12.914+0800][1689.673s] GC(537) Pause Young (Normal) (G1 Evacuation Pause)
[2024-04-08T22:31:12.914+0800][1689.673s] GC(537) Using 13 workers of 13 for evacuation
[2024-04-08T22:31:12.918+0800][1689.676s] GC(537)   Pre Evacuate Collection Set: 0.1ms
[2024-04-08T22:31:12.918+0800][1689.676s] GC(537)   Merge Heap Roots: 0.1ms
[2024-04-08T22:31:12.918+0800][1689.676s] GC(537)   Evacuate Collection Set: 2.3ms
[2024-04-08T22:31:12.918+0800][1689.676s] GC(537)   Post Evacuate Collection Set: 0.5ms
[2024-04-08T22:31:12.918+0800][1689.676s] GC(537)   Other: 0.1ms
[2024-04-08T22:31:12.918+0800][1689.676s] GC(537) Eden regions: 305->0(305)
[2024-04-08T22:31:12.918+0800][1689.676s] GC(537) Survivor regions: 2->2(39)
[2024-04-08T22:31:12.918+0800][1689.676s] GC(537) Old regions: 57->57
[2024-04-08T22:31:12.918+0800][1689.676s] GC(537) Humongous regions: 4->4
[2024-04-08T22:31:12.918+0800][1689.676s] GC(537) Metaspace: 67647K(68480K)->67647K(68480K) NonClass: 60045K(60480K)->60045K(60480K) Class: 7601K(8000K)->7601K(8000K)
[2024-04-08T22:31:12.918+0800][1689.676s] GC(537) Pause Young (Normal) (G1 Evacuation Pause) 366M->61M(512M) 3.490ms
[2024-04-08T22:31:12.918+0800][1689.676s] GC(537) User=0.16s Sys=0.00s Real=0.00s
[2024-04-08T22:31:15.171+0800][1691.929s] GC(538) Pause Young (Normal) (G1 Evacuation Pause)
[2024-04-08T22:31:15.171+0800][1691.929s] GC(538) Using 13 workers of 13 for evacuation
[2024-04-08T22:31:15.174+0800][1691.932s] GC(538)   Pre Evacuate Collection Set: 0.1ms
[2024-04-08T22:31:15.174+0800][1691.932s] GC(538)   Merge Heap Roots: 0.1ms
[2024-04-08T22:31:15.174+0800][1691.932s] GC(538)   Evacuate Collection Set: 1.9ms
[2024-04-08T22:31:15.174+0800][1691.932s] GC(538)   Post Evacuate Collection Set: 0.6ms
[2024-04-08T22:31:15.174+0800][1691.932s] GC(538)   Other: 0.1ms
[2024-04-08T22:31:15.174+0800][1691.932s] GC(538) Eden regions: 305->0(305)
[2024-04-08T22:31:15.174+0800][1691.932s] GC(538) Survivor regions: 2->2(39)
[2024-04-08T22:31:15.174+0800][1691.932s] GC(538) Old regions: 57->57
[2024-04-08T22:31:15.174+0800][1691.932s] GC(538) Humongous regions: 4->4
[2024-04-08T22:31:15.174+0800][1691.932s] GC(538) Metaspace: 67647K(68480K)->67647K(68480K) NonClass: 60045K(60480K)->60045K(60480K) Class: 7601K(8000K)->7601K(8000K)
[2024-04-08T22:31:15.174+0800][1691.932s] GC(538) Pause Young (Normal) (G1 Evacuation Pause) 366M->61M(512M) 3.160ms
[2024-04-08T22:31:15.174+0800][1691.932s] GC(538) User=0.00s Sys=0.00s Real=0.00s
[2024-04-08T22:31:17.084+0800][1693.842s] GC(539) Pause Young (Normal) (G1 Evacuation Pause)
[2024-04-08T22:31:17.084+0800][1693.843s] GC(539) Using 13 workers of 13 for evacuation
[2024-04-08T22:31:17.087+0800][1693.845s] GC(539)   Pre Evacuate Collection Set: 0.2ms
[2024-04-08T22:31:17.087+0800][1693.846s] GC(539)   Merge Heap Roots: 0.2ms
[2024-04-08T22:31:17.087+0800][1693.846s] GC(539)   Evacuate Collection Set: 1.8ms
[2024-04-08T22:31:17.087+0800][1693.846s] GC(539)   Post Evacuate Collection Set: 0.7ms
[2024-04-08T22:31:17.087+0800][1693.846s] GC(539)   Other: 0.1ms
[2024-04-08T22:31:17.087+0800][1693.846s] GC(539) Eden regions: 305->0(305)
[2024-04-08T22:31:17.087+0800][1693.846s] GC(539) Survivor regions: 2->2(39)
[2024-04-08T22:31:17.087+0800][1693.846s] GC(539) Old regions: 57->57
[2024-04-08T22:31:17.087+0800][1693.846s] GC(539) Humongous regions: 4->4
[2024-04-08T22:31:17.087+0800][1693.846s] GC(539) Metaspace: 67647K(68480K)->67647K(68480K) NonClass: 60045K(60480K)->60045K(60480K) Class: 7601K(8000K)->7601K(8000K)
[2024-04-08T22:31:17.087+0800][1693.846s] GC(539) Pause Young (Normal) (G1 Evacuation Pause) 366M->61M(512M) 3.226ms
[2024-04-08T22:31:17.087+0800][1693.846s] GC(539) User=0.00s Sys=0.00s Real=0.00s
[2024-04-08T22:31:19.304+0800][1696.062s] GC(540) Pause Young (Normal) (G1 Evacuation Pause)
[2024-04-08T22:31:19.304+0800][1696.062s] GC(540) Using 13 workers of 13 for evacuation
[2024-04-08T22:31:19.307+0800][1696.065s] GC(540)   Pre Evacuate Collection Set: 0.2ms
[2024-04-08T22:31:19.307+0800][1696.065s] GC(540)   Merge Heap Roots: 0.1ms
[2024-04-08T22:31:19.307+0800][1696.065s] GC(540)   Evacuate Collection Set: 1.9ms
[2024-04-08T22:31:19.307+0800][1696.065s] GC(540)   Post Evacuate Collection Set: 0.6ms
[2024-04-08T22:31:19.307+0800][1696.065s] GC(540)   Other: 0.1ms
[2024-04-08T22:31:19.307+0800][1696.065s] GC(540) Eden regions: 305->0(305)
[2024-04-08T22:31:19.307+0800][1696.065s] GC(540) Survivor regions: 2->2(39)
[2024-04-08T22:31:19.307+0800][1696.065s] GC(540) Old regions: 57->57
[2024-04-08T22:31:19.307+0800][1696.065s] GC(540) Humongous regions: 4->4
[2024-04-08T22:31:19.307+0800][1696.065s] GC(540) Metaspace: 67647K(68480K)->67647K(68480K) NonClass: 60045K(60480K)->60045K(60480K) Class: 7601K(8000K)->7601K(8000K)
[2024-04-08T22:31:19.307+0800][1696.065s] GC(540) Pause Young (Normal) (G1 Evacuation Pause) 366M->61M(512M) 3.278ms
[2024-04-08T22:31:19.307+0800][1696.065s] GC(540) User=0.02s Sys=0.00s Real=0.00s
[2024-04-08T22:31:21.393+0800][1698.152s] GC(541) Pause Young (Normal) (G1 Evacuation Pause)
[2024-04-08T22:31:21.394+0800][1698.152s] GC(541) Using 13 workers of 13 for evacuation
[2024-04-08T22:31:21.397+0800][1698.155s] GC(541)   Pre Evacuate Collection Set: 0.2ms
[2024-04-08T22:31:21.397+0800][1698.155s] GC(541)   Merge Heap Roots: 0.2ms
[2024-04-08T22:31:21.397+0800][1698.155s] GC(541)   Evacuate Collection Set: 2.0ms
[2024-04-08T22:31:21.397+0800][1698.155s] GC(541)   Post Evacuate Collection Set: 0.8ms
[2024-04-08T22:31:21.397+0800][1698.155s] GC(541)   Other: 0.1ms
[2024-04-08T22:31:21.397+0800][1698.156s] GC(541) Eden regions: 305->0(305)
[2024-04-08T22:31:21.397+0800][1698.156s] GC(541) Survivor regions: 2->2(39)
[2024-04-08T22:31:21.397+0800][1698.156s] GC(541) Old regions: 57->57
[2024-04-08T22:31:21.397+0800][1698.156s] GC(541) Humongous regions: 4->4
[2024-04-08T22:31:21.397+0800][1698.156s] GC(541) Metaspace: 67647K(68480K)->67647K(68480K) NonClass: 60045K(60480K)->60045K(60480K) Class: 7601K(8000K)->7601K(8000K)
[2024-04-08T22:31:21.397+0800][1698.156s] GC(541) Pause Young (Normal) (G1 Evacuation Pause) 366M->62M(512M) 3.640ms
[2024-04-08T22:31:21.397+0800][1698.156s] GC(541) User=0.00s Sys=0.00s Real=0.00s
[2024-04-08T22:31:23.757+0800][1700.515s] GC(542) Pause Young (Normal) (G1 Evacuation Pause)
[2024-04-08T22:31:23.757+0800][1700.515s] GC(542) Using 13 workers of 13 for evacuation
[2024-04-08T22:31:23.760+0800][1700.518s] GC(542)   Pre Evacuate Collection Set: 0.2ms
[2024-04-08T22:31:23.760+0800][1700.518s] GC(542)   Merge Heap Roots: 0.1ms
[2024-04-08T22:31:23.760+0800][1700.518s] GC(542)   Evacuate Collection Set: 2.2ms
[2024-04-08T22:31:23.760+0800][1700.518s] GC(542)   Post Evacuate Collection Set: 0.6ms
[2024-04-08T22:31:23.760+0800][1700.518s] GC(542)   Other: 0.1ms
[2024-04-08T22:31:23.760+0800][1700.518s] GC(542) Eden regions: 305->0(305)
[2024-04-08T22:31:23.760+0800][1700.518s] GC(542) Survivor regions: 2->2(39)
[2024-04-08T22:31:23.760+0800][1700.518s] GC(542) Old regions: 57->57
[2024-04-08T22:31:23.760+0800][1700.518s] GC(542) Humongous regions: 4->4
[2024-04-08T22:31:23.760+0800][1700.518s] GC(542) Metaspace: 67647K(68480K)->67647K(68480K) NonClass: 60045K(60480K)->60045K(60480K) Class: 7601K(8000K)->7601K(8000K)
[2024-04-08T22:31:23.760+0800][1700.519s] GC(542) Pause Young (Normal) (G1 Evacuation Pause) 367M->62M(512M) 3.585ms
[2024-04-08T22:31:23.760+0800][1700.519s] GC(542) User=0.02s Sys=0.00s Real=0.00s
[2024-04-08T22:31:26.041+0800][1702.799s] GC(543) Pause Young (Normal) (G1 Evacuation Pause)
[2024-04-08T22:31:26.041+0800][1702.799s] GC(543) Using 13 workers of 13 for evacuation
[2024-04-08T22:31:26.044+0800][1702.803s] GC(543)   Pre Evacuate Collection Set: 0.3ms
[2024-04-08T22:31:26.044+0800][1702.803s] GC(543)   Merge Heap Roots: 0.1ms
[2024-04-08T22:31:26.044+0800][1702.803s] GC(543)   Evacuate Collection Set: 1.9ms
[2024-04-08T22:31:26.044+0800][1702.803s] GC(543)   Post Evacuate Collection Set: 0.8ms
[2024-04-08T22:31:26.044+0800][1702.803s] GC(543)   Other: 0.2ms
[2024-04-08T22:31:26.044+0800][1702.803s] GC(543) Eden regions: 305->0(305)
[2024-04-08T22:31:26.044+0800][1702.803s] GC(543) Survivor regions: 2->2(39)
[2024-04-08T22:31:26.044+0800][1702.803s] GC(543) Old regions: 57->57
[2024-04-08T22:31:26.044+0800][1702.803s] GC(543) Humongous regions: 4->4
[2024-04-08T22:31:26.044+0800][1702.803s] GC(543) Metaspace: 67647K(68480K)->67647K(68480K) NonClass: 60045K(60480K)->60045K(60480K) Class: 7601K(8000K)->7601K(8000K)
[2024-04-08T22:31:26.044+0800][1702.803s] GC(543) Pause Young (Normal) (G1 Evacuation Pause) 367M->61M(512M) 3.731ms
[2024-04-08T22:31:26.044+0800][1702.803s] GC(543) User=0.00s Sys=0.00s Real=0.00s
[2024-04-08T22:31:28.125+0800][1704.883s] GC(544) Pause Young (Normal) (G1 Evacuation Pause)
[2024-04-08T22:31:28.125+0800][1704.883s] GC(544) Using 13 workers of 13 for evacuation
[2024-04-08T22:31:28.128+0800][1704.886s] GC(544)   Pre Evacuate Collection Set: 0.2ms
[2024-04-08T22:31:28.128+0800][1704.886s] GC(544)   Merge Heap Roots: 0.1ms
[2024-04-08T22:31:28.128+0800][1704.886s] GC(544)   Evacuate Collection Set: 1.9ms
[2024-04-08T22:31:28.128+0800][1704.886s] GC(544)   Post Evacuate Collection Set: 0.5ms
[2024-04-08T22:31:28.128+0800][1704.886s] GC(544)   Other: 0.2ms
[2024-04-08T22:31:28.128+0800][1704.886s] GC(544) Eden regions: 305->0(305)
[2024-04-08T22:31:28.128+0800][1704.886s] GC(544) Survivor regions: 2->2(39)
[2024-04-08T22:31:28.128+0800][1704.886s] GC(544) Old regions: 57->57
[2024-04-08T22:31:28.128+0800][1704.887s] GC(544) Humongous regions: 4->4
[2024-04-08T22:31:28.128+0800][1704.887s] GC(544) Metaspace: 67647K(68480K)->67647K(68480K) NonClass: 60045K(60480K)->60045K(60480K) Class: 7601K(8000K)->7601K(8000K)
[2024-04-08T22:31:28.128+0800][1704.887s] GC(544) Pause Young (Normal) (G1 Evacuation Pause) 366M->62M(512M) 3.367ms
[2024-04-08T22:31:28.128+0800][1704.887s] GC(544) User=0.00s Sys=0.00s Real=0.00s
[2024-04-08T22:31:30.225+0800][1706.984s] GC(545) Pause Young (Normal) (G1 Evacuation Pause)
[2024-04-08T22:31:30.225+0800][1706.984s] GC(545) Using 13 workers of 13 for evacuation
[2024-04-08T22:31:30.228+0800][1706.986s] GC(545)   Pre Evacuate Collection Set: 0.2ms
[2024-04-08T22:31:30.228+0800][1706.986s] GC(545)   Merge Heap Roots: 0.1ms
[2024-04-08T22:31:30.228+0800][1706.986s] GC(545)   Evacuate Collection Set: 1.7ms
[2024-04-08T22:31:30.228+0800][1706.986s] GC(545)   Post Evacuate Collection Set: 0.6ms
[2024-04-08T22:31:30.228+0800][1706.986s] GC(545)   Other: 0.1ms
[2024-04-08T22:31:30.228+0800][1706.986s] GC(545) Eden regions: 305->0(305)
[2024-04-08T22:31:30.228+0800][1706.987s] GC(545) Survivor regions: 2->2(39)
[2024-04-08T22:31:30.228+0800][1706.987s] GC(545) Old regions: 57->57
[2024-04-08T22:31:30.228+0800][1706.987s] GC(545) Humongous regions: 4->4
[2024-04-08T22:31:30.228+0800][1706.987s] GC(545) Metaspace: 67647K(68480K)->67647K(68480K) NonClass: 60045K(60480K)->60045K(60480K) Class: 7601K(8000K)->7601K(8000K)
[2024-04-08T22:31:30.228+0800][1706.987s] GC(545) Pause Young (Normal) (G1 Evacuation Pause) 367M->61M(512M) 3.051ms
[2024-04-08T22:31:30.228+0800][1706.987s] GC(545) User=0.00s Sys=0.00s Real=0.00s
[2024-04-08T22:31:32.482+0800][1709.240s] GC(546) Pause Young (Normal) (G1 Evacuation Pause)
[2024-04-08T22:31:32.482+0800][1709.240s] GC(546) Using 13 workers of 13 for evacuation
[2024-04-08T22:31:32.484+0800][1709.243s] GC(546)   Pre Evacuate Collection Set: 0.2ms
[2024-04-08T22:31:32.484+0800][1709.243s] GC(546)   Merge Heap Roots: 0.1ms
[2024-04-08T22:31:32.485+0800][1709.243s] GC(546)   Evacuate Collection Set: 1.7ms
[2024-04-08T22:31:32.485+0800][1709.243s] GC(546)   Post Evacuate Collection Set: 0.6ms
[2024-04-08T22:31:32.485+0800][1709.243s] GC(546)   Other: 0.1ms
[2024-04-08T22:31:32.485+0800][1709.243s] GC(546) Eden regions: 305->0(305)
[2024-04-08T22:31:32.485+0800][1709.243s] GC(546) Survivor regions: 2->2(39)
[2024-04-08T22:31:32.485+0800][1709.243s] GC(546) Old regions: 57->57
[2024-04-08T22:31:32.485+0800][1709.243s] GC(546) Humongous regions: 4->4
[2024-04-08T22:31:32.485+0800][1709.243s] GC(546) Metaspace: 67647K(68480K)->67647K(68480K) NonClass: 60045K(60480K)->60045K(60480K) Class: 7601K(8000K)->7601K(8000K)
[2024-04-08T22:31:32.485+0800][1709.243s] GC(546) Pause Young (Normal) (G1 Evacuation Pause) 366M->62M(512M) 3.122ms
[2024-04-08T22:31:32.485+0800][1709.243s] GC(546) User=0.00s Sys=0.00s Real=0.00s
[2024-04-08T22:31:34.446+0800][1711.204s] GC(547) Pause Young (Normal) (G1 Evacuation Pause)
[2024-04-08T22:31:34.446+0800][1711.204s] GC(547) Using 13 workers of 13 for evacuation
[2024-04-08T22:31:34.448+0800][1711.207s] GC(547)   Pre Evacuate Collection Set: 0.3ms
[2024-04-08T22:31:34.448+0800][1711.207s] GC(547)   Merge Heap Roots: 0.1ms
[2024-04-08T22:31:34.449+0800][1711.207s] GC(547)   Evacuate Collection Set: 1.5ms
[2024-04-08T22:31:34.449+0800][1711.207s] GC(547)   Post Evacuate Collection Set: 0.6ms
[2024-04-08T22:31:34.449+0800][1711.207s] GC(547)   Other: 0.1ms
[2024-04-08T22:31:34.449+0800][1711.207s] GC(547) Eden regions: 305->0(305)
[2024-04-08T22:31:34.449+0800][1711.207s] GC(547) Survivor regions: 2->2(39)
[2024-04-08T22:31:34.449+0800][1711.207s] GC(547) Old regions: 57->57
[2024-04-08T22:31:34.449+0800][1711.207s] GC(547) Humongous regions: 4->4
[2024-04-08T22:31:34.449+0800][1711.207s] GC(547) Metaspace: 67647K(68480K)->67647K(68480K) NonClass: 60045K(60480K)->60045K(60480K) Class: 7601K(8000K)->7601K(8000K)
[2024-04-08T22:31:34.449+0800][1711.207s] GC(547) Pause Young (Normal) (G1 Evacuation Pause) 367M->61M(512M) 2.970ms
[2024-04-08T22:31:34.449+0800][1711.207s] GC(547) User=0.05s Sys=0.00s Real=0.00s
[2024-04-08T22:31:36.678+0800][1713.437s] GC(548) Pause Young (Normal) (G1 Evacuation Pause)
[2024-04-08T22:31:36.678+0800][1713.437s] GC(548) Using 13 workers of 13 for evacuation
[2024-04-08T22:31:36.682+0800][1713.440s] GC(548)   Pre Evacuate Collection Set: 0.3ms
[2024-04-08T22:31:36.682+0800][1713.440s] GC(548)   Merge Heap Roots: 0.2ms
[2024-04-08T22:31:36.682+0800][1713.440s] GC(548)   Evacuate Collection Set: 1.9ms
[2024-04-08T22:31:36.682+0800][1713.440s] GC(548)   Post Evacuate Collection Set: 0.9ms
[2024-04-08T22:31:36.682+0800][1713.440s] GC(548)   Other: 0.1ms
[2024-04-08T22:31:36.682+0800][1713.440s] GC(548) Eden regions: 305->0(305)
[2024-04-08T22:31:36.682+0800][1713.441s] GC(548) Survivor regions: 2->2(39)
[2024-04-08T22:31:36.682+0800][1713.441s] GC(548) Old regions: 57->57
[2024-04-08T22:31:36.682+0800][1713.441s] GC(548) Humongous regions: 4->4
[2024-04-08T22:31:36.682+0800][1713.441s] GC(548) Metaspace: 67647K(68480K)->67647K(68480K) NonClass: 60045K(60480K)->60045K(60480K) Class: 7601K(8000K)->7601K(8000K)
[2024-04-08T22:31:36.682+0800][1713.441s] GC(548) Pause Young (Normal) (G1 Evacuation Pause) 366M->61M(512M) 3.911ms
[2024-04-08T22:31:36.682+0800][1713.441s] GC(548) User=0.02s Sys=0.00s Real=0.00s
[2024-04-08T22:31:38.710+0800][1715.469s] GC(549) Pause Young (Normal) (G1 Evacuation Pause)
[2024-04-08T22:31:38.711+0800][1715.469s] GC(549) Using 13 workers of 13 for evacuation
[2024-04-08T22:31:38.713+0800][1715.472s] GC(549)   Pre Evacuate Collection Set: 0.1ms
[2024-04-08T22:31:38.713+0800][1715.472s] GC(549)   Merge Heap Roots: 0.1ms
[2024-04-08T22:31:38.713+0800][1715.472s] GC(549)   Evacuate Collection Set: 1.7ms
[2024-04-08T22:31:38.713+0800][1715.472s] GC(549)   Post Evacuate Collection Set: 0.6ms
[2024-04-08T22:31:38.713+0800][1715.472s] GC(549)   Other: 0.1ms
[2024-04-08T22:31:38.713+0800][1715.472s] GC(549) Eden regions: 305->0(305)
[2024-04-08T22:31:38.713+0800][1715.472s] GC(549) Survivor regions: 2->2(39)
[2024-04-08T22:31:38.713+0800][1715.472s] GC(549) Old regions: 57->57
[2024-04-08T22:31:38.713+0800][1715.472s] GC(549) Humongous regions: 4->4
[2024-04-08T22:31:38.713+0800][1715.472s] GC(549) Metaspace: 67647K(68480K)->67647K(68480K) NonClass: 60045K(60480K)->60045K(60480K) Class: 7601K(8000K)->7601K(8000K)
[2024-04-08T22:31:38.713+0800][1715.472s] GC(549) Pause Young (Normal) (G1 Evacuation Pause) 366M->61M(512M) 2.999ms
[2024-04-08T22:31:38.713+0800][1715.472s] GC(549) User=0.00s Sys=0.05s Real=0.00s
[2024-04-08T22:31:40.867+0800][1717.625s] GC(550) Pause Young (Normal) (G1 Evacuation Pause)
[2024-04-08T22:31:40.867+0800][1717.625s] GC(550) Using 13 workers of 13 for evacuation
[2024-04-08T22:31:40.870+0800][1717.629s] GC(550)   Pre Evacuate Collection Set: 0.2ms
[2024-04-08T22:31:40.871+0800][1717.629s] GC(550)   Merge Heap Roots: 0.1ms
[2024-04-08T22:31:40.871+0800][1717.629s] GC(550)   Evacuate Collection Set: 2.3ms
[2024-04-08T22:31:40.871+0800][1717.629s] GC(550)   Post Evacuate Collection Set: 0.8ms
[2024-04-08T22:31:40.871+0800][1717.629s] GC(550)   Other: 0.1ms
[2024-04-08T22:31:40.871+0800][1717.629s] GC(550) Eden regions: 305->0(305)
[2024-04-08T22:31:40.871+0800][1717.629s] GC(550) Survivor regions: 2->2(39)
[2024-04-08T22:31:40.871+0800][1717.629s] GC(550) Old regions: 57->57
[2024-04-08T22:31:40.871+0800][1717.629s] GC(550) Humongous regions: 4->4
[2024-04-08T22:31:40.871+0800][1717.629s] GC(550) Metaspace: 67647K(68480K)->67647K(68480K) NonClass: 60045K(60480K)->60045K(60480K) Class: 7601K(8000K)->7601K(8000K)
[2024-04-08T22:31:40.871+0800][1717.630s] GC(550) Pause Young (Normal) (G1 Evacuation Pause) 366M->62M(512M) 4.127ms
[2024-04-08T22:31:40.871+0800][1717.630s] GC(550) User=0.03s Sys=0.00s Real=0.00s
[2024-04-08T22:31:43.017+0800][1719.775s] GC(551) Pause Young (Normal) (G1 Evacuation Pause)
[2024-04-08T22:31:43.017+0800][1719.775s] GC(551) Using 13 workers of 13 for evacuation
[2024-04-08T22:31:43.020+0800][1719.778s] GC(551)   Pre Evacuate Collection Set: 0.2ms
[2024-04-08T22:31:43.020+0800][1719.778s] GC(551)   Merge Heap Roots: 0.1ms
[2024-04-08T22:31:43.020+0800][1719.778s] GC(551)   Evacuate Collection Set: 1.8ms
[2024-04-08T22:31:43.020+0800][1719.778s] GC(551)   Post Evacuate Collection Set: 0.6ms
[2024-04-08T22:31:43.020+0800][1719.778s] GC(551)   Other: 0.1ms
[2024-04-08T22:31:43.020+0800][1719.778s] GC(551) Eden regions: 305->0(305)
[2024-04-08T22:31:43.020+0800][1719.778s] GC(551) Survivor regions: 2->2(39)
[2024-04-08T22:31:43.020+0800][1719.778s] GC(551) Old regions: 57->57
[2024-04-08T22:31:43.020+0800][1719.778s] GC(551) Humongous regions: 4->4
[2024-04-08T22:31:43.020+0800][1719.778s] GC(551) Metaspace: 67647K(68480K)->67647K(68480K) NonClass: 60045K(60480K)->60045K(60480K) Class: 7601K(8000K)->7601K(8000K)
[2024-04-08T22:31:43.020+0800][1719.779s] GC(551) Pause Young (Normal) (G1 Evacuation Pause) 367M->62M(512M) 3.356ms
[2024-04-08T22:31:43.020+0800][1719.779s] GC(551) User=0.00s Sys=0.00s Real=0.00s
[2024-04-08T22:31:45.149+0800][1721.908s] GC(552) Pause Young (Normal) (G1 Evacuation Pause)
[2024-04-08T22:31:45.150+0800][1721.908s] GC(552) Using 13 workers of 13 for evacuation
[2024-04-08T22:31:45.152+0800][1721.910s] GC(552)   Pre Evacuate Collection Set: 0.2ms
[2024-04-08T22:31:45.152+0800][1721.911s] GC(552)   Merge Heap Roots: 0.1ms
[2024-04-08T22:31:45.152+0800][1721.911s] GC(552)   Evacuate Collection Set: 1.6ms
[2024-04-08T22:31:45.152+0800][1721.911s] GC(552)   Post Evacuate Collection Set: 0.6ms
[2024-04-08T22:31:45.152+0800][1721.911s] GC(552)   Other: 0.1ms
[2024-04-08T22:31:45.152+0800][1721.911s] GC(552) Eden regions: 305->0(305)
[2024-04-08T22:31:45.152+0800][1721.911s] GC(552) Survivor regions: 2->2(39)
[2024-04-08T22:31:45.152+0800][1721.911s] GC(552) Old regions: 57->57
[2024-04-08T22:31:45.152+0800][1721.911s] GC(552) Humongous regions: 4->4
[2024-04-08T22:31:45.152+0800][1721.911s] GC(552) Metaspace: 67647K(68480K)->67647K(68480K) NonClass: 60045K(60480K)->60045K(60480K) Class: 7601K(8000K)->7601K(8000K)
[2024-04-08T22:31:45.152+0800][1721.911s] GC(552) Pause Young (Normal) (G1 Evacuation Pause) 367M->62M(512M) 2.909ms
[2024-04-08T22:31:45.152+0800][1721.911s] GC(552) User=0.20s Sys=0.00s Real=0.00s
[2024-04-08T22:31:47.235+0800][1723.994s] GC(553) Pause Young (Normal) (G1 Evacuation Pause)
[2024-04-08T22:31:47.235+0800][1723.994s] GC(553) Using 13 workers of 13 for evacuation
[2024-04-08T22:31:47.238+0800][1723.996s] GC(553)   Pre Evacuate Collection Set: 0.2ms
[2024-04-08T22:31:47.238+0800][1723.996s] GC(553)   Merge Heap Roots: 0.1ms
[2024-04-08T22:31:47.238+0800][1723.996s] GC(553)   Evacuate Collection Set: 1.7ms
[2024-04-08T22:31:47.238+0800][1723.996s] GC(553)   Post Evacuate Collection Set: 0.6ms
[2024-04-08T22:31:47.238+0800][1723.996s] GC(553)   Other: 0.1ms
[2024-04-08T22:31:47.238+0800][1723.996s] GC(553) Eden regions: 305->0(305)
[2024-04-08T22:31:47.238+0800][1723.996s] GC(553) Survivor regions: 2->2(39)
[2024-04-08T22:31:47.238+0800][1723.997s] GC(553) Old regions: 57->57
[2024-04-08T22:31:47.238+0800][1723.997s] GC(553) Humongous regions: 4->4
[2024-04-08T22:31:47.238+0800][1723.997s] GC(553) Metaspace: 67647K(68480K)->67647K(68480K) NonClass: 60045K(60480K)->60045K(60480K) Class: 7601K(8000K)->7601K(8000K)
[2024-04-08T22:31:47.238+0800][1723.997s] GC(553) Pause Young (Normal) (G1 Evacuation Pause) 367M->62M(512M) 2.964ms
[2024-04-08T22:31:47.238+0800][1723.997s] GC(553) User=0.00s Sys=0.00s Real=0.00s
[2024-04-08T22:31:49.399+0800][1726.158s] GC(554) Pause Young (Normal) (G1 Evacuation Pause)
[2024-04-08T22:31:49.399+0800][1726.158s] GC(554) Using 13 workers of 13 for evacuation
[2024-04-08T22:31:49.404+0800][1726.162s] GC(554)   Pre Evacuate Collection Set: 0.3ms
[2024-04-08T22:31:49.404+0800][1726.162s] GC(554)   Merge Heap Roots: 0.3ms
[2024-04-08T22:31:49.404+0800][1726.162s] GC(554)   Evacuate Collection Set: 2.7ms
[2024-04-08T22:31:49.404+0800][1726.162s] GC(554)   Post Evacuate Collection Set: 0.9ms
[2024-04-08T22:31:49.404+0800][1726.162s] GC(554)   Other: 0.2ms
[2024-04-08T22:31:49.404+0800][1726.162s] GC(554) Eden regions: 305->0(305)
[2024-04-08T22:31:49.404+0800][1726.162s] GC(554) Survivor regions: 2->2(39)
[2024-04-08T22:31:49.404+0800][1726.162s] GC(554) Old regions: 57->57
[2024-04-08T22:31:49.404+0800][1726.162s] GC(554) Humongous regions: 4->4
[2024-04-08T22:31:49.404+0800][1726.162s] GC(554) Metaspace: 67647K(68480K)->67647K(68480K) NonClass: 60045K(60480K)->60045K(60480K) Class: 7601K(8000K)->7601K(8000K)
[2024-04-08T22:31:49.404+0800][1726.162s] GC(554) Pause Young (Normal) (G1 Evacuation Pause) 367M->62M(512M) 4.733ms
[2024-04-08T22:31:49.404+0800][1726.162s] GC(554) User=0.14s Sys=0.03s Real=0.01s
[2024-04-08T22:31:51.616+0800][1728.375s] GC(555) Pause Young (Normal) (G1 Evacuation Pause)
[2024-04-08T22:31:51.616+0800][1728.375s] GC(555) Using 13 workers of 13 for evacuation
[2024-04-08T22:31:51.620+0800][1728.379s] GC(555)   Pre Evacuate Collection Set: 0.3ms
[2024-04-08T22:31:51.620+0800][1728.379s] GC(555)   Merge Heap Roots: 0.3ms
[2024-04-08T22:31:51.620+0800][1728.379s] GC(555)   Evacuate Collection Set: 2.1ms
[2024-04-08T22:31:51.620+0800][1728.379s] GC(555)   Post Evacuate Collection Set: 1.0ms
[2024-04-08T22:31:51.620+0800][1728.379s] GC(555)   Other: 0.2ms
[2024-04-08T22:31:51.620+0800][1728.379s] GC(555) Eden regions: 305->0(305)
[2024-04-08T22:31:51.621+0800][1728.379s] GC(555) Survivor regions: 2->2(39)
[2024-04-08T22:31:51.621+0800][1728.379s] GC(555) Old regions: 57->57
[2024-04-08T22:31:51.621+0800][1728.379s] GC(555) Humongous regions: 4->4
[2024-04-08T22:31:51.621+0800][1728.379s] GC(555) Metaspace: 67647K(68480K)->67647K(68480K) NonClass: 60045K(60480K)->60045K(60480K) Class: 7601K(8000K)->7601K(8000K)
[2024-04-08T22:31:51.621+0800][1728.379s] GC(555) Pause Young (Normal) (G1 Evacuation Pause) 367M->62M(512M) 4.267ms
[2024-04-08T22:31:51.621+0800][1728.379s] GC(555) User=0.03s Sys=0.02s Real=0.01s
[2024-04-08T22:31:53.902+0800][1730.661s] GC(556) Pause Young (Normal) (G1 Evacuation Pause)
[2024-04-08T22:31:53.902+0800][1730.661s] GC(556) Using 13 workers of 13 for evacuation
[2024-04-08T22:31:53.905+0800][1730.664s] GC(556)   Pre Evacuate Collection Set: 0.3ms
[2024-04-08T22:31:53.905+0800][1730.664s] GC(556)   Merge Heap Roots: 0.2ms
[2024-04-08T22:31:53.905+0800][1730.664s] GC(556)   Evacuate Collection Set: 1.8ms
[2024-04-08T22:31:53.905+0800][1730.664s] GC(556)   Post Evacuate Collection Set: 0.7ms
[2024-04-08T22:31:53.905+0800][1730.664s] GC(556)   Other: 0.1ms
[2024-04-08T22:31:53.905+0800][1730.664s] GC(556) Eden regions: 305->0(305)
[2024-04-08T22:31:53.905+0800][1730.664s] GC(556) Survivor regions: 2->2(39)
[2024-04-08T22:31:53.905+0800][1730.664s] GC(556) Old regions: 57->57
[2024-04-08T22:31:53.905+0800][1730.664s] GC(556) Humongous regions: 4->4
[2024-04-08T22:31:53.905+0800][1730.664s] GC(556) Metaspace: 67647K(68480K)->67647K(68480K) NonClass: 60045K(60480K)->60045K(60480K) Class: 7601K(8000K)->7601K(8000K)
[2024-04-08T22:31:53.905+0800][1730.664s] GC(556) Pause Young (Normal) (G1 Evacuation Pause) 367M->62M(512M) 3.436ms
[2024-04-08T22:31:53.905+0800][1730.664s] GC(556) User=0.00s Sys=0.00s Real=0.00s
[2024-04-08T22:31:56.049+0800][1732.807s] GC(557) Pause Young (Normal) (G1 Evacuation Pause)
[2024-04-08T22:31:56.049+0800][1732.807s] GC(557) Using 13 workers of 13 for evacuation
[2024-04-08T22:31:56.053+0800][1732.811s] GC(557)   Pre Evacuate Collection Set: 0.3ms
[2024-04-08T22:31:56.053+0800][1732.811s] GC(557)   Merge Heap Roots: 0.1ms
[2024-04-08T22:31:56.053+0800][1732.811s] GC(557)   Evacuate Collection Set: 2.2ms
[2024-04-08T22:31:56.053+0800][1732.811s] GC(557)   Post Evacuate Collection Set: 1.1ms
[2024-04-08T22:31:56.053+0800][1732.811s] GC(557)   Other: 0.2ms
[2024-04-08T22:31:56.053+0800][1732.811s] GC(557) Eden regions: 305->0(305)
[2024-04-08T22:31:56.053+0800][1732.811s] GC(557) Survivor regions: 2->2(39)
[2024-04-08T22:31:56.053+0800][1732.811s] GC(557) Old regions: 57->57
[2024-04-08T22:31:56.053+0800][1732.811s] GC(557) Humongous regions: 4->4
[2024-04-08T22:31:56.053+0800][1732.811s] GC(557) Metaspace: 67647K(68480K)->67647K(68480K) NonClass: 60045K(60480K)->60045K(60480K) Class: 7601K(8000K)->7601K(8000K)
[2024-04-08T22:31:56.053+0800][1732.812s] GC(557) Pause Young (Normal) (G1 Evacuation Pause) 367M->62M(512M) 4.350ms
[2024-04-08T22:31:56.053+0800][1732.812s] GC(557) User=0.00s Sys=0.00s Real=0.00s
[2024-04-08T22:31:58.130+0800][1734.888s] GC(558) Pause Young (Normal) (G1 Evacuation Pause)
[2024-04-08T22:31:58.130+0800][1734.889s] GC(558) Using 13 workers of 13 for evacuation
[2024-04-08T22:31:58.134+0800][1734.892s] GC(558)   Pre Evacuate Collection Set: 0.2ms
[2024-04-08T22:31:58.134+0800][1734.892s] GC(558)   Merge Heap Roots: 0.2ms
[2024-04-08T22:31:58.134+0800][1734.892s] GC(558)   Evacuate Collection Set: 2.4ms
[2024-04-08T22:31:58.134+0800][1734.892s] GC(558)   Post Evacuate Collection Set: 0.7ms
[2024-04-08T22:31:58.134+0800][1734.892s] GC(558)   Other: 0.2ms
[2024-04-08T22:31:58.134+0800][1734.892s] GC(558) Eden regions: 305->0(305)
[2024-04-08T22:31:58.134+0800][1734.892s] GC(558) Survivor regions: 2->2(39)
[2024-04-08T22:31:58.134+0800][1734.892s] GC(558) Old regions: 57->57
[2024-04-08T22:31:58.134+0800][1734.892s] GC(558) Humongous regions: 4->4
[2024-04-08T22:31:58.134+0800][1734.892s] GC(558) Metaspace: 67647K(68480K)->67647K(68480K) NonClass: 60045K(60480K)->60045K(60480K) Class: 7601K(8000K)->7601K(8000K)
[2024-04-08T22:31:58.134+0800][1734.892s] GC(558) Pause Young (Normal) (G1 Evacuation Pause) 367M->62M(512M) 4.084ms
[2024-04-08T22:31:58.134+0800][1734.893s] GC(558) User=0.00s Sys=0.00s Real=0.00s
[2024-04-08T22:32:00.298+0800][1737.056s] GC(559) Pause Young (Normal) (G1 Evacuation Pause)
[2024-04-08T22:32:00.298+0800][1737.056s] GC(559) Using 13 workers of 13 for evacuation
[2024-04-08T22:32:00.301+0800][1737.059s] GC(559)   Pre Evacuate Collection Set: 0.2ms
[2024-04-08T22:32:00.301+0800][1737.059s] GC(559)   Merge Heap Roots: 0.1ms
[2024-04-08T22:32:00.301+0800][1737.059s] GC(559)   Evacuate Collection Set: 2.4ms
[2024-04-08T22:32:00.301+0800][1737.060s] GC(559)   Post Evacuate Collection Set: 0.6ms
[2024-04-08T22:32:00.301+0800][1737.060s] GC(559)   Other: 0.1ms
[2024-04-08T22:32:00.301+0800][1737.060s] GC(559) Eden regions: 305->0(305)
[2024-04-08T22:32:00.301+0800][1737.060s] GC(559) Survivor regions: 2->2(39)
[2024-04-08T22:32:00.301+0800][1737.060s] GC(559) Old regions: 57->57
[2024-04-08T22:32:00.301+0800][1737.060s] GC(559) Humongous regions: 4->4
[2024-04-08T22:32:00.302+0800][1737.060s] GC(559) Metaspace: 67647K(68480K)->67647K(68480K) NonClass: 60045K(60480K)->60045K(60480K) Class: 7601K(8000K)->7601K(8000K)
[2024-04-08T22:32:00.302+0800][1737.060s] GC(559) Pause Young (Normal) (G1 Evacuation Pause) 367M->62M(512M) 3.773ms
[2024-04-08T22:32:00.302+0800][1737.060s] GC(559) User=0.00s Sys=0.00s Real=0.00s
[2024-04-08T22:32:02.428+0800][1739.186s] GC(560) Pause Young (Normal) (G1 Evacuation Pause)
[2024-04-08T22:32:02.428+0800][1739.186s] GC(560) Using 13 workers of 13 for evacuation
[2024-04-08T22:32:02.433+0800][1739.191s] GC(560)   Pre Evacuate Collection Set: 0.2ms
[2024-04-08T22:32:02.433+0800][1739.191s] GC(560)   Merge Heap Roots: 0.1ms
[2024-04-08T22:32:02.433+0800][1739.191s] GC(560)   Evacuate Collection Set: 2.9ms
[2024-04-08T22:32:02.433+0800][1739.191s] GC(560)   Post Evacuate Collection Set: 1.2ms
[2024-04-08T22:32:02.433+0800][1739.191s] GC(560)   Other: 0.2ms
[2024-04-08T22:32:02.433+0800][1739.191s] GC(560) Eden regions: 305->0(305)
[2024-04-08T22:32:02.433+0800][1739.191s] GC(560) Survivor regions: 2->2(39)
[2024-04-08T22:32:02.433+0800][1739.191s] GC(560) Old regions: 57->57
[2024-04-08T22:32:02.433+0800][1739.191s] GC(560) Humongous regions: 4->4
[2024-04-08T22:32:02.433+0800][1739.191s] GC(560) Metaspace: 67647K(68480K)->67647K(68480K) NonClass: 60045K(60480K)->60045K(60480K) Class: 7601K(8000K)->7601K(8000K)
[2024-04-08T22:32:02.433+0800][1739.191s] GC(560) Pause Young (Normal) (G1 Evacuation Pause) 367M->62M(512M) 5.019ms
[2024-04-08T22:32:02.433+0800][1739.191s] GC(560) User=0.19s Sys=0.00s Real=0.01s
[2024-04-08T22:32:04.565+0800][1741.323s] GC(561) Pause Young (Normal) (G1 Evacuation Pause)
[2024-04-08T22:32:04.565+0800][1741.323s] GC(561) Using 13 workers of 13 for evacuation
[2024-04-08T22:32:04.569+0800][1741.327s] GC(561)   Pre Evacuate Collection Set: 0.2ms
[2024-04-08T22:32:04.569+0800][1741.327s] GC(561)   Merge Heap Roots: 0.2ms
[2024-04-08T22:32:04.569+0800][1741.327s] GC(561)   Evacuate Collection Set: 2.1ms
[2024-04-08T22:32:04.569+0800][1741.327s] GC(561)   Post Evacuate Collection Set: 0.9ms
[2024-04-08T22:32:04.569+0800][1741.327s] GC(561)   Other: 0.1ms
[2024-04-08T22:32:04.569+0800][1741.327s] GC(561) Eden regions: 305->0(305)
[2024-04-08T22:32:04.569+0800][1741.327s] GC(561) Survivor regions: 2->2(39)
[2024-04-08T22:32:04.569+0800][1741.327s] GC(561) Old regions: 57->57
[2024-04-08T22:32:04.569+0800][1741.327s] GC(561) Humongous regions: 4->4
[2024-04-08T22:32:04.569+0800][1741.327s] GC(561) Metaspace: 67647K(68480K)->67647K(68480K) NonClass: 60045K(60480K)->60045K(60480K) Class: 7601K(8000K)->7601K(8000K)
[2024-04-08T22:32:04.569+0800][1741.327s] GC(561) Pause Young (Normal) (G1 Evacuation Pause) 367M->62M(512M) 3.999ms
[2024-04-08T22:32:04.569+0800][1741.327s] GC(561) User=0.00s Sys=0.00s Real=0.00s
[2024-04-08T22:32:06.265+0800][1743.023s] GC(562) Pause Young (Normal) (G1 Evacuation Pause)
[2024-04-08T22:32:06.265+0800][1743.023s] GC(562) Using 13 workers of 13 for evacuation
[2024-04-08T22:32:06.268+0800][1743.026s] GC(562)   Pre Evacuate Collection Set: 0.2ms
[2024-04-08T22:32:06.268+0800][1743.026s] GC(562)   Merge Heap Roots: 0.2ms
[2024-04-08T22:32:06.268+0800][1743.026s] GC(562)   Evacuate Collection Set: 1.8ms
[2024-04-08T22:32:06.268+0800][1743.026s] GC(562)   Post Evacuate Collection Set: 0.8ms
[2024-04-08T22:32:06.268+0800][1743.026s] GC(562)   Other: 0.1ms
[2024-04-08T22:32:06.268+0800][1743.026s] GC(562) Eden regions: 305->0(305)
[2024-04-08T22:32:06.268+0800][1743.026s] GC(562) Survivor regions: 2->2(39)
[2024-04-08T22:32:06.268+0800][1743.026s] GC(562) Old regions: 57->58
[2024-04-08T22:32:06.268+0800][1743.026s] GC(562) Humongous regions: 4->4
[2024-04-08T22:32:06.268+0800][1743.026s] GC(562) Metaspace: 67647K(68480K)->67647K(68480K) NonClass: 60045K(60480K)->60045K(60480K) Class: 7601K(8000K)->7601K(8000K)
[2024-04-08T22:32:06.268+0800][1743.026s] GC(562) Pause Young (Normal) (G1 Evacuation Pause) 367M->62M(512M) 3.413ms
[2024-04-08T22:32:06.268+0800][1743.026s] GC(562) User=0.00s Sys=0.00s Real=0.00s
[2024-04-08T22:32:08.522+0800][1745.280s] GC(563) Pause Young (Normal) (G1 Evacuation Pause)
[2024-04-08T22:32:08.522+0800][1745.280s] GC(563) Using 13 workers of 13 for evacuation
[2024-04-08T22:32:08.525+0800][1745.283s] GC(563)   Pre Evacuate Collection Set: 0.2ms
[2024-04-08T22:32:08.525+0800][1745.283s] GC(563)   Merge Heap Roots: 0.2ms
[2024-04-08T22:32:08.525+0800][1745.283s] GC(563)   Evacuate Collection Set: 1.6ms
[2024-04-08T22:32:08.525+0800][1745.283s] GC(563)   Post Evacuate Collection Set: 0.9ms
[2024-04-08T22:32:08.525+0800][1745.283s] GC(563)   Other: 0.1ms
[2024-04-08T22:32:08.525+0800][1745.283s] GC(563) Eden regions: 305->0(305)
[2024-04-08T22:32:08.525+0800][1745.283s] GC(563) Survivor regions: 2->2(39)
[2024-04-08T22:32:08.525+0800][1745.283s] GC(563) Old regions: 58->58
[2024-04-08T22:32:08.525+0800][1745.283s] GC(563) Humongous regions: 4->4
[2024-04-08T22:32:08.525+0800][1745.283s] GC(563) Metaspace: 67647K(68480K)->67647K(68480K) NonClass: 60045K(60480K)->60045K(60480K) Class: 7601K(8000K)->7601K(8000K)
[2024-04-08T22:32:08.525+0800][1745.284s] GC(563) Pause Young (Normal) (G1 Evacuation Pause) 367M->62M(512M) 3.509ms
[2024-04-08T22:32:08.525+0800][1745.284s] GC(563) User=0.00s Sys=0.00s Real=0.00s
[2024-04-08T22:32:10.712+0800][1747.471s] GC(564) Pause Young (Normal) (G1 Evacuation Pause)
[2024-04-08T22:32:10.712+0800][1747.471s] GC(564) Using 13 workers of 13 for evacuation
[2024-04-08T22:32:10.714+0800][1747.473s] GC(564)   Pre Evacuate Collection Set: 0.1ms
[2024-04-08T22:32:10.714+0800][1747.473s] GC(564)   Merge Heap Roots: 0.1ms
[2024-04-08T22:32:10.714+0800][1747.473s] GC(564)   Evacuate Collection Set: 1.8ms
[2024-04-08T22:32:10.714+0800][1747.473s] GC(564)   Post Evacuate Collection Set: 0.6ms
[2024-04-08T22:32:10.714+0800][1747.473s] GC(564)   Other: 0.1ms
[2024-04-08T22:32:10.715+0800][1747.474s] GC(564) Eden regions: 305->0(305)
[2024-04-08T22:32:10.715+0800][1747.474s] GC(564) Survivor regions: 2->2(39)
[2024-04-08T22:32:10.715+0800][1747.474s] GC(564) Old regions: 58->58
[2024-04-08T22:32:10.715+0800][1747.474s] GC(564) Humongous regions: 4->4
[2024-04-08T22:32:10.715+0800][1747.474s] GC(564) Metaspace: 67647K(68480K)->67647K(68480K) NonClass: 60045K(60480K)->60045K(60480K) Class: 7601K(8000K)->7601K(8000K)
[2024-04-08T22:32:10.715+0800][1747.474s] GC(564) Pause Young (Normal) (G1 Evacuation Pause) 367M->62M(512M) 3.235ms
[2024-04-08T22:32:10.715+0800][1747.474s] GC(564) User=0.00s Sys=0.00s Real=0.00s
[2024-04-08T22:32:12.895+0800][1749.654s] GC(565) Pause Young (Normal) (G1 Evacuation Pause)
[2024-04-08T22:32:12.895+0800][1749.654s] GC(565) Using 13 workers of 13 for evacuation
[2024-04-08T22:32:12.898+0800][1749.657s] GC(565)   Pre Evacuate Collection Set: 0.2ms
[2024-04-08T22:32:12.898+0800][1749.657s] GC(565)   Merge Heap Roots: 0.1ms
[2024-04-08T22:32:12.898+0800][1749.657s] GC(565)   Evacuate Collection Set: 2.0ms
[2024-04-08T22:32:12.898+0800][1749.657s] GC(565)   Post Evacuate Collection Set: 0.7ms
[2024-04-08T22:32:12.898+0800][1749.657s] GC(565)   Other: 0.1ms
[2024-04-08T22:32:12.898+0800][1749.657s] GC(565) Eden regions: 305->0(305)
[2024-04-08T22:32:12.898+0800][1749.657s] GC(565) Survivor regions: 2->2(39)
[2024-04-08T22:32:12.898+0800][1749.657s] GC(565) Old regions: 58->58
[2024-04-08T22:32:12.898+0800][1749.657s] GC(565) Humongous regions: 4->4
[2024-04-08T22:32:12.898+0800][1749.657s] GC(565) Metaspace: 67647K(68480K)->67647K(68480K) NonClass: 60045K(60480K)->60045K(60480K) Class: 7601K(8000K)->7601K(8000K)
[2024-04-08T22:32:12.899+0800][1749.658s] GC(565) Pause Young (Normal) (G1 Evacuation Pause) 367M->62M(512M) 3.366ms
[2024-04-08T22:32:12.899+0800][1749.658s] GC(565) User=0.00s Sys=0.00s Real=0.00s
[2024-04-08T22:32:15.108+0800][1751.867s] GC(566) Pause Young (Normal) (G1 Evacuation Pause)
[2024-04-08T22:32:15.108+0800][1751.867s] GC(566) Using 13 workers of 13 for evacuation
[2024-04-08T22:32:15.111+0800][1751.870s] GC(566)   Pre Evacuate Collection Set: 0.2ms
[2024-04-08T22:32:15.111+0800][1751.870s] GC(566)   Merge Heap Roots: 0.1ms
[2024-04-08T22:32:15.111+0800][1751.870s] GC(566)   Evacuate Collection Set: 1.7ms
[2024-04-08T22:32:15.111+0800][1751.870s] GC(566)   Post Evacuate Collection Set: 0.5ms
[2024-04-08T22:32:15.111+0800][1751.870s] GC(566)   Other: 0.1ms
[2024-04-08T22:32:15.111+0800][1751.870s] GC(566) Eden regions: 305->0(305)
[2024-04-08T22:32:15.111+0800][1751.870s] GC(566) Survivor regions: 2->2(39)
[2024-04-08T22:32:15.111+0800][1751.870s] GC(566) Old regions: 58->58
[2024-04-08T22:32:15.111+0800][1751.870s] GC(566) Humongous regions: 4->4
[2024-04-08T22:32:15.111+0800][1751.870s] GC(566) Metaspace: 67647K(68480K)->67647K(68480K) NonClass: 60045K(60480K)->60045K(60480K) Class: 7601K(8000K)->7601K(8000K)
[2024-04-08T22:32:15.111+0800][1751.870s] GC(566) Pause Young (Normal) (G1 Evacuation Pause) 367M->62M(512M) 3.060ms
[2024-04-08T22:32:15.112+0800][1751.870s] GC(566) User=0.00s Sys=0.00s Real=0.00s
[2024-04-08T22:32:17.191+0800][1753.950s] GC(567) Pause Young (Normal) (G1 Evacuation Pause)
[2024-04-08T22:32:17.191+0800][1753.950s] GC(567) Using 13 workers of 13 for evacuation
[2024-04-08T22:32:17.195+0800][1753.953s] GC(567)   Pre Evacuate Collection Set: 0.2ms
[2024-04-08T22:32:17.195+0800][1753.953s] GC(567)   Merge Heap Roots: 0.2ms
[2024-04-08T22:32:17.195+0800][1753.953s] GC(567)   Evacuate Collection Set: 1.9ms
[2024-04-08T22:32:17.195+0800][1753.953s] GC(567)   Post Evacuate Collection Set: 0.7ms
[2024-04-08T22:32:17.195+0800][1753.954s] GC(567)   Other: 0.2ms
[2024-04-08T22:32:17.195+0800][1753.954s] GC(567) Eden regions: 305->0(305)
[2024-04-08T22:32:17.195+0800][1753.954s] GC(567) Survivor regions: 2->2(39)
[2024-04-08T22:32:17.195+0800][1753.954s] GC(567) Old regions: 58->58
[2024-04-08T22:32:17.195+0800][1753.954s] GC(567) Humongous regions: 4->4
[2024-04-08T22:32:17.195+0800][1753.954s] GC(567) Metaspace: 67647K(68480K)->67647K(68480K) NonClass: 60045K(60480K)->60045K(60480K) Class: 7601K(8000K)->7601K(8000K)
[2024-04-08T22:32:17.195+0800][1753.954s] GC(567) Pause Young (Normal) (G1 Evacuation Pause) 367M->62M(512M) 3.560ms
[2024-04-08T22:32:17.195+0800][1753.954s] GC(567) User=0.00s Sys=0.00s Real=0.00s
[2024-04-08T22:32:19.455+0800][1756.213s] GC(568) Pause Young (Normal) (G1 Evacuation Pause)
[2024-04-08T22:32:19.455+0800][1756.213s] GC(568) Using 13 workers of 13 for evacuation
[2024-04-08T22:32:19.458+0800][1756.216s] GC(568)   Pre Evacuate Collection Set: 0.2ms
[2024-04-08T22:32:19.458+0800][1756.216s] GC(568)   Merge Heap Roots: 0.2ms
[2024-04-08T22:32:19.458+0800][1756.216s] GC(568)   Evacuate Collection Set: 1.9ms
[2024-04-08T22:32:19.458+0800][1756.216s] GC(568)   Post Evacuate Collection Set: 0.6ms
[2024-04-08T22:32:19.458+0800][1756.216s] GC(568)   Other: 0.1ms
[2024-04-08T22:32:19.458+0800][1756.216s] GC(568) Eden regions: 305->0(305)
[2024-04-08T22:32:19.458+0800][1756.216s] GC(568) Survivor regions: 2->2(39)
[2024-04-08T22:32:19.458+0800][1756.216s] GC(568) Old regions: 58->58
[2024-04-08T22:32:19.458+0800][1756.217s] GC(568) Humongous regions: 4->4
[2024-04-08T22:32:19.458+0800][1756.217s] GC(568) Metaspace: 67647K(68480K)->67647K(68480K) NonClass: 60045K(60480K)->60045K(60480K) Class: 7601K(8000K)->7601K(8000K)
[2024-04-08T22:32:19.458+0800][1756.217s] GC(568) Pause Young (Normal) (G1 Evacuation Pause) 367M->62M(512M) 3.372ms
[2024-04-08T22:32:19.458+0800][1756.217s] GC(568) User=0.00s Sys=0.00s Real=0.00s
[2024-04-08T22:32:21.406+0800][1758.164s] GC(569) Pause Young (Normal) (G1 Evacuation Pause)
[2024-04-08T22:32:21.406+0800][1758.164s] GC(569) Using 13 workers of 13 for evacuation
[2024-04-08T22:32:21.409+0800][1758.168s] GC(569)   Pre Evacuate Collection Set: 0.2ms
[2024-04-08T22:32:21.409+0800][1758.168s] GC(569)   Merge Heap Roots: 0.2ms
[2024-04-08T22:32:21.409+0800][1758.168s] GC(569)   Evacuate Collection Set: 1.9ms
[2024-04-08T22:32:21.409+0800][1758.168s] GC(569)   Post Evacuate Collection Set: 0.8ms
[2024-04-08T22:32:21.409+0800][1758.168s] GC(569)   Other: 0.1ms
[2024-04-08T22:32:21.409+0800][1758.168s] GC(569) Eden regions: 305->0(305)
[2024-04-08T22:32:21.409+0800][1758.168s] GC(569) Survivor regions: 2->2(39)
[2024-04-08T22:32:21.409+0800][1758.168s] GC(569) Old regions: 58->58
[2024-04-08T22:32:21.409+0800][1758.168s] GC(569) Humongous regions: 4->4
[2024-04-08T22:32:21.409+0800][1758.168s] GC(569) Metaspace: 67647K(68480K)->67647K(68480K) NonClass: 60045K(60480K)->60045K(60480K) Class: 7601K(8000K)->7601K(8000K)
[2024-04-08T22:32:21.409+0800][1758.168s] GC(569) Pause Young (Normal) (G1 Evacuation Pause) 367M->62M(512M) 3.418ms
[2024-04-08T22:32:21.409+0800][1758.168s] GC(569) User=0.00s Sys=0.00s Real=0.00s
[2024-04-08T22:32:23.659+0800][1760.417s] GC(570) Pause Young (Normal) (G1 Evacuation Pause)
[2024-04-08T22:32:23.659+0800][1760.417s] GC(570) Using 13 workers of 13 for evacuation
[2024-04-08T22:32:23.662+0800][1760.421s] GC(570)   Pre Evacuate Collection Set: 0.3ms
[2024-04-08T22:32:23.663+0800][1760.421s] GC(570)   Merge Heap Roots: 0.2ms
[2024-04-08T22:32:23.663+0800][1760.421s] GC(570)   Evacuate Collection Set: 1.8ms
[2024-04-08T22:32:23.663+0800][1760.421s] GC(570)   Post Evacuate Collection Set: 0.9ms
[2024-04-08T22:32:23.663+0800][1760.421s] GC(570)   Other: 0.1ms
[2024-04-08T22:32:23.663+0800][1760.421s] GC(570) Eden regions: 305->0(305)
[2024-04-08T22:32:23.663+0800][1760.421s] GC(570) Survivor regions: 2->2(39)
[2024-04-08T22:32:23.663+0800][1760.421s] GC(570) Old regions: 58->58
[2024-04-08T22:32:23.663+0800][1760.421s] GC(570) Humongous regions: 4->4
[2024-04-08T22:32:23.663+0800][1760.421s] GC(570) Metaspace: 67647K(68480K)->67647K(68480K) NonClass: 60045K(60480K)->60045K(60480K) Class: 7601K(8000K)->7601K(8000K)
[2024-04-08T22:32:23.663+0800][1760.421s] GC(570) Pause Young (Normal) (G1 Evacuation Pause) 367M->62M(512M) 3.584ms
[2024-04-08T22:32:23.663+0800][1760.421s] GC(570) User=0.00s Sys=0.00s Real=0.00s
[2024-04-08T22:32:25.685+0800][1762.443s] GC(571) Pause Young (Normal) (G1 Evacuation Pause)
[2024-04-08T22:32:25.685+0800][1762.443s] GC(571) Using 13 workers of 13 for evacuation
[2024-04-08T22:32:25.688+0800][1762.446s] GC(571)   Pre Evacuate Collection Set: 0.2ms
[2024-04-08T22:32:25.688+0800][1762.447s] GC(571)   Merge Heap Roots: 0.2ms
[2024-04-08T22:32:25.688+0800][1762.447s] GC(571)   Evacuate Collection Set: 1.8ms
[2024-04-08T22:32:25.688+0800][1762.447s] GC(571)   Post Evacuate Collection Set: 0.7ms
[2024-04-08T22:32:25.688+0800][1762.447s] GC(571)   Other: 0.1ms
[2024-04-08T22:32:25.688+0800][1762.447s] GC(571) Eden regions: 305->0(305)
[2024-04-08T22:32:25.688+0800][1762.447s] GC(571) Survivor regions: 2->2(39)
[2024-04-08T22:32:25.688+0800][1762.447s] GC(571) Old regions: 58->58
[2024-04-08T22:32:25.688+0800][1762.447s] GC(571) Humongous regions: 4->4
[2024-04-08T22:32:25.688+0800][1762.447s] GC(571) Metaspace: 67647K(68480K)->67647K(68480K) NonClass: 60045K(60480K)->60045K(60480K) Class: 7601K(8000K)->7601K(8000K)
[2024-04-08T22:32:25.689+0800][1762.447s] GC(571) Pause Young (Normal) (G1 Evacuation Pause) 367M->62M(512M) 3.483ms
[2024-04-08T22:32:25.689+0800][1762.447s] GC(571) User=0.00s Sys=0.00s Real=0.00s
[2024-04-08T22:32:27.862+0800][1764.620s] GC(572) Pause Young (Normal) (G1 Evacuation Pause)
[2024-04-08T22:32:27.862+0800][1764.620s] GC(572) Using 13 workers of 13 for evacuation
[2024-04-08T22:32:27.865+0800][1764.624s] GC(572)   Pre Evacuate Collection Set: 0.2ms
[2024-04-08T22:32:27.865+0800][1764.624s] GC(572)   Merge Heap Roots: 0.1ms
[2024-04-08T22:32:27.865+0800][1764.624s] GC(572)   Evacuate Collection Set: 2.2ms
[2024-04-08T22:32:27.865+0800][1764.624s] GC(572)   Post Evacuate Collection Set: 0.6ms
[2024-04-08T22:32:27.866+0800][1764.624s] GC(572)   Other: 0.1ms
[2024-04-08T22:32:27.866+0800][1764.624s] GC(572) Eden regions: 305->0(305)
[2024-04-08T22:32:27.866+0800][1764.624s] GC(572) Survivor regions: 2->2(39)
[2024-04-08T22:32:27.866+0800][1764.624s] GC(572) Old regions: 58->58
[2024-04-08T22:32:27.866+0800][1764.624s] GC(572) Humongous regions: 4->4
[2024-04-08T22:32:27.866+0800][1764.624s] GC(572) Metaspace: 67647K(68480K)->67647K(68480K) NonClass: 60045K(60480K)->60045K(60480K) Class: 7601K(8000K)->7601K(8000K)
[2024-04-08T22:32:27.866+0800][1764.624s] GC(572) Pause Young (Normal) (G1 Evacuation Pause) 367M->62M(512M) 3.715ms
[2024-04-08T22:32:27.866+0800][1764.624s] GC(572) User=0.00s Sys=0.00s Real=0.00s
[2024-04-08T22:32:30.029+0800][1766.787s] GC(573) Pause Young (Normal) (G1 Evacuation Pause)
[2024-04-08T22:32:30.029+0800][1766.787s] GC(573) Using 13 workers of 13 for evacuation
[2024-04-08T22:32:30.031+0800][1766.790s] GC(573)   Pre Evacuate Collection Set: 0.3ms
[2024-04-08T22:32:30.031+0800][1766.790s] GC(573)   Merge Heap Roots: 0.2ms
[2024-04-08T22:32:30.031+0800][1766.790s] GC(573)   Evacuate Collection Set: 1.7ms
[2024-04-08T22:32:30.031+0800][1766.790s] GC(573)   Post Evacuate Collection Set: 0.9ms
[2024-04-08T22:32:30.031+0800][1766.790s] GC(573)   Other: 0.1ms
[2024-04-08T22:32:30.031+0800][1766.790s] GC(573) Eden regions: 305->0(305)
[2024-04-08T22:32:30.031+0800][1766.790s] GC(573) Survivor regions: 2->2(39)
[2024-04-08T22:32:30.031+0800][1766.790s] GC(573) Old regions: 58->58
[2024-04-08T22:32:30.031+0800][1766.790s] GC(573) Humongous regions: 4->4
[2024-04-08T22:32:30.031+0800][1766.790s] GC(573) Metaspace: 67647K(68480K)->67647K(68480K) NonClass: 60045K(60480K)->60045K(60480K) Class: 7601K(8000K)->7601K(8000K)
[2024-04-08T22:32:30.031+0800][1766.790s] GC(573) Pause Young (Normal) (G1 Evacuation Pause) 367M->62M(512M) 3.515ms
[2024-04-08T22:32:30.031+0800][1766.790s] GC(573) User=0.00s Sys=0.00s Real=0.00s
[2024-04-08T22:32:32.261+0800][1769.020s] GC(574) Pause Young (Normal) (G1 Evacuation Pause)
[2024-04-08T22:32:32.261+0800][1769.020s] GC(574) Using 13 workers of 13 for evacuation
[2024-04-08T22:32:32.264+0800][1769.023s] GC(574)   Pre Evacuate Collection Set: 0.2ms
[2024-04-08T22:32:32.264+0800][1769.023s] GC(574)   Merge Heap Roots: 0.2ms
[2024-04-08T22:32:32.264+0800][1769.023s] GC(574)   Evacuate Collection Set: 2.0ms
[2024-04-08T22:32:32.264+0800][1769.023s] GC(574)   Post Evacuate Collection Set: 0.7ms
[2024-04-08T22:32:32.264+0800][1769.023s] GC(574)   Other: 0.2ms
[2024-04-08T22:32:32.264+0800][1769.023s] GC(574) Eden regions: 305->0(305)
[2024-04-08T22:32:32.264+0800][1769.023s] GC(574) Survivor regions: 2->2(39)
[2024-04-08T22:32:32.264+0800][1769.023s] GC(574) Old regions: 58->58
[2024-04-08T22:32:32.264+0800][1769.023s] GC(574) Humongous regions: 4->4
[2024-04-08T22:32:32.264+0800][1769.023s] GC(574) Metaspace: 67647K(68480K)->67647K(68480K) NonClass: 60045K(60480K)->60045K(60480K) Class: 7601K(8000K)->7601K(8000K)
[2024-04-08T22:32:32.264+0800][1769.023s] GC(574) Pause Young (Normal) (G1 Evacuation Pause) 367M->62M(512M) 3.674ms
[2024-04-08T22:32:32.264+0800][1769.023s] GC(574) User=0.00s Sys=0.00s Real=0.00s
[2024-04-08T22:32:34.354+0800][1771.113s] GC(575) Pause Young (Normal) (G1 Evacuation Pause)
[2024-04-08T22:32:34.355+0800][1771.113s] GC(575) Using 13 workers of 13 for evacuation
[2024-04-08T22:32:34.357+0800][1771.116s] GC(575)   Pre Evacuate Collection Set: 0.3ms
[2024-04-08T22:32:34.357+0800][1771.116s] GC(575)   Merge Heap Roots: 0.2ms
[2024-04-08T22:32:34.357+0800][1771.116s] GC(575)   Evacuate Collection Set: 2.2ms
[2024-04-08T22:32:34.357+0800][1771.116s] GC(575)   Post Evacuate Collection Set: 1.0ms
[2024-04-08T22:32:34.357+0800][1771.116s] GC(575)   Other: 0.1ms
[2024-04-08T22:32:34.357+0800][1771.116s] GC(575) Eden regions: 305->0(305)
[2024-04-08T22:32:34.357+0800][1771.116s] GC(575) Survivor regions: 2->2(39)
[2024-04-08T22:32:34.357+0800][1771.116s] GC(575) Old regions: 58->58
[2024-04-08T22:32:34.357+0800][1771.116s] GC(575) Humongous regions: 4->4
[2024-04-08T22:32:34.357+0800][1771.116s] GC(575) Metaspace: 67647K(68480K)->67647K(68480K) NonClass: 60045K(60480K)->60045K(60480K) Class: 7601K(8000K)->7601K(8000K)
[2024-04-08T22:32:34.358+0800][1771.117s] GC(575) Pause Young (Normal) (G1 Evacuation Pause) 367M->62M(512M) 4.038ms
[2024-04-08T22:32:34.358+0800][1771.117s] GC(575) User=0.00s Sys=0.00s Real=0.00s
[2024-04-08T22:32:36.557+0800][1773.315s] GC(576) Pause Young (Normal) (G1 Evacuation Pause)
[2024-04-08T22:32:36.557+0800][1773.316s] GC(576) Using 13 workers of 13 for evacuation
[2024-04-08T22:32:36.560+0800][1773.319s] GC(576)   Pre Evacuate Collection Set: 0.4ms
[2024-04-08T22:32:36.560+0800][1773.319s] GC(576)   Merge Heap Roots: 0.2ms
[2024-04-08T22:32:36.560+0800][1773.319s] GC(576)   Evacuate Collection Set: 2.0ms
[2024-04-08T22:32:36.560+0800][1773.319s] GC(576)   Post Evacuate Collection Set: 0.9ms
[2024-04-08T22:32:36.560+0800][1773.319s] GC(576)   Other: 0.1ms
[2024-04-08T22:32:36.560+0800][1773.319s] GC(576) Eden regions: 305->0(305)
[2024-04-08T22:32:36.560+0800][1773.319s] GC(576) Survivor regions: 2->2(39)
[2024-04-08T22:32:36.560+0800][1773.319s] GC(576) Old regions: 58->58
[2024-04-08T22:32:36.560+0800][1773.319s] GC(576) Humongous regions: 4->4
[2024-04-08T22:32:36.560+0800][1773.319s] GC(576) Metaspace: 67647K(68480K)->67647K(68480K) NonClass: 60045K(60480K)->60045K(60480K) Class: 7601K(8000K)->7601K(8000K)
[2024-04-08T22:32:36.560+0800][1773.319s] GC(576) Pause Young (Normal) (G1 Evacuation Pause) 367M->62M(512M) 3.892ms
[2024-04-08T22:32:36.560+0800][1773.319s] GC(576) User=0.00s Sys=0.00s Real=0.00s
[2024-04-08T22:32:38.605+0800][1775.364s] GC(577) Pause Young (Normal) (G1 Evacuation Pause)
[2024-04-08T22:32:38.605+0800][1775.364s] GC(577) Using 13 workers of 13 for evacuation
[2024-04-08T22:32:38.609+0800][1775.368s] GC(577)   Pre Evacuate Collection Set: 0.3ms
[2024-04-08T22:32:38.609+0800][1775.368s] GC(577)   Merge Heap Roots: 0.2ms
[2024-04-08T22:32:38.609+0800][1775.368s] GC(577)   Evacuate Collection Set: 2.2ms
[2024-04-08T22:32:38.609+0800][1775.368s] GC(577)   Post Evacuate Collection Set: 0.9ms
[2024-04-08T22:32:38.609+0800][1775.368s] GC(577)   Other: 0.1ms
[2024-04-08T22:32:38.609+0800][1775.368s] GC(577) Eden regions: 305->0(305)
[2024-04-08T22:32:38.609+0800][1775.368s] GC(577) Survivor regions: 2->2(39)
[2024-04-08T22:32:38.609+0800][1775.368s] GC(577) Old regions: 58->58
[2024-04-08T22:32:38.609+0800][1775.368s] GC(577) Humongous regions: 4->4
[2024-04-08T22:32:38.609+0800][1775.368s] GC(577) Metaspace: 67647K(68480K)->67647K(68480K) NonClass: 60045K(60480K)->60045K(60480K) Class: 7601K(8000K)->7601K(8000K)
[2024-04-08T22:32:38.609+0800][1775.368s] GC(577) Pause Young (Normal) (G1 Evacuation Pause) 367M->62M(512M) 4.123ms
[2024-04-08T22:32:38.609+0800][1775.368s] GC(577) User=0.00s Sys=0.00s Real=0.00s
[2024-04-08T22:32:40.844+0800][1777.602s] GC(578) Pause Young (Normal) (G1 Evacuation Pause)
[2024-04-08T22:32:40.844+0800][1777.602s] GC(578) Using 13 workers of 13 for evacuation
[2024-04-08T22:32:40.847+0800][1777.606s] GC(578)   Pre Evacuate Collection Set: 0.3ms
[2024-04-08T22:32:40.847+0800][1777.606s] GC(578)   Merge Heap Roots: 0.1ms
[2024-04-08T22:32:40.847+0800][1777.606s] GC(578)   Evacuate Collection Set: 2.0ms
[2024-04-08T22:32:40.847+0800][1777.606s] GC(578)   Post Evacuate Collection Set: 0.9ms
[2024-04-08T22:32:40.847+0800][1777.606s] GC(578)   Other: 0.1ms
[2024-04-08T22:32:40.847+0800][1777.606s] GC(578) Eden regions: 305->0(305)
[2024-04-08T22:32:40.847+0800][1777.606s] GC(578) Survivor regions: 2->2(39)
[2024-04-08T22:32:40.847+0800][1777.606s] GC(578) Old regions: 58->58
[2024-04-08T22:32:40.847+0800][1777.606s] GC(578) Humongous regions: 4->4
[2024-04-08T22:32:40.847+0800][1777.606s] GC(578) Metaspace: 67647K(68480K)->67647K(68480K) NonClass: 60045K(60480K)->60045K(60480K) Class: 7601K(8000K)->7601K(8000K)
[2024-04-08T22:32:40.847+0800][1777.606s] GC(578) Pause Young (Normal) (G1 Evacuation Pause) 367M->62M(512M) 3.883ms
[2024-04-08T22:32:40.847+0800][1777.606s] GC(578) User=0.00s Sys=0.00s Real=0.00s
[2024-04-08T22:32:42.949+0800][1779.708s] GC(579) Pause Young (Normal) (G1 Evacuation Pause)
[2024-04-08T22:32:42.949+0800][1779.708s] GC(579) Using 13 workers of 13 for evacuation
[2024-04-08T22:32:42.953+0800][1779.711s] GC(579)   Pre Evacuate Collection Set: 0.2ms
[2024-04-08T22:32:42.953+0800][1779.711s] GC(579)   Merge Heap Roots: 0.1ms
[2024-04-08T22:32:42.953+0800][1779.711s] GC(579)   Evacuate Collection Set: 2.1ms
[2024-04-08T22:32:42.953+0800][1779.711s] GC(579)   Post Evacuate Collection Set: 0.7ms
[2024-04-08T22:32:42.953+0800][1779.711s] GC(579)   Other: 0.1ms
[2024-04-08T22:32:42.953+0800][1779.711s] GC(579) Eden regions: 305->0(305)
[2024-04-08T22:32:42.953+0800][1779.711s] GC(579) Survivor regions: 2->2(39)
[2024-04-08T22:32:42.953+0800][1779.711s] GC(579) Old regions: 58->58
[2024-04-08T22:32:42.953+0800][1779.711s] GC(579) Humongous regions: 4->4
[2024-04-08T22:32:42.953+0800][1779.711s] GC(579) Metaspace: 67647K(68480K)->67647K(68480K) NonClass: 60045K(60480K)->60045K(60480K) Class: 7601K(8000K)->7601K(8000K)
[2024-04-08T22:32:42.953+0800][1779.711s] GC(579) Pause Young (Normal) (G1 Evacuation Pause) 367M->63M(512M) 3.640ms
[2024-04-08T22:32:42.953+0800][1779.711s] GC(579) User=0.00s Sys=0.00s Real=0.00s
[2024-04-08T22:32:45.070+0800][1781.829s] GC(580) Pause Young (Normal) (G1 Evacuation Pause)
[2024-04-08T22:32:45.070+0800][1781.829s] GC(580) Using 13 workers of 13 for evacuation
[2024-04-08T22:32:45.073+0800][1781.832s] GC(580)   Pre Evacuate Collection Set: 0.3ms
[2024-04-08T22:32:45.073+0800][1781.832s] GC(580)   Merge Heap Roots: 0.2ms
[2024-04-08T22:32:45.073+0800][1781.832s] GC(580)   Evacuate Collection Set: 1.7ms
[2024-04-08T22:32:45.073+0800][1781.832s] GC(580)   Post Evacuate Collection Set: 0.8ms
[2024-04-08T22:32:45.073+0800][1781.832s] GC(580)   Other: 0.1ms
[2024-04-08T22:32:45.073+0800][1781.832s] GC(580) Eden regions: 305->0(305)
[2024-04-08T22:32:45.073+0800][1781.832s] GC(580) Survivor regions: 2->2(39)
[2024-04-08T22:32:45.073+0800][1781.832s] GC(580) Old regions: 58->58
[2024-04-08T22:32:45.073+0800][1781.832s] GC(580) Humongous regions: 4->4
[2024-04-08T22:32:45.073+0800][1781.832s] GC(580) Metaspace: 67647K(68480K)->67647K(68480K) NonClass: 60045K(60480K)->60045K(60480K) Class: 7601K(8000K)->7601K(8000K)
[2024-04-08T22:32:45.073+0800][1781.832s] GC(580) Pause Young (Normal) (G1 Evacuation Pause) 368M->63M(512M) 3.359ms
[2024-04-08T22:32:45.073+0800][1781.832s] GC(580) User=0.20s Sys=0.00s Real=0.00s
[2024-04-08T22:32:56.245+0800][1793.004s] GC(581) Pause Young (Normal) (G1 Evacuation Pause)
[2024-04-08T22:32:56.245+0800][1793.004s] GC(581) Using 13 workers of 13 for evacuation
[2024-04-08T22:32:56.249+0800][1793.008s] GC(581)   Pre Evacuate Collection Set: 0.3ms
[2024-04-08T22:32:56.249+0800][1793.008s] GC(581)   Merge Heap Roots: 0.1ms
[2024-04-08T22:32:56.249+0800][1793.008s] GC(581)   Evacuate Collection Set: 2.4ms
[2024-04-08T22:32:56.249+0800][1793.008s] GC(581)   Post Evacuate Collection Set: 0.8ms
[2024-04-08T22:32:56.249+0800][1793.008s] GC(581)   Other: 0.2ms
[2024-04-08T22:32:56.249+0800][1793.008s] GC(581) Eden regions: 305->0(305)
[2024-04-08T22:32:56.249+0800][1793.008s] GC(581) Survivor regions: 2->2(39)
[2024-04-08T22:32:56.249+0800][1793.008s] GC(581) Old regions: 58->58
[2024-04-08T22:32:56.249+0800][1793.008s] GC(581) Humongous regions: 4->4
[2024-04-08T22:32:56.249+0800][1793.008s] GC(581) Metaspace: 67647K(68480K)->67647K(68480K) NonClass: 60045K(60480K)->60045K(60480K) Class: 7601K(8000K)->7601K(8000K)
[2024-04-08T22:32:56.249+0800][1793.008s] GC(581) Pause Young (Normal) (G1 Evacuation Pause) 368M->62M(512M) 4.194ms
[2024-04-08T22:32:56.249+0800][1793.008s] GC(581) User=0.00s Sys=0.00s Real=0.00s
[2024-04-08T22:32:59.068+0800][1795.827s] GC(582) Pause Young (Normal) (G1 Evacuation Pause)
[2024-04-08T22:32:59.068+0800][1795.827s] GC(582) Using 13 workers of 13 for evacuation
[2024-04-08T22:32:59.072+0800][1795.831s] GC(582)   Pre Evacuate Collection Set: 0.2ms
[2024-04-08T22:32:59.072+0800][1795.831s] GC(582)   Merge Heap Roots: 0.1ms
[2024-04-08T22:32:59.072+0800][1795.831s] GC(582)   Evacuate Collection Set: 2.7ms
[2024-04-08T22:32:59.072+0800][1795.831s] GC(582)   Post Evacuate Collection Set: 0.6ms
[2024-04-08T22:32:59.072+0800][1795.831s] GC(582)   Other: 0.2ms
[2024-04-08T22:32:59.072+0800][1795.831s] GC(582) Eden regions: 305->0(305)
[2024-04-08T22:32:59.072+0800][1795.831s] GC(582) Survivor regions: 2->2(39)
[2024-04-08T22:32:59.072+0800][1795.831s] GC(582) Old regions: 58->58
[2024-04-08T22:32:59.072+0800][1795.831s] GC(582) Humongous regions: 4->4
[2024-04-08T22:32:59.072+0800][1795.831s] GC(582) Metaspace: 67647K(68480K)->67647K(68480K) NonClass: 60045K(60480K)->60045K(60480K) Class: 7601K(8000K)->7601K(8000K)
[2024-04-08T22:32:59.072+0800][1795.831s] GC(582) Pause Young (Normal) (G1 Evacuation Pause) 367M->63M(512M) 4.418ms
[2024-04-08T22:32:59.073+0800][1795.831s] GC(582) User=0.14s Sys=0.02s Real=0.00s
[2024-04-08T22:33:00.953+0800][1797.712s] GC(583) Pause Young (Normal) (G1 Evacuation Pause)
[2024-04-08T22:33:00.953+0800][1797.712s] GC(583) Using 13 workers of 13 for evacuation
[2024-04-08T22:33:00.955+0800][1797.714s] GC(583)   Pre Evacuate Collection Set: 0.1ms
[2024-04-08T22:33:00.955+0800][1797.714s] GC(583)   Merge Heap Roots: 0.1ms
[2024-04-08T22:33:00.955+0800][1797.714s] GC(583)   Evacuate Collection Set: 1.3ms
[2024-04-08T22:33:00.955+0800][1797.714s] GC(583)   Post Evacuate Collection Set: 0.3ms
[2024-04-08T22:33:00.955+0800][1797.714s] GC(583)   Other: 0.2ms
[2024-04-08T22:33:00.955+0800][1797.714s] GC(583) Eden regions: 305->0(305)
[2024-04-08T22:33:00.955+0800][1797.714s] GC(583) Survivor regions: 2->2(39)
[2024-04-08T22:33:00.955+0800][1797.714s] GC(583) Old regions: 58->58
[2024-04-08T22:33:00.955+0800][1797.714s] GC(583) Humongous regions: 4->4
[2024-04-08T22:33:00.955+0800][1797.714s] GC(583) Metaspace: 67647K(68480K)->67647K(68480K) NonClass: 60045K(60480K)->60045K(60480K) Class: 7601K(8000K)->7601K(8000K)
[2024-04-08T22:33:00.955+0800][1797.714s] GC(583) Pause Young (Normal) (G1 Evacuation Pause) 368M->63M(512M) 2.223ms
[2024-04-08T22:33:00.955+0800][1797.714s] GC(583) User=0.00s Sys=0.00s Real=0.00s
[2024-04-08T22:33:02.677+0800][1799.436s] GC(584) Pause Young (Normal) (G1 Evacuation Pause)
[2024-04-08T22:33:02.677+0800][1799.436s] GC(584) Using 13 workers of 13 for evacuation
[2024-04-08T22:33:02.690+0800][1799.449s] GC(584)   Pre Evacuate Collection Set: 0.3ms
[2024-04-08T22:33:02.690+0800][1799.449s] GC(584)   Merge Heap Roots: 1.9ms
[2024-04-08T22:33:02.690+0800][1799.449s] GC(584)   Evacuate Collection Set: 9.8ms
[2024-04-08T22:33:02.690+0800][1799.449s] GC(584)   Post Evacuate Collection Set: 0.5ms
[2024-04-08T22:33:02.690+0800][1799.449s] GC(584)   Other: 0.1ms
[2024-04-08T22:33:02.690+0800][1799.449s] GC(584) Eden regions: 305->0(305)
[2024-04-08T22:33:02.690+0800][1799.449s] GC(584) Survivor regions: 2->2(39)
[2024-04-08T22:33:02.690+0800][1799.449s] GC(584) Old regions: 58->58
[2024-04-08T22:33:02.690+0800][1799.449s] GC(584) Humongous regions: 4->4
[2024-04-08T22:33:02.690+0800][1799.449s] GC(584) Metaspace: 67647K(68480K)->67647K(68480K) NonClass: 60045K(60480K)->60045K(60480K) Class: 7601K(8000K)->7601K(8000K)
[2024-04-08T22:33:02.690+0800][1799.449s] GC(584) Pause Young (Normal) (G1 Evacuation Pause) 368M->63M(512M) 13.062ms
[2024-04-08T22:33:02.690+0800][1799.449s] GC(584) User=0.05s Sys=0.00s Real=0.01s
[2024-04-08T22:33:03.933+0800][1800.692s] GC(585) Pause Young (Normal) (G1 Evacuation Pause)
[2024-04-08T22:33:03.933+0800][1800.692s] GC(585) Using 13 workers of 13 for evacuation
[2024-04-08T22:33:03.936+0800][1800.694s] GC(585)   Pre Evacuate Collection Set: 0.1ms
[2024-04-08T22:33:03.936+0800][1800.694s] GC(585)   Merge Heap Roots: 0.1ms
[2024-04-08T22:33:03.936+0800][1800.694s] GC(585)   Evacuate Collection Set: 1.4ms
[2024-04-08T22:33:03.936+0800][1800.694s] GC(585)   Post Evacuate Collection Set: 0.4ms
[2024-04-08T22:33:03.936+0800][1800.695s] GC(585)   Other: 0.1ms
[2024-04-08T22:33:03.936+0800][1800.695s] GC(585) Eden regions: 305->0(305)
[2024-04-08T22:33:03.936+0800][1800.695s] GC(585) Survivor regions: 2->2(39)
[2024-04-08T22:33:03.936+0800][1800.695s] GC(585) Old regions: 58->58
[2024-04-08T22:33:03.936+0800][1800.695s] GC(585) Humongous regions: 4->4
[2024-04-08T22:33:03.936+0800][1800.695s] GC(585) Metaspace: 67647K(68480K)->67647K(68480K) NonClass: 60045K(60480K)->60045K(60480K) Class: 7601K(8000K)->7601K(8000K)
[2024-04-08T22:33:03.936+0800][1800.695s] GC(585) Pause Young (Normal) (G1 Evacuation Pause) 368M->63M(512M) 2.352ms
[2024-04-08T22:33:03.936+0800][1800.695s] GC(585) User=0.00s Sys=0.00s Real=0.00s
[2024-04-08T22:33:05.173+0800][1801.932s] GC(586) Pause Young (Normal) (G1 Evacuation Pause)
[2024-04-08T22:33:05.173+0800][1801.932s] GC(586) Using 13 workers of 13 for evacuation
[2024-04-08T22:33:05.175+0800][1801.934s] GC(586)   Pre Evacuate Collection Set: 0.1ms
[2024-04-08T22:33:05.175+0800][1801.934s] GC(586)   Merge Heap Roots: 0.1ms
[2024-04-08T22:33:05.175+0800][1801.934s] GC(586)   Evacuate Collection Set: 1.4ms
[2024-04-08T22:33:05.175+0800][1801.934s] GC(586)   Post Evacuate Collection Set: 0.5ms
[2024-04-08T22:33:05.175+0800][1801.934s] GC(586)   Other: 0.1ms
[2024-04-08T22:33:05.175+0800][1801.934s] GC(586) Eden regions: 305->0(305)
[2024-04-08T22:33:05.175+0800][1801.934s] GC(586) Survivor regions: 2->2(39)
[2024-04-08T22:33:05.175+0800][1801.934s] GC(586) Old regions: 58->58
[2024-04-08T22:33:05.175+0800][1801.934s] GC(586) Humongous regions: 4->4
[2024-04-08T22:33:05.175+0800][1801.934s] GC(586) Metaspace: 67647K(68480K)->67647K(68480K) NonClass: 60045K(60480K)->60045K(60480K) Class: 7601K(8000K)->7601K(8000K)
[2024-04-08T22:33:05.175+0800][1801.934s] GC(586) Pause Young (Normal) (G1 Evacuation Pause) 368M->63M(512M) 2.491ms
[2024-04-08T22:33:05.175+0800][1801.934s] GC(586) User=0.00s Sys=0.00s Real=0.00s
[2024-04-08T22:33:36.293+0800][1839.999s] GC(587) Pause Young (Normal) (G1 Evacuation Pause)
[2024-04-08T22:33:36.293+0800][1839.999s] GC(587) Using 13 workers of 13 for evacuation
[2024-04-08T22:33:36.296+0800][1840.002s] GC(587)   Pre Evacuate Collection Set: 0.2ms
[2024-04-08T22:33:36.296+0800][1840.002s] GC(587)   Merge Heap Roots: 0.1ms
[2024-04-08T22:33:36.296+0800][1840.002s] GC(587)   Evacuate Collection Set: 2.7ms
[2024-04-08T22:33:36.296+0800][1840.002s] GC(587)   Post Evacuate Collection Set: 0.5ms
[2024-04-08T22:33:36.296+0800][1840.002s] GC(587)   Other: 0.1ms
[2024-04-08T22:33:36.296+0800][1840.002s] GC(587) Eden regions: 305->0(305)
[2024-04-08T22:33:36.297+0800][1840.003s] GC(587) Survivor regions: 2->2(39)
[2024-04-08T22:33:36.297+0800][1840.003s] GC(587) Old regions: 58->58
[2024-04-08T22:33:36.297+0800][1840.003s] GC(587) Humongous regions: 4->4
[2024-04-08T22:33:36.297+0800][1840.003s] GC(587) Metaspace: 67647K(68480K)->67647K(68480K) NonClass: 60045K(60480K)->60045K(60480K) Class: 7601K(8000K)->7601K(8000K)
[2024-04-08T22:33:36.297+0800][1840.003s] GC(587) Pause Young (Normal) (G1 Evacuation Pause) 368M->63M(512M) 4.006ms
[2024-04-08T22:33:36.297+0800][1840.003s] GC(587) User=0.00s Sys=0.00s Real=0.00s
[2024-04-08T22:33:39.576+0800][1843.282s] GC(588) Pause Young (Normal) (G1 Evacuation Pause)
[2024-04-08T22:33:39.576+0800][1843.282s] GC(588) Using 13 workers of 13 for evacuation
[2024-04-08T22:33:39.580+0800][1843.285s] GC(588)   Pre Evacuate Collection Set: 0.2ms
[2024-04-08T22:33:39.580+0800][1843.285s] GC(588)   Merge Heap Roots: 0.1ms
[2024-04-08T22:33:39.580+0800][1843.285s] GC(588)   Evacuate Collection Set: 2.2ms
[2024-04-08T22:33:39.580+0800][1843.285s] GC(588)   Post Evacuate Collection Set: 0.6ms
[2024-04-08T22:33:39.580+0800][1843.285s] GC(588)   Other: 0.1ms
[2024-04-08T22:33:39.580+0800][1843.285s] GC(588) Eden regions: 305->0(304)
[2024-04-08T22:33:39.580+0800][1843.285s] GC(588) Survivor regions: 2->3(39)
[2024-04-08T22:33:39.580+0800][1843.285s] GC(588) Old regions: 58->58
[2024-04-08T22:33:39.580+0800][1843.285s] GC(588) Humongous regions: 4->4
[2024-04-08T22:33:39.580+0800][1843.285s] GC(588) Metaspace: 67647K(68480K)->67647K(68480K) NonClass: 60045K(60480K)->60045K(60480K) Class: 7601K(8000K)->7601K(8000K)
[2024-04-08T22:33:39.580+0800][1843.285s] GC(588) Pause Young (Normal) (G1 Evacuation Pause) 368M->63M(512M) 3.657ms
[2024-04-08T22:33:39.580+0800][1843.286s] GC(588) User=0.00s Sys=0.00s Real=0.00s
[2024-04-08T22:33:41.759+0800][1845.464s] GC(589) Pause Young (Normal) (G1 Evacuation Pause)
[2024-04-08T22:33:41.759+0800][1845.465s] GC(589) Using 13 workers of 13 for evacuation
[2024-04-08T22:33:41.762+0800][1845.468s] GC(589)   Pre Evacuate Collection Set: 0.1ms
[2024-04-08T22:33:41.762+0800][1845.468s] GC(589)   Merge Heap Roots: 0.1ms
[2024-04-08T22:33:41.762+0800][1845.468s] GC(589)   Evacuate Collection Set: 2.3ms
[2024-04-08T22:33:41.762+0800][1845.468s] GC(589)   Post Evacuate Collection Set: 0.5ms
[2024-04-08T22:33:41.762+0800][1845.468s] GC(589)   Other: 0.1ms
[2024-04-08T22:33:41.762+0800][1845.468s] GC(589) Eden regions: 304->0(305)
[2024-04-08T22:33:41.762+0800][1845.468s] GC(589) Survivor regions: 3->2(39)
[2024-04-08T22:33:41.762+0800][1845.468s] GC(589) Old regions: 58->58
[2024-04-08T22:33:41.762+0800][1845.468s] GC(589) Humongous regions: 4->4
[2024-04-08T22:33:41.762+0800][1845.468s] GC(589) Metaspace: 67647K(68480K)->67647K(68480K) NonClass: 60046K(60480K)->60046K(60480K) Class: 7601K(8000K)->7601K(8000K)
[2024-04-08T22:33:41.762+0800][1845.468s] GC(589) Pause Young (Normal) (G1 Evacuation Pause) 367M->63M(512M) 3.419ms
[2024-04-08T22:33:41.762+0800][1845.468s] GC(589) User=0.08s Sys=0.02s Real=0.00s
[2024-04-08T22:33:43.214+0800][1846.920s] GC(590) Pause Young (Normal) (G1 Evacuation Pause)
[2024-04-08T22:33:43.214+0800][1846.920s] GC(590) Using 13 workers of 13 for evacuation
[2024-04-08T22:33:43.217+0800][1846.922s] GC(590)   Pre Evacuate Collection Set: 0.2ms
[2024-04-08T22:33:43.217+0800][1846.923s] GC(590)   Merge Heap Roots: 0.1ms
[2024-04-08T22:33:43.217+0800][1846.923s] GC(590)   Evacuate Collection Set: 1.8ms
[2024-04-08T22:33:43.217+0800][1846.923s] GC(590)   Post Evacuate Collection Set: 0.5ms
[2024-04-08T22:33:43.217+0800][1846.923s] GC(590)   Other: 0.1ms
[2024-04-08T22:33:43.217+0800][1846.923s] GC(590) Eden regions: 305->0(305)
[2024-04-08T22:33:43.217+0800][1846.923s] GC(590) Survivor regions: 2->2(39)
[2024-04-08T22:33:43.217+0800][1846.923s] GC(590) Old regions: 58->58
[2024-04-08T22:33:43.217+0800][1846.923s] GC(590) Humongous regions: 4->4
[2024-04-08T22:33:43.217+0800][1846.923s] GC(590) Metaspace: 67647K(68480K)->67647K(68480K) NonClass: 60046K(60480K)->60046K(60480K) Class: 7601K(8000K)->7601K(8000K)
[2024-04-08T22:33:43.217+0800][1846.923s] GC(590) Pause Young (Normal) (G1 Evacuation Pause) 368M->63M(512M) 2.885ms
[2024-04-08T22:33:43.217+0800][1846.923s] GC(590) User=0.00s Sys=0.00s Real=0.00s
[2024-04-08T23:53:18.363+0800][6629.001s] GC(591) Pause Young (Normal) (G1 Evacuation Pause)
[2024-04-08T23:53:18.363+0800][6629.002s] GC(591) Using 13 workers of 13 for evacuation
[2024-04-08T23:53:18.374+0800][6629.013s] GC(591)   Pre Evacuate Collection Set: 1.3ms
[2024-04-08T23:53:18.374+0800][6629.013s] GC(591)   Merge Heap Roots: 0.4ms
[2024-04-08T23:53:18.374+0800][6629.013s] GC(591)   Evacuate Collection Set: 8.2ms
[2024-04-08T23:53:18.374+0800][6629.013s] GC(591)   Post Evacuate Collection Set: 1.1ms
[2024-04-08T23:53:18.374+0800][6629.013s] GC(591)   Other: 0.4ms
[2024-04-08T23:53:18.374+0800][6629.013s] GC(591) Eden regions: 305->0(304)
[2024-04-08T23:53:18.375+0800][6629.013s] GC(591) Survivor regions: 2->3(39)
[2024-04-08T23:53:18.375+0800][6629.013s] GC(591) Old regions: 58->58
[2024-04-08T23:53:18.375+0800][6629.013s] GC(591) Humongous regions: 4->4
[2024-04-08T23:53:18.375+0800][6629.013s] GC(591) Metaspace: 68133K(68736K)->68133K(68736K) NonClass: 60453K(60736K)->60453K(60736K) Class: 7679K(8000K)->7679K(8000K)
[2024-04-08T23:53:18.375+0800][6629.014s] GC(591) Pause Young (Normal) (G1 Evacuation Pause) 368M->64M(512M) 12.082ms
[2024-04-08T23:53:18.375+0800][6629.014s] GC(591) User=0.02s Sys=0.12s Real=0.01s
[2024-04-09T00:09:17.215+0800][7587.855s] GC(592) Pause Young (Normal) (G1 Evacuation Pause)
[2024-04-09T00:09:17.215+0800][7587.855s] GC(592) Using 13 workers of 13 for evacuation
[2024-04-09T00:09:17.219+0800][7587.858s] GC(592)   Pre Evacuate Collection Set: 0.5ms
[2024-04-09T00:09:17.219+0800][7587.858s] GC(592)   Merge Heap Roots: 0.1ms
[2024-04-09T00:09:17.219+0800][7587.858s] GC(592)   Evacuate Collection Set: 2.2ms
[2024-04-09T00:09:17.219+0800][7587.858s] GC(592)   Post Evacuate Collection Set: 0.6ms
[2024-04-09T00:09:17.219+0800][7587.858s] GC(592)   Other: 0.1ms
[2024-04-09T00:09:17.219+0800][7587.858s] GC(592) Eden regions: 304->0(303)
[2024-04-09T00:09:17.219+0800][7587.858s] GC(592) Survivor regions: 3->4(39)
[2024-04-09T00:09:17.219+0800][7587.858s] GC(592) Old regions: 58->58
[2024-04-09T00:09:17.219+0800][7587.858s] GC(592) Humongous regions: 4->4
[2024-04-09T00:09:17.219+0800][7587.858s] GC(592) Metaspace: 68516K(69120K)->68516K(69120K) NonClass: 60814K(61120K)->60814K(61120K) Class: 7702K(8000K)->7702K(8000K)
[2024-04-09T00:09:17.219+0800][7587.858s] GC(592) Pause Young (Normal) (G1 Evacuation Pause) 368M->64M(512M) 3.748ms
[2024-04-09T00:09:17.219+0800][7587.858s] GC(592) User=0.00s Sys=0.00s Real=0.00s
[2024-04-09T00:09:18.827+0800][7589.466s] GC(593) Pause Young (Normal) (G1 Evacuation Pause)
[2024-04-09T00:09:18.827+0800][7589.466s] GC(593) Using 13 workers of 13 for evacuation
[2024-04-09T00:09:18.839+0800][7589.478s] GC(593)   Pre Evacuate Collection Set: 9.1ms
[2024-04-09T00:09:18.839+0800][7589.478s] GC(593)   Merge Heap Roots: 0.2ms
[2024-04-09T00:09:18.839+0800][7589.478s] GC(593)   Evacuate Collection Set: 1.8ms
[2024-04-09T00:09:18.839+0800][7589.478s] GC(593)   Post Evacuate Collection Set: 0.7ms
[2024-04-09T00:09:18.839+0800][7589.478s] GC(593)   Other: 0.1ms
[2024-04-09T00:09:18.839+0800][7589.478s] GC(593) Eden regions: 303->0(304)
[2024-04-09T00:09:18.839+0800][7589.478s] GC(593) Survivor regions: 4->3(39)
[2024-04-09T00:09:18.839+0800][7589.478s] GC(593) Old regions: 58->58
[2024-04-09T00:09:18.839+0800][7589.478s] GC(593) Humongous regions: 4->4
[2024-04-09T00:09:18.839+0800][7589.478s] GC(593) Metaspace: 68517K(69120K)->68517K(69120K) NonClass: 60815K(61120K)->60815K(61120K) Class: 7702K(8000K)->7702K(8000K)
[2024-04-09T00:09:18.839+0800][7589.478s] GC(593) Pause Young (Normal) (G1 Evacuation Pause) 367M->64M(512M) 12.298ms
[2024-04-09T00:09:18.839+0800][7589.478s] GC(593) User=0.06s Sys=0.00s Real=0.01s
[2024-04-09T00:09:20.203+0800][7590.842s] GC(594) Pause Young (Normal) (G1 Evacuation Pause)
[2024-04-09T00:09:20.203+0800][7590.842s] GC(594) Using 13 workers of 13 for evacuation
[2024-04-09T00:09:20.205+0800][7590.844s] GC(594)   Pre Evacuate Collection Set: 0.2ms
[2024-04-09T00:09:20.205+0800][7590.844s] GC(594)   Merge Heap Roots: 0.1ms
[2024-04-09T00:09:20.206+0800][7590.844s] GC(594)   Evacuate Collection Set: 1.8ms
[2024-04-09T00:09:20.206+0800][7590.844s] GC(594)   Post Evacuate Collection Set: 0.5ms
[2024-04-09T00:09:20.206+0800][7590.845s] GC(594)   Other: 0.1ms
[2024-04-09T00:09:20.206+0800][7590.845s] GC(594) Eden regions: 304->0(304)
[2024-04-09T00:09:20.206+0800][7590.845s] GC(594) Survivor regions: 3->3(39)
[2024-04-09T00:09:20.206+0800][7590.845s] GC(594) Old regions: 58->58
[2024-04-09T00:09:20.206+0800][7590.845s] GC(594) Humongous regions: 4->4
[2024-04-09T00:09:20.206+0800][7590.845s] GC(594) Metaspace: 68517K(69120K)->68517K(69120K) NonClass: 60815K(61120K)->60815K(61120K) Class: 7702K(8000K)->7702K(8000K)
[2024-04-09T00:09:20.206+0800][7590.845s] GC(594) Pause Young (Normal) (G1 Evacuation Pause) 368M->64M(512M) 2.856ms
[2024-04-09T00:09:20.206+0800][7590.845s] GC(594) User=0.00s Sys=0.00s Real=0.00s
[2024-04-09T00:09:21.558+0800][7592.197s] GC(595) Pause Young (Normal) (G1 Evacuation Pause)
[2024-04-09T00:09:21.558+0800][7592.197s] GC(595) Using 13 workers of 13 for evacuation
[2024-04-09T00:09:21.560+0800][7592.199s] GC(595)   Pre Evacuate Collection Set: 0.1ms
[2024-04-09T00:09:21.560+0800][7592.199s] GC(595)   Merge Heap Roots: 0.1ms
[2024-04-09T00:09:21.560+0800][7592.199s] GC(595)   Evacuate Collection Set: 1.6ms
[2024-04-09T00:09:21.560+0800][7592.199s] GC(595)   Post Evacuate Collection Set: 0.5ms
[2024-04-09T00:09:21.560+0800][7592.199s] GC(595)   Other: 0.1ms
[2024-04-09T00:09:21.560+0800][7592.199s] GC(595) Eden regions: 304->0(304)
[2024-04-09T00:09:21.560+0800][7592.199s] GC(595) Survivor regions: 3->3(39)
[2024-04-09T00:09:21.561+0800][7592.199s] GC(595) Old regions: 58->58
[2024-04-09T00:09:21.561+0800][7592.199s] GC(595) Humongous regions: 4->4
[2024-04-09T00:09:21.561+0800][7592.200s] GC(595) Metaspace: 68517K(69120K)->68517K(69120K) NonClass: 60815K(61120K)->60815K(61120K) Class: 7702K(8000K)->7702K(8000K)
[2024-04-09T00:09:21.561+0800][7592.200s] GC(595) Pause Young (Normal) (G1 Evacuation Pause) 368M->64M(512M) 2.632ms
[2024-04-09T00:09:21.561+0800][7592.200s] GC(595) User=0.00s Sys=0.00s Real=0.00s
[2024-04-09T00:09:22.901+0800][7593.540s] GC(596) Pause Young (Normal) (G1 Evacuation Pause)
[2024-04-09T00:09:22.901+0800][7593.540s] GC(596) Using 13 workers of 13 for evacuation
[2024-04-09T00:09:22.904+0800][7593.543s] GC(596)   Pre Evacuate Collection Set: 0.1ms
[2024-04-09T00:09:22.904+0800][7593.543s] GC(596)   Merge Heap Roots: 0.1ms
[2024-04-09T00:09:22.904+0800][7593.543s] GC(596)   Evacuate Collection Set: 2.2ms
[2024-04-09T00:09:22.904+0800][7593.543s] GC(596)   Post Evacuate Collection Set: 0.4ms
[2024-04-09T00:09:22.904+0800][7593.543s] GC(596)   Other: 0.1ms
[2024-04-09T00:09:22.904+0800][7593.543s] GC(596) Eden regions: 304->0(304)
[2024-04-09T00:09:22.904+0800][7593.543s] GC(596) Survivor regions: 3->3(39)
[2024-04-09T00:09:22.904+0800][7593.543s] GC(596) Old regions: 58->58
[2024-04-09T00:09:22.904+0800][7593.543s] GC(596) Humongous regions: 4->4
[2024-04-09T00:09:22.904+0800][7593.543s] GC(596) Metaspace: 68517K(69120K)->68517K(69120K) NonClass: 60815K(61120K)->60815K(61120K) Class: 7702K(8000K)->7702K(8000K)
[2024-04-09T00:09:22.904+0800][7593.543s] GC(596) Pause Young (Normal) (G1 Evacuation Pause) 368M->64M(512M) 3.114ms
[2024-04-09T00:09:22.904+0800][7593.543s] GC(596) User=0.00s Sys=0.00s Real=0.00s
[2024-04-09T00:09:24.197+0800][7594.836s] GC(597) Pause Young (Normal) (G1 Evacuation Pause)
[2024-04-09T00:09:24.197+0800][7594.836s] GC(597) Using 13 workers of 13 for evacuation
[2024-04-09T00:09:24.200+0800][7594.839s] GC(597)   Pre Evacuate Collection Set: 0.3ms
[2024-04-09T00:09:24.200+0800][7594.839s] GC(597)   Merge Heap Roots: 0.1ms
[2024-04-09T00:09:24.200+0800][7594.839s] GC(597)   Evacuate Collection Set: 2.0ms
[2024-04-09T00:09:24.200+0800][7594.839s] GC(597)   Post Evacuate Collection Set: 0.5ms
[2024-04-09T00:09:24.200+0800][7594.839s] GC(597)   Other: 0.1ms
[2024-04-09T00:09:24.200+0800][7594.839s] GC(597) Eden regions: 304->0(304)
[2024-04-09T00:09:24.200+0800][7594.839s] GC(597) Survivor regions: 3->3(39)
[2024-04-09T00:09:24.200+0800][7594.839s] GC(597) Old regions: 58->58
[2024-04-09T00:09:24.200+0800][7594.839s] GC(597) Humongous regions: 4->4
[2024-04-09T00:09:24.200+0800][7594.839s] GC(597) Metaspace: 68520K(69120K)->68520K(69120K) NonClass: 60817K(61120K)->60817K(61120K) Class: 7702K(8000K)->7702K(8000K)
[2024-04-09T00:09:24.200+0800][7594.839s] GC(597) Pause Young (Normal) (G1 Evacuation Pause) 368M->64M(512M) 3.354ms
[2024-04-09T00:09:24.200+0800][7594.839s] GC(597) User=0.11s Sys=0.00s Real=0.00s
[2024-04-09T00:09:25.435+0800][7596.074s] GC(598) Pause Young (Normal) (G1 Evacuation Pause)
[2024-04-09T00:09:25.435+0800][7596.074s] GC(598) Using 13 workers of 13 for evacuation
[2024-04-09T00:09:25.437+0800][7596.076s] GC(598)   Pre Evacuate Collection Set: 0.1ms
[2024-04-09T00:09:25.437+0800][7596.076s] GC(598)   Merge Heap Roots: 0.1ms
[2024-04-09T00:09:25.437+0800][7596.076s] GC(598)   Evacuate Collection Set: 1.5ms
[2024-04-09T00:09:25.437+0800][7596.076s] GC(598)   Post Evacuate Collection Set: 0.3ms
[2024-04-09T00:09:25.437+0800][7596.076s] GC(598)   Other: 0.1ms
[2024-04-09T00:09:25.437+0800][7596.076s] GC(598) Eden regions: 304->0(303)
[2024-04-09T00:09:25.437+0800][7596.076s] GC(598) Survivor regions: 3->4(39)
[2024-04-09T00:09:25.437+0800][7596.076s] GC(598) Old regions: 58->58
[2024-04-09T00:09:25.437+0800][7596.076s] GC(598) Humongous regions: 4->4
[2024-04-09T00:09:25.437+0800][7596.076s] GC(598) Metaspace: 68520K(69120K)->68520K(69120K) NonClass: 60817K(61120K)->60817K(61120K) Class: 7702K(8000K)->7702K(8000K)
[2024-04-09T00:09:25.437+0800][7596.076s] GC(598) Pause Young (Normal) (G1 Evacuation Pause) 368M->64M(512M) 2.279ms
[2024-04-09T00:09:25.437+0800][7596.076s] GC(598) User=0.00s Sys=0.00s Real=0.00s
[2024-04-09T00:09:26.676+0800][7597.316s] GC(599) Pause Young (Normal) (G1 Evacuation Pause)
[2024-04-09T00:09:26.677+0800][7597.316s] GC(599) Using 13 workers of 13 for evacuation
[2024-04-09T00:09:26.679+0800][7597.318s] GC(599)   Pre Evacuate Collection Set: 0.1ms
[2024-04-09T00:09:26.679+0800][7597.318s] GC(599)   Merge Heap Roots: 0.1ms
[2024-04-09T00:09:26.679+0800][7597.318s] GC(599)   Evacuate Collection Set: 1.5ms
[2024-04-09T00:09:26.679+0800][7597.318s] GC(599)   Post Evacuate Collection Set: 0.4ms
[2024-04-09T00:09:26.679+0800][7597.318s] GC(599)   Other: 0.1ms
[2024-04-09T00:09:26.679+0800][7597.318s] GC(599) Eden regions: 303->0(304)
[2024-04-09T00:09:26.679+0800][7597.318s] GC(599) Survivor regions: 4->3(39)
[2024-04-09T00:09:26.679+0800][7597.318s] GC(599) Old regions: 58->58
[2024-04-09T00:09:26.679+0800][7597.318s] GC(599) Humongous regions: 4->4
[2024-04-09T00:09:26.679+0800][7597.318s] GC(599) Metaspace: 68520K(69120K)->68520K(69120K) NonClass: 60818K(61120K)->60818K(61120K) Class: 7702K(8000K)->7702K(8000K)
[2024-04-09T00:09:26.679+0800][7597.318s] GC(599) Pause Young (Normal) (G1 Evacuation Pause) 367M->64M(512M) 2.393ms
[2024-04-09T00:09:26.679+0800][7597.318s] GC(599) User=0.00s Sys=0.00s Real=0.00s
[2024-04-09T00:09:27.919+0800][7598.558s] GC(600) Pause Young (Normal) (G1 Evacuation Pause)
[2024-04-09T00:09:27.919+0800][7598.558s] GC(600) Using 13 workers of 13 for evacuation
[2024-04-09T00:09:27.922+0800][7598.561s] GC(600)   Pre Evacuate Collection Set: 0.1ms
[2024-04-09T00:09:27.922+0800][7598.561s] GC(600)   Merge Heap Roots: 0.1ms
[2024-04-09T00:09:27.922+0800][7598.561s] GC(600)   Evacuate Collection Set: 2.3ms
[2024-04-09T00:09:27.922+0800][7598.561s] GC(600)   Post Evacuate Collection Set: 0.5ms
[2024-04-09T00:09:27.922+0800][7598.561s] GC(600)   Other: 0.1ms
[2024-04-09T00:09:27.922+0800][7598.561s] GC(600) Eden regions: 304->0(304)
[2024-04-09T00:09:27.922+0800][7598.561s] GC(600) Survivor regions: 3->3(39)
[2024-04-09T00:09:27.922+0800][7598.561s] GC(600) Old regions: 58->58
[2024-04-09T00:09:27.922+0800][7598.561s] GC(600) Humongous regions: 4->4
[2024-04-09T00:09:27.922+0800][7598.561s] GC(600) Metaspace: 68520K(69120K)->68520K(69120K) NonClass: 60818K(61120K)->60818K(61120K) Class: 7702K(8000K)->7702K(8000K)
[2024-04-09T00:09:27.922+0800][7598.561s] GC(600) Pause Young (Normal) (G1 Evacuation Pause) 368M->64M(512M) 3.360ms
[2024-04-09T00:09:27.922+0800][7598.561s] GC(600) User=0.00s Sys=0.00s Real=0.00s
[2024-04-09T00:09:29.136+0800][7599.775s] GC(601) Pause Young (Normal) (G1 Evacuation Pause)
[2024-04-09T00:09:29.136+0800][7599.775s] GC(601) Using 13 workers of 13 for evacuation
[2024-04-09T00:09:29.139+0800][7599.778s] GC(601)   Pre Evacuate Collection Set: 0.1ms
[2024-04-09T00:09:29.139+0800][7599.778s] GC(601)   Merge Heap Roots: 0.1ms
[2024-04-09T00:09:29.139+0800][7599.778s] GC(601)   Evacuate Collection Set: 2.1ms
[2024-04-09T00:09:29.139+0800][7599.778s] GC(601)   Post Evacuate Collection Set: 0.6ms
[2024-04-09T00:09:29.139+0800][7599.778s] GC(601)   Other: 0.1ms
[2024-04-09T00:09:29.139+0800][7599.778s] GC(601) Eden regions: 304->0(303)
[2024-04-09T00:09:29.139+0800][7599.778s] GC(601) Survivor regions: 3->4(39)
[2024-04-09T00:09:29.139+0800][7599.778s] GC(601) Old regions: 58->58
[2024-04-09T00:09:29.139+0800][7599.778s] GC(601) Humongous regions: 4->4
[2024-04-09T00:09:29.139+0800][7599.778s] GC(601) Metaspace: 68520K(69120K)->68520K(69120K) NonClass: 60818K(61120K)->60818K(61120K) Class: 7702K(8000K)->7702K(8000K)
[2024-04-09T00:09:29.139+0800][7599.778s] GC(601) Pause Young (Normal) (G1 Evacuation Pause) 368M->65M(512M) 3.187ms
[2024-04-09T00:09:29.139+0800][7599.778s] GC(601) User=0.00s Sys=0.00s Real=0.00s
[2024-04-09T00:09:30.306+0800][7600.945s] GC(602) Pause Young (Normal) (G1 Evacuation Pause)
[2024-04-09T00:09:30.307+0800][7600.945s] GC(602) Using 13 workers of 13 for evacuation
[2024-04-09T00:09:30.309+0800][7600.948s] GC(602)   Pre Evacuate Collection Set: 0.1ms
[2024-04-09T00:09:30.310+0800][7600.948s] GC(602)   Merge Heap Roots: 0.1ms
[2024-04-09T00:09:30.310+0800][7600.948s] GC(602)   Evacuate Collection Set: 2.1ms
[2024-04-09T00:09:30.310+0800][7600.948s] GC(602)   Post Evacuate Collection Set: 0.5ms
[2024-04-09T00:09:30.310+0800][7600.948s] GC(602)   Other: 0.1ms
[2024-04-09T00:09:30.310+0800][7600.948s] GC(602) Eden regions: 303->0(304)
[2024-04-09T00:09:30.310+0800][7600.948s] GC(602) Survivor regions: 4->3(39)
[2024-04-09T00:09:30.310+0800][7600.949s] GC(602) Old regions: 58->58
[2024-04-09T00:09:30.310+0800][7600.949s] GC(602) Humongous regions: 4->4
[2024-04-09T00:09:30.310+0800][7600.949s] GC(602) Metaspace: 68520K(69120K)->68520K(69120K) NonClass: 60818K(61120K)->60818K(61120K) Class: 7702K(8000K)->7702K(8000K)
[2024-04-09T00:09:30.310+0800][7600.949s] GC(602) Pause Young (Normal) (G1 Evacuation Pause) 368M->64M(512M) 3.199ms
[2024-04-09T00:09:30.310+0800][7600.949s] GC(602) User=0.02s Sys=0.00s Real=0.00s
[2024-04-09T00:09:31.632+0800][7602.271s] GC(603) Pause Young (Normal) (G1 Evacuation Pause)
[2024-04-09T00:09:31.632+0800][7602.271s] GC(603) Using 13 workers of 13 for evacuation
[2024-04-09T00:09:31.634+0800][7602.273s] GC(603)   Pre Evacuate Collection Set: 0.1ms
[2024-04-09T00:09:31.634+0800][7602.273s] GC(603)   Merge Heap Roots: 0.1ms
[2024-04-09T00:09:31.634+0800][7602.273s] GC(603)   Evacuate Collection Set: 1.5ms
[2024-04-09T00:09:31.634+0800][7602.273s] GC(603)   Post Evacuate Collection Set: 0.4ms
[2024-04-09T00:09:31.634+0800][7602.273s] GC(603)   Other: 0.1ms
[2024-04-09T00:09:31.634+0800][7602.273s] GC(603) Eden regions: 304->0(304)
[2024-04-09T00:09:31.634+0800][7602.273s] GC(603) Survivor regions: 3->3(39)
[2024-04-09T00:09:31.634+0800][7602.273s] GC(603) Old regions: 58->58
[2024-04-09T00:09:31.634+0800][7602.273s] GC(603) Humongous regions: 4->4
[2024-04-09T00:09:31.634+0800][7602.273s] GC(603) Metaspace: 68520K(69120K)->68520K(69120K) NonClass: 60818K(61120K)->60818K(61120K) Class: 7702K(8000K)->7702K(8000K)
[2024-04-09T00:09:31.634+0800][7602.273s] GC(603) Pause Young (Normal) (G1 Evacuation Pause) 368M->64M(512M) 2.347ms
[2024-04-09T00:09:31.634+0800][7602.273s] GC(603) User=0.00s Sys=0.00s Real=0.00s
[2024-04-09T00:09:33.063+0800][7603.702s] GC(604) Pause Young (Normal) (G1 Evacuation Pause)
[2024-04-09T00:09:33.063+0800][7603.702s] GC(604) Using 13 workers of 13 for evacuation
[2024-04-09T00:09:33.066+0800][7603.705s] GC(604)   Pre Evacuate Collection Set: 0.1ms
[2024-04-09T00:09:33.066+0800][7603.705s] GC(604)   Merge Heap Roots: 0.1ms
[2024-04-09T00:09:33.066+0800][7603.705s] GC(604)   Evacuate Collection Set: 1.9ms
[2024-04-09T00:09:33.066+0800][7603.705s] GC(604)   Post Evacuate Collection Set: 0.5ms
[2024-04-09T00:09:33.066+0800][7603.705s] GC(604)   Other: 0.1ms
[2024-04-09T00:09:33.066+0800][7603.705s] GC(604) Eden regions: 304->0(304)
[2024-04-09T00:09:33.066+0800][7603.705s] GC(604) Survivor regions: 3->3(39)
[2024-04-09T00:09:33.066+0800][7603.705s] GC(604) Old regions: 58->58
[2024-04-09T00:09:33.066+0800][7603.705s] GC(604) Humongous regions: 4->4
[2024-04-09T00:09:33.066+0800][7603.705s] GC(604) Metaspace: 68520K(69120K)->68520K(69120K) NonClass: 60818K(61120K)->60818K(61120K) Class: 7702K(8000K)->7702K(8000K)
[2024-04-09T00:09:33.066+0800][7603.705s] GC(604) Pause Young (Normal) (G1 Evacuation Pause) 368M->64M(512M) 2.904ms
[2024-04-09T00:09:33.066+0800][7603.705s] GC(604) User=0.00s Sys=0.00s Real=0.00s
[2024-04-09T00:09:34.323+0800][7604.962s] GC(605) Pause Young (Normal) (G1 Evacuation Pause)
[2024-04-09T00:09:34.323+0800][7604.962s] GC(605) Using 13 workers of 13 for evacuation
[2024-04-09T00:09:34.326+0800][7604.965s] GC(605)   Pre Evacuate Collection Set: 0.1ms
[2024-04-09T00:09:34.326+0800][7604.965s] GC(605)   Merge Heap Roots: 0.1ms
[2024-04-09T00:09:34.326+0800][7604.965s] GC(605)   Evacuate Collection Set: 2.1ms
[2024-04-09T00:09:34.326+0800][7604.965s] GC(605)   Post Evacuate Collection Set: 0.6ms
[2024-04-09T00:09:34.326+0800][7604.965s] GC(605)   Other: 0.1ms
[2024-04-09T00:09:34.326+0800][7604.965s] GC(605) Eden regions: 304->0(304)
[2024-04-09T00:09:34.326+0800][7604.965s] GC(605) Survivor regions: 3->3(39)
[2024-04-09T00:09:34.326+0800][7604.965s] GC(605) Old regions: 58->58
[2024-04-09T00:09:34.326+0800][7604.965s] GC(605) Humongous regions: 4->4
[2024-04-09T00:09:34.326+0800][7604.965s] GC(605) Metaspace: 68520K(69120K)->68520K(69120K) NonClass: 60818K(61120K)->60818K(61120K) Class: 7702K(8000K)->7702K(8000K)
[2024-04-09T00:09:34.326+0800][7604.965s] GC(605) Pause Young (Normal) (G1 Evacuation Pause) 368M->64M(512M) 3.153ms
[2024-04-09T00:09:34.326+0800][7604.965s] GC(605) User=0.00s Sys=0.00s Real=0.00s
[2024-04-09T00:09:35.729+0800][7606.368s] GC(606) Pause Young (Normal) (G1 Evacuation Pause)
[2024-04-09T00:09:35.729+0800][7606.368s] GC(606) Using 13 workers of 13 for evacuation
[2024-04-09T00:09:35.732+0800][7606.371s] GC(606)   Pre Evacuate Collection Set: 0.2ms
[2024-04-09T00:09:35.732+0800][7606.371s] GC(606)   Merge Heap Roots: 0.1ms
[2024-04-09T00:09:35.732+0800][7606.371s] GC(606)   Evacuate Collection Set: 2.0ms
[2024-04-09T00:09:35.732+0800][7606.371s] GC(606)   Post Evacuate Collection Set: 0.5ms
[2024-04-09T00:09:35.732+0800][7606.371s] GC(606)   Other: 0.1ms
[2024-04-09T00:09:35.732+0800][7606.371s] GC(606) Eden regions: 304->0(304)
[2024-04-09T00:09:35.732+0800][7606.371s] GC(606) Survivor regions: 3->3(39)
[2024-04-09T00:09:35.732+0800][7606.371s] GC(606) Old regions: 58->59
[2024-04-09T00:09:35.732+0800][7606.371s] GC(606) Humongous regions: 4->4
[2024-04-09T00:09:35.732+0800][7606.371s] GC(606) Metaspace: 68520K(69120K)->68520K(69120K) NonClass: 60818K(61120K)->60818K(61120K) Class: 7702K(8000K)->7702K(8000K)
[2024-04-09T00:09:35.732+0800][7606.371s] GC(606) Pause Young (Normal) (G1 Evacuation Pause) 368M->64M(512M) 3.040ms
[2024-04-09T00:09:35.732+0800][7606.371s] GC(606) User=0.00s Sys=0.00s Real=0.00s
[2024-04-09T00:09:37.667+0800][7608.306s] GC(607) Pause Young (Normal) (G1 Evacuation Pause)
[2024-04-09T00:09:37.667+0800][7608.306s] GC(607) Using 13 workers of 13 for evacuation
[2024-04-09T00:09:37.670+0800][7608.309s] GC(607)   Pre Evacuate Collection Set: 0.2ms
[2024-04-09T00:09:37.670+0800][7608.309s] GC(607)   Merge Heap Roots: 0.1ms
[2024-04-09T00:09:37.670+0800][7608.309s] GC(607)   Evacuate Collection Set: 2.0ms
[2024-04-09T00:09:37.670+0800][7608.309s] GC(607)   Post Evacuate Collection Set: 0.6ms
[2024-04-09T00:09:37.670+0800][7608.309s] GC(607)   Other: 0.1ms
[2024-04-09T00:09:37.670+0800][7608.309s] GC(607) Eden regions: 304->0(305)
[2024-04-09T00:09:37.670+0800][7608.309s] GC(607) Survivor regions: 3->2(39)
[2024-04-09T00:09:37.670+0800][7608.309s] GC(607) Old regions: 59->60
[2024-04-09T00:09:37.670+0800][7608.309s] GC(607) Humongous regions: 4->4
[2024-04-09T00:09:37.670+0800][7608.309s] GC(607) Metaspace: 68520K(69120K)->68520K(69120K) NonClass: 60818K(61120K)->60818K(61120K) Class: 7702K(8000K)->7702K(8000K)
[2024-04-09T00:09:37.670+0800][7608.309s] GC(607) Pause Young (Normal) (G1 Evacuation Pause) 368M->64M(512M) 3.216ms
[2024-04-09T00:09:37.670+0800][7608.309s] GC(607) User=0.00s Sys=0.00s Real=0.00s
[2024-04-09T00:09:38.836+0800][7609.475s] GC(608) Pause Young (Normal) (G1 Evacuation Pause)
[2024-04-09T00:09:38.836+0800][7609.475s] GC(608) Using 13 workers of 13 for evacuation
[2024-04-09T00:09:38.839+0800][7609.478s] GC(608)   Pre Evacuate Collection Set: 0.2ms
[2024-04-09T00:09:38.839+0800][7609.478s] GC(608)   Merge Heap Roots: 0.1ms
[2024-04-09T00:09:38.839+0800][7609.478s] GC(608)   Evacuate Collection Set: 1.8ms
[2024-04-09T00:09:38.839+0800][7609.478s] GC(608)   Post Evacuate Collection Set: 0.6ms
[2024-04-09T00:09:38.839+0800][7609.478s] GC(608)   Other: 0.1ms
[2024-04-09T00:09:38.839+0800][7609.478s] GC(608) Eden regions: 305->0(305)
[2024-04-09T00:09:38.839+0800][7609.478s] GC(608) Survivor regions: 2->2(39)
[2024-04-09T00:09:38.839+0800][7609.478s] GC(608) Old regions: 60->60
[2024-04-09T00:09:38.839+0800][7609.478s] GC(608) Humongous regions: 4->4
[2024-04-09T00:09:38.839+0800][7609.478s] GC(608) Metaspace: 68520K(69120K)->68520K(69120K) NonClass: 60818K(61120K)->60818K(61120K) Class: 7702K(8000K)->7702K(8000K)
[2024-04-09T00:09:38.839+0800][7609.478s] GC(608) Pause Young (Normal) (G1 Evacuation Pause) 369M->64M(512M) 3.043ms
[2024-04-09T00:09:38.839+0800][7609.478s] GC(608) User=0.03s Sys=0.00s Real=0.00s
[2024-04-09T00:09:40.395+0800][7611.034s] GC(609) Pause Young (Normal) (G1 Evacuation Pause)
[2024-04-09T00:09:40.395+0800][7611.034s] GC(609) Using 13 workers of 13 for evacuation
[2024-04-09T00:09:40.398+0800][7611.037s] GC(609)   Pre Evacuate Collection Set: 0.1ms
[2024-04-09T00:09:40.398+0800][7611.037s] GC(609)   Merge Heap Roots: 0.1ms
[2024-04-09T00:09:40.398+0800][7611.037s] GC(609)   Evacuate Collection Set: 1.7ms
[2024-04-09T00:09:40.398+0800][7611.037s] GC(609)   Post Evacuate Collection Set: 0.5ms
[2024-04-09T00:09:40.398+0800][7611.037s] GC(609)   Other: 0.1ms
[2024-04-09T00:09:40.398+0800][7611.037s] GC(609) Eden regions: 305->0(305)
[2024-04-09T00:09:40.398+0800][7611.037s] GC(609) Survivor regions: 2->2(39)
[2024-04-09T00:09:40.398+0800][7611.037s] GC(609) Old regions: 60->60
[2024-04-09T00:09:40.398+0800][7611.037s] GC(609) Humongous regions: 4->4
[2024-04-09T00:09:40.398+0800][7611.037s] GC(609) Metaspace: 68520K(69120K)->68520K(69120K) NonClass: 60818K(61120K)->60818K(61120K) Class: 7702K(8000K)->7702K(8000K)
[2024-04-09T00:09:40.398+0800][7611.037s] GC(609) Pause Young (Normal) (G1 Evacuation Pause) 369M->64M(512M) 2.735ms
[2024-04-09T00:09:40.398+0800][7611.037s] GC(609) User=0.00s Sys=0.00s Real=0.00s
[2024-04-09T00:09:42.186+0800][7612.825s] GC(610) Pause Young (Normal) (G1 Evacuation Pause)
[2024-04-09T00:09:42.186+0800][7612.825s] GC(610) Using 13 workers of 13 for evacuation
[2024-04-09T00:09:42.189+0800][7612.828s] GC(610)   Pre Evacuate Collection Set: 0.1ms
[2024-04-09T00:09:42.189+0800][7612.828s] GC(610)   Merge Heap Roots: 0.1ms
[2024-04-09T00:09:42.189+0800][7612.828s] GC(610)   Evacuate Collection Set: 1.9ms
[2024-04-09T00:09:42.189+0800][7612.828s] GC(610)   Post Evacuate Collection Set: 0.5ms
[2024-04-09T00:09:42.189+0800][7612.828s] GC(610)   Other: 0.1ms
[2024-04-09T00:09:42.189+0800][7612.828s] GC(610) Eden regions: 305->0(305)
[2024-04-09T00:09:42.189+0800][7612.828s] GC(610) Survivor regions: 2->2(39)
[2024-04-09T00:09:42.189+0800][7612.828s] GC(610) Old regions: 60->60
[2024-04-09T00:09:42.189+0800][7612.828s] GC(610) Humongous regions: 4->4
[2024-04-09T00:09:42.189+0800][7612.828s] GC(610) Metaspace: 68520K(69120K)->68520K(69120K) NonClass: 60818K(61120K)->60818K(61120K) Class: 7702K(8000K)->7702K(8000K)
[2024-04-09T00:09:42.189+0800][7612.828s] GC(610) Pause Young (Normal) (G1 Evacuation Pause) 369M->64M(512M) 3.001ms
[2024-04-09T00:09:42.189+0800][7612.828s] GC(610) User=0.00s Sys=0.00s Real=0.00s
[2024-04-09T00:09:43.363+0800][7614.002s] GC(611) Pause Young (Normal) (G1 Evacuation Pause)
[2024-04-09T00:09:43.363+0800][7614.002s] GC(611) Using 13 workers of 13 for evacuation
[2024-04-09T00:09:43.365+0800][7614.004s] GC(611)   Pre Evacuate Collection Set: 0.2ms
[2024-04-09T00:09:43.365+0800][7614.004s] GC(611)   Merge Heap Roots: 0.1ms
[2024-04-09T00:09:43.365+0800][7614.004s] GC(611)   Evacuate Collection Set: 1.4ms
[2024-04-09T00:09:43.365+0800][7614.004s] GC(611)   Post Evacuate Collection Set: 0.4ms
[2024-04-09T00:09:43.365+0800][7614.004s] GC(611)   Other: 0.1ms
[2024-04-09T00:09:43.365+0800][7614.004s] GC(611) Eden regions: 305->0(305)
[2024-04-09T00:09:43.365+0800][7614.004s] GC(611) Survivor regions: 2->2(39)
[2024-04-09T00:09:43.365+0800][7614.004s] GC(611) Old regions: 60->60
[2024-04-09T00:09:43.365+0800][7614.004s] GC(611) Humongous regions: 4->4
[2024-04-09T00:09:43.365+0800][7614.004s] GC(611) Metaspace: 68520K(69120K)->68520K(69120K) NonClass: 60818K(61120K)->60818K(61120K) Class: 7702K(8000K)->7702K(8000K)
[2024-04-09T00:09:43.365+0800][7614.004s] GC(611) Pause Young (Normal) (G1 Evacuation Pause) 369M->64M(512M) 2.319ms
[2024-04-09T00:09:43.365+0800][7614.004s] GC(611) User=0.00s Sys=0.00s Real=0.00s
[2024-04-09T00:09:44.585+0800][7615.224s] GC(612) Pause Young (Normal) (G1 Evacuation Pause)
[2024-04-09T00:09:44.585+0800][7615.224s] GC(612) Using 13 workers of 13 for evacuation
[2024-04-09T00:09:44.588+0800][7615.227s] GC(612)   Pre Evacuate Collection Set: 0.1ms
[2024-04-09T00:09:44.588+0800][7615.227s] GC(612)   Merge Heap Roots: 0.1ms
[2024-04-09T00:09:44.588+0800][7615.227s] GC(612)   Evacuate Collection Set: 1.8ms
[2024-04-09T00:09:44.588+0800][7615.227s] GC(612)   Post Evacuate Collection Set: 0.9ms
[2024-04-09T00:09:44.588+0800][7615.227s] GC(612)   Other: 0.1ms
[2024-04-09T00:09:44.588+0800][7615.227s] GC(612) Eden regions: 305->0(305)
[2024-04-09T00:09:44.588+0800][7615.227s] GC(612) Survivor regions: 2->2(39)
[2024-04-09T00:09:44.588+0800][7615.227s] GC(612) Old regions: 60->60
[2024-04-09T00:09:44.588+0800][7615.227s] GC(612) Humongous regions: 4->4
[2024-04-09T00:09:44.588+0800][7615.227s] GC(612) Metaspace: 68520K(69120K)->68520K(69120K) NonClass: 60818K(61120K)->60818K(61120K) Class: 7702K(8000K)->7702K(8000K)
[2024-04-09T00:09:44.588+0800][7615.227s] GC(612) Pause Young (Normal) (G1 Evacuation Pause) 369M->64M(512M) 3.312ms
[2024-04-09T00:09:44.588+0800][7615.227s] GC(612) User=0.02s Sys=0.02s Real=0.00s
[2024-04-09T00:09:45.794+0800][7616.433s] GC(613) Pause Young (Normal) (G1 Evacuation Pause)
[2024-04-09T00:09:45.794+0800][7616.433s] GC(613) Using 13 workers of 13 for evacuation
[2024-04-09T00:09:45.796+0800][7616.435s] GC(613)   Pre Evacuate Collection Set: 0.1ms
[2024-04-09T00:09:45.796+0800][7616.435s] GC(613)   Merge Heap Roots: 0.0ms
[2024-04-09T00:09:45.796+0800][7616.435s] GC(613)   Evacuate Collection Set: 1.3ms
[2024-04-09T00:09:45.796+0800][7616.435s] GC(613)   Post Evacuate Collection Set: 0.3ms
[2024-04-09T00:09:45.796+0800][7616.435s] GC(613)   Other: 0.1ms
[2024-04-09T00:09:45.796+0800][7616.435s] GC(613) Eden regions: 305->0(305)
[2024-04-09T00:09:45.796+0800][7616.435s] GC(613) Survivor regions: 2->2(39)
[2024-04-09T00:09:45.796+0800][7616.435s] GC(613) Old regions: 60->60
[2024-04-09T00:09:45.796+0800][7616.435s] GC(613) Humongous regions: 4->4
[2024-04-09T00:09:45.796+0800][7616.435s] GC(613) Metaspace: 68520K(69120K)->68520K(69120K) NonClass: 60818K(61120K)->60818K(61120K) Class: 7702K(8000K)->7702K(8000K)
[2024-04-09T00:09:45.796+0800][7616.435s] GC(613) Pause Young (Normal) (G1 Evacuation Pause) 369M->64M(512M) 2.106ms
[2024-04-09T00:09:45.796+0800][7616.435s] GC(613) User=0.00s Sys=0.00s Real=0.00s
[2024-04-09T00:09:46.999+0800][7617.638s] GC(614) Pause Young (Normal) (G1 Evacuation Pause)
[2024-04-09T00:09:46.999+0800][7617.638s] GC(614) Using 13 workers of 13 for evacuation
[2024-04-09T00:09:47.001+0800][7617.640s] GC(614)   Pre Evacuate Collection Set: 0.1ms
[2024-04-09T00:09:47.001+0800][7617.640s] GC(614)   Merge Heap Roots: 0.1ms
[2024-04-09T00:09:47.001+0800][7617.640s] GC(614)   Evacuate Collection Set: 1.6ms
[2024-04-09T00:09:47.001+0800][7617.640s] GC(614)   Post Evacuate Collection Set: 0.5ms
[2024-04-09T00:09:47.001+0800][7617.641s] GC(614)   Other: 0.1ms
[2024-04-09T00:09:47.001+0800][7617.641s] GC(614) Eden regions: 305->0(305)
[2024-04-09T00:09:47.001+0800][7617.641s] GC(614) Survivor regions: 2->2(39)
[2024-04-09T00:09:47.001+0800][7617.641s] GC(614) Old regions: 60->60
[2024-04-09T00:09:47.002+0800][7617.641s] GC(614) Humongous regions: 4->4
[2024-04-09T00:09:47.002+0800][7617.641s] GC(614) Metaspace: 68520K(69120K)->68520K(69120K) NonClass: 60818K(61120K)->60818K(61120K) Class: 7702K(8000K)->7702K(8000K)
[2024-04-09T00:09:47.002+0800][7617.641s] GC(614) Pause Young (Normal) (G1 Evacuation Pause) 369M->64M(512M) 2.631ms
[2024-04-09T00:09:47.002+0800][7617.641s] GC(614) User=0.00s Sys=0.00s Real=0.00s
[2024-04-09T00:09:48.231+0800][7618.870s] GC(615) Pause Young (Normal) (G1 Evacuation Pause)
[2024-04-09T00:09:48.231+0800][7618.870s] GC(615) Using 13 workers of 13 for evacuation
[2024-04-09T00:09:48.234+0800][7618.873s] GC(615)   Pre Evacuate Collection Set: 0.2ms
[2024-04-09T00:09:48.234+0800][7618.873s] GC(615)   Merge Heap Roots: 0.1ms
[2024-04-09T00:09:48.234+0800][7618.873s] GC(615)   Evacuate Collection Set: 1.3ms
[2024-04-09T00:09:48.234+0800][7618.873s] GC(615)   Post Evacuate Collection Set: 0.5ms
[2024-04-09T00:09:48.234+0800][7618.873s] GC(615)   Other: 0.1ms
[2024-04-09T00:09:48.234+0800][7618.873s] GC(615) Eden regions: 305->0(304)
[2024-04-09T00:09:48.234+0800][7618.873s] GC(615) Survivor regions: 2->3(39)
[2024-04-09T00:09:48.234+0800][7618.873s] GC(615) Old regions: 60->60
[2024-04-09T00:09:48.234+0800][7618.873s] GC(615) Humongous regions: 4->4
[2024-04-09T00:09:48.234+0800][7618.873s] GC(615) Metaspace: 68520K(69120K)->68520K(69120K) NonClass: 60818K(61120K)->60818K(61120K) Class: 7702K(8000K)->7702K(8000K)
[2024-04-09T00:09:48.234+0800][7618.873s] GC(615) Pause Young (Normal) (G1 Evacuation Pause) 369M->65M(512M) 2.541ms
[2024-04-09T00:09:48.234+0800][7618.873s] GC(615) User=0.00s Sys=0.00s Real=0.00s
[2024-04-09T00:09:49.399+0800][7620.038s] GC(616) Pause Young (Normal) (G1 Evacuation Pause)
[2024-04-09T00:09:49.399+0800][7620.038s] GC(616) Using 13 workers of 13 for evacuation
[2024-04-09T00:09:49.401+0800][7620.040s] GC(616)   Pre Evacuate Collection Set: 0.2ms
[2024-04-09T00:09:49.401+0800][7620.040s] GC(616)   Merge Heap Roots: 0.1ms
[2024-04-09T00:09:49.401+0800][7620.040s] GC(616)   Evacuate Collection Set: 1.7ms
[2024-04-09T00:09:49.401+0800][7620.040s] GC(616)   Post Evacuate Collection Set: 0.5ms
[2024-04-09T00:09:49.401+0800][7620.040s] GC(616)   Other: 0.1ms
[2024-04-09T00:09:49.401+0800][7620.040s] GC(616) Eden regions: 304->0(305)
[2024-04-09T00:09:49.401+0800][7620.040s] GC(616) Survivor regions: 3->2(39)
[2024-04-09T00:09:49.401+0800][7620.040s] GC(616) Old regions: 60->60
[2024-04-09T00:09:49.401+0800][7620.040s] GC(616) Humongous regions: 4->4
[2024-04-09T00:09:49.401+0800][7620.040s] GC(616) Metaspace: 68520K(69120K)->68520K(69120K) NonClass: 60818K(61120K)->60818K(61120K) Class: 7702K(8000K)->7702K(8000K)
[2024-04-09T00:09:49.401+0800][7620.040s] GC(616) Pause Young (Normal) (G1 Evacuation Pause) 369M->64M(512M) 2.760ms
[2024-04-09T00:09:49.401+0800][7620.040s] GC(616) User=0.03s Sys=0.00s Real=0.00s
[2024-04-09T00:09:50.574+0800][7621.213s] GC(617) Pause Young (Normal) (G1 Evacuation Pause)
[2024-04-09T00:09:50.574+0800][7621.213s] GC(617) Using 13 workers of 13 for evacuation
[2024-04-09T00:09:50.576+0800][7621.215s] GC(617)   Pre Evacuate Collection Set: 0.2ms
[2024-04-09T00:09:50.576+0800][7621.215s] GC(617)   Merge Heap Roots: 0.1ms
[2024-04-09T00:09:50.576+0800][7621.215s] GC(617)   Evacuate Collection Set: 1.5ms
[2024-04-09T00:09:50.576+0800][7621.215s] GC(617)   Post Evacuate Collection Set: 0.4ms
[2024-04-09T00:09:50.576+0800][7621.215s] GC(617)   Other: 0.1ms
[2024-04-09T00:09:50.576+0800][7621.215s] GC(617) Eden regions: 305->0(305)
[2024-04-09T00:09:50.576+0800][7621.215s] GC(617) Survivor regions: 2->2(39)
[2024-04-09T00:09:50.576+0800][7621.215s] GC(617) Old regions: 60->60
[2024-04-09T00:09:50.576+0800][7621.215s] GC(617) Humongous regions: 4->4
[2024-04-09T00:09:50.576+0800][7621.215s] GC(617) Metaspace: 68520K(69120K)->68520K(69120K) NonClass: 60818K(61120K)->60818K(61120K) Class: 7702K(8000K)->7702K(8000K)
[2024-04-09T00:09:50.576+0800][7621.216s] GC(617) Pause Young (Normal) (G1 Evacuation Pause) 369M->65M(512M) 2.671ms
[2024-04-09T00:09:50.576+0800][7621.216s] GC(617) User=0.00s Sys=0.00s Real=0.00s
[2024-04-09T00:09:51.820+0800][7622.460s] GC(618) Pause Young (Normal) (G1 Evacuation Pause)
[2024-04-09T00:09:51.820+0800][7622.460s] GC(618) Using 13 workers of 13 for evacuation
[2024-04-09T00:09:51.823+0800][7622.463s] GC(618)   Pre Evacuate Collection Set: 0.3ms
[2024-04-09T00:09:51.823+0800][7622.463s] GC(618)   Merge Heap Roots: 0.1ms
[2024-04-09T00:09:51.823+0800][7622.463s] GC(618)   Evacuate Collection Set: 2.0ms
[2024-04-09T00:09:51.823+0800][7622.463s] GC(618)   Post Evacuate Collection Set: 0.5ms
[2024-04-09T00:09:51.823+0800][7622.463s] GC(618)   Other: 0.1ms
[2024-04-09T00:09:51.823+0800][7622.463s] GC(618) Eden regions: 305->0(305)
[2024-04-09T00:09:51.823+0800][7622.463s] GC(618) Survivor regions: 2->2(39)
[2024-04-09T00:09:51.823+0800][7622.463s] GC(618) Old regions: 60->60
[2024-04-09T00:09:51.823+0800][7622.463s] GC(618) Humongous regions: 4->4
[2024-04-09T00:09:51.823+0800][7622.463s] GC(618) Metaspace: 68520K(69120K)->68520K(69120K) NonClass: 60818K(61120K)->60818K(61120K) Class: 7702K(8000K)->7702K(8000K)
[2024-04-09T00:09:51.823+0800][7622.463s] GC(618) Pause Young (Normal) (G1 Evacuation Pause) 370M->65M(512M) 3.102ms
[2024-04-09T00:09:51.823+0800][7622.463s] GC(618) User=0.03s Sys=0.02s Real=0.00s
[2024-04-09T00:09:52.987+0800][7623.627s] GC(619) Pause Young (Normal) (G1 Evacuation Pause)
[2024-04-09T00:09:52.987+0800][7623.627s] GC(619) Using 13 workers of 13 for evacuation
[2024-04-09T00:09:52.990+0800][7623.629s] GC(619)   Pre Evacuate Collection Set: 0.2ms
[2024-04-09T00:09:52.990+0800][7623.629s] GC(619)   Merge Heap Roots: 0.1ms
[2024-04-09T00:09:52.990+0800][7623.629s] GC(619)   Evacuate Collection Set: 1.9ms
[2024-04-09T00:09:52.990+0800][7623.629s] GC(619)   Post Evacuate Collection Set: 0.6ms
[2024-04-09T00:09:52.990+0800][7623.629s] GC(619)   Other: 0.1ms
[2024-04-09T00:09:52.990+0800][7623.629s] GC(619) Eden regions: 305->0(305)
[2024-04-09T00:09:52.990+0800][7623.630s] GC(619) Survivor regions: 2->2(39)
[2024-04-09T00:09:52.990+0800][7623.630s] GC(619) Old regions: 60->60
[2024-04-09T00:09:52.990+0800][7623.630s] GC(619) Humongous regions: 4->4
[2024-04-09T00:09:52.990+0800][7623.630s] GC(619) Metaspace: 68520K(69120K)->68520K(69120K) NonClass: 60818K(61120K)->60818K(61120K) Class: 7702K(8000K)->7702K(8000K)
[2024-04-09T00:09:52.990+0800][7623.630s] GC(619) Pause Young (Normal) (G1 Evacuation Pause) 370M->64M(512M) 3.005ms
[2024-04-09T00:09:52.990+0800][7623.630s] GC(619) User=0.00s Sys=0.00s Real=0.00s
[2024-04-09T00:09:54.186+0800][7624.826s] GC(620) Pause Young (Normal) (G1 Evacuation Pause)
[2024-04-09T00:09:54.186+0800][7624.826s] GC(620) Using 13 workers of 13 for evacuation
[2024-04-09T00:09:54.188+0800][7624.828s] GC(620)   Pre Evacuate Collection Set: 0.1ms
[2024-04-09T00:09:54.189+0800][7624.828s] GC(620)   Merge Heap Roots: 0.1ms
[2024-04-09T00:09:54.189+0800][7624.828s] GC(620)   Evacuate Collection Set: 1.3ms
[2024-04-09T00:09:54.189+0800][7624.828s] GC(620)   Post Evacuate Collection Set: 0.5ms
[2024-04-09T00:09:54.189+0800][7624.828s] GC(620)   Other: 0.1ms
[2024-04-09T00:09:54.189+0800][7624.828s] GC(620) Eden regions: 305->0(305)
[2024-04-09T00:09:54.189+0800][7624.828s] GC(620) Survivor regions: 2->2(39)
[2024-04-09T00:09:54.189+0800][7624.828s] GC(620) Old regions: 60->60
[2024-04-09T00:09:54.189+0800][7624.828s] GC(620) Humongous regions: 4->4
[2024-04-09T00:09:54.189+0800][7624.828s] GC(620) Metaspace: 68520K(69120K)->68520K(69120K) NonClass: 60818K(61120K)->60818K(61120K) Class: 7702K(8000K)->7702K(8000K)
[2024-04-09T00:09:54.189+0800][7624.828s] GC(620) Pause Young (Normal) (G1 Evacuation Pause) 369M->65M(512M) 2.302ms
[2024-04-09T00:09:54.189+0800][7624.828s] GC(620) User=0.00s Sys=0.00s Real=0.00s
[2024-04-09T00:09:55.451+0800][7626.091s] GC(621) Pause Young (Normal) (G1 Evacuation Pause)
[2024-04-09T00:09:55.451+0800][7626.091s] GC(621) Using 13 workers of 13 for evacuation
[2024-04-09T00:09:55.457+0800][7626.097s] GC(621)   Pre Evacuate Collection Set: 0.5ms
[2024-04-09T00:09:55.458+0800][7626.097s] GC(621)   Merge Heap Roots: 0.1ms
[2024-04-09T00:09:55.458+0800][7626.097s] GC(621)   Evacuate Collection Set: 4.5ms
[2024-04-09T00:09:55.458+0800][7626.097s] GC(621)   Post Evacuate Collection Set: 0.7ms
[2024-04-09T00:09:55.458+0800][7626.097s] GC(621)   Other: 0.2ms
[2024-04-09T00:09:55.458+0800][7626.097s] GC(621) Eden regions: 305->0(304)
[2024-04-09T00:09:55.458+0800][7626.097s] GC(621) Survivor regions: 2->3(39)
[2024-04-09T00:09:55.458+0800][7626.097s] GC(621) Old regions: 60->60
[2024-04-09T00:09:55.458+0800][7626.097s] GC(621) Humongous regions: 4->4
[2024-04-09T00:09:55.458+0800][7626.097s] GC(621) Metaspace: 68520K(69120K)->68520K(69120K) NonClass: 60818K(61120K)->60818K(61120K) Class: 7702K(8000K)->7702K(8000K)
[2024-04-09T00:09:55.458+0800][7626.097s] GC(621) Pause Young (Normal) (G1 Evacuation Pause) 370M->65M(512M) 6.565ms
[2024-04-09T00:09:55.458+0800][7626.097s] GC(621) User=0.00s Sys=0.00s Real=0.01s
[2024-04-09T00:09:56.729+0800][7627.369s] GC(622) Pause Young (Normal) (G1 Evacuation Pause)
[2024-04-09T00:09:56.729+0800][7627.369s] GC(622) Using 13 workers of 13 for evacuation
[2024-04-09T00:09:56.731+0800][7627.370s] GC(622)   Pre Evacuate Collection Set: 0.1ms
[2024-04-09T00:09:56.731+0800][7627.370s] GC(622)   Merge Heap Roots: 0.1ms
[2024-04-09T00:09:56.731+0800][7627.370s] GC(622)   Evacuate Collection Set: 1.2ms
[2024-04-09T00:09:56.731+0800][7627.370s] GC(622)   Post Evacuate Collection Set: 0.3ms
[2024-04-09T00:09:56.731+0800][7627.370s] GC(622)   Other: 0.1ms
[2024-04-09T00:09:56.731+0800][7627.371s] GC(622) Eden regions: 304->0(305)
[2024-04-09T00:09:56.731+0800][7627.371s] GC(622) Survivor regions: 3->2(39)
[2024-04-09T00:09:56.731+0800][7627.371s] GC(622) Old regions: 60->60
[2024-04-09T00:09:56.731+0800][7627.371s] GC(622) Humongous regions: 4->4
[2024-04-09T00:09:56.731+0800][7627.371s] GC(622) Metaspace: 68520K(69120K)->68520K(69120K) NonClass: 60818K(61120K)->60818K(61120K) Class: 7702K(8000K)->7702K(8000K)
[2024-04-09T00:09:56.731+0800][7627.371s] GC(622) Pause Young (Normal) (G1 Evacuation Pause) 369M->65M(512M) 1.916ms
[2024-04-09T00:09:56.731+0800][7627.371s] GC(622) User=0.00s Sys=0.00s Real=0.00s
[2024-04-09T00:09:58.098+0800][7628.737s] GC(623) Pause Young (Normal) (G1 Evacuation Pause)
[2024-04-09T00:09:58.098+0800][7628.737s] GC(623) Using 13 workers of 13 for evacuation
[2024-04-09T00:09:58.100+0800][7628.740s] GC(623)   Pre Evacuate Collection Set: 0.1ms
[2024-04-09T00:09:58.100+0800][7628.740s] GC(623)   Merge Heap Roots: 0.1ms
[2024-04-09T00:09:58.100+0800][7628.740s] GC(623)   Evacuate Collection Set: 1.4ms
[2024-04-09T00:09:58.100+0800][7628.740s] GC(623)   Post Evacuate Collection Set: 0.6ms
[2024-04-09T00:09:58.100+0800][7628.740s] GC(623)   Other: 0.1ms
[2024-04-09T00:09:58.100+0800][7628.740s] GC(623) Eden regions: 305->0(305)
[2024-04-09T00:09:58.100+0800][7628.740s] GC(623) Survivor regions: 2->2(39)
[2024-04-09T00:09:58.100+0800][7628.740s] GC(623) Old regions: 60->60
[2024-04-09T00:09:58.100+0800][7628.740s] GC(623) Humongous regions: 4->4
[2024-04-09T00:09:58.100+0800][7628.740s] GC(623) Metaspace: 68520K(69120K)->68520K(69120K) NonClass: 60818K(61120K)->60818K(61120K) Class: 7702K(8000K)->7702K(8000K)
[2024-04-09T00:09:58.100+0800][7628.740s] GC(623) Pause Young (Normal) (G1 Evacuation Pause) 370M->65M(512M) 2.498ms
[2024-04-09T00:09:58.100+0800][7628.740s] GC(623) User=0.00s Sys=0.00s Real=0.00s
[2024-04-09T00:09:59.373+0800][7630.012s] GC(624) Pause Young (Normal) (G1 Evacuation Pause)
[2024-04-09T00:09:59.373+0800][7630.012s] GC(624) Using 13 workers of 13 for evacuation
[2024-04-09T00:09:59.375+0800][7630.014s] GC(624)   Pre Evacuate Collection Set: 0.1ms
[2024-04-09T00:09:59.375+0800][7630.014s] GC(624)   Merge Heap Roots: 0.0ms
[2024-04-09T00:09:59.375+0800][7630.014s] GC(624)   Evacuate Collection Set: 1.4ms
[2024-04-09T00:09:59.375+0800][7630.014s] GC(624)   Post Evacuate Collection Set: 0.4ms
[2024-04-09T00:09:59.375+0800][7630.014s] GC(624)   Other: 0.1ms
[2024-04-09T00:09:59.375+0800][7630.014s] GC(624) Eden regions: 305->0(305)
[2024-04-09T00:09:59.375+0800][7630.014s] GC(624) Survivor regions: 2->2(39)
[2024-04-09T00:09:59.375+0800][7630.014s] GC(624) Old regions: 60->60
[2024-04-09T00:09:59.375+0800][7630.014s] GC(624) Humongous regions: 4->4
[2024-04-09T00:09:59.375+0800][7630.014s] GC(624) Metaspace: 68531K(69120K)->68531K(69120K) NonClass: 60826K(61120K)->60826K(61120K) Class: 7705K(8000K)->7705K(8000K)
[2024-04-09T00:09:59.375+0800][7630.014s] GC(624) Pause Young (Normal) (G1 Evacuation Pause) 370M->65M(512M) 2.304ms
[2024-04-09T00:09:59.375+0800][7630.014s] GC(624) User=0.00s Sys=0.00s Real=0.00s
[2024-04-09T00:10:00.717+0800][7631.357s] GC(625) Pause Young (Normal) (G1 Evacuation Pause)
[2024-04-09T00:10:00.717+0800][7631.357s] GC(625) Using 13 workers of 13 for evacuation
[2024-04-09T00:10:00.720+0800][7631.359s] GC(625)   Pre Evacuate Collection Set: 0.1ms
[2024-04-09T00:10:00.720+0800][7631.360s] GC(625)   Merge Heap Roots: 0.2ms
[2024-04-09T00:10:00.720+0800][7631.360s] GC(625)   Evacuate Collection Set: 1.7ms
[2024-04-09T00:10:00.720+0800][7631.360s] GC(625)   Post Evacuate Collection Set: 0.7ms
[2024-04-09T00:10:00.720+0800][7631.360s] GC(625)   Other: 0.1ms
[2024-04-09T00:10:00.720+0800][7631.360s] GC(625) Eden regions: 305->0(304)
[2024-04-09T00:10:00.720+0800][7631.360s] GC(625) Survivor regions: 2->3(39)
[2024-04-09T00:10:00.720+0800][7631.360s] GC(625) Old regions: 60->60
[2024-04-09T00:10:00.720+0800][7631.360s] GC(625) Humongous regions: 4->4
[2024-04-09T00:10:00.720+0800][7631.360s] GC(625) Metaspace: 68531K(69120K)->68531K(69120K) NonClass: 60826K(61120K)->60826K(61120K) Class: 7705K(8000K)->7705K(8000K)
[2024-04-09T00:10:00.720+0800][7631.360s] GC(625) Pause Young (Normal) (G1 Evacuation Pause) 370M->65M(512M) 3.078ms
[2024-04-09T00:10:00.720+0800][7631.360s] GC(625) User=0.00s Sys=0.00s Real=0.00s
[2024-04-09T00:10:01.942+0800][7632.582s] GC(626) Pause Young (Normal) (G1 Evacuation Pause)
[2024-04-09T00:10:01.942+0800][7632.582s] GC(626) Using 13 workers of 13 for evacuation
[2024-04-09T00:10:01.945+0800][7632.584s] GC(626)   Pre Evacuate Collection Set: 0.1ms
[2024-04-09T00:10:01.945+0800][7632.584s] GC(626)   Merge Heap Roots: 0.1ms
[2024-04-09T00:10:01.945+0800][7632.584s] GC(626)   Evacuate Collection Set: 1.6ms
[2024-04-09T00:10:01.945+0800][7632.584s] GC(626)   Post Evacuate Collection Set: 0.4ms
[2024-04-09T00:10:01.945+0800][7632.584s] GC(626)   Other: 0.1ms
[2024-04-09T00:10:01.945+0800][7632.584s] GC(626) Eden regions: 304->0(305)
[2024-04-09T00:10:01.945+0800][7632.584s] GC(626) Survivor regions: 3->2(39)
[2024-04-09T00:10:01.945+0800][7632.584s] GC(626) Old regions: 60->60
[2024-04-09T00:10:01.945+0800][7632.584s] GC(626) Humongous regions: 4->4
[2024-04-09T00:10:01.945+0800][7632.584s] GC(626) Metaspace: 68531K(69120K)->68531K(69120K) NonClass: 60826K(61120K)->60826K(61120K) Class: 7705K(8000K)->7705K(8000K)
[2024-04-09T00:10:01.945+0800][7632.584s] GC(626) Pause Young (Normal) (G1 Evacuation Pause) 369M->65M(512M) 2.612ms
[2024-04-09T00:10:01.945+0800][7632.584s] GC(626) User=0.00s Sys=0.00s Real=0.00s
[2024-04-09T00:10:03.203+0800][7633.842s] GC(627) Pause Young (Normal) (G1 Evacuation Pause)
[2024-04-09T00:10:03.203+0800][7633.842s] GC(627) Using 13 workers of 13 for evacuation
[2024-04-09T00:10:03.205+0800][7633.844s] GC(627)   Pre Evacuate Collection Set: 0.1ms
[2024-04-09T00:10:03.205+0800][7633.844s] GC(627)   Merge Heap Roots: 0.1ms
[2024-04-09T00:10:03.205+0800][7633.844s] GC(627)   Evacuate Collection Set: 1.5ms
[2024-04-09T00:10:03.205+0800][7633.844s] GC(627)   Post Evacuate Collection Set: 0.5ms
[2024-04-09T00:10:03.205+0800][7633.844s] GC(627)   Other: 0.1ms
[2024-04-09T00:10:03.205+0800][7633.844s] GC(627) Eden regions: 305->0(305)
[2024-04-09T00:10:03.205+0800][7633.844s] GC(627) Survivor regions: 2->2(39)
[2024-04-09T00:10:03.205+0800][7633.844s] GC(627) Old regions: 60->60
[2024-04-09T00:10:03.205+0800][7633.844s] GC(627) Humongous regions: 4->4
[2024-04-09T00:10:03.205+0800][7633.844s] GC(627) Metaspace: 68531K(69120K)->68531K(69120K) NonClass: 60826K(61120K)->60826K(61120K) Class: 7705K(8000K)->7705K(8000K)
[2024-04-09T00:10:03.205+0800][7633.844s] GC(627) Pause Young (Normal) (G1 Evacuation Pause) 370M->65M(512M) 2.511ms
[2024-04-09T00:10:03.205+0800][7633.844s] GC(627) User=0.00s Sys=0.00s Real=0.00s
[2024-04-09T00:10:04.434+0800][7635.072s] GC(628) Pause Young (Normal) (G1 Evacuation Pause)
[2024-04-09T00:10:04.434+0800][7635.073s] GC(628) Using 13 workers of 13 for evacuation
[2024-04-09T00:10:04.436+0800][7635.075s] GC(628)   Pre Evacuate Collection Set: 0.2ms
[2024-04-09T00:10:04.436+0800][7635.075s] GC(628)   Merge Heap Roots: 0.1ms
[2024-04-09T00:10:04.436+0800][7635.075s] GC(628)   Evacuate Collection Set: 1.6ms
[2024-04-09T00:10:04.436+0800][7635.075s] GC(628)   Post Evacuate Collection Set: 0.5ms
[2024-04-09T00:10:04.436+0800][7635.075s] GC(628)   Other: 0.1ms
[2024-04-09T00:10:04.436+0800][7635.075s] GC(628) Eden regions: 305->0(305)
[2024-04-09T00:10:04.436+0800][7635.075s] GC(628) Survivor regions: 2->2(39)
[2024-04-09T00:10:04.436+0800][7635.075s] GC(628) Old regions: 60->60
[2024-04-09T00:10:04.436+0800][7635.075s] GC(628) Humongous regions: 4->4
[2024-04-09T00:10:04.436+0800][7635.075s] GC(628) Metaspace: 68531K(69120K)->68531K(69120K) NonClass: 60826K(61120K)->60826K(61120K) Class: 7705K(8000K)->7705K(8000K)
[2024-04-09T00:10:04.436+0800][7635.075s] GC(628) Pause Young (Normal) (G1 Evacuation Pause) 370M->65M(512M) 2.698ms
[2024-04-09T00:10:04.436+0800][7635.075s] GC(628) User=0.00s Sys=0.00s Real=0.00s
[2024-04-09T00:10:05.704+0800][7636.343s] GC(629) Pause Young (Normal) (G1 Evacuation Pause)
[2024-04-09T00:10:05.704+0800][7636.343s] GC(629) Using 13 workers of 13 for evacuation
[2024-04-09T00:10:05.706+0800][7636.345s] GC(629)   Pre Evacuate Collection Set: 0.1ms
[2024-04-09T00:10:05.706+0800][7636.345s] GC(629)   Merge Heap Roots: 0.1ms
[2024-04-09T00:10:05.706+0800][7636.345s] GC(629)   Evacuate Collection Set: 1.5ms
[2024-04-09T00:10:05.706+0800][7636.345s] GC(629)   Post Evacuate Collection Set: 0.4ms
[2024-04-09T00:10:05.706+0800][7636.345s] GC(629)   Other: 0.1ms
[2024-04-09T00:10:05.706+0800][7636.345s] GC(629) Eden regions: 305->0(305)
[2024-04-09T00:10:05.706+0800][7636.345s] GC(629) Survivor regions: 2->2(39)
[2024-04-09T00:10:05.706+0800][7636.345s] GC(629) Old regions: 60->60
[2024-04-09T00:10:05.706+0800][7636.345s] GC(629) Humongous regions: 4->4
[2024-04-09T00:10:05.706+0800][7636.345s] GC(629) Metaspace: 68531K(69120K)->68531K(69120K) NonClass: 60826K(61120K)->60826K(61120K) Class: 7705K(8000K)->7705K(8000K)
[2024-04-09T00:10:05.706+0800][7636.345s] GC(629) Pause Young (Normal) (G1 Evacuation Pause) 370M->65M(512M) 2.439ms
[2024-04-09T00:10:05.706+0800][7636.345s] GC(629) User=0.00s Sys=0.00s Real=0.00s
[2024-04-09T00:10:07.338+0800][7637.977s] GC(630) Pause Young (Normal) (G1 Evacuation Pause)
[2024-04-09T00:10:07.338+0800][7637.977s] GC(630) Using 13 workers of 13 for evacuation
[2024-04-09T00:10:07.340+0800][7637.979s] GC(630)   Pre Evacuate Collection Set: 0.1ms
[2024-04-09T00:10:07.340+0800][7637.979s] GC(630)   Merge Heap Roots: 0.0ms
[2024-04-09T00:10:07.340+0800][7637.979s] GC(630)   Evacuate Collection Set: 1.9ms
[2024-04-09T00:10:07.340+0800][7637.979s] GC(630)   Post Evacuate Collection Set: 0.5ms
[2024-04-09T00:10:07.340+0800][7637.979s] GC(630)   Other: 0.1ms
[2024-04-09T00:10:07.340+0800][7637.979s] GC(630) Eden regions: 305->0(305)
[2024-04-09T00:10:07.340+0800][7637.979s] GC(630) Survivor regions: 2->2(39)
[2024-04-09T00:10:07.340+0800][7637.979s] GC(630) Old regions: 60->60
[2024-04-09T00:10:07.340+0800][7637.979s] GC(630) Humongous regions: 4->4
[2024-04-09T00:10:07.340+0800][7637.979s] GC(630) Metaspace: 68531K(69120K)->68531K(69120K) NonClass: 60826K(61120K)->60826K(61120K) Class: 7705K(8000K)->7705K(8000K)
[2024-04-09T00:10:07.340+0800][7637.979s] GC(630) Pause Young (Normal) (G1 Evacuation Pause) 370M->65M(512M) 2.831ms
[2024-04-09T00:10:07.340+0800][7637.979s] GC(630) User=0.00s Sys=0.00s Real=0.00s
[2024-04-09T00:10:08.575+0800][7639.214s] GC(631) Pause Young (Normal) (G1 Evacuation Pause)
[2024-04-09T00:10:08.575+0800][7639.214s] GC(631) Using 13 workers of 13 for evacuation
[2024-04-09T00:10:08.578+0800][7639.217s] GC(631)   Pre Evacuate Collection Set: 0.1ms
[2024-04-09T00:10:08.578+0800][7639.217s] GC(631)   Merge Heap Roots: 0.1ms
[2024-04-09T00:10:08.578+0800][7639.217s] GC(631)   Evacuate Collection Set: 1.6ms
[2024-04-09T00:10:08.578+0800][7639.217s] GC(631)   Post Evacuate Collection Set: 0.4ms
[2024-04-09T00:10:08.578+0800][7639.217s] GC(631)   Other: 0.1ms
[2024-04-09T00:10:08.578+0800][7639.217s] GC(631) Eden regions: 305->0(305)
[2024-04-09T00:10:08.578+0800][7639.217s] GC(631) Survivor regions: 2->2(39)
[2024-04-09T00:10:08.578+0800][7639.217s] GC(631) Old regions: 60->60
[2024-04-09T00:10:08.578+0800][7639.217s] GC(631) Humongous regions: 4->4
[2024-04-09T00:10:08.578+0800][7639.217s] GC(631) Metaspace: 68531K(69120K)->68531K(69120K) NonClass: 60826K(61120K)->60826K(61120K) Class: 7705K(8000K)->7705K(8000K)
[2024-04-09T00:10:08.578+0800][7639.217s] GC(631) Pause Young (Normal) (G1 Evacuation Pause) 370M->65M(512M) 2.595ms
[2024-04-09T00:10:08.578+0800][7639.217s] GC(631) User=0.00s Sys=0.00s Real=0.00s
[2024-04-09T00:10:09.777+0800][7640.416s] GC(632) Pause Young (Normal) (G1 Evacuation Pause)
[2024-04-09T00:10:09.777+0800][7640.416s] GC(632) Using 13 workers of 13 for evacuation
[2024-04-09T00:10:09.779+0800][7640.418s] GC(632)   Pre Evacuate Collection Set: 0.2ms
[2024-04-09T00:10:09.779+0800][7640.418s] GC(632)   Merge Heap Roots: 0.1ms
[2024-04-09T00:10:09.779+0800][7640.418s] GC(632)   Evacuate Collection Set: 1.3ms
[2024-04-09T00:10:09.779+0800][7640.418s] GC(632)   Post Evacuate Collection Set: 0.5ms
[2024-04-09T00:10:09.779+0800][7640.418s] GC(632)   Other: 0.1ms
[2024-04-09T00:10:09.779+0800][7640.418s] GC(632) Eden regions: 305->0(305)
[2024-04-09T00:10:09.779+0800][7640.418s] GC(632) Survivor regions: 2->2(39)
[2024-04-09T00:10:09.779+0800][7640.418s] GC(632) Old regions: 60->60
[2024-04-09T00:10:09.779+0800][7640.418s] GC(632) Humongous regions: 4->4
[2024-04-09T00:10:09.779+0800][7640.418s] GC(632) Metaspace: 68531K(69120K)->68531K(69120K) NonClass: 60826K(61120K)->60826K(61120K) Class: 7705K(8000K)->7705K(8000K)
[2024-04-09T00:10:09.779+0800][7640.418s] GC(632) Pause Young (Normal) (G1 Evacuation Pause) 370M->65M(512M) 2.262ms
[2024-04-09T00:10:09.779+0800][7640.418s] GC(632) User=0.00s Sys=0.00s Real=0.00s
[2024-04-09T00:10:10.927+0800][7641.566s] GC(633) Pause Young (Normal) (G1 Evacuation Pause)
[2024-04-09T00:10:10.927+0800][7641.566s] GC(633) Using 13 workers of 13 for evacuation
[2024-04-09T00:10:10.929+0800][7641.568s] GC(633)   Pre Evacuate Collection Set: 0.2ms
[2024-04-09T00:10:10.929+0800][7641.569s] GC(633)   Merge Heap Roots: 0.1ms
[2024-04-09T00:10:10.929+0800][7641.569s] GC(633)   Evacuate Collection Set: 1.3ms
[2024-04-09T00:10:10.929+0800][7641.569s] GC(633)   Post Evacuate Collection Set: 0.3ms
[2024-04-09T00:10:10.929+0800][7641.569s] GC(633)   Other: 0.1ms
[2024-04-09T00:10:10.929+0800][7641.569s] GC(633) Eden regions: 305->0(305)
[2024-04-09T00:10:10.929+0800][7641.569s] GC(633) Survivor regions: 2->2(39)
[2024-04-09T00:10:10.929+0800][7641.569s] GC(633) Old regions: 60->60
[2024-04-09T00:10:10.929+0800][7641.569s] GC(633) Humongous regions: 4->4
[2024-04-09T00:10:10.929+0800][7641.569s] GC(633) Metaspace: 68531K(69120K)->68531K(69120K) NonClass: 60826K(61120K)->60826K(61120K) Class: 7705K(8000K)->7705K(8000K)
[2024-04-09T00:10:10.929+0800][7641.569s] GC(633) Pause Young (Normal) (G1 Evacuation Pause) 370M->65M(512M) 2.280ms
[2024-04-09T00:10:10.929+0800][7641.569s] GC(633) User=0.00s Sys=0.00s Real=0.00s
[2024-04-09T00:10:12.111+0800][7642.750s] GC(634) Pause Young (Normal) (G1 Evacuation Pause)
[2024-04-09T00:10:12.111+0800][7642.750s] GC(634) Using 13 workers of 13 for evacuation
[2024-04-09T00:10:12.113+0800][7642.752s] GC(634)   Pre Evacuate Collection Set: 0.1ms
[2024-04-09T00:10:12.113+0800][7642.752s] GC(634)   Merge Heap Roots: 0.1ms
[2024-04-09T00:10:12.113+0800][7642.752s] GC(634)   Evacuate Collection Set: 1.5ms
[2024-04-09T00:10:12.113+0800][7642.752s] GC(634)   Post Evacuate Collection Set: 0.4ms
[2024-04-09T00:10:12.113+0800][7642.752s] GC(634)   Other: 0.1ms
[2024-04-09T00:10:12.113+0800][7642.752s] GC(634) Eden regions: 305->0(305)
[2024-04-09T00:10:12.113+0800][7642.752s] GC(634) Survivor regions: 2->2(39)
[2024-04-09T00:10:12.113+0800][7642.752s] GC(634) Old regions: 60->60
[2024-04-09T00:10:12.113+0800][7642.752s] GC(634) Humongous regions: 4->4
[2024-04-09T00:10:12.113+0800][7642.752s] GC(634) Metaspace: 68531K(69120K)->68531K(69120K) NonClass: 60826K(61120K)->60826K(61120K) Class: 7705K(8000K)->7705K(8000K)
[2024-04-09T00:10:12.113+0800][7642.752s] GC(634) Pause Young (Normal) (G1 Evacuation Pause) 370M->65M(512M) 2.359ms
[2024-04-09T00:10:12.113+0800][7642.752s] GC(634) User=0.00s Sys=0.00s Real=0.00s
[2024-04-09T00:10:13.260+0800][7643.899s] GC(635) Pause Young (Normal) (G1 Evacuation Pause)
[2024-04-09T00:10:13.260+0800][7643.899s] GC(635) Using 13 workers of 13 for evacuation
[2024-04-09T00:10:13.262+0800][7643.901s] GC(635)   Pre Evacuate Collection Set: 0.1ms
[2024-04-09T00:10:13.262+0800][7643.901s] GC(635)   Merge Heap Roots: 0.1ms
[2024-04-09T00:10:13.262+0800][7643.901s] GC(635)   Evacuate Collection Set: 1.5ms
[2024-04-09T00:10:13.262+0800][7643.901s] GC(635)   Post Evacuate Collection Set: 0.4ms
[2024-04-09T00:10:13.262+0800][7643.901s] GC(635)   Other: 0.1ms
[2024-04-09T00:10:13.262+0800][7643.901s] GC(635) Eden regions: 305->0(305)
[2024-04-09T00:10:13.262+0800][7643.901s] GC(635) Survivor regions: 2->2(39)
[2024-04-09T00:10:13.262+0800][7643.901s] GC(635) Old regions: 60->60
[2024-04-09T00:10:13.262+0800][7643.901s] GC(635) Humongous regions: 4->4
[2024-04-09T00:10:13.262+0800][7643.901s] GC(635) Metaspace: 68531K(69120K)->68531K(69120K) NonClass: 60826K(61120K)->60826K(61120K) Class: 7705K(8000K)->7705K(8000K)
[2024-04-09T00:10:13.262+0800][7643.901s] GC(635) Pause Young (Normal) (G1 Evacuation Pause) 370M->65M(512M) 2.422ms
[2024-04-09T00:10:13.262+0800][7643.901s] GC(635) User=0.00s Sys=0.00s Real=0.00s
[2024-04-09T00:10:14.498+0800][7645.137s] GC(636) Pause Young (Normal) (G1 Evacuation Pause)
[2024-04-09T00:10:14.498+0800][7645.137s] GC(636) Using 13 workers of 13 for evacuation
[2024-04-09T00:10:14.502+0800][7645.141s] GC(636)   Pre Evacuate Collection Set: 0.2ms
[2024-04-09T00:10:14.502+0800][7645.141s] GC(636)   Merge Heap Roots: 0.1ms
[2024-04-09T00:10:14.502+0800][7645.141s] GC(636)   Evacuate Collection Set: 2.3ms
[2024-04-09T00:10:14.502+0800][7645.141s] GC(636)   Post Evacuate Collection Set: 0.6ms
[2024-04-09T00:10:14.502+0800][7645.141s] GC(636)   Other: 0.1ms
[2024-04-09T00:10:14.502+0800][7645.141s] GC(636) Eden regions: 305->0(305)
[2024-04-09T00:10:14.502+0800][7645.141s] GC(636) Survivor regions: 2->2(39)
[2024-04-09T00:10:14.502+0800][7645.141s] GC(636) Old regions: 60->60
[2024-04-09T00:10:14.502+0800][7645.141s] GC(636) Humongous regions: 4->4
[2024-04-09T00:10:14.502+0800][7645.141s] GC(636) Metaspace: 68531K(69120K)->68531K(69120K) NonClass: 60826K(61120K)->60826K(61120K) Class: 7705K(8000K)->7705K(8000K)
[2024-04-09T00:10:14.502+0800][7645.141s] GC(636) Pause Young (Normal) (G1 Evacuation Pause) 370M->65M(512M) 3.999ms
[2024-04-09T00:10:14.502+0800][7645.141s] GC(636) User=0.00s Sys=0.00s Real=0.00s
[2024-04-09T00:10:15.763+0800][7646.402s] GC(637) Pause Young (Normal) (G1 Evacuation Pause)
[2024-04-09T00:10:15.763+0800][7646.402s] GC(637) Using 13 workers of 13 for evacuation
[2024-04-09T00:10:15.765+0800][7646.404s] GC(637)   Pre Evacuate Collection Set: 0.2ms
[2024-04-09T00:10:15.765+0800][7646.404s] GC(637)   Merge Heap Roots: 0.1ms
[2024-04-09T00:10:15.765+0800][7646.404s] GC(637)   Evacuate Collection Set: 1.3ms
[2024-04-09T00:10:15.765+0800][7646.405s] GC(637)   Post Evacuate Collection Set: 0.5ms
[2024-04-09T00:10:15.765+0800][7646.405s] GC(637)   Other: 0.1ms
[2024-04-09T00:10:15.765+0800][7646.405s] GC(637) Eden regions: 305->0(305)
[2024-04-09T00:10:15.765+0800][7646.405s] GC(637) Survivor regions: 2->2(39)
[2024-04-09T00:10:15.765+0800][7646.405s] GC(637) Old regions: 60->60
[2024-04-09T00:10:15.765+0800][7646.405s] GC(637) Humongous regions: 4->4
[2024-04-09T00:10:15.765+0800][7646.405s] GC(637) Metaspace: 68531K(69120K)->68531K(69120K) NonClass: 60826K(61120K)->60826K(61120K) Class: 7705K(8000K)->7705K(8000K)
[2024-04-09T00:10:15.766+0800][7646.405s] GC(637) Pause Young (Normal) (G1 Evacuation Pause) 370M->65M(512M) 2.337ms
[2024-04-09T00:10:15.766+0800][7646.405s] GC(637) User=0.00s Sys=0.00s Real=0.00s
[2024-04-09T00:10:16.960+0800][7647.600s] GC(638) Pause Young (Normal) (G1 Evacuation Pause)
[2024-04-09T00:10:16.961+0800][7647.600s] GC(638) Using 13 workers of 13 for evacuation
[2024-04-09T00:10:16.963+0800][7647.602s] GC(638)   Pre Evacuate Collection Set: 0.2ms
[2024-04-09T00:10:16.963+0800][7647.602s] GC(638)   Merge Heap Roots: 0.1ms
[2024-04-09T00:10:16.963+0800][7647.602s] GC(638)   Evacuate Collection Set: 1.3ms
[2024-04-09T00:10:16.963+0800][7647.602s] GC(638)   Post Evacuate Collection Set: 0.3ms
[2024-04-09T00:10:16.963+0800][7647.602s] GC(638)   Other: 0.1ms
[2024-04-09T00:10:16.963+0800][7647.602s] GC(638) Eden regions: 305->0(305)
[2024-04-09T00:10:16.963+0800][7647.602s] GC(638) Survivor regions: 2->2(39)
[2024-04-09T00:10:16.963+0800][7647.602s] GC(638) Old regions: 60->60
[2024-04-09T00:10:16.963+0800][7647.602s] GC(638) Humongous regions: 4->4
[2024-04-09T00:10:16.963+0800][7647.602s] GC(638) Metaspace: 68531K(69120K)->68531K(69120K) NonClass: 60826K(61120K)->60826K(61120K) Class: 7705K(8000K)->7705K(8000K)
[2024-04-09T00:10:16.963+0800][7647.602s] GC(638) Pause Young (Normal) (G1 Evacuation Pause) 370M->65M(512M) 2.208ms
[2024-04-09T00:10:16.963+0800][7647.602s] GC(638) User=0.02s Sys=0.00s Real=0.00s
[2024-04-09T00:10:18.155+0800][7648.794s] GC(639) Pause Young (Normal) (G1 Evacuation Pause)
[2024-04-09T00:10:18.155+0800][7648.794s] GC(639) Using 13 workers of 13 for evacuation
[2024-04-09T00:10:18.157+0800][7648.797s] GC(639)   Pre Evacuate Collection Set: 0.2ms
[2024-04-09T00:10:18.157+0800][7648.797s] GC(639)   Merge Heap Roots: 0.0ms
[2024-04-09T00:10:18.157+0800][7648.797s] GC(639)   Evacuate Collection Set: 1.5ms
[2024-04-09T00:10:18.157+0800][7648.797s] GC(639)   Post Evacuate Collection Set: 0.4ms
[2024-04-09T00:10:18.157+0800][7648.797s] GC(639)   Other: 0.1ms
[2024-04-09T00:10:18.158+0800][7648.797s] GC(639) Eden regions: 305->0(305)
[2024-04-09T00:10:18.158+0800][7648.797s] GC(639) Survivor regions: 2->2(39)
[2024-04-09T00:10:18.158+0800][7648.797s] GC(639) Old regions: 60->61
[2024-04-09T00:10:18.158+0800][7648.797s] GC(639) Humongous regions: 4->4
[2024-04-09T00:10:18.158+0800][7648.797s] GC(639) Metaspace: 68531K(69120K)->68531K(69120K) NonClass: 60826K(61120K)->60826K(61120K) Class: 7705K(8000K)->7705K(8000K)
[2024-04-09T00:10:18.158+0800][7648.797s] GC(639) Pause Young (Normal) (G1 Evacuation Pause) 370M->65M(512M) 2.473ms
[2024-04-09T00:10:18.158+0800][7648.797s] GC(639) User=0.00s Sys=0.00s Real=0.00s
[2024-04-09T00:10:19.331+0800][7649.970s] GC(640) Pause Young (Normal) (G1 Evacuation Pause)
[2024-04-09T00:10:19.331+0800][7649.970s] GC(640) Using 13 workers of 13 for evacuation
[2024-04-09T00:10:19.334+0800][7649.973s] GC(640)   Pre Evacuate Collection Set: 0.1ms
[2024-04-09T00:10:19.334+0800][7649.973s] GC(640)   Merge Heap Roots: 0.1ms
[2024-04-09T00:10:19.334+0800][7649.973s] GC(640)   Evacuate Collection Set: 1.7ms
[2024-04-09T00:10:19.334+0800][7649.973s] GC(640)   Post Evacuate Collection Set: 0.7ms
[2024-04-09T00:10:19.334+0800][7649.973s] GC(640)   Other: 0.1ms
[2024-04-09T00:10:19.334+0800][7649.973s] GC(640) Eden regions: 305->0(305)
[2024-04-09T00:10:19.334+0800][7649.973s] GC(640) Survivor regions: 2->2(39)
[2024-04-09T00:10:19.334+0800][7649.973s] GC(640) Old regions: 61->61
[2024-04-09T00:10:19.334+0800][7649.973s] GC(640) Humongous regions: 4->4
[2024-04-09T00:10:19.334+0800][7649.973s] GC(640) Metaspace: 68531K(69120K)->68531K(69120K) NonClass: 60826K(61120K)->60826K(61120K) Class: 7705K(8000K)->7705K(8000K)
[2024-04-09T00:10:19.334+0800][7649.973s] GC(640) Pause Young (Normal) (G1 Evacuation Pause) 370M->65M(512M) 2.960ms
[2024-04-09T00:10:19.334+0800][7649.973s] GC(640) User=0.00s Sys=0.00s Real=0.00s
[2024-04-09T00:10:20.522+0800][7651.161s] GC(641) Pause Young (Normal) (G1 Evacuation Pause)
[2024-04-09T00:10:20.522+0800][7651.161s] GC(641) Using 13 workers of 13 for evacuation
[2024-04-09T00:10:20.525+0800][7651.164s] GC(641)   Pre Evacuate Collection Set: 0.2ms
[2024-04-09T00:10:20.525+0800][7651.164s] GC(641)   Merge Heap Roots: 0.2ms
[2024-04-09T00:10:20.525+0800][7651.164s] GC(641)   Evacuate Collection Set: 1.6ms
[2024-04-09T00:10:20.525+0800][7651.164s] GC(641)   Post Evacuate Collection Set: 0.6ms
[2024-04-09T00:10:20.525+0800][7651.164s] GC(641)   Other: 0.1ms
[2024-04-09T00:10:20.525+0800][7651.164s] GC(641) Eden regions: 305->0(305)
[2024-04-09T00:10:20.525+0800][7651.164s] GC(641) Survivor regions: 2->2(39)
[2024-04-09T00:10:20.525+0800][7651.164s] GC(641) Old regions: 61->61
[2024-04-09T00:10:20.525+0800][7651.164s] GC(641) Humongous regions: 4->4
[2024-04-09T00:10:20.525+0800][7651.164s] GC(641) Metaspace: 68531K(69120K)->68531K(69120K) NonClass: 60826K(61120K)->60826K(61120K) Class: 7705K(8000K)->7705K(8000K)
[2024-04-09T00:10:20.525+0800][7651.164s] GC(641) Pause Young (Normal) (G1 Evacuation Pause) 370M->65M(512M) 2.874ms
[2024-04-09T00:10:20.525+0800][7651.164s] GC(641) User=0.00s Sys=0.00s Real=0.00s
[2024-04-09T00:10:21.675+0800][7652.314s] GC(642) Pause Young (Normal) (G1 Evacuation Pause)
[2024-04-09T00:10:21.676+0800][7652.315s] GC(642) Using 13 workers of 13 for evacuation
[2024-04-09T00:10:21.678+0800][7652.317s] GC(642)   Pre Evacuate Collection Set: 0.1ms
[2024-04-09T00:10:21.678+0800][7652.317s] GC(642)   Merge Heap Roots: 0.1ms
[2024-04-09T00:10:21.678+0800][7652.317s] GC(642)   Evacuate Collection Set: 1.5ms
[2024-04-09T00:10:21.678+0800][7652.317s] GC(642)   Post Evacuate Collection Set: 0.4ms
[2024-04-09T00:10:21.678+0800][7652.317s] GC(642)   Other: 0.1ms
[2024-04-09T00:10:21.678+0800][7652.317s] GC(642) Eden regions: 305->0(305)
[2024-04-09T00:10:21.678+0800][7652.317s] GC(642) Survivor regions: 2->2(39)
[2024-04-09T00:10:21.678+0800][7652.317s] GC(642) Old regions: 61->61
[2024-04-09T00:10:21.678+0800][7652.317s] GC(642) Humongous regions: 4->4
[2024-04-09T00:10:21.678+0800][7652.317s] GC(642) Metaspace: 68531K(69120K)->68531K(69120K) NonClass: 60826K(61120K)->60826K(61120K) Class: 7705K(8000K)->7705K(8000K)
[2024-04-09T00:10:21.678+0800][7652.317s] GC(642) Pause Young (Normal) (G1 Evacuation Pause) 370M->65M(512M) 2.504ms
[2024-04-09T00:10:21.678+0800][7652.317s] GC(642) User=0.00s Sys=0.00s Real=0.00s
[2024-04-09T00:10:23.172+0800][7653.811s] GC(643) Pause Young (Normal) (G1 Evacuation Pause)
[2024-04-09T00:10:23.172+0800][7653.811s] GC(643) Using 13 workers of 13 for evacuation
[2024-04-09T00:10:23.174+0800][7653.813s] GC(643)   Pre Evacuate Collection Set: 0.1ms
[2024-04-09T00:10:23.174+0800][7653.813s] GC(643)   Merge Heap Roots: 0.1ms
[2024-04-09T00:10:23.174+0800][7653.813s] GC(643)   Evacuate Collection Set: 1.6ms
[2024-04-09T00:10:23.174+0800][7653.813s] GC(643)   Post Evacuate Collection Set: 0.6ms
[2024-04-09T00:10:23.174+0800][7653.813s] GC(643)   Other: 0.1ms
[2024-04-09T00:10:23.174+0800][7653.813s] GC(643) Eden regions: 305->0(305)
[2024-04-09T00:10:23.174+0800][7653.813s] GC(643) Survivor regions: 2->2(39)
[2024-04-09T00:10:23.174+0800][7653.813s] GC(643) Old regions: 61->61
[2024-04-09T00:10:23.174+0800][7653.813s] GC(643) Humongous regions: 4->4
[2024-04-09T00:10:23.174+0800][7653.813s] GC(643) Metaspace: 68531K(69120K)->68531K(69120K) NonClass: 60826K(61120K)->60826K(61120K) Class: 7705K(8000K)->7705K(8000K)
[2024-04-09T00:10:23.174+0800][7653.813s] GC(643) Pause Young (Normal) (G1 Evacuation Pause) 370M->65M(512M) 2.767ms
[2024-04-09T00:10:23.174+0800][7653.813s] GC(643) User=0.00s Sys=0.00s Real=0.00s
[2024-04-09T00:10:24.377+0800][7655.016s] GC(644) Pause Young (Normal) (G1 Evacuation Pause)
[2024-04-09T00:10:24.377+0800][7655.016s] GC(644) Using 13 workers of 13 for evacuation
[2024-04-09T00:10:24.380+0800][7655.019s] GC(644)   Pre Evacuate Collection Set: 0.2ms
[2024-04-09T00:10:24.380+0800][7655.019s] GC(644)   Merge Heap Roots: 0.1ms
[2024-04-09T00:10:24.380+0800][7655.019s] GC(644)   Evacuate Collection Set: 1.8ms
[2024-04-09T00:10:24.380+0800][7655.019s] GC(644)   Post Evacuate Collection Set: 0.6ms
[2024-04-09T00:10:24.380+0800][7655.019s] GC(644)   Other: 0.2ms
[2024-04-09T00:10:24.380+0800][7655.019s] GC(644) Eden regions: 305->0(305)
[2024-04-09T00:10:24.380+0800][7655.019s] GC(644) Survivor regions: 2->2(39)
[2024-04-09T00:10:24.380+0800][7655.019s] GC(644) Old regions: 61->61
[2024-04-09T00:10:24.380+0800][7655.019s] GC(644) Humongous regions: 4->4
[2024-04-09T00:10:24.380+0800][7655.019s] GC(644) Metaspace: 68535K(69120K)->68535K(69120K) NonClass: 60830K(61120K)->60830K(61120K) Class: 7705K(8000K)->7705K(8000K)
[2024-04-09T00:10:24.380+0800][7655.019s] GC(644) Pause Young (Normal) (G1 Evacuation Pause) 370M->66M(512M) 3.147ms
[2024-04-09T00:10:24.380+0800][7655.019s] GC(644) User=0.00s Sys=0.00s Real=0.00s
[2024-04-09T00:10:25.568+0800][7656.207s] GC(645) Pause Young (Normal) (G1 Evacuation Pause)
[2024-04-09T00:10:25.569+0800][7656.207s] GC(645) Using 13 workers of 13 for evacuation
[2024-04-09T00:10:25.570+0800][7656.209s] GC(645)   Pre Evacuate Collection Set: 0.1ms
[2024-04-09T00:10:25.570+0800][7656.209s] GC(645)   Merge Heap Roots: 0.1ms
[2024-04-09T00:10:25.570+0800][7656.209s] GC(645)   Evacuate Collection Set: 1.2ms
[2024-04-09T00:10:25.570+0800][7656.209s] GC(645)   Post Evacuate Collection Set: 0.5ms
[2024-04-09T00:10:25.571+0800][7656.209s] GC(645)   Other: 0.1ms
[2024-04-09T00:10:25.571+0800][7656.209s] GC(645) Eden regions: 305->0(305)
[2024-04-09T00:10:25.571+0800][7656.209s] GC(645) Survivor regions: 2->2(39)
[2024-04-09T00:10:25.571+0800][7656.209s] GC(645) Old regions: 61->61
[2024-04-09T00:10:25.571+0800][7656.209s] GC(645) Humongous regions: 4->4
[2024-04-09T00:10:25.571+0800][7656.209s] GC(645) Metaspace: 68535K(69120K)->68535K(69120K) NonClass: 60830K(61120K)->60830K(61120K) Class: 7705K(8000K)->7705K(8000K)
[2024-04-09T00:10:25.571+0800][7656.209s] GC(645) Pause Young (Normal) (G1 Evacuation Pause) 371M->65M(512M) 2.188ms
[2024-04-09T00:10:25.571+0800][7656.210s] GC(645) User=0.00s Sys=0.00s Real=0.00s
[2024-04-09T00:10:26.741+0800][7657.380s] GC(646) Pause Young (Normal) (G1 Evacuation Pause)
[2024-04-09T00:10:26.741+0800][7657.381s] GC(646) Using 13 workers of 13 for evacuation
[2024-04-09T00:10:26.744+0800][7657.383s] GC(646)   Pre Evacuate Collection Set: 0.2ms
[2024-04-09T00:10:26.744+0800][7657.383s] GC(646)   Merge Heap Roots: 0.1ms
[2024-04-09T00:10:26.744+0800][7657.383s] GC(646)   Evacuate Collection Set: 1.4ms
[2024-04-09T00:10:26.744+0800][7657.383s] GC(646)   Post Evacuate Collection Set: 0.6ms
[2024-04-09T00:10:26.744+0800][7657.383s] GC(646)   Other: 0.1ms
[2024-04-09T00:10:26.744+0800][7657.383s] GC(646) Eden regions: 305->0(305)
[2024-04-09T00:10:26.744+0800][7657.383s] GC(646) Survivor regions: 2->2(39)
[2024-04-09T00:10:26.744+0800][7657.383s] GC(646) Old regions: 61->61
[2024-04-09T00:10:26.744+0800][7657.383s] GC(646) Humongous regions: 4->4
[2024-04-09T00:10:26.744+0800][7657.383s] GC(646) Metaspace: 68535K(69120K)->68535K(69120K) NonClass: 60830K(61120K)->60830K(61120K) Class: 7705K(8000K)->7705K(8000K)
[2024-04-09T00:10:26.744+0800][7657.383s] GC(646) Pause Young (Normal) (G1 Evacuation Pause) 370M->65M(512M) 2.582ms
[2024-04-09T00:10:26.744+0800][7657.383s] GC(646) User=0.20s Sys=0.00s Real=0.00s
[2024-04-09T00:10:27.950+0800][7658.589s] GC(647) Pause Young (Normal) (G1 Evacuation Pause)
[2024-04-09T00:10:27.950+0800][7658.589s] GC(647) Using 13 workers of 13 for evacuation
[2024-04-09T00:10:27.952+0800][7658.592s] GC(647)   Pre Evacuate Collection Set: 0.1ms
[2024-04-09T00:10:27.952+0800][7658.592s] GC(647)   Merge Heap Roots: 0.0ms
[2024-04-09T00:10:27.952+0800][7658.592s] GC(647)   Evacuate Collection Set: 1.6ms
[2024-04-09T00:10:27.952+0800][7658.592s] GC(647)   Post Evacuate Collection Set: 0.5ms
[2024-04-09T00:10:27.952+0800][7658.592s] GC(647)   Other: 0.1ms
[2024-04-09T00:10:27.952+0800][7658.592s] GC(647) Eden regions: 305->0(305)
[2024-04-09T00:10:27.952+0800][7658.592s] GC(647) Survivor regions: 2->2(39)
[2024-04-09T00:10:27.952+0800][7658.592s] GC(647) Old regions: 61->61
[2024-04-09T00:10:27.952+0800][7658.592s] GC(647) Humongous regions: 4->4
[2024-04-09T00:10:27.952+0800][7658.592s] GC(647) Metaspace: 68535K(69120K)->68535K(69120K) NonClass: 60830K(61120K)->60830K(61120K) Class: 7705K(8000K)->7705K(8000K)
[2024-04-09T00:10:27.952+0800][7658.592s] GC(647) Pause Young (Normal) (G1 Evacuation Pause) 370M->66M(512M) 2.499ms
[2024-04-09T00:10:27.952+0800][7658.592s] GC(647) User=0.00s Sys=0.00s Real=0.00s
[2024-04-09T00:10:29.122+0800][7659.761s] GC(648) Pause Young (Normal) (G1 Evacuation Pause)
[2024-04-09T00:10:29.122+0800][7659.761s] GC(648) Using 13 workers of 13 for evacuation
[2024-04-09T00:10:29.123+0800][7659.763s] GC(648)   Pre Evacuate Collection Set: 0.1ms
[2024-04-09T00:10:29.123+0800][7659.763s] GC(648)   Merge Heap Roots: 0.0ms
[2024-04-09T00:10:29.123+0800][7659.763s] GC(648)   Evacuate Collection Set: 1.4ms
[2024-04-09T00:10:29.123+0800][7659.763s] GC(648)   Post Evacuate Collection Set: 0.3ms
[2024-04-09T00:10:29.123+0800][7659.763s] GC(648)   Other: 0.1ms
[2024-04-09T00:10:29.123+0800][7659.763s] GC(648) Eden regions: 305->0(305)
[2024-04-09T00:10:29.124+0800][7659.763s] GC(648) Survivor regions: 2->2(39)
[2024-04-09T00:10:29.124+0800][7659.763s] GC(648) Old regions: 61->61
[2024-04-09T00:10:29.124+0800][7659.763s] GC(648) Humongous regions: 4->4
[2024-04-09T00:10:29.124+0800][7659.763s] GC(648) Metaspace: 68535K(69120K)->68535K(69120K) NonClass: 60830K(61120K)->60830K(61120K) Class: 7705K(8000K)->7705K(8000K)
[2024-04-09T00:10:29.124+0800][7659.763s] GC(648) Pause Young (Normal) (G1 Evacuation Pause) 371M->65M(512M) 2.051ms
[2024-04-09T00:10:29.124+0800][7659.763s] GC(648) User=0.00s Sys=0.00s Real=0.00s
[2024-04-09T00:10:30.312+0800][7660.951s] GC(649) Pause Young (Normal) (G1 Evacuation Pause)
[2024-04-09T00:10:30.312+0800][7660.952s] GC(649) Using 13 workers of 13 for evacuation
[2024-04-09T00:10:30.315+0800][7660.954s] GC(649)   Pre Evacuate Collection Set: 0.2ms
[2024-04-09T00:10:30.315+0800][7660.954s] GC(649)   Merge Heap Roots: 0.1ms
[2024-04-09T00:10:30.315+0800][7660.954s] GC(649)   Evacuate Collection Set: 1.6ms
[2024-04-09T00:10:30.315+0800][7660.954s] GC(649)   Post Evacuate Collection Set: 0.5ms
[2024-04-09T00:10:30.315+0800][7660.954s] GC(649)   Other: 0.1ms
[2024-04-09T00:10:30.315+0800][7660.954s] GC(649) Eden regions: 305->0(305)
[2024-04-09T00:10:30.315+0800][7660.954s] GC(649) Survivor regions: 2->2(39)
[2024-04-09T00:10:30.315+0800][7660.954s] GC(649) Old regions: 61->61
[2024-04-09T00:10:30.315+0800][7660.954s] GC(649) Humongous regions: 4->4
[2024-04-09T00:10:30.315+0800][7660.954s] GC(649) Metaspace: 68535K(69120K)->68535K(69120K) NonClass: 60830K(61120K)->60830K(61120K) Class: 7705K(8000K)->7705K(8000K)
[2024-04-09T00:10:30.315+0800][7660.954s] GC(649) Pause Young (Normal) (G1 Evacuation Pause) 370M->65M(512M) 2.736ms
[2024-04-09T00:10:30.315+0800][7660.954s] GC(649) User=0.00s Sys=0.00s Real=0.00s
[2024-04-09T00:10:31.548+0800][7662.188s] GC(650) Pause Young (Normal) (G1 Evacuation Pause)
[2024-04-09T00:10:31.549+0800][7662.188s] GC(650) Using 13 workers of 13 for evacuation
[2024-04-09T00:10:31.551+0800][7662.191s] GC(650)   Pre Evacuate Collection Set: 0.1ms
[2024-04-09T00:10:31.551+0800][7662.191s] GC(650)   Merge Heap Roots: 0.1ms
[2024-04-09T00:10:31.551+0800][7662.191s] GC(650)   Evacuate Collection Set: 1.7ms
[2024-04-09T00:10:31.551+0800][7662.191s] GC(650)   Post Evacuate Collection Set: 0.9ms
[2024-04-09T00:10:31.552+0800][7662.191s] GC(650)   Other: 0.1ms
[2024-04-09T00:10:31.552+0800][7662.191s] GC(650) Eden regions: 305->0(304)
[2024-04-09T00:10:31.552+0800][7662.191s] GC(650) Survivor regions: 2->3(39)
[2024-04-09T00:10:31.552+0800][7662.191s] GC(650) Old regions: 61->61
[2024-04-09T00:10:31.552+0800][7662.191s] GC(650) Humongous regions: 4->4
[2024-04-09T00:10:31.552+0800][7662.191s] GC(650) Metaspace: 68535K(69120K)->68535K(69120K) NonClass: 60830K(61120K)->60830K(61120K) Class: 7705K(8000K)->7705K(8000K)
[2024-04-09T00:10:31.552+0800][7662.191s] GC(650) Pause Young (Normal) (G1 Evacuation Pause) 370M->66M(512M) 3.135ms
[2024-04-09T00:10:31.552+0800][7662.191s] GC(650) User=0.00s Sys=0.00s Real=0.00s
[2024-04-09T00:10:32.860+0800][7663.499s] GC(651) Pause Young (Normal) (G1 Evacuation Pause)
[2024-04-09T00:10:32.860+0800][7663.500s] GC(651) Using 13 workers of 13 for evacuation
[2024-04-09T00:10:32.863+0800][7663.502s] GC(651)   Pre Evacuate Collection Set: 0.1ms
[2024-04-09T00:10:32.863+0800][7663.502s] GC(651)   Merge Heap Roots: 0.1ms
[2024-04-09T00:10:32.863+0800][7663.502s] GC(651)   Evacuate Collection Set: 1.8ms
[2024-04-09T00:10:32.863+0800][7663.502s] GC(651)   Post Evacuate Collection Set: 0.4ms
[2024-04-09T00:10:32.863+0800][7663.502s] GC(651)   Other: 0.1ms
[2024-04-09T00:10:32.863+0800][7663.502s] GC(651) Eden regions: 304->0(305)
[2024-04-09T00:10:32.863+0800][7663.502s] GC(651) Survivor regions: 3->2(39)
[2024-04-09T00:10:32.863+0800][7663.502s] GC(651) Old regions: 61->61
[2024-04-09T00:10:32.863+0800][7663.502s] GC(651) Humongous regions: 4->4
[2024-04-09T00:10:32.863+0800][7663.502s] GC(651) Metaspace: 68535K(69120K)->68535K(69120K) NonClass: 60830K(61120K)->60830K(61120K) Class: 7705K(8000K)->7705K(8000K)
[2024-04-09T00:10:32.863+0800][7663.502s] GC(651) Pause Young (Normal) (G1 Evacuation Pause) 370M->66M(512M) 2.692ms
[2024-04-09T00:10:32.863+0800][7663.502s] GC(651) User=0.00s Sys=0.00s Real=0.00s
[2024-04-09T00:10:34.192+0800][7664.831s] GC(652) Pause Young (Normal) (G1 Evacuation Pause)
[2024-04-09T00:10:34.192+0800][7664.831s] GC(652) Using 13 workers of 13 for evacuation
[2024-04-09T00:10:34.195+0800][7664.835s] GC(652)   Pre Evacuate Collection Set: 0.1ms
[2024-04-09T00:10:34.196+0800][7664.835s] GC(652)   Merge Heap Roots: 0.1ms
[2024-04-09T00:10:34.196+0800][7664.835s] GC(652)   Evacuate Collection Set: 2.6ms
[2024-04-09T00:10:34.196+0800][7664.835s] GC(652)   Post Evacuate Collection Set: 0.5ms
[2024-04-09T00:10:34.196+0800][7664.835s] GC(652)   Other: 0.1ms
[2024-04-09T00:10:34.196+0800][7664.835s] GC(652) Eden regions: 305->0(305)
[2024-04-09T00:10:34.196+0800][7664.835s] GC(652) Survivor regions: 2->2(39)
[2024-04-09T00:10:34.196+0800][7664.835s] GC(652) Old regions: 61->61
[2024-04-09T00:10:34.196+0800][7664.835s] GC(652) Humongous regions: 4->4
[2024-04-09T00:10:34.196+0800][7664.835s] GC(652) Metaspace: 68535K(69120K)->68535K(69120K) NonClass: 60830K(61120K)->60830K(61120K) Class: 7705K(8000K)->7705K(8000K)
[2024-04-09T00:10:34.196+0800][7664.835s] GC(652) Pause Young (Normal) (G1 Evacuation Pause) 371M->65M(512M) 3.796ms
[2024-04-09T00:10:34.196+0800][7664.835s] GC(652) User=0.00s Sys=0.00s Real=0.00s
[2024-04-09T00:10:35.530+0800][7666.170s] GC(653) Pause Young (Normal) (G1 Evacuation Pause)
[2024-04-09T00:10:35.530+0800][7666.170s] GC(653) Using 13 workers of 13 for evacuation
[2024-04-09T00:10:35.533+0800][7666.172s] GC(653)   Pre Evacuate Collection Set: 0.1ms
[2024-04-09T00:10:35.533+0800][7666.172s] GC(653)   Merge Heap Roots: 0.1ms
[2024-04-09T00:10:35.533+0800][7666.173s] GC(653)   Evacuate Collection Set: 2.1ms
[2024-04-09T00:10:35.533+0800][7666.173s] GC(653)   Post Evacuate Collection Set: 0.4ms
[2024-04-09T00:10:35.533+0800][7666.173s] GC(653)   Other: 0.1ms
[2024-04-09T00:10:35.533+0800][7666.173s] GC(653) Eden regions: 305->0(305)
[2024-04-09T00:10:35.533+0800][7666.173s] GC(653) Survivor regions: 2->2(39)
[2024-04-09T00:10:35.533+0800][7666.173s] GC(653) Old regions: 61->61
[2024-04-09T00:10:35.533+0800][7666.173s] GC(653) Humongous regions: 4->4
[2024-04-09T00:10:35.533+0800][7666.173s] GC(653) Metaspace: 68535K(69120K)->68535K(69120K) NonClass: 60830K(61120K)->60830K(61120K) Class: 7705K(8000K)->7705K(8000K)
[2024-04-09T00:10:35.533+0800][7666.173s] GC(653) Pause Young (Normal) (G1 Evacuation Pause) 370M->66M(512M) 2.957ms
[2024-04-09T00:10:35.533+0800][7666.173s] GC(653) User=0.00s Sys=0.00s Real=0.00s
[2024-04-09T00:10:36.883+0800][7667.523s] GC(654) Pause Young (Normal) (G1 Evacuation Pause)
[2024-04-09T00:10:36.884+0800][7667.523s] GC(654) Using 13 workers of 13 for evacuation
[2024-04-09T00:10:36.886+0800][7667.525s] GC(654)   Pre Evacuate Collection Set: 0.2ms
[2024-04-09T00:10:36.886+0800][7667.525s] GC(654)   Merge Heap Roots: 0.1ms
[2024-04-09T00:10:36.886+0800][7667.525s] GC(654)   Evacuate Collection Set: 1.0ms
[2024-04-09T00:10:36.886+0800][7667.525s] GC(654)   Post Evacuate Collection Set: 0.7ms
[2024-04-09T00:10:36.886+0800][7667.525s] GC(654)   Other: 0.2ms
[2024-04-09T00:10:36.886+0800][7667.525s] GC(654) Eden regions: 305->0(305)
[2024-04-09T00:10:36.886+0800][7667.525s] GC(654) Survivor regions: 2->2(39)
[2024-04-09T00:10:36.886+0800][7667.525s] GC(654) Old regions: 61->61
[2024-04-09T00:10:36.886+0800][7667.525s] GC(654) Humongous regions: 4->4
[2024-04-09T00:10:36.886+0800][7667.525s] GC(654) Metaspace: 68535K(69120K)->68535K(69120K) NonClass: 60830K(61120K)->60830K(61120K) Class: 7705K(8000K)->7705K(8000K)
[2024-04-09T00:10:36.886+0800][7667.525s] GC(654) Pause Young (Normal) (G1 Evacuation Pause) 371M->65M(512M) 2.609ms
[2024-04-09T00:10:36.886+0800][7667.525s] GC(654) User=0.12s Sys=0.00s Real=0.00s
[2024-04-09T00:10:38.107+0800][7668.746s] GC(655) Pause Young (Normal) (G1 Evacuation Pause)
[2024-04-09T00:10:38.107+0800][7668.746s] GC(655) Using 13 workers of 13 for evacuation
[2024-04-09T00:10:38.109+0800][7668.749s] GC(655)   Pre Evacuate Collection Set: 0.2ms
[2024-04-09T00:10:38.109+0800][7668.749s] GC(655)   Merge Heap Roots: 0.1ms
[2024-04-09T00:10:38.109+0800][7668.749s] GC(655)   Evacuate Collection Set: 1.6ms
[2024-04-09T00:10:38.109+0800][7668.749s] GC(655)   Post Evacuate Collection Set: 0.5ms
[2024-04-09T00:10:38.109+0800][7668.749s] GC(655)   Other: 0.1ms
[2024-04-09T00:10:38.109+0800][7668.749s] GC(655) Eden regions: 305->0(304)
[2024-04-09T00:10:38.109+0800][7668.749s] GC(655) Survivor regions: 2->3(39)
[2024-04-09T00:10:38.109+0800][7668.749s] GC(655) Old regions: 61->61
[2024-04-09T00:10:38.109+0800][7668.749s] GC(655) Humongous regions: 4->4
[2024-04-09T00:10:38.109+0800][7668.749s] GC(655) Metaspace: 68535K(69120K)->68535K(69120K) NonClass: 60830K(61120K)->60830K(61120K) Class: 7705K(8000K)->7705K(8000K)
[2024-04-09T00:10:38.109+0800][7668.749s] GC(655) Pause Young (Normal) (G1 Evacuation Pause) 370M->66M(512M) 2.646ms
[2024-04-09T00:10:38.109+0800][7668.749s] GC(655) User=0.00s Sys=0.00s Real=0.00s
[2024-04-09T00:10:39.303+0800][7669.943s] GC(656) Pause Young (Normal) (G1 Evacuation Pause)
[2024-04-09T00:10:39.303+0800][7669.943s] GC(656) Using 13 workers of 13 for evacuation
[2024-04-09T00:10:39.305+0800][7669.945s] GC(656)   Pre Evacuate Collection Set: 0.2ms
[2024-04-09T00:10:39.306+0800][7669.945s] GC(656)   Merge Heap Roots: 0.1ms
[2024-04-09T00:10:39.306+0800][7669.945s] GC(656)   Evacuate Collection Set: 1.3ms
[2024-04-09T00:10:39.306+0800][7669.945s] GC(656)   Post Evacuate Collection Set: 0.4ms
[2024-04-09T00:10:39.306+0800][7669.945s] GC(656)   Other: 0.1ms
[2024-04-09T00:10:39.306+0800][7669.945s] GC(656) Eden regions: 304->0(305)
[2024-04-09T00:10:39.306+0800][7669.945s] GC(656) Survivor regions: 3->2(39)
[2024-04-09T00:10:39.306+0800][7669.945s] GC(656) Old regions: 61->61
[2024-04-09T00:10:39.306+0800][7669.945s] GC(656) Humongous regions: 4->4
[2024-04-09T00:10:39.306+0800][7669.945s] GC(656) Metaspace: 68535K(69120K)->68535K(69120K) NonClass: 60830K(61120K)->60830K(61120K) Class: 7705K(8000K)->7705K(8000K)
[2024-04-09T00:10:39.306+0800][7669.945s] GC(656) Pause Young (Normal) (G1 Evacuation Pause) 370M->65M(512M) 2.229ms
[2024-04-09T00:10:39.306+0800][7669.945s] GC(656) User=0.00s Sys=0.02s Real=0.00s
[2024-04-09T00:10:40.682+0800][7671.321s] GC(657) Pause Young (Normal) (G1 Evacuation Pause)
[2024-04-09T00:10:40.682+0800][7671.321s] GC(657) Using 13 workers of 13 for evacuation
[2024-04-09T00:10:40.684+0800][7671.323s] GC(657)   Pre Evacuate Collection Set: 0.1ms
[2024-04-09T00:10:40.684+0800][7671.323s] GC(657)   Merge Heap Roots: 0.1ms
[2024-04-09T00:10:40.684+0800][7671.323s] GC(657)   Evacuate Collection Set: 1.5ms
[2024-04-09T00:10:40.684+0800][7671.323s] GC(657)   Post Evacuate Collection Set: 0.5ms
[2024-04-09T00:10:40.684+0800][7671.323s] GC(657)   Other: 0.1ms
[2024-04-09T00:10:40.684+0800][7671.324s] GC(657) Eden regions: 305->0(305)
[2024-04-09T00:10:40.684+0800][7671.324s] GC(657) Survivor regions: 2->2(39)
[2024-04-09T00:10:40.685+0800][7671.324s] GC(657) Old regions: 61->61
[2024-04-09T00:10:40.685+0800][7671.324s] GC(657) Humongous regions: 4->4
[2024-04-09T00:10:40.685+0800][7671.324s] GC(657) Metaspace: 68535K(69120K)->68535K(69120K) NonClass: 60830K(61120K)->60830K(61120K) Class: 7705K(8000K)->7705K(8000K)
[2024-04-09T00:10:40.685+0800][7671.324s] GC(657) Pause Young (Normal) (G1 Evacuation Pause) 370M->66M(512M) 2.668ms
[2024-04-09T00:10:40.685+0800][7671.324s] GC(657) User=0.00s Sys=0.00s Real=0.00s
[2024-04-09T00:10:42.059+0800][7672.698s] GC(658) Pause Young (Normal) (G1 Evacuation Pause)
[2024-04-09T00:10:42.059+0800][7672.698s] GC(658) Using 13 workers of 13 for evacuation
[2024-04-09T00:10:42.061+0800][7672.700s] GC(658)   Pre Evacuate Collection Set: 0.1ms
[2024-04-09T00:10:42.061+0800][7672.700s] GC(658)   Merge Heap Roots: 0.1ms
[2024-04-09T00:10:42.061+0800][7672.700s] GC(658)   Evacuate Collection Set: 1.3ms
[2024-04-09T00:10:42.061+0800][7672.700s] GC(658)   Post Evacuate Collection Set: 0.5ms
[2024-04-09T00:10:42.061+0800][7672.700s] GC(658)   Other: 0.1ms
[2024-04-09T00:10:42.061+0800][7672.700s] GC(658) Eden regions: 305->0(305)
[2024-04-09T00:10:42.061+0800][7672.701s] GC(658) Survivor regions: 2->2(39)
[2024-04-09T00:10:42.061+0800][7672.701s] GC(658) Old regions: 61->61
[2024-04-09T00:10:42.062+0800][7672.701s] GC(658) Humongous regions: 4->4
[2024-04-09T00:10:42.062+0800][7672.701s] GC(658) Metaspace: 68535K(69120K)->68535K(69120K) NonClass: 60830K(61120K)->60830K(61120K) Class: 7705K(8000K)->7705K(8000K)
[2024-04-09T00:10:42.062+0800][7672.701s] GC(658) Pause Young (Normal) (G1 Evacuation Pause) 371M->66M(512M) 2.303ms
[2024-04-09T00:10:42.062+0800][7672.701s] GC(658) User=0.00s Sys=0.00s Real=0.00s
[2024-04-09T00:10:43.546+0800][7674.186s] GC(659) Pause Young (Normal) (G1 Evacuation Pause)
[2024-04-09T00:10:43.546+0800][7674.186s] GC(659) Using 13 workers of 13 for evacuation
[2024-04-09T00:10:43.552+0800][7674.192s] GC(659)   Pre Evacuate Collection Set: 0.4ms
[2024-04-09T00:10:43.552+0800][7674.192s] GC(659)   Merge Heap Roots: 0.1ms
[2024-04-09T00:10:43.552+0800][7674.192s] GC(659)   Evacuate Collection Set: 4.7ms
[2024-04-09T00:10:43.552+0800][7674.192s] GC(659)   Post Evacuate Collection Set: 0.6ms
[2024-04-09T00:10:43.552+0800][7674.192s] GC(659)   Other: 0.2ms
[2024-04-09T00:10:43.552+0800][7674.192s] GC(659) Eden regions: 305->0(305)
[2024-04-09T00:10:43.552+0800][7674.192s] GC(659) Survivor regions: 2->2(39)
[2024-04-09T00:10:43.552+0800][7674.192s] GC(659) Old regions: 61->61
[2024-04-09T00:10:43.552+0800][7674.192s] GC(659) Humongous regions: 4->4
[2024-04-09T00:10:43.552+0800][7674.192s] GC(659) Metaspace: 68535K(69120K)->68535K(69120K) NonClass: 60830K(61120K)->60830K(61120K) Class: 7705K(8000K)->7705K(8000K)
[2024-04-09T00:10:43.553+0800][7674.192s] GC(659) Pause Young (Normal) (G1 Evacuation Pause) 371M->66M(512M) 6.358ms
[2024-04-09T00:10:43.553+0800][7674.192s] GC(659) User=0.00s Sys=0.00s Real=0.01s
[2024-04-09T00:10:45.099+0800][7675.739s] GC(660) Pause Young (Normal) (G1 Evacuation Pause)
[2024-04-09T00:10:45.099+0800][7675.739s] GC(660) Using 13 workers of 13 for evacuation
[2024-04-09T00:10:45.102+0800][7675.741s] GC(660)   Pre Evacuate Collection Set: 0.1ms
[2024-04-09T00:10:45.102+0800][7675.741s] GC(660)   Merge Heap Roots: 0.1ms
[2024-04-09T00:10:45.102+0800][7675.741s] GC(660)   Evacuate Collection Set: 1.4ms
[2024-04-09T00:10:45.102+0800][7675.741s] GC(660)   Post Evacuate Collection Set: 0.4ms
[2024-04-09T00:10:45.102+0800][7675.741s] GC(660)   Other: 0.1ms
[2024-04-09T00:10:45.102+0800][7675.741s] GC(660) Eden regions: 305->0(305)
[2024-04-09T00:10:45.102+0800][7675.741s] GC(660) Survivor regions: 2->2(39)
[2024-04-09T00:10:45.102+0800][7675.741s] GC(660) Old regions: 61->61
[2024-04-09T00:10:45.102+0800][7675.741s] GC(660) Humongous regions: 4->4
[2024-04-09T00:10:45.102+0800][7675.741s] GC(660) Metaspace: 68535K(69120K)->68535K(69120K) NonClass: 60830K(61120K)->60830K(61120K) Class: 7705K(8000K)->7705K(8000K)
[2024-04-09T00:10:45.102+0800][7675.741s] GC(660) Pause Young (Normal) (G1 Evacuation Pause) 371M->66M(512M) 2.406ms
[2024-04-09T00:10:45.102+0800][7675.741s] GC(660) User=0.00s Sys=0.00s Real=0.00s
[2024-04-09T00:10:46.313+0800][7676.952s] GC(661) Pause Young (Normal) (G1 Evacuation Pause)
[2024-04-09T00:10:46.313+0800][7676.952s] GC(661) Using 13 workers of 13 for evacuation
[2024-04-09T00:10:46.317+0800][7676.957s] GC(661)   Pre Evacuate Collection Set: 0.2ms
[2024-04-09T00:10:46.317+0800][7676.957s] GC(661)   Merge Heap Roots: 0.1ms
[2024-04-09T00:10:46.317+0800][7676.957s] GC(661)   Evacuate Collection Set: 3.3ms
[2024-04-09T00:10:46.317+0800][7676.957s] GC(661)   Post Evacuate Collection Set: 0.8ms
[2024-04-09T00:10:46.317+0800][7676.957s] GC(661)   Other: 0.1ms
[2024-04-09T00:10:46.317+0800][7676.957s] GC(661) Eden regions: 305->0(305)
[2024-04-09T00:10:46.317+0800][7676.957s] GC(661) Survivor regions: 2->2(39)
[2024-04-09T00:10:46.317+0800][7676.957s] GC(661) Old regions: 61->61
[2024-04-09T00:10:46.317+0800][7676.957s] GC(661) Humongous regions: 4->4
[2024-04-09T00:10:46.317+0800][7676.957s] GC(661) Metaspace: 68535K(69120K)->68535K(69120K) NonClass: 60830K(61120K)->60830K(61120K) Class: 7705K(8000K)->7705K(8000K)
[2024-04-09T00:10:46.318+0800][7676.957s] GC(661) Pause Young (Normal) (G1 Evacuation Pause) 371M->66M(512M) 4.623ms
[2024-04-09T00:10:46.318+0800][7676.957s] GC(661) User=0.00s Sys=0.00s Real=0.01s
[2024-04-09T00:10:47.559+0800][7678.198s] GC(662) Pause Young (Normal) (G1 Evacuation Pause)
[2024-04-09T00:10:47.559+0800][7678.198s] GC(662) Using 13 workers of 13 for evacuation
[2024-04-09T00:10:47.561+0800][7678.200s] GC(662)   Pre Evacuate Collection Set: 0.1ms
[2024-04-09T00:10:47.561+0800][7678.200s] GC(662)   Merge Heap Roots: 0.0ms
[2024-04-09T00:10:47.561+0800][7678.200s] GC(662)   Evacuate Collection Set: 1.1ms
[2024-04-09T00:10:47.561+0800][7678.200s] GC(662)   Post Evacuate Collection Set: 0.3ms
[2024-04-09T00:10:47.561+0800][7678.200s] GC(662)   Other: 0.1ms
[2024-04-09T00:10:47.561+0800][7678.200s] GC(662) Eden regions: 305->0(304)
[2024-04-09T00:10:47.561+0800][7678.200s] GC(662) Survivor regions: 2->3(39)
[2024-04-09T00:10:47.561+0800][7678.200s] GC(662) Old regions: 61->61
[2024-04-09T00:10:47.561+0800][7678.200s] GC(662) Humongous regions: 4->4
[2024-04-09T00:10:47.561+0800][7678.200s] GC(662) Metaspace: 68537K(69120K)->68537K(69120K) NonClass: 60832K(61120K)->60832K(61120K) Class: 7705K(8000K)->7705K(8000K)
[2024-04-09T00:10:47.561+0800][7678.200s] GC(662) Pause Young (Normal) (G1 Evacuation Pause) 371M->66M(512M) 1.780ms
[2024-04-09T00:10:47.561+0800][7678.200s] GC(662) User=0.00s Sys=0.00s Real=0.00s
[2024-04-09T00:10:48.829+0800][7679.469s] GC(663) Pause Young (Normal) (G1 Evacuation Pause)
[2024-04-09T00:10:48.830+0800][7679.469s] GC(663) Using 13 workers of 13 for evacuation
[2024-04-09T00:10:48.832+0800][7679.471s] GC(663)   Pre Evacuate Collection Set: 0.2ms
[2024-04-09T00:10:48.832+0800][7679.471s] GC(663)   Merge Heap Roots: 0.1ms
[2024-04-09T00:10:48.832+0800][7679.471s] GC(663)   Evacuate Collection Set: 1.4ms
[2024-04-09T00:10:48.832+0800][7679.471s] GC(663)   Post Evacuate Collection Set: 0.3ms
[2024-04-09T00:10:48.832+0800][7679.471s] GC(663)   Other: 0.1ms
[2024-04-09T00:10:48.832+0800][7679.471s] GC(663) Eden regions: 304->0(305)
[2024-04-09T00:10:48.832+0800][7679.471s] GC(663) Survivor regions: 3->2(39)
[2024-04-09T00:10:48.832+0800][7679.471s] GC(663) Old regions: 61->61
[2024-04-09T00:10:48.832+0800][7679.471s] GC(663) Humongous regions: 4->4
[2024-04-09T00:10:48.832+0800][7679.471s] GC(663) Metaspace: 68537K(69120K)->68537K(69120K) NonClass: 60832K(61120K)->60832K(61120K) Class: 7705K(8000K)->7705K(8000K)
[2024-04-09T00:10:48.832+0800][7679.471s] GC(663) Pause Young (Normal) (G1 Evacuation Pause) 370M->66M(512M) 2.362ms
[2024-04-09T00:10:48.832+0800][7679.471s] GC(663) User=0.00s Sys=0.00s Real=0.00s
[2024-04-09T00:10:50.337+0800][7680.977s] GC(664) Pause Young (Normal) (G1 Evacuation Pause)
[2024-04-09T00:10:50.337+0800][7680.977s] GC(664) Using 13 workers of 13 for evacuation
[2024-04-09T00:10:50.341+0800][7680.980s] GC(664)   Pre Evacuate Collection Set: 0.1ms
[2024-04-09T00:10:50.341+0800][7680.980s] GC(664)   Merge Heap Roots: 0.1ms
[2024-04-09T00:10:50.341+0800][7680.981s] GC(664)   Evacuate Collection Set: 3.0ms
[2024-04-09T00:10:50.341+0800][7680.981s] GC(664)   Post Evacuate Collection Set: 0.5ms
[2024-04-09T00:10:50.341+0800][7680.981s] GC(664)   Other: 0.1ms
[2024-04-09T00:10:50.341+0800][7680.981s] GC(664) Eden regions: 305->0(305)
[2024-04-09T00:10:50.341+0800][7680.981s] GC(664) Survivor regions: 2->2(39)
[2024-04-09T00:10:50.341+0800][7680.981s] GC(664) Old regions: 61->61
[2024-04-09T00:10:50.341+0800][7680.981s] GC(664) Humongous regions: 4->4
[2024-04-09T00:10:50.341+0800][7680.981s] GC(664) Metaspace: 68537K(69120K)->68537K(69120K) NonClass: 60832K(61120K)->60832K(61120K) Class: 7705K(8000K)->7705K(8000K)
[2024-04-09T00:10:50.341+0800][7680.981s] GC(664) Pause Young (Normal) (G1 Evacuation Pause) 371M->66M(512M) 4.039ms
[2024-04-09T00:10:50.341+0800][7680.981s] GC(664) User=0.02s Sys=0.00s Real=0.00s
[2024-04-09T00:10:51.558+0800][7682.197s] GC(665) Pause Young (Normal) (G1 Evacuation Pause)
[2024-04-09T00:10:51.558+0800][7682.197s] GC(665) Using 13 workers of 13 for evacuation
[2024-04-09T00:10:51.560+0800][7682.199s] GC(665)   Pre Evacuate Collection Set: 0.1ms
[2024-04-09T00:10:51.560+0800][7682.199s] GC(665)   Merge Heap Roots: 0.1ms
[2024-04-09T00:10:51.560+0800][7682.199s] GC(665)   Evacuate Collection Set: 1.3ms
[2024-04-09T00:10:51.560+0800][7682.199s] GC(665)   Post Evacuate Collection Set: 0.3ms
[2024-04-09T00:10:51.560+0800][7682.199s] GC(665)   Other: 0.1ms
[2024-04-09T00:10:51.560+0800][7682.199s] GC(665) Eden regions: 305->0(305)
[2024-04-09T00:10:51.560+0800][7682.199s] GC(665) Survivor regions: 2->2(39)
[2024-04-09T00:10:51.560+0800][7682.199s] GC(665) Old regions: 61->61
[2024-04-09T00:10:51.560+0800][7682.199s] GC(665) Humongous regions: 4->4
[2024-04-09T00:10:51.560+0800][7682.199s] GC(665) Metaspace: 68537K(69120K)->68537K(69120K) NonClass: 60832K(61120K)->60832K(61120K) Class: 7705K(8000K)->7705K(8000K)
[2024-04-09T00:10:51.560+0800][7682.199s] GC(665) Pause Young (Normal) (G1 Evacuation Pause) 371M->66M(512M) 1.987ms
[2024-04-09T00:10:51.560+0800][7682.199s] GC(665) User=0.00s Sys=0.00s Real=0.00s
[2024-04-09T00:10:52.806+0800][7683.445s] GC(666) Pause Young (Normal) (G1 Evacuation Pause)
[2024-04-09T00:10:52.806+0800][7683.445s] GC(666) Using 13 workers of 13 for evacuation
[2024-04-09T00:10:52.809+0800][7683.447s] GC(666)   Pre Evacuate Collection Set: 0.2ms
[2024-04-09T00:10:52.809+0800][7683.448s] GC(666)   Merge Heap Roots: 0.1ms
[2024-04-09T00:10:52.809+0800][7683.448s] GC(666)   Evacuate Collection Set: 1.4ms
[2024-04-09T00:10:52.809+0800][7683.448s] GC(666)   Post Evacuate Collection Set: 0.4ms
[2024-04-09T00:10:52.809+0800][7683.448s] GC(666)   Other: 0.1ms
[2024-04-09T00:10:52.809+0800][7683.448s] GC(666) Eden regions: 305->0(304)
[2024-04-09T00:10:52.809+0800][7683.448s] GC(666) Survivor regions: 2->3(39)
[2024-04-09T00:10:52.809+0800][7683.448s] GC(666) Old regions: 61->61
[2024-04-09T00:10:52.809+0800][7683.448s] GC(666) Humongous regions: 4->4
[2024-04-09T00:10:52.809+0800][7683.448s] GC(666) Metaspace: 68537K(69120K)->68537K(69120K) NonClass: 60832K(61120K)->60832K(61120K) Class: 7705K(8000K)->7705K(8000K)
[2024-04-09T00:10:52.809+0800][7683.448s] GC(666) Pause Young (Normal) (G1 Evacuation Pause) 371M->66M(512M) 2.472ms
[2024-04-09T00:10:52.809+0800][7683.448s] GC(666) User=0.16s Sys=0.00s Real=0.00s
[2024-04-09T00:10:54.024+0800][7684.663s] GC(667) Pause Young (Normal) (G1 Evacuation Pause)
[2024-04-09T00:10:54.024+0800][7684.663s] GC(667) Using 13 workers of 13 for evacuation
[2024-04-09T00:10:54.026+0800][7684.665s] GC(667)   Pre Evacuate Collection Set: 0.1ms
[2024-04-09T00:10:54.026+0800][7684.665s] GC(667)   Merge Heap Roots: 0.1ms
[2024-04-09T00:10:54.026+0800][7684.665s] GC(667)   Evacuate Collection Set: 1.4ms
[2024-04-09T00:10:54.027+0800][7684.665s] GC(667)   Post Evacuate Collection Set: 0.4ms
[2024-04-09T00:10:54.027+0800][7684.665s] GC(667)   Other: 0.1ms
[2024-04-09T00:10:54.027+0800][7684.665s] GC(667) Eden regions: 304->0(305)
[2024-04-09T00:10:54.027+0800][7684.665s] GC(667) Survivor regions: 3->2(39)
[2024-04-09T00:10:54.027+0800][7684.665s] GC(667) Old regions: 61->61
[2024-04-09T00:10:54.027+0800][7684.665s] GC(667) Humongous regions: 4->4
[2024-04-09T00:10:54.027+0800][7684.665s] GC(667) Metaspace: 68537K(69120K)->68537K(69120K) NonClass: 60832K(61120K)->60832K(61120K) Class: 7705K(8000K)->7705K(8000K)
[2024-04-09T00:10:54.027+0800][7684.665s] GC(667) Pause Young (Normal) (G1 Evacuation Pause) 370M->66M(512M) 2.441ms
[2024-04-09T00:10:54.027+0800][7684.666s] GC(667) User=0.03s Sys=0.00s Real=0.00s
[2024-04-09T00:10:55.254+0800][7685.893s] GC(668) Pause Young (Normal) (G1 Evacuation Pause)
[2024-04-09T00:10:55.254+0800][7685.893s] GC(668) Using 13 workers of 13 for evacuation
[2024-04-09T00:10:55.257+0800][7685.895s] GC(668)   Pre Evacuate Collection Set: 0.1ms
[2024-04-09T00:10:55.257+0800][7685.895s] GC(668)   Merge Heap Roots: 0.1ms
[2024-04-09T00:10:55.257+0800][7685.895s] GC(668)   Evacuate Collection Set: 1.5ms
[2024-04-09T00:10:55.257+0800][7685.895s] GC(668)   Post Evacuate Collection Set: 0.4ms
[2024-04-09T00:10:55.257+0800][7685.895s] GC(668)   Other: 0.1ms
[2024-04-09T00:10:55.257+0800][7685.895s] GC(668) Eden regions: 305->0(305)
[2024-04-09T00:10:55.257+0800][7685.896s] GC(668) Survivor regions: 2->2(39)
[2024-04-09T00:10:55.257+0800][7685.896s] GC(668) Old regions: 61->61
[2024-04-09T00:10:55.257+0800][7685.896s] GC(668) Humongous regions: 4->4
[2024-04-09T00:10:55.257+0800][7685.896s] GC(668) Metaspace: 68537K(69120K)->68537K(69120K) NonClass: 60832K(61120K)->60832K(61120K) Class: 7705K(8000K)->7705K(8000K)
[2024-04-09T00:10:55.257+0800][7685.896s] GC(668) Pause Young (Normal) (G1 Evacuation Pause) 371M->66M(512M) 2.583ms
[2024-04-09T00:10:55.257+0800][7685.896s] GC(668) User=0.00s Sys=0.00s Real=0.00s
[2024-04-09T00:10:56.489+0800][7687.127s] GC(669) Pause Young (Normal) (G1 Evacuation Pause)
[2024-04-09T00:10:56.489+0800][7687.127s] GC(669) Using 13 workers of 13 for evacuation
[2024-04-09T00:10:56.491+0800][7687.130s] GC(669)   Pre Evacuate Collection Set: 0.2ms
[2024-04-09T00:10:56.491+0800][7687.130s] GC(669)   Merge Heap Roots: 0.1ms
[2024-04-09T00:10:56.491+0800][7687.130s] GC(669)   Evacuate Collection Set: 1.7ms
[2024-04-09T00:10:56.491+0800][7687.130s] GC(669)   Post Evacuate Collection Set: 0.5ms
[2024-04-09T00:10:56.491+0800][7687.130s] GC(669)   Other: 0.1ms
[2024-04-09T00:10:56.491+0800][7687.130s] GC(669) Eden regions: 305->0(305)
[2024-04-09T00:10:56.491+0800][7687.130s] GC(669) Survivor regions: 2->2(39)
[2024-04-09T00:10:56.491+0800][7687.130s] GC(669) Old regions: 61->61
[2024-04-09T00:10:56.491+0800][7687.130s] GC(669) Humongous regions: 4->4
[2024-04-09T00:10:56.491+0800][7687.130s] GC(669) Metaspace: 68537K(69120K)->68537K(69120K) NonClass: 60832K(61120K)->60832K(61120K) Class: 7705K(8000K)->7705K(8000K)
[2024-04-09T00:10:56.491+0800][7687.130s] GC(669) Pause Young (Normal) (G1 Evacuation Pause) 371M->66M(512M) 2.766ms
[2024-04-09T00:10:56.491+0800][7687.130s] GC(669) User=0.00s Sys=0.00s Real=0.00s
[2024-04-09T00:10:57.728+0800][7688.366s] GC(670) Pause Young (Normal) (G1 Evacuation Pause)
[2024-04-09T00:10:57.728+0800][7688.367s] GC(670) Using 13 workers of 13 for evacuation
[2024-04-09T00:10:57.730+0800][7688.369s] GC(670)   Pre Evacuate Collection Set: 0.1ms
[2024-04-09T00:10:57.730+0800][7688.369s] GC(670)   Merge Heap Roots: 0.1ms
[2024-04-09T00:10:57.730+0800][7688.369s] GC(670)   Evacuate Collection Set: 1.4ms
[2024-04-09T00:10:57.730+0800][7688.369s] GC(670)   Post Evacuate Collection Set: 0.5ms
[2024-04-09T00:10:57.730+0800][7688.369s] GC(670)   Other: 0.1ms
[2024-04-09T00:10:57.730+0800][7688.369s] GC(670) Eden regions: 305->0(305)
[2024-04-09T00:10:57.730+0800][7688.369s] GC(670) Survivor regions: 2->2(39)
[2024-04-09T00:10:57.730+0800][7688.369s] GC(670) Old regions: 61->61
[2024-04-09T00:10:57.730+0800][7688.369s] GC(670) Humongous regions: 4->4
[2024-04-09T00:10:57.730+0800][7688.369s] GC(670) Metaspace: 68537K(69120K)->68537K(69120K) NonClass: 60832K(61120K)->60832K(61120K) Class: 7705K(8000K)->7705K(8000K)
[2024-04-09T00:10:57.730+0800][7688.369s] GC(670) Pause Young (Normal) (G1 Evacuation Pause) 371M->66M(512M) 2.494ms
[2024-04-09T00:10:57.730+0800][7688.369s] GC(670) User=0.20s Sys=0.00s Real=0.00s
[2024-04-09T00:10:58.922+0800][7689.561s] GC(671) Pause Young (Normal) (G1 Evacuation Pause)
[2024-04-09T00:10:58.922+0800][7689.561s] GC(671) Using 13 workers of 13 for evacuation
[2024-04-09T00:10:58.925+0800][7689.564s] GC(671)   Pre Evacuate Collection Set: 0.1ms
[2024-04-09T00:10:58.925+0800][7689.564s] GC(671)   Merge Heap Roots: 0.1ms
[2024-04-09T00:10:58.925+0800][7689.564s] GC(671)   Evacuate Collection Set: 1.5ms
[2024-04-09T00:10:58.925+0800][7689.564s] GC(671)   Post Evacuate Collection Set: 0.4ms
[2024-04-09T00:10:58.925+0800][7689.564s] GC(671)   Other: 0.1ms
[2024-04-09T00:10:58.925+0800][7689.564s] GC(671) Eden regions: 305->0(305)
[2024-04-09T00:10:58.925+0800][7689.564s] GC(671) Survivor regions: 2->2(39)
[2024-04-09T00:10:58.925+0800][7689.564s] GC(671) Old regions: 61->61
[2024-04-09T00:10:58.925+0800][7689.564s] GC(671) Humongous regions: 4->4
[2024-04-09T00:10:58.925+0800][7689.564s] GC(671) Metaspace: 68537K(69120K)->68537K(69120K) NonClass: 60832K(61120K)->60832K(61120K) Class: 7705K(8000K)->7705K(8000K)
[2024-04-09T00:10:58.925+0800][7689.564s] GC(671) Pause Young (Normal) (G1 Evacuation Pause) 371M->66M(512M) 2.474ms
[2024-04-09T00:10:58.925+0800][7689.564s] GC(671) User=0.00s Sys=0.00s Real=0.00s
[2024-04-09T00:11:00.117+0800][7690.756s] GC(672) Pause Young (Normal) (G1 Evacuation Pause)
[2024-04-09T00:11:00.117+0800][7690.756s] GC(672) Using 13 workers of 13 for evacuation
[2024-04-09T00:11:00.119+0800][7690.758s] GC(672)   Pre Evacuate Collection Set: 0.1ms
[2024-04-09T00:11:00.119+0800][7690.758s] GC(672)   Merge Heap Roots: 0.1ms
[2024-04-09T00:11:00.119+0800][7690.758s] GC(672)   Evacuate Collection Set: 1.6ms
[2024-04-09T00:11:00.119+0800][7690.758s] GC(672)   Post Evacuate Collection Set: 0.3ms
[2024-04-09T00:11:00.119+0800][7690.758s] GC(672)   Other: 0.1ms
[2024-04-09T00:11:00.119+0800][7690.758s] GC(672) Eden regions: 305->0(304)
[2024-04-09T00:11:00.119+0800][7690.758s] GC(672) Survivor regions: 2->3(39)
[2024-04-09T00:11:00.119+0800][7690.759s] GC(672) Old regions: 61->61
[2024-04-09T00:11:00.119+0800][7690.759s] GC(672) Humongous regions: 4->4
[2024-04-09T00:11:00.119+0800][7690.759s] GC(672) Metaspace: 68537K(69120K)->68537K(69120K) NonClass: 60832K(61120K)->60832K(61120K) Class: 7705K(8000K)->7705K(8000K)
[2024-04-09T00:11:00.119+0800][7690.759s] GC(672) Pause Young (Normal) (G1 Evacuation Pause) 371M->67M(512M) 2.476ms
[2024-04-09T00:11:00.119+0800][7690.759s] GC(672) User=0.03s Sys=0.00s Real=0.00s
[2024-04-09T00:11:01.309+0800][7691.948s] GC(673) Pause Young (Normal) (G1 Evacuation Pause)
[2024-04-09T00:11:01.309+0800][7691.948s] GC(673) Using 13 workers of 13 for evacuation
[2024-04-09T00:11:01.311+0800][7691.950s] GC(673)   Pre Evacuate Collection Set: 0.1ms
[2024-04-09T00:11:01.311+0800][7691.950s] GC(673)   Merge Heap Roots: 0.1ms
[2024-04-09T00:11:01.311+0800][7691.950s] GC(673)   Evacuate Collection Set: 1.6ms
[2024-04-09T00:11:01.311+0800][7691.950s] GC(673)   Post Evacuate Collection Set: 0.4ms
[2024-04-09T00:11:01.311+0800][7691.950s] GC(673)   Other: 0.1ms
[2024-04-09T00:11:01.311+0800][7691.950s] GC(673) Eden regions: 304->0(305)
[2024-04-09T00:11:01.311+0800][7691.950s] GC(673) Survivor regions: 3->2(39)
[2024-04-09T00:11:01.311+0800][7691.950s] GC(673) Old regions: 61->61
[2024-04-09T00:11:01.311+0800][7691.950s] GC(673) Humongous regions: 4->4
[2024-04-09T00:11:01.311+0800][7691.950s] GC(673) Metaspace: 68537K(69120K)->68537K(69120K) NonClass: 60832K(61120K)->60832K(61120K) Class: 7705K(8000K)->7705K(8000K)
[2024-04-09T00:11:01.311+0800][7691.950s] GC(673) Pause Young (Normal) (G1 Evacuation Pause) 371M->66M(512M) 2.538ms
[2024-04-09T00:11:01.311+0800][7691.950s] GC(673) User=0.00s Sys=0.00s Real=0.00s
[2024-04-09T00:11:02.535+0800][7693.174s] GC(674) Pause Young (Normal) (G1 Evacuation Pause)
[2024-04-09T00:11:02.535+0800][7693.174s] GC(674) Using 13 workers of 13 for evacuation
[2024-04-09T00:11:02.537+0800][7693.176s] GC(674)   Pre Evacuate Collection Set: 0.1ms
[2024-04-09T00:11:02.537+0800][7693.176s] GC(674)   Merge Heap Roots: 0.0ms
[2024-04-09T00:11:02.537+0800][7693.176s] GC(674)   Evacuate Collection Set: 1.3ms
[2024-04-09T00:11:02.537+0800][7693.176s] GC(674)   Post Evacuate Collection Set: 0.4ms
[2024-04-09T00:11:02.537+0800][7693.176s] GC(674)   Other: 0.1ms
[2024-04-09T00:11:02.537+0800][7693.176s] GC(674) Eden regions: 305->0(304)
[2024-04-09T00:11:02.537+0800][7693.176s] GC(674) Survivor regions: 2->3(39)
[2024-04-09T00:11:02.537+0800][7693.176s] GC(674) Old regions: 61->61
[2024-04-09T00:11:02.537+0800][7693.176s] GC(674) Humongous regions: 4->4
[2024-04-09T00:11:02.537+0800][7693.176s] GC(674) Metaspace: 68537K(69120K)->68537K(69120K) NonClass: 60832K(61120K)->60832K(61120K) Class: 7705K(8000K)->7705K(8000K)
[2024-04-09T00:11:02.537+0800][7693.176s] GC(674) Pause Young (Normal) (G1 Evacuation Pause) 371M->66M(512M) 2.163ms
[2024-04-09T00:11:02.537+0800][7693.176s] GC(674) User=0.00s Sys=0.00s Real=0.00s
[2024-04-09T00:11:03.747+0800][7694.386s] GC(675) Pause Young (Normal) (G1 Evacuation Pause)
[2024-04-09T00:11:03.747+0800][7694.386s] GC(675) Using 13 workers of 13 for evacuation
[2024-04-09T00:11:03.749+0800][7694.389s] GC(675)   Pre Evacuate Collection Set: 0.1ms
[2024-04-09T00:11:03.749+0800][7694.389s] GC(675)   Merge Heap Roots: 0.1ms
[2024-04-09T00:11:03.749+0800][7694.389s] GC(675)   Evacuate Collection Set: 1.6ms
[2024-04-09T00:11:03.749+0800][7694.389s] GC(675)   Post Evacuate Collection Set: 0.5ms
[2024-04-09T00:11:03.749+0800][7694.389s] GC(675)   Other: 0.1ms
[2024-04-09T00:11:03.749+0800][7694.389s] GC(675) Eden regions: 304->0(304)
[2024-04-09T00:11:03.749+0800][7694.389s] GC(675) Survivor regions: 3->3(39)
[2024-04-09T00:11:03.749+0800][7694.389s] GC(675) Old regions: 61->61
[2024-04-09T00:11:03.749+0800][7694.389s] GC(675) Humongous regions: 4->4
[2024-04-09T00:11:03.749+0800][7694.389s] GC(675) Metaspace: 68537K(69120K)->68537K(69120K) NonClass: 60832K(61120K)->60832K(61120K) Class: 7705K(8000K)->7705K(8000K)
[2024-04-09T00:11:03.749+0800][7694.389s] GC(675) Pause Young (Normal) (G1 Evacuation Pause) 370M->67M(512M) 2.681ms
[2024-04-09T00:11:03.749+0800][7694.389s] GC(675) User=0.00s Sys=0.00s Real=0.00s
[2024-04-09T00:11:04.982+0800][7695.621s] GC(676) Pause Young (Normal) (G1 Evacuation Pause)
[2024-04-09T00:11:04.982+0800][7695.621s] GC(676) Using 13 workers of 13 for evacuation
[2024-04-09T00:11:04.984+0800][7695.624s] GC(676)   Pre Evacuate Collection Set: 0.2ms
[2024-04-09T00:11:04.984+0800][7695.624s] GC(676)   Merge Heap Roots: 0.1ms
[2024-04-09T00:11:04.984+0800][7695.624s] GC(676)   Evacuate Collection Set: 1.8ms
[2024-04-09T00:11:04.984+0800][7695.624s] GC(676)   Post Evacuate Collection Set: 0.4ms
[2024-04-09T00:11:04.984+0800][7695.624s] GC(676)   Other: 0.1ms
[2024-04-09T00:11:04.984+0800][7695.624s] GC(676) Eden regions: 304->0(305)
[2024-04-09T00:11:04.984+0800][7695.624s] GC(676) Survivor regions: 3->2(39)
[2024-04-09T00:11:04.984+0800][7695.624s] GC(676) Old regions: 61->61
[2024-04-09T00:11:04.984+0800][7695.624s] GC(676) Humongous regions: 4->4
[2024-04-09T00:11:04.984+0800][7695.624s] GC(676) Metaspace: 68537K(69120K)->68537K(69120K) NonClass: 60832K(61120K)->60832K(61120K) Class: 7705K(8000K)->7705K(8000K)
[2024-04-09T00:11:04.984+0800][7695.624s] GC(676) Pause Young (Normal) (G1 Evacuation Pause) 371M->66M(512M) 2.831ms
[2024-04-09T00:11:04.984+0800][7695.624s] GC(676) User=0.00s Sys=0.00s Real=0.00s
[2024-04-09T00:11:06.259+0800][7696.898s] GC(677) Pause Young (Normal) (G1 Evacuation Pause)
[2024-04-09T00:11:06.259+0800][7696.899s] GC(677) Using 13 workers of 13 for evacuation
[2024-04-09T00:11:06.262+0800][7696.901s] GC(677)   Pre Evacuate Collection Set: 0.3ms
[2024-04-09T00:11:06.262+0800][7696.901s] GC(677)   Merge Heap Roots: 0.1ms
[2024-04-09T00:11:06.262+0800][7696.901s] GC(677)   Evacuate Collection Set: 1.9ms
[2024-04-09T00:11:06.262+0800][7696.901s] GC(677)   Post Evacuate Collection Set: 0.3ms
[2024-04-09T00:11:06.262+0800][7696.901s] GC(677)   Other: 0.1ms
[2024-04-09T00:11:06.262+0800][7696.901s] GC(677) Eden regions: 305->0(305)
[2024-04-09T00:11:06.262+0800][7696.901s] GC(677) Survivor regions: 2->2(39)
[2024-04-09T00:11:06.262+0800][7696.901s] GC(677) Old regions: 61->61
[2024-04-09T00:11:06.262+0800][7696.901s] GC(677) Humongous regions: 4->4
[2024-04-09T00:11:06.262+0800][7696.901s] GC(677) Metaspace: 68537K(69120K)->68537K(69120K) NonClass: 60832K(61120K)->60832K(61120K) Class: 7705K(8000K)->7705K(8000K)
[2024-04-09T00:11:06.262+0800][7696.901s] GC(677) Pause Young (Normal) (G1 Evacuation Pause) 371M->66M(512M) 3.076ms
[2024-04-09T00:11:06.262+0800][7696.901s] GC(677) User=0.00s Sys=0.00s Real=0.00s
[2024-04-09T00:11:07.486+0800][7698.125s] GC(678) Pause Young (Normal) (G1 Evacuation Pause)
[2024-04-09T00:11:07.486+0800][7698.125s] GC(678) Using 13 workers of 13 for evacuation
[2024-04-09T00:11:07.488+0800][7698.128s] GC(678)   Pre Evacuate Collection Set: 0.1ms
[2024-04-09T00:11:07.488+0800][7698.128s] GC(678)   Merge Heap Roots: 0.1ms
[2024-04-09T00:11:07.488+0800][7698.128s] GC(678)   Evacuate Collection Set: 1.9ms
[2024-04-09T00:11:07.488+0800][7698.128s] GC(678)   Post Evacuate Collection Set: 0.5ms
[2024-04-09T00:11:07.488+0800][7698.128s] GC(678)   Other: 0.1ms
[2024-04-09T00:11:07.489+0800][7698.128s] GC(678) Eden regions: 305->0(305)
[2024-04-09T00:11:07.489+0800][7698.128s] GC(678) Survivor regions: 2->2(39)
[2024-04-09T00:11:07.489+0800][7698.128s] GC(678) Old regions: 61->62
[2024-04-09T00:11:07.489+0800][7698.128s] GC(678) Humongous regions: 4->4
[2024-04-09T00:11:07.489+0800][7698.128s] GC(678) Metaspace: 68537K(69120K)->68537K(69120K) NonClass: 60832K(61120K)->60832K(61120K) Class: 7705K(8000K)->7705K(8000K)
[2024-04-09T00:11:07.489+0800][7698.128s] GC(678) Pause Young (Normal) (G1 Evacuation Pause) 371M->66M(512M) 3.115ms
[2024-04-09T00:11:07.489+0800][7698.128s] GC(678) User=0.00s Sys=0.00s Real=0.00s
[2024-04-09T00:11:08.695+0800][7699.335s] GC(679) Pause Young (Normal) (G1 Evacuation Pause)
[2024-04-09T00:11:08.695+0800][7699.335s] GC(679) Using 13 workers of 13 for evacuation
[2024-04-09T00:11:08.698+0800][7699.338s] GC(679)   Pre Evacuate Collection Set: 0.2ms
[2024-04-09T00:11:08.698+0800][7699.338s] GC(679)   Merge Heap Roots: 0.1ms
[2024-04-09T00:11:08.698+0800][7699.338s] GC(679)   Evacuate Collection Set: 1.9ms
[2024-04-09T00:11:08.698+0800][7699.338s] GC(679)   Post Evacuate Collection Set: 0.5ms
[2024-04-09T00:11:08.698+0800][7699.338s] GC(679)   Other: 0.1ms
[2024-04-09T00:11:08.698+0800][7699.338s] GC(679) Eden regions: 305->0(305)
[2024-04-09T00:11:08.698+0800][7699.338s] GC(679) Survivor regions: 2->2(39)
[2024-04-09T00:11:08.698+0800][7699.338s] GC(679) Old regions: 62->62
[2024-04-09T00:11:08.698+0800][7699.338s] GC(679) Humongous regions: 4->4
[2024-04-09T00:11:08.698+0800][7699.338s] GC(679) Metaspace: 68537K(69120K)->68537K(69120K) NonClass: 60832K(61120K)->60832K(61120K) Class: 7705K(8000K)->7705K(8000K)
[2024-04-09T00:11:08.698+0800][7699.338s] GC(679) Pause Young (Normal) (G1 Evacuation Pause) 371M->66M(512M) 3.181ms
[2024-04-09T00:11:08.698+0800][7699.338s] GC(679) User=0.19s Sys=0.00s Real=0.00s
[2024-04-09T00:11:09.898+0800][7700.538s] GC(680) Pause Young (Normal) (G1 Evacuation Pause)
[2024-04-09T00:11:09.898+0800][7700.538s] GC(680) Using 13 workers of 13 for evacuation
[2024-04-09T00:11:09.900+0800][7700.540s] GC(680)   Pre Evacuate Collection Set: 0.1ms
[2024-04-09T00:11:09.900+0800][7700.540s] GC(680)   Merge Heap Roots: 0.1ms
[2024-04-09T00:11:09.900+0800][7700.540s] GC(680)   Evacuate Collection Set: 1.2ms
[2024-04-09T00:11:09.900+0800][7700.540s] GC(680)   Post Evacuate Collection Set: 0.5ms
[2024-04-09T00:11:09.900+0800][7700.540s] GC(680)   Other: 0.1ms
[2024-04-09T00:11:09.900+0800][7700.540s] GC(680) Eden regions: 305->0(305)
[2024-04-09T00:11:09.900+0800][7700.540s] GC(680) Survivor regions: 2->2(39)
[2024-04-09T00:11:09.900+0800][7700.540s] GC(680) Old regions: 62->62
[2024-04-09T00:11:09.900+0800][7700.540s] GC(680) Humongous regions: 4->4
[2024-04-09T00:11:09.900+0800][7700.540s] GC(680) Metaspace: 68537K(69120K)->68537K(69120K) NonClass: 60832K(61120K)->60832K(61120K) Class: 7705K(8000K)->7705K(8000K)
[2024-04-09T00:11:09.900+0800][7700.540s] GC(680) Pause Young (Normal) (G1 Evacuation Pause) 371M->66M(512M) 2.202ms
[2024-04-09T00:11:09.900+0800][7700.540s] GC(680) User=0.02s Sys=0.00s Real=0.00s
[2024-04-09T00:11:11.118+0800][7701.758s] GC(681) Pause Young (Normal) (G1 Evacuation Pause)
[2024-04-09T00:11:11.118+0800][7701.758s] GC(681) Using 13 workers of 13 for evacuation
[2024-04-09T00:11:11.120+0800][7701.760s] GC(681)   Pre Evacuate Collection Set: 0.1ms
[2024-04-09T00:11:11.120+0800][7701.760s] GC(681)   Merge Heap Roots: 0.1ms
[2024-04-09T00:11:11.120+0800][7701.760s] GC(681)   Evacuate Collection Set: 1.1ms
[2024-04-09T00:11:11.120+0800][7701.760s] GC(681)   Post Evacuate Collection Set: 0.4ms
[2024-04-09T00:11:11.120+0800][7701.760s] GC(681)   Other: 0.1ms
[2024-04-09T00:11:11.120+0800][7701.760s] GC(681) Eden regions: 305->0(305)
[2024-04-09T00:11:11.120+0800][7701.760s] GC(681) Survivor regions: 2->2(39)
[2024-04-09T00:11:11.120+0800][7701.760s] GC(681) Old regions: 62->62
[2024-04-09T00:11:11.120+0800][7701.760s] GC(681) Humongous regions: 4->4
[2024-04-09T00:11:11.120+0800][7701.760s] GC(681) Metaspace: 68537K(69120K)->68537K(69120K) NonClass: 60832K(61120K)->60832K(61120K) Class: 7705K(8000K)->7705K(8000K)
[2024-04-09T00:11:11.120+0800][7701.760s] GC(681) Pause Young (Normal) (G1 Evacuation Pause) 371M->66M(512M) 2.008ms
[2024-04-09T00:11:11.120+0800][7701.760s] GC(681) User=0.06s Sys=0.05s Real=0.00s
[2024-04-09T00:11:12.316+0800][7702.956s] GC(682) Pause Young (Normal) (G1 Evacuation Pause)
[2024-04-09T00:11:12.316+0800][7702.956s] GC(682) Using 13 workers of 13 for evacuation
[2024-04-09T00:11:12.318+0800][7702.958s] GC(682)   Pre Evacuate Collection Set: 0.1ms
[2024-04-09T00:11:12.318+0800][7702.958s] GC(682)   Merge Heap Roots: 0.0ms
[2024-04-09T00:11:12.318+0800][7702.958s] GC(682)   Evacuate Collection Set: 1.6ms
[2024-04-09T00:11:12.318+0800][7702.958s] GC(682)   Post Evacuate Collection Set: 0.3ms
[2024-04-09T00:11:12.318+0800][7702.958s] GC(682)   Other: 0.1ms
[2024-04-09T00:11:12.318+0800][7702.958s] GC(682) Eden regions: 305->0(305)
[2024-04-09T00:11:12.318+0800][7702.958s] GC(682) Survivor regions: 2->2(39)
[2024-04-09T00:11:12.318+0800][7702.958s] GC(682) Old regions: 62->62
[2024-04-09T00:11:12.318+0800][7702.958s] GC(682) Humongous regions: 4->4
[2024-04-09T00:11:12.318+0800][7702.958s] GC(682) Metaspace: 68537K(69120K)->68537K(69120K) NonClass: 60832K(61120K)->60832K(61120K) Class: 7705K(8000K)->7705K(8000K)
[2024-04-09T00:11:12.318+0800][7702.958s] GC(682) Pause Young (Normal) (G1 Evacuation Pause) 371M->66M(512M) 2.268ms
[2024-04-09T00:11:12.318+0800][7702.958s] GC(682) User=0.00s Sys=0.00s Real=0.00s
[2024-04-09T00:11:13.570+0800][7704.210s] GC(683) Pause Young (Normal) (G1 Evacuation Pause)
[2024-04-09T00:11:13.570+0800][7704.210s] GC(683) Using 13 workers of 13 for evacuation
[2024-04-09T00:11:13.572+0800][7704.212s] GC(683)   Pre Evacuate Collection Set: 0.1ms
[2024-04-09T00:11:13.572+0800][7704.212s] GC(683)   Merge Heap Roots: 0.1ms
[2024-04-09T00:11:13.572+0800][7704.212s] GC(683)   Evacuate Collection Set: 1.3ms
[2024-04-09T00:11:13.572+0800][7704.212s] GC(683)   Post Evacuate Collection Set: 0.4ms
[2024-04-09T00:11:13.572+0800][7704.212s] GC(683)   Other: 0.1ms
[2024-04-09T00:11:13.572+0800][7704.212s] GC(683) Eden regions: 305->0(305)
[2024-04-09T00:11:13.572+0800][7704.212s] GC(683) Survivor regions: 2->2(39)
[2024-04-09T00:11:13.572+0800][7704.212s] GC(683) Old regions: 62->62
[2024-04-09T00:11:13.572+0800][7704.212s] GC(683) Humongous regions: 4->4
[2024-04-09T00:11:13.572+0800][7704.212s] GC(683) Metaspace: 68537K(69120K)->68537K(69120K) NonClass: 60832K(61120K)->60832K(61120K) Class: 7705K(8000K)->7705K(8000K)
[2024-04-09T00:11:13.572+0800][7704.212s] GC(683) Pause Young (Normal) (G1 Evacuation Pause) 371M->66M(512M) 2.313ms
[2024-04-09T00:11:13.572+0800][7704.212s] GC(683) User=0.03s Sys=0.00s Real=0.00s
[2024-04-09T00:11:14.770+0800][7705.410s] GC(684) Pause Young (Normal) (G1 Evacuation Pause)
[2024-04-09T00:11:14.770+0800][7705.410s] GC(684) Using 13 workers of 13 for evacuation
[2024-04-09T00:11:14.772+0800][7705.412s] GC(684)   Pre Evacuate Collection Set: 0.1ms
[2024-04-09T00:11:14.772+0800][7705.412s] GC(684)   Merge Heap Roots: 0.1ms
[2024-04-09T00:11:14.772+0800][7705.412s] GC(684)   Evacuate Collection Set: 1.5ms
[2024-04-09T00:11:14.772+0800][7705.412s] GC(684)   Post Evacuate Collection Set: 0.4ms
[2024-04-09T00:11:14.772+0800][7705.412s] GC(684)   Other: 0.1ms
[2024-04-09T00:11:14.772+0800][7705.412s] GC(684) Eden regions: 305->0(304)
[2024-04-09T00:11:14.772+0800][7705.412s] GC(684) Survivor regions: 2->3(39)
[2024-04-09T00:11:14.772+0800][7705.412s] GC(684) Old regions: 62->62
[2024-04-09T00:11:14.772+0800][7705.412s] GC(684) Humongous regions: 4->4
[2024-04-09T00:11:14.772+0800][7705.412s] GC(684) Metaspace: 68537K(69120K)->68537K(69120K) NonClass: 60832K(61120K)->60832K(61120K) Class: 7705K(8000K)->7705K(8000K)
[2024-04-09T00:11:14.772+0800][7705.412s] GC(684) Pause Young (Normal) (G1 Evacuation Pause) 371M->67M(512M) 2.437ms
[2024-04-09T00:11:14.772+0800][7705.412s] GC(684) User=0.00s Sys=0.00s Real=0.00s
[2024-04-09T00:11:15.959+0800][7706.599s] GC(685) Pause Young (Normal) (G1 Evacuation Pause)
[2024-04-09T00:11:15.959+0800][7706.599s] GC(685) Using 13 workers of 13 for evacuation
[2024-04-09T00:11:15.962+0800][7706.601s] GC(685)   Pre Evacuate Collection Set: 0.2ms
[2024-04-09T00:11:15.962+0800][7706.601s] GC(685)   Merge Heap Roots: 0.1ms
[2024-04-09T00:11:15.962+0800][7706.601s] GC(685)   Evacuate Collection Set: 1.4ms
[2024-04-09T00:11:15.962+0800][7706.601s] GC(685)   Post Evacuate Collection Set: 0.5ms
[2024-04-09T00:11:15.962+0800][7706.601s] GC(685)   Other: 0.1ms
[2024-04-09T00:11:15.962+0800][7706.601s] GC(685) Eden regions: 304->0(305)
[2024-04-09T00:11:15.962+0800][7706.601s] GC(685) Survivor regions: 3->2(39)
[2024-04-09T00:11:15.962+0800][7706.601s] GC(685) Old regions: 62->62
[2024-04-09T00:11:15.962+0800][7706.601s] GC(685) Humongous regions: 4->4
[2024-04-09T00:11:15.962+0800][7706.601s] GC(685) Metaspace: 68537K(69120K)->68537K(69120K) NonClass: 60832K(61120K)->60832K(61120K) Class: 7705K(8000K)->7705K(8000K)
[2024-04-09T00:11:15.962+0800][7706.601s] GC(685) Pause Young (Normal) (G1 Evacuation Pause) 371M->66M(512M) 2.473ms
[2024-04-09T00:11:15.962+0800][7706.601s] GC(685) User=0.00s Sys=0.00s Real=0.00s
[2024-04-09T00:11:17.178+0800][7707.818s] GC(686) Pause Young (Normal) (G1 Evacuation Pause)
[2024-04-09T00:11:17.178+0800][7707.818s] GC(686) Using 13 workers of 13 for evacuation
[2024-04-09T00:11:17.181+0800][7707.821s] GC(686)   Pre Evacuate Collection Set: 0.1ms
[2024-04-09T00:11:17.181+0800][7707.821s] GC(686)   Merge Heap Roots: 0.1ms
[2024-04-09T00:11:17.181+0800][7707.821s] GC(686)   Evacuate Collection Set: 1.5ms
[2024-04-09T00:11:17.181+0800][7707.821s] GC(686)   Post Evacuate Collection Set: 0.5ms
[2024-04-09T00:11:17.181+0800][7707.821s] GC(686)   Other: 0.1ms
[2024-04-09T00:11:17.181+0800][7707.821s] GC(686) Eden regions: 305->0(305)
[2024-04-09T00:11:17.181+0800][7707.821s] GC(686) Survivor regions: 2->2(39)
[2024-04-09T00:11:17.181+0800][7707.821s] GC(686) Old regions: 62->62
[2024-04-09T00:11:17.181+0800][7707.821s] GC(686) Humongous regions: 4->4
[2024-04-09T00:11:17.181+0800][7707.821s] GC(686) Metaspace: 68537K(69120K)->68537K(69120K) NonClass: 60832K(61120K)->60832K(61120K) Class: 7705K(8000K)->7705K(8000K)
[2024-04-09T00:11:17.181+0800][7707.821s] GC(686) Pause Young (Normal) (G1 Evacuation Pause) 371M->67M(512M) 2.666ms
[2024-04-09T00:11:17.181+0800][7707.821s] GC(686) User=0.03s Sys=0.00s Real=0.00s
[2024-04-09T00:11:18.395+0800][7709.035s] GC(687) Pause Young (Normal) (G1 Evacuation Pause)
[2024-04-09T00:11:18.395+0800][7709.035s] GC(687) Using 13 workers of 13 for evacuation
[2024-04-09T00:11:18.398+0800][7709.038s] GC(687)   Pre Evacuate Collection Set: 0.1ms
[2024-04-09T00:11:18.398+0800][7709.038s] GC(687)   Merge Heap Roots: 0.1ms
[2024-04-09T00:11:18.398+0800][7709.038s] GC(687)   Evacuate Collection Set: 1.6ms
[2024-04-09T00:11:18.398+0800][7709.038s] GC(687)   Post Evacuate Collection Set: 0.7ms
[2024-04-09T00:11:18.398+0800][7709.038s] GC(687)   Other: 0.1ms
[2024-04-09T00:11:18.398+0800][7709.038s] GC(687) Eden regions: 305->0(305)
[2024-04-09T00:11:18.398+0800][7709.038s] GC(687) Survivor regions: 2->2(39)
[2024-04-09T00:11:18.398+0800][7709.038s] GC(687) Old regions: 62->62
[2024-04-09T00:11:18.398+0800][7709.038s] GC(687) Humongous regions: 4->4
[2024-04-09T00:11:18.398+0800][7709.038s] GC(687) Metaspace: 68537K(69120K)->68537K(69120K) NonClass: 60832K(61120K)->60832K(61120K) Class: 7705K(8000K)->7705K(8000K)
[2024-04-09T00:11:18.398+0800][7709.038s] GC(687) Pause Young (Normal) (G1 Evacuation Pause) 372M->66M(512M) 2.899ms
[2024-04-09T00:11:18.398+0800][7709.038s] GC(687) User=0.00s Sys=0.00s Real=0.00s
[2024-04-09T00:11:19.588+0800][7710.228s] GC(688) Pause Young (Normal) (G1 Evacuation Pause)
[2024-04-09T00:11:19.588+0800][7710.228s] GC(688) Using 13 workers of 13 for evacuation
[2024-04-09T00:11:19.591+0800][7710.231s] GC(688)   Pre Evacuate Collection Set: 0.1ms
[2024-04-09T00:11:19.591+0800][7710.231s] GC(688)   Merge Heap Roots: 0.1ms
[2024-04-09T00:11:19.591+0800][7710.231s] GC(688)   Evacuate Collection Set: 1.6ms
[2024-04-09T00:11:19.591+0800][7710.231s] GC(688)   Post Evacuate Collection Set: 0.6ms
[2024-04-09T00:11:19.591+0800][7710.231s] GC(688)   Other: 0.1ms
[2024-04-09T00:11:19.591+0800][7710.231s] GC(688) Eden regions: 305->0(304)
[2024-04-09T00:11:19.591+0800][7710.231s] GC(688) Survivor regions: 2->3(39)
[2024-04-09T00:11:19.591+0800][7710.231s] GC(688) Old regions: 62->62
[2024-04-09T00:11:19.591+0800][7710.231s] GC(688) Humongous regions: 4->4
[2024-04-09T00:11:19.591+0800][7710.231s] GC(688) Metaspace: 68537K(69120K)->68537K(69120K) NonClass: 60832K(61120K)->60832K(61120K) Class: 7705K(8000K)->7705K(8000K)
[2024-04-09T00:11:19.591+0800][7710.231s] GC(688) Pause Young (Normal) (G1 Evacuation Pause) 371M->67M(512M) 2.697ms
[2024-04-09T00:11:19.591+0800][7710.231s] GC(688) User=0.00s Sys=0.00s Real=0.00s
[2024-04-09T00:11:20.776+0800][7711.415s] GC(689) Pause Young (Normal) (G1 Evacuation Pause)
[2024-04-09T00:11:20.776+0800][7711.416s] GC(689) Using 13 workers of 13 for evacuation
[2024-04-09T00:11:20.778+0800][7711.417s] GC(689)   Pre Evacuate Collection Set: 0.1ms
[2024-04-09T00:11:20.778+0800][7711.417s] GC(689)   Merge Heap Roots: 0.0ms
[2024-04-09T00:11:20.778+0800][7711.417s] GC(689)   Evacuate Collection Set: 1.3ms
[2024-04-09T00:11:20.778+0800][7711.417s] GC(689)   Post Evacuate Collection Set: 0.3ms
[2024-04-09T00:11:20.778+0800][7711.417s] GC(689)   Other: 0.1ms
[2024-04-09T00:11:20.778+0800][7711.417s] GC(689) Eden regions: 304->0(305)
[2024-04-09T00:11:20.778+0800][7711.417s] GC(689) Survivor regions: 3->2(39)
[2024-04-09T00:11:20.778+0800][7711.417s] GC(689) Old regions: 62->62
[2024-04-09T00:11:20.778+0800][7711.417s] GC(689) Humongous regions: 4->4
[2024-04-09T00:11:20.778+0800][7711.418s] GC(689) Metaspace: 68537K(69120K)->68537K(69120K) NonClass: 60832K(61120K)->60832K(61120K) Class: 7705K(8000K)->7705K(8000K)
[2024-04-09T00:11:20.778+0800][7711.418s] GC(689) Pause Young (Normal) (G1 Evacuation Pause) 371M->66M(512M) 2.067ms
[2024-04-09T00:11:20.778+0800][7711.418s] GC(689) User=0.00s Sys=0.00s Real=0.00s
[2024-04-09T00:11:22.061+0800][7712.701s] GC(690) Pause Young (Normal) (G1 Evacuation Pause)
[2024-04-09T00:11:22.061+0800][7712.701s] GC(690) Using 13 workers of 13 for evacuation
[2024-04-09T00:11:22.064+0800][7712.704s] GC(690)   Pre Evacuate Collection Set: 0.2ms
[2024-04-09T00:11:22.065+0800][7712.704s] GC(690)   Merge Heap Roots: 0.1ms
[2024-04-09T00:11:22.065+0800][7712.704s] GC(690)   Evacuate Collection Set: 2.3ms
[2024-04-09T00:11:22.065+0800][7712.704s] GC(690)   Post Evacuate Collection Set: 0.6ms
[2024-04-09T00:11:22.065+0800][7712.704s] GC(690)   Other: 0.1ms
[2024-04-09T00:11:22.065+0800][7712.704s] GC(690) Eden regions: 305->0(305)
[2024-04-09T00:11:22.065+0800][7712.704s] GC(690) Survivor regions: 2->2(39)
[2024-04-09T00:11:22.065+0800][7712.704s] GC(690) Old regions: 62->62
[2024-04-09T00:11:22.065+0800][7712.704s] GC(690) Humongous regions: 4->4
[2024-04-09T00:11:22.065+0800][7712.704s] GC(690) Metaspace: 68537K(69120K)->68537K(69120K) NonClass: 60832K(61120K)->60832K(61120K) Class: 7705K(8000K)->7705K(8000K)
[2024-04-09T00:11:22.065+0800][7712.704s] GC(690) Pause Young (Normal) (G1 Evacuation Pause) 371M->66M(512M) 3.543ms
[2024-04-09T00:11:22.065+0800][7712.704s] GC(690) User=0.00s Sys=0.00s Real=0.00s
[2024-04-09T00:11:23.551+0800][7714.191s] GC(691) Pause Young (Normal) (G1 Evacuation Pause)
[2024-04-09T00:11:23.551+0800][7714.191s] GC(691) Using 13 workers of 13 for evacuation
[2024-04-09T00:11:23.554+0800][7714.194s] GC(691)   Pre Evacuate Collection Set: 0.1ms
[2024-04-09T00:11:23.554+0800][7714.194s] GC(691)   Merge Heap Roots: 0.1ms
[2024-04-09T00:11:23.554+0800][7714.194s] GC(691)   Evacuate Collection Set: 1.8ms
[2024-04-09T00:11:23.554+0800][7714.194s] GC(691)   Post Evacuate Collection Set: 0.7ms
[2024-04-09T00:11:23.554+0800][7714.194s] GC(691)   Other: 0.1ms
[2024-04-09T00:11:23.554+0800][7714.194s] GC(691) Eden regions: 305->0(305)
[2024-04-09T00:11:23.554+0800][7714.194s] GC(691) Survivor regions: 2->2(39)
[2024-04-09T00:11:23.554+0800][7714.194s] GC(691) Old regions: 62->62
[2024-04-09T00:11:23.554+0800][7714.194s] GC(691) Humongous regions: 4->4
[2024-04-09T00:11:23.554+0800][7714.194s] GC(691) Metaspace: 68537K(69120K)->68537K(69120K) NonClass: 60832K(61120K)->60832K(61120K) Class: 7705K(8000K)->7705K(8000K)
[2024-04-09T00:11:23.555+0800][7714.194s] GC(691) Pause Young (Normal) (G1 Evacuation Pause) 371M->66M(512M) 3.138ms
[2024-04-09T00:11:23.555+0800][7714.194s] GC(691) User=0.00s Sys=0.00s Real=0.00s
[2024-04-09T00:11:24.873+0800][7715.512s] GC(692) Pause Young (Normal) (G1 Evacuation Pause)
[2024-04-09T00:11:24.873+0800][7715.512s] GC(692) Using 13 workers of 13 for evacuation
[2024-04-09T00:11:24.875+0800][7715.514s] GC(692)   Pre Evacuate Collection Set: 0.1ms
[2024-04-09T00:11:24.875+0800][7715.514s] GC(692)   Merge Heap Roots: 0.1ms
[2024-04-09T00:11:24.875+0800][7715.514s] GC(692)   Evacuate Collection Set: 1.4ms
[2024-04-09T00:11:24.875+0800][7715.514s] GC(692)   Post Evacuate Collection Set: 0.4ms
[2024-04-09T00:11:24.875+0800][7715.514s] GC(692)   Other: 0.1ms
[2024-04-09T00:11:24.875+0800][7715.514s] GC(692) Eden regions: 305->0(305)
[2024-04-09T00:11:24.875+0800][7715.514s] GC(692) Survivor regions: 2->2(39)
[2024-04-09T00:11:24.875+0800][7715.514s] GC(692) Old regions: 62->62
[2024-04-09T00:11:24.875+0800][7715.514s] GC(692) Humongous regions: 4->4
[2024-04-09T00:11:24.875+0800][7715.514s] GC(692) Metaspace: 68537K(69120K)->68537K(69120K) NonClass: 60832K(61120K)->60832K(61120K) Class: 7705K(8000K)->7705K(8000K)
[2024-04-09T00:11:24.875+0800][7715.514s] GC(692) Pause Young (Normal) (G1 Evacuation Pause) 371M->67M(512M) 2.254ms
[2024-04-09T00:11:24.875+0800][7715.514s] GC(692) User=0.00s Sys=0.00s Real=0.00s
[2024-04-09T00:11:26.118+0800][7716.757s] GC(693) Pause Young (Normal) (G1 Evacuation Pause)
[2024-04-09T00:11:26.118+0800][7716.757s] GC(693) Using 13 workers of 13 for evacuation
[2024-04-09T00:11:26.122+0800][7716.761s] GC(693)   Pre Evacuate Collection Set: 0.2ms
[2024-04-09T00:11:26.122+0800][7716.761s] GC(693)   Merge Heap Roots: 0.1ms
[2024-04-09T00:11:26.122+0800][7716.761s] GC(693)   Evacuate Collection Set: 2.7ms
[2024-04-09T00:11:26.122+0800][7716.761s] GC(693)   Post Evacuate Collection Set: 1.0ms
[2024-04-09T00:11:26.122+0800][7716.761s] GC(693)   Other: 0.1ms
[2024-04-09T00:11:26.122+0800][7716.761s] GC(693) Eden regions: 305->0(305)
[2024-04-09T00:11:26.122+0800][7716.761s] GC(693) Survivor regions: 2->2(39)
[2024-04-09T00:11:26.122+0800][7716.761s] GC(693) Old regions: 62->62
[2024-04-09T00:11:26.122+0800][7716.761s] GC(693) Humongous regions: 4->4
[2024-04-09T00:11:26.122+0800][7716.761s] GC(693) Metaspace: 68537K(69120K)->68537K(69120K) NonClass: 60832K(61120K)->60832K(61120K) Class: 7705K(8000K)->7705K(8000K)
[2024-04-09T00:11:26.122+0800][7716.761s] GC(693) Pause Young (Normal) (G1 Evacuation Pause) 372M->66M(512M) 4.250ms
[2024-04-09T00:11:26.122+0800][7716.761s] GC(693) User=0.03s Sys=0.00s Real=0.00s
[2024-04-09T00:11:27.361+0800][7718.000s] GC(694) Pause Young (Normal) (G1 Evacuation Pause)
[2024-04-09T00:11:27.361+0800][7718.000s] GC(694) Using 13 workers of 13 for evacuation
[2024-04-09T00:11:27.363+0800][7718.002s] GC(694)   Pre Evacuate Collection Set: 0.2ms
[2024-04-09T00:11:27.363+0800][7718.002s] GC(694)   Merge Heap Roots: 0.1ms
[2024-04-09T00:11:27.363+0800][7718.002s] GC(694)   Evacuate Collection Set: 1.4ms
[2024-04-09T00:11:27.363+0800][7718.002s] GC(694)   Post Evacuate Collection Set: 0.5ms
[2024-04-09T00:11:27.363+0800][7718.002s] GC(694)   Other: 0.1ms
[2024-04-09T00:11:27.363+0800][7718.002s] GC(694) Eden regions: 305->0(304)
[2024-04-09T00:11:27.363+0800][7718.002s] GC(694) Survivor regions: 2->3(39)
[2024-04-09T00:11:27.363+0800][7718.002s] GC(694) Old regions: 62->62
[2024-04-09T00:11:27.363+0800][7718.002s] GC(694) Humongous regions: 4->4
[2024-04-09T00:11:27.363+0800][7718.002s] GC(694) Metaspace: 68537K(69120K)->68537K(69120K) NonClass: 60832K(61120K)->60832K(61120K) Class: 7705K(8000K)->7705K(8000K)
[2024-04-09T00:11:27.363+0800][7718.002s] GC(694) Pause Young (Normal) (G1 Evacuation Pause) 371M->67M(512M) 2.441ms
[2024-04-09T00:11:27.364+0800][7718.002s] GC(694) User=0.00s Sys=0.00s Real=0.00s
[2024-04-09T00:11:28.592+0800][7719.231s] GC(695) Pause Young (Normal) (G1 Evacuation Pause)
[2024-04-09T00:11:28.592+0800][7719.231s] GC(695) Using 13 workers of 13 for evacuation
[2024-04-09T00:11:28.594+0800][7719.233s] GC(695)   Pre Evacuate Collection Set: 0.1ms
[2024-04-09T00:11:28.594+0800][7719.233s] GC(695)   Merge Heap Roots: 0.1ms
[2024-04-09T00:11:28.594+0800][7719.233s] GC(695)   Evacuate Collection Set: 1.6ms
[2024-04-09T00:11:28.594+0800][7719.233s] GC(695)   Post Evacuate Collection Set: 0.4ms
[2024-04-09T00:11:28.594+0800][7719.233s] GC(695)   Other: 0.1ms
[2024-04-09T00:11:28.594+0800][7719.233s] GC(695) Eden regions: 304->0(305)
[2024-04-09T00:11:28.594+0800][7719.233s] GC(695) Survivor regions: 3->2(39)
[2024-04-09T00:11:28.594+0800][7719.233s] GC(695) Old regions: 62->62
[2024-04-09T00:11:28.594+0800][7719.233s] GC(695) Humongous regions: 4->4
[2024-04-09T00:11:28.594+0800][7719.233s] GC(695) Metaspace: 68537K(69120K)->68537K(69120K) NonClass: 60832K(61120K)->60832K(61120K) Class: 7705K(8000K)->7705K(8000K)
[2024-04-09T00:11:28.594+0800][7719.233s] GC(695) Pause Young (Normal) (G1 Evacuation Pause) 371M->66M(512M) 2.414ms
[2024-04-09T00:11:28.594+0800][7719.233s] GC(695) User=0.00s Sys=0.00s Real=0.00s
[2024-04-09T00:11:29.934+0800][7720.573s] GC(696) Pause Young (Normal) (G1 Evacuation Pause)
[2024-04-09T00:11:29.934+0800][7720.573s] GC(696) Using 13 workers of 13 for evacuation
[2024-04-09T00:11:29.936+0800][7720.575s] GC(696)   Pre Evacuate Collection Set: 0.1ms
[2024-04-09T00:11:29.936+0800][7720.575s] GC(696)   Merge Heap Roots: 0.0ms
[2024-04-09T00:11:29.936+0800][7720.575s] GC(696)   Evacuate Collection Set: 1.1ms
[2024-04-09T00:11:29.936+0800][7720.575s] GC(696)   Post Evacuate Collection Set: 0.4ms
[2024-04-09T00:11:29.936+0800][7720.575s] GC(696)   Other: 0.1ms
[2024-04-09T00:11:29.936+0800][7720.575s] GC(696) Eden regions: 305->0(305)
[2024-04-09T00:11:29.936+0800][7720.575s] GC(696) Survivor regions: 2->2(39)
[2024-04-09T00:11:29.936+0800][7720.575s] GC(696) Old regions: 62->62
[2024-04-09T00:11:29.936+0800][7720.575s] GC(696) Humongous regions: 4->4
[2024-04-09T00:11:29.936+0800][7720.575s] GC(696) Metaspace: 68537K(69120K)->68537K(69120K) NonClass: 60832K(61120K)->60832K(61120K) Class: 7705K(8000K)->7705K(8000K)
[2024-04-09T00:11:29.936+0800][7720.575s] GC(696) Pause Young (Normal) (G1 Evacuation Pause) 371M->66M(512M) 1.937ms
[2024-04-09T00:11:29.936+0800][7720.575s] GC(696) User=0.00s Sys=0.00s Real=0.00s
[2024-04-09T00:11:31.337+0800][7721.975s] GC(697) Pause Young (Normal) (G1 Evacuation Pause)
[2024-04-09T00:11:31.337+0800][7721.975s] GC(697) Using 13 workers of 13 for evacuation
[2024-04-09T00:11:31.341+0800][7721.979s] GC(697)   Pre Evacuate Collection Set: 0.1ms
[2024-04-09T00:11:31.341+0800][7721.979s] GC(697)   Merge Heap Roots: 0.0ms
[2024-04-09T00:11:31.341+0800][7721.979s] GC(697)   Evacuate Collection Set: 3.3ms
[2024-04-09T00:11:31.341+0800][7721.979s] GC(697)   Post Evacuate Collection Set: 0.3ms
[2024-04-09T00:11:31.341+0800][7721.979s] GC(697)   Other: 0.1ms
[2024-04-09T00:11:31.341+0800][7721.980s] GC(697) Eden regions: 305->0(305)
[2024-04-09T00:11:31.341+0800][7721.980s] GC(697) Survivor regions: 2->2(39)
[2024-04-09T00:11:31.341+0800][7721.980s] GC(697) Old regions: 62->62
[2024-04-09T00:11:31.341+0800][7721.980s] GC(697) Humongous regions: 4->4
[2024-04-09T00:11:31.341+0800][7721.980s] GC(697) Metaspace: 68537K(69120K)->68537K(69120K) NonClass: 60832K(61120K)->60832K(61120K) Class: 7705K(8000K)->7705K(8000K)
[2024-04-09T00:11:31.341+0800][7721.980s] GC(697) Pause Young (Normal) (G1 Evacuation Pause) 371M->67M(512M) 4.170ms
[2024-04-09T00:11:31.341+0800][7721.980s] GC(697) User=0.19s Sys=0.02s Real=0.00s
[2024-04-09T00:11:32.639+0800][7723.278s] GC(698) Pause Young (Normal) (G1 Evacuation Pause)
[2024-04-09T00:11:32.639+0800][7723.278s] GC(698) Using 13 workers of 13 for evacuation
[2024-04-09T00:11:32.641+0800][7723.280s] GC(698)   Pre Evacuate Collection Set: 0.1ms
[2024-04-09T00:11:32.641+0800][7723.280s] GC(698)   Merge Heap Roots: 0.1ms
[2024-04-09T00:11:32.641+0800][7723.280s] GC(698)   Evacuate Collection Set: 1.5ms
[2024-04-09T00:11:32.641+0800][7723.280s] GC(698)   Post Evacuate Collection Set: 0.4ms
[2024-04-09T00:11:32.641+0800][7723.280s] GC(698)   Other: 0.1ms
[2024-04-09T00:11:32.641+0800][7723.280s] GC(698) Eden regions: 305->0(305)
[2024-04-09T00:11:32.641+0800][7723.280s] GC(698) Survivor regions: 2->2(39)
[2024-04-09T00:11:32.641+0800][7723.280s] GC(698) Old regions: 62->62
[2024-04-09T00:11:32.641+0800][7723.280s] GC(698) Humongous regions: 4->4
[2024-04-09T00:11:32.641+0800][7723.280s] GC(698) Metaspace: 68537K(69120K)->68537K(69120K) NonClass: 60832K(61120K)->60832K(61120K) Class: 7705K(8000K)->7705K(8000K)
[2024-04-09T00:11:32.641+0800][7723.280s] GC(698) Pause Young (Normal) (G1 Evacuation Pause) 372M->67M(512M) 2.504ms
[2024-04-09T00:11:32.641+0800][7723.280s] GC(698) User=0.00s Sys=0.00s Real=0.00s
[2024-04-09T00:11:33.906+0800][7724.545s] GC(699) Pause Young (Normal) (G1 Evacuation Pause)
[2024-04-09T00:11:33.906+0800][7724.545s] GC(699) Using 13 workers of 13 for evacuation
[2024-04-09T00:11:33.908+0800][7724.547s] GC(699)   Pre Evacuate Collection Set: 0.1ms
[2024-04-09T00:11:33.908+0800][7724.547s] GC(699)   Merge Heap Roots: 0.1ms
[2024-04-09T00:11:33.908+0800][7724.547s] GC(699)   Evacuate Collection Set: 1.5ms
[2024-04-09T00:11:33.908+0800][7724.547s] GC(699)   Post Evacuate Collection Set: 0.4ms
[2024-04-09T00:11:33.908+0800][7724.547s] GC(699)   Other: 0.1ms
[2024-04-09T00:11:33.908+0800][7724.547s] GC(699) Eden regions: 305->0(305)
[2024-04-09T00:11:33.908+0800][7724.547s] GC(699) Survivor regions: 2->2(39)
[2024-04-09T00:11:33.908+0800][7724.547s] GC(699) Old regions: 62->62
[2024-04-09T00:11:33.908+0800][7724.547s] GC(699) Humongous regions: 4->4
[2024-04-09T00:11:33.908+0800][7724.547s] GC(699) Metaspace: 68537K(69120K)->68537K(69120K) NonClass: 60832K(61120K)->60832K(61120K) Class: 7705K(8000K)->7705K(8000K)
[2024-04-09T00:11:33.908+0800][7724.547s] GC(699) Pause Young (Normal) (G1 Evacuation Pause) 372M->67M(512M) 2.389ms
[2024-04-09T00:11:33.908+0800][7724.547s] GC(699) User=0.00s Sys=0.00s Real=0.00s
[2024-04-09T00:11:35.207+0800][7725.846s] GC(700) Pause Young (Normal) (G1 Evacuation Pause)
[2024-04-09T00:11:35.207+0800][7725.846s] GC(700) Using 13 workers of 13 for evacuation
[2024-04-09T00:11:35.214+0800][7725.853s] GC(700)   Pre Evacuate Collection Set: 0.4ms
[2024-04-09T00:11:35.214+0800][7725.853s] GC(700)   Merge Heap Roots: 0.1ms
[2024-04-09T00:11:35.214+0800][7725.853s] GC(700)   Evacuate Collection Set: 5.1ms
[2024-04-09T00:11:35.214+0800][7725.853s] GC(700)   Post Evacuate Collection Set: 0.9ms
[2024-04-09T00:11:35.214+0800][7725.853s] GC(700)   Other: 0.2ms
[2024-04-09T00:11:35.214+0800][7725.853s] GC(700) Eden regions: 305->0(305)
[2024-04-09T00:11:35.214+0800][7725.853s] GC(700) Survivor regions: 2->2(39)
[2024-04-09T00:11:35.214+0800][7725.853s] GC(700) Old regions: 62->62
[2024-04-09T00:11:35.214+0800][7725.853s] GC(700) Humongous regions: 4->4
[2024-04-09T00:11:35.214+0800][7725.853s] GC(700) Metaspace: 68537K(69120K)->68537K(69120K) NonClass: 60832K(61120K)->60832K(61120K) Class: 7705K(8000K)->7705K(8000K)
[2024-04-09T00:11:35.214+0800][7725.853s] GC(700) Pause Young (Normal) (G1 Evacuation Pause) 372M->67M(512M) 7.223ms
[2024-04-09T00:11:35.214+0800][7725.853s] GC(700) User=0.03s Sys=0.00s Real=0.01s
[2024-04-09T00:11:36.507+0800][7727.146s] GC(701) Pause Young (Normal) (G1 Evacuation Pause)
[2024-04-09T00:11:36.507+0800][7727.146s] GC(701) Using 13 workers of 13 for evacuation
[2024-04-09T00:11:36.511+0800][7727.150s] GC(701)   Pre Evacuate Collection Set: 0.2ms
[2024-04-09T00:11:36.511+0800][7727.150s] GC(701)   Merge Heap Roots: 0.1ms
[2024-04-09T00:11:36.511+0800][7727.150s] GC(701)   Evacuate Collection Set: 2.2ms
[2024-04-09T00:11:36.511+0800][7727.150s] GC(701)   Post Evacuate Collection Set: 0.7ms
[2024-04-09T00:11:36.511+0800][7727.150s] GC(701)   Other: 0.1ms
[2024-04-09T00:11:36.511+0800][7727.150s] GC(701) Eden regions: 305->0(305)
[2024-04-09T00:11:36.511+0800][7727.150s] GC(701) Survivor regions: 2->2(39)
[2024-04-09T00:11:36.511+0800][7727.150s] GC(701) Old regions: 62->62
[2024-04-09T00:11:36.511+0800][7727.150s] GC(701) Humongous regions: 4->4
[2024-04-09T00:11:36.511+0800][7727.150s] GC(701) Metaspace: 68537K(69120K)->68537K(69120K) NonClass: 60832K(61120K)->60832K(61120K) Class: 7705K(8000K)->7705K(8000K)
[2024-04-09T00:11:36.511+0800][7727.150s] GC(701) Pause Young (Normal) (G1 Evacuation Pause) 372M->67M(512M) 3.668ms
[2024-04-09T00:11:36.511+0800][7727.150s] GC(701) User=0.03s Sys=0.00s Real=0.00s
[2024-04-09T00:11:37.884+0800][7728.523s] GC(702) Pause Young (Normal) (G1 Evacuation Pause)
[2024-04-09T00:11:37.884+0800][7728.523s] GC(702) Using 13 workers of 13 for evacuation
[2024-04-09T00:11:37.886+0800][7728.525s] GC(702)   Pre Evacuate Collection Set: 0.1ms
[2024-04-09T00:11:37.886+0800][7728.525s] GC(702)   Merge Heap Roots: 0.1ms
[2024-04-09T00:11:37.886+0800][7728.525s] GC(702)   Evacuate Collection Set: 1.5ms
[2024-04-09T00:11:37.886+0800][7728.525s] GC(702)   Post Evacuate Collection Set: 0.3ms
[2024-04-09T00:11:37.886+0800][7728.525s] GC(702)   Other: 0.1ms
[2024-04-09T00:11:37.886+0800][7728.525s] GC(702) Eden regions: 305->0(305)
[2024-04-09T00:11:37.886+0800][7728.525s] GC(702) Survivor regions: 2->2(39)
[2024-04-09T00:11:37.886+0800][7728.525s] GC(702) Old regions: 62->62
[2024-04-09T00:11:37.886+0800][7728.525s] GC(702) Humongous regions: 4->4
[2024-04-09T00:11:37.886+0800][7728.525s] GC(702) Metaspace: 68537K(69120K)->68537K(69120K) NonClass: 60832K(61120K)->60832K(61120K) Class: 7705K(8000K)->7705K(8000K)
[2024-04-09T00:11:37.886+0800][7728.525s] GC(702) Pause Young (Normal) (G1 Evacuation Pause) 372M->67M(512M) 2.312ms
[2024-04-09T00:11:37.886+0800][7728.525s] GC(702) User=0.05s Sys=0.02s Real=0.00s
[2024-04-09T00:11:39.346+0800][7729.986s] GC(703) Pause Young (Normal) (G1 Evacuation Pause)
[2024-04-09T00:11:39.346+0800][7729.986s] GC(703) Using 13 workers of 13 for evacuation
[2024-04-09T00:11:39.348+0800][7729.988s] GC(703)   Pre Evacuate Collection Set: 0.1ms
[2024-04-09T00:11:39.348+0800][7729.988s] GC(703)   Merge Heap Roots: 0.0ms
[2024-04-09T00:11:39.348+0800][7729.988s] GC(703)   Evacuate Collection Set: 1.4ms
[2024-04-09T00:11:39.348+0800][7729.988s] GC(703)   Post Evacuate Collection Set: 0.3ms
[2024-04-09T00:11:39.348+0800][7729.988s] GC(703)   Other: 0.1ms
[2024-04-09T00:11:39.348+0800][7729.988s] GC(703) Eden regions: 305->0(305)
[2024-04-09T00:11:39.348+0800][7729.988s] GC(703) Survivor regions: 2->2(39)
[2024-04-09T00:11:39.348+0800][7729.988s] GC(703) Old regions: 62->62
[2024-04-09T00:11:39.348+0800][7729.988s] GC(703) Humongous regions: 4->4
[2024-04-09T00:11:39.348+0800][7729.988s] GC(703) Metaspace: 68537K(69120K)->68537K(69120K) NonClass: 60832K(61120K)->60832K(61120K) Class: 7705K(8000K)->7705K(8000K)
[2024-04-09T00:11:39.348+0800][7729.988s] GC(703) Pause Young (Normal) (G1 Evacuation Pause) 372M->66M(512M) 2.147ms
[2024-04-09T00:11:39.348+0800][7729.988s] GC(703) User=0.00s Sys=0.00s Real=0.00s
[2024-04-09T00:11:40.733+0800][7731.372s] GC(704) Pause Young (Normal) (G1 Evacuation Pause)
[2024-04-09T00:11:40.733+0800][7731.372s] GC(704) Using 13 workers of 13 for evacuation
[2024-04-09T00:11:40.734+0800][7731.374s] GC(704)   Pre Evacuate Collection Set: 0.1ms
[2024-04-09T00:11:40.734+0800][7731.374s] GC(704)   Merge Heap Roots: 0.1ms
[2024-04-09T00:11:40.734+0800][7731.374s] GC(704)   Evacuate Collection Set: 1.0ms
[2024-04-09T00:11:40.734+0800][7731.374s] GC(704)   Post Evacuate Collection Set: 0.3ms
[2024-04-09T00:11:40.734+0800][7731.374s] GC(704)   Other: 0.1ms
[2024-04-09T00:11:40.734+0800][7731.374s] GC(704) Eden regions: 305->0(305)
[2024-04-09T00:11:40.734+0800][7731.374s] GC(704) Survivor regions: 2->2(39)
[2024-04-09T00:11:40.734+0800][7731.374s] GC(704) Old regions: 62->62
[2024-04-09T00:11:40.734+0800][7731.374s] GC(704) Humongous regions: 4->4
[2024-04-09T00:11:40.734+0800][7731.374s] GC(704) Metaspace: 68537K(69120K)->68537K(69120K) NonClass: 60832K(61120K)->60832K(61120K) Class: 7705K(8000K)->7705K(8000K)
[2024-04-09T00:11:40.734+0800][7731.374s] GC(704) Pause Young (Normal) (G1 Evacuation Pause) 371M->67M(512M) 1.718ms
[2024-04-09T00:11:40.734+0800][7731.374s] GC(704) User=0.00s Sys=0.00s Real=0.00s
[2024-04-09T00:11:42.194+0800][7732.834s] GC(705) Pause Young (Normal) (G1 Evacuation Pause)
[2024-04-09T00:11:42.194+0800][7732.834s] GC(705) Using 13 workers of 13 for evacuation
[2024-04-09T00:11:42.196+0800][7732.836s] GC(705)   Pre Evacuate Collection Set: 0.1ms
[2024-04-09T00:11:42.196+0800][7732.836s] GC(705)   Merge Heap Roots: 0.1ms
[2024-04-09T00:11:42.196+0800][7732.836s] GC(705)   Evacuate Collection Set: 1.4ms
[2024-04-09T00:11:42.197+0800][7732.836s] GC(705)   Post Evacuate Collection Set: 0.4ms
[2024-04-09T00:11:42.197+0800][7732.836s] GC(705)   Other: 0.1ms
[2024-04-09T00:11:42.197+0800][7732.836s] GC(705) Eden regions: 305->0(305)
[2024-04-09T00:11:42.197+0800][7732.836s] GC(705) Survivor regions: 2->2(39)
[2024-04-09T00:11:42.197+0800][7732.836s] GC(705) Old regions: 62->62
[2024-04-09T00:11:42.197+0800][7732.836s] GC(705) Humongous regions: 4->4
[2024-04-09T00:11:42.197+0800][7732.836s] GC(705) Metaspace: 68537K(69120K)->68537K(69120K) NonClass: 60832K(61120K)->60832K(61120K) Class: 7705K(8000K)->7705K(8000K)
[2024-04-09T00:11:42.197+0800][7732.836s] GC(705) Pause Young (Normal) (G1 Evacuation Pause) 372M->67M(512M) 2.373ms
[2024-04-09T00:11:42.197+0800][7732.836s] GC(705) User=0.00s Sys=0.02s Real=0.00s
[2024-04-09T00:11:43.470+0800][7734.109s] GC(706) Pause Young (Normal) (G1 Evacuation Pause)
[2024-04-09T00:11:43.470+0800][7734.109s] GC(706) Using 13 workers of 13 for evacuation
[2024-04-09T00:11:43.472+0800][7734.111s] GC(706)   Pre Evacuate Collection Set: 0.1ms
[2024-04-09T00:11:43.472+0800][7734.111s] GC(706)   Merge Heap Roots: 0.0ms
[2024-04-09T00:11:43.472+0800][7734.111s] GC(706)   Evacuate Collection Set: 1.4ms
[2024-04-09T00:11:43.472+0800][7734.111s] GC(706)   Post Evacuate Collection Set: 0.3ms
[2024-04-09T00:11:43.472+0800][7734.111s] GC(706)   Other: 0.1ms
[2024-04-09T00:11:43.472+0800][7734.111s] GC(706) Eden regions: 305->0(305)
[2024-04-09T00:11:43.472+0800][7734.111s] GC(706) Survivor regions: 2->2(39)
[2024-04-09T00:11:43.472+0800][7734.111s] GC(706) Old regions: 62->62
[2024-04-09T00:11:43.472+0800][7734.111s] GC(706) Humongous regions: 4->4
[2024-04-09T00:11:43.472+0800][7734.111s] GC(706) Metaspace: 68537K(69120K)->68537K(69120K) NonClass: 60832K(61120K)->60832K(61120K) Class: 7705K(8000K)->7705K(8000K)
[2024-04-09T00:11:43.472+0800][7734.111s] GC(706) Pause Young (Normal) (G1 Evacuation Pause) 372M->67M(512M) 2.162ms
[2024-04-09T00:11:43.472+0800][7734.111s] GC(706) User=0.00s Sys=0.00s Real=0.00s
[2024-04-09T00:11:44.728+0800][7735.367s] GC(707) Pause Young (Normal) (G1 Evacuation Pause)
[2024-04-09T00:11:44.728+0800][7735.367s] GC(707) Using 13 workers of 13 for evacuation
[2024-04-09T00:11:44.730+0800][7735.369s] GC(707)   Pre Evacuate Collection Set: 0.1ms
[2024-04-09T00:11:44.730+0800][7735.369s] GC(707)   Merge Heap Roots: 0.0ms
[2024-04-09T00:11:44.730+0800][7735.369s] GC(707)   Evacuate Collection Set: 1.2ms
[2024-04-09T00:11:44.730+0800][7735.369s] GC(707)   Post Evacuate Collection Set: 0.4ms
[2024-04-09T00:11:44.730+0800][7735.369s] GC(707)   Other: 0.1ms
[2024-04-09T00:11:44.730+0800][7735.369s] GC(707) Eden regions: 305->0(305)
[2024-04-09T00:11:44.730+0800][7735.369s] GC(707) Survivor regions: 2->2(39)
[2024-04-09T00:11:44.730+0800][7735.369s] GC(707) Old regions: 62->62
[2024-04-09T00:11:44.730+0800][7735.369s] GC(707) Humongous regions: 4->4
[2024-04-09T00:11:44.730+0800][7735.369s] GC(707) Metaspace: 68537K(69120K)->68537K(69120K) NonClass: 60832K(61120K)->60832K(61120K) Class: 7705K(8000K)->7705K(8000K)
[2024-04-09T00:11:44.730+0800][7735.369s] GC(707) Pause Young (Normal) (G1 Evacuation Pause) 372M->66M(512M) 2.063ms
[2024-04-09T00:11:44.730+0800][7735.369s] GC(707) User=0.02s Sys=0.00s Real=0.00s
[2024-04-09T00:11:45.976+0800][7736.615s] GC(708) Pause Young (Normal) (G1 Evacuation Pause)
[2024-04-09T00:11:45.976+0800][7736.615s] GC(708) Using 13 workers of 13 for evacuation
[2024-04-09T00:11:45.978+0800][7736.617s] GC(708)   Pre Evacuate Collection Set: 0.1ms
[2024-04-09T00:11:45.978+0800][7736.617s] GC(708)   Merge Heap Roots: 0.1ms
[2024-04-09T00:11:45.978+0800][7736.617s] GC(708)   Evacuate Collection Set: 1.5ms
[2024-04-09T00:11:45.978+0800][7736.617s] GC(708)   Post Evacuate Collection Set: 0.4ms
[2024-04-09T00:11:45.978+0800][7736.617s] GC(708)   Other: 0.1ms
[2024-04-09T00:11:45.978+0800][7736.618s] GC(708) Eden regions: 305->0(305)
[2024-04-09T00:11:45.978+0800][7736.618s] GC(708) Survivor regions: 2->2(39)
[2024-04-09T00:11:45.978+0800][7736.618s] GC(708) Old regions: 62->62
[2024-04-09T00:11:45.978+0800][7736.618s] GC(708) Humongous regions: 4->4
[2024-04-09T00:11:45.978+0800][7736.618s] GC(708) Metaspace: 68537K(69120K)->68537K(69120K) NonClass: 60832K(61120K)->60832K(61120K) Class: 7705K(8000K)->7705K(8000K)
[2024-04-09T00:11:45.978+0800][7736.618s] GC(708) Pause Young (Normal) (G1 Evacuation Pause) 371M->67M(512M) 2.417ms
[2024-04-09T00:11:45.978+0800][7736.618s] GC(708) User=0.00s Sys=0.00s Real=0.00s
[2024-04-09T00:11:47.286+0800][7737.926s] GC(709) Pause Young (Normal) (G1 Evacuation Pause)
[2024-04-09T00:11:47.286+0800][7737.926s] GC(709) Using 13 workers of 13 for evacuation
[2024-04-09T00:11:47.289+0800][7737.929s] GC(709)   Pre Evacuate Collection Set: 0.1ms
[2024-04-09T00:11:47.289+0800][7737.929s] GC(709)   Merge Heap Roots: 0.1ms
[2024-04-09T00:11:47.289+0800][7737.929s] GC(709)   Evacuate Collection Set: 1.4ms
[2024-04-09T00:11:47.289+0800][7737.929s] GC(709)   Post Evacuate Collection Set: 1.3ms
[2024-04-09T00:11:47.289+0800][7737.929s] GC(709)   Other: 0.1ms
[2024-04-09T00:11:47.290+0800][7737.929s] GC(709) Eden regions: 305->0(305)
[2024-04-09T00:11:47.290+0800][7737.929s] GC(709) Survivor regions: 2->2(39)
[2024-04-09T00:11:47.290+0800][7737.929s] GC(709) Old regions: 62->62
[2024-04-09T00:11:47.290+0800][7737.929s] GC(709) Humongous regions: 4->4
[2024-04-09T00:11:47.290+0800][7737.929s] GC(709) Metaspace: 68537K(69120K)->68537K(69120K) NonClass: 60832K(61120K)->60832K(61120K) Class: 7705K(8000K)->7705K(8000K)
[2024-04-09T00:11:47.290+0800][7737.929s] GC(709) Pause Young (Normal) (G1 Evacuation Pause) 372M->67M(512M) 3.214ms
[2024-04-09T00:11:47.290+0800][7737.929s] GC(709) User=0.00s Sys=0.00s Real=0.00s
[2024-04-09T00:11:48.542+0800][7739.182s] GC(710) Pause Young (Normal) (G1 Evacuation Pause)
[2024-04-09T00:11:48.542+0800][7739.182s] GC(710) Using 13 workers of 13 for evacuation
[2024-04-09T00:11:48.545+0800][7739.184s] GC(710)   Pre Evacuate Collection Set: 0.1ms
[2024-04-09T00:11:48.545+0800][7739.184s] GC(710)   Merge Heap Roots: 0.2ms
[2024-04-09T00:11:48.545+0800][7739.184s] GC(710)   Evacuate Collection Set: 1.4ms
[2024-04-09T00:11:48.545+0800][7739.184s] GC(710)   Post Evacuate Collection Set: 0.5ms
[2024-04-09T00:11:48.545+0800][7739.184s] GC(710)   Other: 0.1ms
[2024-04-09T00:11:48.545+0800][7739.184s] GC(710) Eden regions: 305->0(304)
[2024-04-09T00:11:48.545+0800][7739.184s] GC(710) Survivor regions: 2->3(39)
[2024-04-09T00:11:48.545+0800][7739.184s] GC(710) Old regions: 62->62
[2024-04-09T00:11:48.545+0800][7739.184s] GC(710) Humongous regions: 4->4
[2024-04-09T00:11:48.545+0800][7739.184s] GC(710) Metaspace: 68537K(69120K)->68537K(69120K) NonClass: 60832K(61120K)->60832K(61120K) Class: 7705K(8000K)->7705K(8000K)
[2024-04-09T00:11:48.545+0800][7739.184s] GC(710) Pause Young (Normal) (G1 Evacuation Pause) 372M->68M(512M) 2.681ms
[2024-04-09T00:11:48.545+0800][7739.184s] GC(710) User=0.00s Sys=0.00s Real=0.00s
[2024-04-09T00:11:49.790+0800][7740.429s] GC(711) Pause Young (Normal) (G1 Evacuation Pause)
[2024-04-09T00:11:49.790+0800][7740.430s] GC(711) Using 13 workers of 13 for evacuation
[2024-04-09T00:11:49.793+0800][7740.432s] GC(711)   Pre Evacuate Collection Set: 0.1ms
[2024-04-09T00:11:49.793+0800][7740.432s] GC(711)   Merge Heap Roots: 0.1ms
[2024-04-09T00:11:49.793+0800][7740.432s] GC(711)   Evacuate Collection Set: 1.9ms
[2024-04-09T00:11:49.793+0800][7740.432s] GC(711)   Post Evacuate Collection Set: 0.6ms
[2024-04-09T00:11:49.793+0800][7740.432s] GC(711)   Other: 0.1ms
[2024-04-09T00:11:49.793+0800][7740.433s] GC(711) Eden regions: 304->0(304)
[2024-04-09T00:11:49.793+0800][7740.433s] GC(711) Survivor regions: 3->3(39)
[2024-04-09T00:11:49.793+0800][7740.433s] GC(711) Old regions: 62->62
[2024-04-09T00:11:49.793+0800][7740.433s] GC(711) Humongous regions: 4->4
[2024-04-09T00:11:49.793+0800][7740.433s] GC(711) Metaspace: 68538K(69120K)->68538K(69120K) NonClass: 60833K(61120K)->60833K(61120K) Class: 7705K(8000K)->7705K(8000K)
[2024-04-09T00:11:49.793+0800][7740.433s] GC(711) Pause Young (Normal) (G1 Evacuation Pause) 372M->67M(512M) 3.113ms
[2024-04-09T00:11:49.793+0800][7740.433s] GC(711) User=0.12s Sys=0.02s Real=0.00s
[2024-04-09T00:11:51.063+0800][7741.702s] GC(712) Pause Young (Normal) (G1 Evacuation Pause)
[2024-04-09T00:11:51.063+0800][7741.702s] GC(712) Using 13 workers of 13 for evacuation
[2024-04-09T00:11:51.065+0800][7741.705s] GC(712)   Pre Evacuate Collection Set: 0.1ms
[2024-04-09T00:11:51.065+0800][7741.705s] GC(712)   Merge Heap Roots: 0.1ms
[2024-04-09T00:11:51.065+0800][7741.705s] GC(712)   Evacuate Collection Set: 1.8ms
[2024-04-09T00:11:51.065+0800][7741.705s] GC(712)   Post Evacuate Collection Set: 0.5ms
[2024-04-09T00:11:51.065+0800][7741.705s] GC(712)   Other: 0.1ms
[2024-04-09T00:11:51.065+0800][7741.705s] GC(712) Eden regions: 304->0(304)
[2024-04-09T00:11:51.065+0800][7741.705s] GC(712) Survivor regions: 3->3(39)
[2024-04-09T00:11:51.065+0800][7741.705s] GC(712) Old regions: 62->62
[2024-04-09T00:11:51.065+0800][7741.705s] GC(712) Humongous regions: 4->4
[2024-04-09T00:11:51.065+0800][7741.705s] GC(712) Metaspace: 68538K(69120K)->68538K(69120K) NonClass: 60833K(61120K)->60833K(61120K) Class: 7705K(8000K)->7705K(8000K)
[2024-04-09T00:11:51.065+0800][7741.705s] GC(712) Pause Young (Normal) (G1 Evacuation Pause) 371M->67M(512M) 2.766ms
[2024-04-09T00:11:51.065+0800][7741.705s] GC(712) User=0.00s Sys=0.00s Real=0.00s
[2024-04-09T00:11:52.311+0800][7742.950s] GC(713) Pause Young (Normal) (G1 Evacuation Pause)
[2024-04-09T00:11:52.311+0800][7742.950s] GC(713) Using 13 workers of 13 for evacuation
[2024-04-09T00:11:52.313+0800][7742.952s] GC(713)   Pre Evacuate Collection Set: 0.1ms
[2024-04-09T00:11:52.313+0800][7742.952s] GC(713)   Merge Heap Roots: 0.1ms
[2024-04-09T00:11:52.313+0800][7742.952s] GC(713)   Evacuate Collection Set: 1.4ms
[2024-04-09T00:11:52.313+0800][7742.952s] GC(713)   Post Evacuate Collection Set: 0.5ms
[2024-04-09T00:11:52.313+0800][7742.952s] GC(713)   Other: 0.1ms
[2024-04-09T00:11:52.313+0800][7742.952s] GC(713) Eden regions: 304->0(305)
[2024-04-09T00:11:52.313+0800][7742.952s] GC(713) Survivor regions: 3->2(39)
[2024-04-09T00:11:52.313+0800][7742.952s] GC(713) Old regions: 62->62
[2024-04-09T00:11:52.313+0800][7742.952s] GC(713) Humongous regions: 4->4
[2024-04-09T00:11:52.313+0800][7742.952s] GC(713) Metaspace: 68538K(69120K)->68538K(69120K) NonClass: 60833K(61120K)->60833K(61120K) Class: 7705K(8000K)->7705K(8000K)
[2024-04-09T00:11:52.313+0800][7742.952s] GC(713) Pause Young (Normal) (G1 Evacuation Pause) 371M->67M(512M) 2.426ms
[2024-04-09T00:11:52.313+0800][7742.952s] GC(713) User=0.00s Sys=0.00s Real=0.00s
[2024-04-09T00:11:53.554+0800][7744.194s] GC(714) Pause Young (Normal) (G1 Evacuation Pause)
[2024-04-09T00:11:53.554+0800][7744.194s] GC(714) Using 13 workers of 13 for evacuation
[2024-04-09T00:11:53.558+0800][7744.198s] GC(714)   Pre Evacuate Collection Set: 0.2ms
[2024-04-09T00:11:53.558+0800][7744.198s] GC(714)   Merge Heap Roots: 0.1ms
[2024-04-09T00:11:53.558+0800][7744.198s] GC(714)   Evacuate Collection Set: 3.0ms
[2024-04-09T00:11:53.558+0800][7744.198s] GC(714)   Post Evacuate Collection Set: 0.5ms
[2024-04-09T00:11:53.559+0800][7744.198s] GC(714)   Other: 0.1ms
[2024-04-09T00:11:53.559+0800][7744.198s] GC(714) Eden regions: 305->0(305)
[2024-04-09T00:11:53.559+0800][7744.198s] GC(714) Survivor regions: 2->2(39)
[2024-04-09T00:11:53.559+0800][7744.198s] GC(714) Old regions: 62->62
[2024-04-09T00:11:53.559+0800][7744.198s] GC(714) Humongous regions: 4->4
[2024-04-09T00:11:53.559+0800][7744.198s] GC(714) Metaspace: 68538K(69120K)->68538K(69120K) NonClass: 60833K(61120K)->60833K(61120K) Class: 7705K(8000K)->7705K(8000K)
[2024-04-09T00:11:53.559+0800][7744.198s] GC(714) Pause Young (Normal) (G1 Evacuation Pause) 372M->67M(512M) 4.258ms
[2024-04-09T00:11:53.559+0800][7744.198s] GC(714) User=0.20s Sys=0.00s Real=0.01s
[2024-04-09T00:11:54.802+0800][7745.442s] GC(715) Pause Young (Normal) (G1 Evacuation Pause)
[2024-04-09T00:11:54.802+0800][7745.442s] GC(715) Using 13 workers of 13 for evacuation
[2024-04-09T00:11:54.804+0800][7745.444s] GC(715)   Pre Evacuate Collection Set: 0.1ms
[2024-04-09T00:11:54.804+0800][7745.444s] GC(715)   Merge Heap Roots: 0.1ms
[2024-04-09T00:11:54.804+0800][7745.444s] GC(715)   Evacuate Collection Set: 1.2ms
[2024-04-09T00:11:54.804+0800][7745.444s] GC(715)   Post Evacuate Collection Set: 0.5ms
[2024-04-09T00:11:54.804+0800][7745.444s] GC(715)   Other: 0.1ms
[2024-04-09T00:11:54.804+0800][7745.444s] GC(715) Eden regions: 305->0(305)
[2024-04-09T00:11:54.804+0800][7745.444s] GC(715) Survivor regions: 2->2(39)
[2024-04-09T00:11:54.804+0800][7745.444s] GC(715) Old regions: 62->62
[2024-04-09T00:11:54.804+0800][7745.444s] GC(715) Humongous regions: 4->4
[2024-04-09T00:11:54.804+0800][7745.444s] GC(715) Metaspace: 68538K(69120K)->68538K(69120K) NonClass: 60833K(61120K)->60833K(61120K) Class: 7705K(8000K)->7705K(8000K)
[2024-04-09T00:11:54.804+0800][7745.444s] GC(715) Pause Young (Normal) (G1 Evacuation Pause) 372M->67M(512M) 2.130ms
[2024-04-09T00:11:54.804+0800][7745.444s] GC(715) User=0.00s Sys=0.00s Real=0.00s
[2024-04-09T00:11:56.075+0800][7746.714s] GC(716) Pause Young (Normal) (G1 Evacuation Pause)
[2024-04-09T00:11:56.075+0800][7746.714s] GC(716) Using 13 workers of 13 for evacuation
[2024-04-09T00:11:56.079+0800][7746.718s] GC(716)   Pre Evacuate Collection Set: 0.2ms
[2024-04-09T00:11:56.079+0800][7746.718s] GC(716)   Merge Heap Roots: 0.1ms
[2024-04-09T00:11:56.079+0800][7746.718s] GC(716)   Evacuate Collection Set: 3.0ms
[2024-04-09T00:11:56.079+0800][7746.718s] GC(716)   Post Evacuate Collection Set: 0.5ms
[2024-04-09T00:11:56.079+0800][7746.718s] GC(716)   Other: 0.1ms
[2024-04-09T00:11:56.079+0800][7746.718s] GC(716) Eden regions: 305->0(305)
[2024-04-09T00:11:56.079+0800][7746.718s] GC(716) Survivor regions: 2->2(39)
[2024-04-09T00:11:56.079+0800][7746.718s] GC(716) Old regions: 62->63
[2024-04-09T00:11:56.079+0800][7746.718s] GC(716) Humongous regions: 4->4
[2024-04-09T00:11:56.079+0800][7746.718s] GC(716) Metaspace: 68538K(69120K)->68538K(69120K) NonClass: 60833K(61120K)->60833K(61120K) Class: 7705K(8000K)->7705K(8000K)
[2024-04-09T00:11:56.079+0800][7746.718s] GC(716) Pause Young (Normal) (G1 Evacuation Pause) 372M->67M(512M) 4.095ms
[2024-04-09T00:11:56.079+0800][7746.718s] GC(716) User=0.00s Sys=0.00s Real=0.00s
[2024-04-09T00:11:57.296+0800][7747.935s] GC(717) Pause Young (Normal) (G1 Evacuation Pause)
[2024-04-09T00:11:57.296+0800][7747.935s] GC(717) Using 13 workers of 13 for evacuation
[2024-04-09T00:11:57.298+0800][7747.937s] GC(717)   Pre Evacuate Collection Set: 0.1ms
[2024-04-09T00:11:57.298+0800][7747.937s] GC(717)   Merge Heap Roots: 0.0ms
[2024-04-09T00:11:57.298+0800][7747.937s] GC(717)   Evacuate Collection Set: 1.4ms
[2024-04-09T00:11:57.298+0800][7747.937s] GC(717)   Post Evacuate Collection Set: 0.5ms
[2024-04-09T00:11:57.298+0800][7747.937s] GC(717)   Other: 0.1ms
[2024-04-09T00:11:57.298+0800][7747.937s] GC(717) Eden regions: 305->0(305)
[2024-04-09T00:11:57.298+0800][7747.937s] GC(717) Survivor regions: 2->2(39)
[2024-04-09T00:11:57.298+0800][7747.937s] GC(717) Old regions: 63->63
[2024-04-09T00:11:57.298+0800][7747.937s] GC(717) Humongous regions: 4->4
[2024-04-09T00:11:57.298+0800][7747.937s] GC(717) Metaspace: 68538K(69120K)->68538K(69120K) NonClass: 60833K(61120K)->60833K(61120K) Class: 7705K(8000K)->7705K(8000K)
[2024-04-09T00:11:57.298+0800][7747.937s] GC(717) Pause Young (Normal) (G1 Evacuation Pause) 372M->67M(512M) 2.500ms
[2024-04-09T00:11:57.298+0800][7747.937s] GC(717) User=0.00s Sys=0.00s Real=0.00s
[2024-04-09T00:11:58.542+0800][7749.181s] GC(718) Pause Young (Normal) (G1 Evacuation Pause)
[2024-04-09T00:11:58.542+0800][7749.181s] GC(718) Using 13 workers of 13 for evacuation
[2024-04-09T00:11:58.544+0800][7749.183s] GC(718)   Pre Evacuate Collection Set: 0.2ms
[2024-04-09T00:11:58.544+0800][7749.183s] GC(718)   Merge Heap Roots: 0.1ms
[2024-04-09T00:11:58.544+0800][7749.183s] GC(718)   Evacuate Collection Set: 1.3ms
[2024-04-09T00:11:58.544+0800][7749.183s] GC(718)   Post Evacuate Collection Set: 0.3ms
[2024-04-09T00:11:58.544+0800][7749.183s] GC(718)   Other: 0.1ms
[2024-04-09T00:11:58.544+0800][7749.183s] GC(718) Eden regions: 305->0(305)
[2024-04-09T00:11:58.544+0800][7749.183s] GC(718) Survivor regions: 2->2(39)
[2024-04-09T00:11:58.544+0800][7749.183s] GC(718) Old regions: 63->63
[2024-04-09T00:11:58.544+0800][7749.183s] GC(718) Humongous regions: 4->4
[2024-04-09T00:11:58.544+0800][7749.183s] GC(718) Metaspace: 68538K(69120K)->68538K(69120K) NonClass: 60833K(61120K)->60833K(61120K) Class: 7705K(8000K)->7705K(8000K)
[2024-04-09T00:11:58.544+0800][7749.183s] GC(718) Pause Young (Normal) (G1 Evacuation Pause) 372M->67M(512M) 2.229ms
[2024-04-09T00:11:58.544+0800][7749.183s] GC(718) User=0.00s Sys=0.00s Real=0.00s
[2024-04-09T00:11:59.773+0800][7750.412s] GC(719) Pause Young (Normal) (G1 Evacuation Pause)
[2024-04-09T00:11:59.773+0800][7750.413s] GC(719) Using 13 workers of 13 for evacuation
[2024-04-09T00:11:59.775+0800][7750.414s] GC(719)   Pre Evacuate Collection Set: 0.1ms
[2024-04-09T00:11:59.775+0800][7750.414s] GC(719)   Merge Heap Roots: 0.1ms
[2024-04-09T00:11:59.775+0800][7750.414s] GC(719)   Evacuate Collection Set: 1.2ms
[2024-04-09T00:11:59.775+0800][7750.414s] GC(719)   Post Evacuate Collection Set: 0.3ms
[2024-04-09T00:11:59.775+0800][7750.414s] GC(719)   Other: 0.1ms
[2024-04-09T00:11:59.775+0800][7750.414s] GC(719) Eden regions: 305->0(305)
[2024-04-09T00:11:59.775+0800][7750.414s] GC(719) Survivor regions: 2->2(39)
[2024-04-09T00:11:59.775+0800][7750.414s] GC(719) Old regions: 63->63
[2024-04-09T00:11:59.775+0800][7750.414s] GC(719) Humongous regions: 4->4
[2024-04-09T00:11:59.775+0800][7750.414s] GC(719) Metaspace: 68538K(69120K)->68538K(69120K) NonClass: 60833K(61120K)->60833K(61120K) Class: 7705K(8000K)->7705K(8000K)
[2024-04-09T00:11:59.775+0800][7750.414s] GC(719) Pause Young (Normal) (G1 Evacuation Pause) 372M->67M(512M) 1.962ms
[2024-04-09T00:11:59.775+0800][7750.414s] GC(719) User=0.00s Sys=0.00s Real=0.00s
[2024-04-09T00:12:01.021+0800][7751.660s] GC(720) Pause Young (Normal) (G1 Evacuation Pause)
[2024-04-09T00:12:01.021+0800][7751.660s] GC(720) Using 13 workers of 13 for evacuation
[2024-04-09T00:12:01.024+0800][7751.663s] GC(720)   Pre Evacuate Collection Set: 0.2ms
[2024-04-09T00:12:01.024+0800][7751.663s] GC(720)   Merge Heap Roots: 0.1ms
[2024-04-09T00:12:01.024+0800][7751.663s] GC(720)   Evacuate Collection Set: 1.6ms
[2024-04-09T00:12:01.024+0800][7751.663s] GC(720)   Post Evacuate Collection Set: 0.5ms
[2024-04-09T00:12:01.024+0800][7751.663s] GC(720)   Other: 0.1ms
[2024-04-09T00:12:01.024+0800][7751.663s] GC(720) Eden regions: 305->0(305)
[2024-04-09T00:12:01.024+0800][7751.663s] GC(720) Survivor regions: 2->2(39)
[2024-04-09T00:12:01.024+0800][7751.663s] GC(720) Old regions: 63->63
[2024-04-09T00:12:01.024+0800][7751.663s] GC(720) Humongous regions: 4->4
[2024-04-09T00:12:01.024+0800][7751.663s] GC(720) Metaspace: 68538K(69120K)->68538K(69120K) NonClass: 60833K(61120K)->60833K(61120K) Class: 7705K(8000K)->7705K(8000K)
[2024-04-09T00:12:01.024+0800][7751.663s] GC(720) Pause Young (Normal) (G1 Evacuation Pause) 372M->67M(512M) 2.616ms
[2024-04-09T00:12:01.024+0800][7751.663s] GC(720) User=0.00s Sys=0.00s Real=0.00s
[2024-04-09T00:12:02.276+0800][7752.915s] GC(721) Pause Young (Normal) (G1 Evacuation Pause)
[2024-04-09T00:12:02.276+0800][7752.915s] GC(721) Using 13 workers of 13 for evacuation
[2024-04-09T00:12:02.279+0800][7752.918s] GC(721)   Pre Evacuate Collection Set: 0.3ms
[2024-04-09T00:12:02.279+0800][7752.918s] GC(721)   Merge Heap Roots: 0.1ms
[2024-04-09T00:12:02.279+0800][7752.918s] GC(721)   Evacuate Collection Set: 2.4ms
[2024-04-09T00:12:02.279+0800][7752.918s] GC(721)   Post Evacuate Collection Set: 0.5ms
[2024-04-09T00:12:02.279+0800][7752.918s] GC(721)   Other: 0.1ms
[2024-04-09T00:12:02.279+0800][7752.919s] GC(721) Eden regions: 305->0(305)
[2024-04-09T00:12:02.279+0800][7752.919s] GC(721) Survivor regions: 2->2(39)
[2024-04-09T00:12:02.279+0800][7752.919s] GC(721) Old regions: 63->63
[2024-04-09T00:12:02.279+0800][7752.919s] GC(721) Humongous regions: 4->4
[2024-04-09T00:12:02.279+0800][7752.919s] GC(721) Metaspace: 68538K(69120K)->68538K(69120K) NonClass: 60833K(61120K)->60833K(61120K) Class: 7705K(8000K)->7705K(8000K)
[2024-04-09T00:12:02.279+0800][7752.919s] GC(721) Pause Young (Normal) (G1 Evacuation Pause) 372M->67M(512M) 3.671ms
[2024-04-09T00:12:02.280+0800][7752.919s] GC(721) User=0.00s Sys=0.00s Real=0.00s
[2024-04-09T00:12:03.526+0800][7754.166s] GC(722) Pause Young (Normal) (G1 Evacuation Pause)
[2024-04-09T00:12:03.527+0800][7754.166s] GC(722) Using 13 workers of 13 for evacuation
[2024-04-09T00:12:03.529+0800][7754.168s] GC(722)   Pre Evacuate Collection Set: 0.2ms
[2024-04-09T00:12:03.529+0800][7754.168s] GC(722)   Merge Heap Roots: 0.1ms
[2024-04-09T00:12:03.529+0800][7754.168s] GC(722)   Evacuate Collection Set: 1.4ms
[2024-04-09T00:12:03.529+0800][7754.168s] GC(722)   Post Evacuate Collection Set: 0.3ms
[2024-04-09T00:12:03.529+0800][7754.168s] GC(722)   Other: 0.1ms
[2024-04-09T00:12:03.529+0800][7754.168s] GC(722) Eden regions: 305->0(305)
[2024-04-09T00:12:03.529+0800][7754.168s] GC(722) Survivor regions: 2->2(39)
[2024-04-09T00:12:03.529+0800][7754.168s] GC(722) Old regions: 63->63
[2024-04-09T00:12:03.529+0800][7754.168s] GC(722) Humongous regions: 4->4
[2024-04-09T00:12:03.529+0800][7754.168s] GC(722) Metaspace: 68538K(69120K)->68538K(69120K) NonClass: 60833K(61120K)->60833K(61120K) Class: 7705K(8000K)->7705K(8000K)
[2024-04-09T00:12:03.529+0800][7754.168s] GC(722) Pause Young (Normal) (G1 Evacuation Pause) 372M->68M(512M) 2.426ms
[2024-04-09T00:12:03.529+0800][7754.168s] GC(722) User=0.00s Sys=0.00s Real=0.00s
[2024-04-09T00:12:04.742+0800][7755.381s] GC(723) Pause Young (Normal) (G1 Evacuation Pause)
[2024-04-09T00:12:04.742+0800][7755.381s] GC(723) Using 13 workers of 13 for evacuation
[2024-04-09T00:12:04.744+0800][7755.383s] GC(723)   Pre Evacuate Collection Set: 0.1ms
[2024-04-09T00:12:04.744+0800][7755.383s] GC(723)   Merge Heap Roots: 0.1ms
[2024-04-09T00:12:04.744+0800][7755.383s] GC(723)   Evacuate Collection Set: 1.5ms
[2024-04-09T00:12:04.744+0800][7755.384s] GC(723)   Post Evacuate Collection Set: 0.5ms
[2024-04-09T00:12:04.744+0800][7755.384s] GC(723)   Other: 0.1ms
[2024-04-09T00:12:04.744+0800][7755.384s] GC(723) Eden regions: 305->0(305)
[2024-04-09T00:12:04.744+0800][7755.384s] GC(723) Survivor regions: 2->2(39)
[2024-04-09T00:12:04.744+0800][7755.384s] GC(723) Old regions: 63->63
[2024-04-09T00:12:04.744+0800][7755.384s] GC(723) Humongous regions: 4->4
[2024-04-09T00:12:04.745+0800][7755.384s] GC(723) Metaspace: 68538K(69120K)->68538K(69120K) NonClass: 60833K(61120K)->60833K(61120K) Class: 7705K(8000K)->7705K(8000K)
[2024-04-09T00:12:04.745+0800][7755.384s] GC(723) Pause Young (Normal) (G1 Evacuation Pause) 373M->67M(512M) 2.502ms
[2024-04-09T00:12:04.745+0800][7755.384s] GC(723) User=0.03s Sys=0.00s Real=0.00s
[2024-04-09T00:12:05.961+0800][7756.600s] GC(724) Pause Young (Normal) (G1 Evacuation Pause)
[2024-04-09T00:12:05.961+0800][7756.600s] GC(724) Using 13 workers of 13 for evacuation
[2024-04-09T00:12:05.963+0800][7756.602s] GC(724)   Pre Evacuate Collection Set: 0.1ms
[2024-04-09T00:12:05.963+0800][7756.602s] GC(724)   Merge Heap Roots: 0.0ms
[2024-04-09T00:12:05.963+0800][7756.602s] GC(724)   Evacuate Collection Set: 1.4ms
[2024-04-09T00:12:05.963+0800][7756.602s] GC(724)   Post Evacuate Collection Set: 0.4ms
[2024-04-09T00:12:05.963+0800][7756.602s] GC(724)   Other: 0.1ms
[2024-04-09T00:12:05.963+0800][7756.602s] GC(724) Eden regions: 305->0(305)
[2024-04-09T00:12:05.963+0800][7756.602s] GC(724) Survivor regions: 2->2(39)
[2024-04-09T00:12:05.963+0800][7756.602s] GC(724) Old regions: 63->63
[2024-04-09T00:12:05.963+0800][7756.602s] GC(724) Humongous regions: 4->4
[2024-04-09T00:12:05.963+0800][7756.602s] GC(724) Metaspace: 68538K(69120K)->68538K(69120K) NonClass: 60833K(61120K)->60833K(61120K) Class: 7705K(8000K)->7705K(8000K)
[2024-04-09T00:12:05.963+0800][7756.602s] GC(724) Pause Young (Normal) (G1 Evacuation Pause) 372M->67M(512M) 2.160ms
[2024-04-09T00:12:05.963+0800][7756.602s] GC(724) User=0.02s Sys=0.00s Real=0.00s
[2024-04-09T00:12:07.237+0800][7757.876s] GC(725) Pause Young (Normal) (G1 Evacuation Pause)
[2024-04-09T00:12:07.237+0800][7757.876s] GC(725) Using 13 workers of 13 for evacuation
[2024-04-09T00:12:07.240+0800][7757.879s] GC(725)   Pre Evacuate Collection Set: 0.1ms
[2024-04-09T00:12:07.240+0800][7757.879s] GC(725)   Merge Heap Roots: 0.1ms
[2024-04-09T00:12:07.240+0800][7757.879s] GC(725)   Evacuate Collection Set: 1.8ms
[2024-04-09T00:12:07.240+0800][7757.879s] GC(725)   Post Evacuate Collection Set: 0.5ms
[2024-04-09T00:12:07.240+0800][7757.879s] GC(725)   Other: 0.1ms
[2024-04-09T00:12:07.240+0800][7757.879s] GC(725) Eden regions: 305->0(305)
[2024-04-09T00:12:07.240+0800][7757.879s] GC(725) Survivor regions: 2->2(39)
[2024-04-09T00:12:07.240+0800][7757.879s] GC(725) Old regions: 63->63
[2024-04-09T00:12:07.240+0800][7757.879s] GC(725) Humongous regions: 4->4
[2024-04-09T00:12:07.240+0800][7757.879s] GC(725) Metaspace: 68538K(69120K)->68538K(69120K) NonClass: 60833K(61120K)->60833K(61120K) Class: 7705K(8000K)->7705K(8000K)
[2024-04-09T00:12:07.240+0800][7757.879s] GC(725) Pause Young (Normal) (G1 Evacuation Pause) 372M->67M(512M) 2.908ms
[2024-04-09T00:12:07.240+0800][7757.879s] GC(725) User=0.00s Sys=0.00s Real=0.00s
[2024-04-09T00:12:08.449+0800][7759.088s] GC(726) Pause Young (Normal) (G1 Evacuation Pause)
[2024-04-09T00:12:08.449+0800][7759.089s] GC(726) Using 13 workers of 13 for evacuation
[2024-04-09T00:12:08.451+0800][7759.090s] GC(726)   Pre Evacuate Collection Set: 0.1ms
[2024-04-09T00:12:08.451+0800][7759.090s] GC(726)   Merge Heap Roots: 0.1ms
[2024-04-09T00:12:08.451+0800][7759.090s] GC(726)   Evacuate Collection Set: 1.2ms
[2024-04-09T00:12:08.451+0800][7759.090s] GC(726)   Post Evacuate Collection Set: 0.4ms
[2024-04-09T00:12:08.451+0800][7759.090s] GC(726)   Other: 0.1ms
[2024-04-09T00:12:08.451+0800][7759.090s] GC(726) Eden regions: 305->0(305)
[2024-04-09T00:12:08.451+0800][7759.090s] GC(726) Survivor regions: 2->2(39)
[2024-04-09T00:12:08.451+0800][7759.090s] GC(726) Old regions: 63->63
[2024-04-09T00:12:08.451+0800][7759.090s] GC(726) Humongous regions: 4->4
[2024-04-09T00:12:08.451+0800][7759.090s] GC(726) Metaspace: 68538K(69120K)->68538K(69120K) NonClass: 60833K(61120K)->60833K(61120K) Class: 7705K(8000K)->7705K(8000K)
[2024-04-09T00:12:08.451+0800][7759.091s] GC(726) Pause Young (Normal) (G1 Evacuation Pause) 372M->67M(512M) 2.059ms
[2024-04-09T00:12:08.451+0800][7759.091s] GC(726) User=0.00s Sys=0.00s Real=0.00s
[2024-04-09T00:12:09.722+0800][7760.361s] GC(727) Pause Young (Normal) (G1 Evacuation Pause)
[2024-04-09T00:12:09.722+0800][7760.361s] GC(727) Using 13 workers of 13 for evacuation
[2024-04-09T00:12:09.724+0800][7760.364s] GC(727)   Pre Evacuate Collection Set: 0.1ms
[2024-04-09T00:12:09.725+0800][7760.364s] GC(727)   Merge Heap Roots: 0.1ms
[2024-04-09T00:12:09.725+0800][7760.364s] GC(727)   Evacuate Collection Set: 1.7ms
[2024-04-09T00:12:09.725+0800][7760.364s] GC(727)   Post Evacuate Collection Set: 0.4ms
[2024-04-09T00:12:09.725+0800][7760.364s] GC(727)   Other: 0.1ms
[2024-04-09T00:12:09.725+0800][7760.364s] GC(727) Eden regions: 305->0(305)
[2024-04-09T00:12:09.725+0800][7760.364s] GC(727) Survivor regions: 2->2(39)
[2024-04-09T00:12:09.725+0800][7760.364s] GC(727) Old regions: 63->63
[2024-04-09T00:12:09.725+0800][7760.364s] GC(727) Humongous regions: 4->4
[2024-04-09T00:12:09.725+0800][7760.364s] GC(727) Metaspace: 68538K(69120K)->68538K(69120K) NonClass: 60833K(61120K)->60833K(61120K) Class: 7705K(8000K)->7705K(8000K)
[2024-04-09T00:12:09.725+0800][7760.364s] GC(727) Pause Young (Normal) (G1 Evacuation Pause) 372M->67M(512M) 2.694ms
[2024-04-09T00:12:09.725+0800][7760.364s] GC(727) User=0.00s Sys=0.00s Real=0.00s
[2024-04-09T00:12:10.972+0800][7761.612s] GC(728) Pause Young (Normal) (G1 Evacuation Pause)
[2024-04-09T00:12:10.972+0800][7761.612s] GC(728) Using 13 workers of 13 for evacuation
[2024-04-09T00:12:10.974+0800][7761.614s] GC(728)   Pre Evacuate Collection Set: 0.1ms
[2024-04-09T00:12:10.974+0800][7761.614s] GC(728)   Merge Heap Roots: 0.0ms
[2024-04-09T00:12:10.974+0800][7761.614s] GC(728)   Evacuate Collection Set: 1.3ms
[2024-04-09T00:12:10.974+0800][7761.614s] GC(728)   Post Evacuate Collection Set: 0.3ms
[2024-04-09T00:12:10.974+0800][7761.614s] GC(728)   Other: 0.1ms
[2024-04-09T00:12:10.974+0800][7761.614s] GC(728) Eden regions: 305->0(305)
[2024-04-09T00:12:10.974+0800][7761.614s] GC(728) Survivor regions: 2->2(39)
[2024-04-09T00:12:10.974+0800][7761.614s] GC(728) Old regions: 63->63
[2024-04-09T00:12:10.974+0800][7761.614s] GC(728) Humongous regions: 4->4
[2024-04-09T00:12:10.974+0800][7761.614s] GC(728) Metaspace: 68538K(69120K)->68538K(69120K) NonClass: 60833K(61120K)->60833K(61120K) Class: 7705K(8000K)->7705K(8000K)
[2024-04-09T00:12:10.974+0800][7761.614s] GC(728) Pause Young (Normal) (G1 Evacuation Pause) 372M->68M(512M) 2.016ms
[2024-04-09T00:12:10.974+0800][7761.614s] GC(728) User=0.00s Sys=0.00s Real=0.00s
[2024-04-09T00:12:12.177+0800][7762.817s] GC(729) Pause Young (Normal) (G1 Evacuation Pause)
[2024-04-09T00:12:12.177+0800][7762.817s] GC(729) Using 13 workers of 13 for evacuation
[2024-04-09T00:12:12.180+0800][7762.820s] GC(729)   Pre Evacuate Collection Set: 0.1ms
[2024-04-09T00:12:12.180+0800][7762.820s] GC(729)   Merge Heap Roots: 0.1ms
[2024-04-09T00:12:12.180+0800][7762.820s] GC(729)   Evacuate Collection Set: 2.8ms
[2024-04-09T00:12:12.180+0800][7762.820s] GC(729)   Post Evacuate Collection Set: 0.3ms
[2024-04-09T00:12:12.180+0800][7762.820s] GC(729)   Other: 0.1ms
[2024-04-09T00:12:12.180+0800][7762.820s] GC(729) Eden regions: 305->0(304)
[2024-04-09T00:12:12.180+0800][7762.820s] GC(729) Survivor regions: 2->3(39)
[2024-04-09T00:12:12.180+0800][7762.820s] GC(729) Old regions: 63->63
[2024-04-09T00:12:12.181+0800][7762.820s] GC(729) Humongous regions: 4->4
[2024-04-09T00:12:12.181+0800][7762.820s] GC(729) Metaspace: 68538K(69120K)->68538K(69120K) NonClass: 60833K(61120K)->60833K(61120K) Class: 7705K(8000K)->7705K(8000K)
[2024-04-09T00:12:12.181+0800][7762.820s] GC(729) Pause Young (Normal) (G1 Evacuation Pause) 373M->68M(512M) 3.628ms
[2024-04-09T00:12:12.181+0800][7762.820s] GC(729) User=0.00s Sys=0.02s Real=0.00s
[2024-04-09T00:12:13.379+0800][7764.019s] GC(730) Pause Young (Normal) (G1 Evacuation Pause)
[2024-04-09T00:12:13.379+0800][7764.019s] GC(730) Using 13 workers of 13 for evacuation
[2024-04-09T00:12:13.382+0800][7764.021s] GC(730)   Pre Evacuate Collection Set: 0.2ms
[2024-04-09T00:12:13.382+0800][7764.021s] GC(730)   Merge Heap Roots: 0.1ms
[2024-04-09T00:12:13.382+0800][7764.021s] GC(730)   Evacuate Collection Set: 1.4ms
[2024-04-09T00:12:13.382+0800][7764.021s] GC(730)   Post Evacuate Collection Set: 0.4ms
[2024-04-09T00:12:13.382+0800][7764.021s] GC(730)   Other: 0.1ms
[2024-04-09T00:12:13.382+0800][7764.021s] GC(730) Eden regions: 304->0(305)
[2024-04-09T00:12:13.382+0800][7764.021s] GC(730) Survivor regions: 3->2(39)
[2024-04-09T00:12:13.382+0800][7764.021s] GC(730) Old regions: 63->63
[2024-04-09T00:12:13.382+0800][7764.021s] GC(730) Humongous regions: 4->4
[2024-04-09T00:12:13.382+0800][7764.021s] GC(730) Metaspace: 68538K(69120K)->68538K(69120K) NonClass: 60833K(61120K)->60833K(61120K) Class: 7705K(8000K)->7705K(8000K)
[2024-04-09T00:12:13.382+0800][7764.021s] GC(730) Pause Young (Normal) (G1 Evacuation Pause) 372M->67M(512M) 2.279ms
[2024-04-09T00:12:13.382+0800][7764.021s] GC(730) User=0.00s Sys=0.00s Real=0.00s
[2024-04-09T00:12:14.585+0800][7765.225s] GC(731) Pause Young (Normal) (G1 Evacuation Pause)
[2024-04-09T00:12:14.585+0800][7765.225s] GC(731) Using 13 workers of 13 for evacuation
[2024-04-09T00:12:14.588+0800][7765.227s] GC(731)   Pre Evacuate Collection Set: 0.1ms
[2024-04-09T00:12:14.588+0800][7765.227s] GC(731)   Merge Heap Roots: 0.1ms
[2024-04-09T00:12:14.588+0800][7765.227s] GC(731)   Evacuate Collection Set: 1.6ms
[2024-04-09T00:12:14.588+0800][7765.228s] GC(731)   Post Evacuate Collection Set: 0.5ms
[2024-04-09T00:12:14.588+0800][7765.228s] GC(731)   Other: 0.1ms
[2024-04-09T00:12:14.588+0800][7765.228s] GC(731) Eden regions: 305->0(305)
[2024-04-09T00:12:14.588+0800][7765.228s] GC(731) Survivor regions: 2->2(39)
[2024-04-09T00:12:14.588+0800][7765.228s] GC(731) Old regions: 63->63
[2024-04-09T00:12:14.588+0800][7765.228s] GC(731) Humongous regions: 4->4
[2024-04-09T00:12:14.588+0800][7765.228s] GC(731) Metaspace: 68538K(69120K)->68538K(69120K) NonClass: 60833K(61120K)->60833K(61120K) Class: 7705K(8000K)->7705K(8000K)
[2024-04-09T00:12:14.588+0800][7765.228s] GC(731) Pause Young (Normal) (G1 Evacuation Pause) 372M->68M(512M) 2.766ms
[2024-04-09T00:12:14.588+0800][7765.228s] GC(731) User=0.05s Sys=0.00s Real=0.00s
[2024-04-09T00:12:15.825+0800][7766.465s] GC(732) Pause Young (Normal) (G1 Evacuation Pause)
[2024-04-09T00:12:15.825+0800][7766.465s] GC(732) Using 13 workers of 13 for evacuation
[2024-04-09T00:12:15.828+0800][7766.468s] GC(732)   Pre Evacuate Collection Set: 0.1ms
[2024-04-09T00:12:15.828+0800][7766.468s] GC(732)   Merge Heap Roots: 0.1ms
[2024-04-09T00:12:15.828+0800][7766.468s] GC(732)   Evacuate Collection Set: 1.6ms
[2024-04-09T00:12:15.828+0800][7766.468s] GC(732)   Post Evacuate Collection Set: 1.0ms
[2024-04-09T00:12:15.828+0800][7766.468s] GC(732)   Other: 0.1ms
[2024-04-09T00:12:15.828+0800][7766.468s] GC(732) Eden regions: 305->0(304)
[2024-04-09T00:12:15.828+0800][7766.468s] GC(732) Survivor regions: 2->3(39)
[2024-04-09T00:12:15.828+0800][7766.468s] GC(732) Old regions: 63->63
[2024-04-09T00:12:15.828+0800][7766.468s] GC(732) Humongous regions: 4->4
[2024-04-09T00:12:15.828+0800][7766.468s] GC(732) Metaspace: 68538K(69120K)->68538K(69120K) NonClass: 60833K(61120K)->60833K(61120K) Class: 7705K(8000K)->7705K(8000K)
[2024-04-09T00:12:15.828+0800][7766.468s] GC(732) Pause Young (Normal) (G1 Evacuation Pause) 373M->68M(512M) 3.134ms
[2024-04-09T00:12:15.828+0800][7766.468s] GC(732) User=0.00s Sys=0.00s Real=0.00s
[2024-04-09T00:12:17.119+0800][7767.759s] GC(733) Pause Young (Normal) (G1 Evacuation Pause)
[2024-04-09T00:12:17.119+0800][7767.759s] GC(733) Using 13 workers of 13 for evacuation
[2024-04-09T00:12:17.121+0800][7767.761s] GC(733)   Pre Evacuate Collection Set: 0.1ms
[2024-04-09T00:12:17.121+0800][7767.761s] GC(733)   Merge Heap Roots: 0.1ms
[2024-04-09T00:12:17.121+0800][7767.761s] GC(733)   Evacuate Collection Set: 1.3ms
[2024-04-09T00:12:17.121+0800][7767.761s] GC(733)   Post Evacuate Collection Set: 0.4ms
[2024-04-09T00:12:17.121+0800][7767.761s] GC(733)   Other: 0.1ms
[2024-04-09T00:12:17.121+0800][7767.761s] GC(733) Eden regions: 304->0(305)
[2024-04-09T00:12:17.121+0800][7767.761s] GC(733) Survivor regions: 3->2(39)
[2024-04-09T00:12:17.121+0800][7767.761s] GC(733) Old regions: 63->63
[2024-04-09T00:12:17.121+0800][7767.761s] GC(733) Humongous regions: 4->4
[2024-04-09T00:12:17.121+0800][7767.761s] GC(733) Metaspace: 68538K(69120K)->68538K(69120K) NonClass: 60833K(61120K)->60833K(61120K) Class: 7705K(8000K)->7705K(8000K)
[2024-04-09T00:12:17.121+0800][7767.761s] GC(733) Pause Young (Normal) (G1 Evacuation Pause) 372M->68M(512M) 2.237ms
[2024-04-09T00:12:17.121+0800][7767.761s] GC(733) User=0.00s Sys=0.00s Real=0.00s
[2024-04-09T00:12:18.324+0800][7768.964s] GC(734) Pause Young (Normal) (G1 Evacuation Pause)
[2024-04-09T00:12:18.324+0800][7768.964s] GC(734) Using 13 workers of 13 for evacuation
[2024-04-09T00:12:18.326+0800][7768.966s] GC(734)   Pre Evacuate Collection Set: 0.1ms
[2024-04-09T00:12:18.326+0800][7768.966s] GC(734)   Merge Heap Roots: 0.1ms
[2024-04-09T00:12:18.326+0800][7768.966s] GC(734)   Evacuate Collection Set: 1.1ms
[2024-04-09T00:12:18.326+0800][7768.966s] GC(734)   Post Evacuate Collection Set: 0.3ms
[2024-04-09T00:12:18.326+0800][7768.966s] GC(734)   Other: 0.1ms
[2024-04-09T00:12:18.326+0800][7768.966s] GC(734) Eden regions: 305->0(305)
[2024-04-09T00:12:18.326+0800][7768.966s] GC(734) Survivor regions: 2->2(39)
[2024-04-09T00:12:18.326+0800][7768.966s] GC(734) Old regions: 63->63
[2024-04-09T00:12:18.326+0800][7768.966s] GC(734) Humongous regions: 4->4
[2024-04-09T00:12:18.326+0800][7768.966s] GC(734) Metaspace: 68538K(69120K)->68538K(69120K) NonClass: 60833K(61120K)->60833K(61120K) Class: 7705K(8000K)->7705K(8000K)
[2024-04-09T00:12:18.326+0800][7768.966s] GC(734) Pause Young (Normal) (G1 Evacuation Pause) 373M->67M(512M) 2.024ms
[2024-04-09T00:12:18.326+0800][7768.966s] GC(734) User=0.00s Sys=0.00s Real=0.00s
[2024-04-09T00:12:19.519+0800][7770.159s] GC(735) Pause Young (Normal) (G1 Evacuation Pause)
[2024-04-09T00:12:19.519+0800][7770.159s] GC(735) Using 13 workers of 13 for evacuation
[2024-04-09T00:12:19.521+0800][7770.161s] GC(735)   Pre Evacuate Collection Set: 0.1ms
[2024-04-09T00:12:19.521+0800][7770.161s] GC(735)   Merge Heap Roots: 0.0ms
[2024-04-09T00:12:19.521+0800][7770.161s] GC(735)   Evacuate Collection Set: 1.5ms
[2024-04-09T00:12:19.521+0800][7770.161s] GC(735)   Post Evacuate Collection Set: 0.3ms
[2024-04-09T00:12:19.521+0800][7770.161s] GC(735)   Other: 0.1ms
[2024-04-09T00:12:19.521+0800][7770.161s] GC(735) Eden regions: 305->0(305)
[2024-04-09T00:12:19.521+0800][7770.161s] GC(735) Survivor regions: 2->2(39)
[2024-04-09T00:12:19.521+0800][7770.161s] GC(735) Old regions: 63->63
[2024-04-09T00:12:19.521+0800][7770.161s] GC(735) Humongous regions: 4->4
[2024-04-09T00:12:19.521+0800][7770.161s] GC(735) Metaspace: 68538K(69120K)->68538K(69120K) NonClass: 60833K(61120K)->60833K(61120K) Class: 7705K(8000K)->7705K(8000K)
[2024-04-09T00:12:19.521+0800][7770.161s] GC(735) Pause Young (Normal) (G1 Evacuation Pause) 372M->68M(512M) 2.212ms
[2024-04-09T00:12:19.521+0800][7770.161s] GC(735) User=0.00s Sys=0.00s Real=0.00s
[2024-04-09T00:12:20.757+0800][7771.397s] GC(736) Pause Young (Normal) (G1 Evacuation Pause)
[2024-04-09T00:12:20.757+0800][7771.397s] GC(736) Using 13 workers of 13 for evacuation
[2024-04-09T00:12:20.760+0800][7771.400s] GC(736)   Pre Evacuate Collection Set: 0.1ms
[2024-04-09T00:12:20.760+0800][7771.400s] GC(736)   Merge Heap Roots: 0.1ms
[2024-04-09T00:12:20.760+0800][7771.400s] GC(736)   Evacuate Collection Set: 2.0ms
[2024-04-09T00:12:20.760+0800][7771.400s] GC(736)   Post Evacuate Collection Set: 0.4ms
[2024-04-09T00:12:20.760+0800][7771.400s] GC(736)   Other: 0.1ms
[2024-04-09T00:12:20.760+0800][7771.400s] GC(736) Eden regions: 305->0(305)
[2024-04-09T00:12:20.760+0800][7771.400s] GC(736) Survivor regions: 2->2(39)
[2024-04-09T00:12:20.760+0800][7771.400s] GC(736) Old regions: 63->63
[2024-04-09T00:12:20.760+0800][7771.400s] GC(736) Humongous regions: 4->4
[2024-04-09T00:12:20.760+0800][7771.400s] GC(736) Metaspace: 68538K(69120K)->68538K(69120K) NonClass: 60833K(61120K)->60833K(61120K) Class: 7705K(8000K)->7705K(8000K)
[2024-04-09T00:12:20.760+0800][7771.400s] GC(736) Pause Young (Normal) (G1 Evacuation Pause) 373M->67M(512M) 2.895ms
[2024-04-09T00:12:20.760+0800][7771.400s] GC(736) User=0.08s Sys=0.00s Real=0.00s
[2024-04-09T00:12:21.957+0800][7772.597s] GC(737) Pause Young (Normal) (G1 Evacuation Pause)
[2024-04-09T00:12:21.957+0800][7772.597s] GC(737) Using 13 workers of 13 for evacuation
[2024-04-09T00:12:21.960+0800][7772.599s] GC(737)   Pre Evacuate Collection Set: 0.2ms
[2024-04-09T00:12:21.960+0800][7772.599s] GC(737)   Merge Heap Roots: 0.1ms
[2024-04-09T00:12:21.960+0800][7772.599s] GC(737)   Evacuate Collection Set: 1.6ms
[2024-04-09T00:12:21.960+0800][7772.599s] GC(737)   Post Evacuate Collection Set: 0.4ms
[2024-04-09T00:12:21.960+0800][7772.599s] GC(737)   Other: 0.1ms
[2024-04-09T00:12:21.960+0800][7772.599s] GC(737) Eden regions: 305->0(305)
[2024-04-09T00:12:21.960+0800][7772.599s] GC(737) Survivor regions: 2->2(39)
[2024-04-09T00:12:21.960+0800][7772.599s] GC(737) Old regions: 63->63
[2024-04-09T00:12:21.960+0800][7772.599s] GC(737) Humongous regions: 4->4
[2024-04-09T00:12:21.960+0800][7772.599s] GC(737) Metaspace: 68538K(69120K)->68538K(69120K) NonClass: 60833K(61120K)->60833K(61120K) Class: 7705K(8000K)->7705K(8000K)
[2024-04-09T00:12:21.960+0800][7772.599s] GC(737) Pause Young (Normal) (G1 Evacuation Pause) 372M->68M(512M) 2.616ms
[2024-04-09T00:12:21.960+0800][7772.599s] GC(737) User=0.00s Sys=0.00s Real=0.00s
[2024-04-09T00:12:23.181+0800][7773.820s] GC(738) Pause Young (Normal) (G1 Evacuation Pause)
[2024-04-09T00:12:23.181+0800][7773.820s] GC(738) Using 13 workers of 13 for evacuation
[2024-04-09T00:12:23.183+0800][7773.822s] GC(738)   Pre Evacuate Collection Set: 0.1ms
[2024-04-09T00:12:23.183+0800][7773.822s] GC(738)   Merge Heap Roots: 0.1ms
[2024-04-09T00:12:23.183+0800][7773.822s] GC(738)   Evacuate Collection Set: 1.2ms
[2024-04-09T00:12:23.183+0800][7773.822s] GC(738)   Post Evacuate Collection Set: 0.4ms
[2024-04-09T00:12:23.183+0800][7773.822s] GC(738)   Other: 0.1ms
[2024-04-09T00:12:23.183+0800][7773.822s] GC(738) Eden regions: 305->0(305)
[2024-04-09T00:12:23.183+0800][7773.822s] GC(738) Survivor regions: 2->2(39)
[2024-04-09T00:12:23.183+0800][7773.822s] GC(738) Old regions: 63->63
[2024-04-09T00:12:23.183+0800][7773.822s] GC(738) Humongous regions: 4->4
[2024-04-09T00:12:23.183+0800][7773.822s] GC(738) Metaspace: 68538K(69120K)->68538K(69120K) NonClass: 60833K(61120K)->60833K(61120K) Class: 7705K(8000K)->7705K(8000K)
[2024-04-09T00:12:23.183+0800][7773.822s] GC(738) Pause Young (Normal) (G1 Evacuation Pause) 373M->68M(512M) 2.109ms
[2024-04-09T00:12:23.183+0800][7773.822s] GC(738) User=0.03s Sys=0.00s Real=0.00s
[2024-04-09T00:12:24.394+0800][7775.034s] GC(739) Pause Young (Normal) (G1 Evacuation Pause)
[2024-04-09T00:12:24.395+0800][7775.034s] GC(739) Using 13 workers of 13 for evacuation
[2024-04-09T00:12:24.397+0800][7775.037s] GC(739)   Pre Evacuate Collection Set: 0.1ms
[2024-04-09T00:12:24.397+0800][7775.037s] GC(739)   Merge Heap Roots: 0.1ms
[2024-04-09T00:12:24.397+0800][7775.037s] GC(739)   Evacuate Collection Set: 1.5ms
[2024-04-09T00:12:24.397+0800][7775.037s] GC(739)   Post Evacuate Collection Set: 0.8ms
[2024-04-09T00:12:24.398+0800][7775.037s] GC(739)   Other: 0.1ms
[2024-04-09T00:12:24.398+0800][7775.037s] GC(739) Eden regions: 305->0(305)
[2024-04-09T00:12:24.398+0800][7775.037s] GC(739) Survivor regions: 2->2(39)
[2024-04-09T00:12:24.398+0800][7775.037s] GC(739) Old regions: 63->63
[2024-04-09T00:12:24.398+0800][7775.037s] GC(739) Humongous regions: 4->4
[2024-04-09T00:12:24.398+0800][7775.037s] GC(739) Metaspace: 68538K(69120K)->68538K(69120K) NonClass: 60833K(61120K)->60833K(61120K) Class: 7705K(8000K)->7705K(8000K)
[2024-04-09T00:12:24.398+0800][7775.037s] GC(739) Pause Young (Normal) (G1 Evacuation Pause) 373M->67M(512M) 3.257ms
[2024-04-09T00:12:24.398+0800][7775.037s] GC(739) User=0.00s Sys=0.00s Real=0.00s
[2024-04-09T00:12:25.659+0800][7776.298s] GC(740) Pause Young (Normal) (G1 Evacuation Pause)
[2024-04-09T00:12:25.659+0800][7776.298s] GC(740) Using 13 workers of 13 for evacuation
[2024-04-09T00:12:25.661+0800][7776.300s] GC(740)   Pre Evacuate Collection Set: 0.1ms
[2024-04-09T00:12:25.661+0800][7776.300s] GC(740)   Merge Heap Roots: 0.1ms
[2024-04-09T00:12:25.661+0800][7776.300s] GC(740)   Evacuate Collection Set: 1.7ms
[2024-04-09T00:12:25.661+0800][7776.300s] GC(740)   Post Evacuate Collection Set: 0.4ms
[2024-04-09T00:12:25.661+0800][7776.300s] GC(740)   Other: 0.1ms
[2024-04-09T00:12:25.661+0800][7776.301s] GC(740) Eden regions: 305->0(305)
[2024-04-09T00:12:25.661+0800][7776.301s] GC(740) Survivor regions: 2->2(39)
[2024-04-09T00:12:25.661+0800][7776.301s] GC(740) Old regions: 63->63
[2024-04-09T00:12:25.661+0800][7776.301s] GC(740) Humongous regions: 4->4
[2024-04-09T00:12:25.661+0800][7776.301s] GC(740) Metaspace: 68538K(69120K)->68538K(69120K) NonClass: 60833K(61120K)->60833K(61120K) Class: 7705K(8000K)->7705K(8000K)
[2024-04-09T00:12:25.661+0800][7776.301s] GC(740) Pause Young (Normal) (G1 Evacuation Pause) 372M->68M(512M) 2.652ms
[2024-04-09T00:12:25.661+0800][7776.301s] GC(740) User=0.00s Sys=0.00s Real=0.00s
[2024-04-09T00:12:26.878+0800][7777.517s] GC(741) Pause Young (Normal) (G1 Evacuation Pause)
[2024-04-09T00:12:26.878+0800][7777.517s] GC(741) Using 13 workers of 13 for evacuation
[2024-04-09T00:12:26.880+0800][7777.519s] GC(741)   Pre Evacuate Collection Set: 0.1ms
[2024-04-09T00:12:26.880+0800][7777.519s] GC(741)   Merge Heap Roots: 0.1ms
[2024-04-09T00:12:26.880+0800][7777.519s] GC(741)   Evacuate Collection Set: 1.4ms
[2024-04-09T00:12:26.880+0800][7777.519s] GC(741)   Post Evacuate Collection Set: 0.4ms
[2024-04-09T00:12:26.880+0800][7777.519s] GC(741)   Other: 0.1ms
[2024-04-09T00:12:26.880+0800][7777.519s] GC(741) Eden regions: 305->0(304)
[2024-04-09T00:12:26.880+0800][7777.520s] GC(741) Survivor regions: 2->3(39)
[2024-04-09T00:12:26.880+0800][7777.520s] GC(741) Old regions: 63->63
[2024-04-09T00:12:26.880+0800][7777.520s] GC(741) Humongous regions: 4->4
[2024-04-09T00:12:26.880+0800][7777.520s] GC(741) Metaspace: 68538K(69120K)->68538K(69120K) NonClass: 60833K(61120K)->60833K(61120K) Class: 7705K(8000K)->7705K(8000K)
[2024-04-09T00:12:26.880+0800][7777.520s] GC(741) Pause Young (Normal) (G1 Evacuation Pause) 373M->68M(512M) 2.456ms
[2024-04-09T00:12:26.880+0800][7777.520s] GC(741) User=0.00s Sys=0.00s Real=0.00s
[2024-04-09T00:12:28.125+0800][7778.764s] GC(742) Pause Young (Normal) (G1 Evacuation Pause)
[2024-04-09T00:12:28.125+0800][7778.764s] GC(742) Using 13 workers of 13 for evacuation
[2024-04-09T00:12:28.127+0800][7778.766s] GC(742)   Pre Evacuate Collection Set: 0.1ms
[2024-04-09T00:12:28.127+0800][7778.766s] GC(742)   Merge Heap Roots: 0.1ms
[2024-04-09T00:12:28.127+0800][7778.766s] GC(742)   Evacuate Collection Set: 1.2ms
[2024-04-09T00:12:28.127+0800][7778.766s] GC(742)   Post Evacuate Collection Set: 0.3ms
[2024-04-09T00:12:28.127+0800][7778.766s] GC(742)   Other: 0.1ms
[2024-04-09T00:12:28.127+0800][7778.766s] GC(742) Eden regions: 304->0(305)
[2024-04-09T00:12:28.127+0800][7778.766s] GC(742) Survivor regions: 3->2(39)
[2024-04-09T00:12:28.127+0800][7778.766s] GC(742) Old regions: 63->63
[2024-04-09T00:12:28.127+0800][7778.766s] GC(742) Humongous regions: 4->4
[2024-04-09T00:12:28.127+0800][7778.766s] GC(742) Metaspace: 68538K(69120K)->68538K(69120K) NonClass: 60833K(61120K)->60833K(61120K) Class: 7705K(8000K)->7705K(8000K)
[2024-04-09T00:12:28.127+0800][7778.766s] GC(742) Pause Young (Normal) (G1 Evacuation Pause) 372M->67M(512M) 1.963ms
[2024-04-09T00:12:28.127+0800][7778.766s] GC(742) User=0.00s Sys=0.00s Real=0.00s
[2024-04-09T00:12:29.347+0800][7779.986s] GC(743) Pause Young (Normal) (G1 Evacuation Pause)
[2024-04-09T00:12:29.347+0800][7779.986s] GC(743) Using 13 workers of 13 for evacuation
[2024-04-09T00:12:29.350+0800][7779.989s] GC(743)   Pre Evacuate Collection Set: 0.1ms
[2024-04-09T00:12:29.350+0800][7779.989s] GC(743)   Merge Heap Roots: 0.1ms
[2024-04-09T00:12:29.350+0800][7779.989s] GC(743)   Evacuate Collection Set: 2.1ms
[2024-04-09T00:12:29.350+0800][7779.989s] GC(743)   Post Evacuate Collection Set: 0.4ms
[2024-04-09T00:12:29.350+0800][7779.989s] GC(743)   Other: 0.1ms
[2024-04-09T00:12:29.350+0800][7779.989s] GC(743) Eden regions: 305->0(305)
[2024-04-09T00:12:29.350+0800][7779.989s] GC(743) Survivor regions: 2->2(39)
[2024-04-09T00:12:29.350+0800][7779.989s] GC(743) Old regions: 63->63
[2024-04-09T00:12:29.350+0800][7779.989s] GC(743) Humongous regions: 4->4
[2024-04-09T00:12:29.350+0800][7779.989s] GC(743) Metaspace: 68538K(69120K)->68538K(69120K) NonClass: 60833K(61120K)->60833K(61120K) Class: 7705K(8000K)->7705K(8000K)
[2024-04-09T00:12:29.350+0800][7779.989s] GC(743) Pause Young (Normal) (G1 Evacuation Pause) 372M->67M(512M) 3.037ms
[2024-04-09T00:12:29.350+0800][7779.989s] GC(743) User=0.00s Sys=0.00s Real=0.00s
[2024-04-09T00:12:30.607+0800][7781.246s] GC(744) Pause Young (Normal) (G1 Evacuation Pause)
[2024-04-09T00:12:30.607+0800][7781.246s] GC(744) Using 13 workers of 13 for evacuation
[2024-04-09T00:12:30.609+0800][7781.248s] GC(744)   Pre Evacuate Collection Set: 0.1ms
[2024-04-09T00:12:30.609+0800][7781.248s] GC(744)   Merge Heap Roots: 0.1ms
[2024-04-09T00:12:30.609+0800][7781.248s] GC(744)   Evacuate Collection Set: 1.4ms
[2024-04-09T00:12:30.609+0800][7781.248s] GC(744)   Post Evacuate Collection Set: 0.8ms
[2024-04-09T00:12:30.609+0800][7781.248s] GC(744)   Other: 0.1ms
[2024-04-09T00:12:30.609+0800][7781.248s] GC(744) Eden regions: 305->0(305)
[2024-04-09T00:12:30.609+0800][7781.248s] GC(744) Survivor regions: 2->2(39)
[2024-04-09T00:12:30.609+0800][7781.248s] GC(744) Old regions: 63->63
[2024-04-09T00:12:30.609+0800][7781.248s] GC(744) Humongous regions: 4->4
[2024-04-09T00:12:30.609+0800][7781.248s] GC(744) Metaspace: 68538K(69120K)->68538K(69120K) NonClass: 60833K(61120K)->60833K(61120K) Class: 7705K(8000K)->7705K(8000K)
[2024-04-09T00:12:30.609+0800][7781.248s] GC(744) Pause Young (Normal) (G1 Evacuation Pause) 372M->68M(512M) 2.611ms
[2024-04-09T00:12:30.609+0800][7781.248s] GC(744) User=0.00s Sys=0.00s Real=0.00s
[2024-04-09T00:12:31.814+0800][7782.453s] GC(745) Pause Young (Normal) (G1 Evacuation Pause)
[2024-04-09T00:12:31.814+0800][7782.453s] GC(745) Using 13 workers of 13 for evacuation
[2024-04-09T00:12:31.818+0800][7782.457s] GC(745)   Pre Evacuate Collection Set: 0.1ms
[2024-04-09T00:12:31.818+0800][7782.457s] GC(745)   Merge Heap Roots: 0.1ms
[2024-04-09T00:12:31.818+0800][7782.457s] GC(745)   Evacuate Collection Set: 2.9ms
[2024-04-09T00:12:31.818+0800][7782.457s] GC(745)   Post Evacuate Collection Set: 0.3ms
[2024-04-09T00:12:31.818+0800][7782.457s] GC(745)   Other: 0.1ms
[2024-04-09T00:12:31.818+0800][7782.457s] GC(745) Eden regions: 305->0(304)
[2024-04-09T00:12:31.818+0800][7782.457s] GC(745) Survivor regions: 2->3(39)
[2024-04-09T00:12:31.818+0800][7782.457s] GC(745) Old regions: 63->63
[2024-04-09T00:12:31.818+0800][7782.457s] GC(745) Humongous regions: 4->4
[2024-04-09T00:12:31.818+0800][7782.457s] GC(745) Metaspace: 68538K(69120K)->68538K(69120K) NonClass: 60833K(61120K)->60833K(61120K) Class: 7705K(8000K)->7705K(8000K)
[2024-04-09T00:12:31.818+0800][7782.457s] GC(745) Pause Young (Normal) (G1 Evacuation Pause) 373M->68M(512M) 3.646ms
[2024-04-09T00:12:31.818+0800][7782.457s] GC(745) User=0.00s Sys=0.00s Real=0.00s
[2024-04-09T00:12:33.078+0800][7783.717s] GC(746) Pause Young (Normal) (G1 Evacuation Pause)
[2024-04-09T00:12:33.078+0800][7783.717s] GC(746) Using 13 workers of 13 for evacuation
[2024-04-09T00:12:33.080+0800][7783.719s] GC(746)   Pre Evacuate Collection Set: 0.1ms
[2024-04-09T00:12:33.080+0800][7783.719s] GC(746)   Merge Heap Roots: 0.1ms
[2024-04-09T00:12:33.080+0800][7783.719s] GC(746)   Evacuate Collection Set: 1.5ms
[2024-04-09T00:12:33.080+0800][7783.719s] GC(746)   Post Evacuate Collection Set: 0.5ms
[2024-04-09T00:12:33.081+0800][7783.719s] GC(746)   Other: 0.1ms
[2024-04-09T00:12:33.081+0800][7783.719s] GC(746) Eden regions: 304->0(305)
[2024-04-09T00:12:33.081+0800][7783.719s] GC(746) Survivor regions: 3->2(39)
[2024-04-09T00:12:33.081+0800][7783.719s] GC(746) Old regions: 63->63
[2024-04-09T00:12:33.081+0800][7783.720s] GC(746) Humongous regions: 4->4
[2024-04-09T00:12:33.081+0800][7783.720s] GC(746) Metaspace: 68538K(69120K)->68538K(69120K) NonClass: 60833K(61120K)->60833K(61120K) Class: 7705K(8000K)->7705K(8000K)
[2024-04-09T00:12:33.081+0800][7783.720s] GC(746) Pause Young (Normal) (G1 Evacuation Pause) 372M->68M(512M) 2.605ms
[2024-04-09T00:12:33.081+0800][7783.720s] GC(746) User=0.00s Sys=0.00s Real=0.00s
[2024-04-09T00:12:34.325+0800][7784.964s] GC(747) Pause Young (Normal) (G1 Evacuation Pause)
[2024-04-09T00:12:34.325+0800][7784.964s] GC(747) Using 13 workers of 13 for evacuation
[2024-04-09T00:12:34.327+0800][7784.966s] GC(747)   Pre Evacuate Collection Set: 0.2ms
[2024-04-09T00:12:34.327+0800][7784.966s] GC(747)   Merge Heap Roots: 0.1ms
[2024-04-09T00:12:34.327+0800][7784.966s] GC(747)   Evacuate Collection Set: 1.5ms
[2024-04-09T00:12:34.327+0800][7784.966s] GC(747)   Post Evacuate Collection Set: 0.3ms
[2024-04-09T00:12:34.327+0800][7784.966s] GC(747)   Other: 0.1ms
[2024-04-09T00:12:34.327+0800][7784.966s] GC(747) Eden regions: 305->0(305)
[2024-04-09T00:12:34.327+0800][7784.966s] GC(747) Survivor regions: 2->2(39)
[2024-04-09T00:12:34.327+0800][7784.966s] GC(747) Old regions: 63->63
[2024-04-09T00:12:34.327+0800][7784.966s] GC(747) Humongous regions: 4->4
[2024-04-09T00:12:34.327+0800][7784.966s] GC(747) Metaspace: 68538K(69120K)->68538K(69120K) NonClass: 60833K(61120K)->60833K(61120K) Class: 7705K(8000K)->7705K(8000K)
[2024-04-09T00:12:34.327+0800][7784.966s] GC(747) Pause Young (Normal) (G1 Evacuation Pause) 373M->68M(512M) 2.282ms
[2024-04-09T00:12:34.327+0800][7784.966s] GC(747) User=0.00s Sys=0.00s Real=0.00s
[2024-04-09T00:12:35.539+0800][7786.178s] GC(748) Pause Young (Normal) (G1 Evacuation Pause)
[2024-04-09T00:12:35.539+0800][7786.178s] GC(748) Using 13 workers of 13 for evacuation
[2024-04-09T00:12:35.540+0800][7786.179s] GC(748)   Pre Evacuate Collection Set: 0.1ms
[2024-04-09T00:12:35.540+0800][7786.179s] GC(748)   Merge Heap Roots: 0.1ms
[2024-04-09T00:12:35.540+0800][7786.179s] GC(748)   Evacuate Collection Set: 1.1ms
[2024-04-09T00:12:35.540+0800][7786.179s] GC(748)   Post Evacuate Collection Set: 0.3ms
[2024-04-09T00:12:35.540+0800][7786.179s] GC(748)   Other: 0.1ms
[2024-04-09T00:12:35.541+0800][7786.179s] GC(748) Eden regions: 305->0(305)
[2024-04-09T00:12:35.541+0800][7786.179s] GC(748) Survivor regions: 2->2(39)
[2024-04-09T00:12:35.541+0800][7786.179s] GC(748) Old regions: 63->63
[2024-04-09T00:12:35.541+0800][7786.180s] GC(748) Humongous regions: 4->4
[2024-04-09T00:12:35.541+0800][7786.180s] GC(748) Metaspace: 68538K(69120K)->68538K(69120K) NonClass: 60833K(61120K)->60833K(61120K) Class: 7705K(8000K)->7705K(8000K)
[2024-04-09T00:12:35.541+0800][7786.180s] GC(748) Pause Young (Normal) (G1 Evacuation Pause) 373M->68M(512M) 1.843ms
[2024-04-09T00:12:35.541+0800][7786.180s] GC(748) User=0.02s Sys=0.00s Real=0.00s
[2024-04-09T00:12:36.766+0800][7787.405s] GC(749) Pause Young (Normal) (G1 Evacuation Pause)
[2024-04-09T00:12:36.766+0800][7787.405s] GC(749) Using 13 workers of 13 for evacuation
[2024-04-09T00:12:36.768+0800][7787.408s] GC(749)   Pre Evacuate Collection Set: 0.2ms
[2024-04-09T00:12:36.768+0800][7787.408s] GC(749)   Merge Heap Roots: 0.1ms
[2024-04-09T00:12:36.768+0800][7787.408s] GC(749)   Evacuate Collection Set: 1.5ms
[2024-04-09T00:12:36.768+0800][7787.408s] GC(749)   Post Evacuate Collection Set: 0.5ms
[2024-04-09T00:12:36.768+0800][7787.408s] GC(749)   Other: 0.1ms
[2024-04-09T00:12:36.768+0800][7787.408s] GC(749) Eden regions: 305->0(305)
[2024-04-09T00:12:36.769+0800][7787.408s] GC(749) Survivor regions: 2->2(39)
[2024-04-09T00:12:36.769+0800][7787.408s] GC(749) Old regions: 63->63
[2024-04-09T00:12:36.769+0800][7787.408s] GC(749) Humongous regions: 4->4
[2024-04-09T00:12:36.769+0800][7787.408s] GC(749) Metaspace: 68538K(69120K)->68538K(69120K) NonClass: 60833K(61120K)->60833K(61120K) Class: 7705K(8000K)->7705K(8000K)
[2024-04-09T00:12:36.769+0800][7787.408s] GC(749) Pause Young (Normal) (G1 Evacuation Pause) 373M->68M(512M) 2.632ms
[2024-04-09T00:12:36.769+0800][7787.408s] GC(749) User=0.00s Sys=0.00s Real=0.00s
[2024-04-09T00:12:37.998+0800][7788.638s] GC(750) Pause Young (Normal) (G1 Evacuation Pause)
[2024-04-09T00:12:37.999+0800][7788.638s] GC(750) Using 13 workers of 13 for evacuation
[2024-04-09T00:12:38.001+0800][7788.641s] GC(750)   Pre Evacuate Collection Set: 0.3ms
[2024-04-09T00:12:38.001+0800][7788.641s] GC(750)   Merge Heap Roots: 0.1ms
[2024-04-09T00:12:38.001+0800][7788.641s] GC(750)   Evacuate Collection Set: 1.5ms
[2024-04-09T00:12:38.001+0800][7788.641s] GC(750)   Post Evacuate Collection Set: 0.5ms
[2024-04-09T00:12:38.001+0800][7788.641s] GC(750)   Other: 0.1ms
[2024-04-09T00:12:38.001+0800][7788.641s] GC(750) Eden regions: 305->0(305)
[2024-04-09T00:12:38.001+0800][7788.641s] GC(750) Survivor regions: 2->2(39)
[2024-04-09T00:12:38.001+0800][7788.641s] GC(750) Old regions: 63->63
[2024-04-09T00:12:38.001+0800][7788.641s] GC(750) Humongous regions: 4->4
[2024-04-09T00:12:38.002+0800][7788.641s] GC(750) Metaspace: 68538K(69120K)->68538K(69120K) NonClass: 60833K(61120K)->60833K(61120K) Class: 7705K(8000K)->7705K(8000K)
[2024-04-09T00:12:38.002+0800][7788.641s] GC(750) Pause Young (Normal) (G1 Evacuation Pause) 373M->68M(512M) 3.066ms
[2024-04-09T00:12:38.002+0800][7788.641s] GC(750) User=0.00s Sys=0.00s Real=0.00s
[2024-04-09T00:12:39.258+0800][7789.898s] GC(751) Pause Young (Normal) (G1 Evacuation Pause)
[2024-04-09T00:12:39.258+0800][7789.898s] GC(751) Using 13 workers of 13 for evacuation
[2024-04-09T00:12:39.261+0800][7789.900s] GC(751)   Pre Evacuate Collection Set: 0.1ms
[2024-04-09T00:12:39.261+0800][7789.900s] GC(751)   Merge Heap Roots: 0.1ms
[2024-04-09T00:12:39.261+0800][7789.900s] GC(751)   Evacuate Collection Set: 1.4ms
[2024-04-09T00:12:39.261+0800][7789.900s] GC(751)   Post Evacuate Collection Set: 0.4ms
[2024-04-09T00:12:39.261+0800][7789.900s] GC(751)   Other: 0.1ms
[2024-04-09T00:12:39.261+0800][7789.900s] GC(751) Eden regions: 305->0(305)
[2024-04-09T00:12:39.261+0800][7789.900s] GC(751) Survivor regions: 2->2(39)
[2024-04-09T00:12:39.261+0800][7789.900s] GC(751) Old regions: 63->63
[2024-04-09T00:12:39.261+0800][7789.900s] GC(751) Humongous regions: 4->4
[2024-04-09T00:12:39.261+0800][7789.900s] GC(751) Metaspace: 68538K(69120K)->68538K(69120K) NonClass: 60833K(61120K)->60833K(61120K) Class: 7705K(8000K)->7705K(8000K)
[2024-04-09T00:12:39.261+0800][7789.900s] GC(751) Pause Young (Normal) (G1 Evacuation Pause) 373M->68M(512M) 2.526ms
[2024-04-09T00:12:39.261+0800][7789.900s] GC(751) User=0.03s Sys=0.00s Real=0.00s
[2024-04-09T00:12:40.538+0800][7791.178s] GC(752) Pause Young (Normal) (G1 Evacuation Pause)
[2024-04-09T00:12:40.538+0800][7791.178s] GC(752) Using 13 workers of 13 for evacuation
[2024-04-09T00:12:40.542+0800][7791.181s] GC(752)   Pre Evacuate Collection Set: 0.2ms
[2024-04-09T00:12:40.542+0800][7791.181s] GC(752)   Merge Heap Roots: 0.5ms
[2024-04-09T00:12:40.542+0800][7791.181s] GC(752)   Evacuate Collection Set: 2.1ms
[2024-04-09T00:12:40.542+0800][7791.181s] GC(752)   Post Evacuate Collection Set: 0.5ms
[2024-04-09T00:12:40.542+0800][7791.181s] GC(752)   Other: 0.1ms
[2024-04-09T00:12:40.542+0800][7791.181s] GC(752) Eden regions: 305->0(305)
[2024-04-09T00:12:40.542+0800][7791.181s] GC(752) Survivor regions: 2->2(39)
[2024-04-09T00:12:40.542+0800][7791.181s] GC(752) Old regions: 63->63
[2024-04-09T00:12:40.542+0800][7791.181s] GC(752) Humongous regions: 4->4
[2024-04-09T00:12:40.542+0800][7791.181s] GC(752) Metaspace: 68538K(69120K)->68538K(69120K) NonClass: 60833K(61120K)->60833K(61120K) Class: 7705K(8000K)->7705K(8000K)
[2024-04-09T00:12:40.542+0800][7791.181s] GC(752) Pause Young (Normal) (G1 Evacuation Pause) 373M->68M(512M) 3.675ms
[2024-04-09T00:12:40.542+0800][7791.181s] GC(752) User=0.03s Sys=0.00s Real=0.00s
[2024-04-09T00:12:41.813+0800][7792.452s] GC(753) Pause Young (Normal) (G1 Evacuation Pause)
[2024-04-09T00:12:41.813+0800][7792.452s] GC(753) Using 13 workers of 13 for evacuation
[2024-04-09T00:12:41.816+0800][7792.456s] GC(753)   Pre Evacuate Collection Set: 0.2ms
[2024-04-09T00:12:41.816+0800][7792.456s] GC(753)   Merge Heap Roots: 0.1ms
[2024-04-09T00:12:41.816+0800][7792.456s] GC(753)   Evacuate Collection Set: 2.8ms
[2024-04-09T00:12:41.816+0800][7792.456s] GC(753)   Post Evacuate Collection Set: 0.5ms
[2024-04-09T00:12:41.816+0800][7792.456s] GC(753)   Other: 0.1ms
[2024-04-09T00:12:41.816+0800][7792.456s] GC(753) Eden regions: 305->0(305)
[2024-04-09T00:12:41.816+0800][7792.456s] GC(753) Survivor regions: 2->2(39)
[2024-04-09T00:12:41.817+0800][7792.456s] GC(753) Old regions: 63->63
[2024-04-09T00:12:41.817+0800][7792.456s] GC(753) Humongous regions: 4->4
[2024-04-09T00:12:41.817+0800][7792.456s] GC(753) Metaspace: 68538K(69120K)->68538K(69120K) NonClass: 60833K(61120K)->60833K(61120K) Class: 7705K(8000K)->7705K(8000K)
[2024-04-09T00:12:41.817+0800][7792.456s] GC(753) Pause Young (Normal) (G1 Evacuation Pause) 373M->68M(512M) 3.958ms
[2024-04-09T00:12:41.817+0800][7792.456s] GC(753) User=0.00s Sys=0.00s Real=0.00s
[2024-04-09T00:12:43.052+0800][7793.692s] GC(754) Pause Young (Normal) (G1 Evacuation Pause)
[2024-04-09T00:12:43.052+0800][7793.692s] GC(754) Using 13 workers of 13 for evacuation
[2024-04-09T00:12:43.054+0800][7793.694s] GC(754)   Pre Evacuate Collection Set: 0.1ms
[2024-04-09T00:12:43.054+0800][7793.694s] GC(754)   Merge Heap Roots: 0.1ms
[2024-04-09T00:12:43.054+0800][7793.694s] GC(754)   Evacuate Collection Set: 1.7ms
[2024-04-09T00:12:43.054+0800][7793.694s] GC(754)   Post Evacuate Collection Set: 0.4ms
[2024-04-09T00:12:43.054+0800][7793.694s] GC(754)   Other: 0.1ms
[2024-04-09T00:12:43.054+0800][7793.694s] GC(754) Eden regions: 305->0(305)
[2024-04-09T00:12:43.054+0800][7793.694s] GC(754) Survivor regions: 2->2(39)
[2024-04-09T00:12:43.054+0800][7793.694s] GC(754) Old regions: 63->63
[2024-04-09T00:12:43.055+0800][7793.694s] GC(754) Humongous regions: 4->4
[2024-04-09T00:12:43.055+0800][7793.694s] GC(754) Metaspace: 68538K(69120K)->68538K(69120K) NonClass: 60833K(61120K)->60833K(61120K) Class: 7705K(8000K)->7705K(8000K)
[2024-04-09T00:12:43.055+0800][7793.694s] GC(754) Pause Young (Normal) (G1 Evacuation Pause) 373M->68M(512M) 2.546ms
[2024-04-09T00:12:43.055+0800][7793.694s] GC(754) User=0.00s Sys=0.00s Real=0.00s
[2024-04-09T00:12:44.246+0800][7794.886s] GC(755) Pause Young (Normal) (G1 Evacuation Pause)
[2024-04-09T00:12:44.246+0800][7794.886s] GC(755) Using 13 workers of 13 for evacuation
[2024-04-09T00:12:44.248+0800][7794.888s] GC(755)   Pre Evacuate Collection Set: 0.2ms
[2024-04-09T00:12:44.249+0800][7794.888s] GC(755)   Merge Heap Roots: 0.1ms
[2024-04-09T00:12:44.249+0800][7794.888s] GC(755)   Evacuate Collection Set: 1.3ms
[2024-04-09T00:12:44.249+0800][7794.888s] GC(755)   Post Evacuate Collection Set: 0.4ms
[2024-04-09T00:12:44.249+0800][7794.888s] GC(755)   Other: 0.1ms
[2024-04-09T00:12:44.249+0800][7794.888s] GC(755) Eden regions: 305->0(305)
[2024-04-09T00:12:44.249+0800][7794.888s] GC(755) Survivor regions: 2->2(39)
[2024-04-09T00:12:44.249+0800][7794.888s] GC(755) Old regions: 63->63
[2024-04-09T00:12:44.249+0800][7794.888s] GC(755) Humongous regions: 4->4
[2024-04-09T00:12:44.249+0800][7794.888s] GC(755) Metaspace: 68538K(69120K)->68538K(69120K) NonClass: 60833K(61120K)->60833K(61120K) Class: 7705K(8000K)->7705K(8000K)
[2024-04-09T00:12:44.249+0800][7794.888s] GC(755) Pause Young (Normal) (G1 Evacuation Pause) 373M->68M(512M) 2.281ms
[2024-04-09T00:12:44.249+0800][7794.888s] GC(755) User=0.00s Sys=0.00s Real=0.00s
[2024-04-09T00:12:45.491+0800][7796.130s] GC(756) Pause Young (Normal) (G1 Evacuation Pause)
[2024-04-09T00:12:45.491+0800][7796.130s] GC(756) Using 13 workers of 13 for evacuation
[2024-04-09T00:12:45.493+0800][7796.132s] GC(756)   Pre Evacuate Collection Set: 0.1ms
[2024-04-09T00:12:45.493+0800][7796.132s] GC(756)   Merge Heap Roots: 0.1ms
[2024-04-09T00:12:45.493+0800][7796.132s] GC(756)   Evacuate Collection Set: 1.6ms
[2024-04-09T00:12:45.493+0800][7796.132s] GC(756)   Post Evacuate Collection Set: 0.5ms
[2024-04-09T00:12:45.493+0800][7796.132s] GC(756)   Other: 0.1ms
[2024-04-09T00:12:45.493+0800][7796.133s] GC(756) Eden regions: 305->0(305)
[2024-04-09T00:12:45.493+0800][7796.133s] GC(756) Survivor regions: 2->2(39)
[2024-04-09T00:12:45.493+0800][7796.133s] GC(756) Old regions: 63->63
[2024-04-09T00:12:45.493+0800][7796.133s] GC(756) Humongous regions: 4->4
[2024-04-09T00:12:45.493+0800][7796.133s] GC(756) Metaspace: 68538K(69120K)->68538K(69120K) NonClass: 60833K(61120K)->60833K(61120K) Class: 7705K(8000K)->7705K(8000K)
[2024-04-09T00:12:45.493+0800][7796.133s] GC(756) Pause Young (Normal) (G1 Evacuation Pause) 373M->68M(512M) 2.619ms
[2024-04-09T00:12:45.493+0800][7796.133s] GC(756) User=0.00s Sys=0.00s Real=0.00s
[2024-04-09T00:12:47.195+0800][7797.834s] GC(757) Pause Young (Normal) (G1 Evacuation Pause)
[2024-04-09T00:12:47.195+0800][7797.835s] GC(757) Using 13 workers of 13 for evacuation
[2024-04-09T00:12:47.201+0800][7797.840s] GC(757)   Pre Evacuate Collection Set: 0.1ms
[2024-04-09T00:12:47.201+0800][7797.840s] GC(757)   Merge Heap Roots: 0.1ms
[2024-04-09T00:12:47.201+0800][7797.840s] GC(757)   Evacuate Collection Set: 4.3ms
[2024-04-09T00:12:47.201+0800][7797.840s] GC(757)   Post Evacuate Collection Set: 0.7ms
[2024-04-09T00:12:47.201+0800][7797.840s] GC(757)   Other: 0.1ms
[2024-04-09T00:12:47.201+0800][7797.840s] GC(757) Eden regions: 305->0(304)
[2024-04-09T00:12:47.201+0800][7797.840s] GC(757) Survivor regions: 2->3(39)
[2024-04-09T00:12:47.201+0800][7797.840s] GC(757) Old regions: 63->64
[2024-04-09T00:12:47.201+0800][7797.840s] GC(757) Humongous regions: 4->4
[2024-04-09T00:12:47.201+0800][7797.840s] GC(757) Metaspace: 68538K(69120K)->68538K(69120K) NonClass: 60833K(61120K)->60833K(61120K) Class: 7705K(8000K)->7705K(8000K)
[2024-04-09T00:12:47.201+0800][7797.840s] GC(757) Pause Young (Normal) (G1 Evacuation Pause) 373M->69M(512M) 5.560ms
[2024-04-09T00:12:47.201+0800][7797.840s] GC(757) User=0.20s Sys=0.00s Real=0.01s
[2024-04-09T00:12:48.685+0800][7799.324s] GC(758) Pause Young (Normal) (G1 Evacuation Pause)
[2024-04-09T00:12:48.685+0800][7799.324s] GC(758) Using 13 workers of 13 for evacuation
[2024-04-09T00:12:48.688+0800][7799.327s] GC(758)   Pre Evacuate Collection Set: 0.1ms
[2024-04-09T00:12:48.688+0800][7799.327s] GC(758)   Merge Heap Roots: 0.1ms
[2024-04-09T00:12:48.688+0800][7799.327s] GC(758)   Evacuate Collection Set: 1.9ms
[2024-04-09T00:12:48.688+0800][7799.327s] GC(758)   Post Evacuate Collection Set: 0.7ms
[2024-04-09T00:12:48.688+0800][7799.327s] GC(758)   Other: 0.1ms
[2024-04-09T00:12:48.688+0800][7799.327s] GC(758) Eden regions: 304->0(305)
[2024-04-09T00:12:48.688+0800][7799.327s] GC(758) Survivor regions: 3->2(39)
[2024-04-09T00:12:48.688+0800][7799.327s] GC(758) Old regions: 64->64
[2024-04-09T00:12:48.688+0800][7799.327s] GC(758) Humongous regions: 4->4
[2024-04-09T00:12:48.688+0800][7799.327s] GC(758) Metaspace: 68538K(69120K)->68538K(69120K) NonClass: 60833K(61120K)->60833K(61120K) Class: 7705K(8000K)->7705K(8000K)
[2024-04-09T00:12:48.688+0800][7799.327s] GC(758) Pause Young (Normal) (G1 Evacuation Pause) 373M->68M(512M) 3.132ms
[2024-04-09T00:12:48.688+0800][7799.327s] GC(758) User=0.00s Sys=0.00s Real=0.00s
[2024-04-09T00:12:49.848+0800][7800.486s] GC(759) Pause Young (Normal) (G1 Evacuation Pause)
[2024-04-09T00:12:49.848+0800][7800.487s] GC(759) Using 13 workers of 13 for evacuation
[2024-04-09T00:12:49.850+0800][7800.489s] GC(759)   Pre Evacuate Collection Set: 0.1ms
[2024-04-09T00:12:49.850+0800][7800.489s] GC(759)   Merge Heap Roots: 0.1ms
[2024-04-09T00:12:49.850+0800][7800.489s] GC(759)   Evacuate Collection Set: 1.3ms
[2024-04-09T00:12:49.850+0800][7800.489s] GC(759)   Post Evacuate Collection Set: 0.5ms
[2024-04-09T00:12:49.850+0800][7800.489s] GC(759)   Other: 0.1ms
[2024-04-09T00:12:49.850+0800][7800.489s] GC(759) Eden regions: 305->0(305)
[2024-04-09T00:12:49.850+0800][7800.489s] GC(759) Survivor regions: 2->2(39)
[2024-04-09T00:12:49.850+0800][7800.489s] GC(759) Old regions: 64->64
[2024-04-09T00:12:49.850+0800][7800.489s] GC(759) Humongous regions: 4->4
[2024-04-09T00:12:49.850+0800][7800.489s] GC(759) Metaspace: 68538K(69120K)->68538K(69120K) NonClass: 60833K(61120K)->60833K(61120K) Class: 7705K(8000K)->7705K(8000K)
[2024-04-09T00:12:49.850+0800][7800.489s] GC(759) Pause Young (Normal) (G1 Evacuation Pause) 373M->68M(512M) 2.323ms
[2024-04-09T00:12:49.850+0800][7800.489s] GC(759) User=0.00s Sys=0.00s Real=0.00s
[2024-04-09T00:12:51.005+0800][7801.644s] GC(760) Pause Young (Normal) (G1 Evacuation Pause)
[2024-04-09T00:12:51.005+0800][7801.644s] GC(760) Using 13 workers of 13 for evacuation
[2024-04-09T00:12:51.007+0800][7801.646s] GC(760)   Pre Evacuate Collection Set: 0.1ms
[2024-04-09T00:12:51.007+0800][7801.646s] GC(760)   Merge Heap Roots: 0.1ms
[2024-04-09T00:12:51.007+0800][7801.646s] GC(760)   Evacuate Collection Set: 1.2ms
[2024-04-09T00:12:51.007+0800][7801.646s] GC(760)   Post Evacuate Collection Set: 0.3ms
[2024-04-09T00:12:51.007+0800][7801.646s] GC(760)   Other: 0.1ms
[2024-04-09T00:12:51.007+0800][7801.646s] GC(760) Eden regions: 305->0(305)
[2024-04-09T00:12:51.007+0800][7801.646s] GC(760) Survivor regions: 2->2(39)
[2024-04-09T00:12:51.007+0800][7801.646s] GC(760) Old regions: 64->64
[2024-04-09T00:12:51.007+0800][7801.646s] GC(760) Humongous regions: 4->4
[2024-04-09T00:12:51.007+0800][7801.646s] GC(760) Metaspace: 68538K(69120K)->68538K(69120K) NonClass: 60833K(61120K)->60833K(61120K) Class: 7705K(8000K)->7705K(8000K)
[2024-04-09T00:12:51.007+0800][7801.646s] GC(760) Pause Young (Normal) (G1 Evacuation Pause) 373M->68M(512M) 1.971ms
[2024-04-09T00:12:51.007+0800][7801.646s] GC(760) User=0.00s Sys=0.00s Real=0.00s
[2024-04-09T00:12:52.167+0800][7802.806s] GC(761) Pause Young (Normal) (G1 Evacuation Pause)
[2024-04-09T00:12:52.167+0800][7802.806s] GC(761) Using 13 workers of 13 for evacuation
[2024-04-09T00:12:52.170+0800][7802.808s] GC(761)   Pre Evacuate Collection Set: 0.1ms
[2024-04-09T00:12:52.170+0800][7802.808s] GC(761)   Merge Heap Roots: 0.1ms
[2024-04-09T00:12:52.170+0800][7802.808s] GC(761)   Evacuate Collection Set: 2.0ms
[2024-04-09T00:12:52.170+0800][7802.809s] GC(761)   Post Evacuate Collection Set: 0.5ms
[2024-04-09T00:12:52.170+0800][7802.809s] GC(761)   Other: 0.1ms
[2024-04-09T00:12:52.170+0800][7802.809s] GC(761) Eden regions: 305->0(305)
[2024-04-09T00:12:52.170+0800][7802.809s] GC(761) Survivor regions: 2->2(39)
[2024-04-09T00:12:52.170+0800][7802.809s] GC(761) Old regions: 64->64
[2024-04-09T00:12:52.170+0800][7802.809s] GC(761) Humongous regions: 4->4
[2024-04-09T00:12:52.170+0800][7802.809s] GC(761) Metaspace: 68538K(69120K)->68538K(69120K) NonClass: 60833K(61120K)->60833K(61120K) Class: 7705K(8000K)->7705K(8000K)
[2024-04-09T00:12:52.170+0800][7802.809s] GC(761) Pause Young (Normal) (G1 Evacuation Pause) 373M->68M(512M) 2.947ms
[2024-04-09T00:12:52.170+0800][7802.809s] GC(761) User=0.00s Sys=0.00s Real=0.00s
[2024-04-09T00:12:53.324+0800][7803.963s] GC(762) Pause Young (Normal) (G1 Evacuation Pause)
[2024-04-09T00:12:53.324+0800][7803.963s] GC(762) Using 13 workers of 13 for evacuation
[2024-04-09T00:12:53.326+0800][7803.965s] GC(762)   Pre Evacuate Collection Set: 0.1ms
[2024-04-09T00:12:53.326+0800][7803.965s] GC(762)   Merge Heap Roots: 0.1ms
[2024-04-09T00:12:53.326+0800][7803.965s] GC(762)   Evacuate Collection Set: 1.2ms
[2024-04-09T00:12:53.326+0800][7803.965s] GC(762)   Post Evacuate Collection Set: 0.4ms
[2024-04-09T00:12:53.326+0800][7803.965s] GC(762)   Other: 0.1ms
[2024-04-09T00:12:53.326+0800][7803.965s] GC(762) Eden regions: 305->0(305)
[2024-04-09T00:12:53.326+0800][7803.965s] GC(762) Survivor regions: 2->2(39)
[2024-04-09T00:12:53.326+0800][7803.965s] GC(762) Old regions: 64->64
[2024-04-09T00:12:53.326+0800][7803.965s] GC(762) Humongous regions: 4->4
[2024-04-09T00:12:53.326+0800][7803.965s] GC(762) Metaspace: 68538K(69120K)->68538K(69120K) NonClass: 60833K(61120K)->60833K(61120K) Class: 7705K(8000K)->7705K(8000K)
[2024-04-09T00:12:53.326+0800][7803.965s] GC(762) Pause Young (Normal) (G1 Evacuation Pause) 373M->69M(512M) 1.952ms
[2024-04-09T00:12:53.326+0800][7803.965s] GC(762) User=0.00s Sys=0.00s Real=0.00s
[2024-04-09T00:12:54.495+0800][7805.134s] GC(763) Pause Young (Normal) (G1 Evacuation Pause)
[2024-04-09T00:12:54.495+0800][7805.134s] GC(763) Using 13 workers of 13 for evacuation
[2024-04-09T00:12:54.497+0800][7805.136s] GC(763)   Pre Evacuate Collection Set: 0.1ms
[2024-04-09T00:12:54.497+0800][7805.136s] GC(763)   Merge Heap Roots: 0.1ms
[2024-04-09T00:12:54.497+0800][7805.136s] GC(763)   Evacuate Collection Set: 1.3ms
[2024-04-09T00:12:54.497+0800][7805.136s] GC(763)   Post Evacuate Collection Set: 0.4ms
[2024-04-09T00:12:54.497+0800][7805.136s] GC(763)   Other: 0.1ms
[2024-04-09T00:12:54.497+0800][7805.136s] GC(763) Eden regions: 305->0(305)
[2024-04-09T00:12:54.497+0800][7805.136s] GC(763) Survivor regions: 2->2(39)
[2024-04-09T00:12:54.497+0800][7805.136s] GC(763) Old regions: 64->64
[2024-04-09T00:12:54.497+0800][7805.136s] GC(763) Humongous regions: 4->4
[2024-04-09T00:12:54.497+0800][7805.136s] GC(763) Metaspace: 68538K(69120K)->68538K(69120K) NonClass: 60833K(61120K)->60833K(61120K) Class: 7705K(8000K)->7705K(8000K)
[2024-04-09T00:12:54.497+0800][7805.136s] GC(763) Pause Young (Normal) (G1 Evacuation Pause) 374M->68M(512M) 2.212ms
[2024-04-09T00:12:54.497+0800][7805.136s] GC(763) User=0.00s Sys=0.00s Real=0.00s
[2024-04-09T00:12:55.633+0800][7806.273s] GC(764) Pause Young (Normal) (G1 Evacuation Pause)
[2024-04-09T00:12:55.633+0800][7806.273s] GC(764) Using 13 workers of 13 for evacuation
[2024-04-09T00:12:55.635+0800][7806.275s] GC(764)   Pre Evacuate Collection Set: 0.1ms
[2024-04-09T00:12:55.635+0800][7806.275s] GC(764)   Merge Heap Roots: 0.1ms
[2024-04-09T00:12:55.635+0800][7806.275s] GC(764)   Evacuate Collection Set: 1.3ms
[2024-04-09T00:12:55.635+0800][7806.275s] GC(764)   Post Evacuate Collection Set: 0.4ms
[2024-04-09T00:12:55.635+0800][7806.275s] GC(764)   Other: 0.1ms
[2024-04-09T00:12:55.635+0800][7806.275s] GC(764) Eden regions: 305->0(305)
[2024-04-09T00:12:55.635+0800][7806.275s] GC(764) Survivor regions: 2->2(39)
[2024-04-09T00:12:55.635+0800][7806.275s] GC(764) Old regions: 64->64
[2024-04-09T00:12:55.635+0800][7806.275s] GC(764) Humongous regions: 4->4
[2024-04-09T00:12:55.635+0800][7806.275s] GC(764) Metaspace: 68538K(69120K)->68538K(69120K) NonClass: 60833K(61120K)->60833K(61120K) Class: 7705K(8000K)->7705K(8000K)
[2024-04-09T00:12:55.635+0800][7806.275s] GC(764) Pause Young (Normal) (G1 Evacuation Pause) 373M->68M(512M) 2.133ms
[2024-04-09T00:12:55.635+0800][7806.275s] GC(764) User=0.03s Sys=0.00s Real=0.00s
[2024-04-09T00:12:56.836+0800][7807.475s] GC(765) Pause Young (Normal) (G1 Evacuation Pause)
[2024-04-09T00:12:56.836+0800][7807.475s] GC(765) Using 13 workers of 13 for evacuation
[2024-04-09T00:12:56.838+0800][7807.478s] GC(765)   Pre Evacuate Collection Set: 0.2ms
[2024-04-09T00:12:56.838+0800][7807.478s] GC(765)   Merge Heap Roots: 0.1ms
[2024-04-09T00:12:56.838+0800][7807.478s] GC(765)   Evacuate Collection Set: 1.9ms
[2024-04-09T00:12:56.839+0800][7807.478s] GC(765)   Post Evacuate Collection Set: 0.4ms
[2024-04-09T00:12:56.839+0800][7807.478s] GC(765)   Other: 0.1ms
[2024-04-09T00:12:56.839+0800][7807.478s] GC(765) Eden regions: 305->0(304)
[2024-04-09T00:12:56.839+0800][7807.478s] GC(765) Survivor regions: 2->3(39)
[2024-04-09T00:12:56.839+0800][7807.478s] GC(765) Old regions: 64->64
[2024-04-09T00:12:56.839+0800][7807.478s] GC(765) Humongous regions: 4->4
[2024-04-09T00:12:56.839+0800][7807.478s] GC(765) Metaspace: 68538K(69120K)->68538K(69120K) NonClass: 60833K(61120K)->60833K(61120K) Class: 7705K(8000K)->7705K(8000K)
[2024-04-09T00:12:56.839+0800][7807.478s] GC(765) Pause Young (Normal) (G1 Evacuation Pause) 373M->69M(512M) 2.925ms
[2024-04-09T00:12:56.839+0800][7807.478s] GC(765) User=0.03s Sys=0.00s Real=0.00s
[2024-04-09T00:12:58.002+0800][7808.642s] GC(766) Pause Young (Normal) (G1 Evacuation Pause)
[2024-04-09T00:12:58.002+0800][7808.642s] GC(766) Using 13 workers of 13 for evacuation
[2024-04-09T00:12:58.005+0800][7808.644s] GC(766)   Pre Evacuate Collection Set: 0.1ms
[2024-04-09T00:12:58.005+0800][7808.644s] GC(766)   Merge Heap Roots: 0.1ms
[2024-04-09T00:12:58.005+0800][7808.644s] GC(766)   Evacuate Collection Set: 1.8ms
[2024-04-09T00:12:58.005+0800][7808.644s] GC(766)   Post Evacuate Collection Set: 0.4ms
[2024-04-09T00:12:58.005+0800][7808.644s] GC(766)   Other: 0.1ms
[2024-04-09T00:12:58.005+0800][7808.644s] GC(766) Eden regions: 304->0(305)
[2024-04-09T00:12:58.005+0800][7808.644s] GC(766) Survivor regions: 3->2(39)
[2024-04-09T00:12:58.005+0800][7808.644s] GC(766) Old regions: 64->64
[2024-04-09T00:12:58.005+0800][7808.644s] GC(766) Humongous regions: 4->4
[2024-04-09T00:12:58.005+0800][7808.644s] GC(766) Metaspace: 68538K(69120K)->68538K(69120K) NonClass: 60833K(61120K)->60833K(61120K) Class: 7705K(8000K)->7705K(8000K)
[2024-04-09T00:12:58.005+0800][7808.644s] GC(766) Pause Young (Normal) (G1 Evacuation Pause) 373M->68M(512M) 2.693ms
[2024-04-09T00:12:58.005+0800][7808.644s] GC(766) User=0.00s Sys=0.00s Real=0.00s
[2024-04-09T00:12:59.192+0800][7809.831s] GC(767) Pause Young (Normal) (G1 Evacuation Pause)
[2024-04-09T00:12:59.192+0800][7809.831s] GC(767) Using 13 workers of 13 for evacuation
[2024-04-09T00:12:59.194+0800][7809.833s] GC(767)   Pre Evacuate Collection Set: 0.1ms
[2024-04-09T00:12:59.194+0800][7809.833s] GC(767)   Merge Heap Roots: 0.1ms
[2024-04-09T00:12:59.194+0800][7809.833s] GC(767)   Evacuate Collection Set: 1.2ms
[2024-04-09T00:12:59.194+0800][7809.833s] GC(767)   Post Evacuate Collection Set: 0.3ms
[2024-04-09T00:12:59.194+0800][7809.833s] GC(767)   Other: 0.1ms
[2024-04-09T00:12:59.194+0800][7809.833s] GC(767) Eden regions: 305->0(305)
[2024-04-09T00:12:59.194+0800][7809.833s] GC(767) Survivor regions: 2->2(39)
[2024-04-09T00:12:59.194+0800][7809.833s] GC(767) Old regions: 64->64
[2024-04-09T00:12:59.194+0800][7809.833s] GC(767) Humongous regions: 4->4
[2024-04-09T00:12:59.194+0800][7809.833s] GC(767) Metaspace: 68538K(69120K)->68538K(69120K) NonClass: 60833K(61120K)->60833K(61120K) Class: 7705K(8000K)->7705K(8000K)
[2024-04-09T00:12:59.194+0800][7809.833s] GC(767) Pause Young (Normal) (G1 Evacuation Pause) 373M->68M(512M) 1.909ms
[2024-04-09T00:12:59.194+0800][7809.833s] GC(767) User=0.00s Sys=0.00s Real=0.00s
[2024-04-09T00:13:00.378+0800][7811.017s] GC(768) Pause Young (Normal) (G1 Evacuation Pause)
[2024-04-09T00:13:00.378+0800][7811.018s] GC(768) Using 13 workers of 13 for evacuation
[2024-04-09T00:13:00.380+0800][7811.020s] GC(768)   Pre Evacuate Collection Set: 0.2ms
[2024-04-09T00:13:00.380+0800][7811.020s] GC(768)   Merge Heap Roots: 0.1ms
[2024-04-09T00:13:00.380+0800][7811.020s] GC(768)   Evacuate Collection Set: 1.4ms
[2024-04-09T00:13:00.380+0800][7811.020s] GC(768)   Post Evacuate Collection Set: 0.5ms
[2024-04-09T00:13:00.380+0800][7811.020s] GC(768)   Other: 0.1ms
[2024-04-09T00:13:00.380+0800][7811.020s] GC(768) Eden regions: 305->0(305)
[2024-04-09T00:13:00.381+0800][7811.020s] GC(768) Survivor regions: 2->2(39)
[2024-04-09T00:13:00.381+0800][7811.020s] GC(768) Old regions: 64->64
[2024-04-09T00:13:00.381+0800][7811.020s] GC(768) Humongous regions: 4->4
[2024-04-09T00:13:00.381+0800][7811.020s] GC(768) Metaspace: 68538K(69120K)->68538K(69120K) NonClass: 60833K(61120K)->60833K(61120K) Class: 7705K(8000K)->7705K(8000K)
[2024-04-09T00:13:00.381+0800][7811.020s] GC(768) Pause Young (Normal) (G1 Evacuation Pause) 373M->69M(512M) 2.526ms
[2024-04-09T00:13:00.381+0800][7811.020s] GC(768) User=0.00s Sys=0.00s Real=0.00s
[2024-04-09T00:13:01.530+0800][7812.170s] GC(769) Pause Young (Normal) (G1 Evacuation Pause)
[2024-04-09T00:13:01.530+0800][7812.170s] GC(769) Using 13 workers of 13 for evacuation
[2024-04-09T00:13:01.532+0800][7812.172s] GC(769)   Pre Evacuate Collection Set: 0.1ms
[2024-04-09T00:13:01.532+0800][7812.172s] GC(769)   Merge Heap Roots: 0.1ms
[2024-04-09T00:13:01.532+0800][7812.172s] GC(769)   Evacuate Collection Set: 1.4ms
[2024-04-09T00:13:01.532+0800][7812.172s] GC(769)   Post Evacuate Collection Set: 0.3ms
[2024-04-09T00:13:01.532+0800][7812.172s] GC(769)   Other: 0.1ms
[2024-04-09T00:13:01.532+0800][7812.172s] GC(769) Eden regions: 305->0(305)
[2024-04-09T00:13:01.532+0800][7812.172s] GC(769) Survivor regions: 2->2(39)
[2024-04-09T00:13:01.532+0800][7812.172s] GC(769) Old regions: 64->64
[2024-04-09T00:13:01.532+0800][7812.172s] GC(769) Humongous regions: 4->4
[2024-04-09T00:13:01.532+0800][7812.172s] GC(769) Metaspace: 68538K(69120K)->68538K(69120K) NonClass: 60833K(61120K)->60833K(61120K) Class: 7705K(8000K)->7705K(8000K)
[2024-04-09T00:13:01.532+0800][7812.172s] GC(769) Pause Young (Normal) (G1 Evacuation Pause) 374M->68M(512M) 2.232ms
[2024-04-09T00:13:01.532+0800][7812.172s] GC(769) User=0.00s Sys=0.00s Real=0.00s
[2024-04-09T00:13:02.685+0800][7813.325s] GC(770) Pause Young (Normal) (G1 Evacuation Pause)
[2024-04-09T00:13:02.685+0800][7813.325s] GC(770) Using 13 workers of 13 for evacuation
[2024-04-09T00:13:02.688+0800][7813.327s] GC(770)   Pre Evacuate Collection Set: 0.1ms
[2024-04-09T00:13:02.688+0800][7813.327s] GC(770)   Merge Heap Roots: 0.1ms
[2024-04-09T00:13:02.688+0800][7813.327s] GC(770)   Evacuate Collection Set: 1.6ms
[2024-04-09T00:13:02.688+0800][7813.327s] GC(770)   Post Evacuate Collection Set: 0.4ms
[2024-04-09T00:13:02.688+0800][7813.327s] GC(770)   Other: 0.2ms
[2024-04-09T00:13:02.688+0800][7813.327s] GC(770) Eden regions: 305->0(305)
[2024-04-09T00:13:02.688+0800][7813.327s] GC(770) Survivor regions: 2->2(39)
[2024-04-09T00:13:02.688+0800][7813.327s] GC(770) Old regions: 64->64
[2024-04-09T00:13:02.688+0800][7813.327s] GC(770) Humongous regions: 4->4
[2024-04-09T00:13:02.688+0800][7813.327s] GC(770) Metaspace: 68538K(69120K)->68538K(69120K) NonClass: 60833K(61120K)->60833K(61120K) Class: 7705K(8000K)->7705K(8000K)
[2024-04-09T00:13:02.688+0800][7813.327s] GC(770) Pause Young (Normal) (G1 Evacuation Pause) 373M->69M(512M) 2.654ms
[2024-04-09T00:13:02.688+0800][7813.327s] GC(770) User=0.00s Sys=0.00s Real=0.00s
[2024-04-09T00:13:03.809+0800][7814.448s] GC(771) Pause Young (Normal) (G1 Evacuation Pause)
[2024-04-09T00:13:03.809+0800][7814.449s] GC(771) Using 13 workers of 13 for evacuation
[2024-04-09T00:13:03.811+0800][7814.451s] GC(771)   Pre Evacuate Collection Set: 0.1ms
[2024-04-09T00:13:03.811+0800][7814.451s] GC(771)   Merge Heap Roots: 0.1ms
[2024-04-09T00:13:03.811+0800][7814.451s] GC(771)   Evacuate Collection Set: 1.3ms
[2024-04-09T00:13:03.811+0800][7814.451s] GC(771)   Post Evacuate Collection Set: 0.4ms
[2024-04-09T00:13:03.811+0800][7814.451s] GC(771)   Other: 0.1ms
[2024-04-09T00:13:03.811+0800][7814.451s] GC(771) Eden regions: 305->0(305)
[2024-04-09T00:13:03.811+0800][7814.451s] GC(771) Survivor regions: 2->2(39)
[2024-04-09T00:13:03.811+0800][7814.451s] GC(771) Old regions: 64->64
[2024-04-09T00:13:03.811+0800][7814.451s] GC(771) Humongous regions: 4->4
[2024-04-09T00:13:03.811+0800][7814.451s] GC(771) Metaspace: 68538K(69120K)->68538K(69120K) NonClass: 60833K(61120K)->60833K(61120K) Class: 7705K(8000K)->7705K(8000K)
[2024-04-09T00:13:03.811+0800][7814.451s] GC(771) Pause Young (Normal) (G1 Evacuation Pause) 374M->68M(512M) 2.267ms
[2024-04-09T00:13:03.811+0800][7814.451s] GC(771) User=0.00s Sys=0.00s Real=0.00s
[2024-04-09T00:13:04.973+0800][7815.612s] GC(772) Pause Young (Normal) (G1 Evacuation Pause)
[2024-04-09T00:13:04.973+0800][7815.612s] GC(772) Using 13 workers of 13 for evacuation
[2024-04-09T00:13:04.975+0800][7815.615s] GC(772)   Pre Evacuate Collection Set: 0.2ms
[2024-04-09T00:13:04.975+0800][7815.615s] GC(772)   Merge Heap Roots: 0.1ms
[2024-04-09T00:13:04.975+0800][7815.615s] GC(772)   Evacuate Collection Set: 1.5ms
[2024-04-09T00:13:04.975+0800][7815.615s] GC(772)   Post Evacuate Collection Set: 0.4ms
[2024-04-09T00:13:04.975+0800][7815.615s] GC(772)   Other: 0.1ms
[2024-04-09T00:13:04.975+0800][7815.615s] GC(772) Eden regions: 305->0(305)
[2024-04-09T00:13:04.975+0800][7815.615s] GC(772) Survivor regions: 2->2(39)
[2024-04-09T00:13:04.975+0800][7815.615s] GC(772) Old regions: 64->64
[2024-04-09T00:13:04.975+0800][7815.615s] GC(772) Humongous regions: 4->4
[2024-04-09T00:13:04.975+0800][7815.615s] GC(772) Metaspace: 68538K(69120K)->68538K(69120K) NonClass: 60833K(61120K)->60833K(61120K) Class: 7705K(8000K)->7705K(8000K)
[2024-04-09T00:13:04.975+0800][7815.615s] GC(772) Pause Young (Normal) (G1 Evacuation Pause) 373M->68M(512M) 2.570ms
[2024-04-09T00:13:04.975+0800][7815.615s] GC(772) User=0.00s Sys=0.00s Real=0.00s
[2024-04-09T00:13:06.131+0800][7816.770s] GC(773) Pause Young (Normal) (G1 Evacuation Pause)
[2024-04-09T00:13:06.131+0800][7816.770s] GC(773) Using 13 workers of 13 for evacuation
[2024-04-09T00:13:06.133+0800][7816.772s] GC(773)   Pre Evacuate Collection Set: 0.2ms
[2024-04-09T00:13:06.133+0800][7816.772s] GC(773)   Merge Heap Roots: 0.1ms
[2024-04-09T00:13:06.133+0800][7816.772s] GC(773)   Evacuate Collection Set: 1.4ms
[2024-04-09T00:13:06.133+0800][7816.773s] GC(773)   Post Evacuate Collection Set: 0.4ms
[2024-04-09T00:13:06.133+0800][7816.773s] GC(773)   Other: 0.1ms
[2024-04-09T00:13:06.133+0800][7816.773s] GC(773) Eden regions: 305->0(305)
[2024-04-09T00:13:06.133+0800][7816.773s] GC(773) Survivor regions: 2->2(39)
[2024-04-09T00:13:06.133+0800][7816.773s] GC(773) Old regions: 64->64
[2024-04-09T00:13:06.133+0800][7816.773s] GC(773) Humongous regions: 4->4
[2024-04-09T00:13:06.133+0800][7816.773s] GC(773) Metaspace: 68538K(69120K)->68538K(69120K) NonClass: 60833K(61120K)->60833K(61120K) Class: 7705K(8000K)->7705K(8000K)
[2024-04-09T00:13:06.133+0800][7816.773s] GC(773) Pause Young (Normal) (G1 Evacuation Pause) 373M->68M(512M) 2.406ms
[2024-04-09T00:13:06.133+0800][7816.773s] GC(773) User=0.00s Sys=0.00s Real=0.00s
[2024-04-09T00:13:07.292+0800][7817.932s] GC(774) Pause Young (Normal) (G1 Evacuation Pause)
[2024-04-09T00:13:07.292+0800][7817.932s] GC(774) Using 13 workers of 13 for evacuation
[2024-04-09T00:13:07.294+0800][7817.934s] GC(774)   Pre Evacuate Collection Set: 0.1ms
[2024-04-09T00:13:07.294+0800][7817.934s] GC(774)   Merge Heap Roots: 0.1ms
[2024-04-09T00:13:07.294+0800][7817.934s] GC(774)   Evacuate Collection Set: 1.7ms
[2024-04-09T00:13:07.294+0800][7817.934s] GC(774)   Post Evacuate Collection Set: 0.5ms
[2024-04-09T00:13:07.294+0800][7817.934s] GC(774)   Other: 0.1ms
[2024-04-09T00:13:07.294+0800][7817.934s] GC(774) Eden regions: 305->0(304)
[2024-04-09T00:13:07.294+0800][7817.934s] GC(774) Survivor regions: 2->3(39)
[2024-04-09T00:13:07.295+0800][7817.934s] GC(774) Old regions: 64->64
[2024-04-09T00:13:07.295+0800][7817.934s] GC(774) Humongous regions: 4->4
[2024-04-09T00:13:07.295+0800][7817.934s] GC(774) Metaspace: 68538K(69120K)->68538K(69120K) NonClass: 60833K(61120K)->60833K(61120K) Class: 7705K(8000K)->7705K(8000K)
[2024-04-09T00:13:07.295+0800][7817.934s] GC(774) Pause Young (Normal) (G1 Evacuation Pause) 373M->69M(512M) 2.750ms
[2024-04-09T00:13:07.295+0800][7817.934s] GC(774) User=0.00s Sys=0.00s Real=0.00s
[2024-04-09T00:13:08.442+0800][7819.082s] GC(775) Pause Young (Normal) (G1 Evacuation Pause)
[2024-04-09T00:13:08.442+0800][7819.082s] GC(775) Using 13 workers of 13 for evacuation
[2024-04-09T00:13:08.444+0800][7819.084s] GC(775)   Pre Evacuate Collection Set: 0.2ms
[2024-04-09T00:13:08.444+0800][7819.084s] GC(775)   Merge Heap Roots: 0.2ms
[2024-04-09T00:13:08.444+0800][7819.084s] GC(775)   Evacuate Collection Set: 1.4ms
[2024-04-09T00:13:08.444+0800][7819.084s] GC(775)   Post Evacuate Collection Set: 0.5ms
[2024-04-09T00:13:08.444+0800][7819.084s] GC(775)   Other: 0.1ms
[2024-04-09T00:13:08.444+0800][7819.084s] GC(775) Eden regions: 304->0(305)
[2024-04-09T00:13:08.444+0800][7819.084s] GC(775) Survivor regions: 3->2(39)
[2024-04-09T00:13:08.444+0800][7819.084s] GC(775) Old regions: 64->64
[2024-04-09T00:13:08.444+0800][7819.084s] GC(775) Humongous regions: 4->4
[2024-04-09T00:13:08.444+0800][7819.084s] GC(775) Metaspace: 68538K(69120K)->68538K(69120K) NonClass: 60833K(61120K)->60833K(61120K) Class: 7705K(8000K)->7705K(8000K)
[2024-04-09T00:13:08.444+0800][7819.084s] GC(775) Pause Young (Normal) (G1 Evacuation Pause) 373M->68M(512M) 2.541ms
[2024-04-09T00:13:08.444+0800][7819.084s] GC(775) User=0.00s Sys=0.00s Real=0.00s
[2024-04-09T00:13:09.676+0800][7820.315s] GC(776) Pause Young (Normal) (G1 Evacuation Pause)
[2024-04-09T00:13:09.676+0800][7820.315s] GC(776) Using 13 workers of 13 for evacuation
[2024-04-09T00:13:09.678+0800][7820.317s] GC(776)   Pre Evacuate Collection Set: 0.1ms
[2024-04-09T00:13:09.678+0800][7820.317s] GC(776)   Merge Heap Roots: 0.1ms
[2024-04-09T00:13:09.678+0800][7820.317s] GC(776)   Evacuate Collection Set: 1.5ms
[2024-04-09T00:13:09.678+0800][7820.317s] GC(776)   Post Evacuate Collection Set: 0.5ms
[2024-04-09T00:13:09.678+0800][7820.318s] GC(776)   Other: 0.1ms
[2024-04-09T00:13:09.678+0800][7820.318s] GC(776) Eden regions: 305->0(305)
[2024-04-09T00:13:09.678+0800][7820.318s] GC(776) Survivor regions: 2->2(39)
[2024-04-09T00:13:09.678+0800][7820.318s] GC(776) Old regions: 64->64
[2024-04-09T00:13:09.678+0800][7820.318s] GC(776) Humongous regions: 4->4
[2024-04-09T00:13:09.678+0800][7820.318s] GC(776) Metaspace: 68538K(69120K)->68538K(69120K) NonClass: 60833K(61120K)->60833K(61120K) Class: 7705K(8000K)->7705K(8000K)
[2024-04-09T00:13:09.678+0800][7820.318s] GC(776) Pause Young (Normal) (G1 Evacuation Pause) 373M->69M(512M) 2.566ms
[2024-04-09T00:13:09.678+0800][7820.318s] GC(776) User=0.00s Sys=0.00s Real=0.00s
[2024-04-09T00:13:11.155+0800][7821.794s] GC(777) Pause Young (Normal) (G1 Evacuation Pause)
[2024-04-09T00:13:11.155+0800][7821.794s] GC(777) Using 13 workers of 13 for evacuation
[2024-04-09T00:13:11.158+0800][7821.797s] GC(777)   Pre Evacuate Collection Set: 0.1ms
[2024-04-09T00:13:11.158+0800][7821.797s] GC(777)   Merge Heap Roots: 0.1ms
[2024-04-09T00:13:11.158+0800][7821.797s] GC(777)   Evacuate Collection Set: 2.4ms
[2024-04-09T00:13:11.158+0800][7821.797s] GC(777)   Post Evacuate Collection Set: 0.5ms
[2024-04-09T00:13:11.158+0800][7821.797s] GC(777)   Other: 0.1ms
[2024-04-09T00:13:11.158+0800][7821.797s] GC(777) Eden regions: 305->0(305)
[2024-04-09T00:13:11.158+0800][7821.797s] GC(777) Survivor regions: 2->2(39)
[2024-04-09T00:13:11.158+0800][7821.797s] GC(777) Old regions: 64->64
[2024-04-09T00:13:11.158+0800][7821.797s] GC(777) Humongous regions: 4->4
[2024-04-09T00:13:11.158+0800][7821.797s] GC(777) Metaspace: 68538K(69120K)->68538K(69120K) NonClass: 60833K(61120K)->60833K(61120K) Class: 7705K(8000K)->7705K(8000K)
[2024-04-09T00:13:11.158+0800][7821.797s] GC(777) Pause Young (Normal) (G1 Evacuation Pause) 374M->69M(512M) 3.522ms
[2024-04-09T00:13:11.158+0800][7821.797s] GC(777) User=0.00s Sys=0.00s Real=0.00s
[2024-04-09T00:13:12.454+0800][7823.093s] GC(778) Pause Young (Normal) (G1 Evacuation Pause)
[2024-04-09T00:13:12.454+0800][7823.093s] GC(778) Using 13 workers of 13 for evacuation
[2024-04-09T00:13:12.457+0800][7823.096s] GC(778)   Pre Evacuate Collection Set: 0.1ms
[2024-04-09T00:13:12.457+0800][7823.096s] GC(778)   Merge Heap Roots: 0.1ms
[2024-04-09T00:13:12.457+0800][7823.096s] GC(778)   Evacuate Collection Set: 2.1ms
[2024-04-09T00:13:12.457+0800][7823.096s] GC(778)   Post Evacuate Collection Set: 0.6ms
[2024-04-09T00:13:12.457+0800][7823.096s] GC(778)   Other: 0.1ms
[2024-04-09T00:13:12.457+0800][7823.096s] GC(778) Eden regions: 305->0(304)
[2024-04-09T00:13:12.457+0800][7823.096s] GC(778) Survivor regions: 2->3(39)
[2024-04-09T00:13:12.457+0800][7823.096s] GC(778) Old regions: 64->64
[2024-04-09T00:13:12.457+0800][7823.096s] GC(778) Humongous regions: 4->4
[2024-04-09T00:13:12.457+0800][7823.096s] GC(778) Metaspace: 68538K(69120K)->68538K(69120K) NonClass: 60833K(61120K)->60833K(61120K) Class: 7705K(8000K)->7705K(8000K)
[2024-04-09T00:13:12.457+0800][7823.096s] GC(778) Pause Young (Normal) (G1 Evacuation Pause) 374M->69M(512M) 3.158ms
[2024-04-09T00:13:12.457+0800][7823.096s] GC(778) User=0.00s Sys=0.00s Real=0.00s
[2024-04-09T00:13:13.732+0800][7824.371s] GC(779) Pause Young (Normal) (G1 Evacuation Pause)
[2024-04-09T00:13:13.732+0800][7824.371s] GC(779) Using 13 workers of 13 for evacuation
[2024-04-09T00:13:13.734+0800][7824.373s] GC(779)   Pre Evacuate Collection Set: 0.1ms
[2024-04-09T00:13:13.734+0800][7824.373s] GC(779)   Merge Heap Roots: 0.1ms
[2024-04-09T00:13:13.734+0800][7824.373s] GC(779)   Evacuate Collection Set: 1.4ms
[2024-04-09T00:13:13.734+0800][7824.373s] GC(779)   Post Evacuate Collection Set: 0.4ms
[2024-04-09T00:13:13.734+0800][7824.373s] GC(779)   Other: 0.1ms
[2024-04-09T00:13:13.734+0800][7824.373s] GC(779) Eden regions: 304->0(305)
[2024-04-09T00:13:13.734+0800][7824.373s] GC(779) Survivor regions: 3->2(39)
[2024-04-09T00:13:13.734+0800][7824.373s] GC(779) Old regions: 64->64
[2024-04-09T00:13:13.734+0800][7824.373s] GC(779) Humongous regions: 4->4
[2024-04-09T00:13:13.734+0800][7824.373s] GC(779) Metaspace: 68538K(69120K)->68538K(69120K) NonClass: 60833K(61120K)->60833K(61120K) Class: 7705K(8000K)->7705K(8000K)
[2024-04-09T00:13:13.734+0800][7824.373s] GC(779) Pause Young (Normal) (G1 Evacuation Pause) 373M->69M(512M) 2.394ms
[2024-04-09T00:13:13.734+0800][7824.373s] GC(779) User=0.00s Sys=0.00s Real=0.00s
[2024-04-09T00:13:14.979+0800][7825.619s] GC(780) Pause Young (Normal) (G1 Evacuation Pause)
[2024-04-09T00:13:14.980+0800][7825.619s] GC(780) Using 13 workers of 13 for evacuation
[2024-04-09T00:13:14.981+0800][7825.620s] GC(780)   Pre Evacuate Collection Set: 0.1ms
[2024-04-09T00:13:14.981+0800][7825.620s] GC(780)   Merge Heap Roots: 0.1ms
[2024-04-09T00:13:14.981+0800][7825.620s] GC(780)   Evacuate Collection Set: 1.3ms
[2024-04-09T00:13:14.981+0800][7825.621s] GC(780)   Post Evacuate Collection Set: 0.3ms
[2024-04-09T00:13:14.981+0800][7825.621s] GC(780)   Other: 0.1ms
[2024-04-09T00:13:14.981+0800][7825.621s] GC(780) Eden regions: 305->0(305)
[2024-04-09T00:13:14.981+0800][7825.621s] GC(780) Survivor regions: 2->2(39)
[2024-04-09T00:13:14.981+0800][7825.621s] GC(780) Old regions: 64->64
[2024-04-09T00:13:14.981+0800][7825.621s] GC(780) Humongous regions: 4->4
[2024-04-09T00:13:14.981+0800][7825.621s] GC(780) Metaspace: 68538K(69120K)->68538K(69120K) NonClass: 60833K(61120K)->60833K(61120K) Class: 7705K(8000K)->7705K(8000K)
[2024-04-09T00:13:14.981+0800][7825.621s] GC(780) Pause Young (Normal) (G1 Evacuation Pause) 374M->69M(512M) 1.992ms
[2024-04-09T00:13:14.982+0800][7825.621s] GC(780) User=0.00s Sys=0.00s Real=0.00s
[2024-04-09T00:13:16.210+0800][7826.849s] GC(781) Pause Young (Normal) (G1 Evacuation Pause)
[2024-04-09T00:13:16.210+0800][7826.849s] GC(781) Using 13 workers of 13 for evacuation
[2024-04-09T00:13:16.213+0800][7826.852s] GC(781)   Pre Evacuate Collection Set: 0.2ms
[2024-04-09T00:13:16.213+0800][7826.852s] GC(781)   Merge Heap Roots: 0.1ms
[2024-04-09T00:13:16.213+0800][7826.852s] GC(781)   Evacuate Collection Set: 2.0ms
[2024-04-09T00:13:16.213+0800][7826.852s] GC(781)   Post Evacuate Collection Set: 0.4ms
[2024-04-09T00:13:16.213+0800][7826.852s] GC(781)   Other: 0.1ms
[2024-04-09T00:13:16.213+0800][7826.852s] GC(781) Eden regions: 305->0(305)
[2024-04-09T00:13:16.213+0800][7826.852s] GC(781) Survivor regions: 2->2(39)
[2024-04-09T00:13:16.213+0800][7826.852s] GC(781) Old regions: 64->64
[2024-04-09T00:13:16.213+0800][7826.852s] GC(781) Humongous regions: 4->4
[2024-04-09T00:13:16.213+0800][7826.852s] GC(781) Metaspace: 68538K(69120K)->68538K(69120K) NonClass: 60833K(61120K)->60833K(61120K) Class: 7705K(8000K)->7705K(8000K)
[2024-04-09T00:13:16.213+0800][7826.852s] GC(781) Pause Young (Normal) (G1 Evacuation Pause) 374M->69M(512M) 3.176ms
[2024-04-09T00:13:16.213+0800][7826.852s] GC(781) User=0.17s Sys=0.00s Real=0.00s
[2024-04-09T00:13:17.509+0800][7828.148s] GC(782) Pause Young (Normal) (G1 Evacuation Pause)
[2024-04-09T00:13:17.509+0800][7828.148s] GC(782) Using 13 workers of 13 for evacuation
[2024-04-09T00:13:17.511+0800][7828.150s] GC(782)   Pre Evacuate Collection Set: 0.1ms
[2024-04-09T00:13:17.511+0800][7828.150s] GC(782)   Merge Heap Roots: 0.1ms
[2024-04-09T00:13:17.511+0800][7828.150s] GC(782)   Evacuate Collection Set: 1.6ms
[2024-04-09T00:13:17.511+0800][7828.150s] GC(782)   Post Evacuate Collection Set: 0.3ms
[2024-04-09T00:13:17.511+0800][7828.151s] GC(782)   Other: 0.1ms
[2024-04-09T00:13:17.511+0800][7828.151s] GC(782) Eden regions: 305->0(304)
[2024-04-09T00:13:17.511+0800][7828.151s] GC(782) Survivor regions: 2->3(39)
[2024-04-09T00:13:17.511+0800][7828.151s] GC(782) Old regions: 64->64
[2024-04-09T00:13:17.511+0800][7828.151s] GC(782) Humongous regions: 4->4
[2024-04-09T00:13:17.511+0800][7828.151s] GC(782) Metaspace: 68538K(69120K)->68538K(69120K) NonClass: 60833K(61120K)->60833K(61120K) Class: 7705K(8000K)->7705K(8000K)
[2024-04-09T00:13:17.511+0800][7828.151s] GC(782) Pause Young (Normal) (G1 Evacuation Pause) 374M->69M(512M) 2.382ms
[2024-04-09T00:13:17.512+0800][7828.151s] GC(782) User=0.05s Sys=0.00s Real=0.00s
[2024-04-09T00:13:18.763+0800][7829.402s] GC(783) Pause Young (Normal) (G1 Evacuation Pause)
[2024-04-09T00:13:18.763+0800][7829.402s] GC(783) Using 13 workers of 13 for evacuation
[2024-04-09T00:13:18.766+0800][7829.405s] GC(783)   Pre Evacuate Collection Set: 0.1ms
[2024-04-09T00:13:18.766+0800][7829.405s] GC(783)   Merge Heap Roots: 0.1ms
[2024-04-09T00:13:18.766+0800][7829.405s] GC(783)   Evacuate Collection Set: 1.5ms
[2024-04-09T00:13:18.766+0800][7829.405s] GC(783)   Post Evacuate Collection Set: 0.6ms
[2024-04-09T00:13:18.766+0800][7829.405s] GC(783)   Other: 0.1ms
[2024-04-09T00:13:18.766+0800][7829.405s] GC(783) Eden regions: 304->0(305)
[2024-04-09T00:13:18.766+0800][7829.405s] GC(783) Survivor regions: 3->2(39)
[2024-04-09T00:13:18.766+0800][7829.405s] GC(783) Old regions: 64->64
[2024-04-09T00:13:18.766+0800][7829.405s] GC(783) Humongous regions: 4->4
[2024-04-09T00:13:18.766+0800][7829.405s] GC(783) Metaspace: 68538K(69120K)->68538K(69120K) NonClass: 60833K(61120K)->60833K(61120K) Class: 7705K(8000K)->7705K(8000K)
[2024-04-09T00:13:18.766+0800][7829.405s] GC(783) Pause Young (Normal) (G1 Evacuation Pause) 373M->69M(512M) 2.865ms
[2024-04-09T00:13:18.766+0800][7829.405s] GC(783) User=0.00s Sys=0.00s Real=0.00s
[2024-04-09T00:13:20.024+0800][7830.663s] GC(784) Pause Young (Normal) (G1 Evacuation Pause)
[2024-04-09T00:13:20.024+0800][7830.663s] GC(784) Using 13 workers of 13 for evacuation
[2024-04-09T00:13:20.027+0800][7830.666s] GC(784)   Pre Evacuate Collection Set: 0.1ms
[2024-04-09T00:13:20.027+0800][7830.666s] GC(784)   Merge Heap Roots: 0.1ms
[2024-04-09T00:13:20.027+0800][7830.666s] GC(784)   Evacuate Collection Set: 1.5ms
[2024-04-09T00:13:20.027+0800][7830.666s] GC(784)   Post Evacuate Collection Set: 1.0ms
[2024-04-09T00:13:20.027+0800][7830.666s] GC(784)   Other: 0.1ms
[2024-04-09T00:13:20.027+0800][7830.666s] GC(784) Eden regions: 305->0(305)
[2024-04-09T00:13:20.027+0800][7830.666s] GC(784) Survivor regions: 2->2(39)
[2024-04-09T00:13:20.027+0800][7830.666s] GC(784) Old regions: 64->64
[2024-04-09T00:13:20.027+0800][7830.666s] GC(784) Humongous regions: 4->4
[2024-04-09T00:13:20.027+0800][7830.666s] GC(784) Metaspace: 68538K(69120K)->68538K(69120K) NonClass: 60833K(61120K)->60833K(61120K) Class: 7705K(8000K)->7705K(8000K)
[2024-04-09T00:13:20.027+0800][7830.666s] GC(784) Pause Young (Normal) (G1 Evacuation Pause) 374M->69M(512M) 3.374ms
[2024-04-09T00:13:20.027+0800][7830.667s] GC(784) User=0.03s Sys=0.00s Real=0.00s
[2024-04-09T00:13:21.296+0800][7831.936s] GC(785) Pause Young (Normal) (G1 Evacuation Pause)
[2024-04-09T00:13:21.297+0800][7831.936s] GC(785) Using 13 workers of 13 for evacuation
[2024-04-09T00:13:21.299+0800][7831.938s] GC(785)   Pre Evacuate Collection Set: 0.1ms
[2024-04-09T00:13:21.299+0800][7831.938s] GC(785)   Merge Heap Roots: 0.1ms
[2024-04-09T00:13:21.299+0800][7831.938s] GC(785)   Evacuate Collection Set: 1.8ms
[2024-04-09T00:13:21.299+0800][7831.938s] GC(785)   Post Evacuate Collection Set: 0.6ms
[2024-04-09T00:13:21.299+0800][7831.939s] GC(785)   Other: 0.1ms
[2024-04-09T00:13:21.299+0800][7831.939s] GC(785) Eden regions: 305->0(305)
[2024-04-09T00:13:21.299+0800][7831.939s] GC(785) Survivor regions: 2->2(39)
[2024-04-09T00:13:21.299+0800][7831.939s] GC(785) Old regions: 64->64
[2024-04-09T00:13:21.299+0800][7831.939s] GC(785) Humongous regions: 4->4
[2024-04-09T00:13:21.299+0800][7831.939s] GC(785) Metaspace: 68538K(69120K)->68538K(69120K) NonClass: 60833K(61120K)->60833K(61120K) Class: 7705K(8000K)->7705K(8000K)
[2024-04-09T00:13:21.299+0800][7831.939s] GC(785) Pause Young (Normal) (G1 Evacuation Pause) 374M->69M(512M) 3.020ms
[2024-04-09T00:13:21.299+0800][7831.939s] GC(785) User=0.00s Sys=0.00s Real=0.00s
[2024-04-09T00:13:22.534+0800][7833.173s] GC(786) Pause Young (Normal) (G1 Evacuation Pause)
[2024-04-09T00:13:22.534+0800][7833.173s] GC(786) Using 13 workers of 13 for evacuation
[2024-04-09T00:13:22.537+0800][7833.176s] GC(786)   Pre Evacuate Collection Set: 0.2ms
[2024-04-09T00:13:22.537+0800][7833.176s] GC(786)   Merge Heap Roots: 0.2ms
[2024-04-09T00:13:22.537+0800][7833.176s] GC(786)   Evacuate Collection Set: 1.6ms
[2024-04-09T00:13:22.537+0800][7833.176s] GC(786)   Post Evacuate Collection Set: 0.5ms
[2024-04-09T00:13:22.537+0800][7833.176s] GC(786)   Other: 0.1ms
[2024-04-09T00:13:22.537+0800][7833.176s] GC(786) Eden regions: 305->0(305)
[2024-04-09T00:13:22.537+0800][7833.176s] GC(786) Survivor regions: 2->2(39)
[2024-04-09T00:13:22.537+0800][7833.176s] GC(786) Old regions: 64->64
[2024-04-09T00:13:22.537+0800][7833.176s] GC(786) Humongous regions: 4->4
[2024-04-09T00:13:22.537+0800][7833.176s] GC(786) Metaspace: 68538K(69120K)->68538K(69120K) NonClass: 60833K(61120K)->60833K(61120K) Class: 7705K(8000K)->7705K(8000K)
[2024-04-09T00:13:22.537+0800][7833.176s] GC(786) Pause Young (Normal) (G1 Evacuation Pause) 374M->68M(512M) 2.783ms
[2024-04-09T00:13:22.537+0800][7833.176s] GC(786) User=0.00s Sys=0.00s Real=0.00s
[2024-04-09T00:13:23.769+0800][7834.408s] GC(787) Pause Young (Normal) (G1 Evacuation Pause)
[2024-04-09T00:13:23.769+0800][7834.409s] GC(787) Using 13 workers of 13 for evacuation
[2024-04-09T00:13:23.773+0800][7834.412s] GC(787)   Pre Evacuate Collection Set: 0.1ms
[2024-04-09T00:13:23.773+0800][7834.412s] GC(787)   Merge Heap Roots: 0.1ms
[2024-04-09T00:13:23.773+0800][7834.412s] GC(787)   Evacuate Collection Set: 1.7ms
[2024-04-09T00:13:23.773+0800][7834.412s] GC(787)   Post Evacuate Collection Set: 1.1ms
[2024-04-09T00:13:23.773+0800][7834.412s] GC(787)   Other: 0.1ms
[2024-04-09T00:13:23.773+0800][7834.412s] GC(787) Eden regions: 305->0(305)
[2024-04-09T00:13:23.773+0800][7834.412s] GC(787) Survivor regions: 2->2(39)
[2024-04-09T00:13:23.773+0800][7834.412s] GC(787) Old regions: 64->64
[2024-04-09T00:13:23.773+0800][7834.412s] GC(787) Humongous regions: 4->4
[2024-04-09T00:13:23.773+0800][7834.412s] GC(787) Metaspace: 68538K(69120K)->68538K(69120K) NonClass: 60833K(61120K)->60833K(61120K) Class: 7705K(8000K)->7705K(8000K)
[2024-04-09T00:13:23.773+0800][7834.412s] GC(787) Pause Young (Normal) (G1 Evacuation Pause) 373M->68M(512M) 3.562ms
[2024-04-09T00:13:23.773+0800][7834.412s] GC(787) User=0.00s Sys=0.00s Real=0.00s
[2024-04-09T00:13:25.039+0800][7835.679s] GC(788) Pause Young (Normal) (G1 Evacuation Pause)
[2024-04-09T00:13:25.039+0800][7835.679s] GC(788) Using 13 workers of 13 for evacuation
[2024-04-09T00:13:25.042+0800][7835.681s] GC(788)   Pre Evacuate Collection Set: 0.1ms
[2024-04-09T00:13:25.042+0800][7835.681s] GC(788)   Merge Heap Roots: 0.1ms
[2024-04-09T00:13:25.042+0800][7835.681s] GC(788)   Evacuate Collection Set: 2.0ms
[2024-04-09T00:13:25.042+0800][7835.681s] GC(788)   Post Evacuate Collection Set: 0.6ms
[2024-04-09T00:13:25.042+0800][7835.681s] GC(788)   Other: 0.1ms
[2024-04-09T00:13:25.042+0800][7835.681s] GC(788) Eden regions: 305->0(305)
[2024-04-09T00:13:25.042+0800][7835.681s] GC(788) Survivor regions: 2->2(39)
[2024-04-09T00:13:25.042+0800][7835.681s] GC(788) Old regions: 64->64
[2024-04-09T00:13:25.042+0800][7835.681s] GC(788) Humongous regions: 4->4
[2024-04-09T00:13:25.042+0800][7835.681s] GC(788) Metaspace: 68538K(69120K)->68538K(69120K) NonClass: 60833K(61120K)->60833K(61120K) Class: 7705K(8000K)->7705K(8000K)
[2024-04-09T00:13:25.042+0800][7835.682s] GC(788) Pause Young (Normal) (G1 Evacuation Pause) 373M->69M(512M) 3.026ms
[2024-04-09T00:13:25.042+0800][7835.682s] GC(788) User=0.03s Sys=0.00s Real=0.00s
[2024-04-09T00:13:26.264+0800][7836.904s] GC(789) Pause Young (Normal) (G1 Evacuation Pause)
[2024-04-09T00:13:26.264+0800][7836.904s] GC(789) Using 13 workers of 13 for evacuation
[2024-04-09T00:13:26.266+0800][7836.906s] GC(789)   Pre Evacuate Collection Set: 0.1ms
[2024-04-09T00:13:26.266+0800][7836.906s] GC(789)   Merge Heap Roots: 0.1ms
[2024-04-09T00:13:26.267+0800][7836.906s] GC(789)   Evacuate Collection Set: 1.3ms
[2024-04-09T00:13:26.267+0800][7836.906s] GC(789)   Post Evacuate Collection Set: 0.4ms
[2024-04-09T00:13:26.267+0800][7836.906s] GC(789)   Other: 0.1ms
[2024-04-09T00:13:26.267+0800][7836.906s] GC(789) Eden regions: 305->0(305)
[2024-04-09T00:13:26.267+0800][7836.906s] GC(789) Survivor regions: 2->2(39)
[2024-04-09T00:13:26.267+0800][7836.906s] GC(789) Old regions: 64->64
[2024-04-09T00:13:26.267+0800][7836.906s] GC(789) Humongous regions: 4->4
[2024-04-09T00:13:26.267+0800][7836.906s] GC(789) Metaspace: 68538K(69120K)->68538K(69120K) NonClass: 60833K(61120K)->60833K(61120K) Class: 7705K(8000K)->7705K(8000K)
[2024-04-09T00:13:26.267+0800][7836.906s] GC(789) Pause Young (Normal) (G1 Evacuation Pause) 374M->69M(512M) 2.300ms
[2024-04-09T00:13:26.267+0800][7836.906s] GC(789) User=0.00s Sys=0.00s Real=0.00s
[2024-04-09T00:13:27.537+0800][7838.176s] GC(790) Pause Young (Normal) (G1 Evacuation Pause)
[2024-04-09T00:13:27.537+0800][7838.176s] GC(790) Using 13 workers of 13 for evacuation
[2024-04-09T00:13:27.538+0800][7838.178s] GC(790)   Pre Evacuate Collection Set: 0.1ms
[2024-04-09T00:13:27.538+0800][7838.178s] GC(790)   Merge Heap Roots: 0.1ms
[2024-04-09T00:13:27.538+0800][7838.178s] GC(790)   Evacuate Collection Set: 1.2ms
[2024-04-09T00:13:27.538+0800][7838.178s] GC(790)   Post Evacuate Collection Set: 0.3ms
[2024-04-09T00:13:27.538+0800][7838.178s] GC(790)   Other: 0.1ms
[2024-04-09T00:13:27.539+0800][7838.178s] GC(790) Eden regions: 305->0(305)
[2024-04-09T00:13:27.539+0800][7838.178s] GC(790) Survivor regions: 2->2(39)
[2024-04-09T00:13:27.539+0800][7838.178s] GC(790) Old regions: 64->64
[2024-04-09T00:13:27.539+0800][7838.178s] GC(790) Humongous regions: 4->4
[2024-04-09T00:13:27.539+0800][7838.178s] GC(790) Metaspace: 68538K(69120K)->68538K(69120K) NonClass: 60833K(61120K)->60833K(61120K) Class: 7705K(8000K)->7705K(8000K)
[2024-04-09T00:13:27.539+0800][7838.178s] GC(790) Pause Young (Normal) (G1 Evacuation Pause) 374M->69M(512M) 1.930ms
[2024-04-09T00:13:27.539+0800][7838.178s] GC(790) User=0.00s Sys=0.00s Real=0.00s
[2024-04-09T00:13:28.811+0800][7839.450s] GC(791) Pause Young (Normal) (G1 Evacuation Pause)
[2024-04-09T00:13:28.811+0800][7839.450s] GC(791) Using 13 workers of 13 for evacuation
[2024-04-09T00:13:28.813+0800][7839.452s] GC(791)   Pre Evacuate Collection Set: 0.1ms
[2024-04-09T00:13:28.813+0800][7839.452s] GC(791)   Merge Heap Roots: 0.1ms
[2024-04-09T00:13:28.813+0800][7839.452s] GC(791)   Evacuate Collection Set: 1.2ms
[2024-04-09T00:13:28.813+0800][7839.452s] GC(791)   Post Evacuate Collection Set: 0.4ms
[2024-04-09T00:13:28.813+0800][7839.452s] GC(791)   Other: 0.1ms
[2024-04-09T00:13:28.813+0800][7839.452s] GC(791) Eden regions: 305->0(305)
[2024-04-09T00:13:28.813+0800][7839.452s] GC(791) Survivor regions: 2->2(39)
[2024-04-09T00:13:28.813+0800][7839.452s] GC(791) Old regions: 64->64
[2024-04-09T00:13:28.813+0800][7839.452s] GC(791) Humongous regions: 4->4
[2024-04-09T00:13:28.813+0800][7839.452s] GC(791) Metaspace: 68538K(69120K)->68538K(69120K) NonClass: 60833K(61120K)->60833K(61120K) Class: 7705K(8000K)->7705K(8000K)
[2024-04-09T00:13:28.813+0800][7839.452s] GC(791) Pause Young (Normal) (G1 Evacuation Pause) 374M->69M(512M) 2.021ms
[2024-04-09T00:13:28.813+0800][7839.452s] GC(791) User=0.00s Sys=0.00s Real=0.00s
[2024-04-09T00:13:30.086+0800][7840.725s] GC(792) Pause Young (Normal) (G1 Evacuation Pause)
[2024-04-09T00:13:30.086+0800][7840.725s] GC(792) Using 13 workers of 13 for evacuation
[2024-04-09T00:13:30.088+0800][7840.727s] GC(792)   Pre Evacuate Collection Set: 0.1ms
[2024-04-09T00:13:30.088+0800][7840.727s] GC(792)   Merge Heap Roots: 0.1ms
[2024-04-09T00:13:30.088+0800][7840.727s] GC(792)   Evacuate Collection Set: 1.7ms
[2024-04-09T00:13:30.088+0800][7840.727s] GC(792)   Post Evacuate Collection Set: 0.3ms
[2024-04-09T00:13:30.088+0800][7840.727s] GC(792)   Other: 0.1ms
[2024-04-09T00:13:30.088+0800][7840.728s] GC(792) Eden regions: 305->0(305)
[2024-04-09T00:13:30.088+0800][7840.728s] GC(792) Survivor regions: 2->2(39)
[2024-04-09T00:13:30.088+0800][7840.728s] GC(792) Old regions: 64->64
[2024-04-09T00:13:30.088+0800][7840.728s] GC(792) Humongous regions: 4->4
[2024-04-09T00:13:30.088+0800][7840.728s] GC(792) Metaspace: 68538K(69120K)->68538K(69120K) NonClass: 60833K(61120K)->60833K(61120K) Class: 7705K(8000K)->7705K(8000K)
[2024-04-09T00:13:30.088+0800][7840.728s] GC(792) Pause Young (Normal) (G1 Evacuation Pause) 374M->69M(512M) 2.460ms
[2024-04-09T00:13:30.088+0800][7840.728s] GC(792) User=0.03s Sys=0.00s Real=0.00s
[2024-04-09T00:13:31.387+0800][7842.027s] GC(793) Pause Young (Normal) (G1 Evacuation Pause)
[2024-04-09T00:13:31.387+0800][7842.027s] GC(793) Using 13 workers of 13 for evacuation
[2024-04-09T00:13:31.390+0800][7842.030s] GC(793)   Pre Evacuate Collection Set: 0.1ms
[2024-04-09T00:13:31.391+0800][7842.030s] GC(793)   Merge Heap Roots: 0.1ms
[2024-04-09T00:13:31.391+0800][7842.030s] GC(793)   Evacuate Collection Set: 2.4ms
[2024-04-09T00:13:31.391+0800][7842.030s] GC(793)   Post Evacuate Collection Set: 0.9ms
[2024-04-09T00:13:31.391+0800][7842.030s] GC(793)   Other: 0.1ms
[2024-04-09T00:13:31.391+0800][7842.030s] GC(793) Eden regions: 305->0(305)
[2024-04-09T00:13:31.391+0800][7842.030s] GC(793) Survivor regions: 2->2(39)
[2024-04-09T00:13:31.391+0800][7842.031s] GC(793) Old regions: 64->64
[2024-04-09T00:13:31.391+0800][7842.031s] GC(793) Humongous regions: 4->4
[2024-04-09T00:13:31.391+0800][7842.031s] GC(793) Metaspace: 68538K(69120K)->68538K(69120K) NonClass: 60833K(61120K)->60833K(61120K) Class: 7705K(8000K)->7705K(8000K)
[2024-04-09T00:13:31.391+0800][7842.031s] GC(793) Pause Young (Normal) (G1 Evacuation Pause) 374M->69M(512M) 3.969ms
[2024-04-09T00:13:31.391+0800][7842.031s] GC(793) User=0.00s Sys=0.00s Real=0.00s
[2024-04-09T00:13:32.659+0800][7843.299s] GC(794) Pause Young (Normal) (G1 Evacuation Pause)
[2024-04-09T00:13:32.659+0800][7843.299s] GC(794) Using 13 workers of 13 for evacuation
[2024-04-09T00:13:32.662+0800][7843.302s] GC(794)   Pre Evacuate Collection Set: 0.1ms
[2024-04-09T00:13:32.662+0800][7843.302s] GC(794)   Merge Heap Roots: 0.1ms
[2024-04-09T00:13:32.662+0800][7843.302s] GC(794)   Evacuate Collection Set: 2.0ms
[2024-04-09T00:13:32.662+0800][7843.302s] GC(794)   Post Evacuate Collection Set: 0.8ms
[2024-04-09T00:13:32.662+0800][7843.302s] GC(794)   Other: 0.1ms
[2024-04-09T00:13:32.662+0800][7843.302s] GC(794) Eden regions: 305->0(305)
[2024-04-09T00:13:32.662+0800][7843.302s] GC(794) Survivor regions: 2->2(39)
[2024-04-09T00:13:32.662+0800][7843.302s] GC(794) Old regions: 64->64
[2024-04-09T00:13:32.662+0800][7843.302s] GC(794) Humongous regions: 4->4
[2024-04-09T00:13:32.662+0800][7843.302s] GC(794) Metaspace: 68538K(69120K)->68538K(69120K) NonClass: 60833K(61120K)->60833K(61120K) Class: 7705K(8000K)->7705K(8000K)
[2024-04-09T00:13:32.662+0800][7843.302s] GC(794) Pause Young (Normal) (G1 Evacuation Pause) 374M->69M(512M) 3.324ms
[2024-04-09T00:13:32.662+0800][7843.302s] GC(794) User=0.00s Sys=0.00s Real=0.00s
[2024-04-09T00:13:33.952+0800][7844.592s] GC(795) Pause Young (Normal) (G1 Evacuation Pause)
[2024-04-09T00:13:33.953+0800][7844.592s] GC(795) Using 13 workers of 13 for evacuation
[2024-04-09T00:13:33.955+0800][7844.594s] GC(795)   Pre Evacuate Collection Set: 0.1ms
[2024-04-09T00:13:33.955+0800][7844.594s] GC(795)   Merge Heap Roots: 0.1ms
[2024-04-09T00:13:33.955+0800][7844.594s] GC(795)   Evacuate Collection Set: 1.6ms
[2024-04-09T00:13:33.955+0800][7844.594s] GC(795)   Post Evacuate Collection Set: 0.5ms
[2024-04-09T00:13:33.955+0800][7844.594s] GC(795)   Other: 0.1ms
[2024-04-09T00:13:33.955+0800][7844.594s] GC(795) Eden regions: 305->0(305)
[2024-04-09T00:13:33.955+0800][7844.594s] GC(795) Survivor regions: 2->2(39)
[2024-04-09T00:13:33.955+0800][7844.594s] GC(795) Old regions: 64->64
[2024-04-09T00:13:33.955+0800][7844.594s] GC(795) Humongous regions: 4->4
[2024-04-09T00:13:33.955+0800][7844.594s] GC(795) Metaspace: 68538K(69120K)->68538K(69120K) NonClass: 60833K(61120K)->60833K(61120K) Class: 7705K(8000K)->7705K(8000K)
[2024-04-09T00:13:33.955+0800][7844.594s] GC(795) Pause Young (Normal) (G1 Evacuation Pause) 374M->69M(512M) 2.720ms
[2024-04-09T00:13:33.955+0800][7844.595s] GC(795) User=0.00s Sys=0.00s Real=0.00s
[2024-04-09T00:13:35.397+0800][7846.037s] GC(796) Pause Young (Normal) (G1 Evacuation Pause)
[2024-04-09T00:13:35.397+0800][7846.037s] GC(796) Using 13 workers of 13 for evacuation
[2024-04-09T00:13:35.399+0800][7846.038s] GC(796)   Pre Evacuate Collection Set: 0.1ms
[2024-04-09T00:13:35.399+0800][7846.038s] GC(796)   Merge Heap Roots: 0.1ms
[2024-04-09T00:13:35.399+0800][7846.038s] GC(796)   Evacuate Collection Set: 1.2ms
[2024-04-09T00:13:35.399+0800][7846.038s] GC(796)   Post Evacuate Collection Set: 0.3ms
[2024-04-09T00:13:35.399+0800][7846.039s] GC(796)   Other: 0.1ms
[2024-04-09T00:13:35.399+0800][7846.039s] GC(796) Eden regions: 305->0(305)
[2024-04-09T00:13:35.399+0800][7846.039s] GC(796) Survivor regions: 2->2(39)
[2024-04-09T00:13:35.399+0800][7846.039s] GC(796) Old regions: 64->64
[2024-04-09T00:13:35.399+0800][7846.039s] GC(796) Humongous regions: 4->4
[2024-04-09T00:13:35.399+0800][7846.039s] GC(796) Metaspace: 68538K(69120K)->68538K(69120K) NonClass: 60833K(61120K)->60833K(61120K) Class: 7705K(8000K)->7705K(8000K)
[2024-04-09T00:13:35.399+0800][7846.039s] GC(796) Pause Young (Normal) (G1 Evacuation Pause) 374M->69M(512M) 1.964ms
[2024-04-09T00:13:35.399+0800][7846.039s] GC(796) User=0.00s Sys=0.00s Real=0.00s
[2024-04-09T00:13:36.664+0800][7847.303s] GC(797) Pause Young (Normal) (G1 Evacuation Pause)
[2024-04-09T00:13:36.664+0800][7847.304s] GC(797) Using 13 workers of 13 for evacuation
[2024-04-09T00:13:36.667+0800][7847.306s] GC(797)   Pre Evacuate Collection Set: 0.2ms
[2024-04-09T00:13:36.667+0800][7847.306s] GC(797)   Merge Heap Roots: 0.1ms
[2024-04-09T00:13:36.667+0800][7847.306s] GC(797)   Evacuate Collection Set: 2.1ms
[2024-04-09T00:13:36.667+0800][7847.306s] GC(797)   Post Evacuate Collection Set: 0.4ms
[2024-04-09T00:13:36.667+0800][7847.306s] GC(797)   Other: 0.1ms
[2024-04-09T00:13:36.667+0800][7847.306s] GC(797) Eden regions: 305->0(305)
[2024-04-09T00:13:36.667+0800][7847.306s] GC(797) Survivor regions: 2->2(39)
[2024-04-09T00:13:36.667+0800][7847.306s] GC(797) Old regions: 64->64
[2024-04-09T00:13:36.667+0800][7847.306s] GC(797) Humongous regions: 4->4
[2024-04-09T00:13:36.667+0800][7847.306s] GC(797) Metaspace: 68538K(69120K)->68538K(69120K) NonClass: 60833K(61120K)->60833K(61120K) Class: 7705K(8000K)->7705K(8000K)
[2024-04-09T00:13:36.667+0800][7847.307s] GC(797) Pause Young (Normal) (G1 Evacuation Pause) 374M->69M(512M) 3.027ms
[2024-04-09T00:13:36.667+0800][7847.307s] GC(797) User=0.03s Sys=0.00s Real=0.00s
[2024-04-09T00:13:37.924+0800][7848.563s] GC(798) Pause Young (Normal) (G1 Evacuation Pause)
[2024-04-09T00:13:37.924+0800][7848.564s] GC(798) Using 13 workers of 13 for evacuation
[2024-04-09T00:13:37.926+0800][7848.565s] GC(798)   Pre Evacuate Collection Set: 0.1ms
[2024-04-09T00:13:37.926+0800][7848.565s] GC(798)   Merge Heap Roots: 0.0ms
[2024-04-09T00:13:37.926+0800][7848.565s] GC(798)   Evacuate Collection Set: 1.1ms
[2024-04-09T00:13:37.926+0800][7848.565s] GC(798)   Post Evacuate Collection Set: 0.3ms
[2024-04-09T00:13:37.926+0800][7848.565s] GC(798)   Other: 0.1ms
[2024-04-09T00:13:37.926+0800][7848.565s] GC(798) Eden regions: 305->0(305)
[2024-04-09T00:13:37.926+0800][7848.565s] GC(798) Survivor regions: 2->2(39)
[2024-04-09T00:13:37.926+0800][7848.565s] GC(798) Old regions: 64->64
[2024-04-09T00:13:37.926+0800][7848.565s] GC(798) Humongous regions: 4->4
[2024-04-09T00:13:37.926+0800][7848.565s] GC(798) Metaspace: 68538K(69120K)->68538K(69120K) NonClass: 60833K(61120K)->60833K(61120K) Class: 7705K(8000K)->7705K(8000K)
[2024-04-09T00:13:37.926+0800][7848.565s] GC(798) Pause Young (Normal) (G1 Evacuation Pause) 374M->69M(512M) 1.832ms
[2024-04-09T00:13:37.926+0800][7848.565s] GC(798) User=0.00s Sys=0.00s Real=0.00s
[2024-04-09T00:13:39.193+0800][7849.832s] GC(799) Pause Young (Normal) (G1 Evacuation Pause)
[2024-04-09T00:13:39.193+0800][7849.832s] GC(799) Using 13 workers of 13 for evacuation
[2024-04-09T00:13:39.196+0800][7849.835s] GC(799)   Pre Evacuate Collection Set: 0.2ms
[2024-04-09T00:13:39.196+0800][7849.835s] GC(799)   Merge Heap Roots: 0.1ms
[2024-04-09T00:13:39.196+0800][7849.835s] GC(799)   Evacuate Collection Set: 1.8ms
[2024-04-09T00:13:39.196+0800][7849.835s] GC(799)   Post Evacuate Collection Set: 0.5ms
[2024-04-09T00:13:39.196+0800][7849.835s] GC(799)   Other: 0.1ms
[2024-04-09T00:13:39.196+0800][7849.835s] GC(799) Eden regions: 305->0(305)
[2024-04-09T00:13:39.196+0800][7849.835s] GC(799) Survivor regions: 2->2(39)
[2024-04-09T00:13:39.196+0800][7849.835s] GC(799) Old regions: 64->64
[2024-04-09T00:13:39.196+0800][7849.835s] GC(799) Humongous regions: 4->4
[2024-04-09T00:13:39.196+0800][7849.835s] GC(799) Metaspace: 68538K(69120K)->68538K(69120K) NonClass: 60833K(61120K)->60833K(61120K) Class: 7705K(8000K)->7705K(8000K)
[2024-04-09T00:13:39.196+0800][7849.835s] GC(799) Pause Young (Normal) (G1 Evacuation Pause) 374M->69M(512M) 3.054ms
[2024-04-09T00:13:39.196+0800][7849.835s] GC(799) User=0.00s Sys=0.00s Real=0.00s
[2024-04-09T00:13:40.450+0800][7851.090s] GC(800) Pause Young (Normal) (G1 Evacuation Pause)
[2024-04-09T00:13:40.450+0800][7851.090s] GC(800) Using 13 workers of 13 for evacuation
[2024-04-09T00:13:40.454+0800][7851.093s] GC(800)   Pre Evacuate Collection Set: 0.4ms
[2024-04-09T00:13:40.454+0800][7851.093s] GC(800)   Merge Heap Roots: 0.1ms
[2024-04-09T00:13:40.454+0800][7851.093s] GC(800)   Evacuate Collection Set: 2.2ms
[2024-04-09T00:13:40.454+0800][7851.093s] GC(800)   Post Evacuate Collection Set: 0.5ms
[2024-04-09T00:13:40.454+0800][7851.093s] GC(800)   Other: 0.1ms
[2024-04-09T00:13:40.454+0800][7851.093s] GC(800) Eden regions: 305->0(305)
[2024-04-09T00:13:40.454+0800][7851.093s] GC(800) Survivor regions: 2->2(39)
[2024-04-09T00:13:40.454+0800][7851.093s] GC(800) Old regions: 64->65
[2024-04-09T00:13:40.454+0800][7851.093s] GC(800) Humongous regions: 4->4
[2024-04-09T00:13:40.454+0800][7851.093s] GC(800) Metaspace: 68538K(69120K)->68538K(69120K) NonClass: 60833K(61120K)->60833K(61120K) Class: 7705K(8000K)->7705K(8000K)
[2024-04-09T00:13:40.454+0800][7851.093s] GC(800) Pause Young (Normal) (G1 Evacuation Pause) 374M->69M(512M) 3.751ms
[2024-04-09T00:13:40.454+0800][7851.093s] GC(800) User=0.00s Sys=0.00s Real=0.00s
[2024-04-09T00:13:41.663+0800][7852.302s] GC(801) Pause Young (Normal) (G1 Evacuation Pause)
[2024-04-09T00:13:41.663+0800][7852.302s] GC(801) Using 13 workers of 13 for evacuation
[2024-04-09T00:13:41.665+0800][7852.304s] GC(801)   Pre Evacuate Collection Set: 0.1ms
[2024-04-09T00:13:41.665+0800][7852.304s] GC(801)   Merge Heap Roots: 0.1ms
[2024-04-09T00:13:41.665+0800][7852.304s] GC(801)   Evacuate Collection Set: 1.3ms
[2024-04-09T00:13:41.665+0800][7852.304s] GC(801)   Post Evacuate Collection Set: 0.3ms
[2024-04-09T00:13:41.665+0800][7852.304s] GC(801)   Other: 0.1ms
[2024-04-09T00:13:41.665+0800][7852.304s] GC(801) Eden regions: 305->0(305)
[2024-04-09T00:13:41.665+0800][7852.304s] GC(801) Survivor regions: 2->2(39)
[2024-04-09T00:13:41.665+0800][7852.304s] GC(801) Old regions: 65->65
[2024-04-09T00:13:41.665+0800][7852.304s] GC(801) Humongous regions: 4->4
[2024-04-09T00:13:41.665+0800][7852.304s] GC(801) Metaspace: 68538K(69120K)->68538K(69120K) NonClass: 60833K(61120K)->60833K(61120K) Class: 7705K(8000K)->7705K(8000K)
[2024-04-09T00:13:41.665+0800][7852.304s] GC(801) Pause Young (Normal) (G1 Evacuation Pause) 374M->69M(512M) 1.975ms
[2024-04-09T00:13:41.665+0800][7852.304s] GC(801) User=0.00s Sys=0.00s Real=0.00s
[2024-04-09T00:13:42.958+0800][7853.598s] GC(802) Pause Young (Normal) (G1 Evacuation Pause)
[2024-04-09T00:13:42.958+0800][7853.598s] GC(802) Using 13 workers of 13 for evacuation
[2024-04-09T00:13:42.961+0800][7853.600s] GC(802)   Pre Evacuate Collection Set: 0.2ms
[2024-04-09T00:13:42.961+0800][7853.600s] GC(802)   Merge Heap Roots: 0.1ms
[2024-04-09T00:13:42.961+0800][7853.600s] GC(802)   Evacuate Collection Set: 1.5ms
[2024-04-09T00:13:42.961+0800][7853.600s] GC(802)   Post Evacuate Collection Set: 0.4ms
[2024-04-09T00:13:42.961+0800][7853.600s] GC(802)   Other: 0.1ms
[2024-04-09T00:13:42.961+0800][7853.600s] GC(802) Eden regions: 305->0(305)
[2024-04-09T00:13:42.961+0800][7853.600s] GC(802) Survivor regions: 2->2(39)
[2024-04-09T00:13:42.961+0800][7853.600s] GC(802) Old regions: 65->65
[2024-04-09T00:13:42.961+0800][7853.600s] GC(802) Humongous regions: 4->4
[2024-04-09T00:13:42.961+0800][7853.600s] GC(802) Metaspace: 68538K(69120K)->68538K(69120K) NonClass: 60833K(61120K)->60833K(61120K) Class: 7705K(8000K)->7705K(8000K)
[2024-04-09T00:13:42.961+0800][7853.600s] GC(802) Pause Young (Normal) (G1 Evacuation Pause) 374M->69M(512M) 2.476ms
[2024-04-09T00:13:42.961+0800][7853.600s] GC(802) User=0.00s Sys=0.00s Real=0.00s
[2024-04-09T00:13:44.260+0800][7854.899s] GC(803) Pause Young (Normal) (G1 Evacuation Pause)
[2024-04-09T00:13:44.260+0800][7854.899s] GC(803) Using 13 workers of 13 for evacuation
[2024-04-09T00:13:44.262+0800][7854.901s] GC(803)   Pre Evacuate Collection Set: 0.1ms
[2024-04-09T00:13:44.262+0800][7854.901s] GC(803)   Merge Heap Roots: 0.1ms
[2024-04-09T00:13:44.262+0800][7854.901s] GC(803)   Evacuate Collection Set: 1.5ms
[2024-04-09T00:13:44.262+0800][7854.901s] GC(803)   Post Evacuate Collection Set: 0.4ms
[2024-04-09T00:13:44.262+0800][7854.901s] GC(803)   Other: 0.1ms
[2024-04-09T00:13:44.262+0800][7854.901s] GC(803) Eden regions: 305->0(305)
[2024-04-09T00:13:44.262+0800][7854.901s] GC(803) Survivor regions: 2->2(39)
[2024-04-09T00:13:44.262+0800][7854.902s] GC(803) Old regions: 65->65
[2024-04-09T00:13:44.262+0800][7854.902s] GC(803) Humongous regions: 4->4
[2024-04-09T00:13:44.262+0800][7854.902s] GC(803) Metaspace: 68538K(69120K)->68538K(69120K) NonClass: 60833K(61120K)->60833K(61120K) Class: 7705K(8000K)->7705K(8000K)
[2024-04-09T00:13:44.262+0800][7854.902s] GC(803) Pause Young (Normal) (G1 Evacuation Pause) 374M->69M(512M) 2.319ms
[2024-04-09T00:13:44.262+0800][7854.902s] GC(803) User=0.00s Sys=0.00s Real=0.00s
[2024-04-09T00:13:45.434+0800][7856.074s] GC(804) Pause Young (Normal) (G1 Evacuation Pause)
[2024-04-09T00:13:45.434+0800][7856.074s] GC(804) Using 13 workers of 13 for evacuation
[2024-04-09T00:13:45.437+0800][7856.076s] GC(804)   Pre Evacuate Collection Set: 0.1ms
[2024-04-09T00:13:45.437+0800][7856.076s] GC(804)   Merge Heap Roots: 0.1ms
[2024-04-09T00:13:45.437+0800][7856.076s] GC(804)   Evacuate Collection Set: 1.5ms
[2024-04-09T00:13:45.437+0800][7856.076s] GC(804)   Post Evacuate Collection Set: 0.5ms
[2024-04-09T00:13:45.437+0800][7856.076s] GC(804)   Other: 0.1ms
[2024-04-09T00:13:45.437+0800][7856.076s] GC(804) Eden regions: 305->0(305)
[2024-04-09T00:13:45.437+0800][7856.076s] GC(804) Survivor regions: 2->2(39)
[2024-04-09T00:13:45.437+0800][7856.076s] GC(804) Old regions: 65->65
[2024-04-09T00:13:45.437+0800][7856.076s] GC(804) Humongous regions: 4->4
[2024-04-09T00:13:45.437+0800][7856.076s] GC(804) Metaspace: 68538K(69120K)->68538K(69120K) NonClass: 60833K(61120K)->60833K(61120K) Class: 7705K(8000K)->7705K(8000K)
[2024-04-09T00:13:45.437+0800][7856.076s] GC(804) Pause Young (Normal) (G1 Evacuation Pause) 374M->69M(512M) 2.411ms
[2024-04-09T00:13:45.437+0800][7856.076s] GC(804) User=0.00s Sys=0.00s Real=0.00s
[2024-04-09T00:13:46.725+0800][7857.364s] GC(805) Pause Young (Normal) (G1 Evacuation Pause)
[2024-04-09T00:13:46.725+0800][7857.364s] GC(805) Using 13 workers of 13 for evacuation
[2024-04-09T00:13:46.727+0800][7857.367s] GC(805)   Pre Evacuate Collection Set: 0.1ms
[2024-04-09T00:13:46.727+0800][7857.367s] GC(805)   Merge Heap Roots: 0.1ms
[2024-04-09T00:13:46.727+0800][7857.367s] GC(805)   Evacuate Collection Set: 1.6ms
[2024-04-09T00:13:46.727+0800][7857.367s] GC(805)   Post Evacuate Collection Set: 0.3ms
[2024-04-09T00:13:46.727+0800][7857.367s] GC(805)   Other: 0.1ms
[2024-04-09T00:13:46.727+0800][7857.367s] GC(805) Eden regions: 305->0(305)
[2024-04-09T00:13:46.727+0800][7857.367s] GC(805) Survivor regions: 2->2(39)
[2024-04-09T00:13:46.727+0800][7857.367s] GC(805) Old regions: 65->65
[2024-04-09T00:13:46.727+0800][7857.367s] GC(805) Humongous regions: 4->4
[2024-04-09T00:13:46.727+0800][7857.367s] GC(805) Metaspace: 68538K(69120K)->68538K(69120K) NonClass: 60833K(61120K)->60833K(61120K) Class: 7705K(8000K)->7705K(8000K)
[2024-04-09T00:13:46.727+0800][7857.367s] GC(805) Pause Young (Normal) (G1 Evacuation Pause) 374M->69M(512M) 2.344ms
[2024-04-09T00:13:46.727+0800][7857.367s] GC(805) User=0.00s Sys=0.00s Real=0.00s
[2024-04-09T00:13:48.022+0800][7858.661s] GC(806) Pause Young (Normal) (G1 Evacuation Pause)
[2024-04-09T00:13:48.022+0800][7858.662s] GC(806) Using 13 workers of 13 for evacuation
[2024-04-09T00:13:48.024+0800][7858.663s] GC(806)   Pre Evacuate Collection Set: 0.1ms
[2024-04-09T00:13:48.024+0800][7858.663s] GC(806)   Merge Heap Roots: 0.1ms
[2024-04-09T00:13:48.024+0800][7858.663s] GC(806)   Evacuate Collection Set: 1.2ms
[2024-04-09T00:13:48.024+0800][7858.663s] GC(806)   Post Evacuate Collection Set: 0.4ms
[2024-04-09T00:13:48.024+0800][7858.663s] GC(806)   Other: 0.1ms
[2024-04-09T00:13:48.024+0800][7858.663s] GC(806) Eden regions: 305->0(305)
[2024-04-09T00:13:48.024+0800][7858.664s] GC(806) Survivor regions: 2->2(39)
[2024-04-09T00:13:48.024+0800][7858.664s] GC(806) Old regions: 65->65
[2024-04-09T00:13:48.024+0800][7858.664s] GC(806) Humongous regions: 4->4
[2024-04-09T00:13:48.024+0800][7858.664s] GC(806) Metaspace: 68538K(69120K)->68538K(69120K) NonClass: 60833K(61120K)->60833K(61120K) Class: 7705K(8000K)->7705K(8000K)
[2024-04-09T00:13:48.024+0800][7858.664s] GC(806) Pause Young (Normal) (G1 Evacuation Pause) 374M->69M(512M) 2.116ms
[2024-04-09T00:13:48.024+0800][7858.664s] GC(806) User=0.00s Sys=0.00s Real=0.00s
[2024-04-09T00:13:49.281+0800][7859.920s] GC(807) Pause Young (Normal) (G1 Evacuation Pause)
[2024-04-09T00:13:49.281+0800][7859.920s] GC(807) Using 13 workers of 13 for evacuation
[2024-04-09T00:13:49.283+0800][7859.923s] GC(807)   Pre Evacuate Collection Set: 0.2ms
[2024-04-09T00:13:49.283+0800][7859.923s] GC(807)   Merge Heap Roots: 0.1ms
[2024-04-09T00:13:49.283+0800][7859.923s] GC(807)   Evacuate Collection Set: 1.6ms
[2024-04-09T00:13:49.283+0800][7859.923s] GC(807)   Post Evacuate Collection Set: 0.5ms
[2024-04-09T00:13:49.283+0800][7859.923s] GC(807)   Other: 0.1ms
[2024-04-09T00:13:49.283+0800][7859.923s] GC(807) Eden regions: 305->0(305)
[2024-04-09T00:13:49.284+0800][7859.923s] GC(807) Survivor regions: 2->2(39)
[2024-04-09T00:13:49.284+0800][7859.923s] GC(807) Old regions: 65->65
[2024-04-09T00:13:49.284+0800][7859.923s] GC(807) Humongous regions: 4->4
[2024-04-09T00:13:49.284+0800][7859.923s] GC(807) Metaspace: 68538K(69120K)->68538K(69120K) NonClass: 60833K(61120K)->60833K(61120K) Class: 7705K(8000K)->7705K(8000K)
[2024-04-09T00:13:49.284+0800][7859.923s] GC(807) Pause Young (Normal) (G1 Evacuation Pause) 374M->69M(512M) 2.701ms
[2024-04-09T00:13:49.284+0800][7859.923s] GC(807) User=0.00s Sys=0.00s Real=0.00s
[2024-04-09T00:13:50.546+0800][7861.185s] GC(808) Pause Young (Normal) (G1 Evacuation Pause)
[2024-04-09T00:13:50.546+0800][7861.185s] GC(808) Using 13 workers of 13 for evacuation
[2024-04-09T00:13:50.548+0800][7861.188s] GC(808)   Pre Evacuate Collection Set: 0.2ms
[2024-04-09T00:13:50.548+0800][7861.188s] GC(808)   Merge Heap Roots: 0.2ms
[2024-04-09T00:13:50.548+0800][7861.188s] GC(808)   Evacuate Collection Set: 1.6ms
[2024-04-09T00:13:50.548+0800][7861.188s] GC(808)   Post Evacuate Collection Set: 0.5ms
[2024-04-09T00:13:50.549+0800][7861.188s] GC(808)   Other: 0.1ms
[2024-04-09T00:13:50.549+0800][7861.188s] GC(808) Eden regions: 305->0(305)
[2024-04-09T00:13:50.549+0800][7861.188s] GC(808) Survivor regions: 2->2(39)
[2024-04-09T00:13:50.549+0800][7861.188s] GC(808) Old regions: 65->65
[2024-04-09T00:13:50.549+0800][7861.188s] GC(808) Humongous regions: 4->4
[2024-04-09T00:13:50.549+0800][7861.188s] GC(808) Metaspace: 68538K(69120K)->68538K(69120K) NonClass: 60833K(61120K)->60833K(61120K) Class: 7705K(8000K)->7705K(8000K)
[2024-04-09T00:13:50.549+0800][7861.188s] GC(808) Pause Young (Normal) (G1 Evacuation Pause) 374M->69M(512M) 2.766ms
[2024-04-09T00:13:50.549+0800][7861.188s] GC(808) User=0.00s Sys=0.00s Real=0.00s
[2024-04-09T00:13:51.790+0800][7862.429s] GC(809) Pause Young (Normal) (G1 Evacuation Pause)
[2024-04-09T00:13:51.790+0800][7862.430s] GC(809) Using 13 workers of 13 for evacuation
[2024-04-09T00:13:51.792+0800][7862.432s] GC(809)   Pre Evacuate Collection Set: 0.3ms
[2024-04-09T00:13:51.792+0800][7862.432s] GC(809)   Merge Heap Roots: 0.2ms
[2024-04-09T00:13:51.792+0800][7862.432s] GC(809)   Evacuate Collection Set: 1.6ms
[2024-04-09T00:13:51.792+0800][7862.432s] GC(809)   Post Evacuate Collection Set: 0.3ms
[2024-04-09T00:13:51.793+0800][7862.432s] GC(809)   Other: 0.1ms
[2024-04-09T00:13:51.793+0800][7862.432s] GC(809) Eden regions: 305->0(305)
[2024-04-09T00:13:51.793+0800][7862.432s] GC(809) Survivor regions: 2->2(39)
[2024-04-09T00:13:51.793+0800][7862.432s] GC(809) Old regions: 65->65
[2024-04-09T00:13:51.793+0800][7862.432s] GC(809) Humongous regions: 4->4
[2024-04-09T00:13:51.793+0800][7862.432s] GC(809) Metaspace: 68538K(69120K)->68538K(69120K) NonClass: 60833K(61120K)->60833K(61120K) Class: 7705K(8000K)->7705K(8000K)
[2024-04-09T00:13:51.793+0800][7862.432s] GC(809) Pause Young (Normal) (G1 Evacuation Pause) 374M->70M(512M) 2.705ms
[2024-04-09T00:13:51.793+0800][7862.432s] GC(809) User=0.20s Sys=0.00s Real=0.00s
[2024-04-09T00:13:53.048+0800][7863.688s] GC(810) Pause Young (Normal) (G1 Evacuation Pause)
[2024-04-09T00:13:53.048+0800][7863.688s] GC(810) Using 13 workers of 13 for evacuation
[2024-04-09T00:13:53.053+0800][7863.693s] GC(810)   Pre Evacuate Collection Set: 0.1ms
[2024-04-09T00:13:53.053+0800][7863.693s] GC(810)   Merge Heap Roots: 0.1ms
[2024-04-09T00:13:53.053+0800][7863.693s] GC(810)   Evacuate Collection Set: 4.4ms
[2024-04-09T00:13:53.053+0800][7863.693s] GC(810)   Post Evacuate Collection Set: 0.3ms
[2024-04-09T00:13:53.053+0800][7863.693s] GC(810)   Other: 0.1ms
[2024-04-09T00:13:53.053+0800][7863.693s] GC(810) Eden regions: 305->0(305)
[2024-04-09T00:13:53.053+0800][7863.693s] GC(810) Survivor regions: 2->2(39)
[2024-04-09T00:13:53.053+0800][7863.693s] GC(810) Old regions: 65->65
[2024-04-09T00:13:53.053+0800][7863.693s] GC(810) Humongous regions: 4->4
[2024-04-09T00:13:53.053+0800][7863.693s] GC(810) Metaspace: 68538K(69120K)->68538K(69120K) NonClass: 60833K(61120K)->60833K(61120K) Class: 7705K(8000K)->7705K(8000K)
[2024-04-09T00:13:53.053+0800][7863.693s] GC(810) Pause Young (Normal) (G1 Evacuation Pause) 375M->70M(512M) 5.230ms
[2024-04-09T00:13:53.053+0800][7863.693s] GC(810) User=0.00s Sys=0.00s Real=0.00s
[2024-04-09T00:13:54.303+0800][7864.943s] GC(811) Pause Young (Normal) (G1 Evacuation Pause)
[2024-04-09T00:13:54.303+0800][7864.943s] GC(811) Using 13 workers of 13 for evacuation
[2024-04-09T00:13:54.305+0800][7864.945s] GC(811)   Pre Evacuate Collection Set: 0.1ms
[2024-04-09T00:13:54.305+0800][7864.945s] GC(811)   Merge Heap Roots: 0.1ms
[2024-04-09T00:13:54.305+0800][7864.945s] GC(811)   Evacuate Collection Set: 1.5ms
[2024-04-09T00:13:54.305+0800][7864.945s] GC(811)   Post Evacuate Collection Set: 0.3ms
[2024-04-09T00:13:54.305+0800][7864.945s] GC(811)   Other: 0.1ms
[2024-04-09T00:13:54.306+0800][7864.945s] GC(811) Eden regions: 305->0(304)
[2024-04-09T00:13:54.306+0800][7864.945s] GC(811) Survivor regions: 2->3(39)
[2024-04-09T00:13:54.306+0800][7864.945s] GC(811) Old regions: 65->65
[2024-04-09T00:13:54.306+0800][7864.945s] GC(811) Humongous regions: 4->4
[2024-04-09T00:13:54.306+0800][7864.945s] GC(811) Metaspace: 68538K(69120K)->68538K(69120K) NonClass: 60833K(61120K)->60833K(61120K) Class: 7705K(8000K)->7705K(8000K)
[2024-04-09T00:13:54.306+0800][7864.945s] GC(811) Pause Young (Normal) (G1 Evacuation Pause) 375M->70M(512M) 2.222ms
[2024-04-09T00:13:54.306+0800][7864.945s] GC(811) User=0.00s Sys=0.02s Real=0.00s
[2024-04-09T00:13:55.568+0800][7866.208s] GC(812) Pause Young (Normal) (G1 Evacuation Pause)
[2024-04-09T00:13:55.569+0800][7866.208s] GC(812) Using 13 workers of 13 for evacuation
[2024-04-09T00:13:55.573+0800][7866.213s] GC(812)   Pre Evacuate Collection Set: 0.2ms
[2024-04-09T00:13:55.573+0800][7866.213s] GC(812)   Merge Heap Roots: 0.1ms
[2024-04-09T00:13:55.573+0800][7866.213s] GC(812)   Evacuate Collection Set: 2.8ms
[2024-04-09T00:13:55.573+0800][7866.213s] GC(812)   Post Evacuate Collection Set: 1.2ms
[2024-04-09T00:13:55.573+0800][7866.213s] GC(812)   Other: 0.2ms
[2024-04-09T00:13:55.573+0800][7866.213s] GC(812) Eden regions: 304->0(305)
[2024-04-09T00:13:55.573+0800][7866.213s] GC(812) Survivor regions: 3->2(39)
[2024-04-09T00:13:55.573+0800][7866.213s] GC(812) Old regions: 65->65
[2024-04-09T00:13:55.573+0800][7866.213s] GC(812) Humongous regions: 4->4
[2024-04-09T00:13:55.573+0800][7866.213s] GC(812) Metaspace: 68538K(69120K)->68538K(69120K) NonClass: 60833K(61120K)->60833K(61120K) Class: 7705K(8000K)->7705K(8000K)
[2024-04-09T00:13:55.573+0800][7866.213s] GC(812) Pause Young (Normal) (G1 Evacuation Pause) 374M->70M(512M) 4.769ms
[2024-04-09T00:13:55.573+0800][7866.213s] GC(812) User=0.02s Sys=0.02s Real=0.00s
[2024-04-09T00:13:56.885+0800][7867.524s] GC(813) Pause Young (Normal) (G1 Evacuation Pause)
[2024-04-09T00:13:56.885+0800][7867.524s] GC(813) Using 13 workers of 13 for evacuation
[2024-04-09T00:13:56.887+0800][7867.527s] GC(813)   Pre Evacuate Collection Set: 0.2ms
[2024-04-09T00:13:56.887+0800][7867.527s] GC(813)   Merge Heap Roots: 0.1ms
[2024-04-09T00:13:56.887+0800][7867.527s] GC(813)   Evacuate Collection Set: 1.7ms
[2024-04-09T00:13:56.887+0800][7867.527s] GC(813)   Post Evacuate Collection Set: 0.5ms
[2024-04-09T00:13:56.888+0800][7867.527s] GC(813)   Other: 0.1ms
[2024-04-09T00:13:56.888+0800][7867.527s] GC(813) Eden regions: 305->0(305)
[2024-04-09T00:13:56.888+0800][7867.527s] GC(813) Survivor regions: 2->2(39)
[2024-04-09T00:13:56.888+0800][7867.527s] GC(813) Old regions: 65->65
[2024-04-09T00:13:56.888+0800][7867.527s] GC(813) Humongous regions: 4->4
[2024-04-09T00:13:56.888+0800][7867.527s] GC(813) Metaspace: 68538K(69120K)->68538K(69120K) NonClass: 60833K(61120K)->60833K(61120K) Class: 7705K(8000K)->7705K(8000K)
[2024-04-09T00:13:56.888+0800][7867.527s] GC(813) Pause Young (Normal) (G1 Evacuation Pause) 375M->70M(512M) 2.850ms
[2024-04-09T00:13:56.888+0800][7867.527s] GC(813) User=0.00s Sys=0.00s Real=0.00s
[2024-04-09T00:13:58.164+0800][7868.804s] GC(814) Pause Young (Normal) (G1 Evacuation Pause)
[2024-04-09T00:13:58.164+0800][7868.804s] GC(814) Using 13 workers of 13 for evacuation
[2024-04-09T00:13:58.167+0800][7868.807s] GC(814)   Pre Evacuate Collection Set: 0.2ms
[2024-04-09T00:13:58.168+0800][7868.807s] GC(814)   Merge Heap Roots: 0.1ms
[2024-04-09T00:13:58.168+0800][7868.807s] GC(814)   Evacuate Collection Set: 2.5ms
[2024-04-09T00:13:58.168+0800][7868.807s] GC(814)   Post Evacuate Collection Set: 0.4ms
[2024-04-09T00:13:58.168+0800][7868.807s] GC(814)   Other: 0.1ms
[2024-04-09T00:13:58.168+0800][7868.807s] GC(814) Eden regions: 305->0(304)
[2024-04-09T00:13:58.168+0800][7868.807s] GC(814) Survivor regions: 2->3(39)
[2024-04-09T00:13:58.168+0800][7868.807s] GC(814) Old regions: 65->65
[2024-04-09T00:13:58.168+0800][7868.807s] GC(814) Humongous regions: 4->4
[2024-04-09T00:13:58.168+0800][7868.807s] GC(814) Metaspace: 68538K(69120K)->68538K(69120K) NonClass: 60833K(61120K)->60833K(61120K) Class: 7705K(8000K)->7705K(8000K)
[2024-04-09T00:13:58.168+0800][7868.807s] GC(814) Pause Young (Normal) (G1 Evacuation Pause) 375M->70M(512M) 3.726ms
[2024-04-09T00:13:58.168+0800][7868.807s] GC(814) User=0.17s Sys=0.00s Real=0.00s
[2024-04-09T00:13:59.427+0800][7870.067s] GC(815) Pause Young (Normal) (G1 Evacuation Pause)
[2024-04-09T00:13:59.427+0800][7870.067s] GC(815) Using 13 workers of 13 for evacuation
[2024-04-09T00:13:59.431+0800][7870.071s] GC(815)   Pre Evacuate Collection Set: 0.1ms
[2024-04-09T00:13:59.431+0800][7870.071s] GC(815)   Merge Heap Roots: 0.1ms
[2024-04-09T00:13:59.431+0800][7870.071s] GC(815)   Evacuate Collection Set: 2.4ms
[2024-04-09T00:13:59.431+0800][7870.071s] GC(815)   Post Evacuate Collection Set: 0.8ms
[2024-04-09T00:13:59.431+0800][7870.071s] GC(815)   Other: 0.2ms
[2024-04-09T00:13:59.431+0800][7870.071s] GC(815) Eden regions: 304->0(305)
[2024-04-09T00:13:59.431+0800][7870.071s] GC(815) Survivor regions: 3->2(39)
[2024-04-09T00:13:59.431+0800][7870.071s] GC(815) Old regions: 65->65
[2024-04-09T00:13:59.431+0800][7870.071s] GC(815) Humongous regions: 4->4
[2024-04-09T00:13:59.431+0800][7870.071s] GC(815) Metaspace: 68538K(69120K)->68538K(69120K) NonClass: 60833K(61120K)->60833K(61120K) Class: 7705K(8000K)->7705K(8000K)
[2024-04-09T00:13:59.431+0800][7870.071s] GC(815) Pause Young (Normal) (G1 Evacuation Pause) 374M->70M(512M) 3.935ms
[2024-04-09T00:13:59.431+0800][7870.071s] GC(815) User=0.00s Sys=0.02s Real=0.00s
[2024-04-09T00:14:00.731+0800][7871.371s] GC(816) Pause Young (Normal) (G1 Evacuation Pause)
[2024-04-09T00:14:00.732+0800][7871.371s] GC(816) Using 13 workers of 13 for evacuation
[2024-04-09T00:14:00.734+0800][7871.374s] GC(816)   Pre Evacuate Collection Set: 0.1ms
[2024-04-09T00:14:00.734+0800][7871.374s] GC(816)   Merge Heap Roots: 0.1ms
[2024-04-09T00:14:00.734+0800][7871.374s] GC(816)   Evacuate Collection Set: 1.7ms
[2024-04-09T00:14:00.734+0800][7871.374s] GC(816)   Post Evacuate Collection Set: 0.4ms
[2024-04-09T00:14:00.734+0800][7871.374s] GC(816)   Other: 0.1ms
[2024-04-09T00:14:00.734+0800][7871.374s] GC(816) Eden regions: 305->0(305)
[2024-04-09T00:14:00.734+0800][7871.374s] GC(816) Survivor regions: 2->2(39)
[2024-04-09T00:14:00.734+0800][7871.374s] GC(816) Old regions: 65->65
[2024-04-09T00:14:00.734+0800][7871.374s] GC(816) Humongous regions: 4->4
[2024-04-09T00:14:00.734+0800][7871.374s] GC(816) Metaspace: 68538K(69120K)->68538K(69120K) NonClass: 60833K(61120K)->60833K(61120K) Class: 7705K(8000K)->7705K(8000K)
[2024-04-09T00:14:00.734+0800][7871.374s] GC(816) Pause Young (Normal) (G1 Evacuation Pause) 375M->70M(512M) 2.676ms
[2024-04-09T00:14:00.734+0800][7871.374s] GC(816) User=0.00s Sys=0.00s Real=0.00s
[2024-04-09T00:14:02.115+0800][7872.755s] GC(817) Pause Young (Normal) (G1 Evacuation Pause)
[2024-04-09T00:14:02.115+0800][7872.755s] GC(817) Using 13 workers of 13 for evacuation
[2024-04-09T00:14:02.117+0800][7872.757s] GC(817)   Pre Evacuate Collection Set: 0.5ms
[2024-04-09T00:14:02.117+0800][7872.757s] GC(817)   Merge Heap Roots: 0.1ms
[2024-04-09T00:14:02.117+0800][7872.757s] GC(817)   Evacuate Collection Set: 1.4ms
[2024-04-09T00:14:02.117+0800][7872.757s] GC(817)   Post Evacuate Collection Set: 0.3ms
[2024-04-09T00:14:02.117+0800][7872.757s] GC(817)   Other: 0.1ms
[2024-04-09T00:14:02.117+0800][7872.757s] GC(817) Eden regions: 305->0(305)
[2024-04-09T00:14:02.117+0800][7872.757s] GC(817) Survivor regions: 2->2(39)
[2024-04-09T00:14:02.117+0800][7872.757s] GC(817) Old regions: 65->65
[2024-04-09T00:14:02.117+0800][7872.757s] GC(817) Humongous regions: 4->4
[2024-04-09T00:14:02.117+0800][7872.757s] GC(817) Metaspace: 68538K(69120K)->68538K(69120K) NonClass: 60833K(61120K)->60833K(61120K) Class: 7705K(8000K)->7705K(8000K)
[2024-04-09T00:14:02.118+0800][7872.757s] GC(817) Pause Young (Normal) (G1 Evacuation Pause) 375M->69M(512M) 2.573ms
[2024-04-09T00:14:02.118+0800][7872.757s] GC(817) User=0.00s Sys=0.00s Real=0.00s
[2024-04-09T00:14:03.432+0800][7874.071s] GC(818) Pause Young (Normal) (G1 Evacuation Pause)
[2024-04-09T00:14:03.432+0800][7874.071s] GC(818) Using 13 workers of 13 for evacuation
[2024-04-09T00:14:03.436+0800][7874.075s] GC(818)   Pre Evacuate Collection Set: 0.4ms
[2024-04-09T00:14:03.436+0800][7874.075s] GC(818)   Merge Heap Roots: 0.1ms
[2024-04-09T00:14:03.436+0800][7874.075s] GC(818)   Evacuate Collection Set: 2.8ms
[2024-04-09T00:14:03.436+0800][7874.075s] GC(818)   Post Evacuate Collection Set: 0.6ms
[2024-04-09T00:14:03.437+0800][7874.075s] GC(818)   Other: 0.2ms
[2024-04-09T00:14:03.437+0800][7874.075s] GC(818) Eden regions: 305->0(305)
[2024-04-09T00:14:03.437+0800][7874.075s] GC(818) Survivor regions: 2->2(39)
[2024-04-09T00:14:03.437+0800][7874.075s] GC(818) Old regions: 65->65
[2024-04-09T00:14:03.437+0800][7874.075s] GC(818) Humongous regions: 4->4
[2024-04-09T00:14:03.437+0800][7874.075s] GC(818) Metaspace: 68538K(69120K)->68538K(69120K) NonClass: 60833K(61120K)->60833K(61120K) Class: 7705K(8000K)->7705K(8000K)
[2024-04-09T00:14:03.437+0800][7874.075s] GC(818) Pause Young (Normal) (G1 Evacuation Pause) 374M->70M(512M) 4.604ms
[2024-04-09T00:14:03.437+0800][7874.076s] GC(818) User=0.00s Sys=0.00s Real=0.01s
[2024-04-09T00:14:04.763+0800][7875.402s] GC(819) Pause Young (Normal) (G1 Evacuation Pause)
[2024-04-09T00:14:04.763+0800][7875.402s] GC(819) Using 13 workers of 13 for evacuation
[2024-04-09T00:14:04.766+0800][7875.405s] GC(819)   Pre Evacuate Collection Set: 0.1ms
[2024-04-09T00:14:04.766+0800][7875.405s] GC(819)   Merge Heap Roots: 0.1ms
[2024-04-09T00:14:04.766+0800][7875.405s] GC(819)   Evacuate Collection Set: 2.1ms
[2024-04-09T00:14:04.766+0800][7875.405s] GC(819)   Post Evacuate Collection Set: 0.6ms
[2024-04-09T00:14:04.766+0800][7875.405s] GC(819)   Other: 0.1ms
[2024-04-09T00:14:04.766+0800][7875.405s] GC(819) Eden regions: 305->0(305)
[2024-04-09T00:14:04.766+0800][7875.405s] GC(819) Survivor regions: 2->2(39)
[2024-04-09T00:14:04.766+0800][7875.405s] GC(819) Old regions: 65->65
[2024-04-09T00:14:04.766+0800][7875.405s] GC(819) Humongous regions: 4->4
[2024-04-09T00:14:04.766+0800][7875.405s] GC(819) Metaspace: 68538K(69120K)->68538K(69120K) NonClass: 60833K(61120K)->60833K(61120K) Class: 7705K(8000K)->7705K(8000K)
[2024-04-09T00:14:04.766+0800][7875.405s] GC(819) Pause Young (Normal) (G1 Evacuation Pause) 375M->69M(512M) 3.326ms
[2024-04-09T00:14:04.766+0800][7875.405s] GC(819) User=0.00s Sys=0.00s Real=0.00s
[2024-04-09T00:14:06.020+0800][7876.659s] GC(820) Pause Young (Normal) (G1 Evacuation Pause)
[2024-04-09T00:14:06.020+0800][7876.659s] GC(820) Using 13 workers of 13 for evacuation
[2024-04-09T00:14:06.022+0800][7876.661s] GC(820)   Pre Evacuate Collection Set: 0.1ms
[2024-04-09T00:14:06.022+0800][7876.661s] GC(820)   Merge Heap Roots: 0.1ms
[2024-04-09T00:14:06.022+0800][7876.661s] GC(820)   Evacuate Collection Set: 1.1ms
[2024-04-09T00:14:06.022+0800][7876.661s] GC(820)   Post Evacuate Collection Set: 0.3ms
[2024-04-09T00:14:06.022+0800][7876.661s] GC(820)   Other: 0.1ms
[2024-04-09T00:14:06.022+0800][7876.661s] GC(820) Eden regions: 305->0(305)
[2024-04-09T00:14:06.022+0800][7876.661s] GC(820) Survivor regions: 2->2(39)
[2024-04-09T00:14:06.022+0800][7876.661s] GC(820) Old regions: 65->65
[2024-04-09T00:14:06.022+0800][7876.661s] GC(820) Humongous regions: 4->4
[2024-04-09T00:14:06.022+0800][7876.661s] GC(820) Metaspace: 68538K(69120K)->68538K(69120K) NonClass: 60833K(61120K)->60833K(61120K) Class: 7705K(8000K)->7705K(8000K)
[2024-04-09T00:14:06.022+0800][7876.661s] GC(820) Pause Young (Normal) (G1 Evacuation Pause) 374M->69M(512M) 1.785ms
[2024-04-09T00:14:06.022+0800][7876.661s] GC(820) User=0.00s Sys=0.00s Real=0.00s
[2024-04-09T00:14:07.252+0800][7877.891s] GC(821) Pause Young (Normal) (G1 Evacuation Pause)
[2024-04-09T00:14:07.252+0800][7877.891s] GC(821) Using 13 workers of 13 for evacuation
[2024-04-09T00:14:07.254+0800][7877.893s] GC(821)   Pre Evacuate Collection Set: 0.1ms
[2024-04-09T00:14:07.254+0800][7877.893s] GC(821)   Merge Heap Roots: 0.1ms
[2024-04-09T00:14:07.254+0800][7877.893s] GC(821)   Evacuate Collection Set: 1.2ms
[2024-04-09T00:14:07.254+0800][7877.893s] GC(821)   Post Evacuate Collection Set: 0.3ms
[2024-04-09T00:14:07.254+0800][7877.893s] GC(821)   Other: 0.1ms
[2024-04-09T00:14:07.254+0800][7877.893s] GC(821) Eden regions: 305->0(305)
[2024-04-09T00:14:07.254+0800][7877.893s] GC(821) Survivor regions: 2->2(39)
[2024-04-09T00:14:07.254+0800][7877.893s] GC(821) Old regions: 65->65
[2024-04-09T00:14:07.254+0800][7877.893s] GC(821) Humongous regions: 4->4
[2024-04-09T00:14:07.254+0800][7877.893s] GC(821) Metaspace: 68538K(69120K)->68538K(69120K) NonClass: 60833K(61120K)->60833K(61120K) Class: 7705K(8000K)->7705K(8000K)
[2024-04-09T00:14:07.254+0800][7877.893s] GC(821) Pause Young (Normal) (G1 Evacuation Pause) 374M->70M(512M) 1.931ms
[2024-04-09T00:14:07.254+0800][7877.893s] GC(821) User=0.00s Sys=0.00s Real=0.00s
[2024-04-09T00:14:08.533+0800][7879.172s] GC(822) Pause Young (Normal) (G1 Evacuation Pause)
[2024-04-09T00:14:08.533+0800][7879.172s] GC(822) Using 13 workers of 13 for evacuation
[2024-04-09T00:14:08.536+0800][7879.174s] GC(822)   Pre Evacuate Collection Set: 0.2ms
[2024-04-09T00:14:08.536+0800][7879.174s] GC(822)   Merge Heap Roots: 0.1ms
[2024-04-09T00:14:08.536+0800][7879.174s] GC(822)   Evacuate Collection Set: 1.3ms
[2024-04-09T00:14:08.536+0800][7879.174s] GC(822)   Post Evacuate Collection Set: 0.4ms
[2024-04-09T00:14:08.536+0800][7879.175s] GC(822)   Other: 0.1ms
[2024-04-09T00:14:08.536+0800][7879.175s] GC(822) Eden regions: 305->0(305)
[2024-04-09T00:14:08.536+0800][7879.175s] GC(822) Survivor regions: 2->2(39)
[2024-04-09T00:14:08.536+0800][7879.175s] GC(822) Old regions: 65->65
[2024-04-09T00:14:08.536+0800][7879.175s] GC(822) Humongous regions: 4->4
[2024-04-09T00:14:08.536+0800][7879.175s] GC(822) Metaspace: 68538K(69120K)->68538K(69120K) NonClass: 60833K(61120K)->60833K(61120K) Class: 7705K(8000K)->7705K(8000K)
[2024-04-09T00:14:08.536+0800][7879.175s] GC(822) Pause Young (Normal) (G1 Evacuation Pause) 375M->70M(512M) 2.321ms
[2024-04-09T00:14:08.536+0800][7879.175s] GC(822) User=0.00s Sys=0.00s Real=0.00s
[2024-04-09T00:14:09.797+0800][7880.436s] GC(823) Pause Young (Normal) (G1 Evacuation Pause)
[2024-04-09T00:14:09.797+0800][7880.436s] GC(823) Using 13 workers of 13 for evacuation
[2024-04-09T00:14:09.801+0800][7880.440s] GC(823)   Pre Evacuate Collection Set: 0.1ms
[2024-04-09T00:14:09.801+0800][7880.440s] GC(823)   Merge Heap Roots: 0.5ms
[2024-04-09T00:14:09.801+0800][7880.440s] GC(823)   Evacuate Collection Set: 2.5ms
[2024-04-09T00:14:09.801+0800][7880.440s] GC(823)   Post Evacuate Collection Set: 0.6ms
[2024-04-09T00:14:09.801+0800][7880.440s] GC(823)   Other: 0.2ms
[2024-04-09T00:14:09.801+0800][7880.440s] GC(823) Eden regions: 305->0(305)
[2024-04-09T00:14:09.801+0800][7880.440s] GC(823) Survivor regions: 2->2(39)
[2024-04-09T00:14:09.801+0800][7880.440s] GC(823) Old regions: 65->65
[2024-04-09T00:14:09.801+0800][7880.440s] GC(823) Humongous regions: 4->4
[2024-04-09T00:14:09.801+0800][7880.440s] GC(823) Metaspace: 68538K(69120K)->68538K(69120K) NonClass: 60833K(61120K)->60833K(61120K) Class: 7705K(8000K)->7705K(8000K)
[2024-04-09T00:14:09.801+0800][7880.440s] GC(823) Pause Young (Normal) (G1 Evacuation Pause) 375M->70M(512M) 4.299ms
[2024-04-09T00:14:09.802+0800][7880.440s] GC(823) User=0.00s Sys=0.00s Real=0.01s
[2024-04-09T00:14:11.075+0800][7881.714s] GC(824) Pause Young (Normal) (G1 Evacuation Pause)
[2024-04-09T00:14:11.075+0800][7881.714s] GC(824) Using 13 workers of 13 for evacuation
[2024-04-09T00:14:11.078+0800][7881.716s] GC(824)   Pre Evacuate Collection Set: 0.2ms
[2024-04-09T00:14:11.078+0800][7881.716s] GC(824)   Merge Heap Roots: 0.1ms
[2024-04-09T00:14:11.078+0800][7881.716s] GC(824)   Evacuate Collection Set: 1.4ms
[2024-04-09T00:14:11.078+0800][7881.716s] GC(824)   Post Evacuate Collection Set: 0.4ms
[2024-04-09T00:14:11.078+0800][7881.716s] GC(824)   Other: 0.1ms
[2024-04-09T00:14:11.078+0800][7881.717s] GC(824) Eden regions: 305->0(305)
[2024-04-09T00:14:11.078+0800][7881.717s] GC(824) Survivor regions: 2->2(39)
[2024-04-09T00:14:11.078+0800][7881.717s] GC(824) Old regions: 65->65
[2024-04-09T00:14:11.078+0800][7881.717s] GC(824) Humongous regions: 4->4
[2024-04-09T00:14:11.078+0800][7881.717s] GC(824) Metaspace: 68538K(69120K)->68538K(69120K) NonClass: 60833K(61120K)->60833K(61120K) Class: 7705K(8000K)->7705K(8000K)
[2024-04-09T00:14:11.078+0800][7881.717s] GC(824) Pause Young (Normal) (G1 Evacuation Pause) 375M->70M(512M) 2.511ms
[2024-04-09T00:14:11.078+0800][7881.717s] GC(824) User=0.00s Sys=0.00s Real=0.00s
[2024-04-09T00:14:12.308+0800][7882.947s] GC(825) Pause Young (Normal) (G1 Evacuation Pause)
[2024-04-09T00:14:12.308+0800][7882.947s] GC(825) Using 13 workers of 13 for evacuation
[2024-04-09T00:14:12.311+0800][7882.949s] GC(825)   Pre Evacuate Collection Set: 0.1ms
[2024-04-09T00:14:12.311+0800][7882.950s] GC(825)   Merge Heap Roots: 0.1ms
[2024-04-09T00:14:12.311+0800][7882.950s] GC(825)   Evacuate Collection Set: 1.6ms
[2024-04-09T00:14:12.311+0800][7882.950s] GC(825)   Post Evacuate Collection Set: 0.9ms
[2024-04-09T00:14:12.311+0800][7882.950s] GC(825)   Other: 0.2ms
[2024-04-09T00:14:12.311+0800][7882.950s] GC(825) Eden regions: 305->0(305)
[2024-04-09T00:14:12.311+0800][7882.950s] GC(825) Survivor regions: 2->2(39)
[2024-04-09T00:14:12.311+0800][7882.950s] GC(825) Old regions: 65->65
[2024-04-09T00:14:12.311+0800][7882.950s] GC(825) Humongous regions: 4->4
[2024-04-09T00:14:12.311+0800][7882.950s] GC(825) Metaspace: 68538K(69120K)->68538K(69120K) NonClass: 60833K(61120K)->60833K(61120K) Class: 7705K(8000K)->7705K(8000K)
[2024-04-09T00:14:12.311+0800][7882.950s] GC(825) Pause Young (Normal) (G1 Evacuation Pause) 375M->69M(512M) 3.231ms
[2024-04-09T00:14:12.311+0800][7882.950s] GC(825) User=0.00s Sys=0.00s Real=0.00s
[2024-04-09T00:14:13.583+0800][7884.223s] GC(826) Pause Young (Normal) (G1 Evacuation Pause)
[2024-04-09T00:14:13.583+0800][7884.223s] GC(826) Using 13 workers of 13 for evacuation
[2024-04-09T00:14:13.585+0800][7884.225s] GC(826)   Pre Evacuate Collection Set: 0.2ms
[2024-04-09T00:14:13.585+0800][7884.225s] GC(826)   Merge Heap Roots: 0.1ms
[2024-04-09T00:14:13.585+0800][7884.225s] GC(826)   Evacuate Collection Set: 1.4ms
[2024-04-09T00:14:13.585+0800][7884.225s] GC(826)   Post Evacuate Collection Set: 0.5ms
[2024-04-09T00:14:13.585+0800][7884.225s] GC(826)   Other: 0.1ms
[2024-04-09T00:14:13.585+0800][7884.225s] GC(826) Eden regions: 305->0(305)
[2024-04-09T00:14:13.585+0800][7884.225s] GC(826) Survivor regions: 2->2(39)
[2024-04-09T00:14:13.585+0800][7884.225s] GC(826) Old regions: 65->65
[2024-04-09T00:14:13.585+0800][7884.225s] GC(826) Humongous regions: 4->4
[2024-04-09T00:14:13.585+0800][7884.225s] GC(826) Metaspace: 68538K(69120K)->68538K(69120K) NonClass: 60833K(61120K)->60833K(61120K) Class: 7705K(8000K)->7705K(8000K)
[2024-04-09T00:14:13.585+0800][7884.225s] GC(826) Pause Young (Normal) (G1 Evacuation Pause) 374M->70M(512M) 2.463ms
[2024-04-09T00:14:13.586+0800][7884.225s] GC(826) User=0.00s Sys=0.00s Real=0.00s
[2024-04-09T00:14:14.853+0800][7885.493s] GC(827) Pause Young (Normal) (G1 Evacuation Pause)
[2024-04-09T00:14:14.853+0800][7885.493s] GC(827) Using 13 workers of 13 for evacuation
[2024-04-09T00:14:14.855+0800][7885.494s] GC(827)   Pre Evacuate Collection Set: 0.1ms
[2024-04-09T00:14:14.855+0800][7885.494s] GC(827)   Merge Heap Roots: 0.1ms
[2024-04-09T00:14:14.855+0800][7885.494s] GC(827)   Evacuate Collection Set: 0.8ms
[2024-04-09T00:14:14.855+0800][7885.494s] GC(827)   Post Evacuate Collection Set: 0.6ms
[2024-04-09T00:14:14.855+0800][7885.494s] GC(827)   Other: 0.1ms
[2024-04-09T00:14:14.855+0800][7885.494s] GC(827) Eden regions: 305->0(305)
[2024-04-09T00:14:14.855+0800][7885.494s] GC(827) Survivor regions: 2->2(39)
[2024-04-09T00:14:14.855+0800][7885.494s] GC(827) Old regions: 65->65
[2024-04-09T00:14:14.855+0800][7885.494s] GC(827) Humongous regions: 4->4
[2024-04-09T00:14:14.855+0800][7885.495s] GC(827) Metaspace: 68538K(69120K)->68538K(69120K) NonClass: 60833K(61120K)->60833K(61120K) Class: 7705K(8000K)->7705K(8000K)
[2024-04-09T00:14:14.855+0800][7885.495s] GC(827) Pause Young (Normal) (G1 Evacuation Pause) 375M->69M(512M) 1.979ms
[2024-04-09T00:14:14.855+0800][7885.495s] GC(827) User=0.00s Sys=0.00s Real=0.00s
[2024-04-09T00:14:16.147+0800][7886.786s] GC(828) Pause Young (Normal) (G1 Evacuation Pause)
[2024-04-09T00:14:16.147+0800][7886.786s] GC(828) Using 13 workers of 13 for evacuation
[2024-04-09T00:14:16.149+0800][7886.789s] GC(828)   Pre Evacuate Collection Set: 0.1ms
[2024-04-09T00:14:16.149+0800][7886.789s] GC(828)   Merge Heap Roots: 0.1ms
[2024-04-09T00:14:16.149+0800][7886.789s] GC(828)   Evacuate Collection Set: 1.5ms
[2024-04-09T00:14:16.149+0800][7886.789s] GC(828)   Post Evacuate Collection Set: 0.5ms
[2024-04-09T00:14:16.149+0800][7886.789s] GC(828)   Other: 0.1ms
[2024-04-09T00:14:16.149+0800][7886.789s] GC(828) Eden regions: 305->0(305)
[2024-04-09T00:14:16.149+0800][7886.789s] GC(828) Survivor regions: 2->2(39)
[2024-04-09T00:14:16.149+0800][7886.789s] GC(828) Old regions: 65->65
[2024-04-09T00:14:16.149+0800][7886.789s] GC(828) Humongous regions: 4->4
[2024-04-09T00:14:16.149+0800][7886.789s] GC(828) Metaspace: 68538K(69120K)->68538K(69120K) NonClass: 60833K(61120K)->60833K(61120K) Class: 7705K(8000K)->7705K(8000K)
[2024-04-09T00:14:16.149+0800][7886.789s] GC(828) Pause Young (Normal) (G1 Evacuation Pause) 374M->69M(512M) 2.568ms
[2024-04-09T00:14:16.150+0800][7886.789s] GC(828) User=0.00s Sys=0.00s Real=0.00s
[2024-04-09T00:14:17.521+0800][7888.161s] GC(829) Pause Young (Normal) (G1 Evacuation Pause)
[2024-04-09T00:14:17.522+0800][7888.161s] GC(829) Using 13 workers of 13 for evacuation
[2024-04-09T00:14:17.525+0800][7888.164s] GC(829)   Pre Evacuate Collection Set: 0.3ms
[2024-04-09T00:14:17.525+0800][7888.164s] GC(829)   Merge Heap Roots: 0.1ms
[2024-04-09T00:14:17.525+0800][7888.164s] GC(829)   Evacuate Collection Set: 2.5ms
[2024-04-09T00:14:17.525+0800][7888.164s] GC(829)   Post Evacuate Collection Set: 0.3ms
[2024-04-09T00:14:17.525+0800][7888.164s] GC(829)   Other: 0.1ms
[2024-04-09T00:14:17.525+0800][7888.165s] GC(829) Eden regions: 305->0(305)
[2024-04-09T00:14:17.525+0800][7888.165s] GC(829) Survivor regions: 2->2(39)
[2024-04-09T00:14:17.525+0800][7888.165s] GC(829) Old regions: 65->65
[2024-04-09T00:14:17.525+0800][7888.165s] GC(829) Humongous regions: 4->4
[2024-04-09T00:14:17.525+0800][7888.165s] GC(829) Metaspace: 68538K(69120K)->68538K(69120K) NonClass: 60833K(61120K)->60833K(61120K) Class: 7705K(8000K)->7705K(8000K)
[2024-04-09T00:14:17.525+0800][7888.165s] GC(829) Pause Young (Normal) (G1 Evacuation Pause) 374M->70M(512M) 3.647ms
[2024-04-09T00:14:17.525+0800][7888.165s] GC(829) User=0.03s Sys=0.00s Real=0.00s
[2024-04-09T00:14:18.884+0800][7889.524s] GC(830) Pause Young (Normal) (G1 Evacuation Pause)
[2024-04-09T00:14:18.884+0800][7889.524s] GC(830) Using 13 workers of 13 for evacuation
[2024-04-09T00:14:18.886+0800][7889.525s] GC(830)   Pre Evacuate Collection Set: 0.1ms
[2024-04-09T00:14:18.886+0800][7889.525s] GC(830)   Merge Heap Roots: 0.1ms
[2024-04-09T00:14:18.886+0800][7889.525s] GC(830)   Evacuate Collection Set: 0.7ms
[2024-04-09T00:14:18.886+0800][7889.525s] GC(830)   Post Evacuate Collection Set: 0.3ms
[2024-04-09T00:14:18.886+0800][7889.525s] GC(830)   Other: 0.1ms
[2024-04-09T00:14:18.886+0800][7889.525s] GC(830) Eden regions: 305->0(305)
[2024-04-09T00:14:18.886+0800][7889.525s] GC(830) Survivor regions: 2->2(39)
[2024-04-09T00:14:18.886+0800][7889.525s] GC(830) Old regions: 65->65
[2024-04-09T00:14:18.886+0800][7889.525s] GC(830) Humongous regions: 4->4
[2024-04-09T00:14:18.886+0800][7889.525s] GC(830) Metaspace: 68538K(69120K)->68538K(69120K) NonClass: 60833K(61120K)->60833K(61120K) Class: 7705K(8000K)->7705K(8000K)
[2024-04-09T00:14:18.886+0800][7889.525s] GC(830) Pause Young (Normal) (G1 Evacuation Pause) 375M->69M(512M) 1.569ms
[2024-04-09T00:14:18.886+0800][7889.525s] GC(830) User=0.00s Sys=0.02s Real=0.00s
[2024-04-09T00:14:20.123+0800][7890.763s] GC(831) Pause Young (Normal) (G1 Evacuation Pause)
[2024-04-09T00:14:20.123+0800][7890.763s] GC(831) Using 13 workers of 13 for evacuation
[2024-04-09T00:14:20.125+0800][7890.764s] GC(831)   Pre Evacuate Collection Set: 0.1ms
[2024-04-09T00:14:20.125+0800][7890.764s] GC(831)   Merge Heap Roots: 0.1ms
[2024-04-09T00:14:20.125+0800][7890.764s] GC(831)   Evacuate Collection Set: 1.2ms
[2024-04-09T00:14:20.125+0800][7890.764s] GC(831)   Post Evacuate Collection Set: 0.3ms
[2024-04-09T00:14:20.125+0800][7890.764s] GC(831)   Other: 0.1ms
[2024-04-09T00:14:20.125+0800][7890.764s] GC(831) Eden regions: 305->0(305)
[2024-04-09T00:14:20.125+0800][7890.764s] GC(831) Survivor regions: 2->2(39)
[2024-04-09T00:14:20.125+0800][7890.764s] GC(831) Old regions: 65->65
[2024-04-09T00:14:20.125+0800][7890.764s] GC(831) Humongous regions: 4->4
[2024-04-09T00:14:20.125+0800][7890.764s] GC(831) Metaspace: 68538K(69120K)->68538K(69120K) NonClass: 60833K(61120K)->60833K(61120K) Class: 7705K(8000K)->7705K(8000K)
[2024-04-09T00:14:20.125+0800][7890.764s] GC(831) Pause Young (Normal) (G1 Evacuation Pause) 374M->70M(512M) 1.884ms
[2024-04-09T00:14:20.125+0800][7890.764s] GC(831) User=0.00s Sys=0.00s Real=0.00s
[2024-04-09T00:14:21.401+0800][7892.040s] GC(832) Pause Young (Normal) (G1 Evacuation Pause)
[2024-04-09T00:14:21.401+0800][7892.040s] GC(832) Using 13 workers of 13 for evacuation
[2024-04-09T00:14:21.403+0800][7892.042s] GC(832)   Pre Evacuate Collection Set: 0.1ms
[2024-04-09T00:14:21.403+0800][7892.042s] GC(832)   Merge Heap Roots: 0.1ms
[2024-04-09T00:14:21.403+0800][7892.042s] GC(832)   Evacuate Collection Set: 1.4ms
[2024-04-09T00:14:21.403+0800][7892.042s] GC(832)   Post Evacuate Collection Set: 0.5ms
[2024-04-09T00:14:21.403+0800][7892.042s] GC(832)   Other: 0.1ms
[2024-04-09T00:14:21.403+0800][7892.043s] GC(832) Eden regions: 305->0(305)
[2024-04-09T00:14:21.403+0800][7892.043s] GC(832) Survivor regions: 2->2(39)
[2024-04-09T00:14:21.403+0800][7892.043s] GC(832) Old regions: 65->65
[2024-04-09T00:14:21.403+0800][7892.043s] GC(832) Humongous regions: 4->4
[2024-04-09T00:14:21.403+0800][7892.043s] GC(832) Metaspace: 68538K(69120K)->68538K(69120K) NonClass: 60833K(61120K)->60833K(61120K) Class: 7705K(8000K)->7705K(8000K)
[2024-04-09T00:14:21.403+0800][7892.043s] GC(832) Pause Young (Normal) (G1 Evacuation Pause) 375M->70M(512M) 2.398ms
[2024-04-09T00:14:21.403+0800][7892.043s] GC(832) User=0.00s Sys=0.00s Real=0.00s
[2024-04-09T00:14:22.648+0800][7893.288s] GC(833) Pause Young (Normal) (G1 Evacuation Pause)
[2024-04-09T00:14:22.649+0800][7893.288s] GC(833) Using 13 workers of 13 for evacuation
[2024-04-09T00:14:22.653+0800][7893.292s] GC(833)   Pre Evacuate Collection Set: 0.4ms
[2024-04-09T00:14:22.653+0800][7893.293s] GC(833)   Merge Heap Roots: 0.1ms
[2024-04-09T00:14:22.653+0800][7893.293s] GC(833)   Evacuate Collection Set: 3.1ms
[2024-04-09T00:14:22.653+0800][7893.293s] GC(833)   Post Evacuate Collection Set: 0.6ms
[2024-04-09T00:14:22.653+0800][7893.293s] GC(833)   Other: 0.2ms
[2024-04-09T00:14:22.653+0800][7893.293s] GC(833) Eden regions: 305->0(305)
[2024-04-09T00:14:22.653+0800][7893.293s] GC(833) Survivor regions: 2->2(39)
[2024-04-09T00:14:22.653+0800][7893.293s] GC(833) Old regions: 65->65
[2024-04-09T00:14:22.653+0800][7893.293s] GC(833) Humongous regions: 4->4
[2024-04-09T00:14:22.653+0800][7893.293s] GC(833) Metaspace: 68538K(69120K)->68538K(69120K) NonClass: 60833K(61120K)->60833K(61120K) Class: 7705K(8000K)->7705K(8000K)
[2024-04-09T00:14:22.653+0800][7893.293s] GC(833) Pause Young (Normal) (G1 Evacuation Pause) 375M->70M(512M) 4.757ms
[2024-04-09T00:14:22.653+0800][7893.293s] GC(833) User=0.03s Sys=0.00s Real=0.01s
[2024-04-09T00:14:23.921+0800][7894.561s] GC(834) Pause Young (Normal) (G1 Evacuation Pause)
[2024-04-09T00:14:23.922+0800][7894.561s] GC(834) Using 13 workers of 13 for evacuation
[2024-04-09T00:14:23.925+0800][7894.564s] GC(834)   Pre Evacuate Collection Set: 0.3ms
[2024-04-09T00:14:23.925+0800][7894.564s] GC(834)   Merge Heap Roots: 0.1ms
[2024-04-09T00:14:23.925+0800][7894.564s] GC(834)   Evacuate Collection Set: 2.1ms
[2024-04-09T00:14:23.925+0800][7894.564s] GC(834)   Post Evacuate Collection Set: 0.4ms
[2024-04-09T00:14:23.925+0800][7894.564s] GC(834)   Other: 0.2ms
[2024-04-09T00:14:23.925+0800][7894.564s] GC(834) Eden regions: 305->0(305)
[2024-04-09T00:14:23.925+0800][7894.564s] GC(834) Survivor regions: 2->2(39)
[2024-04-09T00:14:23.925+0800][7894.564s] GC(834) Old regions: 65->65
[2024-04-09T00:14:23.925+0800][7894.564s] GC(834) Humongous regions: 4->4
[2024-04-09T00:14:23.925+0800][7894.564s] GC(834) Metaspace: 68538K(69120K)->68538K(69120K) NonClass: 60833K(61120K)->60833K(61120K) Class: 7705K(8000K)->7705K(8000K)
[2024-04-09T00:14:23.925+0800][7894.564s] GC(834) Pause Young (Normal) (G1 Evacuation Pause) 375M->70M(512M) 3.408ms
[2024-04-09T00:14:23.925+0800][7894.564s] GC(834) User=0.00s Sys=0.00s Real=0.00s
[2024-04-09T00:14:25.308+0800][7895.947s] GC(835) Pause Young (Normal) (G1 Evacuation Pause)
[2024-04-09T00:14:25.308+0800][7895.947s] GC(835) Using 13 workers of 13 for evacuation
[2024-04-09T00:14:25.309+0800][7895.949s] GC(835)   Pre Evacuate Collection Set: 0.1ms
[2024-04-09T00:14:25.310+0800][7895.949s] GC(835)   Merge Heap Roots: 0.1ms
[2024-04-09T00:14:25.310+0800][7895.949s] GC(835)   Evacuate Collection Set: 1.3ms
[2024-04-09T00:14:25.310+0800][7895.949s] GC(835)   Post Evacuate Collection Set: 0.3ms
[2024-04-09T00:14:25.310+0800][7895.949s] GC(835)   Other: 0.1ms
[2024-04-09T00:14:25.310+0800][7895.949s] GC(835) Eden regions: 305->0(305)
[2024-04-09T00:14:25.310+0800][7895.949s] GC(835) Survivor regions: 2->2(39)
[2024-04-09T00:14:25.310+0800][7895.949s] GC(835) Old regions: 65->65
[2024-04-09T00:14:25.310+0800][7895.949s] GC(835) Humongous regions: 4->4
[2024-04-09T00:14:25.310+0800][7895.949s] GC(835) Metaspace: 68538K(69120K)->68538K(69120K) NonClass: 60833K(61120K)->60833K(61120K) Class: 7705K(8000K)->7705K(8000K)
[2024-04-09T00:14:25.310+0800][7895.949s] GC(835) Pause Young (Normal) (G1 Evacuation Pause) 375M->70M(512M) 2.113ms
[2024-04-09T00:14:25.310+0800][7895.949s] GC(835) User=0.00s Sys=0.00s Real=0.00s
[2024-04-09T00:14:26.599+0800][7897.239s] GC(836) Pause Young (Normal) (G1 Evacuation Pause)
[2024-04-09T00:14:26.599+0800][7897.239s] GC(836) Using 13 workers of 13 for evacuation
[2024-04-09T00:14:26.603+0800][7897.242s] GC(836)   Pre Evacuate Collection Set: 0.2ms
[2024-04-09T00:14:26.603+0800][7897.242s] GC(836)   Merge Heap Roots: 0.1ms
[2024-04-09T00:14:26.603+0800][7897.242s] GC(836)   Evacuate Collection Set: 2.4ms
[2024-04-09T00:14:26.603+0800][7897.242s] GC(836)   Post Evacuate Collection Set: 0.4ms
[2024-04-09T00:14:26.603+0800][7897.242s] GC(836)   Other: 0.1ms
[2024-04-09T00:14:26.603+0800][7897.242s] GC(836) Eden regions: 305->0(305)
[2024-04-09T00:14:26.603+0800][7897.242s] GC(836) Survivor regions: 2->2(39)
[2024-04-09T00:14:26.603+0800][7897.242s] GC(836) Old regions: 65->65
[2024-04-09T00:14:26.603+0800][7897.242s] GC(836) Humongous regions: 4->4
[2024-04-09T00:14:26.603+0800][7897.242s] GC(836) Metaspace: 68538K(69120K)->68538K(69120K) NonClass: 60833K(61120K)->60833K(61120K) Class: 7705K(8000K)->7705K(8000K)
[2024-04-09T00:14:26.603+0800][7897.242s] GC(836) Pause Young (Normal) (G1 Evacuation Pause) 375M->70M(512M) 3.611ms
[2024-04-09T00:14:26.603+0800][7897.242s] GC(836) User=0.02s Sys=0.00s Real=0.00s
[2024-04-09T00:14:27.854+0800][7898.494s] GC(837) Pause Young (Normal) (G1 Evacuation Pause)
[2024-04-09T00:14:27.854+0800][7898.494s] GC(837) Using 13 workers of 13 for evacuation
[2024-04-09T00:14:27.856+0800][7898.496s] GC(837)   Pre Evacuate Collection Set: 0.2ms
[2024-04-09T00:14:27.856+0800][7898.496s] GC(837)   Merge Heap Roots: 0.1ms
[2024-04-09T00:14:27.856+0800][7898.496s] GC(837)   Evacuate Collection Set: 1.4ms
[2024-04-09T00:14:27.856+0800][7898.496s] GC(837)   Post Evacuate Collection Set: 0.3ms
[2024-04-09T00:14:27.856+0800][7898.496s] GC(837)   Other: 0.1ms
[2024-04-09T00:14:27.856+0800][7898.496s] GC(837) Eden regions: 305->0(305)
[2024-04-09T00:14:27.856+0800][7898.496s] GC(837) Survivor regions: 2->2(39)
[2024-04-09T00:14:27.856+0800][7898.496s] GC(837) Old regions: 65->65
[2024-04-09T00:14:27.856+0800][7898.496s] GC(837) Humongous regions: 4->4
[2024-04-09T00:14:27.857+0800][7898.496s] GC(837) Metaspace: 68538K(69120K)->68538K(69120K) NonClass: 60833K(61120K)->60833K(61120K) Class: 7705K(8000K)->7705K(8000K)
[2024-04-09T00:14:27.857+0800][7898.496s] GC(837) Pause Young (Normal) (G1 Evacuation Pause) 375M->70M(512M) 2.360ms
[2024-04-09T00:14:27.857+0800][7898.496s] GC(837) User=0.00s Sys=0.00s Real=0.00s
[2024-04-09T00:14:28.997+0800][7899.636s] GC(838) Pause Young (Normal) (G1 Evacuation Pause)
[2024-04-09T00:14:28.997+0800][7899.636s] GC(838) Using 13 workers of 13 for evacuation
[2024-04-09T00:14:28.999+0800][7899.638s] GC(838)   Pre Evacuate Collection Set: 0.1ms
[2024-04-09T00:14:28.999+0800][7899.638s] GC(838)   Merge Heap Roots: 0.1ms
[2024-04-09T00:14:28.999+0800][7899.638s] GC(838)   Evacuate Collection Set: 1.3ms
[2024-04-09T00:14:28.999+0800][7899.638s] GC(838)   Post Evacuate Collection Set: 0.5ms
[2024-04-09T00:14:28.999+0800][7899.638s] GC(838)   Other: 0.1ms
[2024-04-09T00:14:28.999+0800][7899.638s] GC(838) Eden regions: 305->0(305)
[2024-04-09T00:14:28.999+0800][7899.638s] GC(838) Survivor regions: 2->2(39)
[2024-04-09T00:14:28.999+0800][7899.638s] GC(838) Old regions: 65->65
[2024-04-09T00:14:28.999+0800][7899.638s] GC(838) Humongous regions: 4->4
[2024-04-09T00:14:28.999+0800][7899.638s] GC(838) Metaspace: 68538K(69120K)->68538K(69120K) NonClass: 60833K(61120K)->60833K(61120K) Class: 7705K(8000K)->7705K(8000K)
[2024-04-09T00:14:28.999+0800][7899.638s] GC(838) Pause Young (Normal) (G1 Evacuation Pause) 375M->70M(512M) 2.381ms
[2024-04-09T00:14:28.999+0800][7899.638s] GC(838) User=0.00s Sys=0.00s Real=0.00s
[2024-04-09T00:14:30.170+0800][7900.810s] GC(839) Pause Young (Normal) (G1 Evacuation Pause)
[2024-04-09T00:14:30.170+0800][7900.810s] GC(839) Using 13 workers of 13 for evacuation
[2024-04-09T00:14:30.173+0800][7900.812s] GC(839)   Pre Evacuate Collection Set: 0.2ms
[2024-04-09T00:14:30.173+0800][7900.812s] GC(839)   Merge Heap Roots: 0.1ms
[2024-04-09T00:14:30.173+0800][7900.812s] GC(839)   Evacuate Collection Set: 1.7ms
[2024-04-09T00:14:30.173+0800][7900.812s] GC(839)   Post Evacuate Collection Set: 0.5ms
[2024-04-09T00:14:30.173+0800][7900.812s] GC(839)   Other: 0.1ms
[2024-04-09T00:14:30.173+0800][7900.812s] GC(839) Eden regions: 305->0(305)
[2024-04-09T00:14:30.173+0800][7900.812s] GC(839) Survivor regions: 2->2(39)
[2024-04-09T00:14:30.173+0800][7900.812s] GC(839) Old regions: 65->65
[2024-04-09T00:14:30.173+0800][7900.812s] GC(839) Humongous regions: 4->4
[2024-04-09T00:14:30.173+0800][7900.812s] GC(839) Metaspace: 68538K(69120K)->68538K(69120K) NonClass: 60833K(61120K)->60833K(61120K) Class: 7705K(8000K)->7705K(8000K)
[2024-04-09T00:14:30.173+0800][7900.812s] GC(839) Pause Young (Normal) (G1 Evacuation Pause) 375M->70M(512M) 2.702ms
[2024-04-09T00:14:30.173+0800][7900.812s] GC(839) User=0.00s Sys=0.00s Real=0.00s
[2024-04-09T00:14:31.354+0800][7901.993s] GC(840) Pause Young (Normal) (G1 Evacuation Pause)
[2024-04-09T00:14:31.354+0800][7901.993s] GC(840) Using 13 workers of 13 for evacuation
[2024-04-09T00:14:31.356+0800][7901.996s] GC(840)   Pre Evacuate Collection Set: 0.2ms
[2024-04-09T00:14:31.356+0800][7901.996s] GC(840)   Merge Heap Roots: 0.1ms
[2024-04-09T00:14:31.356+0800][7901.996s] GC(840)   Evacuate Collection Set: 1.5ms
[2024-04-09T00:14:31.356+0800][7901.996s] GC(840)   Post Evacuate Collection Set: 0.6ms
[2024-04-09T00:14:31.356+0800][7901.996s] GC(840)   Other: 0.1ms
[2024-04-09T00:14:31.356+0800][7901.996s] GC(840) Eden regions: 305->0(305)
[2024-04-09T00:14:31.356+0800][7901.996s] GC(840) Survivor regions: 2->2(39)
[2024-04-09T00:14:31.356+0800][7901.996s] GC(840) Old regions: 65->65
[2024-04-09T00:14:31.356+0800][7901.996s] GC(840) Humongous regions: 4->4
[2024-04-09T00:14:31.357+0800][7901.996s] GC(840) Metaspace: 68538K(69120K)->68538K(69120K) NonClass: 60833K(61120K)->60833K(61120K) Class: 7705K(8000K)->7705K(8000K)
[2024-04-09T00:14:31.357+0800][7901.996s] GC(840) Pause Young (Normal) (G1 Evacuation Pause) 375M->70M(512M) 2.662ms
[2024-04-09T00:14:31.357+0800][7901.996s] GC(840) User=0.00s Sys=0.00s Real=0.00s
[2024-04-09T00:14:32.543+0800][7903.182s] GC(841) Pause Young (Normal) (G1 Evacuation Pause)
[2024-04-09T00:14:32.543+0800][7903.182s] GC(841) Using 13 workers of 13 for evacuation
[2024-04-09T00:14:32.546+0800][7903.185s] GC(841)   Pre Evacuate Collection Set: 0.1ms
[2024-04-09T00:14:32.546+0800][7903.185s] GC(841)   Merge Heap Roots: 0.1ms
[2024-04-09T00:14:32.546+0800][7903.185s] GC(841)   Evacuate Collection Set: 1.8ms
[2024-04-09T00:14:32.546+0800][7903.185s] GC(841)   Post Evacuate Collection Set: 0.5ms
[2024-04-09T00:14:32.546+0800][7903.185s] GC(841)   Other: 0.1ms
[2024-04-09T00:14:32.546+0800][7903.185s] GC(841) Eden regions: 305->0(305)
[2024-04-09T00:14:32.546+0800][7903.185s] GC(841) Survivor regions: 2->2(39)
[2024-04-09T00:14:32.546+0800][7903.185s] GC(841) Old regions: 65->65
[2024-04-09T00:14:32.546+0800][7903.185s] GC(841) Humongous regions: 4->4
[2024-04-09T00:14:32.546+0800][7903.185s] GC(841) Metaspace: 68538K(69120K)->68538K(69120K) NonClass: 60833K(61120K)->60833K(61120K) Class: 7705K(8000K)->7705K(8000K)
[2024-04-09T00:14:32.546+0800][7903.185s] GC(841) Pause Young (Normal) (G1 Evacuation Pause) 375M->70M(512M) 2.961ms
[2024-04-09T00:14:32.546+0800][7903.185s] GC(841) User=0.00s Sys=0.00s Real=0.00s
[2024-04-09T00:14:33.731+0800][7904.371s] GC(842) Pause Young (Normal) (G1 Evacuation Pause)
[2024-04-09T00:14:33.731+0800][7904.371s] GC(842) Using 13 workers of 13 for evacuation
[2024-04-09T00:14:33.733+0800][7904.373s] GC(842)   Pre Evacuate Collection Set: 0.1ms
[2024-04-09T00:14:33.733+0800][7904.373s] GC(842)   Merge Heap Roots: 0.1ms
[2024-04-09T00:14:33.733+0800][7904.373s] GC(842)   Evacuate Collection Set: 1.4ms
[2024-04-09T00:14:33.733+0800][7904.373s] GC(842)   Post Evacuate Collection Set: 0.3ms
[2024-04-09T00:14:33.734+0800][7904.373s] GC(842)   Other: 0.1ms
[2024-04-09T00:14:33.734+0800][7904.373s] GC(842) Eden regions: 305->0(305)
[2024-04-09T00:14:33.734+0800][7904.373s] GC(842) Survivor regions: 2->2(39)
[2024-04-09T00:14:33.734+0800][7904.373s] GC(842) Old regions: 65->65
[2024-04-09T00:14:33.734+0800][7904.373s] GC(842) Humongous regions: 4->4
[2024-04-09T00:14:33.734+0800][7904.373s] GC(842) Metaspace: 68538K(69120K)->68538K(69120K) NonClass: 60833K(61120K)->60833K(61120K) Class: 7705K(8000K)->7705K(8000K)
[2024-04-09T00:14:33.734+0800][7904.373s] GC(842) Pause Young (Normal) (G1 Evacuation Pause) 375M->70M(512M) 2.223ms
[2024-04-09T00:14:33.734+0800][7904.373s] GC(842) User=0.00s Sys=0.00s Real=0.00s
[2024-04-09T00:14:34.903+0800][7905.542s] GC(843) Pause Young (Normal) (G1 Evacuation Pause)
[2024-04-09T00:14:34.903+0800][7905.542s] GC(843) Using 13 workers of 13 for evacuation
[2024-04-09T00:14:34.905+0800][7905.544s] GC(843)   Pre Evacuate Collection Set: 0.1ms
[2024-04-09T00:14:34.905+0800][7905.544s] GC(843)   Merge Heap Roots: 0.1ms
[2024-04-09T00:14:34.905+0800][7905.544s] GC(843)   Evacuate Collection Set: 1.3ms
[2024-04-09T00:14:34.905+0800][7905.544s] GC(843)   Post Evacuate Collection Set: 0.3ms
[2024-04-09T00:14:34.905+0800][7905.544s] GC(843)   Other: 0.1ms
[2024-04-09T00:14:34.905+0800][7905.544s] GC(843) Eden regions: 305->0(305)
[2024-04-09T00:14:34.905+0800][7905.544s] GC(843) Survivor regions: 2->2(39)
[2024-04-09T00:14:34.905+0800][7905.544s] GC(843) Old regions: 65->66
[2024-04-09T00:14:34.905+0800][7905.544s] GC(843) Humongous regions: 4->4
[2024-04-09T00:14:34.905+0800][7905.544s] GC(843) Metaspace: 68538K(69120K)->68538K(69120K) NonClass: 60833K(61120K)->60833K(61120K) Class: 7705K(8000K)->7705K(8000K)
[2024-04-09T00:14:34.905+0800][7905.544s] GC(843) Pause Young (Normal) (G1 Evacuation Pause) 375M->70M(512M) 2.111ms
[2024-04-09T00:14:34.905+0800][7905.544s] GC(843) User=0.00s Sys=0.00s Real=0.00s
[2024-04-09T00:14:36.095+0800][7906.734s] GC(844) Pause Young (Normal) (G1 Evacuation Pause)
[2024-04-09T00:14:36.095+0800][7906.734s] GC(844) Using 13 workers of 13 for evacuation
[2024-04-09T00:14:36.097+0800][7906.737s] GC(844)   Pre Evacuate Collection Set: 0.2ms
[2024-04-09T00:14:36.097+0800][7906.737s] GC(844)   Merge Heap Roots: 0.1ms
[2024-04-09T00:14:36.097+0800][7906.737s] GC(844)   Evacuate Collection Set: 1.4ms
[2024-04-09T00:14:36.097+0800][7906.737s] GC(844)   Post Evacuate Collection Set: 0.5ms
[2024-04-09T00:14:36.097+0800][7906.737s] GC(844)   Other: 0.1ms
[2024-04-09T00:14:36.097+0800][7906.737s] GC(844) Eden regions: 305->0(305)
[2024-04-09T00:14:36.097+0800][7906.737s] GC(844) Survivor regions: 2->2(39)
[2024-04-09T00:14:36.097+0800][7906.737s] GC(844) Old regions: 66->66
[2024-04-09T00:14:36.097+0800][7906.737s] GC(844) Humongous regions: 4->4
[2024-04-09T00:14:36.097+0800][7906.737s] GC(844) Metaspace: 68538K(69120K)->68538K(69120K) NonClass: 60833K(61120K)->60833K(61120K) Class: 7705K(8000K)->7705K(8000K)
[2024-04-09T00:14:36.097+0800][7906.737s] GC(844) Pause Young (Normal) (G1 Evacuation Pause) 375M->70M(512M) 2.505ms
[2024-04-09T00:14:36.097+0800][7906.737s] GC(844) User=0.00s Sys=0.00s Real=0.00s
[2024-04-09T00:14:37.290+0800][7907.930s] GC(845) Pause Young (Normal) (G1 Evacuation Pause)
[2024-04-09T00:14:37.290+0800][7907.930s] GC(845) Using 13 workers of 13 for evacuation
[2024-04-09T00:14:37.293+0800][7907.932s] GC(845)   Pre Evacuate Collection Set: 0.2ms
[2024-04-09T00:14:37.293+0800][7907.932s] GC(845)   Merge Heap Roots: 0.1ms
[2024-04-09T00:14:37.293+0800][7907.933s] GC(845)   Evacuate Collection Set: 1.7ms
[2024-04-09T00:14:37.293+0800][7907.933s] GC(845)   Post Evacuate Collection Set: 0.6ms
[2024-04-09T00:14:37.293+0800][7907.933s] GC(845)   Other: 0.1ms
[2024-04-09T00:14:37.293+0800][7907.933s] GC(845) Eden regions: 305->0(305)
[2024-04-09T00:14:37.293+0800][7907.933s] GC(845) Survivor regions: 2->2(39)
[2024-04-09T00:14:37.293+0800][7907.933s] GC(845) Old regions: 66->66
[2024-04-09T00:14:37.293+0800][7907.933s] GC(845) Humongous regions: 4->4
[2024-04-09T00:14:37.293+0800][7907.933s] GC(845) Metaspace: 68538K(69120K)->68538K(69120K) NonClass: 60833K(61120K)->60833K(61120K) Class: 7705K(8000K)->7705K(8000K)
[2024-04-09T00:14:37.293+0800][7907.933s] GC(845) Pause Young (Normal) (G1 Evacuation Pause) 375M->70M(512M) 2.881ms
[2024-04-09T00:14:37.293+0800][7907.933s] GC(845) User=0.02s Sys=0.00s Real=0.00s
[2024-04-09T00:14:38.494+0800][7909.133s] GC(846) Pause Young (Normal) (G1 Evacuation Pause)
[2024-04-09T00:14:38.494+0800][7909.133s] GC(846) Using 13 workers of 13 for evacuation
[2024-04-09T00:14:38.496+0800][7909.136s] GC(846)   Pre Evacuate Collection Set: 0.1ms
[2024-04-09T00:14:38.496+0800][7909.136s] GC(846)   Merge Heap Roots: 0.1ms
[2024-04-09T00:14:38.496+0800][7909.136s] GC(846)   Evacuate Collection Set: 1.5ms
[2024-04-09T00:14:38.496+0800][7909.136s] GC(846)   Post Evacuate Collection Set: 0.5ms
[2024-04-09T00:14:38.496+0800][7909.136s] GC(846)   Other: 0.1ms
[2024-04-09T00:14:38.496+0800][7909.136s] GC(846) Eden regions: 305->0(305)
[2024-04-09T00:14:38.496+0800][7909.136s] GC(846) Survivor regions: 2->2(39)
[2024-04-09T00:14:38.496+0800][7909.136s] GC(846) Old regions: 66->66
[2024-04-09T00:14:38.496+0800][7909.136s] GC(846) Humongous regions: 4->4
[2024-04-09T00:14:38.496+0800][7909.136s] GC(846) Metaspace: 68538K(69120K)->68538K(69120K) NonClass: 60833K(61120K)->60833K(61120K) Class: 7705K(8000K)->7705K(8000K)
[2024-04-09T00:14:38.496+0800][7909.136s] GC(846) Pause Young (Normal) (G1 Evacuation Pause) 375M->70M(512M) 2.430ms
[2024-04-09T00:14:38.496+0800][7909.136s] GC(846) User=0.00s Sys=0.00s Real=0.00s
[2024-04-09T00:14:39.638+0800][7910.278s] GC(847) Pause Young (Normal) (G1 Evacuation Pause)
[2024-04-09T00:14:39.638+0800][7910.278s] GC(847) Using 13 workers of 13 for evacuation
[2024-04-09T00:14:39.640+0800][7910.280s] GC(847)   Pre Evacuate Collection Set: 0.1ms
[2024-04-09T00:14:39.640+0800][7910.280s] GC(847)   Merge Heap Roots: 0.1ms
[2024-04-09T00:14:39.640+0800][7910.280s] GC(847)   Evacuate Collection Set: 1.2ms
[2024-04-09T00:14:39.640+0800][7910.280s] GC(847)   Post Evacuate Collection Set: 0.3ms
[2024-04-09T00:14:39.640+0800][7910.280s] GC(847)   Other: 0.1ms
[2024-04-09T00:14:39.640+0800][7910.280s] GC(847) Eden regions: 305->0(305)
[2024-04-09T00:14:39.640+0800][7910.280s] GC(847) Survivor regions: 2->2(39)
[2024-04-09T00:14:39.640+0800][7910.280s] GC(847) Old regions: 66->66
[2024-04-09T00:14:39.640+0800][7910.280s] GC(847) Humongous regions: 4->4
[2024-04-09T00:14:39.640+0800][7910.280s] GC(847) Metaspace: 68538K(69120K)->68538K(69120K) NonClass: 60833K(61120K)->60833K(61120K) Class: 7705K(8000K)->7705K(8000K)
[2024-04-09T00:14:39.640+0800][7910.280s] GC(847) Pause Young (Normal) (G1 Evacuation Pause) 375M->70M(512M) 1.968ms
[2024-04-09T00:14:39.640+0800][7910.280s] GC(847) User=0.00s Sys=0.00s Real=0.00s
[2024-04-09T00:14:40.793+0800][7911.432s] GC(848) Pause Young (Normal) (G1 Evacuation Pause)
[2024-04-09T00:14:40.793+0800][7911.432s] GC(848) Using 13 workers of 13 for evacuation
[2024-04-09T00:14:40.795+0800][7911.435s] GC(848)   Pre Evacuate Collection Set: 0.2ms
[2024-04-09T00:14:40.795+0800][7911.435s] GC(848)   Merge Heap Roots: 0.1ms
[2024-04-09T00:14:40.795+0800][7911.435s] GC(848)   Evacuate Collection Set: 1.4ms
[2024-04-09T00:14:40.795+0800][7911.435s] GC(848)   Post Evacuate Collection Set: 0.6ms
[2024-04-09T00:14:40.795+0800][7911.435s] GC(848)   Other: 0.1ms
[2024-04-09T00:14:40.795+0800][7911.435s] GC(848) Eden regions: 305->0(305)
[2024-04-09T00:14:40.795+0800][7911.435s] GC(848) Survivor regions: 2->2(39)
[2024-04-09T00:14:40.795+0800][7911.435s] GC(848) Old regions: 66->66
[2024-04-09T00:14:40.795+0800][7911.435s] GC(848) Humongous regions: 4->4
[2024-04-09T00:14:40.795+0800][7911.435s] GC(848) Metaspace: 68538K(69120K)->68538K(69120K) NonClass: 60833K(61120K)->60833K(61120K) Class: 7705K(8000K)->7705K(8000K)
[2024-04-09T00:14:40.795+0800][7911.435s] GC(848) Pause Young (Normal) (G1 Evacuation Pause) 375M->70M(512M) 2.647ms
[2024-04-09T00:14:40.795+0800][7911.435s] GC(848) User=0.00s Sys=0.00s Real=0.00s
[2024-04-09T00:14:41.938+0800][7912.578s] GC(849) Pause Young (Normal) (G1 Evacuation Pause)
[2024-04-09T00:14:41.938+0800][7912.578s] GC(849) Using 13 workers of 13 for evacuation
[2024-04-09T00:14:41.941+0800][7912.580s] GC(849)   Pre Evacuate Collection Set: 0.2ms
[2024-04-09T00:14:41.941+0800][7912.580s] GC(849)   Merge Heap Roots: 0.1ms
[2024-04-09T00:14:41.941+0800][7912.580s] GC(849)   Evacuate Collection Set: 1.5ms
[2024-04-09T00:14:41.941+0800][7912.580s] GC(849)   Post Evacuate Collection Set: 0.4ms
[2024-04-09T00:14:41.941+0800][7912.580s] GC(849)   Other: 0.1ms
[2024-04-09T00:14:41.941+0800][7912.580s] GC(849) Eden regions: 305->0(305)
[2024-04-09T00:14:41.941+0800][7912.580s] GC(849) Survivor regions: 2->2(39)
[2024-04-09T00:14:41.941+0800][7912.580s] GC(849) Old regions: 66->66
[2024-04-09T00:14:41.941+0800][7912.580s] GC(849) Humongous regions: 4->4
[2024-04-09T00:14:41.941+0800][7912.580s] GC(849) Metaspace: 68538K(69120K)->68538K(69120K) NonClass: 60833K(61120K)->60833K(61120K) Class: 7705K(8000K)->7705K(8000K)
[2024-04-09T00:14:41.941+0800][7912.580s] GC(849) Pause Young (Normal) (G1 Evacuation Pause) 375M->70M(512M) 2.578ms
[2024-04-09T00:14:41.941+0800][7912.580s] GC(849) User=0.00s Sys=0.00s Real=0.00s
[2024-04-09T00:14:43.156+0800][7913.796s] GC(850) Pause Young (Normal) (G1 Evacuation Pause)
[2024-04-09T00:14:43.156+0800][7913.796s] GC(850) Using 13 workers of 13 for evacuation
[2024-04-09T00:14:43.159+0800][7913.798s] GC(850)   Pre Evacuate Collection Set: 0.2ms
[2024-04-09T00:14:43.159+0800][7913.798s] GC(850)   Merge Heap Roots: 0.1ms
[2024-04-09T00:14:43.159+0800][7913.798s] GC(850)   Evacuate Collection Set: 1.6ms
[2024-04-09T00:14:43.159+0800][7913.798s] GC(850)   Post Evacuate Collection Set: 0.6ms
[2024-04-09T00:14:43.159+0800][7913.798s] GC(850)   Other: 0.1ms
[2024-04-09T00:14:43.159+0800][7913.798s] GC(850) Eden regions: 305->0(305)
[2024-04-09T00:14:43.159+0800][7913.798s] GC(850) Survivor regions: 2->2(39)
[2024-04-09T00:14:43.159+0800][7913.798s] GC(850) Old regions: 66->66
[2024-04-09T00:14:43.159+0800][7913.798s] GC(850) Humongous regions: 4->4
[2024-04-09T00:14:43.159+0800][7913.798s] GC(850) Metaspace: 68538K(69120K)->68538K(69120K) NonClass: 60833K(61120K)->60833K(61120K) Class: 7705K(8000K)->7705K(8000K)
[2024-04-09T00:14:43.159+0800][7913.798s] GC(850) Pause Young (Normal) (G1 Evacuation Pause) 375M->70M(512M) 2.772ms
[2024-04-09T00:14:43.159+0800][7913.798s] GC(850) User=0.00s Sys=0.00s Real=0.00s
[2024-04-09T00:14:44.312+0800][7914.952s] GC(851) Pause Young (Normal) (G1 Evacuation Pause)
[2024-04-09T00:14:44.312+0800][7914.952s] GC(851) Using 13 workers of 13 for evacuation
[2024-04-09T00:14:44.315+0800][7914.954s] GC(851)   Pre Evacuate Collection Set: 0.1ms
[2024-04-09T00:14:44.315+0800][7914.954s] GC(851)   Merge Heap Roots: 0.1ms
[2024-04-09T00:14:44.315+0800][7914.954s] GC(851)   Evacuate Collection Set: 1.5ms
[2024-04-09T00:14:44.315+0800][7914.954s] GC(851)   Post Evacuate Collection Set: 0.4ms
[2024-04-09T00:14:44.315+0800][7914.954s] GC(851)   Other: 0.1ms
[2024-04-09T00:14:44.315+0800][7914.954s] GC(851) Eden regions: 305->0(305)
[2024-04-09T00:14:44.315+0800][7914.954s] GC(851) Survivor regions: 2->2(39)
[2024-04-09T00:14:44.315+0800][7914.954s] GC(851) Old regions: 66->66
[2024-04-09T00:14:44.315+0800][7914.954s] GC(851) Humongous regions: 4->4
[2024-04-09T00:14:44.315+0800][7914.954s] GC(851) Metaspace: 68538K(69120K)->68538K(69120K) NonClass: 60833K(61120K)->60833K(61120K) Class: 7705K(8000K)->7705K(8000K)
[2024-04-09T00:14:44.315+0800][7914.954s] GC(851) Pause Young (Normal) (G1 Evacuation Pause) 375M->70M(512M) 2.474ms
[2024-04-09T00:14:44.315+0800][7914.954s] GC(851) User=0.00s Sys=0.00s Real=0.00s
[2024-04-09T00:14:45.490+0800][7916.129s] GC(852) Pause Young (Normal) (G1 Evacuation Pause)
[2024-04-09T00:14:45.490+0800][7916.129s] GC(852) Using 13 workers of 13 for evacuation
[2024-04-09T00:14:45.491+0800][7916.131s] GC(852)   Pre Evacuate Collection Set: 0.1ms
[2024-04-09T00:14:45.492+0800][7916.131s] GC(852)   Merge Heap Roots: 0.0ms
[2024-04-09T00:14:45.492+0800][7916.131s] GC(852)   Evacuate Collection Set: 1.2ms
[2024-04-09T00:14:45.492+0800][7916.131s] GC(852)   Post Evacuate Collection Set: 0.3ms
[2024-04-09T00:14:45.492+0800][7916.131s] GC(852)   Other: 0.1ms
[2024-04-09T00:14:45.492+0800][7916.131s] GC(852) Eden regions: 305->0(305)
[2024-04-09T00:14:45.492+0800][7916.131s] GC(852) Survivor regions: 2->2(39)
[2024-04-09T00:14:45.492+0800][7916.131s] GC(852) Old regions: 66->66
[2024-04-09T00:14:45.492+0800][7916.131s] GC(852) Humongous regions: 4->4
[2024-04-09T00:14:45.492+0800][7916.131s] GC(852) Metaspace: 68538K(69120K)->68538K(69120K) NonClass: 60833K(61120K)->60833K(61120K) Class: 7705K(8000K)->7705K(8000K)
[2024-04-09T00:14:45.492+0800][7916.131s] GC(852) Pause Young (Normal) (G1 Evacuation Pause) 375M->70M(512M) 1.954ms
[2024-04-09T00:14:45.492+0800][7916.131s] GC(852) User=0.00s Sys=0.00s Real=0.00s
[2024-04-09T00:14:46.689+0800][7917.329s] GC(853) Pause Young (Normal) (G1 Evacuation Pause)
[2024-04-09T00:14:46.689+0800][7917.329s] GC(853) Using 13 workers of 13 for evacuation
[2024-04-09T00:14:46.692+0800][7917.331s] GC(853)   Pre Evacuate Collection Set: 0.2ms
[2024-04-09T00:14:46.692+0800][7917.331s] GC(853)   Merge Heap Roots: 0.1ms
[2024-04-09T00:14:46.692+0800][7917.331s] GC(853)   Evacuate Collection Set: 1.7ms
[2024-04-09T00:14:46.692+0800][7917.331s] GC(853)   Post Evacuate Collection Set: 0.5ms
[2024-04-09T00:14:46.692+0800][7917.331s] GC(853)   Other: 0.1ms
[2024-04-09T00:14:46.692+0800][7917.331s] GC(853) Eden regions: 305->0(305)
[2024-04-09T00:14:46.692+0800][7917.331s] GC(853) Survivor regions: 2->2(39)
[2024-04-09T00:14:46.692+0800][7917.331s] GC(853) Old regions: 66->66
[2024-04-09T00:14:46.692+0800][7917.331s] GC(853) Humongous regions: 4->4
[2024-04-09T00:14:46.692+0800][7917.331s] GC(853) Metaspace: 68538K(69120K)->68538K(69120K) NonClass: 60833K(61120K)->60833K(61120K) Class: 7705K(8000K)->7705K(8000K)
[2024-04-09T00:14:46.692+0800][7917.331s] GC(853) Pause Young (Normal) (G1 Evacuation Pause) 375M->71M(512M) 2.706ms
[2024-04-09T00:14:46.692+0800][7917.331s] GC(853) User=0.00s Sys=0.00s Real=0.00s
[2024-04-09T00:14:47.850+0800][7918.489s] GC(854) Pause Young (Normal) (G1 Evacuation Pause)
[2024-04-09T00:14:47.850+0800][7918.489s] GC(854) Using 13 workers of 13 for evacuation
[2024-04-09T00:14:47.852+0800][7918.491s] GC(854)   Pre Evacuate Collection Set: 0.2ms
[2024-04-09T00:14:47.852+0800][7918.491s] GC(854)   Merge Heap Roots: 0.2ms
[2024-04-09T00:14:47.852+0800][7918.491s] GC(854)   Evacuate Collection Set: 1.3ms
[2024-04-09T00:14:47.852+0800][7918.492s] GC(854)   Post Evacuate Collection Set: 0.4ms
[2024-04-09T00:14:47.852+0800][7918.492s] GC(854)   Other: 0.1ms
[2024-04-09T00:14:47.852+0800][7918.492s] GC(854) Eden regions: 305->0(305)
[2024-04-09T00:14:47.852+0800][7918.492s] GC(854) Survivor regions: 2->2(39)
[2024-04-09T00:14:47.852+0800][7918.492s] GC(854) Old regions: 66->66
[2024-04-09T00:14:47.852+0800][7918.492s] GC(854) Humongous regions: 4->4
[2024-04-09T00:14:47.852+0800][7918.492s] GC(854) Metaspace: 68538K(69120K)->68538K(69120K) NonClass: 60833K(61120K)->60833K(61120K) Class: 7705K(8000K)->7705K(8000K)
[2024-04-09T00:14:47.852+0800][7918.492s] GC(854) Pause Young (Normal) (G1 Evacuation Pause) 376M->70M(512M) 2.406ms
[2024-04-09T00:14:47.852+0800][7918.492s] GC(854) User=0.00s Sys=0.00s Real=0.00s
[2024-04-09T00:14:49.049+0800][7919.689s] GC(855) Pause Young (Normal) (G1 Evacuation Pause)
[2024-04-09T00:14:49.049+0800][7919.689s] GC(855) Using 13 workers of 13 for evacuation
[2024-04-09T00:14:49.051+0800][7919.691s] GC(855)   Pre Evacuate Collection Set: 0.1ms
[2024-04-09T00:14:49.051+0800][7919.691s] GC(855)   Merge Heap Roots: 0.1ms
[2024-04-09T00:14:49.051+0800][7919.691s] GC(855)   Evacuate Collection Set: 1.7ms
[2024-04-09T00:14:49.051+0800][7919.691s] GC(855)   Post Evacuate Collection Set: 0.3ms
[2024-04-09T00:14:49.051+0800][7919.691s] GC(855)   Other: 0.1ms
[2024-04-09T00:14:49.051+0800][7919.691s] GC(855) Eden regions: 305->0(304)
[2024-04-09T00:14:49.051+0800][7919.691s] GC(855) Survivor regions: 2->3(39)
[2024-04-09T00:14:49.051+0800][7919.691s] GC(855) Old regions: 66->66
[2024-04-09T00:14:49.051+0800][7919.691s] GC(855) Humongous regions: 4->4
[2024-04-09T00:14:49.051+0800][7919.691s] GC(855) Metaspace: 68538K(69120K)->68538K(69120K) NonClass: 60833K(61120K)->60833K(61120K) Class: 7705K(8000K)->7705K(8000K)
[2024-04-09T00:14:49.051+0800][7919.691s] GC(855) Pause Young (Normal) (G1 Evacuation Pause) 375M->71M(512M) 2.552ms
[2024-04-09T00:14:49.051+0800][7919.691s] GC(855) User=0.00s Sys=0.00s Real=0.00s
[2024-04-09T00:14:50.251+0800][7920.891s] GC(856) Pause Young (Normal) (G1 Evacuation Pause)
[2024-04-09T00:14:50.251+0800][7920.891s] GC(856) Using 13 workers of 13 for evacuation
[2024-04-09T00:14:50.255+0800][7920.894s] GC(856)   Pre Evacuate Collection Set: 0.2ms
[2024-04-09T00:14:50.255+0800][7920.894s] GC(856)   Merge Heap Roots: 0.1ms
[2024-04-09T00:14:50.255+0800][7920.894s] GC(856)   Evacuate Collection Set: 1.6ms
[2024-04-09T00:14:50.255+0800][7920.894s] GC(856)   Post Evacuate Collection Set: 1.1ms
[2024-04-09T00:14:50.255+0800][7920.894s] GC(856)   Other: 0.1ms
[2024-04-09T00:14:50.255+0800][7920.894s] GC(856) Eden regions: 304->0(305)
[2024-04-09T00:14:50.255+0800][7920.894s] GC(856) Survivor regions: 3->2(39)
[2024-04-09T00:14:50.255+0800][7920.894s] GC(856) Old regions: 66->66
[2024-04-09T00:14:50.255+0800][7920.894s] GC(856) Humongous regions: 4->4
[2024-04-09T00:14:50.255+0800][7920.894s] GC(856) Metaspace: 68538K(69120K)->68538K(69120K) NonClass: 60833K(61120K)->60833K(61120K) Class: 7705K(8000K)->7705K(8000K)
[2024-04-09T00:14:50.255+0800][7920.894s] GC(856) Pause Young (Normal) (G1 Evacuation Pause) 375M->70M(512M) 3.391ms
[2024-04-09T00:14:50.255+0800][7920.894s] GC(856) User=0.00s Sys=0.00s Real=0.00s
[2024-04-09T00:14:51.488+0800][7922.128s] GC(857) Pause Young (Normal) (G1 Evacuation Pause)
[2024-04-09T00:14:51.488+0800][7922.128s] GC(857) Using 13 workers of 13 for evacuation
[2024-04-09T00:14:51.491+0800][7922.130s] GC(857)   Pre Evacuate Collection Set: 0.1ms
[2024-04-09T00:14:51.491+0800][7922.130s] GC(857)   Merge Heap Roots: 0.1ms
[2024-04-09T00:14:51.491+0800][7922.130s] GC(857)   Evacuate Collection Set: 1.8ms
[2024-04-09T00:14:51.491+0800][7922.130s] GC(857)   Post Evacuate Collection Set: 0.3ms
[2024-04-09T00:14:51.491+0800][7922.130s] GC(857)   Other: 0.1ms
[2024-04-09T00:14:51.491+0800][7922.130s] GC(857) Eden regions: 305->0(305)
[2024-04-09T00:14:51.491+0800][7922.131s] GC(857) Survivor regions: 2->2(39)
[2024-04-09T00:14:51.491+0800][7922.131s] GC(857) Old regions: 66->66
[2024-04-09T00:14:51.491+0800][7922.131s] GC(857) Humongous regions: 4->4
[2024-04-09T00:14:51.491+0800][7922.131s] GC(857) Metaspace: 68538K(69120K)->68538K(69120K) NonClass: 60833K(61120K)->60833K(61120K) Class: 7705K(8000K)->7705K(8000K)
[2024-04-09T00:14:51.491+0800][7922.131s] GC(857) Pause Young (Normal) (G1 Evacuation Pause) 375M->71M(512M) 2.621ms
[2024-04-09T00:14:51.491+0800][7922.131s] GC(857) User=0.00s Sys=0.00s Real=0.00s
[2024-04-09T00:14:52.675+0800][7923.314s] GC(858) Pause Young (Normal) (G1 Evacuation Pause)
[2024-04-09T00:14:52.675+0800][7923.314s] GC(858) Using 13 workers of 13 for evacuation
[2024-04-09T00:14:52.678+0800][7923.317s] GC(858)   Pre Evacuate Collection Set: 0.2ms
[2024-04-09T00:14:52.678+0800][7923.317s] GC(858)   Merge Heap Roots: 0.1ms
[2024-04-09T00:14:52.678+0800][7923.317s] GC(858)   Evacuate Collection Set: 1.5ms
[2024-04-09T00:14:52.678+0800][7923.317s] GC(858)   Post Evacuate Collection Set: 0.6ms
[2024-04-09T00:14:52.678+0800][7923.317s] GC(858)   Other: 0.1ms
[2024-04-09T00:14:52.678+0800][7923.317s] GC(858) Eden regions: 305->0(305)
[2024-04-09T00:14:52.678+0800][7923.317s] GC(858) Survivor regions: 2->2(39)
[2024-04-09T00:14:52.678+0800][7923.317s] GC(858) Old regions: 66->66
[2024-04-09T00:14:52.678+0800][7923.317s] GC(858) Humongous regions: 4->4
[2024-04-09T00:14:52.678+0800][7923.317s] GC(858) Metaspace: 68538K(69120K)->68538K(69120K) NonClass: 60833K(61120K)->60833K(61120K) Class: 7705K(8000K)->7705K(8000K)
[2024-04-09T00:14:52.678+0800][7923.317s] GC(858) Pause Young (Normal) (G1 Evacuation Pause) 376M->70M(512M) 2.740ms
[2024-04-09T00:14:52.678+0800][7923.317s] GC(858) User=0.00s Sys=0.00s Real=0.00s
[2024-04-09T00:14:53.858+0800][7924.497s] GC(859) Pause Young (Normal) (G1 Evacuation Pause)
[2024-04-09T00:14:53.858+0800][7924.497s] GC(859) Using 13 workers of 13 for evacuation
[2024-04-09T00:14:53.861+0800][7924.500s] GC(859)   Pre Evacuate Collection Set: 0.2ms
[2024-04-09T00:14:53.861+0800][7924.500s] GC(859)   Merge Heap Roots: 0.1ms
[2024-04-09T00:14:53.861+0800][7924.500s] GC(859)   Evacuate Collection Set: 1.7ms
[2024-04-09T00:14:53.861+0800][7924.500s] GC(859)   Post Evacuate Collection Set: 0.6ms
[2024-04-09T00:14:53.861+0800][7924.500s] GC(859)   Other: 0.1ms
[2024-04-09T00:14:53.861+0800][7924.500s] GC(859) Eden regions: 305->0(305)
[2024-04-09T00:14:53.861+0800][7924.500s] GC(859) Survivor regions: 2->2(39)
[2024-04-09T00:14:53.861+0800][7924.500s] GC(859) Old regions: 66->66
[2024-04-09T00:14:53.861+0800][7924.500s] GC(859) Humongous regions: 4->4
[2024-04-09T00:14:53.861+0800][7924.500s] GC(859) Metaspace: 68538K(69120K)->68538K(69120K) NonClass: 60833K(61120K)->60833K(61120K) Class: 7705K(8000K)->7705K(8000K)
[2024-04-09T00:14:53.861+0800][7924.500s] GC(859) Pause Young (Normal) (G1 Evacuation Pause) 375M->70M(512M) 2.924ms
[2024-04-09T00:14:53.861+0800][7924.500s] GC(859) User=0.00s Sys=0.00s Real=0.00s
[2024-04-09T00:14:55.032+0800][7925.671s] GC(860) Pause Young (Normal) (G1 Evacuation Pause)
[2024-04-09T00:14:55.032+0800][7925.671s] GC(860) Using 13 workers of 13 for evacuation
[2024-04-09T00:14:55.034+0800][7925.673s] GC(860)   Pre Evacuate Collection Set: 0.2ms
[2024-04-09T00:14:55.034+0800][7925.673s] GC(860)   Merge Heap Roots: 0.1ms
[2024-04-09T00:14:55.034+0800][7925.673s] GC(860)   Evacuate Collection Set: 1.4ms
[2024-04-09T00:14:55.034+0800][7925.673s] GC(860)   Post Evacuate Collection Set: 0.5ms
[2024-04-09T00:14:55.034+0800][7925.673s] GC(860)   Other: 0.1ms
[2024-04-09T00:14:55.034+0800][7925.673s] GC(860) Eden regions: 305->0(305)
[2024-04-09T00:14:55.034+0800][7925.673s] GC(860) Survivor regions: 2->2(39)
[2024-04-09T00:14:55.034+0800][7925.673s] GC(860) Old regions: 66->66
[2024-04-09T00:14:55.034+0800][7925.673s] GC(860) Humongous regions: 4->4
[2024-04-09T00:14:55.034+0800][7925.673s] GC(860) Metaspace: 68538K(69120K)->68538K(69120K) NonClass: 60833K(61120K)->60833K(61120K) Class: 7705K(8000K)->7705K(8000K)
[2024-04-09T00:14:55.034+0800][7925.673s] GC(860) Pause Young (Normal) (G1 Evacuation Pause) 375M->71M(512M) 2.411ms
[2024-04-09T00:14:55.034+0800][7925.673s] GC(860) User=0.00s Sys=0.00s Real=0.00s
[2024-04-09T00:14:56.201+0800][7926.841s] GC(861) Pause Young (Normal) (G1 Evacuation Pause)
[2024-04-09T00:14:56.201+0800][7926.841s] GC(861) Using 13 workers of 13 for evacuation
[2024-04-09T00:14:56.204+0800][7926.843s] GC(861)   Pre Evacuate Collection Set: 0.1ms
[2024-04-09T00:14:56.204+0800][7926.843s] GC(861)   Merge Heap Roots: 0.1ms
[2024-04-09T00:14:56.204+0800][7926.843s] GC(861)   Evacuate Collection Set: 1.5ms
[2024-04-09T00:14:56.204+0800][7926.843s] GC(861)   Post Evacuate Collection Set: 0.4ms
[2024-04-09T00:14:56.204+0800][7926.843s] GC(861)   Other: 0.1ms
[2024-04-09T00:14:56.204+0800][7926.843s] GC(861) Eden regions: 305->0(305)
[2024-04-09T00:14:56.204+0800][7926.843s] GC(861) Survivor regions: 2->2(39)
[2024-04-09T00:14:56.204+0800][7926.843s] GC(861) Old regions: 66->66
[2024-04-09T00:14:56.204+0800][7926.843s] GC(861) Humongous regions: 4->4
[2024-04-09T00:14:56.204+0800][7926.843s] GC(861) Metaspace: 68538K(69120K)->68538K(69120K) NonClass: 60833K(61120K)->60833K(61120K) Class: 7705K(8000K)->7705K(8000K)
[2024-04-09T00:14:56.204+0800][7926.843s] GC(861) Pause Young (Normal) (G1 Evacuation Pause) 376M->70M(512M) 2.424ms
[2024-04-09T00:14:56.204+0800][7926.843s] GC(861) User=0.00s Sys=0.00s Real=0.00s
[2024-04-09T00:14:57.367+0800][7928.006s] GC(862) Pause Young (Normal) (G1 Evacuation Pause)
[2024-04-09T00:14:57.367+0800][7928.006s] GC(862) Using 13 workers of 13 for evacuation
[2024-04-09T00:14:57.369+0800][7928.008s] GC(862)   Pre Evacuate Collection Set: 0.2ms
[2024-04-09T00:14:57.369+0800][7928.008s] GC(862)   Merge Heap Roots: 0.1ms
[2024-04-09T00:14:57.369+0800][7928.008s] GC(862)   Evacuate Collection Set: 1.4ms
[2024-04-09T00:14:57.369+0800][7928.008s] GC(862)   Post Evacuate Collection Set: 0.5ms
[2024-04-09T00:14:57.369+0800][7928.008s] GC(862)   Other: 0.1ms
[2024-04-09T00:14:57.369+0800][7928.008s] GC(862) Eden regions: 305->0(305)
[2024-04-09T00:14:57.369+0800][7928.008s] GC(862) Survivor regions: 2->2(39)
[2024-04-09T00:14:57.369+0800][7928.008s] GC(862) Old regions: 66->66
[2024-04-09T00:14:57.369+0800][7928.008s] GC(862) Humongous regions: 4->4
[2024-04-09T00:14:57.369+0800][7928.008s] GC(862) Metaspace: 68538K(69120K)->68538K(69120K) NonClass: 60833K(61120K)->60833K(61120K) Class: 7705K(8000K)->7705K(8000K)
[2024-04-09T00:14:57.369+0800][7928.008s] GC(862) Pause Young (Normal) (G1 Evacuation Pause) 375M->71M(512M) 2.378ms
[2024-04-09T00:14:57.369+0800][7928.008s] GC(862) User=0.02s Sys=0.00s Real=0.00s
[2024-04-09T00:14:58.556+0800][7929.195s] GC(863) Pause Young (Normal) (G1 Evacuation Pause)
[2024-04-09T00:14:58.556+0800][7929.195s] GC(863) Using 13 workers of 13 for evacuation
[2024-04-09T00:14:58.558+0800][7929.198s] GC(863)   Pre Evacuate Collection Set: 0.2ms
[2024-04-09T00:14:58.559+0800][7929.198s] GC(863)   Merge Heap Roots: 0.1ms
[2024-04-09T00:14:58.559+0800][7929.198s] GC(863)   Evacuate Collection Set: 1.8ms
[2024-04-09T00:14:58.559+0800][7929.198s] GC(863)   Post Evacuate Collection Set: 0.5ms
[2024-04-09T00:14:58.559+0800][7929.198s] GC(863)   Other: 0.1ms
[2024-04-09T00:14:58.559+0800][7929.198s] GC(863) Eden regions: 305->0(305)
[2024-04-09T00:14:58.559+0800][7929.198s] GC(863) Survivor regions: 2->2(39)
[2024-04-09T00:14:58.559+0800][7929.198s] GC(863) Old regions: 66->66
[2024-04-09T00:14:58.559+0800][7929.198s] GC(863) Humongous regions: 4->4
[2024-04-09T00:14:58.559+0800][7929.198s] GC(863) Metaspace: 68538K(69120K)->68538K(69120K) NonClass: 60833K(61120K)->60833K(61120K) Class: 7705K(8000K)->7705K(8000K)
[2024-04-09T00:14:58.559+0800][7929.198s] GC(863) Pause Young (Normal) (G1 Evacuation Pause) 376M->71M(512M) 2.791ms
[2024-04-09T00:14:58.559+0800][7929.198s] GC(863) User=0.05s Sys=0.00s Real=0.00s
[2024-04-09T00:14:59.757+0800][7930.396s] GC(864) Pause Young (Normal) (G1 Evacuation Pause)
[2024-04-09T00:14:59.757+0800][7930.396s] GC(864) Using 13 workers of 13 for evacuation
[2024-04-09T00:14:59.759+0800][7930.398s] GC(864)   Pre Evacuate Collection Set: 0.2ms
[2024-04-09T00:14:59.759+0800][7930.398s] GC(864)   Merge Heap Roots: 0.1ms
[2024-04-09T00:14:59.759+0800][7930.398s] GC(864)   Evacuate Collection Set: 1.3ms
[2024-04-09T00:14:59.759+0800][7930.398s] GC(864)   Post Evacuate Collection Set: 0.4ms
[2024-04-09T00:14:59.759+0800][7930.398s] GC(864)   Other: 0.1ms
[2024-04-09T00:14:59.759+0800][7930.398s] GC(864) Eden regions: 305->0(305)
[2024-04-09T00:14:59.759+0800][7930.398s] GC(864) Survivor regions: 2->2(39)
[2024-04-09T00:14:59.759+0800][7930.398s] GC(864) Old regions: 66->66
[2024-04-09T00:14:59.759+0800][7930.398s] GC(864) Humongous regions: 4->4
[2024-04-09T00:14:59.759+0800][7930.398s] GC(864) Metaspace: 68538K(69120K)->68538K(69120K) NonClass: 60833K(61120K)->60833K(61120K) Class: 7705K(8000K)->7705K(8000K)
[2024-04-09T00:14:59.759+0800][7930.399s] GC(864) Pause Young (Normal) (G1 Evacuation Pause) 376M->70M(512M) 2.329ms
[2024-04-09T00:14:59.759+0800][7930.399s] GC(864) User=0.00s Sys=0.00s Real=0.00s
[2024-04-09T00:15:00.953+0800][7931.592s] GC(865) Pause Young (Normal) (G1 Evacuation Pause)
[2024-04-09T00:15:00.953+0800][7931.592s] GC(865) Using 13 workers of 13 for evacuation
[2024-04-09T00:15:00.955+0800][7931.595s] GC(865)   Pre Evacuate Collection Set: 0.2ms
[2024-04-09T00:15:00.956+0800][7931.595s] GC(865)   Merge Heap Roots: 0.1ms
[2024-04-09T00:15:00.956+0800][7931.595s] GC(865)   Evacuate Collection Set: 1.7ms
[2024-04-09T00:15:00.956+0800][7931.595s] GC(865)   Post Evacuate Collection Set: 0.6ms
[2024-04-09T00:15:00.956+0800][7931.595s] GC(865)   Other: 0.1ms
[2024-04-09T00:15:00.956+0800][7931.595s] GC(865) Eden regions: 305->0(304)
[2024-04-09T00:15:00.956+0800][7931.595s] GC(865) Survivor regions: 2->3(39)
[2024-04-09T00:15:00.956+0800][7931.595s] GC(865) Old regions: 66->66
[2024-04-09T00:15:00.956+0800][7931.595s] GC(865) Humongous regions: 4->4
[2024-04-09T00:15:00.956+0800][7931.595s] GC(865) Metaspace: 68538K(69120K)->68538K(69120K) NonClass: 60833K(61120K)->60833K(61120K) Class: 7705K(8000K)->7705K(8000K)
[2024-04-09T00:15:00.956+0800][7931.595s] GC(865) Pause Young (Normal) (G1 Evacuation Pause) 375M->71M(512M) 2.930ms
[2024-04-09T00:15:00.956+0800][7931.595s] GC(865) User=0.00s Sys=0.00s Real=0.00s
[2024-04-09T00:15:02.075+0800][7932.714s] GC(866) Pause Young (Normal) (G1 Evacuation Pause)
[2024-04-09T00:15:02.075+0800][7932.715s] GC(866) Using 13 workers of 13 for evacuation
[2024-04-09T00:15:02.078+0800][7932.717s] GC(866)   Pre Evacuate Collection Set: 0.1ms
[2024-04-09T00:15:02.078+0800][7932.717s] GC(866)   Merge Heap Roots: 0.1ms
[2024-04-09T00:15:02.078+0800][7932.717s] GC(866)   Evacuate Collection Set: 1.7ms
[2024-04-09T00:15:02.078+0800][7932.717s] GC(866)   Post Evacuate Collection Set: 0.5ms
[2024-04-09T00:15:02.078+0800][7932.717s] GC(866)   Other: 0.1ms
[2024-04-09T00:15:02.078+0800][7932.717s] GC(866) Eden regions: 304->0(305)
[2024-04-09T00:15:02.078+0800][7932.717s] GC(866) Survivor regions: 3->2(39)
[2024-04-09T00:15:02.078+0800][7932.717s] GC(866) Old regions: 66->66
[2024-04-09T00:15:02.078+0800][7932.717s] GC(866) Humongous regions: 4->4
[2024-04-09T00:15:02.078+0800][7932.717s] GC(866) Metaspace: 68538K(69120K)->68538K(69120K) NonClass: 60833K(61120K)->60833K(61120K) Class: 7705K(8000K)->7705K(8000K)
[2024-04-09T00:15:02.078+0800][7932.717s] GC(866) Pause Young (Normal) (G1 Evacuation Pause) 375M->70M(512M) 2.822ms
[2024-04-09T00:15:02.078+0800][7932.717s] GC(866) User=0.00s Sys=0.00s Real=0.00s
[2024-04-09T00:15:03.286+0800][7933.926s] GC(867) Pause Young (Normal) (G1 Evacuation Pause)
[2024-04-09T00:15:03.286+0800][7933.926s] GC(867) Using 13 workers of 13 for evacuation
[2024-04-09T00:15:03.289+0800][7933.928s] GC(867)   Pre Evacuate Collection Set: 0.2ms
[2024-04-09T00:15:03.289+0800][7933.928s] GC(867)   Merge Heap Roots: 0.1ms
[2024-04-09T00:15:03.289+0800][7933.928s] GC(867)   Evacuate Collection Set: 1.6ms
[2024-04-09T00:15:03.289+0800][7933.928s] GC(867)   Post Evacuate Collection Set: 0.4ms
[2024-04-09T00:15:03.289+0800][7933.928s] GC(867)   Other: 0.1ms
[2024-04-09T00:15:03.289+0800][7933.928s] GC(867) Eden regions: 305->0(305)
[2024-04-09T00:15:03.289+0800][7933.928s] GC(867) Survivor regions: 2->2(39)
[2024-04-09T00:15:03.289+0800][7933.928s] GC(867) Old regions: 66->66
[2024-04-09T00:15:03.289+0800][7933.928s] GC(867) Humongous regions: 4->4
[2024-04-09T00:15:03.289+0800][7933.928s] GC(867) Metaspace: 68538K(69120K)->68538K(69120K) NonClass: 60833K(61120K)->60833K(61120K) Class: 7705K(8000K)->7705K(8000K)
[2024-04-09T00:15:03.289+0800][7933.928s] GC(867) Pause Young (Normal) (G1 Evacuation Pause) 375M->70M(512M) 2.653ms
[2024-04-09T00:15:03.289+0800][7933.928s] GC(867) User=0.00s Sys=0.00s Real=0.00s
[2024-04-09T00:15:04.461+0800][7935.100s] GC(868) Pause Young (Normal) (G1 Evacuation Pause)
[2024-04-09T00:15:04.461+0800][7935.100s] GC(868) Using 13 workers of 13 for evacuation
[2024-04-09T00:15:04.464+0800][7935.103s] GC(868)   Pre Evacuate Collection Set: 0.2ms
[2024-04-09T00:15:04.464+0800][7935.103s] GC(868)   Merge Heap Roots: 0.1ms
[2024-04-09T00:15:04.464+0800][7935.103s] GC(868)   Evacuate Collection Set: 1.4ms
[2024-04-09T00:15:04.464+0800][7935.103s] GC(868)   Post Evacuate Collection Set: 0.5ms
[2024-04-09T00:15:04.464+0800][7935.103s] GC(868)   Other: 0.1ms
[2024-04-09T00:15:04.464+0800][7935.103s] GC(868) Eden regions: 305->0(305)
[2024-04-09T00:15:04.464+0800][7935.103s] GC(868) Survivor regions: 2->2(39)
[2024-04-09T00:15:04.464+0800][7935.103s] GC(868) Old regions: 66->66
[2024-04-09T00:15:04.464+0800][7935.103s] GC(868) Humongous regions: 4->4
[2024-04-09T00:15:04.464+0800][7935.103s] GC(868) Metaspace: 68538K(69120K)->68538K(69120K) NonClass: 60833K(61120K)->60833K(61120K) Class: 7705K(8000K)->7705K(8000K)
[2024-04-09T00:15:04.464+0800][7935.103s] GC(868) Pause Young (Normal) (G1 Evacuation Pause) 375M->70M(512M) 2.419ms
[2024-04-09T00:15:04.464+0800][7935.103s] GC(868) User=0.06s Sys=0.06s Real=0.00s
[2024-04-09T00:15:05.645+0800][7936.284s] GC(869) Pause Young (Normal) (G1 Evacuation Pause)
[2024-04-09T00:15:05.645+0800][7936.284s] GC(869) Using 13 workers of 13 for evacuation
[2024-04-09T00:15:05.648+0800][7936.287s] GC(869)   Pre Evacuate Collection Set: 0.2ms
[2024-04-09T00:15:05.648+0800][7936.287s] GC(869)   Merge Heap Roots: 0.1ms
[2024-04-09T00:15:05.648+0800][7936.287s] GC(869)   Evacuate Collection Set: 1.6ms
[2024-04-09T00:15:05.648+0800][7936.287s] GC(869)   Post Evacuate Collection Set: 0.5ms
[2024-04-09T00:15:05.648+0800][7936.287s] GC(869)   Other: 0.1ms
[2024-04-09T00:15:05.648+0800][7936.287s] GC(869) Eden regions: 305->0(305)
[2024-04-09T00:15:05.648+0800][7936.287s] GC(869) Survivor regions: 2->2(39)
[2024-04-09T00:15:05.648+0800][7936.287s] GC(869) Old regions: 66->66
[2024-04-09T00:15:05.648+0800][7936.287s] GC(869) Humongous regions: 4->4
[2024-04-09T00:15:05.648+0800][7936.287s] GC(869) Metaspace: 68538K(69120K)->68538K(69120K) NonClass: 60833K(61120K)->60833K(61120K) Class: 7705K(8000K)->7705K(8000K)
[2024-04-09T00:15:05.648+0800][7936.287s] GC(869) Pause Young (Normal) (G1 Evacuation Pause) 375M->71M(512M) 2.731ms
[2024-04-09T00:15:05.648+0800][7936.287s] GC(869) User=0.00s Sys=0.00s Real=0.00s
[2024-04-09T00:15:06.824+0800][7937.463s] GC(870) Pause Young (Normal) (G1 Evacuation Pause)
[2024-04-09T00:15:06.824+0800][7937.463s] GC(870) Using 13 workers of 13 for evacuation
[2024-04-09T00:15:06.827+0800][7937.466s] GC(870)   Pre Evacuate Collection Set: 0.2ms
[2024-04-09T00:15:06.827+0800][7937.466s] GC(870)   Merge Heap Roots: 0.1ms
[2024-04-09T00:15:06.827+0800][7937.466s] GC(870)   Evacuate Collection Set: 1.4ms
[2024-04-09T00:15:06.827+0800][7937.466s] GC(870)   Post Evacuate Collection Set: 0.6ms
[2024-04-09T00:15:06.827+0800][7937.466s] GC(870)   Other: 0.1ms
[2024-04-09T00:15:06.827+0800][7937.466s] GC(870) Eden regions: 305->0(304)
[2024-04-09T00:15:06.827+0800][7937.466s] GC(870) Survivor regions: 2->3(39)
[2024-04-09T00:15:06.827+0800][7937.466s] GC(870) Old regions: 66->66
[2024-04-09T00:15:06.827+0800][7937.466s] GC(870) Humongous regions: 4->4
[2024-04-09T00:15:06.827+0800][7937.466s] GC(870) Metaspace: 68538K(69120K)->68538K(69120K) NonClass: 60833K(61120K)->60833K(61120K) Class: 7705K(8000K)->7705K(8000K)
[2024-04-09T00:15:06.827+0800][7937.466s] GC(870) Pause Young (Normal) (G1 Evacuation Pause) 376M->71M(512M) 2.612ms
[2024-04-09T00:15:06.827+0800][7937.466s] GC(870) User=0.00s Sys=0.00s Real=0.00s
[2024-04-09T00:15:07.996+0800][7938.635s] GC(871) Pause Young (Normal) (G1 Evacuation Pause)
[2024-04-09T00:15:07.996+0800][7938.635s] GC(871) Using 13 workers of 13 for evacuation
[2024-04-09T00:15:07.998+0800][7938.637s] GC(871)   Pre Evacuate Collection Set: 0.1ms
[2024-04-09T00:15:07.998+0800][7938.637s] GC(871)   Merge Heap Roots: 0.1ms
[2024-04-09T00:15:07.998+0800][7938.637s] GC(871)   Evacuate Collection Set: 1.2ms
[2024-04-09T00:15:07.998+0800][7938.637s] GC(871)   Post Evacuate Collection Set: 0.5ms
[2024-04-09T00:15:07.998+0800][7938.637s] GC(871)   Other: 0.1ms
[2024-04-09T00:15:07.998+0800][7938.637s] GC(871) Eden regions: 304->0(305)
[2024-04-09T00:15:07.998+0800][7938.637s] GC(871) Survivor regions: 3->2(39)
[2024-04-09T00:15:07.998+0800][7938.637s] GC(871) Old regions: 66->66
[2024-04-09T00:15:07.998+0800][7938.637s] GC(871) Humongous regions: 4->4
[2024-04-09T00:15:07.998+0800][7938.637s] GC(871) Metaspace: 68538K(69120K)->68538K(69120K) NonClass: 60833K(61120K)->60833K(61120K) Class: 7705K(8000K)->7705K(8000K)
[2024-04-09T00:15:07.998+0800][7938.637s] GC(871) Pause Young (Normal) (G1 Evacuation Pause) 375M->71M(512M) 2.178ms
[2024-04-09T00:15:07.998+0800][7938.637s] GC(871) User=0.00s Sys=0.00s Real=0.00s
[2024-04-09T00:15:09.162+0800][7939.801s] GC(872) Pause Young (Normal) (G1 Evacuation Pause)
[2024-04-09T00:15:09.162+0800][7939.801s] GC(872) Using 13 workers of 13 for evacuation
[2024-04-09T00:15:09.164+0800][7939.803s] GC(872)   Pre Evacuate Collection Set: 0.1ms
[2024-04-09T00:15:09.164+0800][7939.803s] GC(872)   Merge Heap Roots: 0.1ms
[2024-04-09T00:15:09.164+0800][7939.803s] GC(872)   Evacuate Collection Set: 1.4ms
[2024-04-09T00:15:09.164+0800][7939.803s] GC(872)   Post Evacuate Collection Set: 0.5ms
[2024-04-09T00:15:09.164+0800][7939.803s] GC(872)   Other: 0.1ms
[2024-04-09T00:15:09.164+0800][7939.803s] GC(872) Eden regions: 305->0(304)
[2024-04-09T00:15:09.164+0800][7939.803s] GC(872) Survivor regions: 2->3(39)
[2024-04-09T00:15:09.164+0800][7939.803s] GC(872) Old regions: 66->66
[2024-04-09T00:15:09.164+0800][7939.803s] GC(872) Humongous regions: 4->4
[2024-04-09T00:15:09.164+0800][7939.803s] GC(872) Metaspace: 68538K(69120K)->68538K(69120K) NonClass: 60833K(61120K)->60833K(61120K) Class: 7705K(8000K)->7705K(8000K)
[2024-04-09T00:15:09.164+0800][7939.803s] GC(872) Pause Young (Normal) (G1 Evacuation Pause) 376M->71M(512M) 2.414ms
[2024-04-09T00:15:09.164+0800][7939.803s] GC(872) User=0.00s Sys=0.00s Real=0.00s
[2024-04-09T00:15:10.318+0800][7940.957s] GC(873) Pause Young (Normal) (G1 Evacuation Pause)
[2024-04-09T00:15:10.318+0800][7940.957s] GC(873) Using 13 workers of 13 for evacuation
[2024-04-09T00:15:10.320+0800][7940.959s] GC(873)   Pre Evacuate Collection Set: 0.1ms
[2024-04-09T00:15:10.320+0800][7940.959s] GC(873)   Merge Heap Roots: 0.1ms
[2024-04-09T00:15:10.320+0800][7940.959s] GC(873)   Evacuate Collection Set: 1.2ms
[2024-04-09T00:15:10.320+0800][7940.959s] GC(873)   Post Evacuate Collection Set: 0.3ms
[2024-04-09T00:15:10.320+0800][7940.959s] GC(873)   Other: 0.1ms
[2024-04-09T00:15:10.320+0800][7940.959s] GC(873) Eden regions: 304->0(305)
[2024-04-09T00:15:10.320+0800][7940.959s] GC(873) Survivor regions: 3->2(39)
[2024-04-09T00:15:10.320+0800][7940.959s] GC(873) Old regions: 66->66
[2024-04-09T00:15:10.320+0800][7940.959s] GC(873) Humongous regions: 4->4
[2024-04-09T00:15:10.320+0800][7940.959s] GC(873) Metaspace: 68538K(69120K)->68538K(69120K) NonClass: 60833K(61120K)->60833K(61120K) Class: 7705K(8000K)->7705K(8000K)
[2024-04-09T00:15:10.320+0800][7940.959s] GC(873) Pause Young (Normal) (G1 Evacuation Pause) 375M->71M(512M) 1.963ms
[2024-04-09T00:15:10.320+0800][7940.959s] GC(873) User=0.00s Sys=0.00s Real=0.00s
[2024-04-09T00:15:11.475+0800][7942.114s] GC(874) Pause Young (Normal) (G1 Evacuation Pause)
[2024-04-09T00:15:11.475+0800][7942.114s] GC(874) Using 13 workers of 13 for evacuation
[2024-04-09T00:15:11.477+0800][7942.116s] GC(874)   Pre Evacuate Collection Set: 0.1ms
[2024-04-09T00:15:11.477+0800][7942.116s] GC(874)   Merge Heap Roots: 0.1ms
[2024-04-09T00:15:11.477+0800][7942.116s] GC(874)   Evacuate Collection Set: 1.6ms
[2024-04-09T00:15:11.477+0800][7942.116s] GC(874)   Post Evacuate Collection Set: 0.5ms
[2024-04-09T00:15:11.477+0800][7942.116s] GC(874)   Other: 0.1ms
[2024-04-09T00:15:11.477+0800][7942.116s] GC(874) Eden regions: 305->0(305)
[2024-04-09T00:15:11.477+0800][7942.116s] GC(874) Survivor regions: 2->2(39)
[2024-04-09T00:15:11.477+0800][7942.116s] GC(874) Old regions: 66->66
[2024-04-09T00:15:11.477+0800][7942.116s] GC(874) Humongous regions: 4->4
[2024-04-09T00:15:11.477+0800][7942.116s] GC(874) Metaspace: 68538K(69120K)->68538K(69120K) NonClass: 60833K(61120K)->60833K(61120K) Class: 7705K(8000K)->7705K(8000K)
[2024-04-09T00:15:11.477+0800][7942.116s] GC(874) Pause Young (Normal) (G1 Evacuation Pause) 376M->71M(512M) 2.559ms
[2024-04-09T00:15:11.477+0800][7942.116s] GC(874) User=0.00s Sys=0.00s Real=0.00s
[2024-04-09T00:15:12.660+0800][7943.300s] GC(875) Pause Young (Normal) (G1 Evacuation Pause)
[2024-04-09T00:15:12.660+0800][7943.300s] GC(875) Using 13 workers of 13 for evacuation
[2024-04-09T00:15:12.663+0800][7943.302s] GC(875)   Pre Evacuate Collection Set: 0.1ms
[2024-04-09T00:15:12.663+0800][7943.302s] GC(875)   Merge Heap Roots: 0.1ms
[2024-04-09T00:15:12.663+0800][7943.302s] GC(875)   Evacuate Collection Set: 1.3ms
[2024-04-09T00:15:12.663+0800][7943.302s] GC(875)   Post Evacuate Collection Set: 0.5ms
[2024-04-09T00:15:12.663+0800][7943.302s] GC(875)   Other: 0.1ms
[2024-04-09T00:15:12.663+0800][7943.302s] GC(875) Eden regions: 305->0(305)
[2024-04-09T00:15:12.663+0800][7943.302s] GC(875) Survivor regions: 2->2(39)
[2024-04-09T00:15:12.663+0800][7943.302s] GC(875) Old regions: 66->66
[2024-04-09T00:15:12.663+0800][7943.302s] GC(875) Humongous regions: 4->4
[2024-04-09T00:15:12.663+0800][7943.302s] GC(875) Metaspace: 68538K(69120K)->68538K(69120K) NonClass: 60833K(61120K)->60833K(61120K) Class: 7705K(8000K)->7705K(8000K)
[2024-04-09T00:15:12.663+0800][7943.302s] GC(875) Pause Young (Normal) (G1 Evacuation Pause) 376M->71M(512M) 2.422ms
[2024-04-09T00:15:12.663+0800][7943.302s] GC(875) User=0.00s Sys=0.00s Real=0.00s
[2024-04-09T00:15:13.823+0800][7944.462s] GC(876) Pause Young (Normal) (G1 Evacuation Pause)
[2024-04-09T00:15:13.823+0800][7944.462s] GC(876) Using 13 workers of 13 for evacuation
[2024-04-09T00:15:13.825+0800][7944.465s] GC(876)   Pre Evacuate Collection Set: 0.1ms
[2024-04-09T00:15:13.825+0800][7944.465s] GC(876)   Merge Heap Roots: 0.1ms
[2024-04-09T00:15:13.825+0800][7944.465s] GC(876)   Evacuate Collection Set: 1.7ms
[2024-04-09T00:15:13.825+0800][7944.465s] GC(876)   Post Evacuate Collection Set: 0.4ms
[2024-04-09T00:15:13.825+0800][7944.465s] GC(876)   Other: 0.1ms
[2024-04-09T00:15:13.825+0800][7944.465s] GC(876) Eden regions: 305->0(305)
[2024-04-09T00:15:13.825+0800][7944.465s] GC(876) Survivor regions: 2->2(39)
[2024-04-09T00:15:13.825+0800][7944.465s] GC(876) Old regions: 66->66
[2024-04-09T00:15:13.825+0800][7944.465s] GC(876) Humongous regions: 4->4
[2024-04-09T00:15:13.825+0800][7944.465s] GC(876) Metaspace: 68538K(69120K)->68538K(69120K) NonClass: 60833K(61120K)->60833K(61120K) Class: 7705K(8000K)->7705K(8000K)
[2024-04-09T00:15:13.825+0800][7944.465s] GC(876) Pause Young (Normal) (G1 Evacuation Pause) 376M->71M(512M) 2.533ms
[2024-04-09T00:15:13.825+0800][7944.465s] GC(876) User=0.00s Sys=0.00s Real=0.00s
[2024-04-09T00:15:15.023+0800][7945.662s] GC(877) Pause Young (Normal) (G1 Evacuation Pause)
[2024-04-09T00:15:15.023+0800][7945.662s] GC(877) Using 13 workers of 13 for evacuation
[2024-04-09T00:15:15.025+0800][7945.664s] GC(877)   Pre Evacuate Collection Set: 0.2ms
[2024-04-09T00:15:15.025+0800][7945.664s] GC(877)   Merge Heap Roots: 0.1ms
[2024-04-09T00:15:15.025+0800][7945.664s] GC(877)   Evacuate Collection Set: 1.5ms
[2024-04-09T00:15:15.025+0800][7945.664s] GC(877)   Post Evacuate Collection Set: 0.6ms
[2024-04-09T00:15:15.025+0800][7945.664s] GC(877)   Other: 0.1ms
[2024-04-09T00:15:15.025+0800][7945.664s] GC(877) Eden regions: 305->0(305)
[2024-04-09T00:15:15.025+0800][7945.664s] GC(877) Survivor regions: 2->2(39)
[2024-04-09T00:15:15.025+0800][7945.664s] GC(877) Old regions: 66->66
[2024-04-09T00:15:15.025+0800][7945.664s] GC(877) Humongous regions: 4->4
[2024-04-09T00:15:15.025+0800][7945.664s] GC(877) Metaspace: 68538K(69120K)->68538K(69120K) NonClass: 60833K(61120K)->60833K(61120K) Class: 7705K(8000K)->7705K(8000K)
[2024-04-09T00:15:15.025+0800][7945.664s] GC(877) Pause Young (Normal) (G1 Evacuation Pause) 376M->71M(512M) 2.685ms
[2024-04-09T00:15:15.025+0800][7945.664s] GC(877) User=0.00s Sys=0.00s Real=0.00s
[2024-04-09T00:15:16.165+0800][7946.804s] GC(878) Pause Young (Normal) (G1 Evacuation Pause)
[2024-04-09T00:15:16.165+0800][7946.804s] GC(878) Using 13 workers of 13 for evacuation
[2024-04-09T00:15:16.167+0800][7946.806s] GC(878)   Pre Evacuate Collection Set: 0.2ms
[2024-04-09T00:15:16.167+0800][7946.806s] GC(878)   Merge Heap Roots: 0.1ms
[2024-04-09T00:15:16.167+0800][7946.806s] GC(878)   Evacuate Collection Set: 1.4ms
[2024-04-09T00:15:16.167+0800][7946.807s] GC(878)   Post Evacuate Collection Set: 0.6ms
[2024-04-09T00:15:16.168+0800][7946.807s] GC(878)   Other: 0.1ms
[2024-04-09T00:15:16.168+0800][7946.807s] GC(878) Eden regions: 305->0(305)
[2024-04-09T00:15:16.168+0800][7946.807s] GC(878) Survivor regions: 2->2(39)
[2024-04-09T00:15:16.168+0800][7946.807s] GC(878) Old regions: 66->66
[2024-04-09T00:15:16.168+0800][7946.807s] GC(878) Humongous regions: 4->4
[2024-04-09T00:15:16.168+0800][7946.807s] GC(878) Metaspace: 68538K(69120K)->68538K(69120K) NonClass: 60833K(61120K)->60833K(61120K) Class: 7705K(8000K)->7705K(8000K)
[2024-04-09T00:15:16.168+0800][7946.807s] GC(878) Pause Young (Normal) (G1 Evacuation Pause) 376M->71M(512M) 2.672ms
[2024-04-09T00:15:16.168+0800][7946.807s] GC(878) User=0.02s Sys=0.00s Real=0.00s
[2024-04-09T00:15:17.325+0800][7947.965s] GC(879) Pause Young (Normal) (G1 Evacuation Pause)
[2024-04-09T00:15:17.325+0800][7947.965s] GC(879) Using 13 workers of 13 for evacuation
[2024-04-09T00:15:17.327+0800][7947.967s] GC(879)   Pre Evacuate Collection Set: 0.1ms
[2024-04-09T00:15:17.327+0800][7947.967s] GC(879)   Merge Heap Roots: 0.0ms
[2024-04-09T00:15:17.328+0800][7947.967s] GC(879)   Evacuate Collection Set: 1.5ms
[2024-04-09T00:15:17.328+0800][7947.967s] GC(879)   Post Evacuate Collection Set: 0.4ms
[2024-04-09T00:15:17.328+0800][7947.967s] GC(879)   Other: 0.1ms
[2024-04-09T00:15:17.328+0800][7947.967s] GC(879) Eden regions: 305->0(305)
[2024-04-09T00:15:17.328+0800][7947.967s] GC(879) Survivor regions: 2->2(39)
[2024-04-09T00:15:17.328+0800][7947.967s] GC(879) Old regions: 66->66
[2024-04-09T00:15:17.328+0800][7947.967s] GC(879) Humongous regions: 4->4
[2024-04-09T00:15:17.328+0800][7947.967s] GC(879) Metaspace: 68538K(69120K)->68538K(69120K) NonClass: 60833K(61120K)->60833K(61120K) Class: 7705K(8000K)->7705K(8000K)
[2024-04-09T00:15:17.328+0800][7947.967s] GC(879) Pause Young (Normal) (G1 Evacuation Pause) 376M->71M(512M) 2.522ms
[2024-04-09T00:15:17.328+0800][7947.967s] GC(879) User=0.00s Sys=0.00s Real=0.00s
[2024-04-09T00:15:18.529+0800][7949.169s] GC(880) Pause Young (Normal) (G1 Evacuation Pause)
[2024-04-09T00:15:18.529+0800][7949.169s] GC(880) Using 13 workers of 13 for evacuation
[2024-04-09T00:15:18.531+0800][7949.171s] GC(880)   Pre Evacuate Collection Set: 0.1ms
[2024-04-09T00:15:18.531+0800][7949.171s] GC(880)   Merge Heap Roots: 0.1ms
[2024-04-09T00:15:18.531+0800][7949.171s] GC(880)   Evacuate Collection Set: 1.4ms
[2024-04-09T00:15:18.531+0800][7949.171s] GC(880)   Post Evacuate Collection Set: 0.4ms
[2024-04-09T00:15:18.531+0800][7949.171s] GC(880)   Other: 0.1ms
[2024-04-09T00:15:18.531+0800][7949.171s] GC(880) Eden regions: 305->0(305)
[2024-04-09T00:15:18.531+0800][7949.171s] GC(880) Survivor regions: 2->2(39)
[2024-04-09T00:15:18.531+0800][7949.171s] GC(880) Old regions: 66->66
[2024-04-09T00:15:18.531+0800][7949.171s] GC(880) Humongous regions: 4->4
[2024-04-09T00:15:18.531+0800][7949.171s] GC(880) Metaspace: 68538K(69120K)->68538K(69120K) NonClass: 60833K(61120K)->60833K(61120K) Class: 7705K(8000K)->7705K(8000K)
[2024-04-09T00:15:18.531+0800][7949.171s] GC(880) Pause Young (Normal) (G1 Evacuation Pause) 376M->71M(512M) 2.304ms
[2024-04-09T00:15:18.531+0800][7949.171s] GC(880) User=0.00s Sys=0.00s Real=0.00s
[2024-04-09T00:15:19.686+0800][7950.325s] GC(881) Pause Young (Normal) (G1 Evacuation Pause)
[2024-04-09T00:15:19.686+0800][7950.325s] GC(881) Using 13 workers of 13 for evacuation
[2024-04-09T00:15:19.688+0800][7950.327s] GC(881)   Pre Evacuate Collection Set: 0.1ms
[2024-04-09T00:15:19.688+0800][7950.327s] GC(881)   Merge Heap Roots: 0.0ms
[2024-04-09T00:15:19.688+0800][7950.327s] GC(881)   Evacuate Collection Set: 1.1ms
[2024-04-09T00:15:19.688+0800][7950.327s] GC(881)   Post Evacuate Collection Set: 0.3ms
[2024-04-09T00:15:19.688+0800][7950.327s] GC(881)   Other: 0.1ms
[2024-04-09T00:15:19.688+0800][7950.327s] GC(881) Eden regions: 305->0(305)
[2024-04-09T00:15:19.688+0800][7950.327s] GC(881) Survivor regions: 2->2(39)
[2024-04-09T00:15:19.688+0800][7950.327s] GC(881) Old regions: 66->66
[2024-04-09T00:15:19.688+0800][7950.327s] GC(881) Humongous regions: 4->4
[2024-04-09T00:15:19.688+0800][7950.327s] GC(881) Metaspace: 68538K(69120K)->68538K(69120K) NonClass: 60833K(61120K)->60833K(61120K) Class: 7705K(8000K)->7705K(8000K)
[2024-04-09T00:15:19.688+0800][7950.327s] GC(881) Pause Young (Normal) (G1 Evacuation Pause) 376M->71M(512M) 1.831ms
[2024-04-09T00:15:19.688+0800][7950.327s] GC(881) User=0.00s Sys=0.00s Real=0.00s
[2024-04-09T00:15:20.914+0800][7951.553s] GC(882) Pause Young (Normal) (G1 Evacuation Pause)
[2024-04-09T00:15:20.914+0800][7951.553s] GC(882) Using 13 workers of 13 for evacuation
[2024-04-09T00:15:20.916+0800][7951.555s] GC(882)   Pre Evacuate Collection Set: 0.1ms
[2024-04-09T00:15:20.916+0800][7951.555s] GC(882)   Merge Heap Roots: 0.1ms
[2024-04-09T00:15:20.916+0800][7951.555s] GC(882)   Evacuate Collection Set: 1.5ms
[2024-04-09T00:15:20.916+0800][7951.555s] GC(882)   Post Evacuate Collection Set: 0.3ms
[2024-04-09T00:15:20.916+0800][7951.555s] GC(882)   Other: 0.1ms
[2024-04-09T00:15:20.916+0800][7951.555s] GC(882) Eden regions: 305->0(305)
[2024-04-09T00:15:20.916+0800][7951.555s] GC(882) Survivor regions: 2->2(39)
[2024-04-09T00:15:20.916+0800][7951.555s] GC(882) Old regions: 66->66
[2024-04-09T00:15:20.916+0800][7951.555s] GC(882) Humongous regions: 4->4
[2024-04-09T00:15:20.916+0800][7951.555s] GC(882) Metaspace: 68538K(69120K)->68538K(69120K) NonClass: 60833K(61120K)->60833K(61120K) Class: 7705K(8000K)->7705K(8000K)
[2024-04-09T00:15:20.916+0800][7951.555s] GC(882) Pause Young (Normal) (G1 Evacuation Pause) 376M->71M(512M) 2.262ms
[2024-04-09T00:15:20.916+0800][7951.555s] GC(882) User=0.02s Sys=0.00s Real=0.00s
[2024-04-09T00:15:22.109+0800][7952.749s] GC(883) Pause Young (Normal) (G1 Evacuation Pause)
[2024-04-09T00:15:22.110+0800][7952.749s] GC(883) Using 13 workers of 13 for evacuation
[2024-04-09T00:15:22.113+0800][7952.752s] GC(883)   Pre Evacuate Collection Set: 0.1ms
[2024-04-09T00:15:22.113+0800][7952.752s] GC(883)   Merge Heap Roots: 0.1ms
[2024-04-09T00:15:22.113+0800][7952.752s] GC(883)   Evacuate Collection Set: 2.1ms
[2024-04-09T00:15:22.113+0800][7952.752s] GC(883)   Post Evacuate Collection Set: 0.6ms
[2024-04-09T00:15:22.113+0800][7952.752s] GC(883)   Other: 0.1ms
[2024-04-09T00:15:22.113+0800][7952.752s] GC(883) Eden regions: 305->0(304)
[2024-04-09T00:15:22.113+0800][7952.752s] GC(883) Survivor regions: 2->3(39)
[2024-04-09T00:15:22.113+0800][7952.752s] GC(883) Old regions: 66->66
[2024-04-09T00:15:22.113+0800][7952.752s] GC(883) Humongous regions: 4->4
[2024-04-09T00:15:22.113+0800][7952.752s] GC(883) Metaspace: 68538K(69120K)->68538K(69120K) NonClass: 60833K(61120K)->60833K(61120K) Class: 7705K(8000K)->7705K(8000K)
[2024-04-09T00:15:22.113+0800][7952.752s] GC(883) Pause Young (Normal) (G1 Evacuation Pause) 376M->72M(512M) 3.226ms
[2024-04-09T00:15:22.113+0800][7952.752s] GC(883) User=0.00s Sys=0.00s Real=0.00s
[2024-04-09T00:15:23.285+0800][7953.924s] GC(884) Pause Young (Normal) (G1 Evacuation Pause)
[2024-04-09T00:15:23.285+0800][7953.925s] GC(884) Using 13 workers of 13 for evacuation
[2024-04-09T00:15:23.287+0800][7953.927s] GC(884)   Pre Evacuate Collection Set: 0.1ms
[2024-04-09T00:15:23.287+0800][7953.927s] GC(884)   Merge Heap Roots: 0.1ms
[2024-04-09T00:15:23.287+0800][7953.927s] GC(884)   Evacuate Collection Set: 1.7ms
[2024-04-09T00:15:23.287+0800][7953.927s] GC(884)   Post Evacuate Collection Set: 0.4ms
[2024-04-09T00:15:23.287+0800][7953.927s] GC(884)   Other: 0.1ms
[2024-04-09T00:15:23.287+0800][7953.927s] GC(884) Eden regions: 304->0(305)
[2024-04-09T00:15:23.287+0800][7953.927s] GC(884) Survivor regions: 3->2(39)
[2024-04-09T00:15:23.287+0800][7953.927s] GC(884) Old regions: 66->67
[2024-04-09T00:15:23.287+0800][7953.927s] GC(884) Humongous regions: 4->4
[2024-04-09T00:15:23.287+0800][7953.927s] GC(884) Metaspace: 68538K(69120K)->68538K(69120K) NonClass: 60833K(61120K)->60833K(61120K) Class: 7705K(8000K)->7705K(8000K)
[2024-04-09T00:15:23.287+0800][7953.927s] GC(884) Pause Young (Normal) (G1 Evacuation Pause) 376M->71M(512M) 2.603ms
[2024-04-09T00:15:23.288+0800][7953.927s] GC(884) User=0.00s Sys=0.00s Real=0.00s
[2024-04-09T00:15:24.450+0800][7955.090s] GC(885) Pause Young (Normal) (G1 Evacuation Pause)
[2024-04-09T00:15:24.450+0800][7955.090s] GC(885) Using 13 workers of 13 for evacuation
[2024-04-09T00:15:24.453+0800][7955.092s] GC(885)   Pre Evacuate Collection Set: 0.1ms
[2024-04-09T00:15:24.453+0800][7955.092s] GC(885)   Merge Heap Roots: 0.1ms
[2024-04-09T00:15:24.453+0800][7955.092s] GC(885)   Evacuate Collection Set: 1.4ms
[2024-04-09T00:15:24.453+0800][7955.092s] GC(885)   Post Evacuate Collection Set: 0.5ms
[2024-04-09T00:15:24.453+0800][7955.092s] GC(885)   Other: 0.1ms
[2024-04-09T00:15:24.453+0800][7955.092s] GC(885) Eden regions: 305->0(305)
[2024-04-09T00:15:24.453+0800][7955.092s] GC(885) Survivor regions: 2->2(39)
[2024-04-09T00:15:24.453+0800][7955.092s] GC(885) Old regions: 67->67
[2024-04-09T00:15:24.453+0800][7955.092s] GC(885) Humongous regions: 4->4
[2024-04-09T00:15:24.453+0800][7955.092s] GC(885) Metaspace: 68538K(69120K)->68538K(69120K) NonClass: 60833K(61120K)->60833K(61120K) Class: 7705K(8000K)->7705K(8000K)
[2024-04-09T00:15:24.453+0800][7955.092s] GC(885) Pause Young (Normal) (G1 Evacuation Pause) 376M->71M(512M) 2.397ms
[2024-04-09T00:15:24.453+0800][7955.092s] GC(885) User=0.00s Sys=0.00s Real=0.00s
[2024-04-09T00:15:25.588+0800][7956.228s] GC(886) Pause Young (Normal) (G1 Evacuation Pause)
[2024-04-09T00:15:25.588+0800][7956.228s] GC(886) Using 13 workers of 13 for evacuation
[2024-04-09T00:15:25.590+0800][7956.230s] GC(886)   Pre Evacuate Collection Set: 0.1ms
[2024-04-09T00:15:25.591+0800][7956.230s] GC(886)   Merge Heap Roots: 0.1ms
[2024-04-09T00:15:25.591+0800][7956.230s] GC(886)   Evacuate Collection Set: 1.5ms
[2024-04-09T00:15:25.591+0800][7956.230s] GC(886)   Post Evacuate Collection Set: 0.5ms
[2024-04-09T00:15:25.591+0800][7956.230s] GC(886)   Other: 0.1ms
[2024-04-09T00:15:25.591+0800][7956.230s] GC(886) Eden regions: 305->0(305)
[2024-04-09T00:15:25.591+0800][7956.230s] GC(886) Survivor regions: 2->2(39)
[2024-04-09T00:15:25.591+0800][7956.230s] GC(886) Old regions: 67->67
[2024-04-09T00:15:25.591+0800][7956.230s] GC(886) Humongous regions: 4->4
[2024-04-09T00:15:25.591+0800][7956.230s] GC(886) Metaspace: 68538K(69120K)->68538K(69120K) NonClass: 60833K(61120K)->60833K(61120K) Class: 7705K(8000K)->7705K(8000K)
[2024-04-09T00:15:25.591+0800][7956.230s] GC(886) Pause Young (Normal) (G1 Evacuation Pause) 376M->71M(512M) 2.535ms
[2024-04-09T00:15:25.591+0800][7956.230s] GC(886) User=0.00s Sys=0.00s Real=0.00s
[2024-04-09T00:15:26.788+0800][7957.428s] GC(887) Pause Young (Normal) (G1 Evacuation Pause)
[2024-04-09T00:15:26.789+0800][7957.428s] GC(887) Using 13 workers of 13 for evacuation
[2024-04-09T00:15:26.791+0800][7957.430s] GC(887)   Pre Evacuate Collection Set: 0.2ms
[2024-04-09T00:15:26.791+0800][7957.430s] GC(887)   Merge Heap Roots: 0.1ms
[2024-04-09T00:15:26.791+0800][7957.431s] GC(887)   Evacuate Collection Set: 1.5ms
[2024-04-09T00:15:26.791+0800][7957.431s] GC(887)   Post Evacuate Collection Set: 0.4ms
[2024-04-09T00:15:26.791+0800][7957.431s] GC(887)   Other: 0.1ms
[2024-04-09T00:15:26.791+0800][7957.431s] GC(887) Eden regions: 305->0(305)
[2024-04-09T00:15:26.791+0800][7957.431s] GC(887) Survivor regions: 2->2(39)
[2024-04-09T00:15:26.791+0800][7957.431s] GC(887) Old regions: 67->67
[2024-04-09T00:15:26.791+0800][7957.431s] GC(887) Humongous regions: 4->4
[2024-04-09T00:15:26.791+0800][7957.431s] GC(887) Metaspace: 68538K(69120K)->68538K(69120K) NonClass: 60833K(61120K)->60833K(61120K) Class: 7705K(8000K)->7705K(8000K)
[2024-04-09T00:15:26.791+0800][7957.431s] GC(887) Pause Young (Normal) (G1 Evacuation Pause) 376M->71M(512M) 2.701ms
[2024-04-09T00:15:26.791+0800][7957.431s] GC(887) User=0.02s Sys=0.08s Real=0.00s
[2024-04-09T00:15:27.944+0800][7958.583s] GC(888) Pause Young (Normal) (G1 Evacuation Pause)
[2024-04-09T00:15:27.944+0800][7958.583s] GC(888) Using 13 workers of 13 for evacuation
[2024-04-09T00:15:27.946+0800][7958.585s] GC(888)   Pre Evacuate Collection Set: 0.2ms
[2024-04-09T00:15:27.946+0800][7958.585s] GC(888)   Merge Heap Roots: 0.1ms
[2024-04-09T00:15:27.946+0800][7958.585s] GC(888)   Evacuate Collection Set: 1.3ms
[2024-04-09T00:15:27.946+0800][7958.585s] GC(888)   Post Evacuate Collection Set: 0.3ms
[2024-04-09T00:15:27.946+0800][7958.585s] GC(888)   Other: 0.1ms
[2024-04-09T00:15:27.946+0800][7958.585s] GC(888) Eden regions: 305->0(305)
[2024-04-09T00:15:27.946+0800][7958.585s] GC(888) Survivor regions: 2->2(39)
[2024-04-09T00:15:27.946+0800][7958.585s] GC(888) Old regions: 67->67
[2024-04-09T00:15:27.946+0800][7958.585s] GC(888) Humongous regions: 4->4
[2024-04-09T00:15:27.946+0800][7958.585s] GC(888) Metaspace: 68538K(69120K)->68538K(69120K) NonClass: 60833K(61120K)->60833K(61120K) Class: 7705K(8000K)->7705K(8000K)
[2024-04-09T00:15:27.946+0800][7958.585s] GC(888) Pause Young (Normal) (G1 Evacuation Pause) 376M->71M(512M) 2.183ms
[2024-04-09T00:15:27.946+0800][7958.585s] GC(888) User=0.00s Sys=0.00s Real=0.00s
[2024-04-09T00:15:29.057+0800][7959.696s] GC(889) Pause Young (Normal) (G1 Evacuation Pause)
[2024-04-09T00:15:29.057+0800][7959.696s] GC(889) Using 13 workers of 13 for evacuation
[2024-04-09T00:15:29.059+0800][7959.698s] GC(889)   Pre Evacuate Collection Set: 0.1ms
[2024-04-09T00:15:29.059+0800][7959.698s] GC(889)   Merge Heap Roots: 0.1ms
[2024-04-09T00:15:29.059+0800][7959.698s] GC(889)   Evacuate Collection Set: 1.6ms
[2024-04-09T00:15:29.059+0800][7959.698s] GC(889)   Post Evacuate Collection Set: 0.3ms
[2024-04-09T00:15:29.059+0800][7959.698s] GC(889)   Other: 0.1ms
[2024-04-09T00:15:29.059+0800][7959.698s] GC(889) Eden regions: 305->0(305)
[2024-04-09T00:15:29.059+0800][7959.698s] GC(889) Survivor regions: 2->2(39)
[2024-04-09T00:15:29.059+0800][7959.698s] GC(889) Old regions: 67->67
[2024-04-09T00:15:29.059+0800][7959.698s] GC(889) Humongous regions: 4->4
[2024-04-09T00:15:29.059+0800][7959.698s] GC(889) Metaspace: 68540K(69120K)->68540K(69120K) NonClass: 60835K(61120K)->60835K(61120K) Class: 7705K(8000K)->7705K(8000K)
[2024-04-09T00:15:29.059+0800][7959.698s] GC(889) Pause Young (Normal) (G1 Evacuation Pause) 376M->71M(512M) 2.412ms
[2024-04-09T00:15:29.059+0800][7959.698s] GC(889) User=0.00s Sys=0.00s Real=0.00s
[2024-04-09T00:15:30.207+0800][7960.846s] GC(890) Pause Young (Normal) (G1 Evacuation Pause)
[2024-04-09T00:15:30.207+0800][7960.846s] GC(890) Using 13 workers of 13 for evacuation
[2024-04-09T00:15:30.210+0800][7960.849s] GC(890)   Pre Evacuate Collection Set: 0.2ms
[2024-04-09T00:15:30.210+0800][7960.849s] GC(890)   Merge Heap Roots: 0.1ms
[2024-04-09T00:15:30.210+0800][7960.849s] GC(890)   Evacuate Collection Set: 1.6ms
[2024-04-09T00:15:30.210+0800][7960.849s] GC(890)   Post Evacuate Collection Set: 0.7ms
[2024-04-09T00:15:30.210+0800][7960.849s] GC(890)   Other: 0.1ms
[2024-04-09T00:15:30.210+0800][7960.849s] GC(890) Eden regions: 305->0(305)
[2024-04-09T00:15:30.210+0800][7960.849s] GC(890) Survivor regions: 2->2(39)
[2024-04-09T00:15:30.210+0800][7960.849s] GC(890) Old regions: 67->67
[2024-04-09T00:15:30.210+0800][7960.849s] GC(890) Humongous regions: 4->4
[2024-04-09T00:15:30.210+0800][7960.849s] GC(890) Metaspace: 68540K(69120K)->68540K(69120K) NonClass: 60835K(61120K)->60835K(61120K) Class: 7705K(8000K)->7705K(8000K)
[2024-04-09T00:15:30.210+0800][7960.849s] GC(890) Pause Young (Normal) (G1 Evacuation Pause) 376M->71M(512M) 2.831ms
[2024-04-09T00:15:30.210+0800][7960.849s] GC(890) User=0.00s Sys=0.00s Real=0.00s
[2024-04-09T00:15:31.385+0800][7962.024s] GC(891) Pause Young (Normal) (G1 Evacuation Pause)
[2024-04-09T00:15:31.385+0800][7962.024s] GC(891) Using 13 workers of 13 for evacuation
[2024-04-09T00:15:31.387+0800][7962.026s] GC(891)   Pre Evacuate Collection Set: 0.2ms
[2024-04-09T00:15:31.387+0800][7962.026s] GC(891)   Merge Heap Roots: 0.1ms
[2024-04-09T00:15:31.387+0800][7962.026s] GC(891)   Evacuate Collection Set: 1.4ms
[2024-04-09T00:15:31.387+0800][7962.026s] GC(891)   Post Evacuate Collection Set: 0.4ms
[2024-04-09T00:15:31.387+0800][7962.026s] GC(891)   Other: 0.1ms
[2024-04-09T00:15:31.387+0800][7962.026s] GC(891) Eden regions: 305->0(305)
[2024-04-09T00:15:31.387+0800][7962.026s] GC(891) Survivor regions: 2->2(39)
[2024-04-09T00:15:31.387+0800][7962.026s] GC(891) Old regions: 67->67
[2024-04-09T00:15:31.387+0800][7962.026s] GC(891) Humongous regions: 4->4
[2024-04-09T00:15:31.387+0800][7962.026s] GC(891) Metaspace: 68540K(69120K)->68540K(69120K) NonClass: 60835K(61120K)->60835K(61120K) Class: 7705K(8000K)->7705K(8000K)
[2024-04-09T00:15:31.387+0800][7962.026s] GC(891) Pause Young (Normal) (G1 Evacuation Pause) 376M->71M(512M) 2.402ms
[2024-04-09T00:15:31.387+0800][7962.026s] GC(891) User=0.00s Sys=0.00s Real=0.00s
[2024-04-09T00:15:32.562+0800][7963.201s] GC(892) Pause Young (Normal) (G1 Evacuation Pause)
[2024-04-09T00:15:32.562+0800][7963.201s] GC(892) Using 13 workers of 13 for evacuation
[2024-04-09T00:15:32.564+0800][7963.203s] GC(892)   Pre Evacuate Collection Set: 0.1ms
[2024-04-09T00:15:32.564+0800][7963.203s] GC(892)   Merge Heap Roots: 0.1ms
[2024-04-09T00:15:32.564+0800][7963.203s] GC(892)   Evacuate Collection Set: 1.7ms
[2024-04-09T00:15:32.564+0800][7963.203s] GC(892)   Post Evacuate Collection Set: 0.5ms
[2024-04-09T00:15:32.564+0800][7963.203s] GC(892)   Other: 0.1ms
[2024-04-09T00:15:32.564+0800][7963.203s] GC(892) Eden regions: 305->0(305)
[2024-04-09T00:15:32.564+0800][7963.203s] GC(892) Survivor regions: 2->2(39)
[2024-04-09T00:15:32.564+0800][7963.203s] GC(892) Old regions: 67->67
[2024-04-09T00:15:32.564+0800][7963.203s] GC(892) Humongous regions: 4->4
[2024-04-09T00:15:32.564+0800][7963.203s] GC(892) Metaspace: 68540K(69120K)->68540K(69120K) NonClass: 60835K(61120K)->60835K(61120K) Class: 7705K(8000K)->7705K(8000K)
[2024-04-09T00:15:32.564+0800][7963.203s] GC(892) Pause Young (Normal) (G1 Evacuation Pause) 376M->71M(512M) 2.819ms
[2024-04-09T00:15:32.564+0800][7963.203s] GC(892) User=0.00s Sys=0.00s Real=0.00s
[2024-04-09T00:15:33.768+0800][7964.408s] GC(893) Pause Young (Normal) (G1 Evacuation Pause)
[2024-04-09T00:15:33.768+0800][7964.408s] GC(893) Using 13 workers of 13 for evacuation
[2024-04-09T00:15:33.770+0800][7964.410s] GC(893)   Pre Evacuate Collection Set: 0.1ms
[2024-04-09T00:15:33.770+0800][7964.410s] GC(893)   Merge Heap Roots: 0.1ms
[2024-04-09T00:15:33.770+0800][7964.410s] GC(893)   Evacuate Collection Set: 1.3ms
[2024-04-09T00:15:33.770+0800][7964.410s] GC(893)   Post Evacuate Collection Set: 0.3ms
[2024-04-09T00:15:33.770+0800][7964.410s] GC(893)   Other: 0.1ms
[2024-04-09T00:15:33.770+0800][7964.410s] GC(893) Eden regions: 305->0(305)
[2024-04-09T00:15:33.770+0800][7964.410s] GC(893) Survivor regions: 2->2(39)
[2024-04-09T00:15:33.770+0800][7964.410s] GC(893) Old regions: 67->67
[2024-04-09T00:15:33.770+0800][7964.410s] GC(893) Humongous regions: 4->4
[2024-04-09T00:15:33.770+0800][7964.410s] GC(893) Metaspace: 68540K(69120K)->68540K(69120K) NonClass: 60835K(61120K)->60835K(61120K) Class: 7705K(8000K)->7705K(8000K)
[2024-04-09T00:15:33.770+0800][7964.410s] GC(893) Pause Young (Normal) (G1 Evacuation Pause) 376M->71M(512M) 2.119ms
[2024-04-09T00:15:33.770+0800][7964.410s] GC(893) User=0.00s Sys=0.00s Real=0.00s
[2024-04-09T00:15:34.948+0800][7965.587s] GC(894) Pause Young (Normal) (G1 Evacuation Pause)
[2024-04-09T00:15:34.948+0800][7965.588s] GC(894) Using 13 workers of 13 for evacuation
[2024-04-09T00:15:34.950+0800][7965.590s] GC(894)   Pre Evacuate Collection Set: 0.2ms
[2024-04-09T00:15:34.950+0800][7965.590s] GC(894)   Merge Heap Roots: 0.1ms
[2024-04-09T00:15:34.950+0800][7965.590s] GC(894)   Evacuate Collection Set: 1.4ms
[2024-04-09T00:15:34.950+0800][7965.590s] GC(894)   Post Evacuate Collection Set: 0.4ms
[2024-04-09T00:15:34.950+0800][7965.590s] GC(894)   Other: 0.1ms
[2024-04-09T00:15:34.950+0800][7965.590s] GC(894) Eden regions: 305->0(305)
[2024-04-09T00:15:34.950+0800][7965.590s] GC(894) Survivor regions: 2->2(39)
[2024-04-09T00:15:34.950+0800][7965.590s] GC(894) Old regions: 67->67
[2024-04-09T00:15:34.950+0800][7965.590s] GC(894) Humongous regions: 4->4
[2024-04-09T00:15:34.950+0800][7965.590s] GC(894) Metaspace: 68540K(69120K)->68540K(69120K) NonClass: 60835K(61120K)->60835K(61120K) Class: 7705K(8000K)->7705K(8000K)
[2024-04-09T00:15:34.950+0800][7965.590s] GC(894) Pause Young (Normal) (G1 Evacuation Pause) 376M->71M(512M) 2.505ms
[2024-04-09T00:15:34.950+0800][7965.590s] GC(894) User=0.00s Sys=0.00s Real=0.00s
[2024-04-09T00:15:36.113+0800][7966.752s] GC(895) Pause Young (Normal) (G1 Evacuation Pause)
[2024-04-09T00:15:36.113+0800][7966.753s] GC(895) Using 13 workers of 13 for evacuation
[2024-04-09T00:15:36.115+0800][7966.755s] GC(895)   Pre Evacuate Collection Set: 0.1ms
[2024-04-09T00:15:36.115+0800][7966.755s] GC(895)   Merge Heap Roots: 0.1ms
[2024-04-09T00:15:36.115+0800][7966.755s] GC(895)   Evacuate Collection Set: 1.5ms
[2024-04-09T00:15:36.115+0800][7966.755s] GC(895)   Post Evacuate Collection Set: 0.3ms
[2024-04-09T00:15:36.115+0800][7966.755s] GC(895)   Other: 0.1ms
[2024-04-09T00:15:36.115+0800][7966.755s] GC(895) Eden regions: 305->0(305)
[2024-04-09T00:15:36.115+0800][7966.755s] GC(895) Survivor regions: 2->2(39)
[2024-04-09T00:15:36.115+0800][7966.755s] GC(895) Old regions: 67->67
[2024-04-09T00:15:36.115+0800][7966.755s] GC(895) Humongous regions: 4->4
[2024-04-09T00:15:36.115+0800][7966.755s] GC(895) Metaspace: 68540K(69120K)->68540K(69120K) NonClass: 60835K(61120K)->60835K(61120K) Class: 7705K(8000K)->7705K(8000K)
[2024-04-09T00:15:36.115+0800][7966.755s] GC(895) Pause Young (Normal) (G1 Evacuation Pause) 376M->72M(512M) 2.292ms
[2024-04-09T00:15:36.116+0800][7966.755s] GC(895) User=0.00s Sys=0.00s Real=0.00s
[2024-04-09T00:15:37.300+0800][7967.940s] GC(896) Pause Young (Normal) (G1 Evacuation Pause)
[2024-04-09T00:15:37.300+0800][7967.940s] GC(896) Using 13 workers of 13 for evacuation
[2024-04-09T00:15:37.303+0800][7967.942s] GC(896)   Pre Evacuate Collection Set: 0.1ms
[2024-04-09T00:15:37.303+0800][7967.942s] GC(896)   Merge Heap Roots: 0.1ms
[2024-04-09T00:15:37.303+0800][7967.942s] GC(896)   Evacuate Collection Set: 1.7ms
[2024-04-09T00:15:37.303+0800][7967.942s] GC(896)   Post Evacuate Collection Set: 0.5ms
[2024-04-09T00:15:37.303+0800][7967.942s] GC(896)   Other: 0.1ms
[2024-04-09T00:15:37.303+0800][7967.942s] GC(896) Eden regions: 305->0(304)
[2024-04-09T00:15:37.303+0800][7967.942s] GC(896) Survivor regions: 2->3(39)
[2024-04-09T00:15:37.303+0800][7967.942s] GC(896) Old regions: 67->67
[2024-04-09T00:15:37.303+0800][7967.942s] GC(896) Humongous regions: 4->4
[2024-04-09T00:15:37.303+0800][7967.942s] GC(896) Metaspace: 68540K(69120K)->68540K(69120K) NonClass: 60835K(61120K)->60835K(61120K) Class: 7705K(8000K)->7705K(8000K)
[2024-04-09T00:15:37.303+0800][7967.942s] GC(896) Pause Young (Normal) (G1 Evacuation Pause) 377M->72M(512M) 2.713ms
[2024-04-09T00:15:37.303+0800][7967.942s] GC(896) User=0.00s Sys=0.00s Real=0.00s
[2024-04-09T00:15:38.462+0800][7969.101s] GC(897) Pause Young (Normal) (G1 Evacuation Pause)
[2024-04-09T00:15:38.462+0800][7969.101s] GC(897) Using 13 workers of 13 for evacuation
[2024-04-09T00:15:38.464+0800][7969.103s] GC(897)   Pre Evacuate Collection Set: 0.1ms
[2024-04-09T00:15:38.464+0800][7969.103s] GC(897)   Merge Heap Roots: 0.1ms
[2024-04-09T00:15:38.464+0800][7969.103s] GC(897)   Evacuate Collection Set: 1.4ms
[2024-04-09T00:15:38.464+0800][7969.103s] GC(897)   Post Evacuate Collection Set: 0.5ms
[2024-04-09T00:15:38.465+0800][7969.103s] GC(897)   Other: 0.1ms
[2024-04-09T00:15:38.465+0800][7969.103s] GC(897) Eden regions: 304->0(305)
[2024-04-09T00:15:38.465+0800][7969.103s] GC(897) Survivor regions: 3->2(39)
[2024-04-09T00:15:38.465+0800][7969.103s] GC(897) Old regions: 67->67
[2024-04-09T00:15:38.465+0800][7969.103s] GC(897) Humongous regions: 4->4
[2024-04-09T00:15:38.465+0800][7969.103s] GC(897) Metaspace: 68540K(69120K)->68540K(69120K) NonClass: 60835K(61120K)->60835K(61120K) Class: 7705K(8000K)->7705K(8000K)
[2024-04-09T00:15:38.465+0800][7969.104s] GC(897) Pause Young (Normal) (G1 Evacuation Pause) 376M->71M(512M) 2.532ms
[2024-04-09T00:15:38.465+0800][7969.104s] GC(897) User=0.05s Sys=0.00s Real=0.00s
[2024-04-09T00:15:39.644+0800][7970.283s] GC(898) Pause Young (Normal) (G1 Evacuation Pause)
[2024-04-09T00:15:39.644+0800][7970.283s] GC(898) Using 13 workers of 13 for evacuation
[2024-04-09T00:15:39.647+0800][7970.286s] GC(898)   Pre Evacuate Collection Set: 0.1ms
[2024-04-09T00:15:39.647+0800][7970.286s] GC(898)   Merge Heap Roots: 0.1ms
[2024-04-09T00:15:39.647+0800][7970.286s] GC(898)   Evacuate Collection Set: 1.6ms
[2024-04-09T00:15:39.647+0800][7970.286s] GC(898)   Post Evacuate Collection Set: 0.5ms
[2024-04-09T00:15:39.647+0800][7970.286s] GC(898)   Other: 0.1ms
[2024-04-09T00:15:39.647+0800][7970.286s] GC(898) Eden regions: 305->0(305)
[2024-04-09T00:15:39.647+0800][7970.286s] GC(898) Survivor regions: 2->2(39)
[2024-04-09T00:15:39.647+0800][7970.286s] GC(898) Old regions: 67->67
[2024-04-09T00:15:39.647+0800][7970.286s] GC(898) Humongous regions: 4->4
[2024-04-09T00:15:39.647+0800][7970.286s] GC(898) Metaspace: 68540K(69120K)->68540K(69120K) NonClass: 60835K(61120K)->60835K(61120K) Class: 7705K(8000K)->7705K(8000K)
[2024-04-09T00:15:39.647+0800][7970.286s] GC(898) Pause Young (Normal) (G1 Evacuation Pause) 376M->71M(512M) 2.694ms
[2024-04-09T00:15:39.647+0800][7970.286s] GC(898) User=0.00s Sys=0.00s Real=0.00s
[2024-04-09T00:15:40.835+0800][7971.474s] GC(899) Pause Young (Normal) (G1 Evacuation Pause)
[2024-04-09T00:15:40.835+0800][7971.474s] GC(899) Using 13 workers of 13 for evacuation
[2024-04-09T00:15:40.837+0800][7971.476s] GC(899)   Pre Evacuate Collection Set: 0.2ms
[2024-04-09T00:15:40.837+0800][7971.476s] GC(899)   Merge Heap Roots: 0.1ms
[2024-04-09T00:15:40.837+0800][7971.476s] GC(899)   Evacuate Collection Set: 1.6ms
[2024-04-09T00:15:40.837+0800][7971.476s] GC(899)   Post Evacuate Collection Set: 0.4ms
[2024-04-09T00:15:40.837+0800][7971.476s] GC(899)   Other: 0.1ms
[2024-04-09T00:15:40.837+0800][7971.476s] GC(899) Eden regions: 305->0(305)
[2024-04-09T00:15:40.837+0800][7971.476s] GC(899) Survivor regions: 2->2(39)
[2024-04-09T00:15:40.837+0800][7971.476s] GC(899) Old regions: 67->67
[2024-04-09T00:15:40.837+0800][7971.476s] GC(899) Humongous regions: 4->4
[2024-04-09T00:15:40.837+0800][7971.476s] GC(899) Metaspace: 68540K(69120K)->68540K(69120K) NonClass: 60835K(61120K)->60835K(61120K) Class: 7705K(8000K)->7705K(8000K)
[2024-04-09T00:15:40.837+0800][7971.476s] GC(899) Pause Young (Normal) (G1 Evacuation Pause) 376M->72M(512M) 2.574ms
[2024-04-09T00:15:40.838+0800][7971.476s] GC(899) User=0.00s Sys=0.00s Real=0.00s
[2024-04-09T00:15:42.001+0800][7972.641s] GC(900) Pause Young (Normal) (G1 Evacuation Pause)
[2024-04-09T00:15:42.001+0800][7972.641s] GC(900) Using 13 workers of 13 for evacuation
[2024-04-09T00:15:42.003+0800][7972.643s] GC(900)   Pre Evacuate Collection Set: 0.1ms
[2024-04-09T00:15:42.003+0800][7972.643s] GC(900)   Merge Heap Roots: 0.1ms
[2024-04-09T00:15:42.003+0800][7972.643s] GC(900)   Evacuate Collection Set: 1.5ms
[2024-04-09T00:15:42.003+0800][7972.643s] GC(900)   Post Evacuate Collection Set: 0.5ms
[2024-04-09T00:15:42.003+0800][7972.643s] GC(900)   Other: 0.1ms
[2024-04-09T00:15:42.003+0800][7972.643s] GC(900) Eden regions: 305->0(305)
[2024-04-09T00:15:42.003+0800][7972.643s] GC(900) Survivor regions: 2->2(39)
[2024-04-09T00:15:42.003+0800][7972.643s] GC(900) Old regions: 67->67
[2024-04-09T00:15:42.003+0800][7972.643s] GC(900) Humongous regions: 4->4
[2024-04-09T00:15:42.003+0800][7972.643s] GC(900) Metaspace: 68540K(69120K)->68540K(69120K) NonClass: 60835K(61120K)->60835K(61120K) Class: 7705K(8000K)->7705K(8000K)
[2024-04-09T00:15:42.003+0800][7972.643s] GC(900) Pause Young (Normal) (G1 Evacuation Pause) 377M->72M(512M) 2.538ms
[2024-04-09T00:15:42.003+0800][7972.643s] GC(900) User=0.00s Sys=0.00s Real=0.00s
[2024-04-09T00:15:43.205+0800][7973.844s] GC(901) Pause Young (Normal) (G1 Evacuation Pause)
[2024-04-09T00:15:43.205+0800][7973.844s] GC(901) Using 13 workers of 13 for evacuation
[2024-04-09T00:15:43.208+0800][7973.846s] GC(901)   Pre Evacuate Collection Set: 0.2ms
[2024-04-09T00:15:43.208+0800][7973.846s] GC(901)   Merge Heap Roots: 0.1ms
[2024-04-09T00:15:43.208+0800][7973.846s] GC(901)   Evacuate Collection Set: 1.4ms
[2024-04-09T00:15:43.208+0800][7973.846s] GC(901)   Post Evacuate Collection Set: 0.5ms
[2024-04-09T00:15:43.208+0800][7973.846s] GC(901)   Other: 0.1ms
[2024-04-09T00:15:43.208+0800][7973.846s] GC(901) Eden regions: 305->0(305)
[2024-04-09T00:15:43.208+0800][7973.846s] GC(901) Survivor regions: 2->2(39)
[2024-04-09T00:15:43.208+0800][7973.846s] GC(901) Old regions: 67->67
[2024-04-09T00:15:43.208+0800][7973.846s] GC(901) Humongous regions: 4->4
[2024-04-09T00:15:43.208+0800][7973.846s] GC(901) Metaspace: 68540K(69120K)->68540K(69120K) NonClass: 60835K(61120K)->60835K(61120K) Class: 7705K(8000K)->7705K(8000K)
[2024-04-09T00:15:43.208+0800][7973.847s] GC(901) Pause Young (Normal) (G1 Evacuation Pause) 377M->71M(512M) 2.468ms
[2024-04-09T00:15:43.208+0800][7973.847s] GC(901) User=0.00s Sys=0.00s Real=0.00s
[2024-04-09T00:15:44.349+0800][7974.989s] GC(902) Pause Young (Normal) (G1 Evacuation Pause)
[2024-04-09T00:15:44.349+0800][7974.989s] GC(902) Using 13 workers of 13 for evacuation
[2024-04-09T00:15:44.351+0800][7974.991s] GC(902)   Pre Evacuate Collection Set: 0.1ms
[2024-04-09T00:15:44.351+0800][7974.991s] GC(902)   Merge Heap Roots: 0.1ms
[2024-04-09T00:15:44.351+0800][7974.991s] GC(902)   Evacuate Collection Set: 1.3ms
[2024-04-09T00:15:44.351+0800][7974.991s] GC(902)   Post Evacuate Collection Set: 0.4ms
[2024-04-09T00:15:44.351+0800][7974.991s] GC(902)   Other: 0.1ms
[2024-04-09T00:15:44.351+0800][7974.991s] GC(902) Eden regions: 305->0(305)
[2024-04-09T00:15:44.351+0800][7974.991s] GC(902) Survivor regions: 2->2(39)
[2024-04-09T00:15:44.351+0800][7974.991s] GC(902) Old regions: 67->67
[2024-04-09T00:15:44.351+0800][7974.991s] GC(902) Humongous regions: 4->4
[2024-04-09T00:15:44.351+0800][7974.991s] GC(902) Metaspace: 68540K(69120K)->68540K(69120K) NonClass: 60835K(61120K)->60835K(61120K) Class: 7705K(8000K)->7705K(8000K)
[2024-04-09T00:15:44.351+0800][7974.991s] GC(902) Pause Young (Normal) (G1 Evacuation Pause) 376M->72M(512M) 2.245ms
[2024-04-09T00:15:44.351+0800][7974.991s] GC(902) User=0.00s Sys=0.00s Real=0.00s
[2024-04-09T00:15:45.511+0800][7976.150s] GC(903) Pause Young (Normal) (G1 Evacuation Pause)
[2024-04-09T00:15:45.511+0800][7976.150s] GC(903) Using 13 workers of 13 for evacuation
[2024-04-09T00:15:45.513+0800][7976.152s] GC(903)   Pre Evacuate Collection Set: 0.2ms
[2024-04-09T00:15:45.513+0800][7976.152s] GC(903)   Merge Heap Roots: 0.1ms
[2024-04-09T00:15:45.513+0800][7976.152s] GC(903)   Evacuate Collection Set: 1.5ms
[2024-04-09T00:15:45.513+0800][7976.152s] GC(903)   Post Evacuate Collection Set: 0.5ms
[2024-04-09T00:15:45.513+0800][7976.152s] GC(903)   Other: 0.1ms
[2024-04-09T00:15:45.513+0800][7976.152s] GC(903) Eden regions: 305->0(305)
[2024-04-09T00:15:45.513+0800][7976.152s] GC(903) Survivor regions: 2->2(39)
[2024-04-09T00:15:45.513+0800][7976.152s] GC(903) Old regions: 67->67
[2024-04-09T00:15:45.513+0800][7976.152s] GC(903) Humongous regions: 4->4
[2024-04-09T00:15:45.513+0800][7976.152s] GC(903) Metaspace: 68540K(69120K)->68540K(69120K) NonClass: 60835K(61120K)->60835K(61120K) Class: 7705K(8000K)->7705K(8000K)
[2024-04-09T00:15:45.513+0800][7976.153s] GC(903) Pause Young (Normal) (G1 Evacuation Pause) 377M->71M(512M) 2.575ms
[2024-04-09T00:15:45.514+0800][7976.153s] GC(903) User=0.00s Sys=0.00s Real=0.00s
[2024-04-09T00:15:47.064+0800][7977.703s] GC(904) Pause Young (Normal) (G1 Evacuation Pause)
[2024-04-09T00:15:47.064+0800][7977.703s] GC(904) Using 13 workers of 13 for evacuation
[2024-04-09T00:15:47.067+0800][7977.706s] GC(904)   Pre Evacuate Collection Set: 0.1ms
[2024-04-09T00:15:47.067+0800][7977.706s] GC(904)   Merge Heap Roots: 0.1ms
[2024-04-09T00:15:47.067+0800][7977.706s] GC(904)   Evacuate Collection Set: 1.9ms
[2024-04-09T00:15:47.067+0800][7977.706s] GC(904)   Post Evacuate Collection Set: 0.4ms
[2024-04-09T00:15:47.067+0800][7977.706s] GC(904)   Other: 0.1ms
[2024-04-09T00:15:47.067+0800][7977.706s] GC(904) Eden regions: 305->0(305)
[2024-04-09T00:15:47.067+0800][7977.706s] GC(904) Survivor regions: 2->2(39)
[2024-04-09T00:15:47.067+0800][7977.706s] GC(904) Old regions: 67->67
[2024-04-09T00:15:47.067+0800][7977.706s] GC(904) Humongous regions: 4->4
[2024-04-09T00:15:47.067+0800][7977.706s] GC(904) Metaspace: 68540K(69120K)->68540K(69120K) NonClass: 60835K(61120K)->60835K(61120K) Class: 7705K(8000K)->7705K(8000K)
[2024-04-09T00:15:47.067+0800][7977.706s] GC(904) Pause Young (Normal) (G1 Evacuation Pause) 376M->71M(512M) 2.873ms
[2024-04-09T00:15:47.067+0800][7977.706s] GC(904) User=0.00s Sys=0.00s Real=0.00s
[2024-04-09T00:15:48.372+0800][7979.011s] GC(905) Pause Young (Normal) (G1 Evacuation Pause)
[2024-04-09T00:15:48.372+0800][7979.011s] GC(905) Using 13 workers of 13 for evacuation
[2024-04-09T00:15:48.374+0800][7979.013s] GC(905)   Pre Evacuate Collection Set: 0.2ms
[2024-04-09T00:15:48.374+0800][7979.013s] GC(905)   Merge Heap Roots: 0.1ms
[2024-04-09T00:15:48.374+0800][7979.013s] GC(905)   Evacuate Collection Set: 1.3ms
[2024-04-09T00:15:48.374+0800][7979.013s] GC(905)   Post Evacuate Collection Set: 0.5ms
[2024-04-09T00:15:48.374+0800][7979.013s] GC(905)   Other: 0.1ms
[2024-04-09T00:15:48.374+0800][7979.013s] GC(905) Eden regions: 305->0(305)
[2024-04-09T00:15:48.374+0800][7979.013s] GC(905) Survivor regions: 2->2(39)
[2024-04-09T00:15:48.374+0800][7979.013s] GC(905) Old regions: 67->67
[2024-04-09T00:15:48.374+0800][7979.013s] GC(905) Humongous regions: 4->4
[2024-04-09T00:15:48.374+0800][7979.013s] GC(905) Metaspace: 68540K(69120K)->68540K(69120K) NonClass: 60835K(61120K)->60835K(61120K) Class: 7705K(8000K)->7705K(8000K)
[2024-04-09T00:15:48.374+0800][7979.013s] GC(905) Pause Young (Normal) (G1 Evacuation Pause) 376M->71M(512M) 2.395ms
[2024-04-09T00:15:48.374+0800][7979.013s] GC(905) User=0.00s Sys=0.00s Real=0.00s
[2024-04-09T00:15:49.676+0800][7980.316s] GC(906) Pause Young (Normal) (G1 Evacuation Pause)
[2024-04-09T00:15:49.676+0800][7980.316s] GC(906) Using 13 workers of 13 for evacuation
[2024-04-09T00:15:49.678+0800][7980.318s] GC(906)   Pre Evacuate Collection Set: 0.1ms
[2024-04-09T00:15:49.678+0800][7980.318s] GC(906)   Merge Heap Roots: 0.1ms
[2024-04-09T00:15:49.678+0800][7980.318s] GC(906)   Evacuate Collection Set: 1.3ms
[2024-04-09T00:15:49.678+0800][7980.318s] GC(906)   Post Evacuate Collection Set: 0.5ms
[2024-04-09T00:15:49.678+0800][7980.318s] GC(906)   Other: 0.1ms
[2024-04-09T00:15:49.679+0800][7980.318s] GC(906) Eden regions: 305->0(305)
[2024-04-09T00:15:49.679+0800][7980.318s] GC(906) Survivor regions: 2->2(39)
[2024-04-09T00:15:49.679+0800][7980.318s] GC(906) Old regions: 67->67
[2024-04-09T00:15:49.679+0800][7980.318s] GC(906) Humongous regions: 4->4
[2024-04-09T00:15:49.679+0800][7980.318s] GC(906) Metaspace: 68540K(69120K)->68540K(69120K) NonClass: 60835K(61120K)->60835K(61120K) Class: 7705K(8000K)->7705K(8000K)
[2024-04-09T00:15:49.679+0800][7980.318s] GC(906) Pause Young (Normal) (G1 Evacuation Pause) 376M->71M(512M) 2.256ms
[2024-04-09T00:15:49.679+0800][7980.318s] GC(906) User=0.00s Sys=0.00s Real=0.00s
[2024-04-09T00:15:50.912+0800][7981.551s] GC(907) Pause Young (Normal) (G1 Evacuation Pause)
[2024-04-09T00:15:50.912+0800][7981.551s] GC(907) Using 13 workers of 13 for evacuation
[2024-04-09T00:15:50.916+0800][7981.555s] GC(907)   Pre Evacuate Collection Set: 0.2ms
[2024-04-09T00:15:50.916+0800][7981.555s] GC(907)   Merge Heap Roots: 0.1ms
[2024-04-09T00:15:50.916+0800][7981.555s] GC(907)   Evacuate Collection Set: 2.7ms
[2024-04-09T00:15:50.916+0800][7981.555s] GC(907)   Post Evacuate Collection Set: 1.2ms
[2024-04-09T00:15:50.916+0800][7981.555s] GC(907)   Other: 0.1ms
[2024-04-09T00:15:50.916+0800][7981.555s] GC(907) Eden regions: 305->0(305)
[2024-04-09T00:15:50.916+0800][7981.555s] GC(907) Survivor regions: 2->2(39)
[2024-04-09T00:15:50.916+0800][7981.555s] GC(907) Old regions: 67->67
[2024-04-09T00:15:50.916+0800][7981.555s] GC(907) Humongous regions: 4->4
[2024-04-09T00:15:50.916+0800][7981.555s] GC(907) Metaspace: 68540K(69120K)->68540K(69120K) NonClass: 60835K(61120K)->60835K(61120K) Class: 7705K(8000K)->7705K(8000K)
[2024-04-09T00:15:50.916+0800][7981.555s] GC(907) Pause Young (Normal) (G1 Evacuation Pause) 376M->72M(512M) 4.655ms
[2024-04-09T00:15:50.916+0800][7981.555s] GC(907) User=0.02s Sys=0.00s Real=0.00s
[2024-04-09T00:15:52.162+0800][7982.801s] GC(908) Pause Young (Normal) (G1 Evacuation Pause)
[2024-04-09T00:15:52.162+0800][7982.801s] GC(908) Using 13 workers of 13 for evacuation
[2024-04-09T00:15:52.165+0800][7982.804s] GC(908)   Pre Evacuate Collection Set: 0.1ms
[2024-04-09T00:15:52.165+0800][7982.804s] GC(908)   Merge Heap Roots: 0.1ms
[2024-04-09T00:15:52.165+0800][7982.804s] GC(908)   Evacuate Collection Set: 1.7ms
[2024-04-09T00:15:52.165+0800][7982.804s] GC(908)   Post Evacuate Collection Set: 0.4ms
[2024-04-09T00:15:52.165+0800][7982.804s] GC(908)   Other: 0.1ms
[2024-04-09T00:15:52.165+0800][7982.804s] GC(908) Eden regions: 305->0(305)
[2024-04-09T00:15:52.165+0800][7982.804s] GC(908) Survivor regions: 2->2(39)
[2024-04-09T00:15:52.165+0800][7982.804s] GC(908) Old regions: 67->67
[2024-04-09T00:15:52.165+0800][7982.804s] GC(908) Humongous regions: 4->4
[2024-04-09T00:15:52.165+0800][7982.804s] GC(908) Metaspace: 68540K(69120K)->68540K(69120K) NonClass: 60835K(61120K)->60835K(61120K) Class: 7705K(8000K)->7705K(8000K)
[2024-04-09T00:15:52.165+0800][7982.804s] GC(908) Pause Young (Normal) (G1 Evacuation Pause) 377M->72M(512M) 2.691ms
[2024-04-09T00:15:52.165+0800][7982.804s] GC(908) User=0.00s Sys=0.00s Real=0.00s
[2024-04-09T00:15:53.596+0800][7984.235s] GC(909) Pause Young (Normal) (G1 Evacuation Pause)
[2024-04-09T00:15:53.596+0800][7984.235s] GC(909) Using 13 workers of 13 for evacuation
[2024-04-09T00:15:53.599+0800][7984.238s] GC(909)   Pre Evacuate Collection Set: 0.1ms
[2024-04-09T00:15:53.599+0800][7984.238s] GC(909)   Merge Heap Roots: 0.1ms
[2024-04-09T00:15:53.599+0800][7984.238s] GC(909)   Evacuate Collection Set: 1.9ms
[2024-04-09T00:15:53.599+0800][7984.238s] GC(909)   Post Evacuate Collection Set: 0.9ms
[2024-04-09T00:15:53.599+0800][7984.238s] GC(909)   Other: 0.1ms
[2024-04-09T00:15:53.599+0800][7984.238s] GC(909) Eden regions: 305->0(305)
[2024-04-09T00:15:53.599+0800][7984.238s] GC(909) Survivor regions: 2->2(39)
[2024-04-09T00:15:53.599+0800][7984.238s] GC(909) Old regions: 67->67
[2024-04-09T00:15:53.599+0800][7984.238s] GC(909) Humongous regions: 4->4
[2024-04-09T00:15:53.600+0800][7984.239s] GC(909) Metaspace: 68540K(69120K)->68540K(69120K) NonClass: 60835K(61120K)->60835K(61120K) Class: 7705K(8000K)->7705K(8000K)
[2024-04-09T00:15:53.600+0800][7984.239s] GC(909) Pause Young (Normal) (G1 Evacuation Pause) 377M->71M(512M) 3.427ms
[2024-04-09T00:15:53.600+0800][7984.239s] GC(909) User=0.00s Sys=0.00s Real=0.00s
[2024-04-09T00:15:54.903+0800][7985.542s] GC(910) Pause Young (Normal) (G1 Evacuation Pause)
[2024-04-09T00:15:54.903+0800][7985.542s] GC(910) Using 13 workers of 13 for evacuation
[2024-04-09T00:15:54.905+0800][7985.544s] GC(910)   Pre Evacuate Collection Set: 0.1ms
[2024-04-09T00:15:54.905+0800][7985.544s] GC(910)   Merge Heap Roots: 0.1ms
[2024-04-09T00:15:54.905+0800][7985.544s] GC(910)   Evacuate Collection Set: 1.4ms
[2024-04-09T00:15:54.905+0800][7985.544s] GC(910)   Post Evacuate Collection Set: 0.4ms
[2024-04-09T00:15:54.905+0800][7985.544s] GC(910)   Other: 0.1ms
[2024-04-09T00:15:54.905+0800][7985.544s] GC(910) Eden regions: 305->0(305)
[2024-04-09T00:15:54.905+0800][7985.544s] GC(910) Survivor regions: 2->2(39)
[2024-04-09T00:15:54.905+0800][7985.544s] GC(910) Old regions: 67->67
[2024-04-09T00:15:54.905+0800][7985.544s] GC(910) Humongous regions: 4->4
[2024-04-09T00:15:54.905+0800][7985.544s] GC(910) Metaspace: 68540K(69120K)->68540K(69120K) NonClass: 60835K(61120K)->60835K(61120K) Class: 7705K(8000K)->7705K(8000K)
[2024-04-09T00:15:54.905+0800][7985.544s] GC(910) Pause Young (Normal) (G1 Evacuation Pause) 376M->72M(512M) 2.354ms
[2024-04-09T00:15:54.905+0800][7985.544s] GC(910) User=0.00s Sys=0.00s Real=0.00s
[2024-04-09T00:15:56.222+0800][7986.861s] GC(911) Pause Young (Normal) (G1 Evacuation Pause)
[2024-04-09T00:15:56.222+0800][7986.861s] GC(911) Using 13 workers of 13 for evacuation
[2024-04-09T00:15:56.224+0800][7986.863s] GC(911)   Pre Evacuate Collection Set: 0.1ms
[2024-04-09T00:15:56.224+0800][7986.863s] GC(911)   Merge Heap Roots: 0.1ms
[2024-04-09T00:15:56.224+0800][7986.863s] GC(911)   Evacuate Collection Set: 1.7ms
[2024-04-09T00:15:56.224+0800][7986.863s] GC(911)   Post Evacuate Collection Set: 0.4ms
[2024-04-09T00:15:56.224+0800][7986.863s] GC(911)   Other: 0.1ms
[2024-04-09T00:15:56.224+0800][7986.863s] GC(911) Eden regions: 305->0(305)
[2024-04-09T00:15:56.224+0800][7986.863s] GC(911) Survivor regions: 2->2(39)
[2024-04-09T00:15:56.224+0800][7986.863s] GC(911) Old regions: 67->67
[2024-04-09T00:15:56.224+0800][7986.863s] GC(911) Humongous regions: 4->4
[2024-04-09T00:15:56.224+0800][7986.863s] GC(911) Metaspace: 68540K(69120K)->68540K(69120K) NonClass: 60835K(61120K)->60835K(61120K) Class: 7705K(8000K)->7705K(8000K)
[2024-04-09T00:15:56.224+0800][7986.863s] GC(911) Pause Young (Normal) (G1 Evacuation Pause) 377M->72M(512M) 2.611ms
[2024-04-09T00:15:56.224+0800][7986.863s] GC(911) User=0.00s Sys=0.00s Real=0.00s
[2024-04-09T00:15:57.448+0800][7988.087s] GC(912) Pause Young (Normal) (G1 Evacuation Pause)
[2024-04-09T00:15:57.448+0800][7988.087s] GC(912) Using 13 workers of 13 for evacuation
[2024-04-09T00:15:57.451+0800][7988.090s] GC(912)   Pre Evacuate Collection Set: 0.2ms
[2024-04-09T00:15:57.451+0800][7988.090s] GC(912)   Merge Heap Roots: 0.1ms
[2024-04-09T00:15:57.451+0800][7988.090s] GC(912)   Evacuate Collection Set: 1.7ms
[2024-04-09T00:15:57.451+0800][7988.090s] GC(912)   Post Evacuate Collection Set: 0.6ms
[2024-04-09T00:15:57.451+0800][7988.090s] GC(912)   Other: 0.1ms
[2024-04-09T00:15:57.451+0800][7988.090s] GC(912) Eden regions: 305->0(305)
[2024-04-09T00:15:57.451+0800][7988.090s] GC(912) Survivor regions: 2->2(39)
[2024-04-09T00:15:57.451+0800][7988.090s] GC(912) Old regions: 67->67
[2024-04-09T00:15:57.451+0800][7988.090s] GC(912) Humongous regions: 4->4
[2024-04-09T00:15:57.451+0800][7988.090s] GC(912) Metaspace: 68540K(69120K)->68540K(69120K) NonClass: 60835K(61120K)->60835K(61120K) Class: 7705K(8000K)->7705K(8000K)
[2024-04-09T00:15:57.451+0800][7988.090s] GC(912) Pause Young (Normal) (G1 Evacuation Pause) 377M->72M(512M) 2.993ms
[2024-04-09T00:15:57.451+0800][7988.090s] GC(912) User=0.00s Sys=0.00s Real=0.00s
[2024-04-09T00:15:58.718+0800][7989.357s] GC(913) Pause Young (Normal) (G1 Evacuation Pause)
[2024-04-09T00:15:58.718+0800][7989.357s] GC(913) Using 13 workers of 13 for evacuation
[2024-04-09T00:15:58.720+0800][7989.360s] GC(913)   Pre Evacuate Collection Set: 0.1ms
[2024-04-09T00:15:58.721+0800][7989.360s] GC(913)   Merge Heap Roots: 0.1ms
[2024-04-09T00:15:58.721+0800][7989.360s] GC(913)   Evacuate Collection Set: 1.5ms
[2024-04-09T00:15:58.721+0800][7989.360s] GC(913)   Post Evacuate Collection Set: 0.3ms
[2024-04-09T00:15:58.721+0800][7989.360s] GC(913)   Other: 0.1ms
[2024-04-09T00:15:58.721+0800][7989.360s] GC(913) Eden regions: 305->0(305)
[2024-04-09T00:15:58.721+0800][7989.360s] GC(913) Survivor regions: 2->2(39)
[2024-04-09T00:15:58.721+0800][7989.360s] GC(913) Old regions: 67->67
[2024-04-09T00:15:58.721+0800][7989.360s] GC(913) Humongous regions: 4->4
[2024-04-09T00:15:58.721+0800][7989.360s] GC(913) Metaspace: 68540K(69120K)->68540K(69120K) NonClass: 60835K(61120K)->60835K(61120K) Class: 7705K(8000K)->7705K(8000K)
[2024-04-09T00:15:58.721+0800][7989.360s] GC(913) Pause Young (Normal) (G1 Evacuation Pause) 377M->72M(512M) 2.269ms
[2024-04-09T00:15:58.721+0800][7989.360s] GC(913) User=0.00s Sys=0.00s Real=0.00s
[2024-04-09T00:15:59.989+0800][7990.628s] GC(914) Pause Young (Normal) (G1 Evacuation Pause)
[2024-04-09T00:15:59.989+0800][7990.628s] GC(914) Using 13 workers of 13 for evacuation
[2024-04-09T00:15:59.992+0800][7990.631s] GC(914)   Pre Evacuate Collection Set: 0.1ms
[2024-04-09T00:15:59.992+0800][7990.631s] GC(914)   Merge Heap Roots: 0.1ms
[2024-04-09T00:15:59.992+0800][7990.631s] GC(914)   Evacuate Collection Set: 1.8ms
[2024-04-09T00:15:59.992+0800][7990.631s] GC(914)   Post Evacuate Collection Set: 0.4ms
[2024-04-09T00:15:59.992+0800][7990.631s] GC(914)   Other: 0.1ms
[2024-04-09T00:15:59.992+0800][7990.631s] GC(914) Eden regions: 305->0(305)
[2024-04-09T00:15:59.992+0800][7990.631s] GC(914) Survivor regions: 2->2(39)
[2024-04-09T00:15:59.992+0800][7990.631s] GC(914) Old regions: 67->67
[2024-04-09T00:15:59.992+0800][7990.631s] GC(914) Humongous regions: 4->4
[2024-04-09T00:15:59.992+0800][7990.631s] GC(914) Metaspace: 68540K(69120K)->68540K(69120K) NonClass: 60835K(61120K)->60835K(61120K) Class: 7705K(8000K)->7705K(8000K)
[2024-04-09T00:15:59.992+0800][7990.631s] GC(914) Pause Young (Normal) (G1 Evacuation Pause) 377M->72M(512M) 2.729ms
[2024-04-09T00:15:59.992+0800][7990.631s] GC(914) User=0.00s Sys=0.00s Real=0.00s
[2024-04-09T00:16:01.276+0800][7991.915s] GC(915) Pause Young (Normal) (G1 Evacuation Pause)
[2024-04-09T00:16:01.276+0800][7991.915s] GC(915) Using 13 workers of 13 for evacuation
[2024-04-09T00:16:01.280+0800][7991.919s] GC(915)   Pre Evacuate Collection Set: 0.2ms
[2024-04-09T00:16:01.280+0800][7991.919s] GC(915)   Merge Heap Roots: 0.1ms
[2024-04-09T00:16:01.280+0800][7991.919s] GC(915)   Evacuate Collection Set: 3.4ms
[2024-04-09T00:16:01.280+0800][7991.919s] GC(915)   Post Evacuate Collection Set: 0.3ms
[2024-04-09T00:16:01.280+0800][7991.919s] GC(915)   Other: 0.1ms
[2024-04-09T00:16:01.280+0800][7991.919s] GC(915) Eden regions: 305->0(305)
[2024-04-09T00:16:01.280+0800][7991.919s] GC(915) Survivor regions: 2->2(39)
[2024-04-09T00:16:01.280+0800][7991.919s] GC(915) Old regions: 67->67
[2024-04-09T00:16:01.280+0800][7991.919s] GC(915) Humongous regions: 4->4
[2024-04-09T00:16:01.280+0800][7991.919s] GC(915) Metaspace: 68540K(69120K)->68540K(69120K) NonClass: 60835K(61120K)->60835K(61120K) Class: 7705K(8000K)->7705K(8000K)
[2024-04-09T00:16:01.280+0800][7991.919s] GC(915) Pause Young (Normal) (G1 Evacuation Pause) 377M->72M(512M) 4.265ms
[2024-04-09T00:16:01.280+0800][7991.919s] GC(915) User=0.00s Sys=0.00s Real=0.00s
[2024-04-09T00:16:02.589+0800][7993.228s] GC(916) Pause Young (Normal) (G1 Evacuation Pause)
[2024-04-09T00:16:02.589+0800][7993.228s] GC(916) Using 13 workers of 13 for evacuation
[2024-04-09T00:16:02.592+0800][7993.231s] GC(916)   Pre Evacuate Collection Set: 0.1ms
[2024-04-09T00:16:02.592+0800][7993.231s] GC(916)   Merge Heap Roots: 0.1ms
[2024-04-09T00:16:02.592+0800][7993.231s] GC(916)   Evacuate Collection Set: 1.6ms
[2024-04-09T00:16:02.592+0800][7993.231s] GC(916)   Post Evacuate Collection Set: 0.5ms
[2024-04-09T00:16:02.592+0800][7993.231s] GC(916)   Other: 0.1ms
[2024-04-09T00:16:02.592+0800][7993.231s] GC(916) Eden regions: 305->0(305)
[2024-04-09T00:16:02.592+0800][7993.231s] GC(916) Survivor regions: 2->2(39)
[2024-04-09T00:16:02.592+0800][7993.231s] GC(916) Old regions: 67->67
[2024-04-09T00:16:02.592+0800][7993.231s] GC(916) Humongous regions: 4->4
[2024-04-09T00:16:02.592+0800][7993.231s] GC(916) Metaspace: 68540K(69120K)->68540K(69120K) NonClass: 60835K(61120K)->60835K(61120K) Class: 7705K(8000K)->7705K(8000K)
[2024-04-09T00:16:02.592+0800][7993.231s] GC(916) Pause Young (Normal) (G1 Evacuation Pause) 377M->72M(512M) 2.620ms
[2024-04-09T00:16:02.592+0800][7993.231s] GC(916) User=0.00s Sys=0.00s Real=0.00s
[2024-04-09T00:16:03.870+0800][7994.509s] GC(917) Pause Young (Normal) (G1 Evacuation Pause)
[2024-04-09T00:16:03.870+0800][7994.509s] GC(917) Using 13 workers of 13 for evacuation
[2024-04-09T00:16:03.874+0800][7994.513s] GC(917)   Pre Evacuate Collection Set: 0.1ms
[2024-04-09T00:16:03.874+0800][7994.513s] GC(917)   Merge Heap Roots: 0.1ms
[2024-04-09T00:16:03.874+0800][7994.513s] GC(917)   Evacuate Collection Set: 2.7ms
[2024-04-09T00:16:03.874+0800][7994.513s] GC(917)   Post Evacuate Collection Set: 1.0ms
[2024-04-09T00:16:03.874+0800][7994.513s] GC(917)   Other: 0.1ms
[2024-04-09T00:16:03.874+0800][7994.513s] GC(917) Eden regions: 305->0(305)
[2024-04-09T00:16:03.874+0800][7994.513s] GC(917) Survivor regions: 2->2(39)
[2024-04-09T00:16:03.874+0800][7994.513s] GC(917) Old regions: 67->67
[2024-04-09T00:16:03.874+0800][7994.513s] GC(917) Humongous regions: 4->4
[2024-04-09T00:16:03.874+0800][7994.513s] GC(917) Metaspace: 68540K(69120K)->68540K(69120K) NonClass: 60835K(61120K)->60835K(61120K) Class: 7705K(8000K)->7705K(8000K)
[2024-04-09T00:16:03.874+0800][7994.513s] GC(917) Pause Young (Normal) (G1 Evacuation Pause) 377M->72M(512M) 4.169ms
[2024-04-09T00:16:03.874+0800][7994.513s] GC(917) User=0.00s Sys=0.00s Real=0.00s
[2024-04-09T00:16:05.109+0800][7995.748s] GC(918) Pause Young (Normal) (G1 Evacuation Pause)
[2024-04-09T00:16:05.109+0800][7995.748s] GC(918) Using 13 workers of 13 for evacuation
[2024-04-09T00:16:05.111+0800][7995.750s] GC(918)   Pre Evacuate Collection Set: 0.1ms
[2024-04-09T00:16:05.111+0800][7995.750s] GC(918)   Merge Heap Roots: 0.1ms
[2024-04-09T00:16:05.111+0800][7995.750s] GC(918)   Evacuate Collection Set: 1.3ms
[2024-04-09T00:16:05.111+0800][7995.750s] GC(918)   Post Evacuate Collection Set: 0.4ms
[2024-04-09T00:16:05.111+0800][7995.750s] GC(918)   Other: 0.1ms
[2024-04-09T00:16:05.111+0800][7995.750s] GC(918) Eden regions: 305->0(305)
[2024-04-09T00:16:05.111+0800][7995.750s] GC(918) Survivor regions: 2->2(39)
[2024-04-09T00:16:05.111+0800][7995.750s] GC(918) Old regions: 67->67
[2024-04-09T00:16:05.111+0800][7995.750s] GC(918) Humongous regions: 4->4
[2024-04-09T00:16:05.111+0800][7995.750s] GC(918) Metaspace: 68540K(69120K)->68540K(69120K) NonClass: 60835K(61120K)->60835K(61120K) Class: 7705K(8000K)->7705K(8000K)
[2024-04-09T00:16:05.111+0800][7995.751s] GC(918) Pause Young (Normal) (G1 Evacuation Pause) 377M->72M(512M) 2.256ms
[2024-04-09T00:16:05.111+0800][7995.751s] GC(918) User=0.00s Sys=0.00s Real=0.00s
[2024-04-09T00:16:06.355+0800][7996.995s] GC(919) Pause Young (Normal) (G1 Evacuation Pause)
[2024-04-09T00:16:06.355+0800][7996.995s] GC(919) Using 13 workers of 13 for evacuation
[2024-04-09T00:16:06.359+0800][7996.998s] GC(919)   Pre Evacuate Collection Set: 0.3ms
[2024-04-09T00:16:06.359+0800][7996.998s] GC(919)   Merge Heap Roots: 0.1ms
[2024-04-09T00:16:06.359+0800][7996.998s] GC(919)   Evacuate Collection Set: 2.5ms
[2024-04-09T00:16:06.359+0800][7996.998s] GC(919)   Post Evacuate Collection Set: 0.4ms
[2024-04-09T00:16:06.359+0800][7996.998s] GC(919)   Other: 0.1ms
[2024-04-09T00:16:06.359+0800][7996.998s] GC(919) Eden regions: 305->0(305)
[2024-04-09T00:16:06.359+0800][7996.998s] GC(919) Survivor regions: 2->2(39)
[2024-04-09T00:16:06.359+0800][7996.998s] GC(919) Old regions: 67->67
[2024-04-09T00:16:06.359+0800][7996.998s] GC(919) Humongous regions: 4->4
[2024-04-09T00:16:06.359+0800][7996.998s] GC(919) Metaspace: 68540K(69120K)->68540K(69120K) NonClass: 60835K(61120K)->60835K(61120K) Class: 7705K(8000K)->7705K(8000K)
[2024-04-09T00:16:06.359+0800][7996.998s] GC(919) Pause Young (Normal) (G1 Evacuation Pause) 377M->72M(512M) 3.714ms
[2024-04-09T00:16:06.359+0800][7996.998s] GC(919) User=0.00s Sys=0.00s Real=0.00s
[2024-04-09T00:16:07.648+0800][7998.287s] GC(920) Pause Young (Normal) (G1 Evacuation Pause)
[2024-04-09T00:16:07.648+0800][7998.287s] GC(920) Using 13 workers of 13 for evacuation
[2024-04-09T00:16:07.650+0800][7998.289s] GC(920)   Pre Evacuate Collection Set: 0.1ms
[2024-04-09T00:16:07.650+0800][7998.289s] GC(920)   Merge Heap Roots: 0.1ms
[2024-04-09T00:16:07.650+0800][7998.289s] GC(920)   Evacuate Collection Set: 1.4ms
[2024-04-09T00:16:07.650+0800][7998.289s] GC(920)   Post Evacuate Collection Set: 0.6ms
[2024-04-09T00:16:07.650+0800][7998.289s] GC(920)   Other: 0.1ms
[2024-04-09T00:16:07.650+0800][7998.289s] GC(920) Eden regions: 305->0(305)
[2024-04-09T00:16:07.650+0800][7998.289s] GC(920) Survivor regions: 2->2(39)
[2024-04-09T00:16:07.650+0800][7998.289s] GC(920) Old regions: 67->67
[2024-04-09T00:16:07.650+0800][7998.289s] GC(920) Humongous regions: 4->4
[2024-04-09T00:16:07.650+0800][7998.289s] GC(920) Metaspace: 68540K(69120K)->68540K(69120K) NonClass: 60835K(61120K)->60835K(61120K) Class: 7705K(8000K)->7705K(8000K)
[2024-04-09T00:16:07.650+0800][7998.290s] GC(920) Pause Young (Normal) (G1 Evacuation Pause) 377M->72M(512M) 2.581ms
[2024-04-09T00:16:07.650+0800][7998.290s] GC(920) User=0.03s Sys=0.00s Real=0.00s
[2024-04-09T00:16:08.957+0800][7999.596s] GC(921) Pause Young (Normal) (G1 Evacuation Pause)
[2024-04-09T00:16:08.957+0800][7999.596s] GC(921) Using 13 workers of 13 for evacuation
[2024-04-09T00:16:08.960+0800][7999.599s] GC(921)   Pre Evacuate Collection Set: 0.6ms
[2024-04-09T00:16:08.960+0800][7999.599s] GC(921)   Merge Heap Roots: 0.1ms
[2024-04-09T00:16:08.960+0800][7999.599s] GC(921)   Evacuate Collection Set: 1.5ms
[2024-04-09T00:16:08.960+0800][7999.599s] GC(921)   Post Evacuate Collection Set: 0.4ms
[2024-04-09T00:16:08.960+0800][7999.599s] GC(921)   Other: 0.1ms
[2024-04-09T00:16:08.960+0800][7999.599s] GC(921) Eden regions: 305->0(305)
[2024-04-09T00:16:08.960+0800][7999.599s] GC(921) Survivor regions: 2->2(39)
[2024-04-09T00:16:08.960+0800][7999.599s] GC(921) Old regions: 67->67
[2024-04-09T00:16:08.960+0800][7999.599s] GC(921) Humongous regions: 4->4
[2024-04-09T00:16:08.960+0800][7999.599s] GC(921) Metaspace: 68540K(69120K)->68540K(69120K) NonClass: 60835K(61120K)->60835K(61120K) Class: 7705K(8000K)->7705K(8000K)
[2024-04-09T00:16:08.960+0800][7999.599s] GC(921) Pause Young (Normal) (G1 Evacuation Pause) 377M->72M(512M) 3.055ms
[2024-04-09T00:16:08.960+0800][7999.599s] GC(921) User=0.00s Sys=0.00s Real=0.00s
[2024-04-09T00:16:10.251+0800][8000.890s] GC(922) Pause Young (Normal) (G1 Evacuation Pause)
[2024-04-09T00:16:10.251+0800][8000.890s] GC(922) Using 13 workers of 13 for evacuation
[2024-04-09T00:16:10.255+0800][8000.895s] GC(922)   Pre Evacuate Collection Set: 0.1ms
[2024-04-09T00:16:10.255+0800][8000.895s] GC(922)   Merge Heap Roots: 0.1ms
[2024-04-09T00:16:10.255+0800][8000.895s] GC(922)   Evacuate Collection Set: 3.9ms
[2024-04-09T00:16:10.255+0800][8000.895s] GC(922)   Post Evacuate Collection Set: 0.3ms
[2024-04-09T00:16:10.256+0800][8000.895s] GC(922)   Other: 0.1ms
[2024-04-09T00:16:10.256+0800][8000.895s] GC(922) Eden regions: 305->0(305)
[2024-04-09T00:16:10.256+0800][8000.895s] GC(922) Survivor regions: 2->2(39)
[2024-04-09T00:16:10.256+0800][8000.895s] GC(922) Old regions: 67->67
[2024-04-09T00:16:10.256+0800][8000.895s] GC(922) Humongous regions: 4->4
[2024-04-09T00:16:10.256+0800][8000.895s] GC(922) Metaspace: 68540K(69120K)->68540K(69120K) NonClass: 60835K(61120K)->60835K(61120K) Class: 7705K(8000K)->7705K(8000K)
[2024-04-09T00:16:10.256+0800][8000.895s] GC(922) Pause Young (Normal) (G1 Evacuation Pause) 377M->72M(512M) 4.799ms
[2024-04-09T00:16:10.256+0800][8000.895s] GC(922) User=0.00s Sys=0.00s Real=0.01s
[2024-04-09T00:16:11.509+0800][8002.148s] GC(923) Pause Young (Normal) (G1 Evacuation Pause)
[2024-04-09T00:16:11.509+0800][8002.148s] GC(923) Using 13 workers of 13 for evacuation
[2024-04-09T00:16:11.510+0800][8002.150s] GC(923)   Pre Evacuate Collection Set: 0.1ms
[2024-04-09T00:16:11.511+0800][8002.150s] GC(923)   Merge Heap Roots: 0.1ms
[2024-04-09T00:16:11.511+0800][8002.150s] GC(923)   Evacuate Collection Set: 1.3ms
[2024-04-09T00:16:11.511+0800][8002.150s] GC(923)   Post Evacuate Collection Set: 0.3ms
[2024-04-09T00:16:11.511+0800][8002.150s] GC(923)   Other: 0.1ms
[2024-04-09T00:16:11.511+0800][8002.150s] GC(923) Eden regions: 305->0(305)
[2024-04-09T00:16:11.511+0800][8002.150s] GC(923) Survivor regions: 2->2(39)
[2024-04-09T00:16:11.511+0800][8002.150s] GC(923) Old regions: 67->67
[2024-04-09T00:16:11.511+0800][8002.150s] GC(923) Humongous regions: 4->4
[2024-04-09T00:16:11.511+0800][8002.150s] GC(923) Metaspace: 68540K(69120K)->68540K(69120K) NonClass: 60835K(61120K)->60835K(61120K) Class: 7705K(8000K)->7705K(8000K)
[2024-04-09T00:16:11.511+0800][8002.150s] GC(923) Pause Young (Normal) (G1 Evacuation Pause) 377M->72M(512M) 2.044ms
[2024-04-09T00:16:11.511+0800][8002.150s] GC(923) User=0.03s Sys=0.00s Real=0.00s
[2024-04-09T00:16:12.830+0800][8003.470s] GC(924) Pause Young (Normal) (G1 Evacuation Pause)
[2024-04-09T00:16:12.830+0800][8003.470s] GC(924) Using 13 workers of 13 for evacuation
[2024-04-09T00:16:12.833+0800][8003.472s] GC(924)   Pre Evacuate Collection Set: 0.2ms
[2024-04-09T00:16:12.833+0800][8003.472s] GC(924)   Merge Heap Roots: 0.1ms
[2024-04-09T00:16:12.833+0800][8003.472s] GC(924)   Evacuate Collection Set: 1.9ms
[2024-04-09T00:16:12.833+0800][8003.472s] GC(924)   Post Evacuate Collection Set: 0.4ms
[2024-04-09T00:16:12.833+0800][8003.472s] GC(924)   Other: 0.1ms
[2024-04-09T00:16:12.833+0800][8003.472s] GC(924) Eden regions: 305->0(304)
[2024-04-09T00:16:12.833+0800][8003.473s] GC(924) Survivor regions: 2->3(39)
[2024-04-09T00:16:12.833+0800][8003.473s] GC(924) Old regions: 67->67
[2024-04-09T00:16:12.833+0800][8003.473s] GC(924) Humongous regions: 4->4
[2024-04-09T00:16:12.833+0800][8003.473s] GC(924) Metaspace: 68540K(69120K)->68540K(69120K) NonClass: 60835K(61120K)->60835K(61120K) Class: 7705K(8000K)->7705K(8000K)
[2024-04-09T00:16:12.833+0800][8003.473s] GC(924) Pause Young (Normal) (G1 Evacuation Pause) 377M->73M(512M) 3.042ms
[2024-04-09T00:16:12.833+0800][8003.473s] GC(924) User=0.00s Sys=0.00s Real=0.00s
[2024-04-09T00:16:14.124+0800][8004.763s] GC(925) Pause Young (Normal) (G1 Evacuation Pause)
[2024-04-09T00:16:14.124+0800][8004.763s] GC(925) Using 13 workers of 13 for evacuation
[2024-04-09T00:16:14.126+0800][8004.766s] GC(925)   Pre Evacuate Collection Set: 0.2ms
[2024-04-09T00:16:14.126+0800][8004.766s] GC(925)   Merge Heap Roots: 0.1ms
[2024-04-09T00:16:14.126+0800][8004.766s] GC(925)   Evacuate Collection Set: 1.7ms
[2024-04-09T00:16:14.126+0800][8004.766s] GC(925)   Post Evacuate Collection Set: 0.3ms
[2024-04-09T00:16:14.126+0800][8004.766s] GC(925)   Other: 0.1ms
[2024-04-09T00:16:14.126+0800][8004.766s] GC(925) Eden regions: 304->0(305)
[2024-04-09T00:16:14.126+0800][8004.766s] GC(925) Survivor regions: 3->2(39)
[2024-04-09T00:16:14.126+0800][8004.766s] GC(925) Old regions: 67->68
[2024-04-09T00:16:14.126+0800][8004.766s] GC(925) Humongous regions: 4->4
[2024-04-09T00:16:14.126+0800][8004.766s] GC(925) Metaspace: 68540K(69120K)->68540K(69120K) NonClass: 60835K(61120K)->60835K(61120K) Class: 7705K(8000K)->7705K(8000K)
[2024-04-09T00:16:14.126+0800][8004.766s] GC(925) Pause Young (Normal) (G1 Evacuation Pause) 377M->72M(512M) 2.554ms
[2024-04-09T00:16:14.126+0800][8004.766s] GC(925) User=0.00s Sys=0.00s Real=0.00s
[2024-04-09T00:16:15.435+0800][8006.075s] GC(926) Pause Young (Normal) (G1 Evacuation Pause)
[2024-04-09T00:16:15.435+0800][8006.075s] GC(926) Using 13 workers of 13 for evacuation
[2024-04-09T00:16:15.437+0800][8006.077s] GC(926)   Pre Evacuate Collection Set: 0.1ms
[2024-04-09T00:16:15.437+0800][8006.077s] GC(926)   Merge Heap Roots: 0.1ms
[2024-04-09T00:16:15.437+0800][8006.077s] GC(926)   Evacuate Collection Set: 1.3ms
[2024-04-09T00:16:15.437+0800][8006.077s] GC(926)   Post Evacuate Collection Set: 0.4ms
[2024-04-09T00:16:15.437+0800][8006.077s] GC(926)   Other: 0.1ms
[2024-04-09T00:16:15.437+0800][8006.077s] GC(926) Eden regions: 305->0(305)
[2024-04-09T00:16:15.437+0800][8006.077s] GC(926) Survivor regions: 2->2(39)
[2024-04-09T00:16:15.437+0800][8006.077s] GC(926) Old regions: 68->68
[2024-04-09T00:16:15.437+0800][8006.077s] GC(926) Humongous regions: 4->4
[2024-04-09T00:16:15.437+0800][8006.077s] GC(926) Metaspace: 68540K(69120K)->68540K(69120K) NonClass: 60835K(61120K)->60835K(61120K) Class: 7705K(8000K)->7705K(8000K)
[2024-04-09T00:16:15.437+0800][8006.077s] GC(926) Pause Young (Normal) (G1 Evacuation Pause) 377M->72M(512M) 2.260ms
[2024-04-09T00:16:15.438+0800][8006.077s] GC(926) User=0.00s Sys=0.00s Real=0.00s
[2024-04-09T00:16:16.684+0800][8007.324s] GC(927) Pause Young (Normal) (G1 Evacuation Pause)
[2024-04-09T00:16:16.684+0800][8007.324s] GC(927) Using 13 workers of 13 for evacuation
[2024-04-09T00:16:16.687+0800][8007.327s] GC(927)   Pre Evacuate Collection Set: 0.1ms
[2024-04-09T00:16:16.687+0800][8007.327s] GC(927)   Merge Heap Roots: 0.1ms
[2024-04-09T00:16:16.687+0800][8007.327s] GC(927)   Evacuate Collection Set: 1.7ms
[2024-04-09T00:16:16.687+0800][8007.327s] GC(927)   Post Evacuate Collection Set: 0.6ms
[2024-04-09T00:16:16.687+0800][8007.327s] GC(927)   Other: 0.1ms
[2024-04-09T00:16:16.687+0800][8007.327s] GC(927) Eden regions: 305->0(305)
[2024-04-09T00:16:16.687+0800][8007.327s] GC(927) Survivor regions: 2->2(39)
[2024-04-09T00:16:16.687+0800][8007.327s] GC(927) Old regions: 68->68
[2024-04-09T00:16:16.687+0800][8007.327s] GC(927) Humongous regions: 4->4
[2024-04-09T00:16:16.687+0800][8007.327s] GC(927) Metaspace: 68540K(69120K)->68540K(69120K) NonClass: 60835K(61120K)->60835K(61120K) Class: 7705K(8000K)->7705K(8000K)
[2024-04-09T00:16:16.687+0800][8007.327s] GC(927) Pause Young (Normal) (G1 Evacuation Pause) 377M->72M(512M) 2.870ms
[2024-04-09T00:16:16.687+0800][8007.327s] GC(927) User=0.00s Sys=0.00s Real=0.00s
[2024-04-09T00:16:17.928+0800][8008.568s] GC(928) Pause Young (Normal) (G1 Evacuation Pause)
[2024-04-09T00:16:17.929+0800][8008.568s] GC(928) Using 13 workers of 13 for evacuation
[2024-04-09T00:16:17.933+0800][8008.573s] GC(928)   Pre Evacuate Collection Set: 0.2ms
[2024-04-09T00:16:17.933+0800][8008.573s] GC(928)   Merge Heap Roots: 0.1ms
[2024-04-09T00:16:17.933+0800][8008.573s] GC(928)   Evacuate Collection Set: 2.5ms
[2024-04-09T00:16:17.933+0800][8008.573s] GC(928)   Post Evacuate Collection Set: 1.3ms
[2024-04-09T00:16:17.933+0800][8008.573s] GC(928)   Other: 0.1ms
[2024-04-09T00:16:17.933+0800][8008.573s] GC(928) Eden regions: 305->0(305)
[2024-04-09T00:16:17.933+0800][8008.573s] GC(928) Survivor regions: 2->2(39)
[2024-04-09T00:16:17.933+0800][8008.573s] GC(928) Old regions: 68->68
[2024-04-09T00:16:17.933+0800][8008.573s] GC(928) Humongous regions: 4->4
[2024-04-09T00:16:17.933+0800][8008.573s] GC(928) Metaspace: 68540K(69120K)->68540K(69120K) NonClass: 60835K(61120K)->60835K(61120K) Class: 7705K(8000K)->7705K(8000K)
[2024-04-09T00:16:17.933+0800][8008.573s] GC(928) Pause Young (Normal) (G1 Evacuation Pause) 377M->72M(512M) 4.680ms
[2024-04-09T00:16:17.933+0800][8008.573s] GC(928) User=0.03s Sys=0.00s Real=0.01s
[2024-04-09T00:16:19.157+0800][8009.796s] GC(929) Pause Young (Normal) (G1 Evacuation Pause)
[2024-04-09T00:16:19.157+0800][8009.797s] GC(929) Using 13 workers of 13 for evacuation
[2024-04-09T00:16:19.162+0800][8009.801s] GC(929)   Pre Evacuate Collection Set: 0.5ms
[2024-04-09T00:16:19.162+0800][8009.801s] GC(929)   Merge Heap Roots: 0.1ms
[2024-04-09T00:16:19.162+0800][8009.801s] GC(929)   Evacuate Collection Set: 3.1ms
[2024-04-09T00:16:19.162+0800][8009.801s] GC(929)   Post Evacuate Collection Set: 0.7ms
[2024-04-09T00:16:19.162+0800][8009.801s] GC(929)   Other: 0.2ms
[2024-04-09T00:16:19.162+0800][8009.801s] GC(929) Eden regions: 305->0(305)
[2024-04-09T00:16:19.162+0800][8009.801s] GC(929) Survivor regions: 2->2(39)
[2024-04-09T00:16:19.162+0800][8009.801s] GC(929) Old regions: 68->68
[2024-04-09T00:16:19.162+0800][8009.801s] GC(929) Humongous regions: 4->4
[2024-04-09T00:16:19.162+0800][8009.801s] GC(929) Metaspace: 68540K(69120K)->68540K(69120K) NonClass: 60835K(61120K)->60835K(61120K) Class: 7705K(8000K)->7705K(8000K)
[2024-04-09T00:16:19.162+0800][8009.801s] GC(929) Pause Young (Normal) (G1 Evacuation Pause) 377M->72M(512M) 5.156ms
[2024-04-09T00:16:19.162+0800][8009.802s] GC(929) User=0.00s Sys=0.00s Real=0.00s
[2024-04-09T00:16:20.453+0800][8011.093s] GC(930) Pause Young (Normal) (G1 Evacuation Pause)
[2024-04-09T00:16:20.453+0800][8011.093s] GC(930) Using 13 workers of 13 for evacuation
[2024-04-09T00:16:20.456+0800][8011.096s] GC(930)   Pre Evacuate Collection Set: 0.4ms
[2024-04-09T00:16:20.456+0800][8011.096s] GC(930)   Merge Heap Roots: 0.1ms
[2024-04-09T00:16:20.456+0800][8011.096s] GC(930)   Evacuate Collection Set: 1.5ms
[2024-04-09T00:16:20.456+0800][8011.096s] GC(930)   Post Evacuate Collection Set: 0.5ms
[2024-04-09T00:16:20.456+0800][8011.096s] GC(930)   Other: 0.2ms
[2024-04-09T00:16:20.456+0800][8011.096s] GC(930) Eden regions: 305->0(305)
[2024-04-09T00:16:20.456+0800][8011.096s] GC(930) Survivor regions: 2->2(39)
[2024-04-09T00:16:20.456+0800][8011.096s] GC(930) Old regions: 68->68
[2024-04-09T00:16:20.456+0800][8011.096s] GC(930) Humongous regions: 4->4
[2024-04-09T00:16:20.456+0800][8011.096s] GC(930) Metaspace: 68540K(69120K)->68540K(69120K) NonClass: 60835K(61120K)->60835K(61120K) Class: 7705K(8000K)->7705K(8000K)
[2024-04-09T00:16:20.456+0800][8011.096s] GC(930) Pause Young (Normal) (G1 Evacuation Pause) 377M->72M(512M) 2.994ms
[2024-04-09T00:16:20.456+0800][8011.096s] GC(930) User=0.00s Sys=0.00s Real=0.00s
[2024-04-09T00:16:21.728+0800][8012.367s] GC(931) Pause Young (Normal) (G1 Evacuation Pause)
[2024-04-09T00:16:21.728+0800][8012.367s] GC(931) Using 13 workers of 13 for evacuation
[2024-04-09T00:16:21.731+0800][8012.371s] GC(931)   Pre Evacuate Collection Set: 0.1ms
[2024-04-09T00:16:21.731+0800][8012.371s] GC(931)   Merge Heap Roots: 0.1ms
[2024-04-09T00:16:21.731+0800][8012.371s] GC(931)   Evacuate Collection Set: 2.5ms
[2024-04-09T00:16:21.731+0800][8012.371s] GC(931)   Post Evacuate Collection Set: 0.7ms
[2024-04-09T00:16:21.731+0800][8012.371s] GC(931)   Other: 0.1ms
[2024-04-09T00:16:21.731+0800][8012.371s] GC(931) Eden regions: 305->0(305)
[2024-04-09T00:16:21.731+0800][8012.371s] GC(931) Survivor regions: 2->2(39)
[2024-04-09T00:16:21.731+0800][8012.371s] GC(931) Old regions: 68->68
[2024-04-09T00:16:21.731+0800][8012.371s] GC(931) Humongous regions: 4->4
[2024-04-09T00:16:21.731+0800][8012.371s] GC(931) Metaspace: 68540K(69120K)->68540K(69120K) NonClass: 60835K(61120K)->60835K(61120K) Class: 7705K(8000K)->7705K(8000K)
[2024-04-09T00:16:21.731+0800][8012.371s] GC(931) Pause Young (Normal) (G1 Evacuation Pause) 377M->72M(512M) 3.789ms
[2024-04-09T00:16:21.731+0800][8012.371s] GC(931) User=0.00s Sys=0.00s Real=0.00s
[2024-04-09T00:16:22.949+0800][8013.588s] GC(932) Pause Young (Normal) (G1 Evacuation Pause)
[2024-04-09T00:16:22.949+0800][8013.588s] GC(932) Using 13 workers of 13 for evacuation
[2024-04-09T00:16:22.951+0800][8013.590s] GC(932)   Pre Evacuate Collection Set: 0.1ms
[2024-04-09T00:16:22.951+0800][8013.590s] GC(932)   Merge Heap Roots: 0.1ms
[2024-04-09T00:16:22.951+0800][8013.590s] GC(932)   Evacuate Collection Set: 1.5ms
[2024-04-09T00:16:22.951+0800][8013.590s] GC(932)   Post Evacuate Collection Set: 0.3ms
[2024-04-09T00:16:22.951+0800][8013.590s] GC(932)   Other: 0.1ms
[2024-04-09T00:16:22.951+0800][8013.591s] GC(932) Eden regions: 305->0(305)
[2024-04-09T00:16:22.951+0800][8013.591s] GC(932) Survivor regions: 2->2(39)
[2024-04-09T00:16:22.951+0800][8013.591s] GC(932) Old regions: 68->68
[2024-04-09T00:16:22.951+0800][8013.591s] GC(932) Humongous regions: 4->4
[2024-04-09T00:16:22.951+0800][8013.591s] GC(932) Metaspace: 68540K(69120K)->68540K(69120K) NonClass: 60835K(61120K)->60835K(61120K) Class: 7705K(8000K)->7705K(8000K)
[2024-04-09T00:16:22.951+0800][8013.591s] GC(932) Pause Young (Normal) (G1 Evacuation Pause) 377M->72M(512M) 2.344ms
[2024-04-09T00:16:22.951+0800][8013.591s] GC(932) User=0.00s Sys=0.00s Real=0.00s
[2024-04-09T00:16:24.261+0800][8014.901s] GC(933) Pause Young (Normal) (G1 Evacuation Pause)
[2024-04-09T00:16:24.261+0800][8014.901s] GC(933) Using 13 workers of 13 for evacuation
[2024-04-09T00:16:24.264+0800][8014.904s] GC(933)   Pre Evacuate Collection Set: 0.1ms
[2024-04-09T00:16:24.264+0800][8014.904s] GC(933)   Merge Heap Roots: 0.1ms
[2024-04-09T00:16:24.264+0800][8014.904s] GC(933)   Evacuate Collection Set: 1.9ms
[2024-04-09T00:16:24.264+0800][8014.904s] GC(933)   Post Evacuate Collection Set: 0.7ms
[2024-04-09T00:16:24.264+0800][8014.904s] GC(933)   Other: 0.1ms
[2024-04-09T00:16:24.264+0800][8014.904s] GC(933) Eden regions: 305->0(305)
[2024-04-09T00:16:24.264+0800][8014.904s] GC(933) Survivor regions: 2->2(39)
[2024-04-09T00:16:24.264+0800][8014.904s] GC(933) Old regions: 68->68
[2024-04-09T00:16:24.264+0800][8014.904s] GC(933) Humongous regions: 4->4
[2024-04-09T00:16:24.264+0800][8014.904s] GC(933) Metaspace: 68540K(69120K)->68540K(69120K) NonClass: 60835K(61120K)->60835K(61120K) Class: 7705K(8000K)->7705K(8000K)
[2024-04-09T00:16:24.264+0800][8014.904s] GC(933) Pause Young (Normal) (G1 Evacuation Pause) 377M->72M(512M) 3.247ms
[2024-04-09T00:16:24.264+0800][8014.904s] GC(933) User=0.00s Sys=0.00s Real=0.00s
[2024-04-09T00:16:25.534+0800][8016.174s] GC(934) Pause Young (Normal) (G1 Evacuation Pause)
[2024-04-09T00:16:25.534+0800][8016.174s] GC(934) Using 13 workers of 13 for evacuation
[2024-04-09T00:16:25.536+0800][8016.176s] GC(934)   Pre Evacuate Collection Set: 0.1ms
[2024-04-09T00:16:25.536+0800][8016.176s] GC(934)   Merge Heap Roots: 0.1ms
[2024-04-09T00:16:25.536+0800][8016.176s] GC(934)   Evacuate Collection Set: 1.6ms
[2024-04-09T00:16:25.536+0800][8016.176s] GC(934)   Post Evacuate Collection Set: 0.5ms
[2024-04-09T00:16:25.536+0800][8016.176s] GC(934)   Other: 0.1ms
[2024-04-09T00:16:25.536+0800][8016.176s] GC(934) Eden regions: 305->0(305)
[2024-04-09T00:16:25.536+0800][8016.176s] GC(934) Survivor regions: 2->2(39)
[2024-04-09T00:16:25.537+0800][8016.176s] GC(934) Old regions: 68->68
[2024-04-09T00:16:25.537+0800][8016.176s] GC(934) Humongous regions: 4->4
[2024-04-09T00:16:25.537+0800][8016.176s] GC(934) Metaspace: 68540K(69120K)->68540K(69120K) NonClass: 60835K(61120K)->60835K(61120K) Class: 7705K(8000K)->7705K(8000K)
[2024-04-09T00:16:25.537+0800][8016.176s] GC(934) Pause Young (Normal) (G1 Evacuation Pause) 377M->72M(512M) 2.728ms
[2024-04-09T00:16:25.537+0800][8016.176s] GC(934) User=0.00s Sys=0.00s Real=0.00s
[2024-04-09T00:16:26.822+0800][8017.461s] GC(935) Pause Young (Normal) (G1 Evacuation Pause)
[2024-04-09T00:16:26.822+0800][8017.461s] GC(935) Using 13 workers of 13 for evacuation
[2024-04-09T00:16:26.824+0800][8017.463s] GC(935)   Pre Evacuate Collection Set: 0.1ms
[2024-04-09T00:16:26.824+0800][8017.463s] GC(935)   Merge Heap Roots: 0.1ms
[2024-04-09T00:16:26.824+0800][8017.463s] GC(935)   Evacuate Collection Set: 1.4ms
[2024-04-09T00:16:26.824+0800][8017.463s] GC(935)   Post Evacuate Collection Set: 0.3ms
[2024-04-09T00:16:26.824+0800][8017.463s] GC(935)   Other: 0.1ms
[2024-04-09T00:16:26.824+0800][8017.463s] GC(935) Eden regions: 305->0(305)
[2024-04-09T00:16:26.824+0800][8017.463s] GC(935) Survivor regions: 2->2(39)
[2024-04-09T00:16:26.824+0800][8017.463s] GC(935) Old regions: 68->68
[2024-04-09T00:16:26.824+0800][8017.463s] GC(935) Humongous regions: 4->4
[2024-04-09T00:16:26.824+0800][8017.463s] GC(935) Metaspace: 68540K(69120K)->68540K(69120K) NonClass: 60835K(61120K)->60835K(61120K) Class: 7705K(8000K)->7705K(8000K)
[2024-04-09T00:16:26.824+0800][8017.463s] GC(935) Pause Young (Normal) (G1 Evacuation Pause) 377M->72M(512M) 2.147ms
[2024-04-09T00:16:26.824+0800][8017.463s] GC(935) User=0.00s Sys=0.00s Real=0.00s
[2024-04-09T00:16:28.145+0800][8018.784s] GC(936) Pause Young (Normal) (G1 Evacuation Pause)
[2024-04-09T00:16:28.145+0800][8018.784s] GC(936) Using 13 workers of 13 for evacuation
[2024-04-09T00:16:28.147+0800][8018.786s] GC(936)   Pre Evacuate Collection Set: 0.1ms
[2024-04-09T00:16:28.147+0800][8018.786s] GC(936)   Merge Heap Roots: 0.1ms
[2024-04-09T00:16:28.147+0800][8018.786s] GC(936)   Evacuate Collection Set: 1.2ms
[2024-04-09T00:16:28.147+0800][8018.786s] GC(936)   Post Evacuate Collection Set: 0.3ms
[2024-04-09T00:16:28.147+0800][8018.786s] GC(936)   Other: 0.1ms
[2024-04-09T00:16:28.147+0800][8018.786s] GC(936) Eden regions: 305->0(305)
[2024-04-09T00:16:28.147+0800][8018.786s] GC(936) Survivor regions: 2->2(39)
[2024-04-09T00:16:28.147+0800][8018.786s] GC(936) Old regions: 68->68
[2024-04-09T00:16:28.147+0800][8018.786s] GC(936) Humongous regions: 4->4
[2024-04-09T00:16:28.147+0800][8018.786s] GC(936) Metaspace: 68540K(69120K)->68540K(69120K) NonClass: 60835K(61120K)->60835K(61120K) Class: 7705K(8000K)->7705K(8000K)
[2024-04-09T00:16:28.147+0800][8018.786s] GC(936) Pause Young (Normal) (G1 Evacuation Pause) 377M->73M(512M) 1.925ms
[2024-04-09T00:16:28.147+0800][8018.786s] GC(936) User=0.00s Sys=0.00s Real=0.00s
[2024-04-09T00:16:29.396+0800][8020.035s] GC(937) Pause Young (Normal) (G1 Evacuation Pause)
[2024-04-09T00:16:29.396+0800][8020.035s] GC(937) Using 13 workers of 13 for evacuation
[2024-04-09T00:16:29.398+0800][8020.037s] GC(937)   Pre Evacuate Collection Set: 0.1ms
[2024-04-09T00:16:29.398+0800][8020.037s] GC(937)   Merge Heap Roots: 0.1ms
[2024-04-09T00:16:29.398+0800][8020.037s] GC(937)   Evacuate Collection Set: 1.3ms
[2024-04-09T00:16:29.398+0800][8020.037s] GC(937)   Post Evacuate Collection Set: 0.3ms
[2024-04-09T00:16:29.398+0800][8020.037s] GC(937)   Other: 0.1ms
[2024-04-09T00:16:29.398+0800][8020.037s] GC(937) Eden regions: 305->0(305)
[2024-04-09T00:16:29.398+0800][8020.037s] GC(937) Survivor regions: 2->2(39)
[2024-04-09T00:16:29.398+0800][8020.037s] GC(937) Old regions: 68->68
[2024-04-09T00:16:29.398+0800][8020.037s] GC(937) Humongous regions: 4->4
[2024-04-09T00:16:29.398+0800][8020.037s] GC(937) Metaspace: 68540K(69120K)->68540K(69120K) NonClass: 60835K(61120K)->60835K(61120K) Class: 7705K(8000K)->7705K(8000K)
[2024-04-09T00:16:29.398+0800][8020.037s] GC(937) Pause Young (Normal) (G1 Evacuation Pause) 378M->72M(512M) 2.064ms
[2024-04-09T00:16:29.398+0800][8020.037s] GC(937) User=0.00s Sys=0.00s Real=0.00s
[2024-04-09T00:16:30.654+0800][8021.294s] GC(938) Pause Young (Normal) (G1 Evacuation Pause)
[2024-04-09T00:16:30.655+0800][8021.294s] GC(938) Using 13 workers of 13 for evacuation
[2024-04-09T00:16:30.657+0800][8021.296s] GC(938)   Pre Evacuate Collection Set: 0.3ms
[2024-04-09T00:16:30.657+0800][8021.296s] GC(938)   Merge Heap Roots: 0.1ms
[2024-04-09T00:16:30.657+0800][8021.296s] GC(938)   Evacuate Collection Set: 1.4ms
[2024-04-09T00:16:30.657+0800][8021.296s] GC(938)   Post Evacuate Collection Set: 0.4ms
[2024-04-09T00:16:30.657+0800][8021.296s] GC(938)   Other: 0.1ms
[2024-04-09T00:16:30.657+0800][8021.296s] GC(938) Eden regions: 305->0(305)
[2024-04-09T00:16:30.657+0800][8021.296s] GC(938) Survivor regions: 2->2(39)
[2024-04-09T00:16:30.657+0800][8021.296s] GC(938) Old regions: 68->68
[2024-04-09T00:16:30.657+0800][8021.296s] GC(938) Humongous regions: 4->4
[2024-04-09T00:16:30.657+0800][8021.296s] GC(938) Metaspace: 68540K(69120K)->68540K(69120K) NonClass: 60835K(61120K)->60835K(61120K) Class: 7705K(8000K)->7705K(8000K)
[2024-04-09T00:16:30.657+0800][8021.296s] GC(938) Pause Young (Normal) (G1 Evacuation Pause) 377M->72M(512M) 2.626ms
[2024-04-09T00:16:30.657+0800][8021.296s] GC(938) User=0.00s Sys=0.00s Real=0.00s
[2024-04-09T00:16:31.914+0800][8022.553s] GC(939) Pause Young (Normal) (G1 Evacuation Pause)
[2024-04-09T00:16:31.914+0800][8022.553s] GC(939) Using 13 workers of 13 for evacuation
[2024-04-09T00:16:31.916+0800][8022.555s] GC(939)   Pre Evacuate Collection Set: 0.1ms
[2024-04-09T00:16:31.916+0800][8022.555s] GC(939)   Merge Heap Roots: 0.1ms
[2024-04-09T00:16:31.916+0800][8022.555s] GC(939)   Evacuate Collection Set: 1.3ms
[2024-04-09T00:16:31.916+0800][8022.555s] GC(939)   Post Evacuate Collection Set: 0.3ms
[2024-04-09T00:16:31.916+0800][8022.555s] GC(939)   Other: 0.1ms
[2024-04-09T00:16:31.916+0800][8022.555s] GC(939) Eden regions: 305->0(305)
[2024-04-09T00:16:31.916+0800][8022.555s] GC(939) Survivor regions: 2->2(39)
[2024-04-09T00:16:31.916+0800][8022.555s] GC(939) Old regions: 68->68
[2024-04-09T00:16:31.916+0800][8022.555s] GC(939) Humongous regions: 4->4
[2024-04-09T00:16:31.916+0800][8022.555s] GC(939) Metaspace: 68540K(69120K)->68540K(69120K) NonClass: 60835K(61120K)->60835K(61120K) Class: 7705K(8000K)->7705K(8000K)
[2024-04-09T00:16:31.916+0800][8022.555s] GC(939) Pause Young (Normal) (G1 Evacuation Pause) 377M->73M(512M) 2.053ms
[2024-04-09T00:16:31.916+0800][8022.555s] GC(939) User=0.03s Sys=0.00s Real=0.00s
[2024-04-09T00:16:33.219+0800][8023.858s] GC(940) Pause Young (Normal) (G1 Evacuation Pause)
[2024-04-09T00:16:33.219+0800][8023.858s] GC(940) Using 13 workers of 13 for evacuation
[2024-04-09T00:16:33.221+0800][8023.861s] GC(940)   Pre Evacuate Collection Set: 0.1ms
[2024-04-09T00:16:33.221+0800][8023.861s] GC(940)   Merge Heap Roots: 0.1ms
[2024-04-09T00:16:33.221+0800][8023.861s] GC(940)   Evacuate Collection Set: 1.7ms
[2024-04-09T00:16:33.221+0800][8023.861s] GC(940)   Post Evacuate Collection Set: 0.5ms
[2024-04-09T00:16:33.221+0800][8023.861s] GC(940)   Other: 0.1ms
[2024-04-09T00:16:33.221+0800][8023.861s] GC(940) Eden regions: 305->0(305)
[2024-04-09T00:16:33.221+0800][8023.861s] GC(940) Survivor regions: 2->2(39)
[2024-04-09T00:16:33.221+0800][8023.861s] GC(940) Old regions: 68->68
[2024-04-09T00:16:33.221+0800][8023.861s] GC(940) Humongous regions: 4->4
[2024-04-09T00:16:33.221+0800][8023.861s] GC(940) Metaspace: 68540K(69120K)->68540K(69120K) NonClass: 60835K(61120K)->60835K(61120K) Class: 7705K(8000K)->7705K(8000K)
[2024-04-09T00:16:33.221+0800][8023.861s] GC(940) Pause Young (Normal) (G1 Evacuation Pause) 378M->72M(512M) 2.677ms
[2024-04-09T00:16:33.221+0800][8023.861s] GC(940) User=0.00s Sys=0.00s Real=0.00s
[2024-04-09T00:16:34.490+0800][8025.129s] GC(941) Pause Young (Normal) (G1 Evacuation Pause)
[2024-04-09T00:16:34.490+0800][8025.129s] GC(941) Using 13 workers of 13 for evacuation
[2024-04-09T00:16:34.492+0800][8025.131s] GC(941)   Pre Evacuate Collection Set: 0.2ms
[2024-04-09T00:16:34.492+0800][8025.131s] GC(941)   Merge Heap Roots: 0.1ms
[2024-04-09T00:16:34.492+0800][8025.131s] GC(941)   Evacuate Collection Set: 1.5ms
[2024-04-09T00:16:34.492+0800][8025.131s] GC(941)   Post Evacuate Collection Set: 0.4ms
[2024-04-09T00:16:34.492+0800][8025.131s] GC(941)   Other: 0.1ms
[2024-04-09T00:16:34.492+0800][8025.131s] GC(941) Eden regions: 305->0(305)
[2024-04-09T00:16:34.492+0800][8025.131s] GC(941) Survivor regions: 2->2(39)
[2024-04-09T00:16:34.492+0800][8025.131s] GC(941) Old regions: 68->68
[2024-04-09T00:16:34.492+0800][8025.131s] GC(941) Humongous regions: 4->4
[2024-04-09T00:16:34.492+0800][8025.131s] GC(941) Metaspace: 68540K(69120K)->68540K(69120K) NonClass: 60835K(61120K)->60835K(61120K) Class: 7705K(8000K)->7705K(8000K)
[2024-04-09T00:16:34.492+0800][8025.131s] GC(941) Pause Young (Normal) (G1 Evacuation Pause) 377M->72M(512M) 2.550ms
[2024-04-09T00:16:34.492+0800][8025.131s] GC(941) User=0.00s Sys=0.00s Real=0.00s
[2024-04-09T00:16:35.782+0800][8026.421s] GC(942) Pause Young (Normal) (G1 Evacuation Pause)
[2024-04-09T00:16:35.782+0800][8026.421s] GC(942) Using 13 workers of 13 for evacuation
[2024-04-09T00:16:35.784+0800][8026.423s] GC(942)   Pre Evacuate Collection Set: 0.2ms
[2024-04-09T00:16:35.784+0800][8026.424s] GC(942)   Merge Heap Roots: 0.1ms
[2024-04-09T00:16:35.784+0800][8026.424s] GC(942)   Evacuate Collection Set: 1.5ms
[2024-04-09T00:16:35.784+0800][8026.424s] GC(942)   Post Evacuate Collection Set: 0.6ms
[2024-04-09T00:16:35.785+0800][8026.424s] GC(942)   Other: 0.1ms
[2024-04-09T00:16:35.785+0800][8026.424s] GC(942) Eden regions: 305->0(305)
[2024-04-09T00:16:35.785+0800][8026.424s] GC(942) Survivor regions: 2->2(39)
[2024-04-09T00:16:35.785+0800][8026.424s] GC(942) Old regions: 68->68
[2024-04-09T00:16:35.785+0800][8026.424s] GC(942) Humongous regions: 4->4
[2024-04-09T00:16:35.785+0800][8026.424s] GC(942) Metaspace: 68540K(69120K)->68540K(69120K) NonClass: 60835K(61120K)->60835K(61120K) Class: 7705K(8000K)->7705K(8000K)
[2024-04-09T00:16:35.785+0800][8026.424s] GC(942) Pause Young (Normal) (G1 Evacuation Pause) 377M->72M(512M) 2.736ms
[2024-04-09T00:16:35.785+0800][8026.424s] GC(942) User=0.00s Sys=0.00s Real=0.00s
[2024-04-09T00:16:37.069+0800][8027.708s] GC(943) Pause Young (Normal) (G1 Evacuation Pause)
[2024-04-09T00:16:37.069+0800][8027.708s] GC(943) Using 13 workers of 13 for evacuation
[2024-04-09T00:16:37.071+0800][8027.710s] GC(943)   Pre Evacuate Collection Set: 0.1ms
[2024-04-09T00:16:37.071+0800][8027.710s] GC(943)   Merge Heap Roots: 0.1ms
[2024-04-09T00:16:37.071+0800][8027.710s] GC(943)   Evacuate Collection Set: 1.4ms
[2024-04-09T00:16:37.071+0800][8027.710s] GC(943)   Post Evacuate Collection Set: 0.3ms
[2024-04-09T00:16:37.071+0800][8027.710s] GC(943)   Other: 0.1ms
[2024-04-09T00:16:37.071+0800][8027.710s] GC(943) Eden regions: 305->0(305)
[2024-04-09T00:16:37.071+0800][8027.710s] GC(943) Survivor regions: 2->2(39)
[2024-04-09T00:16:37.071+0800][8027.710s] GC(943) Old regions: 68->68
[2024-04-09T00:16:37.071+0800][8027.710s] GC(943) Humongous regions: 4->4
[2024-04-09T00:16:37.071+0800][8027.710s] GC(943) Metaspace: 68540K(69120K)->68540K(69120K) NonClass: 60835K(61120K)->60835K(61120K) Class: 7705K(8000K)->7705K(8000K)
[2024-04-09T00:16:37.071+0800][8027.710s] GC(943) Pause Young (Normal) (G1 Evacuation Pause) 377M->73M(512M) 2.121ms
[2024-04-09T00:16:37.071+0800][8027.710s] GC(943) User=0.00s Sys=0.00s Real=0.00s
[2024-04-09T00:16:38.329+0800][8028.968s] GC(944) Pause Young (Normal) (G1 Evacuation Pause)
[2024-04-09T00:16:38.329+0800][8028.969s] GC(944) Using 13 workers of 13 for evacuation
[2024-04-09T00:16:38.333+0800][8028.973s] GC(944)   Pre Evacuate Collection Set: 0.1ms
[2024-04-09T00:16:38.333+0800][8028.973s] GC(944)   Merge Heap Roots: 0.1ms
[2024-04-09T00:16:38.334+0800][8028.973s] GC(944)   Evacuate Collection Set: 3.6ms
[2024-04-09T00:16:38.334+0800][8028.973s] GC(944)   Post Evacuate Collection Set: 0.4ms
[2024-04-09T00:16:38.334+0800][8028.973s] GC(944)   Other: 0.1ms
[2024-04-09T00:16:38.334+0800][8028.973s] GC(944) Eden regions: 305->0(305)
[2024-04-09T00:16:38.334+0800][8028.973s] GC(944) Survivor regions: 2->2(39)
[2024-04-09T00:16:38.334+0800][8028.973s] GC(944) Old regions: 68->68
[2024-04-09T00:16:38.334+0800][8028.973s] GC(944) Humongous regions: 4->4
[2024-04-09T00:16:38.334+0800][8028.973s] GC(944) Metaspace: 68540K(69120K)->68540K(69120K) NonClass: 60835K(61120K)->60835K(61120K) Class: 7705K(8000K)->7705K(8000K)
[2024-04-09T00:16:38.334+0800][8028.973s] GC(944) Pause Young (Normal) (G1 Evacuation Pause) 378M->73M(512M) 4.582ms
[2024-04-09T00:16:38.334+0800][8028.973s] GC(944) User=0.00s Sys=0.00s Real=0.01s
[2024-04-09T00:16:39.619+0800][8030.258s] GC(945) Pause Young (Normal) (G1 Evacuation Pause)
[2024-04-09T00:16:39.619+0800][8030.258s] GC(945) Using 13 workers of 13 for evacuation
[2024-04-09T00:16:39.622+0800][8030.261s] GC(945)   Pre Evacuate Collection Set: 0.1ms
[2024-04-09T00:16:39.622+0800][8030.261s] GC(945)   Merge Heap Roots: 0.1ms
[2024-04-09T00:16:39.622+0800][8030.261s] GC(945)   Evacuate Collection Set: 2.0ms
[2024-04-09T00:16:39.622+0800][8030.261s] GC(945)   Post Evacuate Collection Set: 0.5ms
[2024-04-09T00:16:39.622+0800][8030.261s] GC(945)   Other: 0.1ms
[2024-04-09T00:16:39.622+0800][8030.261s] GC(945) Eden regions: 305->0(305)
[2024-04-09T00:16:39.622+0800][8030.261s] GC(945) Survivor regions: 2->2(39)
[2024-04-09T00:16:39.622+0800][8030.261s] GC(945) Old regions: 68->68
[2024-04-09T00:16:39.622+0800][8030.261s] GC(945) Humongous regions: 4->4
[2024-04-09T00:16:39.622+0800][8030.261s] GC(945) Metaspace: 68540K(69120K)->68540K(69120K) NonClass: 60835K(61120K)->60835K(61120K) Class: 7705K(8000K)->7705K(8000K)
[2024-04-09T00:16:39.622+0800][8030.261s] GC(945) Pause Young (Normal) (G1 Evacuation Pause) 378M->73M(512M) 3.111ms
[2024-04-09T00:16:39.622+0800][8030.261s] GC(945) User=0.00s Sys=0.00s Real=0.00s
[2024-04-09T00:16:40.934+0800][8031.573s] GC(946) Pause Young (Normal) (G1 Evacuation Pause)
[2024-04-09T00:16:40.934+0800][8031.573s] GC(946) Using 13 workers of 13 for evacuation
[2024-04-09T00:16:40.936+0800][8031.575s] GC(946)   Pre Evacuate Collection Set: 0.1ms
[2024-04-09T00:16:40.936+0800][8031.575s] GC(946)   Merge Heap Roots: 0.1ms
[2024-04-09T00:16:40.936+0800][8031.575s] GC(946)   Evacuate Collection Set: 1.5ms
[2024-04-09T00:16:40.936+0800][8031.575s] GC(946)   Post Evacuate Collection Set: 0.4ms
[2024-04-09T00:16:40.936+0800][8031.575s] GC(946)   Other: 0.1ms
[2024-04-09T00:16:40.936+0800][8031.575s] GC(946) Eden regions: 305->0(305)
[2024-04-09T00:16:40.936+0800][8031.575s] GC(946) Survivor regions: 2->2(39)
[2024-04-09T00:16:40.936+0800][8031.575s] GC(946) Old regions: 68->68
[2024-04-09T00:16:40.936+0800][8031.575s] GC(946) Humongous regions: 4->4
[2024-04-09T00:16:40.936+0800][8031.575s] GC(946) Metaspace: 68540K(69120K)->68540K(69120K) NonClass: 60835K(61120K)->60835K(61120K) Class: 7705K(8000K)->7705K(8000K)
[2024-04-09T00:16:40.936+0800][8031.575s] GC(946) Pause Young (Normal) (G1 Evacuation Pause) 378M->73M(512M) 2.351ms
[2024-04-09T00:16:40.936+0800][8031.575s] GC(946) User=0.00s Sys=0.00s Real=0.00s
[2024-04-09T00:16:42.200+0800][8032.840s] GC(947) Pause Young (Normal) (G1 Evacuation Pause)
[2024-04-09T00:16:42.200+0800][8032.840s] GC(947) Using 13 workers of 13 for evacuation
[2024-04-09T00:16:42.203+0800][8032.842s] GC(947)   Pre Evacuate Collection Set: 0.1ms
[2024-04-09T00:16:42.203+0800][8032.842s] GC(947)   Merge Heap Roots: 0.1ms
[2024-04-09T00:16:42.203+0800][8032.842s] GC(947)   Evacuate Collection Set: 1.6ms
[2024-04-09T00:16:42.203+0800][8032.842s] GC(947)   Post Evacuate Collection Set: 0.5ms
[2024-04-09T00:16:42.203+0800][8032.842s] GC(947)   Other: 0.1ms
[2024-04-09T00:16:42.203+0800][8032.842s] GC(947) Eden regions: 305->0(305)
[2024-04-09T00:16:42.203+0800][8032.842s] GC(947) Survivor regions: 2->2(39)
[2024-04-09T00:16:42.203+0800][8032.842s] GC(947) Old regions: 68->68
[2024-04-09T00:16:42.203+0800][8032.842s] GC(947) Humongous regions: 4->4
[2024-04-09T00:16:42.203+0800][8032.842s] GC(947) Metaspace: 68540K(69120K)->68540K(69120K) NonClass: 60835K(61120K)->60835K(61120K) Class: 7705K(8000K)->7705K(8000K)
[2024-04-09T00:16:42.203+0800][8032.842s] GC(947) Pause Young (Normal) (G1 Evacuation Pause) 378M->73M(512M) 2.640ms
[2024-04-09T00:16:42.203+0800][8032.842s] GC(947) User=0.00s Sys=0.00s Real=0.00s
[2024-04-09T00:16:43.511+0800][8034.150s] GC(948) Pause Young (Normal) (G1 Evacuation Pause)
[2024-04-09T00:16:43.511+0800][8034.150s] GC(948) Using 13 workers of 13 for evacuation
[2024-04-09T00:16:43.514+0800][8034.154s] GC(948)   Pre Evacuate Collection Set: 0.1ms
[2024-04-09T00:16:43.514+0800][8034.154s] GC(948)   Merge Heap Roots: 0.1ms
[2024-04-09T00:16:43.514+0800][8034.154s] GC(948)   Evacuate Collection Set: 2.3ms
[2024-04-09T00:16:43.514+0800][8034.154s] GC(948)   Post Evacuate Collection Set: 0.4ms
[2024-04-09T00:16:43.514+0800][8034.154s] GC(948)   Other: 0.1ms
[2024-04-09T00:16:43.514+0800][8034.154s] GC(948) Eden regions: 305->0(305)
[2024-04-09T00:16:43.514+0800][8034.154s] GC(948) Survivor regions: 2->2(39)
[2024-04-09T00:16:43.514+0800][8034.154s] GC(948) Old regions: 68->68
[2024-04-09T00:16:43.514+0800][8034.154s] GC(948) Humongous regions: 4->4
[2024-04-09T00:16:43.514+0800][8034.154s] GC(948) Metaspace: 68540K(69120K)->68540K(69120K) NonClass: 60835K(61120K)->60835K(61120K) Class: 7705K(8000K)->7705K(8000K)
[2024-04-09T00:16:43.514+0800][8034.154s] GC(948) Pause Young (Normal) (G1 Evacuation Pause) 378M->73M(512M) 3.325ms
[2024-04-09T00:16:43.514+0800][8034.154s] GC(948) User=0.00s Sys=0.00s Real=0.00s
[2024-04-09T00:16:44.805+0800][8035.444s] GC(949) Pause Young (Normal) (G1 Evacuation Pause)
[2024-04-09T00:16:44.805+0800][8035.445s] GC(949) Using 13 workers of 13 for evacuation
[2024-04-09T00:16:44.807+0800][8035.447s] GC(949)   Pre Evacuate Collection Set: 0.1ms
[2024-04-09T00:16:44.807+0800][8035.447s] GC(949)   Merge Heap Roots: 0.1ms
[2024-04-09T00:16:44.808+0800][8035.447s] GC(949)   Evacuate Collection Set: 1.6ms
[2024-04-09T00:16:44.808+0800][8035.447s] GC(949)   Post Evacuate Collection Set: 0.5ms
[2024-04-09T00:16:44.808+0800][8035.447s] GC(949)   Other: 0.1ms
[2024-04-09T00:16:44.808+0800][8035.447s] GC(949) Eden regions: 305->0(305)
[2024-04-09T00:16:44.808+0800][8035.447s] GC(949) Survivor regions: 2->2(39)
[2024-04-09T00:16:44.808+0800][8035.447s] GC(949) Old regions: 68->68
[2024-04-09T00:16:44.808+0800][8035.447s] GC(949) Humongous regions: 4->4
[2024-04-09T00:16:44.808+0800][8035.447s] GC(949) Metaspace: 68540K(69120K)->68540K(69120K) NonClass: 60835K(61120K)->60835K(61120K) Class: 7705K(8000K)->7705K(8000K)
[2024-04-09T00:16:44.808+0800][8035.447s] GC(949) Pause Young (Normal) (G1 Evacuation Pause) 378M->73M(512M) 2.769ms
[2024-04-09T00:16:44.808+0800][8035.447s] GC(949) User=0.05s Sys=0.00s Real=0.00s
[2024-04-09T00:16:46.087+0800][8036.726s] GC(950) Pause Young (Normal) (G1 Evacuation Pause)
[2024-04-09T00:16:46.087+0800][8036.726s] GC(950) Using 13 workers of 13 for evacuation
[2024-04-09T00:16:46.089+0800][8036.729s] GC(950)   Pre Evacuate Collection Set: 0.2ms
[2024-04-09T00:16:46.089+0800][8036.729s] GC(950)   Merge Heap Roots: 0.1ms
[2024-04-09T00:16:46.089+0800][8036.729s] GC(950)   Evacuate Collection Set: 1.8ms
[2024-04-09T00:16:46.089+0800][8036.729s] GC(950)   Post Evacuate Collection Set: 0.3ms
[2024-04-09T00:16:46.089+0800][8036.729s] GC(950)   Other: 0.1ms
[2024-04-09T00:16:46.089+0800][8036.729s] GC(950) Eden regions: 305->0(305)
[2024-04-09T00:16:46.089+0800][8036.729s] GC(950) Survivor regions: 2->2(39)
[2024-04-09T00:16:46.089+0800][8036.729s] GC(950) Old regions: 68->68
[2024-04-09T00:16:46.089+0800][8036.729s] GC(950) Humongous regions: 4->4
[2024-04-09T00:16:46.089+0800][8036.729s] GC(950) Metaspace: 68540K(69120K)->68540K(69120K) NonClass: 60835K(61120K)->60835K(61120K) Class: 7705K(8000K)->7705K(8000K)
[2024-04-09T00:16:46.089+0800][8036.729s] GC(950) Pause Young (Normal) (G1 Evacuation Pause) 378M->72M(512M) 2.632ms
[2024-04-09T00:16:46.089+0800][8036.729s] GC(950) User=0.00s Sys=0.00s Real=0.00s
[2024-04-09T00:16:47.352+0800][8037.991s] GC(951) Pause Young (Normal) (G1 Evacuation Pause)
[2024-04-09T00:16:47.352+0800][8037.991s] GC(951) Using 13 workers of 13 for evacuation
[2024-04-09T00:16:47.355+0800][8037.994s] GC(951)   Pre Evacuate Collection Set: 0.1ms
[2024-04-09T00:16:47.355+0800][8037.994s] GC(951)   Merge Heap Roots: 0.1ms
[2024-04-09T00:16:47.355+0800][8037.994s] GC(951)   Evacuate Collection Set: 1.7ms
[2024-04-09T00:16:47.355+0800][8037.994s] GC(951)   Post Evacuate Collection Set: 0.6ms
[2024-04-09T00:16:47.355+0800][8037.994s] GC(951)   Other: 0.1ms
[2024-04-09T00:16:47.355+0800][8037.994s] GC(951) Eden regions: 305->0(305)
[2024-04-09T00:16:47.355+0800][8037.994s] GC(951) Survivor regions: 2->2(39)
[2024-04-09T00:16:47.355+0800][8037.994s] GC(951) Old regions: 68->68
[2024-04-09T00:16:47.355+0800][8037.994s] GC(951) Humongous regions: 4->4
[2024-04-09T00:16:47.355+0800][8037.994s] GC(951) Metaspace: 68540K(69120K)->68540K(69120K) NonClass: 60835K(61120K)->60835K(61120K) Class: 7705K(8000K)->7705K(8000K)
[2024-04-09T00:16:47.355+0800][8037.994s] GC(951) Pause Young (Normal) (G1 Evacuation Pause) 377M->73M(512M) 2.852ms
[2024-04-09T00:16:47.355+0800][8037.994s] GC(951) User=0.11s Sys=0.02s Real=0.00s
[2024-04-09T00:16:48.579+0800][8039.218s] GC(952) Pause Young (Normal) (G1 Evacuation Pause)
[2024-04-09T00:16:48.579+0800][8039.218s] GC(952) Using 13 workers of 13 for evacuation
[2024-04-09T00:16:48.581+0800][8039.220s] GC(952)   Pre Evacuate Collection Set: 0.2ms
[2024-04-09T00:16:48.581+0800][8039.220s] GC(952)   Merge Heap Roots: 0.1ms
[2024-04-09T00:16:48.581+0800][8039.220s] GC(952)   Evacuate Collection Set: 1.2ms
[2024-04-09T00:16:48.581+0800][8039.220s] GC(952)   Post Evacuate Collection Set: 0.3ms
[2024-04-09T00:16:48.581+0800][8039.220s] GC(952)   Other: 0.1ms
[2024-04-09T00:16:48.581+0800][8039.220s] GC(952) Eden regions: 305->0(305)
[2024-04-09T00:16:48.581+0800][8039.220s] GC(952) Survivor regions: 2->2(39)
[2024-04-09T00:16:48.581+0800][8039.220s] GC(952) Old regions: 68->68
[2024-04-09T00:16:48.581+0800][8039.220s] GC(952) Humongous regions: 4->4
[2024-04-09T00:16:48.581+0800][8039.220s] GC(952) Metaspace: 68540K(69120K)->68540K(69120K) NonClass: 60835K(61120K)->60835K(61120K) Class: 7705K(8000K)->7705K(8000K)
[2024-04-09T00:16:48.581+0800][8039.220s] GC(952) Pause Young (Normal) (G1 Evacuation Pause) 378M->73M(512M) 2.072ms
[2024-04-09T00:16:48.581+0800][8039.220s] GC(952) User=0.00s Sys=0.00s Real=0.00s
[2024-04-09T00:16:49.832+0800][8040.471s] GC(953) Pause Young (Normal) (G1 Evacuation Pause)
[2024-04-09T00:16:49.832+0800][8040.471s] GC(953) Using 13 workers of 13 for evacuation
[2024-04-09T00:16:49.837+0800][8040.476s] GC(953)   Pre Evacuate Collection Set: 0.2ms
[2024-04-09T00:16:49.837+0800][8040.476s] GC(953)   Merge Heap Roots: 0.1ms
[2024-04-09T00:16:49.837+0800][8040.476s] GC(953)   Evacuate Collection Set: 4.5ms
[2024-04-09T00:16:49.837+0800][8040.476s] GC(953)   Post Evacuate Collection Set: 0.5ms
[2024-04-09T00:16:49.837+0800][8040.476s] GC(953)   Other: 0.1ms
[2024-04-09T00:16:49.837+0800][8040.477s] GC(953) Eden regions: 305->0(305)
[2024-04-09T00:16:49.837+0800][8040.477s] GC(953) Survivor regions: 2->2(39)
[2024-04-09T00:16:49.837+0800][8040.477s] GC(953) Old regions: 68->68
[2024-04-09T00:16:49.837+0800][8040.477s] GC(953) Humongous regions: 4->4
[2024-04-09T00:16:49.837+0800][8040.477s] GC(953) Metaspace: 68540K(69120K)->68540K(69120K) NonClass: 60835K(61120K)->60835K(61120K) Class: 7705K(8000K)->7705K(8000K)
[2024-04-09T00:16:49.837+0800][8040.477s] GC(953) Pause Young (Normal) (G1 Evacuation Pause) 378M->73M(512M) 5.607ms
[2024-04-09T00:16:49.838+0800][8040.477s] GC(953) User=0.00s Sys=0.02s Real=0.01s
[2024-04-09T00:16:51.034+0800][8041.673s] GC(954) Pause Young (Normal) (G1 Evacuation Pause)
[2024-04-09T00:16:51.034+0800][8041.673s] GC(954) Using 13 workers of 13 for evacuation
[2024-04-09T00:16:51.037+0800][8041.676s] GC(954)   Pre Evacuate Collection Set: 0.3ms
[2024-04-09T00:16:51.037+0800][8041.676s] GC(954)   Merge Heap Roots: 0.1ms
[2024-04-09T00:16:51.037+0800][8041.676s] GC(954)   Evacuate Collection Set: 2.2ms
[2024-04-09T00:16:51.037+0800][8041.676s] GC(954)   Post Evacuate Collection Set: 0.4ms
[2024-04-09T00:16:51.037+0800][8041.676s] GC(954)   Other: 0.1ms
[2024-04-09T00:16:51.037+0800][8041.676s] GC(954) Eden regions: 305->0(305)
[2024-04-09T00:16:51.037+0800][8041.676s] GC(954) Survivor regions: 2->2(39)
[2024-04-09T00:16:51.037+0800][8041.676s] GC(954) Old regions: 68->68
[2024-04-09T00:16:51.037+0800][8041.676s] GC(954) Humongous regions: 4->4
[2024-04-09T00:16:51.037+0800][8041.676s] GC(954) Metaspace: 68540K(69120K)->68540K(69120K) NonClass: 60835K(61120K)->60835K(61120K) Class: 7705K(8000K)->7705K(8000K)
[2024-04-09T00:16:51.037+0800][8041.676s] GC(954) Pause Young (Normal) (G1 Evacuation Pause) 378M->72M(512M) 3.539ms
[2024-04-09T00:16:51.037+0800][8041.676s] GC(954) User=0.00s Sys=0.00s Real=0.00s
[2024-04-09T00:16:52.292+0800][8042.931s] GC(955) Pause Young (Normal) (G1 Evacuation Pause)
[2024-04-09T00:16:52.292+0800][8042.931s] GC(955) Using 13 workers of 13 for evacuation
[2024-04-09T00:16:52.294+0800][8042.933s] GC(955)   Pre Evacuate Collection Set: 0.1ms
[2024-04-09T00:16:52.294+0800][8042.933s] GC(955)   Merge Heap Roots: 0.1ms
[2024-04-09T00:16:52.294+0800][8042.933s] GC(955)   Evacuate Collection Set: 1.6ms
[2024-04-09T00:16:52.294+0800][8042.933s] GC(955)   Post Evacuate Collection Set: 0.6ms
[2024-04-09T00:16:52.294+0800][8042.933s] GC(955)   Other: 0.1ms
[2024-04-09T00:16:52.294+0800][8042.933s] GC(955) Eden regions: 305->0(305)
[2024-04-09T00:16:52.294+0800][8042.933s] GC(955) Survivor regions: 2->2(39)
[2024-04-09T00:16:52.294+0800][8042.933s] GC(955) Old regions: 68->68
[2024-04-09T00:16:52.294+0800][8042.933s] GC(955) Humongous regions: 4->4
[2024-04-09T00:16:52.294+0800][8042.933s] GC(955) Metaspace: 68540K(69120K)->68540K(69120K) NonClass: 60835K(61120K)->60835K(61120K) Class: 7705K(8000K)->7705K(8000K)
[2024-04-09T00:16:52.294+0800][8042.934s] GC(955) Pause Young (Normal) (G1 Evacuation Pause) 377M->72M(512M) 2.723ms
[2024-04-09T00:16:52.294+0800][8042.934s] GC(955) User=0.00s Sys=0.00s Real=0.00s
[2024-04-09T00:16:53.586+0800][8044.226s] GC(956) Pause Young (Normal) (G1 Evacuation Pause)
[2024-04-09T00:16:53.586+0800][8044.226s] GC(956) Using 13 workers of 13 for evacuation
[2024-04-09T00:16:53.589+0800][8044.228s] GC(956)   Pre Evacuate Collection Set: 0.4ms
[2024-04-09T00:16:53.589+0800][8044.228s] GC(956)   Merge Heap Roots: 0.1ms
[2024-04-09T00:16:53.589+0800][8044.228s] GC(956)   Evacuate Collection Set: 1.2ms
[2024-04-09T00:16:53.589+0800][8044.228s] GC(956)   Post Evacuate Collection Set: 0.3ms
[2024-04-09T00:16:53.589+0800][8044.228s] GC(956)   Other: 0.1ms
[2024-04-09T00:16:53.589+0800][8044.228s] GC(956) Eden regions: 305->0(305)
[2024-04-09T00:16:53.589+0800][8044.228s] GC(956) Survivor regions: 2->2(39)
[2024-04-09T00:16:53.589+0800][8044.228s] GC(956) Old regions: 68->68
[2024-04-09T00:16:53.589+0800][8044.228s] GC(956) Humongous regions: 4->4
[2024-04-09T00:16:53.589+0800][8044.228s] GC(956) Metaspace: 68540K(69120K)->68540K(69120K) NonClass: 60835K(61120K)->60835K(61120K) Class: 7705K(8000K)->7705K(8000K)
[2024-04-09T00:16:53.589+0800][8044.228s] GC(956) Pause Young (Normal) (G1 Evacuation Pause) 377M->73M(512M) 2.257ms
[2024-04-09T00:16:53.589+0800][8044.228s] GC(956) User=0.20s Sys=0.00s Real=0.00s
[2024-04-09T00:16:54.811+0800][8045.451s] GC(957) Pause Young (Normal) (G1 Evacuation Pause)
[2024-04-09T00:16:54.811+0800][8045.451s] GC(957) Using 13 workers of 13 for evacuation
[2024-04-09T00:16:54.814+0800][8045.453s] GC(957)   Pre Evacuate Collection Set: 0.1ms
[2024-04-09T00:16:54.814+0800][8045.453s] GC(957)   Merge Heap Roots: 0.0ms
[2024-04-09T00:16:54.814+0800][8045.453s] GC(957)   Evacuate Collection Set: 1.7ms
[2024-04-09T00:16:54.814+0800][8045.453s] GC(957)   Post Evacuate Collection Set: 0.4ms
[2024-04-09T00:16:54.814+0800][8045.453s] GC(957)   Other: 0.1ms
[2024-04-09T00:16:54.814+0800][8045.453s] GC(957) Eden regions: 305->0(305)
[2024-04-09T00:16:54.814+0800][8045.453s] GC(957) Survivor regions: 2->2(39)
[2024-04-09T00:16:54.814+0800][8045.453s] GC(957) Old regions: 68->68
[2024-04-09T00:16:54.814+0800][8045.453s] GC(957) Humongous regions: 4->4
[2024-04-09T00:16:54.814+0800][8045.453s] GC(957) Metaspace: 68540K(69120K)->68540K(69120K) NonClass: 60835K(61120K)->60835K(61120K) Class: 7705K(8000K)->7705K(8000K)
[2024-04-09T00:16:54.814+0800][8045.453s] GC(957) Pause Young (Normal) (G1 Evacuation Pause) 378M->73M(512M) 2.540ms
[2024-04-09T00:16:54.814+0800][8045.453s] GC(957) User=0.00s Sys=0.00s Real=0.00s
[2024-04-09T00:16:56.086+0800][8046.725s] GC(958) Pause Young (Normal) (G1 Evacuation Pause)
[2024-04-09T00:16:56.086+0800][8046.725s] GC(958) Using 13 workers of 13 for evacuation
[2024-04-09T00:16:56.088+0800][8046.728s] GC(958)   Pre Evacuate Collection Set: 0.1ms
[2024-04-09T00:16:56.089+0800][8046.728s] GC(958)   Merge Heap Roots: 0.1ms
[2024-04-09T00:16:56.089+0800][8046.728s] GC(958)   Evacuate Collection Set: 1.9ms
[2024-04-09T00:16:56.089+0800][8046.728s] GC(958)   Post Evacuate Collection Set: 0.5ms
[2024-04-09T00:16:56.089+0800][8046.728s] GC(958)   Other: 0.1ms
[2024-04-09T00:16:56.089+0800][8046.728s] GC(958) Eden regions: 305->0(305)
[2024-04-09T00:16:56.089+0800][8046.728s] GC(958) Survivor regions: 2->2(39)
[2024-04-09T00:16:56.089+0800][8046.728s] GC(958) Old regions: 68->68
[2024-04-09T00:16:56.089+0800][8046.728s] GC(958) Humongous regions: 4->4
[2024-04-09T00:16:56.089+0800][8046.728s] GC(958) Metaspace: 68540K(69120K)->68540K(69120K) NonClass: 60835K(61120K)->60835K(61120K) Class: 7705K(8000K)->7705K(8000K)
[2024-04-09T00:16:56.089+0800][8046.728s] GC(958) Pause Young (Normal) (G1 Evacuation Pause) 378M->73M(512M) 3.057ms
[2024-04-09T00:16:56.089+0800][8046.728s] GC(958) User=0.03s Sys=0.00s Real=0.00s
[2024-04-09T00:16:57.455+0800][8048.094s] GC(959) Pause Young (Normal) (G1 Evacuation Pause)
[2024-04-09T00:16:57.455+0800][8048.094s] GC(959) Using 13 workers of 13 for evacuation
[2024-04-09T00:16:57.457+0800][8048.096s] GC(959)   Pre Evacuate Collection Set: 0.1ms
[2024-04-09T00:16:57.457+0800][8048.096s] GC(959)   Merge Heap Roots: 0.0ms
[2024-04-09T00:16:57.457+0800][8048.096s] GC(959)   Evacuate Collection Set: 1.4ms
[2024-04-09T00:16:57.457+0800][8048.096s] GC(959)   Post Evacuate Collection Set: 0.3ms
[2024-04-09T00:16:57.457+0800][8048.096s] GC(959)   Other: 0.1ms
[2024-04-09T00:16:57.457+0800][8048.096s] GC(959) Eden regions: 305->0(305)
[2024-04-09T00:16:57.457+0800][8048.096s] GC(959) Survivor regions: 2->2(39)
[2024-04-09T00:16:57.457+0800][8048.096s] GC(959) Old regions: 68->68
[2024-04-09T00:16:57.457+0800][8048.096s] GC(959) Humongous regions: 4->4
[2024-04-09T00:16:57.457+0800][8048.096s] GC(959) Metaspace: 68540K(69120K)->68540K(69120K) NonClass: 60835K(61120K)->60835K(61120K) Class: 7705K(8000K)->7705K(8000K)
[2024-04-09T00:16:57.457+0800][8048.096s] GC(959) Pause Young (Normal) (G1 Evacuation Pause) 378M->73M(512M) 2.168ms
[2024-04-09T00:16:57.457+0800][8048.096s] GC(959) User=0.00s Sys=0.00s Real=0.00s
[2024-04-09T00:16:58.749+0800][8049.389s] GC(960) Pause Young (Normal) (G1 Evacuation Pause)
[2024-04-09T00:16:58.749+0800][8049.389s] GC(960) Using 13 workers of 13 for evacuation
[2024-04-09T00:16:58.751+0800][8049.390s] GC(960)   Pre Evacuate Collection Set: 0.1ms
[2024-04-09T00:16:58.751+0800][8049.390s] GC(960)   Merge Heap Roots: 0.0ms
[2024-04-09T00:16:58.751+0800][8049.390s] GC(960)   Evacuate Collection Set: 1.3ms
[2024-04-09T00:16:58.751+0800][8049.390s] GC(960)   Post Evacuate Collection Set: 0.3ms
[2024-04-09T00:16:58.751+0800][8049.390s] GC(960)   Other: 0.1ms
[2024-04-09T00:16:58.751+0800][8049.390s] GC(960) Eden regions: 305->0(305)
[2024-04-09T00:16:58.751+0800][8049.391s] GC(960) Survivor regions: 2->2(39)
[2024-04-09T00:16:58.751+0800][8049.391s] GC(960) Old regions: 68->68
[2024-04-09T00:16:58.751+0800][8049.391s] GC(960) Humongous regions: 4->4
[2024-04-09T00:16:58.751+0800][8049.391s] GC(960) Metaspace: 68540K(69120K)->68540K(69120K) NonClass: 60835K(61120K)->60835K(61120K) Class: 7705K(8000K)->7705K(8000K)
[2024-04-09T00:16:58.751+0800][8049.391s] GC(960) Pause Young (Normal) (G1 Evacuation Pause) 378M->73M(512M) 1.966ms
[2024-04-09T00:16:58.751+0800][8049.391s] GC(960) User=0.00s Sys=0.00s Real=0.00s
[2024-04-09T00:17:00.042+0800][8050.681s] GC(961) Pause Young (Normal) (G1 Evacuation Pause)
[2024-04-09T00:17:00.042+0800][8050.681s] GC(961) Using 13 workers of 13 for evacuation
[2024-04-09T00:17:00.044+0800][8050.683s] GC(961)   Pre Evacuate Collection Set: 0.1ms
[2024-04-09T00:17:00.044+0800][8050.683s] GC(961)   Merge Heap Roots: 0.0ms
[2024-04-09T00:17:00.044+0800][8050.683s] GC(961)   Evacuate Collection Set: 1.2ms
[2024-04-09T00:17:00.044+0800][8050.683s] GC(961)   Post Evacuate Collection Set: 0.5ms
[2024-04-09T00:17:00.044+0800][8050.683s] GC(961)   Other: 0.1ms
[2024-04-09T00:17:00.044+0800][8050.683s] GC(961) Eden regions: 305->0(305)
[2024-04-09T00:17:00.044+0800][8050.683s] GC(961) Survivor regions: 2->2(39)
[2024-04-09T00:17:00.044+0800][8050.683s] GC(961) Old regions: 68->68
[2024-04-09T00:17:00.044+0800][8050.683s] GC(961) Humongous regions: 4->4
[2024-04-09T00:17:00.044+0800][8050.683s] GC(961) Metaspace: 68540K(69120K)->68540K(69120K) NonClass: 60835K(61120K)->60835K(61120K) Class: 7705K(8000K)->7705K(8000K)
[2024-04-09T00:17:00.044+0800][8050.683s] GC(961) Pause Young (Normal) (G1 Evacuation Pause) 378M->73M(512M) 2.095ms
[2024-04-09T00:17:00.044+0800][8050.683s] GC(961) User=0.00s Sys=0.00s Real=0.00s
[2024-04-09T00:17:01.281+0800][8051.920s] GC(962) Pause Young (Normal) (G1 Evacuation Pause)
[2024-04-09T00:17:01.281+0800][8051.920s] GC(962) Using 13 workers of 13 for evacuation
[2024-04-09T00:17:01.284+0800][8051.923s] GC(962)   Pre Evacuate Collection Set: 0.2ms
[2024-04-09T00:17:01.284+0800][8051.923s] GC(962)   Merge Heap Roots: 0.1ms
[2024-04-09T00:17:01.284+0800][8051.923s] GC(962)   Evacuate Collection Set: 1.8ms
[2024-04-09T00:17:01.284+0800][8051.923s] GC(962)   Post Evacuate Collection Set: 0.6ms
[2024-04-09T00:17:01.284+0800][8051.923s] GC(962)   Other: 0.1ms
[2024-04-09T00:17:01.284+0800][8051.923s] GC(962) Eden regions: 305->0(305)
[2024-04-09T00:17:01.284+0800][8051.923s] GC(962) Survivor regions: 2->2(39)
[2024-04-09T00:17:01.284+0800][8051.923s] GC(962) Old regions: 68->68
[2024-04-09T00:17:01.284+0800][8051.923s] GC(962) Humongous regions: 4->4
[2024-04-09T00:17:01.284+0800][8051.923s] GC(962) Metaspace: 68540K(69120K)->68540K(69120K) NonClass: 60835K(61120K)->60835K(61120K) Class: 7705K(8000K)->7705K(8000K)
[2024-04-09T00:17:01.284+0800][8051.923s] GC(962) Pause Young (Normal) (G1 Evacuation Pause) 378M->73M(512M) 3.077ms
[2024-04-09T00:17:01.284+0800][8051.923s] GC(962) User=0.00s Sys=0.00s Real=0.00s
[2024-04-09T00:17:02.526+0800][8053.165s] GC(963) Pause Young (Normal) (G1 Evacuation Pause)
[2024-04-09T00:17:02.526+0800][8053.165s] GC(963) Using 13 workers of 13 for evacuation
[2024-04-09T00:17:02.528+0800][8053.167s] GC(963)   Pre Evacuate Collection Set: 0.1ms
[2024-04-09T00:17:02.528+0800][8053.167s] GC(963)   Merge Heap Roots: 0.1ms
[2024-04-09T00:17:02.528+0800][8053.168s] GC(963)   Evacuate Collection Set: 1.7ms
[2024-04-09T00:17:02.528+0800][8053.168s] GC(963)   Post Evacuate Collection Set: 0.5ms
[2024-04-09T00:17:02.528+0800][8053.168s] GC(963)   Other: 0.1ms
[2024-04-09T00:17:02.528+0800][8053.168s] GC(963) Eden regions: 305->0(305)
[2024-04-09T00:17:02.528+0800][8053.168s] GC(963) Survivor regions: 2->2(39)
[2024-04-09T00:17:02.528+0800][8053.168s] GC(963) Old regions: 68->68
[2024-04-09T00:17:02.528+0800][8053.168s] GC(963) Humongous regions: 4->4
[2024-04-09T00:17:02.528+0800][8053.168s] GC(963) Metaspace: 68540K(69120K)->68540K(69120K) NonClass: 60835K(61120K)->60835K(61120K) Class: 7705K(8000K)->7705K(8000K)
[2024-04-09T00:17:02.528+0800][8053.168s] GC(963) Pause Young (Normal) (G1 Evacuation Pause) 378M->73M(512M) 2.663ms
[2024-04-09T00:17:02.528+0800][8053.168s] GC(963) User=0.00s Sys=0.00s Real=0.00s
[2024-04-09T00:17:03.794+0800][8054.433s] GC(964) Pause Young (Normal) (G1 Evacuation Pause)
[2024-04-09T00:17:03.794+0800][8054.433s] GC(964) Using 13 workers of 13 for evacuation
[2024-04-09T00:17:03.796+0800][8054.435s] GC(964)   Pre Evacuate Collection Set: 0.1ms
[2024-04-09T00:17:03.796+0800][8054.435s] GC(964)   Merge Heap Roots: 0.1ms
[2024-04-09T00:17:03.796+0800][8054.435s] GC(964)   Evacuate Collection Set: 1.5ms
[2024-04-09T00:17:03.796+0800][8054.435s] GC(964)   Post Evacuate Collection Set: 0.3ms
[2024-04-09T00:17:03.796+0800][8054.435s] GC(964)   Other: 0.1ms
[2024-04-09T00:17:03.796+0800][8054.435s] GC(964) Eden regions: 305->0(305)
[2024-04-09T00:17:03.796+0800][8054.435s] GC(964) Survivor regions: 2->2(39)
[2024-04-09T00:17:03.796+0800][8054.435s] GC(964) Old regions: 68->68
[2024-04-09T00:17:03.796+0800][8054.436s] GC(964) Humongous regions: 4->4
[2024-04-09T00:17:03.796+0800][8054.436s] GC(964) Metaspace: 68540K(69120K)->68540K(69120K) NonClass: 60835K(61120K)->60835K(61120K) Class: 7705K(8000K)->7705K(8000K)
[2024-04-09T00:17:03.796+0800][8054.436s] GC(964) Pause Young (Normal) (G1 Evacuation Pause) 378M->73M(512M) 2.323ms
[2024-04-09T00:17:03.796+0800][8054.436s] GC(964) User=0.00s Sys=0.00s Real=0.00s
[2024-04-09T00:17:05.061+0800][8055.700s] GC(965) Pause Young (Normal) (G1 Evacuation Pause)
[2024-04-09T00:17:05.061+0800][8055.700s] GC(965) Using 13 workers of 13 for evacuation
[2024-04-09T00:17:05.064+0800][8055.703s] GC(965)   Pre Evacuate Collection Set: 0.2ms
[2024-04-09T00:17:05.064+0800][8055.703s] GC(965)   Merge Heap Roots: 0.1ms
[2024-04-09T00:17:05.064+0800][8055.703s] GC(965)   Evacuate Collection Set: 1.7ms
[2024-04-09T00:17:05.064+0800][8055.703s] GC(965)   Post Evacuate Collection Set: 0.7ms
[2024-04-09T00:17:05.064+0800][8055.703s] GC(965)   Other: 0.1ms
[2024-04-09T00:17:05.064+0800][8055.703s] GC(965) Eden regions: 305->0(305)
[2024-04-09T00:17:05.064+0800][8055.703s] GC(965) Survivor regions: 2->2(39)
[2024-04-09T00:17:05.064+0800][8055.703s] GC(965) Old regions: 68->68
[2024-04-09T00:17:05.064+0800][8055.703s] GC(965) Humongous regions: 4->4
[2024-04-09T00:17:05.064+0800][8055.703s] GC(965) Metaspace: 68540K(69120K)->68540K(69120K) NonClass: 60835K(61120K)->60835K(61120K) Class: 7705K(8000K)->7705K(8000K)
[2024-04-09T00:17:05.064+0800][8055.703s] GC(965) Pause Young (Normal) (G1 Evacuation Pause) 378M->73M(512M) 3.031ms
[2024-04-09T00:17:05.064+0800][8055.703s] GC(965) User=0.00s Sys=0.00s Real=0.00s
[2024-04-09T00:17:06.279+0800][8056.918s] GC(966) Pause Young (Normal) (G1 Evacuation Pause)
[2024-04-09T00:17:06.279+0800][8056.918s] GC(966) Using 13 workers of 13 for evacuation
[2024-04-09T00:17:06.281+0800][8056.920s] GC(966)   Pre Evacuate Collection Set: 0.1ms
[2024-04-09T00:17:06.281+0800][8056.920s] GC(966)   Merge Heap Roots: 0.1ms
[2024-04-09T00:17:06.281+0800][8056.920s] GC(966)   Evacuate Collection Set: 1.3ms
[2024-04-09T00:17:06.281+0800][8056.920s] GC(966)   Post Evacuate Collection Set: 0.3ms
[2024-04-09T00:17:06.281+0800][8056.920s] GC(966)   Other: 0.1ms
[2024-04-09T00:17:06.281+0800][8056.920s] GC(966) Eden regions: 305->0(305)
[2024-04-09T00:17:06.281+0800][8056.920s] GC(966) Survivor regions: 2->2(39)
[2024-04-09T00:17:06.281+0800][8056.920s] GC(966) Old regions: 68->69
[2024-04-09T00:17:06.281+0800][8056.920s] GC(966) Humongous regions: 4->4
[2024-04-09T00:17:06.281+0800][8056.920s] GC(966) Metaspace: 68540K(69120K)->68540K(69120K) NonClass: 60835K(61120K)->60835K(61120K) Class: 7705K(8000K)->7705K(8000K)
[2024-04-09T00:17:06.281+0800][8056.920s] GC(966) Pause Young (Normal) (G1 Evacuation Pause) 378M->73M(512M) 2.034ms
[2024-04-09T00:17:06.281+0800][8056.920s] GC(966) User=0.00s Sys=0.00s Real=0.00s
[2024-04-09T00:17:07.580+0800][8058.220s] GC(967) Pause Young (Normal) (G1 Evacuation Pause)
[2024-04-09T00:17:07.581+0800][8058.220s] GC(967) Using 13 workers of 13 for evacuation
[2024-04-09T00:17:07.584+0800][8058.223s] GC(967)   Pre Evacuate Collection Set: 0.4ms
[2024-04-09T00:17:07.584+0800][8058.223s] GC(967)   Merge Heap Roots: 0.1ms
[2024-04-09T00:17:07.584+0800][8058.223s] GC(967)   Evacuate Collection Set: 2.1ms
[2024-04-09T00:17:07.584+0800][8058.223s] GC(967)   Post Evacuate Collection Set: 0.7ms
[2024-04-09T00:17:07.584+0800][8058.224s] GC(967)   Other: 0.2ms
[2024-04-09T00:17:07.584+0800][8058.224s] GC(967) Eden regions: 305->0(305)
[2024-04-09T00:17:07.584+0800][8058.224s] GC(967) Survivor regions: 2->2(39)
[2024-04-09T00:17:07.584+0800][8058.224s] GC(967) Old regions: 69->69
[2024-04-09T00:17:07.584+0800][8058.224s] GC(967) Humongous regions: 4->4
[2024-04-09T00:17:07.584+0800][8058.224s] GC(967) Metaspace: 68540K(69120K)->68540K(69120K) NonClass: 60835K(61120K)->60835K(61120K) Class: 7705K(8000K)->7705K(8000K)
[2024-04-09T00:17:07.584+0800][8058.224s] GC(967) Pause Young (Normal) (G1 Evacuation Pause) 378M->73M(512M) 4.019ms
[2024-04-09T00:17:07.584+0800][8058.224s] GC(967) User=0.00s Sys=0.00s Real=0.00s
[2024-04-09T00:17:08.854+0800][8059.493s] GC(968) Pause Young (Normal) (G1 Evacuation Pause)
[2024-04-09T00:17:08.854+0800][8059.493s] GC(968) Using 13 workers of 13 for evacuation
[2024-04-09T00:17:08.856+0800][8059.495s] GC(968)   Pre Evacuate Collection Set: 0.2ms
[2024-04-09T00:17:08.856+0800][8059.495s] GC(968)   Merge Heap Roots: 0.1ms
[2024-04-09T00:17:08.856+0800][8059.495s] GC(968)   Evacuate Collection Set: 1.5ms
[2024-04-09T00:17:08.856+0800][8059.495s] GC(968)   Post Evacuate Collection Set: 0.5ms
[2024-04-09T00:17:08.856+0800][8059.496s] GC(968)   Other: 0.1ms
[2024-04-09T00:17:08.856+0800][8059.496s] GC(968) Eden regions: 305->0(305)
[2024-04-09T00:17:08.856+0800][8059.496s] GC(968) Survivor regions: 2->2(39)
[2024-04-09T00:17:08.856+0800][8059.496s] GC(968) Old regions: 69->69
[2024-04-09T00:17:08.856+0800][8059.496s] GC(968) Humongous regions: 4->4
[2024-04-09T00:17:08.856+0800][8059.496s] GC(968) Metaspace: 68540K(69120K)->68540K(69120K) NonClass: 60835K(61120K)->60835K(61120K) Class: 7705K(8000K)->7705K(8000K)
[2024-04-09T00:17:08.856+0800][8059.496s] GC(968) Pause Young (Normal) (G1 Evacuation Pause) 378M->73M(512M) 2.537ms
[2024-04-09T00:17:08.856+0800][8059.496s] GC(968) User=0.00s Sys=0.00s Real=0.00s
[2024-04-09T00:17:10.110+0800][8060.749s] GC(969) Pause Young (Normal) (G1 Evacuation Pause)
[2024-04-09T00:17:10.110+0800][8060.750s] GC(969) Using 13 workers of 13 for evacuation
[2024-04-09T00:17:10.115+0800][8060.754s] GC(969)   Pre Evacuate Collection Set: 0.1ms
[2024-04-09T00:17:10.115+0800][8060.754s] GC(969)   Merge Heap Roots: 0.1ms
[2024-04-09T00:17:10.115+0800][8060.754s] GC(969)   Evacuate Collection Set: 3.8ms
[2024-04-09T00:17:10.115+0800][8060.754s] GC(969)   Post Evacuate Collection Set: 0.5ms
[2024-04-09T00:17:10.115+0800][8060.754s] GC(969)   Other: 0.1ms
[2024-04-09T00:17:10.115+0800][8060.754s] GC(969) Eden regions: 305->0(305)
[2024-04-09T00:17:10.115+0800][8060.754s] GC(969) Survivor regions: 2->2(39)
[2024-04-09T00:17:10.115+0800][8060.754s] GC(969) Old regions: 69->69
[2024-04-09T00:17:10.115+0800][8060.754s] GC(969) Humongous regions: 4->4
[2024-04-09T00:17:10.115+0800][8060.754s] GC(969) Metaspace: 68540K(69120K)->68540K(69120K) NonClass: 60835K(61120K)->60835K(61120K) Class: 7705K(8000K)->7705K(8000K)
[2024-04-09T00:17:10.115+0800][8060.754s] GC(969) Pause Young (Normal) (G1 Evacuation Pause) 378M->73M(512M) 4.848ms
[2024-04-09T00:17:10.115+0800][8060.754s] GC(969) User=0.00s Sys=0.00s Real=0.01s
[2024-04-09T00:17:11.405+0800][8062.045s] GC(970) Pause Young (Normal) (G1 Evacuation Pause)
[2024-04-09T00:17:11.405+0800][8062.045s] GC(970) Using 13 workers of 13 for evacuation
[2024-04-09T00:17:11.408+0800][8062.047s] GC(970)   Pre Evacuate Collection Set: 0.1ms
[2024-04-09T00:17:11.408+0800][8062.047s] GC(970)   Merge Heap Roots: 0.1ms
[2024-04-09T00:17:11.408+0800][8062.047s] GC(970)   Evacuate Collection Set: 1.6ms
[2024-04-09T00:17:11.408+0800][8062.047s] GC(970)   Post Evacuate Collection Set: 0.5ms
[2024-04-09T00:17:11.408+0800][8062.047s] GC(970)   Other: 0.1ms
[2024-04-09T00:17:11.408+0800][8062.047s] GC(970) Eden regions: 305->0(305)
[2024-04-09T00:17:11.408+0800][8062.047s] GC(970) Survivor regions: 2->2(39)
[2024-04-09T00:17:11.408+0800][8062.047s] GC(970) Old regions: 69->69
[2024-04-09T00:17:11.408+0800][8062.047s] GC(970) Humongous regions: 4->4
[2024-04-09T00:17:11.408+0800][8062.047s] GC(970) Metaspace: 68540K(69120K)->68540K(69120K) NonClass: 60835K(61120K)->60835K(61120K) Class: 7705K(8000K)->7705K(8000K)
[2024-04-09T00:17:11.408+0800][8062.047s] GC(970) Pause Young (Normal) (G1 Evacuation Pause) 378M->73M(512M) 2.782ms
[2024-04-09T00:17:11.408+0800][8062.047s] GC(970) User=0.00s Sys=0.00s Real=0.00s
[2024-04-09T00:17:12.658+0800][8063.297s] GC(971) Pause Young (Normal) (G1 Evacuation Pause)
[2024-04-09T00:17:12.658+0800][8063.297s] GC(971) Using 13 workers of 13 for evacuation
[2024-04-09T00:17:12.661+0800][8063.300s] GC(971)   Pre Evacuate Collection Set: 0.1ms
[2024-04-09T00:17:12.661+0800][8063.300s] GC(971)   Merge Heap Roots: 0.1ms
[2024-04-09T00:17:12.661+0800][8063.300s] GC(971)   Evacuate Collection Set: 1.7ms
[2024-04-09T00:17:12.661+0800][8063.300s] GC(971)   Post Evacuate Collection Set: 0.4ms
[2024-04-09T00:17:12.661+0800][8063.300s] GC(971)   Other: 0.1ms
[2024-04-09T00:17:12.661+0800][8063.300s] GC(971) Eden regions: 305->0(305)
[2024-04-09T00:17:12.661+0800][8063.300s] GC(971) Survivor regions: 2->2(39)
[2024-04-09T00:17:12.661+0800][8063.300s] GC(971) Old regions: 69->69
[2024-04-09T00:17:12.661+0800][8063.300s] GC(971) Humongous regions: 4->4
[2024-04-09T00:17:12.661+0800][8063.300s] GC(971) Metaspace: 68540K(69120K)->68540K(69120K) NonClass: 60835K(61120K)->60835K(61120K) Class: 7705K(8000K)->7705K(8000K)
[2024-04-09T00:17:12.661+0800][8063.300s] GC(971) Pause Young (Normal) (G1 Evacuation Pause) 378M->73M(512M) 2.675ms
[2024-04-09T00:17:12.661+0800][8063.300s] GC(971) User=0.00s Sys=0.00s Real=0.00s
[2024-04-09T00:17:14.030+0800][8064.669s] GC(972) Pause Young (Normal) (G1 Evacuation Pause)
[2024-04-09T00:17:14.030+0800][8064.669s] GC(972) Using 13 workers of 13 for evacuation
[2024-04-09T00:17:14.034+0800][8064.673s] GC(972)   Pre Evacuate Collection Set: 0.2ms
[2024-04-09T00:17:14.034+0800][8064.673s] GC(972)   Merge Heap Roots: 0.1ms
[2024-04-09T00:17:14.034+0800][8064.673s] GC(972)   Evacuate Collection Set: 2.4ms
[2024-04-09T00:17:14.034+0800][8064.673s] GC(972)   Post Evacuate Collection Set: 1.1ms
[2024-04-09T00:17:14.034+0800][8064.674s] GC(972)   Other: 0.2ms
[2024-04-09T00:17:14.034+0800][8064.674s] GC(972) Eden regions: 305->0(305)
[2024-04-09T00:17:14.034+0800][8064.674s] GC(972) Survivor regions: 2->2(39)
[2024-04-09T00:17:14.034+0800][8064.674s] GC(972) Old regions: 69->69
[2024-04-09T00:17:14.034+0800][8064.674s] GC(972) Humongous regions: 4->4
[2024-04-09T00:17:14.034+0800][8064.674s] GC(972) Metaspace: 68540K(69120K)->68540K(69120K) NonClass: 60835K(61120K)->60835K(61120K) Class: 7705K(8000K)->7705K(8000K)
[2024-04-09T00:17:14.034+0800][8064.674s] GC(972) Pause Young (Normal) (G1 Evacuation Pause) 378M->73M(512M) 4.474ms
[2024-04-09T00:17:14.035+0800][8064.674s] GC(972) User=0.00s Sys=0.00s Real=0.01s
[2024-04-09T00:17:15.273+0800][8065.913s] GC(973) Pause Young (Normal) (G1 Evacuation Pause)
[2024-04-09T00:17:15.273+0800][8065.913s] GC(973) Using 13 workers of 13 for evacuation
[2024-04-09T00:17:15.277+0800][8065.916s] GC(973)   Pre Evacuate Collection Set: 0.2ms
[2024-04-09T00:17:15.277+0800][8065.916s] GC(973)   Merge Heap Roots: 0.1ms
[2024-04-09T00:17:15.277+0800][8065.916s] GC(973)   Evacuate Collection Set: 1.9ms
[2024-04-09T00:17:15.277+0800][8065.916s] GC(973)   Post Evacuate Collection Set: 1.2ms
[2024-04-09T00:17:15.277+0800][8065.917s] GC(973)   Other: 0.2ms
[2024-04-09T00:17:15.277+0800][8065.917s] GC(973) Eden regions: 305->0(305)
[2024-04-09T00:17:15.277+0800][8065.917s] GC(973) Survivor regions: 2->2(39)
[2024-04-09T00:17:15.277+0800][8065.917s] GC(973) Old regions: 69->69
[2024-04-09T00:17:15.277+0800][8065.917s] GC(973) Humongous regions: 4->4
[2024-04-09T00:17:15.277+0800][8065.917s] GC(973) Metaspace: 68540K(69120K)->68540K(69120K) NonClass: 60835K(61120K)->60835K(61120K) Class: 7705K(8000K)->7705K(8000K)
[2024-04-09T00:17:15.277+0800][8065.917s] GC(973) Pause Young (Normal) (G1 Evacuation Pause) 378M->73M(512M) 4.260ms
[2024-04-09T00:17:15.277+0800][8065.917s] GC(973) User=0.06s Sys=0.00s Real=0.00s
[2024-04-09T00:17:16.755+0800][8067.395s] GC(974) Pause Young (Normal) (G1 Evacuation Pause)
[2024-04-09T00:17:16.755+0800][8067.395s] GC(974) Using 13 workers of 13 for evacuation
[2024-04-09T00:17:16.757+0800][8067.397s] GC(974)   Pre Evacuate Collection Set: 0.1ms
[2024-04-09T00:17:16.757+0800][8067.397s] GC(974)   Merge Heap Roots: 0.1ms
[2024-04-09T00:17:16.757+0800][8067.397s] GC(974)   Evacuate Collection Set: 1.5ms
[2024-04-09T00:17:16.757+0800][8067.397s] GC(974)   Post Evacuate Collection Set: 0.4ms
[2024-04-09T00:17:16.757+0800][8067.397s] GC(974)   Other: 0.1ms
[2024-04-09T00:17:16.757+0800][8067.397s] GC(974) Eden regions: 305->0(304)
[2024-04-09T00:17:16.757+0800][8067.397s] GC(974) Survivor regions: 2->3(39)
[2024-04-09T00:17:16.757+0800][8067.397s] GC(974) Old regions: 69->69
[2024-04-09T00:17:16.757+0800][8067.397s] GC(974) Humongous regions: 4->4
[2024-04-09T00:17:16.757+0800][8067.397s] GC(974) Metaspace: 68540K(69120K)->68540K(69120K) NonClass: 60835K(61120K)->60835K(61120K) Class: 7705K(8000K)->7705K(8000K)
[2024-04-09T00:17:16.757+0800][8067.397s] GC(974) Pause Young (Normal) (G1 Evacuation Pause) 378M->74M(512M) 2.402ms
[2024-04-09T00:17:16.757+0800][8067.397s] GC(974) User=0.00s Sys=0.00s Real=0.00s
[2024-04-09T00:17:18.550+0800][8069.190s] GC(975) Pause Young (Normal) (G1 Evacuation Pause)
[2024-04-09T00:17:18.550+0800][8069.190s] GC(975) Using 13 workers of 13 for evacuation
[2024-04-09T00:17:18.552+0800][8069.192s] GC(975)   Pre Evacuate Collection Set: 0.1ms
[2024-04-09T00:17:18.552+0800][8069.192s] GC(975)   Merge Heap Roots: 0.1ms
[2024-04-09T00:17:18.552+0800][8069.192s] GC(975)   Evacuate Collection Set: 1.3ms
[2024-04-09T00:17:18.552+0800][8069.192s] GC(975)   Post Evacuate Collection Set: 0.4ms
[2024-04-09T00:17:18.552+0800][8069.192s] GC(975)   Other: 0.1ms
[2024-04-09T00:17:18.552+0800][8069.192s] GC(975) Eden regions: 304->0(305)
[2024-04-09T00:17:18.552+0800][8069.192s] GC(975) Survivor regions: 3->2(39)
[2024-04-09T00:17:18.552+0800][8069.192s] GC(975) Old regions: 69->69
[2024-04-09T00:17:18.552+0800][8069.192s] GC(975) Humongous regions: 4->4
[2024-04-09T00:17:18.552+0800][8069.192s] GC(975) Metaspace: 68540K(69120K)->68540K(69120K) NonClass: 60835K(61120K)->60835K(61120K) Class: 7705K(8000K)->7705K(8000K)
[2024-04-09T00:17:18.552+0800][8069.192s] GC(975) Pause Young (Normal) (G1 Evacuation Pause) 378M->73M(512M) 2.122ms
[2024-04-09T00:17:18.552+0800][8069.192s] GC(975) User=0.00s Sys=0.00s Real=0.00s
[2024-04-09T00:17:19.799+0800][8070.439s] GC(976) Pause Young (Normal) (G1 Evacuation Pause)
[2024-04-09T00:17:19.799+0800][8070.439s] GC(976) Using 13 workers of 13 for evacuation
[2024-04-09T00:17:19.802+0800][8070.441s] GC(976)   Pre Evacuate Collection Set: 0.4ms
[2024-04-09T00:17:19.802+0800][8070.441s] GC(976)   Merge Heap Roots: 0.1ms
[2024-04-09T00:17:19.802+0800][8070.441s] GC(976)   Evacuate Collection Set: 1.5ms
[2024-04-09T00:17:19.802+0800][8070.441s] GC(976)   Post Evacuate Collection Set: 0.4ms
[2024-04-09T00:17:19.802+0800][8070.441s] GC(976)   Other: 0.1ms
[2024-04-09T00:17:19.802+0800][8070.441s] GC(976) Eden regions: 305->0(305)
[2024-04-09T00:17:19.802+0800][8070.441s] GC(976) Survivor regions: 2->2(39)
[2024-04-09T00:17:19.802+0800][8070.441s] GC(976) Old regions: 69->69
[2024-04-09T00:17:19.802+0800][8070.441s] GC(976) Humongous regions: 4->4
[2024-04-09T00:17:19.802+0800][8070.441s] GC(976) Metaspace: 68540K(69120K)->68540K(69120K) NonClass: 60835K(61120K)->60835K(61120K) Class: 7705K(8000K)->7705K(8000K)
[2024-04-09T00:17:19.802+0800][8070.441s] GC(976) Pause Young (Normal) (G1 Evacuation Pause) 378M->73M(512M) 2.809ms
[2024-04-09T00:17:19.802+0800][8070.441s] GC(976) User=0.00s Sys=0.00s Real=0.00s
[2024-04-09T00:17:21.057+0800][8071.696s] GC(977) Pause Young (Normal) (G1 Evacuation Pause)
[2024-04-09T00:17:21.057+0800][8071.697s] GC(977) Using 13 workers of 13 for evacuation
[2024-04-09T00:17:21.060+0800][8071.700s] GC(977)   Pre Evacuate Collection Set: 0.3ms
[2024-04-09T00:17:21.060+0800][8071.700s] GC(977)   Merge Heap Roots: 0.1ms
[2024-04-09T00:17:21.060+0800][8071.700s] GC(977)   Evacuate Collection Set: 2.0ms
[2024-04-09T00:17:21.060+0800][8071.700s] GC(977)   Post Evacuate Collection Set: 0.5ms
[2024-04-09T00:17:21.060+0800][8071.700s] GC(977)   Other: 0.1ms
[2024-04-09T00:17:21.060+0800][8071.700s] GC(977) Eden regions: 305->0(305)
[2024-04-09T00:17:21.060+0800][8071.700s] GC(977) Survivor regions: 2->2(39)
[2024-04-09T00:17:21.060+0800][8071.700s] GC(977) Old regions: 69->69
[2024-04-09T00:17:21.060+0800][8071.700s] GC(977) Humongous regions: 4->4
[2024-04-09T00:17:21.060+0800][8071.700s] GC(977) Metaspace: 68540K(69120K)->68540K(69120K) NonClass: 60835K(61120K)->60835K(61120K) Class: 7705K(8000K)->7705K(8000K)
[2024-04-09T00:17:21.060+0800][8071.700s] GC(977) Pause Young (Normal) (G1 Evacuation Pause) 378M->74M(512M) 3.444ms
[2024-04-09T00:17:21.060+0800][8071.700s] GC(977) User=0.00s Sys=0.00s Real=0.00s
[2024-04-09T00:17:22.245+0800][8072.884s] GC(978) Pause Young (Normal) (G1 Evacuation Pause)
[2024-04-09T00:17:22.245+0800][8072.885s] GC(978) Using 13 workers of 13 for evacuation
[2024-04-09T00:17:22.248+0800][8072.887s] GC(978)   Pre Evacuate Collection Set: 0.2ms
[2024-04-09T00:17:22.248+0800][8072.887s] GC(978)   Merge Heap Roots: 0.1ms
[2024-04-09T00:17:22.248+0800][8072.887s] GC(978)   Evacuate Collection Set: 1.7ms
[2024-04-09T00:17:22.248+0800][8072.887s] GC(978)   Post Evacuate Collection Set: 0.6ms
[2024-04-09T00:17:22.248+0800][8072.887s] GC(978)   Other: 0.1ms
[2024-04-09T00:17:22.248+0800][8072.887s] GC(978) Eden regions: 305->0(305)
[2024-04-09T00:17:22.248+0800][8072.887s] GC(978) Survivor regions: 2->2(39)
[2024-04-09T00:17:22.248+0800][8072.887s] GC(978) Old regions: 69->69
[2024-04-09T00:17:22.248+0800][8072.887s] GC(978) Humongous regions: 4->4
[2024-04-09T00:17:22.248+0800][8072.887s] GC(978) Metaspace: 68540K(69120K)->68540K(69120K) NonClass: 60835K(61120K)->60835K(61120K) Class: 7705K(8000K)->7705K(8000K)
[2024-04-09T00:17:22.248+0800][8072.887s] GC(978) Pause Young (Normal) (G1 Evacuation Pause) 379M->73M(512M) 2.875ms
[2024-04-09T00:17:22.248+0800][8072.887s] GC(978) User=0.00s Sys=0.00s Real=0.00s
[2024-04-09T00:17:23.524+0800][8074.164s] GC(979) Pause Young (Normal) (G1 Evacuation Pause)
[2024-04-09T00:17:23.525+0800][8074.164s] GC(979) Using 13 workers of 13 for evacuation
[2024-04-09T00:17:23.527+0800][8074.166s] GC(979)   Pre Evacuate Collection Set: 0.1ms
[2024-04-09T00:17:23.527+0800][8074.166s] GC(979)   Merge Heap Roots: 0.1ms
[2024-04-09T00:17:23.527+0800][8074.166s] GC(979)   Evacuate Collection Set: 1.7ms
[2024-04-09T00:17:23.527+0800][8074.166s] GC(979)   Post Evacuate Collection Set: 0.3ms
[2024-04-09T00:17:23.527+0800][8074.166s] GC(979)   Other: 0.1ms
[2024-04-09T00:17:23.527+0800][8074.166s] GC(979) Eden regions: 305->0(305)
[2024-04-09T00:17:23.527+0800][8074.166s] GC(979) Survivor regions: 2->2(39)
[2024-04-09T00:17:23.527+0800][8074.166s] GC(979) Old regions: 69->69
[2024-04-09T00:17:23.527+0800][8074.166s] GC(979) Humongous regions: 4->4
[2024-04-09T00:17:23.527+0800][8074.166s] GC(979) Metaspace: 68540K(69120K)->68540K(69120K) NonClass: 60835K(61120K)->60835K(61120K) Class: 7705K(8000K)->7705K(8000K)
[2024-04-09T00:17:23.527+0800][8074.166s] GC(979) Pause Young (Normal) (G1 Evacuation Pause) 378M->74M(512M) 2.560ms
[2024-04-09T00:17:23.527+0800][8074.166s] GC(979) User=0.00s Sys=0.02s Real=0.00s
[2024-04-09T00:17:24.820+0800][8075.459s] GC(980) Pause Young (Normal) (G1 Evacuation Pause)
[2024-04-09T00:17:24.820+0800][8075.459s] GC(980) Using 13 workers of 13 for evacuation
[2024-04-09T00:17:24.822+0800][8075.461s] GC(980)   Pre Evacuate Collection Set: 0.2ms
[2024-04-09T00:17:24.822+0800][8075.461s] GC(980)   Merge Heap Roots: 0.1ms
[2024-04-09T00:17:24.822+0800][8075.461s] GC(980)   Evacuate Collection Set: 1.4ms
[2024-04-09T00:17:24.822+0800][8075.461s] GC(980)   Post Evacuate Collection Set: 0.5ms
[2024-04-09T00:17:24.822+0800][8075.461s] GC(980)   Other: 0.1ms
[2024-04-09T00:17:24.822+0800][8075.461s] GC(980) Eden regions: 305->0(305)
[2024-04-09T00:17:24.822+0800][8075.461s] GC(980) Survivor regions: 2->2(39)
[2024-04-09T00:17:24.822+0800][8075.461s] GC(980) Old regions: 69->69
[2024-04-09T00:17:24.822+0800][8075.461s] GC(980) Humongous regions: 4->4
[2024-04-09T00:17:24.822+0800][8075.461s] GC(980) Metaspace: 68540K(69120K)->68540K(69120K) NonClass: 60835K(61120K)->60835K(61120K) Class: 7705K(8000K)->7705K(8000K)
[2024-04-09T00:17:24.822+0800][8075.461s] GC(980) Pause Young (Normal) (G1 Evacuation Pause) 379M->73M(512M) 2.493ms
[2024-04-09T00:17:24.822+0800][8075.461s] GC(980) User=0.02s Sys=0.00s Real=0.00s
[2024-04-09T00:17:26.133+0800][8076.773s] GC(981) Pause Young (Normal) (G1 Evacuation Pause)
[2024-04-09T00:17:26.133+0800][8076.773s] GC(981) Using 13 workers of 13 for evacuation
[2024-04-09T00:17:26.136+0800][8076.775s] GC(981)   Pre Evacuate Collection Set: 0.1ms
[2024-04-09T00:17:26.136+0800][8076.775s] GC(981)   Merge Heap Roots: 0.1ms
[2024-04-09T00:17:26.136+0800][8076.775s] GC(981)   Evacuate Collection Set: 1.6ms
[2024-04-09T00:17:26.136+0800][8076.775s] GC(981)   Post Evacuate Collection Set: 0.4ms
[2024-04-09T00:17:26.136+0800][8076.775s] GC(981)   Other: 0.1ms
[2024-04-09T00:17:26.136+0800][8076.775s] GC(981) Eden regions: 305->0(305)
[2024-04-09T00:17:26.136+0800][8076.775s] GC(981) Survivor regions: 2->2(39)
[2024-04-09T00:17:26.136+0800][8076.775s] GC(981) Old regions: 69->69
[2024-04-09T00:17:26.136+0800][8076.775s] GC(981) Humongous regions: 4->4
[2024-04-09T00:17:26.136+0800][8076.775s] GC(981) Metaspace: 68540K(69120K)->68540K(69120K) NonClass: 60835K(61120K)->60835K(61120K) Class: 7705K(8000K)->7705K(8000K)
[2024-04-09T00:17:26.136+0800][8076.775s] GC(981) Pause Young (Normal) (G1 Evacuation Pause) 378M->74M(512M) 2.391ms
[2024-04-09T00:17:26.136+0800][8076.775s] GC(981) User=0.03s Sys=0.00s Real=0.00s
[2024-04-09T00:17:27.454+0800][8078.093s] GC(982) Pause Young (Normal) (G1 Evacuation Pause)
[2024-04-09T00:17:27.454+0800][8078.093s] GC(982) Using 13 workers of 13 for evacuation
[2024-04-09T00:17:27.457+0800][8078.096s] GC(982)   Pre Evacuate Collection Set: 0.2ms
[2024-04-09T00:17:27.457+0800][8078.096s] GC(982)   Merge Heap Roots: 0.1ms
[2024-04-09T00:17:27.457+0800][8078.096s] GC(982)   Evacuate Collection Set: 2.0ms
[2024-04-09T00:17:27.457+0800][8078.096s] GC(982)   Post Evacuate Collection Set: 0.6ms
[2024-04-09T00:17:27.457+0800][8078.096s] GC(982)   Other: 0.1ms
[2024-04-09T00:17:27.457+0800][8078.096s] GC(982) Eden regions: 305->0(305)
[2024-04-09T00:17:27.457+0800][8078.096s] GC(982) Survivor regions: 2->2(39)
[2024-04-09T00:17:27.457+0800][8078.096s] GC(982) Old regions: 69->69
[2024-04-09T00:17:27.457+0800][8078.096s] GC(982) Humongous regions: 4->4
[2024-04-09T00:17:27.457+0800][8078.096s] GC(982) Metaspace: 68540K(69120K)->68540K(69120K) NonClass: 60835K(61120K)->60835K(61120K) Class: 7705K(8000K)->7705K(8000K)
[2024-04-09T00:17:27.457+0800][8078.097s] GC(982) Pause Young (Normal) (G1 Evacuation Pause) 379M->73M(512M) 3.196ms
[2024-04-09T00:17:27.457+0800][8078.097s] GC(982) User=0.00s Sys=0.00s Real=0.00s
[2024-04-09T00:17:28.703+0800][8079.342s] GC(983) Pause Young (Normal) (G1 Evacuation Pause)
[2024-04-09T00:17:28.703+0800][8079.342s] GC(983) Using 13 workers of 13 for evacuation
[2024-04-09T00:17:28.705+0800][8079.344s] GC(983)   Pre Evacuate Collection Set: 0.1ms
[2024-04-09T00:17:28.705+0800][8079.344s] GC(983)   Merge Heap Roots: 0.1ms
[2024-04-09T00:17:28.705+0800][8079.344s] GC(983)   Evacuate Collection Set: 1.5ms
[2024-04-09T00:17:28.705+0800][8079.344s] GC(983)   Post Evacuate Collection Set: 0.4ms
[2024-04-09T00:17:28.705+0800][8079.344s] GC(983)   Other: 0.1ms
[2024-04-09T00:17:28.705+0800][8079.344s] GC(983) Eden regions: 305->0(305)
[2024-04-09T00:17:28.705+0800][8079.344s] GC(983) Survivor regions: 2->2(39)
[2024-04-09T00:17:28.705+0800][8079.344s] GC(983) Old regions: 69->69
[2024-04-09T00:17:28.705+0800][8079.344s] GC(983) Humongous regions: 4->4
[2024-04-09T00:17:28.705+0800][8079.344s] GC(983) Metaspace: 68540K(69120K)->68540K(69120K) NonClass: 60835K(61120K)->60835K(61120K) Class: 7705K(8000K)->7705K(8000K)
[2024-04-09T00:17:28.705+0800][8079.344s] GC(983) Pause Young (Normal) (G1 Evacuation Pause) 378M->74M(512M) 2.381ms
[2024-04-09T00:17:28.705+0800][8079.344s] GC(983) User=0.00s Sys=0.00s Real=0.00s
[2024-04-09T00:17:30.022+0800][8080.662s] GC(984) Pause Young (Normal) (G1 Evacuation Pause)
[2024-04-09T00:17:30.022+0800][8080.662s] GC(984) Using 13 workers of 13 for evacuation
[2024-04-09T00:17:30.024+0800][8080.663s] GC(984)   Pre Evacuate Collection Set: 0.1ms
[2024-04-09T00:17:30.024+0800][8080.663s] GC(984)   Merge Heap Roots: 0.1ms
[2024-04-09T00:17:30.024+0800][8080.663s] GC(984)   Evacuate Collection Set: 1.2ms
[2024-04-09T00:17:30.024+0800][8080.663s] GC(984)   Post Evacuate Collection Set: 0.3ms
[2024-04-09T00:17:30.024+0800][8080.663s] GC(984)   Other: 0.1ms
[2024-04-09T00:17:30.024+0800][8080.663s] GC(984) Eden regions: 305->0(305)
[2024-04-09T00:17:30.024+0800][8080.663s] GC(984) Survivor regions: 2->2(39)
[2024-04-09T00:17:30.024+0800][8080.664s] GC(984) Old regions: 69->69
[2024-04-09T00:17:30.024+0800][8080.664s] GC(984) Humongous regions: 4->4
[2024-04-09T00:17:30.024+0800][8080.664s] GC(984) Metaspace: 68540K(69120K)->68540K(69120K) NonClass: 60835K(61120K)->60835K(61120K) Class: 7705K(8000K)->7705K(8000K)
[2024-04-09T00:17:30.024+0800][8080.664s] GC(984) Pause Young (Normal) (G1 Evacuation Pause) 379M->73M(512M) 1.890ms
[2024-04-09T00:17:30.024+0800][8080.664s] GC(984) User=0.00s Sys=0.00s Real=0.00s
[2024-04-09T00:17:31.270+0800][8081.910s] GC(985) Pause Young (Normal) (G1 Evacuation Pause)
[2024-04-09T00:17:31.270+0800][8081.910s] GC(985) Using 13 workers of 13 for evacuation
[2024-04-09T00:17:31.273+0800][8081.912s] GC(985)   Pre Evacuate Collection Set: 0.1ms
[2024-04-09T00:17:31.273+0800][8081.912s] GC(985)   Merge Heap Roots: 0.1ms
[2024-04-09T00:17:31.273+0800][8081.912s] GC(985)   Evacuate Collection Set: 1.4ms
[2024-04-09T00:17:31.273+0800][8081.912s] GC(985)   Post Evacuate Collection Set: 0.5ms
[2024-04-09T00:17:31.273+0800][8081.912s] GC(985)   Other: 0.1ms
[2024-04-09T00:17:31.273+0800][8081.912s] GC(985) Eden regions: 305->0(305)
[2024-04-09T00:17:31.273+0800][8081.912s] GC(985) Survivor regions: 2->2(39)
[2024-04-09T00:17:31.273+0800][8081.912s] GC(985) Old regions: 69->69
[2024-04-09T00:17:31.273+0800][8081.912s] GC(985) Humongous regions: 4->4
[2024-04-09T00:17:31.273+0800][8081.912s] GC(985) Metaspace: 68540K(69120K)->68540K(69120K) NonClass: 60835K(61120K)->60835K(61120K) Class: 7705K(8000K)->7705K(8000K)
[2024-04-09T00:17:31.273+0800][8081.912s] GC(985) Pause Young (Normal) (G1 Evacuation Pause) 378M->74M(512M) 2.426ms
[2024-04-09T00:17:31.273+0800][8081.912s] GC(985) User=0.00s Sys=0.00s Real=0.00s
[2024-04-09T00:17:32.526+0800][8083.165s] GC(986) Pause Young (Normal) (G1 Evacuation Pause)
[2024-04-09T00:17:32.526+0800][8083.165s] GC(986) Using 13 workers of 13 for evacuation
[2024-04-09T00:17:32.528+0800][8083.167s] GC(986)   Pre Evacuate Collection Set: 0.1ms
[2024-04-09T00:17:32.528+0800][8083.167s] GC(986)   Merge Heap Roots: 0.0ms
[2024-04-09T00:17:32.528+0800][8083.167s] GC(986)   Evacuate Collection Set: 1.2ms
[2024-04-09T00:17:32.528+0800][8083.167s] GC(986)   Post Evacuate Collection Set: 0.4ms
[2024-04-09T00:17:32.528+0800][8083.167s] GC(986)   Other: 0.1ms
[2024-04-09T00:17:32.528+0800][8083.167s] GC(986) Eden regions: 305->0(305)
[2024-04-09T00:17:32.528+0800][8083.167s] GC(986) Survivor regions: 2->2(39)
[2024-04-09T00:17:32.528+0800][8083.167s] GC(986) Old regions: 69->69
[2024-04-09T00:17:32.528+0800][8083.167s] GC(986) Humongous regions: 4->4
[2024-04-09T00:17:32.528+0800][8083.167s] GC(986) Metaspace: 68540K(69120K)->68540K(69120K) NonClass: 60835K(61120K)->60835K(61120K) Class: 7705K(8000K)->7705K(8000K)
[2024-04-09T00:17:32.528+0800][8083.167s] GC(986) Pause Young (Normal) (G1 Evacuation Pause) 379M->74M(512M) 2.058ms
[2024-04-09T00:17:32.528+0800][8083.167s] GC(986) User=0.00s Sys=0.00s Real=0.00s
[2024-04-09T00:17:33.855+0800][8084.495s] GC(987) Pause Young (Normal) (G1 Evacuation Pause)
[2024-04-09T00:17:33.855+0800][8084.495s] GC(987) Using 13 workers of 13 for evacuation
[2024-04-09T00:17:33.857+0800][8084.497s] GC(987)   Pre Evacuate Collection Set: 0.2ms
[2024-04-09T00:17:33.857+0800][8084.497s] GC(987)   Merge Heap Roots: 0.1ms
[2024-04-09T00:17:33.857+0800][8084.497s] GC(987)   Evacuate Collection Set: 1.4ms
[2024-04-09T00:17:33.857+0800][8084.497s] GC(987)   Post Evacuate Collection Set: 0.4ms
[2024-04-09T00:17:33.857+0800][8084.497s] GC(987)   Other: 0.1ms
[2024-04-09T00:17:33.858+0800][8084.497s] GC(987) Eden regions: 305->0(305)
[2024-04-09T00:17:33.858+0800][8084.497s] GC(987) Survivor regions: 2->2(39)
[2024-04-09T00:17:33.858+0800][8084.497s] GC(987) Old regions: 69->69
[2024-04-09T00:17:33.858+0800][8084.497s] GC(987) Humongous regions: 4->4
[2024-04-09T00:17:33.858+0800][8084.497s] GC(987) Metaspace: 68540K(69120K)->68540K(69120K) NonClass: 60835K(61120K)->60835K(61120K) Class: 7705K(8000K)->7705K(8000K)
[2024-04-09T00:17:33.858+0800][8084.497s] GC(987) Pause Young (Normal) (G1 Evacuation Pause) 379M->73M(512M) 2.248ms
[2024-04-09T00:17:33.858+0800][8084.497s] GC(987) User=0.00s Sys=0.00s Real=0.00s
[2024-04-09T00:17:35.109+0800][8085.748s] GC(988) Pause Young (Normal) (G1 Evacuation Pause)
[2024-04-09T00:17:35.109+0800][8085.748s] GC(988) Using 13 workers of 13 for evacuation
[2024-04-09T00:17:35.111+0800][8085.751s] GC(988)   Pre Evacuate Collection Set: 0.2ms
[2024-04-09T00:17:35.111+0800][8085.751s] GC(988)   Merge Heap Roots: 0.1ms
[2024-04-09T00:17:35.112+0800][8085.751s] GC(988)   Evacuate Collection Set: 1.7ms
[2024-04-09T00:17:35.112+0800][8085.751s] GC(988)   Post Evacuate Collection Set: 0.5ms
[2024-04-09T00:17:35.112+0800][8085.751s] GC(988)   Other: 0.1ms
[2024-04-09T00:17:35.112+0800][8085.751s] GC(988) Eden regions: 305->0(305)
[2024-04-09T00:17:35.112+0800][8085.751s] GC(988) Survivor regions: 2->2(39)
[2024-04-09T00:17:35.112+0800][8085.751s] GC(988) Old regions: 69->69
[2024-04-09T00:17:35.112+0800][8085.751s] GC(988) Humongous regions: 4->4
[2024-04-09T00:17:35.112+0800][8085.751s] GC(988) Metaspace: 68540K(69120K)->68540K(69120K) NonClass: 60835K(61120K)->60835K(61120K) Class: 7705K(8000K)->7705K(8000K)
[2024-04-09T00:17:35.112+0800][8085.751s] GC(988) Pause Young (Normal) (G1 Evacuation Pause) 378M->74M(512M) 2.746ms
[2024-04-09T00:17:35.112+0800][8085.751s] GC(988) User=0.00s Sys=0.00s Real=0.00s
[2024-04-09T00:17:36.393+0800][8087.033s] GC(989) Pause Young (Normal) (G1 Evacuation Pause)
[2024-04-09T00:17:36.393+0800][8087.033s] GC(989) Using 13 workers of 13 for evacuation
[2024-04-09T00:17:36.396+0800][8087.035s] GC(989)   Pre Evacuate Collection Set: 0.1ms
[2024-04-09T00:17:36.396+0800][8087.035s] GC(989)   Merge Heap Roots: 0.1ms
[2024-04-09T00:17:36.396+0800][8087.035s] GC(989)   Evacuate Collection Set: 1.6ms
[2024-04-09T00:17:36.396+0800][8087.035s] GC(989)   Post Evacuate Collection Set: 0.5ms
[2024-04-09T00:17:36.396+0800][8087.035s] GC(989)   Other: 0.1ms
[2024-04-09T00:17:36.396+0800][8087.035s] GC(989) Eden regions: 305->0(305)
[2024-04-09T00:17:36.396+0800][8087.035s] GC(989) Survivor regions: 2->2(39)
[2024-04-09T00:17:36.396+0800][8087.035s] GC(989) Old regions: 69->69
[2024-04-09T00:17:36.396+0800][8087.035s] GC(989) Humongous regions: 4->4
[2024-04-09T00:17:36.396+0800][8087.035s] GC(989) Metaspace: 68540K(69120K)->68540K(69120K) NonClass: 60835K(61120K)->60835K(61120K) Class: 7705K(8000K)->7705K(8000K)
[2024-04-09T00:17:36.396+0800][8087.035s] GC(989) Pause Young (Normal) (G1 Evacuation Pause) 379M->74M(512M) 2.672ms
[2024-04-09T00:17:36.396+0800][8087.035s] GC(989) User=0.00s Sys=0.00s Real=0.00s
[2024-04-09T00:17:37.649+0800][8088.289s] GC(990) Pause Young (Normal) (G1 Evacuation Pause)
[2024-04-09T00:17:37.649+0800][8088.289s] GC(990) Using 13 workers of 13 for evacuation
[2024-04-09T00:17:37.654+0800][8088.293s] GC(990)   Pre Evacuate Collection Set: 0.2ms
[2024-04-09T00:17:37.654+0800][8088.293s] GC(990)   Merge Heap Roots: 0.1ms
[2024-04-09T00:17:37.654+0800][8088.293s] GC(990)   Evacuate Collection Set: 3.6ms
[2024-04-09T00:17:37.654+0800][8088.293s] GC(990)   Post Evacuate Collection Set: 0.4ms
[2024-04-09T00:17:37.654+0800][8088.293s] GC(990)   Other: 0.1ms
[2024-04-09T00:17:37.654+0800][8088.293s] GC(990) Eden regions: 305->0(305)
[2024-04-09T00:17:37.654+0800][8088.293s] GC(990) Survivor regions: 2->2(39)
[2024-04-09T00:17:37.654+0800][8088.293s] GC(990) Old regions: 69->69
[2024-04-09T00:17:37.654+0800][8088.293s] GC(990) Humongous regions: 4->4
[2024-04-09T00:17:37.654+0800][8088.293s] GC(990) Metaspace: 68540K(69120K)->68540K(69120K) NonClass: 60835K(61120K)->60835K(61120K) Class: 7705K(8000K)->7705K(8000K)
[2024-04-09T00:17:37.654+0800][8088.293s] GC(990) Pause Young (Normal) (G1 Evacuation Pause) 379M->73M(512M) 4.667ms
[2024-04-09T00:17:37.654+0800][8088.293s] GC(990) User=0.20s Sys=0.00s Real=0.01s
[2024-04-09T00:17:38.902+0800][8089.541s] GC(991) Pause Young (Normal) (G1 Evacuation Pause)
[2024-04-09T00:17:38.902+0800][8089.541s] GC(991) Using 13 workers of 13 for evacuation
[2024-04-09T00:17:38.904+0800][8089.543s] GC(991)   Pre Evacuate Collection Set: 0.1ms
[2024-04-09T00:17:38.904+0800][8089.543s] GC(991)   Merge Heap Roots: 0.1ms
[2024-04-09T00:17:38.904+0800][8089.543s] GC(991)   Evacuate Collection Set: 1.5ms
[2024-04-09T00:17:38.904+0800][8089.543s] GC(991)   Post Evacuate Collection Set: 0.4ms
[2024-04-09T00:17:38.904+0800][8089.543s] GC(991)   Other: 0.1ms
[2024-04-09T00:17:38.904+0800][8089.543s] GC(991) Eden regions: 305->0(305)
[2024-04-09T00:17:38.904+0800][8089.544s] GC(991) Survivor regions: 2->2(39)
[2024-04-09T00:17:38.904+0800][8089.544s] GC(991) Old regions: 69->69
[2024-04-09T00:17:38.904+0800][8089.544s] GC(991) Humongous regions: 4->4
[2024-04-09T00:17:38.904+0800][8089.544s] GC(991) Metaspace: 68540K(69120K)->68540K(69120K) NonClass: 60835K(61120K)->60835K(61120K) Class: 7705K(8000K)->7705K(8000K)
[2024-04-09T00:17:38.904+0800][8089.544s] GC(991) Pause Young (Normal) (G1 Evacuation Pause) 378M->73M(512M) 2.636ms
[2024-04-09T00:17:38.904+0800][8089.544s] GC(991) User=0.00s Sys=0.00s Real=0.00s
[2024-04-09T00:17:40.218+0800][8090.857s] GC(992) Pause Young (Normal) (G1 Evacuation Pause)
[2024-04-09T00:17:40.218+0800][8090.857s] GC(992) Using 13 workers of 13 for evacuation
[2024-04-09T00:17:40.221+0800][8090.861s] GC(992)   Pre Evacuate Collection Set: 0.2ms
[2024-04-09T00:17:40.221+0800][8090.861s] GC(992)   Merge Heap Roots: 0.1ms
[2024-04-09T00:17:40.221+0800][8090.861s] GC(992)   Evacuate Collection Set: 2.2ms
[2024-04-09T00:17:40.221+0800][8090.861s] GC(992)   Post Evacuate Collection Set: 0.6ms
[2024-04-09T00:17:40.221+0800][8090.861s] GC(992)   Other: 0.1ms
[2024-04-09T00:17:40.221+0800][8090.861s] GC(992) Eden regions: 305->0(305)
[2024-04-09T00:17:40.221+0800][8090.861s] GC(992) Survivor regions: 2->2(39)
[2024-04-09T00:17:40.222+0800][8090.861s] GC(992) Old regions: 69->69
[2024-04-09T00:17:40.222+0800][8090.861s] GC(992) Humongous regions: 4->4
[2024-04-09T00:17:40.222+0800][8090.861s] GC(992) Metaspace: 68540K(69120K)->68540K(69120K) NonClass: 60835K(61120K)->60835K(61120K) Class: 7705K(8000K)->7705K(8000K)
[2024-04-09T00:17:40.222+0800][8090.861s] GC(992) Pause Young (Normal) (G1 Evacuation Pause) 378M->74M(512M) 3.533ms
[2024-04-09T00:17:40.222+0800][8090.861s] GC(992) User=0.00s Sys=0.00s Real=0.00s
[2024-04-09T00:17:41.503+0800][8092.142s] GC(993) Pause Young (Normal) (G1 Evacuation Pause)
[2024-04-09T00:17:41.503+0800][8092.142s] GC(993) Using 13 workers of 13 for evacuation
[2024-04-09T00:17:41.506+0800][8092.145s] GC(993)   Pre Evacuate Collection Set: 0.1ms
[2024-04-09T00:17:41.506+0800][8092.145s] GC(993)   Merge Heap Roots: 0.1ms
[2024-04-09T00:17:41.506+0800][8092.145s] GC(993)   Evacuate Collection Set: 2.0ms
[2024-04-09T00:17:41.506+0800][8092.145s] GC(993)   Post Evacuate Collection Set: 0.5ms
[2024-04-09T00:17:41.506+0800][8092.145s] GC(993)   Other: 0.1ms
[2024-04-09T00:17:41.506+0800][8092.145s] GC(993) Eden regions: 305->0(304)
[2024-04-09T00:17:41.506+0800][8092.145s] GC(993) Survivor regions: 2->3(39)
[2024-04-09T00:17:41.506+0800][8092.145s] GC(993) Old regions: 69->69
[2024-04-09T00:17:41.506+0800][8092.145s] GC(993) Humongous regions: 4->4
[2024-04-09T00:17:41.506+0800][8092.145s] GC(993) Metaspace: 68540K(69120K)->68540K(69120K) NonClass: 60835K(61120K)->60835K(61120K) Class: 7705K(8000K)->7705K(8000K)
[2024-04-09T00:17:41.506+0800][8092.145s] GC(993) Pause Young (Normal) (G1 Evacuation Pause) 379M->74M(512M) 3.031ms
[2024-04-09T00:17:41.506+0800][8092.145s] GC(993) User=0.00s Sys=0.00s Real=0.00s
[2024-04-09T00:17:42.772+0800][8093.411s] GC(994) Pause Young (Normal) (G1 Evacuation Pause)
[2024-04-09T00:17:42.772+0800][8093.411s] GC(994) Using 13 workers of 13 for evacuation
[2024-04-09T00:17:42.774+0800][8093.413s] GC(994)   Pre Evacuate Collection Set: 0.2ms
[2024-04-09T00:17:42.774+0800][8093.413s] GC(994)   Merge Heap Roots: 0.1ms
[2024-04-09T00:17:42.774+0800][8093.413s] GC(994)   Evacuate Collection Set: 1.3ms
[2024-04-09T00:17:42.774+0800][8093.413s] GC(994)   Post Evacuate Collection Set: 0.4ms
[2024-04-09T00:17:42.774+0800][8093.413s] GC(994)   Other: 0.1ms
[2024-04-09T00:17:42.774+0800][8093.413s] GC(994) Eden regions: 304->0(305)
[2024-04-09T00:17:42.774+0800][8093.413s] GC(994) Survivor regions: 3->2(39)
[2024-04-09T00:17:42.774+0800][8093.413s] GC(994) Old regions: 69->69
[2024-04-09T00:17:42.774+0800][8093.413s] GC(994) Humongous regions: 4->4
[2024-04-09T00:17:42.774+0800][8093.413s] GC(994) Metaspace: 68540K(69120K)->68540K(69120K) NonClass: 60835K(61120K)->60835K(61120K) Class: 7705K(8000K)->7705K(8000K)
[2024-04-09T00:17:42.774+0800][8093.413s] GC(994) Pause Young (Normal) (G1 Evacuation Pause) 378M->74M(512M) 2.245ms
[2024-04-09T00:17:42.774+0800][8093.413s] GC(994) User=0.00s Sys=0.00s Real=0.00s
[2024-04-09T00:17:44.081+0800][8094.721s] GC(995) Pause Young (Normal) (G1 Evacuation Pause)
[2024-04-09T00:17:44.081+0800][8094.721s] GC(995) Using 13 workers of 13 for evacuation
[2024-04-09T00:17:44.083+0800][8094.723s] GC(995)   Pre Evacuate Collection Set: 0.1ms
[2024-04-09T00:17:44.083+0800][8094.723s] GC(995)   Merge Heap Roots: 0.1ms
[2024-04-09T00:17:44.083+0800][8094.723s] GC(995)   Evacuate Collection Set: 1.4ms
[2024-04-09T00:17:44.083+0800][8094.723s] GC(995)   Post Evacuate Collection Set: 0.3ms
[2024-04-09T00:17:44.083+0800][8094.723s] GC(995)   Other: 0.1ms
[2024-04-09T00:17:44.083+0800][8094.723s] GC(995) Eden regions: 305->0(304)
[2024-04-09T00:17:44.083+0800][8094.723s] GC(995) Survivor regions: 2->3(39)
[2024-04-09T00:17:44.083+0800][8094.723s] GC(995) Old regions: 69->69
[2024-04-09T00:17:44.083+0800][8094.723s] GC(995) Humongous regions: 4->4
[2024-04-09T00:17:44.083+0800][8094.723s] GC(995) Metaspace: 68540K(69120K)->68540K(69120K) NonClass: 60835K(61120K)->60835K(61120K) Class: 7705K(8000K)->7705K(8000K)
[2024-04-09T00:17:44.083+0800][8094.723s] GC(995) Pause Young (Normal) (G1 Evacuation Pause) 379M->74M(512M) 2.224ms
[2024-04-09T00:17:44.083+0800][8094.723s] GC(995) User=0.00s Sys=0.00s Real=0.00s
[2024-04-09T00:17:45.364+0800][8096.004s] GC(996) Pause Young (Normal) (G1 Evacuation Pause)
[2024-04-09T00:17:45.364+0800][8096.004s] GC(996) Using 13 workers of 13 for evacuation
[2024-04-09T00:17:45.367+0800][8096.006s] GC(996)   Pre Evacuate Collection Set: 0.1ms
[2024-04-09T00:17:45.367+0800][8096.006s] GC(996)   Merge Heap Roots: 0.1ms
[2024-04-09T00:17:45.367+0800][8096.006s] GC(996)   Evacuate Collection Set: 1.6ms
[2024-04-09T00:17:45.367+0800][8096.006s] GC(996)   Post Evacuate Collection Set: 0.5ms
[2024-04-09T00:17:45.367+0800][8096.006s] GC(996)   Other: 0.1ms
[2024-04-09T00:17:45.367+0800][8096.007s] GC(996) Eden regions: 304->0(304)
[2024-04-09T00:17:45.367+0800][8096.007s] GC(996) Survivor regions: 3->3(39)
[2024-04-09T00:17:45.367+0800][8096.007s] GC(996) Old regions: 69->69
[2024-04-09T00:17:45.367+0800][8096.007s] GC(996) Humongous regions: 4->4
[2024-04-09T00:17:45.367+0800][8096.007s] GC(996) Metaspace: 68540K(69120K)->68540K(69120K) NonClass: 60835K(61120K)->60835K(61120K) Class: 7705K(8000K)->7705K(8000K)
[2024-04-09T00:17:45.367+0800][8096.007s] GC(996) Pause Young (Normal) (G1 Evacuation Pause) 378M->74M(512M) 2.652ms
[2024-04-09T00:17:45.367+0800][8096.007s] GC(996) User=0.00s Sys=0.00s Real=0.00s
[2024-04-09T00:17:46.676+0800][8097.315s] GC(997) Pause Young (Normal) (G1 Evacuation Pause)
[2024-04-09T00:17:46.676+0800][8097.315s] GC(997) Using 13 workers of 13 for evacuation
[2024-04-09T00:17:46.679+0800][8097.318s] GC(997)   Pre Evacuate Collection Set: 0.3ms
[2024-04-09T00:17:46.679+0800][8097.318s] GC(997)   Merge Heap Roots: 0.1ms
[2024-04-09T00:17:46.679+0800][8097.318s] GC(997)   Evacuate Collection Set: 1.9ms
[2024-04-09T00:17:46.679+0800][8097.318s] GC(997)   Post Evacuate Collection Set: 0.5ms
[2024-04-09T00:17:46.679+0800][8097.318s] GC(997)   Other: 0.1ms
[2024-04-09T00:17:46.679+0800][8097.318s] GC(997) Eden regions: 304->0(305)
[2024-04-09T00:17:46.679+0800][8097.318s] GC(997) Survivor regions: 3->2(39)
[2024-04-09T00:17:46.679+0800][8097.318s] GC(997) Old regions: 69->69
[2024-04-09T00:17:46.679+0800][8097.318s] GC(997) Humongous regions: 4->4
[2024-04-09T00:17:46.679+0800][8097.318s] GC(997) Metaspace: 68540K(69120K)->68540K(69120K) NonClass: 60835K(61120K)->60835K(61120K) Class: 7705K(8000K)->7705K(8000K)
[2024-04-09T00:17:46.679+0800][8097.318s] GC(997) Pause Young (Normal) (G1 Evacuation Pause) 378M->74M(512M) 3.230ms
[2024-04-09T00:17:46.679+0800][8097.318s] GC(997) User=0.00s Sys=0.00s Real=0.00s
[2024-04-09T00:17:47.999+0800][8098.638s] GC(998) Pause Young (Normal) (G1 Evacuation Pause)
[2024-04-09T00:17:47.999+0800][8098.638s] GC(998) Using 13 workers of 13 for evacuation
[2024-04-09T00:17:48.001+0800][8098.641s] GC(998)   Pre Evacuate Collection Set: 0.1ms
[2024-04-09T00:17:48.001+0800][8098.641s] GC(998)   Merge Heap Roots: 0.0ms
[2024-04-09T00:17:48.001+0800][8098.641s] GC(998)   Evacuate Collection Set: 1.7ms
[2024-04-09T00:17:48.001+0800][8098.641s] GC(998)   Post Evacuate Collection Set: 0.5ms
[2024-04-09T00:17:48.001+0800][8098.641s] GC(998)   Other: 0.1ms
[2024-04-09T00:17:48.001+0800][8098.641s] GC(998) Eden regions: 305->0(304)
[2024-04-09T00:17:48.001+0800][8098.641s] GC(998) Survivor regions: 2->3(39)
[2024-04-09T00:17:48.001+0800][8098.641s] GC(998) Old regions: 69->69
[2024-04-09T00:17:48.001+0800][8098.641s] GC(998) Humongous regions: 4->4
[2024-04-09T00:17:48.001+0800][8098.641s] GC(998) Metaspace: 68540K(69120K)->68540K(69120K) NonClass: 60835K(61120K)->60835K(61120K) Class: 7705K(8000K)->7705K(8000K)
[2024-04-09T00:17:48.001+0800][8098.641s] GC(998) Pause Young (Normal) (G1 Evacuation Pause) 379M->74M(512M) 2.677ms
[2024-04-09T00:17:48.001+0800][8098.641s] GC(998) User=0.00s Sys=0.00s Real=0.00s
[2024-04-09T00:17:49.248+0800][8099.887s] GC(999) Pause Young (Normal) (G1 Evacuation Pause)
[2024-04-09T00:17:49.248+0800][8099.887s] GC(999) Using 13 workers of 13 for evacuation
[2024-04-09T00:17:49.250+0800][8099.889s] GC(999)   Pre Evacuate Collection Set: 0.1ms
[2024-04-09T00:17:49.250+0800][8099.890s] GC(999)   Merge Heap Roots: 0.1ms
[2024-04-09T00:17:49.250+0800][8099.890s] GC(999)   Evacuate Collection Set: 1.3ms
[2024-04-09T00:17:49.250+0800][8099.890s] GC(999)   Post Evacuate Collection Set: 0.6ms
[2024-04-09T00:17:49.250+0800][8099.890s] GC(999)   Other: 0.1ms
[2024-04-09T00:17:49.250+0800][8099.890s] GC(999) Eden regions: 304->0(305)
[2024-04-09T00:17:49.250+0800][8099.890s] GC(999) Survivor regions: 3->2(39)
[2024-04-09T00:17:49.250+0800][8099.890s] GC(999) Old regions: 69->69
[2024-04-09T00:17:49.250+0800][8099.890s] GC(999) Humongous regions: 4->4
[2024-04-09T00:17:49.250+0800][8099.890s] GC(999) Metaspace: 68540K(69120K)->68540K(69120K) NonClass: 60835K(61120K)->60835K(61120K) Class: 7705K(8000K)->7705K(8000K)
[2024-04-09T00:17:49.250+0800][8099.890s] GC(999) Pause Young (Normal) (G1 Evacuation Pause) 378M->74M(512M) 2.462ms
[2024-04-09T00:17:49.250+0800][8099.890s] GC(999) User=0.00s Sys=0.00s Real=0.00s
[2024-04-09T00:17:50.532+0800][8101.172s] GC(1000) Pause Young (Normal) (G1 Evacuation Pause)
[2024-04-09T00:17:50.532+0800][8101.172s] GC(1000) Using 13 workers of 13 for evacuation
[2024-04-09T00:17:50.534+0800][8101.174s] GC(1000)   Pre Evacuate Collection Set: 0.1ms
[2024-04-09T00:17:50.534+0800][8101.174s] GC(1000)   Merge Heap Roots: 0.1ms
[2024-04-09T00:17:50.534+0800][8101.174s] GC(1000)   Evacuate Collection Set: 1.3ms
[2024-04-09T00:17:50.534+0800][8101.174s] GC(1000)   Post Evacuate Collection Set: 0.4ms
[2024-04-09T00:17:50.534+0800][8101.174s] GC(1000)   Other: 0.1ms
[2024-04-09T00:17:50.534+0800][8101.174s] GC(1000) Eden regions: 305->0(305)
[2024-04-09T00:17:50.534+0800][8101.174s] GC(1000) Survivor regions: 2->2(39)
[2024-04-09T00:17:50.534+0800][8101.174s] GC(1000) Old regions: 69->69
[2024-04-09T00:17:50.534+0800][8101.174s] GC(1000) Humongous regions: 4->4
[2024-04-09T00:17:50.534+0800][8101.174s] GC(1000) Metaspace: 68540K(69120K)->68540K(69120K) NonClass: 60835K(61120K)->60835K(61120K) Class: 7705K(8000K)->7705K(8000K)
[2024-04-09T00:17:50.534+0800][8101.174s] GC(1000) Pause Young (Normal) (G1 Evacuation Pause) 379M->74M(512M) 2.138ms
[2024-04-09T00:17:50.534+0800][8101.174s] GC(1000) User=0.00s Sys=0.00s Real=0.00s
[2024-04-09T00:17:51.758+0800][8102.397s] GC(1001) Pause Young (Normal) (G1 Evacuation Pause)
[2024-04-09T00:17:51.758+0800][8102.397s] GC(1001) Using 13 workers of 13 for evacuation
[2024-04-09T00:17:51.762+0800][8102.401s] GC(1001)   Pre Evacuate Collection Set: 0.1ms
[2024-04-09T00:17:51.762+0800][8102.401s] GC(1001)   Merge Heap Roots: 0.1ms
[2024-04-09T00:17:51.762+0800][8102.401s] GC(1001)   Evacuate Collection Set: 3.3ms
[2024-04-09T00:17:51.762+0800][8102.401s] GC(1001)   Post Evacuate Collection Set: 0.3ms
[2024-04-09T00:17:51.762+0800][8102.401s] GC(1001)   Other: 0.1ms
[2024-04-09T00:17:51.762+0800][8102.401s] GC(1001) Eden regions: 305->0(305)
[2024-04-09T00:17:51.762+0800][8102.401s] GC(1001) Survivor regions: 2->2(39)
[2024-04-09T00:17:51.762+0800][8102.401s] GC(1001) Old regions: 69->69
[2024-04-09T00:17:51.762+0800][8102.401s] GC(1001) Humongous regions: 4->4
[2024-04-09T00:17:51.762+0800][8102.401s] GC(1001) Metaspace: 68540K(69120K)->68540K(69120K) NonClass: 60835K(61120K)->60835K(61120K) Class: 7705K(8000K)->7705K(8000K)
[2024-04-09T00:17:51.762+0800][8102.401s] GC(1001) Pause Young (Normal) (G1 Evacuation Pause) 379M->74M(512M) 4.211ms
[2024-04-09T00:17:51.762+0800][8102.402s] GC(1001) User=0.20s Sys=0.00s Real=0.00s
[2024-04-09T00:17:53.031+0800][8103.670s] GC(1002) Pause Young (Normal) (G1 Evacuation Pause)
[2024-04-09T00:17:53.031+0800][8103.670s] GC(1002) Using 13 workers of 13 for evacuation
[2024-04-09T00:17:53.033+0800][8103.672s] GC(1002)   Pre Evacuate Collection Set: 0.1ms
[2024-04-09T00:17:53.033+0800][8103.672s] GC(1002)   Merge Heap Roots: 0.1ms
[2024-04-09T00:17:53.033+0800][8103.672s] GC(1002)   Evacuate Collection Set: 1.3ms
[2024-04-09T00:17:53.033+0800][8103.672s] GC(1002)   Post Evacuate Collection Set: 0.3ms
[2024-04-09T00:17:53.033+0800][8103.672s] GC(1002)   Other: 0.1ms
[2024-04-09T00:17:53.033+0800][8103.672s] GC(1002) Eden regions: 305->0(305)
[2024-04-09T00:17:53.033+0800][8103.672s] GC(1002) Survivor regions: 2->2(39)
[2024-04-09T00:17:53.033+0800][8103.672s] GC(1002) Old regions: 69->69
[2024-04-09T00:17:53.033+0800][8103.672s] GC(1002) Humongous regions: 4->4
[2024-04-09T00:17:53.033+0800][8103.672s] GC(1002) Metaspace: 68540K(69120K)->68540K(69120K) NonClass: 60835K(61120K)->60835K(61120K) Class: 7705K(8000K)->7705K(8000K)
[2024-04-09T00:17:53.033+0800][8103.672s] GC(1002) Pause Young (Normal) (G1 Evacuation Pause) 379M->74M(512M) 2.014ms
[2024-04-09T00:17:53.033+0800][8103.672s] GC(1002) User=0.00s Sys=0.00s Real=0.00s
[2024-04-09T00:17:54.308+0800][8104.948s] GC(1003) Pause Young (Normal) (G1 Evacuation Pause)
[2024-04-09T00:17:54.308+0800][8104.948s] GC(1003) Using 13 workers of 13 for evacuation
[2024-04-09T00:17:54.312+0800][8104.952s] GC(1003)   Pre Evacuate Collection Set: 0.2ms
[2024-04-09T00:17:54.312+0800][8104.952s] GC(1003)   Merge Heap Roots: 0.1ms
[2024-04-09T00:17:54.312+0800][8104.952s] GC(1003)   Evacuate Collection Set: 2.9ms
[2024-04-09T00:17:54.312+0800][8104.952s] GC(1003)   Post Evacuate Collection Set: 0.6ms
[2024-04-09T00:17:54.312+0800][8104.952s] GC(1003)   Other: 0.1ms
[2024-04-09T00:17:54.313+0800][8104.952s] GC(1003) Eden regions: 305->0(305)
[2024-04-09T00:17:54.313+0800][8104.952s] GC(1003) Survivor regions: 2->2(39)
[2024-04-09T00:17:54.313+0800][8104.952s] GC(1003) Old regions: 69->69
[2024-04-09T00:17:54.313+0800][8104.952s] GC(1003) Humongous regions: 4->4
[2024-04-09T00:17:54.313+0800][8104.952s] GC(1003) Metaspace: 68540K(69120K)->68540K(69120K) NonClass: 60835K(61120K)->60835K(61120K) Class: 7705K(8000K)->7705K(8000K)
[2024-04-09T00:17:54.313+0800][8104.952s] GC(1003) Pause Young (Normal) (G1 Evacuation Pause) 379M->74M(512M) 4.341ms
[2024-04-09T00:17:54.313+0800][8104.952s] GC(1003) User=0.00s Sys=0.00s Real=0.00s
[2024-04-09T00:17:55.562+0800][8106.201s] GC(1004) Pause Young (Normal) (G1 Evacuation Pause)
[2024-04-09T00:17:55.562+0800][8106.201s] GC(1004) Using 13 workers of 13 for evacuation
[2024-04-09T00:17:55.563+0800][8106.203s] GC(1004)   Pre Evacuate Collection Set: 0.1ms
[2024-04-09T00:17:55.564+0800][8106.203s] GC(1004)   Merge Heap Roots: 0.1ms
[2024-04-09T00:17:55.564+0800][8106.203s] GC(1004)   Evacuate Collection Set: 1.3ms
[2024-04-09T00:17:55.564+0800][8106.203s] GC(1004)   Post Evacuate Collection Set: 0.4ms
[2024-04-09T00:17:55.564+0800][8106.203s] GC(1004)   Other: 0.1ms
[2024-04-09T00:17:55.564+0800][8106.203s] GC(1004) Eden regions: 305->0(305)
[2024-04-09T00:17:55.564+0800][8106.203s] GC(1004) Survivor regions: 2->2(39)
[2024-04-09T00:17:55.564+0800][8106.203s] GC(1004) Old regions: 69->69
[2024-04-09T00:17:55.564+0800][8106.203s] GC(1004) Humongous regions: 4->4
[2024-04-09T00:17:55.564+0800][8106.203s] GC(1004) Metaspace: 68540K(69120K)->68540K(69120K) NonClass: 60835K(61120K)->60835K(61120K) Class: 7705K(8000K)->7705K(8000K)
[2024-04-09T00:17:55.564+0800][8106.203s] GC(1004) Pause Young (Normal) (G1 Evacuation Pause) 379M->74M(512M) 2.163ms
[2024-04-09T00:17:55.564+0800][8106.203s] GC(1004) User=0.00s Sys=0.00s Real=0.00s
[2024-04-09T00:17:56.833+0800][8107.473s] GC(1005) Pause Young (Normal) (G1 Evacuation Pause)
[2024-04-09T00:17:56.834+0800][8107.473s] GC(1005) Using 13 workers of 13 for evacuation
[2024-04-09T00:17:56.836+0800][8107.475s] GC(1005)   Pre Evacuate Collection Set: 0.1ms
[2024-04-09T00:17:56.836+0800][8107.475s] GC(1005)   Merge Heap Roots: 0.1ms
[2024-04-09T00:17:56.836+0800][8107.475s] GC(1005)   Evacuate Collection Set: 1.5ms
[2024-04-09T00:17:56.836+0800][8107.475s] GC(1005)   Post Evacuate Collection Set: 0.5ms
[2024-04-09T00:17:56.836+0800][8107.475s] GC(1005)   Other: 0.1ms
[2024-04-09T00:17:56.836+0800][8107.475s] GC(1005) Eden regions: 305->0(305)
[2024-04-09T00:17:56.836+0800][8107.475s] GC(1005) Survivor regions: 2->2(39)
[2024-04-09T00:17:56.836+0800][8107.475s] GC(1005) Old regions: 69->69
[2024-04-09T00:17:56.836+0800][8107.475s] GC(1005) Humongous regions: 4->4
[2024-04-09T00:17:56.836+0800][8107.475s] GC(1005) Metaspace: 68540K(69120K)->68540K(69120K) NonClass: 60835K(61120K)->60835K(61120K) Class: 7705K(8000K)->7705K(8000K)
[2024-04-09T00:17:56.836+0800][8107.476s] GC(1005) Pause Young (Normal) (G1 Evacuation Pause) 379M->74M(512M) 2.538ms
[2024-04-09T00:17:56.836+0800][8107.476s] GC(1005) User=0.00s Sys=0.00s Real=0.00s
[2024-04-09T00:17:58.034+0800][8108.673s] GC(1006) Pause Young (Normal) (G1 Evacuation Pause)
[2024-04-09T00:17:58.034+0800][8108.673s] GC(1006) Using 13 workers of 13 for evacuation
[2024-04-09T00:17:58.035+0800][8108.675s] GC(1006)   Pre Evacuate Collection Set: 0.1ms
[2024-04-09T00:17:58.035+0800][8108.675s] GC(1006)   Merge Heap Roots: 0.0ms
[2024-04-09T00:17:58.036+0800][8108.675s] GC(1006)   Evacuate Collection Set: 1.4ms
[2024-04-09T00:17:58.036+0800][8108.675s] GC(1006)   Post Evacuate Collection Set: 0.3ms
[2024-04-09T00:17:58.036+0800][8108.675s] GC(1006)   Other: 0.1ms
[2024-04-09T00:17:58.036+0800][8108.675s] GC(1006) Eden regions: 305->0(305)
[2024-04-09T00:17:58.036+0800][8108.675s] GC(1006) Survivor regions: 2->2(39)
[2024-04-09T00:17:58.036+0800][8108.675s] GC(1006) Old regions: 69->69
[2024-04-09T00:17:58.036+0800][8108.675s] GC(1006) Humongous regions: 4->4
[2024-04-09T00:17:58.036+0800][8108.675s] GC(1006) Metaspace: 68540K(69120K)->68540K(69120K) NonClass: 60835K(61120K)->60835K(61120K) Class: 7705K(8000K)->7705K(8000K)
[2024-04-09T00:17:58.036+0800][8108.675s] GC(1006) Pause Young (Normal) (G1 Evacuation Pause) 379M->74M(512M) 2.053ms
[2024-04-09T00:17:58.036+0800][8108.675s] GC(1006) User=0.00s Sys=0.00s Real=0.00s
[2024-04-09T00:17:59.285+0800][8109.925s] GC(1007) Pause Young (Normal) (G1 Evacuation Pause)
[2024-04-09T00:17:59.285+0800][8109.925s] GC(1007) Using 13 workers of 13 for evacuation
[2024-04-09T00:17:59.288+0800][8109.927s] GC(1007)   Pre Evacuate Collection Set: 0.1ms
[2024-04-09T00:17:59.288+0800][8109.927s] GC(1007)   Merge Heap Roots: 0.1ms
[2024-04-09T00:17:59.288+0800][8109.927s] GC(1007)   Evacuate Collection Set: 1.6ms
[2024-04-09T00:17:59.288+0800][8109.927s] GC(1007)   Post Evacuate Collection Set: 0.3ms
[2024-04-09T00:17:59.288+0800][8109.927s] GC(1007)   Other: 0.1ms
[2024-04-09T00:17:59.288+0800][8109.927s] GC(1007) Eden regions: 305->0(305)
[2024-04-09T00:17:59.288+0800][8109.927s] GC(1007) Survivor regions: 2->2(39)
[2024-04-09T00:17:59.288+0800][8109.927s] GC(1007) Old regions: 69->69
[2024-04-09T00:17:59.288+0800][8109.927s] GC(1007) Humongous regions: 4->4
[2024-04-09T00:17:59.288+0800][8109.927s] GC(1007) Metaspace: 68540K(69120K)->68540K(69120K) NonClass: 60835K(61120K)->60835K(61120K) Class: 7705K(8000K)->7705K(8000K)
[2024-04-09T00:17:59.288+0800][8109.927s] GC(1007) Pause Young (Normal) (G1 Evacuation Pause) 379M->74M(512M) 2.396ms
[2024-04-09T00:17:59.288+0800][8109.927s] GC(1007) User=0.00s Sys=0.00s Real=0.00s
[2024-04-09T00:18:00.484+0800][8111.124s] GC(1008) Pause Young (Normal) (G1 Evacuation Pause)
[2024-04-09T00:18:00.484+0800][8111.124s] GC(1008) Using 13 workers of 13 for evacuation
[2024-04-09T00:18:00.486+0800][8111.126s] GC(1008)   Pre Evacuate Collection Set: 0.1ms
[2024-04-09T00:18:00.486+0800][8111.126s] GC(1008)   Merge Heap Roots: 0.1ms
[2024-04-09T00:18:00.486+0800][8111.126s] GC(1008)   Evacuate Collection Set: 1.3ms
[2024-04-09T00:18:00.486+0800][8111.126s] GC(1008)   Post Evacuate Collection Set: 0.5ms
[2024-04-09T00:18:00.486+0800][8111.126s] GC(1008)   Other: 0.1ms
[2024-04-09T00:18:00.486+0800][8111.126s] GC(1008) Eden regions: 305->0(305)
[2024-04-09T00:18:00.486+0800][8111.126s] GC(1008) Survivor regions: 2->2(39)
[2024-04-09T00:18:00.486+0800][8111.126s] GC(1008) Old regions: 69->70
[2024-04-09T00:18:00.486+0800][8111.126s] GC(1008) Humongous regions: 4->4
[2024-04-09T00:18:00.486+0800][8111.126s] GC(1008) Metaspace: 68540K(69120K)->68540K(69120K) NonClass: 60835K(61120K)->60835K(61120K) Class: 7705K(8000K)->7705K(8000K)
[2024-04-09T00:18:00.486+0800][8111.126s] GC(1008) Pause Young (Normal) (G1 Evacuation Pause) 379M->74M(512M) 2.213ms
[2024-04-09T00:18:00.486+0800][8111.126s] GC(1008) User=0.00s Sys=0.00s Real=0.00s
[2024-04-09T00:18:01.905+0800][8112.544s] GC(1009) Pause Young (Normal) (G1 Evacuation Pause)
[2024-04-09T00:18:01.905+0800][8112.544s] GC(1009) Using 13 workers of 13 for evacuation
[2024-04-09T00:18:01.907+0800][8112.546s] GC(1009)   Pre Evacuate Collection Set: 0.1ms
[2024-04-09T00:18:01.907+0800][8112.546s] GC(1009)   Merge Heap Roots: 0.1ms
[2024-04-09T00:18:01.907+0800][8112.546s] GC(1009)   Evacuate Collection Set: 1.3ms
[2024-04-09T00:18:01.907+0800][8112.546s] GC(1009)   Post Evacuate Collection Set: 0.4ms
[2024-04-09T00:18:01.907+0800][8112.546s] GC(1009)   Other: 0.1ms
[2024-04-09T00:18:01.907+0800][8112.546s] GC(1009) Eden regions: 305->0(305)
[2024-04-09T00:18:01.907+0800][8112.546s] GC(1009) Survivor regions: 2->2(39)
[2024-04-09T00:18:01.907+0800][8112.546s] GC(1009) Old regions: 70->70
[2024-04-09T00:18:01.907+0800][8112.546s] GC(1009) Humongous regions: 4->4
[2024-04-09T00:18:01.907+0800][8112.546s] GC(1009) Metaspace: 68540K(69120K)->68540K(69120K) NonClass: 60835K(61120K)->60835K(61120K) Class: 7705K(8000K)->7705K(8000K)
[2024-04-09T00:18:01.907+0800][8112.546s] GC(1009) Pause Young (Normal) (G1 Evacuation Pause) 379M->74M(512M) 2.227ms
[2024-04-09T00:18:01.907+0800][8112.546s] GC(1009) User=0.00s Sys=0.00s Real=0.00s
[2024-04-09T00:18:03.204+0800][8113.843s] GC(1010) Pause Young (Normal) (G1 Evacuation Pause)
[2024-04-09T00:18:03.204+0800][8113.843s] GC(1010) Using 13 workers of 13 for evacuation
[2024-04-09T00:18:03.206+0800][8113.845s] GC(1010)   Pre Evacuate Collection Set: 0.1ms
[2024-04-09T00:18:03.206+0800][8113.845s] GC(1010)   Merge Heap Roots: 0.1ms
[2024-04-09T00:18:03.206+0800][8113.845s] GC(1010)   Evacuate Collection Set: 1.4ms
[2024-04-09T00:18:03.206+0800][8113.845s] GC(1010)   Post Evacuate Collection Set: 0.5ms
[2024-04-09T00:18:03.206+0800][8113.846s] GC(1010)   Other: 0.1ms
[2024-04-09T00:18:03.206+0800][8113.846s] GC(1010) Eden regions: 305->0(305)
[2024-04-09T00:18:03.206+0800][8113.846s] GC(1010) Survivor regions: 2->2(39)
[2024-04-09T00:18:03.206+0800][8113.846s] GC(1010) Old regions: 70->70
[2024-04-09T00:18:03.206+0800][8113.846s] GC(1010) Humongous regions: 4->4
[2024-04-09T00:18:03.206+0800][8113.846s] GC(1010) Metaspace: 68540K(69120K)->68540K(69120K) NonClass: 60835K(61120K)->60835K(61120K) Class: 7705K(8000K)->7705K(8000K)
[2024-04-09T00:18:03.206+0800][8113.846s] GC(1010) Pause Young (Normal) (G1 Evacuation Pause) 379M->74M(512M) 2.324ms
[2024-04-09T00:18:03.206+0800][8113.846s] GC(1010) User=0.00s Sys=0.00s Real=0.00s
[2024-04-09T00:18:04.510+0800][8115.150s] GC(1011) Pause Young (Normal) (G1 Evacuation Pause)
[2024-04-09T00:18:04.510+0800][8115.150s] GC(1011) Using 13 workers of 13 for evacuation
[2024-04-09T00:18:04.512+0800][8115.152s] GC(1011)   Pre Evacuate Collection Set: 0.1ms
[2024-04-09T00:18:04.512+0800][8115.152s] GC(1011)   Merge Heap Roots: 0.1ms
[2024-04-09T00:18:04.512+0800][8115.152s] GC(1011)   Evacuate Collection Set: 1.3ms
[2024-04-09T00:18:04.512+0800][8115.152s] GC(1011)   Post Evacuate Collection Set: 0.3ms
[2024-04-09T00:18:04.512+0800][8115.152s] GC(1011)   Other: 0.1ms
[2024-04-09T00:18:04.512+0800][8115.152s] GC(1011) Eden regions: 305->0(305)
[2024-04-09T00:18:04.512+0800][8115.152s] GC(1011) Survivor regions: 2->2(39)
[2024-04-09T00:18:04.512+0800][8115.152s] GC(1011) Old regions: 70->70
[2024-04-09T00:18:04.512+0800][8115.152s] GC(1011) Humongous regions: 4->4
[2024-04-09T00:18:04.512+0800][8115.152s] GC(1011) Metaspace: 68540K(69120K)->68540K(69120K) NonClass: 60835K(61120K)->60835K(61120K) Class: 7705K(8000K)->7705K(8000K)
[2024-04-09T00:18:04.512+0800][8115.152s] GC(1011) Pause Young (Normal) (G1 Evacuation Pause) 379M->74M(512M) 2.093ms
[2024-04-09T00:18:04.512+0800][8115.152s] GC(1011) User=0.00s Sys=0.00s Real=0.00s
[2024-04-09T00:18:05.780+0800][8116.420s] GC(1012) Pause Young (Normal) (G1 Evacuation Pause)
[2024-04-09T00:18:05.780+0800][8116.420s] GC(1012) Using 13 workers of 13 for evacuation
[2024-04-09T00:18:05.783+0800][8116.423s] GC(1012)   Pre Evacuate Collection Set: 0.1ms
[2024-04-09T00:18:05.783+0800][8116.423s] GC(1012)   Merge Heap Roots: 0.1ms
[2024-04-09T00:18:05.783+0800][8116.423s] GC(1012)   Evacuate Collection Set: 1.8ms
[2024-04-09T00:18:05.783+0800][8116.423s] GC(1012)   Post Evacuate Collection Set: 0.7ms
[2024-04-09T00:18:05.783+0800][8116.423s] GC(1012)   Other: 0.1ms
[2024-04-09T00:18:05.783+0800][8116.423s] GC(1012) Eden regions: 305->0(305)
[2024-04-09T00:18:05.783+0800][8116.423s] GC(1012) Survivor regions: 2->2(39)
[2024-04-09T00:18:05.783+0800][8116.423s] GC(1012) Old regions: 70->70
[2024-04-09T00:18:05.783+0800][8116.423s] GC(1012) Humongous regions: 4->4
[2024-04-09T00:18:05.783+0800][8116.423s] GC(1012) Metaspace: 68540K(69120K)->68540K(69120K) NonClass: 60835K(61120K)->60835K(61120K) Class: 7705K(8000K)->7705K(8000K)
[2024-04-09T00:18:05.783+0800][8116.423s] GC(1012) Pause Young (Normal) (G1 Evacuation Pause) 379M->75M(512M) 3.141ms
[2024-04-09T00:18:05.783+0800][8116.423s] GC(1012) User=0.00s Sys=0.00s Real=0.00s
[2024-04-09T00:18:06.861+0800][8117.501s] GC(1013) Pause Young (Normal) (G1 Evacuation Pause)
[2024-04-09T00:18:06.861+0800][8117.501s] GC(1013) Using 13 workers of 13 for evacuation
[2024-04-09T00:18:06.864+0800][8117.503s] GC(1013)   Pre Evacuate Collection Set: 0.1ms
[2024-04-09T00:18:06.864+0800][8117.503s] GC(1013)   Merge Heap Roots: 0.1ms
[2024-04-09T00:18:06.864+0800][8117.503s] GC(1013)   Evacuate Collection Set: 1.6ms
[2024-04-09T00:18:06.864+0800][8117.503s] GC(1013)   Post Evacuate Collection Set: 0.3ms
[2024-04-09T00:18:06.864+0800][8117.503s] GC(1013)   Other: 0.1ms
[2024-04-09T00:18:06.864+0800][8117.503s] GC(1013) Eden regions: 305->0(305)
[2024-04-09T00:18:06.864+0800][8117.503s] GC(1013) Survivor regions: 2->2(39)
[2024-04-09T00:18:06.864+0800][8117.503s] GC(1013) Old regions: 70->70
[2024-04-09T00:18:06.864+0800][8117.503s] GC(1013) Humongous regions: 4->4
[2024-04-09T00:18:06.864+0800][8117.503s] GC(1013) Metaspace: 68540K(69120K)->68540K(69120K) NonClass: 60835K(61120K)->60835K(61120K) Class: 7705K(8000K)->7705K(8000K)
[2024-04-09T00:18:06.864+0800][8117.503s] GC(1013) Pause Young (Normal) (G1 Evacuation Pause) 380M->74M(512M) 2.488ms
[2024-04-09T00:18:06.864+0800][8117.504s] GC(1013) User=0.00s Sys=0.00s Real=0.00s
[2024-04-09T00:18:08.104+0800][8118.744s] GC(1014) Pause Young (Normal) (G1 Evacuation Pause)
[2024-04-09T00:18:08.104+0800][8118.744s] GC(1014) Using 13 workers of 13 for evacuation
[2024-04-09T00:18:08.106+0800][8118.746s] GC(1014)   Pre Evacuate Collection Set: 0.2ms
[2024-04-09T00:18:08.106+0800][8118.746s] GC(1014)   Merge Heap Roots: 0.1ms
[2024-04-09T00:18:08.106+0800][8118.746s] GC(1014)   Evacuate Collection Set: 1.2ms
[2024-04-09T00:18:08.106+0800][8118.746s] GC(1014)   Post Evacuate Collection Set: 0.4ms
[2024-04-09T00:18:08.107+0800][8118.746s] GC(1014)   Other: 0.1ms
[2024-04-09T00:18:08.107+0800][8118.746s] GC(1014) Eden regions: 305->0(305)
[2024-04-09T00:18:08.107+0800][8118.746s] GC(1014) Survivor regions: 2->2(39)
[2024-04-09T00:18:08.107+0800][8118.746s] GC(1014) Old regions: 70->70
[2024-04-09T00:18:08.107+0800][8118.746s] GC(1014) Humongous regions: 4->4
[2024-04-09T00:18:08.107+0800][8118.746s] GC(1014) Metaspace: 68540K(69120K)->68540K(69120K) NonClass: 60835K(61120K)->60835K(61120K) Class: 7705K(8000K)->7705K(8000K)
[2024-04-09T00:18:08.107+0800][8118.746s] GC(1014) Pause Young (Normal) (G1 Evacuation Pause) 379M->74M(512M) 2.169ms
[2024-04-09T00:18:08.107+0800][8118.746s] GC(1014) User=0.00s Sys=0.00s Real=0.00s
[2024-04-09T00:18:09.385+0800][8120.024s] GC(1015) Pause Young (Normal) (G1 Evacuation Pause)
[2024-04-09T00:18:09.385+0800][8120.024s] GC(1015) Using 13 workers of 13 for evacuation
[2024-04-09T00:18:09.387+0800][8120.026s] GC(1015)   Pre Evacuate Collection Set: 0.1ms
[2024-04-09T00:18:09.387+0800][8120.026s] GC(1015)   Merge Heap Roots: 0.1ms
[2024-04-09T00:18:09.387+0800][8120.026s] GC(1015)   Evacuate Collection Set: 1.2ms
[2024-04-09T00:18:09.387+0800][8120.026s] GC(1015)   Post Evacuate Collection Set: 0.3ms
[2024-04-09T00:18:09.387+0800][8120.026s] GC(1015)   Other: 0.1ms
[2024-04-09T00:18:09.387+0800][8120.026s] GC(1015) Eden regions: 305->0(305)
[2024-04-09T00:18:09.387+0800][8120.026s] GC(1015) Survivor regions: 2->2(39)
[2024-04-09T00:18:09.387+0800][8120.026s] GC(1015) Old regions: 70->70
[2024-04-09T00:18:09.387+0800][8120.026s] GC(1015) Humongous regions: 4->4
[2024-04-09T00:18:09.387+0800][8120.026s] GC(1015) Metaspace: 68540K(69120K)->68540K(69120K) NonClass: 60835K(61120K)->60835K(61120K) Class: 7705K(8000K)->7705K(8000K)
[2024-04-09T00:18:09.387+0800][8120.026s] GC(1015) Pause Young (Normal) (G1 Evacuation Pause) 379M->74M(512M) 2.042ms
[2024-04-09T00:18:09.387+0800][8120.026s] GC(1015) User=0.00s Sys=0.00s Real=0.00s
[2024-04-09T00:18:10.623+0800][8121.262s] GC(1016) Pause Young (Normal) (G1 Evacuation Pause)
[2024-04-09T00:18:10.623+0800][8121.262s] GC(1016) Using 13 workers of 13 for evacuation
[2024-04-09T00:18:10.629+0800][8121.269s] GC(1016)   Pre Evacuate Collection Set: 0.2ms
[2024-04-09T00:18:10.629+0800][8121.269s] GC(1016)   Merge Heap Roots: 0.1ms
[2024-04-09T00:18:10.629+0800][8121.269s] GC(1016)   Evacuate Collection Set: 4.1ms
[2024-04-09T00:18:10.629+0800][8121.269s] GC(1016)   Post Evacuate Collection Set: 1.6ms
[2024-04-09T00:18:10.629+0800][8121.269s] GC(1016)   Other: 0.2ms
[2024-04-09T00:18:10.629+0800][8121.269s] GC(1016) Eden regions: 305->0(305)
[2024-04-09T00:18:10.629+0800][8121.269s] GC(1016) Survivor regions: 2->2(39)
[2024-04-09T00:18:10.629+0800][8121.269s] GC(1016) Old regions: 70->70
[2024-04-09T00:18:10.629+0800][8121.269s] GC(1016) Humongous regions: 4->4
[2024-04-09T00:18:10.629+0800][8121.269s] GC(1016) Metaspace: 68540K(69120K)->68540K(69120K) NonClass: 60835K(61120K)->60835K(61120K) Class: 7705K(8000K)->7705K(8000K)
[2024-04-09T00:18:10.630+0800][8121.269s] GC(1016) Pause Young (Normal) (G1 Evacuation Pause) 379M->74M(512M) 6.761ms
[2024-04-09T00:18:10.630+0800][8121.269s] GC(1016) User=0.00s Sys=0.00s Real=0.01s
[2024-04-09T00:18:11.883+0800][8122.523s] GC(1017) Pause Young (Normal) (G1 Evacuation Pause)
[2024-04-09T00:18:11.883+0800][8122.523s] GC(1017) Using 13 workers of 13 for evacuation
[2024-04-09T00:18:11.885+0800][8122.525s] GC(1017)   Pre Evacuate Collection Set: 0.1ms
[2024-04-09T00:18:11.885+0800][8122.525s] GC(1017)   Merge Heap Roots: 0.1ms
[2024-04-09T00:18:11.885+0800][8122.525s] GC(1017)   Evacuate Collection Set: 1.4ms
[2024-04-09T00:18:11.885+0800][8122.525s] GC(1017)   Post Evacuate Collection Set: 0.4ms
[2024-04-09T00:18:11.885+0800][8122.525s] GC(1017)   Other: 0.1ms
[2024-04-09T00:18:11.885+0800][8122.525s] GC(1017) Eden regions: 305->0(304)
[2024-04-09T00:18:11.885+0800][8122.525s] GC(1017) Survivor regions: 2->3(39)
[2024-04-09T00:18:11.885+0800][8122.525s] GC(1017) Old regions: 70->70
[2024-04-09T00:18:11.885+0800][8122.525s] GC(1017) Humongous regions: 4->4
[2024-04-09T00:18:11.885+0800][8122.525s] GC(1017) Metaspace: 68540K(69120K)->68540K(69120K) NonClass: 60835K(61120K)->60835K(61120K) Class: 7705K(8000K)->7705K(8000K)
[2024-04-09T00:18:11.885+0800][8122.525s] GC(1017) Pause Young (Normal) (G1 Evacuation Pause) 379M->75M(512M) 2.196ms
[2024-04-09T00:18:11.885+0800][8122.525s] GC(1017) User=0.14s Sys=0.00s Real=0.00s
[2024-04-09T00:18:13.129+0800][8123.768s] GC(1018) Pause Young (Normal) (G1 Evacuation Pause)
[2024-04-09T00:18:13.129+0800][8123.768s] GC(1018) Using 13 workers of 13 for evacuation
[2024-04-09T00:18:13.131+0800][8123.770s] GC(1018)   Pre Evacuate Collection Set: 0.1ms
[2024-04-09T00:18:13.131+0800][8123.770s] GC(1018)   Merge Heap Roots: 0.1ms
[2024-04-09T00:18:13.131+0800][8123.770s] GC(1018)   Evacuate Collection Set: 1.3ms
[2024-04-09T00:18:13.131+0800][8123.770s] GC(1018)   Post Evacuate Collection Set: 0.3ms
[2024-04-09T00:18:13.131+0800][8123.770s] GC(1018)   Other: 0.1ms
[2024-04-09T00:18:13.131+0800][8123.770s] GC(1018) Eden regions: 304->0(305)
[2024-04-09T00:18:13.131+0800][8123.770s] GC(1018) Survivor regions: 3->2(39)
[2024-04-09T00:18:13.131+0800][8123.770s] GC(1018) Old regions: 70->70
[2024-04-09T00:18:13.131+0800][8123.770s] GC(1018) Humongous regions: 4->4
[2024-04-09T00:18:13.131+0800][8123.770s] GC(1018) Metaspace: 68540K(69120K)->68540K(69120K) NonClass: 60835K(61120K)->60835K(61120K) Class: 7705K(8000K)->7705K(8000K)
[2024-04-09T00:18:13.131+0800][8123.770s] GC(1018) Pause Young (Normal) (G1 Evacuation Pause) 379M->74M(512M) 2.008ms
[2024-04-09T00:18:13.131+0800][8123.770s] GC(1018) User=0.00s Sys=0.00s Real=0.00s
[2024-04-09T00:18:14.397+0800][8125.036s] GC(1019) Pause Young (Normal) (G1 Evacuation Pause)
[2024-04-09T00:18:14.397+0800][8125.036s] GC(1019) Using 13 workers of 13 for evacuation
[2024-04-09T00:18:14.399+0800][8125.038s] GC(1019)   Pre Evacuate Collection Set: 0.1ms
[2024-04-09T00:18:14.399+0800][8125.038s] GC(1019)   Merge Heap Roots: 0.1ms
[2024-04-09T00:18:14.399+0800][8125.038s] GC(1019)   Evacuate Collection Set: 1.2ms
[2024-04-09T00:18:14.399+0800][8125.038s] GC(1019)   Post Evacuate Collection Set: 0.3ms
[2024-04-09T00:18:14.399+0800][8125.038s] GC(1019)   Other: 0.1ms
[2024-04-09T00:18:14.399+0800][8125.038s] GC(1019) Eden regions: 305->0(305)
[2024-04-09T00:18:14.399+0800][8125.038s] GC(1019) Survivor regions: 2->2(39)
[2024-04-09T00:18:14.399+0800][8125.038s] GC(1019) Old regions: 70->70
[2024-04-09T00:18:14.399+0800][8125.038s] GC(1019) Humongous regions: 4->4
[2024-04-09T00:18:14.399+0800][8125.038s] GC(1019) Metaspace: 68540K(69120K)->68540K(69120K) NonClass: 60835K(61120K)->60835K(61120K) Class: 7705K(8000K)->7705K(8000K)
[2024-04-09T00:18:14.399+0800][8125.038s] GC(1019) Pause Young (Normal) (G1 Evacuation Pause) 379M->74M(512M) 1.894ms
[2024-04-09T00:18:14.399+0800][8125.038s] GC(1019) User=0.00s Sys=0.00s Real=0.00s
[2024-04-09T00:18:15.626+0800][8126.266s] GC(1020) Pause Young (Normal) (G1 Evacuation Pause)
[2024-04-09T00:18:15.627+0800][8126.266s] GC(1020) Using 13 workers of 13 for evacuation
[2024-04-09T00:18:15.629+0800][8126.268s] GC(1020)   Pre Evacuate Collection Set: 0.3ms
[2024-04-09T00:18:15.629+0800][8126.268s] GC(1020)   Merge Heap Roots: 0.1ms
[2024-04-09T00:18:15.629+0800][8126.268s] GC(1020)   Evacuate Collection Set: 1.1ms
[2024-04-09T00:18:15.629+0800][8126.268s] GC(1020)   Post Evacuate Collection Set: 0.3ms
[2024-04-09T00:18:15.629+0800][8126.268s] GC(1020)   Other: 0.1ms
[2024-04-09T00:18:15.629+0800][8126.268s] GC(1020) Eden regions: 305->0(305)
[2024-04-09T00:18:15.629+0800][8126.268s] GC(1020) Survivor regions: 2->2(39)
[2024-04-09T00:18:15.629+0800][8126.268s] GC(1020) Old regions: 70->70
[2024-04-09T00:18:15.629+0800][8126.268s] GC(1020) Humongous regions: 4->4
[2024-04-09T00:18:15.629+0800][8126.268s] GC(1020) Metaspace: 68540K(69120K)->68540K(69120K) NonClass: 60835K(61120K)->60835K(61120K) Class: 7705K(8000K)->7705K(8000K)
[2024-04-09T00:18:15.629+0800][8126.268s] GC(1020) Pause Young (Normal) (G1 Evacuation Pause) 379M->74M(512M) 2.239ms
[2024-04-09T00:18:15.629+0800][8126.268s] GC(1020) User=0.00s Sys=0.00s Real=0.00s
[2024-04-09T00:18:16.940+0800][8127.579s] GC(1021) Pause Young (Normal) (G1 Evacuation Pause)
[2024-04-09T00:18:16.940+0800][8127.579s] GC(1021) Using 13 workers of 13 for evacuation
[2024-04-09T00:18:16.945+0800][8127.584s] GC(1021)   Pre Evacuate Collection Set: 0.1ms
[2024-04-09T00:18:16.945+0800][8127.584s] GC(1021)   Merge Heap Roots: 0.1ms
[2024-04-09T00:18:16.945+0800][8127.584s] GC(1021)   Evacuate Collection Set: 4.6ms
[2024-04-09T00:18:16.945+0800][8127.584s] GC(1021)   Post Evacuate Collection Set: 0.5ms
[2024-04-09T00:18:16.945+0800][8127.584s] GC(1021)   Other: 0.1ms
[2024-04-09T00:18:16.945+0800][8127.584s] GC(1021) Eden regions: 305->0(305)
[2024-04-09T00:18:16.945+0800][8127.584s] GC(1021) Survivor regions: 2->2(39)
[2024-04-09T00:18:16.945+0800][8127.584s] GC(1021) Old regions: 70->70
[2024-04-09T00:18:16.945+0800][8127.584s] GC(1021) Humongous regions: 4->4
[2024-04-09T00:18:16.945+0800][8127.584s] GC(1021) Metaspace: 68540K(69120K)->68540K(69120K) NonClass: 60835K(61120K)->60835K(61120K) Class: 7705K(8000K)->7705K(8000K)
[2024-04-09T00:18:16.945+0800][8127.584s] GC(1021) Pause Young (Normal) (G1 Evacuation Pause) 379M->75M(512M) 5.670ms
[2024-04-09T00:18:16.945+0800][8127.584s] GC(1021) User=0.00s Sys=0.00s Real=0.00s
[2024-04-09T00:18:18.309+0800][8128.948s] GC(1022) Pause Young (Normal) (G1 Evacuation Pause)
[2024-04-09T00:18:18.309+0800][8128.948s] GC(1022) Using 13 workers of 13 for evacuation
[2024-04-09T00:18:18.312+0800][8128.951s] GC(1022)   Pre Evacuate Collection Set: 0.2ms
[2024-04-09T00:18:18.312+0800][8128.951s] GC(1022)   Merge Heap Roots: 0.1ms
[2024-04-09T00:18:18.312+0800][8128.951s] GC(1022)   Evacuate Collection Set: 1.9ms
[2024-04-09T00:18:18.312+0800][8128.951s] GC(1022)   Post Evacuate Collection Set: 0.5ms
[2024-04-09T00:18:18.312+0800][8128.951s] GC(1022)   Other: 0.1ms
[2024-04-09T00:18:18.312+0800][8128.951s] GC(1022) Eden regions: 305->0(305)
[2024-04-09T00:18:18.312+0800][8128.951s] GC(1022) Survivor regions: 2->2(39)
[2024-04-09T00:18:18.312+0800][8128.951s] GC(1022) Old regions: 70->70
[2024-04-09T00:18:18.312+0800][8128.951s] GC(1022) Humongous regions: 4->4
[2024-04-09T00:18:18.312+0800][8128.951s] GC(1022) Metaspace: 68540K(69120K)->68540K(69120K) NonClass: 60835K(61120K)->60835K(61120K) Class: 7705K(8000K)->7705K(8000K)
[2024-04-09T00:18:18.312+0800][8128.951s] GC(1022) Pause Young (Normal) (G1 Evacuation Pause) 380M->75M(512M) 3.057ms
[2024-04-09T00:18:18.312+0800][8128.951s] GC(1022) User=0.00s Sys=0.00s Real=0.00s
[2024-04-09T00:18:19.590+0800][8130.229s] GC(1023) Pause Young (Normal) (G1 Evacuation Pause)
[2024-04-09T00:18:19.590+0800][8130.229s] GC(1023) Using 13 workers of 13 for evacuation
[2024-04-09T00:18:19.592+0800][8130.231s] GC(1023)   Pre Evacuate Collection Set: 0.1ms
[2024-04-09T00:18:19.592+0800][8130.231s] GC(1023)   Merge Heap Roots: 0.1ms
[2024-04-09T00:18:19.592+0800][8130.231s] GC(1023)   Evacuate Collection Set: 1.4ms
[2024-04-09T00:18:19.592+0800][8130.231s] GC(1023)   Post Evacuate Collection Set: 0.3ms
[2024-04-09T00:18:19.592+0800][8130.231s] GC(1023)   Other: 0.1ms
[2024-04-09T00:18:19.592+0800][8130.231s] GC(1023) Eden regions: 305->0(305)
[2024-04-09T00:18:19.592+0800][8130.231s] GC(1023) Survivor regions: 2->2(39)
[2024-04-09T00:18:19.592+0800][8130.231s] GC(1023) Old regions: 70->70
[2024-04-09T00:18:19.592+0800][8130.231s] GC(1023) Humongous regions: 4->4
[2024-04-09T00:18:19.592+0800][8130.231s] GC(1023) Metaspace: 68540K(69120K)->68540K(69120K) NonClass: 60835K(61120K)->60835K(61120K) Class: 7705K(8000K)->7705K(8000K)
[2024-04-09T00:18:19.592+0800][8130.231s] GC(1023) Pause Young (Normal) (G1 Evacuation Pause) 380M->75M(512M) 2.203ms
[2024-04-09T00:18:19.592+0800][8130.231s] GC(1023) User=0.00s Sys=0.00s Real=0.00s
[2024-04-09T00:18:20.896+0800][8131.535s] GC(1024) Pause Young (Normal) (G1 Evacuation Pause)
[2024-04-09T00:18:20.896+0800][8131.535s] GC(1024) Using 13 workers of 13 for evacuation
[2024-04-09T00:18:20.898+0800][8131.537s] GC(1024)   Pre Evacuate Collection Set: 0.1ms
[2024-04-09T00:18:20.898+0800][8131.537s] GC(1024)   Merge Heap Roots: 0.1ms
[2024-04-09T00:18:20.898+0800][8131.537s] GC(1024)   Evacuate Collection Set: 1.5ms
[2024-04-09T00:18:20.898+0800][8131.537s] GC(1024)   Post Evacuate Collection Set: 0.4ms
[2024-04-09T00:18:20.898+0800][8131.537s] GC(1024)   Other: 0.1ms
[2024-04-09T00:18:20.898+0800][8131.537s] GC(1024) Eden regions: 305->0(305)
[2024-04-09T00:18:20.898+0800][8131.537s] GC(1024) Survivor regions: 2->2(39)
[2024-04-09T00:18:20.898+0800][8131.537s] GC(1024) Old regions: 70->70
[2024-04-09T00:18:20.898+0800][8131.537s] GC(1024) Humongous regions: 4->4
[2024-04-09T00:18:20.898+0800][8131.537s] GC(1024) Metaspace: 68540K(69120K)->68540K(69120K) NonClass: 60835K(61120K)->60835K(61120K) Class: 7705K(8000K)->7705K(8000K)
[2024-04-09T00:18:20.898+0800][8131.537s] GC(1024) Pause Young (Normal) (G1 Evacuation Pause) 380M->75M(512M) 2.353ms
[2024-04-09T00:18:20.898+0800][8131.537s] GC(1024) User=0.00s Sys=0.00s Real=0.00s
[2024-04-09T00:18:22.115+0800][8132.754s] GC(1025) Pause Young (Normal) (G1 Evacuation Pause)
[2024-04-09T00:18:22.115+0800][8132.754s] GC(1025) Using 13 workers of 13 for evacuation
[2024-04-09T00:18:22.119+0800][8132.758s] GC(1025)   Pre Evacuate Collection Set: 0.1ms
[2024-04-09T00:18:22.119+0800][8132.758s] GC(1025)   Merge Heap Roots: 0.1ms
[2024-04-09T00:18:22.119+0800][8132.758s] GC(1025)   Evacuate Collection Set: 3.2ms
[2024-04-09T00:18:22.119+0800][8132.758s] GC(1025)   Post Evacuate Collection Set: 0.4ms
[2024-04-09T00:18:22.119+0800][8132.758s] GC(1025)   Other: 0.1ms
[2024-04-09T00:18:22.119+0800][8132.758s] GC(1025) Eden regions: 305->0(305)
[2024-04-09T00:18:22.119+0800][8132.758s] GC(1025) Survivor regions: 2->2(39)
[2024-04-09T00:18:22.119+0800][8132.758s] GC(1025) Old regions: 70->70
[2024-04-09T00:18:22.119+0800][8132.758s] GC(1025) Humongous regions: 4->4
[2024-04-09T00:18:22.119+0800][8132.758s] GC(1025) Metaspace: 68540K(69120K)->68540K(69120K) NonClass: 60835K(61120K)->60835K(61120K) Class: 7705K(8000K)->7705K(8000K)
[2024-04-09T00:18:22.119+0800][8132.758s] GC(1025) Pause Young (Normal) (G1 Evacuation Pause) 380M->74M(512M) 4.108ms
[2024-04-09T00:18:22.119+0800][8132.758s] GC(1025) User=0.03s Sys=0.00s Real=0.00s
[2024-04-09T00:18:23.444+0800][8134.083s] GC(1026) Pause Young (Normal) (G1 Evacuation Pause)
[2024-04-09T00:18:23.444+0800][8134.083s] GC(1026) Using 13 workers of 13 for evacuation
[2024-04-09T00:18:23.445+0800][8134.085s] GC(1026)   Pre Evacuate Collection Set: 0.1ms
[2024-04-09T00:18:23.445+0800][8134.085s] GC(1026)   Merge Heap Roots: 0.1ms
[2024-04-09T00:18:23.445+0800][8134.085s] GC(1026)   Evacuate Collection Set: 1.2ms
[2024-04-09T00:18:23.445+0800][8134.085s] GC(1026)   Post Evacuate Collection Set: 0.3ms
[2024-04-09T00:18:23.445+0800][8134.085s] GC(1026)   Other: 0.1ms
[2024-04-09T00:18:23.445+0800][8134.085s] GC(1026) Eden regions: 305->0(305)
[2024-04-09T00:18:23.445+0800][8134.085s] GC(1026) Survivor regions: 2->2(39)
[2024-04-09T00:18:23.445+0800][8134.085s] GC(1026) Old regions: 70->70
[2024-04-09T00:18:23.446+0800][8134.085s] GC(1026) Humongous regions: 4->4
[2024-04-09T00:18:23.446+0800][8134.085s] GC(1026) Metaspace: 68540K(69120K)->68540K(69120K) NonClass: 60835K(61120K)->60835K(61120K) Class: 7705K(8000K)->7705K(8000K)
[2024-04-09T00:18:23.446+0800][8134.085s] GC(1026) Pause Young (Normal) (G1 Evacuation Pause) 379M->75M(512M) 1.995ms
[2024-04-09T00:18:23.446+0800][8134.085s] GC(1026) User=0.00s Sys=0.00s Real=0.00s
[2024-04-09T00:18:24.737+0800][8135.376s] GC(1027) Pause Young (Normal) (G1 Evacuation Pause)
[2024-04-09T00:18:24.737+0800][8135.376s] GC(1027) Using 13 workers of 13 for evacuation
[2024-04-09T00:18:24.739+0800][8135.378s] GC(1027)   Pre Evacuate Collection Set: 0.1ms
[2024-04-09T00:18:24.739+0800][8135.378s] GC(1027)   Merge Heap Roots: 0.1ms
[2024-04-09T00:18:24.739+0800][8135.378s] GC(1027)   Evacuate Collection Set: 1.2ms
[2024-04-09T00:18:24.739+0800][8135.378s] GC(1027)   Post Evacuate Collection Set: 0.4ms
[2024-04-09T00:18:24.739+0800][8135.378s] GC(1027)   Other: 0.1ms
[2024-04-09T00:18:24.739+0800][8135.378s] GC(1027) Eden regions: 305->0(305)
[2024-04-09T00:18:24.739+0800][8135.378s] GC(1027) Survivor regions: 2->2(39)
[2024-04-09T00:18:24.739+0800][8135.378s] GC(1027) Old regions: 70->70
[2024-04-09T00:18:24.739+0800][8135.378s] GC(1027) Humongous regions: 4->4
[2024-04-09T00:18:24.739+0800][8135.378s] GC(1027) Metaspace: 68540K(69120K)->68540K(69120K) NonClass: 60835K(61120K)->60835K(61120K) Class: 7705K(8000K)->7705K(8000K)
[2024-04-09T00:18:24.739+0800][8135.378s] GC(1027) Pause Young (Normal) (G1 Evacuation Pause) 380M->75M(512M) 2.188ms
[2024-04-09T00:18:24.739+0800][8135.378s] GC(1027) User=0.00s Sys=0.00s Real=0.00s
[2024-04-09T00:18:26.001+0800][8136.640s] GC(1028) Pause Young (Normal) (G1 Evacuation Pause)
[2024-04-09T00:18:26.001+0800][8136.640s] GC(1028) Using 13 workers of 13 for evacuation
[2024-04-09T00:18:26.003+0800][8136.642s] GC(1028)   Pre Evacuate Collection Set: 0.1ms
[2024-04-09T00:18:26.003+0800][8136.642s] GC(1028)   Merge Heap Roots: 0.1ms
[2024-04-09T00:18:26.003+0800][8136.642s] GC(1028)   Evacuate Collection Set: 1.5ms
[2024-04-09T00:18:26.003+0800][8136.642s] GC(1028)   Post Evacuate Collection Set: 0.3ms
[2024-04-09T00:18:26.003+0800][8136.642s] GC(1028)   Other: 0.1ms
[2024-04-09T00:18:26.003+0800][8136.642s] GC(1028) Eden regions: 305->0(305)
[2024-04-09T00:18:26.003+0800][8136.642s] GC(1028) Survivor regions: 2->2(39)
[2024-04-09T00:18:26.003+0800][8136.642s] GC(1028) Old regions: 70->70
[2024-04-09T00:18:26.003+0800][8136.642s] GC(1028) Humongous regions: 4->4
[2024-04-09T00:18:26.003+0800][8136.642s] GC(1028) Metaspace: 68540K(69120K)->68540K(69120K) NonClass: 60835K(61120K)->60835K(61120K) Class: 7705K(8000K)->7705K(8000K)
[2024-04-09T00:18:26.003+0800][8136.642s] GC(1028) Pause Young (Normal) (G1 Evacuation Pause) 380M->74M(512M) 2.317ms
[2024-04-09T00:18:26.003+0800][8136.642s] GC(1028) User=0.00s Sys=0.00s Real=0.00s
[2024-04-09T00:18:27.240+0800][8137.880s] GC(1029) Pause Young (Normal) (G1 Evacuation Pause)
[2024-04-09T00:18:27.240+0800][8137.880s] GC(1029) Using 13 workers of 13 for evacuation
[2024-04-09T00:18:27.242+0800][8137.882s] GC(1029)   Pre Evacuate Collection Set: 0.1ms
[2024-04-09T00:18:27.243+0800][8137.882s] GC(1029)   Merge Heap Roots: 0.1ms
[2024-04-09T00:18:27.243+0800][8137.882s] GC(1029)   Evacuate Collection Set: 1.4ms
[2024-04-09T00:18:27.243+0800][8137.882s] GC(1029)   Post Evacuate Collection Set: 0.4ms
[2024-04-09T00:18:27.243+0800][8137.882s] GC(1029)   Other: 0.1ms
[2024-04-09T00:18:27.243+0800][8137.882s] GC(1029) Eden regions: 305->0(305)
[2024-04-09T00:18:27.243+0800][8137.882s] GC(1029) Survivor regions: 2->2(39)
[2024-04-09T00:18:27.243+0800][8137.882s] GC(1029) Old regions: 70->70
[2024-04-09T00:18:27.243+0800][8137.882s] GC(1029) Humongous regions: 4->4
[2024-04-09T00:18:27.243+0800][8137.882s] GC(1029) Metaspace: 68540K(69120K)->68540K(69120K) NonClass: 60835K(61120K)->60835K(61120K) Class: 7705K(8000K)->7705K(8000K)
[2024-04-09T00:18:27.243+0800][8137.882s] GC(1029) Pause Young (Normal) (G1 Evacuation Pause) 379M->75M(512M) 2.208ms
[2024-04-09T00:18:27.243+0800][8137.882s] GC(1029) User=0.00s Sys=0.00s Real=0.00s
[2024-04-09T00:18:28.482+0800][8139.121s] GC(1030) Pause Young (Normal) (G1 Evacuation Pause)
[2024-04-09T00:18:28.482+0800][8139.121s] GC(1030) Using 13 workers of 13 for evacuation
[2024-04-09T00:18:28.483+0800][8139.123s] GC(1030)   Pre Evacuate Collection Set: 0.1ms
[2024-04-09T00:18:28.483+0800][8139.123s] GC(1030)   Merge Heap Roots: 0.1ms
[2024-04-09T00:18:28.484+0800][8139.123s] GC(1030)   Evacuate Collection Set: 1.2ms
[2024-04-09T00:18:28.484+0800][8139.123s] GC(1030)   Post Evacuate Collection Set: 0.3ms
[2024-04-09T00:18:28.484+0800][8139.123s] GC(1030)   Other: 0.1ms
[2024-04-09T00:18:28.484+0800][8139.123s] GC(1030) Eden regions: 305->0(305)
[2024-04-09T00:18:28.484+0800][8139.123s] GC(1030) Survivor regions: 2->2(39)
[2024-04-09T00:18:28.484+0800][8139.123s] GC(1030) Old regions: 70->70
[2024-04-09T00:18:28.484+0800][8139.123s] GC(1030) Humongous regions: 4->4
[2024-04-09T00:18:28.484+0800][8139.123s] GC(1030) Metaspace: 68540K(69120K)->68540K(69120K) NonClass: 60835K(61120K)->60835K(61120K) Class: 7705K(8000K)->7705K(8000K)
[2024-04-09T00:18:28.484+0800][8139.123s] GC(1030) Pause Young (Normal) (G1 Evacuation Pause) 380M->74M(512M) 2.008ms
[2024-04-09T00:18:28.484+0800][8139.123s] GC(1030) User=0.00s Sys=0.00s Real=0.00s
[2024-04-09T00:18:29.745+0800][8140.384s] GC(1031) Pause Young (Normal) (G1 Evacuation Pause)
[2024-04-09T00:18:29.745+0800][8140.384s] GC(1031) Using 13 workers of 13 for evacuation
[2024-04-09T00:18:29.747+0800][8140.387s] GC(1031)   Pre Evacuate Collection Set: 0.1ms
[2024-04-09T00:18:29.747+0800][8140.387s] GC(1031)   Merge Heap Roots: 0.1ms
[2024-04-09T00:18:29.747+0800][8140.387s] GC(1031)   Evacuate Collection Set: 1.5ms
[2024-04-09T00:18:29.747+0800][8140.387s] GC(1031)   Post Evacuate Collection Set: 0.3ms
[2024-04-09T00:18:29.747+0800][8140.387s] GC(1031)   Other: 0.1ms
[2024-04-09T00:18:29.747+0800][8140.387s] GC(1031) Eden regions: 305->0(305)
[2024-04-09T00:18:29.747+0800][8140.387s] GC(1031) Survivor regions: 2->2(39)
[2024-04-09T00:18:29.747+0800][8140.387s] GC(1031) Old regions: 70->70
[2024-04-09T00:18:29.747+0800][8140.387s] GC(1031) Humongous regions: 4->4
[2024-04-09T00:18:29.747+0800][8140.387s] GC(1031) Metaspace: 68540K(69120K)->68540K(69120K) NonClass: 60835K(61120K)->60835K(61120K) Class: 7705K(8000K)->7705K(8000K)
[2024-04-09T00:18:29.747+0800][8140.387s] GC(1031) Pause Young (Normal) (G1 Evacuation Pause) 379M->75M(512M) 2.313ms
[2024-04-09T00:18:29.747+0800][8140.387s] GC(1031) User=0.00s Sys=0.00s Real=0.00s
[2024-04-09T00:18:30.985+0800][8141.625s] GC(1032) Pause Young (Normal) (G1 Evacuation Pause)
[2024-04-09T00:18:30.986+0800][8141.625s] GC(1032) Using 13 workers of 13 for evacuation
[2024-04-09T00:18:30.987+0800][8141.627s] GC(1032)   Pre Evacuate Collection Set: 0.1ms
[2024-04-09T00:18:30.987+0800][8141.627s] GC(1032)   Merge Heap Roots: 0.1ms
[2024-04-09T00:18:30.987+0800][8141.627s] GC(1032)   Evacuate Collection Set: 1.3ms
[2024-04-09T00:18:30.987+0800][8141.627s] GC(1032)   Post Evacuate Collection Set: 0.4ms
[2024-04-09T00:18:30.987+0800][8141.627s] GC(1032)   Other: 0.1ms
[2024-04-09T00:18:30.987+0800][8141.627s] GC(1032) Eden regions: 305->0(305)
[2024-04-09T00:18:30.987+0800][8141.627s] GC(1032) Survivor regions: 2->2(39)
[2024-04-09T00:18:30.988+0800][8141.627s] GC(1032) Old regions: 70->70
[2024-04-09T00:18:30.988+0800][8141.627s] GC(1032) Humongous regions: 4->4
[2024-04-09T00:18:30.988+0800][8141.627s] GC(1032) Metaspace: 68540K(69120K)->68540K(69120K) NonClass: 60835K(61120K)->60835K(61120K) Class: 7705K(8000K)->7705K(8000K)
[2024-04-09T00:18:30.988+0800][8141.627s] GC(1032) Pause Young (Normal) (G1 Evacuation Pause) 380M->75M(512M) 2.119ms
[2024-04-09T00:18:30.988+0800][8141.627s] GC(1032) User=0.00s Sys=0.00s Real=0.00s
[2024-04-09T00:18:32.247+0800][8142.886s] GC(1033) Pause Young (Normal) (G1 Evacuation Pause)
[2024-04-09T00:18:32.247+0800][8142.886s] GC(1033) Using 13 workers of 13 for evacuation
[2024-04-09T00:18:32.249+0800][8142.889s] GC(1033)   Pre Evacuate Collection Set: 0.1ms
[2024-04-09T00:18:32.249+0800][8142.889s] GC(1033)   Merge Heap Roots: 0.0ms
[2024-04-09T00:18:32.249+0800][8142.889s] GC(1033)   Evacuate Collection Set: 1.4ms
[2024-04-09T00:18:32.249+0800][8142.889s] GC(1033)   Post Evacuate Collection Set: 0.8ms
[2024-04-09T00:18:32.250+0800][8142.889s] GC(1033)   Other: 0.1ms
[2024-04-09T00:18:32.250+0800][8142.889s] GC(1033) Eden regions: 305->0(305)
[2024-04-09T00:18:32.250+0800][8142.889s] GC(1033) Survivor regions: 2->2(39)
[2024-04-09T00:18:32.250+0800][8142.889s] GC(1033) Old regions: 70->70
[2024-04-09T00:18:32.250+0800][8142.889s] GC(1033) Humongous regions: 4->4
[2024-04-09T00:18:32.250+0800][8142.889s] GC(1033) Metaspace: 68540K(69120K)->68540K(69120K) NonClass: 60835K(61120K)->60835K(61120K) Class: 7705K(8000K)->7705K(8000K)
[2024-04-09T00:18:32.250+0800][8142.889s] GC(1033) Pause Young (Normal) (G1 Evacuation Pause) 380M->75M(512M) 2.795ms
[2024-04-09T00:18:32.250+0800][8142.889s] GC(1033) User=0.00s Sys=0.00s Real=0.00s
[2024-04-09T00:18:33.596+0800][8144.236s] GC(1034) Pause Young (Normal) (G1 Evacuation Pause)
[2024-04-09T00:18:33.596+0800][8144.236s] GC(1034) Using 13 workers of 13 for evacuation
[2024-04-09T00:18:33.599+0800][8144.238s] GC(1034)   Pre Evacuate Collection Set: 0.1ms
[2024-04-09T00:18:33.599+0800][8144.238s] GC(1034)   Merge Heap Roots: 0.1ms
[2024-04-09T00:18:33.599+0800][8144.238s] GC(1034)   Evacuate Collection Set: 1.7ms
[2024-04-09T00:18:33.599+0800][8144.238s] GC(1034)   Post Evacuate Collection Set: 0.4ms
[2024-04-09T00:18:33.599+0800][8144.238s] GC(1034)   Other: 0.1ms
[2024-04-09T00:18:33.599+0800][8144.238s] GC(1034) Eden regions: 305->0(305)
[2024-04-09T00:18:33.599+0800][8144.238s] GC(1034) Survivor regions: 2->2(39)
[2024-04-09T00:18:33.599+0800][8144.238s] GC(1034) Old regions: 70->70
[2024-04-09T00:18:33.599+0800][8144.238s] GC(1034) Humongous regions: 4->4
[2024-04-09T00:18:33.599+0800][8144.238s] GC(1034) Metaspace: 68540K(69120K)->68540K(69120K) NonClass: 60835K(61120K)->60835K(61120K) Class: 7705K(8000K)->7705K(8000K)
[2024-04-09T00:18:33.599+0800][8144.238s] GC(1034) Pause Young (Normal) (G1 Evacuation Pause) 380M->75M(512M) 2.686ms
[2024-04-09T00:18:33.599+0800][8144.238s] GC(1034) User=0.00s Sys=0.00s Real=0.00s
[2024-04-09T00:18:34.924+0800][8145.564s] GC(1035) Pause Young (Normal) (G1 Evacuation Pause)
[2024-04-09T00:18:34.925+0800][8145.564s] GC(1035) Using 13 workers of 13 for evacuation
[2024-04-09T00:18:34.926+0800][8145.565s] GC(1035)   Pre Evacuate Collection Set: 0.1ms
[2024-04-09T00:18:34.926+0800][8145.565s] GC(1035)   Merge Heap Roots: 0.1ms
[2024-04-09T00:18:34.926+0800][8145.566s] GC(1035)   Evacuate Collection Set: 1.2ms
[2024-04-09T00:18:34.926+0800][8145.566s] GC(1035)   Post Evacuate Collection Set: 0.4ms
[2024-04-09T00:18:34.926+0800][8145.566s] GC(1035)   Other: 0.1ms
[2024-04-09T00:18:34.926+0800][8145.566s] GC(1035) Eden regions: 305->0(305)
[2024-04-09T00:18:34.926+0800][8145.566s] GC(1035) Survivor regions: 2->2(39)
[2024-04-09T00:18:34.926+0800][8145.566s] GC(1035) Old regions: 70->70
[2024-04-09T00:18:34.926+0800][8145.566s] GC(1035) Humongous regions: 4->4
[2024-04-09T00:18:34.926+0800][8145.566s] GC(1035) Metaspace: 68540K(69120K)->68540K(69120K) NonClass: 60835K(61120K)->60835K(61120K) Class: 7705K(8000K)->7705K(8000K)
[2024-04-09T00:18:34.927+0800][8145.566s] GC(1035) Pause Young (Normal) (G1 Evacuation Pause) 380M->75M(512M) 2.029ms
[2024-04-09T00:18:34.927+0800][8145.566s] GC(1035) User=0.00s Sys=0.00s Real=0.00s
[2024-04-09T00:18:36.145+0800][8146.784s] GC(1036) Pause Young (Normal) (G1 Evacuation Pause)
[2024-04-09T00:18:36.145+0800][8146.784s] GC(1036) Using 13 workers of 13 for evacuation
[2024-04-09T00:18:36.147+0800][8146.786s] GC(1036)   Pre Evacuate Collection Set: 0.2ms
[2024-04-09T00:18:36.147+0800][8146.786s] GC(1036)   Merge Heap Roots: 0.1ms
[2024-04-09T00:18:36.147+0800][8146.786s] GC(1036)   Evacuate Collection Set: 1.1ms
[2024-04-09T00:18:36.147+0800][8146.786s] GC(1036)   Post Evacuate Collection Set: 0.4ms
[2024-04-09T00:18:36.147+0800][8146.786s] GC(1036)   Other: 0.1ms
[2024-04-09T00:18:36.147+0800][8146.786s] GC(1036) Eden regions: 305->0(305)
[2024-04-09T00:18:36.147+0800][8146.786s] GC(1036) Survivor regions: 2->2(39)
[2024-04-09T00:18:36.147+0800][8146.786s] GC(1036) Old regions: 70->70
[2024-04-09T00:18:36.147+0800][8146.786s] GC(1036) Humongous regions: 4->4
[2024-04-09T00:18:36.147+0800][8146.786s] GC(1036) Metaspace: 68540K(69120K)->68540K(69120K) NonClass: 60835K(61120K)->60835K(61120K) Class: 7705K(8000K)->7705K(8000K)
[2024-04-09T00:18:36.147+0800][8146.786s] GC(1036) Pause Young (Normal) (G1 Evacuation Pause) 380M->75M(512M) 2.096ms
[2024-04-09T00:18:36.147+0800][8146.786s] GC(1036) User=0.00s Sys=0.00s Real=0.00s
[2024-04-09T00:18:37.314+0800][8147.953s] GC(1037) Pause Young (Normal) (G1 Evacuation Pause)
[2024-04-09T00:18:37.314+0800][8147.954s] GC(1037) Using 13 workers of 13 for evacuation
[2024-04-09T00:18:37.317+0800][8147.956s] GC(1037)   Pre Evacuate Collection Set: 0.1ms
[2024-04-09T00:18:37.317+0800][8147.956s] GC(1037)   Merge Heap Roots: 0.1ms
[2024-04-09T00:18:37.317+0800][8147.956s] GC(1037)   Evacuate Collection Set: 1.9ms
[2024-04-09T00:18:37.317+0800][8147.956s] GC(1037)   Post Evacuate Collection Set: 0.5ms
[2024-04-09T00:18:37.317+0800][8147.956s] GC(1037)   Other: 0.1ms
[2024-04-09T00:18:37.317+0800][8147.956s] GC(1037) Eden regions: 305->0(305)
[2024-04-09T00:18:37.317+0800][8147.956s] GC(1037) Survivor regions: 2->2(39)
[2024-04-09T00:18:37.317+0800][8147.956s] GC(1037) Old regions: 70->70
[2024-04-09T00:18:37.317+0800][8147.956s] GC(1037) Humongous regions: 4->4
[2024-04-09T00:18:37.317+0800][8147.956s] GC(1037) Metaspace: 68540K(69120K)->68540K(69120K) NonClass: 60835K(61120K)->60835K(61120K) Class: 7705K(8000K)->7705K(8000K)
[2024-04-09T00:18:37.317+0800][8147.956s] GC(1037) Pause Young (Normal) (G1 Evacuation Pause) 380M->75M(512M) 3.034ms
[2024-04-09T00:18:37.317+0800][8147.957s] GC(1037) User=0.00s Sys=0.00s Real=0.00s
[2024-04-09T00:18:38.511+0800][8149.151s] GC(1038) Pause Young (Normal) (G1 Evacuation Pause)
[2024-04-09T00:18:38.512+0800][8149.151s] GC(1038) Using 13 workers of 13 for evacuation
[2024-04-09T00:18:38.513+0800][8149.152s] GC(1038)   Pre Evacuate Collection Set: 0.2ms
[2024-04-09T00:18:38.513+0800][8149.152s] GC(1038)   Merge Heap Roots: 0.1ms
[2024-04-09T00:18:38.513+0800][8149.152s] GC(1038)   Evacuate Collection Set: 0.8ms
[2024-04-09T00:18:38.513+0800][8149.152s] GC(1038)   Post Evacuate Collection Set: 0.4ms
[2024-04-09T00:18:38.513+0800][8149.152s] GC(1038)   Other: 0.1ms
[2024-04-09T00:18:38.513+0800][8149.152s] GC(1038) Eden regions: 305->0(305)
[2024-04-09T00:18:38.513+0800][8149.152s] GC(1038) Survivor regions: 2->2(39)
[2024-04-09T00:18:38.513+0800][8149.152s] GC(1038) Old regions: 70->70
[2024-04-09T00:18:38.513+0800][8149.152s] GC(1038) Humongous regions: 4->4
[2024-04-09T00:18:38.513+0800][8149.152s] GC(1038) Metaspace: 68540K(69120K)->68540K(69120K) NonClass: 60835K(61120K)->60835K(61120K) Class: 7705K(8000K)->7705K(8000K)
[2024-04-09T00:18:38.513+0800][8149.152s] GC(1038) Pause Young (Normal) (G1 Evacuation Pause) 380M->75M(512M) 1.794ms
[2024-04-09T00:18:38.513+0800][8149.152s] GC(1038) User=0.00s Sys=0.00s Real=0.00s
[2024-04-09T00:18:39.651+0800][8150.291s] GC(1039) Pause Young (Normal) (G1 Evacuation Pause)
[2024-04-09T00:18:39.651+0800][8150.291s] GC(1039) Using 13 workers of 13 for evacuation
[2024-04-09T00:18:39.653+0800][8150.292s] GC(1039)   Pre Evacuate Collection Set: 0.1ms
[2024-04-09T00:18:39.653+0800][8150.292s] GC(1039)   Merge Heap Roots: 0.1ms
[2024-04-09T00:18:39.653+0800][8150.292s] GC(1039)   Evacuate Collection Set: 1.2ms
[2024-04-09T00:18:39.653+0800][8150.292s] GC(1039)   Post Evacuate Collection Set: 0.3ms
[2024-04-09T00:18:39.653+0800][8150.292s] GC(1039)   Other: 0.1ms
[2024-04-09T00:18:39.653+0800][8150.292s] GC(1039) Eden regions: 305->0(305)
[2024-04-09T00:18:39.653+0800][8150.292s] GC(1039) Survivor regions: 2->2(39)
[2024-04-09T00:18:39.653+0800][8150.292s] GC(1039) Old regions: 70->70
[2024-04-09T00:18:39.653+0800][8150.292s] GC(1039) Humongous regions: 4->4
[2024-04-09T00:18:39.653+0800][8150.292s] GC(1039) Metaspace: 68540K(69120K)->68540K(69120K) NonClass: 60835K(61120K)->60835K(61120K) Class: 7705K(8000K)->7705K(8000K)
[2024-04-09T00:18:39.653+0800][8150.292s] GC(1039) Pause Young (Normal) (G1 Evacuation Pause) 380M->75M(512M) 1.957ms
[2024-04-09T00:18:39.653+0800][8150.292s] GC(1039) User=0.00s Sys=0.00s Real=0.00s
[2024-04-09T00:18:40.821+0800][8151.460s] GC(1040) Pause Young (Normal) (G1 Evacuation Pause)
[2024-04-09T00:18:40.821+0800][8151.460s] GC(1040) Using 13 workers of 13 for evacuation
[2024-04-09T00:18:40.823+0800][8151.462s] GC(1040)   Pre Evacuate Collection Set: 0.1ms
[2024-04-09T00:18:40.823+0800][8151.462s] GC(1040)   Merge Heap Roots: 0.1ms
[2024-04-09T00:18:40.823+0800][8151.462s] GC(1040)   Evacuate Collection Set: 1.6ms
[2024-04-09T00:18:40.823+0800][8151.463s] GC(1040)   Post Evacuate Collection Set: 0.4ms
[2024-04-09T00:18:40.823+0800][8151.463s] GC(1040)   Other: 0.1ms
[2024-04-09T00:18:40.823+0800][8151.463s] GC(1040) Eden regions: 305->0(305)
[2024-04-09T00:18:40.823+0800][8151.463s] GC(1040) Survivor regions: 2->2(39)
[2024-04-09T00:18:40.823+0800][8151.463s] GC(1040) Old regions: 70->70
[2024-04-09T00:18:40.823+0800][8151.463s] GC(1040) Humongous regions: 4->4
[2024-04-09T00:18:40.823+0800][8151.463s] GC(1040) Metaspace: 68540K(69120K)->68540K(69120K) NonClass: 60835K(61120K)->60835K(61120K) Class: 7705K(8000K)->7705K(8000K)
[2024-04-09T00:18:40.823+0800][8151.463s] GC(1040) Pause Young (Normal) (G1 Evacuation Pause) 380M->75M(512M) 2.423ms
[2024-04-09T00:18:40.823+0800][8151.463s] GC(1040) User=0.03s Sys=0.00s Real=0.00s
[2024-04-09T00:18:41.964+0800][8152.603s] GC(1041) Pause Young (Normal) (G1 Evacuation Pause)
[2024-04-09T00:18:41.964+0800][8152.603s] GC(1041) Using 13 workers of 13 for evacuation
[2024-04-09T00:18:41.966+0800][8152.605s] GC(1041)   Pre Evacuate Collection Set: 0.1ms
[2024-04-09T00:18:41.966+0800][8152.605s] GC(1041)   Merge Heap Roots: 0.0ms
[2024-04-09T00:18:41.966+0800][8152.605s] GC(1041)   Evacuate Collection Set: 1.3ms
[2024-04-09T00:18:41.966+0800][8152.605s] GC(1041)   Post Evacuate Collection Set: 0.4ms
[2024-04-09T00:18:41.966+0800][8152.605s] GC(1041)   Other: 0.1ms
[2024-04-09T00:18:41.966+0800][8152.606s] GC(1041) Eden regions: 305->0(305)
[2024-04-09T00:18:41.966+0800][8152.606s] GC(1041) Survivor regions: 2->2(39)
[2024-04-09T00:18:41.966+0800][8152.606s] GC(1041) Old regions: 70->70
[2024-04-09T00:18:41.966+0800][8152.606s] GC(1041) Humongous regions: 4->4
[2024-04-09T00:18:41.966+0800][8152.606s] GC(1041) Metaspace: 68540K(69120K)->68540K(69120K) NonClass: 60835K(61120K)->60835K(61120K) Class: 7705K(8000K)->7705K(8000K)
[2024-04-09T00:18:41.966+0800][8152.606s] GC(1041) Pause Young (Normal) (G1 Evacuation Pause) 380M->75M(512M) 2.179ms
[2024-04-09T00:18:41.966+0800][8152.606s] GC(1041) User=0.00s Sys=0.00s Real=0.00s
[2024-04-09T00:18:43.153+0800][8153.792s] GC(1042) Pause Young (Normal) (G1 Evacuation Pause)
[2024-04-09T00:18:43.153+0800][8153.792s] GC(1042) Using 13 workers of 13 for evacuation
[2024-04-09T00:18:43.154+0800][8153.794s] GC(1042)   Pre Evacuate Collection Set: 0.1ms
[2024-04-09T00:18:43.155+0800][8153.794s] GC(1042)   Merge Heap Roots: 0.1ms
[2024-04-09T00:18:43.155+0800][8153.794s] GC(1042)   Evacuate Collection Set: 1.3ms
[2024-04-09T00:18:43.155+0800][8153.794s] GC(1042)   Post Evacuate Collection Set: 0.3ms
[2024-04-09T00:18:43.155+0800][8153.794s] GC(1042)   Other: 0.1ms
[2024-04-09T00:18:43.155+0800][8153.794s] GC(1042) Eden regions: 305->0(304)
[2024-04-09T00:18:43.155+0800][8153.794s] GC(1042) Survivor regions: 2->3(39)
[2024-04-09T00:18:43.155+0800][8153.794s] GC(1042) Old regions: 70->70
[2024-04-09T00:18:43.155+0800][8153.794s] GC(1042) Humongous regions: 4->4
[2024-04-09T00:18:43.155+0800][8153.794s] GC(1042) Metaspace: 68540K(69120K)->68540K(69120K) NonClass: 60835K(61120K)->60835K(61120K) Class: 7705K(8000K)->7705K(8000K)
[2024-04-09T00:18:43.155+0800][8153.794s] GC(1042) Pause Young (Normal) (G1 Evacuation Pause) 380M->76M(512M) 1.956ms
[2024-04-09T00:18:43.155+0800][8153.794s] GC(1042) User=0.00s Sys=0.00s Real=0.00s
[2024-04-09T00:18:44.329+0800][8154.968s] GC(1043) Pause Young (Normal) (G1 Evacuation Pause)
[2024-04-09T00:18:44.329+0800][8154.968s] GC(1043) Using 13 workers of 13 for evacuation
[2024-04-09T00:18:44.331+0800][8154.970s] GC(1043)   Pre Evacuate Collection Set: 0.1ms
[2024-04-09T00:18:44.331+0800][8154.970s] GC(1043)   Merge Heap Roots: 0.1ms
[2024-04-09T00:18:44.331+0800][8154.970s] GC(1043)   Evacuate Collection Set: 1.2ms
[2024-04-09T00:18:44.331+0800][8154.970s] GC(1043)   Post Evacuate Collection Set: 0.3ms
[2024-04-09T00:18:44.331+0800][8154.970s] GC(1043)   Other: 0.1ms
[2024-04-09T00:18:44.331+0800][8154.970s] GC(1043) Eden regions: 304->0(305)
[2024-04-09T00:18:44.331+0800][8154.970s] GC(1043) Survivor regions: 3->2(39)
[2024-04-09T00:18:44.331+0800][8154.970s] GC(1043) Old regions: 70->70
[2024-04-09T00:18:44.331+0800][8154.970s] GC(1043) Humongous regions: 4->4
[2024-04-09T00:18:44.331+0800][8154.970s] GC(1043) Metaspace: 68540K(69120K)->68540K(69120K) NonClass: 60835K(61120K)->60835K(61120K) Class: 7705K(8000K)->7705K(8000K)
[2024-04-09T00:18:44.331+0800][8154.970s] GC(1043) Pause Young (Normal) (G1 Evacuation Pause) 380M->75M(512M) 2.065ms
[2024-04-09T00:18:44.331+0800][8154.970s] GC(1043) User=0.00s Sys=0.00s Real=0.00s
[2024-04-09T00:18:45.510+0800][8156.149s] GC(1044) Pause Young (Normal) (G1 Evacuation Pause)
[2024-04-09T00:18:45.510+0800][8156.149s] GC(1044) Using 13 workers of 13 for evacuation
[2024-04-09T00:18:45.512+0800][8156.151s] GC(1044)   Pre Evacuate Collection Set: 0.1ms
[2024-04-09T00:18:45.512+0800][8156.152s] GC(1044)   Merge Heap Roots: 0.1ms
[2024-04-09T00:18:45.512+0800][8156.152s] GC(1044)   Evacuate Collection Set: 1.4ms
[2024-04-09T00:18:45.512+0800][8156.152s] GC(1044)   Post Evacuate Collection Set: 0.4ms
[2024-04-09T00:18:45.512+0800][8156.152s] GC(1044)   Other: 0.1ms
[2024-04-09T00:18:45.512+0800][8156.152s] GC(1044) Eden regions: 305->0(305)
[2024-04-09T00:18:45.512+0800][8156.152s] GC(1044) Survivor regions: 2->2(39)
[2024-04-09T00:18:45.512+0800][8156.152s] GC(1044) Old regions: 70->70
[2024-04-09T00:18:45.512+0800][8156.152s] GC(1044) Humongous regions: 4->4
[2024-04-09T00:18:45.512+0800][8156.152s] GC(1044) Metaspace: 68540K(69120K)->68540K(69120K) NonClass: 60835K(61120K)->60835K(61120K) Class: 7705K(8000K)->7705K(8000K)
[2024-04-09T00:18:45.512+0800][8156.152s] GC(1044) Pause Young (Normal) (G1 Evacuation Pause) 380M->75M(512M) 2.361ms
[2024-04-09T00:18:45.512+0800][8156.152s] GC(1044) User=0.00s Sys=0.00s Real=0.00s
[2024-04-09T00:18:46.669+0800][8157.309s] GC(1045) Pause Young (Normal) (G1 Evacuation Pause)
[2024-04-09T00:18:46.669+0800][8157.309s] GC(1045) Using 13 workers of 13 for evacuation
[2024-04-09T00:18:46.672+0800][8157.311s] GC(1045)   Pre Evacuate Collection Set: 0.2ms
[2024-04-09T00:18:46.672+0800][8157.311s] GC(1045)   Merge Heap Roots: 0.1ms
[2024-04-09T00:18:46.672+0800][8157.311s] GC(1045)   Evacuate Collection Set: 1.5ms
[2024-04-09T00:18:46.672+0800][8157.311s] GC(1045)   Post Evacuate Collection Set: 0.6ms
[2024-04-09T00:18:46.672+0800][8157.311s] GC(1045)   Other: 0.1ms
[2024-04-09T00:18:46.672+0800][8157.311s] GC(1045) Eden regions: 305->0(305)
[2024-04-09T00:18:46.672+0800][8157.311s] GC(1045) Survivor regions: 2->2(39)
[2024-04-09T00:18:46.672+0800][8157.311s] GC(1045) Old regions: 70->70
[2024-04-09T00:18:46.672+0800][8157.311s] GC(1045) Humongous regions: 4->4
[2024-04-09T00:18:46.672+0800][8157.311s] GC(1045) Metaspace: 68540K(69120K)->68540K(69120K) NonClass: 60835K(61120K)->60835K(61120K) Class: 7705K(8000K)->7705K(8000K)
[2024-04-09T00:18:46.672+0800][8157.311s] GC(1045) Pause Young (Normal) (G1 Evacuation Pause) 380M->75M(512M) 2.607ms
[2024-04-09T00:18:46.672+0800][8157.311s] GC(1045) User=0.00s Sys=0.00s Real=0.00s
[2024-04-09T00:18:47.881+0800][8158.520s] GC(1046) Pause Young (Normal) (G1 Evacuation Pause)
[2024-04-09T00:18:47.881+0800][8158.521s] GC(1046) Using 13 workers of 13 for evacuation
[2024-04-09T00:18:47.884+0800][8158.523s] GC(1046)   Pre Evacuate Collection Set: 0.1ms
[2024-04-09T00:18:47.884+0800][8158.523s] GC(1046)   Merge Heap Roots: 0.1ms
[2024-04-09T00:18:47.884+0800][8158.523s] GC(1046)   Evacuate Collection Set: 1.4ms
[2024-04-09T00:18:47.884+0800][8158.523s] GC(1046)   Post Evacuate Collection Set: 0.5ms
[2024-04-09T00:18:47.884+0800][8158.523s] GC(1046)   Other: 0.1ms
[2024-04-09T00:18:47.884+0800][8158.523s] GC(1046) Eden regions: 305->0(305)
[2024-04-09T00:18:47.884+0800][8158.523s] GC(1046) Survivor regions: 2->2(39)
[2024-04-09T00:18:47.884+0800][8158.523s] GC(1046) Old regions: 70->70
[2024-04-09T00:18:47.884+0800][8158.523s] GC(1046) Humongous regions: 4->4
[2024-04-09T00:18:47.884+0800][8158.523s] GC(1046) Metaspace: 68540K(69120K)->68540K(69120K) NonClass: 60835K(61120K)->60835K(61120K) Class: 7705K(8000K)->7705K(8000K)
[2024-04-09T00:18:47.884+0800][8158.523s] GC(1046) Pause Young (Normal) (G1 Evacuation Pause) 380M->75M(512M) 2.551ms
[2024-04-09T00:18:47.884+0800][8158.523s] GC(1046) User=0.00s Sys=0.00s Real=0.00s
[2024-04-09T00:18:49.088+0800][8159.727s] GC(1047) Pause Young (Normal) (G1 Evacuation Pause)
[2024-04-09T00:18:49.088+0800][8159.727s] GC(1047) Using 13 workers of 13 for evacuation
[2024-04-09T00:18:49.090+0800][8159.729s] GC(1047)   Pre Evacuate Collection Set: 0.1ms
[2024-04-09T00:18:49.090+0800][8159.729s] GC(1047)   Merge Heap Roots: 0.1ms
[2024-04-09T00:18:49.090+0800][8159.729s] GC(1047)   Evacuate Collection Set: 1.4ms
[2024-04-09T00:18:49.090+0800][8159.729s] GC(1047)   Post Evacuate Collection Set: 0.4ms
[2024-04-09T00:18:49.090+0800][8159.729s] GC(1047)   Other: 0.1ms
[2024-04-09T00:18:49.090+0800][8159.729s] GC(1047) Eden regions: 305->0(305)
[2024-04-09T00:18:49.090+0800][8159.729s] GC(1047) Survivor regions: 2->2(39)
[2024-04-09T00:18:49.090+0800][8159.729s] GC(1047) Old regions: 70->70
[2024-04-09T00:18:49.090+0800][8159.729s] GC(1047) Humongous regions: 4->4
[2024-04-09T00:18:49.090+0800][8159.729s] GC(1047) Metaspace: 68540K(69120K)->68540K(69120K) NonClass: 60835K(61120K)->60835K(61120K) Class: 7705K(8000K)->7705K(8000K)
[2024-04-09T00:18:49.090+0800][8159.729s] GC(1047) Pause Young (Normal) (G1 Evacuation Pause) 380M->75M(512M) 2.447ms
[2024-04-09T00:18:49.090+0800][8159.729s] GC(1047) User=0.00s Sys=0.00s Real=0.00s
[2024-04-09T00:18:50.277+0800][8160.916s] GC(1048) Pause Young (Normal) (G1 Evacuation Pause)
[2024-04-09T00:18:50.277+0800][8160.916s] GC(1048) Using 13 workers of 13 for evacuation
[2024-04-09T00:18:50.280+0800][8160.919s] GC(1048)   Pre Evacuate Collection Set: 0.2ms
[2024-04-09T00:18:50.280+0800][8160.919s] GC(1048)   Merge Heap Roots: 0.2ms
[2024-04-09T00:18:50.280+0800][8160.919s] GC(1048)   Evacuate Collection Set: 1.4ms
[2024-04-09T00:18:50.280+0800][8160.919s] GC(1048)   Post Evacuate Collection Set: 0.5ms
[2024-04-09T00:18:50.280+0800][8160.919s] GC(1048)   Other: 0.1ms
[2024-04-09T00:18:50.280+0800][8160.919s] GC(1048) Eden regions: 305->0(305)
[2024-04-09T00:18:50.280+0800][8160.919s] GC(1048) Survivor regions: 2->2(39)
[2024-04-09T00:18:50.280+0800][8160.919s] GC(1048) Old regions: 70->70
[2024-04-09T00:18:50.280+0800][8160.919s] GC(1048) Humongous regions: 4->4
[2024-04-09T00:18:50.280+0800][8160.919s] GC(1048) Metaspace: 68540K(69120K)->68540K(69120K) NonClass: 60835K(61120K)->60835K(61120K) Class: 7705K(8000K)->7705K(8000K)
[2024-04-09T00:18:50.280+0800][8160.919s] GC(1048) Pause Young (Normal) (G1 Evacuation Pause) 380M->75M(512M) 2.485ms
[2024-04-09T00:18:50.280+0800][8160.919s] GC(1048) User=0.00s Sys=0.00s Real=0.00s
[2024-04-09T00:18:51.484+0800][8162.123s] GC(1049) Pause Young (Normal) (G1 Evacuation Pause)
[2024-04-09T00:18:51.484+0800][8162.123s] GC(1049) Using 13 workers of 13 for evacuation
[2024-04-09T00:18:51.486+0800][8162.125s] GC(1049)   Pre Evacuate Collection Set: 0.1ms
[2024-04-09T00:18:51.486+0800][8162.125s] GC(1049)   Merge Heap Roots: 0.1ms
[2024-04-09T00:18:51.486+0800][8162.125s] GC(1049)   Evacuate Collection Set: 1.5ms
[2024-04-09T00:18:51.486+0800][8162.125s] GC(1049)   Post Evacuate Collection Set: 0.5ms
[2024-04-09T00:18:51.486+0800][8162.125s] GC(1049)   Other: 0.1ms
[2024-04-09T00:18:51.486+0800][8162.125s] GC(1049) Eden regions: 305->0(305)
[2024-04-09T00:18:51.486+0800][8162.125s] GC(1049) Survivor regions: 2->2(39)
[2024-04-09T00:18:51.486+0800][8162.125s] GC(1049) Old regions: 70->71
[2024-04-09T00:18:51.486+0800][8162.125s] GC(1049) Humongous regions: 4->4
[2024-04-09T00:18:51.486+0800][8162.125s] GC(1049) Metaspace: 68540K(69120K)->68540K(69120K) NonClass: 60835K(61120K)->60835K(61120K) Class: 7705K(8000K)->7705K(8000K)
[2024-04-09T00:18:51.486+0800][8162.125s] GC(1049) Pause Young (Normal) (G1 Evacuation Pause) 380M->75M(512M) 2.596ms
[2024-04-09T00:18:51.486+0800][8162.125s] GC(1049) User=0.00s Sys=0.00s Real=0.00s
[2024-04-09T00:18:52.666+0800][8163.305s] GC(1050) Pause Young (Normal) (G1 Evacuation Pause)
[2024-04-09T00:18:52.666+0800][8163.305s] GC(1050) Using 13 workers of 13 for evacuation
[2024-04-09T00:18:52.668+0800][8163.307s] GC(1050)   Pre Evacuate Collection Set: 0.1ms
[2024-04-09T00:18:52.668+0800][8163.307s] GC(1050)   Merge Heap Roots: 0.1ms
[2024-04-09T00:18:52.668+0800][8163.307s] GC(1050)   Evacuate Collection Set: 1.7ms
[2024-04-09T00:18:52.668+0800][8163.307s] GC(1050)   Post Evacuate Collection Set: 0.5ms
[2024-04-09T00:18:52.668+0800][8163.307s] GC(1050)   Other: 0.1ms
[2024-04-09T00:18:52.668+0800][8163.307s] GC(1050) Eden regions: 305->0(304)
[2024-04-09T00:18:52.668+0800][8163.307s] GC(1050) Survivor regions: 2->3(39)
[2024-04-09T00:18:52.668+0800][8163.307s] GC(1050) Old regions: 71->71
[2024-04-09T00:18:52.668+0800][8163.307s] GC(1050) Humongous regions: 4->4
[2024-04-09T00:18:52.668+0800][8163.308s] GC(1050) Metaspace: 68540K(69120K)->68540K(69120K) NonClass: 60835K(61120K)->60835K(61120K) Class: 7705K(8000K)->7705K(8000K)
[2024-04-09T00:18:52.668+0800][8163.308s] GC(1050) Pause Young (Normal) (G1 Evacuation Pause) 380M->76M(512M) 2.749ms
[2024-04-09T00:18:52.668+0800][8163.308s] GC(1050) User=0.00s Sys=0.00s Real=0.00s
[2024-04-09T00:18:53.872+0800][8164.511s] GC(1051) Pause Young (Normal) (G1 Evacuation Pause)
[2024-04-09T00:18:53.872+0800][8164.511s] GC(1051) Using 13 workers of 13 for evacuation
[2024-04-09T00:18:53.874+0800][8164.513s] GC(1051)   Pre Evacuate Collection Set: 0.2ms
[2024-04-09T00:18:53.874+0800][8164.513s] GC(1051)   Merge Heap Roots: 0.1ms
[2024-04-09T00:18:53.874+0800][8164.513s] GC(1051)   Evacuate Collection Set: 1.4ms
[2024-04-09T00:18:53.874+0800][8164.513s] GC(1051)   Post Evacuate Collection Set: 0.4ms
[2024-04-09T00:18:53.874+0800][8164.513s] GC(1051)   Other: 0.1ms
[2024-04-09T00:18:53.874+0800][8164.513s] GC(1051) Eden regions: 304->0(305)
[2024-04-09T00:18:53.874+0800][8164.513s] GC(1051) Survivor regions: 3->2(39)
[2024-04-09T00:18:53.874+0800][8164.513s] GC(1051) Old regions: 71->71
[2024-04-09T00:18:53.874+0800][8164.513s] GC(1051) Humongous regions: 4->4
[2024-04-09T00:18:53.874+0800][8164.513s] GC(1051) Metaspace: 68540K(69120K)->68540K(69120K) NonClass: 60835K(61120K)->60835K(61120K) Class: 7705K(8000K)->7705K(8000K)
[2024-04-09T00:18:53.874+0800][8164.513s] GC(1051) Pause Young (Normal) (G1 Evacuation Pause) 380M->75M(512M) 2.410ms
[2024-04-09T00:18:53.874+0800][8164.513s] GC(1051) User=0.00s Sys=0.00s Real=0.00s
[2024-04-09T00:18:55.081+0800][8165.720s] GC(1052) Pause Young (Normal) (G1 Evacuation Pause)
[2024-04-09T00:18:55.081+0800][8165.720s] GC(1052) Using 13 workers of 13 for evacuation
[2024-04-09T00:18:55.084+0800][8165.723s] GC(1052)   Pre Evacuate Collection Set: 0.2ms
[2024-04-09T00:18:55.084+0800][8165.723s] GC(1052)   Merge Heap Roots: 0.1ms
[2024-04-09T00:18:55.084+0800][8165.723s] GC(1052)   Evacuate Collection Set: 1.4ms
[2024-04-09T00:18:55.084+0800][8165.723s] GC(1052)   Post Evacuate Collection Set: 0.6ms
[2024-04-09T00:18:55.084+0800][8165.723s] GC(1052)   Other: 0.1ms
[2024-04-09T00:18:55.084+0800][8165.723s] GC(1052) Eden regions: 305->0(305)
[2024-04-09T00:18:55.084+0800][8165.723s] GC(1052) Survivor regions: 2->2(39)
[2024-04-09T00:18:55.084+0800][8165.723s] GC(1052) Old regions: 71->71
[2024-04-09T00:18:55.084+0800][8165.723s] GC(1052) Humongous regions: 4->4
[2024-04-09T00:18:55.084+0800][8165.723s] GC(1052) Metaspace: 68540K(69120K)->68540K(69120K) NonClass: 60835K(61120K)->60835K(61120K) Class: 7705K(8000K)->7705K(8000K)
[2024-04-09T00:18:55.084+0800][8165.723s] GC(1052) Pause Young (Normal) (G1 Evacuation Pause) 380M->75M(512M) 2.630ms
[2024-04-09T00:18:55.084+0800][8165.723s] GC(1052) User=0.00s Sys=0.00s Real=0.00s
[2024-04-09T00:18:56.247+0800][8166.886s] GC(1053) Pause Young (Normal) (G1 Evacuation Pause)
[2024-04-09T00:18:56.247+0800][8166.886s] GC(1053) Using 13 workers of 13 for evacuation
[2024-04-09T00:18:56.248+0800][8166.888s] GC(1053)   Pre Evacuate Collection Set: 0.1ms
[2024-04-09T00:18:56.249+0800][8166.888s] GC(1053)   Merge Heap Roots: 0.1ms
[2024-04-09T00:18:56.249+0800][8166.888s] GC(1053)   Evacuate Collection Set: 1.2ms
[2024-04-09T00:18:56.249+0800][8166.888s] GC(1053)   Post Evacuate Collection Set: 0.3ms
[2024-04-09T00:18:56.249+0800][8166.888s] GC(1053)   Other: 0.1ms
[2024-04-09T00:18:56.249+0800][8166.888s] GC(1053) Eden regions: 305->0(305)
[2024-04-09T00:18:56.249+0800][8166.888s] GC(1053) Survivor regions: 2->2(39)
[2024-04-09T00:18:56.249+0800][8166.888s] GC(1053) Old regions: 71->71
[2024-04-09T00:18:56.249+0800][8166.888s] GC(1053) Humongous regions: 4->4
[2024-04-09T00:18:56.249+0800][8166.888s] GC(1053) Metaspace: 68540K(69120K)->68540K(69120K) NonClass: 60835K(61120K)->60835K(61120K) Class: 7705K(8000K)->7705K(8000K)
[2024-04-09T00:18:56.249+0800][8166.888s] GC(1053) Pause Young (Normal) (G1 Evacuation Pause) 380M->76M(512M) 2.056ms
[2024-04-09T00:18:56.249+0800][8166.888s] GC(1053) User=0.00s Sys=0.00s Real=0.00s
[2024-04-09T00:18:57.410+0800][8168.049s] GC(1054) Pause Young (Normal) (G1 Evacuation Pause)
[2024-04-09T00:18:57.410+0800][8168.049s] GC(1054) Using 13 workers of 13 for evacuation
[2024-04-09T00:18:57.412+0800][8168.051s] GC(1054)   Pre Evacuate Collection Set: 0.1ms
[2024-04-09T00:18:57.412+0800][8168.051s] GC(1054)   Merge Heap Roots: 0.1ms
[2024-04-09T00:18:57.412+0800][8168.051s] GC(1054)   Evacuate Collection Set: 1.4ms
[2024-04-09T00:18:57.412+0800][8168.051s] GC(1054)   Post Evacuate Collection Set: 0.5ms
[2024-04-09T00:18:57.412+0800][8168.051s] GC(1054)   Other: 0.1ms
[2024-04-09T00:18:57.412+0800][8168.051s] GC(1054) Eden regions: 305->0(305)
[2024-04-09T00:18:57.412+0800][8168.051s] GC(1054) Survivor regions: 2->2(39)
[2024-04-09T00:18:57.412+0800][8168.051s] GC(1054) Old regions: 71->71
[2024-04-09T00:18:57.412+0800][8168.051s] GC(1054) Humongous regions: 4->4
[2024-04-09T00:18:57.412+0800][8168.051s] GC(1054) Metaspace: 68540K(69120K)->68540K(69120K) NonClass: 60835K(61120K)->60835K(61120K) Class: 7705K(8000K)->7705K(8000K)
[2024-04-09T00:18:57.412+0800][8168.051s] GC(1054) Pause Young (Normal) (G1 Evacuation Pause) 381M->75M(512M) 2.483ms
[2024-04-09T00:18:57.412+0800][8168.051s] GC(1054) User=0.00s Sys=0.00s Real=0.00s
[2024-04-09T00:18:58.594+0800][8169.233s] GC(1055) Pause Young (Normal) (G1 Evacuation Pause)
[2024-04-09T00:18:58.594+0800][8169.233s] GC(1055) Using 13 workers of 13 for evacuation
[2024-04-09T00:18:58.596+0800][8169.235s] GC(1055)   Pre Evacuate Collection Set: 0.1ms
[2024-04-09T00:18:58.596+0800][8169.235s] GC(1055)   Merge Heap Roots: 0.1ms
[2024-04-09T00:18:58.596+0800][8169.235s] GC(1055)   Evacuate Collection Set: 1.4ms
[2024-04-09T00:18:58.596+0800][8169.235s] GC(1055)   Post Evacuate Collection Set: 0.4ms
[2024-04-09T00:18:58.596+0800][8169.236s] GC(1055)   Other: 0.1ms
[2024-04-09T00:18:58.596+0800][8169.236s] GC(1055) Eden regions: 305->0(305)
[2024-04-09T00:18:58.596+0800][8169.236s] GC(1055) Survivor regions: 2->2(39)
[2024-04-09T00:18:58.596+0800][8169.236s] GC(1055) Old regions: 71->71
[2024-04-09T00:18:58.596+0800][8169.236s] GC(1055) Humongous regions: 4->4
[2024-04-09T00:18:58.596+0800][8169.236s] GC(1055) Metaspace: 68540K(69120K)->68540K(69120K) NonClass: 60835K(61120K)->60835K(61120K) Class: 7705K(8000K)->7705K(8000K)
[2024-04-09T00:18:58.596+0800][8169.236s] GC(1055) Pause Young (Normal) (G1 Evacuation Pause) 380M->75M(512M) 2.313ms
[2024-04-09T00:18:58.596+0800][8169.236s] GC(1055) User=0.00s Sys=0.00s Real=0.00s
[2024-04-09T00:18:59.781+0800][8170.420s] GC(1056) Pause Young (Normal) (G1 Evacuation Pause)
[2024-04-09T00:18:59.781+0800][8170.420s] GC(1056) Using 13 workers of 13 for evacuation
[2024-04-09T00:18:59.783+0800][8170.423s] GC(1056)   Pre Evacuate Collection Set: 0.2ms
[2024-04-09T00:18:59.783+0800][8170.423s] GC(1056)   Merge Heap Roots: 0.1ms
[2024-04-09T00:18:59.783+0800][8170.423s] GC(1056)   Evacuate Collection Set: 1.6ms
[2024-04-09T00:18:59.784+0800][8170.423s] GC(1056)   Post Evacuate Collection Set: 0.5ms
[2024-04-09T00:18:59.784+0800][8170.423s] GC(1056)   Other: 0.1ms
[2024-04-09T00:18:59.784+0800][8170.423s] GC(1056) Eden regions: 305->0(305)
[2024-04-09T00:18:59.784+0800][8170.423s] GC(1056) Survivor regions: 2->2(39)
[2024-04-09T00:18:59.784+0800][8170.423s] GC(1056) Old regions: 71->71
[2024-04-09T00:18:59.784+0800][8170.423s] GC(1056) Humongous regions: 4->4
[2024-04-09T00:18:59.784+0800][8170.423s] GC(1056) Metaspace: 68540K(69120K)->68540K(69120K) NonClass: 60835K(61120K)->60835K(61120K) Class: 7705K(8000K)->7705K(8000K)
[2024-04-09T00:18:59.784+0800][8170.423s] GC(1056) Pause Young (Normal) (G1 Evacuation Pause) 380M->75M(512M) 2.904ms
[2024-04-09T00:18:59.784+0800][8170.423s] GC(1056) User=0.00s Sys=0.00s Real=0.00s
[2024-04-09T00:19:00.948+0800][8171.588s] GC(1057) Pause Young (Normal) (G1 Evacuation Pause)
[2024-04-09T00:19:00.948+0800][8171.588s] GC(1057) Using 13 workers of 13 for evacuation
[2024-04-09T00:19:00.951+0800][8171.590s] GC(1057)   Pre Evacuate Collection Set: 0.1ms
[2024-04-09T00:19:00.951+0800][8171.590s] GC(1057)   Merge Heap Roots: 0.1ms
[2024-04-09T00:19:00.951+0800][8171.590s] GC(1057)   Evacuate Collection Set: 1.4ms
[2024-04-09T00:19:00.951+0800][8171.590s] GC(1057)   Post Evacuate Collection Set: 0.6ms
[2024-04-09T00:19:00.951+0800][8171.590s] GC(1057)   Other: 0.1ms
[2024-04-09T00:19:00.951+0800][8171.590s] GC(1057) Eden regions: 305->0(305)
[2024-04-09T00:19:00.951+0800][8171.590s] GC(1057) Survivor regions: 2->2(39)
[2024-04-09T00:19:00.951+0800][8171.590s] GC(1057) Old regions: 71->71
[2024-04-09T00:19:00.951+0800][8171.590s] GC(1057) Humongous regions: 4->4
[2024-04-09T00:19:00.951+0800][8171.590s] GC(1057) Metaspace: 68540K(69120K)->68540K(69120K) NonClass: 60835K(61120K)->60835K(61120K) Class: 7705K(8000K)->7705K(8000K)
[2024-04-09T00:19:00.951+0800][8171.590s] GC(1057) Pause Young (Normal) (G1 Evacuation Pause) 380M->75M(512M) 2.643ms
[2024-04-09T00:19:00.951+0800][8171.590s] GC(1057) User=0.00s Sys=0.00s Real=0.00s
[2024-04-09T00:19:02.175+0800][8172.815s] GC(1058) Pause Young (Normal) (G1 Evacuation Pause)
[2024-04-09T00:19:02.175+0800][8172.815s] GC(1058) Using 13 workers of 13 for evacuation
[2024-04-09T00:19:02.178+0800][8172.817s] GC(1058)   Pre Evacuate Collection Set: 0.1ms
[2024-04-09T00:19:02.178+0800][8172.817s] GC(1058)   Merge Heap Roots: 0.1ms
[2024-04-09T00:19:02.178+0800][8172.817s] GC(1058)   Evacuate Collection Set: 1.4ms
[2024-04-09T00:19:02.178+0800][8172.817s] GC(1058)   Post Evacuate Collection Set: 0.5ms
[2024-04-09T00:19:02.178+0800][8172.817s] GC(1058)   Other: 0.1ms
[2024-04-09T00:19:02.178+0800][8172.817s] GC(1058) Eden regions: 305->0(305)
[2024-04-09T00:19:02.178+0800][8172.817s] GC(1058) Survivor regions: 2->2(39)
[2024-04-09T00:19:02.178+0800][8172.817s] GC(1058) Old regions: 71->71
[2024-04-09T00:19:02.178+0800][8172.817s] GC(1058) Humongous regions: 4->4
[2024-04-09T00:19:02.178+0800][8172.817s] GC(1058) Metaspace: 68540K(69120K)->68540K(69120K) NonClass: 60835K(61120K)->60835K(61120K) Class: 7705K(8000K)->7705K(8000K)
[2024-04-09T00:19:02.178+0800][8172.817s] GC(1058) Pause Young (Normal) (G1 Evacuation Pause) 380M->76M(512M) 2.387ms
[2024-04-09T00:19:02.178+0800][8172.817s] GC(1058) User=0.00s Sys=0.00s Real=0.00s
[2024-04-09T00:19:03.344+0800][8173.983s] GC(1059) Pause Young (Normal) (G1 Evacuation Pause)
[2024-04-09T00:19:03.344+0800][8173.983s] GC(1059) Using 13 workers of 13 for evacuation
[2024-04-09T00:19:03.346+0800][8173.986s] GC(1059)   Pre Evacuate Collection Set: 0.1ms
[2024-04-09T00:19:03.346+0800][8173.986s] GC(1059)   Merge Heap Roots: 0.1ms
[2024-04-09T00:19:03.346+0800][8173.986s] GC(1059)   Evacuate Collection Set: 1.7ms
[2024-04-09T00:19:03.346+0800][8173.986s] GC(1059)   Post Evacuate Collection Set: 0.5ms
[2024-04-09T00:19:03.346+0800][8173.986s] GC(1059)   Other: 0.1ms
[2024-04-09T00:19:03.346+0800][8173.986s] GC(1059) Eden regions: 305->0(305)
[2024-04-09T00:19:03.346+0800][8173.986s] GC(1059) Survivor regions: 2->2(39)
[2024-04-09T00:19:03.347+0800][8173.986s] GC(1059) Old regions: 71->71
[2024-04-09T00:19:03.347+0800][8173.986s] GC(1059) Humongous regions: 4->4
[2024-04-09T00:19:03.347+0800][8173.986s] GC(1059) Metaspace: 68540K(69120K)->68540K(69120K) NonClass: 60835K(61120K)->60835K(61120K) Class: 7705K(8000K)->7705K(8000K)
[2024-04-09T00:19:03.347+0800][8173.986s] GC(1059) Pause Young (Normal) (G1 Evacuation Pause) 381M->76M(512M) 2.794ms
[2024-04-09T00:19:03.347+0800][8173.986s] GC(1059) User=0.00s Sys=0.00s Real=0.00s
[2024-04-09T00:19:04.554+0800][8175.193s] GC(1060) Pause Young (Normal) (G1 Evacuation Pause)
[2024-04-09T00:19:04.554+0800][8175.193s] GC(1060) Using 13 workers of 13 for evacuation
[2024-04-09T00:19:04.556+0800][8175.196s] GC(1060)   Pre Evacuate Collection Set: 0.1ms
[2024-04-09T00:19:04.556+0800][8175.196s] GC(1060)   Merge Heap Roots: 0.1ms
[2024-04-09T00:19:04.556+0800][8175.196s] GC(1060)   Evacuate Collection Set: 1.8ms
[2024-04-09T00:19:04.556+0800][8175.196s] GC(1060)   Post Evacuate Collection Set: 0.6ms
[2024-04-09T00:19:04.556+0800][8175.196s] GC(1060)   Other: 0.1ms
[2024-04-09T00:19:04.556+0800][8175.196s] GC(1060) Eden regions: 305->0(305)
[2024-04-09T00:19:04.556+0800][8175.196s] GC(1060) Survivor regions: 2->2(39)
[2024-04-09T00:19:04.556+0800][8175.196s] GC(1060) Old regions: 71->71
[2024-04-09T00:19:04.556+0800][8175.196s] GC(1060) Humongous regions: 4->4
[2024-04-09T00:19:04.557+0800][8175.196s] GC(1060) Metaspace: 68540K(69120K)->68540K(69120K) NonClass: 60835K(61120K)->60835K(61120K) Class: 7705K(8000K)->7705K(8000K)
[2024-04-09T00:19:04.557+0800][8175.196s] GC(1060) Pause Young (Normal) (G1 Evacuation Pause) 381M->75M(512M) 3.023ms
[2024-04-09T00:19:04.557+0800][8175.196s] GC(1060) User=0.03s Sys=0.00s Real=0.00s
[2024-04-09T00:19:05.739+0800][8176.378s] GC(1061) Pause Young (Normal) (G1 Evacuation Pause)
[2024-04-09T00:19:05.739+0800][8176.378s] GC(1061) Using 13 workers of 13 for evacuation
[2024-04-09T00:19:05.741+0800][8176.380s] GC(1061)   Pre Evacuate Collection Set: 0.1ms
[2024-04-09T00:19:05.741+0800][8176.380s] GC(1061)   Merge Heap Roots: 0.1ms
[2024-04-09T00:19:05.741+0800][8176.380s] GC(1061)   Evacuate Collection Set: 1.4ms
[2024-04-09T00:19:05.741+0800][8176.380s] GC(1061)   Post Evacuate Collection Set: 0.4ms
[2024-04-09T00:19:05.741+0800][8176.380s] GC(1061)   Other: 0.1ms
[2024-04-09T00:19:05.741+0800][8176.381s] GC(1061) Eden regions: 305->0(305)
[2024-04-09T00:19:05.741+0800][8176.381s] GC(1061) Survivor regions: 2->2(39)
[2024-04-09T00:19:05.741+0800][8176.381s] GC(1061) Old regions: 71->71
[2024-04-09T00:19:05.741+0800][8176.381s] GC(1061) Humongous regions: 4->4
[2024-04-09T00:19:05.741+0800][8176.381s] GC(1061) Metaspace: 68540K(69120K)->68540K(69120K) NonClass: 60835K(61120K)->60835K(61120K) Class: 7705K(8000K)->7705K(8000K)
[2024-04-09T00:19:05.741+0800][8176.381s] GC(1061) Pause Young (Normal) (G1 Evacuation Pause) 380M->76M(512M) 2.308ms
[2024-04-09T00:19:05.741+0800][8176.381s] GC(1061) User=0.00s Sys=0.00s Real=0.00s
[2024-04-09T00:19:06.941+0800][8177.580s] GC(1062) Pause Young (Normal) (G1 Evacuation Pause)
[2024-04-09T00:19:06.941+0800][8177.580s] GC(1062) Using 13 workers of 13 for evacuation
[2024-04-09T00:19:06.943+0800][8177.582s] GC(1062)   Pre Evacuate Collection Set: 0.1ms
[2024-04-09T00:19:06.943+0800][8177.582s] GC(1062)   Merge Heap Roots: 0.1ms
[2024-04-09T00:19:06.943+0800][8177.582s] GC(1062)   Evacuate Collection Set: 1.5ms
[2024-04-09T00:19:06.943+0800][8177.582s] GC(1062)   Post Evacuate Collection Set: 0.4ms
[2024-04-09T00:19:06.943+0800][8177.582s] GC(1062)   Other: 0.1ms
[2024-04-09T00:19:06.943+0800][8177.582s] GC(1062) Eden regions: 305->0(305)
[2024-04-09T00:19:06.943+0800][8177.582s] GC(1062) Survivor regions: 2->2(39)
[2024-04-09T00:19:06.943+0800][8177.582s] GC(1062) Old regions: 71->71
[2024-04-09T00:19:06.943+0800][8177.582s] GC(1062) Humongous regions: 4->4
[2024-04-09T00:19:06.943+0800][8177.582s] GC(1062) Metaspace: 68540K(69120K)->68540K(69120K) NonClass: 60835K(61120K)->60835K(61120K) Class: 7705K(8000K)->7705K(8000K)
[2024-04-09T00:19:06.943+0800][8177.582s] GC(1062) Pause Young (Normal) (G1 Evacuation Pause) 381M->75M(512M) 2.350ms
[2024-04-09T00:19:06.943+0800][8177.582s] GC(1062) User=0.00s Sys=0.00s Real=0.00s
[2024-04-09T00:19:08.158+0800][8178.797s] GC(1063) Pause Young (Normal) (G1 Evacuation Pause)
[2024-04-09T00:19:08.158+0800][8178.797s] GC(1063) Using 13 workers of 13 for evacuation
[2024-04-09T00:19:08.160+0800][8178.800s] GC(1063)   Pre Evacuate Collection Set: 0.2ms
[2024-04-09T00:19:08.161+0800][8178.800s] GC(1063)   Merge Heap Roots: 0.1ms
[2024-04-09T00:19:08.161+0800][8178.800s] GC(1063)   Evacuate Collection Set: 1.5ms
[2024-04-09T00:19:08.161+0800][8178.800s] GC(1063)   Post Evacuate Collection Set: 0.4ms
[2024-04-09T00:19:08.161+0800][8178.800s] GC(1063)   Other: 0.1ms
[2024-04-09T00:19:08.161+0800][8178.800s] GC(1063) Eden regions: 305->0(305)
[2024-04-09T00:19:08.161+0800][8178.800s] GC(1063) Survivor regions: 2->2(39)
[2024-04-09T00:19:08.161+0800][8178.800s] GC(1063) Old regions: 71->71
[2024-04-09T00:19:08.161+0800][8178.800s] GC(1063) Humongous regions: 4->4
[2024-04-09T00:19:08.161+0800][8178.800s] GC(1063) Metaspace: 68540K(69120K)->68540K(69120K) NonClass: 60835K(61120K)->60835K(61120K) Class: 7705K(8000K)->7705K(8000K)
[2024-04-09T00:19:08.161+0800][8178.800s] GC(1063) Pause Young (Normal) (G1 Evacuation Pause) 380M->75M(512M) 2.521ms
[2024-04-09T00:19:08.161+0800][8178.800s] GC(1063) User=0.00s Sys=0.00s Real=0.00s
[2024-04-09T00:19:09.296+0800][8179.935s] GC(1064) Pause Young (Normal) (G1 Evacuation Pause)
[2024-04-09T00:19:09.296+0800][8179.935s] GC(1064) Using 13 workers of 13 for evacuation
[2024-04-09T00:19:09.298+0800][8179.937s] GC(1064)   Pre Evacuate Collection Set: 0.2ms
[2024-04-09T00:19:09.298+0800][8179.937s] GC(1064)   Merge Heap Roots: 0.1ms
[2024-04-09T00:19:09.298+0800][8179.937s] GC(1064)   Evacuate Collection Set: 1.4ms
[2024-04-09T00:19:09.298+0800][8179.937s] GC(1064)   Post Evacuate Collection Set: 0.4ms
[2024-04-09T00:19:09.298+0800][8179.937s] GC(1064)   Other: 0.1ms
[2024-04-09T00:19:09.298+0800][8179.937s] GC(1064) Eden regions: 305->0(305)
[2024-04-09T00:19:09.298+0800][8179.937s] GC(1064) Survivor regions: 2->2(39)
[2024-04-09T00:19:09.298+0800][8179.937s] GC(1064) Old regions: 71->71
[2024-04-09T00:19:09.298+0800][8179.937s] GC(1064) Humongous regions: 4->4
[2024-04-09T00:19:09.298+0800][8179.937s] GC(1064) Metaspace: 68540K(69120K)->68540K(69120K) NonClass: 60835K(61120K)->60835K(61120K) Class: 7705K(8000K)->7705K(8000K)
[2024-04-09T00:19:09.298+0800][8179.937s] GC(1064) Pause Young (Normal) (G1 Evacuation Pause) 380M->75M(512M) 2.377ms
[2024-04-09T00:19:09.298+0800][8179.937s] GC(1064) User=0.00s Sys=0.00s Real=0.00s
[2024-04-09T00:19:10.501+0800][8181.141s] GC(1065) Pause Young (Normal) (G1 Evacuation Pause)
[2024-04-09T00:19:10.502+0800][8181.141s] GC(1065) Using 13 workers of 13 for evacuation
[2024-04-09T00:19:10.504+0800][8181.143s] GC(1065)   Pre Evacuate Collection Set: 0.1ms
[2024-04-09T00:19:10.504+0800][8181.143s] GC(1065)   Merge Heap Roots: 0.1ms
[2024-04-09T00:19:10.504+0800][8181.143s] GC(1065)   Evacuate Collection Set: 1.5ms
[2024-04-09T00:19:10.504+0800][8181.143s] GC(1065)   Post Evacuate Collection Set: 0.5ms
[2024-04-09T00:19:10.504+0800][8181.143s] GC(1065)   Other: 0.1ms
[2024-04-09T00:19:10.504+0800][8181.143s] GC(1065) Eden regions: 305->0(305)
[2024-04-09T00:19:10.504+0800][8181.143s] GC(1065) Survivor regions: 2->2(39)
[2024-04-09T00:19:10.504+0800][8181.143s] GC(1065) Old regions: 71->71
[2024-04-09T00:19:10.504+0800][8181.143s] GC(1065) Humongous regions: 4->4
[2024-04-09T00:19:10.504+0800][8181.143s] GC(1065) Metaspace: 68540K(69120K)->68540K(69120K) NonClass: 60835K(61120K)->60835K(61120K) Class: 7705K(8000K)->7705K(8000K)
[2024-04-09T00:19:10.504+0800][8181.143s] GC(1065) Pause Young (Normal) (G1 Evacuation Pause) 380M->76M(512M) 2.476ms
[2024-04-09T00:19:10.504+0800][8181.143s] GC(1065) User=0.00s Sys=0.00s Real=0.00s
[2024-04-09T00:19:11.643+0800][8182.282s] GC(1066) Pause Young (Normal) (G1 Evacuation Pause)
[2024-04-09T00:19:11.643+0800][8182.282s] GC(1066) Using 13 workers of 13 for evacuation
[2024-04-09T00:19:11.645+0800][8182.284s] GC(1066)   Pre Evacuate Collection Set: 0.2ms
[2024-04-09T00:19:11.645+0800][8182.284s] GC(1066)   Merge Heap Roots: 0.1ms
[2024-04-09T00:19:11.645+0800][8182.285s] GC(1066)   Evacuate Collection Set: 1.7ms
[2024-04-09T00:19:11.645+0800][8182.285s] GC(1066)   Post Evacuate Collection Set: 0.6ms
[2024-04-09T00:19:11.645+0800][8182.285s] GC(1066)   Other: 0.1ms
[2024-04-09T00:19:11.645+0800][8182.285s] GC(1066) Eden regions: 305->0(305)
[2024-04-09T00:19:11.645+0800][8182.285s] GC(1066) Survivor regions: 2->2(39)
[2024-04-09T00:19:11.646+0800][8182.285s] GC(1066) Old regions: 71->71
[2024-04-09T00:19:11.646+0800][8182.285s] GC(1066) Humongous regions: 4->4
[2024-04-09T00:19:11.646+0800][8182.285s] GC(1066) Metaspace: 68540K(69120K)->68540K(69120K) NonClass: 60835K(61120K)->60835K(61120K) Class: 7705K(8000K)->7705K(8000K)
[2024-04-09T00:19:11.646+0800][8182.285s] GC(1066) Pause Young (Normal) (G1 Evacuation Pause) 381M->76M(512M) 2.849ms
[2024-04-09T00:19:11.646+0800][8182.285s] GC(1066) User=0.00s Sys=0.00s Real=0.00s
[2024-04-09T00:19:12.821+0800][8183.460s] GC(1067) Pause Young (Normal) (G1 Evacuation Pause)
[2024-04-09T00:19:12.821+0800][8183.460s] GC(1067) Using 13 workers of 13 for evacuation
[2024-04-09T00:19:12.823+0800][8183.462s] GC(1067)   Pre Evacuate Collection Set: 0.1ms
[2024-04-09T00:19:12.823+0800][8183.462s] GC(1067)   Merge Heap Roots: 0.1ms
[2024-04-09T00:19:12.823+0800][8183.462s] GC(1067)   Evacuate Collection Set: 1.3ms
[2024-04-09T00:19:12.823+0800][8183.462s] GC(1067)   Post Evacuate Collection Set: 0.4ms
[2024-04-09T00:19:12.823+0800][8183.462s] GC(1067)   Other: 0.1ms
[2024-04-09T00:19:12.823+0800][8183.462s] GC(1067) Eden regions: 305->0(305)
[2024-04-09T00:19:12.823+0800][8183.462s] GC(1067) Survivor regions: 2->2(39)
[2024-04-09T00:19:12.823+0800][8183.462s] GC(1067) Old regions: 71->71
[2024-04-09T00:19:12.823+0800][8183.462s] GC(1067) Humongous regions: 4->4
[2024-04-09T00:19:12.823+0800][8183.462s] GC(1067) Metaspace: 68540K(69120K)->68540K(69120K) NonClass: 60835K(61120K)->60835K(61120K) Class: 7705K(8000K)->7705K(8000K)
[2024-04-09T00:19:12.823+0800][8183.462s] GC(1067) Pause Young (Normal) (G1 Evacuation Pause) 381M->75M(512M) 2.120ms
[2024-04-09T00:19:12.823+0800][8183.462s] GC(1067) User=0.19s Sys=0.02s Real=0.00s
[2024-04-09T00:19:14.031+0800][8184.670s] GC(1068) Pause Young (Normal) (G1 Evacuation Pause)
[2024-04-09T00:19:14.031+0800][8184.670s] GC(1068) Using 13 workers of 13 for evacuation
[2024-04-09T00:19:14.033+0800][8184.672s] GC(1068)   Pre Evacuate Collection Set: 0.1ms
[2024-04-09T00:19:14.033+0800][8184.672s] GC(1068)   Merge Heap Roots: 0.1ms
[2024-04-09T00:19:14.033+0800][8184.672s] GC(1068)   Evacuate Collection Set: 1.2ms
[2024-04-09T00:19:14.033+0800][8184.672s] GC(1068)   Post Evacuate Collection Set: 0.4ms
[2024-04-09T00:19:14.033+0800][8184.672s] GC(1068)   Other: 0.1ms
[2024-04-09T00:19:14.033+0800][8184.672s] GC(1068) Eden regions: 305->0(305)
[2024-04-09T00:19:14.033+0800][8184.672s] GC(1068) Survivor regions: 2->2(39)
[2024-04-09T00:19:14.033+0800][8184.672s] GC(1068) Old regions: 71->71
[2024-04-09T00:19:14.033+0800][8184.672s] GC(1068) Humongous regions: 4->4
[2024-04-09T00:19:14.033+0800][8184.672s] GC(1068) Metaspace: 68540K(69120K)->68540K(69120K) NonClass: 60835K(61120K)->60835K(61120K) Class: 7705K(8000K)->7705K(8000K)
[2024-04-09T00:19:14.033+0800][8184.672s] GC(1068) Pause Young (Normal) (G1 Evacuation Pause) 380M->75M(512M) 2.139ms
[2024-04-09T00:19:14.033+0800][8184.672s] GC(1068) User=0.00s Sys=0.00s Real=0.00s
[2024-04-09T00:19:15.222+0800][8185.861s] GC(1069) Pause Young (Normal) (G1 Evacuation Pause)
[2024-04-09T00:19:15.222+0800][8185.861s] GC(1069) Using 13 workers of 13 for evacuation
[2024-04-09T00:19:15.224+0800][8185.863s] GC(1069)   Pre Evacuate Collection Set: 0.1ms
[2024-04-09T00:19:15.224+0800][8185.863s] GC(1069)   Merge Heap Roots: 0.1ms
[2024-04-09T00:19:15.224+0800][8185.863s] GC(1069)   Evacuate Collection Set: 1.4ms
[2024-04-09T00:19:15.224+0800][8185.863s] GC(1069)   Post Evacuate Collection Set: 0.4ms
[2024-04-09T00:19:15.224+0800][8185.863s] GC(1069)   Other: 0.1ms
[2024-04-09T00:19:15.224+0800][8185.863s] GC(1069) Eden regions: 305->0(305)
[2024-04-09T00:19:15.224+0800][8185.863s] GC(1069) Survivor regions: 2->2(39)
[2024-04-09T00:19:15.224+0800][8185.863s] GC(1069) Old regions: 71->71
[2024-04-09T00:19:15.224+0800][8185.863s] GC(1069) Humongous regions: 4->4
[2024-04-09T00:19:15.224+0800][8185.863s] GC(1069) Metaspace: 68540K(69120K)->68540K(69120K) NonClass: 60835K(61120K)->60835K(61120K) Class: 7705K(8000K)->7705K(8000K)
[2024-04-09T00:19:15.224+0800][8185.863s] GC(1069) Pause Young (Normal) (G1 Evacuation Pause) 380M->76M(512M) 2.318ms
[2024-04-09T00:19:15.224+0800][8185.863s] GC(1069) User=0.00s Sys=0.00s Real=0.00s
[2024-04-09T00:19:16.425+0800][8187.064s] GC(1070) Pause Young (Normal) (G1 Evacuation Pause)
[2024-04-09T00:19:16.425+0800][8187.064s] GC(1070) Using 13 workers of 13 for evacuation
[2024-04-09T00:19:16.427+0800][8187.067s] GC(1070)   Pre Evacuate Collection Set: 0.2ms
[2024-04-09T00:19:16.427+0800][8187.067s] GC(1070)   Merge Heap Roots: 0.1ms
[2024-04-09T00:19:16.428+0800][8187.067s] GC(1070)   Evacuate Collection Set: 1.5ms
[2024-04-09T00:19:16.428+0800][8187.067s] GC(1070)   Post Evacuate Collection Set: 0.5ms
[2024-04-09T00:19:16.428+0800][8187.067s] GC(1070)   Other: 0.1ms
[2024-04-09T00:19:16.428+0800][8187.067s] GC(1070) Eden regions: 305->0(305)
[2024-04-09T00:19:16.428+0800][8187.067s] GC(1070) Survivor regions: 2->2(39)
[2024-04-09T00:19:16.428+0800][8187.067s] GC(1070) Old regions: 71->71
[2024-04-09T00:19:16.428+0800][8187.067s] GC(1070) Humongous regions: 4->4
[2024-04-09T00:19:16.428+0800][8187.067s] GC(1070) Metaspace: 68540K(69120K)->68540K(69120K) NonClass: 60835K(61120K)->60835K(61120K) Class: 7705K(8000K)->7705K(8000K)
[2024-04-09T00:19:16.428+0800][8187.067s] GC(1070) Pause Young (Normal) (G1 Evacuation Pause) 381M->76M(512M) 2.562ms
[2024-04-09T00:19:16.428+0800][8187.067s] GC(1070) User=0.00s Sys=0.00s Real=0.00s
[2024-04-09T00:19:17.608+0800][8188.247s] GC(1071) Pause Young (Normal) (G1 Evacuation Pause)
[2024-04-09T00:19:17.608+0800][8188.247s] GC(1071) Using 13 workers of 13 for evacuation
[2024-04-09T00:19:17.610+0800][8188.249s] GC(1071)   Pre Evacuate Collection Set: 0.1ms
[2024-04-09T00:19:17.610+0800][8188.249s] GC(1071)   Merge Heap Roots: 0.1ms
[2024-04-09T00:19:17.610+0800][8188.250s] GC(1071)   Evacuate Collection Set: 1.5ms
[2024-04-09T00:19:17.610+0800][8188.250s] GC(1071)   Post Evacuate Collection Set: 0.5ms
[2024-04-09T00:19:17.610+0800][8188.250s] GC(1071)   Other: 0.1ms
[2024-04-09T00:19:17.610+0800][8188.250s] GC(1071) Eden regions: 305->0(305)
[2024-04-09T00:19:17.610+0800][8188.250s] GC(1071) Survivor regions: 2->2(39)
[2024-04-09T00:19:17.610+0800][8188.250s] GC(1071) Old regions: 71->71
[2024-04-09T00:19:17.610+0800][8188.250s] GC(1071) Humongous regions: 4->4
[2024-04-09T00:19:17.610+0800][8188.250s] GC(1071) Metaspace: 68540K(69120K)->68540K(69120K) NonClass: 60835K(61120K)->60835K(61120K) Class: 7705K(8000K)->7705K(8000K)
[2024-04-09T00:19:17.611+0800][8188.250s] GC(1071) Pause Young (Normal) (G1 Evacuation Pause) 381M->76M(512M) 2.549ms
[2024-04-09T00:19:17.611+0800][8188.250s] GC(1071) User=0.00s Sys=0.00s Real=0.00s
[2024-04-09T00:19:18.751+0800][8189.390s] GC(1072) Pause Young (Normal) (G1 Evacuation Pause)
[2024-04-09T00:19:18.751+0800][8189.390s] GC(1072) Using 13 workers of 13 for evacuation
[2024-04-09T00:19:18.753+0800][8189.392s] GC(1072)   Pre Evacuate Collection Set: 0.1ms
[2024-04-09T00:19:18.753+0800][8189.392s] GC(1072)   Merge Heap Roots: 0.1ms
[2024-04-09T00:19:18.753+0800][8189.392s] GC(1072)   Evacuate Collection Set: 1.5ms
[2024-04-09T00:19:18.753+0800][8189.392s] GC(1072)   Post Evacuate Collection Set: 0.5ms
[2024-04-09T00:19:18.753+0800][8189.392s] GC(1072)   Other: 0.1ms
[2024-04-09T00:19:18.753+0800][8189.392s] GC(1072) Eden regions: 305->0(305)
[2024-04-09T00:19:18.753+0800][8189.392s] GC(1072) Survivor regions: 2->2(39)
[2024-04-09T00:19:18.753+0800][8189.392s] GC(1072) Old regions: 71->71
[2024-04-09T00:19:18.753+0800][8189.392s] GC(1072) Humongous regions: 4->4
[2024-04-09T00:19:18.753+0800][8189.392s] GC(1072) Metaspace: 68540K(69120K)->68540K(69120K) NonClass: 60835K(61120K)->60835K(61120K) Class: 7705K(8000K)->7705K(8000K)
[2024-04-09T00:19:18.753+0800][8189.392s] GC(1072) Pause Young (Normal) (G1 Evacuation Pause) 381M->76M(512M) 2.588ms
[2024-04-09T00:19:18.753+0800][8189.393s] GC(1072) User=0.00s Sys=0.00s Real=0.00s
[2024-04-09T00:19:20.042+0800][8190.681s] GC(1073) Pause Young (Normal) (G1 Evacuation Pause)
[2024-04-09T00:19:20.042+0800][8190.681s] GC(1073) Using 13 workers of 13 for evacuation
[2024-04-09T00:19:20.043+0800][8190.683s] GC(1073)   Pre Evacuate Collection Set: 0.1ms
[2024-04-09T00:19:20.043+0800][8190.683s] GC(1073)   Merge Heap Roots: 0.1ms
[2024-04-09T00:19:20.043+0800][8190.683s] GC(1073)   Evacuate Collection Set: 1.2ms
[2024-04-09T00:19:20.043+0800][8190.683s] GC(1073)   Post Evacuate Collection Set: 0.3ms
[2024-04-09T00:19:20.043+0800][8190.683s] GC(1073)   Other: 0.1ms
[2024-04-09T00:19:20.043+0800][8190.683s] GC(1073) Eden regions: 305->0(305)
[2024-04-09T00:19:20.043+0800][8190.683s] GC(1073) Survivor regions: 2->2(39)
[2024-04-09T00:19:20.043+0800][8190.683s] GC(1073) Old regions: 71->71
[2024-04-09T00:19:20.044+0800][8190.683s] GC(1073) Humongous regions: 4->4
[2024-04-09T00:19:20.044+0800][8190.683s] GC(1073) Metaspace: 68540K(69120K)->68540K(69120K) NonClass: 60835K(61120K)->60835K(61120K) Class: 7705K(8000K)->7705K(8000K)
[2024-04-09T00:19:20.044+0800][8190.683s] GC(1073) Pause Young (Normal) (G1 Evacuation Pause) 381M->76M(512M) 1.881ms
[2024-04-09T00:19:20.044+0800][8190.683s] GC(1073) User=0.00s Sys=0.00s Real=0.00s
[2024-04-09T00:19:21.557+0800][8192.196s] GC(1074) Pause Young (Normal) (G1 Evacuation Pause)
[2024-04-09T00:19:21.557+0800][8192.197s] GC(1074) Using 13 workers of 13 for evacuation
[2024-04-09T00:19:21.560+0800][8192.200s] GC(1074)   Pre Evacuate Collection Set: 0.2ms
[2024-04-09T00:19:21.560+0800][8192.200s] GC(1074)   Merge Heap Roots: 0.1ms
[2024-04-09T00:19:21.560+0800][8192.200s] GC(1074)   Evacuate Collection Set: 2.4ms
[2024-04-09T00:19:21.560+0800][8192.200s] GC(1074)   Post Evacuate Collection Set: 0.5ms
[2024-04-09T00:19:21.560+0800][8192.200s] GC(1074)   Other: 0.1ms
[2024-04-09T00:19:21.560+0800][8192.200s] GC(1074) Eden regions: 305->0(305)
[2024-04-09T00:19:21.560+0800][8192.200s] GC(1074) Survivor regions: 2->2(39)
[2024-04-09T00:19:21.560+0800][8192.200s] GC(1074) Old regions: 71->71
[2024-04-09T00:19:21.560+0800][8192.200s] GC(1074) Humongous regions: 4->4
[2024-04-09T00:19:21.560+0800][8192.200s] GC(1074) Metaspace: 68540K(69120K)->68540K(69120K) NonClass: 60835K(61120K)->60835K(61120K) Class: 7705K(8000K)->7705K(8000K)
[2024-04-09T00:19:21.560+0800][8192.200s] GC(1074) Pause Young (Normal) (G1 Evacuation Pause) 381M->76M(512M) 3.553ms
[2024-04-09T00:19:21.560+0800][8192.200s] GC(1074) User=0.00s Sys=0.00s Real=0.00s
[2024-04-09T00:19:22.908+0800][8193.547s] GC(1075) Pause Young (Normal) (G1 Evacuation Pause)
[2024-04-09T00:19:22.908+0800][8193.547s] GC(1075) Using 13 workers of 13 for evacuation
[2024-04-09T00:19:22.910+0800][8193.550s] GC(1075)   Pre Evacuate Collection Set: 0.3ms
[2024-04-09T00:19:22.910+0800][8193.550s] GC(1075)   Merge Heap Roots: 0.1ms
[2024-04-09T00:19:22.910+0800][8193.550s] GC(1075)   Evacuate Collection Set: 1.9ms
[2024-04-09T00:19:22.910+0800][8193.550s] GC(1075)   Post Evacuate Collection Set: 0.4ms
[2024-04-09T00:19:22.910+0800][8193.550s] GC(1075)   Other: 0.1ms
[2024-04-09T00:19:22.910+0800][8193.550s] GC(1075) Eden regions: 305->0(304)
[2024-04-09T00:19:22.910+0800][8193.550s] GC(1075) Survivor regions: 2->3(39)
[2024-04-09T00:19:22.911+0800][8193.550s] GC(1075) Old regions: 71->71
[2024-04-09T00:19:22.911+0800][8193.550s] GC(1075) Humongous regions: 4->4
[2024-04-09T00:19:22.911+0800][8193.550s] GC(1075) Metaspace: 68540K(69120K)->68540K(69120K) NonClass: 60835K(61120K)->60835K(61120K) Class: 7705K(8000K)->7705K(8000K)
[2024-04-09T00:19:22.911+0800][8193.550s] GC(1075) Pause Young (Normal) (G1 Evacuation Pause) 381M->76M(512M) 2.989ms
[2024-04-09T00:19:22.911+0800][8193.550s] GC(1075) User=0.00s Sys=0.00s Real=0.00s
[2024-04-09T00:19:24.196+0800][8194.836s] GC(1076) Pause Young (Normal) (G1 Evacuation Pause)
[2024-04-09T00:19:24.196+0800][8194.836s] GC(1076) Using 13 workers of 13 for evacuation
[2024-04-09T00:19:24.198+0800][8194.837s] GC(1076)   Pre Evacuate Collection Set: 0.1ms
[2024-04-09T00:19:24.198+0800][8194.838s] GC(1076)   Merge Heap Roots: 0.1ms
[2024-04-09T00:19:24.198+0800][8194.838s] GC(1076)   Evacuate Collection Set: 1.3ms
[2024-04-09T00:19:24.198+0800][8194.838s] GC(1076)   Post Evacuate Collection Set: 0.4ms
[2024-04-09T00:19:24.198+0800][8194.838s] GC(1076)   Other: 0.1ms
[2024-04-09T00:19:24.198+0800][8194.838s] GC(1076) Eden regions: 304->0(305)
[2024-04-09T00:19:24.198+0800][8194.838s] GC(1076) Survivor regions: 3->2(39)
[2024-04-09T00:19:24.198+0800][8194.838s] GC(1076) Old regions: 71->71
[2024-04-09T00:19:24.198+0800][8194.838s] GC(1076) Humongous regions: 4->4
[2024-04-09T00:19:24.198+0800][8194.838s] GC(1076) Metaspace: 68540K(69120K)->68540K(69120K) NonClass: 60835K(61120K)->60835K(61120K) Class: 7705K(8000K)->7705K(8000K)
[2024-04-09T00:19:24.198+0800][8194.838s] GC(1076) Pause Young (Normal) (G1 Evacuation Pause) 380M->75M(512M) 2.137ms
[2024-04-09T00:19:24.198+0800][8194.838s] GC(1076) User=0.20s Sys=0.00s Real=0.00s
[2024-04-09T00:19:25.527+0800][8196.166s] GC(1077) Pause Young (Normal) (G1 Evacuation Pause)
[2024-04-09T00:19:25.527+0800][8196.167s] GC(1077) Using 13 workers of 13 for evacuation
[2024-04-09T00:19:25.530+0800][8196.169s] GC(1077)   Pre Evacuate Collection Set: 0.1ms
[2024-04-09T00:19:25.530+0800][8196.169s] GC(1077)   Merge Heap Roots: 0.1ms
[2024-04-09T00:19:25.530+0800][8196.169s] GC(1077)   Evacuate Collection Set: 1.8ms
[2024-04-09T00:19:25.530+0800][8196.169s] GC(1077)   Post Evacuate Collection Set: 0.3ms
[2024-04-09T00:19:25.530+0800][8196.169s] GC(1077)   Other: 0.1ms
[2024-04-09T00:19:25.530+0800][8196.169s] GC(1077) Eden regions: 305->0(305)
[2024-04-09T00:19:25.530+0800][8196.169s] GC(1077) Survivor regions: 2->2(39)
[2024-04-09T00:19:25.530+0800][8196.169s] GC(1077) Old regions: 71->71
[2024-04-09T00:19:25.530+0800][8196.169s] GC(1077) Humongous regions: 4->4
[2024-04-09T00:19:25.530+0800][8196.169s] GC(1077) Metaspace: 68540K(69120K)->68540K(69120K) NonClass: 60835K(61120K)->60835K(61120K) Class: 7705K(8000K)->7705K(8000K)
[2024-04-09T00:19:25.530+0800][8196.169s] GC(1077) Pause Young (Normal) (G1 Evacuation Pause) 380M->76M(512M) 2.605ms
[2024-04-09T00:19:25.530+0800][8196.169s] GC(1077) User=0.00s Sys=0.00s Real=0.00s
[2024-04-09T00:19:26.810+0800][8197.449s] GC(1078) Pause Young (Normal) (G1 Evacuation Pause)
[2024-04-09T00:19:26.810+0800][8197.449s] GC(1078) Using 13 workers of 13 for evacuation
[2024-04-09T00:19:26.815+0800][8197.454s] GC(1078)   Pre Evacuate Collection Set: 0.1ms
[2024-04-09T00:19:26.815+0800][8197.454s] GC(1078)   Merge Heap Roots: 0.1ms
[2024-04-09T00:19:26.815+0800][8197.454s] GC(1078)   Evacuate Collection Set: 3.5ms
[2024-04-09T00:19:26.815+0800][8197.454s] GC(1078)   Post Evacuate Collection Set: 0.7ms
[2024-04-09T00:19:26.815+0800][8197.454s] GC(1078)   Other: 0.1ms
[2024-04-09T00:19:26.815+0800][8197.454s] GC(1078) Eden regions: 305->0(305)
[2024-04-09T00:19:26.815+0800][8197.454s] GC(1078) Survivor regions: 2->2(39)
[2024-04-09T00:19:26.815+0800][8197.454s] GC(1078) Old regions: 71->71
[2024-04-09T00:19:26.815+0800][8197.454s] GC(1078) Humongous regions: 4->4
[2024-04-09T00:19:26.815+0800][8197.454s] GC(1078) Metaspace: 68540K(69120K)->68540K(69120K) NonClass: 60835K(61120K)->60835K(61120K) Class: 7705K(8000K)->7705K(8000K)
[2024-04-09T00:19:26.815+0800][8197.454s] GC(1078) Pause Young (Normal) (G1 Evacuation Pause) 381M->76M(512M) 4.722ms
[2024-04-09T00:19:26.815+0800][8197.454s] GC(1078) User=0.00s Sys=0.00s Real=0.01s
[2024-04-09T00:19:28.116+0800][8198.755s] GC(1079) Pause Young (Normal) (G1 Evacuation Pause)
[2024-04-09T00:19:28.116+0800][8198.755s] GC(1079) Using 13 workers of 13 for evacuation
[2024-04-09T00:19:28.118+0800][8198.757s] GC(1079)   Pre Evacuate Collection Set: 0.1ms
[2024-04-09T00:19:28.118+0800][8198.757s] GC(1079)   Merge Heap Roots: 0.1ms
[2024-04-09T00:19:28.118+0800][8198.757s] GC(1079)   Evacuate Collection Set: 1.2ms
[2024-04-09T00:19:28.118+0800][8198.757s] GC(1079)   Post Evacuate Collection Set: 0.5ms
[2024-04-09T00:19:28.118+0800][8198.757s] GC(1079)   Other: 0.1ms
[2024-04-09T00:19:28.118+0800][8198.757s] GC(1079) Eden regions: 305->0(305)
[2024-04-09T00:19:28.118+0800][8198.757s] GC(1079) Survivor regions: 2->2(39)
[2024-04-09T00:19:28.118+0800][8198.757s] GC(1079) Old regions: 71->71
[2024-04-09T00:19:28.118+0800][8198.757s] GC(1079) Humongous regions: 4->4
[2024-04-09T00:19:28.118+0800][8198.757s] GC(1079) Metaspace: 68540K(69120K)->68540K(69120K) NonClass: 60835K(61120K)->60835K(61120K) Class: 7705K(8000K)->7705K(8000K)
[2024-04-09T00:19:28.118+0800][8198.757s] GC(1079) Pause Young (Normal) (G1 Evacuation Pause) 381M->76M(512M) 2.254ms
[2024-04-09T00:19:28.118+0800][8198.757s] GC(1079) User=0.00s Sys=0.00s Real=0.00s
[2024-04-09T00:19:29.427+0800][8200.066s] GC(1080) Pause Young (Normal) (G1 Evacuation Pause)
[2024-04-09T00:19:29.427+0800][8200.066s] GC(1080) Using 13 workers of 13 for evacuation
[2024-04-09T00:19:29.429+0800][8200.068s] GC(1080)   Pre Evacuate Collection Set: 0.1ms
[2024-04-09T00:19:29.429+0800][8200.068s] GC(1080)   Merge Heap Roots: 0.1ms
[2024-04-09T00:19:29.429+0800][8200.068s] GC(1080)   Evacuate Collection Set: 1.2ms
[2024-04-09T00:19:29.429+0800][8200.068s] GC(1080)   Post Evacuate Collection Set: 0.3ms
[2024-04-09T00:19:29.429+0800][8200.068s] GC(1080)   Other: 0.1ms
[2024-04-09T00:19:29.429+0800][8200.068s] GC(1080) Eden regions: 305->0(305)
[2024-04-09T00:19:29.429+0800][8200.068s] GC(1080) Survivor regions: 2->2(39)
[2024-04-09T00:19:29.429+0800][8200.068s] GC(1080) Old regions: 71->71
[2024-04-09T00:19:29.429+0800][8200.068s] GC(1080) Humongous regions: 4->4
[2024-04-09T00:19:29.429+0800][8200.068s] GC(1080) Metaspace: 68540K(69120K)->68540K(69120K) NonClass: 60835K(61120K)->60835K(61120K) Class: 7705K(8000K)->7705K(8000K)
[2024-04-09T00:19:29.429+0800][8200.068s] GC(1080) Pause Young (Normal) (G1 Evacuation Pause) 381M->76M(512M) 2.039ms
[2024-04-09T00:19:29.429+0800][8200.068s] GC(1080) User=0.00s Sys=0.00s Real=0.00s
[2024-04-09T00:19:30.711+0800][8201.350s] GC(1081) Pause Young (Normal) (G1 Evacuation Pause)
[2024-04-09T00:19:30.711+0800][8201.350s] GC(1081) Using 13 workers of 13 for evacuation
[2024-04-09T00:19:30.713+0800][8201.352s] GC(1081)   Pre Evacuate Collection Set: 0.1ms
[2024-04-09T00:19:30.713+0800][8201.352s] GC(1081)   Merge Heap Roots: 0.1ms
[2024-04-09T00:19:30.713+0800][8201.352s] GC(1081)   Evacuate Collection Set: 1.5ms
[2024-04-09T00:19:30.713+0800][8201.352s] GC(1081)   Post Evacuate Collection Set: 0.4ms
[2024-04-09T00:19:30.713+0800][8201.352s] GC(1081)   Other: 0.1ms
[2024-04-09T00:19:30.713+0800][8201.352s] GC(1081) Eden regions: 305->0(305)
[2024-04-09T00:19:30.713+0800][8201.352s] GC(1081) Survivor regions: 2->2(39)
[2024-04-09T00:19:30.713+0800][8201.352s] GC(1081) Old regions: 71->71
[2024-04-09T00:19:30.713+0800][8201.352s] GC(1081) Humongous regions: 4->4
[2024-04-09T00:19:30.713+0800][8201.352s] GC(1081) Metaspace: 68540K(69120K)->68540K(69120K) NonClass: 60835K(61120K)->60835K(61120K) Class: 7705K(8000K)->7705K(8000K)
[2024-04-09T00:19:30.713+0800][8201.352s] GC(1081) Pause Young (Normal) (G1 Evacuation Pause) 381M->76M(512M) 2.291ms
[2024-04-09T00:19:30.713+0800][8201.352s] GC(1081) User=0.03s Sys=0.02s Real=0.00s
[2024-04-09T00:19:32.037+0800][8202.676s] GC(1082) Pause Young (Normal) (G1 Evacuation Pause)
[2024-04-09T00:19:32.037+0800][8202.676s] GC(1082) Using 13 workers of 13 for evacuation
[2024-04-09T00:19:32.039+0800][8202.679s] GC(1082)   Pre Evacuate Collection Set: 0.1ms
[2024-04-09T00:19:32.039+0800][8202.679s] GC(1082)   Merge Heap Roots: 0.0ms
[2024-04-09T00:19:32.039+0800][8202.679s] GC(1082)   Evacuate Collection Set: 1.5ms
[2024-04-09T00:19:32.040+0800][8202.679s] GC(1082)   Post Evacuate Collection Set: 0.8ms
[2024-04-09T00:19:32.040+0800][8202.679s] GC(1082)   Other: 0.1ms
[2024-04-09T00:19:32.040+0800][8202.679s] GC(1082) Eden regions: 305->0(305)
[2024-04-09T00:19:32.040+0800][8202.679s] GC(1082) Survivor regions: 2->2(39)
[2024-04-09T00:19:32.040+0800][8202.679s] GC(1082) Old regions: 71->71
[2024-04-09T00:19:32.040+0800][8202.679s] GC(1082) Humongous regions: 4->4
[2024-04-09T00:19:32.040+0800][8202.679s] GC(1082) Metaspace: 68540K(69120K)->68540K(69120K) NonClass: 60835K(61120K)->60835K(61120K) Class: 7705K(8000K)->7705K(8000K)
[2024-04-09T00:19:32.040+0800][8202.679s] GC(1082) Pause Young (Normal) (G1 Evacuation Pause) 381M->76M(512M) 2.755ms
[2024-04-09T00:19:32.040+0800][8202.679s] GC(1082) User=0.00s Sys=0.00s Real=0.00s
[2024-04-09T00:19:33.289+0800][8203.928s] GC(1083) Pause Young (Normal) (G1 Evacuation Pause)
[2024-04-09T00:19:33.289+0800][8203.928s] GC(1083) Using 13 workers of 13 for evacuation
[2024-04-09T00:19:33.291+0800][8203.931s] GC(1083)   Pre Evacuate Collection Set: 0.2ms
[2024-04-09T00:19:33.291+0800][8203.931s] GC(1083)   Merge Heap Roots: 0.1ms
[2024-04-09T00:19:33.291+0800][8203.931s] GC(1083)   Evacuate Collection Set: 1.6ms
[2024-04-09T00:19:33.291+0800][8203.931s] GC(1083)   Post Evacuate Collection Set: 0.4ms
[2024-04-09T00:19:33.291+0800][8203.931s] GC(1083)   Other: 0.1ms
[2024-04-09T00:19:33.291+0800][8203.931s] GC(1083) Eden regions: 305->0(305)
[2024-04-09T00:19:33.291+0800][8203.931s] GC(1083) Survivor regions: 2->2(39)
[2024-04-09T00:19:33.291+0800][8203.931s] GC(1083) Old regions: 71->71
[2024-04-09T00:19:33.291+0800][8203.931s] GC(1083) Humongous regions: 4->4
[2024-04-09T00:19:33.291+0800][8203.931s] GC(1083) Metaspace: 68540K(69120K)->68540K(69120K) NonClass: 60835K(61120K)->60835K(61120K) Class: 7705K(8000K)->7705K(8000K)
[2024-04-09T00:19:33.291+0800][8203.931s] GC(1083) Pause Young (Normal) (G1 Evacuation Pause) 381M->76M(512M) 2.582ms
[2024-04-09T00:19:33.292+0800][8203.931s] GC(1083) User=0.03s Sys=0.00s Real=0.00s
[2024-04-09T00:19:34.622+0800][8205.262s] GC(1084) Pause Young (Normal) (G1 Evacuation Pause)
[2024-04-09T00:19:34.622+0800][8205.262s] GC(1084) Using 13 workers of 13 for evacuation
[2024-04-09T00:19:34.625+0800][8205.264s] GC(1084)   Pre Evacuate Collection Set: 0.1ms
[2024-04-09T00:19:34.625+0800][8205.264s] GC(1084)   Merge Heap Roots: 0.1ms
[2024-04-09T00:19:34.625+0800][8205.264s] GC(1084)   Evacuate Collection Set: 1.6ms
[2024-04-09T00:19:34.625+0800][8205.264s] GC(1084)   Post Evacuate Collection Set: 0.6ms
[2024-04-09T00:19:34.625+0800][8205.264s] GC(1084)   Other: 0.1ms
[2024-04-09T00:19:34.625+0800][8205.264s] GC(1084) Eden regions: 305->0(305)
[2024-04-09T00:19:34.625+0800][8205.264s] GC(1084) Survivor regions: 2->2(39)
[2024-04-09T00:19:34.625+0800][8205.264s] GC(1084) Old regions: 71->71
[2024-04-09T00:19:34.625+0800][8205.264s] GC(1084) Humongous regions: 4->4
[2024-04-09T00:19:34.625+0800][8205.264s] GC(1084) Metaspace: 68540K(69120K)->68540K(69120K) NonClass: 60835K(61120K)->60835K(61120K) Class: 7705K(8000K)->7705K(8000K)
[2024-04-09T00:19:34.625+0800][8205.264s] GC(1084) Pause Young (Normal) (G1 Evacuation Pause) 381M->76M(512M) 2.676ms
[2024-04-09T00:19:34.625+0800][8205.264s] GC(1084) User=0.00s Sys=0.00s Real=0.00s
[2024-04-09T00:19:35.902+0800][8206.542s] GC(1085) Pause Young (Normal) (G1 Evacuation Pause)
[2024-04-09T00:19:35.903+0800][8206.542s] GC(1085) Using 13 workers of 13 for evacuation
[2024-04-09T00:19:35.906+0800][8206.545s] GC(1085)   Pre Evacuate Collection Set: 0.3ms
[2024-04-09T00:19:35.906+0800][8206.545s] GC(1085)   Merge Heap Roots: 0.1ms
[2024-04-09T00:19:35.906+0800][8206.545s] GC(1085)   Evacuate Collection Set: 2.6ms
[2024-04-09T00:19:35.906+0800][8206.545s] GC(1085)   Post Evacuate Collection Set: 0.3ms
[2024-04-09T00:19:35.906+0800][8206.545s] GC(1085)   Other: 0.1ms
[2024-04-09T00:19:35.906+0800][8206.545s] GC(1085) Eden regions: 305->0(305)
[2024-04-09T00:19:35.906+0800][8206.545s] GC(1085) Survivor regions: 2->2(39)
[2024-04-09T00:19:35.906+0800][8206.545s] GC(1085) Old regions: 71->71
[2024-04-09T00:19:35.906+0800][8206.545s] GC(1085) Humongous regions: 4->4
[2024-04-09T00:19:35.906+0800][8206.545s] GC(1085) Metaspace: 68540K(69120K)->68540K(69120K) NonClass: 60835K(61120K)->60835K(61120K) Class: 7705K(8000K)->7705K(8000K)
[2024-04-09T00:19:35.906+0800][8206.545s] GC(1085) Pause Young (Normal) (G1 Evacuation Pause) 381M->76M(512M) 3.735ms
[2024-04-09T00:19:35.906+0800][8206.545s] GC(1085) User=0.00s Sys=0.00s Real=0.00s
[2024-04-09T00:19:37.234+0800][8207.874s] GC(1086) Pause Young (Normal) (G1 Evacuation Pause)
[2024-04-09T00:19:37.234+0800][8207.874s] GC(1086) Using 13 workers of 13 for evacuation
[2024-04-09T00:19:37.237+0800][8207.876s] GC(1086)   Pre Evacuate Collection Set: 0.1ms
[2024-04-09T00:19:37.237+0800][8207.876s] GC(1086)   Merge Heap Roots: 0.1ms
[2024-04-09T00:19:37.237+0800][8207.876s] GC(1086)   Evacuate Collection Set: 1.7ms
[2024-04-09T00:19:37.237+0800][8207.876s] GC(1086)   Post Evacuate Collection Set: 0.4ms
[2024-04-09T00:19:37.237+0800][8207.876s] GC(1086)   Other: 0.1ms
[2024-04-09T00:19:37.237+0800][8207.876s] GC(1086) Eden regions: 305->0(305)
[2024-04-09T00:19:37.237+0800][8207.876s] GC(1086) Survivor regions: 2->2(39)
[2024-04-09T00:19:37.237+0800][8207.876s] GC(1086) Old regions: 71->71
[2024-04-09T00:19:37.237+0800][8207.876s] GC(1086) Humongous regions: 4->4
[2024-04-09T00:19:37.237+0800][8207.876s] GC(1086) Metaspace: 68540K(69120K)->68540K(69120K) NonClass: 60835K(61120K)->60835K(61120K) Class: 7705K(8000K)->7705K(8000K)
[2024-04-09T00:19:37.237+0800][8207.876s] GC(1086) Pause Young (Normal) (G1 Evacuation Pause) 381M->76M(512M) 2.521ms
[2024-04-09T00:19:37.237+0800][8207.876s] GC(1086) User=0.00s Sys=0.00s Real=0.00s
[2024-04-09T00:19:38.571+0800][8209.211s] GC(1087) Pause Young (Normal) (G1 Evacuation Pause)
[2024-04-09T00:19:38.572+0800][8209.211s] GC(1087) Using 13 workers of 13 for evacuation
[2024-04-09T00:19:38.575+0800][8209.214s] GC(1087)   Pre Evacuate Collection Set: 0.1ms
[2024-04-09T00:19:38.575+0800][8209.214s] GC(1087)   Merge Heap Roots: 0.1ms
[2024-04-09T00:19:38.575+0800][8209.214s] GC(1087)   Evacuate Collection Set: 1.5ms
[2024-04-09T00:19:38.575+0800][8209.214s] GC(1087)   Post Evacuate Collection Set: 0.4ms
[2024-04-09T00:19:38.575+0800][8209.214s] GC(1087)   Other: 0.1ms
[2024-04-09T00:19:38.575+0800][8209.214s] GC(1087) Eden regions: 305->0(305)
[2024-04-09T00:19:38.575+0800][8209.214s] GC(1087) Survivor regions: 2->2(39)
[2024-04-09T00:19:38.575+0800][8209.214s] GC(1087) Old regions: 71->71
[2024-04-09T00:19:38.575+0800][8209.214s] GC(1087) Humongous regions: 4->4
[2024-04-09T00:19:38.575+0800][8209.214s] GC(1087) Metaspace: 68540K(69120K)->68540K(69120K) NonClass: 60835K(61120K)->60835K(61120K) Class: 7705K(8000K)->7705K(8000K)
[2024-04-09T00:19:38.575+0800][8209.214s] GC(1087) Pause Young (Normal) (G1 Evacuation Pause) 381M->76M(512M) 2.468ms
[2024-04-09T00:19:38.575+0800][8209.214s] GC(1087) User=0.00s Sys=0.02s Real=0.00s
[2024-04-09T00:19:39.906+0800][8210.546s] GC(1088) Pause Young (Normal) (G1 Evacuation Pause)
[2024-04-09T00:19:39.906+0800][8210.546s] GC(1088) Using 13 workers of 13 for evacuation
[2024-04-09T00:19:39.909+0800][8210.549s] GC(1088)   Pre Evacuate Collection Set: 0.1ms
[2024-04-09T00:19:39.909+0800][8210.549s] GC(1088)   Merge Heap Roots: 0.1ms
[2024-04-09T00:19:39.909+0800][8210.549s] GC(1088)   Evacuate Collection Set: 1.9ms
[2024-04-09T00:19:39.909+0800][8210.549s] GC(1088)   Post Evacuate Collection Set: 0.5ms
[2024-04-09T00:19:39.909+0800][8210.549s] GC(1088)   Other: 0.1ms
[2024-04-09T00:19:39.909+0800][8210.549s] GC(1088) Eden regions: 305->0(305)
[2024-04-09T00:19:39.909+0800][8210.549s] GC(1088) Survivor regions: 2->2(39)
[2024-04-09T00:19:39.909+0800][8210.549s] GC(1088) Old regions: 71->71
[2024-04-09T00:19:39.909+0800][8210.549s] GC(1088) Humongous regions: 4->4
[2024-04-09T00:19:39.909+0800][8210.549s] GC(1088) Metaspace: 68540K(69120K)->68540K(69120K) NonClass: 60835K(61120K)->60835K(61120K) Class: 7705K(8000K)->7705K(8000K)
[2024-04-09T00:19:39.909+0800][8210.549s] GC(1088) Pause Young (Normal) (G1 Evacuation Pause) 381M->76M(512M) 2.919ms
[2024-04-09T00:19:39.909+0800][8210.549s] GC(1088) User=0.00s Sys=0.00s Real=0.00s
[2024-04-09T00:19:41.211+0800][8211.851s] GC(1089) Pause Young (Normal) (G1 Evacuation Pause)
[2024-04-09T00:19:41.211+0800][8211.851s] GC(1089) Using 13 workers of 13 for evacuation
[2024-04-09T00:19:41.214+0800][8211.854s] GC(1089)   Pre Evacuate Collection Set: 0.3ms
[2024-04-09T00:19:41.214+0800][8211.854s] GC(1089)   Merge Heap Roots: 0.1ms
[2024-04-09T00:19:41.214+0800][8211.854s] GC(1089)   Evacuate Collection Set: 1.8ms
[2024-04-09T00:19:41.214+0800][8211.854s] GC(1089)   Post Evacuate Collection Set: 0.4ms
[2024-04-09T00:19:41.214+0800][8211.854s] GC(1089)   Other: 0.1ms
[2024-04-09T00:19:41.214+0800][8211.854s] GC(1089) Eden regions: 305->0(305)
[2024-04-09T00:19:41.214+0800][8211.854s] GC(1089) Survivor regions: 2->2(39)
[2024-04-09T00:19:41.214+0800][8211.854s] GC(1089) Old regions: 71->72
[2024-04-09T00:19:41.214+0800][8211.854s] GC(1089) Humongous regions: 4->4
[2024-04-09T00:19:41.214+0800][8211.854s] GC(1089) Metaspace: 68540K(69120K)->68540K(69120K) NonClass: 60835K(61120K)->60835K(61120K) Class: 7705K(8000K)->7705K(8000K)
[2024-04-09T00:19:41.214+0800][8211.854s] GC(1089) Pause Young (Normal) (G1 Evacuation Pause) 381M->76M(512M) 2.964ms
[2024-04-09T00:19:41.214+0800][8211.854s] GC(1089) User=0.00s Sys=0.02s Real=0.00s
[2024-04-09T00:19:42.497+0800][8213.136s] GC(1090) Pause Young (Normal) (G1 Evacuation Pause)
[2024-04-09T00:19:42.497+0800][8213.136s] GC(1090) Using 13 workers of 13 for evacuation
[2024-04-09T00:19:42.499+0800][8213.138s] GC(1090)   Pre Evacuate Collection Set: 0.1ms
[2024-04-09T00:19:42.499+0800][8213.138s] GC(1090)   Merge Heap Roots: 0.1ms
[2024-04-09T00:19:42.499+0800][8213.138s] GC(1090)   Evacuate Collection Set: 1.7ms
[2024-04-09T00:19:42.499+0800][8213.138s] GC(1090)   Post Evacuate Collection Set: 0.3ms
[2024-04-09T00:19:42.499+0800][8213.138s] GC(1090)   Other: 0.1ms
[2024-04-09T00:19:42.499+0800][8213.139s] GC(1090) Eden regions: 305->0(305)
[2024-04-09T00:19:42.499+0800][8213.139s] GC(1090) Survivor regions: 2->2(39)
[2024-04-09T00:19:42.499+0800][8213.139s] GC(1090) Old regions: 72->72
[2024-04-09T00:19:42.499+0800][8213.139s] GC(1090) Humongous regions: 4->4
[2024-04-09T00:19:42.499+0800][8213.139s] GC(1090) Metaspace: 68540K(69120K)->68540K(69120K) NonClass: 60835K(61120K)->60835K(61120K) Class: 7705K(8000K)->7705K(8000K)
[2024-04-09T00:19:42.499+0800][8213.139s] GC(1090) Pause Young (Normal) (G1 Evacuation Pause) 381M->76M(512M) 2.519ms
[2024-04-09T00:19:42.499+0800][8213.139s] GC(1090) User=0.00s Sys=0.00s Real=0.00s
[2024-04-09T00:19:43.760+0800][8214.400s] GC(1091) Pause Young (Normal) (G1 Evacuation Pause)
[2024-04-09T00:19:43.760+0800][8214.400s] GC(1091) Using 13 workers of 13 for evacuation
[2024-04-09T00:19:43.763+0800][8214.402s] GC(1091)   Pre Evacuate Collection Set: 0.1ms
[2024-04-09T00:19:43.763+0800][8214.402s] GC(1091)   Merge Heap Roots: 0.1ms
[2024-04-09T00:19:43.763+0800][8214.402s] GC(1091)   Evacuate Collection Set: 1.5ms
[2024-04-09T00:19:43.763+0800][8214.402s] GC(1091)   Post Evacuate Collection Set: 0.4ms
[2024-04-09T00:19:43.763+0800][8214.402s] GC(1091)   Other: 0.1ms
[2024-04-09T00:19:43.763+0800][8214.403s] GC(1091) Eden regions: 305->0(305)
[2024-04-09T00:19:43.763+0800][8214.403s] GC(1091) Survivor regions: 2->2(39)
[2024-04-09T00:19:43.763+0800][8214.403s] GC(1091) Old regions: 72->72
[2024-04-09T00:19:43.763+0800][8214.403s] GC(1091) Humongous regions: 4->4
[2024-04-09T00:19:43.763+0800][8214.403s] GC(1091) Metaspace: 68540K(69120K)->68540K(69120K) NonClass: 60835K(61120K)->60835K(61120K) Class: 7705K(8000K)->7705K(8000K)
[2024-04-09T00:19:43.763+0800][8214.403s] GC(1091) Pause Young (Normal) (G1 Evacuation Pause) 381M->76M(512M) 2.459ms
[2024-04-09T00:19:43.763+0800][8214.403s] GC(1091) User=0.00s Sys=0.00s Real=0.00s
[2024-04-09T00:19:45.036+0800][8215.676s] GC(1092) Pause Young (Normal) (G1 Evacuation Pause)
[2024-04-09T00:19:45.036+0800][8215.676s] GC(1092) Using 13 workers of 13 for evacuation
[2024-04-09T00:19:45.038+0800][8215.678s] GC(1092)   Pre Evacuate Collection Set: 0.1ms
[2024-04-09T00:19:45.038+0800][8215.678s] GC(1092)   Merge Heap Roots: 0.1ms
[2024-04-09T00:19:45.038+0800][8215.678s] GC(1092)   Evacuate Collection Set: 1.2ms
[2024-04-09T00:19:45.038+0800][8215.678s] GC(1092)   Post Evacuate Collection Set: 0.4ms
[2024-04-09T00:19:45.038+0800][8215.678s] GC(1092)   Other: 0.1ms
[2024-04-09T00:19:45.038+0800][8215.678s] GC(1092) Eden regions: 305->0(305)
[2024-04-09T00:19:45.038+0800][8215.678s] GC(1092) Survivor regions: 2->2(39)
[2024-04-09T00:19:45.038+0800][8215.678s] GC(1092) Old regions: 72->72
[2024-04-09T00:19:45.038+0800][8215.678s] GC(1092) Humongous regions: 4->4
[2024-04-09T00:19:45.038+0800][8215.678s] GC(1092) Metaspace: 68540K(69120K)->68540K(69120K) NonClass: 60835K(61120K)->60835K(61120K) Class: 7705K(8000K)->7705K(8000K)
[2024-04-09T00:19:45.038+0800][8215.678s] GC(1092) Pause Young (Normal) (G1 Evacuation Pause) 381M->76M(512M) 1.959ms
[2024-04-09T00:19:45.038+0800][8215.678s] GC(1092) User=0.00s Sys=0.00s Real=0.00s
[2024-04-09T00:19:46.310+0800][8216.949s] GC(1093) Pause Young (Normal) (G1 Evacuation Pause)
[2024-04-09T00:19:46.310+0800][8216.949s] GC(1093) Using 13 workers of 13 for evacuation
[2024-04-09T00:19:46.312+0800][8216.952s] GC(1093)   Pre Evacuate Collection Set: 0.1ms
[2024-04-09T00:19:46.312+0800][8216.952s] GC(1093)   Merge Heap Roots: 0.1ms
[2024-04-09T00:19:46.312+0800][8216.952s] GC(1093)   Evacuate Collection Set: 1.5ms
[2024-04-09T00:19:46.312+0800][8216.952s] GC(1093)   Post Evacuate Collection Set: 0.4ms
[2024-04-09T00:19:46.312+0800][8216.952s] GC(1093)   Other: 0.1ms
[2024-04-09T00:19:46.312+0800][8216.952s] GC(1093) Eden regions: 305->0(305)
[2024-04-09T00:19:46.312+0800][8216.952s] GC(1093) Survivor regions: 2->2(39)
[2024-04-09T00:19:46.312+0800][8216.952s] GC(1093) Old regions: 72->72
[2024-04-09T00:19:46.312+0800][8216.952s] GC(1093) Humongous regions: 4->4
[2024-04-09T00:19:46.312+0800][8216.952s] GC(1093) Metaspace: 68540K(69120K)->68540K(69120K) NonClass: 60835K(61120K)->60835K(61120K) Class: 7705K(8000K)->7705K(8000K)
[2024-04-09T00:19:46.312+0800][8216.952s] GC(1093) Pause Young (Normal) (G1 Evacuation Pause) 381M->76M(512M) 2.469ms
[2024-04-09T00:19:46.312+0800][8216.952s] GC(1093) User=0.00s Sys=0.00s Real=0.00s
[2024-04-09T00:19:47.667+0800][8218.306s] GC(1094) Pause Young (Normal) (G1 Evacuation Pause)
[2024-04-09T00:19:47.667+0800][8218.306s] GC(1094) Using 13 workers of 13 for evacuation
[2024-04-09T00:19:47.672+0800][8218.311s] GC(1094)   Pre Evacuate Collection Set: 0.3ms
[2024-04-09T00:19:47.672+0800][8218.311s] GC(1094)   Merge Heap Roots: 0.1ms
[2024-04-09T00:19:47.672+0800][8218.311s] GC(1094)   Evacuate Collection Set: 3.7ms
[2024-04-09T00:19:47.672+0800][8218.311s] GC(1094)   Post Evacuate Collection Set: 0.8ms
[2024-04-09T00:19:47.672+0800][8218.311s] GC(1094)   Other: 0.1ms
[2024-04-09T00:19:47.672+0800][8218.311s] GC(1094) Eden regions: 305->0(305)
[2024-04-09T00:19:47.673+0800][8218.311s] GC(1094) Survivor regions: 2->2(39)
[2024-04-09T00:19:47.673+0800][8218.311s] GC(1094) Old regions: 72->72
[2024-04-09T00:19:47.673+0800][8218.311s] GC(1094) Humongous regions: 4->4
[2024-04-09T00:19:47.673+0800][8218.311s] GC(1094) Metaspace: 68540K(69120K)->68540K(69120K) NonClass: 60835K(61120K)->60835K(61120K) Class: 7705K(8000K)->7705K(8000K)
[2024-04-09T00:19:47.673+0800][8218.311s] GC(1094) Pause Young (Normal) (G1 Evacuation Pause) 381M->76M(512M) 5.495ms
[2024-04-09T00:19:47.673+0800][8218.312s] GC(1094) User=0.00s Sys=0.00s Real=0.01s
[2024-04-09T00:19:48.982+0800][8219.622s] GC(1095) Pause Young (Normal) (G1 Evacuation Pause)
[2024-04-09T00:19:48.982+0800][8219.622s] GC(1095) Using 13 workers of 13 for evacuation
[2024-04-09T00:19:48.984+0800][8219.624s] GC(1095)   Pre Evacuate Collection Set: 0.1ms
[2024-04-09T00:19:48.984+0800][8219.624s] GC(1095)   Merge Heap Roots: 0.1ms
[2024-04-09T00:19:48.984+0800][8219.624s] GC(1095)   Evacuate Collection Set: 1.7ms
[2024-04-09T00:19:48.984+0800][8219.624s] GC(1095)   Post Evacuate Collection Set: 0.4ms
[2024-04-09T00:19:48.984+0800][8219.624s] GC(1095)   Other: 0.1ms
[2024-04-09T00:19:48.984+0800][8219.624s] GC(1095) Eden regions: 305->0(305)
[2024-04-09T00:19:48.984+0800][8219.624s] GC(1095) Survivor regions: 2->2(39)
[2024-04-09T00:19:48.984+0800][8219.624s] GC(1095) Old regions: 72->72
[2024-04-09T00:19:48.984+0800][8219.624s] GC(1095) Humongous regions: 4->4
[2024-04-09T00:19:48.984+0800][8219.624s] GC(1095) Metaspace: 68540K(69120K)->68540K(69120K) NonClass: 60835K(61120K)->60835K(61120K) Class: 7705K(8000K)->7705K(8000K)
[2024-04-09T00:19:48.984+0800][8219.624s] GC(1095) Pause Young (Normal) (G1 Evacuation Pause) 381M->77M(512M) 2.709ms
[2024-04-09T00:19:48.984+0800][8219.624s] GC(1095) User=0.00s Sys=0.00s Real=0.00s
[2024-04-09T00:19:50.274+0800][8220.913s] GC(1096) Pause Young (Normal) (G1 Evacuation Pause)
[2024-04-09T00:19:50.274+0800][8220.913s] GC(1096) Using 13 workers of 13 for evacuation
[2024-04-09T00:19:50.275+0800][8220.915s] GC(1096)   Pre Evacuate Collection Set: 0.1ms
[2024-04-09T00:19:50.275+0800][8220.915s] GC(1096)   Merge Heap Roots: 0.1ms
[2024-04-09T00:19:50.275+0800][8220.915s] GC(1096)   Evacuate Collection Set: 1.1ms
[2024-04-09T00:19:50.275+0800][8220.915s] GC(1096)   Post Evacuate Collection Set: 0.3ms
[2024-04-09T00:19:50.275+0800][8220.915s] GC(1096)   Other: 0.1ms
[2024-04-09T00:19:50.275+0800][8220.915s] GC(1096) Eden regions: 305->0(305)
[2024-04-09T00:19:50.275+0800][8220.915s] GC(1096) Survivor regions: 2->2(39)
[2024-04-09T00:19:50.275+0800][8220.915s] GC(1096) Old regions: 72->72
[2024-04-09T00:19:50.275+0800][8220.915s] GC(1096) Humongous regions: 4->4
[2024-04-09T00:19:50.275+0800][8220.915s] GC(1096) Metaspace: 68540K(69120K)->68540K(69120K) NonClass: 60835K(61120K)->60835K(61120K) Class: 7705K(8000K)->7705K(8000K)
[2024-04-09T00:19:50.275+0800][8220.915s] GC(1096) Pause Young (Normal) (G1 Evacuation Pause) 382M->77M(512M) 1.820ms
[2024-04-09T00:19:50.275+0800][8220.915s] GC(1096) User=0.03s Sys=0.00s Real=0.00s
[2024-04-09T00:19:51.641+0800][8222.281s] GC(1097) Pause Young (Normal) (G1 Evacuation Pause)
[2024-04-09T00:19:51.643+0800][8222.281s] GC(1097) Using 13 workers of 13 for evacuation
[2024-04-09T00:19:51.645+0800][8222.285s] GC(1097)   Pre Evacuate Collection Set: 0.3ms
[2024-04-09T00:19:51.645+0800][8222.285s] GC(1097)   Merge Heap Roots: 0.1ms
[2024-04-09T00:19:51.645+0800][8222.285s] GC(1097)   Evacuate Collection Set: 2.3ms
[2024-04-09T00:19:51.645+0800][8222.285s] GC(1097)   Post Evacuate Collection Set: 0.4ms
[2024-04-09T00:19:51.645+0800][8222.285s] GC(1097)   Other: 0.2ms
[2024-04-09T00:19:51.645+0800][8222.285s] GC(1097) Eden regions: 305->0(305)
[2024-04-09T00:19:51.645+0800][8222.285s] GC(1097) Survivor regions: 2->2(39)
[2024-04-09T00:19:51.645+0800][8222.285s] GC(1097) Old regions: 72->72
[2024-04-09T00:19:51.645+0800][8222.285s] GC(1097) Humongous regions: 4->4
[2024-04-09T00:19:51.645+0800][8222.285s] GC(1097) Metaspace: 68540K(69120K)->68540K(69120K) NonClass: 60835K(61120K)->60835K(61120K) Class: 7705K(8000K)->7705K(8000K)
[2024-04-09T00:19:51.645+0800][8222.285s] GC(1097) Pause Young (Normal) (G1 Evacuation Pause) 382M->76M(512M) 3.565ms
[2024-04-09T00:19:51.645+0800][8222.285s] GC(1097) User=0.00s Sys=0.00s Real=0.00s
[2024-04-09T00:19:52.977+0800][8223.616s] GC(1098) Pause Young (Normal) (G1 Evacuation Pause)
[2024-04-09T00:19:52.977+0800][8223.616s] GC(1098) Using 13 workers of 13 for evacuation
[2024-04-09T00:19:52.979+0800][8223.619s] GC(1098)   Pre Evacuate Collection Set: 0.1ms
[2024-04-09T00:19:52.979+0800][8223.619s] GC(1098)   Merge Heap Roots: 0.1ms
[2024-04-09T00:19:52.979+0800][8223.619s] GC(1098)   Evacuate Collection Set: 1.3ms
[2024-04-09T00:19:52.979+0800][8223.619s] GC(1098)   Post Evacuate Collection Set: 0.5ms
[2024-04-09T00:19:52.979+0800][8223.619s] GC(1098)   Other: 0.1ms
[2024-04-09T00:19:52.979+0800][8223.619s] GC(1098) Eden regions: 305->0(305)
[2024-04-09T00:19:52.979+0800][8223.619s] GC(1098) Survivor regions: 2->2(39)
[2024-04-09T00:19:52.979+0800][8223.619s] GC(1098) Old regions: 72->72
[2024-04-09T00:19:52.979+0800][8223.619s] GC(1098) Humongous regions: 4->4
[2024-04-09T00:19:52.979+0800][8223.619s] GC(1098) Metaspace: 68540K(69120K)->68540K(69120K) NonClass: 60835K(61120K)->60835K(61120K) Class: 7705K(8000K)->7705K(8000K)
[2024-04-09T00:19:52.979+0800][8223.619s] GC(1098) Pause Young (Normal) (G1 Evacuation Pause) 381M->76M(512M) 2.365ms
[2024-04-09T00:19:52.979+0800][8223.619s] GC(1098) User=0.20s Sys=0.00s Real=0.00s
[2024-04-09T00:19:54.432+0800][8225.072s] GC(1099) Pause Young (Normal) (G1 Evacuation Pause)
[2024-04-09T00:19:54.433+0800][8225.072s] GC(1099) Using 13 workers of 13 for evacuation
[2024-04-09T00:19:54.435+0800][8225.075s] GC(1099)   Pre Evacuate Collection Set: 0.1ms
[2024-04-09T00:19:54.435+0800][8225.075s] GC(1099)   Merge Heap Roots: 0.1ms
[2024-04-09T00:19:54.435+0800][8225.075s] GC(1099)   Evacuate Collection Set: 1.5ms
[2024-04-09T00:19:54.435+0800][8225.075s] GC(1099)   Post Evacuate Collection Set: 0.4ms
[2024-04-09T00:19:54.435+0800][8225.075s] GC(1099)   Other: 0.1ms
[2024-04-09T00:19:54.435+0800][8225.075s] GC(1099) Eden regions: 305->0(305)
[2024-04-09T00:19:54.435+0800][8225.075s] GC(1099) Survivor regions: 2->2(39)
[2024-04-09T00:19:54.435+0800][8225.075s] GC(1099) Old regions: 72->72
[2024-04-09T00:19:54.435+0800][8225.075s] GC(1099) Humongous regions: 4->4
[2024-04-09T00:19:54.435+0800][8225.075s] GC(1099) Metaspace: 68540K(69120K)->68540K(69120K) NonClass: 60835K(61120K)->60835K(61120K) Class: 7705K(8000K)->7705K(8000K)
[2024-04-09T00:19:54.435+0800][8225.075s] GC(1099) Pause Young (Normal) (G1 Evacuation Pause) 381M->77M(512M) 2.432ms
[2024-04-09T00:19:54.435+0800][8225.075s] GC(1099) User=0.00s Sys=0.00s Real=0.00s
[2024-04-09T00:19:55.729+0800][8226.368s] GC(1100) Pause Young (Normal) (G1 Evacuation Pause)
[2024-04-09T00:19:55.729+0800][8226.368s] GC(1100) Using 13 workers of 13 for evacuation
[2024-04-09T00:19:55.731+0800][8226.370s] GC(1100)   Pre Evacuate Collection Set: 0.1ms
[2024-04-09T00:19:55.731+0800][8226.370s] GC(1100)   Merge Heap Roots: 0.1ms
[2024-04-09T00:19:55.731+0800][8226.370s] GC(1100)   Evacuate Collection Set: 1.4ms
[2024-04-09T00:19:55.731+0800][8226.370s] GC(1100)   Post Evacuate Collection Set: 0.5ms
[2024-04-09T00:19:55.731+0800][8226.370s] GC(1100)   Other: 0.1ms
[2024-04-09T00:19:55.731+0800][8226.370s] GC(1100) Eden regions: 305->0(304)
[2024-04-09T00:19:55.731+0800][8226.370s] GC(1100) Survivor regions: 2->3(39)
[2024-04-09T00:19:55.731+0800][8226.370s] GC(1100) Old regions: 72->72
[2024-04-09T00:19:55.731+0800][8226.370s] GC(1100) Humongous regions: 4->4
[2024-04-09T00:19:55.731+0800][8226.370s] GC(1100) Metaspace: 68540K(69120K)->68540K(69120K) NonClass: 60835K(61120K)->60835K(61120K) Class: 7705K(8000K)->7705K(8000K)
[2024-04-09T00:19:55.731+0800][8226.370s] GC(1100) Pause Young (Normal) (G1 Evacuation Pause) 382M->77M(512M) 2.412ms
[2024-04-09T00:19:55.731+0800][8226.370s] GC(1100) User=0.00s Sys=0.00s Real=0.00s
[2024-04-09T00:19:57.066+0800][8227.705s] GC(1101) Pause Young (Normal) (G1 Evacuation Pause)
[2024-04-09T00:19:57.066+0800][8227.705s] GC(1101) Using 13 workers of 13 for evacuation
[2024-04-09T00:19:57.068+0800][8227.707s] GC(1101)   Pre Evacuate Collection Set: 0.1ms
[2024-04-09T00:19:57.068+0800][8227.707s] GC(1101)   Merge Heap Roots: 0.1ms
[2024-04-09T00:19:57.068+0800][8227.707s] GC(1101)   Evacuate Collection Set: 1.4ms
[2024-04-09T00:19:57.068+0800][8227.707s] GC(1101)   Post Evacuate Collection Set: 0.4ms
[2024-04-09T00:19:57.068+0800][8227.707s] GC(1101)   Other: 0.1ms
[2024-04-09T00:19:57.068+0800][8227.707s] GC(1101) Eden regions: 304->0(304)
[2024-04-09T00:19:57.068+0800][8227.707s] GC(1101) Survivor regions: 3->3(39)
[2024-04-09T00:19:57.068+0800][8227.707s] GC(1101) Old regions: 72->72
[2024-04-09T00:19:57.068+0800][8227.707s] GC(1101) Humongous regions: 4->4
[2024-04-09T00:19:57.068+0800][8227.707s] GC(1101) Metaspace: 68540K(69120K)->68540K(69120K) NonClass: 60835K(61120K)->60835K(61120K) Class: 7705K(8000K)->7705K(8000K)
[2024-04-09T00:19:57.068+0800][8227.707s] GC(1101) Pause Young (Normal) (G1 Evacuation Pause) 381M->77M(512M) 2.248ms
[2024-04-09T00:19:57.068+0800][8227.707s] GC(1101) User=0.00s Sys=0.00s Real=0.00s
[2024-04-09T00:19:58.373+0800][8229.012s] GC(1102) Pause Young (Normal) (G1 Evacuation Pause)
[2024-04-09T00:19:58.373+0800][8229.012s] GC(1102) Using 13 workers of 13 for evacuation
[2024-04-09T00:19:58.375+0800][8229.014s] GC(1102)   Pre Evacuate Collection Set: 0.1ms
[2024-04-09T00:19:58.375+0800][8229.015s] GC(1102)   Merge Heap Roots: 0.1ms
[2024-04-09T00:19:58.375+0800][8229.015s] GC(1102)   Evacuate Collection Set: 1.5ms
[2024-04-09T00:19:58.375+0800][8229.015s] GC(1102)   Post Evacuate Collection Set: 0.3ms
[2024-04-09T00:19:58.375+0800][8229.015s] GC(1102)   Other: 0.1ms
[2024-04-09T00:19:58.375+0800][8229.015s] GC(1102) Eden regions: 304->0(305)
[2024-04-09T00:19:58.375+0800][8229.015s] GC(1102) Survivor regions: 3->2(39)
[2024-04-09T00:19:58.375+0800][8229.015s] GC(1102) Old regions: 72->72
[2024-04-09T00:19:58.375+0800][8229.015s] GC(1102) Humongous regions: 4->4
[2024-04-09T00:19:58.375+0800][8229.015s] GC(1102) Metaspace: 68540K(69120K)->68540K(69120K) NonClass: 60835K(61120K)->60835K(61120K) Class: 7705K(8000K)->7705K(8000K)
[2024-04-09T00:19:58.375+0800][8229.015s] GC(1102) Pause Young (Normal) (G1 Evacuation Pause) 381M->76M(512M) 2.295ms
[2024-04-09T00:19:58.375+0800][8229.015s] GC(1102) User=0.00s Sys=0.00s Real=0.00s
[2024-04-09T00:19:59.627+0800][8230.266s] GC(1103) Pause Young (Normal) (G1 Evacuation Pause)
[2024-04-09T00:19:59.627+0800][8230.266s] GC(1103) Using 13 workers of 13 for evacuation
[2024-04-09T00:19:59.629+0800][8230.268s] GC(1103)   Pre Evacuate Collection Set: 0.1ms
[2024-04-09T00:19:59.629+0800][8230.268s] GC(1103)   Merge Heap Roots: 0.1ms
[2024-04-09T00:19:59.629+0800][8230.268s] GC(1103)   Evacuate Collection Set: 1.6ms
[2024-04-09T00:19:59.629+0800][8230.268s] GC(1103)   Post Evacuate Collection Set: 0.4ms
[2024-04-09T00:19:59.629+0800][8230.268s] GC(1103)   Other: 0.1ms
[2024-04-09T00:19:59.629+0800][8230.268s] GC(1103) Eden regions: 305->0(305)
[2024-04-09T00:19:59.629+0800][8230.268s] GC(1103) Survivor regions: 2->2(39)
[2024-04-09T00:19:59.629+0800][8230.268s] GC(1103) Old regions: 72->72
[2024-04-09T00:19:59.629+0800][8230.268s] GC(1103) Humongous regions: 4->4
[2024-04-09T00:19:59.629+0800][8230.268s] GC(1103) Metaspace: 68540K(69120K)->68540K(69120K) NonClass: 60835K(61120K)->60835K(61120K) Class: 7705K(8000K)->7705K(8000K)
[2024-04-09T00:19:59.629+0800][8230.268s] GC(1103) Pause Young (Normal) (G1 Evacuation Pause) 381M->76M(512M) 2.465ms
[2024-04-09T00:19:59.629+0800][8230.268s] GC(1103) User=0.00s Sys=0.00s Real=0.00s
[2024-04-09T00:20:00.931+0800][8231.570s] GC(1104) Pause Young (Normal) (G1 Evacuation Pause)
[2024-04-09T00:20:00.931+0800][8231.570s] GC(1104) Using 13 workers of 13 for evacuation
[2024-04-09T00:20:00.936+0800][8231.575s] GC(1104)   Pre Evacuate Collection Set: 0.1ms
[2024-04-09T00:20:00.936+0800][8231.575s] GC(1104)   Merge Heap Roots: 0.1ms
[2024-04-09T00:20:00.936+0800][8231.575s] GC(1104)   Evacuate Collection Set: 5.0ms
[2024-04-09T00:20:00.936+0800][8231.575s] GC(1104)   Post Evacuate Collection Set: 0.4ms
[2024-04-09T00:20:00.937+0800][8231.575s] GC(1104)   Other: 0.1ms
[2024-04-09T00:20:00.937+0800][8231.575s] GC(1104) Eden regions: 305->0(305)
[2024-04-09T00:20:00.937+0800][8231.575s] GC(1104) Survivor regions: 2->2(39)
[2024-04-09T00:20:00.937+0800][8231.575s] GC(1104) Old regions: 72->72
[2024-04-09T00:20:00.937+0800][8231.575s] GC(1104) Humongous regions: 4->4
[2024-04-09T00:20:00.937+0800][8231.575s] GC(1104) Metaspace: 68540K(69120K)->68540K(69120K) NonClass: 60835K(61120K)->60835K(61120K) Class: 7705K(8000K)->7705K(8000K)
[2024-04-09T00:20:00.937+0800][8231.576s] GC(1104) Pause Young (Normal) (G1 Evacuation Pause) 381M->76M(512M) 5.923ms
[2024-04-09T00:20:00.937+0800][8231.576s] GC(1104) User=0.20s Sys=0.00s Real=0.01s
[2024-04-09T00:20:02.189+0800][8232.828s] GC(1105) Pause Young (Normal) (G1 Evacuation Pause)
[2024-04-09T00:20:02.189+0800][8232.828s] GC(1105) Using 13 workers of 13 for evacuation
[2024-04-09T00:20:02.191+0800][8232.830s] GC(1105)   Pre Evacuate Collection Set: 0.1ms
[2024-04-09T00:20:02.191+0800][8232.830s] GC(1105)   Merge Heap Roots: 0.1ms
[2024-04-09T00:20:02.191+0800][8232.830s] GC(1105)   Evacuate Collection Set: 1.3ms
[2024-04-09T00:20:02.191+0800][8232.830s] GC(1105)   Post Evacuate Collection Set: 0.4ms
[2024-04-09T00:20:02.191+0800][8232.830s] GC(1105)   Other: 0.1ms
[2024-04-09T00:20:02.191+0800][8232.830s] GC(1105) Eden regions: 305->0(305)
[2024-04-09T00:20:02.191+0800][8232.830s] GC(1105) Survivor regions: 2->2(39)
[2024-04-09T00:20:02.191+0800][8232.830s] GC(1105) Old regions: 72->72
[2024-04-09T00:20:02.191+0800][8232.830s] GC(1105) Humongous regions: 4->4
[2024-04-09T00:20:02.191+0800][8232.830s] GC(1105) Metaspace: 68540K(69120K)->68540K(69120K) NonClass: 60835K(61120K)->60835K(61120K) Class: 7705K(8000K)->7705K(8000K)
[2024-04-09T00:20:02.191+0800][8232.830s] GC(1105) Pause Young (Normal) (G1 Evacuation Pause) 381M->76M(512M) 2.125ms
[2024-04-09T00:20:02.191+0800][8232.830s] GC(1105) User=0.00s Sys=0.00s Real=0.00s
[2024-04-09T00:20:03.512+0800][8234.150s] GC(1106) Pause Young (Normal) (G1 Evacuation Pause)
[2024-04-09T00:20:03.512+0800][8234.151s] GC(1106) Using 13 workers of 13 for evacuation
[2024-04-09T00:20:03.514+0800][8234.153s] GC(1106)   Pre Evacuate Collection Set: 0.1ms
[2024-04-09T00:20:03.514+0800][8234.153s] GC(1106)   Merge Heap Roots: 0.1ms
[2024-04-09T00:20:03.514+0800][8234.153s] GC(1106)   Evacuate Collection Set: 1.4ms
[2024-04-09T00:20:03.514+0800][8234.153s] GC(1106)   Post Evacuate Collection Set: 0.4ms
[2024-04-09T00:20:03.514+0800][8234.153s] GC(1106)   Other: 0.1ms
[2024-04-09T00:20:03.514+0800][8234.153s] GC(1106) Eden regions: 305->0(305)
[2024-04-09T00:20:03.514+0800][8234.153s] GC(1106) Survivor regions: 2->2(39)
[2024-04-09T00:20:03.514+0800][8234.153s] GC(1106) Old regions: 72->72
[2024-04-09T00:20:03.514+0800][8234.153s] GC(1106) Humongous regions: 4->4
[2024-04-09T00:20:03.514+0800][8234.153s] GC(1106) Metaspace: 68540K(69120K)->68540K(69120K) NonClass: 60835K(61120K)->60835K(61120K) Class: 7705K(8000K)->7705K(8000K)
[2024-04-09T00:20:03.514+0800][8234.153s] GC(1106) Pause Young (Normal) (G1 Evacuation Pause) 381M->77M(512M) 2.343ms
[2024-04-09T00:20:03.514+0800][8234.153s] GC(1106) User=0.00s Sys=0.00s Real=0.00s
[2024-04-09T00:20:04.744+0800][8235.383s] GC(1107) Pause Young (Normal) (G1 Evacuation Pause)
[2024-04-09T00:20:04.744+0800][8235.383s] GC(1107) Using 13 workers of 13 for evacuation
[2024-04-09T00:20:04.746+0800][8235.385s] GC(1107)   Pre Evacuate Collection Set: 0.2ms
[2024-04-09T00:20:04.746+0800][8235.385s] GC(1107)   Merge Heap Roots: 0.1ms
[2024-04-09T00:20:04.746+0800][8235.385s] GC(1107)   Evacuate Collection Set: 1.5ms
[2024-04-09T00:20:04.746+0800][8235.385s] GC(1107)   Post Evacuate Collection Set: 0.5ms
[2024-04-09T00:20:04.746+0800][8235.385s] GC(1107)   Other: 0.1ms
[2024-04-09T00:20:04.747+0800][8235.385s] GC(1107) Eden regions: 305->0(305)
[2024-04-09T00:20:04.747+0800][8235.385s] GC(1107) Survivor regions: 2->2(39)
[2024-04-09T00:20:04.747+0800][8235.385s] GC(1107) Old regions: 72->72
[2024-04-09T00:20:04.747+0800][8235.385s] GC(1107) Humongous regions: 4->4
[2024-04-09T00:20:04.747+0800][8235.385s] GC(1107) Metaspace: 68540K(69120K)->68540K(69120K) NonClass: 60835K(61120K)->60835K(61120K) Class: 7705K(8000K)->7705K(8000K)
[2024-04-09T00:20:04.747+0800][8235.386s] GC(1107) Pause Young (Normal) (G1 Evacuation Pause) 382M->76M(512M) 2.585ms
[2024-04-09T00:20:04.747+0800][8235.386s] GC(1107) User=0.08s Sys=0.00s Real=0.00s
[2024-04-09T00:20:06.039+0800][8236.678s] GC(1108) Pause Young (Normal) (G1 Evacuation Pause)
[2024-04-09T00:20:06.039+0800][8236.678s] GC(1108) Using 13 workers of 13 for evacuation
[2024-04-09T00:20:06.043+0800][8236.683s] GC(1108)   Pre Evacuate Collection Set: 0.1ms
[2024-04-09T00:20:06.043+0800][8236.683s] GC(1108)   Merge Heap Roots: 0.1ms
[2024-04-09T00:20:06.043+0800][8236.683s] GC(1108)   Evacuate Collection Set: 2.5ms
[2024-04-09T00:20:06.043+0800][8236.683s] GC(1108)   Post Evacuate Collection Set: 1.4ms
[2024-04-09T00:20:06.043+0800][8236.683s] GC(1108)   Other: 0.2ms
[2024-04-09T00:20:06.044+0800][8236.683s] GC(1108) Eden regions: 305->0(304)
[2024-04-09T00:20:06.044+0800][8236.683s] GC(1108) Survivor regions: 2->3(39)
[2024-04-09T00:20:06.044+0800][8236.683s] GC(1108) Old regions: 72->72
[2024-04-09T00:20:06.044+0800][8236.683s] GC(1108) Humongous regions: 4->4
[2024-04-09T00:20:06.044+0800][8236.683s] GC(1108) Metaspace: 68540K(69120K)->68540K(69120K) NonClass: 60835K(61120K)->60835K(61120K) Class: 7705K(8000K)->7705K(8000K)
[2024-04-09T00:20:06.044+0800][8236.683s] GC(1108) Pause Young (Normal) (G1 Evacuation Pause) 381M->77M(512M) 4.807ms
[2024-04-09T00:20:06.044+0800][8236.683s] GC(1108) User=0.03s Sys=0.00s Real=0.00s
[2024-04-09T00:20:07.366+0800][8238.005s] GC(1109) Pause Young (Normal) (G1 Evacuation Pause)
[2024-04-09T00:20:07.366+0800][8238.005s] GC(1109) Using 13 workers of 13 for evacuation
[2024-04-09T00:20:07.368+0800][8238.008s] GC(1109)   Pre Evacuate Collection Set: 0.1ms
[2024-04-09T00:20:07.368+0800][8238.008s] GC(1109)   Merge Heap Roots: 0.1ms
[2024-04-09T00:20:07.368+0800][8238.008s] GC(1109)   Evacuate Collection Set: 1.5ms
[2024-04-09T00:20:07.368+0800][8238.008s] GC(1109)   Post Evacuate Collection Set: 0.7ms
[2024-04-09T00:20:07.368+0800][8238.008s] GC(1109)   Other: 0.1ms
[2024-04-09T00:20:07.368+0800][8238.008s] GC(1109) Eden regions: 304->0(305)
[2024-04-09T00:20:07.368+0800][8238.008s] GC(1109) Survivor regions: 3->2(39)
[2024-04-09T00:20:07.368+0800][8238.008s] GC(1109) Old regions: 72->72
[2024-04-09T00:20:07.368+0800][8238.008s] GC(1109) Humongous regions: 4->4
[2024-04-09T00:20:07.368+0800][8238.008s] GC(1109) Metaspace: 68540K(69120K)->68540K(69120K) NonClass: 60835K(61120K)->60835K(61120K) Class: 7705K(8000K)->7705K(8000K)
[2024-04-09T00:20:07.368+0800][8238.008s] GC(1109) Pause Young (Normal) (G1 Evacuation Pause) 381M->76M(512M) 2.871ms
[2024-04-09T00:20:07.369+0800][8238.008s] GC(1109) User=0.00s Sys=0.00s Real=0.00s
[2024-04-09T00:20:08.626+0800][8239.265s] GC(1110) Pause Young (Normal) (G1 Evacuation Pause)
[2024-04-09T00:20:08.626+0800][8239.265s] GC(1110) Using 13 workers of 13 for evacuation
[2024-04-09T00:20:08.628+0800][8239.267s] GC(1110)   Pre Evacuate Collection Set: 0.1ms
[2024-04-09T00:20:08.628+0800][8239.267s] GC(1110)   Merge Heap Roots: 0.1ms
[2024-04-09T00:20:08.628+0800][8239.267s] GC(1110)   Evacuate Collection Set: 1.5ms
[2024-04-09T00:20:08.628+0800][8239.268s] GC(1110)   Post Evacuate Collection Set: 0.5ms
[2024-04-09T00:20:08.628+0800][8239.268s] GC(1110)   Other: 0.1ms
[2024-04-09T00:20:08.628+0800][8239.268s] GC(1110) Eden regions: 305->0(305)
[2024-04-09T00:20:08.628+0800][8239.268s] GC(1110) Survivor regions: 2->2(39)
[2024-04-09T00:20:08.628+0800][8239.268s] GC(1110) Old regions: 72->72
[2024-04-09T00:20:08.628+0800][8239.268s] GC(1110) Humongous regions: 4->4
[2024-04-09T00:20:08.628+0800][8239.268s] GC(1110) Metaspace: 68540K(69120K)->68540K(69120K) NonClass: 60835K(61120K)->60835K(61120K) Class: 7705K(8000K)->7705K(8000K)
[2024-04-09T00:20:08.628+0800][8239.268s] GC(1110) Pause Young (Normal) (G1 Evacuation Pause) 381M->77M(512M) 2.533ms
[2024-04-09T00:20:08.628+0800][8239.268s] GC(1110) User=0.00s Sys=0.00s Real=0.00s
[2024-04-09T00:20:10.048+0800][8240.687s] GC(1111) Pause Young (Normal) (G1 Evacuation Pause)
[2024-04-09T00:20:10.048+0800][8240.687s] GC(1111) Using 13 workers of 13 for evacuation
[2024-04-09T00:20:10.050+0800][8240.690s] GC(1111)   Pre Evacuate Collection Set: 0.1ms
[2024-04-09T00:20:10.050+0800][8240.690s] GC(1111)   Merge Heap Roots: 0.1ms
[2024-04-09T00:20:10.050+0800][8240.690s] GC(1111)   Evacuate Collection Set: 1.8ms
[2024-04-09T00:20:10.050+0800][8240.690s] GC(1111)   Post Evacuate Collection Set: 0.4ms
[2024-04-09T00:20:10.050+0800][8240.690s] GC(1111)   Other: 0.1ms
[2024-04-09T00:20:10.050+0800][8240.690s] GC(1111) Eden regions: 305->0(304)
[2024-04-09T00:20:10.050+0800][8240.690s] GC(1111) Survivor regions: 2->3(39)
[2024-04-09T00:20:10.050+0800][8240.690s] GC(1111) Old regions: 72->72
[2024-04-09T00:20:10.050+0800][8240.690s] GC(1111) Humongous regions: 4->4
[2024-04-09T00:20:10.051+0800][8240.690s] GC(1111) Metaspace: 68540K(69120K)->68540K(69120K) NonClass: 60835K(61120K)->60835K(61120K) Class: 7705K(8000K)->7705K(8000K)
[2024-04-09T00:20:10.051+0800][8240.690s] GC(1111) Pause Young (Normal) (G1 Evacuation Pause) 382M->77M(512M) 2.749ms
[2024-04-09T00:20:10.051+0800][8240.690s] GC(1111) User=0.00s Sys=0.00s Real=0.00s
[2024-04-09T00:20:11.341+0800][8241.981s] GC(1112) Pause Young (Normal) (G1 Evacuation Pause)
[2024-04-09T00:20:11.342+0800][8241.981s] GC(1112) Using 13 workers of 13 for evacuation
[2024-04-09T00:20:11.344+0800][8241.983s] GC(1112)   Pre Evacuate Collection Set: 0.1ms
[2024-04-09T00:20:11.344+0800][8241.983s] GC(1112)   Merge Heap Roots: 0.1ms
[2024-04-09T00:20:11.344+0800][8241.983s] GC(1112)   Evacuate Collection Set: 1.6ms
[2024-04-09T00:20:11.344+0800][8241.983s] GC(1112)   Post Evacuate Collection Set: 0.4ms
[2024-04-09T00:20:11.344+0800][8241.983s] GC(1112)   Other: 0.1ms
[2024-04-09T00:20:11.344+0800][8241.983s] GC(1112) Eden regions: 304->0(305)
[2024-04-09T00:20:11.344+0800][8241.983s] GC(1112) Survivor regions: 3->2(39)
[2024-04-09T00:20:11.344+0800][8241.983s] GC(1112) Old regions: 72->72
[2024-04-09T00:20:11.344+0800][8241.983s] GC(1112) Humongous regions: 4->4
[2024-04-09T00:20:11.344+0800][8241.983s] GC(1112) Metaspace: 68540K(69120K)->68540K(69120K) NonClass: 60835K(61120K)->60835K(61120K) Class: 7705K(8000K)->7705K(8000K)
[2024-04-09T00:20:11.344+0800][8241.983s] GC(1112) Pause Young (Normal) (G1 Evacuation Pause) 381M->77M(512M) 2.403ms
[2024-04-09T00:20:11.344+0800][8241.983s] GC(1112) User=0.00s Sys=0.00s Real=0.00s
[2024-04-09T00:20:12.735+0800][8243.374s] GC(1113) Pause Young (Normal) (G1 Evacuation Pause)
[2024-04-09T00:20:12.735+0800][8243.374s] GC(1113) Using 13 workers of 13 for evacuation
[2024-04-09T00:20:12.737+0800][8243.377s] GC(1113)   Pre Evacuate Collection Set: 0.1ms
[2024-04-09T00:20:12.737+0800][8243.377s] GC(1113)   Merge Heap Roots: 0.1ms
[2024-04-09T00:20:12.737+0800][8243.377s] GC(1113)   Evacuate Collection Set: 1.8ms
[2024-04-09T00:20:12.738+0800][8243.377s] GC(1113)   Post Evacuate Collection Set: 0.5ms
[2024-04-09T00:20:12.738+0800][8243.377s] GC(1113)   Other: 0.1ms
[2024-04-09T00:20:12.738+0800][8243.377s] GC(1113) Eden regions: 305->0(304)
[2024-04-09T00:20:12.738+0800][8243.377s] GC(1113) Survivor regions: 2->3(39)
[2024-04-09T00:20:12.738+0800][8243.377s] GC(1113) Old regions: 72->72
[2024-04-09T00:20:12.738+0800][8243.377s] GC(1113) Humongous regions: 4->4
[2024-04-09T00:20:12.738+0800][8243.377s] GC(1113) Metaspace: 68540K(69120K)->68540K(69120K) NonClass: 60835K(61120K)->60835K(61120K) Class: 7705K(8000K)->7705K(8000K)
[2024-04-09T00:20:12.738+0800][8243.377s] GC(1113) Pause Young (Normal) (G1 Evacuation Pause) 382M->77M(512M) 2.845ms
[2024-04-09T00:20:12.738+0800][8243.377s] GC(1113) User=0.00s Sys=0.00s Real=0.00s
[2024-04-09T00:20:14.004+0800][8244.644s] GC(1114) Pause Young (Normal) (G1 Evacuation Pause)
[2024-04-09T00:20:14.005+0800][8244.644s] GC(1114) Using 13 workers of 13 for evacuation
[2024-04-09T00:20:14.008+0800][8244.648s] GC(1114)   Pre Evacuate Collection Set: 0.3ms
[2024-04-09T00:20:14.008+0800][8244.648s] GC(1114)   Merge Heap Roots: 0.1ms
[2024-04-09T00:20:14.008+0800][8244.648s] GC(1114)   Evacuate Collection Set: 2.8ms
[2024-04-09T00:20:14.008+0800][8244.648s] GC(1114)   Post Evacuate Collection Set: 0.4ms
[2024-04-09T00:20:14.008+0800][8244.648s] GC(1114)   Other: 0.1ms
[2024-04-09T00:20:14.008+0800][8244.648s] GC(1114) Eden regions: 304->0(305)
[2024-04-09T00:20:14.008+0800][8244.648s] GC(1114) Survivor regions: 3->2(39)
[2024-04-09T00:20:14.008+0800][8244.648s] GC(1114) Old regions: 72->72
[2024-04-09T00:20:14.008+0800][8244.648s] GC(1114) Humongous regions: 4->4
[2024-04-09T00:20:14.008+0800][8244.648s] GC(1114) Metaspace: 68540K(69120K)->68540K(69120K) NonClass: 60835K(61120K)->60835K(61120K) Class: 7705K(8000K)->7705K(8000K)
[2024-04-09T00:20:14.009+0800][8244.648s] GC(1114) Pause Young (Normal) (G1 Evacuation Pause) 381M->76M(512M) 4.016ms
[2024-04-09T00:20:14.009+0800][8244.648s] GC(1114) User=0.00s Sys=0.00s Real=0.01s
[2024-04-09T00:20:15.301+0800][8245.941s] GC(1115) Pause Young (Normal) (G1 Evacuation Pause)
[2024-04-09T00:20:15.301+0800][8245.941s] GC(1115) Using 13 workers of 13 for evacuation
[2024-04-09T00:20:15.303+0800][8245.943s] GC(1115)   Pre Evacuate Collection Set: 0.1ms
[2024-04-09T00:20:15.303+0800][8245.943s] GC(1115)   Merge Heap Roots: 0.1ms
[2024-04-09T00:20:15.303+0800][8245.943s] GC(1115)   Evacuate Collection Set: 1.4ms
[2024-04-09T00:20:15.303+0800][8245.943s] GC(1115)   Post Evacuate Collection Set: 0.3ms
[2024-04-09T00:20:15.303+0800][8245.943s] GC(1115)   Other: 0.1ms
[2024-04-09T00:20:15.303+0800][8245.943s] GC(1115) Eden regions: 305->0(304)
[2024-04-09T00:20:15.303+0800][8245.943s] GC(1115) Survivor regions: 2->3(39)
[2024-04-09T00:20:15.303+0800][8245.943s] GC(1115) Old regions: 72->72
[2024-04-09T00:20:15.303+0800][8245.943s] GC(1115) Humongous regions: 4->4
[2024-04-09T00:20:15.303+0800][8245.943s] GC(1115) Metaspace: 68540K(69120K)->68540K(69120K) NonClass: 60835K(61120K)->60835K(61120K) Class: 7705K(8000K)->7705K(8000K)
[2024-04-09T00:20:15.303+0800][8245.943s] GC(1115) Pause Young (Normal) (G1 Evacuation Pause) 381M->77M(512M) 2.236ms
[2024-04-09T00:20:15.303+0800][8245.943s] GC(1115) User=0.00s Sys=0.00s Real=0.00s
[2024-04-09T00:20:16.564+0800][8247.203s] GC(1116) Pause Young (Normal) (G1 Evacuation Pause)
[2024-04-09T00:20:16.564+0800][8247.204s] GC(1116) Using 13 workers of 13 for evacuation
[2024-04-09T00:20:16.566+0800][8247.206s] GC(1116)   Pre Evacuate Collection Set: 0.2ms
[2024-04-09T00:20:16.566+0800][8247.206s] GC(1116)   Merge Heap Roots: 0.1ms
[2024-04-09T00:20:16.566+0800][8247.206s] GC(1116)   Evacuate Collection Set: 1.5ms
[2024-04-09T00:20:16.566+0800][8247.206s] GC(1116)   Post Evacuate Collection Set: 0.5ms
[2024-04-09T00:20:16.566+0800][8247.206s] GC(1116)   Other: 0.1ms
[2024-04-09T00:20:16.566+0800][8247.206s] GC(1116) Eden regions: 304->0(305)
[2024-04-09T00:20:16.566+0800][8247.206s] GC(1116) Survivor regions: 3->2(39)
[2024-04-09T00:20:16.566+0800][8247.206s] GC(1116) Old regions: 72->72
[2024-04-09T00:20:16.566+0800][8247.206s] GC(1116) Humongous regions: 4->4
[2024-04-09T00:20:16.566+0800][8247.206s] GC(1116) Metaspace: 68540K(69120K)->68540K(69120K) NonClass: 60835K(61120K)->60835K(61120K) Class: 7705K(8000K)->7705K(8000K)
[2024-04-09T00:20:16.567+0800][8247.206s] GC(1116) Pause Young (Normal) (G1 Evacuation Pause) 381M->76M(512M) 2.644ms
[2024-04-09T00:20:16.567+0800][8247.206s] GC(1116) User=0.00s Sys=0.00s Real=0.00s
[2024-04-09T00:20:17.866+0800][8248.505s] GC(1117) Pause Young (Normal) (G1 Evacuation Pause)
[2024-04-09T00:20:17.866+0800][8248.505s] GC(1117) Using 13 workers of 13 for evacuation
[2024-04-09T00:20:17.868+0800][8248.507s] GC(1117)   Pre Evacuate Collection Set: 0.1ms
[2024-04-09T00:20:17.868+0800][8248.507s] GC(1117)   Merge Heap Roots: 0.1ms
[2024-04-09T00:20:17.868+0800][8248.507s] GC(1117)   Evacuate Collection Set: 1.4ms
[2024-04-09T00:20:17.868+0800][8248.507s] GC(1117)   Post Evacuate Collection Set: 0.4ms
[2024-04-09T00:20:17.868+0800][8248.507s] GC(1117)   Other: 0.1ms
[2024-04-09T00:20:17.868+0800][8248.507s] GC(1117) Eden regions: 305->0(305)
[2024-04-09T00:20:17.868+0800][8248.507s] GC(1117) Survivor regions: 2->2(39)
[2024-04-09T00:20:17.868+0800][8248.507s] GC(1117) Old regions: 72->72
[2024-04-09T00:20:17.868+0800][8248.507s] GC(1117) Humongous regions: 4->4
[2024-04-09T00:20:17.868+0800][8248.507s] GC(1117) Metaspace: 68540K(69120K)->68540K(69120K) NonClass: 60835K(61120K)->60835K(61120K) Class: 7705K(8000K)->7705K(8000K)
[2024-04-09T00:20:17.868+0800][8248.507s] GC(1117) Pause Young (Normal) (G1 Evacuation Pause) 381M->77M(512M) 2.191ms
[2024-04-09T00:20:17.868+0800][8248.507s] GC(1117) User=0.00s Sys=0.00s Real=0.00s
[2024-04-09T00:20:19.124+0800][8249.764s] GC(1118) Pause Young (Normal) (G1 Evacuation Pause)
[2024-04-09T00:20:19.124+0800][8249.764s] GC(1118) Using 13 workers of 13 for evacuation
[2024-04-09T00:20:19.126+0800][8249.766s] GC(1118)   Pre Evacuate Collection Set: 0.1ms
[2024-04-09T00:20:19.126+0800][8249.766s] GC(1118)   Merge Heap Roots: 0.1ms
[2024-04-09T00:20:19.126+0800][8249.766s] GC(1118)   Evacuate Collection Set: 1.7ms
[2024-04-09T00:20:19.126+0800][8249.766s] GC(1118)   Post Evacuate Collection Set: 0.3ms
[2024-04-09T00:20:19.126+0800][8249.766s] GC(1118)   Other: 0.1ms
[2024-04-09T00:20:19.126+0800][8249.766s] GC(1118) Eden regions: 305->0(305)
[2024-04-09T00:20:19.126+0800][8249.766s] GC(1118) Survivor regions: 2->2(39)
[2024-04-09T00:20:19.126+0800][8249.766s] GC(1118) Old regions: 72->72
[2024-04-09T00:20:19.126+0800][8249.766s] GC(1118) Humongous regions: 4->4
[2024-04-09T00:20:19.126+0800][8249.766s] GC(1118) Metaspace: 68540K(69120K)->68540K(69120K) NonClass: 60835K(61120K)->60835K(61120K) Class: 7705K(8000K)->7705K(8000K)
[2024-04-09T00:20:19.127+0800][8249.766s] GC(1118) Pause Young (Normal) (G1 Evacuation Pause) 382M->77M(512M) 2.446ms
[2024-04-09T00:20:19.127+0800][8249.766s] GC(1118) User=0.00s Sys=0.00s Real=0.00s
[2024-04-09T00:20:20.393+0800][8251.032s] GC(1119) Pause Young (Normal) (G1 Evacuation Pause)
[2024-04-09T00:20:20.393+0800][8251.032s] GC(1119) Using 13 workers of 13 for evacuation
[2024-04-09T00:20:20.395+0800][8251.034s] GC(1119)   Pre Evacuate Collection Set: 0.1ms
[2024-04-09T00:20:20.395+0800][8251.034s] GC(1119)   Merge Heap Roots: 0.1ms
[2024-04-09T00:20:20.395+0800][8251.034s] GC(1119)   Evacuate Collection Set: 1.3ms
[2024-04-09T00:20:20.395+0800][8251.034s] GC(1119)   Post Evacuate Collection Set: 0.4ms
[2024-04-09T00:20:20.395+0800][8251.034s] GC(1119)   Other: 0.1ms
[2024-04-09T00:20:20.395+0800][8251.034s] GC(1119) Eden regions: 305->0(305)
[2024-04-09T00:20:20.395+0800][8251.034s] GC(1119) Survivor regions: 2->2(39)
[2024-04-09T00:20:20.395+0800][8251.034s] GC(1119) Old regions: 72->72
[2024-04-09T00:20:20.395+0800][8251.034s] GC(1119) Humongous regions: 4->4
[2024-04-09T00:20:20.395+0800][8251.034s] GC(1119) Metaspace: 68540K(69120K)->68540K(69120K) NonClass: 60835K(61120K)->60835K(61120K) Class: 7705K(8000K)->7705K(8000K)
[2024-04-09T00:20:20.395+0800][8251.034s] GC(1119) Pause Young (Normal) (G1 Evacuation Pause) 382M->77M(512M) 2.111ms
[2024-04-09T00:20:20.395+0800][8251.034s] GC(1119) User=0.00s Sys=0.00s Real=0.00s
[2024-04-09T00:20:21.634+0800][8252.274s] GC(1120) Pause Young (Normal) (G1 Evacuation Pause)
[2024-04-09T00:20:21.634+0800][8252.274s] GC(1120) Using 13 workers of 13 for evacuation
[2024-04-09T00:20:21.636+0800][8252.276s] GC(1120)   Pre Evacuate Collection Set: 0.1ms
[2024-04-09T00:20:21.636+0800][8252.276s] GC(1120)   Merge Heap Roots: 0.1ms
[2024-04-09T00:20:21.636+0800][8252.276s] GC(1120)   Evacuate Collection Set: 1.3ms
[2024-04-09T00:20:21.636+0800][8252.276s] GC(1120)   Post Evacuate Collection Set: 0.3ms
[2024-04-09T00:20:21.636+0800][8252.276s] GC(1120)   Other: 0.1ms
[2024-04-09T00:20:21.636+0800][8252.276s] GC(1120) Eden regions: 305->0(305)
[2024-04-09T00:20:21.636+0800][8252.276s] GC(1120) Survivor regions: 2->2(39)
[2024-04-09T00:20:21.636+0800][8252.276s] GC(1120) Old regions: 72->72
[2024-04-09T00:20:21.636+0800][8252.276s] GC(1120) Humongous regions: 4->4
[2024-04-09T00:20:21.636+0800][8252.276s] GC(1120) Metaspace: 68540K(69120K)->68540K(69120K) NonClass: 60835K(61120K)->60835K(61120K) Class: 7705K(8000K)->7705K(8000K)
[2024-04-09T00:20:21.636+0800][8252.276s] GC(1120) Pause Young (Normal) (G1 Evacuation Pause) 382M->77M(512M) 2.052ms
[2024-04-09T00:20:21.636+0800][8252.276s] GC(1120) User=0.02s Sys=0.00s Real=0.00s
[2024-04-09T00:20:22.925+0800][8253.564s] GC(1121) Pause Young (Normal) (G1 Evacuation Pause)
[2024-04-09T00:20:22.925+0800][8253.564s] GC(1121) Using 13 workers of 13 for evacuation
[2024-04-09T00:20:22.928+0800][8253.567s] GC(1121)   Pre Evacuate Collection Set: 0.2ms
[2024-04-09T00:20:22.928+0800][8253.567s] GC(1121)   Merge Heap Roots: 0.1ms
[2024-04-09T00:20:22.928+0800][8253.567s] GC(1121)   Evacuate Collection Set: 1.8ms
[2024-04-09T00:20:22.928+0800][8253.567s] GC(1121)   Post Evacuate Collection Set: 0.4ms
[2024-04-09T00:20:22.928+0800][8253.567s] GC(1121)   Other: 0.1ms
[2024-04-09T00:20:22.928+0800][8253.567s] GC(1121) Eden regions: 305->0(305)
[2024-04-09T00:20:22.928+0800][8253.567s] GC(1121) Survivor regions: 2->2(39)
[2024-04-09T00:20:22.928+0800][8253.567s] GC(1121) Old regions: 72->72
[2024-04-09T00:20:22.928+0800][8253.567s] GC(1121) Humongous regions: 4->4
[2024-04-09T00:20:22.928+0800][8253.567s] GC(1121) Metaspace: 68540K(69120K)->68540K(69120K) NonClass: 60835K(61120K)->60835K(61120K) Class: 7705K(8000K)->7705K(8000K)
[2024-04-09T00:20:22.928+0800][8253.567s] GC(1121) Pause Young (Normal) (G1 Evacuation Pause) 382M->77M(512M) 2.903ms
[2024-04-09T00:20:22.928+0800][8253.567s] GC(1121) User=0.00s Sys=0.00s Real=0.00s
[2024-04-09T00:20:24.189+0800][8254.829s] GC(1122) Pause Young (Normal) (G1 Evacuation Pause)
[2024-04-09T00:20:24.189+0800][8254.829s] GC(1122) Using 13 workers of 13 for evacuation
[2024-04-09T00:20:24.192+0800][8254.832s] GC(1122)   Pre Evacuate Collection Set: 0.1ms
[2024-04-09T00:20:24.192+0800][8254.832s] GC(1122)   Merge Heap Roots: 0.1ms
[2024-04-09T00:20:24.192+0800][8254.832s] GC(1122)   Evacuate Collection Set: 1.9ms
[2024-04-09T00:20:24.192+0800][8254.832s] GC(1122)   Post Evacuate Collection Set: 0.5ms
[2024-04-09T00:20:24.192+0800][8254.832s] GC(1122)   Other: 0.1ms
[2024-04-09T00:20:24.192+0800][8254.832s] GC(1122) Eden regions: 305->0(305)
[2024-04-09T00:20:24.192+0800][8254.832s] GC(1122) Survivor regions: 2->2(39)
[2024-04-09T00:20:24.192+0800][8254.832s] GC(1122) Old regions: 72->72
[2024-04-09T00:20:24.192+0800][8254.832s] GC(1122) Humongous regions: 4->4
[2024-04-09T00:20:24.192+0800][8254.832s] GC(1122) Metaspace: 68540K(69120K)->68540K(69120K) NonClass: 60835K(61120K)->60835K(61120K) Class: 7705K(8000K)->7705K(8000K)
[2024-04-09T00:20:24.192+0800][8254.832s] GC(1122) Pause Young (Normal) (G1 Evacuation Pause) 382M->77M(512M) 2.941ms
[2024-04-09T00:20:24.192+0800][8254.832s] GC(1122) User=0.00s Sys=0.00s Real=0.00s
[2024-04-09T00:20:25.552+0800][8256.192s] GC(1123) Pause Young (Normal) (G1 Evacuation Pause)
[2024-04-09T00:20:25.552+0800][8256.192s] GC(1123) Using 13 workers of 13 for evacuation
[2024-04-09T00:20:25.554+0800][8256.194s] GC(1123)   Pre Evacuate Collection Set: 0.1ms
[2024-04-09T00:20:25.554+0800][8256.194s] GC(1123)   Merge Heap Roots: 0.1ms
[2024-04-09T00:20:25.554+0800][8256.194s] GC(1123)   Evacuate Collection Set: 1.6ms
[2024-04-09T00:20:25.555+0800][8256.194s] GC(1123)   Post Evacuate Collection Set: 0.4ms
[2024-04-09T00:20:25.555+0800][8256.194s] GC(1123)   Other: 0.1ms
[2024-04-09T00:20:25.555+0800][8256.194s] GC(1123) Eden regions: 305->0(305)
[2024-04-09T00:20:25.555+0800][8256.194s] GC(1123) Survivor regions: 2->2(39)
[2024-04-09T00:20:25.555+0800][8256.194s] GC(1123) Old regions: 72->72
[2024-04-09T00:20:25.555+0800][8256.194s] GC(1123) Humongous regions: 4->4
[2024-04-09T00:20:25.555+0800][8256.194s] GC(1123) Metaspace: 68540K(69120K)->68540K(69120K) NonClass: 60835K(61120K)->60835K(61120K) Class: 7705K(8000K)->7705K(8000K)
[2024-04-09T00:20:25.555+0800][8256.194s] GC(1123) Pause Young (Normal) (G1 Evacuation Pause) 382M->77M(512M) 2.521ms
[2024-04-09T00:20:25.555+0800][8256.194s] GC(1123) User=0.00s Sys=0.00s Real=0.00s
[2024-04-09T00:20:26.838+0800][8257.477s] GC(1124) Pause Young (Normal) (G1 Evacuation Pause)
[2024-04-09T00:20:26.839+0800][8257.477s] GC(1124) Using 13 workers of 13 for evacuation
[2024-04-09T00:20:26.840+0800][8257.479s] GC(1124)   Pre Evacuate Collection Set: 0.1ms
[2024-04-09T00:20:26.840+0800][8257.479s] GC(1124)   Merge Heap Roots: 0.1ms
[2024-04-09T00:20:26.840+0800][8257.479s] GC(1124)   Evacuate Collection Set: 1.1ms
[2024-04-09T00:20:26.840+0800][8257.479s] GC(1124)   Post Evacuate Collection Set: 0.4ms
[2024-04-09T00:20:26.840+0800][8257.479s] GC(1124)   Other: 0.1ms
[2024-04-09T00:20:26.840+0800][8257.479s] GC(1124) Eden regions: 305->0(305)
[2024-04-09T00:20:26.840+0800][8257.479s] GC(1124) Survivor regions: 2->2(39)
[2024-04-09T00:20:26.840+0800][8257.479s] GC(1124) Old regions: 72->72
[2024-04-09T00:20:26.840+0800][8257.479s] GC(1124) Humongous regions: 4->4
[2024-04-09T00:20:26.840+0800][8257.479s] GC(1124) Metaspace: 68540K(69120K)->68540K(69120K) NonClass: 60835K(61120K)->60835K(61120K) Class: 7705K(8000K)->7705K(8000K)
[2024-04-09T00:20:26.840+0800][8257.479s] GC(1124) Pause Young (Normal) (G1 Evacuation Pause) 382M->77M(512M) 2.039ms
[2024-04-09T00:20:26.841+0800][8257.479s] GC(1124) User=0.00s Sys=0.00s Real=0.00s
[2024-04-09T00:20:28.200+0800][8258.839s] GC(1125) Pause Young (Normal) (G1 Evacuation Pause)
[2024-04-09T00:20:28.200+0800][8258.839s] GC(1125) Using 13 workers of 13 for evacuation
[2024-04-09T00:20:28.202+0800][8258.841s] GC(1125)   Pre Evacuate Collection Set: 0.1ms
[2024-04-09T00:20:28.202+0800][8258.841s] GC(1125)   Merge Heap Roots: 0.1ms
[2024-04-09T00:20:28.202+0800][8258.841s] GC(1125)   Evacuate Collection Set: 1.4ms
[2024-04-09T00:20:28.202+0800][8258.841s] GC(1125)   Post Evacuate Collection Set: 0.4ms
[2024-04-09T00:20:28.202+0800][8258.841s] GC(1125)   Other: 0.1ms
[2024-04-09T00:20:28.202+0800][8258.841s] GC(1125) Eden regions: 305->0(305)
[2024-04-09T00:20:28.202+0800][8258.841s] GC(1125) Survivor regions: 2->2(39)
[2024-04-09T00:20:28.202+0800][8258.841s] GC(1125) Old regions: 72->72
[2024-04-09T00:20:28.202+0800][8258.841s] GC(1125) Humongous regions: 4->4
[2024-04-09T00:20:28.202+0800][8258.841s] GC(1125) Metaspace: 68540K(69120K)->68540K(69120K) NonClass: 60835K(61120K)->60835K(61120K) Class: 7705K(8000K)->7705K(8000K)
[2024-04-09T00:20:28.202+0800][8258.841s] GC(1125) Pause Young (Normal) (G1 Evacuation Pause) 382M->77M(512M) 2.277ms
[2024-04-09T00:20:28.202+0800][8258.841s] GC(1125) User=0.00s Sys=0.00s Real=0.00s
[2024-04-09T00:20:29.523+0800][8260.162s] GC(1126) Pause Young (Normal) (G1 Evacuation Pause)
[2024-04-09T00:20:29.523+0800][8260.162s] GC(1126) Using 13 workers of 13 for evacuation
[2024-04-09T00:20:29.526+0800][8260.165s] GC(1126)   Pre Evacuate Collection Set: 0.2ms
[2024-04-09T00:20:29.526+0800][8260.165s] GC(1126)   Merge Heap Roots: 0.1ms
[2024-04-09T00:20:29.526+0800][8260.165s] GC(1126)   Evacuate Collection Set: 1.6ms
[2024-04-09T00:20:29.526+0800][8260.165s] GC(1126)   Post Evacuate Collection Set: 0.5ms
[2024-04-09T00:20:29.526+0800][8260.165s] GC(1126)   Other: 0.1ms
[2024-04-09T00:20:29.526+0800][8260.165s] GC(1126) Eden regions: 305->0(305)
[2024-04-09T00:20:29.526+0800][8260.165s] GC(1126) Survivor regions: 2->2(39)
[2024-04-09T00:20:29.526+0800][8260.165s] GC(1126) Old regions: 72->72
[2024-04-09T00:20:29.526+0800][8260.165s] GC(1126) Humongous regions: 4->4
[2024-04-09T00:20:29.526+0800][8260.165s] GC(1126) Metaspace: 68540K(69120K)->68540K(69120K) NonClass: 60835K(61120K)->60835K(61120K) Class: 7705K(8000K)->7705K(8000K)
[2024-04-09T00:20:29.526+0800][8260.165s] GC(1126) Pause Young (Normal) (G1 Evacuation Pause) 382M->77M(512M) 2.704ms
[2024-04-09T00:20:29.526+0800][8260.165s] GC(1126) User=0.08s Sys=0.00s Real=0.00s
[2024-04-09T00:20:30.846+0800][8261.485s] GC(1127) Pause Young (Normal) (G1 Evacuation Pause)
[2024-04-09T00:20:30.846+0800][8261.485s] GC(1127) Using 13 workers of 13 for evacuation
[2024-04-09T00:20:30.848+0800][8261.487s] GC(1127)   Pre Evacuate Collection Set: 0.1ms
[2024-04-09T00:20:30.848+0800][8261.487s] GC(1127)   Merge Heap Roots: 0.1ms
[2024-04-09T00:20:30.848+0800][8261.487s] GC(1127)   Evacuate Collection Set: 1.4ms
[2024-04-09T00:20:30.848+0800][8261.487s] GC(1127)   Post Evacuate Collection Set: 0.3ms
[2024-04-09T00:20:30.848+0800][8261.488s] GC(1127)   Other: 0.1ms
[2024-04-09T00:20:30.848+0800][8261.488s] GC(1127) Eden regions: 305->0(304)
[2024-04-09T00:20:30.848+0800][8261.488s] GC(1127) Survivor regions: 2->3(39)
[2024-04-09T00:20:30.848+0800][8261.488s] GC(1127) Old regions: 72->72
[2024-04-09T00:20:30.848+0800][8261.488s] GC(1127) Humongous regions: 4->4
[2024-04-09T00:20:30.848+0800][8261.488s] GC(1127) Metaspace: 68540K(69120K)->68540K(69120K) NonClass: 60835K(61120K)->60835K(61120K) Class: 7705K(8000K)->7705K(8000K)
[2024-04-09T00:20:30.848+0800][8261.488s] GC(1127) Pause Young (Normal) (G1 Evacuation Pause) 382M->78M(512M) 2.273ms
[2024-04-09T00:20:30.848+0800][8261.488s] GC(1127) User=0.00s Sys=0.00s Real=0.00s
[2024-04-09T00:20:32.176+0800][8262.816s] GC(1128) Pause Young (Normal) (G1 Evacuation Pause)
[2024-04-09T00:20:32.176+0800][8262.816s] GC(1128) Using 13 workers of 13 for evacuation
[2024-04-09T00:20:32.179+0800][8262.818s] GC(1128)   Pre Evacuate Collection Set: 0.1ms
[2024-04-09T00:20:32.179+0800][8262.818s] GC(1128)   Merge Heap Roots: 0.1ms
[2024-04-09T00:20:32.179+0800][8262.819s] GC(1128)   Evacuate Collection Set: 2.1ms
[2024-04-09T00:20:32.179+0800][8262.819s] GC(1128)   Post Evacuate Collection Set: 0.5ms
[2024-04-09T00:20:32.179+0800][8262.819s] GC(1128)   Other: 0.1ms
[2024-04-09T00:20:32.179+0800][8262.819s] GC(1128) Eden regions: 304->0(305)
[2024-04-09T00:20:32.179+0800][8262.819s] GC(1128) Survivor regions: 3->2(39)
[2024-04-09T00:20:32.179+0800][8262.819s] GC(1128) Old regions: 72->72
[2024-04-09T00:20:32.179+0800][8262.819s] GC(1128) Humongous regions: 4->4
[2024-04-09T00:20:32.179+0800][8262.819s] GC(1128) Metaspace: 68540K(69120K)->68540K(69120K) NonClass: 60835K(61120K)->60835K(61120K) Class: 7705K(8000K)->7705K(8000K)
[2024-04-09T00:20:32.179+0800][8262.819s] GC(1128) Pause Young (Normal) (G1 Evacuation Pause) 382M->77M(512M) 3.149ms
[2024-04-09T00:20:32.179+0800][8262.819s] GC(1128) User=0.00s Sys=0.00s Real=0.00s
[2024-04-09T00:20:33.931+0800][8264.571s] GC(1129) Pause Young (Normal) (G1 Evacuation Pause)
[2024-04-09T00:20:33.932+0800][8264.571s] GC(1129) Using 13 workers of 13 for evacuation
[2024-04-09T00:20:33.936+0800][8264.576s] GC(1129)   Pre Evacuate Collection Set: 0.2ms
[2024-04-09T00:20:33.937+0800][8264.576s] GC(1129)   Merge Heap Roots: 0.1ms
[2024-04-09T00:20:33.937+0800][8264.576s] GC(1129)   Evacuate Collection Set: 3.9ms
[2024-04-09T00:20:33.937+0800][8264.576s] GC(1129)   Post Evacuate Collection Set: 0.5ms
[2024-04-09T00:20:33.937+0800][8264.576s] GC(1129)   Other: 0.1ms
[2024-04-09T00:20:33.937+0800][8264.576s] GC(1129) Eden regions: 305->0(305)
[2024-04-09T00:20:33.937+0800][8264.576s] GC(1129) Survivor regions: 2->2(39)
[2024-04-09T00:20:33.937+0800][8264.576s] GC(1129) Old regions: 72->72
[2024-04-09T00:20:33.937+0800][8264.576s] GC(1129) Humongous regions: 4->4
[2024-04-09T00:20:33.937+0800][8264.576s] GC(1129) Metaspace: 68540K(69120K)->68540K(69120K) NonClass: 60835K(61120K)->60835K(61120K) Class: 7705K(8000K)->7705K(8000K)
[2024-04-09T00:20:33.937+0800][8264.576s] GC(1129) Pause Young (Normal) (G1 Evacuation Pause) 382M->77M(512M) 5.158ms
[2024-04-09T00:20:33.937+0800][8264.576s] GC(1129) User=0.02s Sys=0.00s Real=0.01s
[2024-04-09T00:20:35.715+0800][8266.354s] GC(1130) Pause Young (Normal) (G1 Evacuation Pause)
[2024-04-09T00:20:35.715+0800][8266.354s] GC(1130) Using 13 workers of 13 for evacuation
[2024-04-09T00:20:35.722+0800][8266.361s] GC(1130)   Pre Evacuate Collection Set: 0.3ms
[2024-04-09T00:20:35.722+0800][8266.361s] GC(1130)   Merge Heap Roots: 0.1ms
[2024-04-09T00:20:35.722+0800][8266.361s] GC(1130)   Evacuate Collection Set: 5.0ms
[2024-04-09T00:20:35.722+0800][8266.361s] GC(1130)   Post Evacuate Collection Set: 0.6ms
[2024-04-09T00:20:35.722+0800][8266.361s] GC(1130)   Other: 0.2ms
[2024-04-09T00:20:35.722+0800][8266.361s] GC(1130) Eden regions: 305->0(305)
[2024-04-09T00:20:35.722+0800][8266.361s] GC(1130) Survivor regions: 2->2(39)
[2024-04-09T00:20:35.722+0800][8266.361s] GC(1130) Old regions: 72->72
[2024-04-09T00:20:35.722+0800][8266.361s] GC(1130) Humongous regions: 4->4
[2024-04-09T00:20:35.722+0800][8266.361s] GC(1130) Metaspace: 68540K(69120K)->68540K(69120K) NonClass: 60835K(61120K)->60835K(61120K) Class: 7705K(8000K)->7705K(8000K)
[2024-04-09T00:20:35.722+0800][8266.361s] GC(1130) Pause Young (Normal) (G1 Evacuation Pause) 382M->77M(512M) 6.593ms
[2024-04-09T00:20:35.722+0800][8266.361s] GC(1130) User=0.00s Sys=0.00s Real=0.01s
[2024-04-09T00:20:37.548+0800][8268.188s] GC(1131) Pause Young (Normal) (G1 Evacuation Pause)
[2024-04-09T00:20:37.549+0800][8268.188s] GC(1131) Using 13 workers of 13 for evacuation
[2024-04-09T00:20:37.554+0800][8268.193s] GC(1131)   Pre Evacuate Collection Set: 0.3ms
[2024-04-09T00:20:37.554+0800][8268.193s] GC(1131)   Merge Heap Roots: 0.1ms
[2024-04-09T00:20:37.554+0800][8268.193s] GC(1131)   Evacuate Collection Set: 4.2ms
[2024-04-09T00:20:37.554+0800][8268.193s] GC(1131)   Post Evacuate Collection Set: 0.4ms
[2024-04-09T00:20:37.554+0800][8268.193s] GC(1131)   Other: 0.2ms
[2024-04-09T00:20:37.554+0800][8268.193s] GC(1131) Eden regions: 305->0(305)
[2024-04-09T00:20:37.554+0800][8268.193s] GC(1131) Survivor regions: 2->2(39)
[2024-04-09T00:20:37.554+0800][8268.193s] GC(1131) Old regions: 72->73
[2024-04-09T00:20:37.554+0800][8268.193s] GC(1131) Humongous regions: 4->4
[2024-04-09T00:20:37.554+0800][8268.193s] GC(1131) Metaspace: 68540K(69120K)->68540K(69120K) NonClass: 60835K(61120K)->60835K(61120K) Class: 7705K(8000K)->7705K(8000K)
[2024-04-09T00:20:37.554+0800][8268.194s] GC(1131) Pause Young (Normal) (G1 Evacuation Pause) 382M->77M(512M) 5.606ms
[2024-04-09T00:20:37.554+0800][8268.194s] GC(1131) User=0.00s Sys=0.00s Real=0.01s
[2024-04-09T00:20:39.341+0800][8269.980s] GC(1132) Pause Young (Normal) (G1 Evacuation Pause)
[2024-04-09T00:20:39.341+0800][8269.980s] GC(1132) Using 13 workers of 13 for evacuation
[2024-04-09T00:20:39.344+0800][8269.982s] GC(1132)   Pre Evacuate Collection Set: 0.1ms
[2024-04-09T00:20:39.344+0800][8269.983s] GC(1132)   Merge Heap Roots: 0.1ms
[2024-04-09T00:20:39.344+0800][8269.983s] GC(1132)   Evacuate Collection Set: 1.7ms
[2024-04-09T00:20:39.344+0800][8269.983s] GC(1132)   Post Evacuate Collection Set: 0.6ms
[2024-04-09T00:20:39.344+0800][8269.983s] GC(1132)   Other: 0.1ms
[2024-04-09T00:20:39.344+0800][8269.983s] GC(1132) Eden regions: 305->0(304)
[2024-04-09T00:20:39.344+0800][8269.983s] GC(1132) Survivor regions: 2->3(39)
[2024-04-09T00:20:39.344+0800][8269.983s] GC(1132) Old regions: 73->73
[2024-04-09T00:20:39.344+0800][8269.983s] GC(1132) Humongous regions: 4->4
[2024-04-09T00:20:39.344+0800][8269.983s] GC(1132) Metaspace: 68540K(69120K)->68540K(69120K) NonClass: 60835K(61120K)->60835K(61120K) Class: 7705K(8000K)->7705K(8000K)
[2024-04-09T00:20:39.344+0800][8269.983s] GC(1132) Pause Young (Normal) (G1 Evacuation Pause) 382M->78M(512M) 2.938ms
[2024-04-09T00:20:39.344+0800][8269.983s] GC(1132) User=0.00s Sys=0.00s Real=0.00s
[2024-04-09T00:20:40.601+0800][8271.240s] GC(1133) Pause Young (Normal) (G1 Evacuation Pause)
[2024-04-09T00:20:40.601+0800][8271.240s] GC(1133) Using 13 workers of 13 for evacuation
[2024-04-09T00:20:40.605+0800][8271.244s] GC(1133)   Pre Evacuate Collection Set: 0.2ms
[2024-04-09T00:20:40.605+0800][8271.244s] GC(1133)   Merge Heap Roots: 0.1ms
[2024-04-09T00:20:40.605+0800][8271.244s] GC(1133)   Evacuate Collection Set: 2.9ms
[2024-04-09T00:20:40.605+0800][8271.244s] GC(1133)   Post Evacuate Collection Set: 0.8ms
[2024-04-09T00:20:40.605+0800][8271.244s] GC(1133)   Other: 0.1ms
[2024-04-09T00:20:40.605+0800][8271.244s] GC(1133) Eden regions: 304->0(304)
[2024-04-09T00:20:40.605+0800][8271.244s] GC(1133) Survivor regions: 3->3(39)
[2024-04-09T00:20:40.605+0800][8271.244s] GC(1133) Old regions: 73->73
[2024-04-09T00:20:40.605+0800][8271.244s] GC(1133) Humongous regions: 4->4
[2024-04-09T00:20:40.605+0800][8271.244s] GC(1133) Metaspace: 68540K(69120K)->68540K(69120K) NonClass: 60835K(61120K)->60835K(61120K) Class: 7705K(8000K)->7705K(8000K)
[2024-04-09T00:20:40.605+0800][8271.244s] GC(1133) Pause Young (Normal) (G1 Evacuation Pause) 382M->78M(512M) 4.482ms
[2024-04-09T00:20:40.605+0800][8271.244s] GC(1133) User=0.02s Sys=0.00s Real=0.00s
[2024-04-09T00:20:42.035+0800][8272.674s] GC(1134) Pause Young (Normal) (G1 Evacuation Pause)
[2024-04-09T00:20:42.035+0800][8272.674s] GC(1134) Using 13 workers of 13 for evacuation
[2024-04-09T00:20:42.038+0800][8272.677s] GC(1134)   Pre Evacuate Collection Set: 0.1ms
[2024-04-09T00:20:42.038+0800][8272.677s] GC(1134)   Merge Heap Roots: 0.1ms
[2024-04-09T00:20:42.038+0800][8272.677s] GC(1134)   Evacuate Collection Set: 1.9ms
[2024-04-09T00:20:42.038+0800][8272.677s] GC(1134)   Post Evacuate Collection Set: 0.4ms
[2024-04-09T00:20:42.038+0800][8272.677s] GC(1134)   Other: 0.1ms
[2024-04-09T00:20:42.038+0800][8272.677s] GC(1134) Eden regions: 304->0(305)
[2024-04-09T00:20:42.038+0800][8272.677s] GC(1134) Survivor regions: 3->2(39)
[2024-04-09T00:20:42.038+0800][8272.677s] GC(1134) Old regions: 73->73
[2024-04-09T00:20:42.038+0800][8272.677s] GC(1134) Humongous regions: 4->4
[2024-04-09T00:20:42.038+0800][8272.677s] GC(1134) Metaspace: 68540K(69120K)->68540K(69120K) NonClass: 60835K(61120K)->60835K(61120K) Class: 7705K(8000K)->7705K(8000K)
[2024-04-09T00:20:42.038+0800][8272.677s] GC(1134) Pause Young (Normal) (G1 Evacuation Pause) 382M->77M(512M) 2.804ms
[2024-04-09T00:20:42.038+0800][8272.677s] GC(1134) User=0.00s Sys=0.00s Real=0.00s
[2024-04-09T00:20:43.340+0800][8273.980s] GC(1135) Pause Young (Normal) (G1 Evacuation Pause)
[2024-04-09T00:20:43.340+0800][8273.980s] GC(1135) Using 13 workers of 13 for evacuation
[2024-04-09T00:20:43.342+0800][8273.982s] GC(1135)   Pre Evacuate Collection Set: 0.1ms
[2024-04-09T00:20:43.342+0800][8273.982s] GC(1135)   Merge Heap Roots: 0.1ms
[2024-04-09T00:20:43.342+0800][8273.982s] GC(1135)   Evacuate Collection Set: 1.3ms
[2024-04-09T00:20:43.342+0800][8273.982s] GC(1135)   Post Evacuate Collection Set: 0.3ms
[2024-04-09T00:20:43.342+0800][8273.982s] GC(1135)   Other: 0.1ms
[2024-04-09T00:20:43.342+0800][8273.982s] GC(1135) Eden regions: 305->0(305)
[2024-04-09T00:20:43.342+0800][8273.982s] GC(1135) Survivor regions: 2->2(39)
[2024-04-09T00:20:43.342+0800][8273.982s] GC(1135) Old regions: 73->73
[2024-04-09T00:20:43.342+0800][8273.982s] GC(1135) Humongous regions: 4->4
[2024-04-09T00:20:43.342+0800][8273.982s] GC(1135) Metaspace: 68540K(69120K)->68540K(69120K) NonClass: 60835K(61120K)->60835K(61120K) Class: 7705K(8000K)->7705K(8000K)
[2024-04-09T00:20:43.343+0800][8273.982s] GC(1135) Pause Young (Normal) (G1 Evacuation Pause) 382M->77M(512M) 2.110ms
[2024-04-09T00:20:43.343+0800][8273.982s] GC(1135) User=0.00s Sys=0.00s Real=0.00s
[2024-04-09T00:20:44.978+0800][8275.618s] GC(1136) Pause Young (Normal) (G1 Evacuation Pause)
[2024-04-09T00:20:44.978+0800][8275.618s] GC(1136) Using 13 workers of 13 for evacuation
[2024-04-09T00:20:44.984+0800][8275.623s] GC(1136)   Pre Evacuate Collection Set: 0.1ms
[2024-04-09T00:20:44.984+0800][8275.623s] GC(1136)   Merge Heap Roots: 0.1ms
[2024-04-09T00:20:44.984+0800][8275.623s] GC(1136)   Evacuate Collection Set: 4.1ms
[2024-04-09T00:20:44.984+0800][8275.623s] GC(1136)   Post Evacuate Collection Set: 1.0ms
[2024-04-09T00:20:44.984+0800][8275.623s] GC(1136)   Other: 0.1ms
[2024-04-09T00:20:44.984+0800][8275.623s] GC(1136) Eden regions: 305->0(305)
[2024-04-09T00:20:44.984+0800][8275.623s] GC(1136) Survivor regions: 2->2(39)
[2024-04-09T00:20:44.984+0800][8275.623s] GC(1136) Old regions: 73->73
[2024-04-09T00:20:44.984+0800][8275.623s] GC(1136) Humongous regions: 4->4
[2024-04-09T00:20:44.984+0800][8275.623s] GC(1136) Metaspace: 68540K(69120K)->68540K(69120K) NonClass: 60835K(61120K)->60835K(61120K) Class: 7705K(8000K)->7705K(8000K)
[2024-04-09T00:20:44.984+0800][8275.623s] GC(1136) Pause Young (Normal) (G1 Evacuation Pause) 382M->77M(512M) 5.732ms
[2024-04-09T00:20:44.984+0800][8275.623s] GC(1136) User=0.00s Sys=0.00s Real=0.01s
[2024-04-09T00:20:47.207+0800][8277.846s] GC(1137) Pause Young (Normal) (G1 Evacuation Pause)
[2024-04-09T00:20:47.207+0800][8277.846s] GC(1137) Using 13 workers of 13 for evacuation
[2024-04-09T00:20:47.212+0800][8277.851s] GC(1137)   Pre Evacuate Collection Set: 0.3ms
[2024-04-09T00:20:47.212+0800][8277.851s] GC(1137)   Merge Heap Roots: 0.2ms
[2024-04-09T00:20:47.212+0800][8277.851s] GC(1137)   Evacuate Collection Set: 3.7ms
[2024-04-09T00:20:47.212+0800][8277.851s] GC(1137)   Post Evacuate Collection Set: 0.4ms
[2024-04-09T00:20:47.212+0800][8277.851s] GC(1137)   Other: 0.1ms
[2024-04-09T00:20:47.212+0800][8277.851s] GC(1137) Eden regions: 305->0(305)
[2024-04-09T00:20:47.212+0800][8277.851s] GC(1137) Survivor regions: 2->2(39)
[2024-04-09T00:20:47.212+0800][8277.851s] GC(1137) Old regions: 73->73
[2024-04-09T00:20:47.212+0800][8277.851s] GC(1137) Humongous regions: 4->4
[2024-04-09T00:20:47.212+0800][8277.851s] GC(1137) Metaspace: 68540K(69120K)->68540K(69120K) NonClass: 60835K(61120K)->60835K(61120K) Class: 7705K(8000K)->7705K(8000K)
[2024-04-09T00:20:47.212+0800][8277.851s] GC(1137) Pause Young (Normal) (G1 Evacuation Pause) 382M->77M(512M) 5.285ms
[2024-04-09T00:20:47.212+0800][8277.851s] GC(1137) User=0.00s Sys=0.00s Real=0.00s
[2024-04-09T00:20:49.214+0800][8279.854s] GC(1138) Pause Young (Normal) (G1 Evacuation Pause)
[2024-04-09T00:20:49.214+0800][8279.854s] GC(1138) Using 13 workers of 13 for evacuation
[2024-04-09T00:20:49.220+0800][8279.860s] GC(1138)   Pre Evacuate Collection Set: 0.1ms
[2024-04-09T00:20:49.220+0800][8279.860s] GC(1138)   Merge Heap Roots: 0.1ms
[2024-04-09T00:20:49.220+0800][8279.860s] GC(1138)   Evacuate Collection Set: 4.1ms
[2024-04-09T00:20:49.220+0800][8279.860s] GC(1138)   Post Evacuate Collection Set: 1.2ms
[2024-04-09T00:20:49.220+0800][8279.860s] GC(1138)   Other: 0.1ms
[2024-04-09T00:20:49.220+0800][8279.860s] GC(1138) Eden regions: 305->0(305)
[2024-04-09T00:20:49.220+0800][8279.860s] GC(1138) Survivor regions: 2->2(39)
[2024-04-09T00:20:49.220+0800][8279.860s] GC(1138) Old regions: 73->73
[2024-04-09T00:20:49.220+0800][8279.860s] GC(1138) Humongous regions: 4->4
[2024-04-09T00:20:49.220+0800][8279.860s] GC(1138) Metaspace: 68540K(69120K)->68540K(69120K) NonClass: 60835K(61120K)->60835K(61120K) Class: 7705K(8000K)->7705K(8000K)
[2024-04-09T00:20:49.220+0800][8279.860s] GC(1138) Pause Young (Normal) (G1 Evacuation Pause) 382M->77M(512M) 5.960ms
[2024-04-09T00:20:49.220+0800][8279.860s] GC(1138) User=0.00s Sys=0.00s Real=0.01s
[2024-04-09T00:20:51.177+0800][8281.817s] GC(1139) Pause Young (Normal) (G1 Evacuation Pause)
[2024-04-09T00:20:51.178+0800][8281.817s] GC(1139) Using 13 workers of 13 for evacuation
[2024-04-09T00:20:51.181+0800][8281.821s] GC(1139)   Pre Evacuate Collection Set: 0.1ms
[2024-04-09T00:20:51.181+0800][8281.821s] GC(1139)   Merge Heap Roots: 0.1ms
[2024-04-09T00:20:51.181+0800][8281.821s] GC(1139)   Evacuate Collection Set: 2.2ms
[2024-04-09T00:20:51.181+0800][8281.821s] GC(1139)   Post Evacuate Collection Set: 1.0ms
[2024-04-09T00:20:51.181+0800][8281.821s] GC(1139)   Other: 0.1ms
[2024-04-09T00:20:51.181+0800][8281.821s] GC(1139) Eden regions: 305->0(305)
[2024-04-09T00:20:51.181+0800][8281.821s] GC(1139) Survivor regions: 2->2(39)
[2024-04-09T00:20:51.181+0800][8281.821s] GC(1139) Old regions: 73->73
[2024-04-09T00:20:51.181+0800][8281.821s] GC(1139) Humongous regions: 4->4
[2024-04-09T00:20:51.181+0800][8281.821s] GC(1139) Metaspace: 68540K(69120K)->68540K(69120K) NonClass: 60835K(61120K)->60835K(61120K) Class: 7705K(8000K)->7705K(8000K)
[2024-04-09T00:20:51.181+0800][8281.821s] GC(1139) Pause Young (Normal) (G1 Evacuation Pause) 382M->77M(512M) 3.973ms
[2024-04-09T00:20:51.181+0800][8281.821s] GC(1139) User=0.00s Sys=0.00s Real=0.00s
[2024-04-09T00:20:52.650+0800][8283.289s] GC(1140) Pause Young (Normal) (G1 Evacuation Pause)
[2024-04-09T00:20:52.650+0800][8283.290s] GC(1140) Using 13 workers of 13 for evacuation
[2024-04-09T00:20:52.656+0800][8283.296s] GC(1140)   Pre Evacuate Collection Set: 0.2ms
[2024-04-09T00:20:52.656+0800][8283.296s] GC(1140)   Merge Heap Roots: 0.1ms
[2024-04-09T00:20:52.656+0800][8283.296s] GC(1140)   Evacuate Collection Set: 4.6ms
[2024-04-09T00:20:52.656+0800][8283.296s] GC(1140)   Post Evacuate Collection Set: 1.2ms
[2024-04-09T00:20:52.656+0800][8283.296s] GC(1140)   Other: 0.2ms
[2024-04-09T00:20:52.657+0800][8283.296s] GC(1140) Eden regions: 305->0(305)
[2024-04-09T00:20:52.657+0800][8283.296s] GC(1140) Survivor regions: 2->2(39)
[2024-04-09T00:20:52.657+0800][8283.296s] GC(1140) Old regions: 73->73
[2024-04-09T00:20:52.657+0800][8283.296s] GC(1140) Humongous regions: 4->4
[2024-04-09T00:20:52.657+0800][8283.296s] GC(1140) Metaspace: 68540K(69120K)->68540K(69120K) NonClass: 60835K(61120K)->60835K(61120K) Class: 7705K(8000K)->7705K(8000K)
[2024-04-09T00:20:52.657+0800][8283.296s] GC(1140) Pause Young (Normal) (G1 Evacuation Pause) 382M->77M(512M) 6.604ms
[2024-04-09T00:20:52.657+0800][8283.296s] GC(1140) User=0.00s Sys=0.00s Real=0.01s
[2024-04-09T00:20:54.603+0800][8285.243s] GC(1141) Pause Young (Normal) (G1 Evacuation Pause)
[2024-04-09T00:20:54.603+0800][8285.243s] GC(1141) Using 13 workers of 13 for evacuation
[2024-04-09T00:20:54.605+0800][8285.245s] GC(1141)   Pre Evacuate Collection Set: 0.1ms
[2024-04-09T00:20:54.606+0800][8285.245s] GC(1141)   Merge Heap Roots: 0.1ms
[2024-04-09T00:20:54.606+0800][8285.245s] GC(1141)   Evacuate Collection Set: 1.4ms
[2024-04-09T00:20:54.606+0800][8285.245s] GC(1141)   Post Evacuate Collection Set: 0.4ms
[2024-04-09T00:20:54.606+0800][8285.245s] GC(1141)   Other: 0.1ms
[2024-04-09T00:20:54.606+0800][8285.245s] GC(1141) Eden regions: 305->0(305)
[2024-04-09T00:20:54.606+0800][8285.245s] GC(1141) Survivor regions: 2->2(39)
[2024-04-09T00:20:54.606+0800][8285.245s] GC(1141) Old regions: 73->73
[2024-04-09T00:20:54.606+0800][8285.245s] GC(1141) Humongous regions: 4->4
[2024-04-09T00:20:54.606+0800][8285.245s] GC(1141) Metaspace: 68540K(69120K)->68540K(69120K) NonClass: 60835K(61120K)->60835K(61120K) Class: 7705K(8000K)->7705K(8000K)
[2024-04-09T00:20:54.606+0800][8285.245s] GC(1141) Pause Young (Normal) (G1 Evacuation Pause) 382M->77M(512M) 2.336ms
[2024-04-09T00:20:54.606+0800][8285.245s] GC(1141) User=0.00s Sys=0.00s Real=0.00s
[2024-04-09T00:20:56.020+0800][8286.660s] GC(1142) Pause Young (Normal) (G1 Evacuation Pause)
[2024-04-09T00:20:56.021+0800][8286.660s] GC(1142) Using 13 workers of 13 for evacuation
[2024-04-09T00:20:56.023+0800][8286.663s] GC(1142)   Pre Evacuate Collection Set: 0.2ms
[2024-04-09T00:20:56.023+0800][8286.663s] GC(1142)   Merge Heap Roots: 0.1ms
[2024-04-09T00:20:56.023+0800][8286.663s] GC(1142)   Evacuate Collection Set: 2.0ms
[2024-04-09T00:20:56.023+0800][8286.663s] GC(1142)   Post Evacuate Collection Set: 0.4ms
[2024-04-09T00:20:56.023+0800][8286.663s] GC(1142)   Other: 0.2ms
[2024-04-09T00:20:56.023+0800][8286.663s] GC(1142) Eden regions: 305->0(305)
[2024-04-09T00:20:56.023+0800][8286.663s] GC(1142) Survivor regions: 2->2(39)
[2024-04-09T00:20:56.023+0800][8286.663s] GC(1142) Old regions: 73->73
[2024-04-09T00:20:56.023+0800][8286.663s] GC(1142) Humongous regions: 4->4
[2024-04-09T00:20:56.024+0800][8286.663s] GC(1142) Metaspace: 68540K(69120K)->68540K(69120K) NonClass: 60835K(61120K)->60835K(61120K) Class: 7705K(8000K)->7705K(8000K)
[2024-04-09T00:20:56.024+0800][8286.663s] GC(1142) Pause Young (Normal) (G1 Evacuation Pause) 382M->77M(512M) 3.304ms
[2024-04-09T00:20:56.024+0800][8286.663s] GC(1142) User=0.00s Sys=0.00s Real=0.00s
[2024-04-09T00:20:57.853+0800][8288.492s] GC(1143) Pause Young (Normal) (G1 Evacuation Pause)
[2024-04-09T00:20:57.854+0800][8288.493s] GC(1143) Using 13 workers of 13 for evacuation
[2024-04-09T00:20:57.860+0800][8288.499s] GC(1143)   Pre Evacuate Collection Set: 0.3ms
[2024-04-09T00:20:57.860+0800][8288.499s] GC(1143)   Merge Heap Roots: 0.1ms
[2024-04-09T00:20:57.860+0800][8288.499s] GC(1143)   Evacuate Collection Set: 5.2ms
[2024-04-09T00:20:57.860+0800][8288.499s] GC(1143)   Post Evacuate Collection Set: 0.6ms
[2024-04-09T00:20:57.860+0800][8288.499s] GC(1143)   Other: 0.3ms
[2024-04-09T00:20:57.860+0800][8288.499s] GC(1143) Eden regions: 305->0(305)
[2024-04-09T00:20:57.860+0800][8288.499s] GC(1143) Survivor regions: 2->2(39)
[2024-04-09T00:20:57.860+0800][8288.499s] GC(1143) Old regions: 73->73
[2024-04-09T00:20:57.860+0800][8288.499s] GC(1143) Humongous regions: 4->4
[2024-04-09T00:20:57.860+0800][8288.499s] GC(1143) Metaspace: 68540K(69120K)->68540K(69120K) NonClass: 60835K(61120K)->60835K(61120K) Class: 7705K(8000K)->7705K(8000K)
[2024-04-09T00:20:57.861+0800][8288.500s] GC(1143) Pause Young (Normal) (G1 Evacuation Pause) 382M->77M(512M) 7.249ms
[2024-04-09T00:20:57.861+0800][8288.500s] GC(1143) User=0.02s Sys=0.00s Real=0.01s
[2024-04-09T00:20:59.775+0800][8290.414s] GC(1144) Pause Young (Normal) (G1 Evacuation Pause)
[2024-04-09T00:20:59.775+0800][8290.414s] GC(1144) Using 13 workers of 13 for evacuation
[2024-04-09T00:20:59.779+0800][8290.419s] GC(1144)   Pre Evacuate Collection Set: 0.3ms
[2024-04-09T00:20:59.779+0800][8290.419s] GC(1144)   Merge Heap Roots: 0.1ms
[2024-04-09T00:20:59.779+0800][8290.419s] GC(1144)   Evacuate Collection Set: 3.3ms
[2024-04-09T00:20:59.779+0800][8290.419s] GC(1144)   Post Evacuate Collection Set: 0.4ms
[2024-04-09T00:20:59.779+0800][8290.419s] GC(1144)   Other: 0.1ms
[2024-04-09T00:20:59.779+0800][8290.419s] GC(1144) Eden regions: 305->0(305)
[2024-04-09T00:20:59.779+0800][8290.419s] GC(1144) Survivor regions: 2->2(39)
[2024-04-09T00:20:59.779+0800][8290.419s] GC(1144) Old regions: 73->73
[2024-04-09T00:20:59.779+0800][8290.419s] GC(1144) Humongous regions: 4->4
[2024-04-09T00:20:59.779+0800][8290.419s] GC(1144) Metaspace: 68540K(69120K)->68540K(69120K) NonClass: 60835K(61120K)->60835K(61120K) Class: 7705K(8000K)->7705K(8000K)
[2024-04-09T00:20:59.779+0800][8290.419s] GC(1144) Pause Young (Normal) (G1 Evacuation Pause) 382M->78M(512M) 4.603ms
[2024-04-09T00:20:59.779+0800][8290.419s] GC(1144) User=0.00s Sys=0.00s Real=0.00s
[2024-04-09T00:21:01.665+0800][8292.304s] GC(1145) Pause Young (Normal) (G1 Evacuation Pause)
[2024-04-09T00:21:01.665+0800][8292.304s] GC(1145) Using 13 workers of 13 for evacuation
[2024-04-09T00:21:01.669+0800][8292.307s] GC(1145)   Pre Evacuate Collection Set: 0.1ms
[2024-04-09T00:21:01.669+0800][8292.307s] GC(1145)   Merge Heap Roots: 0.1ms
[2024-04-09T00:21:01.669+0800][8292.307s] GC(1145)   Evacuate Collection Set: 2.6ms
[2024-04-09T00:21:01.669+0800][8292.308s] GC(1145)   Post Evacuate Collection Set: 0.5ms
[2024-04-09T00:21:01.669+0800][8292.308s] GC(1145)   Other: 0.1ms
[2024-04-09T00:21:01.669+0800][8292.308s] GC(1145) Eden regions: 305->0(305)
[2024-04-09T00:21:01.669+0800][8292.308s] GC(1145) Survivor regions: 2->2(39)
[2024-04-09T00:21:01.669+0800][8292.308s] GC(1145) Old regions: 73->73
[2024-04-09T00:21:01.669+0800][8292.308s] GC(1145) Humongous regions: 4->4
[2024-04-09T00:21:01.669+0800][8292.308s] GC(1145) Metaspace: 68540K(69120K)->68540K(69120K) NonClass: 60835K(61120K)->60835K(61120K) Class: 7705K(8000K)->7705K(8000K)
[2024-04-09T00:21:01.669+0800][8292.308s] GC(1145) Pause Young (Normal) (G1 Evacuation Pause) 383M->77M(512M) 3.791ms
[2024-04-09T00:21:01.669+0800][8292.308s] GC(1145) User=0.11s Sys=0.02s Real=0.00s
[2024-04-09T00:21:03.490+0800][8294.130s] GC(1146) Pause Young (Normal) (G1 Evacuation Pause)
[2024-04-09T00:21:03.491+0800][8294.130s] GC(1146) Using 13 workers of 13 for evacuation
[2024-04-09T00:21:03.493+0800][8294.133s] GC(1146)   Pre Evacuate Collection Set: 0.3ms
[2024-04-09T00:21:03.493+0800][8294.133s] GC(1146)   Merge Heap Roots: 0.1ms
[2024-04-09T00:21:03.493+0800][8294.133s] GC(1146)   Evacuate Collection Set: 1.9ms
[2024-04-09T00:21:03.493+0800][8294.133s] GC(1146)   Post Evacuate Collection Set: 0.4ms
[2024-04-09T00:21:03.493+0800][8294.133s] GC(1146)   Other: 0.1ms
[2024-04-09T00:21:03.493+0800][8294.133s] GC(1146) Eden regions: 305->0(305)
[2024-04-09T00:21:03.493+0800][8294.133s] GC(1146) Survivor regions: 2->2(39)
[2024-04-09T00:21:03.494+0800][8294.133s] GC(1146) Old regions: 73->73
[2024-04-09T00:21:03.494+0800][8294.133s] GC(1146) Humongous regions: 4->4
[2024-04-09T00:21:03.494+0800][8294.133s] GC(1146) Metaspace: 68540K(69120K)->68540K(69120K) NonClass: 60835K(61120K)->60835K(61120K) Class: 7705K(8000K)->7705K(8000K)
[2024-04-09T00:21:03.494+0800][8294.133s] GC(1146) Pause Young (Normal) (G1 Evacuation Pause) 382M->78M(512M) 3.315ms
[2024-04-09T00:21:03.494+0800][8294.133s] GC(1146) User=0.00s Sys=0.02s Real=0.00s
[2024-04-09T00:21:05.962+0800][8296.601s] GC(1147) Pause Young (Normal) (G1 Evacuation Pause)
[2024-04-09T00:21:05.962+0800][8296.601s] GC(1147) Using 13 workers of 13 for evacuation
[2024-04-09T00:21:05.965+0800][8296.604s] GC(1147)   Pre Evacuate Collection Set: 0.1ms
[2024-04-09T00:21:05.965+0800][8296.605s] GC(1147)   Merge Heap Roots: 0.1ms
[2024-04-09T00:21:05.965+0800][8296.605s] GC(1147)   Evacuate Collection Set: 1.9ms
[2024-04-09T00:21:05.965+0800][8296.605s] GC(1147)   Post Evacuate Collection Set: 0.7ms
[2024-04-09T00:21:05.965+0800][8296.605s] GC(1147)   Other: 0.1ms
[2024-04-09T00:21:05.965+0800][8296.605s] GC(1147) Eden regions: 305->0(305)
[2024-04-09T00:21:05.965+0800][8296.605s] GC(1147) Survivor regions: 2->2(39)
[2024-04-09T00:21:05.965+0800][8296.605s] GC(1147) Old regions: 73->73
[2024-04-09T00:21:05.965+0800][8296.605s] GC(1147) Humongous regions: 4->4
[2024-04-09T00:21:05.965+0800][8296.605s] GC(1147) Metaspace: 68540K(69120K)->68540K(69120K) NonClass: 60835K(61120K)->60835K(61120K) Class: 7705K(8000K)->7705K(8000K)
[2024-04-09T00:21:05.966+0800][8296.605s] GC(1147) Pause Young (Normal) (G1 Evacuation Pause) 383M->77M(512M) 3.474ms
[2024-04-09T00:21:05.966+0800][8296.605s] GC(1147) User=0.00s Sys=0.00s Real=0.00s
[2024-04-09T00:21:07.697+0800][8298.336s] GC(1148) Pause Young (Normal) (G1 Evacuation Pause)
[2024-04-09T00:21:07.697+0800][8298.336s] GC(1148) Using 13 workers of 13 for evacuation
[2024-04-09T00:21:07.699+0800][8298.338s] GC(1148)   Pre Evacuate Collection Set: 0.3ms
[2024-04-09T00:21:07.699+0800][8298.338s] GC(1148)   Merge Heap Roots: 0.1ms
[2024-04-09T00:21:07.699+0800][8298.338s] GC(1148)   Evacuate Collection Set: 1.4ms
[2024-04-09T00:21:07.699+0800][8298.338s] GC(1148)   Post Evacuate Collection Set: 0.3ms
[2024-04-09T00:21:07.699+0800][8298.338s] GC(1148)   Other: 0.1ms
[2024-04-09T00:21:07.699+0800][8298.338s] GC(1148) Eden regions: 305->0(305)
[2024-04-09T00:21:07.699+0800][8298.338s] GC(1148) Survivor regions: 2->2(39)
[2024-04-09T00:21:07.699+0800][8298.338s] GC(1148) Old regions: 73->73
[2024-04-09T00:21:07.699+0800][8298.338s] GC(1148) Humongous regions: 4->4
[2024-04-09T00:21:07.699+0800][8298.338s] GC(1148) Metaspace: 68540K(69120K)->68540K(69120K) NonClass: 60835K(61120K)->60835K(61120K) Class: 7705K(8000K)->7705K(8000K)
[2024-04-09T00:21:07.699+0800][8298.338s] GC(1148) Pause Young (Normal) (G1 Evacuation Pause) 382M->78M(512M) 2.426ms
[2024-04-09T00:21:07.699+0800][8298.338s] GC(1148) User=0.05s Sys=0.00s Real=0.00s
[2024-04-09T00:21:09.443+0800][8300.082s] GC(1149) Pause Young (Normal) (G1 Evacuation Pause)
[2024-04-09T00:21:09.443+0800][8300.082s] GC(1149) Using 13 workers of 13 for evacuation
[2024-04-09T00:21:09.445+0800][8300.084s] GC(1149)   Pre Evacuate Collection Set: 0.1ms
[2024-04-09T00:21:09.445+0800][8300.084s] GC(1149)   Merge Heap Roots: 0.1ms
[2024-04-09T00:21:09.445+0800][8300.084s] GC(1149)   Evacuate Collection Set: 1.7ms
[2024-04-09T00:21:09.445+0800][8300.084s] GC(1149)   Post Evacuate Collection Set: 0.4ms
[2024-04-09T00:21:09.446+0800][8300.084s] GC(1149)   Other: 0.1ms
[2024-04-09T00:21:09.446+0800][8300.084s] GC(1149) Eden regions: 305->0(305)
[2024-04-09T00:21:09.446+0800][8300.084s] GC(1149) Survivor regions: 2->2(39)
[2024-04-09T00:21:09.446+0800][8300.084s] GC(1149) Old regions: 73->73
[2024-04-09T00:21:09.446+0800][8300.085s] GC(1149) Humongous regions: 4->4
[2024-04-09T00:21:09.446+0800][8300.085s] GC(1149) Metaspace: 68540K(69120K)->68540K(69120K) NonClass: 60835K(61120K)->60835K(61120K) Class: 7705K(8000K)->7705K(8000K)
[2024-04-09T00:21:09.446+0800][8300.085s] GC(1149) Pause Young (Normal) (G1 Evacuation Pause) 383M->77M(512M) 2.584ms
[2024-04-09T00:21:09.446+0800][8300.085s] GC(1149) User=0.00s Sys=0.00s Real=0.00s
[2024-04-09T00:21:11.036+0800][8301.674s] GC(1150) Pause Young (Normal) (G1 Evacuation Pause)
[2024-04-09T00:21:11.036+0800][8301.675s] GC(1150) Using 13 workers of 13 for evacuation
[2024-04-09T00:21:11.040+0800][8301.679s] GC(1150)   Pre Evacuate Collection Set: 0.3ms
[2024-04-09T00:21:11.040+0800][8301.679s] GC(1150)   Merge Heap Roots: 0.1ms
[2024-04-09T00:21:11.040+0800][8301.679s] GC(1150)   Evacuate Collection Set: 3.1ms
[2024-04-09T00:21:11.040+0800][8301.679s] GC(1150)   Post Evacuate Collection Set: 0.5ms
[2024-04-09T00:21:11.040+0800][8301.679s] GC(1150)   Other: 0.1ms
[2024-04-09T00:21:11.040+0800][8301.679s] GC(1150) Eden regions: 305->0(305)
[2024-04-09T00:21:11.040+0800][8301.679s] GC(1150) Survivor regions: 2->2(39)
[2024-04-09T00:21:11.040+0800][8301.679s] GC(1150) Old regions: 73->73
[2024-04-09T00:21:11.040+0800][8301.679s] GC(1150) Humongous regions: 4->4
[2024-04-09T00:21:11.040+0800][8301.679s] GC(1150) Metaspace: 68540K(69120K)->68540K(69120K) NonClass: 60835K(61120K)->60835K(61120K) Class: 7705K(8000K)->7705K(8000K)
[2024-04-09T00:21:11.040+0800][8301.679s] GC(1150) Pause Young (Normal) (G1 Evacuation Pause) 382M->77M(512M) 4.477ms
[2024-04-09T00:21:11.040+0800][8301.679s] GC(1150) User=0.00s Sys=0.00s Real=0.00s
[2024-04-09T00:21:12.904+0800][8303.543s] GC(1151) Pause Young (Normal) (G1 Evacuation Pause)
[2024-04-09T00:21:12.904+0800][8303.543s] GC(1151) Using 13 workers of 13 for evacuation
[2024-04-09T00:21:12.911+0800][8303.550s] GC(1151)   Pre Evacuate Collection Set: 0.2ms
[2024-04-09T00:21:12.911+0800][8303.550s] GC(1151)   Merge Heap Roots: 0.1ms
[2024-04-09T00:21:12.911+0800][8303.550s] GC(1151)   Evacuate Collection Set: 4.8ms
[2024-04-09T00:21:12.911+0800][8303.550s] GC(1151)   Post Evacuate Collection Set: 1.7ms
[2024-04-09T00:21:12.911+0800][8303.550s] GC(1151)   Other: 0.2ms
[2024-04-09T00:21:12.911+0800][8303.550s] GC(1151) Eden regions: 305->0(305)
[2024-04-09T00:21:12.911+0800][8303.550s] GC(1151) Survivor regions: 2->2(39)
[2024-04-09T00:21:12.911+0800][8303.550s] GC(1151) Old regions: 73->73
[2024-04-09T00:21:12.911+0800][8303.550s] GC(1151) Humongous regions: 4->4
[2024-04-09T00:21:12.911+0800][8303.550s] GC(1151) Metaspace: 68540K(69120K)->68540K(69120K) NonClass: 60835K(61120K)->60835K(61120K) Class: 7705K(8000K)->7705K(8000K)
[2024-04-09T00:21:12.912+0800][8303.551s] GC(1151) Pause Young (Normal) (G1 Evacuation Pause) 382M->78M(512M) 7.682ms
[2024-04-09T00:21:12.912+0800][8303.551s] GC(1151) User=0.00s Sys=0.00s Real=0.01s
[2024-04-09T00:21:14.607+0800][8305.246s] GC(1152) Pause Young (Normal) (G1 Evacuation Pause)
[2024-04-09T00:21:14.607+0800][8305.247s] GC(1152) Using 13 workers of 13 for evacuation
[2024-04-09T00:21:14.613+0800][8305.252s] GC(1152)   Pre Evacuate Collection Set: 0.4ms
[2024-04-09T00:21:14.613+0800][8305.252s] GC(1152)   Merge Heap Roots: 0.2ms
[2024-04-09T00:21:14.613+0800][8305.252s] GC(1152)   Evacuate Collection Set: 4.5ms
[2024-04-09T00:21:14.613+0800][8305.252s] GC(1152)   Post Evacuate Collection Set: 0.5ms
[2024-04-09T00:21:14.613+0800][8305.252s] GC(1152)   Other: 0.2ms
[2024-04-09T00:21:14.613+0800][8305.252s] GC(1152) Eden regions: 305->0(305)
[2024-04-09T00:21:14.613+0800][8305.252s] GC(1152) Survivor regions: 2->2(39)
[2024-04-09T00:21:14.613+0800][8305.252s] GC(1152) Old regions: 73->73
[2024-04-09T00:21:14.613+0800][8305.252s] GC(1152) Humongous regions: 4->4
[2024-04-09T00:21:14.613+0800][8305.252s] GC(1152) Metaspace: 68540K(69120K)->68540K(69120K) NonClass: 60835K(61120K)->60835K(61120K) Class: 7705K(8000K)->7705K(8000K)
[2024-04-09T00:21:14.613+0800][8305.252s] GC(1152) Pause Young (Normal) (G1 Evacuation Pause) 383M->78M(512M) 5.998ms
[2024-04-09T00:21:14.613+0800][8305.252s] GC(1152) User=0.00s Sys=0.00s Real=0.01s
[2024-04-09T00:21:16.310+0800][8306.949s] GC(1153) Pause Young (Normal) (G1 Evacuation Pause)
[2024-04-09T00:21:16.310+0800][8306.949s] GC(1153) Using 13 workers of 13 for evacuation
[2024-04-09T00:21:16.314+0800][8306.954s] GC(1153)   Pre Evacuate Collection Set: 0.1ms
[2024-04-09T00:21:16.314+0800][8306.954s] GC(1153)   Merge Heap Roots: 0.1ms
[2024-04-09T00:21:16.314+0800][8306.954s] GC(1153)   Evacuate Collection Set: 3.2ms
[2024-04-09T00:21:16.314+0800][8306.954s] GC(1153)   Post Evacuate Collection Set: 1.1ms
[2024-04-09T00:21:16.314+0800][8306.954s] GC(1153)   Other: 0.1ms
[2024-04-09T00:21:16.314+0800][8306.954s] GC(1153) Eden regions: 305->0(305)
[2024-04-09T00:21:16.314+0800][8306.954s] GC(1153) Survivor regions: 2->2(39)
[2024-04-09T00:21:16.314+0800][8306.954s] GC(1153) Old regions: 73->73
[2024-04-09T00:21:16.314+0800][8306.954s] GC(1153) Humongous regions: 4->4
[2024-04-09T00:21:16.314+0800][8306.954s] GC(1153) Metaspace: 68540K(69120K)->68540K(69120K) NonClass: 60835K(61120K)->60835K(61120K) Class: 7705K(8000K)->7705K(8000K)
[2024-04-09T00:21:16.314+0800][8306.954s] GC(1153) Pause Young (Normal) (G1 Evacuation Pause) 383M->78M(512M) 4.833ms
[2024-04-09T00:21:16.314+0800][8306.954s] GC(1153) User=0.00s Sys=0.00s Real=0.00s
[2024-04-09T00:21:17.691+0800][8308.331s] GC(1154) Pause Young (Normal) (G1 Evacuation Pause)
[2024-04-09T00:21:17.691+0800][8308.331s] GC(1154) Using 13 workers of 13 for evacuation
[2024-04-09T00:21:17.694+0800][8308.333s] GC(1154)   Pre Evacuate Collection Set: 0.1ms
[2024-04-09T00:21:17.694+0800][8308.333s] GC(1154)   Merge Heap Roots: 0.1ms
[2024-04-09T00:21:17.694+0800][8308.333s] GC(1154)   Evacuate Collection Set: 1.5ms
[2024-04-09T00:21:17.694+0800][8308.333s] GC(1154)   Post Evacuate Collection Set: 0.7ms
[2024-04-09T00:21:17.694+0800][8308.333s] GC(1154)   Other: 0.1ms
[2024-04-09T00:21:17.694+0800][8308.333s] GC(1154) Eden regions: 305->0(305)
[2024-04-09T00:21:17.694+0800][8308.333s] GC(1154) Survivor regions: 2->2(39)
[2024-04-09T00:21:17.694+0800][8308.334s] GC(1154) Old regions: 73->73
[2024-04-09T00:21:17.694+0800][8308.334s] GC(1154) Humongous regions: 4->4
[2024-04-09T00:21:17.694+0800][8308.334s] GC(1154) Metaspace: 68540K(69120K)->68540K(69120K) NonClass: 60835K(61120K)->60835K(61120K) Class: 7705K(8000K)->7705K(8000K)
[2024-04-09T00:21:17.694+0800][8308.334s] GC(1154) Pause Young (Normal) (G1 Evacuation Pause) 383M->78M(512M) 2.775ms
[2024-04-09T00:21:17.694+0800][8308.334s] GC(1154) User=0.00s Sys=0.00s Real=0.00s
[2024-04-09T00:21:18.995+0800][8309.635s] GC(1155) Pause Young (Normal) (G1 Evacuation Pause)
[2024-04-09T00:21:18.995+0800][8309.635s] GC(1155) Using 13 workers of 13 for evacuation
[2024-04-09T00:21:19.002+0800][8309.641s] GC(1155)   Pre Evacuate Collection Set: 0.2ms
[2024-04-09T00:21:19.002+0800][8309.641s] GC(1155)   Merge Heap Roots: 0.1ms
[2024-04-09T00:21:19.002+0800][8309.642s] GC(1155)   Evacuate Collection Set: 4.8ms
[2024-04-09T00:21:19.002+0800][8309.642s] GC(1155)   Post Evacuate Collection Set: 1.5ms
[2024-04-09T00:21:19.002+0800][8309.642s] GC(1155)   Other: 0.1ms
[2024-04-09T00:21:19.002+0800][8309.642s] GC(1155) Eden regions: 305->0(305)
[2024-04-09T00:21:19.002+0800][8309.642s] GC(1155) Survivor regions: 2->2(39)
[2024-04-09T00:21:19.002+0800][8309.642s] GC(1155) Old regions: 73->73
[2024-04-09T00:21:19.002+0800][8309.642s] GC(1155) Humongous regions: 4->4
[2024-04-09T00:21:19.002+0800][8309.642s] GC(1155) Metaspace: 68540K(69120K)->68540K(69120K) NonClass: 60835K(61120K)->60835K(61120K) Class: 7705K(8000K)->7705K(8000K)
[2024-04-09T00:21:19.002+0800][8309.642s] GC(1155) Pause Young (Normal) (G1 Evacuation Pause) 383M->78M(512M) 7.063ms
[2024-04-09T00:21:19.002+0800][8309.642s] GC(1155) User=0.00s Sys=0.00s Real=0.01s
[2024-04-09T00:21:20.343+0800][8310.983s] GC(1156) Pause Young (Normal) (G1 Evacuation Pause)
[2024-04-09T00:21:20.343+0800][8310.983s] GC(1156) Using 13 workers of 13 for evacuation
[2024-04-09T00:21:20.345+0800][8310.985s] GC(1156)   Pre Evacuate Collection Set: 0.1ms
[2024-04-09T00:21:20.345+0800][8310.985s] GC(1156)   Merge Heap Roots: 0.1ms
[2024-04-09T00:21:20.345+0800][8310.985s] GC(1156)   Evacuate Collection Set: 1.3ms
[2024-04-09T00:21:20.345+0800][8310.985s] GC(1156)   Post Evacuate Collection Set: 0.4ms
[2024-04-09T00:21:20.345+0800][8310.985s] GC(1156)   Other: 0.1ms
[2024-04-09T00:21:20.345+0800][8310.985s] GC(1156) Eden regions: 305->0(305)
[2024-04-09T00:21:20.346+0800][8310.985s] GC(1156) Survivor regions: 2->2(39)
[2024-04-09T00:21:20.346+0800][8310.985s] GC(1156) Old regions: 73->73
[2024-04-09T00:21:20.346+0800][8310.985s] GC(1156) Humongous regions: 4->4
[2024-04-09T00:21:20.346+0800][8310.985s] GC(1156) Metaspace: 68540K(69120K)->68540K(69120K) NonClass: 60835K(61120K)->60835K(61120K) Class: 7705K(8000K)->7705K(8000K)
[2024-04-09T00:21:20.346+0800][8310.985s] GC(1156) Pause Young (Normal) (G1 Evacuation Pause) 383M->78M(512M) 2.177ms
[2024-04-09T00:21:20.346+0800][8310.985s] GC(1156) User=0.00s Sys=0.00s Real=0.00s
[2024-04-09T00:21:21.972+0800][8312.611s] GC(1157) Pause Young (Normal) (G1 Evacuation Pause)
[2024-04-09T00:21:21.972+0800][8312.611s] GC(1157) Using 13 workers of 13 for evacuation
[2024-04-09T00:21:21.975+0800][8312.614s] GC(1157)   Pre Evacuate Collection Set: 0.1ms
[2024-04-09T00:21:21.975+0800][8312.614s] GC(1157)   Merge Heap Roots: 0.1ms
[2024-04-09T00:21:21.975+0800][8312.614s] GC(1157)   Evacuate Collection Set: 1.9ms
[2024-04-09T00:21:21.975+0800][8312.614s] GC(1157)   Post Evacuate Collection Set: 0.5ms
[2024-04-09T00:21:21.975+0800][8312.614s] GC(1157)   Other: 0.1ms
[2024-04-09T00:21:21.975+0800][8312.614s] GC(1157) Eden regions: 305->0(305)
[2024-04-09T00:21:21.975+0800][8312.614s] GC(1157) Survivor regions: 2->2(39)
[2024-04-09T00:21:21.975+0800][8312.614s] GC(1157) Old regions: 73->73
[2024-04-09T00:21:21.975+0800][8312.614s] GC(1157) Humongous regions: 4->4
[2024-04-09T00:21:21.975+0800][8312.614s] GC(1157) Metaspace: 68540K(69120K)->68540K(69120K) NonClass: 60835K(61120K)->60835K(61120K) Class: 7705K(8000K)->7705K(8000K)
[2024-04-09T00:21:21.975+0800][8312.614s] GC(1157) Pause Young (Normal) (G1 Evacuation Pause) 383M->78M(512M) 2.923ms
[2024-04-09T00:21:21.975+0800][8312.614s] GC(1157) User=0.00s Sys=0.00s Real=0.00s
[2024-04-09T00:21:23.211+0800][8313.850s] GC(1158) Pause Young (Normal) (G1 Evacuation Pause)
[2024-04-09T00:21:23.211+0800][8313.851s] GC(1158) Using 13 workers of 13 for evacuation
[2024-04-09T00:21:23.214+0800][8313.853s] GC(1158)   Pre Evacuate Collection Set: 0.2ms
[2024-04-09T00:21:23.214+0800][8313.853s] GC(1158)   Merge Heap Roots: 0.1ms
[2024-04-09T00:21:23.214+0800][8313.853s] GC(1158)   Evacuate Collection Set: 2.1ms
[2024-04-09T00:21:23.214+0800][8313.853s] GC(1158)   Post Evacuate Collection Set: 0.5ms
[2024-04-09T00:21:23.214+0800][8313.853s] GC(1158)   Other: 0.1ms
[2024-04-09T00:21:23.214+0800][8313.853s] GC(1158) Eden regions: 305->0(305)
[2024-04-09T00:21:23.214+0800][8313.854s] GC(1158) Survivor regions: 2->2(39)
[2024-04-09T00:21:23.214+0800][8313.854s] GC(1158) Old regions: 73->73
[2024-04-09T00:21:23.214+0800][8313.854s] GC(1158) Humongous regions: 4->4
[2024-04-09T00:21:23.214+0800][8313.854s] GC(1158) Metaspace: 68540K(69120K)->68540K(69120K) NonClass: 60835K(61120K)->60835K(61120K) Class: 7705K(8000K)->7705K(8000K)
[2024-04-09T00:21:23.214+0800][8313.854s] GC(1158) Pause Young (Normal) (G1 Evacuation Pause) 383M->78M(512M) 3.206ms
[2024-04-09T00:21:23.214+0800][8313.854s] GC(1158) User=0.03s Sys=0.00s Real=0.00s
[2024-04-09T00:21:24.493+0800][8315.132s] GC(1159) Pause Young (Normal) (G1 Evacuation Pause)
[2024-04-09T00:21:24.493+0800][8315.132s] GC(1159) Using 13 workers of 13 for evacuation
[2024-04-09T00:21:24.497+0800][8315.136s] GC(1159)   Pre Evacuate Collection Set: 0.1ms
[2024-04-09T00:21:24.497+0800][8315.136s] GC(1159)   Merge Heap Roots: 0.1ms
[2024-04-09T00:21:24.497+0800][8315.136s] GC(1159)   Evacuate Collection Set: 3.3ms
[2024-04-09T00:21:24.497+0800][8315.136s] GC(1159)   Post Evacuate Collection Set: 0.4ms
[2024-04-09T00:21:24.497+0800][8315.136s] GC(1159)   Other: 0.1ms
[2024-04-09T00:21:24.497+0800][8315.136s] GC(1159) Eden regions: 305->0(305)
[2024-04-09T00:21:24.497+0800][8315.136s] GC(1159) Survivor regions: 2->2(39)
[2024-04-09T00:21:24.497+0800][8315.136s] GC(1159) Old regions: 73->73
[2024-04-09T00:21:24.497+0800][8315.136s] GC(1159) Humongous regions: 4->4
[2024-04-09T00:21:24.497+0800][8315.136s] GC(1159) Metaspace: 68540K(69120K)->68540K(69120K) NonClass: 60835K(61120K)->60835K(61120K) Class: 7705K(8000K)->7705K(8000K)
[2024-04-09T00:21:24.497+0800][8315.136s] GC(1159) Pause Young (Normal) (G1 Evacuation Pause) 383M->78M(512M) 4.217ms
[2024-04-09T00:21:24.497+0800][8315.136s] GC(1159) User=0.17s Sys=0.02s Real=0.00s
[2024-04-09T00:21:25.699+0800][8316.338s] GC(1160) Pause Young (Normal) (G1 Evacuation Pause)
[2024-04-09T00:21:25.699+0800][8316.338s] GC(1160) Using 13 workers of 13 for evacuation
[2024-04-09T00:21:25.701+0800][8316.340s] GC(1160)   Pre Evacuate Collection Set: 0.1ms
[2024-04-09T00:21:25.701+0800][8316.340s] GC(1160)   Merge Heap Roots: 0.1ms
[2024-04-09T00:21:25.701+0800][8316.340s] GC(1160)   Evacuate Collection Set: 1.4ms
[2024-04-09T00:21:25.701+0800][8316.340s] GC(1160)   Post Evacuate Collection Set: 0.3ms
[2024-04-09T00:21:25.701+0800][8316.340s] GC(1160)   Other: 0.1ms
[2024-04-09T00:21:25.701+0800][8316.341s] GC(1160) Eden regions: 305->0(305)
[2024-04-09T00:21:25.701+0800][8316.341s] GC(1160) Survivor regions: 2->2(39)
[2024-04-09T00:21:25.701+0800][8316.341s] GC(1160) Old regions: 73->73
[2024-04-09T00:21:25.701+0800][8316.341s] GC(1160) Humongous regions: 4->4
[2024-04-09T00:21:25.701+0800][8316.341s] GC(1160) Metaspace: 68540K(69120K)->68540K(69120K) NonClass: 60835K(61120K)->60835K(61120K) Class: 7705K(8000K)->7705K(8000K)
[2024-04-09T00:21:25.701+0800][8316.341s] GC(1160) Pause Young (Normal) (G1 Evacuation Pause) 383M->78M(512M) 2.200ms
[2024-04-09T00:21:25.701+0800][8316.341s] GC(1160) User=0.00s Sys=0.00s Real=0.00s
[2024-04-09T00:21:26.893+0800][8317.533s] GC(1161) Pause Young (Normal) (G1 Evacuation Pause)
[2024-04-09T00:21:26.893+0800][8317.533s] GC(1161) Using 13 workers of 13 for evacuation
[2024-04-09T00:21:26.896+0800][8317.536s] GC(1161)   Pre Evacuate Collection Set: 0.2ms
[2024-04-09T00:21:26.896+0800][8317.536s] GC(1161)   Merge Heap Roots: 0.1ms
[2024-04-09T00:21:26.896+0800][8317.536s] GC(1161)   Evacuate Collection Set: 2.4ms
[2024-04-09T00:21:26.896+0800][8317.536s] GC(1161)   Post Evacuate Collection Set: 0.3ms
[2024-04-09T00:21:26.896+0800][8317.536s] GC(1161)   Other: 0.1ms
[2024-04-09T00:21:26.896+0800][8317.536s] GC(1161) Eden regions: 305->0(305)
[2024-04-09T00:21:26.896+0800][8317.536s] GC(1161) Survivor regions: 2->2(39)
[2024-04-09T00:21:26.896+0800][8317.536s] GC(1161) Old regions: 73->73
[2024-04-09T00:21:26.896+0800][8317.536s] GC(1161) Humongous regions: 4->4
[2024-04-09T00:21:26.896+0800][8317.536s] GC(1161) Metaspace: 68540K(69120K)->68540K(69120K) NonClass: 60835K(61120K)->60835K(61120K) Class: 7705K(8000K)->7705K(8000K)
[2024-04-09T00:21:26.896+0800][8317.536s] GC(1161) Pause Young (Normal) (G1 Evacuation Pause) 383M->77M(512M) 3.395ms
[2024-04-09T00:21:26.896+0800][8317.536s] GC(1161) User=0.00s Sys=0.00s Real=0.00s
[2024-04-09T00:21:28.162+0800][8318.801s] GC(1162) Pause Young (Normal) (G1 Evacuation Pause)
[2024-04-09T00:21:28.162+0800][8318.801s] GC(1162) Using 13 workers of 13 for evacuation
[2024-04-09T00:21:28.165+0800][8318.804s] GC(1162)   Pre Evacuate Collection Set: 0.2ms
[2024-04-09T00:21:28.165+0800][8318.804s] GC(1162)   Merge Heap Roots: 0.1ms
[2024-04-09T00:21:28.165+0800][8318.804s] GC(1162)   Evacuate Collection Set: 1.9ms
[2024-04-09T00:21:28.165+0800][8318.804s] GC(1162)   Post Evacuate Collection Set: 0.5ms
[2024-04-09T00:21:28.165+0800][8318.804s] GC(1162)   Other: 0.1ms
[2024-04-09T00:21:28.165+0800][8318.804s] GC(1162) Eden regions: 305->0(305)
[2024-04-09T00:21:28.165+0800][8318.804s] GC(1162) Survivor regions: 2->2(39)
[2024-04-09T00:21:28.165+0800][8318.804s] GC(1162) Old regions: 73->73
[2024-04-09T00:21:28.165+0800][8318.804s] GC(1162) Humongous regions: 4->4
[2024-04-09T00:21:28.165+0800][8318.804s] GC(1162) Metaspace: 68540K(69120K)->68540K(69120K) NonClass: 60835K(61120K)->60835K(61120K) Class: 7705K(8000K)->7705K(8000K)
[2024-04-09T00:21:28.165+0800][8318.804s] GC(1162) Pause Young (Normal) (G1 Evacuation Pause) 382M->78M(512M) 3.046ms
[2024-04-09T00:21:28.165+0800][8318.804s] GC(1162) User=0.00s Sys=0.00s Real=0.00s
[2024-04-09T00:21:29.535+0800][8320.174s] GC(1163) Pause Young (Normal) (G1 Evacuation Pause)
[2024-04-09T00:21:29.535+0800][8320.174s] GC(1163) Using 13 workers of 13 for evacuation
[2024-04-09T00:21:29.538+0800][8320.178s] GC(1163)   Pre Evacuate Collection Set: 0.1ms
[2024-04-09T00:21:29.538+0800][8320.178s] GC(1163)   Merge Heap Roots: 0.1ms
[2024-04-09T00:21:29.538+0800][8320.178s] GC(1163)   Evacuate Collection Set: 2.6ms
[2024-04-09T00:21:29.538+0800][8320.178s] GC(1163)   Post Evacuate Collection Set: 0.5ms
[2024-04-09T00:21:29.538+0800][8320.178s] GC(1163)   Other: 0.1ms
[2024-04-09T00:21:29.539+0800][8320.178s] GC(1163) Eden regions: 305->0(305)
[2024-04-09T00:21:29.539+0800][8320.178s] GC(1163) Survivor regions: 2->2(39)
[2024-04-09T00:21:29.539+0800][8320.178s] GC(1163) Old regions: 73->73
[2024-04-09T00:21:29.539+0800][8320.178s] GC(1163) Humongous regions: 4->4
[2024-04-09T00:21:29.539+0800][8320.178s] GC(1163) Metaspace: 68540K(69120K)->68540K(69120K) NonClass: 60835K(61120K)->60835K(61120K) Class: 7705K(8000K)->7705K(8000K)
[2024-04-09T00:21:29.539+0800][8320.178s] GC(1163) Pause Young (Normal) (G1 Evacuation Pause) 383M->78M(512M) 3.825ms
[2024-04-09T00:21:29.539+0800][8320.178s] GC(1163) User=0.00s Sys=0.00s Real=0.00s
[2024-04-09T00:21:30.846+0800][8321.485s] GC(1164) Pause Young (Normal) (G1 Evacuation Pause)
[2024-04-09T00:21:30.846+0800][8321.485s] GC(1164) Using 13 workers of 13 for evacuation
[2024-04-09T00:21:30.847+0800][8321.487s] GC(1164)   Pre Evacuate Collection Set: 0.1ms
[2024-04-09T00:21:30.848+0800][8321.487s] GC(1164)   Merge Heap Roots: 0.1ms
[2024-04-09T00:21:30.848+0800][8321.487s] GC(1164)   Evacuate Collection Set: 1.2ms
[2024-04-09T00:21:30.848+0800][8321.487s] GC(1164)   Post Evacuate Collection Set: 0.3ms
[2024-04-09T00:21:30.848+0800][8321.487s] GC(1164)   Other: 0.1ms
[2024-04-09T00:21:30.848+0800][8321.487s] GC(1164) Eden regions: 305->0(305)
[2024-04-09T00:21:30.848+0800][8321.487s] GC(1164) Survivor regions: 2->2(39)
[2024-04-09T00:21:30.848+0800][8321.487s] GC(1164) Old regions: 73->73
[2024-04-09T00:21:30.848+0800][8321.487s] GC(1164) Humongous regions: 4->4
[2024-04-09T00:21:30.848+0800][8321.487s] GC(1164) Metaspace: 68540K(69120K)->68540K(69120K) NonClass: 60835K(61120K)->60835K(61120K) Class: 7705K(8000K)->7705K(8000K)
[2024-04-09T00:21:30.848+0800][8321.487s] GC(1164) Pause Young (Normal) (G1 Evacuation Pause) 383M->78M(512M) 1.978ms
[2024-04-09T00:21:30.848+0800][8321.487s] GC(1164) User=0.00s Sys=0.00s Real=0.00s
[2024-04-09T00:21:32.188+0800][8322.828s] GC(1165) Pause Young (Normal) (G1 Evacuation Pause)
[2024-04-09T00:21:32.188+0800][8322.828s] GC(1165) Using 13 workers of 13 for evacuation
[2024-04-09T00:21:32.192+0800][8322.831s] GC(1165)   Pre Evacuate Collection Set: 0.2ms
[2024-04-09T00:21:32.192+0800][8322.831s] GC(1165)   Merge Heap Roots: 0.1ms
[2024-04-09T00:21:32.192+0800][8322.831s] GC(1165)   Evacuate Collection Set: 2.1ms
[2024-04-09T00:21:32.192+0800][8322.831s] GC(1165)   Post Evacuate Collection Set: 0.7ms
[2024-04-09T00:21:32.192+0800][8322.831s] GC(1165)   Other: 0.1ms
[2024-04-09T00:21:32.192+0800][8322.831s] GC(1165) Eden regions: 305->0(305)
[2024-04-09T00:21:32.192+0800][8322.831s] GC(1165) Survivor regions: 2->2(39)
[2024-04-09T00:21:32.192+0800][8322.831s] GC(1165) Old regions: 73->73
[2024-04-09T00:21:32.192+0800][8322.831s] GC(1165) Humongous regions: 4->4
[2024-04-09T00:21:32.192+0800][8322.831s] GC(1165) Metaspace: 68540K(69120K)->68540K(69120K) NonClass: 60835K(61120K)->60835K(61120K) Class: 7705K(8000K)->7705K(8000K)
[2024-04-09T00:21:32.192+0800][8322.831s] GC(1165) Pause Young (Normal) (G1 Evacuation Pause) 383M->78M(512M) 3.522ms
[2024-04-09T00:21:32.192+0800][8322.831s] GC(1165) User=0.00s Sys=0.00s Real=0.00s
[2024-04-09T00:21:33.450+0800][8324.090s] GC(1166) Pause Young (Normal) (G1 Evacuation Pause)
[2024-04-09T00:21:33.450+0800][8324.090s] GC(1166) Using 13 workers of 13 for evacuation
[2024-04-09T00:21:33.452+0800][8324.092s] GC(1166)   Pre Evacuate Collection Set: 0.1ms
[2024-04-09T00:21:33.452+0800][8324.092s] GC(1166)   Merge Heap Roots: 0.1ms
[2024-04-09T00:21:33.452+0800][8324.092s] GC(1166)   Evacuate Collection Set: 1.4ms
[2024-04-09T00:21:33.452+0800][8324.092s] GC(1166)   Post Evacuate Collection Set: 0.3ms
[2024-04-09T00:21:33.452+0800][8324.092s] GC(1166)   Other: 0.1ms
[2024-04-09T00:21:33.452+0800][8324.092s] GC(1166) Eden regions: 305->0(304)
[2024-04-09T00:21:33.452+0800][8324.092s] GC(1166) Survivor regions: 2->3(39)
[2024-04-09T00:21:33.453+0800][8324.092s] GC(1166) Old regions: 73->73
[2024-04-09T00:21:33.453+0800][8324.092s] GC(1166) Humongous regions: 4->4
[2024-04-09T00:21:33.453+0800][8324.092s] GC(1166) Metaspace: 68540K(69120K)->68540K(69120K) NonClass: 60835K(61120K)->60835K(61120K) Class: 7705K(8000K)->7705K(8000K)
[2024-04-09T00:21:33.453+0800][8324.092s] GC(1166) Pause Young (Normal) (G1 Evacuation Pause) 383M->78M(512M) 2.189ms
[2024-04-09T00:21:33.453+0800][8324.092s] GC(1166) User=0.00s Sys=0.00s Real=0.00s
[2024-04-09T00:21:34.693+0800][8325.333s] GC(1167) Pause Young (Normal) (G1 Evacuation Pause)
[2024-04-09T00:21:34.693+0800][8325.333s] GC(1167) Using 13 workers of 13 for evacuation
[2024-04-09T00:21:34.697+0800][8325.336s] GC(1167)   Pre Evacuate Collection Set: 0.4ms
[2024-04-09T00:21:34.697+0800][8325.336s] GC(1167)   Merge Heap Roots: 0.2ms
[2024-04-09T00:21:34.697+0800][8325.336s] GC(1167)   Evacuate Collection Set: 2.4ms
[2024-04-09T00:21:34.697+0800][8325.336s] GC(1167)   Post Evacuate Collection Set: 0.5ms
[2024-04-09T00:21:34.697+0800][8325.336s] GC(1167)   Other: 0.1ms
[2024-04-09T00:21:34.697+0800][8325.336s] GC(1167) Eden regions: 304->0(304)
[2024-04-09T00:21:34.697+0800][8325.336s] GC(1167) Survivor regions: 3->3(39)
[2024-04-09T00:21:34.697+0800][8325.336s] GC(1167) Old regions: 73->73
[2024-04-09T00:21:34.697+0800][8325.336s] GC(1167) Humongous regions: 4->4
[2024-04-09T00:21:34.697+0800][8325.336s] GC(1167) Metaspace: 68540K(69120K)->68540K(69120K) NonClass: 60835K(61120K)->60835K(61120K) Class: 7705K(8000K)->7705K(8000K)
[2024-04-09T00:21:34.697+0800][8325.337s] GC(1167) Pause Young (Normal) (G1 Evacuation Pause) 382M->79M(512M) 3.933ms
[2024-04-09T00:21:34.697+0800][8325.337s] GC(1167) User=0.08s Sys=0.00s Real=0.00s
[2024-04-09T00:21:35.908+0800][8326.547s] GC(1168) Pause Young (Normal) (G1 Evacuation Pause)
[2024-04-09T00:21:35.908+0800][8326.547s] GC(1168) Using 13 workers of 13 for evacuation
[2024-04-09T00:21:35.910+0800][8326.550s] GC(1168)   Pre Evacuate Collection Set: 0.1ms
[2024-04-09T00:21:35.910+0800][8326.550s] GC(1168)   Merge Heap Roots: 0.1ms
[2024-04-09T00:21:35.910+0800][8326.550s] GC(1168)   Evacuate Collection Set: 1.8ms
[2024-04-09T00:21:35.910+0800][8326.550s] GC(1168)   Post Evacuate Collection Set: 0.5ms
[2024-04-09T00:21:35.910+0800][8326.550s] GC(1168)   Other: 0.1ms
[2024-04-09T00:21:35.911+0800][8326.550s] GC(1168) Eden regions: 304->0(305)
[2024-04-09T00:21:35.911+0800][8326.550s] GC(1168) Survivor regions: 3->2(39)
[2024-04-09T00:21:35.911+0800][8326.550s] GC(1168) Old regions: 73->73
[2024-04-09T00:21:35.911+0800][8326.550s] GC(1168) Humongous regions: 4->4
[2024-04-09T00:21:35.911+0800][8326.550s] GC(1168) Metaspace: 68540K(69120K)->68540K(69120K) NonClass: 60835K(61120K)->60835K(61120K) Class: 7705K(8000K)->7705K(8000K)
[2024-04-09T00:21:35.911+0800][8326.550s] GC(1168) Pause Young (Normal) (G1 Evacuation Pause) 383M->78M(512M) 2.861ms
[2024-04-09T00:21:35.911+0800][8326.550s] GC(1168) User=0.00s Sys=0.00s Real=0.00s
[2024-04-09T00:21:37.176+0800][8327.815s] GC(1169) Pause Young (Normal) (G1 Evacuation Pause)
[2024-04-09T00:21:37.176+0800][8327.815s] GC(1169) Using 13 workers of 13 for evacuation
[2024-04-09T00:21:37.179+0800][8327.819s] GC(1169)   Pre Evacuate Collection Set: 0.1ms
[2024-04-09T00:21:37.179+0800][8327.819s] GC(1169)   Merge Heap Roots: 0.1ms
[2024-04-09T00:21:37.179+0800][8327.819s] GC(1169)   Evacuate Collection Set: 2.3ms
[2024-04-09T00:21:37.179+0800][8327.819s] GC(1169)   Post Evacuate Collection Set: 0.7ms
[2024-04-09T00:21:37.179+0800][8327.819s] GC(1169)   Other: 0.1ms
[2024-04-09T00:21:37.179+0800][8327.819s] GC(1169) Eden regions: 305->0(305)
[2024-04-09T00:21:37.179+0800][8327.819s] GC(1169) Survivor regions: 2->2(39)
[2024-04-09T00:21:37.179+0800][8327.819s] GC(1169) Old regions: 73->73
[2024-04-09T00:21:37.179+0800][8327.819s] GC(1169) Humongous regions: 4->4
[2024-04-09T00:21:37.179+0800][8327.819s] GC(1169) Metaspace: 68540K(69120K)->68540K(69120K) NonClass: 60835K(61120K)->60835K(61120K) Class: 7705K(8000K)->7705K(8000K)
[2024-04-09T00:21:37.179+0800][8327.819s] GC(1169) Pause Young (Normal) (G1 Evacuation Pause) 383M->78M(512M) 3.520ms
[2024-04-09T00:21:37.179+0800][8327.819s] GC(1169) User=0.00s Sys=0.00s Real=0.00s
[2024-04-09T00:21:38.432+0800][8329.071s] GC(1170) Pause Young (Normal) (G1 Evacuation Pause)
[2024-04-09T00:21:38.432+0800][8329.072s] GC(1170) Using 13 workers of 13 for evacuation
[2024-04-09T00:21:38.434+0800][8329.074s] GC(1170)   Pre Evacuate Collection Set: 0.1ms
[2024-04-09T00:21:38.435+0800][8329.074s] GC(1170)   Merge Heap Roots: 0.1ms
[2024-04-09T00:21:38.435+0800][8329.074s] GC(1170)   Evacuate Collection Set: 1.6ms
[2024-04-09T00:21:38.435+0800][8329.074s] GC(1170)   Post Evacuate Collection Set: 0.5ms
[2024-04-09T00:21:38.435+0800][8329.074s] GC(1170)   Other: 0.1ms
[2024-04-09T00:21:38.435+0800][8329.074s] GC(1170) Eden regions: 305->0(305)
[2024-04-09T00:21:38.435+0800][8329.074s] GC(1170) Survivor regions: 2->2(39)
[2024-04-09T00:21:38.435+0800][8329.074s] GC(1170) Old regions: 73->73
[2024-04-09T00:21:38.435+0800][8329.074s] GC(1170) Humongous regions: 4->4
[2024-04-09T00:21:38.435+0800][8329.074s] GC(1170) Metaspace: 68540K(69120K)->68540K(69120K) NonClass: 60835K(61120K)->60835K(61120K) Class: 7705K(8000K)->7705K(8000K)
[2024-04-09T00:21:38.435+0800][8329.074s] GC(1170) Pause Young (Normal) (G1 Evacuation Pause) 383M->78M(512M) 2.568ms
[2024-04-09T00:21:38.435+0800][8329.074s] GC(1170) User=0.00s Sys=0.00s Real=0.00s
[2024-04-09T00:21:39.695+0800][8330.334s] GC(1171) Pause Young (Normal) (G1 Evacuation Pause)
[2024-04-09T00:21:39.695+0800][8330.334s] GC(1171) Using 13 workers of 13 for evacuation
[2024-04-09T00:21:39.698+0800][8330.337s] GC(1171)   Pre Evacuate Collection Set: 0.2ms
[2024-04-09T00:21:39.698+0800][8330.337s] GC(1171)   Merge Heap Roots: 0.1ms
[2024-04-09T00:21:39.698+0800][8330.337s] GC(1171)   Evacuate Collection Set: 2.2ms
[2024-04-09T00:21:39.698+0800][8330.337s] GC(1171)   Post Evacuate Collection Set: 0.5ms
[2024-04-09T00:21:39.698+0800][8330.337s] GC(1171)   Other: 0.1ms
[2024-04-09T00:21:39.698+0800][8330.337s] GC(1171) Eden regions: 305->0(305)
[2024-04-09T00:21:39.698+0800][8330.338s] GC(1171) Survivor regions: 2->2(39)
[2024-04-09T00:21:39.698+0800][8330.338s] GC(1171) Old regions: 73->73
[2024-04-09T00:21:39.698+0800][8330.338s] GC(1171) Humongous regions: 4->4
[2024-04-09T00:21:39.698+0800][8330.338s] GC(1171) Metaspace: 68540K(69120K)->68540K(69120K) NonClass: 60835K(61120K)->60835K(61120K) Class: 7705K(8000K)->7705K(8000K)
[2024-04-09T00:21:39.698+0800][8330.338s] GC(1171) Pause Young (Normal) (G1 Evacuation Pause) 383M->78M(512M) 3.299ms
[2024-04-09T00:21:39.698+0800][8330.338s] GC(1171) User=0.03s Sys=0.00s Real=0.00s
[2024-04-09T00:21:40.962+0800][8331.602s] GC(1172) Pause Young (Normal) (G1 Evacuation Pause)
[2024-04-09T00:21:40.962+0800][8331.602s] GC(1172) Using 13 workers of 13 for evacuation
[2024-04-09T00:21:40.964+0800][8331.604s] GC(1172)   Pre Evacuate Collection Set: 0.1ms
[2024-04-09T00:21:40.964+0800][8331.604s] GC(1172)   Merge Heap Roots: 0.1ms
[2024-04-09T00:21:40.964+0800][8331.604s] GC(1172)   Evacuate Collection Set: 1.3ms
[2024-04-09T00:21:40.964+0800][8331.604s] GC(1172)   Post Evacuate Collection Set: 0.4ms
[2024-04-09T00:21:40.964+0800][8331.604s] GC(1172)   Other: 0.1ms
[2024-04-09T00:21:40.964+0800][8331.604s] GC(1172) Eden regions: 305->0(305)
[2024-04-09T00:21:40.964+0800][8331.604s] GC(1172) Survivor regions: 2->2(39)
[2024-04-09T00:21:40.964+0800][8331.604s] GC(1172) Old regions: 73->73
[2024-04-09T00:21:40.964+0800][8331.604s] GC(1172) Humongous regions: 4->4
[2024-04-09T00:21:40.964+0800][8331.604s] GC(1172) Metaspace: 68540K(69120K)->68540K(69120K) NonClass: 60835K(61120K)->60835K(61120K) Class: 7705K(8000K)->7705K(8000K)
[2024-04-09T00:21:40.964+0800][8331.604s] GC(1172) Pause Young (Normal) (G1 Evacuation Pause) 383M->78M(512M) 2.270ms
[2024-04-09T00:21:40.965+0800][8331.604s] GC(1172) User=0.03s Sys=0.02s Real=0.00s
[2024-04-09T00:21:42.225+0800][8332.864s] GC(1173) Pause Young (Normal) (G1 Evacuation Pause)
[2024-04-09T00:21:42.225+0800][8332.864s] GC(1173) Using 13 workers of 13 for evacuation
[2024-04-09T00:21:42.229+0800][8332.869s] GC(1173)   Pre Evacuate Collection Set: 0.1ms
[2024-04-09T00:21:42.229+0800][8332.869s] GC(1173)   Merge Heap Roots: 0.1ms
[2024-04-09T00:21:42.229+0800][8332.869s] GC(1173)   Evacuate Collection Set: 3.4ms
[2024-04-09T00:21:42.229+0800][8332.869s] GC(1173)   Post Evacuate Collection Set: 0.5ms
[2024-04-09T00:21:42.229+0800][8332.869s] GC(1173)   Other: 0.1ms
[2024-04-09T00:21:42.229+0800][8332.869s] GC(1173) Eden regions: 305->0(305)
[2024-04-09T00:21:42.229+0800][8332.869s] GC(1173) Survivor regions: 2->2(39)
[2024-04-09T00:21:42.229+0800][8332.869s] GC(1173) Old regions: 73->73
[2024-04-09T00:21:42.229+0800][8332.869s] GC(1173) Humongous regions: 4->4
[2024-04-09T00:21:42.229+0800][8332.869s] GC(1173) Metaspace: 68540K(69120K)->68540K(69120K) NonClass: 60835K(61120K)->60835K(61120K) Class: 7705K(8000K)->7705K(8000K)
[2024-04-09T00:21:42.229+0800][8332.869s] GC(1173) Pause Young (Normal) (G1 Evacuation Pause) 383M->78M(512M) 4.536ms
[2024-04-09T00:21:42.230+0800][8332.869s] GC(1173) User=0.03s Sys=0.00s Real=0.01s
[2024-04-09T00:21:43.426+0800][8334.066s] GC(1174) Pause Young (Normal) (G1 Evacuation Pause)
[2024-04-09T00:21:43.427+0800][8334.066s] GC(1174) Using 13 workers of 13 for evacuation
[2024-04-09T00:21:43.429+0800][8334.068s] GC(1174)   Pre Evacuate Collection Set: 0.3ms
[2024-04-09T00:21:43.429+0800][8334.068s] GC(1174)   Merge Heap Roots: 0.1ms
[2024-04-09T00:21:43.429+0800][8334.068s] GC(1174)   Evacuate Collection Set: 1.5ms
[2024-04-09T00:21:43.429+0800][8334.068s] GC(1174)   Post Evacuate Collection Set: 0.3ms
[2024-04-09T00:21:43.429+0800][8334.068s] GC(1174)   Other: 0.1ms
[2024-04-09T00:21:43.429+0800][8334.068s] GC(1174) Eden regions: 305->0(305)
[2024-04-09T00:21:43.429+0800][8334.068s] GC(1174) Survivor regions: 2->2(39)
[2024-04-09T00:21:43.429+0800][8334.068s] GC(1174) Old regions: 73->74
[2024-04-09T00:21:43.429+0800][8334.068s] GC(1174) Humongous regions: 4->4
[2024-04-09T00:21:43.429+0800][8334.068s] GC(1174) Metaspace: 68540K(69120K)->68540K(69120K) NonClass: 60835K(61120K)->60835K(61120K) Class: 7705K(8000K)->7705K(8000K)
[2024-04-09T00:21:43.429+0800][8334.068s] GC(1174) Pause Young (Normal) (G1 Evacuation Pause) 383M->78M(512M) 2.613ms
[2024-04-09T00:21:43.429+0800][8334.068s] GC(1174) User=0.00s Sys=0.00s Real=0.00s
[2024-04-09T00:21:44.660+0800][8335.299s] GC(1175) Pause Young (Normal) (G1 Evacuation Pause)
[2024-04-09T00:21:44.660+0800][8335.299s] GC(1175) Using 13 workers of 13 for evacuation
[2024-04-09T00:21:44.662+0800][8335.302s] GC(1175)   Pre Evacuate Collection Set: 0.1ms
[2024-04-09T00:21:44.662+0800][8335.302s] GC(1175)   Merge Heap Roots: 0.1ms
[2024-04-09T00:21:44.662+0800][8335.302s] GC(1175)   Evacuate Collection Set: 1.7ms
[2024-04-09T00:21:44.662+0800][8335.302s] GC(1175)   Post Evacuate Collection Set: 0.5ms
[2024-04-09T00:21:44.662+0800][8335.302s] GC(1175)   Other: 0.1ms
[2024-04-09T00:21:44.662+0800][8335.302s] GC(1175) Eden regions: 305->0(305)
[2024-04-09T00:21:44.662+0800][8335.302s] GC(1175) Survivor regions: 2->2(39)
[2024-04-09T00:21:44.662+0800][8335.302s] GC(1175) Old regions: 74->74
[2024-04-09T00:21:44.662+0800][8335.302s] GC(1175) Humongous regions: 4->4
[2024-04-09T00:21:44.662+0800][8335.302s] GC(1175) Metaspace: 68540K(69120K)->68540K(69120K) NonClass: 60835K(61120K)->60835K(61120K) Class: 7705K(8000K)->7705K(8000K)
[2024-04-09T00:21:44.663+0800][8335.302s] GC(1175) Pause Young (Normal) (G1 Evacuation Pause) 383M->78M(512M) 2.963ms
[2024-04-09T00:21:44.663+0800][8335.302s] GC(1175) User=0.00s Sys=0.00s Real=0.00s
[2024-04-09T00:21:46.079+0800][8336.718s] GC(1176) Pause Young (Normal) (G1 Evacuation Pause)
[2024-04-09T00:21:46.079+0800][8336.718s] GC(1176) Using 13 workers of 13 for evacuation
[2024-04-09T00:21:46.082+0800][8336.722s] GC(1176)   Pre Evacuate Collection Set: 0.1ms
[2024-04-09T00:21:46.082+0800][8336.722s] GC(1176)   Merge Heap Roots: 0.1ms
[2024-04-09T00:21:46.082+0800][8336.722s] GC(1176)   Evacuate Collection Set: 2.1ms
[2024-04-09T00:21:46.082+0800][8336.722s] GC(1176)   Post Evacuate Collection Set: 1.0ms
[2024-04-09T00:21:46.082+0800][8336.722s] GC(1176)   Other: 0.1ms
[2024-04-09T00:21:46.082+0800][8336.722s] GC(1176) Eden regions: 305->0(305)
[2024-04-09T00:21:46.082+0800][8336.722s] GC(1176) Survivor regions: 2->2(39)
[2024-04-09T00:21:46.082+0800][8336.722s] GC(1176) Old regions: 74->74
[2024-04-09T00:21:46.082+0800][8336.722s] GC(1176) Humongous regions: 4->4
[2024-04-09T00:21:46.082+0800][8336.722s] GC(1176) Metaspace: 68540K(69120K)->68540K(69120K) NonClass: 60835K(61120K)->60835K(61120K) Class: 7705K(8000K)->7705K(8000K)
[2024-04-09T00:21:46.082+0800][8336.722s] GC(1176) Pause Young (Normal) (G1 Evacuation Pause) 383M->78M(512M) 3.704ms
[2024-04-09T00:21:46.082+0800][8336.722s] GC(1176) User=0.00s Sys=0.00s Real=0.00s
[2024-04-09T00:21:47.335+0800][8337.974s] GC(1177) Pause Young (Normal) (G1 Evacuation Pause)
[2024-04-09T00:21:47.335+0800][8337.974s] GC(1177) Using 13 workers of 13 for evacuation
[2024-04-09T00:21:47.338+0800][8337.977s] GC(1177)   Pre Evacuate Collection Set: 0.1ms
[2024-04-09T00:21:47.338+0800][8337.977s] GC(1177)   Merge Heap Roots: 0.1ms
[2024-04-09T00:21:47.338+0800][8337.977s] GC(1177)   Evacuate Collection Set: 2.8ms
[2024-04-09T00:21:47.338+0800][8337.977s] GC(1177)   Post Evacuate Collection Set: 0.3ms
[2024-04-09T00:21:47.338+0800][8337.977s] GC(1177)   Other: 0.1ms
[2024-04-09T00:21:47.338+0800][8337.978s] GC(1177) Eden regions: 305->0(305)
[2024-04-09T00:21:47.338+0800][8337.978s] GC(1177) Survivor regions: 2->2(39)
[2024-04-09T00:21:47.338+0800][8337.978s] GC(1177) Old regions: 74->74
[2024-04-09T00:21:47.338+0800][8337.978s] GC(1177) Humongous regions: 4->4
[2024-04-09T00:21:47.338+0800][8337.978s] GC(1177) Metaspace: 68540K(69120K)->68540K(69120K) NonClass: 60835K(61120K)->60835K(61120K) Class: 7705K(8000K)->7705K(8000K)
[2024-04-09T00:21:47.338+0800][8337.978s] GC(1177) Pause Young (Normal) (G1 Evacuation Pause) 383M->78M(512M) 3.648ms
[2024-04-09T00:21:47.338+0800][8337.978s] GC(1177) User=0.03s Sys=0.00s Real=0.00s
[2024-04-09T00:21:48.667+0800][8339.306s] GC(1178) Pause Young (Normal) (G1 Evacuation Pause)
[2024-04-09T00:21:48.667+0800][8339.306s] GC(1178) Using 13 workers of 13 for evacuation
[2024-04-09T00:21:48.669+0800][8339.308s] GC(1178)   Pre Evacuate Collection Set: 0.1ms
[2024-04-09T00:21:48.669+0800][8339.308s] GC(1178)   Merge Heap Roots: 0.1ms
[2024-04-09T00:21:48.669+0800][8339.308s] GC(1178)   Evacuate Collection Set: 1.5ms
[2024-04-09T00:21:48.669+0800][8339.308s] GC(1178)   Post Evacuate Collection Set: 0.4ms
[2024-04-09T00:21:48.669+0800][8339.308s] GC(1178)   Other: 0.1ms
[2024-04-09T00:21:48.669+0800][8339.308s] GC(1178) Eden regions: 305->0(305)
[2024-04-09T00:21:48.669+0800][8339.308s] GC(1178) Survivor regions: 2->2(39)
[2024-04-09T00:21:48.669+0800][8339.308s] GC(1178) Old regions: 74->74
[2024-04-09T00:21:48.669+0800][8339.308s] GC(1178) Humongous regions: 4->4
[2024-04-09T00:21:48.669+0800][8339.308s] GC(1178) Metaspace: 68540K(69120K)->68540K(69120K) NonClass: 60835K(61120K)->60835K(61120K) Class: 7705K(8000K)->7705K(8000K)
[2024-04-09T00:21:48.669+0800][8339.308s] GC(1178) Pause Young (Normal) (G1 Evacuation Pause) 383M->78M(512M) 2.443ms
[2024-04-09T00:21:48.669+0800][8339.308s] GC(1178) User=0.00s Sys=0.00s Real=0.00s
[2024-04-09T00:21:49.927+0800][8340.566s] GC(1179) Pause Young (Normal) (G1 Evacuation Pause)
[2024-04-09T00:21:49.927+0800][8340.566s] GC(1179) Using 13 workers of 13 for evacuation
[2024-04-09T00:21:49.929+0800][8340.568s] GC(1179)   Pre Evacuate Collection Set: 0.1ms
[2024-04-09T00:21:49.929+0800][8340.568s] GC(1179)   Merge Heap Roots: 0.1ms
[2024-04-09T00:21:49.929+0800][8340.568s] GC(1179)   Evacuate Collection Set: 1.5ms
[2024-04-09T00:21:49.929+0800][8340.568s] GC(1179)   Post Evacuate Collection Set: 0.4ms
[2024-04-09T00:21:49.929+0800][8340.568s] GC(1179)   Other: 0.1ms
[2024-04-09T00:21:49.929+0800][8340.569s] GC(1179) Eden regions: 305->0(305)
[2024-04-09T00:21:49.929+0800][8340.569s] GC(1179) Survivor regions: 2->2(39)
[2024-04-09T00:21:49.929+0800][8340.569s] GC(1179) Old regions: 74->74
[2024-04-09T00:21:49.929+0800][8340.569s] GC(1179) Humongous regions: 4->4
[2024-04-09T00:21:49.929+0800][8340.569s] GC(1179) Metaspace: 68540K(69120K)->68540K(69120K) NonClass: 60835K(61120K)->60835K(61120K) Class: 7705K(8000K)->7705K(8000K)
[2024-04-09T00:21:49.929+0800][8340.569s] GC(1179) Pause Young (Normal) (G1 Evacuation Pause) 383M->78M(512M) 2.377ms
[2024-04-09T00:21:49.929+0800][8340.569s] GC(1179) User=0.00s Sys=0.00s Real=0.00s
[2024-04-09T00:21:51.201+0800][8341.840s] GC(1180) Pause Young (Normal) (G1 Evacuation Pause)
[2024-04-09T00:21:51.201+0800][8341.840s] GC(1180) Using 13 workers of 13 for evacuation
[2024-04-09T00:21:51.203+0800][8341.842s] GC(1180)   Pre Evacuate Collection Set: 0.1ms
[2024-04-09T00:21:51.203+0800][8341.842s] GC(1180)   Merge Heap Roots: 0.1ms
[2024-04-09T00:21:51.203+0800][8341.842s] GC(1180)   Evacuate Collection Set: 1.5ms
[2024-04-09T00:21:51.203+0800][8341.842s] GC(1180)   Post Evacuate Collection Set: 0.3ms
[2024-04-09T00:21:51.203+0800][8341.842s] GC(1180)   Other: 0.1ms
[2024-04-09T00:21:51.203+0800][8341.842s] GC(1180) Eden regions: 305->0(304)
[2024-04-09T00:21:51.203+0800][8341.842s] GC(1180) Survivor regions: 2->3(39)
[2024-04-09T00:21:51.203+0800][8341.842s] GC(1180) Old regions: 74->74
[2024-04-09T00:21:51.203+0800][8341.842s] GC(1180) Humongous regions: 4->4
[2024-04-09T00:21:51.203+0800][8341.842s] GC(1180) Metaspace: 68540K(69120K)->68540K(69120K) NonClass: 60835K(61120K)->60835K(61120K) Class: 7705K(8000K)->7705K(8000K)
[2024-04-09T00:21:51.203+0800][8341.842s] GC(1180) Pause Young (Normal) (G1 Evacuation Pause) 383M->79M(512M) 2.241ms
[2024-04-09T00:21:51.203+0800][8341.842s] GC(1180) User=0.00s Sys=0.00s Real=0.00s
[2024-04-09T00:21:52.622+0800][8343.261s] GC(1181) Pause Young (Normal) (G1 Evacuation Pause)
[2024-04-09T00:21:52.622+0800][8343.262s] GC(1181) Using 13 workers of 13 for evacuation
[2024-04-09T00:21:52.624+0800][8343.263s] GC(1181)   Pre Evacuate Collection Set: 0.1ms
[2024-04-09T00:21:52.624+0800][8343.263s] GC(1181)   Merge Heap Roots: 0.1ms
[2024-04-09T00:21:52.624+0800][8343.263s] GC(1181)   Evacuate Collection Set: 1.3ms
[2024-04-09T00:21:52.624+0800][8343.263s] GC(1181)   Post Evacuate Collection Set: 0.3ms
[2024-04-09T00:21:52.624+0800][8343.263s] GC(1181)   Other: 0.1ms
[2024-04-09T00:21:52.624+0800][8343.263s] GC(1181) Eden regions: 304->0(305)
[2024-04-09T00:21:52.624+0800][8343.264s] GC(1181) Survivor regions: 3->2(39)
[2024-04-09T00:21:52.624+0800][8343.264s] GC(1181) Old regions: 74->74
[2024-04-09T00:21:52.624+0800][8343.264s] GC(1181) Humongous regions: 4->4
[2024-04-09T00:21:52.624+0800][8343.264s] GC(1181) Metaspace: 68540K(69120K)->68540K(69120K) NonClass: 60835K(61120K)->60835K(61120K) Class: 7705K(8000K)->7705K(8000K)
[2024-04-09T00:21:52.624+0800][8343.264s] GC(1181) Pause Young (Normal) (G1 Evacuation Pause) 383M->78M(512M) 2.109ms
[2024-04-09T00:21:52.624+0800][8343.264s] GC(1181) User=0.00s Sys=0.00s Real=0.00s
[2024-04-09T00:21:53.906+0800][8344.545s] GC(1182) Pause Young (Normal) (G1 Evacuation Pause)
[2024-04-09T00:21:53.906+0800][8344.545s] GC(1182) Using 13 workers of 13 for evacuation
[2024-04-09T00:21:53.908+0800][8344.547s] GC(1182)   Pre Evacuate Collection Set: 0.1ms
[2024-04-09T00:21:53.908+0800][8344.547s] GC(1182)   Merge Heap Roots: 0.1ms
[2024-04-09T00:21:53.908+0800][8344.547s] GC(1182)   Evacuate Collection Set: 1.5ms
[2024-04-09T00:21:53.908+0800][8344.547s] GC(1182)   Post Evacuate Collection Set: 0.3ms
[2024-04-09T00:21:53.908+0800][8344.547s] GC(1182)   Other: 0.1ms
[2024-04-09T00:21:53.908+0800][8344.547s] GC(1182) Eden regions: 305->0(304)
[2024-04-09T00:21:53.908+0800][8344.547s] GC(1182) Survivor regions: 2->3(39)
[2024-04-09T00:21:53.908+0800][8344.547s] GC(1182) Old regions: 74->74
[2024-04-09T00:21:53.908+0800][8344.547s] GC(1182) Humongous regions: 4->4
[2024-04-09T00:21:53.908+0800][8344.547s] GC(1182) Metaspace: 68540K(69120K)->68540K(69120K) NonClass: 60835K(61120K)->60835K(61120K) Class: 7705K(8000K)->7705K(8000K)
[2024-04-09T00:21:53.908+0800][8344.547s] GC(1182) Pause Young (Normal) (G1 Evacuation Pause) 383M->79M(512M) 2.346ms
[2024-04-09T00:21:53.908+0800][8344.548s] GC(1182) User=0.00s Sys=0.00s Real=0.00s
[2024-04-09T00:21:55.202+0800][8345.842s] GC(1183) Pause Young (Normal) (G1 Evacuation Pause)
[2024-04-09T00:21:55.202+0800][8345.842s] GC(1183) Using 13 workers of 13 for evacuation
[2024-04-09T00:21:55.205+0800][8345.845s] GC(1183)   Pre Evacuate Collection Set: 0.2ms
[2024-04-09T00:21:55.205+0800][8345.845s] GC(1183)   Merge Heap Roots: 0.1ms
[2024-04-09T00:21:55.205+0800][8345.845s] GC(1183)   Evacuate Collection Set: 2.1ms
[2024-04-09T00:21:55.205+0800][8345.845s] GC(1183)   Post Evacuate Collection Set: 0.4ms
[2024-04-09T00:21:55.205+0800][8345.845s] GC(1183)   Other: 0.1ms
[2024-04-09T00:21:55.205+0800][8345.845s] GC(1183) Eden regions: 304->0(305)
[2024-04-09T00:21:55.205+0800][8345.845s] GC(1183) Survivor regions: 3->2(39)
[2024-04-09T00:21:55.205+0800][8345.845s] GC(1183) Old regions: 74->74
[2024-04-09T00:21:55.205+0800][8345.845s] GC(1183) Humongous regions: 4->4
[2024-04-09T00:21:55.205+0800][8345.845s] GC(1183) Metaspace: 68540K(69120K)->68540K(69120K) NonClass: 60835K(61120K)->60835K(61120K) Class: 7705K(8000K)->7705K(8000K)
[2024-04-09T00:21:55.205+0800][8345.845s] GC(1183) Pause Young (Normal) (G1 Evacuation Pause) 383M->78M(512M) 3.146ms
[2024-04-09T00:21:55.206+0800][8345.845s] GC(1183) User=0.00s Sys=0.00s Real=0.00s
[2024-04-09T00:21:56.457+0800][8347.097s] GC(1184) Pause Young (Normal) (G1 Evacuation Pause)
[2024-04-09T00:21:56.457+0800][8347.097s] GC(1184) Using 13 workers of 13 for evacuation
[2024-04-09T00:21:56.460+0800][8347.099s] GC(1184)   Pre Evacuate Collection Set: 0.2ms
[2024-04-09T00:21:56.460+0800][8347.099s] GC(1184)   Merge Heap Roots: 0.1ms
[2024-04-09T00:21:56.460+0800][8347.099s] GC(1184)   Evacuate Collection Set: 1.7ms
[2024-04-09T00:21:56.460+0800][8347.099s] GC(1184)   Post Evacuate Collection Set: 0.4ms
[2024-04-09T00:21:56.460+0800][8347.099s] GC(1184)   Other: 0.1ms
[2024-04-09T00:21:56.460+0800][8347.099s] GC(1184) Eden regions: 305->0(305)
[2024-04-09T00:21:56.460+0800][8347.099s] GC(1184) Survivor regions: 2->2(39)
[2024-04-09T00:21:56.460+0800][8347.099s] GC(1184) Old regions: 74->74
[2024-04-09T00:21:56.460+0800][8347.099s] GC(1184) Humongous regions: 4->4
[2024-04-09T00:21:56.460+0800][8347.099s] GC(1184) Metaspace: 68540K(69120K)->68540K(69120K) NonClass: 60835K(61120K)->60835K(61120K) Class: 7705K(8000K)->7705K(8000K)
[2024-04-09T00:21:56.460+0800][8347.099s] GC(1184) Pause Young (Normal) (G1 Evacuation Pause) 383M->78M(512M) 2.794ms
[2024-04-09T00:21:56.460+0800][8347.100s] GC(1184) User=0.00s Sys=0.00s Real=0.00s
[2024-04-09T00:21:57.701+0800][8348.340s] GC(1185) Pause Young (Normal) (G1 Evacuation Pause)
[2024-04-09T00:21:57.701+0800][8348.340s] GC(1185) Using 13 workers of 13 for evacuation
[2024-04-09T00:21:57.703+0800][8348.342s] GC(1185)   Pre Evacuate Collection Set: 0.1ms
[2024-04-09T00:21:57.703+0800][8348.342s] GC(1185)   Merge Heap Roots: 0.1ms
[2024-04-09T00:21:57.703+0800][8348.342s] GC(1185)   Evacuate Collection Set: 1.3ms
[2024-04-09T00:21:57.703+0800][8348.342s] GC(1185)   Post Evacuate Collection Set: 0.3ms
[2024-04-09T00:21:57.703+0800][8348.342s] GC(1185)   Other: 0.1ms
[2024-04-09T00:21:57.703+0800][8348.342s] GC(1185) Eden regions: 305->0(305)
[2024-04-09T00:21:57.703+0800][8348.342s] GC(1185) Survivor regions: 2->2(39)
[2024-04-09T00:21:57.703+0800][8348.342s] GC(1185) Old regions: 74->74
[2024-04-09T00:21:57.703+0800][8348.342s] GC(1185) Humongous regions: 4->4
[2024-04-09T00:21:57.703+0800][8348.342s] GC(1185) Metaspace: 68540K(69120K)->68540K(69120K) NonClass: 60835K(61120K)->60835K(61120K) Class: 7705K(8000K)->7705K(8000K)
[2024-04-09T00:21:57.703+0800][8348.342s] GC(1185) Pause Young (Normal) (G1 Evacuation Pause) 383M->78M(512M) 2.155ms
[2024-04-09T00:21:57.703+0800][8348.342s] GC(1185) User=0.00s Sys=0.00s Real=0.00s
[2024-04-09T00:21:58.945+0800][8349.585s] GC(1186) Pause Young (Normal) (G1 Evacuation Pause)
[2024-04-09T00:21:58.945+0800][8349.585s] GC(1186) Using 13 workers of 13 for evacuation
[2024-04-09T00:21:58.948+0800][8349.587s] GC(1186)   Pre Evacuate Collection Set: 0.1ms
[2024-04-09T00:21:58.948+0800][8349.587s] GC(1186)   Merge Heap Roots: 0.1ms
[2024-04-09T00:21:58.948+0800][8349.587s] GC(1186)   Evacuate Collection Set: 1.6ms
[2024-04-09T00:21:58.948+0800][8349.587s] GC(1186)   Post Evacuate Collection Set: 0.4ms
[2024-04-09T00:21:58.948+0800][8349.587s] GC(1186)   Other: 0.1ms
[2024-04-09T00:21:58.948+0800][8349.587s] GC(1186) Eden regions: 305->0(304)
[2024-04-09T00:21:58.948+0800][8349.587s] GC(1186) Survivor regions: 2->3(39)
[2024-04-09T00:21:58.948+0800][8349.587s] GC(1186) Old regions: 74->74
[2024-04-09T00:21:58.948+0800][8349.587s] GC(1186) Humongous regions: 4->4
[2024-04-09T00:21:58.948+0800][8349.587s] GC(1186) Metaspace: 68540K(69120K)->68540K(69120K) NonClass: 60835K(61120K)->60835K(61120K) Class: 7705K(8000K)->7705K(8000K)
[2024-04-09T00:21:58.948+0800][8349.587s] GC(1186) Pause Young (Normal) (G1 Evacuation Pause) 383M->79M(512M) 2.430ms
[2024-04-09T00:21:58.948+0800][8349.587s] GC(1186) User=0.03s Sys=0.00s Real=0.00s
[2024-04-09T00:22:00.147+0800][8350.786s] GC(1187) Pause Young (Normal) (G1 Evacuation Pause)
[2024-04-09T00:22:00.147+0800][8350.786s] GC(1187) Using 13 workers of 13 for evacuation
[2024-04-09T00:22:00.150+0800][8350.789s] GC(1187)   Pre Evacuate Collection Set: 0.1ms
[2024-04-09T00:22:00.150+0800][8350.789s] GC(1187)   Merge Heap Roots: 0.1ms
[2024-04-09T00:22:00.150+0800][8350.789s] GC(1187)   Evacuate Collection Set: 2.0ms
[2024-04-09T00:22:00.150+0800][8350.789s] GC(1187)   Post Evacuate Collection Set: 0.5ms
[2024-04-09T00:22:00.150+0800][8350.789s] GC(1187)   Other: 0.1ms
[2024-04-09T00:22:00.150+0800][8350.789s] GC(1187) Eden regions: 304->0(305)
[2024-04-09T00:22:00.150+0800][8350.789s] GC(1187) Survivor regions: 3->2(39)
[2024-04-09T00:22:00.150+0800][8350.789s] GC(1187) Old regions: 74->74
[2024-04-09T00:22:00.150+0800][8350.789s] GC(1187) Humongous regions: 4->4
[2024-04-09T00:22:00.150+0800][8350.789s] GC(1187) Metaspace: 68540K(69120K)->68540K(69120K) NonClass: 60835K(61120K)->60835K(61120K) Class: 7705K(8000K)->7705K(8000K)
[2024-04-09T00:22:00.150+0800][8350.789s] GC(1187) Pause Young (Normal) (G1 Evacuation Pause) 383M->78M(512M) 3.245ms
[2024-04-09T00:22:00.150+0800][8350.789s] GC(1187) User=0.00s Sys=0.00s Real=0.00s
[2024-04-09T00:22:01.515+0800][8352.154s] GC(1188) Pause Young (Normal) (G1 Evacuation Pause)
[2024-04-09T00:22:01.515+0800][8352.154s] GC(1188) Using 13 workers of 13 for evacuation
[2024-04-09T00:22:01.519+0800][8352.158s] GC(1188)   Pre Evacuate Collection Set: 0.1ms
[2024-04-09T00:22:01.519+0800][8352.158s] GC(1188)   Merge Heap Roots: 0.1ms
[2024-04-09T00:22:01.519+0800][8352.158s] GC(1188)   Evacuate Collection Set: 2.5ms
[2024-04-09T00:22:01.519+0800][8352.158s] GC(1188)   Post Evacuate Collection Set: 1.0ms
[2024-04-09T00:22:01.519+0800][8352.158s] GC(1188)   Other: 0.1ms
[2024-04-09T00:22:01.519+0800][8352.158s] GC(1188) Eden regions: 305->0(305)
[2024-04-09T00:22:01.519+0800][8352.158s] GC(1188) Survivor regions: 2->2(39)
[2024-04-09T00:22:01.519+0800][8352.158s] GC(1188) Old regions: 74->74
[2024-04-09T00:22:01.519+0800][8352.158s] GC(1188) Humongous regions: 4->4
[2024-04-09T00:22:01.519+0800][8352.158s] GC(1188) Metaspace: 68540K(69120K)->68540K(69120K) NonClass: 60835K(61120K)->60835K(61120K) Class: 7705K(8000K)->7705K(8000K)
[2024-04-09T00:22:01.519+0800][8352.158s] GC(1188) Pause Young (Normal) (G1 Evacuation Pause) 383M->78M(512M) 4.157ms
[2024-04-09T00:22:01.519+0800][8352.158s] GC(1188) User=0.00s Sys=0.00s Real=0.00s
[2024-04-09T00:22:02.788+0800][8353.427s] GC(1189) Pause Young (Normal) (G1 Evacuation Pause)
[2024-04-09T00:22:02.788+0800][8353.427s] GC(1189) Using 13 workers of 13 for evacuation
[2024-04-09T00:22:02.792+0800][8353.431s] GC(1189)   Pre Evacuate Collection Set: 0.1ms
[2024-04-09T00:22:02.792+0800][8353.431s] GC(1189)   Merge Heap Roots: 0.1ms
[2024-04-09T00:22:02.792+0800][8353.431s] GC(1189)   Evacuate Collection Set: 2.8ms
[2024-04-09T00:22:02.792+0800][8353.431s] GC(1189)   Post Evacuate Collection Set: 1.1ms
[2024-04-09T00:22:02.792+0800][8353.431s] GC(1189)   Other: 0.1ms
[2024-04-09T00:22:02.792+0800][8353.431s] GC(1189) Eden regions: 305->0(305)
[2024-04-09T00:22:02.792+0800][8353.431s] GC(1189) Survivor regions: 2->2(39)
[2024-04-09T00:22:02.792+0800][8353.431s] GC(1189) Old regions: 74->74
[2024-04-09T00:22:02.792+0800][8353.431s] GC(1189) Humongous regions: 4->4
[2024-04-09T00:22:02.792+0800][8353.431s] GC(1189) Metaspace: 68540K(69120K)->68540K(69120K) NonClass: 60835K(61120K)->60835K(61120K) Class: 7705K(8000K)->7705K(8000K)
[2024-04-09T00:22:02.792+0800][8353.431s] GC(1189) Pause Young (Normal) (G1 Evacuation Pause) 383M->78M(512M) 4.604ms
[2024-04-09T00:22:02.792+0800][8353.431s] GC(1189) User=0.03s Sys=0.00s Real=0.00s
[2024-04-09T00:22:04.124+0800][8354.763s] GC(1190) Pause Young (Normal) (G1 Evacuation Pause)
[2024-04-09T00:22:04.124+0800][8354.763s] GC(1190) Using 13 workers of 13 for evacuation
[2024-04-09T00:22:04.126+0800][8354.765s] GC(1190)   Pre Evacuate Collection Set: 0.1ms
[2024-04-09T00:22:04.126+0800][8354.765s] GC(1190)   Merge Heap Roots: 0.1ms
[2024-04-09T00:22:04.126+0800][8354.765s] GC(1190)   Evacuate Collection Set: 1.2ms
[2024-04-09T00:22:04.126+0800][8354.765s] GC(1190)   Post Evacuate Collection Set: 0.3ms
[2024-04-09T00:22:04.126+0800][8354.765s] GC(1190)   Other: 0.1ms
[2024-04-09T00:22:04.126+0800][8354.765s] GC(1190) Eden regions: 305->0(305)
[2024-04-09T00:22:04.126+0800][8354.765s] GC(1190) Survivor regions: 2->2(39)
[2024-04-09T00:22:04.126+0800][8354.765s] GC(1190) Old regions: 74->74
[2024-04-09T00:22:04.126+0800][8354.765s] GC(1190) Humongous regions: 4->4
[2024-04-09T00:22:04.126+0800][8354.765s] GC(1190) Metaspace: 68540K(69120K)->68540K(69120K) NonClass: 60835K(61120K)->60835K(61120K) Class: 7705K(8000K)->7705K(8000K)
[2024-04-09T00:22:04.126+0800][8354.765s] GC(1190) Pause Young (Normal) (G1 Evacuation Pause) 383M->78M(512M) 1.989ms
[2024-04-09T00:22:04.126+0800][8354.765s] GC(1190) User=0.00s Sys=0.00s Real=0.00s
[2024-04-09T00:22:05.379+0800][8356.019s] GC(1191) Pause Young (Normal) (G1 Evacuation Pause)
[2024-04-09T00:22:05.379+0800][8356.019s] GC(1191) Using 13 workers of 13 for evacuation
[2024-04-09T00:22:05.382+0800][8356.022s] GC(1191)   Pre Evacuate Collection Set: 0.1ms
[2024-04-09T00:22:05.382+0800][8356.022s] GC(1191)   Merge Heap Roots: 0.1ms
[2024-04-09T00:22:05.382+0800][8356.022s] GC(1191)   Evacuate Collection Set: 1.8ms
[2024-04-09T00:22:05.382+0800][8356.022s] GC(1191)   Post Evacuate Collection Set: 1.1ms
[2024-04-09T00:22:05.383+0800][8356.022s] GC(1191)   Other: 0.1ms
[2024-04-09T00:22:05.383+0800][8356.022s] GC(1191) Eden regions: 305->0(305)
[2024-04-09T00:22:05.383+0800][8356.022s] GC(1191) Survivor regions: 2->2(39)
[2024-04-09T00:22:05.383+0800][8356.022s] GC(1191) Old regions: 74->74
[2024-04-09T00:22:05.383+0800][8356.022s] GC(1191) Humongous regions: 4->4
[2024-04-09T00:22:05.383+0800][8356.022s] GC(1191) Metaspace: 68540K(69120K)->68540K(69120K) NonClass: 60835K(61120K)->60835K(61120K) Class: 7705K(8000K)->7705K(8000K)
[2024-04-09T00:22:05.383+0800][8356.022s] GC(1191) Pause Young (Normal) (G1 Evacuation Pause) 383M->79M(512M) 3.401ms
[2024-04-09T00:22:05.383+0800][8356.022s] GC(1191) User=0.00s Sys=0.00s Real=0.00s
[2024-04-09T00:22:06.595+0800][8357.234s] GC(1192) Pause Young (Normal) (G1 Evacuation Pause)
[2024-04-09T00:22:06.595+0800][8357.234s] GC(1192) Using 13 workers of 13 for evacuation
[2024-04-09T00:22:06.597+0800][8357.237s] GC(1192)   Pre Evacuate Collection Set: 0.1ms
[2024-04-09T00:22:06.597+0800][8357.237s] GC(1192)   Merge Heap Roots: 0.1ms
[2024-04-09T00:22:06.597+0800][8357.237s] GC(1192)   Evacuate Collection Set: 1.6ms
[2024-04-09T00:22:06.597+0800][8357.237s] GC(1192)   Post Evacuate Collection Set: 0.3ms
[2024-04-09T00:22:06.597+0800][8357.237s] GC(1192)   Other: 0.1ms
[2024-04-09T00:22:06.597+0800][8357.237s] GC(1192) Eden regions: 305->0(305)
[2024-04-09T00:22:06.597+0800][8357.237s] GC(1192) Survivor regions: 2->2(39)
[2024-04-09T00:22:06.597+0800][8357.237s] GC(1192) Old regions: 74->74
[2024-04-09T00:22:06.597+0800][8357.237s] GC(1192) Humongous regions: 4->4
[2024-04-09T00:22:06.597+0800][8357.237s] GC(1192) Metaspace: 68540K(69120K)->68540K(69120K) NonClass: 60835K(61120K)->60835K(61120K) Class: 7705K(8000K)->7705K(8000K)
[2024-04-09T00:22:06.597+0800][8357.237s] GC(1192) Pause Young (Normal) (G1 Evacuation Pause) 384M->79M(512M) 2.424ms
[2024-04-09T00:22:06.597+0800][8357.237s] GC(1192) User=0.00s Sys=0.00s Real=0.00s
[2024-04-09T00:22:07.800+0800][8358.439s] GC(1193) Pause Young (Normal) (G1 Evacuation Pause)
[2024-04-09T00:22:07.800+0800][8358.439s] GC(1193) Using 13 workers of 13 for evacuation
[2024-04-09T00:22:07.802+0800][8358.441s] GC(1193)   Pre Evacuate Collection Set: 0.1ms
[2024-04-09T00:22:07.802+0800][8358.441s] GC(1193)   Merge Heap Roots: 0.1ms
[2024-04-09T00:22:07.802+0800][8358.441s] GC(1193)   Evacuate Collection Set: 1.4ms
[2024-04-09T00:22:07.802+0800][8358.441s] GC(1193)   Post Evacuate Collection Set: 0.4ms
[2024-04-09T00:22:07.802+0800][8358.442s] GC(1193)   Other: 0.1ms
[2024-04-09T00:22:07.802+0800][8358.442s] GC(1193) Eden regions: 305->0(305)
[2024-04-09T00:22:07.802+0800][8358.442s] GC(1193) Survivor regions: 2->2(39)
[2024-04-09T00:22:07.802+0800][8358.442s] GC(1193) Old regions: 74->74
[2024-04-09T00:22:07.802+0800][8358.442s] GC(1193) Humongous regions: 4->4
[2024-04-09T00:22:07.802+0800][8358.442s] GC(1193) Metaspace: 68540K(69120K)->68540K(69120K) NonClass: 60835K(61120K)->60835K(61120K) Class: 7705K(8000K)->7705K(8000K)
[2024-04-09T00:22:07.802+0800][8358.442s] GC(1193) Pause Young (Normal) (G1 Evacuation Pause) 384M->79M(512M) 2.376ms
[2024-04-09T00:22:07.802+0800][8358.442s] GC(1193) User=0.00s Sys=0.00s Real=0.00s
[2024-04-09T00:22:08.993+0800][8359.632s] GC(1194) Pause Young (Normal) (G1 Evacuation Pause)
[2024-04-09T00:22:08.993+0800][8359.632s] GC(1194) Using 13 workers of 13 for evacuation
[2024-04-09T00:22:08.995+0800][8359.634s] GC(1194)   Pre Evacuate Collection Set: 0.1ms
[2024-04-09T00:22:08.995+0800][8359.634s] GC(1194)   Merge Heap Roots: 0.1ms
[2024-04-09T00:22:08.995+0800][8359.634s] GC(1194)   Evacuate Collection Set: 1.4ms
[2024-04-09T00:22:08.995+0800][8359.634s] GC(1194)   Post Evacuate Collection Set: 0.4ms
[2024-04-09T00:22:08.995+0800][8359.634s] GC(1194)   Other: 0.1ms
[2024-04-09T00:22:08.995+0800][8359.635s] GC(1194) Eden regions: 305->0(305)
[2024-04-09T00:22:08.995+0800][8359.635s] GC(1194) Survivor regions: 2->2(39)
[2024-04-09T00:22:08.995+0800][8359.635s] GC(1194) Old regions: 74->74
[2024-04-09T00:22:08.996+0800][8359.635s] GC(1194) Humongous regions: 4->4
[2024-04-09T00:22:08.996+0800][8359.635s] GC(1194) Metaspace: 68540K(69120K)->68540K(69120K) NonClass: 60835K(61120K)->60835K(61120K) Class: 7705K(8000K)->7705K(8000K)
[2024-04-09T00:22:08.996+0800][8359.635s] GC(1194) Pause Young (Normal) (G1 Evacuation Pause) 384M->79M(512M) 2.349ms
[2024-04-09T00:22:08.996+0800][8359.635s] GC(1194) User=0.09s Sys=0.02s Real=0.00s
[2024-04-09T00:22:10.221+0800][8360.860s] GC(1195) Pause Young (Normal) (G1 Evacuation Pause)
[2024-04-09T00:22:10.221+0800][8360.860s] GC(1195) Using 13 workers of 13 for evacuation
[2024-04-09T00:22:10.223+0800][8360.862s] GC(1195)   Pre Evacuate Collection Set: 0.1ms
[2024-04-09T00:22:10.223+0800][8360.862s] GC(1195)   Merge Heap Roots: 0.1ms
[2024-04-09T00:22:10.223+0800][8360.862s] GC(1195)   Evacuate Collection Set: 1.4ms
[2024-04-09T00:22:10.223+0800][8360.862s] GC(1195)   Post Evacuate Collection Set: 0.4ms
[2024-04-09T00:22:10.223+0800][8360.862s] GC(1195)   Other: 0.1ms
[2024-04-09T00:22:10.223+0800][8360.862s] GC(1195) Eden regions: 305->0(305)
[2024-04-09T00:22:10.223+0800][8360.862s] GC(1195) Survivor regions: 2->2(39)
[2024-04-09T00:22:10.223+0800][8360.862s] GC(1195) Old regions: 74->74
[2024-04-09T00:22:10.223+0800][8360.862s] GC(1195) Humongous regions: 4->4
[2024-04-09T00:22:10.223+0800][8360.862s] GC(1195) Metaspace: 68540K(69120K)->68540K(69120K) NonClass: 60835K(61120K)->60835K(61120K) Class: 7705K(8000K)->7705K(8000K)
[2024-04-09T00:22:10.223+0800][8360.862s] GC(1195) Pause Young (Normal) (G1 Evacuation Pause) 384M->79M(512M) 2.190ms
[2024-04-09T00:22:10.223+0800][8360.862s] GC(1195) User=0.00s Sys=0.00s Real=0.00s
[2024-04-09T00:22:11.210+0800][8361.849s] GC(1196) Pause Young (Normal) (G1 Evacuation Pause)
[2024-04-09T00:22:11.210+0800][8361.849s] GC(1196) Using 13 workers of 13 for evacuation
[2024-04-09T00:22:11.212+0800][8361.851s] GC(1196)   Pre Evacuate Collection Set: 0.1ms
[2024-04-09T00:22:11.212+0800][8361.851s] GC(1196)   Merge Heap Roots: 0.1ms
[2024-04-09T00:22:11.212+0800][8361.851s] GC(1196)   Evacuate Collection Set: 1.3ms
[2024-04-09T00:22:11.212+0800][8361.851s] GC(1196)   Post Evacuate Collection Set: 0.3ms
[2024-04-09T00:22:11.212+0800][8361.851s] GC(1196)   Other: 0.1ms
[2024-04-09T00:22:11.212+0800][8361.851s] GC(1196) Eden regions: 305->0(305)
[2024-04-09T00:22:11.212+0800][8361.851s] GC(1196) Survivor regions: 2->2(39)
[2024-04-09T00:22:11.212+0800][8361.851s] GC(1196) Old regions: 74->74
[2024-04-09T00:22:11.212+0800][8361.851s] GC(1196) Humongous regions: 4->4
[2024-04-09T00:22:11.212+0800][8361.851s] GC(1196) Metaspace: 68541K(69120K)->68541K(69120K) NonClass: 60836K(61120K)->60836K(61120K) Class: 7705K(8000K)->7705K(8000K)
[2024-04-09T00:22:11.212+0800][8361.851s] GC(1196) Pause Young (Normal) (G1 Evacuation Pause) 384M->79M(512M) 1.986ms
[2024-04-09T00:22:11.212+0800][8361.851s] GC(1196) User=0.00s Sys=0.00s Real=0.00s
[2024-04-09T00:22:12.440+0800][8363.080s] GC(1197) Pause Young (Normal) (G1 Evacuation Pause)
[2024-04-09T00:22:12.441+0800][8363.080s] GC(1197) Using 13 workers of 13 for evacuation
[2024-04-09T00:22:12.442+0800][8363.081s] GC(1197)   Pre Evacuate Collection Set: 0.1ms
[2024-04-09T00:22:12.442+0800][8363.081s] GC(1197)   Merge Heap Roots: 0.1ms
[2024-04-09T00:22:12.442+0800][8363.081s] GC(1197)   Evacuate Collection Set: 1.2ms
[2024-04-09T00:22:12.442+0800][8363.081s] GC(1197)   Post Evacuate Collection Set: 0.3ms
[2024-04-09T00:22:12.442+0800][8363.081s] GC(1197)   Other: 0.1ms
[2024-04-09T00:22:12.442+0800][8363.081s] GC(1197) Eden regions: 305->0(305)
[2024-04-09T00:22:12.442+0800][8363.081s] GC(1197) Survivor regions: 2->2(39)
[2024-04-09T00:22:12.442+0800][8363.081s] GC(1197) Old regions: 74->74
[2024-04-09T00:22:12.442+0800][8363.081s] GC(1197) Humongous regions: 4->4
[2024-04-09T00:22:12.442+0800][8363.081s] GC(1197) Metaspace: 68541K(69120K)->68541K(69120K) NonClass: 60836K(61120K)->60836K(61120K) Class: 7705K(8000K)->7705K(8000K)
[2024-04-09T00:22:12.442+0800][8363.081s] GC(1197) Pause Young (Normal) (G1 Evacuation Pause) 384M->78M(512M) 1.967ms
[2024-04-09T00:22:12.442+0800][8363.081s] GC(1197) User=0.00s Sys=0.00s Real=0.00s
[2024-04-09T00:22:13.685+0800][8364.324s] GC(1198) Pause Young (Normal) (G1 Evacuation Pause)
[2024-04-09T00:22:13.685+0800][8364.324s] GC(1198) Using 13 workers of 13 for evacuation
[2024-04-09T00:22:13.687+0800][8364.326s] GC(1198)   Pre Evacuate Collection Set: 0.1ms
[2024-04-09T00:22:13.687+0800][8364.326s] GC(1198)   Merge Heap Roots: 0.1ms
[2024-04-09T00:22:13.687+0800][8364.326s] GC(1198)   Evacuate Collection Set: 1.4ms
[2024-04-09T00:22:13.687+0800][8364.326s] GC(1198)   Post Evacuate Collection Set: 0.4ms
[2024-04-09T00:22:13.687+0800][8364.326s] GC(1198)   Other: 0.1ms
[2024-04-09T00:22:13.687+0800][8364.326s] GC(1198) Eden regions: 305->0(305)
[2024-04-09T00:22:13.687+0800][8364.326s] GC(1198) Survivor regions: 2->2(39)
[2024-04-09T00:22:13.687+0800][8364.326s] GC(1198) Old regions: 74->74
[2024-04-09T00:22:13.687+0800][8364.326s] GC(1198) Humongous regions: 4->4
[2024-04-09T00:22:13.687+0800][8364.326s] GC(1198) Metaspace: 68541K(69120K)->68541K(69120K) NonClass: 60836K(61120K)->60836K(61120K) Class: 7705K(8000K)->7705K(8000K)
[2024-04-09T00:22:13.687+0800][8364.326s] GC(1198) Pause Young (Normal) (G1 Evacuation Pause) 383M->79M(512M) 2.284ms
[2024-04-09T00:22:13.687+0800][8364.326s] GC(1198) User=0.00s Sys=0.00s Real=0.00s
[2024-04-09T00:22:14.902+0800][8365.541s] GC(1199) Pause Young (Normal) (G1 Evacuation Pause)
[2024-04-09T00:22:14.902+0800][8365.541s] GC(1199) Using 13 workers of 13 for evacuation
[2024-04-09T00:22:14.904+0800][8365.543s] GC(1199)   Pre Evacuate Collection Set: 0.1ms
[2024-04-09T00:22:14.904+0800][8365.543s] GC(1199)   Merge Heap Roots: 0.1ms
[2024-04-09T00:22:14.904+0800][8365.543s] GC(1199)   Evacuate Collection Set: 1.5ms
[2024-04-09T00:22:14.904+0800][8365.544s] GC(1199)   Post Evacuate Collection Set: 0.4ms
[2024-04-09T00:22:14.904+0800][8365.544s] GC(1199)   Other: 0.1ms
[2024-04-09T00:22:14.905+0800][8365.544s] GC(1199) Eden regions: 305->0(305)
[2024-04-09T00:22:14.905+0800][8365.544s] GC(1199) Survivor regions: 2->2(39)
[2024-04-09T00:22:14.905+0800][8365.544s] GC(1199) Old regions: 74->74
[2024-04-09T00:22:14.905+0800][8365.544s] GC(1199) Humongous regions: 4->4
[2024-04-09T00:22:14.905+0800][8365.544s] GC(1199) Metaspace: 68541K(69120K)->68541K(69120K) NonClass: 60836K(61120K)->60836K(61120K) Class: 7705K(8000K)->7705K(8000K)
[2024-04-09T00:22:14.905+0800][8365.544s] GC(1199) Pause Young (Normal) (G1 Evacuation Pause) 384M->79M(512M) 2.375ms
[2024-04-09T00:22:14.905+0800][8365.544s] GC(1199) User=0.00s Sys=0.00s Real=0.00s
[2024-04-09T00:22:16.103+0800][8366.742s] GC(1200) Pause Young (Normal) (G1 Evacuation Pause)
[2024-04-09T00:22:16.103+0800][8366.742s] GC(1200) Using 13 workers of 13 for evacuation
[2024-04-09T00:22:16.105+0800][8366.744s] GC(1200)   Pre Evacuate Collection Set: 0.1ms
[2024-04-09T00:22:16.105+0800][8366.744s] GC(1200)   Merge Heap Roots: 0.1ms
[2024-04-09T00:22:16.105+0800][8366.744s] GC(1200)   Evacuate Collection Set: 1.4ms
[2024-04-09T00:22:16.105+0800][8366.744s] GC(1200)   Post Evacuate Collection Set: 0.6ms
[2024-04-09T00:22:16.105+0800][8366.744s] GC(1200)   Other: 0.1ms
[2024-04-09T00:22:16.105+0800][8366.744s] GC(1200) Eden regions: 305->0(305)
[2024-04-09T00:22:16.105+0800][8366.744s] GC(1200) Survivor regions: 2->2(39)
[2024-04-09T00:22:16.105+0800][8366.744s] GC(1200) Old regions: 74->74
[2024-04-09T00:22:16.105+0800][8366.744s] GC(1200) Humongous regions: 4->4
[2024-04-09T00:22:16.105+0800][8366.744s] GC(1200) Metaspace: 68541K(69120K)->68541K(69120K) NonClass: 60836K(61120K)->60836K(61120K) Class: 7705K(8000K)->7705K(8000K)
[2024-04-09T00:22:16.105+0800][8366.744s] GC(1200) Pause Young (Normal) (G1 Evacuation Pause) 384M->79M(512M) 2.491ms
[2024-04-09T00:22:16.105+0800][8366.744s] GC(1200) User=0.19s Sys=0.00s Real=0.00s
[2024-04-09T00:22:17.488+0800][8368.127s] GC(1201) Pause Young (Normal) (G1 Evacuation Pause)
[2024-04-09T00:22:17.488+0800][8368.127s] GC(1201) Using 13 workers of 13 for evacuation
[2024-04-09T00:22:17.490+0800][8368.129s] GC(1201)   Pre Evacuate Collection Set: 0.2ms
[2024-04-09T00:22:17.490+0800][8368.129s] GC(1201)   Merge Heap Roots: 0.1ms
[2024-04-09T00:22:17.490+0800][8368.129s] GC(1201)   Evacuate Collection Set: 1.7ms
[2024-04-09T00:22:17.490+0800][8368.129s] GC(1201)   Post Evacuate Collection Set: 0.5ms
[2024-04-09T00:22:17.490+0800][8368.129s] GC(1201)   Other: 0.1ms
[2024-04-09T00:22:17.490+0800][8368.129s] GC(1201) Eden regions: 305->0(305)
[2024-04-09T00:22:17.490+0800][8368.129s] GC(1201) Survivor regions: 2->2(39)
[2024-04-09T00:22:17.490+0800][8368.129s] GC(1201) Old regions: 74->74
[2024-04-09T00:22:17.490+0800][8368.130s] GC(1201) Humongous regions: 4->4
[2024-04-09T00:22:17.490+0800][8368.130s] GC(1201) Metaspace: 68541K(69120K)->68541K(69120K) NonClass: 60836K(61120K)->60836K(61120K) Class: 7705K(8000K)->7705K(8000K)
[2024-04-09T00:22:17.491+0800][8368.130s] GC(1201) Pause Young (Normal) (G1 Evacuation Pause) 384M->78M(512M) 2.985ms
[2024-04-09T00:22:17.491+0800][8368.130s] GC(1201) User=0.00s Sys=0.00s Real=0.00s
[2024-04-09T00:22:18.766+0800][8369.405s] GC(1202) Pause Young (Normal) (G1 Evacuation Pause)
[2024-04-09T00:22:18.766+0800][8369.405s] GC(1202) Using 13 workers of 13 for evacuation
[2024-04-09T00:22:18.768+0800][8369.407s] GC(1202)   Pre Evacuate Collection Set: 0.1ms
[2024-04-09T00:22:18.768+0800][8369.407s] GC(1202)   Merge Heap Roots: 0.1ms
[2024-04-09T00:22:18.768+0800][8369.407s] GC(1202)   Evacuate Collection Set: 1.4ms
[2024-04-09T00:22:18.768+0800][8369.407s] GC(1202)   Post Evacuate Collection Set: 0.3ms
[2024-04-09T00:22:18.768+0800][8369.407s] GC(1202)   Other: 0.1ms
[2024-04-09T00:22:18.768+0800][8369.407s] GC(1202) Eden regions: 305->0(305)
[2024-04-09T00:22:18.768+0800][8369.407s] GC(1202) Survivor regions: 2->2(39)
[2024-04-09T00:22:18.768+0800][8369.407s] GC(1202) Old regions: 74->74
[2024-04-09T00:22:18.768+0800][8369.407s] GC(1202) Humongous regions: 4->4
[2024-04-09T00:22:18.768+0800][8369.407s] GC(1202) Metaspace: 68541K(69120K)->68541K(69120K) NonClass: 60836K(61120K)->60836K(61120K) Class: 7705K(8000K)->7705K(8000K)
[2024-04-09T00:22:18.768+0800][8369.407s] GC(1202) Pause Young (Normal) (G1 Evacuation Pause) 383M->79M(512M) 2.105ms
[2024-04-09T00:22:18.768+0800][8369.407s] GC(1202) User=0.00s Sys=0.00s Real=0.00s
[2024-04-09T00:22:20.063+0800][8370.703s] GC(1203) Pause Young (Normal) (G1 Evacuation Pause)
[2024-04-09T00:22:20.063+0800][8370.703s] GC(1203) Using 13 workers of 13 for evacuation
[2024-04-09T00:22:20.065+0800][8370.705s] GC(1203)   Pre Evacuate Collection Set: 0.1ms
[2024-04-09T00:22:20.065+0800][8370.705s] GC(1203)   Merge Heap Roots: 0.1ms
[2024-04-09T00:22:20.065+0800][8370.705s] GC(1203)   Evacuate Collection Set: 1.3ms
[2024-04-09T00:22:20.065+0800][8370.705s] GC(1203)   Post Evacuate Collection Set: 0.3ms
[2024-04-09T00:22:20.065+0800][8370.705s] GC(1203)   Other: 0.1ms
[2024-04-09T00:22:20.065+0800][8370.705s] GC(1203) Eden regions: 305->0(305)
[2024-04-09T00:22:20.065+0800][8370.705s] GC(1203) Survivor regions: 2->2(39)
[2024-04-09T00:22:20.065+0800][8370.705s] GC(1203) Old regions: 74->74
[2024-04-09T00:22:20.065+0800][8370.705s] GC(1203) Humongous regions: 4->4
[2024-04-09T00:22:20.065+0800][8370.705s] GC(1203) Metaspace: 68541K(69120K)->68541K(69120K) NonClass: 60836K(61120K)->60836K(61120K) Class: 7705K(8000K)->7705K(8000K)
[2024-04-09T00:22:20.065+0800][8370.705s] GC(1203) Pause Young (Normal) (G1 Evacuation Pause) 384M->79M(512M) 2.196ms
[2024-04-09T00:22:20.065+0800][8370.705s] GC(1203) User=0.00s Sys=0.00s Real=0.00s
[2024-04-09T00:22:21.308+0800][8371.947s] GC(1204) Pause Young (Normal) (G1 Evacuation Pause)
[2024-04-09T00:22:21.308+0800][8371.947s] GC(1204) Using 13 workers of 13 for evacuation
[2024-04-09T00:22:21.310+0800][8371.949s] GC(1204)   Pre Evacuate Collection Set: 0.1ms
[2024-04-09T00:22:21.310+0800][8371.949s] GC(1204)   Merge Heap Roots: 0.1ms
[2024-04-09T00:22:21.310+0800][8371.949s] GC(1204)   Evacuate Collection Set: 1.4ms
[2024-04-09T00:22:21.310+0800][8371.949s] GC(1204)   Post Evacuate Collection Set: 0.3ms
[2024-04-09T00:22:21.310+0800][8371.949s] GC(1204)   Other: 0.1ms
[2024-04-09T00:22:21.310+0800][8371.949s] GC(1204) Eden regions: 305->0(305)
[2024-04-09T00:22:21.310+0800][8371.949s] GC(1204) Survivor regions: 2->2(39)
[2024-04-09T00:22:21.310+0800][8371.949s] GC(1204) Old regions: 74->74
[2024-04-09T00:22:21.310+0800][8371.949s] GC(1204) Humongous regions: 4->4
[2024-04-09T00:22:21.310+0800][8371.949s] GC(1204) Metaspace: 68541K(69120K)->68541K(69120K) NonClass: 60836K(61120K)->60836K(61120K) Class: 7705K(8000K)->7705K(8000K)
[2024-04-09T00:22:21.310+0800][8371.949s] GC(1204) Pause Young (Normal) (G1 Evacuation Pause) 384M->79M(512M) 2.277ms
[2024-04-09T00:22:21.310+0800][8371.949s] GC(1204) User=0.00s Sys=0.00s Real=0.00s
[2024-04-09T00:22:22.560+0800][8373.200s] GC(1205) Pause Young (Normal) (G1 Evacuation Pause)
[2024-04-09T00:22:22.560+0800][8373.200s] GC(1205) Using 13 workers of 13 for evacuation
[2024-04-09T00:22:22.562+0800][8373.201s] GC(1205)   Pre Evacuate Collection Set: 0.1ms
[2024-04-09T00:22:22.562+0800][8373.201s] GC(1205)   Merge Heap Roots: 0.1ms
[2024-04-09T00:22:22.562+0800][8373.201s] GC(1205)   Evacuate Collection Set: 1.3ms
[2024-04-09T00:22:22.562+0800][8373.201s] GC(1205)   Post Evacuate Collection Set: 0.3ms
[2024-04-09T00:22:22.562+0800][8373.201s] GC(1205)   Other: 0.1ms
[2024-04-09T00:22:22.562+0800][8373.201s] GC(1205) Eden regions: 305->0(305)
[2024-04-09T00:22:22.562+0800][8373.201s] GC(1205) Survivor regions: 2->2(39)
[2024-04-09T00:22:22.562+0800][8373.201s] GC(1205) Old regions: 74->74
[2024-04-09T00:22:22.562+0800][8373.201s] GC(1205) Humongous regions: 4->4
[2024-04-09T00:22:22.562+0800][8373.201s] GC(1205) Metaspace: 68541K(69120K)->68541K(69120K) NonClass: 60836K(61120K)->60836K(61120K) Class: 7705K(8000K)->7705K(8000K)
[2024-04-09T00:22:22.562+0800][8373.202s] GC(1205) Pause Young (Normal) (G1 Evacuation Pause) 384M->79M(512M) 1.985ms
[2024-04-09T00:22:22.562+0800][8373.202s] GC(1205) User=0.00s Sys=0.00s Real=0.00s
[2024-04-09T00:22:23.806+0800][8374.445s] GC(1206) Pause Young (Normal) (G1 Evacuation Pause)
[2024-04-09T00:22:23.806+0800][8374.445s] GC(1206) Using 13 workers of 13 for evacuation
[2024-04-09T00:22:23.810+0800][8374.449s] GC(1206)   Pre Evacuate Collection Set: 0.1ms
[2024-04-09T00:22:23.810+0800][8374.449s] GC(1206)   Merge Heap Roots: 0.0ms
[2024-04-09T00:22:23.810+0800][8374.449s] GC(1206)   Evacuate Collection Set: 3.3ms
[2024-04-09T00:22:23.810+0800][8374.449s] GC(1206)   Post Evacuate Collection Set: 0.3ms
[2024-04-09T00:22:23.810+0800][8374.449s] GC(1206)   Other: 0.1ms
[2024-04-09T00:22:23.810+0800][8374.449s] GC(1206) Eden regions: 305->0(304)
[2024-04-09T00:22:23.810+0800][8374.449s] GC(1206) Survivor regions: 2->3(39)
[2024-04-09T00:22:23.810+0800][8374.449s] GC(1206) Old regions: 74->74
[2024-04-09T00:22:23.810+0800][8374.449s] GC(1206) Humongous regions: 4->4
[2024-04-09T00:22:23.810+0800][8374.449s] GC(1206) Metaspace: 68541K(69120K)->68541K(69120K) NonClass: 60836K(61120K)->60836K(61120K) Class: 7705K(8000K)->7705K(8000K)
[2024-04-09T00:22:23.810+0800][8374.449s] GC(1206) Pause Young (Normal) (G1 Evacuation Pause) 384M->79M(512M) 4.046ms
[2024-04-09T00:22:23.810+0800][8374.449s] GC(1206) User=0.06s Sys=0.03s Real=0.00s
[2024-04-09T00:22:25.031+0800][8375.670s] GC(1207) Pause Young (Normal) (G1 Evacuation Pause)
[2024-04-09T00:22:25.031+0800][8375.670s] GC(1207) Using 13 workers of 13 for evacuation
[2024-04-09T00:22:25.033+0800][8375.672s] GC(1207)   Pre Evacuate Collection Set: 0.1ms
[2024-04-09T00:22:25.033+0800][8375.672s] GC(1207)   Merge Heap Roots: 0.1ms
[2024-04-09T00:22:25.033+0800][8375.672s] GC(1207)   Evacuate Collection Set: 1.4ms
[2024-04-09T00:22:25.033+0800][8375.672s] GC(1207)   Post Evacuate Collection Set: 0.4ms
[2024-04-09T00:22:25.033+0800][8375.672s] GC(1207)   Other: 0.1ms
[2024-04-09T00:22:25.033+0800][8375.672s] GC(1207) Eden regions: 304->0(305)
[2024-04-09T00:22:25.033+0800][8375.672s] GC(1207) Survivor regions: 3->2(39)
[2024-04-09T00:22:25.033+0800][8375.672s] GC(1207) Old regions: 74->74
[2024-04-09T00:22:25.033+0800][8375.672s] GC(1207) Humongous regions: 4->4
[2024-04-09T00:22:25.033+0800][8375.672s] GC(1207) Metaspace: 68541K(69120K)->68541K(69120K) NonClass: 60836K(61120K)->60836K(61120K) Class: 7705K(8000K)->7705K(8000K)
[2024-04-09T00:22:25.033+0800][8375.672s] GC(1207) Pause Young (Normal) (G1 Evacuation Pause) 383M->79M(512M) 2.282ms
[2024-04-09T00:22:25.033+0800][8375.672s] GC(1207) User=0.00s Sys=0.00s Real=0.00s
[2024-04-09T00:22:26.240+0800][8376.879s] GC(1208) Pause Young (Normal) (G1 Evacuation Pause)
[2024-04-09T00:22:26.240+0800][8376.879s] GC(1208) Using 13 workers of 13 for evacuation
[2024-04-09T00:22:26.242+0800][8376.881s] GC(1208)   Pre Evacuate Collection Set: 0.1ms
[2024-04-09T00:22:26.242+0800][8376.881s] GC(1208)   Merge Heap Roots: 0.1ms
[2024-04-09T00:22:26.242+0800][8376.881s] GC(1208)   Evacuate Collection Set: 1.2ms
[2024-04-09T00:22:26.242+0800][8376.881s] GC(1208)   Post Evacuate Collection Set: 0.3ms
[2024-04-09T00:22:26.242+0800][8376.881s] GC(1208)   Other: 0.1ms
[2024-04-09T00:22:26.242+0800][8376.881s] GC(1208) Eden regions: 305->0(305)
[2024-04-09T00:22:26.242+0800][8376.881s] GC(1208) Survivor regions: 2->2(39)
[2024-04-09T00:22:26.242+0800][8376.881s] GC(1208) Old regions: 74->74
[2024-04-09T00:22:26.242+0800][8376.881s] GC(1208) Humongous regions: 4->4
[2024-04-09T00:22:26.242+0800][8376.881s] GC(1208) Metaspace: 68541K(69120K)->68541K(69120K) NonClass: 60836K(61120K)->60836K(61120K) Class: 7705K(8000K)->7705K(8000K)
[2024-04-09T00:22:26.242+0800][8376.881s] GC(1208) Pause Young (Normal) (G1 Evacuation Pause) 384M->79M(512M) 1.954ms
[2024-04-09T00:22:26.242+0800][8376.881s] GC(1208) User=0.00s Sys=0.00s Real=0.00s
[2024-04-09T00:22:27.476+0800][8378.115s] GC(1209) Pause Young (Normal) (G1 Evacuation Pause)
[2024-04-09T00:22:27.476+0800][8378.115s] GC(1209) Using 13 workers of 13 for evacuation
[2024-04-09T00:22:27.478+0800][8378.118s] GC(1209)   Pre Evacuate Collection Set: 0.1ms
[2024-04-09T00:22:27.478+0800][8378.118s] GC(1209)   Merge Heap Roots: 0.1ms
[2024-04-09T00:22:27.478+0800][8378.118s] GC(1209)   Evacuate Collection Set: 1.5ms
[2024-04-09T00:22:27.478+0800][8378.118s] GC(1209)   Post Evacuate Collection Set: 0.3ms
[2024-04-09T00:22:27.478+0800][8378.118s] GC(1209)   Other: 0.1ms
[2024-04-09T00:22:27.478+0800][8378.118s] GC(1209) Eden regions: 305->0(305)
[2024-04-09T00:22:27.478+0800][8378.118s] GC(1209) Survivor regions: 2->2(39)
[2024-04-09T00:22:27.478+0800][8378.118s] GC(1209) Old regions: 74->74
[2024-04-09T00:22:27.478+0800][8378.118s] GC(1209) Humongous regions: 4->4
[2024-04-09T00:22:27.478+0800][8378.118s] GC(1209) Metaspace: 68541K(69120K)->68541K(69120K) NonClass: 60836K(61120K)->60836K(61120K) Class: 7705K(8000K)->7705K(8000K)
[2024-04-09T00:22:27.478+0800][8378.118s] GC(1209) Pause Young (Normal) (G1 Evacuation Pause) 384M->79M(512M) 2.324ms
[2024-04-09T00:22:27.478+0800][8378.118s] GC(1209) User=0.03s Sys=0.00s Real=0.00s
[2024-04-09T00:22:28.722+0800][8379.361s] GC(1210) Pause Young (Normal) (G1 Evacuation Pause)
[2024-04-09T00:22:28.722+0800][8379.361s] GC(1210) Using 13 workers of 13 for evacuation
[2024-04-09T00:22:28.724+0800][8379.363s] GC(1210)   Pre Evacuate Collection Set: 0.1ms
[2024-04-09T00:22:28.724+0800][8379.363s] GC(1210)   Merge Heap Roots: 0.1ms
[2024-04-09T00:22:28.724+0800][8379.363s] GC(1210)   Evacuate Collection Set: 1.3ms
[2024-04-09T00:22:28.724+0800][8379.363s] GC(1210)   Post Evacuate Collection Set: 0.3ms
[2024-04-09T00:22:28.724+0800][8379.363s] GC(1210)   Other: 0.1ms
[2024-04-09T00:22:28.724+0800][8379.363s] GC(1210) Eden regions: 305->0(304)
[2024-04-09T00:22:28.724+0800][8379.363s] GC(1210) Survivor regions: 2->3(39)
[2024-04-09T00:22:28.724+0800][8379.363s] GC(1210) Old regions: 74->74
[2024-04-09T00:22:28.724+0800][8379.363s] GC(1210) Humongous regions: 4->4
[2024-04-09T00:22:28.724+0800][8379.363s] GC(1210) Metaspace: 68541K(69120K)->68541K(69120K) NonClass: 60836K(61120K)->60836K(61120K) Class: 7705K(8000K)->7705K(8000K)
[2024-04-09T00:22:28.724+0800][8379.363s] GC(1210) Pause Young (Normal) (G1 Evacuation Pause) 384M->80M(512M) 2.133ms
[2024-04-09T00:22:28.724+0800][8379.363s] GC(1210) User=0.00s Sys=0.00s Real=0.00s
[2024-04-09T00:22:29.925+0800][8380.564s] GC(1211) Pause Young (Normal) (G1 Evacuation Pause)
[2024-04-09T00:22:29.925+0800][8380.564s] GC(1211) Using 13 workers of 13 for evacuation
[2024-04-09T00:22:29.927+0800][8380.566s] GC(1211)   Pre Evacuate Collection Set: 0.1ms
[2024-04-09T00:22:29.927+0800][8380.566s] GC(1211)   Merge Heap Roots: 0.1ms
[2024-04-09T00:22:29.927+0800][8380.566s] GC(1211)   Evacuate Collection Set: 1.2ms
[2024-04-09T00:22:29.927+0800][8380.566s] GC(1211)   Post Evacuate Collection Set: 0.4ms
[2024-04-09T00:22:29.927+0800][8380.566s] GC(1211)   Other: 0.1ms
[2024-04-09T00:22:29.927+0800][8380.566s] GC(1211) Eden regions: 304->0(305)
[2024-04-09T00:22:29.927+0800][8380.566s] GC(1211) Survivor regions: 3->2(39)
[2024-04-09T00:22:29.927+0800][8380.566s] GC(1211) Old regions: 74->74
[2024-04-09T00:22:29.927+0800][8380.566s] GC(1211) Humongous regions: 4->4
[2024-04-09T00:22:29.927+0800][8380.566s] GC(1211) Metaspace: 68541K(69120K)->68541K(69120K) NonClass: 60836K(61120K)->60836K(61120K) Class: 7705K(8000K)->7705K(8000K)
[2024-04-09T00:22:29.927+0800][8380.566s] GC(1211) Pause Young (Normal) (G1 Evacuation Pause) 384M->79M(512M) 2.113ms
[2024-04-09T00:22:29.927+0800][8380.566s] GC(1211) User=0.00s Sys=0.00s Real=0.00s
[2024-04-09T00:22:31.136+0800][8381.776s] GC(1212) Pause Young (Normal) (G1 Evacuation Pause)
[2024-04-09T00:22:31.136+0800][8381.776s] GC(1212) Using 13 workers of 13 for evacuation
[2024-04-09T00:22:31.138+0800][8381.778s] GC(1212)   Pre Evacuate Collection Set: 0.1ms
[2024-04-09T00:22:31.138+0800][8381.778s] GC(1212)   Merge Heap Roots: 0.1ms
[2024-04-09T00:22:31.138+0800][8381.778s] GC(1212)   Evacuate Collection Set: 1.2ms
[2024-04-09T00:22:31.138+0800][8381.778s] GC(1212)   Post Evacuate Collection Set: 0.3ms
[2024-04-09T00:22:31.138+0800][8381.778s] GC(1212)   Other: 0.1ms
[2024-04-09T00:22:31.138+0800][8381.778s] GC(1212) Eden regions: 305->0(305)
[2024-04-09T00:22:31.138+0800][8381.778s] GC(1212) Survivor regions: 2->2(39)
[2024-04-09T00:22:31.138+0800][8381.778s] GC(1212) Old regions: 74->74
[2024-04-09T00:22:31.138+0800][8381.778s] GC(1212) Humongous regions: 4->4
[2024-04-09T00:22:31.138+0800][8381.778s] GC(1212) Metaspace: 68541K(69120K)->68541K(69120K) NonClass: 60836K(61120K)->60836K(61120K) Class: 7705K(8000K)->7705K(8000K)
[2024-04-09T00:22:31.138+0800][8381.778s] GC(1212) Pause Young (Normal) (G1 Evacuation Pause) 384M->79M(512M) 1.988ms
[2024-04-09T00:22:31.138+0800][8381.778s] GC(1212) User=0.00s Sys=0.00s Real=0.00s
[2024-04-09T00:22:32.333+0800][8382.972s] GC(1213) Pause Young (Normal) (G1 Evacuation Pause)
[2024-04-09T00:22:32.333+0800][8382.972s] GC(1213) Using 13 workers of 13 for evacuation
[2024-04-09T00:22:32.335+0800][8382.974s] GC(1213)   Pre Evacuate Collection Set: 0.1ms
[2024-04-09T00:22:32.335+0800][8382.974s] GC(1213)   Merge Heap Roots: 0.1ms
[2024-04-09T00:22:32.335+0800][8382.974s] GC(1213)   Evacuate Collection Set: 1.2ms
[2024-04-09T00:22:32.335+0800][8382.974s] GC(1213)   Post Evacuate Collection Set: 0.6ms
[2024-04-09T00:22:32.335+0800][8382.974s] GC(1213)   Other: 0.1ms
[2024-04-09T00:22:32.335+0800][8382.974s] GC(1213) Eden regions: 305->0(305)
[2024-04-09T00:22:32.335+0800][8382.974s] GC(1213) Survivor regions: 2->2(39)
[2024-04-09T00:22:32.335+0800][8382.974s] GC(1213) Old regions: 74->74
[2024-04-09T00:22:32.335+0800][8382.974s] GC(1213) Humongous regions: 4->4
[2024-04-09T00:22:32.335+0800][8382.974s] GC(1213) Metaspace: 68541K(69120K)->68541K(69120K) NonClass: 60836K(61120K)->60836K(61120K) Class: 7705K(8000K)->7705K(8000K)
[2024-04-09T00:22:32.335+0800][8382.974s] GC(1213) Pause Young (Normal) (G1 Evacuation Pause) 384M->79M(512M) 2.422ms
[2024-04-09T00:22:32.335+0800][8382.974s] GC(1213) User=0.00s Sys=0.00s Real=0.00s
[2024-04-09T00:22:33.698+0800][8384.337s] GC(1214) Pause Young (Normal) (G1 Evacuation Pause)
[2024-04-09T00:22:33.698+0800][8384.337s] GC(1214) Using 13 workers of 13 for evacuation
[2024-04-09T00:22:33.702+0800][8384.342s] GC(1214)   Pre Evacuate Collection Set: 0.1ms
[2024-04-09T00:22:33.702+0800][8384.342s] GC(1214)   Merge Heap Roots: 0.1ms
[2024-04-09T00:22:33.703+0800][8384.342s] GC(1214)   Evacuate Collection Set: 3.8ms
[2024-04-09T00:22:33.703+0800][8384.342s] GC(1214)   Post Evacuate Collection Set: 0.5ms
[2024-04-09T00:22:33.703+0800][8384.342s] GC(1214)   Other: 0.1ms
[2024-04-09T00:22:33.703+0800][8384.342s] GC(1214) Eden regions: 305->0(305)
[2024-04-09T00:22:33.703+0800][8384.342s] GC(1214) Survivor regions: 2->2(39)
[2024-04-09T00:22:33.703+0800][8384.342s] GC(1214) Old regions: 74->74
[2024-04-09T00:22:33.703+0800][8384.342s] GC(1214) Humongous regions: 4->4
[2024-04-09T00:22:33.703+0800][8384.342s] GC(1214) Metaspace: 68541K(69120K)->68541K(69120K) NonClass: 60836K(61120K)->60836K(61120K) Class: 7705K(8000K)->7705K(8000K)
[2024-04-09T00:22:33.703+0800][8384.342s] GC(1214) Pause Young (Normal) (G1 Evacuation Pause) 384M->79M(512M) 5.157ms
[2024-04-09T00:22:33.703+0800][8384.342s] GC(1214) User=0.00s Sys=0.00s Real=0.01s
[2024-04-09T00:22:34.974+0800][8385.613s] GC(1215) Pause Young (Normal) (G1 Evacuation Pause)
[2024-04-09T00:22:34.974+0800][8385.613s] GC(1215) Using 13 workers of 13 for evacuation
[2024-04-09T00:22:34.976+0800][8385.615s] GC(1215)   Pre Evacuate Collection Set: 0.1ms
[2024-04-09T00:22:34.976+0800][8385.615s] GC(1215)   Merge Heap Roots: 0.1ms
[2024-04-09T00:22:34.976+0800][8385.615s] GC(1215)   Evacuate Collection Set: 1.4ms
[2024-04-09T00:22:34.976+0800][8385.615s] GC(1215)   Post Evacuate Collection Set: 0.3ms
[2024-04-09T00:22:34.976+0800][8385.615s] GC(1215)   Other: 0.1ms
[2024-04-09T00:22:34.976+0800][8385.615s] GC(1215) Eden regions: 305->0(305)
[2024-04-09T00:22:34.976+0800][8385.615s] GC(1215) Survivor regions: 2->2(39)
[2024-04-09T00:22:34.976+0800][8385.615s] GC(1215) Old regions: 74->74
[2024-04-09T00:22:34.976+0800][8385.615s] GC(1215) Humongous regions: 4->4
[2024-04-09T00:22:34.976+0800][8385.615s] GC(1215) Metaspace: 68541K(69120K)->68541K(69120K) NonClass: 60836K(61120K)->60836K(61120K) Class: 7705K(8000K)->7705K(8000K)
[2024-04-09T00:22:34.976+0800][8385.615s] GC(1215) Pause Young (Normal) (G1 Evacuation Pause) 384M->79M(512M) 2.143ms
[2024-04-09T00:22:34.976+0800][8385.615s] GC(1215) User=0.00s Sys=0.00s Real=0.00s
[2024-04-09T00:22:36.282+0800][8386.921s] GC(1216) Pause Young (Normal) (G1 Evacuation Pause)
[2024-04-09T00:22:36.282+0800][8386.921s] GC(1216) Using 13 workers of 13 for evacuation
[2024-04-09T00:22:36.283+0800][8386.923s] GC(1216)   Pre Evacuate Collection Set: 0.1ms
[2024-04-09T00:22:36.283+0800][8386.923s] GC(1216)   Merge Heap Roots: 0.1ms
[2024-04-09T00:22:36.283+0800][8386.923s] GC(1216)   Evacuate Collection Set: 1.3ms
[2024-04-09T00:22:36.283+0800][8386.923s] GC(1216)   Post Evacuate Collection Set: 0.3ms
[2024-04-09T00:22:36.283+0800][8386.923s] GC(1216)   Other: 0.1ms
[2024-04-09T00:22:36.284+0800][8386.923s] GC(1216) Eden regions: 305->0(305)
[2024-04-09T00:22:36.284+0800][8386.923s] GC(1216) Survivor regions: 2->2(39)
[2024-04-09T00:22:36.284+0800][8386.923s] GC(1216) Old regions: 74->75
[2024-04-09T00:22:36.284+0800][8386.923s] GC(1216) Humongous regions: 4->4
[2024-04-09T00:22:36.284+0800][8386.923s] GC(1216) Metaspace: 68541K(69120K)->68541K(69120K) NonClass: 60836K(61120K)->60836K(61120K) Class: 7705K(8000K)->7705K(8000K)
[2024-04-09T00:22:36.284+0800][8386.923s] GC(1216) Pause Young (Normal) (G1 Evacuation Pause) 384M->79M(512M) 2.101ms
[2024-04-09T00:22:36.284+0800][8386.923s] GC(1216) User=0.00s Sys=0.00s Real=0.00s
[2024-04-09T00:22:37.498+0800][8388.137s] GC(1217) Pause Young (Normal) (G1 Evacuation Pause)
[2024-04-09T00:22:37.498+0800][8388.137s] GC(1217) Using 13 workers of 13 for evacuation
[2024-04-09T00:22:37.501+0800][8388.140s] GC(1217)   Pre Evacuate Collection Set: 0.2ms
[2024-04-09T00:22:37.501+0800][8388.140s] GC(1217)   Merge Heap Roots: 0.1ms
[2024-04-09T00:22:37.501+0800][8388.140s] GC(1217)   Evacuate Collection Set: 2.1ms
[2024-04-09T00:22:37.501+0800][8388.140s] GC(1217)   Post Evacuate Collection Set: 0.3ms
[2024-04-09T00:22:37.501+0800][8388.140s] GC(1217)   Other: 0.1ms
[2024-04-09T00:22:37.501+0800][8388.140s] GC(1217) Eden regions: 305->0(305)
[2024-04-09T00:22:37.501+0800][8388.140s] GC(1217) Survivor regions: 2->2(39)
[2024-04-09T00:22:37.501+0800][8388.140s] GC(1217) Old regions: 75->75
[2024-04-09T00:22:37.501+0800][8388.140s] GC(1217) Humongous regions: 4->4
[2024-04-09T00:22:37.501+0800][8388.140s] GC(1217) Metaspace: 68541K(69120K)->68541K(69120K) NonClass: 60836K(61120K)->60836K(61120K) Class: 7705K(8000K)->7705K(8000K)
[2024-04-09T00:22:37.501+0800][8388.140s] GC(1217) Pause Young (Normal) (G1 Evacuation Pause) 384M->79M(512M) 3.201ms
[2024-04-09T00:22:37.501+0800][8388.140s] GC(1217) User=0.00s Sys=0.00s Real=0.00s
[2024-04-09T00:22:38.693+0800][8389.333s] GC(1218) Pause Young (Normal) (G1 Evacuation Pause)
[2024-04-09T00:22:38.693+0800][8389.333s] GC(1218) Using 13 workers of 13 for evacuation
[2024-04-09T00:22:38.695+0800][8389.334s] GC(1218)   Pre Evacuate Collection Set: 0.1ms
[2024-04-09T00:22:38.695+0800][8389.334s] GC(1218)   Merge Heap Roots: 0.1ms
[2024-04-09T00:22:38.695+0800][8389.334s] GC(1218)   Evacuate Collection Set: 1.2ms
[2024-04-09T00:22:38.695+0800][8389.334s] GC(1218)   Post Evacuate Collection Set: 0.3ms
[2024-04-09T00:22:38.695+0800][8389.335s] GC(1218)   Other: 0.1ms
[2024-04-09T00:22:38.695+0800][8389.335s] GC(1218) Eden regions: 305->0(305)
[2024-04-09T00:22:38.695+0800][8389.335s] GC(1218) Survivor regions: 2->2(39)
[2024-04-09T00:22:38.695+0800][8389.335s] GC(1218) Old regions: 75->75
[2024-04-09T00:22:38.695+0800][8389.335s] GC(1218) Humongous regions: 4->4
[2024-04-09T00:22:38.695+0800][8389.335s] GC(1218) Metaspace: 68541K(69120K)->68541K(69120K) NonClass: 60836K(61120K)->60836K(61120K) Class: 7705K(8000K)->7705K(8000K)
[2024-04-09T00:22:38.695+0800][8389.335s] GC(1218) Pause Young (Normal) (G1 Evacuation Pause) 384M->79M(512M) 1.909ms
[2024-04-09T00:22:38.695+0800][8389.335s] GC(1218) User=0.00s Sys=0.00s Real=0.00s
[2024-04-09T00:22:39.949+0800][8390.589s] GC(1219) Pause Young (Normal) (G1 Evacuation Pause)
[2024-04-09T00:22:39.949+0800][8390.589s] GC(1219) Using 13 workers of 13 for evacuation
[2024-04-09T00:22:39.951+0800][8390.591s] GC(1219)   Pre Evacuate Collection Set: 0.1ms
[2024-04-09T00:22:39.951+0800][8390.591s] GC(1219)   Merge Heap Roots: 0.1ms
[2024-04-09T00:22:39.951+0800][8390.591s] GC(1219)   Evacuate Collection Set: 1.3ms
[2024-04-09T00:22:39.951+0800][8390.591s] GC(1219)   Post Evacuate Collection Set: 0.4ms
[2024-04-09T00:22:39.951+0800][8390.591s] GC(1219)   Other: 0.1ms
[2024-04-09T00:22:39.951+0800][8390.591s] GC(1219) Eden regions: 305->0(305)
[2024-04-09T00:22:39.951+0800][8390.591s] GC(1219) Survivor regions: 2->2(39)
[2024-04-09T00:22:39.951+0800][8390.591s] GC(1219) Old regions: 75->75
[2024-04-09T00:22:39.951+0800][8390.591s] GC(1219) Humongous regions: 4->4
[2024-04-09T00:22:39.951+0800][8390.591s] GC(1219) Metaspace: 68541K(69120K)->68541K(69120K) NonClass: 60836K(61120K)->60836K(61120K) Class: 7705K(8000K)->7705K(8000K)
[2024-04-09T00:22:39.951+0800][8390.591s] GC(1219) Pause Young (Normal) (G1 Evacuation Pause) 384M->79M(512M) 2.163ms
[2024-04-09T00:22:39.951+0800][8390.591s] GC(1219) User=0.00s Sys=0.00s Real=0.00s
[2024-04-09T00:22:41.180+0800][8391.820s] GC(1220) Pause Young (Normal) (G1 Evacuation Pause)
[2024-04-09T00:22:41.180+0800][8391.820s] GC(1220) Using 13 workers of 13 for evacuation
[2024-04-09T00:22:41.182+0800][8391.822s] GC(1220)   Pre Evacuate Collection Set: 0.1ms
[2024-04-09T00:22:41.182+0800][8391.822s] GC(1220)   Merge Heap Roots: 0.1ms
[2024-04-09T00:22:41.182+0800][8391.822s] GC(1220)   Evacuate Collection Set: 1.4ms
[2024-04-09T00:22:41.182+0800][8391.822s] GC(1220)   Post Evacuate Collection Set: 0.3ms
[2024-04-09T00:22:41.182+0800][8391.822s] GC(1220)   Other: 0.1ms
[2024-04-09T00:22:41.182+0800][8391.822s] GC(1220) Eden regions: 305->0(305)
[2024-04-09T00:22:41.182+0800][8391.822s] GC(1220) Survivor regions: 2->2(39)
[2024-04-09T00:22:41.182+0800][8391.822s] GC(1220) Old regions: 75->75
[2024-04-09T00:22:41.182+0800][8391.822s] GC(1220) Humongous regions: 4->4
[2024-04-09T00:22:41.182+0800][8391.822s] GC(1220) Metaspace: 68541K(69120K)->68541K(69120K) NonClass: 60836K(61120K)->60836K(61120K) Class: 7705K(8000K)->7705K(8000K)
[2024-04-09T00:22:41.182+0800][8391.822s] GC(1220) Pause Young (Normal) (G1 Evacuation Pause) 384M->79M(512M) 2.234ms
[2024-04-09T00:22:41.182+0800][8391.822s] GC(1220) User=0.03s Sys=0.00s Real=0.00s
[2024-04-09T00:22:42.428+0800][8393.067s] GC(1221) Pause Young (Normal) (G1 Evacuation Pause)
[2024-04-09T00:22:42.428+0800][8393.067s] GC(1221) Using 13 workers of 13 for evacuation
[2024-04-09T00:22:42.430+0800][8393.069s] GC(1221)   Pre Evacuate Collection Set: 0.1ms
[2024-04-09T00:22:42.430+0800][8393.069s] GC(1221)   Merge Heap Roots: 0.1ms
[2024-04-09T00:22:42.430+0800][8393.069s] GC(1221)   Evacuate Collection Set: 1.3ms
[2024-04-09T00:22:42.430+0800][8393.069s] GC(1221)   Post Evacuate Collection Set: 0.4ms
[2024-04-09T00:22:42.430+0800][8393.069s] GC(1221)   Other: 0.1ms
[2024-04-09T00:22:42.430+0800][8393.069s] GC(1221) Eden regions: 305->0(305)
[2024-04-09T00:22:42.430+0800][8393.069s] GC(1221) Survivor regions: 2->2(39)
[2024-04-09T00:22:42.430+0800][8393.069s] GC(1221) Old regions: 75->75
[2024-04-09T00:22:42.430+0800][8393.069s] GC(1221) Humongous regions: 4->4
[2024-04-09T00:22:42.430+0800][8393.069s] GC(1221) Metaspace: 68541K(69120K)->68541K(69120K) NonClass: 60836K(61120K)->60836K(61120K) Class: 7705K(8000K)->7705K(8000K)
[2024-04-09T00:22:42.430+0800][8393.069s] GC(1221) Pause Young (Normal) (G1 Evacuation Pause) 384M->79M(512M) 2.233ms
[2024-04-09T00:22:42.430+0800][8393.069s] GC(1221) User=0.00s Sys=0.00s Real=0.00s
[2024-04-09T00:22:43.629+0800][8394.269s] GC(1222) Pause Young (Normal) (G1 Evacuation Pause)
[2024-04-09T00:22:43.629+0800][8394.269s] GC(1222) Using 13 workers of 13 for evacuation
[2024-04-09T00:22:43.632+0800][8394.272s] GC(1222)   Pre Evacuate Collection Set: 0.1ms
[2024-04-09T00:22:43.632+0800][8394.272s] GC(1222)   Merge Heap Roots: 0.1ms
[2024-04-09T00:22:43.632+0800][8394.272s] GC(1222)   Evacuate Collection Set: 2.2ms
[2024-04-09T00:22:43.632+0800][8394.272s] GC(1222)   Post Evacuate Collection Set: 0.5ms
[2024-04-09T00:22:43.632+0800][8394.272s] GC(1222)   Other: 0.1ms
[2024-04-09T00:22:43.632+0800][8394.272s] GC(1222) Eden regions: 305->0(305)
[2024-04-09T00:22:43.632+0800][8394.272s] GC(1222) Survivor regions: 2->2(39)
[2024-04-09T00:22:43.632+0800][8394.272s] GC(1222) Old regions: 75->75
[2024-04-09T00:22:43.632+0800][8394.272s] GC(1222) Humongous regions: 4->4
[2024-04-09T00:22:43.632+0800][8394.272s] GC(1222) Metaspace: 68541K(69120K)->68541K(69120K) NonClass: 60836K(61120K)->60836K(61120K) Class: 7705K(8000K)->7705K(8000K)
[2024-04-09T00:22:43.632+0800][8394.272s] GC(1222) Pause Young (Normal) (G1 Evacuation Pause) 384M->79M(512M) 3.215ms
[2024-04-09T00:22:43.632+0800][8394.272s] GC(1222) User=0.00s Sys=0.00s Real=0.00s
[2024-04-09T00:22:44.829+0800][8395.468s] GC(1223) Pause Young (Normal) (G1 Evacuation Pause)
[2024-04-09T00:22:44.829+0800][8395.468s] GC(1223) Using 13 workers of 13 for evacuation
[2024-04-09T00:22:44.831+0800][8395.470s] GC(1223)   Pre Evacuate Collection Set: 0.1ms
[2024-04-09T00:22:44.831+0800][8395.470s] GC(1223)   Merge Heap Roots: 0.1ms
[2024-04-09T00:22:44.831+0800][8395.470s] GC(1223)   Evacuate Collection Set: 1.5ms
[2024-04-09T00:22:44.831+0800][8395.470s] GC(1223)   Post Evacuate Collection Set: 0.4ms
[2024-04-09T00:22:44.831+0800][8395.470s] GC(1223)   Other: 0.1ms
[2024-04-09T00:22:44.831+0800][8395.470s] GC(1223) Eden regions: 305->0(305)
[2024-04-09T00:22:44.831+0800][8395.470s] GC(1223) Survivor regions: 2->2(39)
[2024-04-09T00:22:44.831+0800][8395.470s] GC(1223) Old regions: 75->75
[2024-04-09T00:22:44.831+0800][8395.470s] GC(1223) Humongous regions: 4->4
[2024-04-09T00:22:44.831+0800][8395.470s] GC(1223) Metaspace: 68541K(69120K)->68541K(69120K) NonClass: 60836K(61120K)->60836K(61120K) Class: 7705K(8000K)->7705K(8000K)
[2024-04-09T00:22:44.831+0800][8395.470s] GC(1223) Pause Young (Normal) (G1 Evacuation Pause) 384M->79M(512M) 2.347ms
[2024-04-09T00:22:44.831+0800][8395.470s] GC(1223) User=0.00s Sys=0.00s Real=0.00s
[2024-04-09T17:25:10.496+0800][69763.797s] GC(1224) Pause Young (Normal) (G1 Evacuation Pause)
[2024-04-09T17:25:10.497+0800][69763.798s] GC(1224) Using 13 workers of 13 for evacuation
[2024-04-09T17:25:10.506+0800][69763.807s] GC(1224)   Pre Evacuate Collection Set: 1.6ms
[2024-04-09T17:25:10.506+0800][69763.807s] GC(1224)   Merge Heap Roots: 0.7ms
[2024-04-09T17:25:10.506+0800][69763.807s] GC(1224)   Evacuate Collection Set: 5.4ms
[2024-04-09T17:25:10.506+0800][69763.807s] GC(1224)   Post Evacuate Collection Set: 1.3ms
[2024-04-09T17:25:10.506+0800][69763.807s] GC(1224)   Other: 0.7ms
[2024-04-09T17:25:10.506+0800][69763.807s] GC(1224) Eden regions: 305->0(304)
[2024-04-09T17:25:10.506+0800][69763.807s] GC(1224) Survivor regions: 2->3(39)
[2024-04-09T17:25:10.506+0800][69763.807s] GC(1224) Old regions: 75->75
[2024-04-09T17:25:10.507+0800][69763.807s] GC(1224) Humongous regions: 4->4
[2024-04-09T17:25:10.507+0800][69763.808s] GC(1224) Metaspace: 68562K(69184K)->68562K(69184K) NonClass: 60856K(61184K)->60856K(61184K) Class: 7706K(8000K)->7706K(8000K)
[2024-04-09T17:25:10.507+0800][69763.808s] GC(1224) Pause Young (Normal) (G1 Evacuation Pause) 384M->80M(512M) 10.601ms
[2024-04-09T17:25:10.507+0800][69763.808s] GC(1224) User=0.00s Sys=0.00s Real=0.01s
[2024-04-09T19:14:18.748+0800][76312.048s] GC(1225) Pause Young (Normal) (G1 Evacuation Pause)
[2024-04-09T19:14:18.752+0800][76312.052s] GC(1225) Using 13 workers of 13 for evacuation
[2024-04-09T19:14:18.782+0800][76312.082s] GC(1225)   Pre Evacuate Collection Set: 4.6ms
[2024-04-09T19:14:18.782+0800][76312.082s] GC(1225)   Merge Heap Roots: 1.4ms
[2024-04-09T19:14:18.782+0800][76312.082s] GC(1225)   Evacuate Collection Set: 17.6ms
[2024-04-09T19:14:18.782+0800][76312.082s] GC(1225)   Post Evacuate Collection Set: 4.5ms
[2024-04-09T19:14:18.782+0800][76312.082s] GC(1225)   Other: 2.8ms
[2024-04-09T19:14:18.782+0800][76312.082s] GC(1225) Eden regions: 304->0(303)
[2024-04-09T19:14:18.782+0800][76312.082s] GC(1225) Survivor regions: 3->4(39)
[2024-04-09T19:14:18.782+0800][76312.082s] GC(1225) Old regions: 75->75
[2024-04-09T19:14:18.782+0800][76312.082s] GC(1225) Humongous regions: 5->4
[2024-04-09T19:14:18.782+0800][76312.082s] GC(1225) Metaspace: 69554K(70144K)->69554K(70144K) NonClass: 61809K(62144K)->61809K(62144K) Class: 7745K(8000K)->7745K(8000K)
[2024-04-09T19:14:18.782+0800][76312.083s] GC(1225) Pause Young (Normal) (G1 Evacuation Pause) 385M->82M(512M) 34.939ms
[2024-04-09T19:14:18.782+0800][76312.083s] GC(1225) User=0.00s Sys=0.06s Real=0.04s
[2024-04-09T20:39:39.380+0800][81432.681s] GC(1226) Pause Young (Normal) (G1 Evacuation Pause)
[2024-04-09T20:39:39.381+0800][81432.682s] GC(1226) Using 13 workers of 13 for evacuation
[2024-04-09T20:39:39.393+0800][81432.693s] GC(1226)   Pre Evacuate Collection Set: 0.9ms
[2024-04-09T20:39:39.393+0800][81432.693s] GC(1226)   Merge Heap Roots: 0.3ms
[2024-04-09T20:39:39.393+0800][81432.693s] GC(1226)   Evacuate Collection Set: 8.4ms
[2024-04-09T20:39:39.393+0800][81432.693s] GC(1226)   Post Evacuate Collection Set: 1.4ms
[2024-04-09T20:39:39.393+0800][81432.693s] GC(1226)   Other: 0.3ms
[2024-04-09T20:39:39.393+0800][81432.694s] GC(1226) Eden regions: 303->0(302)
[2024-04-09T20:39:39.393+0800][81432.694s] GC(1226) Survivor regions: 4->5(39)
[2024-04-09T20:39:39.393+0800][81432.694s] GC(1226) Old regions: 75->75
[2024-04-09T20:39:39.393+0800][81432.694s] GC(1226) Humongous regions: 4->4
[2024-04-09T20:39:39.393+0800][81432.694s] GC(1226) Metaspace: 69589K(70144K)->69589K(70144K) NonClass: 61844K(62144K)->61844K(62144K) Class: 7745K(8000K)->7745K(8000K)
[2024-04-09T20:39:39.393+0800][81432.694s] GC(1226) Pause Young (Normal) (G1 Evacuation Pause) 385M->82M(512M) 12.925ms
[2024-04-09T20:39:39.393+0800][81432.694s] GC(1226) User=0.02s Sys=0.16s Real=0.01s
[2024-04-10T15:06:02.577+0800][147925.807s] GC(1227) Pause Young (Normal) (G1 Evacuation Pause)
[2024-04-10T15:06:02.580+0800][147925.809s] GC(1227) Using 13 workers of 13 for evacuation
[2024-04-10T15:06:02.614+0800][147925.843s] GC(1227)   Pre Evacuate Collection Set: 3.0ms
[2024-04-10T15:06:02.614+0800][147925.843s] GC(1227)   Merge Heap Roots: 1.5ms
[2024-04-10T15:06:02.614+0800][147925.843s] GC(1227)   Evacuate Collection Set: 22.7ms
[2024-04-10T15:06:02.614+0800][147925.843s] GC(1227)   Post Evacuate Collection Set: 5.8ms
[2024-04-10T15:06:02.614+0800][147925.843s] GC(1227)   Other: 2.6ms
[2024-04-10T15:06:02.614+0800][147925.843s] GC(1227) Eden regions: 302->0(302)
[2024-04-10T15:06:02.614+0800][147925.843s] GC(1227) Survivor regions: 5->5(39)
[2024-04-10T15:06:02.614+0800][147925.844s] GC(1227) Old regions: 75->75
[2024-04-10T15:06:02.614+0800][147925.844s] GC(1227) Humongous regions: 4->4
[2024-04-10T15:06:02.614+0800][147925.844s] GC(1227) Metaspace: 69606K(70144K)->69606K(70144K) NonClass: 61859K(62144K)->61859K(62144K) Class: 7747K(8000K)->7747K(8000K)
[2024-04-10T15:06:02.614+0800][147925.844s] GC(1227) Pause Young (Normal) (G1 Evacuation Pause) 384M->82M(512M) 36.893ms
[2024-04-10T15:06:02.614+0800][147925.844s] GC(1227) User=0.00s Sys=0.19s Real=0.04s
[2024-04-11T23:07:22.192+0800][263407.130s] GC(1228) Pause Young (Normal) (G1 Evacuation Pause)
[2024-04-11T23:07:22.195+0800][263407.132s] GC(1228) Using 13 workers of 13 for evacuation
[2024-04-11T23:07:22.214+0800][263407.152s] GC(1228)   Pre Evacuate Collection Set: 2.4ms
[2024-04-11T23:07:22.214+0800][263407.152s] GC(1228)   Merge Heap Roots: 0.8ms
[2024-04-11T23:07:22.214+0800][263407.152s] GC(1228)   Evacuate Collection Set: 13.9ms
[2024-04-11T23:07:22.214+0800][263407.152s] GC(1228)   Post Evacuate Collection Set: 2.2ms
[2024-04-11T23:07:22.214+0800][263407.152s] GC(1228)   Other: 1.0ms
[2024-04-11T23:07:22.214+0800][263407.152s] GC(1228) Eden regions: 302->0(302)
[2024-04-11T23:07:22.214+0800][263407.152s] GC(1228) Survivor regions: 5->5(39)
[2024-04-11T23:07:22.214+0800][263407.152s] GC(1228) Old regions: 75->75
[2024-04-11T23:07:22.215+0800][263407.152s] GC(1228) Humongous regions: 4->4
[2024-04-11T23:07:22.215+0800][263407.152s] GC(1228) Metaspace: 69616K(70144K)->69616K(70144K) NonClass: 61869K(62144K)->61869K(62144K) Class: 7747K(8000K)->7747K(8000K)
[2024-04-11T23:07:22.215+0800][263407.152s] GC(1228) Pause Young (Normal) (G1 Evacuation Pause) 384M->82M(512M) 22.131ms
[2024-04-11T23:07:22.215+0800][263407.152s] GC(1228) User=0.00s Sys=0.05s Real=0.02s
[2024-04-13T02:54:25.758+0800][363522.273s] GC(1229) Pause Young (Normal) (G1 Evacuation Pause)
[2024-04-13T02:54:25.759+0800][363522.274s] GC(1229) Using 13 workers of 13 for evacuation
[2024-04-13T02:54:25.775+0800][363522.291s] GC(1229)   Pre Evacuate Collection Set: 2.7ms
[2024-04-13T02:54:25.775+0800][363522.291s] GC(1229)   Merge Heap Roots: 0.7ms
[2024-04-13T02:54:25.775+0800][363522.291s] GC(1229)   Evacuate Collection Set: 10.7ms
[2024-04-13T02:54:25.775+0800][363522.291s] GC(1229)   Post Evacuate Collection Set: 2.2ms
[2024-04-13T02:54:25.775+0800][363522.291s] GC(1229)   Other: 0.7ms
[2024-04-13T02:54:25.775+0800][363522.291s] GC(1229) Eden regions: 302->0(303)
[2024-04-13T02:54:25.775+0800][363522.291s] GC(1229) Survivor regions: 5->4(39)
[2024-04-13T02:54:25.775+0800][363522.291s] GC(1229) Old regions: 75->75
[2024-04-13T02:54:25.775+0800][363522.291s] GC(1229) Humongous regions: 4->4
[2024-04-13T02:54:25.775+0800][363522.291s] GC(1229) Metaspace: 69731K(70272K)->69731K(70272K) NonClass: 61965K(62272K)->61965K(62272K) Class: 7765K(8000K)->7765K(8000K)
[2024-04-13T02:54:25.776+0800][363522.291s] GC(1229) Pause Young (Normal) (G1 Evacuation Pause) 384M->81M(512M) 17.970ms
[2024-04-13T02:54:25.776+0800][363522.291s] GC(1229) User=0.03s Sys=0.09s Real=0.02s
[2024-04-13T02:54:27.568+0800][363524.084s] GC(1230) Pause Young (Normal) (G1 Evacuation Pause)
[2024-04-13T02:54:27.568+0800][363524.084s] GC(1230) Using 13 workers of 13 for evacuation
[2024-04-13T02:54:27.573+0800][363524.089s] GC(1230)   Pre Evacuate Collection Set: 0.3ms
[2024-04-13T02:54:27.573+0800][363524.089s] GC(1230)   Merge Heap Roots: 0.1ms
[2024-04-13T02:54:27.573+0800][363524.089s] GC(1230)   Evacuate Collection Set: 3.8ms
[2024-04-13T02:54:27.573+0800][363524.089s] GC(1230)   Post Evacuate Collection Set: 0.7ms
[2024-04-13T02:54:27.574+0800][363524.089s] GC(1230)   Other: 0.1ms
[2024-04-13T02:54:27.574+0800][363524.089s] GC(1230) Eden regions: 303->0(304)
[2024-04-13T02:54:27.574+0800][363524.089s] GC(1230) Survivor regions: 4->3(39)
[2024-04-13T02:54:27.574+0800][363524.089s] GC(1230) Old regions: 75->75
[2024-04-13T02:54:27.574+0800][363524.089s] GC(1230) Humongous regions: 4->4
[2024-04-13T02:54:27.574+0800][363524.089s] GC(1230) Metaspace: 69731K(70272K)->69731K(70272K) NonClass: 61965K(62272K)->61965K(62272K) Class: 7765K(8000K)->7765K(8000K)
[2024-04-13T02:54:27.574+0800][363524.089s] GC(1230) Pause Young (Normal) (G1 Evacuation Pause) 384M->81M(512M) 5.218ms
[2024-04-13T02:54:27.574+0800][363524.089s] GC(1230) User=0.00s Sys=0.00s Real=0.01s
[2024-04-13T02:54:27.851+0800][363524.367s] GC(1231) Pause Young (Concurrent Start) (CodeCache GC Threshold)
[2024-04-13T02:54:27.851+0800][363524.367s] GC(1231) Using 13 workers of 13 for evacuation
[2024-04-13T02:54:27.881+0800][363524.396s] GC(1231)   Pre Evacuate Collection Set: 1.9ms
[2024-04-13T02:54:27.881+0800][363524.396s] GC(1231)   Merge Heap Roots: 0.1ms
[2024-04-13T02:54:27.881+0800][363524.396s] GC(1231)   Evacuate Collection Set: 26.7ms
[2024-04-13T02:54:27.881+0800][363524.396s] GC(1231)   Post Evacuate Collection Set: 0.7ms
[2024-04-13T02:54:27.881+0800][363524.396s] GC(1231)   Other: 0.2ms
[2024-04-13T02:54:27.881+0800][363524.396s] GC(1231) Eden regions: 73->0(304)
[2024-04-13T02:54:27.881+0800][363524.396s] GC(1231) Survivor regions: 3->3(39)
[2024-04-13T02:54:27.881+0800][363524.396s] GC(1231) Old regions: 75->75
[2024-04-13T02:54:27.881+0800][363524.396s] GC(1231) Humongous regions: 4->4
[2024-04-13T02:54:27.881+0800][363524.397s] GC(1231) Metaspace: 69731K(70272K)->69731K(70272K) NonClass: 61965K(62272K)->61965K(62272K) Class: 7765K(8000K)->7765K(8000K)
[2024-04-13T02:54:27.881+0800][363524.397s] GC(1231) Pause Young (Concurrent Start) (CodeCache GC Threshold) 153M->80M(512M) 29.800ms
[2024-04-13T02:54:27.881+0800][363524.397s] GC(1231) User=0.03s Sys=0.02s Real=0.03s
[2024-04-13T02:54:27.882+0800][363524.397s] GC(1232) Concurrent Mark Cycle
[2024-04-13T02:54:27.882+0800][363524.397s] GC(1232) Concurrent Scan Root Regions
[2024-04-13T02:54:27.904+0800][363524.419s] GC(1232) Concurrent Scan Root Regions 22.024ms
[2024-04-13T02:54:27.904+0800][363524.419s] GC(1232) Concurrent Mark
[2024-04-13T02:54:27.904+0800][363524.419s] GC(1232) Concurrent Mark From Roots
[2024-04-13T02:54:27.904+0800][363524.419s] GC(1232) Using 3 workers of 3 for marking
[2024-04-13T02:54:27.984+0800][363524.500s] GC(1232) Concurrent Mark From Roots 80.256ms
[2024-04-13T02:54:27.984+0800][363524.500s] GC(1232) Concurrent Preclean
[2024-04-13T02:54:27.984+0800][363524.500s] GC(1232) Concurrent Preclean 0.180ms
[2024-04-13T02:54:27.984+0800][363524.500s] GC(1232) Pause Remark
[2024-04-13T02:54:28.219+0800][363524.735s] GC(1232) Pause Remark 92M->88M(512M) 234.919ms
[2024-04-13T02:54:28.219+0800][363524.735s] GC(1232) User=0.09s Sys=0.59s Real=0.24s
[2024-04-13T02:54:28.220+0800][363524.735s] GC(1232) Concurrent Mark 315.861ms
[2024-04-13T02:54:28.220+0800][363524.735s] GC(1232) Concurrent Rebuild Remembered Sets and Scrub Regions
[2024-04-13T02:54:28.273+0800][363524.789s] GC(1232) Concurrent Rebuild Remembered Sets and Scrub Regions 53.529ms
[2024-04-13T02:54:28.273+0800][363524.789s] GC(1232) Pause Cleanup
[2024-04-13T02:54:28.273+0800][363524.789s] GC(1232) Pause Cleanup 96M->96M(512M) 0.192ms
[2024-04-13T02:54:28.274+0800][363524.789s] GC(1232) User=0.00s Sys=0.00s Real=0.00s
[2024-04-13T02:54:28.274+0800][363524.789s] GC(1232) Concurrent Clear Claimed Marks
[2024-04-13T02:54:28.274+0800][363524.789s] GC(1232) Concurrent Clear Claimed Marks 0.048ms
[2024-04-13T02:54:28.274+0800][363524.789s] GC(1232) Concurrent Cleanup for Next Mark
[2024-04-13T02:54:28.276+0800][363524.791s] GC(1232) Concurrent Cleanup for Next Mark 2.049ms
[2024-04-13T02:54:28.276+0800][363524.791s] GC(1232) Concurrent Mark Cycle 394.172ms
[2024-04-13T02:54:29.462+0800][363525.978s] GC(1233) Pause Young (Prepare Mixed) (G1 Evacuation Pause)
[2024-04-13T02:54:29.462+0800][363525.978s] GC(1233) Using 13 workers of 13 for evacuation
[2024-04-13T02:54:29.465+0800][363525.981s] GC(1233)   Pre Evacuate Collection Set: 0.2ms
[2024-04-13T02:54:29.465+0800][363525.981s] GC(1233)   Merge Heap Roots: 0.1ms
[2024-04-13T02:54:29.466+0800][363525.981s] GC(1233)   Evacuate Collection Set: 2.2ms
[2024-04-13T02:54:29.466+0800][363525.981s] GC(1233)   Post Evacuate Collection Set: 0.6ms
[2024-04-13T02:54:29.466+0800][363525.981s] GC(1233)   Other: 0.1ms
[2024-04-13T02:54:29.466+0800][363525.981s] GC(1233) Eden regions: 304->0(304)
[2024-04-13T02:54:29.466+0800][363525.981s] GC(1233) Survivor regions: 3->3(39)
[2024-04-13T02:54:29.466+0800][363525.981s] GC(1233) Old regions: 71->71
[2024-04-13T02:54:29.466+0800][363525.981s] GC(1233) Humongous regions: 4->4
[2024-04-13T02:54:29.466+0800][363525.981s] GC(1233) Metaspace: 69652K(70272K)->69652K(70272K) NonClass: 61908K(62272K)->61908K(62272K) Class: 7743K(8000K)->7743K(8000K)
[2024-04-13T02:54:29.466+0800][363525.981s] GC(1233) Pause Young (Prepare Mixed) (G1 Evacuation Pause) 380M->77M(512M) 3.405ms
[2024-04-13T02:54:29.466+0800][363525.981s] GC(1233) User=0.00s Sys=0.00s Real=0.00s
[2024-04-13T02:54:30.677+0800][363527.193s] GC(1234) Pause Young (Mixed) (G1 Evacuation Pause)
[2024-04-13T02:54:30.677+0800][363527.193s] GC(1234) Using 13 workers of 13 for evacuation
[2024-04-13T02:54:30.682+0800][363527.197s] GC(1234)   Pre Evacuate Collection Set: 0.3ms
[2024-04-13T02:54:30.682+0800][363527.197s] GC(1234)   Merge Heap Roots: 0.1ms
[2024-04-13T02:54:30.682+0800][363527.197s] GC(1234)   Evacuate Collection Set: 3.0ms
[2024-04-13T02:54:30.682+0800][363527.197s] GC(1234)   Post Evacuate Collection Set: 0.7ms
[2024-04-13T02:54:30.682+0800][363527.197s] GC(1234)   Other: 0.1ms
[2024-04-13T02:54:30.682+0800][363527.197s] GC(1234) Eden regions: 304->0(304)
[2024-04-13T02:54:30.682+0800][363527.197s] GC(1234) Survivor regions: 3->3(39)
[2024-04-13T02:54:30.682+0800][363527.197s] GC(1234) Old regions: 71->66
[2024-04-13T02:54:30.682+0800][363527.197s] GC(1234) Humongous regions: 4->4
[2024-04-13T02:54:30.682+0800][363527.197s] GC(1234) Metaspace: 69652K(70272K)->69652K(70272K) NonClass: 61908K(62272K)->61908K(62272K) Class: 7743K(8000K)->7743K(8000K)
[2024-04-13T02:54:30.682+0800][363527.197s] GC(1234) Pause Young (Mixed) (G1 Evacuation Pause) 381M->72M(512M) 4.403ms
[2024-04-13T02:54:30.682+0800][363527.197s] GC(1234) User=0.00s Sys=0.00s Real=0.00s
[2024-04-13T02:54:31.905+0800][363528.421s] GC(1235) Pause Young (Normal) (G1 Evacuation Pause)
[2024-04-13T02:54:31.905+0800][363528.421s] GC(1235) Using 13 workers of 13 for evacuation
[2024-04-13T02:54:31.910+0800][363528.425s] GC(1235)   Pre Evacuate Collection Set: 0.2ms
[2024-04-13T02:54:31.910+0800][363528.426s] GC(1235)   Merge Heap Roots: 0.1ms
[2024-04-13T02:54:31.910+0800][363528.426s] GC(1235)   Evacuate Collection Set: 3.4ms
[2024-04-13T02:54:31.910+0800][363528.426s] GC(1235)   Post Evacuate Collection Set: 0.6ms
[2024-04-13T02:54:31.910+0800][363528.426s] GC(1235)   Other: 0.1ms
[2024-04-13T02:54:31.910+0800][363528.426s] GC(1235) Eden regions: 304->0(304)
[2024-04-13T02:54:31.910+0800][363528.426s] GC(1235) Survivor regions: 3->3(39)
[2024-04-13T02:54:31.910+0800][363528.426s] GC(1235) Old regions: 66->66
[2024-04-13T02:54:31.910+0800][363528.426s] GC(1235) Humongous regions: 4->4
[2024-04-13T02:54:31.910+0800][363528.426s] GC(1235) Metaspace: 69652K(70272K)->69652K(70272K) NonClass: 61909K(62272K)->61909K(62272K) Class: 7743K(8000K)->7743K(8000K)
[2024-04-13T02:54:31.910+0800][363528.426s] GC(1235) Pause Young (Normal) (G1 Evacuation Pause) 376M->71M(512M) 4.618ms
[2024-04-13T02:54:31.910+0800][363528.426s] GC(1235) User=0.05s Sys=0.00s Real=0.01s
[2024-04-13T02:54:33.223+0800][363529.739s] GC(1236) Pause Young (Normal) (G1 Evacuation Pause)
[2024-04-13T02:54:33.223+0800][363529.739s] GC(1236) Using 13 workers of 13 for evacuation
[2024-04-13T02:54:33.226+0800][363529.742s] GC(1236)   Pre Evacuate Collection Set: 0.2ms
[2024-04-13T02:54:33.226+0800][363529.742s] GC(1236)   Merge Heap Roots: 0.1ms
[2024-04-13T02:54:33.226+0800][363529.742s] GC(1236)   Evacuate Collection Set: 2.1ms
[2024-04-13T02:54:33.226+0800][363529.742s] GC(1236)   Post Evacuate Collection Set: 0.6ms
[2024-04-13T02:54:33.226+0800][363529.742s] GC(1236)   Other: 0.1ms
[2024-04-13T02:54:33.226+0800][363529.742s] GC(1236) Eden regions: 304->0(304)
[2024-04-13T02:54:33.226+0800][363529.742s] GC(1236) Survivor regions: 3->3(39)
[2024-04-13T02:54:33.226+0800][363529.742s] GC(1236) Old regions: 66->66
[2024-04-13T02:54:33.226+0800][363529.742s] GC(1236) Humongous regions: 4->4
[2024-04-13T02:54:33.226+0800][363529.742s] GC(1236) Metaspace: 69652K(70272K)->69652K(70272K) NonClass: 61909K(62272K)->61909K(62272K) Class: 7743K(8000K)->7743K(8000K)
[2024-04-13T02:54:33.226+0800][363529.742s] GC(1236) Pause Young (Normal) (G1 Evacuation Pause) 375M->72M(512M) 3.341ms
[2024-04-13T02:54:33.226+0800][363529.742s] GC(1236) User=0.00s Sys=0.00s Real=0.00s
[2024-04-13T02:54:34.507+0800][363531.023s] GC(1237) Pause Young (Normal) (G1 Evacuation Pause)
[2024-04-13T02:54:34.507+0800][363531.023s] GC(1237) Using 13 workers of 13 for evacuation
[2024-04-13T02:54:34.510+0800][363531.026s] GC(1237)   Pre Evacuate Collection Set: 0.2ms
[2024-04-13T02:54:34.510+0800][363531.026s] GC(1237)   Merge Heap Roots: 0.1ms
[2024-04-13T02:54:34.510+0800][363531.026s] GC(1237)   Evacuate Collection Set: 2.4ms
[2024-04-13T02:54:34.510+0800][363531.026s] GC(1237)   Post Evacuate Collection Set: 0.5ms
[2024-04-13T02:54:34.510+0800][363531.026s] GC(1237)   Other: 0.1ms
[2024-04-13T02:54:34.510+0800][363531.026s] GC(1237) Eden regions: 304->0(304)
[2024-04-13T02:54:34.511+0800][363531.026s] GC(1237) Survivor regions: 3->3(39)
[2024-04-13T02:54:34.511+0800][363531.026s] GC(1237) Old regions: 66->66
[2024-04-13T02:54:34.511+0800][363531.026s] GC(1237) Humongous regions: 4->4
[2024-04-13T02:54:34.511+0800][363531.026s] GC(1237) Metaspace: 69652K(70272K)->69652K(70272K) NonClass: 61909K(62272K)->61909K(62272K) Class: 7743K(8000K)->7743K(8000K)
[2024-04-13T02:54:34.511+0800][363531.027s] GC(1237) Pause Young (Normal) (G1 Evacuation Pause) 376M->71M(512M) 3.537ms
[2024-04-13T02:54:34.511+0800][363531.027s] GC(1237) User=0.00s Sys=0.00s Real=0.00s
[2024-04-13T02:54:35.748+0800][363532.264s] GC(1238) Pause Young (Normal) (G1 Evacuation Pause)
[2024-04-13T02:54:35.748+0800][363532.264s] GC(1238) Using 13 workers of 13 for evacuation
[2024-04-13T02:54:35.751+0800][363532.268s] GC(1238)   Pre Evacuate Collection Set: 0.2ms
[2024-04-13T02:54:35.751+0800][363532.268s] GC(1238)   Merge Heap Roots: 0.2ms
[2024-04-13T02:54:35.751+0800][363532.268s] GC(1238)   Evacuate Collection Set: 2.3ms
[2024-04-13T02:54:35.751+0800][363532.268s] GC(1238)   Post Evacuate Collection Set: 0.7ms
[2024-04-13T02:54:35.752+0800][363532.268s] GC(1238)   Other: 0.1ms
[2024-04-13T02:54:35.752+0800][363532.268s] GC(1238) Eden regions: 304->0(304)
[2024-04-13T02:54:35.752+0800][363532.268s] GC(1238) Survivor regions: 3->3(39)
[2024-04-13T02:54:35.752+0800][363532.268s] GC(1238) Old regions: 66->66
[2024-04-13T02:54:35.752+0800][363532.268s] GC(1238) Humongous regions: 4->4
[2024-04-13T02:54:35.752+0800][363532.268s] GC(1238) Metaspace: 69652K(70272K)->69652K(70272K) NonClass: 61909K(62272K)->61909K(62272K) Class: 7743K(8000K)->7743K(8000K)
[2024-04-13T02:54:35.752+0800][363532.268s] GC(1238) Pause Young (Normal) (G1 Evacuation Pause) 375M->71M(512M) 3.697ms
[2024-04-13T02:54:35.752+0800][363532.268s] GC(1238) User=0.00s Sys=0.00s Real=0.00s
[2024-04-13T02:54:36.943+0800][363533.459s] GC(1239) Pause Young (Normal) (G1 Evacuation Pause)
[2024-04-13T02:54:36.943+0800][363533.459s] GC(1239) Using 13 workers of 13 for evacuation
[2024-04-13T02:54:36.946+0800][363533.462s] GC(1239)   Pre Evacuate Collection Set: 0.2ms
[2024-04-13T02:54:36.946+0800][363533.462s] GC(1239)   Merge Heap Roots: 0.1ms
[2024-04-13T02:54:36.946+0800][363533.462s] GC(1239)   Evacuate Collection Set: 2.1ms
[2024-04-13T02:54:36.946+0800][363533.462s] GC(1239)   Post Evacuate Collection Set: 0.6ms
[2024-04-13T02:54:36.946+0800][363533.462s] GC(1239)   Other: 0.1ms
[2024-04-13T02:54:36.946+0800][363533.462s] GC(1239) Eden regions: 304->0(304)
[2024-04-13T02:54:36.946+0800][363533.462s] GC(1239) Survivor regions: 3->3(39)
[2024-04-13T02:54:36.946+0800][363533.462s] GC(1239) Old regions: 66->66
[2024-04-13T02:54:36.946+0800][363533.462s] GC(1239) Humongous regions: 4->4
[2024-04-13T02:54:36.946+0800][363533.462s] GC(1239) Metaspace: 69652K(70272K)->69652K(70272K) NonClass: 61909K(62272K)->61909K(62272K) Class: 7743K(8000K)->7743K(8000K)
[2024-04-13T02:54:36.946+0800][363533.462s] GC(1239) Pause Young (Normal) (G1 Evacuation Pause) 375M->71M(512M) 3.232ms
[2024-04-13T02:54:36.946+0800][363533.462s] GC(1239) User=0.00s Sys=0.00s Real=0.00s
[2024-04-13T02:54:38.154+0800][363534.670s] GC(1240) Pause Young (Normal) (G1 Evacuation Pause)
[2024-04-13T02:54:38.154+0800][363534.670s] GC(1240) Using 13 workers of 13 for evacuation
[2024-04-13T02:54:38.158+0800][363534.674s] GC(1240)   Pre Evacuate Collection Set: 0.2ms
[2024-04-13T02:54:38.158+0800][363534.674s] GC(1240)   Merge Heap Roots: 0.1ms
[2024-04-13T02:54:38.158+0800][363534.674s] GC(1240)   Evacuate Collection Set: 2.9ms
[2024-04-13T02:54:38.159+0800][363534.674s] GC(1240)   Post Evacuate Collection Set: 0.6ms
[2024-04-13T02:54:38.159+0800][363534.675s] GC(1240)   Other: 0.1ms
[2024-04-13T02:54:38.159+0800][363534.675s] GC(1240) Eden regions: 304->0(304)
[2024-04-13T02:54:38.159+0800][363534.675s] GC(1240) Survivor regions: 3->3(39)
[2024-04-13T02:54:38.159+0800][363534.675s] GC(1240) Old regions: 66->66
[2024-04-13T02:54:38.159+0800][363534.675s] GC(1240) Humongous regions: 4->4
[2024-04-13T02:54:38.159+0800][363534.675s] GC(1240) Metaspace: 69652K(70272K)->69652K(70272K) NonClass: 61909K(62272K)->61909K(62272K) Class: 7743K(8000K)->7743K(8000K)
[2024-04-13T02:54:38.159+0800][363534.675s] GC(1240) Pause Young (Normal) (G1 Evacuation Pause) 375M->72M(512M) 4.307ms
[2024-04-13T02:54:38.159+0800][363534.675s] GC(1240) User=0.00s Sys=0.00s Real=0.00s
[2024-04-13T02:54:39.440+0800][363535.955s] GC(1241) Pause Young (Normal) (G1 Evacuation Pause)
[2024-04-13T02:54:39.440+0800][363535.955s] GC(1241) Using 13 workers of 13 for evacuation
[2024-04-13T02:54:39.443+0800][363535.959s] GC(1241)   Pre Evacuate Collection Set: 0.2ms
[2024-04-13T02:54:39.443+0800][363535.959s] GC(1241)   Merge Heap Roots: 0.1ms
[2024-04-13T02:54:39.443+0800][363535.959s] GC(1241)   Evacuate Collection Set: 2.2ms
[2024-04-13T02:54:39.443+0800][363535.959s] GC(1241)   Post Evacuate Collection Set: 0.6ms
[2024-04-13T02:54:39.443+0800][363535.959s] GC(1241)   Other: 0.1ms
[2024-04-13T02:54:39.443+0800][363535.959s] GC(1241) Eden regions: 304->0(304)
[2024-04-13T02:54:39.443+0800][363535.959s] GC(1241) Survivor regions: 3->3(39)
[2024-04-13T02:54:39.443+0800][363535.959s] GC(1241) Old regions: 66->66
[2024-04-13T02:54:39.443+0800][363535.959s] GC(1241) Humongous regions: 4->4
[2024-04-13T02:54:39.443+0800][363535.959s] GC(1241) Metaspace: 69652K(70272K)->69652K(70272K) NonClass: 61909K(62272K)->61909K(62272K) Class: 7743K(8000K)->7743K(8000K)
[2024-04-13T02:54:39.443+0800][363535.959s] GC(1241) Pause Young (Normal) (G1 Evacuation Pause) 376M->71M(512M) 3.381ms
[2024-04-13T02:54:39.443+0800][363535.959s] GC(1241) User=0.03s Sys=0.00s Real=0.00s
[2024-04-13T02:54:40.728+0800][363537.243s] GC(1242) Pause Young (Normal) (G1 Evacuation Pause)
[2024-04-13T02:54:40.728+0800][363537.243s] GC(1242) Using 13 workers of 13 for evacuation
[2024-04-13T02:54:40.731+0800][363537.246s] GC(1242)   Pre Evacuate Collection Set: 0.1ms
[2024-04-13T02:54:40.731+0800][363537.246s] GC(1242)   Merge Heap Roots: 0.1ms
[2024-04-13T02:54:40.731+0800][363537.246s] GC(1242)   Evacuate Collection Set: 2.0ms
[2024-04-13T02:54:40.731+0800][363537.246s] GC(1242)   Post Evacuate Collection Set: 0.5ms
[2024-04-13T02:54:40.731+0800][363537.246s] GC(1242)   Other: 0.1ms
[2024-04-13T02:54:40.731+0800][363537.246s] GC(1242) Eden regions: 304->0(303)
[2024-04-13T02:54:40.731+0800][363537.246s] GC(1242) Survivor regions: 3->4(39)
[2024-04-13T02:54:40.731+0800][363537.246s] GC(1242) Old regions: 66->66
[2024-04-13T02:54:40.731+0800][363537.246s] GC(1242) Humongous regions: 4->4
[2024-04-13T02:54:40.731+0800][363537.246s] GC(1242) Metaspace: 69652K(70272K)->69652K(70272K) NonClass: 61909K(62272K)->61909K(62272K) Class: 7743K(8000K)->7743K(8000K)
[2024-04-13T02:54:40.731+0800][363537.246s] GC(1242) Pause Young (Normal) (G1 Evacuation Pause) 375M->72M(512M) 3.078ms
[2024-04-13T02:54:40.731+0800][363537.246s] GC(1242) User=0.00s Sys=0.00s Real=0.00s
[2024-04-13T02:54:42.006+0800][363538.522s] GC(1243) Pause Young (Normal) (G1 Evacuation Pause)
[2024-04-13T02:54:42.006+0800][363538.522s] GC(1243) Using 13 workers of 13 for evacuation
[2024-04-13T02:54:42.009+0800][363538.525s] GC(1243)   Pre Evacuate Collection Set: 0.2ms
[2024-04-13T02:54:42.009+0800][363538.525s] GC(1243)   Merge Heap Roots: 0.2ms
[2024-04-13T02:54:42.009+0800][363538.525s] GC(1243)   Evacuate Collection Set: 1.8ms
[2024-04-13T02:54:42.009+0800][363538.525s] GC(1243)   Post Evacuate Collection Set: 0.7ms
[2024-04-13T02:54:42.009+0800][363538.525s] GC(1243)   Other: 0.1ms
[2024-04-13T02:54:42.009+0800][363538.525s] GC(1243) Eden regions: 303->0(303)
[2024-04-13T02:54:42.009+0800][363538.525s] GC(1243) Survivor regions: 4->4(39)
[2024-04-13T02:54:42.009+0800][363538.525s] GC(1243) Old regions: 66->66
[2024-04-13T02:54:42.009+0800][363538.525s] GC(1243) Humongous regions: 4->4
[2024-04-13T02:54:42.009+0800][363538.525s] GC(1243) Metaspace: 69652K(70272K)->69652K(70272K) NonClass: 61909K(62272K)->61909K(62272K) Class: 7743K(8000K)->7743K(8000K)
[2024-04-13T02:54:42.009+0800][363538.525s] GC(1243) Pause Young (Normal) (G1 Evacuation Pause) 375M->72M(512M) 3.124ms
[2024-04-13T02:54:42.009+0800][363538.525s] GC(1243) User=0.00s Sys=0.00s Real=0.00s
[2024-04-13T02:54:43.320+0800][363539.836s] GC(1244) Pause Young (Normal) (G1 Evacuation Pause)
[2024-04-13T02:54:43.320+0800][363539.836s] GC(1244) Using 13 workers of 13 for evacuation
[2024-04-13T02:54:43.323+0800][363539.839s] GC(1244)   Pre Evacuate Collection Set: 0.3ms
[2024-04-13T02:54:43.323+0800][363539.839s] GC(1244)   Merge Heap Roots: 0.1ms
[2024-04-13T02:54:43.323+0800][363539.839s] GC(1244)   Evacuate Collection Set: 1.7ms
[2024-04-13T02:54:43.323+0800][363539.839s] GC(1244)   Post Evacuate Collection Set: 0.8ms
[2024-04-13T02:54:43.323+0800][363539.839s] GC(1244)   Other: 0.4ms
[2024-04-13T02:54:43.323+0800][363539.839s] GC(1244) Eden regions: 303->0(304)
[2024-04-13T02:54:43.323+0800][363539.839s] GC(1244) Survivor regions: 4->3(39)
[2024-04-13T02:54:43.323+0800][363539.839s] GC(1244) Old regions: 66->66
[2024-04-13T02:54:43.323+0800][363539.839s] GC(1244) Humongous regions: 4->4
[2024-04-13T02:54:43.323+0800][363539.839s] GC(1244) Metaspace: 69652K(70272K)->69652K(70272K) NonClass: 61909K(62272K)->61909K(62272K) Class: 7743K(8000K)->7743K(8000K)
[2024-04-13T02:54:43.323+0800][363539.839s] GC(1244) Pause Young (Normal) (G1 Evacuation Pause) 375M->72M(512M) 3.496ms
[2024-04-13T02:54:43.323+0800][363539.839s] GC(1244) User=0.00s Sys=0.00s Real=0.00s
[2024-04-13T02:54:44.553+0800][363541.069s] GC(1245) Pause Young (Normal) (G1 Evacuation Pause)
[2024-04-13T02:54:44.553+0800][363541.069s] GC(1245) Using 13 workers of 13 for evacuation
[2024-04-13T02:54:44.560+0800][363541.076s] GC(1245)   Pre Evacuate Collection Set: 0.2ms
[2024-04-13T02:54:44.560+0800][363541.076s] GC(1245)   Merge Heap Roots: 0.1ms
[2024-04-13T02:54:44.560+0800][363541.076s] GC(1245)   Evacuate Collection Set: 6.1ms
[2024-04-13T02:54:44.560+0800][363541.076s] GC(1245)   Post Evacuate Collection Set: 0.6ms
[2024-04-13T02:54:44.560+0800][363541.076s] GC(1245)   Other: 0.1ms
[2024-04-13T02:54:44.560+0800][363541.076s] GC(1245) Eden regions: 304->0(305)
[2024-04-13T02:54:44.560+0800][363541.076s] GC(1245) Survivor regions: 3->2(39)
[2024-04-13T02:54:44.560+0800][363541.076s] GC(1245) Old regions: 66->67
[2024-04-13T02:54:44.560+0800][363541.076s] GC(1245) Humongous regions: 4->4
[2024-04-13T02:54:44.560+0800][363541.076s] GC(1245) Metaspace: 69652K(70272K)->69652K(70272K) NonClass: 61909K(62272K)->61909K(62272K) Class: 7743K(8000K)->7743K(8000K)
[2024-04-13T02:54:44.560+0800][363541.076s] GC(1245) Pause Young (Normal) (G1 Evacuation Pause) 376M->72M(512M) 7.303ms
[2024-04-13T02:54:44.560+0800][363541.076s] GC(1245) User=0.00s Sys=0.00s Real=0.01s
[2024-04-13T02:54:45.750+0800][363542.266s] GC(1246) Pause Young (Normal) (G1 Evacuation Pause)
[2024-04-13T02:54:45.750+0800][363542.266s] GC(1246) Using 13 workers of 13 for evacuation
[2024-04-13T02:54:45.753+0800][363542.269s] GC(1246)   Pre Evacuate Collection Set: 0.3ms
[2024-04-13T02:54:45.753+0800][363542.269s] GC(1246)   Merge Heap Roots: 0.2ms
[2024-04-13T02:54:45.753+0800][363542.269s] GC(1246)   Evacuate Collection Set: 1.7ms
[2024-04-13T02:54:45.753+0800][363542.269s] GC(1246)   Post Evacuate Collection Set: 0.6ms
[2024-04-13T02:54:45.753+0800][363542.269s] GC(1246)   Other: 0.1ms
[2024-04-13T02:54:45.753+0800][363542.269s] GC(1246) Eden regions: 305->0(305)
[2024-04-13T02:54:45.753+0800][363542.269s] GC(1246) Survivor regions: 2->2(39)
[2024-04-13T02:54:45.753+0800][363542.269s] GC(1246) Old regions: 67->67
[2024-04-13T02:54:45.753+0800][363542.269s] GC(1246) Humongous regions: 4->4
[2024-04-13T02:54:45.753+0800][363542.269s] GC(1246) Metaspace: 69652K(70272K)->69652K(70272K) NonClass: 61909K(62272K)->61909K(62272K) Class: 7743K(8000K)->7743K(8000K)
[2024-04-13T02:54:45.753+0800][363542.269s] GC(1246) Pause Young (Normal) (G1 Evacuation Pause) 377M->72M(512M) 3.023ms
[2024-04-13T02:54:45.753+0800][363542.269s] GC(1246) User=0.00s Sys=0.00s Real=0.00s
[2024-04-13T02:54:47.012+0800][363543.528s] GC(1247) Pause Young (Normal) (G1 Evacuation Pause)
[2024-04-13T02:54:47.013+0800][363543.528s] GC(1247) Using 13 workers of 13 for evacuation
[2024-04-13T02:54:47.015+0800][363543.531s] GC(1247)   Pre Evacuate Collection Set: 0.2ms
[2024-04-13T02:54:47.015+0800][363543.531s] GC(1247)   Merge Heap Roots: 0.1ms
[2024-04-13T02:54:47.015+0800][363543.531s] GC(1247)   Evacuate Collection Set: 1.5ms
[2024-04-13T02:54:47.015+0800][363543.531s] GC(1247)   Post Evacuate Collection Set: 0.5ms
[2024-04-13T02:54:47.015+0800][363543.531s] GC(1247)   Other: 0.1ms
[2024-04-13T02:54:47.015+0800][363543.531s] GC(1247) Eden regions: 305->0(305)
[2024-04-13T02:54:47.015+0800][363543.531s] GC(1247) Survivor regions: 2->2(39)
[2024-04-13T02:54:47.015+0800][363543.531s] GC(1247) Old regions: 67->67
[2024-04-13T02:54:47.015+0800][363543.531s] GC(1247) Humongous regions: 4->4
[2024-04-13T02:54:47.015+0800][363543.531s] GC(1247) Metaspace: 69652K(70272K)->69652K(70272K) NonClass: 61909K(62272K)->61909K(62272K) Class: 7743K(8000K)->7743K(8000K)
[2024-04-13T02:54:47.015+0800][363543.531s] GC(1247) Pause Young (Normal) (G1 Evacuation Pause) 377M->72M(512M) 2.766ms
[2024-04-13T02:54:47.015+0800][363543.531s] GC(1247) User=0.00s Sys=0.00s Real=0.00s
[2024-04-13T02:54:48.208+0800][363544.724s] GC(1248) Pause Young (Normal) (G1 Evacuation Pause)
[2024-04-13T02:54:48.208+0800][363544.724s] GC(1248) Using 13 workers of 13 for evacuation
[2024-04-13T02:54:48.210+0800][363544.726s] GC(1248)   Pre Evacuate Collection Set: 0.2ms
[2024-04-13T02:54:48.210+0800][363544.726s] GC(1248)   Merge Heap Roots: 0.2ms
[2024-04-13T02:54:48.210+0800][363544.726s] GC(1248)   Evacuate Collection Set: 1.5ms
[2024-04-13T02:54:48.210+0800][363544.726s] GC(1248)   Post Evacuate Collection Set: 0.6ms
[2024-04-13T02:54:48.210+0800][363544.726s] GC(1248)   Other: 0.1ms
[2024-04-13T02:54:48.210+0800][363544.726s] GC(1248) Eden regions: 305->0(305)
[2024-04-13T02:54:48.211+0800][363544.726s] GC(1248) Survivor regions: 2->2(39)
[2024-04-13T02:54:48.211+0800][363544.726s] GC(1248) Old regions: 67->67
[2024-04-13T02:54:48.211+0800][363544.726s] GC(1248) Humongous regions: 4->4
[2024-04-13T02:54:48.211+0800][363544.726s] GC(1248) Metaspace: 69652K(70272K)->69652K(70272K) NonClass: 61909K(62272K)->61909K(62272K) Class: 7743K(8000K)->7743K(8000K)
[2024-04-13T02:54:48.211+0800][363544.726s] GC(1248) Pause Young (Normal) (G1 Evacuation Pause) 377M->72M(512M) 2.722ms
[2024-04-13T02:54:48.211+0800][363544.726s] GC(1248) User=0.00s Sys=0.00s Real=0.00s
[2024-04-13T02:54:49.473+0800][363545.989s] GC(1249) Pause Young (Normal) (G1 Evacuation Pause)
[2024-04-13T02:54:49.473+0800][363545.989s] GC(1249) Using 13 workers of 13 for evacuation
[2024-04-13T02:54:49.475+0800][363545.992s] GC(1249)   Pre Evacuate Collection Set: 0.2ms
[2024-04-13T02:54:49.475+0800][363545.992s] GC(1249)   Merge Heap Roots: 0.1ms
[2024-04-13T02:54:49.475+0800][363545.992s] GC(1249)   Evacuate Collection Set: 1.5ms
[2024-04-13T02:54:49.475+0800][363545.992s] GC(1249)   Post Evacuate Collection Set: 0.6ms
[2024-04-13T02:54:49.475+0800][363545.992s] GC(1249)   Other: 0.1ms
[2024-04-13T02:54:49.475+0800][363545.992s] GC(1249) Eden regions: 305->0(305)
[2024-04-13T02:54:49.475+0800][363545.992s] GC(1249) Survivor regions: 2->2(39)
[2024-04-13T02:54:49.475+0800][363545.992s] GC(1249) Old regions: 67->67
[2024-04-13T02:54:49.475+0800][363545.992s] GC(1249) Humongous regions: 4->4
[2024-04-13T02:54:49.476+0800][363545.992s] GC(1249) Metaspace: 69652K(70272K)->69652K(70272K) NonClass: 61909K(62272K)->61909K(62272K) Class: 7743K(8000K)->7743K(8000K)
[2024-04-13T02:54:49.476+0800][363545.992s] GC(1249) Pause Young (Normal) (G1 Evacuation Pause) 377M->72M(512M) 2.738ms
[2024-04-13T02:54:49.476+0800][363545.992s] GC(1249) User=0.00s Sys=0.00s Real=0.00s
[2024-04-13T02:54:50.675+0800][363547.192s] GC(1250) Pause Young (Normal) (G1 Evacuation Pause)
[2024-04-13T02:54:50.675+0800][363547.192s] GC(1250) Using 13 workers of 13 for evacuation
[2024-04-13T02:54:50.678+0800][363547.194s] GC(1250)   Pre Evacuate Collection Set: 0.2ms
[2024-04-13T02:54:50.678+0800][363547.194s] GC(1250)   Merge Heap Roots: 0.1ms
[2024-04-13T02:54:50.678+0800][363547.194s] GC(1250)   Evacuate Collection Set: 1.6ms
[2024-04-13T02:54:50.678+0800][363547.194s] GC(1250)   Post Evacuate Collection Set: 0.5ms
[2024-04-13T02:54:50.678+0800][363547.194s] GC(1250)   Other: 0.1ms
[2024-04-13T02:54:50.678+0800][363547.194s] GC(1250) Eden regions: 305->0(305)
[2024-04-13T02:54:50.678+0800][363547.194s] GC(1250) Survivor regions: 2->2(39)
[2024-04-13T02:54:50.678+0800][363547.194s] GC(1250) Old regions: 67->67
[2024-04-13T02:54:50.678+0800][363547.194s] GC(1250) Humongous regions: 4->4
[2024-04-13T02:54:50.678+0800][363547.194s] GC(1250) Metaspace: 69652K(70272K)->69652K(70272K) NonClass: 61909K(62272K)->61909K(62272K) Class: 7743K(8000K)->7743K(8000K)
[2024-04-13T02:54:50.678+0800][363547.194s] GC(1250) Pause Young (Normal) (G1 Evacuation Pause) 377M->72M(512M) 2.738ms
[2024-04-13T02:54:50.678+0800][363547.194s] GC(1250) User=0.00s Sys=0.00s Real=0.00s
[2024-04-13T02:54:51.989+0800][363548.504s] GC(1251) Pause Young (Normal) (G1 Evacuation Pause)
[2024-04-13T02:54:51.989+0800][363548.504s] GC(1251) Using 13 workers of 13 for evacuation
[2024-04-13T02:54:51.992+0800][363548.508s] GC(1251)   Pre Evacuate Collection Set: 0.3ms
[2024-04-13T02:54:51.992+0800][363548.508s] GC(1251)   Merge Heap Roots: 0.1ms
[2024-04-13T02:54:51.992+0800][363548.508s] GC(1251)   Evacuate Collection Set: 2.1ms
[2024-04-13T02:54:51.992+0800][363548.508s] GC(1251)   Post Evacuate Collection Set: 0.7ms
[2024-04-13T02:54:51.992+0800][363548.508s] GC(1251)   Other: 0.1ms
[2024-04-13T02:54:51.992+0800][363548.508s] GC(1251) Eden regions: 305->0(305)
[2024-04-13T02:54:51.992+0800][363548.508s] GC(1251) Survivor regions: 2->2(39)
[2024-04-13T02:54:51.992+0800][363548.508s] GC(1251) Old regions: 67->68
[2024-04-13T02:54:51.992+0800][363548.508s] GC(1251) Humongous regions: 4->4
[2024-04-13T02:54:51.992+0800][363548.508s] GC(1251) Metaspace: 69652K(70272K)->69652K(70272K) NonClass: 61909K(62272K)->61909K(62272K) Class: 7743K(8000K)->7743K(8000K)
[2024-04-13T02:54:51.992+0800][363548.508s] GC(1251) Pause Young (Normal) (G1 Evacuation Pause) 377M->72M(512M) 3.448ms
[2024-04-13T02:54:51.992+0800][363548.508s] GC(1251) User=0.00s Sys=0.00s Real=0.00s
[2024-04-13T02:54:53.198+0800][363549.715s] GC(1252) Pause Young (Normal) (G1 Evacuation Pause)
[2024-04-13T02:54:53.198+0800][363549.715s] GC(1252) Using 13 workers of 13 for evacuation
[2024-04-13T02:54:53.201+0800][363549.717s] GC(1252)   Pre Evacuate Collection Set: 0.2ms
[2024-04-13T02:54:53.201+0800][363549.717s] GC(1252)   Merge Heap Roots: 0.2ms
[2024-04-13T02:54:53.201+0800][363549.717s] GC(1252)   Evacuate Collection Set: 1.4ms
[2024-04-13T02:54:53.201+0800][363549.717s] GC(1252)   Post Evacuate Collection Set: 0.8ms
[2024-04-13T02:54:53.201+0800][363549.717s] GC(1252)   Other: 0.1ms
[2024-04-13T02:54:53.201+0800][363549.717s] GC(1252) Eden regions: 305->0(304)
[2024-04-13T02:54:53.201+0800][363549.717s] GC(1252) Survivor regions: 2->3(39)
[2024-04-13T02:54:53.201+0800][363549.717s] GC(1252) Old regions: 68->68
[2024-04-13T02:54:53.201+0800][363549.717s] GC(1252) Humongous regions: 4->4
[2024-04-13T02:54:53.201+0800][363549.717s] GC(1252) Metaspace: 69652K(70272K)->69652K(70272K) NonClass: 61909K(62272K)->61909K(62272K) Class: 7743K(8000K)->7743K(8000K)
[2024-04-13T02:54:53.201+0800][363549.718s] GC(1252) Pause Young (Normal) (G1 Evacuation Pause) 377M->73M(512M) 2.894ms
[2024-04-13T02:54:53.201+0800][363549.718s] GC(1252) User=0.00s Sys=0.00s Real=0.00s
[2024-04-13T02:54:54.394+0800][363550.910s] GC(1253) Pause Young (Normal) (G1 Evacuation Pause)
[2024-04-13T02:54:54.394+0800][363550.910s] GC(1253) Using 13 workers of 13 for evacuation
[2024-04-13T02:54:54.396+0800][363550.912s] GC(1253)   Pre Evacuate Collection Set: 0.1ms
[2024-04-13T02:54:54.396+0800][363550.912s] GC(1253)   Merge Heap Roots: 0.0ms
[2024-04-13T02:54:54.396+0800][363550.912s] GC(1253)   Evacuate Collection Set: 1.4ms
[2024-04-13T02:54:54.396+0800][363550.912s] GC(1253)   Post Evacuate Collection Set: 0.4ms
[2024-04-13T02:54:54.396+0800][363550.912s] GC(1253)   Other: 0.1ms
[2024-04-13T02:54:54.396+0800][363550.912s] GC(1253) Eden regions: 304->0(305)
[2024-04-13T02:54:54.396+0800][363550.912s] GC(1253) Survivor regions: 3->2(39)
[2024-04-13T02:54:54.396+0800][363550.912s] GC(1253) Old regions: 68->68
[2024-04-13T02:54:54.396+0800][363550.912s] GC(1253) Humongous regions: 4->4
[2024-04-13T02:54:54.396+0800][363550.912s] GC(1253) Metaspace: 69652K(70272K)->69652K(70272K) NonClass: 61909K(62272K)->61909K(62272K) Class: 7743K(8000K)->7743K(8000K)
[2024-04-13T02:54:54.397+0800][363550.913s] GC(1253) Pause Young (Normal) (G1 Evacuation Pause) 377M->72M(512M) 2.292ms
[2024-04-13T02:54:54.397+0800][363550.913s] GC(1253) User=0.00s Sys=0.00s Real=0.00s
[2024-04-13T02:54:55.622+0800][363552.138s] GC(1254) Pause Young (Normal) (G1 Evacuation Pause)
[2024-04-13T02:54:55.622+0800][363552.138s] GC(1254) Using 13 workers of 13 for evacuation
[2024-04-13T02:54:55.625+0800][363552.141s] GC(1254)   Pre Evacuate Collection Set: 0.2ms
[2024-04-13T02:54:55.625+0800][363552.141s] GC(1254)   Merge Heap Roots: 0.1ms
[2024-04-13T02:54:55.625+0800][363552.141s] GC(1254)   Evacuate Collection Set: 1.7ms
[2024-04-13T02:54:55.625+0800][363552.141s] GC(1254)   Post Evacuate Collection Set: 0.6ms
[2024-04-13T02:54:55.625+0800][363552.141s] GC(1254)   Other: 0.1ms
[2024-04-13T02:54:55.625+0800][363552.141s] GC(1254) Eden regions: 305->0(305)
[2024-04-13T02:54:55.625+0800][363552.141s] GC(1254) Survivor regions: 2->2(39)
[2024-04-13T02:54:55.625+0800][363552.141s] GC(1254) Old regions: 68->68
[2024-04-13T02:54:55.625+0800][363552.141s] GC(1254) Humongous regions: 4->4
[2024-04-13T02:54:55.625+0800][363552.141s] GC(1254) Metaspace: 69652K(70272K)->69652K(70272K) NonClass: 61909K(62272K)->61909K(62272K) Class: 7743K(8000K)->7743K(8000K)
[2024-04-13T02:54:55.625+0800][363552.141s] GC(1254) Pause Young (Normal) (G1 Evacuation Pause) 377M->72M(512M) 2.924ms
[2024-04-13T02:54:55.625+0800][363552.141s] GC(1254) User=0.00s Sys=0.00s Real=0.00s
[2024-04-13T02:54:56.889+0800][363553.405s] GC(1255) Pause Young (Normal) (G1 Evacuation Pause)
[2024-04-13T02:54:56.889+0800][363553.405s] GC(1255) Using 13 workers of 13 for evacuation
[2024-04-13T02:54:56.892+0800][363553.407s] GC(1255)   Pre Evacuate Collection Set: 0.1ms
[2024-04-13T02:54:56.892+0800][363553.407s] GC(1255)   Merge Heap Roots: 0.1ms
[2024-04-13T02:54:56.892+0800][363553.407s] GC(1255)   Evacuate Collection Set: 1.5ms
[2024-04-13T02:54:56.892+0800][363553.407s] GC(1255)   Post Evacuate Collection Set: 0.4ms
[2024-04-13T02:54:56.892+0800][363553.407s] GC(1255)   Other: 0.1ms
[2024-04-13T02:54:56.892+0800][363553.407s] GC(1255) Eden regions: 305->0(305)
[2024-04-13T02:54:56.892+0800][363553.407s] GC(1255) Survivor regions: 2->2(39)
[2024-04-13T02:54:56.892+0800][363553.407s] GC(1255) Old regions: 68->68
[2024-04-13T02:54:56.892+0800][363553.407s] GC(1255) Humongous regions: 4->4
[2024-04-13T02:54:56.892+0800][363553.407s] GC(1255) Metaspace: 69652K(70272K)->69652K(70272K) NonClass: 61909K(62272K)->61909K(62272K) Class: 7743K(8000K)->7743K(8000K)
[2024-04-13T02:54:56.892+0800][363553.407s] GC(1255) Pause Young (Normal) (G1 Evacuation Pause) 377M->73M(512M) 2.465ms
[2024-04-13T02:54:56.892+0800][363553.407s] GC(1255) User=0.00s Sys=0.00s Real=0.00s
[2024-04-13T02:54:58.088+0800][363554.604s] GC(1256) Pause Young (Normal) (G1 Evacuation Pause)
[2024-04-13T02:54:58.088+0800][363554.604s] GC(1256) Using 13 workers of 13 for evacuation
[2024-04-13T02:54:58.091+0800][363554.607s] GC(1256)   Pre Evacuate Collection Set: 0.2ms
[2024-04-13T02:54:58.091+0800][363554.607s] GC(1256)   Merge Heap Roots: 0.1ms
[2024-04-13T02:54:58.091+0800][363554.607s] GC(1256)   Evacuate Collection Set: 1.6ms
[2024-04-13T02:54:58.091+0800][363554.607s] GC(1256)   Post Evacuate Collection Set: 0.6ms
[2024-04-13T02:54:58.091+0800][363554.607s] GC(1256)   Other: 0.1ms
[2024-04-13T02:54:58.091+0800][363554.607s] GC(1256) Eden regions: 305->0(305)
[2024-04-13T02:54:58.091+0800][363554.607s] GC(1256) Survivor regions: 2->2(39)
[2024-04-13T02:54:58.091+0800][363554.607s] GC(1256) Old regions: 68->68
[2024-04-13T02:54:58.091+0800][363554.607s] GC(1256) Humongous regions: 4->4
[2024-04-13T02:54:58.091+0800][363554.607s] GC(1256) Metaspace: 69652K(70272K)->69652K(70272K) NonClass: 61909K(62272K)->61909K(62272K) Class: 7743K(8000K)->7743K(8000K)
[2024-04-13T02:54:58.091+0800][363554.607s] GC(1256) Pause Young (Normal) (G1 Evacuation Pause) 378M->72M(512M) 2.779ms
[2024-04-13T02:54:58.091+0800][363554.607s] GC(1256) User=0.00s Sys=0.00s Real=0.00s
[2024-04-13T02:54:59.289+0800][363555.805s] GC(1257) Pause Young (Normal) (G1 Evacuation Pause)
[2024-04-13T02:54:59.289+0800][363555.805s] GC(1257) Using 13 workers of 13 for evacuation
[2024-04-13T02:54:59.292+0800][363555.808s] GC(1257)   Pre Evacuate Collection Set: 0.2ms
[2024-04-13T02:54:59.292+0800][363555.808s] GC(1257)   Merge Heap Roots: 0.1ms
[2024-04-13T02:54:59.292+0800][363555.808s] GC(1257)   Evacuate Collection Set: 1.7ms
[2024-04-13T02:54:59.292+0800][363555.808s] GC(1257)   Post Evacuate Collection Set: 0.7ms
[2024-04-13T02:54:59.292+0800][363555.808s] GC(1257)   Other: 0.1ms
[2024-04-13T02:54:59.292+0800][363555.808s] GC(1257) Eden regions: 305->0(305)
[2024-04-13T02:54:59.292+0800][363555.808s] GC(1257) Survivor regions: 2->2(39)
[2024-04-13T02:54:59.292+0800][363555.808s] GC(1257) Old regions: 68->68
[2024-04-13T02:54:59.292+0800][363555.808s] GC(1257) Humongous regions: 4->4
[2024-04-13T02:54:59.292+0800][363555.808s] GC(1257) Metaspace: 69652K(70272K)->69652K(70272K) NonClass: 61909K(62272K)->61909K(62272K) Class: 7743K(8000K)->7743K(8000K)
[2024-04-13T02:54:59.292+0800][363555.808s] GC(1257) Pause Young (Normal) (G1 Evacuation Pause) 377M->72M(512M) 2.985ms
[2024-04-13T02:54:59.292+0800][363555.808s] GC(1257) User=0.00s Sys=0.00s Real=0.00s
[2024-04-13T02:55:00.595+0800][363557.111s] GC(1258) Pause Young (Normal) (G1 Evacuation Pause)
[2024-04-13T02:55:00.595+0800][363557.111s] GC(1258) Using 13 workers of 13 for evacuation
[2024-04-13T02:55:00.597+0800][363557.113s] GC(1258)   Pre Evacuate Collection Set: 0.2ms
[2024-04-13T02:55:00.597+0800][363557.113s] GC(1258)   Merge Heap Roots: 0.1ms
[2024-04-13T02:55:00.597+0800][363557.113s] GC(1258)   Evacuate Collection Set: 1.3ms
[2024-04-13T02:55:00.597+0800][363557.113s] GC(1258)   Post Evacuate Collection Set: 0.5ms
[2024-04-13T02:55:00.597+0800][363557.113s] GC(1258)   Other: 0.1ms
[2024-04-13T02:55:00.597+0800][363557.113s] GC(1258) Eden regions: 305->0(305)
[2024-04-13T02:55:00.597+0800][363557.113s] GC(1258) Survivor regions: 2->2(39)
[2024-04-13T02:55:00.597+0800][363557.113s] GC(1258) Old regions: 68->68
[2024-04-13T02:55:00.597+0800][363557.113s] GC(1258) Humongous regions: 4->4
[2024-04-13T02:55:00.597+0800][363557.113s] GC(1258) Metaspace: 69652K(70272K)->69652K(70272K) NonClass: 61909K(62272K)->61909K(62272K) Class: 7743K(8000K)->7743K(8000K)
[2024-04-13T02:55:00.597+0800][363557.113s] GC(1258) Pause Young (Normal) (G1 Evacuation Pause) 377M->72M(512M) 2.453ms
[2024-04-13T02:55:00.597+0800][363557.113s] GC(1258) User=0.03s Sys=0.00s Real=0.00s
[2024-04-13T02:55:01.813+0800][363558.329s] GC(1259) Pause Young (Normal) (G1 Evacuation Pause)
[2024-04-13T02:55:01.813+0800][363558.329s] GC(1259) Using 13 workers of 13 for evacuation
[2024-04-13T02:55:01.816+0800][363558.331s] GC(1259)   Pre Evacuate Collection Set: 0.2ms
[2024-04-13T02:55:01.816+0800][363558.331s] GC(1259)   Merge Heap Roots: 0.1ms
[2024-04-13T02:55:01.816+0800][363558.331s] GC(1259)   Evacuate Collection Set: 1.6ms
[2024-04-13T02:55:01.816+0800][363558.331s] GC(1259)   Post Evacuate Collection Set: 0.5ms
[2024-04-13T02:55:01.816+0800][363558.332s] GC(1259)   Other: 0.1ms
[2024-04-13T02:55:01.816+0800][363558.332s] GC(1259) Eden regions: 305->0(305)
[2024-04-13T02:55:01.816+0800][363558.332s] GC(1259) Survivor regions: 2->2(39)
[2024-04-13T02:55:01.816+0800][363558.332s] GC(1259) Old regions: 68->68
[2024-04-13T02:55:01.816+0800][363558.332s] GC(1259) Humongous regions: 4->4
[2024-04-13T02:55:01.816+0800][363558.332s] GC(1259) Metaspace: 69652K(70272K)->69652K(70272K) NonClass: 61909K(62272K)->61909K(62272K) Class: 7743K(8000K)->7743K(8000K)
[2024-04-13T02:55:01.816+0800][363558.332s] GC(1259) Pause Young (Normal) (G1 Evacuation Pause) 377M->72M(512M) 2.798ms
[2024-04-13T02:55:01.816+0800][363558.332s] GC(1259) User=0.00s Sys=0.02s Real=0.00s
[2024-04-13T02:55:03.026+0800][363559.542s] GC(1260) Pause Young (Normal) (G1 Evacuation Pause)
[2024-04-13T02:55:03.026+0800][363559.542s] GC(1260) Using 13 workers of 13 for evacuation
[2024-04-13T02:55:03.028+0800][363559.544s] GC(1260)   Pre Evacuate Collection Set: 0.2ms
[2024-04-13T02:55:03.028+0800][363559.544s] GC(1260)   Merge Heap Roots: 0.1ms
[2024-04-13T02:55:03.028+0800][363559.544s] GC(1260)   Evacuate Collection Set: 1.5ms
[2024-04-13T02:55:03.028+0800][363559.544s] GC(1260)   Post Evacuate Collection Set: 0.5ms
[2024-04-13T02:55:03.028+0800][363559.544s] GC(1260)   Other: 0.1ms
[2024-04-13T02:55:03.028+0800][363559.545s] GC(1260) Eden regions: 305->0(305)
[2024-04-13T02:55:03.028+0800][363559.545s] GC(1260) Survivor regions: 2->2(39)
[2024-04-13T02:55:03.028+0800][363559.545s] GC(1260) Old regions: 68->68
[2024-04-13T02:55:03.028+0800][363559.545s] GC(1260) Humongous regions: 4->4
[2024-04-13T02:55:03.028+0800][363559.545s] GC(1260) Metaspace: 69652K(70272K)->69652K(70272K) NonClass: 61909K(62272K)->61909K(62272K) Class: 7743K(8000K)->7743K(8000K)
[2024-04-13T02:55:03.028+0800][363559.545s] GC(1260) Pause Young (Normal) (G1 Evacuation Pause) 377M->72M(512M) 2.680ms
[2024-04-13T02:55:03.028+0800][363559.545s] GC(1260) User=0.00s Sys=0.00s Real=0.00s
[2024-04-13T02:55:04.242+0800][363560.758s] GC(1261) Pause Young (Normal) (G1 Evacuation Pause)
[2024-04-13T02:55:04.242+0800][363560.758s] GC(1261) Using 13 workers of 13 for evacuation
[2024-04-13T02:55:04.244+0800][363560.760s] GC(1261)   Pre Evacuate Collection Set: 0.2ms
[2024-04-13T02:55:04.244+0800][363560.760s] GC(1261)   Merge Heap Roots: 0.1ms
[2024-04-13T02:55:04.244+0800][363560.760s] GC(1261)   Evacuate Collection Set: 0.8ms
[2024-04-13T02:55:04.244+0800][363560.760s] GC(1261)   Post Evacuate Collection Set: 0.5ms
[2024-04-13T02:55:04.244+0800][363560.760s] GC(1261)   Other: 0.1ms
[2024-04-13T02:55:04.244+0800][363560.760s] GC(1261) Eden regions: 305->0(305)
[2024-04-13T02:55:04.244+0800][363560.760s] GC(1261) Survivor regions: 2->2(39)
[2024-04-13T02:55:04.244+0800][363560.760s] GC(1261) Old regions: 68->68
[2024-04-13T02:55:04.244+0800][363560.760s] GC(1261) Humongous regions: 4->4
[2024-04-13T02:55:04.244+0800][363560.760s] GC(1261) Metaspace: 69652K(70272K)->69652K(70272K) NonClass: 61909K(62272K)->61909K(62272K) Class: 7743K(8000K)->7743K(8000K)
[2024-04-13T02:55:04.244+0800][363560.760s] GC(1261) Pause Young (Normal) (G1 Evacuation Pause) 377M->72M(512M) 1.860ms
[2024-04-13T02:55:04.244+0800][363560.760s] GC(1261) User=0.00s Sys=0.00s Real=0.00s
[2024-04-13T02:55:05.440+0800][363561.957s] GC(1262) Pause Young (Normal) (G1 Evacuation Pause)
[2024-04-13T02:55:05.440+0800][363561.957s] GC(1262) Using 13 workers of 13 for evacuation
[2024-04-13T02:55:05.443+0800][363561.959s] GC(1262)   Pre Evacuate Collection Set: 0.2ms
[2024-04-13T02:55:05.443+0800][363561.959s] GC(1262)   Merge Heap Roots: 0.1ms
[2024-04-13T02:55:05.443+0800][363561.959s] GC(1262)   Evacuate Collection Set: 1.4ms
[2024-04-13T02:55:05.443+0800][363561.959s] GC(1262)   Post Evacuate Collection Set: 0.5ms
[2024-04-13T02:55:05.443+0800][363561.959s] GC(1262)   Other: 0.1ms
[2024-04-13T02:55:05.443+0800][363561.959s] GC(1262) Eden regions: 305->0(305)
[2024-04-13T02:55:05.443+0800][363561.959s] GC(1262) Survivor regions: 2->2(39)
[2024-04-13T02:55:05.443+0800][363561.959s] GC(1262) Old regions: 68->68
[2024-04-13T02:55:05.443+0800][363561.959s] GC(1262) Humongous regions: 4->4
[2024-04-13T02:55:05.443+0800][363561.959s] GC(1262) Metaspace: 69652K(70272K)->69652K(70272K) NonClass: 61909K(62272K)->61909K(62272K) Class: 7743K(8000K)->7743K(8000K)
[2024-04-13T02:55:05.443+0800][363561.959s] GC(1262) Pause Young (Normal) (G1 Evacuation Pause) 377M->72M(512M) 2.553ms
[2024-04-13T02:55:05.443+0800][363561.959s] GC(1262) User=0.00s Sys=0.00s Real=0.00s
[2024-04-13T02:55:06.651+0800][363563.167s] GC(1263) Pause Young (Normal) (G1 Evacuation Pause)
[2024-04-13T02:55:06.651+0800][363563.167s] GC(1263) Using 13 workers of 13 for evacuation
[2024-04-13T02:55:06.653+0800][363563.169s] GC(1263)   Pre Evacuate Collection Set: 0.1ms
[2024-04-13T02:55:06.653+0800][363563.169s] GC(1263)   Merge Heap Roots: 0.2ms
[2024-04-13T02:55:06.653+0800][363563.169s] GC(1263)   Evacuate Collection Set: 1.6ms
[2024-04-13T02:55:06.653+0800][363563.169s] GC(1263)   Post Evacuate Collection Set: 0.7ms
[2024-04-13T02:55:06.653+0800][363563.169s] GC(1263)   Other: 0.1ms
[2024-04-13T02:55:06.653+0800][363563.169s] GC(1263) Eden regions: 305->0(305)
[2024-04-13T02:55:06.654+0800][363563.169s] GC(1263) Survivor regions: 2->2(39)
[2024-04-13T02:55:06.654+0800][363563.169s] GC(1263) Old regions: 68->68
[2024-04-13T02:55:06.654+0800][363563.169s] GC(1263) Humongous regions: 4->4
[2024-04-13T02:55:06.654+0800][363563.169s] GC(1263) Metaspace: 69652K(70272K)->69652K(70272K) NonClass: 61909K(62272K)->61909K(62272K) Class: 7743K(8000K)->7743K(8000K)
[2024-04-13T02:55:06.654+0800][363563.169s] GC(1263) Pause Young (Normal) (G1 Evacuation Pause) 377M->72M(512M) 2.889ms
[2024-04-13T02:55:06.654+0800][363563.169s] GC(1263) User=0.00s Sys=0.00s Real=0.00s
[2024-04-13T02:55:07.868+0800][363564.384s] GC(1264) Pause Young (Normal) (G1 Evacuation Pause)
[2024-04-13T02:55:07.868+0800][363564.384s] GC(1264) Using 13 workers of 13 for evacuation
[2024-04-13T02:55:07.871+0800][363564.387s] GC(1264)   Pre Evacuate Collection Set: 0.3ms
[2024-04-13T02:55:07.871+0800][363564.387s] GC(1264)   Merge Heap Roots: 0.1ms
[2024-04-13T02:55:07.871+0800][363564.387s] GC(1264)   Evacuate Collection Set: 1.9ms
[2024-04-13T02:55:07.871+0800][363564.387s] GC(1264)   Post Evacuate Collection Set: 0.5ms
[2024-04-13T02:55:07.871+0800][363564.387s] GC(1264)   Other: 0.1ms
[2024-04-13T02:55:07.871+0800][363564.387s] GC(1264) Eden regions: 305->0(305)
[2024-04-13T02:55:07.871+0800][363564.387s] GC(1264) Survivor regions: 2->2(39)
[2024-04-13T02:55:07.871+0800][363564.387s] GC(1264) Old regions: 68->68
[2024-04-13T02:55:07.871+0800][363564.387s] GC(1264) Humongous regions: 4->4
[2024-04-13T02:55:07.871+0800][363564.387s] GC(1264) Metaspace: 69652K(70272K)->69652K(70272K) NonClass: 61909K(62272K)->61909K(62272K) Class: 7743K(8000K)->7743K(8000K)
[2024-04-13T02:55:07.871+0800][363564.387s] GC(1264) Pause Young (Normal) (G1 Evacuation Pause) 377M->73M(512M) 3.044ms
[2024-04-13T02:55:07.871+0800][363564.387s] GC(1264) User=0.00s Sys=0.00s Real=0.00s
[2024-04-13T02:55:09.058+0800][363565.574s] GC(1265) Pause Young (Normal) (G1 Evacuation Pause)
[2024-04-13T02:55:09.058+0800][363565.574s] GC(1265) Using 13 workers of 13 for evacuation
[2024-04-13T02:55:09.061+0800][363565.577s] GC(1265)   Pre Evacuate Collection Set: 0.2ms
[2024-04-13T02:55:09.061+0800][363565.577s] GC(1265)   Merge Heap Roots: 0.2ms
[2024-04-13T02:55:09.061+0800][363565.577s] GC(1265)   Evacuate Collection Set: 1.6ms
[2024-04-13T02:55:09.061+0800][363565.577s] GC(1265)   Post Evacuate Collection Set: 0.4ms
[2024-04-13T02:55:09.061+0800][363565.577s] GC(1265)   Other: 0.1ms
[2024-04-13T02:55:09.061+0800][363565.577s] GC(1265) Eden regions: 305->0(305)
[2024-04-13T02:55:09.061+0800][363565.577s] GC(1265) Survivor regions: 2->2(39)
[2024-04-13T02:55:09.061+0800][363565.577s] GC(1265) Old regions: 68->68
[2024-04-13T02:55:09.061+0800][363565.577s] GC(1265) Humongous regions: 4->4
[2024-04-13T02:55:09.061+0800][363565.577s] GC(1265) Metaspace: 69652K(70272K)->69652K(70272K) NonClass: 61909K(62272K)->61909K(62272K) Class: 7743K(8000K)->7743K(8000K)
[2024-04-13T02:55:09.061+0800][363565.577s] GC(1265) Pause Young (Normal) (G1 Evacuation Pause) 378M->73M(512M) 2.709ms
[2024-04-13T02:55:09.061+0800][363565.577s] GC(1265) User=0.00s Sys=0.00s Real=0.00s
[2024-04-13T02:55:10.263+0800][363566.779s] GC(1266) Pause Young (Normal) (G1 Evacuation Pause)
[2024-04-13T02:55:10.263+0800][363566.779s] GC(1266) Using 13 workers of 13 for evacuation
[2024-04-13T02:55:10.266+0800][363566.782s] GC(1266)   Pre Evacuate Collection Set: 0.2ms
[2024-04-13T02:55:10.266+0800][363566.782s] GC(1266)   Merge Heap Roots: 0.1ms
[2024-04-13T02:55:10.266+0800][363566.782s] GC(1266)   Evacuate Collection Set: 2.2ms
[2024-04-13T02:55:10.266+0800][363566.782s] GC(1266)   Post Evacuate Collection Set: 0.6ms
[2024-04-13T02:55:10.266+0800][363566.782s] GC(1266)   Other: 0.1ms
[2024-04-13T02:55:10.266+0800][363566.782s] GC(1266) Eden regions: 305->0(305)
[2024-04-13T02:55:10.266+0800][363566.782s] GC(1266) Survivor regions: 2->2(39)
[2024-04-13T02:55:10.266+0800][363566.782s] GC(1266) Old regions: 68->68
[2024-04-13T02:55:10.266+0800][363566.782s] GC(1266) Humongous regions: 4->4
[2024-04-13T02:55:10.266+0800][363566.782s] GC(1266) Metaspace: 69652K(70272K)->69652K(70272K) NonClass: 61909K(62272K)->61909K(62272K) Class: 7743K(8000K)->7743K(8000K)
[2024-04-13T02:55:10.266+0800][363566.782s] GC(1266) Pause Young (Normal) (G1 Evacuation Pause) 378M->72M(512M) 3.462ms
[2024-04-13T02:55:10.266+0800][363566.782s] GC(1266) User=0.00s Sys=0.00s Real=0.00s
[2024-04-13T02:55:11.489+0800][363568.005s] GC(1267) Pause Young (Normal) (G1 Evacuation Pause)
[2024-04-13T02:55:11.489+0800][363568.005s] GC(1267) Using 13 workers of 13 for evacuation
[2024-04-13T02:55:11.491+0800][363568.007s] GC(1267)   Pre Evacuate Collection Set: 0.2ms
[2024-04-13T02:55:11.491+0800][363568.007s] GC(1267)   Merge Heap Roots: 0.1ms
[2024-04-13T02:55:11.491+0800][363568.007s] GC(1267)   Evacuate Collection Set: 1.2ms
[2024-04-13T02:55:11.491+0800][363568.007s] GC(1267)   Post Evacuate Collection Set: 0.5ms
[2024-04-13T02:55:11.491+0800][363568.007s] GC(1267)   Other: 0.1ms
[2024-04-13T02:55:11.491+0800][363568.007s] GC(1267) Eden regions: 305->0(305)
[2024-04-13T02:55:11.491+0800][363568.007s] GC(1267) Survivor regions: 2->2(39)
[2024-04-13T02:55:11.491+0800][363568.007s] GC(1267) Old regions: 68->68
[2024-04-13T02:55:11.491+0800][363568.007s] GC(1267) Humongous regions: 4->4
[2024-04-13T02:55:11.491+0800][363568.007s] GC(1267) Metaspace: 69652K(70272K)->69652K(70272K) NonClass: 61909K(62272K)->61909K(62272K) Class: 7743K(8000K)->7743K(8000K)
[2024-04-13T02:55:11.491+0800][363568.007s] GC(1267) Pause Young (Normal) (G1 Evacuation Pause) 377M->72M(512M) 2.270ms
[2024-04-13T02:55:11.491+0800][363568.007s] GC(1267) User=0.00s Sys=0.00s Real=0.00s
[2024-04-13T02:55:12.735+0800][363569.251s] GC(1268) Pause Young (Normal) (G1 Evacuation Pause)
[2024-04-13T02:55:12.736+0800][363569.252s] GC(1268) Using 13 workers of 13 for evacuation
[2024-04-13T02:55:12.738+0800][363569.254s] GC(1268)   Pre Evacuate Collection Set: 0.2ms
[2024-04-13T02:55:12.738+0800][363569.254s] GC(1268)   Merge Heap Roots: 0.1ms
[2024-04-13T02:55:12.738+0800][363569.254s] GC(1268)   Evacuate Collection Set: 1.5ms
[2024-04-13T02:55:12.738+0800][363569.254s] GC(1268)   Post Evacuate Collection Set: 0.5ms
[2024-04-13T02:55:12.738+0800][363569.254s] GC(1268)   Other: 0.1ms
[2024-04-13T02:55:12.738+0800][363569.254s] GC(1268) Eden regions: 305->0(305)
[2024-04-13T02:55:12.738+0800][363569.254s] GC(1268) Survivor regions: 2->2(39)
[2024-04-13T02:55:12.738+0800][363569.254s] GC(1268) Old regions: 68->68
[2024-04-13T02:55:12.738+0800][363569.254s] GC(1268) Humongous regions: 4->4
[2024-04-13T02:55:12.738+0800][363569.254s] GC(1268) Metaspace: 69652K(70272K)->69652K(70272K) NonClass: 61909K(62272K)->61909K(62272K) Class: 7743K(8000K)->7743K(8000K)
[2024-04-13T02:55:12.738+0800][363569.254s] GC(1268) Pause Young (Normal) (G1 Evacuation Pause) 377M->72M(512M) 2.529ms
[2024-04-13T02:55:12.738+0800][363569.254s] GC(1268) User=0.20s Sys=0.00s Real=0.00s
[2024-04-13T02:55:13.970+0800][363570.486s] GC(1269) Pause Young (Normal) (G1 Evacuation Pause)
[2024-04-13T02:55:13.970+0800][363570.486s] GC(1269) Using 13 workers of 13 for evacuation
[2024-04-13T02:55:13.973+0800][363570.488s] GC(1269)   Pre Evacuate Collection Set: 0.3ms
[2024-04-13T02:55:13.973+0800][363570.488s] GC(1269)   Merge Heap Roots: 0.1ms
[2024-04-13T02:55:13.973+0800][363570.488s] GC(1269)   Evacuate Collection Set: 1.5ms
[2024-04-13T02:55:13.973+0800][363570.488s] GC(1269)   Post Evacuate Collection Set: 0.5ms
[2024-04-13T02:55:13.973+0800][363570.488s] GC(1269)   Other: 0.1ms
[2024-04-13T02:55:13.973+0800][363570.488s] GC(1269) Eden regions: 305->0(305)
[2024-04-13T02:55:13.973+0800][363570.488s] GC(1269) Survivor regions: 2->2(39)
[2024-04-13T02:55:13.973+0800][363570.488s] GC(1269) Old regions: 68->68
[2024-04-13T02:55:13.973+0800][363570.488s] GC(1269) Humongous regions: 4->4
[2024-04-13T02:55:13.973+0800][363570.488s] GC(1269) Metaspace: 69652K(70272K)->69652K(70272K) NonClass: 61909K(62272K)->61909K(62272K) Class: 7743K(8000K)->7743K(8000K)
[2024-04-13T02:55:13.973+0800][363570.488s] GC(1269) Pause Young (Normal) (G1 Evacuation Pause) 377M->72M(512M) 2.616ms
[2024-04-13T02:55:13.973+0800][363570.488s] GC(1269) User=0.20s Sys=0.00s Real=0.00s
[2024-04-13T02:55:15.195+0800][363571.711s] GC(1270) Pause Young (Normal) (G1 Evacuation Pause)
[2024-04-13T02:55:15.195+0800][363571.711s] GC(1270) Using 13 workers of 13 for evacuation
[2024-04-13T02:55:15.198+0800][363571.713s] GC(1270)   Pre Evacuate Collection Set: 0.2ms
[2024-04-13T02:55:15.198+0800][363571.713s] GC(1270)   Merge Heap Roots: 0.1ms
[2024-04-13T02:55:15.198+0800][363571.713s] GC(1270)   Evacuate Collection Set: 1.4ms
[2024-04-13T02:55:15.198+0800][363571.713s] GC(1270)   Post Evacuate Collection Set: 0.6ms
[2024-04-13T02:55:15.198+0800][363571.713s] GC(1270)   Other: 0.1ms
[2024-04-13T02:55:15.198+0800][363571.713s] GC(1270) Eden regions: 305->0(305)
[2024-04-13T02:55:15.198+0800][363571.713s] GC(1270) Survivor regions: 2->2(39)
[2024-04-13T02:55:15.198+0800][363571.713s] GC(1270) Old regions: 68->68
[2024-04-13T02:55:15.198+0800][363571.713s] GC(1270) Humongous regions: 4->4
[2024-04-13T02:55:15.198+0800][363571.714s] GC(1270) Metaspace: 69652K(70272K)->69652K(70272K) NonClass: 61909K(62272K)->61909K(62272K) Class: 7743K(8000K)->7743K(8000K)
[2024-04-13T02:55:15.198+0800][363571.714s] GC(1270) Pause Young (Normal) (G1 Evacuation Pause) 377M->72M(512M) 2.654ms
[2024-04-13T02:55:15.198+0800][363571.714s] GC(1270) User=0.00s Sys=0.00s Real=0.00s
[2024-04-13T02:55:16.359+0800][363572.875s] GC(1271) Pause Young (Normal) (G1 Evacuation Pause)
[2024-04-13T02:55:16.359+0800][363572.875s] GC(1271) Using 13 workers of 13 for evacuation
[2024-04-13T02:55:16.361+0800][363572.878s] GC(1271)   Pre Evacuate Collection Set: 0.2ms
[2024-04-13T02:55:16.361+0800][363572.878s] GC(1271)   Merge Heap Roots: 0.1ms
[2024-04-13T02:55:16.361+0800][363572.878s] GC(1271)   Evacuate Collection Set: 1.5ms
[2024-04-13T02:55:16.361+0800][363572.878s] GC(1271)   Post Evacuate Collection Set: 0.6ms
[2024-04-13T02:55:16.361+0800][363572.878s] GC(1271)   Other: 0.1ms
[2024-04-13T02:55:16.361+0800][363572.878s] GC(1271) Eden regions: 305->0(305)
[2024-04-13T02:55:16.361+0800][363572.878s] GC(1271) Survivor regions: 2->2(39)
[2024-04-13T02:55:16.361+0800][363572.878s] GC(1271) Old regions: 68->68
[2024-04-13T02:55:16.361+0800][363572.878s] GC(1271) Humongous regions: 4->4
[2024-04-13T02:55:16.361+0800][363572.878s] GC(1271) Metaspace: 69652K(70272K)->69652K(70272K) NonClass: 61909K(62272K)->61909K(62272K) Class: 7743K(8000K)->7743K(8000K)
[2024-04-13T02:55:16.361+0800][363572.878s] GC(1271) Pause Young (Normal) (G1 Evacuation Pause) 377M->73M(512M) 2.839ms
[2024-04-13T02:55:16.361+0800][363572.878s] GC(1271) User=0.00s Sys=0.00s Real=0.00s
[2024-04-13T02:55:17.594+0800][363574.111s] GC(1272) Pause Young (Normal) (G1 Evacuation Pause)
[2024-04-13T02:55:17.594+0800][363574.111s] GC(1272) Using 13 workers of 13 for evacuation
[2024-04-13T02:55:17.597+0800][363574.113s] GC(1272)   Pre Evacuate Collection Set: 0.2ms
[2024-04-13T02:55:17.597+0800][363574.113s] GC(1272)   Merge Heap Roots: 0.1ms
[2024-04-13T02:55:17.597+0800][363574.113s] GC(1272)   Evacuate Collection Set: 1.5ms
[2024-04-13T02:55:17.597+0800][363574.113s] GC(1272)   Post Evacuate Collection Set: 0.6ms
[2024-04-13T02:55:17.597+0800][363574.113s] GC(1272)   Other: 0.1ms
[2024-04-13T02:55:17.597+0800][363574.113s] GC(1272) Eden regions: 305->0(305)
[2024-04-13T02:55:17.597+0800][363574.113s] GC(1272) Survivor regions: 2->2(39)
[2024-04-13T02:55:17.597+0800][363574.113s] GC(1272) Old regions: 68->68
[2024-04-13T02:55:17.597+0800][363574.113s] GC(1272) Humongous regions: 4->4
[2024-04-13T02:55:17.597+0800][363574.113s] GC(1272) Metaspace: 69652K(70272K)->69652K(70272K) NonClass: 61909K(62272K)->61909K(62272K) Class: 7743K(8000K)->7743K(8000K)
[2024-04-13T02:55:17.597+0800][363574.113s] GC(1272) Pause Young (Normal) (G1 Evacuation Pause) 378M->72M(512M) 2.722ms
[2024-04-13T02:55:17.597+0800][363574.113s] GC(1272) User=0.00s Sys=0.00s Real=0.00s
[2024-04-13T02:55:18.827+0800][363575.344s] GC(1273) Pause Young (Normal) (G1 Evacuation Pause)
[2024-04-13T02:55:18.827+0800][363575.344s] GC(1273) Using 13 workers of 13 for evacuation
[2024-04-13T02:55:18.830+0800][363575.346s] GC(1273)   Pre Evacuate Collection Set: 0.2ms
[2024-04-13T02:55:18.830+0800][363575.346s] GC(1273)   Merge Heap Roots: 0.1ms
[2024-04-13T02:55:18.830+0800][363575.346s] GC(1273)   Evacuate Collection Set: 1.6ms
[2024-04-13T02:55:18.830+0800][363575.346s] GC(1273)   Post Evacuate Collection Set: 0.5ms
[2024-04-13T02:55:18.830+0800][363575.346s] GC(1273)   Other: 0.1ms
[2024-04-13T02:55:18.830+0800][363575.346s] GC(1273) Eden regions: 305->0(305)
[2024-04-13T02:55:18.830+0800][363575.346s] GC(1273) Survivor regions: 2->2(39)
[2024-04-13T02:55:18.830+0800][363575.346s] GC(1273) Old regions: 68->68
[2024-04-13T02:55:18.830+0800][363575.346s] GC(1273) Humongous regions: 4->4
[2024-04-13T02:55:18.830+0800][363575.346s] GC(1273) Metaspace: 69652K(70272K)->69652K(70272K) NonClass: 61909K(62272K)->61909K(62272K) Class: 7743K(8000K)->7743K(8000K)
[2024-04-13T02:55:18.830+0800][363575.346s] GC(1273) Pause Young (Normal) (G1 Evacuation Pause) 377M->72M(512M) 2.713ms
[2024-04-13T02:55:18.830+0800][363575.346s] GC(1273) User=0.00s Sys=0.00s Real=0.00s
[2024-04-13T02:55:20.025+0800][363576.541s] GC(1274) Pause Young (Normal) (G1 Evacuation Pause)
[2024-04-13T02:55:20.025+0800][363576.541s] GC(1274) Using 13 workers of 13 for evacuation
[2024-04-13T02:55:20.028+0800][363576.543s] GC(1274)   Pre Evacuate Collection Set: 0.2ms
[2024-04-13T02:55:20.028+0800][363576.543s] GC(1274)   Merge Heap Roots: 0.1ms
[2024-04-13T02:55:20.028+0800][363576.543s] GC(1274)   Evacuate Collection Set: 1.6ms
[2024-04-13T02:55:20.028+0800][363576.543s] GC(1274)   Post Evacuate Collection Set: 0.6ms
[2024-04-13T02:55:20.028+0800][363576.544s] GC(1274)   Other: 0.1ms
[2024-04-13T02:55:20.028+0800][363576.544s] GC(1274) Eden regions: 305->0(305)
[2024-04-13T02:55:20.028+0800][363576.544s] GC(1274) Survivor regions: 2->2(39)
[2024-04-13T02:55:20.028+0800][363576.544s] GC(1274) Old regions: 68->68
[2024-04-13T02:55:20.028+0800][363576.544s] GC(1274) Humongous regions: 4->4
[2024-04-13T02:55:20.028+0800][363576.544s] GC(1274) Metaspace: 69652K(70272K)->69652K(70272K) NonClass: 61909K(62272K)->61909K(62272K) Class: 7743K(8000K)->7743K(8000K)
[2024-04-13T02:55:20.028+0800][363576.544s] GC(1274) Pause Young (Normal) (G1 Evacuation Pause) 377M->73M(512M) 2.681ms
[2024-04-13T02:55:20.028+0800][363576.544s] GC(1274) User=0.00s Sys=0.00s Real=0.00s
[2024-04-13T02:55:21.241+0800][363577.757s] GC(1275) Pause Young (Normal) (G1 Evacuation Pause)
[2024-04-13T02:55:21.241+0800][363577.757s] GC(1275) Using 13 workers of 13 for evacuation
[2024-04-13T02:55:21.243+0800][363577.759s] GC(1275)   Pre Evacuate Collection Set: 0.2ms
[2024-04-13T02:55:21.243+0800][363577.759s] GC(1275)   Merge Heap Roots: 0.1ms
[2024-04-13T02:55:21.243+0800][363577.759s] GC(1275)   Evacuate Collection Set: 1.5ms
[2024-04-13T02:55:21.243+0800][363577.759s] GC(1275)   Post Evacuate Collection Set: 0.6ms
[2024-04-13T02:55:21.243+0800][363577.759s] GC(1275)   Other: 0.1ms
[2024-04-13T02:55:21.243+0800][363577.759s] GC(1275) Eden regions: 305->0(305)
[2024-04-13T02:55:21.243+0800][363577.759s] GC(1275) Survivor regions: 2->2(39)
[2024-04-13T02:55:21.243+0800][363577.759s] GC(1275) Old regions: 68->68
[2024-04-13T02:55:21.244+0800][363577.759s] GC(1275) Humongous regions: 4->4
[2024-04-13T02:55:21.244+0800][363577.759s] GC(1275) Metaspace: 69652K(70272K)->69652K(70272K) NonClass: 61909K(62272K)->61909K(62272K) Class: 7743K(8000K)->7743K(8000K)
[2024-04-13T02:55:21.244+0800][363577.759s] GC(1275) Pause Young (Normal) (G1 Evacuation Pause) 378M->73M(512M) 2.614ms
[2024-04-13T02:55:21.244+0800][363577.759s] GC(1275) User=0.00s Sys=0.00s Real=0.00s
[2024-04-13T02:55:22.506+0800][363579.022s] GC(1276) Pause Young (Normal) (G1 Evacuation Pause)
[2024-04-13T02:55:22.506+0800][363579.022s] GC(1276) Using 13 workers of 13 for evacuation
[2024-04-13T02:55:22.508+0800][363579.024s] GC(1276)   Pre Evacuate Collection Set: 0.2ms
[2024-04-13T02:55:22.508+0800][363579.024s] GC(1276)   Merge Heap Roots: 0.1ms
[2024-04-13T02:55:22.508+0800][363579.024s] GC(1276)   Evacuate Collection Set: 1.3ms
[2024-04-13T02:55:22.508+0800][363579.024s] GC(1276)   Post Evacuate Collection Set: 0.5ms
[2024-04-13T02:55:22.508+0800][363579.024s] GC(1276)   Other: 0.1ms
[2024-04-13T02:55:22.508+0800][363579.024s] GC(1276) Eden regions: 305->0(305)
[2024-04-13T02:55:22.508+0800][363579.024s] GC(1276) Survivor regions: 2->2(39)
[2024-04-13T02:55:22.508+0800][363579.024s] GC(1276) Old regions: 68->68
[2024-04-13T02:55:22.508+0800][363579.024s] GC(1276) Humongous regions: 4->4
[2024-04-13T02:55:22.508+0800][363579.024s] GC(1276) Metaspace: 69652K(70272K)->69652K(70272K) NonClass: 61909K(62272K)->61909K(62272K) Class: 7743K(8000K)->7743K(8000K)
[2024-04-13T02:55:22.508+0800][363579.024s] GC(1276) Pause Young (Normal) (G1 Evacuation Pause) 378M->72M(512M) 2.379ms
[2024-04-13T02:55:22.508+0800][363579.024s] GC(1276) User=0.00s Sys=0.00s Real=0.00s
[2024-04-13T02:55:23.722+0800][363580.239s] GC(1277) Pause Young (Normal) (G1 Evacuation Pause)
[2024-04-13T02:55:23.722+0800][363580.239s] GC(1277) Using 13 workers of 13 for evacuation
[2024-04-13T02:55:23.725+0800][363580.241s] GC(1277)   Pre Evacuate Collection Set: 0.2ms
[2024-04-13T02:55:23.725+0800][363580.241s] GC(1277)   Merge Heap Roots: 0.1ms
[2024-04-13T02:55:23.725+0800][363580.241s] GC(1277)   Evacuate Collection Set: 1.5ms
[2024-04-13T02:55:23.725+0800][363580.241s] GC(1277)   Post Evacuate Collection Set: 0.7ms
[2024-04-13T02:55:23.725+0800][363580.241s] GC(1277)   Other: 0.1ms
[2024-04-13T02:55:23.725+0800][363580.241s] GC(1277) Eden regions: 305->0(305)
[2024-04-13T02:55:23.725+0800][363580.241s] GC(1277) Survivor regions: 2->2(39)
[2024-04-13T02:55:23.725+0800][363580.241s] GC(1277) Old regions: 68->68
[2024-04-13T02:55:23.725+0800][363580.241s] GC(1277) Humongous regions: 4->4
[2024-04-13T02:55:23.725+0800][363580.241s] GC(1277) Metaspace: 69652K(70272K)->69652K(70272K) NonClass: 61909K(62272K)->61909K(62272K) Class: 7743K(8000K)->7743K(8000K)
[2024-04-13T02:55:23.725+0800][363580.241s] GC(1277) Pause Young (Normal) (G1 Evacuation Pause) 377M->73M(512M) 2.764ms
[2024-04-13T02:55:23.725+0800][363580.241s] GC(1277) User=0.00s Sys=0.00s Real=0.00s
[2024-04-13T02:55:24.912+0800][363581.427s] GC(1278) Pause Young (Normal) (G1 Evacuation Pause)
[2024-04-13T02:55:24.912+0800][363581.427s] GC(1278) Using 13 workers of 13 for evacuation
[2024-04-13T02:55:24.914+0800][363581.430s] GC(1278)   Pre Evacuate Collection Set: 0.1ms
[2024-04-13T02:55:24.914+0800][363581.430s] GC(1278)   Merge Heap Roots: 0.1ms
[2024-04-13T02:55:24.914+0800][363581.430s] GC(1278)   Evacuate Collection Set: 1.4ms
[2024-04-13T02:55:24.914+0800][363581.430s] GC(1278)   Post Evacuate Collection Set: 0.5ms
[2024-04-13T02:55:24.914+0800][363581.430s] GC(1278)   Other: 0.1ms
[2024-04-13T02:55:24.914+0800][363581.430s] GC(1278) Eden regions: 305->0(304)
[2024-04-13T02:55:24.914+0800][363581.430s] GC(1278) Survivor regions: 2->3(39)
[2024-04-13T02:55:24.914+0800][363581.430s] GC(1278) Old regions: 68->68
[2024-04-13T02:55:24.914+0800][363581.430s] GC(1278) Humongous regions: 4->4
[2024-04-13T02:55:24.914+0800][363581.430s] GC(1278) Metaspace: 69652K(70272K)->69652K(70272K) NonClass: 61909K(62272K)->61909K(62272K) Class: 7743K(8000K)->7743K(8000K)
[2024-04-13T02:55:24.914+0800][363581.430s] GC(1278) Pause Young (Normal) (G1 Evacuation Pause) 378M->74M(512M) 2.498ms
[2024-04-13T02:55:24.914+0800][363581.430s] GC(1278) User=0.00s Sys=0.00s Real=0.00s
[2024-04-13T02:55:26.110+0800][363582.626s] GC(1279) Pause Young (Normal) (G1 Evacuation Pause)
[2024-04-13T02:55:26.110+0800][363582.626s] GC(1279) Using 13 workers of 13 for evacuation
[2024-04-13T02:55:26.112+0800][363582.628s] GC(1279)   Pre Evacuate Collection Set: 0.2ms
[2024-04-13T02:55:26.112+0800][363582.628s] GC(1279)   Merge Heap Roots: 0.1ms
[2024-04-13T02:55:26.112+0800][363582.628s] GC(1279)   Evacuate Collection Set: 1.8ms
[2024-04-13T02:55:26.112+0800][363582.628s] GC(1279)   Post Evacuate Collection Set: 0.5ms
[2024-04-13T02:55:26.112+0800][363582.629s] GC(1279)   Other: 0.1ms
[2024-04-13T02:55:26.112+0800][363582.629s] GC(1279) Eden regions: 304->0(305)
[2024-04-13T02:55:26.112+0800][363582.629s] GC(1279) Survivor regions: 3->2(39)
[2024-04-13T02:55:26.113+0800][363582.629s] GC(1279) Old regions: 68->68
[2024-04-13T02:55:26.113+0800][363582.629s] GC(1279) Humongous regions: 4->4
[2024-04-13T02:55:26.113+0800][363582.629s] GC(1279) Metaspace: 69652K(70272K)->69652K(70272K) NonClass: 61909K(62272K)->61909K(62272K) Class: 7743K(8000K)->7743K(8000K)
[2024-04-13T02:55:26.113+0800][363582.629s] GC(1279) Pause Young (Normal) (G1 Evacuation Pause) 378M->72M(512M) 3.044ms
[2024-04-13T02:55:26.113+0800][363582.629s] GC(1279) User=0.00s Sys=0.02s Real=0.00s
[2024-04-13T02:55:27.328+0800][363583.844s] GC(1280) Pause Young (Normal) (G1 Evacuation Pause)
[2024-04-13T02:55:27.328+0800][363583.844s] GC(1280) Using 13 workers of 13 for evacuation
[2024-04-13T02:55:27.331+0800][363583.847s] GC(1280)   Pre Evacuate Collection Set: 0.2ms
[2024-04-13T02:55:27.331+0800][363583.847s] GC(1280)   Merge Heap Roots: 0.2ms
[2024-04-13T02:55:27.331+0800][363583.847s] GC(1280)   Evacuate Collection Set: 1.4ms
[2024-04-13T02:55:27.331+0800][363583.847s] GC(1280)   Post Evacuate Collection Set: 0.6ms
[2024-04-13T02:55:27.331+0800][363583.847s] GC(1280)   Other: 0.1ms
[2024-04-13T02:55:27.331+0800][363583.847s] GC(1280) Eden regions: 305->0(305)
[2024-04-13T02:55:27.331+0800][363583.847s] GC(1280) Survivor regions: 2->2(39)
[2024-04-13T02:55:27.331+0800][363583.847s] GC(1280) Old regions: 68->68
[2024-04-13T02:55:27.331+0800][363583.847s] GC(1280) Humongous regions: 4->4
[2024-04-13T02:55:27.331+0800][363583.847s] GC(1280) Metaspace: 69652K(70272K)->69652K(70272K) NonClass: 61909K(62272K)->61909K(62272K) Class: 7743K(8000K)->7743K(8000K)
[2024-04-13T02:55:27.331+0800][363583.847s] GC(1280) Pause Young (Normal) (G1 Evacuation Pause) 377M->72M(512M) 2.651ms
[2024-04-13T02:55:27.331+0800][363583.847s] GC(1280) User=0.00s Sys=0.00s Real=0.00s
[2024-04-13T02:55:28.570+0800][363585.086s] GC(1281) Pause Young (Normal) (G1 Evacuation Pause)
[2024-04-13T02:55:28.570+0800][363585.086s] GC(1281) Using 13 workers of 13 for evacuation
[2024-04-13T02:55:28.573+0800][363585.089s] GC(1281)   Pre Evacuate Collection Set: 0.3ms
[2024-04-13T02:55:28.573+0800][363585.089s] GC(1281)   Merge Heap Roots: 0.2ms
[2024-04-13T02:55:28.573+0800][363585.089s] GC(1281)   Evacuate Collection Set: 1.8ms
[2024-04-13T02:55:28.573+0800][363585.089s] GC(1281)   Post Evacuate Collection Set: 0.6ms
[2024-04-13T02:55:28.573+0800][363585.089s] GC(1281)   Other: 0.1ms
[2024-04-13T02:55:28.573+0800][363585.089s] GC(1281) Eden regions: 305->0(305)
[2024-04-13T02:55:28.574+0800][363585.089s] GC(1281) Survivor regions: 2->2(39)
[2024-04-13T02:55:28.574+0800][363585.089s] GC(1281) Old regions: 68->68
[2024-04-13T02:55:28.574+0800][363585.089s] GC(1281) Humongous regions: 4->4
[2024-04-13T02:55:28.574+0800][363585.089s] GC(1281) Metaspace: 69652K(70272K)->69652K(70272K) NonClass: 61909K(62272K)->61909K(62272K) Class: 7743K(8000K)->7743K(8000K)
[2024-04-13T02:55:28.574+0800][363585.089s] GC(1281) Pause Young (Normal) (G1 Evacuation Pause) 377M->73M(512M) 3.247ms
[2024-04-13T02:55:28.574+0800][363585.089s] GC(1281) User=0.00s Sys=0.00s Real=0.00s
[2024-04-13T02:55:29.844+0800][363586.360s] GC(1282) Pause Young (Normal) (G1 Evacuation Pause)
[2024-04-13T02:55:29.844+0800][363586.360s] GC(1282) Using 13 workers of 13 for evacuation
[2024-04-13T02:55:29.846+0800][363586.362s] GC(1282)   Pre Evacuate Collection Set: 0.2ms
[2024-04-13T02:55:29.846+0800][363586.362s] GC(1282)   Merge Heap Roots: 0.1ms
[2024-04-13T02:55:29.846+0800][363586.362s] GC(1282)   Evacuate Collection Set: 0.8ms
[2024-04-13T02:55:29.846+0800][363586.362s] GC(1282)   Post Evacuate Collection Set: 0.5ms
[2024-04-13T02:55:29.846+0800][363586.362s] GC(1282)   Other: 0.1ms
[2024-04-13T02:55:29.846+0800][363586.362s] GC(1282) Eden regions: 305->0(305)
[2024-04-13T02:55:29.846+0800][363586.362s] GC(1282) Survivor regions: 2->2(39)
[2024-04-13T02:55:29.846+0800][363586.362s] GC(1282) Old regions: 68->68
[2024-04-13T02:55:29.846+0800][363586.362s] GC(1282) Humongous regions: 4->4
[2024-04-13T02:55:29.846+0800][363586.362s] GC(1282) Metaspace: 69652K(70272K)->69652K(70272K) NonClass: 61909K(62272K)->61909K(62272K) Class: 7743K(8000K)->7743K(8000K)
[2024-04-13T02:55:29.846+0800][363586.362s] GC(1282) Pause Young (Normal) (G1 Evacuation Pause) 378M->72M(512M) 1.855ms
[2024-04-13T02:55:29.846+0800][363586.362s] GC(1282) User=0.00s Sys=0.00s Real=0.00s
[2024-04-13T02:55:31.115+0800][363587.631s] GC(1283) Pause Young (Normal) (G1 Evacuation Pause)
[2024-04-13T02:55:31.115+0800][363587.631s] GC(1283) Using 13 workers of 13 for evacuation
[2024-04-13T02:55:31.118+0800][363587.634s] GC(1283)   Pre Evacuate Collection Set: 0.2ms
[2024-04-13T02:55:31.118+0800][363587.634s] GC(1283)   Merge Heap Roots: 0.1ms
[2024-04-13T02:55:31.118+0800][363587.634s] GC(1283)   Evacuate Collection Set: 1.8ms
[2024-04-13T02:55:31.118+0800][363587.634s] GC(1283)   Post Evacuate Collection Set: 0.6ms
[2024-04-13T02:55:31.118+0800][363587.634s] GC(1283)   Other: 0.1ms
[2024-04-13T02:55:31.118+0800][363587.634s] GC(1283) Eden regions: 305->0(305)
[2024-04-13T02:55:31.118+0800][363587.634s] GC(1283) Survivor regions: 2->2(39)
[2024-04-13T02:55:31.118+0800][363587.634s] GC(1283) Old regions: 68->68
[2024-04-13T02:55:31.118+0800][363587.634s] GC(1283) Humongous regions: 4->4
[2024-04-13T02:55:31.118+0800][363587.634s] GC(1283) Metaspace: 69652K(70272K)->69652K(70272K) NonClass: 61909K(62272K)->61909K(62272K) Class: 7743K(8000K)->7743K(8000K)
[2024-04-13T02:55:31.118+0800][363587.634s] GC(1283) Pause Young (Normal) (G1 Evacuation Pause) 377M->73M(512M) 3.114ms
[2024-04-13T02:55:31.118+0800][363587.634s] GC(1283) User=0.00s Sys=0.00s Real=0.00s
[2024-04-13T02:55:32.398+0800][363588.914s] GC(1284) Pause Young (Normal) (G1 Evacuation Pause)
[2024-04-13T02:55:32.398+0800][363588.914s] GC(1284) Using 13 workers of 13 for evacuation
[2024-04-13T02:55:32.404+0800][363588.920s] GC(1284)   Pre Evacuate Collection Set: 0.2ms
[2024-04-13T02:55:32.404+0800][363588.920s] GC(1284)   Merge Heap Roots: 0.1ms
[2024-04-13T02:55:32.404+0800][363588.920s] GC(1284)   Evacuate Collection Set: 4.5ms
[2024-04-13T02:55:32.404+0800][363588.920s] GC(1284)   Post Evacuate Collection Set: 0.8ms
[2024-04-13T02:55:32.404+0800][363588.920s] GC(1284)   Other: 0.1ms
[2024-04-13T02:55:32.404+0800][363588.920s] GC(1284) Eden regions: 305->0(304)
[2024-04-13T02:55:32.404+0800][363588.920s] GC(1284) Survivor regions: 2->3(39)
[2024-04-13T02:55:32.404+0800][363588.920s] GC(1284) Old regions: 68->68
[2024-04-13T02:55:32.404+0800][363588.920s] GC(1284) Humongous regions: 4->4
[2024-04-13T02:55:32.404+0800][363588.920s] GC(1284) Metaspace: 69652K(70272K)->69652K(70272K) NonClass: 61909K(62272K)->61909K(62272K) Class: 7743K(8000K)->7743K(8000K)
[2024-04-13T02:55:32.404+0800][363588.920s] GC(1284) Pause Young (Normal) (G1 Evacuation Pause) 378M->73M(512M) 5.880ms
[2024-04-13T02:55:32.404+0800][363588.920s] GC(1284) User=0.00s Sys=0.00s Real=0.01s
[2024-04-13T02:55:33.973+0800][363590.489s] GC(1285) Pause Young (Normal) (G1 Evacuation Pause)
[2024-04-13T02:55:33.973+0800][363590.489s] GC(1285) Using 13 workers of 13 for evacuation
[2024-04-13T02:55:33.977+0800][363590.493s] GC(1285)   Pre Evacuate Collection Set: 0.3ms
[2024-04-13T02:55:33.977+0800][363590.493s] GC(1285)   Merge Heap Roots: 0.1ms
[2024-04-13T02:55:33.977+0800][363590.493s] GC(1285)   Evacuate Collection Set: 3.0ms
[2024-04-13T02:55:33.977+0800][363590.493s] GC(1285)   Post Evacuate Collection Set: 0.4ms
[2024-04-13T02:55:33.977+0800][363590.493s] GC(1285)   Other: 0.1ms
[2024-04-13T02:55:33.978+0800][363590.493s] GC(1285) Eden regions: 304->0(305)
[2024-04-13T02:55:33.978+0800][363590.493s] GC(1285) Survivor regions: 3->2(39)
[2024-04-13T02:55:33.978+0800][363590.493s] GC(1285) Old regions: 68->68
[2024-04-13T02:55:33.978+0800][363590.493s] GC(1285) Humongous regions: 4->4
[2024-04-13T02:55:33.978+0800][363590.493s] GC(1285) Metaspace: 69652K(70272K)->69652K(70272K) NonClass: 61909K(62272K)->61909K(62272K) Class: 7743K(8000K)->7743K(8000K)
[2024-04-13T02:55:33.978+0800][363590.494s] GC(1285) Pause Young (Normal) (G1 Evacuation Pause) 377M->73M(512M) 4.283ms
[2024-04-13T02:55:33.978+0800][363590.494s] GC(1285) User=0.00s Sys=0.00s Real=0.00s
[2024-04-13T02:55:35.313+0800][363591.828s] GC(1286) Pause Young (Normal) (G1 Evacuation Pause)
[2024-04-13T02:55:35.313+0800][363591.828s] GC(1286) Using 13 workers of 13 for evacuation
[2024-04-13T02:55:35.315+0800][363591.831s] GC(1286)   Pre Evacuate Collection Set: 0.2ms
[2024-04-13T02:55:35.315+0800][363591.831s] GC(1286)   Merge Heap Roots: 0.2ms
[2024-04-13T02:55:35.315+0800][363591.831s] GC(1286)   Evacuate Collection Set: 1.4ms
[2024-04-13T02:55:35.315+0800][363591.831s] GC(1286)   Post Evacuate Collection Set: 0.6ms
[2024-04-13T02:55:35.315+0800][363591.831s] GC(1286)   Other: 0.1ms
[2024-04-13T02:55:35.315+0800][363591.831s] GC(1286) Eden regions: 305->0(305)
[2024-04-13T02:55:35.315+0800][363591.831s] GC(1286) Survivor regions: 2->2(39)
[2024-04-13T02:55:35.315+0800][363591.831s] GC(1286) Old regions: 68->68
[2024-04-13T02:55:35.315+0800][363591.831s] GC(1286) Humongous regions: 4->4
[2024-04-13T02:55:35.315+0800][363591.831s] GC(1286) Metaspace: 69652K(70272K)->69652K(70272K) NonClass: 61909K(62272K)->61909K(62272K) Class: 7743K(8000K)->7743K(8000K)
[2024-04-13T02:55:35.315+0800][363591.831s] GC(1286) Pause Young (Normal) (G1 Evacuation Pause) 378M->73M(512M) 2.672ms
[2024-04-13T02:55:35.315+0800][363591.831s] GC(1286) User=0.00s Sys=0.00s Real=0.00s
[2024-04-13T02:55:36.501+0800][363593.017s] GC(1287) Pause Young (Normal) (G1 Evacuation Pause)
[2024-04-13T02:55:36.501+0800][363593.017s] GC(1287) Using 13 workers of 13 for evacuation
[2024-04-13T02:55:36.504+0800][363593.020s] GC(1287)   Pre Evacuate Collection Set: 0.2ms
[2024-04-13T02:55:36.504+0800][363593.020s] GC(1287)   Merge Heap Roots: 0.1ms
[2024-04-13T02:55:36.504+0800][363593.020s] GC(1287)   Evacuate Collection Set: 1.6ms
[2024-04-13T02:55:36.504+0800][363593.020s] GC(1287)   Post Evacuate Collection Set: 0.6ms
[2024-04-13T02:55:36.504+0800][363593.020s] GC(1287)   Other: 0.1ms
[2024-04-13T02:55:36.504+0800][363593.020s] GC(1287) Eden regions: 305->0(305)
[2024-04-13T02:55:36.504+0800][363593.020s] GC(1287) Survivor regions: 2->2(39)
[2024-04-13T02:55:36.504+0800][363593.020s] GC(1287) Old regions: 68->68
[2024-04-13T02:55:36.504+0800][363593.020s] GC(1287) Humongous regions: 4->4
[2024-04-13T02:55:36.504+0800][363593.020s] GC(1287) Metaspace: 69652K(70272K)->69652K(70272K) NonClass: 61909K(62272K)->61909K(62272K) Class: 7743K(8000K)->7743K(8000K)
[2024-04-13T02:55:36.504+0800][363593.020s] GC(1287) Pause Young (Normal) (G1 Evacuation Pause) 378M->73M(512M) 2.802ms
[2024-04-13T02:55:36.504+0800][363593.020s] GC(1287) User=0.02s Sys=0.00s Real=0.00s
[2024-04-13T02:55:37.683+0800][363594.199s] GC(1288) Pause Young (Normal) (G1 Evacuation Pause)
[2024-04-13T02:55:37.683+0800][363594.199s] GC(1288) Using 13 workers of 13 for evacuation
[2024-04-13T02:55:37.685+0800][363594.201s] GC(1288)   Pre Evacuate Collection Set: 0.2ms
[2024-04-13T02:55:37.686+0800][363594.201s] GC(1288)   Merge Heap Roots: 0.1ms
[2024-04-13T02:55:37.686+0800][363594.201s] GC(1288)   Evacuate Collection Set: 1.7ms
[2024-04-13T02:55:37.686+0800][363594.201s] GC(1288)   Post Evacuate Collection Set: 0.5ms
[2024-04-13T02:55:37.686+0800][363594.201s] GC(1288)   Other: 0.1ms
[2024-04-13T02:55:37.686+0800][363594.201s] GC(1288) Eden regions: 305->0(305)
[2024-04-13T02:55:37.686+0800][363594.201s] GC(1288) Survivor regions: 2->2(39)
[2024-04-13T02:55:37.686+0800][363594.201s] GC(1288) Old regions: 68->68
[2024-04-13T02:55:37.686+0800][363594.201s] GC(1288) Humongous regions: 4->4
[2024-04-13T02:55:37.686+0800][363594.201s] GC(1288) Metaspace: 69652K(70272K)->69652K(70272K) NonClass: 61909K(62272K)->61909K(62272K) Class: 7743K(8000K)->7743K(8000K)
[2024-04-13T02:55:37.686+0800][363594.201s] GC(1288) Pause Young (Normal) (G1 Evacuation Pause) 378M->73M(512M) 2.789ms
[2024-04-13T02:55:37.686+0800][363594.201s] GC(1288) User=0.00s Sys=0.00s Real=0.00s
[2024-04-13T02:55:38.901+0800][363595.416s] GC(1289) Pause Young (Normal) (G1 Evacuation Pause)
[2024-04-13T02:55:38.901+0800][363595.417s] GC(1289) Using 13 workers of 13 for evacuation
[2024-04-13T02:55:38.904+0800][363595.419s] GC(1289)   Pre Evacuate Collection Set: 0.2ms
[2024-04-13T02:55:38.904+0800][363595.419s] GC(1289)   Merge Heap Roots: 0.1ms
[2024-04-13T02:55:38.904+0800][363595.419s] GC(1289)   Evacuate Collection Set: 1.8ms
[2024-04-13T02:55:38.904+0800][363595.420s] GC(1289)   Post Evacuate Collection Set: 0.7ms
[2024-04-13T02:55:38.904+0800][363595.420s] GC(1289)   Other: 0.1ms
[2024-04-13T02:55:38.904+0800][363595.420s] GC(1289) Eden regions: 305->0(305)
[2024-04-13T02:55:38.904+0800][363595.420s] GC(1289) Survivor regions: 2->2(39)
[2024-04-13T02:55:38.904+0800][363595.420s] GC(1289) Old regions: 68->68
[2024-04-13T02:55:38.904+0800][363595.420s] GC(1289) Humongous regions: 4->4
[2024-04-13T02:55:38.904+0800][363595.420s] GC(1289) Metaspace: 69652K(70272K)->69652K(70272K) NonClass: 61909K(62272K)->61909K(62272K) Class: 7743K(8000K)->7743K(8000K)
[2024-04-13T02:55:38.904+0800][363595.420s] GC(1289) Pause Young (Normal) (G1 Evacuation Pause) 378M->73M(512M) 3.228ms
[2024-04-13T02:55:38.904+0800][363595.420s] GC(1289) User=0.00s Sys=0.00s Real=0.00s
[2024-04-13T02:55:40.092+0800][363596.607s] GC(1290) Pause Young (Normal) (G1 Evacuation Pause)
[2024-04-13T02:55:40.092+0800][363596.607s] GC(1290) Using 13 workers of 13 for evacuation
[2024-04-13T02:55:40.095+0800][363596.610s] GC(1290)   Pre Evacuate Collection Set: 0.2ms
[2024-04-13T02:55:40.095+0800][363596.610s] GC(1290)   Merge Heap Roots: 0.2ms
[2024-04-13T02:55:40.095+0800][363596.610s] GC(1290)   Evacuate Collection Set: 1.8ms
[2024-04-13T02:55:40.095+0800][363596.610s] GC(1290)   Post Evacuate Collection Set: 0.8ms
[2024-04-13T02:55:40.095+0800][363596.610s] GC(1290)   Other: 0.1ms
[2024-04-13T02:55:40.095+0800][363596.610s] GC(1290) Eden regions: 305->0(305)
[2024-04-13T02:55:40.095+0800][363596.610s] GC(1290) Survivor regions: 2->2(39)
[2024-04-13T02:55:40.095+0800][363596.610s] GC(1290) Old regions: 68->68
[2024-04-13T02:55:40.095+0800][363596.611s] GC(1290) Humongous regions: 4->4
[2024-04-13T02:55:40.095+0800][363596.611s] GC(1290) Metaspace: 69652K(70272K)->69652K(70272K) NonClass: 61909K(62272K)->61909K(62272K) Class: 7743K(8000K)->7743K(8000K)
[2024-04-13T02:55:40.095+0800][363596.611s] GC(1290) Pause Young (Normal) (G1 Evacuation Pause) 378M->73M(512M) 3.322ms
[2024-04-13T02:55:40.095+0800][363596.611s] GC(1290) User=0.00s Sys=0.00s Real=0.00s
[2024-04-13T02:55:41.332+0800][363597.848s] GC(1291) Pause Young (Normal) (G1 Evacuation Pause)
[2024-04-13T02:55:41.332+0800][363597.848s] GC(1291) Using 13 workers of 13 for evacuation
[2024-04-13T02:55:41.335+0800][363597.851s] GC(1291)   Pre Evacuate Collection Set: 0.2ms
[2024-04-13T02:55:41.335+0800][363597.851s] GC(1291)   Merge Heap Roots: 0.2ms
[2024-04-13T02:55:41.335+0800][363597.851s] GC(1291)   Evacuate Collection Set: 1.6ms
[2024-04-13T02:55:41.335+0800][363597.851s] GC(1291)   Post Evacuate Collection Set: 0.6ms
[2024-04-13T02:55:41.335+0800][363597.851s] GC(1291)   Other: 0.1ms
[2024-04-13T02:55:41.335+0800][363597.851s] GC(1291) Eden regions: 305->0(305)
[2024-04-13T02:55:41.335+0800][363597.851s] GC(1291) Survivor regions: 2->2(39)
[2024-04-13T02:55:41.335+0800][363597.851s] GC(1291) Old regions: 68->68
[2024-04-13T02:55:41.335+0800][363597.851s] GC(1291) Humongous regions: 4->4
[2024-04-13T02:55:41.335+0800][363597.851s] GC(1291) Metaspace: 69652K(70272K)->69652K(70272K) NonClass: 61909K(62272K)->61909K(62272K) Class: 7743K(8000K)->7743K(8000K)
[2024-04-13T02:55:41.335+0800][363597.851s] GC(1291) Pause Young (Normal) (G1 Evacuation Pause) 378M->73M(512M) 2.962ms
[2024-04-13T02:55:41.335+0800][363597.851s] GC(1291) User=0.00s Sys=0.00s Real=0.00s
[2024-04-13T02:55:42.541+0800][363599.057s] GC(1292) Pause Young (Normal) (G1 Evacuation Pause)
[2024-04-13T02:55:42.541+0800][363599.057s] GC(1292) Using 13 workers of 13 for evacuation
[2024-04-13T02:55:42.544+0800][363599.060s] GC(1292)   Pre Evacuate Collection Set: 0.2ms
[2024-04-13T02:55:42.544+0800][363599.060s] GC(1292)   Merge Heap Roots: 0.2ms
[2024-04-13T02:55:42.544+0800][363599.060s] GC(1292)   Evacuate Collection Set: 1.4ms
[2024-04-13T02:55:42.544+0800][363599.060s] GC(1292)   Post Evacuate Collection Set: 0.7ms
[2024-04-13T02:55:42.544+0800][363599.060s] GC(1292)   Other: 0.1ms
[2024-04-13T02:55:42.544+0800][363599.060s] GC(1292) Eden regions: 305->0(304)
[2024-04-13T02:55:42.544+0800][363599.060s] GC(1292) Survivor regions: 2->3(39)
[2024-04-13T02:55:42.544+0800][363599.060s] GC(1292) Old regions: 68->68
[2024-04-13T02:55:42.544+0800][363599.060s] GC(1292) Humongous regions: 4->4
[2024-04-13T02:55:42.544+0800][363599.060s] GC(1292) Metaspace: 69652K(70272K)->69652K(70272K) NonClass: 61909K(62272K)->61909K(62272K) Class: 7743K(8000K)->7743K(8000K)
[2024-04-13T02:55:42.544+0800][363599.060s] GC(1292) Pause Young (Normal) (G1 Evacuation Pause) 378M->73M(512M) 2.779ms
[2024-04-13T02:55:42.544+0800][363599.060s] GC(1292) User=0.00s Sys=0.00s Real=0.00s
[2024-04-13T02:55:43.734+0800][363600.250s] GC(1293) Pause Young (Normal) (G1 Evacuation Pause)
[2024-04-13T02:55:43.734+0800][363600.250s] GC(1293) Using 13 workers of 13 for evacuation
[2024-04-13T02:55:43.736+0800][363600.252s] GC(1293)   Pre Evacuate Collection Set: 0.2ms
[2024-04-13T02:55:43.736+0800][363600.252s] GC(1293)   Merge Heap Roots: 0.2ms
[2024-04-13T02:55:43.736+0800][363600.252s] GC(1293)   Evacuate Collection Set: 1.4ms
[2024-04-13T02:55:43.736+0800][363600.252s] GC(1293)   Post Evacuate Collection Set: 0.7ms
[2024-04-13T02:55:43.736+0800][363600.252s] GC(1293)   Other: 0.1ms
[2024-04-13T02:55:43.737+0800][363600.253s] GC(1293) Eden regions: 304->0(305)
[2024-04-13T02:55:43.737+0800][363600.253s] GC(1293) Survivor regions: 3->2(39)
[2024-04-13T02:55:43.737+0800][363600.253s] GC(1293) Old regions: 68->68
[2024-04-13T02:55:43.737+0800][363600.253s] GC(1293) Humongous regions: 4->4
[2024-04-13T02:55:43.737+0800][363600.253s] GC(1293) Metaspace: 69652K(70272K)->69652K(70272K) NonClass: 61909K(62272K)->61909K(62272K) Class: 7743K(8000K)->7743K(8000K)
[2024-04-13T02:55:43.737+0800][363600.253s] GC(1293) Pause Young (Normal) (G1 Evacuation Pause) 377M->73M(512M) 2.815ms
[2024-04-13T02:55:43.737+0800][363600.253s] GC(1293) User=0.00s Sys=0.00s Real=0.00s
[2024-04-13T02:55:45.009+0800][363601.525s] GC(1294) Pause Young (Normal) (G1 Evacuation Pause)
[2024-04-13T02:55:45.009+0800][363601.525s] GC(1294) Using 13 workers of 13 for evacuation
[2024-04-13T02:55:45.011+0800][363601.527s] GC(1294)   Pre Evacuate Collection Set: 0.2ms
[2024-04-13T02:55:45.012+0800][363601.528s] GC(1294)   Merge Heap Roots: 0.1ms
[2024-04-13T02:55:45.012+0800][363601.528s] GC(1294)   Evacuate Collection Set: 1.5ms
[2024-04-13T02:55:45.012+0800][363601.528s] GC(1294)   Post Evacuate Collection Set: 0.5ms
[2024-04-13T02:55:45.012+0800][363601.528s] GC(1294)   Other: 0.1ms
[2024-04-13T02:55:45.012+0800][363601.528s] GC(1294) Eden regions: 305->0(304)
[2024-04-13T02:55:45.012+0800][363601.528s] GC(1294) Survivor regions: 2->3(39)
[2024-04-13T02:55:45.012+0800][363601.528s] GC(1294) Old regions: 68->68
[2024-04-13T02:55:45.012+0800][363601.528s] GC(1294) Humongous regions: 4->4
[2024-04-13T02:55:45.012+0800][363601.528s] GC(1294) Metaspace: 69652K(70272K)->69652K(70272K) NonClass: 61909K(62272K)->61909K(62272K) Class: 7743K(8000K)->7743K(8000K)
[2024-04-13T02:55:45.012+0800][363601.528s] GC(1294) Pause Young (Normal) (G1 Evacuation Pause) 378M->74M(512M) 2.735ms
[2024-04-13T02:55:45.012+0800][363601.528s] GC(1294) User=0.00s Sys=0.00s Real=0.00s
[2024-04-13T02:55:46.214+0800][363602.730s] GC(1295) Pause Young (Normal) (G1 Evacuation Pause)
[2024-04-13T02:55:46.214+0800][363602.730s] GC(1295) Using 13 workers of 13 for evacuation
[2024-04-13T02:55:46.216+0800][363602.732s] GC(1295)   Pre Evacuate Collection Set: 0.2ms
[2024-04-13T02:55:46.216+0800][363602.732s] GC(1295)   Merge Heap Roots: 0.1ms
[2024-04-13T02:55:46.216+0800][363602.732s] GC(1295)   Evacuate Collection Set: 1.5ms
[2024-04-13T02:55:46.216+0800][363602.732s] GC(1295)   Post Evacuate Collection Set: 0.5ms
[2024-04-13T02:55:46.216+0800][363602.732s] GC(1295)   Other: 0.1ms
[2024-04-13T02:55:46.216+0800][363602.732s] GC(1295) Eden regions: 304->0(305)
[2024-04-13T02:55:46.216+0800][363602.732s] GC(1295) Survivor regions: 3->2(39)
[2024-04-13T02:55:46.216+0800][363602.732s] GC(1295) Old regions: 68->68
[2024-04-13T02:55:46.216+0800][363602.732s] GC(1295) Humongous regions: 4->4
[2024-04-13T02:55:46.216+0800][363602.732s] GC(1295) Metaspace: 69652K(70272K)->69652K(70272K) NonClass: 61909K(62272K)->61909K(62272K) Class: 7743K(8000K)->7743K(8000K)
[2024-04-13T02:55:46.216+0800][363602.732s] GC(1295) Pause Young (Normal) (G1 Evacuation Pause) 378M->73M(512M) 2.598ms
[2024-04-13T02:55:46.216+0800][363602.732s] GC(1295) User=0.00s Sys=0.00s Real=0.00s
[2024-04-13T02:55:47.474+0800][363603.990s] GC(1296) Pause Young (Normal) (G1 Evacuation Pause)
[2024-04-13T02:55:47.474+0800][363603.990s] GC(1296) Using 13 workers of 13 for evacuation
[2024-04-13T02:55:47.476+0800][363603.992s] GC(1296)   Pre Evacuate Collection Set: 0.2ms
[2024-04-13T02:55:47.476+0800][363603.992s] GC(1296)   Merge Heap Roots: 0.1ms
[2024-04-13T02:55:47.476+0800][363603.992s] GC(1296)   Evacuate Collection Set: 1.6ms
[2024-04-13T02:55:47.476+0800][363603.992s] GC(1296)   Post Evacuate Collection Set: 0.7ms
[2024-04-13T02:55:47.476+0800][363603.992s] GC(1296)   Other: 0.1ms
[2024-04-13T02:55:47.476+0800][363603.992s] GC(1296) Eden regions: 305->0(305)
[2024-04-13T02:55:47.476+0800][363603.992s] GC(1296) Survivor regions: 2->2(39)
[2024-04-13T02:55:47.476+0800][363603.992s] GC(1296) Old regions: 68->69
[2024-04-13T02:55:47.476+0800][363603.992s] GC(1296) Humongous regions: 4->4
[2024-04-13T02:55:47.476+0800][363603.992s] GC(1296) Metaspace: 69652K(70272K)->69652K(70272K) NonClass: 61909K(62272K)->61909K(62272K) Class: 7743K(8000K)->7743K(8000K)
[2024-04-13T02:55:47.476+0800][363603.992s] GC(1296) Pause Young (Normal) (G1 Evacuation Pause) 378M->73M(512M) 2.933ms
[2024-04-13T02:55:47.477+0800][363603.993s] GC(1296) User=0.00s Sys=0.00s Real=0.00s
[2024-04-13T02:55:48.672+0800][363605.188s] GC(1297) Pause Young (Normal) (G1 Evacuation Pause)
[2024-04-13T02:55:48.672+0800][363605.188s] GC(1297) Using 13 workers of 13 for evacuation
[2024-04-13T02:55:48.674+0800][363605.190s] GC(1297)   Pre Evacuate Collection Set: 0.2ms
[2024-04-13T02:55:48.674+0800][363605.190s] GC(1297)   Merge Heap Roots: 0.1ms
[2024-04-13T02:55:48.674+0800][363605.190s] GC(1297)   Evacuate Collection Set: 1.6ms
[2024-04-13T02:55:48.674+0800][363605.190s] GC(1297)   Post Evacuate Collection Set: 0.6ms
[2024-04-13T02:55:48.674+0800][363605.190s] GC(1297)   Other: 0.1ms
[2024-04-13T02:55:48.674+0800][363605.190s] GC(1297) Eden regions: 305->0(305)
[2024-04-13T02:55:48.674+0800][363605.190s] GC(1297) Survivor regions: 2->2(39)
[2024-04-13T02:55:48.674+0800][363605.190s] GC(1297) Old regions: 69->69
[2024-04-13T02:55:48.674+0800][363605.190s] GC(1297) Humongous regions: 4->4
[2024-04-13T02:55:48.674+0800][363605.190s] GC(1297) Metaspace: 69652K(70272K)->69652K(70272K) NonClass: 61909K(62272K)->61909K(62272K) Class: 7743K(8000K)->7743K(8000K)
[2024-04-13T02:55:48.674+0800][363605.190s] GC(1297) Pause Young (Normal) (G1 Evacuation Pause) 378M->73M(512M) 2.724ms
[2024-04-13T02:55:48.674+0800][363605.190s] GC(1297) User=0.00s Sys=0.00s Real=0.00s
[2024-04-13T02:55:49.892+0800][363606.407s] GC(1298) Pause Young (Normal) (G1 Evacuation Pause)
[2024-04-13T02:55:49.892+0800][363606.407s] GC(1298) Using 13 workers of 13 for evacuation
[2024-04-13T02:55:49.894+0800][363606.410s] GC(1298)   Pre Evacuate Collection Set: 0.2ms
[2024-04-13T02:55:49.894+0800][363606.410s] GC(1298)   Merge Heap Roots: 0.1ms
[2024-04-13T02:55:49.894+0800][363606.410s] GC(1298)   Evacuate Collection Set: 1.5ms
[2024-04-13T02:55:49.894+0800][363606.410s] GC(1298)   Post Evacuate Collection Set: 0.6ms
[2024-04-13T02:55:49.894+0800][363606.410s] GC(1298)   Other: 0.1ms
[2024-04-13T02:55:49.894+0800][363606.410s] GC(1298) Eden regions: 305->0(305)
[2024-04-13T02:55:49.894+0800][363606.410s] GC(1298) Survivor regions: 2->2(39)
[2024-04-13T02:55:49.894+0800][363606.410s] GC(1298) Old regions: 69->69
[2024-04-13T02:55:49.894+0800][363606.410s] GC(1298) Humongous regions: 4->4
[2024-04-13T02:55:49.894+0800][363606.410s] GC(1298) Metaspace: 69652K(70272K)->69652K(70272K) NonClass: 61909K(62272K)->61909K(62272K) Class: 7743K(8000K)->7743K(8000K)
[2024-04-13T02:55:49.894+0800][363606.410s] GC(1298) Pause Young (Normal) (G1 Evacuation Pause) 378M->73M(512M) 2.656ms
[2024-04-13T02:55:49.894+0800][363606.410s] GC(1298) User=0.08s Sys=0.00s Real=0.00s
[2024-04-13T02:55:51.106+0800][363607.622s] GC(1299) Pause Young (Normal) (G1 Evacuation Pause)
[2024-04-13T02:55:51.106+0800][363607.622s] GC(1299) Using 13 workers of 13 for evacuation
[2024-04-13T02:55:51.109+0800][363607.625s] GC(1299)   Pre Evacuate Collection Set: 0.2ms
[2024-04-13T02:55:51.109+0800][363607.625s] GC(1299)   Merge Heap Roots: 0.1ms
[2024-04-13T02:55:51.109+0800][363607.625s] GC(1299)   Evacuate Collection Set: 1.4ms
[2024-04-13T02:55:51.109+0800][363607.625s] GC(1299)   Post Evacuate Collection Set: 0.6ms
[2024-04-13T02:55:51.109+0800][363607.625s] GC(1299)   Other: 0.1ms
[2024-04-13T02:55:51.109+0800][363607.625s] GC(1299) Eden regions: 305->0(305)
[2024-04-13T02:55:51.109+0800][363607.625s] GC(1299) Survivor regions: 2->2(39)
[2024-04-13T02:55:51.109+0800][363607.625s] GC(1299) Old regions: 69->69
[2024-04-13T02:55:51.109+0800][363607.625s] GC(1299) Humongous regions: 4->4
[2024-04-13T02:55:51.109+0800][363607.625s] GC(1299) Metaspace: 69652K(70272K)->69652K(70272K) NonClass: 61909K(62272K)->61909K(62272K) Class: 7743K(8000K)->7743K(8000K)
[2024-04-13T02:55:51.109+0800][363607.625s] GC(1299) Pause Young (Normal) (G1 Evacuation Pause) 378M->73M(512M) 2.622ms
[2024-04-13T02:55:51.109+0800][363607.625s] GC(1299) User=0.00s Sys=0.00s Real=0.00s
[2024-04-13T02:55:52.297+0800][363608.813s] GC(1300) Pause Young (Normal) (G1 Evacuation Pause)
[2024-04-13T02:55:52.297+0800][363608.813s] GC(1300) Using 13 workers of 13 for evacuation
[2024-04-13T02:55:52.299+0800][363608.815s] GC(1300)   Pre Evacuate Collection Set: 0.1ms
[2024-04-13T02:55:52.299+0800][363608.815s] GC(1300)   Merge Heap Roots: 0.1ms
[2024-04-13T02:55:52.299+0800][363608.815s] GC(1300)   Evacuate Collection Set: 1.4ms
[2024-04-13T02:55:52.299+0800][363608.815s] GC(1300)   Post Evacuate Collection Set: 0.5ms
[2024-04-13T02:55:52.299+0800][363608.815s] GC(1300)   Other: 0.1ms
[2024-04-13T02:55:52.299+0800][363608.815s] GC(1300) Eden regions: 305->0(305)
[2024-04-13T02:55:52.299+0800][363608.815s] GC(1300) Survivor regions: 2->2(39)
[2024-04-13T02:55:52.299+0800][363608.815s] GC(1300) Old regions: 69->69
[2024-04-13T02:55:52.299+0800][363608.815s] GC(1300) Humongous regions: 4->4
[2024-04-13T02:55:52.299+0800][363608.815s] GC(1300) Metaspace: 69652K(70272K)->69652K(70272K) NonClass: 61909K(62272K)->61909K(62272K) Class: 7743K(8000K)->7743K(8000K)
[2024-04-13T02:55:52.299+0800][363608.815s] GC(1300) Pause Young (Normal) (G1 Evacuation Pause) 378M->73M(512M) 2.529ms
[2024-04-13T02:55:52.299+0800][363608.815s] GC(1300) User=0.00s Sys=0.00s Real=0.00s
[2024-04-13T02:55:53.534+0800][363610.050s] GC(1301) Pause Young (Normal) (G1 Evacuation Pause)
[2024-04-13T02:55:53.535+0800][363610.050s] GC(1301) Using 13 workers of 13 for evacuation
[2024-04-13T02:55:53.537+0800][363610.053s] GC(1301)   Pre Evacuate Collection Set: 0.3ms
[2024-04-13T02:55:53.537+0800][363610.053s] GC(1301)   Merge Heap Roots: 0.2ms
[2024-04-13T02:55:53.537+0800][363610.053s] GC(1301)   Evacuate Collection Set: 1.7ms
[2024-04-13T02:55:53.537+0800][363610.053s] GC(1301)   Post Evacuate Collection Set: 0.6ms
[2024-04-13T02:55:53.537+0800][363610.053s] GC(1301)   Other: 0.1ms
[2024-04-13T02:55:53.537+0800][363610.053s] GC(1301) Eden regions: 305->0(305)
[2024-04-13T02:55:53.538+0800][363610.053s] GC(1301) Survivor regions: 2->2(39)
[2024-04-13T02:55:53.538+0800][363610.053s] GC(1301) Old regions: 69->69
[2024-04-13T02:55:53.538+0800][363610.053s] GC(1301) Humongous regions: 4->4
[2024-04-13T02:55:53.538+0800][363610.053s] GC(1301) Metaspace: 69652K(70272K)->69652K(70272K) NonClass: 61909K(62272K)->61909K(62272K) Class: 7743K(8000K)->7743K(8000K)
[2024-04-13T02:55:53.538+0800][363610.053s] GC(1301) Pause Young (Normal) (G1 Evacuation Pause) 378M->73M(512M) 3.130ms
[2024-04-13T02:55:53.538+0800][363610.053s] GC(1301) User=0.02s Sys=0.00s Real=0.00s
[2024-04-13T02:55:54.732+0800][363611.248s] GC(1302) Pause Young (Normal) (G1 Evacuation Pause)
[2024-04-13T02:55:54.732+0800][363611.248s] GC(1302) Using 13 workers of 13 for evacuation
[2024-04-13T02:55:54.734+0800][363611.250s] GC(1302)   Pre Evacuate Collection Set: 0.2ms
[2024-04-13T02:55:54.734+0800][363611.250s] GC(1302)   Merge Heap Roots: 0.1ms
[2024-04-13T02:55:54.734+0800][363611.250s] GC(1302)   Evacuate Collection Set: 1.5ms
[2024-04-13T02:55:54.734+0800][363611.250s] GC(1302)   Post Evacuate Collection Set: 0.6ms
[2024-04-13T02:55:54.734+0800][363611.250s] GC(1302)   Other: 0.1ms
[2024-04-13T02:55:54.734+0800][363611.250s] GC(1302) Eden regions: 305->0(305)
[2024-04-13T02:55:54.734+0800][363611.251s] GC(1302) Survivor regions: 2->2(39)
[2024-04-13T02:55:54.734+0800][363611.251s] GC(1302) Old regions: 69->69
[2024-04-13T02:55:54.734+0800][363611.251s] GC(1302) Humongous regions: 4->4
[2024-04-13T02:55:54.734+0800][363611.251s] GC(1302) Metaspace: 69652K(70272K)->69652K(70272K) NonClass: 61909K(62272K)->61909K(62272K) Class: 7743K(8000K)->7743K(8000K)
[2024-04-13T02:55:54.734+0800][363611.251s] GC(1302) Pause Young (Normal) (G1 Evacuation Pause) 378M->73M(512M) 2.696ms
[2024-04-13T02:55:54.734+0800][363611.251s] GC(1302) User=0.00s Sys=0.00s Real=0.00s
[2024-04-13T02:55:55.968+0800][363612.484s] GC(1303) Pause Young (Normal) (G1 Evacuation Pause)
[2024-04-13T02:55:55.968+0800][363612.484s] GC(1303) Using 13 workers of 13 for evacuation
[2024-04-13T02:55:55.971+0800][363612.486s] GC(1303)   Pre Evacuate Collection Set: 0.2ms
[2024-04-13T02:55:55.971+0800][363612.487s] GC(1303)   Merge Heap Roots: 0.1ms
[2024-04-13T02:55:55.971+0800][363612.487s] GC(1303)   Evacuate Collection Set: 1.5ms
[2024-04-13T02:55:55.971+0800][363612.487s] GC(1303)   Post Evacuate Collection Set: 0.5ms
[2024-04-13T02:55:55.971+0800][363612.487s] GC(1303)   Other: 0.1ms
[2024-04-13T02:55:55.971+0800][363612.487s] GC(1303) Eden regions: 305->0(305)
[2024-04-13T02:55:55.971+0800][363612.487s] GC(1303) Survivor regions: 2->2(39)
[2024-04-13T02:55:55.971+0800][363612.487s] GC(1303) Old regions: 69->69
[2024-04-13T02:55:55.971+0800][363612.487s] GC(1303) Humongous regions: 4->4
[2024-04-13T02:55:55.971+0800][363612.487s] GC(1303) Metaspace: 69652K(70272K)->69652K(70272K) NonClass: 61909K(62272K)->61909K(62272K) Class: 7743K(8000K)->7743K(8000K)
[2024-04-13T02:55:55.971+0800][363612.487s] GC(1303) Pause Young (Normal) (G1 Evacuation Pause) 378M->73M(512M) 2.641ms
[2024-04-13T02:55:55.971+0800][363612.487s] GC(1303) User=0.00s Sys=0.00s Real=0.00s
[2024-04-13T02:55:57.164+0800][363613.680s] GC(1304) Pause Young (Normal) (G1 Evacuation Pause)
[2024-04-13T02:55:57.164+0800][363613.680s] GC(1304) Using 13 workers of 13 for evacuation
[2024-04-13T02:55:57.166+0800][363613.682s] GC(1304)   Pre Evacuate Collection Set: 0.1ms
[2024-04-13T02:55:57.166+0800][363613.682s] GC(1304)   Merge Heap Roots: 0.1ms
[2024-04-13T02:55:57.166+0800][363613.682s] GC(1304)   Evacuate Collection Set: 1.3ms
[2024-04-13T02:55:57.166+0800][363613.682s] GC(1304)   Post Evacuate Collection Set: 0.5ms
[2024-04-13T02:55:57.166+0800][363613.682s] GC(1304)   Other: 0.1ms
[2024-04-13T02:55:57.166+0800][363613.682s] GC(1304) Eden regions: 305->0(305)
[2024-04-13T02:55:57.167+0800][363613.682s] GC(1304) Survivor regions: 2->2(39)
[2024-04-13T02:55:57.167+0800][363613.682s] GC(1304) Old regions: 69->69
[2024-04-13T02:55:57.167+0800][363613.682s] GC(1304) Humongous regions: 4->4
[2024-04-13T02:55:57.167+0800][363613.682s] GC(1304) Metaspace: 69652K(70272K)->69652K(70272K) NonClass: 61909K(62272K)->61909K(62272K) Class: 7743K(8000K)->7743K(8000K)
[2024-04-13T02:55:57.167+0800][363613.682s] GC(1304) Pause Young (Normal) (G1 Evacuation Pause) 378M->73M(512M) 2.413ms
[2024-04-13T02:55:57.167+0800][363613.682s] GC(1304) User=0.00s Sys=0.00s Real=0.00s
[2024-04-13T02:55:58.356+0800][363614.872s] GC(1305) Pause Young (Normal) (G1 Evacuation Pause)
[2024-04-13T02:55:58.356+0800][363614.872s] GC(1305) Using 13 workers of 13 for evacuation
[2024-04-13T02:55:58.358+0800][363614.874s] GC(1305)   Pre Evacuate Collection Set: 0.2ms
[2024-04-13T02:55:58.358+0800][363614.874s] GC(1305)   Merge Heap Roots: 0.1ms
[2024-04-13T02:55:58.358+0800][363614.874s] GC(1305)   Evacuate Collection Set: 1.2ms
[2024-04-13T02:55:58.358+0800][363614.874s] GC(1305)   Post Evacuate Collection Set: 0.5ms
[2024-04-13T02:55:58.358+0800][363614.874s] GC(1305)   Other: 0.1ms
[2024-04-13T02:55:58.358+0800][363614.874s] GC(1305) Eden regions: 305->0(305)
[2024-04-13T02:55:58.358+0800][363614.874s] GC(1305) Survivor regions: 2->2(39)
[2024-04-13T02:55:58.358+0800][363614.874s] GC(1305) Old regions: 69->69
[2024-04-13T02:55:58.358+0800][363614.874s] GC(1305) Humongous regions: 4->4
[2024-04-13T02:55:58.358+0800][363614.874s] GC(1305) Metaspace: 69652K(70272K)->69652K(70272K) NonClass: 61909K(62272K)->61909K(62272K) Class: 7743K(8000K)->7743K(8000K)
[2024-04-13T02:55:58.358+0800][363614.874s] GC(1305) Pause Young (Normal) (G1 Evacuation Pause) 378M->74M(512M) 2.334ms
[2024-04-13T02:55:58.358+0800][363614.874s] GC(1305) User=0.00s Sys=0.00s Real=0.00s
[2024-04-13T02:55:59.821+0800][363616.337s] GC(1306) Pause Young (Normal) (G1 Evacuation Pause)
[2024-04-13T02:55:59.821+0800][363616.337s] GC(1306) Using 13 workers of 13 for evacuation
[2024-04-13T02:55:59.825+0800][363616.340s] GC(1306)   Pre Evacuate Collection Set: 0.2ms
[2024-04-13T02:55:59.825+0800][363616.340s] GC(1306)   Merge Heap Roots: 0.2ms
[2024-04-13T02:55:59.825+0800][363616.340s] GC(1306)   Evacuate Collection Set: 2.6ms
[2024-04-13T02:55:59.825+0800][363616.340s] GC(1306)   Post Evacuate Collection Set: 0.7ms
[2024-04-13T02:55:59.825+0800][363616.340s] GC(1306)   Other: 0.1ms
[2024-04-13T02:55:59.825+0800][363616.340s] GC(1306) Eden regions: 305->0(305)
[2024-04-13T02:55:59.825+0800][363616.340s] GC(1306) Survivor regions: 2->2(39)
[2024-04-13T02:55:59.825+0800][363616.340s] GC(1306) Old regions: 69->69
[2024-04-13T02:55:59.825+0800][363616.340s] GC(1306) Humongous regions: 4->4
[2024-04-13T02:55:59.825+0800][363616.340s] GC(1306) Metaspace: 69652K(70272K)->69652K(70272K) NonClass: 61909K(62272K)->61909K(62272K) Class: 7743K(8000K)->7743K(8000K)
[2024-04-13T02:55:59.825+0800][363616.341s] GC(1306) Pause Young (Normal) (G1 Evacuation Pause) 379M->73M(512M) 3.915ms
[2024-04-13T02:55:59.825+0800][363616.341s] GC(1306) User=0.00s Sys=0.00s Real=0.00s
[2024-04-13T02:56:01.513+0800][363618.029s] GC(1307) Pause Young (Normal) (G1 Evacuation Pause)
[2024-04-13T02:56:01.513+0800][363618.029s] GC(1307) Using 13 workers of 13 for evacuation
[2024-04-13T02:56:01.517+0800][363618.033s] GC(1307)   Pre Evacuate Collection Set: 0.2ms
[2024-04-13T02:56:01.517+0800][363618.033s] GC(1307)   Merge Heap Roots: 0.1ms
[2024-04-13T02:56:01.517+0800][363618.033s] GC(1307)   Evacuate Collection Set: 2.1ms
[2024-04-13T02:56:01.517+0800][363618.033s] GC(1307)   Post Evacuate Collection Set: 0.7ms
[2024-04-13T02:56:01.517+0800][363618.033s] GC(1307)   Other: 0.1ms
[2024-04-13T02:56:01.517+0800][363618.033s] GC(1307) Eden regions: 305->0(305)
[2024-04-13T02:56:01.517+0800][363618.033s] GC(1307) Survivor regions: 2->2(39)
[2024-04-13T02:56:01.517+0800][363618.033s] GC(1307) Old regions: 69->69
[2024-04-13T02:56:01.517+0800][363618.033s] GC(1307) Humongous regions: 4->4
[2024-04-13T02:56:01.517+0800][363618.033s] GC(1307) Metaspace: 69652K(70272K)->69652K(70272K) NonClass: 61909K(62272K)->61909K(62272K) Class: 7743K(8000K)->7743K(8000K)
[2024-04-13T02:56:01.517+0800][363618.033s] GC(1307) Pause Young (Normal) (G1 Evacuation Pause) 378M->74M(512M) 3.511ms
[2024-04-13T02:56:01.517+0800][363618.033s] GC(1307) User=0.00s Sys=0.00s Real=0.00s
[2024-04-13T02:56:03.062+0800][363619.578s] GC(1308) Pause Young (Normal) (G1 Evacuation Pause)
[2024-04-13T02:56:03.062+0800][363619.578s] GC(1308) Using 13 workers of 13 for evacuation
[2024-04-13T02:56:03.065+0800][363619.580s] GC(1308)   Pre Evacuate Collection Set: 0.2ms
[2024-04-13T02:56:03.065+0800][363619.581s] GC(1308)   Merge Heap Roots: 0.1ms
[2024-04-13T02:56:03.065+0800][363619.581s] GC(1308)   Evacuate Collection Set: 1.6ms
[2024-04-13T02:56:03.065+0800][363619.581s] GC(1308)   Post Evacuate Collection Set: 0.7ms
[2024-04-13T02:56:03.065+0800][363619.581s] GC(1308)   Other: 0.1ms
[2024-04-13T02:56:03.065+0800][363619.581s] GC(1308) Eden regions: 305->0(305)
[2024-04-13T02:56:03.065+0800][363619.581s] GC(1308) Survivor regions: 2->2(39)
[2024-04-13T02:56:03.065+0800][363619.581s] GC(1308) Old regions: 69->69
[2024-04-13T02:56:03.065+0800][363619.581s] GC(1308) Humongous regions: 4->4
[2024-04-13T02:56:03.065+0800][363619.581s] GC(1308) Metaspace: 69652K(70272K)->69652K(70272K) NonClass: 61909K(62272K)->61909K(62272K) Class: 7743K(8000K)->7743K(8000K)
[2024-04-13T02:56:03.065+0800][363619.581s] GC(1308) Pause Young (Normal) (G1 Evacuation Pause) 379M->74M(512M) 2.828ms
[2024-04-13T02:56:03.065+0800][363619.581s] GC(1308) User=0.00s Sys=0.00s Real=0.00s
[2024-04-13T02:56:04.969+0800][363621.485s] GC(1309) Pause Young (Normal) (G1 Evacuation Pause)
[2024-04-13T02:56:04.969+0800][363621.485s] GC(1309) Using 13 workers of 13 for evacuation
[2024-04-13T02:56:04.971+0800][363621.487s] GC(1309)   Pre Evacuate Collection Set: 0.1ms
[2024-04-13T02:56:04.971+0800][363621.487s] GC(1309)   Merge Heap Roots: 0.1ms
[2024-04-13T02:56:04.971+0800][363621.487s] GC(1309)   Evacuate Collection Set: 1.5ms
[2024-04-13T02:56:04.971+0800][363621.487s] GC(1309)   Post Evacuate Collection Set: 0.3ms
[2024-04-13T02:56:04.971+0800][363621.487s] GC(1309)   Other: 0.1ms
[2024-04-13T02:56:04.971+0800][363621.487s] GC(1309) Eden regions: 305->0(305)
[2024-04-13T02:56:04.971+0800][363621.487s] GC(1309) Survivor regions: 2->2(39)
[2024-04-13T02:56:04.971+0800][363621.487s] GC(1309) Old regions: 69->69
[2024-04-13T02:56:04.971+0800][363621.487s] GC(1309) Humongous regions: 4->4
[2024-04-13T02:56:04.971+0800][363621.487s] GC(1309) Metaspace: 69652K(70272K)->69652K(70272K) NonClass: 61909K(62272K)->61909K(62272K) Class: 7743K(8000K)->7743K(8000K)
[2024-04-13T02:56:04.971+0800][363621.487s] GC(1309) Pause Young (Normal) (G1 Evacuation Pause) 379M->73M(512M) 2.285ms
[2024-04-13T02:56:04.971+0800][363621.487s] GC(1309) User=0.00s Sys=0.00s Real=0.00s
[2024-04-13T02:56:06.279+0800][363622.795s] GC(1310) Pause Young (Normal) (G1 Evacuation Pause)
[2024-04-13T02:56:06.279+0800][363622.795s] GC(1310) Using 13 workers of 13 for evacuation
[2024-04-13T02:56:06.282+0800][363622.798s] GC(1310)   Pre Evacuate Collection Set: 0.2ms
[2024-04-13T02:56:06.282+0800][363622.798s] GC(1310)   Merge Heap Roots: 0.1ms
[2024-04-13T02:56:06.282+0800][363622.798s] GC(1310)   Evacuate Collection Set: 2.3ms
[2024-04-13T02:56:06.282+0800][363622.798s] GC(1310)   Post Evacuate Collection Set: 0.7ms
[2024-04-13T02:56:06.282+0800][363622.798s] GC(1310)   Other: 0.1ms
[2024-04-13T02:56:06.282+0800][363622.798s] GC(1310) Eden regions: 305->0(305)
[2024-04-13T02:56:06.282+0800][363622.798s] GC(1310) Survivor regions: 2->2(39)
[2024-04-13T02:56:06.282+0800][363622.798s] GC(1310) Old regions: 69->69
[2024-04-13T02:56:06.282+0800][363622.798s] GC(1310) Humongous regions: 4->4
[2024-04-13T02:56:06.282+0800][363622.798s] GC(1310) Metaspace: 69652K(70272K)->69652K(70272K) NonClass: 61909K(62272K)->61909K(62272K) Class: 7743K(8000K)->7743K(8000K)
[2024-04-13T02:56:06.282+0800][363622.798s] GC(1310) Pause Young (Normal) (G1 Evacuation Pause) 378M->74M(512M) 3.579ms
[2024-04-13T02:56:06.282+0800][363622.798s] GC(1310) User=0.00s Sys=0.00s Real=0.00s
[2024-04-13T02:56:08.240+0800][363624.756s] GC(1311) Pause Young (Normal) (G1 Evacuation Pause)
[2024-04-13T02:56:08.240+0800][363624.756s] GC(1311) Using 13 workers of 13 for evacuation
[2024-04-13T02:56:08.243+0800][363624.759s] GC(1311)   Pre Evacuate Collection Set: 0.2ms
[2024-04-13T02:56:08.244+0800][363624.760s] GC(1311)   Merge Heap Roots: 0.2ms
[2024-04-13T02:56:08.244+0800][363624.760s] GC(1311)   Evacuate Collection Set: 1.9ms
[2024-04-13T02:56:08.244+0800][363624.760s] GC(1311)   Post Evacuate Collection Set: 0.7ms
[2024-04-13T02:56:08.244+0800][363624.760s] GC(1311)   Other: 0.1ms
[2024-04-13T02:56:08.244+0800][363624.760s] GC(1311) Eden regions: 305->0(305)
[2024-04-13T02:56:08.244+0800][363624.760s] GC(1311) Survivor regions: 2->2(39)
[2024-04-13T02:56:08.244+0800][363624.760s] GC(1311) Old regions: 69->69
[2024-04-13T02:56:08.244+0800][363624.760s] GC(1311) Humongous regions: 4->4
[2024-04-13T02:56:08.244+0800][363624.760s] GC(1311) Metaspace: 69652K(70272K)->69652K(70272K) NonClass: 61909K(62272K)->61909K(62272K) Class: 7743K(8000K)->7743K(8000K)
[2024-04-13T02:56:08.244+0800][363624.760s] GC(1311) Pause Young (Normal) (G1 Evacuation Pause) 379M->73M(512M) 3.346ms
[2024-04-13T02:56:08.244+0800][363624.760s] GC(1311) User=0.00s Sys=0.00s Real=0.00s
[2024-04-13T02:56:09.522+0800][363626.038s] GC(1312) Pause Young (Normal) (G1 Evacuation Pause)
[2024-04-13T02:56:09.522+0800][363626.038s] GC(1312) Using 13 workers of 13 for evacuation
[2024-04-13T02:56:09.525+0800][363626.041s] GC(1312)   Pre Evacuate Collection Set: 0.4ms
[2024-04-13T02:56:09.525+0800][363626.041s] GC(1312)   Merge Heap Roots: 0.1ms
[2024-04-13T02:56:09.525+0800][363626.041s] GC(1312)   Evacuate Collection Set: 2.0ms
[2024-04-13T02:56:09.525+0800][363626.041s] GC(1312)   Post Evacuate Collection Set: 0.6ms
[2024-04-13T02:56:09.525+0800][363626.041s] GC(1312)   Other: 0.1ms
[2024-04-13T02:56:09.525+0800][363626.041s] GC(1312) Eden regions: 305->0(305)
[2024-04-13T02:56:09.525+0800][363626.041s] GC(1312) Survivor regions: 2->2(39)
[2024-04-13T02:56:09.525+0800][363626.041s] GC(1312) Old regions: 69->69
[2024-04-13T02:56:09.525+0800][363626.041s] GC(1312) Humongous regions: 4->4
[2024-04-13T02:56:09.525+0800][363626.041s] GC(1312) Metaspace: 69652K(70272K)->69652K(70272K) NonClass: 61909K(62272K)->61909K(62272K) Class: 7743K(8000K)->7743K(8000K)
[2024-04-13T02:56:09.525+0800][363626.042s] GC(1312) Pause Young (Normal) (G1 Evacuation Pause) 378M->73M(512M) 3.637ms
[2024-04-13T02:56:09.525+0800][363626.042s] GC(1312) User=0.00s Sys=0.00s Real=0.00s
[2024-04-13T02:56:10.739+0800][363627.255s] GC(1313) Pause Young (Normal) (G1 Evacuation Pause)
[2024-04-13T02:56:10.740+0800][363627.255s] GC(1313) Using 13 workers of 13 for evacuation
[2024-04-13T02:56:10.742+0800][363627.258s] GC(1313)   Pre Evacuate Collection Set: 0.2ms
[2024-04-13T02:56:10.742+0800][363627.258s] GC(1313)   Merge Heap Roots: 0.1ms
[2024-04-13T02:56:10.742+0800][363627.258s] GC(1313)   Evacuate Collection Set: 1.8ms
[2024-04-13T02:56:10.742+0800][363627.258s] GC(1313)   Post Evacuate Collection Set: 0.5ms
[2024-04-13T02:56:10.742+0800][363627.258s] GC(1313)   Other: 0.1ms
[2024-04-13T02:56:10.742+0800][363627.258s] GC(1313) Eden regions: 305->0(304)
[2024-04-13T02:56:10.742+0800][363627.258s] GC(1313) Survivor regions: 2->3(39)
[2024-04-13T02:56:10.742+0800][363627.258s] GC(1313) Old regions: 69->69
[2024-04-13T02:56:10.742+0800][363627.258s] GC(1313) Humongous regions: 4->4
[2024-04-13T02:56:10.742+0800][363627.258s] GC(1313) Metaspace: 69652K(70272K)->69652K(70272K) NonClass: 61909K(62272K)->61909K(62272K) Class: 7743K(8000K)->7743K(8000K)
[2024-04-13T02:56:10.742+0800][363627.258s] GC(1313) Pause Young (Normal) (G1 Evacuation Pause) 378M->74M(512M) 2.986ms
[2024-04-13T02:56:10.742+0800][363627.258s] GC(1313) User=0.00s Sys=0.00s Real=0.00s
[2024-04-13T02:56:11.983+0800][363628.499s] GC(1314) Pause Young (Normal) (G1 Evacuation Pause)
[2024-04-13T02:56:11.983+0800][363628.499s] GC(1314) Using 13 workers of 13 for evacuation
[2024-04-13T02:56:11.986+0800][363628.501s] GC(1314)   Pre Evacuate Collection Set: 0.1ms
[2024-04-13T02:56:11.986+0800][363628.501s] GC(1314)   Merge Heap Roots: 0.1ms
[2024-04-13T02:56:11.986+0800][363628.501s] GC(1314)   Evacuate Collection Set: 1.6ms
[2024-04-13T02:56:11.986+0800][363628.501s] GC(1314)   Post Evacuate Collection Set: 0.5ms
[2024-04-13T02:56:11.986+0800][363628.501s] GC(1314)   Other: 0.1ms
[2024-04-13T02:56:11.986+0800][363628.501s] GC(1314) Eden regions: 304->0(304)
[2024-04-13T02:56:11.986+0800][363628.501s] GC(1314) Survivor regions: 3->3(39)
[2024-04-13T02:56:11.986+0800][363628.501s] GC(1314) Old regions: 69->69
[2024-04-13T02:56:11.986+0800][363628.501s] GC(1314) Humongous regions: 4->4
[2024-04-13T02:56:11.986+0800][363628.501s] GC(1314) Metaspace: 69652K(70272K)->69652K(70272K) NonClass: 61909K(62272K)->61909K(62272K) Class: 7743K(8000K)->7743K(8000K)
[2024-04-13T02:56:11.986+0800][363628.501s] GC(1314) Pause Young (Normal) (G1 Evacuation Pause) 378M->74M(512M) 2.606ms
[2024-04-13T02:56:11.986+0800][363628.501s] GC(1314) User=0.00s Sys=0.00s Real=0.00s
[2024-04-13T02:56:13.196+0800][363629.712s] GC(1315) Pause Young (Normal) (G1 Evacuation Pause)
[2024-04-13T02:56:13.196+0800][363629.712s] GC(1315) Using 13 workers of 13 for evacuation
[2024-04-13T02:56:13.198+0800][363629.715s] GC(1315)   Pre Evacuate Collection Set: 0.2ms
[2024-04-13T02:56:13.198+0800][363629.715s] GC(1315)   Merge Heap Roots: 0.1ms
[2024-04-13T02:56:13.199+0800][363629.715s] GC(1315)   Evacuate Collection Set: 1.8ms
[2024-04-13T02:56:13.199+0800][363629.715s] GC(1315)   Post Evacuate Collection Set: 0.6ms
[2024-04-13T02:56:13.199+0800][363629.715s] GC(1315)   Other: 0.1ms
[2024-04-13T02:56:13.199+0800][363629.715s] GC(1315) Eden regions: 304->0(305)
[2024-04-13T02:56:13.199+0800][363629.715s] GC(1315) Survivor regions: 3->2(39)
[2024-04-13T02:56:13.199+0800][363629.715s] GC(1315) Old regions: 69->69
[2024-04-13T02:56:13.199+0800][363629.715s] GC(1315) Humongous regions: 4->4
[2024-04-13T02:56:13.199+0800][363629.715s] GC(1315) Metaspace: 69652K(70272K)->69652K(70272K) NonClass: 61909K(62272K)->61909K(62272K) Class: 7743K(8000K)->7743K(8000K)
[2024-04-13T02:56:13.199+0800][363629.715s] GC(1315) Pause Young (Normal) (G1 Evacuation Pause) 378M->74M(512M) 3.079ms
[2024-04-13T02:56:13.199+0800][363629.715s] GC(1315) User=0.00s Sys=0.00s Real=0.00s
[2024-04-13T02:56:14.443+0800][363630.960s] GC(1316) Pause Young (Normal) (G1 Evacuation Pause)
[2024-04-13T02:56:14.443+0800][363630.960s] GC(1316) Using 13 workers of 13 for evacuation
[2024-04-13T02:56:14.445+0800][363630.962s] GC(1316)   Pre Evacuate Collection Set: 0.1ms
[2024-04-13T02:56:14.445+0800][363630.962s] GC(1316)   Merge Heap Roots: 0.1ms
[2024-04-13T02:56:14.445+0800][363630.962s] GC(1316)   Evacuate Collection Set: 1.4ms
[2024-04-13T02:56:14.446+0800][363630.962s] GC(1316)   Post Evacuate Collection Set: 0.5ms
[2024-04-13T02:56:14.446+0800][363630.962s] GC(1316)   Other: 0.1ms
[2024-04-13T02:56:14.446+0800][363630.962s] GC(1316) Eden regions: 305->0(305)
[2024-04-13T02:56:14.446+0800][363630.962s] GC(1316) Survivor regions: 2->2(39)
[2024-04-13T02:56:14.446+0800][363630.962s] GC(1316) Old regions: 69->69
[2024-04-13T02:56:14.446+0800][363630.962s] GC(1316) Humongous regions: 4->4
[2024-04-13T02:56:14.446+0800][363630.962s] GC(1316) Metaspace: 69652K(70272K)->69652K(70272K) NonClass: 61909K(62272K)->61909K(62272K) Class: 7743K(8000K)->7743K(8000K)
[2024-04-13T02:56:14.446+0800][363630.962s] GC(1316) Pause Young (Normal) (G1 Evacuation Pause) 379M->74M(512M) 2.396ms
[2024-04-13T02:56:14.446+0800][363630.962s] GC(1316) User=0.00s Sys=0.00s Real=0.00s
[2024-04-13T02:56:15.739+0800][363632.255s] GC(1317) Pause Young (Normal) (G1 Evacuation Pause)
[2024-04-13T02:56:15.739+0800][363632.255s] GC(1317) Using 13 workers of 13 for evacuation
[2024-04-13T02:56:15.742+0800][363632.258s] GC(1317)   Pre Evacuate Collection Set: 0.2ms
[2024-04-13T02:56:15.742+0800][363632.258s] GC(1317)   Merge Heap Roots: 0.1ms
[2024-04-13T02:56:15.742+0800][363632.258s] GC(1317)   Evacuate Collection Set: 1.7ms
[2024-04-13T02:56:15.742+0800][363632.258s] GC(1317)   Post Evacuate Collection Set: 0.7ms
[2024-04-13T02:56:15.742+0800][363632.258s] GC(1317)   Other: 0.1ms
[2024-04-13T02:56:15.742+0800][363632.258s] GC(1317) Eden regions: 305->0(304)
[2024-04-13T02:56:15.742+0800][363632.258s] GC(1317) Survivor regions: 2->3(39)
[2024-04-13T02:56:15.742+0800][363632.258s] GC(1317) Old regions: 69->69
[2024-04-13T02:56:15.742+0800][363632.258s] GC(1317) Humongous regions: 4->4
[2024-04-13T02:56:15.742+0800][363632.258s] GC(1317) Metaspace: 69652K(70272K)->69652K(70272K) NonClass: 61909K(62272K)->61909K(62272K) Class: 7743K(8000K)->7743K(8000K)
[2024-04-13T02:56:15.742+0800][363632.258s] GC(1317) Pause Young (Normal) (G1 Evacuation Pause) 379M->74M(512M) 3.084ms
[2024-04-13T02:56:15.742+0800][363632.258s] GC(1317) User=0.00s Sys=0.00s Real=0.00s
[2024-04-13T02:56:16.986+0800][363633.503s] GC(1318) Pause Young (Normal) (G1 Evacuation Pause)
[2024-04-13T02:56:16.987+0800][363633.503s] GC(1318) Using 13 workers of 13 for evacuation
[2024-04-13T02:56:16.989+0800][363633.505s] GC(1318)   Pre Evacuate Collection Set: 0.2ms
[2024-04-13T02:56:16.989+0800][363633.505s] GC(1318)   Merge Heap Roots: 0.1ms
[2024-04-13T02:56:16.989+0800][363633.505s] GC(1318)   Evacuate Collection Set: 1.6ms
[2024-04-13T02:56:16.989+0800][363633.505s] GC(1318)   Post Evacuate Collection Set: 0.6ms
[2024-04-13T02:56:16.989+0800][363633.505s] GC(1318)   Other: 0.1ms
[2024-04-13T02:56:16.989+0800][363633.505s] GC(1318) Eden regions: 304->0(305)
[2024-04-13T02:56:16.989+0800][363633.505s] GC(1318) Survivor regions: 3->2(39)
[2024-04-13T02:56:16.989+0800][363633.505s] GC(1318) Old regions: 69->69
[2024-04-13T02:56:16.989+0800][363633.505s] GC(1318) Humongous regions: 4->4
[2024-04-13T02:56:16.989+0800][363633.505s] GC(1318) Metaspace: 69652K(70272K)->69652K(70272K) NonClass: 61909K(62272K)->61909K(62272K) Class: 7743K(8000K)->7743K(8000K)
[2024-04-13T02:56:16.989+0800][363633.505s] GC(1318) Pause Young (Normal) (G1 Evacuation Pause) 378M->74M(512M) 2.849ms
[2024-04-13T02:56:16.989+0800][363633.506s] GC(1318) User=0.17s Sys=0.00s Real=0.00s
[2024-04-13T02:56:18.274+0800][363634.790s] GC(1319) Pause Young (Normal) (G1 Evacuation Pause)
[2024-04-13T02:56:18.274+0800][363634.790s] GC(1319) Using 13 workers of 13 for evacuation
[2024-04-13T02:56:18.277+0800][363634.793s] GC(1319)   Pre Evacuate Collection Set: 0.2ms
[2024-04-13T02:56:18.277+0800][363634.793s] GC(1319)   Merge Heap Roots: 0.1ms
[2024-04-13T02:56:18.277+0800][363634.793s] GC(1319)   Evacuate Collection Set: 1.7ms
[2024-04-13T02:56:18.277+0800][363634.793s] GC(1319)   Post Evacuate Collection Set: 0.7ms
[2024-04-13T02:56:18.277+0800][363634.793s] GC(1319)   Other: 0.1ms
[2024-04-13T02:56:18.277+0800][363634.793s] GC(1319) Eden regions: 305->0(305)
[2024-04-13T02:56:18.277+0800][363634.793s] GC(1319) Survivor regions: 2->2(39)
[2024-04-13T02:56:18.277+0800][363634.793s] GC(1319) Old regions: 69->69
[2024-04-13T02:56:18.277+0800][363634.793s] GC(1319) Humongous regions: 4->4
[2024-04-13T02:56:18.277+0800][363634.793s] GC(1319) Metaspace: 69652K(70272K)->69652K(70272K) NonClass: 61909K(62272K)->61909K(62272K) Class: 7743K(8000K)->7743K(8000K)
[2024-04-13T02:56:18.277+0800][363634.793s] GC(1319) Pause Young (Normal) (G1 Evacuation Pause) 379M->74M(512M) 3.065ms
[2024-04-13T02:56:18.277+0800][363634.793s] GC(1319) User=0.00s Sys=0.00s Real=0.00s
[2024-04-13T02:56:19.518+0800][363636.033s] GC(1320) Pause Young (Normal) (G1 Evacuation Pause)
[2024-04-13T02:56:19.518+0800][363636.033s] GC(1320) Using 13 workers of 13 for evacuation
[2024-04-13T02:56:19.520+0800][363636.036s] GC(1320)   Pre Evacuate Collection Set: 0.2ms
[2024-04-13T02:56:19.520+0800][363636.036s] GC(1320)   Merge Heap Roots: 0.1ms
[2024-04-13T02:56:19.520+0800][363636.036s] GC(1320)   Evacuate Collection Set: 1.5ms
[2024-04-13T02:56:19.520+0800][363636.036s] GC(1320)   Post Evacuate Collection Set: 0.5ms
[2024-04-13T02:56:19.520+0800][363636.036s] GC(1320)   Other: 0.1ms
[2024-04-13T02:56:19.520+0800][363636.036s] GC(1320) Eden regions: 305->0(305)
[2024-04-13T02:56:19.520+0800][363636.036s] GC(1320) Survivor regions: 2->2(39)
[2024-04-13T02:56:19.520+0800][363636.036s] GC(1320) Old regions: 69->69
[2024-04-13T02:56:19.520+0800][363636.036s] GC(1320) Humongous regions: 4->4
[2024-04-13T02:56:19.520+0800][363636.036s] GC(1320) Metaspace: 69652K(70272K)->69652K(70272K) NonClass: 61909K(62272K)->61909K(62272K) Class: 7743K(8000K)->7743K(8000K)
[2024-04-13T02:56:19.520+0800][363636.036s] GC(1320) Pause Young (Normal) (G1 Evacuation Pause) 379M->74M(512M) 2.596ms
[2024-04-13T02:56:19.520+0800][363636.036s] GC(1320) User=0.08s Sys=0.00s Real=0.00s
[2024-04-13T02:56:20.767+0800][363637.283s] GC(1321) Pause Young (Normal) (G1 Evacuation Pause)
[2024-04-13T02:56:20.767+0800][363637.283s] GC(1321) Using 13 workers of 13 for evacuation
[2024-04-13T02:56:20.769+0800][363637.286s] GC(1321)   Pre Evacuate Collection Set: 0.2ms
[2024-04-13T02:56:20.769+0800][363637.286s] GC(1321)   Merge Heap Roots: 0.1ms
[2024-04-13T02:56:20.769+0800][363637.286s] GC(1321)   Evacuate Collection Set: 1.8ms
[2024-04-13T02:56:20.770+0800][363637.286s] GC(1321)   Post Evacuate Collection Set: 0.6ms
[2024-04-13T02:56:20.770+0800][363637.286s] GC(1321)   Other: 0.1ms
[2024-04-13T02:56:20.770+0800][363637.286s] GC(1321) Eden regions: 305->0(305)
[2024-04-13T02:56:20.770+0800][363637.286s] GC(1321) Survivor regions: 2->2(39)
[2024-04-13T02:56:20.770+0800][363637.286s] GC(1321) Old regions: 69->69
[2024-04-13T02:56:20.770+0800][363637.286s] GC(1321) Humongous regions: 4->4
[2024-04-13T02:56:20.770+0800][363637.286s] GC(1321) Metaspace: 69652K(70272K)->69652K(70272K) NonClass: 61909K(62272K)->61909K(62272K) Class: 7743K(8000K)->7743K(8000K)
[2024-04-13T02:56:20.770+0800][363637.286s] GC(1321) Pause Young (Normal) (G1 Evacuation Pause) 379M->74M(512M) 3.074ms
[2024-04-13T02:56:20.770+0800][363637.286s] GC(1321) User=0.03s Sys=0.00s Real=0.00s
[2024-04-13T02:56:22.023+0800][363638.539s] GC(1322) Pause Young (Normal) (G1 Evacuation Pause)
[2024-04-13T02:56:22.023+0800][363638.539s] GC(1322) Using 13 workers of 13 for evacuation
[2024-04-13T02:56:22.026+0800][363638.542s] GC(1322)   Pre Evacuate Collection Set: 0.1ms
[2024-04-13T02:56:22.026+0800][363638.542s] GC(1322)   Merge Heap Roots: 0.1ms
[2024-04-13T02:56:22.026+0800][363638.542s] GC(1322)   Evacuate Collection Set: 1.7ms
[2024-04-13T02:56:22.026+0800][363638.542s] GC(1322)   Post Evacuate Collection Set: 0.6ms
[2024-04-13T02:56:22.026+0800][363638.542s] GC(1322)   Other: 0.1ms
[2024-04-13T02:56:22.026+0800][363638.542s] GC(1322) Eden regions: 305->0(305)
[2024-04-13T02:56:22.026+0800][363638.542s] GC(1322) Survivor regions: 2->2(39)
[2024-04-13T02:56:22.026+0800][363638.542s] GC(1322) Old regions: 69->69
[2024-04-13T02:56:22.026+0800][363638.542s] GC(1322) Humongous regions: 4->4
[2024-04-13T02:56:22.026+0800][363638.542s] GC(1322) Metaspace: 69652K(70272K)->69652K(70272K) NonClass: 61909K(62272K)->61909K(62272K) Class: 7743K(8000K)->7743K(8000K)
[2024-04-13T02:56:22.026+0800][363638.542s] GC(1322) Pause Young (Normal) (G1 Evacuation Pause) 379M->74M(512M) 2.914ms
[2024-04-13T02:56:22.026+0800][363638.542s] GC(1322) User=0.00s Sys=0.00s Real=0.00s
[2024-04-13T02:56:23.244+0800][363639.759s] GC(1323) Pause Young (Normal) (G1 Evacuation Pause)
[2024-04-13T02:56:23.244+0800][363639.759s] GC(1323) Using 13 workers of 13 for evacuation
[2024-04-13T02:56:23.246+0800][363639.762s] GC(1323)   Pre Evacuate Collection Set: 0.2ms
[2024-04-13T02:56:23.246+0800][363639.762s] GC(1323)   Merge Heap Roots: 0.1ms
[2024-04-13T02:56:23.246+0800][363639.762s] GC(1323)   Evacuate Collection Set: 1.5ms
[2024-04-13T02:56:23.246+0800][363639.762s] GC(1323)   Post Evacuate Collection Set: 0.6ms
[2024-04-13T02:56:23.246+0800][363639.762s] GC(1323)   Other: 0.1ms
[2024-04-13T02:56:23.246+0800][363639.762s] GC(1323) Eden regions: 305->0(305)
[2024-04-13T02:56:23.246+0800][363639.762s] GC(1323) Survivor regions: 2->2(39)
[2024-04-13T02:56:23.246+0800][363639.762s] GC(1323) Old regions: 69->69
[2024-04-13T02:56:23.246+0800][363639.762s] GC(1323) Humongous regions: 4->4
[2024-04-13T02:56:23.246+0800][363639.762s] GC(1323) Metaspace: 69652K(70272K)->69652K(70272K) NonClass: 61909K(62272K)->61909K(62272K) Class: 7743K(8000K)->7743K(8000K)
[2024-04-13T02:56:23.246+0800][363639.762s] GC(1323) Pause Young (Normal) (G1 Evacuation Pause) 379M->74M(512M) 2.592ms
[2024-04-13T02:56:23.246+0800][363639.762s] GC(1323) User=0.00s Sys=0.00s Real=0.00s
[2024-04-13T02:56:24.504+0800][363641.020s] GC(1324) Pause Young (Normal) (G1 Evacuation Pause)
[2024-04-13T02:56:24.504+0800][363641.020s] GC(1324) Using 13 workers of 13 for evacuation
[2024-04-13T02:56:24.507+0800][363641.023s] GC(1324)   Pre Evacuate Collection Set: 0.2ms
[2024-04-13T02:56:24.507+0800][363641.023s] GC(1324)   Merge Heap Roots: 0.1ms
[2024-04-13T02:56:24.507+0800][363641.023s] GC(1324)   Evacuate Collection Set: 1.7ms
[2024-04-13T02:56:24.507+0800][363641.023s] GC(1324)   Post Evacuate Collection Set: 0.6ms
[2024-04-13T02:56:24.507+0800][363641.023s] GC(1324)   Other: 0.1ms
[2024-04-13T02:56:24.507+0800][363641.023s] GC(1324) Eden regions: 305->0(305)
[2024-04-13T02:56:24.507+0800][363641.023s] GC(1324) Survivor regions: 2->2(39)
[2024-04-13T02:56:24.507+0800][363641.023s] GC(1324) Old regions: 69->69
[2024-04-13T02:56:24.507+0800][363641.023s] GC(1324) Humongous regions: 4->4
[2024-04-13T02:56:24.507+0800][363641.023s] GC(1324) Metaspace: 69652K(70272K)->69652K(70272K) NonClass: 61909K(62272K)->61909K(62272K) Class: 7743K(8000K)->7743K(8000K)
[2024-04-13T02:56:24.507+0800][363641.023s] GC(1324) Pause Young (Normal) (G1 Evacuation Pause) 379M->74M(512M) 2.982ms
[2024-04-13T02:56:24.507+0800][363641.023s] GC(1324) User=0.00s Sys=0.00s Real=0.00s
[2024-04-13T02:56:25.933+0800][363642.448s] GC(1325) Pause Young (Normal) (G1 Evacuation Pause)
[2024-04-13T02:56:25.933+0800][363642.448s] GC(1325) Using 13 workers of 13 for evacuation
[2024-04-13T02:56:25.935+0800][363642.451s] GC(1325)   Pre Evacuate Collection Set: 0.2ms
[2024-04-13T02:56:25.935+0800][363642.451s] GC(1325)   Merge Heap Roots: 0.1ms
[2024-04-13T02:56:25.935+0800][363642.451s] GC(1325)   Evacuate Collection Set: 1.3ms
[2024-04-13T02:56:25.935+0800][363642.451s] GC(1325)   Post Evacuate Collection Set: 0.6ms
[2024-04-13T02:56:25.935+0800][363642.451s] GC(1325)   Other: 0.1ms
[2024-04-13T02:56:25.935+0800][363642.451s] GC(1325) Eden regions: 305->0(305)
[2024-04-13T02:56:25.935+0800][363642.451s] GC(1325) Survivor regions: 2->2(39)
[2024-04-13T02:56:25.935+0800][363642.451s] GC(1325) Old regions: 69->69
[2024-04-13T02:56:25.935+0800][363642.451s] GC(1325) Humongous regions: 4->4
[2024-04-13T02:56:25.935+0800][363642.451s] GC(1325) Metaspace: 69652K(70272K)->69652K(70272K) NonClass: 61909K(62272K)->61909K(62272K) Class: 7743K(8000K)->7743K(8000K)
[2024-04-13T02:56:25.935+0800][363642.451s] GC(1325) Pause Young (Normal) (G1 Evacuation Pause) 379M->74M(512M) 2.521ms
[2024-04-13T02:56:25.935+0800][363642.451s] GC(1325) User=0.00s Sys=0.00s Real=0.00s
[2024-04-13T02:56:27.325+0800][363643.841s] GC(1326) Pause Young (Normal) (G1 Evacuation Pause)
[2024-04-13T02:56:27.325+0800][363643.841s] GC(1326) Using 13 workers of 13 for evacuation
[2024-04-13T02:56:27.327+0800][363643.843s] GC(1326)   Pre Evacuate Collection Set: 0.1ms
[2024-04-13T02:56:27.327+0800][363643.843s] GC(1326)   Merge Heap Roots: 0.1ms
[2024-04-13T02:56:27.327+0800][363643.843s] GC(1326)   Evacuate Collection Set: 1.4ms
[2024-04-13T02:56:27.327+0800][363643.843s] GC(1326)   Post Evacuate Collection Set: 0.4ms
[2024-04-13T02:56:27.327+0800][363643.843s] GC(1326)   Other: 0.1ms
[2024-04-13T02:56:27.327+0800][363643.843s] GC(1326) Eden regions: 305->0(305)
[2024-04-13T02:56:27.327+0800][363643.843s] GC(1326) Survivor regions: 2->2(39)
[2024-04-13T02:56:27.327+0800][363643.843s] GC(1326) Old regions: 69->69
[2024-04-13T02:56:27.327+0800][363643.843s] GC(1326) Humongous regions: 4->4
[2024-04-13T02:56:27.327+0800][363643.843s] GC(1326) Metaspace: 69652K(70272K)->69652K(70272K) NonClass: 61909K(62272K)->61909K(62272K) Class: 7743K(8000K)->7743K(8000K)
[2024-04-13T02:56:27.328+0800][363643.843s] GC(1326) Pause Young (Normal) (G1 Evacuation Pause) 379M->74M(512M) 2.195ms
[2024-04-13T02:56:27.328+0800][363643.843s] GC(1326) User=0.00s Sys=0.00s Real=0.00s
[2024-04-13T02:56:28.516+0800][363645.031s] GC(1327) Pause Young (Normal) (G1 Evacuation Pause)
[2024-04-13T02:56:28.516+0800][363645.031s] GC(1327) Using 13 workers of 13 for evacuation
[2024-04-13T02:56:28.518+0800][363645.034s] GC(1327)   Pre Evacuate Collection Set: 0.1ms
[2024-04-13T02:56:28.518+0800][363645.034s] GC(1327)   Merge Heap Roots: 0.1ms
[2024-04-13T02:56:28.518+0800][363645.034s] GC(1327)   Evacuate Collection Set: 1.4ms
[2024-04-13T02:56:28.518+0800][363645.034s] GC(1327)   Post Evacuate Collection Set: 0.5ms
[2024-04-13T02:56:28.518+0800][363645.034s] GC(1327)   Other: 0.1ms
[2024-04-13T02:56:28.518+0800][363645.034s] GC(1327) Eden regions: 305->0(305)
[2024-04-13T02:56:28.518+0800][363645.034s] GC(1327) Survivor regions: 2->2(39)
[2024-04-13T02:56:28.518+0800][363645.034s] GC(1327) Old regions: 69->69
[2024-04-13T02:56:28.518+0800][363645.034s] GC(1327) Humongous regions: 4->4
[2024-04-13T02:56:28.518+0800][363645.034s] GC(1327) Metaspace: 69652K(70272K)->69652K(70272K) NonClass: 61909K(62272K)->61909K(62272K) Class: 7743K(8000K)->7743K(8000K)
[2024-04-13T02:56:28.518+0800][363645.034s] GC(1327) Pause Young (Normal) (G1 Evacuation Pause) 379M->74M(512M) 2.414ms
[2024-04-13T02:56:28.518+0800][363645.034s] GC(1327) User=0.00s Sys=0.00s Real=0.00s
[2024-04-13T02:56:29.746+0800][363646.261s] GC(1328) Pause Young (Normal) (G1 Evacuation Pause)
[2024-04-13T02:56:29.746+0800][363646.261s] GC(1328) Using 13 workers of 13 for evacuation
[2024-04-13T02:56:29.748+0800][363646.264s] GC(1328)   Pre Evacuate Collection Set: 0.2ms
[2024-04-13T02:56:29.748+0800][363646.264s] GC(1328)   Merge Heap Roots: 0.1ms
[2024-04-13T02:56:29.748+0800][363646.264s] GC(1328)   Evacuate Collection Set: 1.4ms
[2024-04-13T02:56:29.748+0800][363646.264s] GC(1328)   Post Evacuate Collection Set: 0.5ms
[2024-04-13T02:56:29.748+0800][363646.264s] GC(1328)   Other: 0.1ms
[2024-04-13T02:56:29.748+0800][363646.264s] GC(1328) Eden regions: 305->0(305)
[2024-04-13T02:56:29.748+0800][363646.264s] GC(1328) Survivor regions: 2->2(39)
[2024-04-13T02:56:29.748+0800][363646.264s] GC(1328) Old regions: 69->69
[2024-04-13T02:56:29.748+0800][363646.264s] GC(1328) Humongous regions: 4->4
[2024-04-13T02:56:29.748+0800][363646.264s] GC(1328) Metaspace: 69652K(70272K)->69652K(70272K) NonClass: 61909K(62272K)->61909K(62272K) Class: 7743K(8000K)->7743K(8000K)
[2024-04-13T02:56:29.748+0800][363646.264s] GC(1328) Pause Young (Normal) (G1 Evacuation Pause) 379M->74M(512M) 2.539ms
[2024-04-13T02:56:29.748+0800][363646.264s] GC(1328) User=0.00s Sys=0.00s Real=0.00s
[2024-04-13T02:56:30.982+0800][363647.498s] GC(1329) Pause Young (Normal) (G1 Evacuation Pause)
[2024-04-13T02:56:30.982+0800][363647.498s] GC(1329) Using 13 workers of 13 for evacuation
[2024-04-13T02:56:30.984+0800][363647.500s] GC(1329)   Pre Evacuate Collection Set: 0.1ms
[2024-04-13T02:56:30.984+0800][363647.500s] GC(1329)   Merge Heap Roots: 0.1ms
[2024-04-13T02:56:30.984+0800][363647.500s] GC(1329)   Evacuate Collection Set: 1.2ms
[2024-04-13T02:56:30.984+0800][363647.500s] GC(1329)   Post Evacuate Collection Set: 0.3ms
[2024-04-13T02:56:30.984+0800][363647.500s] GC(1329)   Other: 0.1ms
[2024-04-13T02:56:30.984+0800][363647.500s] GC(1329) Eden regions: 305->0(305)
[2024-04-13T02:56:30.984+0800][363647.500s] GC(1329) Survivor regions: 2->2(39)
[2024-04-13T02:56:30.984+0800][363647.500s] GC(1329) Old regions: 69->69
[2024-04-13T02:56:30.984+0800][363647.500s] GC(1329) Humongous regions: 4->4
[2024-04-13T02:56:30.984+0800][363647.500s] GC(1329) Metaspace: 69652K(70272K)->69652K(70272K) NonClass: 61909K(62272K)->61909K(62272K) Class: 7743K(8000K)->7743K(8000K)
[2024-04-13T02:56:30.984+0800][363647.500s] GC(1329) Pause Young (Normal) (G1 Evacuation Pause) 379M->74M(512M) 2.006ms
[2024-04-13T02:56:30.984+0800][363647.500s] GC(1329) User=0.00s Sys=0.00s Real=0.00s
[2024-04-13T02:56:32.297+0800][363648.812s] GC(1330) Pause Young (Normal) (G1 Evacuation Pause)
[2024-04-13T02:56:32.297+0800][363648.812s] GC(1330) Using 13 workers of 13 for evacuation
[2024-04-13T02:56:32.299+0800][363648.815s] GC(1330)   Pre Evacuate Collection Set: 0.1ms
[2024-04-13T02:56:32.299+0800][363648.815s] GC(1330)   Merge Heap Roots: 0.1ms
[2024-04-13T02:56:32.299+0800][363648.815s] GC(1330)   Evacuate Collection Set: 1.6ms
[2024-04-13T02:56:32.299+0800][363648.815s] GC(1330)   Post Evacuate Collection Set: 0.6ms
[2024-04-13T02:56:32.299+0800][363648.815s] GC(1330)   Other: 0.1ms
[2024-04-13T02:56:32.299+0800][363648.815s] GC(1330) Eden regions: 305->0(305)
[2024-04-13T02:56:32.299+0800][363648.815s] GC(1330) Survivor regions: 2->2(39)
[2024-04-13T02:56:32.299+0800][363648.815s] GC(1330) Old regions: 69->69
[2024-04-13T02:56:32.299+0800][363648.815s] GC(1330) Humongous regions: 4->4
[2024-04-13T02:56:32.299+0800][363648.815s] GC(1330) Metaspace: 69652K(70272K)->69652K(70272K) NonClass: 61909K(62272K)->61909K(62272K) Class: 7743K(8000K)->7743K(8000K)
[2024-04-13T02:56:32.299+0800][363648.815s] GC(1330) Pause Young (Normal) (G1 Evacuation Pause) 379M->74M(512M) 2.746ms
[2024-04-13T02:56:32.299+0800][363648.815s] GC(1330) User=0.00s Sys=0.00s Real=0.00s
[2024-04-13T02:56:33.579+0800][363650.094s] GC(1331) Pause Young (Normal) (G1 Evacuation Pause)
[2024-04-13T02:56:33.579+0800][363650.095s] GC(1331) Using 13 workers of 13 for evacuation
[2024-04-13T02:56:33.581+0800][363650.097s] GC(1331)   Pre Evacuate Collection Set: 0.1ms
[2024-04-13T02:56:33.581+0800][363650.097s] GC(1331)   Merge Heap Roots: 0.1ms
[2024-04-13T02:56:33.581+0800][363650.097s] GC(1331)   Evacuate Collection Set: 1.4ms
[2024-04-13T02:56:33.581+0800][363650.097s] GC(1331)   Post Evacuate Collection Set: 0.5ms
[2024-04-13T02:56:33.581+0800][363650.097s] GC(1331)   Other: 0.1ms
[2024-04-13T02:56:33.581+0800][363650.097s] GC(1331) Eden regions: 305->0(305)
[2024-04-13T02:56:33.581+0800][363650.097s] GC(1331) Survivor regions: 2->2(39)
[2024-04-13T02:56:33.581+0800][363650.097s] GC(1331) Old regions: 69->69
[2024-04-13T02:56:33.581+0800][363650.097s] GC(1331) Humongous regions: 4->4
[2024-04-13T02:56:33.581+0800][363650.097s] GC(1331) Metaspace: 69652K(70272K)->69652K(70272K) NonClass: 61909K(62272K)->61909K(62272K) Class: 7743K(8000K)->7743K(8000K)
[2024-04-13T02:56:33.581+0800][363650.097s] GC(1331) Pause Young (Normal) (G1 Evacuation Pause) 379M->74M(512M) 2.344ms
[2024-04-13T02:56:33.581+0800][363650.097s] GC(1331) User=0.00s Sys=0.00s Real=0.00s
[2024-04-13T02:56:34.823+0800][363651.339s] GC(1332) Pause Young (Normal) (G1 Evacuation Pause)
[2024-04-13T02:56:34.823+0800][363651.339s] GC(1332) Using 13 workers of 13 for evacuation
[2024-04-13T02:56:34.826+0800][363651.342s] GC(1332)   Pre Evacuate Collection Set: 0.2ms
[2024-04-13T02:56:34.826+0800][363651.342s] GC(1332)   Merge Heap Roots: 0.2ms
[2024-04-13T02:56:34.826+0800][363651.342s] GC(1332)   Evacuate Collection Set: 2.0ms
[2024-04-13T02:56:34.826+0800][363651.342s] GC(1332)   Post Evacuate Collection Set: 0.7ms
[2024-04-13T02:56:34.826+0800][363651.342s] GC(1332)   Other: 0.1ms
[2024-04-13T02:56:34.826+0800][363651.342s] GC(1332) Eden regions: 305->0(305)
[2024-04-13T02:56:34.826+0800][363651.342s] GC(1332) Survivor regions: 2->2(39)
[2024-04-13T02:56:34.826+0800][363651.342s] GC(1332) Old regions: 69->69
[2024-04-13T02:56:34.826+0800][363651.342s] GC(1332) Humongous regions: 4->4
[2024-04-13T02:56:34.826+0800][363651.342s] GC(1332) Metaspace: 69652K(70272K)->69652K(70272K) NonClass: 61909K(62272K)->61909K(62272K) Class: 7743K(8000K)->7743K(8000K)
[2024-04-13T02:56:34.826+0800][363651.342s] GC(1332) Pause Young (Normal) (G1 Evacuation Pause) 379M->74M(512M) 3.310ms
[2024-04-13T02:56:34.826+0800][363651.342s] GC(1332) User=0.00s Sys=0.00s Real=0.00s
[2024-04-13T02:56:36.070+0800][363652.586s] GC(1333) Pause Young (Normal) (G1 Evacuation Pause)
[2024-04-13T02:56:36.070+0800][363652.586s] GC(1333) Using 13 workers of 13 for evacuation
[2024-04-13T02:56:36.073+0800][363652.589s] GC(1333)   Pre Evacuate Collection Set: 0.2ms
[2024-04-13T02:56:36.073+0800][363652.589s] GC(1333)   Merge Heap Roots: 0.2ms
[2024-04-13T02:56:36.073+0800][363652.589s] GC(1333)   Evacuate Collection Set: 1.7ms
[2024-04-13T02:56:36.073+0800][363652.589s] GC(1333)   Post Evacuate Collection Set: 0.5ms
[2024-04-13T02:56:36.073+0800][363652.589s] GC(1333)   Other: 0.1ms
[2024-04-13T02:56:36.073+0800][363652.589s] GC(1333) Eden regions: 305->0(305)
[2024-04-13T02:56:36.073+0800][363652.589s] GC(1333) Survivor regions: 2->2(39)
[2024-04-13T02:56:36.073+0800][363652.589s] GC(1333) Old regions: 69->70
[2024-04-13T02:56:36.073+0800][363652.589s] GC(1333) Humongous regions: 4->4
[2024-04-13T02:56:36.073+0800][363652.589s] GC(1333) Metaspace: 69652K(70272K)->69652K(70272K) NonClass: 61909K(62272K)->61909K(62272K) Class: 7743K(8000K)->7743K(8000K)
[2024-04-13T02:56:36.073+0800][363652.589s] GC(1333) Pause Young (Normal) (G1 Evacuation Pause) 379M->74M(512M) 2.899ms
[2024-04-13T02:56:36.073+0800][363652.589s] GC(1333) User=0.00s Sys=0.00s Real=0.00s
[2024-04-13T02:56:37.297+0800][363653.813s] GC(1334) Pause Young (Normal) (G1 Evacuation Pause)
[2024-04-13T02:56:37.297+0800][363653.813s] GC(1334) Using 13 workers of 13 for evacuation
[2024-04-13T02:56:37.300+0800][363653.816s] GC(1334)   Pre Evacuate Collection Set: 0.2ms
[2024-04-13T02:56:37.300+0800][363653.816s] GC(1334)   Merge Heap Roots: 0.1ms
[2024-04-13T02:56:37.300+0800][363653.816s] GC(1334)   Evacuate Collection Set: 1.7ms
[2024-04-13T02:56:37.300+0800][363653.816s] GC(1334)   Post Evacuate Collection Set: 0.5ms
[2024-04-13T02:56:37.300+0800][363653.816s] GC(1334)   Other: 0.1ms
[2024-04-13T02:56:37.300+0800][363653.816s] GC(1334) Eden regions: 305->0(304)
[2024-04-13T02:56:37.300+0800][363653.816s] GC(1334) Survivor regions: 2->3(39)
[2024-04-13T02:56:37.300+0800][363653.816s] GC(1334) Old regions: 70->70
[2024-04-13T02:56:37.300+0800][363653.816s] GC(1334) Humongous regions: 4->4
[2024-04-13T02:56:37.300+0800][363653.816s] GC(1334) Metaspace: 69652K(70272K)->69652K(70272K) NonClass: 61909K(62272K)->61909K(62272K) Class: 7743K(8000K)->7743K(8000K)
[2024-04-13T02:56:37.300+0800][363653.816s] GC(1334) Pause Young (Normal) (G1 Evacuation Pause) 379M->75M(512M) 2.762ms
[2024-04-13T02:56:37.300+0800][363653.816s] GC(1334) User=0.19s Sys=0.00s Real=0.00s
[2024-04-13T02:56:38.483+0800][363654.999s] GC(1335) Pause Young (Normal) (G1 Evacuation Pause)
[2024-04-13T02:56:38.483+0800][363654.999s] GC(1335) Using 13 workers of 13 for evacuation
[2024-04-13T02:56:38.486+0800][363655.002s] GC(1335)   Pre Evacuate Collection Set: 0.3ms
[2024-04-13T02:56:38.486+0800][363655.003s] GC(1335)   Merge Heap Roots: 0.2ms
[2024-04-13T02:56:38.486+0800][363655.003s] GC(1335)   Evacuate Collection Set: 1.8ms
[2024-04-13T02:56:38.487+0800][363655.003s] GC(1335)   Post Evacuate Collection Set: 0.7ms
[2024-04-13T02:56:38.487+0800][363655.003s] GC(1335)   Other: 0.1ms
[2024-04-13T02:56:38.487+0800][363655.003s] GC(1335) Eden regions: 304->0(305)
[2024-04-13T02:56:38.487+0800][363655.003s] GC(1335) Survivor regions: 3->2(39)
[2024-04-13T02:56:38.487+0800][363655.003s] GC(1335) Old regions: 70->70
[2024-04-13T02:56:38.487+0800][363655.003s] GC(1335) Humongous regions: 4->4
[2024-04-13T02:56:38.487+0800][363655.003s] GC(1335) Metaspace: 69652K(70272K)->69652K(70272K) NonClass: 61909K(62272K)->61909K(62272K) Class: 7743K(8000K)->7743K(8000K)
[2024-04-13T02:56:38.487+0800][363655.003s] GC(1335) Pause Young (Normal) (G1 Evacuation Pause) 379M->74M(512M) 3.415ms
[2024-04-13T02:56:38.487+0800][363655.003s] GC(1335) User=0.00s Sys=0.00s Real=0.00s
[2024-04-13T02:56:39.684+0800][363656.200s] GC(1336) Pause Young (Normal) (G1 Evacuation Pause)
[2024-04-13T02:56:39.684+0800][363656.200s] GC(1336) Using 13 workers of 13 for evacuation
[2024-04-13T02:56:39.686+0800][363656.202s] GC(1336)   Pre Evacuate Collection Set: 0.2ms
[2024-04-13T02:56:39.686+0800][363656.202s] GC(1336)   Merge Heap Roots: 0.1ms
[2024-04-13T02:56:39.686+0800][363656.202s] GC(1336)   Evacuate Collection Set: 1.3ms
[2024-04-13T02:56:39.686+0800][363656.202s] GC(1336)   Post Evacuate Collection Set: 0.5ms
[2024-04-13T02:56:39.686+0800][363656.202s] GC(1336)   Other: 0.1ms
[2024-04-13T02:56:39.686+0800][363656.202s] GC(1336) Eden regions: 305->0(305)
[2024-04-13T02:56:39.686+0800][363656.202s] GC(1336) Survivor regions: 2->2(39)
[2024-04-13T02:56:39.686+0800][363656.202s] GC(1336) Old regions: 70->70
[2024-04-13T02:56:39.686+0800][363656.202s] GC(1336) Humongous regions: 4->4
[2024-04-13T02:56:39.686+0800][363656.202s] GC(1336) Metaspace: 69652K(70272K)->69652K(70272K) NonClass: 61909K(62272K)->61909K(62272K) Class: 7743K(8000K)->7743K(8000K)
[2024-04-13T02:56:39.686+0800][363656.202s] GC(1336) Pause Young (Normal) (G1 Evacuation Pause) 379M->74M(512M) 2.387ms
[2024-04-13T02:56:39.686+0800][363656.203s] GC(1336) User=0.00s Sys=0.00s Real=0.00s
[2024-04-13T02:56:40.886+0800][363657.402s] GC(1337) Pause Young (Normal) (G1 Evacuation Pause)
[2024-04-13T02:56:40.886+0800][363657.402s] GC(1337) Using 13 workers of 13 for evacuation
[2024-04-13T02:56:40.889+0800][363657.404s] GC(1337)   Pre Evacuate Collection Set: 0.2ms
[2024-04-13T02:56:40.889+0800][363657.404s] GC(1337)   Merge Heap Roots: 0.1ms
[2024-04-13T02:56:40.889+0800][363657.404s] GC(1337)   Evacuate Collection Set: 1.4ms
[2024-04-13T02:56:40.889+0800][363657.405s] GC(1337)   Post Evacuate Collection Set: 0.5ms
[2024-04-13T02:56:40.889+0800][363657.405s] GC(1337)   Other: 0.1ms
[2024-04-13T02:56:40.889+0800][363657.405s] GC(1337) Eden regions: 305->0(305)
[2024-04-13T02:56:40.889+0800][363657.405s] GC(1337) Survivor regions: 2->2(39)
[2024-04-13T02:56:40.889+0800][363657.405s] GC(1337) Old regions: 70->70
[2024-04-13T02:56:40.889+0800][363657.405s] GC(1337) Humongous regions: 4->4
[2024-04-13T02:56:40.889+0800][363657.405s] GC(1337) Metaspace: 69652K(70272K)->69652K(70272K) NonClass: 61909K(62272K)->61909K(62272K) Class: 7743K(8000K)->7743K(8000K)
[2024-04-13T02:56:40.889+0800][363657.405s] GC(1337) Pause Young (Normal) (G1 Evacuation Pause) 379M->74M(512M) 2.451ms
[2024-04-13T02:56:40.889+0800][363657.405s] GC(1337) User=0.00s Sys=0.00s Real=0.00s
[2024-04-13T02:56:42.064+0800][363658.580s] GC(1338) Pause Young (Normal) (G1 Evacuation Pause)
[2024-04-13T02:56:42.064+0800][363658.580s] GC(1338) Using 13 workers of 13 for evacuation
[2024-04-13T02:56:42.067+0800][363658.583s] GC(1338)   Pre Evacuate Collection Set: 0.2ms
[2024-04-13T02:56:42.067+0800][363658.583s] GC(1338)   Merge Heap Roots: 0.2ms
[2024-04-13T02:56:42.067+0800][363658.583s] GC(1338)   Evacuate Collection Set: 1.5ms
[2024-04-13T02:56:42.067+0800][363658.583s] GC(1338)   Post Evacuate Collection Set: 0.7ms
[2024-04-13T02:56:42.067+0800][363658.583s] GC(1338)   Other: 0.1ms
[2024-04-13T02:56:42.067+0800][363658.583s] GC(1338) Eden regions: 305->0(305)
[2024-04-13T02:56:42.067+0800][363658.583s] GC(1338) Survivor regions: 2->2(39)
[2024-04-13T02:56:42.067+0800][363658.583s] GC(1338) Old regions: 70->70
[2024-04-13T02:56:42.067+0800][363658.583s] GC(1338) Humongous regions: 4->4
[2024-04-13T02:56:42.067+0800][363658.583s] GC(1338) Metaspace: 69652K(70272K)->69652K(70272K) NonClass: 61909K(62272K)->61909K(62272K) Class: 7743K(8000K)->7743K(8000K)
[2024-04-13T02:56:42.067+0800][363658.583s] GC(1338) Pause Young (Normal) (G1 Evacuation Pause) 379M->74M(512M) 2.977ms
[2024-04-13T02:56:42.067+0800][363658.583s] GC(1338) User=0.03s Sys=0.00s Real=0.00s
[2024-04-13T02:56:43.301+0800][363659.818s] GC(1339) Pause Young (Normal) (G1 Evacuation Pause)
[2024-04-13T02:56:43.301+0800][363659.818s] GC(1339) Using 13 workers of 13 for evacuation
[2024-04-13T02:56:43.304+0800][363659.820s] GC(1339)   Pre Evacuate Collection Set: 0.3ms
[2024-04-13T02:56:43.304+0800][363659.821s] GC(1339)   Merge Heap Roots: 0.1ms
[2024-04-13T02:56:43.304+0800][363659.821s] GC(1339)   Evacuate Collection Set: 1.8ms
[2024-04-13T02:56:43.304+0800][363659.821s] GC(1339)   Post Evacuate Collection Set: 0.6ms
[2024-04-13T02:56:43.304+0800][363659.821s] GC(1339)   Other: 0.1ms
[2024-04-13T02:56:43.304+0800][363659.821s] GC(1339) Eden regions: 305->0(305)
[2024-04-13T02:56:43.304+0800][363659.821s] GC(1339) Survivor regions: 2->2(39)
[2024-04-13T02:56:43.304+0800][363659.821s] GC(1339) Old regions: 70->70
[2024-04-13T02:56:43.304+0800][363659.821s] GC(1339) Humongous regions: 4->4
[2024-04-13T02:56:43.304+0800][363659.821s] GC(1339) Metaspace: 69652K(70272K)->69652K(70272K) NonClass: 61909K(62272K)->61909K(62272K) Class: 7743K(8000K)->7743K(8000K)
[2024-04-13T02:56:43.304+0800][363659.821s] GC(1339) Pause Young (Normal) (G1 Evacuation Pause) 379M->74M(512M) 3.307ms
[2024-04-13T02:56:43.304+0800][363659.821s] GC(1339) User=0.00s Sys=0.00s Real=0.00s
[2024-04-13T02:56:44.544+0800][363661.061s] GC(1340) Pause Young (Normal) (G1 Evacuation Pause)
[2024-04-13T02:56:44.544+0800][363661.061s] GC(1340) Using 13 workers of 13 for evacuation
[2024-04-13T02:56:44.547+0800][363661.063s] GC(1340)   Pre Evacuate Collection Set: 0.2ms
[2024-04-13T02:56:44.547+0800][363661.063s] GC(1340)   Merge Heap Roots: 0.1ms
[2024-04-13T02:56:44.547+0800][363661.063s] GC(1340)   Evacuate Collection Set: 1.5ms
[2024-04-13T02:56:44.547+0800][363661.063s] GC(1340)   Post Evacuate Collection Set: 0.5ms
[2024-04-13T02:56:44.547+0800][363661.063s] GC(1340)   Other: 0.1ms
[2024-04-13T02:56:44.547+0800][363661.063s] GC(1340) Eden regions: 305->0(305)
[2024-04-13T02:56:44.547+0800][363661.063s] GC(1340) Survivor regions: 2->2(39)
[2024-04-13T02:56:44.547+0800][363661.063s] GC(1340) Old regions: 70->70
[2024-04-13T02:56:44.547+0800][363661.063s] GC(1340) Humongous regions: 4->4
[2024-04-13T02:56:44.547+0800][363661.063s] GC(1340) Metaspace: 69652K(70272K)->69652K(70272K) NonClass: 61909K(62272K)->61909K(62272K) Class: 7743K(8000K)->7743K(8000K)
[2024-04-13T02:56:44.547+0800][363661.063s] GC(1340) Pause Young (Normal) (G1 Evacuation Pause) 379M->75M(512M) 2.504ms
[2024-04-13T02:56:44.547+0800][363661.063s] GC(1340) User=0.00s Sys=0.00s Real=0.00s
[2024-04-13T02:56:45.763+0800][363662.280s] GC(1341) Pause Young (Normal) (G1 Evacuation Pause)
[2024-04-13T02:56:45.763+0800][363662.280s] GC(1341) Using 13 workers of 13 for evacuation
[2024-04-13T02:56:45.766+0800][363662.282s] GC(1341)   Pre Evacuate Collection Set: 0.2ms
[2024-04-13T02:56:45.766+0800][363662.282s] GC(1341)   Merge Heap Roots: 0.1ms
[2024-04-13T02:56:45.766+0800][363662.282s] GC(1341)   Evacuate Collection Set: 1.4ms
[2024-04-13T02:56:45.766+0800][363662.282s] GC(1341)   Post Evacuate Collection Set: 0.5ms
[2024-04-13T02:56:45.766+0800][363662.282s] GC(1341)   Other: 0.1ms
[2024-04-13T02:56:45.766+0800][363662.282s] GC(1341) Eden regions: 305->0(305)
[2024-04-13T02:56:45.766+0800][363662.282s] GC(1341) Survivor regions: 2->2(39)
[2024-04-13T02:56:45.766+0800][363662.282s] GC(1341) Old regions: 70->70
[2024-04-13T02:56:45.766+0800][363662.282s] GC(1341) Humongous regions: 4->4
[2024-04-13T02:56:45.766+0800][363662.282s] GC(1341) Metaspace: 69652K(70272K)->69652K(70272K) NonClass: 61909K(62272K)->61909K(62272K) Class: 7743K(8000K)->7743K(8000K)
[2024-04-13T02:56:45.766+0800][363662.282s] GC(1341) Pause Young (Normal) (G1 Evacuation Pause) 380M->74M(512M) 2.469ms
[2024-04-13T02:56:45.766+0800][363662.282s] GC(1341) User=0.00s Sys=0.00s Real=0.00s
[2024-04-13T02:56:46.955+0800][363663.471s] GC(1342) Pause Young (Normal) (G1 Evacuation Pause)
[2024-04-13T02:56:46.955+0800][363663.471s] GC(1342) Using 13 workers of 13 for evacuation
[2024-04-13T02:56:46.957+0800][363663.473s] GC(1342)   Pre Evacuate Collection Set: 0.2ms
[2024-04-13T02:56:46.957+0800][363663.473s] GC(1342)   Merge Heap Roots: 0.1ms
[2024-04-13T02:56:46.958+0800][363663.473s] GC(1342)   Evacuate Collection Set: 1.6ms
[2024-04-13T02:56:46.958+0800][363663.473s] GC(1342)   Post Evacuate Collection Set: 0.5ms
[2024-04-13T02:56:46.958+0800][363663.473s] GC(1342)   Other: 0.1ms
[2024-04-13T02:56:46.958+0800][363663.473s] GC(1342) Eden regions: 305->0(305)
[2024-04-13T02:56:46.958+0800][363663.473s] GC(1342) Survivor regions: 2->2(39)
[2024-04-13T02:56:46.958+0800][363663.473s] GC(1342) Old regions: 70->70
[2024-04-13T02:56:46.958+0800][363663.473s] GC(1342) Humongous regions: 4->4
[2024-04-13T02:56:46.958+0800][363663.473s] GC(1342) Metaspace: 69652K(70272K)->69652K(70272K) NonClass: 61909K(62272K)->61909K(62272K) Class: 7743K(8000K)->7743K(8000K)
[2024-04-13T02:56:46.958+0800][363663.473s] GC(1342) Pause Young (Normal) (G1 Evacuation Pause) 379M->74M(512M) 2.603ms
[2024-04-13T02:56:46.958+0800][363663.473s] GC(1342) User=0.03s Sys=0.00s Real=0.00s
[2024-04-13T02:56:48.158+0800][363664.674s] GC(1343) Pause Young (Normal) (G1 Evacuation Pause)
[2024-04-13T02:56:48.158+0800][363664.674s] GC(1343) Using 13 workers of 13 for evacuation
[2024-04-13T02:56:48.160+0800][363664.676s] GC(1343)   Pre Evacuate Collection Set: 0.1ms
[2024-04-13T02:56:48.160+0800][363664.676s] GC(1343)   Merge Heap Roots: 0.1ms
[2024-04-13T02:56:48.160+0800][363664.676s] GC(1343)   Evacuate Collection Set: 1.4ms
[2024-04-13T02:56:48.160+0800][363664.676s] GC(1343)   Post Evacuate Collection Set: 0.3ms
[2024-04-13T02:56:48.160+0800][363664.676s] GC(1343)   Other: 0.1ms
[2024-04-13T02:56:48.160+0800][363664.676s] GC(1343) Eden regions: 305->0(305)
[2024-04-13T02:56:48.160+0800][363664.676s] GC(1343) Survivor regions: 2->2(39)
[2024-04-13T02:56:48.160+0800][363664.676s] GC(1343) Old regions: 70->70
[2024-04-13T02:56:48.160+0800][363664.676s] GC(1343) Humongous regions: 4->4
[2024-04-13T02:56:48.160+0800][363664.676s] GC(1343) Metaspace: 69652K(70272K)->69652K(70272K) NonClass: 61909K(62272K)->61909K(62272K) Class: 7743K(8000K)->7743K(8000K)
[2024-04-13T02:56:48.160+0800][363664.676s] GC(1343) Pause Young (Normal) (G1 Evacuation Pause) 379M->75M(512M) 2.148ms
[2024-04-13T02:56:48.160+0800][363664.676s] GC(1343) User=0.20s Sys=0.00s Real=0.00s
[2024-04-13T02:56:49.380+0800][363665.896s] GC(1344) Pause Young (Normal) (G1 Evacuation Pause)
[2024-04-13T02:56:49.380+0800][363665.896s] GC(1344) Using 13 workers of 13 for evacuation
[2024-04-13T02:56:49.382+0800][363665.898s] GC(1344)   Pre Evacuate Collection Set: 0.2ms
[2024-04-13T02:56:49.382+0800][363665.898s] GC(1344)   Merge Heap Roots: 0.1ms
[2024-04-13T02:56:49.382+0800][363665.898s] GC(1344)   Evacuate Collection Set: 1.5ms
[2024-04-13T02:56:49.382+0800][363665.898s] GC(1344)   Post Evacuate Collection Set: 0.4ms
[2024-04-13T02:56:49.382+0800][363665.898s] GC(1344)   Other: 0.1ms
[2024-04-13T02:56:49.382+0800][363665.898s] GC(1344) Eden regions: 305->0(305)
[2024-04-13T02:56:49.382+0800][363665.898s] GC(1344) Survivor regions: 2->2(39)
[2024-04-13T02:56:49.383+0800][363665.898s] GC(1344) Old regions: 70->70
[2024-04-13T02:56:49.383+0800][363665.898s] GC(1344) Humongous regions: 4->4
[2024-04-13T02:56:49.383+0800][363665.898s] GC(1344) Metaspace: 69652K(70272K)->69652K(70272K) NonClass: 61909K(62272K)->61909K(62272K) Class: 7743K(8000K)->7743K(8000K)
[2024-04-13T02:56:49.383+0800][363665.898s] GC(1344) Pause Young (Normal) (G1 Evacuation Pause) 380M->75M(512M) 2.524ms
[2024-04-13T02:56:49.383+0800][363665.898s] GC(1344) User=0.00s Sys=0.00s Real=0.00s
[2024-04-13T02:56:50.634+0800][363667.150s] GC(1345) Pause Young (Normal) (G1 Evacuation Pause)
[2024-04-13T02:56:50.634+0800][363667.150s] GC(1345) Using 13 workers of 13 for evacuation
[2024-04-13T02:56:50.636+0800][363667.152s] GC(1345)   Pre Evacuate Collection Set: 0.1ms
[2024-04-13T02:56:50.636+0800][363667.152s] GC(1345)   Merge Heap Roots: 0.1ms
[2024-04-13T02:56:50.636+0800][363667.152s] GC(1345)   Evacuate Collection Set: 1.2ms
[2024-04-13T02:56:50.636+0800][363667.153s] GC(1345)   Post Evacuate Collection Set: 0.5ms
[2024-04-13T02:56:50.636+0800][363667.153s] GC(1345)   Other: 0.1ms
[2024-04-13T02:56:50.636+0800][363667.153s] GC(1345) Eden regions: 305->0(305)
[2024-04-13T02:56:50.636+0800][363667.153s] GC(1345) Survivor regions: 2->2(39)
[2024-04-13T02:56:50.636+0800][363667.153s] GC(1345) Old regions: 70->70
[2024-04-13T02:56:50.636+0800][363667.153s] GC(1345) Humongous regions: 4->4
[2024-04-13T02:56:50.636+0800][363667.153s] GC(1345) Metaspace: 69652K(70272K)->69652K(70272K) NonClass: 61909K(62272K)->61909K(62272K) Class: 7743K(8000K)->7743K(8000K)
[2024-04-13T02:56:50.636+0800][363667.153s] GC(1345) Pause Young (Normal) (G1 Evacuation Pause) 380M->74M(512M) 2.196ms
[2024-04-13T02:56:50.636+0800][363667.153s] GC(1345) User=0.00s Sys=0.00s Real=0.00s
[2024-04-13T02:56:51.874+0800][363668.390s] GC(1346) Pause Young (Normal) (G1 Evacuation Pause)
[2024-04-13T02:56:51.874+0800][363668.390s] GC(1346) Using 13 workers of 13 for evacuation
[2024-04-13T02:56:51.876+0800][363668.392s] GC(1346)   Pre Evacuate Collection Set: 0.1ms
[2024-04-13T02:56:51.876+0800][363668.392s] GC(1346)   Merge Heap Roots: 0.1ms
[2024-04-13T02:56:51.876+0800][363668.392s] GC(1346)   Evacuate Collection Set: 1.2ms
[2024-04-13T02:56:51.876+0800][363668.393s] GC(1346)   Post Evacuate Collection Set: 0.5ms
[2024-04-13T02:56:51.876+0800][363668.393s] GC(1346)   Other: 0.1ms
[2024-04-13T02:56:51.876+0800][363668.393s] GC(1346) Eden regions: 305->0(305)
[2024-04-13T02:56:51.876+0800][363668.393s] GC(1346) Survivor regions: 2->2(39)
[2024-04-13T02:56:51.876+0800][363668.393s] GC(1346) Old regions: 70->70
[2024-04-13T02:56:51.876+0800][363668.393s] GC(1346) Humongous regions: 4->4
[2024-04-13T02:56:51.876+0800][363668.393s] GC(1346) Metaspace: 69652K(70272K)->69652K(70272K) NonClass: 61909K(62272K)->61909K(62272K) Class: 7743K(8000K)->7743K(8000K)
[2024-04-13T02:56:51.876+0800][363668.393s] GC(1346) Pause Young (Normal) (G1 Evacuation Pause) 379M->74M(512M) 2.311ms
[2024-04-13T02:56:51.876+0800][363668.393s] GC(1346) User=0.00s Sys=0.00s Real=0.00s
[2024-04-13T02:56:53.074+0800][363669.590s] GC(1347) Pause Young (Normal) (G1 Evacuation Pause)
[2024-04-13T02:56:53.074+0800][363669.590s] GC(1347) Using 13 workers of 13 for evacuation
[2024-04-13T02:56:53.076+0800][363669.592s] GC(1347)   Pre Evacuate Collection Set: 0.2ms
[2024-04-13T02:56:53.076+0800][363669.592s] GC(1347)   Merge Heap Roots: 0.1ms
[2024-04-13T02:56:53.077+0800][363669.592s] GC(1347)   Evacuate Collection Set: 1.4ms
[2024-04-13T02:56:53.077+0800][363669.592s] GC(1347)   Post Evacuate Collection Set: 0.5ms
[2024-04-13T02:56:53.077+0800][363669.592s] GC(1347)   Other: 0.1ms
[2024-04-13T02:56:53.077+0800][363669.592s] GC(1347) Eden regions: 305->0(305)
[2024-04-13T02:56:53.077+0800][363669.592s] GC(1347) Survivor regions: 2->2(39)
[2024-04-13T02:56:53.077+0800][363669.592s] GC(1347) Old regions: 70->70
[2024-04-13T02:56:53.077+0800][363669.592s] GC(1347) Humongous regions: 4->4
[2024-04-13T02:56:53.077+0800][363669.592s] GC(1347) Metaspace: 69652K(70272K)->69652K(70272K) NonClass: 61909K(62272K)->61909K(62272K) Class: 7743K(8000K)->7743K(8000K)
[2024-04-13T02:56:53.077+0800][363669.592s] GC(1347) Pause Young (Normal) (G1 Evacuation Pause) 379M->75M(512M) 2.552ms
[2024-04-13T02:56:53.077+0800][363669.592s] GC(1347) User=0.00s Sys=0.00s Real=0.00s
[2024-04-13T02:56:54.274+0800][363670.790s] GC(1348) Pause Young (Normal) (G1 Evacuation Pause)
[2024-04-13T02:56:54.274+0800][363670.790s] GC(1348) Using 13 workers of 13 for evacuation
[2024-04-13T02:56:54.277+0800][363670.793s] GC(1348)   Pre Evacuate Collection Set: 0.2ms
[2024-04-13T02:56:54.277+0800][363670.793s] GC(1348)   Merge Heap Roots: 0.1ms
[2024-04-13T02:56:54.277+0800][363670.793s] GC(1348)   Evacuate Collection Set: 1.5ms
[2024-04-13T02:56:54.277+0800][363670.793s] GC(1348)   Post Evacuate Collection Set: 0.5ms
[2024-04-13T02:56:54.277+0800][363670.793s] GC(1348)   Other: 0.1ms
[2024-04-13T02:56:54.277+0800][363670.793s] GC(1348) Eden regions: 305->0(305)
[2024-04-13T02:56:54.277+0800][363670.793s] GC(1348) Survivor regions: 2->2(39)
[2024-04-13T02:56:54.277+0800][363670.793s] GC(1348) Old regions: 70->70
[2024-04-13T02:56:54.277+0800][363670.793s] GC(1348) Humongous regions: 4->4
[2024-04-13T02:56:54.277+0800][363670.793s] GC(1348) Metaspace: 69652K(70272K)->69652K(70272K) NonClass: 61909K(62272K)->61909K(62272K) Class: 7743K(8000K)->7743K(8000K)
[2024-04-13T02:56:54.277+0800][363670.793s] GC(1348) Pause Young (Normal) (G1 Evacuation Pause) 380M->74M(512M) 2.595ms
[2024-04-13T02:56:54.277+0800][363670.793s] GC(1348) User=0.00s Sys=0.00s Real=0.00s
[2024-04-13T02:56:55.470+0800][363671.986s] GC(1349) Pause Young (Normal) (G1 Evacuation Pause)
[2024-04-13T02:56:55.470+0800][363671.986s] GC(1349) Using 13 workers of 13 for evacuation
[2024-04-13T02:56:55.473+0800][363671.988s] GC(1349)   Pre Evacuate Collection Set: 0.2ms
[2024-04-13T02:56:55.473+0800][363671.989s] GC(1349)   Merge Heap Roots: 0.1ms
[2024-04-13T02:56:55.473+0800][363671.989s] GC(1349)   Evacuate Collection Set: 1.6ms
[2024-04-13T02:56:55.473+0800][363671.989s] GC(1349)   Post Evacuate Collection Set: 0.4ms
[2024-04-13T02:56:55.473+0800][363671.989s] GC(1349)   Other: 0.1ms
[2024-04-13T02:56:55.473+0800][363671.989s] GC(1349) Eden regions: 305->0(305)
[2024-04-13T02:56:55.473+0800][363671.989s] GC(1349) Survivor regions: 2->2(39)
[2024-04-13T02:56:55.473+0800][363671.989s] GC(1349) Old regions: 70->70
[2024-04-13T02:56:55.473+0800][363671.989s] GC(1349) Humongous regions: 4->4
[2024-04-13T02:56:55.473+0800][363671.989s] GC(1349) Metaspace: 69652K(70272K)->69652K(70272K) NonClass: 61909K(62272K)->61909K(62272K) Class: 7743K(8000K)->7743K(8000K)
[2024-04-13T02:56:55.473+0800][363671.989s] GC(1349) Pause Young (Normal) (G1 Evacuation Pause) 379M->74M(512M) 2.712ms
[2024-04-13T02:56:55.473+0800][363671.989s] GC(1349) User=0.20s Sys=0.00s Real=0.00s
[2024-04-13T02:56:56.668+0800][363673.184s] GC(1350) Pause Young (Normal) (G1 Evacuation Pause)
[2024-04-13T02:56:56.668+0800][363673.184s] GC(1350) Using 13 workers of 13 for evacuation
[2024-04-13T02:56:56.671+0800][363673.187s] GC(1350)   Pre Evacuate Collection Set: 0.2ms
[2024-04-13T02:56:56.671+0800][363673.187s] GC(1350)   Merge Heap Roots: 0.1ms
[2024-04-13T02:56:56.671+0800][363673.187s] GC(1350)   Evacuate Collection Set: 1.7ms
[2024-04-13T02:56:56.671+0800][363673.187s] GC(1350)   Post Evacuate Collection Set: 0.5ms
[2024-04-13T02:56:56.671+0800][363673.187s] GC(1350)   Other: 0.1ms
[2024-04-13T02:56:56.671+0800][363673.187s] GC(1350) Eden regions: 305->0(305)
[2024-04-13T02:56:56.671+0800][363673.187s] GC(1350) Survivor regions: 2->2(39)
[2024-04-13T02:56:56.671+0800][363673.187s] GC(1350) Old regions: 70->70
[2024-04-13T02:56:56.671+0800][363673.187s] GC(1350) Humongous regions: 4->4
[2024-04-13T02:56:56.671+0800][363673.187s] GC(1350) Metaspace: 69652K(70272K)->69652K(70272K) NonClass: 61909K(62272K)->61909K(62272K) Class: 7743K(8000K)->7743K(8000K)
[2024-04-13T02:56:56.671+0800][363673.187s] GC(1350) Pause Young (Normal) (G1 Evacuation Pause) 379M->74M(512M) 2.962ms
[2024-04-13T02:56:56.671+0800][363673.187s] GC(1350) User=0.00s Sys=0.00s Real=0.00s
[2024-04-13T02:56:57.911+0800][363674.427s] GC(1351) Pause Young (Normal) (G1 Evacuation Pause)
[2024-04-13T02:56:57.911+0800][363674.427s] GC(1351) Using 13 workers of 13 for evacuation
[2024-04-13T02:56:57.914+0800][363674.429s] GC(1351)   Pre Evacuate Collection Set: 0.2ms
[2024-04-13T02:56:57.914+0800][363674.429s] GC(1351)   Merge Heap Roots: 0.1ms
[2024-04-13T02:56:57.914+0800][363674.429s] GC(1351)   Evacuate Collection Set: 1.4ms
[2024-04-13T02:56:57.914+0800][363674.429s] GC(1351)   Post Evacuate Collection Set: 0.6ms
[2024-04-13T02:56:57.914+0800][363674.429s] GC(1351)   Other: 0.1ms
[2024-04-13T02:56:57.914+0800][363674.429s] GC(1351) Eden regions: 305->0(305)
[2024-04-13T02:56:57.914+0800][363674.429s] GC(1351) Survivor regions: 2->2(39)
[2024-04-13T02:56:57.914+0800][363674.429s] GC(1351) Old regions: 70->70
[2024-04-13T02:56:57.914+0800][363674.429s] GC(1351) Humongous regions: 4->4
[2024-04-13T02:56:57.914+0800][363674.429s] GC(1351) Metaspace: 69652K(70272K)->69652K(70272K) NonClass: 61909K(62272K)->61909K(62272K) Class: 7743K(8000K)->7743K(8000K)
[2024-04-13T02:56:57.914+0800][363674.429s] GC(1351) Pause Young (Normal) (G1 Evacuation Pause) 379M->74M(512M) 2.532ms
[2024-04-13T02:56:57.914+0800][363674.430s] GC(1351) User=0.00s Sys=0.00s Real=0.00s
[2024-04-13T02:56:59.092+0800][363675.608s] GC(1352) Pause Young (Normal) (G1 Evacuation Pause)
[2024-04-13T02:56:59.092+0800][363675.608s] GC(1352) Using 13 workers of 13 for evacuation
[2024-04-13T02:56:59.095+0800][363675.611s] GC(1352)   Pre Evacuate Collection Set: 0.2ms
[2024-04-13T02:56:59.095+0800][363675.611s] GC(1352)   Merge Heap Roots: 0.1ms
[2024-04-13T02:56:59.095+0800][363675.611s] GC(1352)   Evacuate Collection Set: 1.4ms
[2024-04-13T02:56:59.095+0800][363675.611s] GC(1352)   Post Evacuate Collection Set: 0.7ms
[2024-04-13T02:56:59.095+0800][363675.611s] GC(1352)   Other: 0.1ms
[2024-04-13T02:56:59.095+0800][363675.611s] GC(1352) Eden regions: 305->0(305)
[2024-04-13T02:56:59.095+0800][363675.611s] GC(1352) Survivor regions: 2->2(39)
[2024-04-13T02:56:59.095+0800][363675.611s] GC(1352) Old regions: 70->70
[2024-04-13T02:56:59.095+0800][363675.611s] GC(1352) Humongous regions: 4->4
[2024-04-13T02:56:59.095+0800][363675.611s] GC(1352) Metaspace: 69652K(70272K)->69652K(70272K) NonClass: 61909K(62272K)->61909K(62272K) Class: 7743K(8000K)->7743K(8000K)
[2024-04-13T02:56:59.095+0800][363675.611s] GC(1352) Pause Young (Normal) (G1 Evacuation Pause) 379M->74M(512M) 2.746ms
[2024-04-13T02:56:59.095+0800][363675.611s] GC(1352) User=0.00s Sys=0.00s Real=0.00s
[2024-04-13T02:57:00.377+0800][363676.892s] GC(1353) Pause Young (Normal) (G1 Evacuation Pause)
[2024-04-13T02:57:00.377+0800][363676.893s] GC(1353) Using 13 workers of 13 for evacuation
[2024-04-13T02:57:00.379+0800][363676.895s] GC(1353)   Pre Evacuate Collection Set: 0.1ms
[2024-04-13T02:57:00.379+0800][363676.895s] GC(1353)   Merge Heap Roots: 0.1ms
[2024-04-13T02:57:00.379+0800][363676.895s] GC(1353)   Evacuate Collection Set: 1.5ms
[2024-04-13T02:57:00.379+0800][363676.895s] GC(1353)   Post Evacuate Collection Set: 0.5ms
[2024-04-13T02:57:00.379+0800][363676.895s] GC(1353)   Other: 0.1ms
[2024-04-13T02:57:00.379+0800][363676.895s] GC(1353) Eden regions: 305->0(305)
[2024-04-13T02:57:00.379+0800][363676.895s] GC(1353) Survivor regions: 2->2(39)
[2024-04-13T02:57:00.379+0800][363676.895s] GC(1353) Old regions: 70->70
[2024-04-13T02:57:00.379+0800][363676.895s] GC(1353) Humongous regions: 4->4
[2024-04-13T02:57:00.379+0800][363676.895s] GC(1353) Metaspace: 69652K(70272K)->69652K(70272K) NonClass: 61909K(62272K)->61909K(62272K) Class: 7743K(8000K)->7743K(8000K)
[2024-04-13T02:57:00.379+0800][363676.895s] GC(1353) Pause Young (Normal) (G1 Evacuation Pause) 379M->74M(512M) 2.587ms
[2024-04-13T02:57:00.379+0800][363676.895s] GC(1353) User=0.17s Sys=0.02s Real=0.00s
[2024-04-13T02:57:01.583+0800][363678.098s] GC(1354) Pause Young (Normal) (G1 Evacuation Pause)
[2024-04-13T02:57:01.583+0800][363678.098s] GC(1354) Using 13 workers of 13 for evacuation
[2024-04-13T02:57:01.585+0800][363678.101s] GC(1354)   Pre Evacuate Collection Set: 0.2ms
[2024-04-13T02:57:01.585+0800][363678.101s] GC(1354)   Merge Heap Roots: 0.1ms
[2024-04-13T02:57:01.585+0800][363678.101s] GC(1354)   Evacuate Collection Set: 1.7ms
[2024-04-13T02:57:01.585+0800][363678.101s] GC(1354)   Post Evacuate Collection Set: 0.5ms
[2024-04-13T02:57:01.585+0800][363678.101s] GC(1354)   Other: 0.1ms
[2024-04-13T02:57:01.585+0800][363678.101s] GC(1354) Eden regions: 305->0(305)
[2024-04-13T02:57:01.585+0800][363678.101s] GC(1354) Survivor regions: 2->2(39)
[2024-04-13T02:57:01.585+0800][363678.101s] GC(1354) Old regions: 70->70
[2024-04-13T02:57:01.586+0800][363678.101s] GC(1354) Humongous regions: 4->4
[2024-04-13T02:57:01.586+0800][363678.101s] GC(1354) Metaspace: 69652K(70272K)->69652K(70272K) NonClass: 61909K(62272K)->61909K(62272K) Class: 7743K(8000K)->7743K(8000K)
[2024-04-13T02:57:01.586+0800][363678.101s] GC(1354) Pause Young (Normal) (G1 Evacuation Pause) 379M->74M(512M) 2.801ms
[2024-04-13T02:57:01.586+0800][363678.101s] GC(1354) User=0.00s Sys=0.00s Real=0.00s
[2024-04-13T02:57:02.859+0800][363679.375s] GC(1355) Pause Young (Normal) (G1 Evacuation Pause)
[2024-04-13T02:57:02.859+0800][363679.375s] GC(1355) Using 13 workers of 13 for evacuation
[2024-04-13T02:57:02.862+0800][363679.377s] GC(1355)   Pre Evacuate Collection Set: 0.3ms
[2024-04-13T02:57:02.862+0800][363679.378s] GC(1355)   Merge Heap Roots: 0.1ms
[2024-04-13T02:57:02.862+0800][363679.378s] GC(1355)   Evacuate Collection Set: 1.4ms
[2024-04-13T02:57:02.862+0800][363679.378s] GC(1355)   Post Evacuate Collection Set: 0.5ms
[2024-04-13T02:57:02.862+0800][363679.378s] GC(1355)   Other: 0.1ms
[2024-04-13T02:57:02.862+0800][363679.378s] GC(1355) Eden regions: 305->0(305)
[2024-04-13T02:57:02.862+0800][363679.378s] GC(1355) Survivor regions: 2->2(39)
[2024-04-13T02:57:02.862+0800][363679.378s] GC(1355) Old regions: 70->70
[2024-04-13T02:57:02.862+0800][363679.378s] GC(1355) Humongous regions: 4->4
[2024-04-13T02:57:02.862+0800][363679.378s] GC(1355) Metaspace: 69652K(70272K)->69652K(70272K) NonClass: 61909K(62272K)->61909K(62272K) Class: 7743K(8000K)->7743K(8000K)
[2024-04-13T02:57:02.862+0800][363679.378s] GC(1355) Pause Young (Normal) (G1 Evacuation Pause) 379M->75M(512M) 2.659ms
[2024-04-13T02:57:02.862+0800][363679.378s] GC(1355) User=0.00s Sys=0.00s Real=0.00s
[2024-04-13T02:57:04.109+0800][363680.625s] GC(1356) Pause Young (Normal) (G1 Evacuation Pause)
[2024-04-13T02:57:04.109+0800][363680.625s] GC(1356) Using 13 workers of 13 for evacuation
[2024-04-13T02:57:04.113+0800][363680.629s] GC(1356)   Pre Evacuate Collection Set: 0.2ms
[2024-04-13T02:57:04.113+0800][363680.629s] GC(1356)   Merge Heap Roots: 0.2ms
[2024-04-13T02:57:04.113+0800][363680.629s] GC(1356)   Evacuate Collection Set: 2.5ms
[2024-04-13T02:57:04.113+0800][363680.629s] GC(1356)   Post Evacuate Collection Set: 0.5ms
[2024-04-13T02:57:04.113+0800][363680.629s] GC(1356)   Other: 0.1ms
[2024-04-13T02:57:04.113+0800][363680.629s] GC(1356) Eden regions: 305->0(305)
[2024-04-13T02:57:04.113+0800][363680.629s] GC(1356) Survivor regions: 2->2(39)
[2024-04-13T02:57:04.113+0800][363680.629s] GC(1356) Old regions: 70->70
[2024-04-13T02:57:04.113+0800][363680.629s] GC(1356) Humongous regions: 4->4
[2024-04-13T02:57:04.113+0800][363680.629s] GC(1356) Metaspace: 69652K(70272K)->69652K(70272K) NonClass: 61909K(62272K)->61909K(62272K) Class: 7743K(8000K)->7743K(8000K)
[2024-04-13T02:57:04.113+0800][363680.629s] GC(1356) Pause Young (Normal) (G1 Evacuation Pause) 380M->75M(512M) 3.768ms
[2024-04-13T02:57:04.113+0800][363680.629s] GC(1356) User=0.02s Sys=0.00s Real=0.00s
[2024-04-13T02:57:05.397+0800][363681.913s] GC(1357) Pause Young (Normal) (G1 Evacuation Pause)
[2024-04-13T02:57:05.397+0800][363681.913s] GC(1357) Using 13 workers of 13 for evacuation
[2024-04-13T02:57:05.400+0800][363681.916s] GC(1357)   Pre Evacuate Collection Set: 0.1ms
[2024-04-13T02:57:05.400+0800][363681.916s] GC(1357)   Merge Heap Roots: 0.1ms
[2024-04-13T02:57:05.400+0800][363681.916s] GC(1357)   Evacuate Collection Set: 1.5ms
[2024-04-13T02:57:05.400+0800][363681.916s] GC(1357)   Post Evacuate Collection Set: 0.7ms
[2024-04-13T02:57:05.400+0800][363681.916s] GC(1357)   Other: 0.1ms
[2024-04-13T02:57:05.400+0800][363681.916s] GC(1357) Eden regions: 305->0(305)
[2024-04-13T02:57:05.400+0800][363681.916s] GC(1357) Survivor regions: 2->2(39)
[2024-04-13T02:57:05.400+0800][363681.916s] GC(1357) Old regions: 70->70
[2024-04-13T02:57:05.400+0800][363681.916s] GC(1357) Humongous regions: 4->4
[2024-04-13T02:57:05.400+0800][363681.916s] GC(1357) Metaspace: 69652K(70272K)->69652K(70272K) NonClass: 61909K(62272K)->61909K(62272K) Class: 7743K(8000K)->7743K(8000K)
[2024-04-13T02:57:05.400+0800][363681.916s] GC(1357) Pause Young (Normal) (G1 Evacuation Pause) 380M->75M(512M) 2.714ms
[2024-04-13T02:57:05.400+0800][363681.916s] GC(1357) User=0.00s Sys=0.00s Real=0.00s
[2024-04-13T02:57:06.600+0800][363683.116s] GC(1358) Pause Young (Normal) (G1 Evacuation Pause)
[2024-04-13T02:57:06.600+0800][363683.116s] GC(1358) Using 13 workers of 13 for evacuation
[2024-04-13T02:57:06.602+0800][363683.119s] GC(1358)   Pre Evacuate Collection Set: 0.1ms
[2024-04-13T02:57:06.602+0800][363683.119s] GC(1358)   Merge Heap Roots: 0.1ms
[2024-04-13T02:57:06.602+0800][363683.119s] GC(1358)   Evacuate Collection Set: 1.5ms
[2024-04-13T02:57:06.602+0800][363683.119s] GC(1358)   Post Evacuate Collection Set: 0.5ms
[2024-04-13T02:57:06.602+0800][363683.119s] GC(1358)   Other: 0.1ms
[2024-04-13T02:57:06.602+0800][363683.119s] GC(1358) Eden regions: 305->0(305)
[2024-04-13T02:57:06.602+0800][363683.119s] GC(1358) Survivor regions: 2->2(39)
[2024-04-13T02:57:06.602+0800][363683.119s] GC(1358) Old regions: 70->70
[2024-04-13T02:57:06.602+0800][363683.119s] GC(1358) Humongous regions: 4->4
[2024-04-13T02:57:06.602+0800][363683.119s] GC(1358) Metaspace: 69652K(70272K)->69652K(70272K) NonClass: 61909K(62272K)->61909K(62272K) Class: 7743K(8000K)->7743K(8000K)
[2024-04-13T02:57:06.602+0800][363683.119s] GC(1358) Pause Young (Normal) (G1 Evacuation Pause) 380M->75M(512M) 2.556ms
[2024-04-13T02:57:06.602+0800][363683.119s] GC(1358) User=0.00s Sys=0.00s Real=0.00s
[2024-04-13T02:57:07.929+0800][363684.445s] GC(1359) Pause Young (Normal) (G1 Evacuation Pause)
[2024-04-13T02:57:07.929+0800][363684.445s] GC(1359) Using 13 workers of 13 for evacuation
[2024-04-13T02:57:07.931+0800][363684.447s] GC(1359)   Pre Evacuate Collection Set: 0.1ms
[2024-04-13T02:57:07.931+0800][363684.447s] GC(1359)   Merge Heap Roots: 0.1ms
[2024-04-13T02:57:07.931+0800][363684.447s] GC(1359)   Evacuate Collection Set: 1.4ms
[2024-04-13T02:57:07.931+0800][363684.447s] GC(1359)   Post Evacuate Collection Set: 0.5ms
[2024-04-13T02:57:07.931+0800][363684.447s] GC(1359)   Other: 0.1ms
[2024-04-13T02:57:07.931+0800][363684.447s] GC(1359) Eden regions: 305->0(305)
[2024-04-13T02:57:07.931+0800][363684.447s] GC(1359) Survivor regions: 2->2(39)
[2024-04-13T02:57:07.931+0800][363684.447s] GC(1359) Old regions: 70->70
[2024-04-13T02:57:07.931+0800][363684.447s] GC(1359) Humongous regions: 4->4
[2024-04-13T02:57:07.931+0800][363684.447s] GC(1359) Metaspace: 69652K(70272K)->69652K(70272K) NonClass: 61909K(62272K)->61909K(62272K) Class: 7743K(8000K)->7743K(8000K)
[2024-04-13T02:57:07.931+0800][363684.447s] GC(1359) Pause Young (Normal) (G1 Evacuation Pause) 380M->75M(512M) 2.393ms
[2024-04-13T02:57:07.931+0800][363684.447s] GC(1359) User=0.00s Sys=0.00s Real=0.00s
[2024-04-13T02:57:09.114+0800][363685.630s] GC(1360) Pause Young (Normal) (G1 Evacuation Pause)
[2024-04-13T02:57:09.114+0800][363685.630s] GC(1360) Using 13 workers of 13 for evacuation
[2024-04-13T02:57:09.117+0800][363685.632s] GC(1360)   Pre Evacuate Collection Set: 0.2ms
[2024-04-13T02:57:09.117+0800][363685.632s] GC(1360)   Merge Heap Roots: 0.1ms
[2024-04-13T02:57:09.117+0800][363685.632s] GC(1360)   Evacuate Collection Set: 1.8ms
[2024-04-13T02:57:09.117+0800][363685.632s] GC(1360)   Post Evacuate Collection Set: 0.6ms
[2024-04-13T02:57:09.117+0800][363685.632s] GC(1360)   Other: 0.1ms
[2024-04-13T02:57:09.117+0800][363685.633s] GC(1360) Eden regions: 305->0(305)
[2024-04-13T02:57:09.117+0800][363685.633s] GC(1360) Survivor regions: 2->2(39)
[2024-04-13T02:57:09.117+0800][363685.633s] GC(1360) Old regions: 70->70
[2024-04-13T02:57:09.117+0800][363685.633s] GC(1360) Humongous regions: 4->4
[2024-04-13T02:57:09.117+0800][363685.633s] GC(1360) Metaspace: 69652K(70272K)->69652K(70272K) NonClass: 61909K(62272K)->61909K(62272K) Class: 7743K(8000K)->7743K(8000K)
[2024-04-13T02:57:09.117+0800][363685.633s] GC(1360) Pause Young (Normal) (G1 Evacuation Pause) 380M->75M(512M) 2.981ms
[2024-04-13T02:57:09.117+0800][363685.633s] GC(1360) User=0.00s Sys=0.00s Real=0.00s
[2024-04-13T02:57:10.332+0800][363686.848s] GC(1361) Pause Young (Normal) (G1 Evacuation Pause)
[2024-04-13T02:57:10.332+0800][363686.848s] GC(1361) Using 13 workers of 13 for evacuation
[2024-04-13T02:57:10.335+0800][363686.851s] GC(1361)   Pre Evacuate Collection Set: 0.2ms
[2024-04-13T02:57:10.335+0800][363686.851s] GC(1361)   Merge Heap Roots: 0.1ms
[2024-04-13T02:57:10.335+0800][363686.851s] GC(1361)   Evacuate Collection Set: 1.7ms
[2024-04-13T02:57:10.335+0800][363686.851s] GC(1361)   Post Evacuate Collection Set: 0.6ms
[2024-04-13T02:57:10.335+0800][363686.851s] GC(1361)   Other: 0.1ms
[2024-04-13T02:57:10.335+0800][363686.851s] GC(1361) Eden regions: 305->0(305)
[2024-04-13T02:57:10.335+0800][363686.851s] GC(1361) Survivor regions: 2->2(39)
[2024-04-13T02:57:10.335+0800][363686.851s] GC(1361) Old regions: 70->70
[2024-04-13T02:57:10.335+0800][363686.851s] GC(1361) Humongous regions: 4->4
[2024-04-13T02:57:10.335+0800][363686.851s] GC(1361) Metaspace: 69652K(70272K)->69652K(70272K) NonClass: 61909K(62272K)->61909K(62272K) Class: 7743K(8000K)->7743K(8000K)
[2024-04-13T02:57:10.335+0800][363686.851s] GC(1361) Pause Young (Normal) (G1 Evacuation Pause) 380M->75M(512M) 2.958ms
[2024-04-13T02:57:10.335+0800][363686.851s] GC(1361) User=0.00s Sys=0.00s Real=0.00s
[2024-04-13T02:57:11.565+0800][363688.081s] GC(1362) Pause Young (Normal) (G1 Evacuation Pause)
[2024-04-13T02:57:11.565+0800][363688.081s] GC(1362) Using 13 workers of 13 for evacuation
[2024-04-13T02:57:11.568+0800][363688.084s] GC(1362)   Pre Evacuate Collection Set: 0.2ms
[2024-04-13T02:57:11.568+0800][363688.084s] GC(1362)   Merge Heap Roots: 0.1ms
[2024-04-13T02:57:11.568+0800][363688.084s] GC(1362)   Evacuate Collection Set: 1.4ms
[2024-04-13T02:57:11.568+0800][363688.084s] GC(1362)   Post Evacuate Collection Set: 0.5ms
[2024-04-13T02:57:11.568+0800][363688.084s] GC(1362)   Other: 0.1ms
[2024-04-13T02:57:11.568+0800][363688.084s] GC(1362) Eden regions: 305->0(305)
[2024-04-13T02:57:11.568+0800][363688.084s] GC(1362) Survivor regions: 2->2(39)
[2024-04-13T02:57:11.568+0800][363688.084s] GC(1362) Old regions: 70->70
[2024-04-13T02:57:11.568+0800][363688.084s] GC(1362) Humongous regions: 4->4
[2024-04-13T02:57:11.568+0800][363688.084s] GC(1362) Metaspace: 69652K(70272K)->69652K(70272K) NonClass: 61909K(62272K)->61909K(62272K) Class: 7743K(8000K)->7743K(8000K)
[2024-04-13T02:57:11.568+0800][363688.084s] GC(1362) Pause Young (Normal) (G1 Evacuation Pause) 380M->75M(512M) 2.555ms
[2024-04-13T02:57:11.568+0800][363688.084s] GC(1362) User=0.02s Sys=0.00s Real=0.00s
[2024-04-13T02:57:12.735+0800][363689.252s] GC(1363) Pause Young (Normal) (G1 Evacuation Pause)
[2024-04-13T02:57:12.735+0800][363689.252s] GC(1363) Using 13 workers of 13 for evacuation
[2024-04-13T02:57:12.738+0800][363689.254s] GC(1363)   Pre Evacuate Collection Set: 0.2ms
[2024-04-13T02:57:12.738+0800][363689.255s] GC(1363)   Merge Heap Roots: 0.1ms
[2024-04-13T02:57:12.738+0800][363689.255s] GC(1363)   Evacuate Collection Set: 1.6ms
[2024-04-13T02:57:12.738+0800][363689.255s] GC(1363)   Post Evacuate Collection Set: 0.6ms
[2024-04-13T02:57:12.738+0800][363689.255s] GC(1363)   Other: 0.1ms
[2024-04-13T02:57:12.738+0800][363689.255s] GC(1363) Eden regions: 305->0(305)
[2024-04-13T02:57:12.738+0800][363689.255s] GC(1363) Survivor regions: 2->2(39)
[2024-04-13T02:57:12.738+0800][363689.255s] GC(1363) Old regions: 70->70
[2024-04-13T02:57:12.738+0800][363689.255s] GC(1363) Humongous regions: 4->4
[2024-04-13T02:57:12.738+0800][363689.255s] GC(1363) Metaspace: 69652K(70272K)->69652K(70272K) NonClass: 61909K(62272K)->61909K(62272K) Class: 7743K(8000K)->7743K(8000K)
[2024-04-13T02:57:12.738+0800][363689.255s] GC(1363) Pause Young (Normal) (G1 Evacuation Pause) 380M->75M(512M) 2.928ms
[2024-04-13T02:57:12.738+0800][363689.255s] GC(1363) User=0.03s Sys=0.00s Real=0.00s
[2024-04-13T02:57:13.936+0800][363690.452s] GC(1364) Pause Young (Normal) (G1 Evacuation Pause)
[2024-04-13T02:57:13.936+0800][363690.452s] GC(1364) Using 13 workers of 13 for evacuation
[2024-04-13T02:57:13.938+0800][363690.454s] GC(1364)   Pre Evacuate Collection Set: 0.2ms
[2024-04-13T02:57:13.938+0800][363690.454s] GC(1364)   Merge Heap Roots: 0.2ms
[2024-04-13T02:57:13.938+0800][363690.454s] GC(1364)   Evacuate Collection Set: 1.8ms
[2024-04-13T02:57:13.938+0800][363690.454s] GC(1364)   Post Evacuate Collection Set: 0.5ms
[2024-04-13T02:57:13.938+0800][363690.455s] GC(1364)   Other: 0.1ms
[2024-04-13T02:57:13.938+0800][363690.455s] GC(1364) Eden regions: 305->0(305)
[2024-04-13T02:57:13.938+0800][363690.455s] GC(1364) Survivor regions: 2->2(39)
[2024-04-13T02:57:13.938+0800][363690.455s] GC(1364) Old regions: 70->70
[2024-04-13T02:57:13.938+0800][363690.455s] GC(1364) Humongous regions: 4->4
[2024-04-13T02:57:13.938+0800][363690.455s] GC(1364) Metaspace: 69652K(70272K)->69652K(70272K) NonClass: 61909K(62272K)->61909K(62272K) Class: 7743K(8000K)->7743K(8000K)
[2024-04-13T02:57:13.938+0800][363690.455s] GC(1364) Pause Young (Normal) (G1 Evacuation Pause) 380M->75M(512M) 3.032ms
[2024-04-13T02:57:13.938+0800][363690.455s] GC(1364) User=0.00s Sys=0.00s Real=0.00s
[2024-04-13T02:57:15.133+0800][363691.649s] GC(1365) Pause Young (Normal) (G1 Evacuation Pause)
[2024-04-13T02:57:15.133+0800][363691.649s] GC(1365) Using 13 workers of 13 for evacuation
[2024-04-13T02:57:15.136+0800][363691.652s] GC(1365)   Pre Evacuate Collection Set: 0.2ms
[2024-04-13T02:57:15.136+0800][363691.652s] GC(1365)   Merge Heap Roots: 0.2ms
[2024-04-13T02:57:15.136+0800][363691.652s] GC(1365)   Evacuate Collection Set: 1.7ms
[2024-04-13T02:57:15.136+0800][363691.652s] GC(1365)   Post Evacuate Collection Set: 0.6ms
[2024-04-13T02:57:15.136+0800][363691.652s] GC(1365)   Other: 0.1ms
[2024-04-13T02:57:15.136+0800][363691.652s] GC(1365) Eden regions: 305->0(305)
[2024-04-13T02:57:15.136+0800][363691.652s] GC(1365) Survivor regions: 2->2(39)
[2024-04-13T02:57:15.136+0800][363691.652s] GC(1365) Old regions: 70->70
[2024-04-13T02:57:15.136+0800][363691.652s] GC(1365) Humongous regions: 4->4
[2024-04-13T02:57:15.136+0800][363691.652s] GC(1365) Metaspace: 69652K(70272K)->69652K(70272K) NonClass: 61909K(62272K)->61909K(62272K) Class: 7743K(8000K)->7743K(8000K)
[2024-04-13T02:57:15.136+0800][363691.652s] GC(1365) Pause Young (Normal) (G1 Evacuation Pause) 380M->75M(512M) 2.980ms
[2024-04-13T02:57:15.136+0800][363691.652s] GC(1365) User=0.00s Sys=0.00s Real=0.00s
[2024-04-13T02:57:16.365+0800][363692.881s] GC(1366) Pause Young (Normal) (G1 Evacuation Pause)
[2024-04-13T02:57:16.365+0800][363692.881s] GC(1366) Using 13 workers of 13 for evacuation
[2024-04-13T02:57:16.367+0800][363692.883s] GC(1366)   Pre Evacuate Collection Set: 0.2ms
[2024-04-13T02:57:16.367+0800][363692.883s] GC(1366)   Merge Heap Roots: 0.1ms
[2024-04-13T02:57:16.367+0800][363692.883s] GC(1366)   Evacuate Collection Set: 1.3ms
[2024-04-13T02:57:16.367+0800][363692.883s] GC(1366)   Post Evacuate Collection Set: 0.4ms
[2024-04-13T02:57:16.367+0800][363692.883s] GC(1366)   Other: 0.1ms
[2024-04-13T02:57:16.367+0800][363692.883s] GC(1366) Eden regions: 305->0(305)
[2024-04-13T02:57:16.367+0800][363692.883s] GC(1366) Survivor regions: 2->2(39)
[2024-04-13T02:57:16.367+0800][363692.883s] GC(1366) Old regions: 70->70
[2024-04-13T02:57:16.367+0800][363692.883s] GC(1366) Humongous regions: 4->4
[2024-04-13T02:57:16.367+0800][363692.883s] GC(1366) Metaspace: 69652K(70272K)->69652K(70272K) NonClass: 61909K(62272K)->61909K(62272K) Class: 7743K(8000K)->7743K(8000K)
[2024-04-13T02:57:16.367+0800][363692.883s] GC(1366) Pause Young (Normal) (G1 Evacuation Pause) 380M->75M(512M) 2.264ms
[2024-04-13T02:57:16.367+0800][363692.883s] GC(1366) User=0.00s Sys=0.00s Real=0.00s
[2024-04-13T02:57:17.584+0800][363694.100s] GC(1367) Pause Young (Normal) (G1 Evacuation Pause)
[2024-04-13T02:57:17.584+0800][363694.100s] GC(1367) Using 13 workers of 13 for evacuation
[2024-04-13T02:57:17.586+0800][363694.102s] GC(1367)   Pre Evacuate Collection Set: 0.2ms
[2024-04-13T02:57:17.586+0800][363694.102s] GC(1367)   Merge Heap Roots: 0.2ms
[2024-04-13T02:57:17.586+0800][363694.102s] GC(1367)   Evacuate Collection Set: 1.7ms
[2024-04-13T02:57:17.586+0800][363694.102s] GC(1367)   Post Evacuate Collection Set: 0.4ms
[2024-04-13T02:57:17.586+0800][363694.102s] GC(1367)   Other: 0.1ms
[2024-04-13T02:57:17.586+0800][363694.103s] GC(1367) Eden regions: 305->0(305)
[2024-04-13T02:57:17.586+0800][363694.103s] GC(1367) Survivor regions: 2->2(39)
[2024-04-13T02:57:17.586+0800][363694.103s] GC(1367) Old regions: 70->70
[2024-04-13T02:57:17.586+0800][363694.103s] GC(1367) Humongous regions: 4->4
[2024-04-13T02:57:17.586+0800][363694.103s] GC(1367) Metaspace: 69652K(70272K)->69652K(70272K) NonClass: 61909K(62272K)->61909K(62272K) Class: 7743K(8000K)->7743K(8000K)
[2024-04-13T02:57:17.586+0800][363694.103s] GC(1367) Pause Young (Normal) (G1 Evacuation Pause) 380M->75M(512M) 2.742ms
[2024-04-13T02:57:17.586+0800][363694.103s] GC(1367) User=0.00s Sys=0.00s Real=0.00s
[2024-04-13T02:57:18.768+0800][363695.284s] GC(1368) Pause Young (Normal) (G1 Evacuation Pause)
[2024-04-13T02:57:18.768+0800][363695.284s] GC(1368) Using 13 workers of 13 for evacuation
[2024-04-13T02:57:18.771+0800][363695.287s] GC(1368)   Pre Evacuate Collection Set: 0.2ms
[2024-04-13T02:57:18.771+0800][363695.287s] GC(1368)   Merge Heap Roots: 0.1ms
[2024-04-13T02:57:18.771+0800][363695.287s] GC(1368)   Evacuate Collection Set: 1.5ms
[2024-04-13T02:57:18.771+0800][363695.287s] GC(1368)   Post Evacuate Collection Set: 0.5ms
[2024-04-13T02:57:18.771+0800][363695.287s] GC(1368)   Other: 0.1ms
[2024-04-13T02:57:18.771+0800][363695.287s] GC(1368) Eden regions: 305->0(305)
[2024-04-13T02:57:18.771+0800][363695.287s] GC(1368) Survivor regions: 2->2(39)
[2024-04-13T02:57:18.771+0800][363695.287s] GC(1368) Old regions: 70->70
[2024-04-13T02:57:18.771+0800][363695.287s] GC(1368) Humongous regions: 4->4
[2024-04-13T02:57:18.771+0800][363695.287s] GC(1368) Metaspace: 69652K(70272K)->69652K(70272K) NonClass: 61909K(62272K)->61909K(62272K) Class: 7743K(8000K)->7743K(8000K)
[2024-04-13T02:57:18.771+0800][363695.287s] GC(1368) Pause Young (Normal) (G1 Evacuation Pause) 380M->75M(512M) 2.712ms
[2024-04-13T02:57:18.771+0800][363695.287s] GC(1368) User=0.09s Sys=0.00s Real=0.00s
[2024-04-13T02:57:19.976+0800][363696.492s] GC(1369) Pause Young (Normal) (G1 Evacuation Pause)
[2024-04-13T02:57:19.976+0800][363696.492s] GC(1369) Using 13 workers of 13 for evacuation
[2024-04-13T02:57:19.979+0800][363696.495s] GC(1369)   Pre Evacuate Collection Set: 0.2ms
[2024-04-13T02:57:19.979+0800][363696.495s] GC(1369)   Merge Heap Roots: 0.1ms
[2024-04-13T02:57:19.979+0800][363696.495s] GC(1369)   Evacuate Collection Set: 1.6ms
[2024-04-13T02:57:19.979+0800][363696.495s] GC(1369)   Post Evacuate Collection Set: 0.6ms
[2024-04-13T02:57:19.979+0800][363696.495s] GC(1369)   Other: 0.1ms
[2024-04-13T02:57:19.979+0800][363696.495s] GC(1369) Eden regions: 305->0(305)
[2024-04-13T02:57:19.979+0800][363696.495s] GC(1369) Survivor regions: 2->2(39)
[2024-04-13T02:57:19.979+0800][363696.495s] GC(1369) Old regions: 70->70
[2024-04-13T02:57:19.979+0800][363696.495s] GC(1369) Humongous regions: 4->4
[2024-04-13T02:57:19.979+0800][363696.495s] GC(1369) Metaspace: 69652K(70272K)->69652K(70272K) NonClass: 61909K(62272K)->61909K(62272K) Class: 7743K(8000K)->7743K(8000K)
[2024-04-13T02:57:19.979+0800][363696.495s] GC(1369) Pause Young (Normal) (G1 Evacuation Pause) 380M->75M(512M) 2.827ms
[2024-04-13T02:57:19.979+0800][363696.495s] GC(1369) User=0.00s Sys=0.00s Real=0.00s
[2024-04-13T02:57:21.158+0800][363697.674s] GC(1370) Pause Young (Normal) (G1 Evacuation Pause)
[2024-04-13T02:57:21.158+0800][363697.674s] GC(1370) Using 13 workers of 13 for evacuation
[2024-04-13T02:57:21.160+0800][363697.676s] GC(1370)   Pre Evacuate Collection Set: 0.1ms
[2024-04-13T02:57:21.160+0800][363697.676s] GC(1370)   Merge Heap Roots: 0.1ms
[2024-04-13T02:57:21.160+0800][363697.676s] GC(1370)   Evacuate Collection Set: 1.3ms
[2024-04-13T02:57:21.160+0800][363697.676s] GC(1370)   Post Evacuate Collection Set: 0.3ms
[2024-04-13T02:57:21.160+0800][363697.676s] GC(1370)   Other: 0.1ms
[2024-04-13T02:57:21.160+0800][363697.676s] GC(1370) Eden regions: 305->0(305)
[2024-04-13T02:57:21.160+0800][363697.676s] GC(1370) Survivor regions: 2->2(39)
[2024-04-13T02:57:21.160+0800][363697.676s] GC(1370) Old regions: 70->70
[2024-04-13T02:57:21.160+0800][363697.676s] GC(1370) Humongous regions: 4->4
[2024-04-13T02:57:21.160+0800][363697.676s] GC(1370) Metaspace: 69652K(70272K)->69652K(70272K) NonClass: 61909K(62272K)->61909K(62272K) Class: 7743K(8000K)->7743K(8000K)
[2024-04-13T02:57:21.160+0800][363697.676s] GC(1370) Pause Young (Normal) (G1 Evacuation Pause) 380M->75M(512M) 2.091ms
[2024-04-13T02:57:21.160+0800][363697.676s] GC(1370) User=0.02s Sys=0.00s Real=0.00s
[2024-04-13T02:57:22.316+0800][363698.831s] GC(1371) Pause Young (Normal) (G1 Evacuation Pause)
[2024-04-13T02:57:22.316+0800][363698.831s] GC(1371) Using 13 workers of 13 for evacuation
[2024-04-13T02:57:22.318+0800][363698.833s] GC(1371)   Pre Evacuate Collection Set: 0.1ms
[2024-04-13T02:57:22.318+0800][363698.833s] GC(1371)   Merge Heap Roots: 0.1ms
[2024-04-13T02:57:22.318+0800][363698.833s] GC(1371)   Evacuate Collection Set: 1.3ms
[2024-04-13T02:57:22.318+0800][363698.833s] GC(1371)   Post Evacuate Collection Set: 0.4ms
[2024-04-13T02:57:22.318+0800][363698.833s] GC(1371)   Other: 0.1ms
[2024-04-13T02:57:22.318+0800][363698.833s] GC(1371) Eden regions: 305->0(305)
[2024-04-13T02:57:22.318+0800][363698.833s] GC(1371) Survivor regions: 2->2(39)
[2024-04-13T02:57:22.318+0800][363698.833s] GC(1371) Old regions: 70->71
[2024-04-13T02:57:22.318+0800][363698.833s] GC(1371) Humongous regions: 4->4
[2024-04-13T02:57:22.318+0800][363698.833s] GC(1371) Metaspace: 69652K(70272K)->69652K(70272K) NonClass: 61909K(62272K)->61909K(62272K) Class: 7743K(8000K)->7743K(8000K)
[2024-04-13T02:57:22.318+0800][363698.833s] GC(1371) Pause Young (Normal) (G1 Evacuation Pause) 380M->75M(512M) 2.260ms
[2024-04-13T02:57:22.318+0800][363698.834s] GC(1371) User=0.00s Sys=0.00s Real=0.00s
[2024-04-13T02:57:23.506+0800][363700.023s] GC(1372) Pause Young (Normal) (G1 Evacuation Pause)
[2024-04-13T02:57:23.507+0800][363700.023s] GC(1372) Using 13 workers of 13 for evacuation
[2024-04-13T02:57:23.509+0800][363700.025s] GC(1372)   Pre Evacuate Collection Set: 0.2ms
[2024-04-13T02:57:23.509+0800][363700.025s] GC(1372)   Merge Heap Roots: 0.1ms
[2024-04-13T02:57:23.509+0800][363700.025s] GC(1372)   Evacuate Collection Set: 1.3ms
[2024-04-13T02:57:23.509+0800][363700.025s] GC(1372)   Post Evacuate Collection Set: 0.5ms
[2024-04-13T02:57:23.509+0800][363700.025s] GC(1372)   Other: 0.1ms
[2024-04-13T02:57:23.509+0800][363700.025s] GC(1372) Eden regions: 305->0(305)
[2024-04-13T02:57:23.509+0800][363700.025s] GC(1372) Survivor regions: 2->2(39)
[2024-04-13T02:57:23.509+0800][363700.025s] GC(1372) Old regions: 71->71
[2024-04-13T02:57:23.509+0800][363700.025s] GC(1372) Humongous regions: 4->4
[2024-04-13T02:57:23.509+0800][363700.025s] GC(1372) Metaspace: 69652K(70272K)->69652K(70272K) NonClass: 61909K(62272K)->61909K(62272K) Class: 7743K(8000K)->7743K(8000K)
[2024-04-13T02:57:23.509+0800][363700.025s] GC(1372) Pause Young (Normal) (G1 Evacuation Pause) 380M->75M(512M) 2.451ms
[2024-04-13T02:57:23.509+0800][363700.025s] GC(1372) User=0.00s Sys=0.00s Real=0.00s
[2024-04-13T02:57:24.687+0800][363701.203s] GC(1373) Pause Young (Normal) (G1 Evacuation Pause)
[2024-04-13T02:57:24.687+0800][363701.203s] GC(1373) Using 13 workers of 13 for evacuation
[2024-04-13T02:57:24.689+0800][363701.206s] GC(1373)   Pre Evacuate Collection Set: 0.2ms
[2024-04-13T02:57:24.689+0800][363701.206s] GC(1373)   Merge Heap Roots: 0.1ms
[2024-04-13T02:57:24.689+0800][363701.206s] GC(1373)   Evacuate Collection Set: 1.5ms
[2024-04-13T02:57:24.689+0800][363701.206s] GC(1373)   Post Evacuate Collection Set: 0.5ms
[2024-04-13T02:57:24.689+0800][363701.206s] GC(1373)   Other: 0.1ms
[2024-04-13T02:57:24.689+0800][363701.206s] GC(1373) Eden regions: 305->0(304)
[2024-04-13T02:57:24.689+0800][363701.206s] GC(1373) Survivor regions: 2->3(39)
[2024-04-13T02:57:24.689+0800][363701.206s] GC(1373) Old regions: 71->71
[2024-04-13T02:57:24.690+0800][363701.206s] GC(1373) Humongous regions: 4->4
[2024-04-13T02:57:24.690+0800][363701.206s] GC(1373) Metaspace: 69652K(70272K)->69652K(70272K) NonClass: 61909K(62272K)->61909K(62272K) Class: 7743K(8000K)->7743K(8000K)
[2024-04-13T02:57:24.690+0800][363701.206s] GC(1373) Pause Young (Normal) (G1 Evacuation Pause) 380M->76M(512M) 2.483ms
[2024-04-13T02:57:24.690+0800][363701.206s] GC(1373) User=0.00s Sys=0.00s Real=0.00s
[2024-04-13T02:57:25.882+0800][363702.398s] GC(1374) Pause Young (Normal) (G1 Evacuation Pause)
[2024-04-13T02:57:25.882+0800][363702.398s] GC(1374) Using 13 workers of 13 for evacuation
[2024-04-13T02:57:25.884+0800][363702.400s] GC(1374)   Pre Evacuate Collection Set: 0.3ms
[2024-04-13T02:57:25.884+0800][363702.400s] GC(1374)   Merge Heap Roots: 0.1ms
[2024-04-13T02:57:25.884+0800][363702.400s] GC(1374)   Evacuate Collection Set: 1.4ms
[2024-04-13T02:57:25.884+0800][363702.400s] GC(1374)   Post Evacuate Collection Set: 0.5ms
[2024-04-13T02:57:25.884+0800][363702.400s] GC(1374)   Other: 0.1ms
[2024-04-13T02:57:25.884+0800][363702.400s] GC(1374) Eden regions: 304->0(304)
[2024-04-13T02:57:25.884+0800][363702.400s] GC(1374) Survivor regions: 3->3(39)
[2024-04-13T02:57:25.884+0800][363702.400s] GC(1374) Old regions: 71->71
[2024-04-13T02:57:25.884+0800][363702.400s] GC(1374) Humongous regions: 4->4
[2024-04-13T02:57:25.884+0800][363702.400s] GC(1374) Metaspace: 69652K(70272K)->69652K(70272K) NonClass: 61909K(62272K)->61909K(62272K) Class: 7743K(8000K)->7743K(8000K)
[2024-04-13T02:57:25.884+0800][363702.401s] GC(1374) Pause Young (Normal) (G1 Evacuation Pause) 380M->76M(512M) 2.753ms
[2024-04-13T02:57:25.884+0800][363702.401s] GC(1374) User=0.00s Sys=0.00s Real=0.00s
[2024-04-13T02:57:27.220+0800][363703.736s] GC(1375) Pause Young (Normal) (G1 Evacuation Pause)
[2024-04-13T02:57:27.220+0800][363703.736s] GC(1375) Using 13 workers of 13 for evacuation
[2024-04-13T02:57:27.222+0800][363703.738s] GC(1375)   Pre Evacuate Collection Set: 0.2ms
[2024-04-13T02:57:27.222+0800][363703.738s] GC(1375)   Merge Heap Roots: 0.1ms
[2024-04-13T02:57:27.222+0800][363703.738s] GC(1375)   Evacuate Collection Set: 1.3ms
[2024-04-13T02:57:27.222+0800][363703.738s] GC(1375)   Post Evacuate Collection Set: 0.4ms
[2024-04-13T02:57:27.222+0800][363703.738s] GC(1375)   Other: 0.1ms
[2024-04-13T02:57:27.222+0800][363703.738s] GC(1375) Eden regions: 304->0(305)
[2024-04-13T02:57:27.222+0800][363703.738s] GC(1375) Survivor regions: 3->2(39)
[2024-04-13T02:57:27.222+0800][363703.738s] GC(1375) Old regions: 71->71
[2024-04-13T02:57:27.222+0800][363703.738s] GC(1375) Humongous regions: 4->4
[2024-04-13T02:57:27.222+0800][363703.738s] GC(1375) Metaspace: 69652K(70272K)->69652K(70272K) NonClass: 61909K(62272K)->61909K(62272K) Class: 7743K(8000K)->7743K(8000K)
[2024-04-13T02:57:27.222+0800][363703.738s] GC(1375) Pause Young (Normal) (G1 Evacuation Pause) 380M->75M(512M) 2.298ms
[2024-04-13T02:57:27.222+0800][363703.738s] GC(1375) User=0.03s Sys=0.00s Real=0.00s
[2024-04-13T02:57:28.427+0800][363704.943s] GC(1376) Pause Young (Normal) (G1 Evacuation Pause)
[2024-04-13T02:57:28.427+0800][363704.943s] GC(1376) Using 13 workers of 13 for evacuation
[2024-04-13T02:57:28.429+0800][363704.946s] GC(1376)   Pre Evacuate Collection Set: 0.2ms
[2024-04-13T02:57:28.430+0800][363704.946s] GC(1376)   Merge Heap Roots: 0.1ms
[2024-04-13T02:57:28.430+0800][363704.946s] GC(1376)   Evacuate Collection Set: 1.7ms
[2024-04-13T02:57:28.430+0800][363704.946s] GC(1376)   Post Evacuate Collection Set: 0.6ms
[2024-04-13T02:57:28.430+0800][363704.946s] GC(1376)   Other: 0.1ms
[2024-04-13T02:57:28.430+0800][363704.946s] GC(1376) Eden regions: 305->0(305)
[2024-04-13T02:57:28.430+0800][363704.946s] GC(1376) Survivor regions: 2->2(39)
[2024-04-13T02:57:28.430+0800][363704.946s] GC(1376) Old regions: 71->71
[2024-04-13T02:57:28.430+0800][363704.946s] GC(1376) Humongous regions: 4->4
[2024-04-13T02:57:28.430+0800][363704.946s] GC(1376) Metaspace: 69652K(70272K)->69652K(70272K) NonClass: 61909K(62272K)->61909K(62272K) Class: 7743K(8000K)->7743K(8000K)
[2024-04-13T02:57:28.430+0800][363704.946s] GC(1376) Pause Young (Normal) (G1 Evacuation Pause) 380M->75M(512M) 3.086ms
[2024-04-13T02:57:28.430+0800][363704.946s] GC(1376) User=0.00s Sys=0.00s Real=0.00s
[2024-04-13T02:57:29.635+0800][363706.152s] GC(1377) Pause Young (Normal) (G1 Evacuation Pause)
[2024-04-13T02:57:29.635+0800][363706.152s] GC(1377) Using 13 workers of 13 for evacuation
[2024-04-13T02:57:29.638+0800][363706.154s] GC(1377)   Pre Evacuate Collection Set: 0.2ms
[2024-04-13T02:57:29.638+0800][363706.154s] GC(1377)   Merge Heap Roots: 0.1ms
[2024-04-13T02:57:29.638+0800][363706.154s] GC(1377)   Evacuate Collection Set: 1.4ms
[2024-04-13T02:57:29.638+0800][363706.154s] GC(1377)   Post Evacuate Collection Set: 0.3ms
[2024-04-13T02:57:29.638+0800][363706.154s] GC(1377)   Other: 0.1ms
[2024-04-13T02:57:29.638+0800][363706.154s] GC(1377) Eden regions: 305->0(305)
[2024-04-13T02:57:29.638+0800][363706.154s] GC(1377) Survivor regions: 2->2(39)
[2024-04-13T02:57:29.638+0800][363706.154s] GC(1377) Old regions: 71->71
[2024-04-13T02:57:29.638+0800][363706.154s] GC(1377) Humongous regions: 4->4
[2024-04-13T02:57:29.638+0800][363706.154s] GC(1377) Metaspace: 69652K(70272K)->69652K(70272K) NonClass: 61909K(62272K)->61909K(62272K) Class: 7743K(8000K)->7743K(8000K)
[2024-04-13T02:57:29.638+0800][363706.154s] GC(1377) Pause Young (Normal) (G1 Evacuation Pause) 380M->75M(512M) 2.284ms
[2024-04-13T02:57:29.638+0800][363706.154s] GC(1377) User=0.00s Sys=0.00s Real=0.00s
[2024-04-13T02:57:30.830+0800][363707.346s] GC(1378) Pause Young (Normal) (G1 Evacuation Pause)
[2024-04-13T02:57:30.830+0800][363707.346s] GC(1378) Using 13 workers of 13 for evacuation
[2024-04-13T02:57:30.832+0800][363707.348s] GC(1378)   Pre Evacuate Collection Set: 0.2ms
[2024-04-13T02:57:30.832+0800][363707.348s] GC(1378)   Merge Heap Roots: 0.2ms
[2024-04-13T02:57:30.832+0800][363707.348s] GC(1378)   Evacuate Collection Set: 1.5ms
[2024-04-13T02:57:30.832+0800][363707.349s] GC(1378)   Post Evacuate Collection Set: 0.6ms
[2024-04-13T02:57:30.832+0800][363707.349s] GC(1378)   Other: 0.1ms
[2024-04-13T02:57:30.832+0800][363707.349s] GC(1378) Eden regions: 305->0(305)
[2024-04-13T02:57:30.832+0800][363707.349s] GC(1378) Survivor regions: 2->2(39)
[2024-04-13T02:57:30.832+0800][363707.349s] GC(1378) Old regions: 71->71
[2024-04-13T02:57:30.832+0800][363707.349s] GC(1378) Humongous regions: 4->4
[2024-04-13T02:57:30.832+0800][363707.349s] GC(1378) Metaspace: 69652K(70272K)->69652K(70272K) NonClass: 61909K(62272K)->61909K(62272K) Class: 7743K(8000K)->7743K(8000K)
[2024-04-13T02:57:30.832+0800][363707.349s] GC(1378) Pause Young (Normal) (G1 Evacuation Pause) 380M->75M(512M) 2.812ms
[2024-04-13T02:57:30.832+0800][363707.349s] GC(1378) User=0.08s Sys=0.00s Real=0.00s
[2024-04-13T02:57:32.014+0800][363708.530s] GC(1379) Pause Young (Normal) (G1 Evacuation Pause)
[2024-04-13T02:57:32.014+0800][363708.530s] GC(1379) Using 13 workers of 13 for evacuation
[2024-04-13T02:57:32.016+0800][363708.533s] GC(1379)   Pre Evacuate Collection Set: 0.2ms
[2024-04-13T02:57:32.016+0800][363708.533s] GC(1379)   Merge Heap Roots: 0.1ms
[2024-04-13T02:57:32.016+0800][363708.533s] GC(1379)   Evacuate Collection Set: 1.4ms
[2024-04-13T02:57:32.016+0800][363708.533s] GC(1379)   Post Evacuate Collection Set: 0.5ms
[2024-04-13T02:57:32.016+0800][363708.533s] GC(1379)   Other: 0.1ms
[2024-04-13T02:57:32.016+0800][363708.533s] GC(1379) Eden regions: 305->0(305)
[2024-04-13T02:57:32.016+0800][363708.533s] GC(1379) Survivor regions: 2->2(39)
[2024-04-13T02:57:32.016+0800][363708.533s] GC(1379) Old regions: 71->71
[2024-04-13T02:57:32.016+0800][363708.533s] GC(1379) Humongous regions: 4->4
[2024-04-13T02:57:32.016+0800][363708.533s] GC(1379) Metaspace: 69652K(70272K)->69652K(70272K) NonClass: 61909K(62272K)->61909K(62272K) Class: 7743K(8000K)->7743K(8000K)
[2024-04-13T02:57:32.016+0800][363708.533s] GC(1379) Pause Young (Normal) (G1 Evacuation Pause) 380M->75M(512M) 2.461ms
[2024-04-13T02:57:32.016+0800][363708.533s] GC(1379) User=0.00s Sys=0.00s Real=0.00s
[2024-04-13T02:57:33.234+0800][363709.749s] GC(1380) Pause Young (Normal) (G1 Evacuation Pause)
[2024-04-13T02:57:33.234+0800][363709.749s] GC(1380) Using 13 workers of 13 for evacuation
[2024-04-13T02:57:33.236+0800][363709.752s] GC(1380)   Pre Evacuate Collection Set: 0.3ms
[2024-04-13T02:57:33.236+0800][363709.752s] GC(1380)   Merge Heap Roots: 0.1ms
[2024-04-13T02:57:33.236+0800][363709.752s] GC(1380)   Evacuate Collection Set: 1.6ms
[2024-04-13T02:57:33.236+0800][363709.752s] GC(1380)   Post Evacuate Collection Set: 0.6ms
[2024-04-13T02:57:33.236+0800][363709.752s] GC(1380)   Other: 0.1ms
[2024-04-13T02:57:33.236+0800][363709.752s] GC(1380) Eden regions: 305->0(305)
[2024-04-13T02:57:33.236+0800][363709.752s] GC(1380) Survivor regions: 2->2(39)
[2024-04-13T02:57:33.236+0800][363709.752s] GC(1380) Old regions: 71->71
[2024-04-13T02:57:33.236+0800][363709.752s] GC(1380) Humongous regions: 4->4
[2024-04-13T02:57:33.236+0800][363709.752s] GC(1380) Metaspace: 69652K(70272K)->69652K(70272K) NonClass: 61909K(62272K)->61909K(62272K) Class: 7743K(8000K)->7743K(8000K)
[2024-04-13T02:57:33.236+0800][363709.752s] GC(1380) Pause Young (Normal) (G1 Evacuation Pause) 380M->75M(512M) 2.804ms
[2024-04-13T02:57:33.236+0800][363709.752s] GC(1380) User=0.00s Sys=0.00s Real=0.00s
[2024-04-13T02:57:34.441+0800][363710.957s] GC(1381) Pause Young (Normal) (G1 Evacuation Pause)
[2024-04-13T02:57:34.441+0800][363710.957s] GC(1381) Using 13 workers of 13 for evacuation
[2024-04-13T02:57:34.443+0800][363710.959s] GC(1381)   Pre Evacuate Collection Set: 0.2ms
[2024-04-13T02:57:34.443+0800][363710.959s] GC(1381)   Merge Heap Roots: 0.1ms
[2024-04-13T02:57:34.443+0800][363710.959s] GC(1381)   Evacuate Collection Set: 1.4ms
[2024-04-13T02:57:34.443+0800][363710.960s] GC(1381)   Post Evacuate Collection Set: 0.6ms
[2024-04-13T02:57:34.443+0800][363710.960s] GC(1381)   Other: 0.1ms
[2024-04-13T02:57:34.443+0800][363710.960s] GC(1381) Eden regions: 305->0(305)
[2024-04-13T02:57:34.443+0800][363710.960s] GC(1381) Survivor regions: 2->2(39)
[2024-04-13T02:57:34.443+0800][363710.960s] GC(1381) Old regions: 71->71
[2024-04-13T02:57:34.443+0800][363710.960s] GC(1381) Humongous regions: 4->4
[2024-04-13T02:57:34.443+0800][363710.960s] GC(1381) Metaspace: 69652K(70272K)->69652K(70272K) NonClass: 61909K(62272K)->61909K(62272K) Class: 7743K(8000K)->7743K(8000K)
[2024-04-13T02:57:34.443+0800][363710.960s] GC(1381) Pause Young (Normal) (G1 Evacuation Pause) 380M->76M(512M) 2.498ms
[2024-04-13T02:57:34.443+0800][363710.960s] GC(1381) User=0.00s Sys=0.00s Real=0.00s
[2024-04-13T02:57:35.677+0800][363712.194s] GC(1382) Pause Young (Normal) (G1 Evacuation Pause)
[2024-04-13T02:57:35.677+0800][363712.194s] GC(1382) Using 13 workers of 13 for evacuation
[2024-04-13T02:57:35.681+0800][363712.196s] GC(1382)   Pre Evacuate Collection Set: 0.2ms
[2024-04-13T02:57:35.681+0800][363712.196s] GC(1382)   Merge Heap Roots: 0.1ms
[2024-04-13T02:57:35.681+0800][363712.196s] GC(1382)   Evacuate Collection Set: 1.4ms
[2024-04-13T02:57:35.681+0800][363712.196s] GC(1382)   Post Evacuate Collection Set: 0.6ms
[2024-04-13T02:57:35.681+0800][363712.196s] GC(1382)   Other: 0.1ms
[2024-04-13T02:57:35.681+0800][363712.196s] GC(1382) Eden regions: 305->0(305)
[2024-04-13T02:57:35.681+0800][363712.196s] GC(1382) Survivor regions: 2->2(39)
[2024-04-13T02:57:35.681+0800][363712.196s] GC(1382) Old regions: 71->71
[2024-04-13T02:57:35.681+0800][363712.196s] GC(1382) Humongous regions: 4->4
[2024-04-13T02:57:35.681+0800][363712.196s] GC(1382) Metaspace: 69652K(70272K)->69652K(70272K) NonClass: 61909K(62272K)->61909K(62272K) Class: 7743K(8000K)->7743K(8000K)
[2024-04-13T02:57:35.681+0800][363712.196s] GC(1382) Pause Young (Normal) (G1 Evacuation Pause) 381M->75M(512M) 2.566ms
[2024-04-13T02:57:35.681+0800][363712.196s] GC(1382) User=0.00s Sys=0.00s Real=0.00s
[2024-04-13T02:57:36.954+0800][363713.470s] GC(1383) Pause Young (Normal) (G1 Evacuation Pause)
[2024-04-13T02:57:36.954+0800][363713.470s] GC(1383) Using 13 workers of 13 for evacuation
[2024-04-13T02:57:36.956+0800][363713.473s] GC(1383)   Pre Evacuate Collection Set: 0.1ms
[2024-04-13T02:57:36.956+0800][363713.473s] GC(1383)   Merge Heap Roots: 0.1ms
[2024-04-13T02:57:36.956+0800][363713.473s] GC(1383)   Evacuate Collection Set: 1.4ms
[2024-04-13T02:57:36.956+0800][363713.473s] GC(1383)   Post Evacuate Collection Set: 0.4ms
[2024-04-13T02:57:36.956+0800][363713.473s] GC(1383)   Other: 0.1ms
[2024-04-13T02:57:36.956+0800][363713.473s] GC(1383) Eden regions: 305->0(305)
[2024-04-13T02:57:36.956+0800][363713.473s] GC(1383) Survivor regions: 2->2(39)
[2024-04-13T02:57:36.956+0800][363713.473s] GC(1383) Old regions: 71->71
[2024-04-13T02:57:36.956+0800][363713.473s] GC(1383) Humongous regions: 4->4
[2024-04-13T02:57:36.956+0800][363713.473s] GC(1383) Metaspace: 69652K(70272K)->69652K(70272K) NonClass: 61909K(62272K)->61909K(62272K) Class: 7743K(8000K)->7743K(8000K)
[2024-04-13T02:57:36.956+0800][363713.473s] GC(1383) Pause Young (Normal) (G1 Evacuation Pause) 380M->75M(512M) 2.345ms
[2024-04-13T02:57:36.956+0800][363713.473s] GC(1383) User=0.03s Sys=0.00s Real=0.00s
[2024-04-13T02:57:38.163+0800][363714.679s] GC(1384) Pause Young (Normal) (G1 Evacuation Pause)
[2024-04-13T02:57:38.163+0800][363714.679s] GC(1384) Using 13 workers of 13 for evacuation
[2024-04-13T02:57:38.166+0800][363714.682s] GC(1384)   Pre Evacuate Collection Set: 0.2ms
[2024-04-13T02:57:38.166+0800][363714.682s] GC(1384)   Merge Heap Roots: 0.1ms
[2024-04-13T02:57:38.166+0800][363714.682s] GC(1384)   Evacuate Collection Set: 2.0ms
[2024-04-13T02:57:38.166+0800][363714.682s] GC(1384)   Post Evacuate Collection Set: 0.5ms
[2024-04-13T02:57:38.166+0800][363714.682s] GC(1384)   Other: 0.1ms
[2024-04-13T02:57:38.166+0800][363714.682s] GC(1384) Eden regions: 305->0(304)
[2024-04-13T02:57:38.166+0800][363714.682s] GC(1384) Survivor regions: 2->3(39)
[2024-04-13T02:57:38.166+0800][363714.682s] GC(1384) Old regions: 71->71
[2024-04-13T02:57:38.166+0800][363714.682s] GC(1384) Humongous regions: 4->4
[2024-04-13T02:57:38.166+0800][363714.682s] GC(1384) Metaspace: 69652K(70272K)->69652K(70272K) NonClass: 61909K(62272K)->61909K(62272K) Class: 7743K(8000K)->7743K(8000K)
[2024-04-13T02:57:38.166+0800][363714.682s] GC(1384) Pause Young (Normal) (G1 Evacuation Pause) 380M->76M(512M) 3.032ms
[2024-04-13T02:57:38.166+0800][363714.682s] GC(1384) User=0.00s Sys=0.00s Real=0.00s
[2024-04-13T02:57:39.331+0800][363715.847s] GC(1385) Pause Young (Normal) (G1 Evacuation Pause)
[2024-04-13T02:57:39.331+0800][363715.847s] GC(1385) Using 13 workers of 13 for evacuation
[2024-04-13T02:57:39.334+0800][363715.850s] GC(1385)   Pre Evacuate Collection Set: 0.2ms
[2024-04-13T02:57:39.334+0800][363715.850s] GC(1385)   Merge Heap Roots: 0.1ms
[2024-04-13T02:57:39.334+0800][363715.850s] GC(1385)   Evacuate Collection Set: 1.7ms
[2024-04-13T02:57:39.334+0800][363715.850s] GC(1385)   Post Evacuate Collection Set: 0.6ms
[2024-04-13T02:57:39.334+0800][363715.850s] GC(1385)   Other: 0.1ms
[2024-04-13T02:57:39.334+0800][363715.850s] GC(1385) Eden regions: 304->0(304)
[2024-04-13T02:57:39.334+0800][363715.850s] GC(1385) Survivor regions: 3->3(39)
[2024-04-13T02:57:39.334+0800][363715.850s] GC(1385) Old regions: 71->71
[2024-04-13T02:57:39.334+0800][363715.850s] GC(1385) Humongous regions: 4->4
[2024-04-13T02:57:39.334+0800][363715.850s] GC(1385) Metaspace: 69652K(70272K)->69652K(70272K) NonClass: 61909K(62272K)->61909K(62272K) Class: 7743K(8000K)->7743K(8000K)
[2024-04-13T02:57:39.334+0800][363715.850s] GC(1385) Pause Young (Normal) (G1 Evacuation Pause) 380M->76M(512M) 2.911ms
[2024-04-13T02:57:39.334+0800][363715.850s] GC(1385) User=0.00s Sys=0.00s Real=0.00s
[2024-04-13T02:57:40.534+0800][363717.050s] GC(1386) Pause Young (Normal) (G1 Evacuation Pause)
[2024-04-13T02:57:40.534+0800][363717.050s] GC(1386) Using 13 workers of 13 for evacuation
[2024-04-13T02:57:40.536+0800][363717.052s] GC(1386)   Pre Evacuate Collection Set: 0.1ms
[2024-04-13T02:57:40.536+0800][363717.052s] GC(1386)   Merge Heap Roots: 0.1ms
[2024-04-13T02:57:40.536+0800][363717.052s] GC(1386)   Evacuate Collection Set: 1.2ms
[2024-04-13T02:57:40.536+0800][363717.052s] GC(1386)   Post Evacuate Collection Set: 0.5ms
[2024-04-13T02:57:40.536+0800][363717.052s] GC(1386)   Other: 0.1ms
[2024-04-13T02:57:40.536+0800][363717.052s] GC(1386) Eden regions: 304->0(305)
[2024-04-13T02:57:40.536+0800][363717.052s] GC(1386) Survivor regions: 3->2(39)
[2024-04-13T02:57:40.536+0800][363717.052s] GC(1386) Old regions: 71->71
[2024-04-13T02:57:40.536+0800][363717.052s] GC(1386) Humongous regions: 4->4
[2024-04-13T02:57:40.536+0800][363717.052s] GC(1386) Metaspace: 69652K(70272K)->69652K(70272K) NonClass: 61909K(62272K)->61909K(62272K) Class: 7743K(8000K)->7743K(8000K)
[2024-04-13T02:57:40.536+0800][363717.052s] GC(1386) Pause Young (Normal) (G1 Evacuation Pause) 380M->75M(512M) 2.143ms
[2024-04-13T02:57:40.536+0800][363717.053s] GC(1386) User=0.00s Sys=0.00s Real=0.00s
[2024-04-13T02:57:41.710+0800][363718.226s] GC(1387) Pause Young (Normal) (G1 Evacuation Pause)
[2024-04-13T02:57:41.710+0800][363718.226s] GC(1387) Using 13 workers of 13 for evacuation
[2024-04-13T02:57:41.713+0800][363718.229s] GC(1387)   Pre Evacuate Collection Set: 0.2ms
[2024-04-13T02:57:41.713+0800][363718.229s] GC(1387)   Merge Heap Roots: 0.1ms
[2024-04-13T02:57:41.713+0800][363718.229s] GC(1387)   Evacuate Collection Set: 1.6ms
[2024-04-13T02:57:41.713+0800][363718.229s] GC(1387)   Post Evacuate Collection Set: 0.7ms
[2024-04-13T02:57:41.713+0800][363718.229s] GC(1387)   Other: 0.1ms
[2024-04-13T02:57:41.713+0800][363718.229s] GC(1387) Eden regions: 305->0(305)
[2024-04-13T02:57:41.713+0800][363718.229s] GC(1387) Survivor regions: 2->2(39)
[2024-04-13T02:57:41.713+0800][363718.229s] GC(1387) Old regions: 71->71
[2024-04-13T02:57:41.713+0800][363718.229s] GC(1387) Humongous regions: 4->4
[2024-04-13T02:57:41.713+0800][363718.229s] GC(1387) Metaspace: 69652K(70272K)->69652K(70272K) NonClass: 61909K(62272K)->61909K(62272K) Class: 7743K(8000K)->7743K(8000K)
[2024-04-13T02:57:41.713+0800][363718.229s] GC(1387) Pause Young (Normal) (G1 Evacuation Pause) 380M->76M(512M) 2.941ms
[2024-04-13T02:57:41.713+0800][363718.229s] GC(1387) User=0.00s Sys=0.00s Real=0.00s
[2024-04-13T02:57:43.036+0800][363719.551s] GC(1388) Pause Young (Normal) (G1 Evacuation Pause)
[2024-04-13T02:57:43.036+0800][363719.551s] GC(1388) Using 13 workers of 13 for evacuation
[2024-04-13T02:57:43.038+0800][363719.553s] GC(1388)   Pre Evacuate Collection Set: 0.1ms
[2024-04-13T02:57:43.038+0800][363719.553s] GC(1388)   Merge Heap Roots: 0.1ms
[2024-04-13T02:57:43.038+0800][363719.553s] GC(1388)   Evacuate Collection Set: 1.3ms
[2024-04-13T02:57:43.038+0800][363719.553s] GC(1388)   Post Evacuate Collection Set: 0.4ms
[2024-04-13T02:57:43.038+0800][363719.553s] GC(1388)   Other: 0.1ms
[2024-04-13T02:57:43.038+0800][363719.553s] GC(1388) Eden regions: 305->0(305)
[2024-04-13T02:57:43.038+0800][363719.553s] GC(1388) Survivor regions: 2->2(39)
[2024-04-13T02:57:43.038+0800][363719.553s] GC(1388) Old regions: 71->71
[2024-04-13T02:57:43.038+0800][363719.553s] GC(1388) Humongous regions: 4->4
[2024-04-13T02:57:43.038+0800][363719.553s] GC(1388) Metaspace: 69652K(70272K)->69652K(70272K) NonClass: 61909K(62272K)->61909K(62272K) Class: 7743K(8000K)->7743K(8000K)
[2024-04-13T02:57:43.038+0800][363719.553s] GC(1388) Pause Young (Normal) (G1 Evacuation Pause) 381M->76M(512M) 2.086ms
[2024-04-13T02:57:43.038+0800][363719.553s] GC(1388) User=0.00s Sys=0.00s Real=0.00s
[2024-04-13T02:57:44.220+0800][363720.736s] GC(1389) Pause Young (Normal) (G1 Evacuation Pause)
[2024-04-13T02:57:44.220+0800][363720.736s] GC(1389) Using 13 workers of 13 for evacuation
[2024-04-13T02:57:44.222+0800][363720.738s] GC(1389)   Pre Evacuate Collection Set: 0.2ms
[2024-04-13T02:57:44.222+0800][363720.738s] GC(1389)   Merge Heap Roots: 0.2ms
[2024-04-13T02:57:44.222+0800][363720.738s] GC(1389)   Evacuate Collection Set: 1.6ms
[2024-04-13T02:57:44.222+0800][363720.738s] GC(1389)   Post Evacuate Collection Set: 0.6ms
[2024-04-13T02:57:44.222+0800][363720.738s] GC(1389)   Other: 0.1ms
[2024-04-13T02:57:44.222+0800][363720.738s] GC(1389) Eden regions: 305->0(305)
[2024-04-13T02:57:44.222+0800][363720.738s] GC(1389) Survivor regions: 2->2(39)
[2024-04-13T02:57:44.223+0800][363720.738s] GC(1389) Old regions: 71->71
[2024-04-13T02:57:44.223+0800][363720.739s] GC(1389) Humongous regions: 4->4
[2024-04-13T02:57:44.223+0800][363720.739s] GC(1389) Metaspace: 69652K(70272K)->69652K(70272K) NonClass: 61909K(62272K)->61909K(62272K) Class: 7743K(8000K)->7743K(8000K)
[2024-04-13T02:57:44.223+0800][363720.739s] GC(1389) Pause Young (Normal) (G1 Evacuation Pause) 381M->75M(512M) 2.864ms
[2024-04-13T02:57:44.223+0800][363720.739s] GC(1389) User=0.03s Sys=0.00s Real=0.00s
[2024-04-13T02:57:45.410+0800][363721.926s] GC(1390) Pause Young (Normal) (G1 Evacuation Pause)
[2024-04-13T02:57:45.410+0800][363721.926s] GC(1390) Using 13 workers of 13 for evacuation
[2024-04-13T02:57:45.413+0800][363721.928s] GC(1390)   Pre Evacuate Collection Set: 0.2ms
[2024-04-13T02:57:45.413+0800][363721.928s] GC(1390)   Merge Heap Roots: 0.1ms
[2024-04-13T02:57:45.413+0800][363721.928s] GC(1390)   Evacuate Collection Set: 1.3ms
[2024-04-13T02:57:45.413+0800][363721.928s] GC(1390)   Post Evacuate Collection Set: 0.5ms
[2024-04-13T02:57:45.413+0800][363721.928s] GC(1390)   Other: 0.1ms
[2024-04-13T02:57:45.413+0800][363721.929s] GC(1390) Eden regions: 305->0(305)
[2024-04-13T02:57:45.413+0800][363721.929s] GC(1390) Survivor regions: 2->2(39)
[2024-04-13T02:57:45.413+0800][363721.929s] GC(1390) Old regions: 71->71
[2024-04-13T02:57:45.413+0800][363721.929s] GC(1390) Humongous regions: 4->4
[2024-04-13T02:57:45.413+0800][363721.929s] GC(1390) Metaspace: 69652K(70272K)->69652K(70272K) NonClass: 61909K(62272K)->61909K(62272K) Class: 7743K(8000K)->7743K(8000K)
[2024-04-13T02:57:45.413+0800][363721.929s] GC(1390) Pause Young (Normal) (G1 Evacuation Pause) 380M->76M(512M) 2.432ms
[2024-04-13T02:57:45.413+0800][363721.929s] GC(1390) User=0.00s Sys=0.00s Real=0.00s
[2024-04-13T02:57:46.599+0800][363723.115s] GC(1391) Pause Young (Normal) (G1 Evacuation Pause)
[2024-04-13T02:57:46.599+0800][363723.115s] GC(1391) Using 13 workers of 13 for evacuation
[2024-04-13T02:57:46.601+0800][363723.117s] GC(1391)   Pre Evacuate Collection Set: 0.2ms
[2024-04-13T02:57:46.601+0800][363723.117s] GC(1391)   Merge Heap Roots: 0.1ms
[2024-04-13T02:57:46.601+0800][363723.117s] GC(1391)   Evacuate Collection Set: 1.2ms
[2024-04-13T02:57:46.601+0800][363723.117s] GC(1391)   Post Evacuate Collection Set: 0.5ms
[2024-04-13T02:57:46.601+0800][363723.117s] GC(1391)   Other: 0.1ms
[2024-04-13T02:57:46.601+0800][363723.117s] GC(1391) Eden regions: 305->0(305)
[2024-04-13T02:57:46.601+0800][363723.117s] GC(1391) Survivor regions: 2->2(39)
[2024-04-13T02:57:46.601+0800][363723.117s] GC(1391) Old regions: 71->71
[2024-04-13T02:57:46.601+0800][363723.117s] GC(1391) Humongous regions: 4->4
[2024-04-13T02:57:46.601+0800][363723.117s] GC(1391) Metaspace: 69652K(70272K)->69652K(70272K) NonClass: 61909K(62272K)->61909K(62272K) Class: 7743K(8000K)->7743K(8000K)
[2024-04-13T02:57:46.601+0800][363723.117s] GC(1391) Pause Young (Normal) (G1 Evacuation Pause) 381M->76M(512M) 2.337ms
[2024-04-13T02:57:46.601+0800][363723.117s] GC(1391) User=0.00s Sys=0.00s Real=0.00s
[2024-04-13T02:57:47.773+0800][363724.290s] GC(1392) Pause Young (Normal) (G1 Evacuation Pause)
[2024-04-13T02:57:47.773+0800][363724.290s] GC(1392) Using 13 workers of 13 for evacuation
[2024-04-13T02:57:47.776+0800][363724.292s] GC(1392)   Pre Evacuate Collection Set: 0.2ms
[2024-04-13T02:57:47.776+0800][363724.292s] GC(1392)   Merge Heap Roots: 0.1ms
[2024-04-13T02:57:47.776+0800][363724.292s] GC(1392)   Evacuate Collection Set: 1.4ms
[2024-04-13T02:57:47.776+0800][363724.292s] GC(1392)   Post Evacuate Collection Set: 0.5ms
[2024-04-13T02:57:47.776+0800][363724.292s] GC(1392)   Other: 0.1ms
[2024-04-13T02:57:47.776+0800][363724.292s] GC(1392) Eden regions: 305->0(305)
[2024-04-13T02:57:47.776+0800][363724.292s] GC(1392) Survivor regions: 2->2(39)
[2024-04-13T02:57:47.776+0800][363724.292s] GC(1392) Old regions: 71->71
[2024-04-13T02:57:47.776+0800][363724.292s] GC(1392) Humongous regions: 4->4
[2024-04-13T02:57:47.776+0800][363724.292s] GC(1392) Metaspace: 69652K(70272K)->69652K(70272K) NonClass: 61909K(62272K)->61909K(62272K) Class: 7743K(8000K)->7743K(8000K)
[2024-04-13T02:57:47.776+0800][363724.292s] GC(1392) Pause Young (Normal) (G1 Evacuation Pause) 381M->76M(512M) 2.409ms
[2024-04-13T02:57:47.776+0800][363724.292s] GC(1392) User=0.00s Sys=0.00s Real=0.00s
[2024-04-13T02:57:48.987+0800][363725.503s] GC(1393) Pause Young (Normal) (G1 Evacuation Pause)
[2024-04-13T02:57:48.987+0800][363725.503s] GC(1393) Using 13 workers of 13 for evacuation
[2024-04-13T02:57:48.989+0800][363725.505s] GC(1393)   Pre Evacuate Collection Set: 0.2ms
[2024-04-13T02:57:48.989+0800][363725.505s] GC(1393)   Merge Heap Roots: 0.2ms
[2024-04-13T02:57:48.989+0800][363725.505s] GC(1393)   Evacuate Collection Set: 1.4ms
[2024-04-13T02:57:48.989+0800][363725.505s] GC(1393)   Post Evacuate Collection Set: 0.6ms
[2024-04-13T02:57:48.989+0800][363725.505s] GC(1393)   Other: 0.1ms
[2024-04-13T02:57:48.989+0800][363725.505s] GC(1393) Eden regions: 305->0(305)
[2024-04-13T02:57:48.989+0800][363725.505s] GC(1393) Survivor regions: 2->2(39)
[2024-04-13T02:57:48.989+0800][363725.505s] GC(1393) Old regions: 71->71
[2024-04-13T02:57:48.989+0800][363725.505s] GC(1393) Humongous regions: 4->4
[2024-04-13T02:57:48.989+0800][363725.505s] GC(1393) Metaspace: 69652K(70272K)->69652K(70272K) NonClass: 61909K(62272K)->61909K(62272K) Class: 7743K(8000K)->7743K(8000K)
[2024-04-13T02:57:48.989+0800][363725.505s] GC(1393) Pause Young (Normal) (G1 Evacuation Pause) 381M->75M(512M) 2.693ms
[2024-04-13T02:57:48.989+0800][363725.506s] GC(1393) User=0.03s Sys=0.00s Real=0.00s
[2024-04-13T02:57:50.203+0800][363726.719s] GC(1394) Pause Young (Normal) (G1 Evacuation Pause)
[2024-04-13T02:57:50.203+0800][363726.719s] GC(1394) Using 13 workers of 13 for evacuation
[2024-04-13T02:57:50.206+0800][363726.721s] GC(1394)   Pre Evacuate Collection Set: 0.2ms
[2024-04-13T02:57:50.206+0800][363726.721s] GC(1394)   Merge Heap Roots: 0.2ms
[2024-04-13T02:57:50.206+0800][363726.721s] GC(1394)   Evacuate Collection Set: 1.8ms
[2024-04-13T02:57:50.206+0800][363726.721s] GC(1394)   Post Evacuate Collection Set: 0.6ms
[2024-04-13T02:57:50.206+0800][363726.721s] GC(1394)   Other: 0.1ms
[2024-04-13T02:57:50.206+0800][363726.721s] GC(1394) Eden regions: 305->0(304)
[2024-04-13T02:57:50.206+0800][363726.721s] GC(1394) Survivor regions: 2->3(39)
[2024-04-13T02:57:50.206+0800][363726.721s] GC(1394) Old regions: 71->71
[2024-04-13T02:57:50.206+0800][363726.721s] GC(1394) Humongous regions: 4->4
[2024-04-13T02:57:50.206+0800][363726.721s] GC(1394) Metaspace: 69652K(70272K)->69652K(70272K) NonClass: 61909K(62272K)->61909K(62272K) Class: 7743K(8000K)->7743K(8000K)
[2024-04-13T02:57:50.206+0800][363726.721s] GC(1394) Pause Young (Normal) (G1 Evacuation Pause) 380M->76M(512M) 2.976ms
[2024-04-13T02:57:50.206+0800][363726.722s] GC(1394) User=0.00s Sys=0.00s Real=0.00s
[2024-04-13T02:57:51.428+0800][363727.945s] GC(1395) Pause Young (Normal) (G1 Evacuation Pause)
[2024-04-13T02:57:51.428+0800][363727.945s] GC(1395) Using 13 workers of 13 for evacuation
[2024-04-13T02:57:51.431+0800][363727.947s] GC(1395)   Pre Evacuate Collection Set: 0.2ms
[2024-04-13T02:57:51.431+0800][363727.947s] GC(1395)   Merge Heap Roots: 0.2ms
[2024-04-13T02:57:51.431+0800][363727.947s] GC(1395)   Evacuate Collection Set: 1.4ms
[2024-04-13T02:57:51.431+0800][363727.947s] GC(1395)   Post Evacuate Collection Set: 0.6ms
[2024-04-13T02:57:51.431+0800][363727.947s] GC(1395)   Other: 0.1ms
[2024-04-13T02:57:51.431+0800][363727.947s] GC(1395) Eden regions: 304->0(305)
[2024-04-13T02:57:51.431+0800][363727.947s] GC(1395) Survivor regions: 3->2(39)
[2024-04-13T02:57:51.431+0800][363727.947s] GC(1395) Old regions: 71->71
[2024-04-13T02:57:51.431+0800][363727.947s] GC(1395) Humongous regions: 4->4
[2024-04-13T02:57:51.431+0800][363727.947s] GC(1395) Metaspace: 69652K(70272K)->69652K(70272K) NonClass: 61909K(62272K)->61909K(62272K) Class: 7743K(8000K)->7743K(8000K)
[2024-04-13T02:57:51.431+0800][363727.947s] GC(1395) Pause Young (Normal) (G1 Evacuation Pause) 380M->75M(512M) 2.663ms
[2024-04-13T02:57:51.431+0800][363727.947s] GC(1395) User=0.00s Sys=0.00s Real=0.00s
[2024-04-13T02:57:52.658+0800][363729.174s] GC(1396) Pause Young (Normal) (G1 Evacuation Pause)
[2024-04-13T02:57:52.658+0800][363729.174s] GC(1396) Using 13 workers of 13 for evacuation
[2024-04-13T02:57:52.660+0800][363729.176s] GC(1396)   Pre Evacuate Collection Set: 0.1ms
[2024-04-13T02:57:52.660+0800][363729.176s] GC(1396)   Merge Heap Roots: 0.1ms
[2024-04-13T02:57:52.660+0800][363729.176s] GC(1396)   Evacuate Collection Set: 1.2ms
[2024-04-13T02:57:52.660+0800][363729.176s] GC(1396)   Post Evacuate Collection Set: 0.3ms
[2024-04-13T02:57:52.660+0800][363729.176s] GC(1396)   Other: 0.1ms
[2024-04-13T02:57:52.660+0800][363729.176s] GC(1396) Eden regions: 305->0(305)
[2024-04-13T02:57:52.660+0800][363729.176s] GC(1396) Survivor regions: 2->2(39)
[2024-04-13T02:57:52.660+0800][363729.176s] GC(1396) Old regions: 71->71
[2024-04-13T02:57:52.660+0800][363729.176s] GC(1396) Humongous regions: 4->4
[2024-04-13T02:57:52.660+0800][363729.176s] GC(1396) Metaspace: 69652K(70272K)->69652K(70272K) NonClass: 61909K(62272K)->61909K(62272K) Class: 7743K(8000K)->7743K(8000K)
[2024-04-13T02:57:52.660+0800][363729.176s] GC(1396) Pause Young (Normal) (G1 Evacuation Pause) 380M->75M(512M) 2.033ms
[2024-04-13T02:57:52.660+0800][363729.176s] GC(1396) User=0.09s Sys=0.00s Real=0.00s
[2024-04-13T02:57:53.813+0800][363730.329s] GC(1397) Pause Young (Normal) (G1 Evacuation Pause)
[2024-04-13T02:57:53.813+0800][363730.329s] GC(1397) Using 13 workers of 13 for evacuation
[2024-04-13T02:57:53.815+0800][363730.331s] GC(1397)   Pre Evacuate Collection Set: 0.2ms
[2024-04-13T02:57:53.815+0800][363730.331s] GC(1397)   Merge Heap Roots: 0.1ms
[2024-04-13T02:57:53.815+0800][363730.331s] GC(1397)   Evacuate Collection Set: 1.5ms
[2024-04-13T02:57:53.815+0800][363730.331s] GC(1397)   Post Evacuate Collection Set: 0.5ms
[2024-04-13T02:57:53.815+0800][363730.331s] GC(1397)   Other: 0.1ms
[2024-04-13T02:57:53.815+0800][363730.331s] GC(1397) Eden regions: 305->0(304)
[2024-04-13T02:57:53.815+0800][363730.331s] GC(1397) Survivor regions: 2->3(39)
[2024-04-13T02:57:53.815+0800][363730.331s] GC(1397) Old regions: 71->71
[2024-04-13T02:57:53.815+0800][363730.331s] GC(1397) Humongous regions: 4->4
[2024-04-13T02:57:53.815+0800][363730.331s] GC(1397) Metaspace: 69652K(70272K)->69652K(70272K) NonClass: 61909K(62272K)->61909K(62272K) Class: 7743K(8000K)->7743K(8000K)
[2024-04-13T02:57:53.815+0800][363730.331s] GC(1397) Pause Young (Normal) (G1 Evacuation Pause) 380M->76M(512M) 2.679ms
[2024-04-13T02:57:53.816+0800][363730.331s] GC(1397) User=0.02s Sys=0.00s Real=0.00s
[2024-04-13T02:57:55.057+0800][363731.573s] GC(1398) Pause Young (Normal) (G1 Evacuation Pause)
[2024-04-13T02:57:55.057+0800][363731.573s] GC(1398) Using 13 workers of 13 for evacuation
[2024-04-13T02:57:55.059+0800][363731.575s] GC(1398)   Pre Evacuate Collection Set: 0.1ms
[2024-04-13T02:57:55.060+0800][363731.575s] GC(1398)   Merge Heap Roots: 0.1ms
[2024-04-13T02:57:55.060+0800][363731.575s] GC(1398)   Evacuate Collection Set: 1.6ms
[2024-04-13T02:57:55.060+0800][363731.575s] GC(1398)   Post Evacuate Collection Set: 0.4ms
[2024-04-13T02:57:55.060+0800][363731.575s] GC(1398)   Other: 0.1ms
[2024-04-13T02:57:55.060+0800][363731.575s] GC(1398) Eden regions: 304->0(305)
[2024-04-13T02:57:55.060+0800][363731.575s] GC(1398) Survivor regions: 3->2(39)
[2024-04-13T02:57:55.060+0800][363731.575s] GC(1398) Old regions: 71->71
[2024-04-13T02:57:55.060+0800][363731.575s] GC(1398) Humongous regions: 4->4
[2024-04-13T02:57:55.060+0800][363731.575s] GC(1398) Metaspace: 69652K(70272K)->69652K(70272K) NonClass: 61909K(62272K)->61909K(62272K) Class: 7743K(8000K)->7743K(8000K)
[2024-04-13T02:57:55.060+0800][363731.575s] GC(1398) Pause Young (Normal) (G1 Evacuation Pause) 380M->76M(512M) 2.566ms
[2024-04-13T02:57:55.060+0800][363731.575s] GC(1398) User=0.00s Sys=0.00s Real=0.00s
[2024-04-13T02:57:56.266+0800][363732.782s] GC(1399) Pause Young (Normal) (G1 Evacuation Pause)
[2024-04-13T02:57:56.266+0800][363732.782s] GC(1399) Using 13 workers of 13 for evacuation
[2024-04-13T02:57:56.268+0800][363732.784s] GC(1399)   Pre Evacuate Collection Set: 0.2ms
[2024-04-13T02:57:56.268+0800][363732.784s] GC(1399)   Merge Heap Roots: 0.2ms
[2024-04-13T02:57:56.268+0800][363732.784s] GC(1399)   Evacuate Collection Set: 1.4ms
[2024-04-13T02:57:56.268+0800][363732.784s] GC(1399)   Post Evacuate Collection Set: 0.7ms
[2024-04-13T02:57:56.268+0800][363732.784s] GC(1399)   Other: 0.1ms
[2024-04-13T02:57:56.268+0800][363732.784s] GC(1399) Eden regions: 305->0(305)
[2024-04-13T02:57:56.268+0800][363732.784s] GC(1399) Survivor regions: 2->2(39)
[2024-04-13T02:57:56.268+0800][363732.784s] GC(1399) Old regions: 71->71
[2024-04-13T02:57:56.268+0800][363732.784s] GC(1399) Humongous regions: 4->4
[2024-04-13T02:57:56.268+0800][363732.784s] GC(1399) Metaspace: 69652K(70272K)->69652K(70272K) NonClass: 61909K(62272K)->61909K(62272K) Class: 7743K(8000K)->7743K(8000K)
[2024-04-13T02:57:56.268+0800][363732.784s] GC(1399) Pause Young (Normal) (G1 Evacuation Pause) 381M->75M(512M) 2.773ms
[2024-04-13T02:57:56.269+0800][363732.784s] GC(1399) User=0.00s Sys=0.02s Real=0.00s
[2024-04-13T02:57:57.526+0800][363734.042s] GC(1400) Pause Young (Normal) (G1 Evacuation Pause)
[2024-04-13T02:57:57.526+0800][363734.042s] GC(1400) Using 13 workers of 13 for evacuation
[2024-04-13T02:57:57.529+0800][363734.044s] GC(1400)   Pre Evacuate Collection Set: 0.2ms
[2024-04-13T02:57:57.529+0800][363734.044s] GC(1400)   Merge Heap Roots: 0.1ms
[2024-04-13T02:57:57.529+0800][363734.044s] GC(1400)   Evacuate Collection Set: 1.4ms
[2024-04-13T02:57:57.529+0800][363734.044s] GC(1400)   Post Evacuate Collection Set: 0.5ms
[2024-04-13T02:57:57.529+0800][363734.044s] GC(1400)   Other: 0.1ms
[2024-04-13T02:57:57.529+0800][363734.044s] GC(1400) Eden regions: 305->0(305)
[2024-04-13T02:57:57.529+0800][363734.045s] GC(1400) Survivor regions: 2->2(39)
[2024-04-13T02:57:57.529+0800][363734.045s] GC(1400) Old regions: 71->71
[2024-04-13T02:57:57.529+0800][363734.045s] GC(1400) Humongous regions: 4->4
[2024-04-13T02:57:57.529+0800][363734.045s] GC(1400) Metaspace: 69652K(70272K)->69652K(70272K) NonClass: 61909K(62272K)->61909K(62272K) Class: 7743K(8000K)->7743K(8000K)
[2024-04-13T02:57:57.529+0800][363734.045s] GC(1400) Pause Young (Normal) (G1 Evacuation Pause) 380M->76M(512M) 2.435ms
[2024-04-13T02:57:57.529+0800][363734.045s] GC(1400) User=0.00s Sys=0.00s Real=0.00s
[2024-04-13T02:57:58.742+0800][363735.258s] GC(1401) Pause Young (Normal) (G1 Evacuation Pause)
[2024-04-13T02:57:58.742+0800][363735.258s] GC(1401) Using 13 workers of 13 for evacuation
[2024-04-13T02:57:58.744+0800][363735.261s] GC(1401)   Pre Evacuate Collection Set: 0.2ms
[2024-04-13T02:57:58.744+0800][363735.261s] GC(1401)   Merge Heap Roots: 0.1ms
[2024-04-13T02:57:58.744+0800][363735.261s] GC(1401)   Evacuate Collection Set: 1.3ms
[2024-04-13T02:57:58.744+0800][363735.261s] GC(1401)   Post Evacuate Collection Set: 0.5ms
[2024-04-13T02:57:58.744+0800][363735.261s] GC(1401)   Other: 0.1ms
[2024-04-13T02:57:58.744+0800][363735.261s] GC(1401) Eden regions: 305->0(305)
[2024-04-13T02:57:58.744+0800][363735.261s] GC(1401) Survivor regions: 2->2(39)
[2024-04-13T02:57:58.744+0800][363735.261s] GC(1401) Old regions: 71->71
[2024-04-13T02:57:58.744+0800][363735.261s] GC(1401) Humongous regions: 4->4
[2024-04-13T02:57:58.744+0800][363735.261s] GC(1401) Metaspace: 69652K(70272K)->69652K(70272K) NonClass: 61909K(62272K)->61909K(62272K) Class: 7743K(8000K)->7743K(8000K)
[2024-04-13T02:57:58.744+0800][363735.261s] GC(1401) Pause Young (Normal) (G1 Evacuation Pause) 381M->76M(512M) 2.428ms
[2024-04-13T02:57:58.744+0800][363735.261s] GC(1401) User=0.00s Sys=0.00s Real=0.00s
[2024-04-13T02:58:00.000+0800][363736.517s] GC(1402) Pause Young (Normal) (G1 Evacuation Pause)
[2024-04-13T02:58:00.001+0800][363736.517s] GC(1402) Using 13 workers of 13 for evacuation
[2024-04-13T02:58:00.003+0800][363736.519s] GC(1402)   Pre Evacuate Collection Set: 0.1ms
[2024-04-13T02:58:00.003+0800][363736.519s] GC(1402)   Merge Heap Roots: 0.1ms
[2024-04-13T02:58:00.003+0800][363736.519s] GC(1402)   Evacuate Collection Set: 1.4ms
[2024-04-13T02:58:00.003+0800][363736.519s] GC(1402)   Post Evacuate Collection Set: 0.6ms
[2024-04-13T02:58:00.003+0800][363736.519s] GC(1402)   Other: 0.1ms
[2024-04-13T02:58:00.003+0800][363736.519s] GC(1402) Eden regions: 305->0(305)
[2024-04-13T02:58:00.003+0800][363736.519s] GC(1402) Survivor regions: 2->2(39)
[2024-04-13T02:58:00.003+0800][363736.519s] GC(1402) Old regions: 71->71
[2024-04-13T02:58:00.003+0800][363736.519s] GC(1402) Humongous regions: 4->4
[2024-04-13T02:58:00.003+0800][363736.519s] GC(1402) Metaspace: 69652K(70272K)->69652K(70272K) NonClass: 61909K(62272K)->61909K(62272K) Class: 7743K(8000K)->7743K(8000K)
[2024-04-13T02:58:00.003+0800][363736.519s] GC(1402) Pause Young (Normal) (G1 Evacuation Pause) 381M->76M(512M) 2.571ms
[2024-04-13T02:58:00.003+0800][363736.519s] GC(1402) User=0.02s Sys=0.00s Real=0.00s
[2024-04-13T02:58:01.226+0800][363737.742s] GC(1403) Pause Young (Normal) (G1 Evacuation Pause)
[2024-04-13T02:58:01.226+0800][363737.742s] GC(1403) Using 13 workers of 13 for evacuation
[2024-04-13T02:58:01.228+0800][363737.745s] GC(1403)   Pre Evacuate Collection Set: 0.2ms
[2024-04-13T02:58:01.228+0800][363737.745s] GC(1403)   Merge Heap Roots: 0.1ms
[2024-04-13T02:58:01.228+0800][363737.745s] GC(1403)   Evacuate Collection Set: 1.4ms
[2024-04-13T02:58:01.228+0800][363737.745s] GC(1403)   Post Evacuate Collection Set: 0.5ms
[2024-04-13T02:58:01.228+0800][363737.745s] GC(1403)   Other: 0.1ms
[2024-04-13T02:58:01.228+0800][363737.745s] GC(1403) Eden regions: 305->0(305)
[2024-04-13T02:58:01.228+0800][363737.745s] GC(1403) Survivor regions: 2->2(39)
[2024-04-13T02:58:01.228+0800][363737.745s] GC(1403) Old regions: 71->71
[2024-04-13T02:58:01.228+0800][363737.745s] GC(1403) Humongous regions: 4->4
[2024-04-13T02:58:01.228+0800][363737.745s] GC(1403) Metaspace: 69652K(70272K)->69652K(70272K) NonClass: 61909K(62272K)->61909K(62272K) Class: 7743K(8000K)->7743K(8000K)
[2024-04-13T02:58:01.228+0800][363737.745s] GC(1403) Pause Young (Normal) (G1 Evacuation Pause) 381M->76M(512M) 2.500ms
[2024-04-13T02:58:01.228+0800][363737.745s] GC(1403) User=0.00s Sys=0.00s Real=0.00s
[2024-04-13T02:58:02.392+0800][363738.909s] GC(1404) Pause Young (Normal) (G1 Evacuation Pause)
[2024-04-13T02:58:02.392+0800][363738.909s] GC(1404) Using 13 workers of 13 for evacuation
[2024-04-13T02:58:02.395+0800][363738.911s] GC(1404)   Pre Evacuate Collection Set: 0.1ms
[2024-04-13T02:58:02.395+0800][363738.911s] GC(1404)   Merge Heap Roots: 0.1ms
[2024-04-13T02:58:02.395+0800][363738.911s] GC(1404)   Evacuate Collection Set: 1.5ms
[2024-04-13T02:58:02.395+0800][363738.911s] GC(1404)   Post Evacuate Collection Set: 0.5ms
[2024-04-13T02:58:02.395+0800][363738.911s] GC(1404)   Other: 0.1ms
[2024-04-13T02:58:02.395+0800][363738.911s] GC(1404) Eden regions: 305->0(305)
[2024-04-13T02:58:02.395+0800][363738.911s] GC(1404) Survivor regions: 2->2(39)
[2024-04-13T02:58:02.395+0800][363738.911s] GC(1404) Old regions: 71->71
[2024-04-13T02:58:02.395+0800][363738.911s] GC(1404) Humongous regions: 4->4
[2024-04-13T02:58:02.395+0800][363738.911s] GC(1404) Metaspace: 69652K(70272K)->69652K(70272K) NonClass: 61909K(62272K)->61909K(62272K) Class: 7743K(8000K)->7743K(8000K)
[2024-04-13T02:58:02.395+0800][363738.911s] GC(1404) Pause Young (Normal) (G1 Evacuation Pause) 381M->76M(512M) 2.468ms
[2024-04-13T02:58:02.395+0800][363738.911s] GC(1404) User=0.19s Sys=0.00s Real=0.00s
[2024-04-13T02:58:03.561+0800][363740.077s] GC(1405) Pause Young (Normal) (G1 Evacuation Pause)
[2024-04-13T02:58:03.561+0800][363740.077s] GC(1405) Using 13 workers of 13 for evacuation
[2024-04-13T02:58:03.563+0800][363740.079s] GC(1405)   Pre Evacuate Collection Set: 0.1ms
[2024-04-13T02:58:03.563+0800][363740.079s] GC(1405)   Merge Heap Roots: 0.1ms
[2024-04-13T02:58:03.563+0800][363740.079s] GC(1405)   Evacuate Collection Set: 1.4ms
[2024-04-13T02:58:03.563+0800][363740.079s] GC(1405)   Post Evacuate Collection Set: 0.5ms
[2024-04-13T02:58:03.563+0800][363740.079s] GC(1405)   Other: 0.1ms
[2024-04-13T02:58:03.563+0800][363740.079s] GC(1405) Eden regions: 305->0(304)
[2024-04-13T02:58:03.563+0800][363740.079s] GC(1405) Survivor regions: 2->3(39)
[2024-04-13T02:58:03.563+0800][363740.079s] GC(1405) Old regions: 71->71
[2024-04-13T02:58:03.563+0800][363740.079s] GC(1405) Humongous regions: 4->4
[2024-04-13T02:58:03.563+0800][363740.079s] GC(1405) Metaspace: 69652K(70272K)->69652K(70272K) NonClass: 61909K(62272K)->61909K(62272K) Class: 7743K(8000K)->7743K(8000K)
[2024-04-13T02:58:03.563+0800][363740.079s] GC(1405) Pause Young (Normal) (G1 Evacuation Pause) 381M->77M(512M) 2.335ms
[2024-04-13T02:58:03.563+0800][363740.079s] GC(1405) User=0.00s Sys=0.00s Real=0.00s
[2024-04-13T02:58:04.791+0800][363741.307s] GC(1406) Pause Young (Normal) (G1 Evacuation Pause)
[2024-04-13T02:58:04.791+0800][363741.307s] GC(1406) Using 13 workers of 13 for evacuation
[2024-04-13T02:58:04.795+0800][363741.310s] GC(1406)   Pre Evacuate Collection Set: 0.1ms
[2024-04-13T02:58:04.795+0800][363741.311s] GC(1406)   Merge Heap Roots: 0.1ms
[2024-04-13T02:58:04.795+0800][363741.311s] GC(1406)   Evacuate Collection Set: 2.7ms
[2024-04-13T02:58:04.795+0800][363741.311s] GC(1406)   Post Evacuate Collection Set: 0.4ms
[2024-04-13T02:58:04.795+0800][363741.311s] GC(1406)   Other: 0.1ms
[2024-04-13T02:58:04.795+0800][363741.311s] GC(1406) Eden regions: 304->0(305)
[2024-04-13T02:58:04.795+0800][363741.311s] GC(1406) Survivor regions: 3->2(39)
[2024-04-13T02:58:04.795+0800][363741.311s] GC(1406) Old regions: 71->71
[2024-04-13T02:58:04.795+0800][363741.311s] GC(1406) Humongous regions: 4->4
[2024-04-13T02:58:04.795+0800][363741.311s] GC(1406) Metaspace: 69652K(70272K)->69652K(70272K) NonClass: 61909K(62272K)->61909K(62272K) Class: 7743K(8000K)->7743K(8000K)
[2024-04-13T02:58:04.795+0800][363741.311s] GC(1406) Pause Young (Normal) (G1 Evacuation Pause) 381M->76M(512M) 3.643ms
[2024-04-13T02:58:04.795+0800][363741.311s] GC(1406) User=0.00s Sys=0.00s Real=0.00s
[2024-04-13T02:58:06.068+0800][363742.584s] GC(1407) Pause Young (Normal) (G1 Evacuation Pause)
[2024-04-13T02:58:06.068+0800][363742.584s] GC(1407) Using 13 workers of 13 for evacuation
[2024-04-13T02:58:06.071+0800][363742.587s] GC(1407)   Pre Evacuate Collection Set: 0.2ms
[2024-04-13T02:58:06.071+0800][363742.587s] GC(1407)   Merge Heap Roots: 0.1ms
[2024-04-13T02:58:06.071+0800][363742.587s] GC(1407)   Evacuate Collection Set: 1.6ms
[2024-04-13T02:58:06.071+0800][363742.587s] GC(1407)   Post Evacuate Collection Set: 0.8ms
[2024-04-13T02:58:06.071+0800][363742.587s] GC(1407)   Other: 0.1ms
[2024-04-13T02:58:06.071+0800][363742.587s] GC(1407) Eden regions: 305->0(305)
[2024-04-13T02:58:06.071+0800][363742.587s] GC(1407) Survivor regions: 2->2(39)
[2024-04-13T02:58:06.071+0800][363742.587s] GC(1407) Old regions: 71->71
[2024-04-13T02:58:06.071+0800][363742.587s] GC(1407) Humongous regions: 4->4
[2024-04-13T02:58:06.071+0800][363742.587s] GC(1407) Metaspace: 69652K(70272K)->69652K(70272K) NonClass: 61909K(62272K)->61909K(62272K) Class: 7743K(8000K)->7743K(8000K)
[2024-04-13T02:58:06.071+0800][363742.587s] GC(1407) Pause Young (Normal) (G1 Evacuation Pause) 381M->76M(512M) 2.943ms
[2024-04-13T02:58:06.071+0800][363742.587s] GC(1407) User=0.00s Sys=0.00s Real=0.00s
[2024-04-13T02:58:07.376+0800][363743.892s] GC(1408) Pause Young (Normal) (G1 Evacuation Pause)
[2024-04-13T02:58:07.376+0800][363743.892s] GC(1408) Using 13 workers of 13 for evacuation
[2024-04-13T02:58:07.379+0800][363743.895s] GC(1408)   Pre Evacuate Collection Set: 0.2ms
[2024-04-13T02:58:07.379+0800][363743.895s] GC(1408)   Merge Heap Roots: 0.1ms
[2024-04-13T02:58:07.379+0800][363743.895s] GC(1408)   Evacuate Collection Set: 1.7ms
[2024-04-13T02:58:07.379+0800][363743.895s] GC(1408)   Post Evacuate Collection Set: 0.5ms
[2024-04-13T02:58:07.379+0800][363743.895s] GC(1408)   Other: 0.1ms
[2024-04-13T02:58:07.379+0800][363743.895s] GC(1408) Eden regions: 305->0(305)
[2024-04-13T02:58:07.379+0800][363743.895s] GC(1408) Survivor regions: 2->2(39)
[2024-04-13T02:58:07.379+0800][363743.895s] GC(1408) Old regions: 71->71
[2024-04-13T02:58:07.379+0800][363743.895s] GC(1408) Humongous regions: 4->4
[2024-04-13T02:58:07.379+0800][363743.895s] GC(1408) Metaspace: 69652K(70272K)->69652K(70272K) NonClass: 61909K(62272K)->61909K(62272K) Class: 7743K(8000K)->7743K(8000K)
[2024-04-13T02:58:07.379+0800][363743.895s] GC(1408) Pause Young (Normal) (G1 Evacuation Pause) 381M->76M(512M) 3.039ms
[2024-04-13T02:58:07.379+0800][363743.895s] GC(1408) User=0.03s Sys=0.00s Real=0.00s
[2024-04-13T02:58:08.659+0800][363745.175s] GC(1409) Pause Young (Normal) (G1 Evacuation Pause)
[2024-04-13T02:58:08.659+0800][363745.175s] GC(1409) Using 13 workers of 13 for evacuation
[2024-04-13T02:58:08.662+0800][363745.178s] GC(1409)   Pre Evacuate Collection Set: 0.2ms
[2024-04-13T02:58:08.662+0800][363745.178s] GC(1409)   Merge Heap Roots: 0.1ms
[2024-04-13T02:58:08.662+0800][363745.178s] GC(1409)   Evacuate Collection Set: 1.8ms
[2024-04-13T02:58:08.662+0800][363745.178s] GC(1409)   Post Evacuate Collection Set: 0.6ms
[2024-04-13T02:58:08.662+0800][363745.178s] GC(1409)   Other: 0.1ms
[2024-04-13T02:58:08.662+0800][363745.178s] GC(1409) Eden regions: 305->0(305)
[2024-04-13T02:58:08.662+0800][363745.178s] GC(1409) Survivor regions: 2->2(39)
[2024-04-13T02:58:08.662+0800][363745.178s] GC(1409) Old regions: 71->71
[2024-04-13T02:58:08.662+0800][363745.178s] GC(1409) Humongous regions: 4->4
[2024-04-13T02:58:08.662+0800][363745.178s] GC(1409) Metaspace: 69652K(70272K)->69652K(70272K) NonClass: 61909K(62272K)->61909K(62272K) Class: 7743K(8000K)->7743K(8000K)
[2024-04-13T02:58:08.662+0800][363745.178s] GC(1409) Pause Young (Normal) (G1 Evacuation Pause) 381M->76M(512M) 3.797ms
[2024-04-13T02:58:08.662+0800][363745.179s] GC(1409) User=0.00s Sys=0.00s Real=0.00s
[2024-04-13T02:58:09.916+0800][363746.432s] GC(1410) Pause Young (Normal) (G1 Evacuation Pause)
[2024-04-13T02:58:09.916+0800][363746.432s] GC(1410) Using 13 workers of 13 for evacuation
[2024-04-13T02:58:09.918+0800][363746.434s] GC(1410)   Pre Evacuate Collection Set: 0.2ms
[2024-04-13T02:58:09.918+0800][363746.434s] GC(1410)   Merge Heap Roots: 0.1ms
[2024-04-13T02:58:09.918+0800][363746.434s] GC(1410)   Evacuate Collection Set: 1.3ms
[2024-04-13T02:58:09.918+0800][363746.434s] GC(1410)   Post Evacuate Collection Set: 0.6ms
[2024-04-13T02:58:09.918+0800][363746.434s] GC(1410)   Other: 0.1ms
[2024-04-13T02:58:09.918+0800][363746.434s] GC(1410) Eden regions: 305->0(305)
[2024-04-13T02:58:09.918+0800][363746.434s] GC(1410) Survivor regions: 2->2(39)
[2024-04-13T02:58:09.918+0800][363746.434s] GC(1410) Old regions: 71->71
[2024-04-13T02:58:09.918+0800][363746.434s] GC(1410) Humongous regions: 4->4
[2024-04-13T02:58:09.918+0800][363746.434s] GC(1410) Metaspace: 69652K(70272K)->69652K(70272K) NonClass: 61909K(62272K)->61909K(62272K) Class: 7743K(8000K)->7743K(8000K)
[2024-04-13T02:58:09.918+0800][363746.434s] GC(1410) Pause Young (Normal) (G1 Evacuation Pause) 381M->76M(512M) 2.494ms
[2024-04-13T02:58:09.918+0800][363746.434s] GC(1410) User=0.00s Sys=0.00s Real=0.00s
[2024-04-13T02:58:11.187+0800][363747.703s] GC(1411) Pause Young (Normal) (G1 Evacuation Pause)
[2024-04-13T02:58:11.187+0800][363747.703s] GC(1411) Using 13 workers of 13 for evacuation
[2024-04-13T02:58:11.189+0800][363747.705s] GC(1411)   Pre Evacuate Collection Set: 0.1ms
[2024-04-13T02:58:11.189+0800][363747.705s] GC(1411)   Merge Heap Roots: 0.1ms
[2024-04-13T02:58:11.189+0800][363747.705s] GC(1411)   Evacuate Collection Set: 1.4ms
[2024-04-13T02:58:11.189+0800][363747.705s] GC(1411)   Post Evacuate Collection Set: 0.4ms
[2024-04-13T02:58:11.189+0800][363747.705s] GC(1411)   Other: 0.1ms
[2024-04-13T02:58:11.189+0800][363747.705s] GC(1411) Eden regions: 305->0(305)
[2024-04-13T02:58:11.189+0800][363747.705s] GC(1411) Survivor regions: 2->2(39)
[2024-04-13T02:58:11.189+0800][363747.705s] GC(1411) Old regions: 71->72
[2024-04-13T02:58:11.189+0800][363747.705s] GC(1411) Humongous regions: 4->4
[2024-04-13T02:58:11.189+0800][363747.705s] GC(1411) Metaspace: 69652K(70272K)->69652K(70272K) NonClass: 61909K(62272K)->61909K(62272K) Class: 7743K(8000K)->7743K(8000K)
[2024-04-13T02:58:11.189+0800][363747.705s] GC(1411) Pause Young (Normal) (G1 Evacuation Pause) 381M->76M(512M) 2.269ms
[2024-04-13T02:58:11.189+0800][363747.705s] GC(1411) User=0.00s Sys=0.00s Real=0.00s
[2024-04-13T02:58:12.385+0800][363748.901s] GC(1412) Pause Young (Normal) (G1 Evacuation Pause)
[2024-04-13T02:58:12.385+0800][363748.901s] GC(1412) Using 13 workers of 13 for evacuation
[2024-04-13T02:58:12.387+0800][363748.904s] GC(1412)   Pre Evacuate Collection Set: 0.2ms
[2024-04-13T02:58:12.387+0800][363748.904s] GC(1412)   Merge Heap Roots: 0.2ms
[2024-04-13T02:58:12.387+0800][363748.904s] GC(1412)   Evacuate Collection Set: 1.5ms
[2024-04-13T02:58:12.387+0800][363748.904s] GC(1412)   Post Evacuate Collection Set: 0.5ms
[2024-04-13T02:58:12.387+0800][363748.904s] GC(1412)   Other: 0.1ms
[2024-04-13T02:58:12.387+0800][363748.904s] GC(1412) Eden regions: 305->0(305)
[2024-04-13T02:58:12.387+0800][363748.904s] GC(1412) Survivor regions: 2->2(39)
[2024-04-13T02:58:12.387+0800][363748.904s] GC(1412) Old regions: 72->72
[2024-04-13T02:58:12.387+0800][363748.904s] GC(1412) Humongous regions: 4->4
[2024-04-13T02:58:12.387+0800][363748.904s] GC(1412) Metaspace: 69652K(70272K)->69652K(70272K) NonClass: 61909K(62272K)->61909K(62272K) Class: 7743K(8000K)->7743K(8000K)
[2024-04-13T02:58:12.387+0800][363748.904s] GC(1412) Pause Young (Normal) (G1 Evacuation Pause) 381M->76M(512M) 2.742ms
[2024-04-13T02:58:12.387+0800][363748.904s] GC(1412) User=0.00s Sys=0.00s Real=0.00s
[2024-04-13T02:58:13.638+0800][363750.154s] GC(1413) Pause Young (Normal) (G1 Evacuation Pause)
[2024-04-13T02:58:13.638+0800][363750.155s] GC(1413) Using 13 workers of 13 for evacuation
[2024-04-13T02:58:13.641+0800][363750.157s] GC(1413)   Pre Evacuate Collection Set: 0.1ms
[2024-04-13T02:58:13.641+0800][363750.157s] GC(1413)   Merge Heap Roots: 0.1ms
[2024-04-13T02:58:13.641+0800][363750.157s] GC(1413)   Evacuate Collection Set: 1.5ms
[2024-04-13T02:58:13.641+0800][363750.157s] GC(1413)   Post Evacuate Collection Set: 0.6ms
[2024-04-13T02:58:13.641+0800][363750.157s] GC(1413)   Other: 0.1ms
[2024-04-13T02:58:13.641+0800][363750.157s] GC(1413) Eden regions: 305->0(305)
[2024-04-13T02:58:13.641+0800][363750.157s] GC(1413) Survivor regions: 2->2(39)
[2024-04-13T02:58:13.641+0800][363750.157s] GC(1413) Old regions: 72->72
[2024-04-13T02:58:13.641+0800][363750.157s] GC(1413) Humongous regions: 4->4
[2024-04-13T02:58:13.641+0800][363750.157s] GC(1413) Metaspace: 69652K(70272K)->69652K(70272K) NonClass: 61909K(62272K)->61909K(62272K) Class: 7743K(8000K)->7743K(8000K)
[2024-04-13T02:58:13.641+0800][363750.157s] GC(1413) Pause Young (Normal) (G1 Evacuation Pause) 381M->76M(512M) 2.632ms
[2024-04-13T02:58:13.641+0800][363750.157s] GC(1413) User=0.00s Sys=0.00s Real=0.00s
[2024-04-13T02:58:14.806+0800][363751.322s] GC(1414) Pause Young (Normal) (G1 Evacuation Pause)
[2024-04-13T02:58:14.806+0800][363751.322s] GC(1414) Using 13 workers of 13 for evacuation
[2024-04-13T02:58:14.809+0800][363751.325s] GC(1414)   Pre Evacuate Collection Set: 0.2ms
[2024-04-13T02:58:14.809+0800][363751.325s] GC(1414)   Merge Heap Roots: 0.1ms
[2024-04-13T02:58:14.809+0800][363751.325s] GC(1414)   Evacuate Collection Set: 1.7ms
[2024-04-13T02:58:14.809+0800][363751.325s] GC(1414)   Post Evacuate Collection Set: 0.7ms
[2024-04-13T02:58:14.809+0800][363751.325s] GC(1414)   Other: 0.1ms
[2024-04-13T02:58:14.809+0800][363751.325s] GC(1414) Eden regions: 305->0(305)
[2024-04-13T02:58:14.809+0800][363751.325s] GC(1414) Survivor regions: 2->2(39)
[2024-04-13T02:58:14.809+0800][363751.325s] GC(1414) Old regions: 72->72
[2024-04-13T02:58:14.809+0800][363751.325s] GC(1414) Humongous regions: 4->4
[2024-04-13T02:58:14.809+0800][363751.325s] GC(1414) Metaspace: 69652K(70272K)->69652K(70272K) NonClass: 61909K(62272K)->61909K(62272K) Class: 7743K(8000K)->7743K(8000K)
[2024-04-13T02:58:14.809+0800][363751.325s] GC(1414) Pause Young (Normal) (G1 Evacuation Pause) 381M->76M(512M) 2.963ms
[2024-04-13T02:58:14.809+0800][363751.325s] GC(1414) User=0.00s Sys=0.00s Real=0.00s
[2024-04-13T02:58:16.027+0800][363752.542s] GC(1415) Pause Young (Normal) (G1 Evacuation Pause)
[2024-04-13T02:58:16.027+0800][363752.543s] GC(1415) Using 13 workers of 13 for evacuation
[2024-04-13T02:58:16.029+0800][363752.545s] GC(1415)   Pre Evacuate Collection Set: 0.2ms
[2024-04-13T02:58:16.029+0800][363752.545s] GC(1415)   Merge Heap Roots: 0.1ms
[2024-04-13T02:58:16.029+0800][363752.545s] GC(1415)   Evacuate Collection Set: 1.4ms
[2024-04-13T02:58:16.029+0800][363752.545s] GC(1415)   Post Evacuate Collection Set: 0.5ms
[2024-04-13T02:58:16.029+0800][363752.545s] GC(1415)   Other: 0.1ms
[2024-04-13T02:58:16.029+0800][363752.545s] GC(1415) Eden regions: 305->0(305)
[2024-04-13T02:58:16.029+0800][363752.545s] GC(1415) Survivor regions: 2->2(39)
[2024-04-13T02:58:16.029+0800][363752.545s] GC(1415) Old regions: 72->72
[2024-04-13T02:58:16.029+0800][363752.545s] GC(1415) Humongous regions: 4->4
[2024-04-13T02:58:16.029+0800][363752.545s] GC(1415) Metaspace: 69652K(70272K)->69652K(70272K) NonClass: 61909K(62272K)->61909K(62272K) Class: 7743K(8000K)->7743K(8000K)
[2024-04-13T02:58:16.029+0800][363752.545s] GC(1415) Pause Young (Normal) (G1 Evacuation Pause) 381M->76M(512M) 2.518ms
[2024-04-13T02:58:16.029+0800][363752.545s] GC(1415) User=0.00s Sys=0.00s Real=0.00s
[2024-04-13T02:58:17.281+0800][363753.796s] GC(1416) Pause Young (Normal) (G1 Evacuation Pause)
[2024-04-13T02:58:17.281+0800][363753.796s] GC(1416) Using 13 workers of 13 for evacuation
[2024-04-13T02:58:17.283+0800][363753.799s] GC(1416)   Pre Evacuate Collection Set: 0.2ms
[2024-04-13T02:58:17.283+0800][363753.799s] GC(1416)   Merge Heap Roots: 0.1ms
[2024-04-13T02:58:17.283+0800][363753.799s] GC(1416)   Evacuate Collection Set: 1.2ms
[2024-04-13T02:58:17.283+0800][363753.799s] GC(1416)   Post Evacuate Collection Set: 0.5ms
[2024-04-13T02:58:17.283+0800][363753.799s] GC(1416)   Other: 0.1ms
[2024-04-13T02:58:17.283+0800][363753.799s] GC(1416) Eden regions: 305->0(304)
[2024-04-13T02:58:17.283+0800][363753.799s] GC(1416) Survivor regions: 2->3(39)
[2024-04-13T02:58:17.283+0800][363753.799s] GC(1416) Old regions: 72->72
[2024-04-13T02:58:17.283+0800][363753.799s] GC(1416) Humongous regions: 4->4
[2024-04-13T02:58:17.283+0800][363753.799s] GC(1416) Metaspace: 69652K(70272K)->69652K(70272K) NonClass: 61909K(62272K)->61909K(62272K) Class: 7743K(8000K)->7743K(8000K)
[2024-04-13T02:58:17.283+0800][363753.799s] GC(1416) Pause Young (Normal) (G1 Evacuation Pause) 381M->77M(512M) 2.306ms
[2024-04-13T02:58:17.283+0800][363753.799s] GC(1416) User=0.00s Sys=0.00s Real=0.00s
[2024-04-13T02:58:18.473+0800][363754.990s] GC(1417) Pause Young (Normal) (G1 Evacuation Pause)
[2024-04-13T02:58:18.473+0800][363754.990s] GC(1417) Using 13 workers of 13 for evacuation
[2024-04-13T02:58:18.476+0800][363754.992s] GC(1417)   Pre Evacuate Collection Set: 0.2ms
[2024-04-13T02:58:18.476+0800][363754.992s] GC(1417)   Merge Heap Roots: 0.1ms
[2024-04-13T02:58:18.476+0800][363754.992s] GC(1417)   Evacuate Collection Set: 1.7ms
[2024-04-13T02:58:18.476+0800][363754.992s] GC(1417)   Post Evacuate Collection Set: 0.6ms
[2024-04-13T02:58:18.476+0800][363754.992s] GC(1417)   Other: 0.1ms
[2024-04-13T02:58:18.476+0800][363754.993s] GC(1417) Eden regions: 304->0(304)
[2024-04-13T02:58:18.476+0800][363754.993s] GC(1417) Survivor regions: 3->3(39)
[2024-04-13T02:58:18.476+0800][363754.993s] GC(1417) Old regions: 72->72
[2024-04-13T02:58:18.476+0800][363754.993s] GC(1417) Humongous regions: 4->4
[2024-04-13T02:58:18.476+0800][363754.993s] GC(1417) Metaspace: 69652K(70272K)->69652K(70272K) NonClass: 61909K(62272K)->61909K(62272K) Class: 7743K(8000K)->7743K(8000K)
[2024-04-13T02:58:18.476+0800][363754.993s] GC(1417) Pause Young (Normal) (G1 Evacuation Pause) 381M->77M(512M) 2.896ms
[2024-04-13T02:58:18.476+0800][363754.993s] GC(1417) User=0.00s Sys=0.00s Real=0.00s
[2024-04-13T02:58:19.679+0800][363756.196s] GC(1418) Pause Young (Normal) (G1 Evacuation Pause)
[2024-04-13T02:58:19.679+0800][363756.196s] GC(1418) Using 13 workers of 13 for evacuation
[2024-04-13T02:58:19.682+0800][363756.198s] GC(1418)   Pre Evacuate Collection Set: 0.2ms
[2024-04-13T02:58:19.682+0800][363756.198s] GC(1418)   Merge Heap Roots: 0.2ms
[2024-04-13T02:58:19.682+0800][363756.198s] GC(1418)   Evacuate Collection Set: 1.6ms
[2024-04-13T02:58:19.682+0800][363756.198s] GC(1418)   Post Evacuate Collection Set: 0.6ms
[2024-04-13T02:58:19.682+0800][363756.198s] GC(1418)   Other: 0.1ms
[2024-04-13T02:58:19.682+0800][363756.199s] GC(1418) Eden regions: 304->0(305)
[2024-04-13T02:58:19.682+0800][363756.199s] GC(1418) Survivor regions: 3->2(39)
[2024-04-13T02:58:19.682+0800][363756.199s] GC(1418) Old regions: 72->72
[2024-04-13T02:58:19.682+0800][363756.199s] GC(1418) Humongous regions: 4->4
[2024-04-13T02:58:19.682+0800][363756.199s] GC(1418) Metaspace: 69652K(70272K)->69652K(70272K) NonClass: 61909K(62272K)->61909K(62272K) Class: 7743K(8000K)->7743K(8000K)
[2024-04-13T02:58:19.682+0800][363756.199s] GC(1418) Pause Young (Normal) (G1 Evacuation Pause) 381M->76M(512M) 2.893ms
[2024-04-13T02:58:19.682+0800][363756.199s] GC(1418) User=0.00s Sys=0.00s Real=0.00s
[2024-04-13T02:58:20.901+0800][363757.417s] GC(1419) Pause Young (Normal) (G1 Evacuation Pause)
[2024-04-13T02:58:20.901+0800][363757.417s] GC(1419) Using 13 workers of 13 for evacuation
[2024-04-13T02:58:20.903+0800][363757.419s] GC(1419)   Pre Evacuate Collection Set: 0.2ms
[2024-04-13T02:58:20.903+0800][363757.419s] GC(1419)   Merge Heap Roots: 0.1ms
[2024-04-13T02:58:20.903+0800][363757.419s] GC(1419)   Evacuate Collection Set: 1.7ms
[2024-04-13T02:58:20.903+0800][363757.419s] GC(1419)   Post Evacuate Collection Set: 0.5ms
[2024-04-13T02:58:20.903+0800][363757.419s] GC(1419)   Other: 0.1ms
[2024-04-13T02:58:20.903+0800][363757.419s] GC(1419) Eden regions: 305->0(305)
[2024-04-13T02:58:20.903+0800][363757.419s] GC(1419) Survivor regions: 2->2(39)
[2024-04-13T02:58:20.903+0800][363757.419s] GC(1419) Old regions: 72->72
[2024-04-13T02:58:20.903+0800][363757.419s] GC(1419) Humongous regions: 4->4
[2024-04-13T02:58:20.903+0800][363757.419s] GC(1419) Metaspace: 69652K(70272K)->69652K(70272K) NonClass: 61909K(62272K)->61909K(62272K) Class: 7743K(8000K)->7743K(8000K)
[2024-04-13T02:58:20.903+0800][363757.419s] GC(1419) Pause Young (Normal) (G1 Evacuation Pause) 381M->77M(512M) 2.741ms
[2024-04-13T02:58:20.903+0800][363757.419s] GC(1419) User=0.00s Sys=0.00s Real=0.00s
[2024-04-13T02:58:22.130+0800][363758.646s] GC(1420) Pause Young (Normal) (G1 Evacuation Pause)
[2024-04-13T02:58:22.130+0800][363758.646s] GC(1420) Using 13 workers of 13 for evacuation
[2024-04-13T02:58:22.133+0800][363758.649s] GC(1420)   Pre Evacuate Collection Set: 0.2ms
[2024-04-13T02:58:22.133+0800][363758.649s] GC(1420)   Merge Heap Roots: 0.1ms
[2024-04-13T02:58:22.133+0800][363758.649s] GC(1420)   Evacuate Collection Set: 2.5ms
[2024-04-13T02:58:22.133+0800][363758.649s] GC(1420)   Post Evacuate Collection Set: 0.6ms
[2024-04-13T02:58:22.133+0800][363758.649s] GC(1420)   Other: 0.1ms
[2024-04-13T02:58:22.133+0800][363758.650s] GC(1420) Eden regions: 305->0(305)
[2024-04-13T02:58:22.134+0800][363758.650s] GC(1420) Survivor regions: 2->2(39)
[2024-04-13T02:58:22.134+0800][363758.650s] GC(1420) Old regions: 72->72
[2024-04-13T02:58:22.134+0800][363758.650s] GC(1420) Humongous regions: 4->4
[2024-04-13T02:58:22.134+0800][363758.650s] GC(1420) Metaspace: 69652K(70272K)->69652K(70272K) NonClass: 61909K(62272K)->61909K(62272K) Class: 7743K(8000K)->7743K(8000K)
[2024-04-13T02:58:22.134+0800][363758.650s] GC(1420) Pause Young (Normal) (G1 Evacuation Pause) 382M->77M(512M) 3.691ms
[2024-04-13T02:58:22.134+0800][363758.650s] GC(1420) User=0.00s Sys=0.00s Real=0.00s
[2024-04-13T02:58:23.344+0800][363759.860s] GC(1421) Pause Young (Normal) (G1 Evacuation Pause)
[2024-04-13T02:58:23.344+0800][363759.860s] GC(1421) Using 13 workers of 13 for evacuation
[2024-04-13T02:58:23.346+0800][363759.862s] GC(1421)   Pre Evacuate Collection Set: 0.2ms
[2024-04-13T02:58:23.346+0800][363759.862s] GC(1421)   Merge Heap Roots: 0.1ms
[2024-04-13T02:58:23.346+0800][363759.862s] GC(1421)   Evacuate Collection Set: 1.5ms
[2024-04-13T02:58:23.346+0800][363759.862s] GC(1421)   Post Evacuate Collection Set: 0.4ms
[2024-04-13T02:58:23.346+0800][363759.862s] GC(1421)   Other: 0.1ms
[2024-04-13T02:58:23.346+0800][363759.862s] GC(1421) Eden regions: 305->0(305)
[2024-04-13T02:58:23.346+0800][363759.862s] GC(1421) Survivor regions: 2->2(39)
[2024-04-13T02:58:23.346+0800][363759.862s] GC(1421) Old regions: 72->72
[2024-04-13T02:58:23.346+0800][363759.862s] GC(1421) Humongous regions: 4->4
[2024-04-13T02:58:23.346+0800][363759.862s] GC(1421) Metaspace: 69652K(70272K)->69652K(70272K) NonClass: 61909K(62272K)->61909K(62272K) Class: 7743K(8000K)->7743K(8000K)
[2024-04-13T02:58:23.346+0800][363759.862s] GC(1421) Pause Young (Normal) (G1 Evacuation Pause) 382M->76M(512M) 2.424ms
[2024-04-13T02:58:23.346+0800][363759.862s] GC(1421) User=0.00s Sys=0.00s Real=0.00s
[2024-04-13T02:58:24.572+0800][363761.088s] GC(1422) Pause Young (Normal) (G1 Evacuation Pause)
[2024-04-13T02:58:24.572+0800][363761.088s] GC(1422) Using 13 workers of 13 for evacuation
[2024-04-13T02:58:24.574+0800][363761.090s] GC(1422)   Pre Evacuate Collection Set: 0.1ms
[2024-04-13T02:58:24.575+0800][363761.090s] GC(1422)   Merge Heap Roots: 0.1ms
[2024-04-13T02:58:24.575+0800][363761.090s] GC(1422)   Evacuate Collection Set: 1.3ms
[2024-04-13T02:58:24.575+0800][363761.090s] GC(1422)   Post Evacuate Collection Set: 0.3ms
[2024-04-13T02:58:24.575+0800][363761.090s] GC(1422)   Other: 0.1ms
[2024-04-13T02:58:24.575+0800][363761.090s] GC(1422) Eden regions: 305->0(305)
[2024-04-13T02:58:24.575+0800][363761.090s] GC(1422) Survivor regions: 2->2(39)
[2024-04-13T02:58:24.575+0800][363761.090s] GC(1422) Old regions: 72->72
[2024-04-13T02:58:24.575+0800][363761.090s] GC(1422) Humongous regions: 4->4
[2024-04-13T02:58:24.575+0800][363761.090s] GC(1422) Metaspace: 69652K(70272K)->69652K(70272K) NonClass: 61909K(62272K)->61909K(62272K) Class: 7743K(8000K)->7743K(8000K)
[2024-04-13T02:58:24.575+0800][363761.090s] GC(1422) Pause Young (Normal) (G1 Evacuation Pause) 381M->76M(512M) 2.208ms
[2024-04-13T02:58:24.575+0800][363761.090s] GC(1422) User=0.00s Sys=0.00s Real=0.00s
[2024-04-13T02:58:25.865+0800][363762.381s] GC(1423) Pause Young (Normal) (G1 Evacuation Pause)
[2024-04-13T02:58:25.865+0800][363762.381s] GC(1423) Using 13 workers of 13 for evacuation
[2024-04-13T02:58:25.867+0800][363762.383s] GC(1423)   Pre Evacuate Collection Set: 0.1ms
[2024-04-13T02:58:25.867+0800][363762.383s] GC(1423)   Merge Heap Roots: 0.1ms
[2024-04-13T02:58:25.867+0800][363762.383s] GC(1423)   Evacuate Collection Set: 1.2ms
[2024-04-13T02:58:25.867+0800][363762.383s] GC(1423)   Post Evacuate Collection Set: 0.4ms
[2024-04-13T02:58:25.867+0800][363762.383s] GC(1423)   Other: 0.1ms
[2024-04-13T02:58:25.867+0800][363762.383s] GC(1423) Eden regions: 305->0(305)
[2024-04-13T02:58:25.867+0800][363762.383s] GC(1423) Survivor regions: 2->2(39)
[2024-04-13T02:58:25.867+0800][363762.383s] GC(1423) Old regions: 72->72
[2024-04-13T02:58:25.867+0800][363762.383s] GC(1423) Humongous regions: 4->4
[2024-04-13T02:58:25.867+0800][363762.383s] GC(1423) Metaspace: 69652K(70272K)->69652K(70272K) NonClass: 61909K(62272K)->61909K(62272K) Class: 7743K(8000K)->7743K(8000K)
[2024-04-13T02:58:25.867+0800][363762.383s] GC(1423) Pause Young (Normal) (G1 Evacuation Pause) 381M->77M(512M) 2.047ms
[2024-04-13T02:58:25.867+0800][363762.383s] GC(1423) User=0.00s Sys=0.00s Real=0.00s
[2024-04-13T02:58:27.154+0800][363763.670s] GC(1424) Pause Young (Normal) (G1 Evacuation Pause)
[2024-04-13T02:58:27.154+0800][363763.670s] GC(1424) Using 13 workers of 13 for evacuation
[2024-04-13T02:58:27.156+0800][363763.672s] GC(1424)   Pre Evacuate Collection Set: 0.1ms
[2024-04-13T02:58:27.156+0800][363763.672s] GC(1424)   Merge Heap Roots: 0.1ms
[2024-04-13T02:58:27.156+0800][363763.672s] GC(1424)   Evacuate Collection Set: 1.3ms
[2024-04-13T02:58:27.156+0800][363763.672s] GC(1424)   Post Evacuate Collection Set: 0.3ms
[2024-04-13T02:58:27.156+0800][363763.672s] GC(1424)   Other: 0.1ms
[2024-04-13T02:58:27.156+0800][363763.672s] GC(1424) Eden regions: 305->0(305)
[2024-04-13T02:58:27.156+0800][363763.672s] GC(1424) Survivor regions: 2->2(39)
[2024-04-13T02:58:27.156+0800][363763.672s] GC(1424) Old regions: 72->72
[2024-04-13T02:58:27.156+0800][363763.672s] GC(1424) Humongous regions: 4->4
[2024-04-13T02:58:27.156+0800][363763.672s] GC(1424) Metaspace: 69652K(70272K)->69652K(70272K) NonClass: 61909K(62272K)->61909K(62272K) Class: 7743K(8000K)->7743K(8000K)
[2024-04-13T02:58:27.156+0800][363763.672s] GC(1424) Pause Young (Normal) (G1 Evacuation Pause) 382M->77M(512M) 2.048ms
[2024-04-13T02:58:27.156+0800][363763.672s] GC(1424) User=0.00s Sys=0.00s Real=0.00s
[2024-04-13T02:58:28.345+0800][363764.862s] GC(1425) Pause Young (Normal) (G1 Evacuation Pause)
[2024-04-13T02:58:28.345+0800][363764.862s] GC(1425) Using 13 workers of 13 for evacuation
[2024-04-13T02:58:28.348+0800][363764.864s] GC(1425)   Pre Evacuate Collection Set: 0.2ms
[2024-04-13T02:58:28.348+0800][363764.864s] GC(1425)   Merge Heap Roots: 0.2ms
[2024-04-13T02:58:28.348+0800][363764.864s] GC(1425)   Evacuate Collection Set: 1.6ms
[2024-04-13T02:58:28.348+0800][363764.864s] GC(1425)   Post Evacuate Collection Set: 0.7ms
[2024-04-13T02:58:28.348+0800][363764.864s] GC(1425)   Other: 0.1ms
[2024-04-13T02:58:28.348+0800][363764.865s] GC(1425) Eden regions: 305->0(304)
[2024-04-13T02:58:28.348+0800][363764.865s] GC(1425) Survivor regions: 2->3(39)
[2024-04-13T02:58:28.348+0800][363764.865s] GC(1425) Old regions: 72->72
[2024-04-13T02:58:28.348+0800][363764.865s] GC(1425) Humongous regions: 4->4
[2024-04-13T02:58:28.348+0800][363764.865s] GC(1425) Metaspace: 69652K(70272K)->69652K(70272K) NonClass: 61909K(62272K)->61909K(62272K) Class: 7743K(8000K)->7743K(8000K)
[2024-04-13T02:58:28.348+0800][363764.865s] GC(1425) Pause Young (Normal) (G1 Evacuation Pause) 382M->77M(512M) 2.931ms
[2024-04-13T02:58:28.348+0800][363764.865s] GC(1425) User=0.19s Sys=0.02s Real=0.00s
[2024-04-13T02:58:29.629+0800][363766.145s] GC(1426) Pause Young (Normal) (G1 Evacuation Pause)
[2024-04-13T02:58:29.629+0800][363766.145s] GC(1426) Using 13 workers of 13 for evacuation
[2024-04-13T02:58:29.631+0800][363766.147s] GC(1426)   Pre Evacuate Collection Set: 0.2ms
[2024-04-13T02:58:29.631+0800][363766.147s] GC(1426)   Merge Heap Roots: 0.1ms
[2024-04-13T02:58:29.631+0800][363766.147s] GC(1426)   Evacuate Collection Set: 1.4ms
[2024-04-13T02:58:29.631+0800][363766.147s] GC(1426)   Post Evacuate Collection Set: 0.5ms
[2024-04-13T02:58:29.631+0800][363766.147s] GC(1426)   Other: 0.1ms
[2024-04-13T02:58:29.631+0800][363766.147s] GC(1426) Eden regions: 304->0(305)
[2024-04-13T02:58:29.631+0800][363766.147s] GC(1426) Survivor regions: 3->2(39)
[2024-04-13T02:58:29.631+0800][363766.147s] GC(1426) Old regions: 72->72
[2024-04-13T02:58:29.631+0800][363766.147s] GC(1426) Humongous regions: 4->4
[2024-04-13T02:58:29.631+0800][363766.147s] GC(1426) Metaspace: 69652K(70272K)->69652K(70272K) NonClass: 61909K(62272K)->61909K(62272K) Class: 7743K(8000K)->7743K(8000K)
[2024-04-13T02:58:29.631+0800][363766.147s] GC(1426) Pause Young (Normal) (G1 Evacuation Pause) 381M->77M(512M) 2.539ms
[2024-04-13T02:58:29.631+0800][363766.147s] GC(1426) User=0.00s Sys=0.00s Real=0.00s
[2024-04-13T02:58:30.794+0800][363767.310s] GC(1427) Pause Young (Normal) (G1 Evacuation Pause)
[2024-04-13T02:58:30.794+0800][363767.310s] GC(1427) Using 13 workers of 13 for evacuation
[2024-04-13T02:58:30.796+0800][363767.312s] GC(1427)   Pre Evacuate Collection Set: 0.2ms
[2024-04-13T02:58:30.796+0800][363767.312s] GC(1427)   Merge Heap Roots: 0.1ms
[2024-04-13T02:58:30.796+0800][363767.312s] GC(1427)   Evacuate Collection Set: 1.3ms
[2024-04-13T02:58:30.796+0800][363767.312s] GC(1427)   Post Evacuate Collection Set: 0.5ms
[2024-04-13T02:58:30.796+0800][363767.312s] GC(1427)   Other: 0.1ms
[2024-04-13T02:58:30.796+0800][363767.312s] GC(1427) Eden regions: 305->0(305)
[2024-04-13T02:58:30.796+0800][363767.312s] GC(1427) Survivor regions: 2->2(39)
[2024-04-13T02:58:30.796+0800][363767.312s] GC(1427) Old regions: 72->72
[2024-04-13T02:58:30.796+0800][363767.312s] GC(1427) Humongous regions: 4->4
[2024-04-13T02:58:30.796+0800][363767.312s] GC(1427) Metaspace: 69652K(70272K)->69652K(70272K) NonClass: 61909K(62272K)->61909K(62272K) Class: 7743K(8000K)->7743K(8000K)
[2024-04-13T02:58:30.796+0800][363767.312s] GC(1427) Pause Young (Normal) (G1 Evacuation Pause) 382M->76M(512M) 2.376ms
[2024-04-13T02:58:30.796+0800][363767.312s] GC(1427) User=0.00s Sys=0.00s Real=0.00s
[2024-04-13T02:58:32.040+0800][363768.556s] GC(1428) Pause Young (Normal) (G1 Evacuation Pause)
[2024-04-13T02:58:32.040+0800][363768.556s] GC(1428) Using 13 workers of 13 for evacuation
[2024-04-13T02:58:32.042+0800][363768.558s] GC(1428)   Pre Evacuate Collection Set: 0.2ms
[2024-04-13T02:58:32.042+0800][363768.558s] GC(1428)   Merge Heap Roots: 0.1ms
[2024-04-13T02:58:32.042+0800][363768.558s] GC(1428)   Evacuate Collection Set: 1.7ms
[2024-04-13T02:58:32.042+0800][363768.558s] GC(1428)   Post Evacuate Collection Set: 0.5ms
[2024-04-13T02:58:32.042+0800][363768.558s] GC(1428)   Other: 0.1ms
[2024-04-13T02:58:32.043+0800][363768.558s] GC(1428) Eden regions: 305->0(305)
[2024-04-13T02:58:32.043+0800][363768.558s] GC(1428) Survivor regions: 2->2(39)
[2024-04-13T02:58:32.043+0800][363768.558s] GC(1428) Old regions: 72->72
[2024-04-13T02:58:32.043+0800][363768.558s] GC(1428) Humongous regions: 4->4
[2024-04-13T02:58:32.043+0800][363768.558s] GC(1428) Metaspace: 69652K(70272K)->69652K(70272K) NonClass: 61909K(62272K)->61909K(62272K) Class: 7743K(8000K)->7743K(8000K)
[2024-04-13T02:58:32.043+0800][363768.558s] GC(1428) Pause Young (Normal) (G1 Evacuation Pause) 381M->77M(512M) 2.766ms
[2024-04-13T02:58:32.043+0800][363768.558s] GC(1428) User=0.00s Sys=0.00s Real=0.00s
[2024-04-13T02:58:33.261+0800][363769.777s] GC(1429) Pause Young (Normal) (G1 Evacuation Pause)
[2024-04-13T02:58:33.261+0800][363769.777s] GC(1429) Using 13 workers of 13 for evacuation
[2024-04-13T02:58:33.263+0800][363769.779s] GC(1429)   Pre Evacuate Collection Set: 0.2ms
[2024-04-13T02:58:33.263+0800][363769.779s] GC(1429)   Merge Heap Roots: 0.1ms
[2024-04-13T02:58:33.263+0800][363769.779s] GC(1429)   Evacuate Collection Set: 1.4ms
[2024-04-13T02:58:33.263+0800][363769.780s] GC(1429)   Post Evacuate Collection Set: 0.7ms
[2024-04-13T02:58:33.263+0800][363769.780s] GC(1429)   Other: 0.1ms
[2024-04-13T02:58:33.263+0800][363769.780s] GC(1429) Eden regions: 305->0(305)
[2024-04-13T02:58:33.263+0800][363769.780s] GC(1429) Survivor regions: 2->2(39)
[2024-04-13T02:58:33.263+0800][363769.780s] GC(1429) Old regions: 72->72
[2024-04-13T02:58:33.263+0800][363769.780s] GC(1429) Humongous regions: 4->4
[2024-04-13T02:58:33.263+0800][363769.780s] GC(1429) Metaspace: 69652K(70272K)->69652K(70272K) NonClass: 61909K(62272K)->61909K(62272K) Class: 7743K(8000K)->7743K(8000K)
[2024-04-13T02:58:33.263+0800][363769.780s] GC(1429) Pause Young (Normal) (G1 Evacuation Pause) 382M->76M(512M) 2.683ms
[2024-04-13T02:58:33.264+0800][363769.780s] GC(1429) User=0.00s Sys=0.00s Real=0.00s
[2024-04-13T02:58:34.479+0800][363770.995s] GC(1430) Pause Young (Normal) (G1 Evacuation Pause)
[2024-04-13T02:58:34.479+0800][363770.995s] GC(1430) Using 13 workers of 13 for evacuation
[2024-04-13T02:58:34.481+0800][363770.997s] GC(1430)   Pre Evacuate Collection Set: 0.2ms
[2024-04-13T02:58:34.481+0800][363770.997s] GC(1430)   Merge Heap Roots: 0.1ms
[2024-04-13T02:58:34.481+0800][363770.997s] GC(1430)   Evacuate Collection Set: 1.5ms
[2024-04-13T02:58:34.481+0800][363770.997s] GC(1430)   Post Evacuate Collection Set: 0.5ms
[2024-04-13T02:58:34.481+0800][363770.997s] GC(1430)   Other: 0.1ms
[2024-04-13T02:58:34.481+0800][363770.998s] GC(1430) Eden regions: 305->0(305)
[2024-04-13T02:58:34.481+0800][363770.998s] GC(1430) Survivor regions: 2->2(39)
[2024-04-13T02:58:34.481+0800][363770.998s] GC(1430) Old regions: 72->72
[2024-04-13T02:58:34.481+0800][363770.998s] GC(1430) Humongous regions: 4->4
[2024-04-13T02:58:34.482+0800][363770.998s] GC(1430) Metaspace: 69652K(70272K)->69652K(70272K) NonClass: 61909K(62272K)->61909K(62272K) Class: 7743K(8000K)->7743K(8000K)
[2024-04-13T02:58:34.482+0800][363770.998s] GC(1430) Pause Young (Normal) (G1 Evacuation Pause) 381M->77M(512M) 2.718ms
[2024-04-13T02:58:34.482+0800][363770.998s] GC(1430) User=0.00s Sys=0.00s Real=0.00s
[2024-04-13T02:58:35.716+0800][363772.232s] GC(1431) Pause Young (Normal) (G1 Evacuation Pause)
[2024-04-13T02:58:35.716+0800][363772.232s] GC(1431) Using 13 workers of 13 for evacuation
[2024-04-13T02:58:35.719+0800][363772.235s] GC(1431)   Pre Evacuate Collection Set: 0.2ms
[2024-04-13T02:58:35.719+0800][363772.235s] GC(1431)   Merge Heap Roots: 0.1ms
[2024-04-13T02:58:35.719+0800][363772.235s] GC(1431)   Evacuate Collection Set: 1.9ms
[2024-04-13T02:58:35.719+0800][363772.235s] GC(1431)   Post Evacuate Collection Set: 0.7ms
[2024-04-13T02:58:35.719+0800][363772.235s] GC(1431)   Other: 0.1ms
[2024-04-13T02:58:35.719+0800][363772.235s] GC(1431) Eden regions: 305->0(304)
[2024-04-13T02:58:35.719+0800][363772.235s] GC(1431) Survivor regions: 2->3(39)
[2024-04-13T02:58:35.719+0800][363772.235s] GC(1431) Old regions: 72->72
[2024-04-13T02:58:35.719+0800][363772.235s] GC(1431) Humongous regions: 4->4
[2024-04-13T02:58:35.719+0800][363772.235s] GC(1431) Metaspace: 69652K(70272K)->69652K(70272K) NonClass: 61909K(62272K)->61909K(62272K) Class: 7743K(8000K)->7743K(8000K)
[2024-04-13T02:58:35.719+0800][363772.235s] GC(1431) Pause Young (Normal) (G1 Evacuation Pause) 382M->77M(512M) 3.230ms
[2024-04-13T02:58:35.719+0800][363772.236s] GC(1431) User=0.00s Sys=0.00s Real=0.00s
[2024-04-13T02:58:36.933+0800][363773.448s] GC(1432) Pause Young (Normal) (G1 Evacuation Pause)
[2024-04-13T02:58:36.933+0800][363773.448s] GC(1432) Using 13 workers of 13 for evacuation
[2024-04-13T02:58:36.935+0800][363773.450s] GC(1432)   Pre Evacuate Collection Set: 0.1ms
[2024-04-13T02:58:36.935+0800][363773.450s] GC(1432)   Merge Heap Roots: 0.1ms
[2024-04-13T02:58:36.935+0800][363773.450s] GC(1432)   Evacuate Collection Set: 1.5ms
[2024-04-13T02:58:36.935+0800][363773.450s] GC(1432)   Post Evacuate Collection Set: 0.5ms
[2024-04-13T02:58:36.935+0800][363773.450s] GC(1432)   Other: 0.1ms
[2024-04-13T02:58:36.935+0800][363773.450s] GC(1432) Eden regions: 304->0(305)
[2024-04-13T02:58:36.935+0800][363773.450s] GC(1432) Survivor regions: 3->2(39)
[2024-04-13T02:58:36.935+0800][363773.450s] GC(1432) Old regions: 72->72
[2024-04-13T02:58:36.935+0800][363773.450s] GC(1432) Humongous regions: 4->4
[2024-04-13T02:58:36.935+0800][363773.450s] GC(1432) Metaspace: 69652K(70272K)->69652K(70272K) NonClass: 61909K(62272K)->61909K(62272K) Class: 7743K(8000K)->7743K(8000K)
[2024-04-13T02:58:36.935+0800][363773.451s] GC(1432) Pause Young (Normal) (G1 Evacuation Pause) 381M->77M(512M) 2.410ms
[2024-04-13T02:58:36.935+0800][363773.451s] GC(1432) User=0.00s Sys=0.00s Real=0.00s
[2024-04-13T02:58:38.171+0800][363774.687s] GC(1433) Pause Young (Normal) (G1 Evacuation Pause)
[2024-04-13T02:58:38.171+0800][363774.687s] GC(1433) Using 13 workers of 13 for evacuation
[2024-04-13T02:58:38.174+0800][363774.690s] GC(1433)   Pre Evacuate Collection Set: 0.2ms
[2024-04-13T02:58:38.174+0800][363774.690s] GC(1433)   Merge Heap Roots: 0.1ms
[2024-04-13T02:58:38.174+0800][363774.690s] GC(1433)   Evacuate Collection Set: 1.5ms
[2024-04-13T02:58:38.174+0800][363774.690s] GC(1433)   Post Evacuate Collection Set: 0.8ms
[2024-04-13T02:58:38.174+0800][363774.690s] GC(1433)   Other: 0.1ms
[2024-04-13T02:58:38.174+0800][363774.690s] GC(1433) Eden regions: 305->0(305)
[2024-04-13T02:58:38.174+0800][363774.690s] GC(1433) Survivor regions: 2->2(39)
[2024-04-13T02:58:38.174+0800][363774.690s] GC(1433) Old regions: 72->72
[2024-04-13T02:58:38.174+0800][363774.690s] GC(1433) Humongous regions: 4->4
[2024-04-13T02:58:38.174+0800][363774.690s] GC(1433) Metaspace: 69652K(70272K)->69652K(70272K) NonClass: 61909K(62272K)->61909K(62272K) Class: 7743K(8000K)->7743K(8000K)
[2024-04-13T02:58:38.174+0800][363774.690s] GC(1433) Pause Young (Normal) (G1 Evacuation Pause) 382M->76M(512M) 2.948ms
[2024-04-13T02:58:38.174+0800][363774.690s] GC(1433) User=0.00s Sys=0.00s Real=0.00s
[2024-04-13T02:58:39.375+0800][363775.891s] GC(1434) Pause Young (Normal) (G1 Evacuation Pause)
[2024-04-13T02:58:39.375+0800][363775.891s] GC(1434) Using 13 workers of 13 for evacuation
[2024-04-13T02:58:39.377+0800][363775.893s] GC(1434)   Pre Evacuate Collection Set: 0.2ms
[2024-04-13T02:58:39.377+0800][363775.893s] GC(1434)   Merge Heap Roots: 0.1ms
[2024-04-13T02:58:39.377+0800][363775.893s] GC(1434)   Evacuate Collection Set: 1.3ms
[2024-04-13T02:58:39.377+0800][363775.893s] GC(1434)   Post Evacuate Collection Set: 0.5ms
[2024-04-13T02:58:39.377+0800][363775.893s] GC(1434)   Other: 0.1ms
[2024-04-13T02:58:39.377+0800][363775.893s] GC(1434) Eden regions: 305->0(305)
[2024-04-13T02:58:39.377+0800][363775.893s] GC(1434) Survivor regions: 2->2(39)
[2024-04-13T02:58:39.377+0800][363775.893s] GC(1434) Old regions: 72->72
[2024-04-13T02:58:39.377+0800][363775.893s] GC(1434) Humongous regions: 4->4
[2024-04-13T02:58:39.377+0800][363775.893s] GC(1434) Metaspace: 69652K(70272K)->69652K(70272K) NonClass: 61909K(62272K)->61909K(62272K) Class: 7743K(8000K)->7743K(8000K)
[2024-04-13T02:58:39.377+0800][363775.893s] GC(1434) Pause Young (Normal) (G1 Evacuation Pause) 381M->77M(512M) 2.465ms
[2024-04-13T02:58:39.377+0800][363775.893s] GC(1434) User=0.00s Sys=0.00s Real=0.00s
[2024-04-13T02:58:40.614+0800][363777.130s] GC(1435) Pause Young (Normal) (G1 Evacuation Pause)
[2024-04-13T02:58:40.614+0800][363777.130s] GC(1435) Using 13 workers of 13 for evacuation
[2024-04-13T02:58:40.617+0800][363777.132s] GC(1435)   Pre Evacuate Collection Set: 0.3ms
[2024-04-13T02:58:40.617+0800][363777.132s] GC(1435)   Merge Heap Roots: 0.2ms
[2024-04-13T02:58:40.617+0800][363777.132s] GC(1435)   Evacuate Collection Set: 1.6ms
[2024-04-13T02:58:40.617+0800][363777.132s] GC(1435)   Post Evacuate Collection Set: 0.5ms
[2024-04-13T02:58:40.617+0800][363777.132s] GC(1435)   Other: 0.1ms
[2024-04-13T02:58:40.617+0800][363777.132s] GC(1435) Eden regions: 305->0(305)
[2024-04-13T02:58:40.617+0800][363777.132s] GC(1435) Survivor regions: 2->2(39)
[2024-04-13T02:58:40.617+0800][363777.132s] GC(1435) Old regions: 72->72
[2024-04-13T02:58:40.617+0800][363777.132s] GC(1435) Humongous regions: 4->4
[2024-04-13T02:58:40.617+0800][363777.132s] GC(1435) Metaspace: 69652K(70272K)->69652K(70272K) NonClass: 61909K(62272K)->61909K(62272K) Class: 7743K(8000K)->7743K(8000K)
[2024-04-13T02:58:40.617+0800][363777.132s] GC(1435) Pause Young (Normal) (G1 Evacuation Pause) 382M->76M(512M) 2.872ms
[2024-04-13T02:58:40.617+0800][363777.132s] GC(1435) User=0.00s Sys=0.00s Real=0.00s
[2024-04-13T02:58:41.829+0800][363778.345s] GC(1436) Pause Young (Normal) (G1 Evacuation Pause)
[2024-04-13T02:58:41.829+0800][363778.345s] GC(1436) Using 13 workers of 13 for evacuation
[2024-04-13T02:58:41.832+0800][363778.348s] GC(1436)   Pre Evacuate Collection Set: 0.2ms
[2024-04-13T02:58:41.832+0800][363778.348s] GC(1436)   Merge Heap Roots: 0.2ms
[2024-04-13T02:58:41.832+0800][363778.348s] GC(1436)   Evacuate Collection Set: 1.6ms
[2024-04-13T02:58:41.832+0800][363778.348s] GC(1436)   Post Evacuate Collection Set: 0.6ms
[2024-04-13T02:58:41.832+0800][363778.348s] GC(1436)   Other: 0.1ms
[2024-04-13T02:58:41.832+0800][363778.348s] GC(1436) Eden regions: 305->0(305)
[2024-04-13T02:58:41.832+0800][363778.348s] GC(1436) Survivor regions: 2->2(39)
[2024-04-13T02:58:41.832+0800][363778.348s] GC(1436) Old regions: 72->72
[2024-04-13T02:58:41.832+0800][363778.348s] GC(1436) Humongous regions: 4->4
[2024-04-13T02:58:41.832+0800][363778.348s] GC(1436) Metaspace: 69652K(70272K)->69652K(70272K) NonClass: 61909K(62272K)->61909K(62272K) Class: 7743K(8000K)->7743K(8000K)
[2024-04-13T02:58:41.832+0800][363778.348s] GC(1436) Pause Young (Normal) (G1 Evacuation Pause) 381M->76M(512M) 2.892ms
[2024-04-13T02:58:41.832+0800][363778.348s] GC(1436) User=0.03s Sys=0.00s Real=0.00s
[2024-04-13T02:58:43.073+0800][363779.589s] GC(1437) Pause Young (Normal) (G1 Evacuation Pause)
[2024-04-13T02:58:43.073+0800][363779.589s] GC(1437) Using 13 workers of 13 for evacuation
[2024-04-13T02:58:43.076+0800][363779.592s] GC(1437)   Pre Evacuate Collection Set: 0.2ms
[2024-04-13T02:58:43.076+0800][363779.592s] GC(1437)   Merge Heap Roots: 0.1ms
[2024-04-13T02:58:43.076+0800][363779.592s] GC(1437)   Evacuate Collection Set: 1.7ms
[2024-04-13T02:58:43.076+0800][363779.592s] GC(1437)   Post Evacuate Collection Set: 0.4ms
[2024-04-13T02:58:43.076+0800][363779.592s] GC(1437)   Other: 0.1ms
[2024-04-13T02:58:43.076+0800][363779.592s] GC(1437) Eden regions: 305->0(304)
[2024-04-13T02:58:43.076+0800][363779.592s] GC(1437) Survivor regions: 2->3(39)
[2024-04-13T02:58:43.076+0800][363779.592s] GC(1437) Old regions: 72->72
[2024-04-13T02:58:43.076+0800][363779.592s] GC(1437) Humongous regions: 4->4
[2024-04-13T02:58:43.076+0800][363779.592s] GC(1437) Metaspace: 69652K(70272K)->69652K(70272K) NonClass: 61909K(62272K)->61909K(62272K) Class: 7743K(8000K)->7743K(8000K)
[2024-04-13T02:58:43.076+0800][363779.592s] GC(1437) Pause Young (Normal) (G1 Evacuation Pause) 381M->77M(512M) 2.687ms
[2024-04-13T02:58:43.076+0800][363779.592s] GC(1437) User=0.00s Sys=0.00s Real=0.00s
[2024-04-13T02:58:44.243+0800][363780.760s] GC(1438) Pause Young (Normal) (G1 Evacuation Pause)
[2024-04-13T02:58:44.244+0800][363780.760s] GC(1438) Using 13 workers of 13 for evacuation
[2024-04-13T02:58:44.246+0800][363780.762s] GC(1438)   Pre Evacuate Collection Set: 0.2ms
[2024-04-13T02:58:44.246+0800][363780.762s] GC(1438)   Merge Heap Roots: 0.1ms
[2024-04-13T02:58:44.246+0800][363780.762s] GC(1438)   Evacuate Collection Set: 1.6ms
[2024-04-13T02:58:44.246+0800][363780.762s] GC(1438)   Post Evacuate Collection Set: 0.6ms
[2024-04-13T02:58:44.246+0800][363780.762s] GC(1438)   Other: 0.1ms
[2024-04-13T02:58:44.246+0800][363780.762s] GC(1438) Eden regions: 304->0(305)
[2024-04-13T02:58:44.246+0800][363780.762s] GC(1438) Survivor regions: 3->2(39)
[2024-04-13T02:58:44.246+0800][363780.762s] GC(1438) Old regions: 72->72
[2024-04-13T02:58:44.246+0800][363780.762s] GC(1438) Humongous regions: 4->4
[2024-04-13T02:58:44.246+0800][363780.762s] GC(1438) Metaspace: 69652K(70272K)->69652K(70272K) NonClass: 61909K(62272K)->61909K(62272K) Class: 7743K(8000K)->7743K(8000K)
[2024-04-13T02:58:44.246+0800][363780.762s] GC(1438) Pause Young (Normal) (G1 Evacuation Pause) 381M->77M(512M) 2.777ms
[2024-04-13T02:58:44.246+0800][363780.762s] GC(1438) User=0.00s Sys=0.00s Real=0.00s
[2024-04-13T02:58:45.500+0800][363782.016s] GC(1439) Pause Young (Normal) (G1 Evacuation Pause)
[2024-04-13T02:58:45.500+0800][363782.016s] GC(1439) Using 13 workers of 13 for evacuation
[2024-04-13T02:58:45.503+0800][363782.019s] GC(1439)   Pre Evacuate Collection Set: 0.1ms
[2024-04-13T02:58:45.503+0800][363782.019s] GC(1439)   Merge Heap Roots: 0.1ms
[2024-04-13T02:58:45.503+0800][363782.019s] GC(1439)   Evacuate Collection Set: 1.6ms
[2024-04-13T02:58:45.503+0800][363782.019s] GC(1439)   Post Evacuate Collection Set: 0.6ms
[2024-04-13T02:58:45.503+0800][363782.019s] GC(1439)   Other: 0.1ms
[2024-04-13T02:58:45.503+0800][363782.019s] GC(1439) Eden regions: 305->0(304)
[2024-04-13T02:58:45.503+0800][363782.019s] GC(1439) Survivor regions: 2->3(39)
[2024-04-13T02:58:45.503+0800][363782.019s] GC(1439) Old regions: 72->72
[2024-04-13T02:58:45.503+0800][363782.019s] GC(1439) Humongous regions: 4->4
[2024-04-13T02:58:45.503+0800][363782.019s] GC(1439) Metaspace: 69652K(70272K)->69652K(70272K) NonClass: 61909K(62272K)->61909K(62272K) Class: 7743K(8000K)->7743K(8000K)
[2024-04-13T02:58:45.503+0800][363782.019s] GC(1439) Pause Young (Normal) (G1 Evacuation Pause) 382M->77M(512M) 2.754ms
[2024-04-13T02:58:45.503+0800][363782.019s] GC(1439) User=0.02s Sys=0.00s Real=0.00s
[2024-04-13T02:58:46.702+0800][363783.218s] GC(1440) Pause Young (Normal) (G1 Evacuation Pause)
[2024-04-13T02:58:46.702+0800][363783.218s] GC(1440) Using 13 workers of 13 for evacuation
[2024-04-13T02:58:46.705+0800][363783.221s] GC(1440)   Pre Evacuate Collection Set: 0.2ms
[2024-04-13T02:58:46.705+0800][363783.221s] GC(1440)   Merge Heap Roots: 0.1ms
[2024-04-13T02:58:46.705+0800][363783.221s] GC(1440)   Evacuate Collection Set: 1.3ms
[2024-04-13T02:58:46.705+0800][363783.221s] GC(1440)   Post Evacuate Collection Set: 0.6ms
[2024-04-13T02:58:46.705+0800][363783.221s] GC(1440)   Other: 0.1ms
[2024-04-13T02:58:46.705+0800][363783.221s] GC(1440) Eden regions: 304->0(305)
[2024-04-13T02:58:46.705+0800][363783.221s] GC(1440) Survivor regions: 3->2(39)
[2024-04-13T02:58:46.705+0800][363783.221s] GC(1440) Old regions: 72->72
[2024-04-13T02:58:46.705+0800][363783.221s] GC(1440) Humongous regions: 4->4
[2024-04-13T02:58:46.705+0800][363783.221s] GC(1440) Metaspace: 69652K(70272K)->69652K(70272K) NonClass: 61909K(62272K)->61909K(62272K) Class: 7743K(8000K)->7743K(8000K)
[2024-04-13T02:58:46.705+0800][363783.221s] GC(1440) Pause Young (Normal) (G1 Evacuation Pause) 381M->77M(512M) 2.453ms
[2024-04-13T02:58:46.705+0800][363783.221s] GC(1440) User=0.00s Sys=0.00s Real=0.00s
[2024-04-13T02:58:47.913+0800][363784.429s] GC(1441) Pause Young (Normal) (G1 Evacuation Pause)
[2024-04-13T02:58:47.913+0800][363784.429s] GC(1441) Using 13 workers of 13 for evacuation
[2024-04-13T02:58:47.916+0800][363784.432s] GC(1441)   Pre Evacuate Collection Set: 0.2ms
[2024-04-13T02:58:47.916+0800][363784.432s] GC(1441)   Merge Heap Roots: 0.1ms
[2024-04-13T02:58:47.916+0800][363784.432s] GC(1441)   Evacuate Collection Set: 1.6ms
[2024-04-13T02:58:47.916+0800][363784.432s] GC(1441)   Post Evacuate Collection Set: 0.6ms
[2024-04-13T02:58:47.916+0800][363784.432s] GC(1441)   Other: 0.1ms
[2024-04-13T02:58:47.916+0800][363784.432s] GC(1441) Eden regions: 305->0(304)
[2024-04-13T02:58:47.916+0800][363784.432s] GC(1441) Survivor regions: 2->3(39)
[2024-04-13T02:58:47.916+0800][363784.432s] GC(1441) Old regions: 72->72
[2024-04-13T02:58:47.916+0800][363784.432s] GC(1441) Humongous regions: 4->4
[2024-04-13T02:58:47.916+0800][363784.432s] GC(1441) Metaspace: 69652K(70272K)->69652K(70272K) NonClass: 61909K(62272K)->61909K(62272K) Class: 7743K(8000K)->7743K(8000K)
[2024-04-13T02:58:47.916+0800][363784.432s] GC(1441) Pause Young (Normal) (G1 Evacuation Pause) 382M->77M(512M) 2.797ms
[2024-04-13T02:58:47.916+0800][363784.432s] GC(1441) User=0.00s Sys=0.00s Real=0.00s
[2024-04-13T02:58:49.158+0800][363785.674s] GC(1442) Pause Young (Normal) (G1 Evacuation Pause)
[2024-04-13T02:58:49.158+0800][363785.674s] GC(1442) Using 13 workers of 13 for evacuation
[2024-04-13T02:58:49.160+0800][363785.677s] GC(1442)   Pre Evacuate Collection Set: 0.2ms
[2024-04-13T02:58:49.161+0800][363785.677s] GC(1442)   Merge Heap Roots: 0.2ms
[2024-04-13T02:58:49.161+0800][363785.677s] GC(1442)   Evacuate Collection Set: 1.7ms
[2024-04-13T02:58:49.161+0800][363785.677s] GC(1442)   Post Evacuate Collection Set: 0.7ms
[2024-04-13T02:58:49.161+0800][363785.677s] GC(1442)   Other: 0.1ms
[2024-04-13T02:58:49.161+0800][363785.677s] GC(1442) Eden regions: 304->0(305)
[2024-04-13T02:58:49.161+0800][363785.677s] GC(1442) Survivor regions: 3->2(39)
[2024-04-13T02:58:49.161+0800][363785.677s] GC(1442) Old regions: 72->72
[2024-04-13T02:58:49.161+0800][363785.677s] GC(1442) Humongous regions: 4->4
[2024-04-13T02:58:49.161+0800][363785.677s] GC(1442) Metaspace: 69652K(70272K)->69652K(70272K) NonClass: 61909K(62272K)->61909K(62272K) Class: 7743K(8000K)->7743K(8000K)
[2024-04-13T02:58:49.161+0800][363785.677s] GC(1442) Pause Young (Normal) (G1 Evacuation Pause) 381M->77M(512M) 3.044ms
[2024-04-13T02:58:49.161+0800][363785.677s] GC(1442) User=0.05s Sys=0.00s Real=0.00s
[2024-04-13T02:58:50.343+0800][363786.859s] GC(1443) Pause Young (Normal) (G1 Evacuation Pause)
[2024-04-13T02:58:50.343+0800][363786.860s] GC(1443) Using 13 workers of 13 for evacuation
[2024-04-13T02:58:50.346+0800][363786.863s] GC(1443)   Pre Evacuate Collection Set: 0.2ms
[2024-04-13T02:58:50.346+0800][363786.863s] GC(1443)   Merge Heap Roots: 0.1ms
[2024-04-13T02:58:50.346+0800][363786.863s] GC(1443)   Evacuate Collection Set: 1.9ms
[2024-04-13T02:58:50.346+0800][363786.863s] GC(1443)   Post Evacuate Collection Set: 0.7ms
[2024-04-13T02:58:50.346+0800][363786.863s] GC(1443)   Other: 0.1ms
[2024-04-13T02:58:50.346+0800][363786.863s] GC(1443) Eden regions: 305->0(304)
[2024-04-13T02:58:50.346+0800][363786.863s] GC(1443) Survivor regions: 2->3(39)
[2024-04-13T02:58:50.346+0800][363786.863s] GC(1443) Old regions: 72->72
[2024-04-13T02:58:50.346+0800][363786.863s] GC(1443) Humongous regions: 4->4
[2024-04-13T02:58:50.346+0800][363786.863s] GC(1443) Metaspace: 69652K(70272K)->69652K(70272K) NonClass: 61909K(62272K)->61909K(62272K) Class: 7743K(8000K)->7743K(8000K)
[2024-04-13T02:58:50.346+0800][363786.863s] GC(1443) Pause Young (Normal) (G1 Evacuation Pause) 382M->77M(512M) 3.343ms
[2024-04-13T02:58:50.346+0800][363786.863s] GC(1443) User=0.00s Sys=0.00s Real=0.00s
[2024-04-13T02:58:51.547+0800][363788.063s] GC(1444) Pause Young (Normal) (G1 Evacuation Pause)
[2024-04-13T02:58:51.547+0800][363788.063s] GC(1444) Using 13 workers of 13 for evacuation
[2024-04-13T02:58:51.550+0800][363788.066s] GC(1444)   Pre Evacuate Collection Set: 0.3ms
[2024-04-13T02:58:51.550+0800][363788.066s] GC(1444)   Merge Heap Roots: 0.2ms
[2024-04-13T02:58:51.550+0800][363788.066s] GC(1444)   Evacuate Collection Set: 1.4ms
[2024-04-13T02:58:51.550+0800][363788.066s] GC(1444)   Post Evacuate Collection Set: 0.6ms
[2024-04-13T02:58:51.550+0800][363788.066s] GC(1444)   Other: 0.1ms
[2024-04-13T02:58:51.550+0800][363788.066s] GC(1444) Eden regions: 304->0(305)
[2024-04-13T02:58:51.550+0800][363788.066s] GC(1444) Survivor regions: 3->2(39)
[2024-04-13T02:58:51.550+0800][363788.066s] GC(1444) Old regions: 72->72
[2024-04-13T02:58:51.550+0800][363788.066s] GC(1444) Humongous regions: 4->4
[2024-04-13T02:58:51.550+0800][363788.066s] GC(1444) Metaspace: 69652K(70272K)->69652K(70272K) NonClass: 61909K(62272K)->61909K(62272K) Class: 7743K(8000K)->7743K(8000K)
[2024-04-13T02:58:51.550+0800][363788.066s] GC(1444) Pause Young (Normal) (G1 Evacuation Pause) 381M->76M(512M) 2.721ms
[2024-04-13T02:58:51.550+0800][363788.066s] GC(1444) User=0.20s Sys=0.00s Real=0.00s
[2024-04-13T02:58:52.765+0800][363789.281s] GC(1445) Pause Young (Normal) (G1 Evacuation Pause)
[2024-04-13T02:58:52.765+0800][363789.281s] GC(1445) Using 13 workers of 13 for evacuation
[2024-04-13T02:58:52.768+0800][363789.284s] GC(1445)   Pre Evacuate Collection Set: 0.2ms
[2024-04-13T02:58:52.768+0800][363789.284s] GC(1445)   Merge Heap Roots: 0.1ms
[2024-04-13T02:58:52.768+0800][363789.284s] GC(1445)   Evacuate Collection Set: 1.6ms
[2024-04-13T02:58:52.768+0800][363789.284s] GC(1445)   Post Evacuate Collection Set: 0.7ms
[2024-04-13T02:58:52.768+0800][363789.284s] GC(1445)   Other: 0.1ms
[2024-04-13T02:58:52.768+0800][363789.284s] GC(1445) Eden regions: 305->0(305)
[2024-04-13T02:58:52.768+0800][363789.284s] GC(1445) Survivor regions: 2->2(39)
[2024-04-13T02:58:52.768+0800][363789.284s] GC(1445) Old regions: 72->72
[2024-04-13T02:58:52.768+0800][363789.284s] GC(1445) Humongous regions: 4->4
[2024-04-13T02:58:52.768+0800][363789.284s] GC(1445) Metaspace: 69652K(70272K)->69652K(70272K) NonClass: 61909K(62272K)->61909K(62272K) Class: 7743K(8000K)->7743K(8000K)
[2024-04-13T02:58:52.768+0800][363789.284s] GC(1445) Pause Young (Normal) (G1 Evacuation Pause) 381M->77M(512M) 2.816ms
[2024-04-13T02:58:52.768+0800][363789.284s] GC(1445) User=0.00s Sys=0.00s Real=0.00s
[2024-04-13T02:58:53.986+0800][363790.502s] GC(1446) Pause Young (Normal) (G1 Evacuation Pause)
[2024-04-13T02:58:53.986+0800][363790.502s] GC(1446) Using 13 workers of 13 for evacuation
[2024-04-13T02:58:53.988+0800][363790.504s] GC(1446)   Pre Evacuate Collection Set: 0.2ms
[2024-04-13T02:58:53.988+0800][363790.504s] GC(1446)   Merge Heap Roots: 0.1ms
[2024-04-13T02:58:53.988+0800][363790.504s] GC(1446)   Evacuate Collection Set: 1.5ms
[2024-04-13T02:58:53.988+0800][363790.504s] GC(1446)   Post Evacuate Collection Set: 0.6ms
[2024-04-13T02:58:53.988+0800][363790.504s] GC(1446)   Other: 0.1ms
[2024-04-13T02:58:53.988+0800][363790.504s] GC(1446) Eden regions: 305->0(305)
[2024-04-13T02:58:53.988+0800][363790.504s] GC(1446) Survivor regions: 2->2(39)
[2024-04-13T02:58:53.988+0800][363790.504s] GC(1446) Old regions: 72->72
[2024-04-13T02:58:53.988+0800][363790.504s] GC(1446) Humongous regions: 4->4
[2024-04-13T02:58:53.988+0800][363790.504s] GC(1446) Metaspace: 69652K(70272K)->69652K(70272K) NonClass: 61909K(62272K)->61909K(62272K) Class: 7743K(8000K)->7743K(8000K)
[2024-04-13T02:58:53.988+0800][363790.504s] GC(1446) Pause Young (Normal) (G1 Evacuation Pause) 382M->77M(512M) 2.788ms
[2024-04-13T02:58:53.988+0800][363790.504s] GC(1446) User=0.00s Sys=0.00s Real=0.00s
[2024-04-13T02:58:55.228+0800][363791.743s] GC(1447) Pause Young (Normal) (G1 Evacuation Pause)
[2024-04-13T02:58:55.228+0800][363791.743s] GC(1447) Using 13 workers of 13 for evacuation
[2024-04-13T02:58:55.230+0800][363791.746s] GC(1447)   Pre Evacuate Collection Set: 0.2ms
[2024-04-13T02:58:55.230+0800][363791.746s] GC(1447)   Merge Heap Roots: 0.1ms
[2024-04-13T02:58:55.230+0800][363791.746s] GC(1447)   Evacuate Collection Set: 1.4ms
[2024-04-13T02:58:55.230+0800][363791.746s] GC(1447)   Post Evacuate Collection Set: 0.6ms
[2024-04-13T02:58:55.230+0800][363791.746s] GC(1447)   Other: 0.1ms
[2024-04-13T02:58:55.230+0800][363791.746s] GC(1447) Eden regions: 305->0(305)
[2024-04-13T02:58:55.230+0800][363791.746s] GC(1447) Survivor regions: 2->2(39)
[2024-04-13T02:58:55.230+0800][363791.746s] GC(1447) Old regions: 72->72
[2024-04-13T02:58:55.230+0800][363791.746s] GC(1447) Humongous regions: 4->4
[2024-04-13T02:58:55.230+0800][363791.746s] GC(1447) Metaspace: 69652K(70272K)->69652K(70272K) NonClass: 61909K(62272K)->61909K(62272K) Class: 7743K(8000K)->7743K(8000K)
[2024-04-13T02:58:55.230+0800][363791.746s] GC(1447) Pause Young (Normal) (G1 Evacuation Pause) 382M->77M(512M) 2.511ms
[2024-04-13T02:58:55.230+0800][363791.746s] GC(1447) User=0.00s Sys=0.00s Real=0.00s
[2024-04-13T02:58:56.462+0800][363792.978s] GC(1448) Pause Young (Normal) (G1 Evacuation Pause)
[2024-04-13T02:58:56.462+0800][363792.978s] GC(1448) Using 13 workers of 13 for evacuation
[2024-04-13T02:58:56.464+0800][363792.980s] GC(1448)   Pre Evacuate Collection Set: 0.2ms
[2024-04-13T02:58:56.464+0800][363792.980s] GC(1448)   Merge Heap Roots: 0.1ms
[2024-04-13T02:58:56.464+0800][363792.980s] GC(1448)   Evacuate Collection Set: 1.3ms
[2024-04-13T02:58:56.464+0800][363792.980s] GC(1448)   Post Evacuate Collection Set: 0.5ms
[2024-04-13T02:58:56.464+0800][363792.980s] GC(1448)   Other: 0.1ms
[2024-04-13T02:58:56.464+0800][363792.980s] GC(1448) Eden regions: 305->0(305)
[2024-04-13T02:58:56.464+0800][363792.980s] GC(1448) Survivor regions: 2->2(39)
[2024-04-13T02:58:56.464+0800][363792.980s] GC(1448) Old regions: 72->72
[2024-04-13T02:58:56.464+0800][363792.980s] GC(1448) Humongous regions: 4->4
[2024-04-13T02:58:56.464+0800][363792.980s] GC(1448) Metaspace: 69652K(70272K)->69652K(70272K) NonClass: 61909K(62272K)->61909K(62272K) Class: 7743K(8000K)->7743K(8000K)
[2024-04-13T02:58:56.464+0800][363792.980s] GC(1448) Pause Young (Normal) (G1 Evacuation Pause) 382M->77M(512M) 2.387ms
[2024-04-13T02:58:56.464+0800][363792.980s] GC(1448) User=0.00s Sys=0.00s Real=0.00s
[2024-04-13T02:58:57.712+0800][363794.227s] GC(1449) Pause Young (Normal) (G1 Evacuation Pause)
[2024-04-13T02:58:57.712+0800][363794.227s] GC(1449) Using 13 workers of 13 for evacuation
[2024-04-13T02:58:57.714+0800][363794.230s] GC(1449)   Pre Evacuate Collection Set: 0.2ms
[2024-04-13T02:58:57.714+0800][363794.230s] GC(1449)   Merge Heap Roots: 0.1ms
[2024-04-13T02:58:57.714+0800][363794.230s] GC(1449)   Evacuate Collection Set: 1.4ms
[2024-04-13T02:58:57.714+0800][363794.230s] GC(1449)   Post Evacuate Collection Set: 0.5ms
[2024-04-13T02:58:57.714+0800][363794.230s] GC(1449)   Other: 0.1ms
[2024-04-13T02:58:57.714+0800][363794.230s] GC(1449) Eden regions: 305->0(305)
[2024-04-13T02:58:57.714+0800][363794.230s] GC(1449) Survivor regions: 2->2(39)
[2024-04-13T02:58:57.714+0800][363794.230s] GC(1449) Old regions: 72->72
[2024-04-13T02:58:57.714+0800][363794.230s] GC(1449) Humongous regions: 4->4
[2024-04-13T02:58:57.714+0800][363794.230s] GC(1449) Metaspace: 69652K(70272K)->69652K(70272K) NonClass: 61909K(62272K)->61909K(62272K) Class: 7743K(8000K)->7743K(8000K)
[2024-04-13T02:58:57.714+0800][363794.230s] GC(1449) Pause Young (Normal) (G1 Evacuation Pause) 382M->77M(512M) 2.436ms
[2024-04-13T02:58:57.714+0800][363794.230s] GC(1449) User=0.00s Sys=0.00s Real=0.00s
[2024-04-13T02:58:58.919+0800][363795.435s] GC(1450) Pause Young (Normal) (G1 Evacuation Pause)
[2024-04-13T02:58:58.919+0800][363795.435s] GC(1450) Using 13 workers of 13 for evacuation
[2024-04-13T02:58:58.921+0800][363795.437s] GC(1450)   Pre Evacuate Collection Set: 0.1ms
[2024-04-13T02:58:58.921+0800][363795.437s] GC(1450)   Merge Heap Roots: 0.0ms
[2024-04-13T02:58:58.921+0800][363795.437s] GC(1450)   Evacuate Collection Set: 1.2ms
[2024-04-13T02:58:58.921+0800][363795.437s] GC(1450)   Post Evacuate Collection Set: 0.4ms
[2024-04-13T02:58:58.921+0800][363795.437s] GC(1450)   Other: 0.1ms
[2024-04-13T02:58:58.921+0800][363795.437s] GC(1450) Eden regions: 305->0(305)
[2024-04-13T02:58:58.921+0800][363795.437s] GC(1450) Survivor regions: 2->2(39)
[2024-04-13T02:58:58.921+0800][363795.437s] GC(1450) Old regions: 72->72
[2024-04-13T02:58:58.921+0800][363795.437s] GC(1450) Humongous regions: 4->4
[2024-04-13T02:58:58.921+0800][363795.437s] GC(1450) Metaspace: 69652K(70272K)->69652K(70272K) NonClass: 61909K(62272K)->61909K(62272K) Class: 7743K(8000K)->7743K(8000K)
[2024-04-13T02:58:58.921+0800][363795.437s] GC(1450) Pause Young (Normal) (G1 Evacuation Pause) 382M->77M(512M) 2.116ms
[2024-04-13T02:58:58.921+0800][363795.437s] GC(1450) User=0.00s Sys=0.00s Real=0.00s
[2024-04-13T02:59:00.090+0800][363796.606s] GC(1451) Pause Young (Normal) (G1 Evacuation Pause)
[2024-04-13T02:59:00.090+0800][363796.606s] GC(1451) Using 13 workers of 13 for evacuation
[2024-04-13T02:59:00.092+0800][363796.608s] GC(1451)   Pre Evacuate Collection Set: 0.1ms
[2024-04-13T02:59:00.092+0800][363796.608s] GC(1451)   Merge Heap Roots: 0.1ms
[2024-04-13T02:59:00.092+0800][363796.608s] GC(1451)   Evacuate Collection Set: 0.9ms
[2024-04-13T02:59:00.092+0800][363796.608s] GC(1451)   Post Evacuate Collection Set: 0.4ms
[2024-04-13T02:59:00.092+0800][363796.608s] GC(1451)   Other: 0.1ms
[2024-04-13T02:59:00.092+0800][363796.608s] GC(1451) Eden regions: 305->0(305)
[2024-04-13T02:59:00.092+0800][363796.608s] GC(1451) Survivor regions: 2->2(39)
[2024-04-13T02:59:00.092+0800][363796.608s] GC(1451) Old regions: 72->72
[2024-04-13T02:59:00.092+0800][363796.608s] GC(1451) Humongous regions: 4->4
[2024-04-13T02:59:00.092+0800][363796.608s] GC(1451) Metaspace: 69652K(70272K)->69652K(70272K) NonClass: 61909K(62272K)->61909K(62272K) Class: 7743K(8000K)->7743K(8000K)
[2024-04-13T02:59:00.092+0800][363796.608s] GC(1451) Pause Young (Normal) (G1 Evacuation Pause) 382M->77M(512M) 1.760ms
[2024-04-13T02:59:00.092+0800][363796.608s] GC(1451) User=0.00s Sys=0.00s Real=0.00s
[2024-04-13T02:59:01.426+0800][363797.942s] GC(1452) Pause Young (Normal) (G1 Evacuation Pause)
[2024-04-13T02:59:01.426+0800][363797.942s] GC(1452) Using 13 workers of 13 for evacuation
[2024-04-13T02:59:01.429+0800][363797.945s] GC(1452)   Pre Evacuate Collection Set: 0.2ms
[2024-04-13T02:59:01.429+0800][363797.945s] GC(1452)   Merge Heap Roots: 0.1ms
[2024-04-13T02:59:01.429+0800][363797.945s] GC(1452)   Evacuate Collection Set: 1.7ms
[2024-04-13T02:59:01.429+0800][363797.945s] GC(1452)   Post Evacuate Collection Set: 0.5ms
[2024-04-13T02:59:01.429+0800][363797.945s] GC(1452)   Other: 0.1ms
[2024-04-13T02:59:01.429+0800][363797.945s] GC(1452) Eden regions: 305->0(305)
[2024-04-13T02:59:01.429+0800][363797.945s] GC(1452) Survivor regions: 2->2(39)
[2024-04-13T02:59:01.429+0800][363797.945s] GC(1452) Old regions: 72->72
[2024-04-13T02:59:01.429+0800][363797.945s] GC(1452) Humongous regions: 4->4
[2024-04-13T02:59:01.429+0800][363797.945s] GC(1452) Metaspace: 69652K(70272K)->69652K(70272K) NonClass: 61909K(62272K)->61909K(62272K) Class: 7743K(8000K)->7743K(8000K)
[2024-04-13T02:59:01.429+0800][363797.945s] GC(1452) Pause Young (Normal) (G1 Evacuation Pause) 382M->77M(512M) 2.747ms
[2024-04-13T02:59:01.429+0800][363797.945s] GC(1452) User=0.00s Sys=0.00s Real=0.00s
[2024-04-13T02:59:02.670+0800][363799.186s] GC(1453) Pause Young (Normal) (G1 Evacuation Pause)
[2024-04-13T02:59:02.670+0800][363799.186s] GC(1453) Using 13 workers of 13 for evacuation
[2024-04-13T02:59:02.673+0800][363799.189s] GC(1453)   Pre Evacuate Collection Set: 0.2ms
[2024-04-13T02:59:02.673+0800][363799.189s] GC(1453)   Merge Heap Roots: 0.1ms
[2024-04-13T02:59:02.673+0800][363799.189s] GC(1453)   Evacuate Collection Set: 1.4ms
[2024-04-13T02:59:02.673+0800][363799.189s] GC(1453)   Post Evacuate Collection Set: 0.5ms
[2024-04-13T02:59:02.673+0800][363799.189s] GC(1453)   Other: 0.1ms
[2024-04-13T02:59:02.673+0800][363799.189s] GC(1453) Eden regions: 305->0(305)
[2024-04-13T02:59:02.673+0800][363799.189s] GC(1453) Survivor regions: 2->2(39)
[2024-04-13T02:59:02.673+0800][363799.189s] GC(1453) Old regions: 72->73
[2024-04-13T02:59:02.673+0800][363799.189s] GC(1453) Humongous regions: 4->4
[2024-04-13T02:59:02.673+0800][363799.189s] GC(1453) Metaspace: 69652K(70272K)->69652K(70272K) NonClass: 61909K(62272K)->61909K(62272K) Class: 7743K(8000K)->7743K(8000K)
[2024-04-13T02:59:02.673+0800][363799.189s] GC(1453) Pause Young (Normal) (G1 Evacuation Pause) 382M->77M(512M) 2.552ms
[2024-04-13T02:59:02.673+0800][363799.189s] GC(1453) User=0.00s Sys=0.00s Real=0.00s
[2024-04-13T02:59:03.954+0800][363800.470s] GC(1454) Pause Young (Normal) (G1 Evacuation Pause)
[2024-04-13T02:59:03.954+0800][363800.470s] GC(1454) Using 13 workers of 13 for evacuation
[2024-04-13T02:59:03.957+0800][363800.473s] GC(1454)   Pre Evacuate Collection Set: 0.3ms
[2024-04-13T02:59:03.957+0800][363800.473s] GC(1454)   Merge Heap Roots: 0.1ms
[2024-04-13T02:59:03.957+0800][363800.473s] GC(1454)   Evacuate Collection Set: 1.4ms
[2024-04-13T02:59:03.957+0800][363800.473s] GC(1454)   Post Evacuate Collection Set: 0.6ms
[2024-04-13T02:59:03.957+0800][363800.473s] GC(1454)   Other: 0.1ms
[2024-04-13T02:59:03.957+0800][363800.473s] GC(1454) Eden regions: 305->0(305)
[2024-04-13T02:59:03.957+0800][363800.473s] GC(1454) Survivor regions: 2->2(39)
[2024-04-13T02:59:03.957+0800][363800.473s] GC(1454) Old regions: 73->73
[2024-04-13T02:59:03.957+0800][363800.473s] GC(1454) Humongous regions: 4->4
[2024-04-13T02:59:03.957+0800][363800.473s] GC(1454) Metaspace: 69652K(70272K)->69652K(70272K) NonClass: 61909K(62272K)->61909K(62272K) Class: 7743K(8000K)->7743K(8000K)
[2024-04-13T02:59:03.957+0800][363800.473s] GC(1454) Pause Young (Normal) (G1 Evacuation Pause) 382M->77M(512M) 2.659ms
[2024-04-13T02:59:03.957+0800][363800.473s] GC(1454) User=0.00s Sys=0.02s Real=0.00s
[2024-04-13T02:59:05.251+0800][363801.768s] GC(1455) Pause Young (Normal) (G1 Evacuation Pause)
[2024-04-13T02:59:05.252+0800][363801.768s] GC(1455) Using 13 workers of 13 for evacuation
[2024-04-13T02:59:05.254+0800][363801.771s] GC(1455)   Pre Evacuate Collection Set: 0.2ms
[2024-04-13T02:59:05.254+0800][363801.771s] GC(1455)   Merge Heap Roots: 0.1ms
[2024-04-13T02:59:05.254+0800][363801.771s] GC(1455)   Evacuate Collection Set: 1.7ms
[2024-04-13T02:59:05.254+0800][363801.771s] GC(1455)   Post Evacuate Collection Set: 0.8ms
[2024-04-13T02:59:05.255+0800][363801.771s] GC(1455)   Other: 0.1ms
[2024-04-13T02:59:05.255+0800][363801.771s] GC(1455) Eden regions: 305->0(305)
[2024-04-13T02:59:05.255+0800][363801.771s] GC(1455) Survivor regions: 2->2(39)
[2024-04-13T02:59:05.255+0800][363801.771s] GC(1455) Old regions: 73->73
[2024-04-13T02:59:05.255+0800][363801.771s] GC(1455) Humongous regions: 4->4
[2024-04-13T02:59:05.255+0800][363801.771s] GC(1455) Metaspace: 69652K(70272K)->69652K(70272K) NonClass: 61909K(62272K)->61909K(62272K) Class: 7743K(8000K)->7743K(8000K)
[2024-04-13T02:59:05.255+0800][363801.771s] GC(1455) Pause Young (Normal) (G1 Evacuation Pause) 382M->77M(512M) 3.201ms
[2024-04-13T02:59:05.255+0800][363801.771s] GC(1455) User=0.20s Sys=0.00s Real=0.00s
[2024-04-13T02:59:06.363+0800][363802.879s] GC(1456) Pause Young (Normal) (G1 Evacuation Pause)
[2024-04-13T02:59:06.363+0800][363802.879s] GC(1456) Using 13 workers of 13 for evacuation
[2024-04-13T02:59:06.365+0800][363802.881s] GC(1456)   Pre Evacuate Collection Set: 0.2ms
[2024-04-13T02:59:06.365+0800][363802.881s] GC(1456)   Merge Heap Roots: 0.2ms
[2024-04-13T02:59:06.365+0800][363802.881s] GC(1456)   Evacuate Collection Set: 1.3ms
[2024-04-13T02:59:06.365+0800][363802.881s] GC(1456)   Post Evacuate Collection Set: 0.8ms
[2024-04-13T02:59:06.365+0800][363802.881s] GC(1456)   Other: 0.1ms
[2024-04-13T02:59:06.365+0800][363802.881s] GC(1456) Eden regions: 305->0(304)
[2024-04-13T02:59:06.365+0800][363802.881s] GC(1456) Survivor regions: 2->3(39)
[2024-04-13T02:59:06.365+0800][363802.881s] GC(1456) Old regions: 73->73
[2024-04-13T02:59:06.365+0800][363802.881s] GC(1456) Humongous regions: 4->4
[2024-04-13T02:59:06.365+0800][363802.881s] GC(1456) Metaspace: 69652K(70272K)->69652K(70272K) NonClass: 61909K(62272K)->61909K(62272K) Class: 7743K(8000K)->7743K(8000K)
[2024-04-13T02:59:06.365+0800][363802.881s] GC(1456) Pause Young (Normal) (G1 Evacuation Pause) 382M->78M(512M) 2.765ms
[2024-04-13T02:59:06.366+0800][363802.881s] GC(1456) User=0.00s Sys=0.00s Real=0.00s
[2024-04-13T02:59:07.587+0800][363804.103s] GC(1457) Pause Young (Normal) (G1 Evacuation Pause)
[2024-04-13T02:59:07.587+0800][363804.103s] GC(1457) Using 13 workers of 13 for evacuation
[2024-04-13T02:59:07.589+0800][363804.106s] GC(1457)   Pre Evacuate Collection Set: 0.2ms
[2024-04-13T02:59:07.589+0800][363804.106s] GC(1457)   Merge Heap Roots: 0.1ms
[2024-04-13T02:59:07.589+0800][363804.106s] GC(1457)   Evacuate Collection Set: 1.4ms
[2024-04-13T02:59:07.589+0800][363804.106s] GC(1457)   Post Evacuate Collection Set: 0.5ms
[2024-04-13T02:59:07.589+0800][363804.106s] GC(1457)   Other: 0.1ms
[2024-04-13T02:59:07.589+0800][363804.106s] GC(1457) Eden regions: 304->0(304)
[2024-04-13T02:59:07.589+0800][363804.106s] GC(1457) Survivor regions: 3->3(39)
[2024-04-13T02:59:07.589+0800][363804.106s] GC(1457) Old regions: 73->73
[2024-04-13T02:59:07.589+0800][363804.106s] GC(1457) Humongous regions: 4->4
[2024-04-13T02:59:07.589+0800][363804.106s] GC(1457) Metaspace: 69652K(70272K)->69652K(70272K) NonClass: 61909K(62272K)->61909K(62272K) Class: 7743K(8000K)->7743K(8000K)
[2024-04-13T02:59:07.590+0800][363804.106s] GC(1457) Pause Young (Normal) (G1 Evacuation Pause) 382M->78M(512M) 2.518ms
[2024-04-13T02:59:07.590+0800][363804.106s] GC(1457) User=0.00s Sys=0.00s Real=0.00s
[2024-04-13T02:59:08.828+0800][363805.344s] GC(1458) Pause Young (Normal) (G1 Evacuation Pause)
[2024-04-13T02:59:08.828+0800][363805.344s] GC(1458) Using 13 workers of 13 for evacuation
[2024-04-13T02:59:08.830+0800][363805.346s] GC(1458)   Pre Evacuate Collection Set: 0.2ms
[2024-04-13T02:59:08.830+0800][363805.346s] GC(1458)   Merge Heap Roots: 0.1ms
[2024-04-13T02:59:08.830+0800][363805.346s] GC(1458)   Evacuate Collection Set: 1.3ms
[2024-04-13T02:59:08.830+0800][363805.346s] GC(1458)   Post Evacuate Collection Set: 0.6ms
[2024-04-13T02:59:08.830+0800][363805.346s] GC(1458)   Other: 0.1ms
[2024-04-13T02:59:08.830+0800][363805.346s] GC(1458) Eden regions: 304->0(305)
[2024-04-13T02:59:08.830+0800][363805.346s] GC(1458) Survivor regions: 3->2(39)
[2024-04-13T02:59:08.830+0800][363805.346s] GC(1458) Old regions: 73->73
[2024-04-13T02:59:08.830+0800][363805.346s] GC(1458) Humongous regions: 4->4
[2024-04-13T02:59:08.830+0800][363805.346s] GC(1458) Metaspace: 69652K(70272K)->69652K(70272K) NonClass: 61909K(62272K)->61909K(62272K) Class: 7743K(8000K)->7743K(8000K)
[2024-04-13T02:59:08.830+0800][363805.346s] GC(1458) Pause Young (Normal) (G1 Evacuation Pause) 382M->78M(512M) 2.431ms
[2024-04-13T02:59:08.830+0800][363805.346s] GC(1458) User=0.00s Sys=0.00s Real=0.00s
[2024-04-13T02:59:10.028+0800][363806.544s] GC(1459) Pause Young (Normal) (G1 Evacuation Pause)
[2024-04-13T02:59:10.028+0800][363806.544s] GC(1459) Using 13 workers of 13 for evacuation
[2024-04-13T02:59:10.031+0800][363806.546s] GC(1459)   Pre Evacuate Collection Set: 0.2ms
[2024-04-13T02:59:10.031+0800][363806.546s] GC(1459)   Merge Heap Roots: 0.1ms
[2024-04-13T02:59:10.031+0800][363806.546s] GC(1459)   Evacuate Collection Set: 1.3ms
[2024-04-13T02:59:10.031+0800][363806.546s] GC(1459)   Post Evacuate Collection Set: 0.6ms
[2024-04-13T02:59:10.031+0800][363806.546s] GC(1459)   Other: 0.1ms
[2024-04-13T02:59:10.031+0800][363806.546s] GC(1459) Eden regions: 305->0(304)
[2024-04-13T02:59:10.031+0800][363806.546s] GC(1459) Survivor regions: 2->3(39)
[2024-04-13T02:59:10.031+0800][363806.546s] GC(1459) Old regions: 73->73
[2024-04-13T02:59:10.031+0800][363806.546s] GC(1459) Humongous regions: 4->4
[2024-04-13T02:59:10.031+0800][363806.546s] GC(1459) Metaspace: 69652K(70272K)->69652K(70272K) NonClass: 61909K(62272K)->61909K(62272K) Class: 7743K(8000K)->7743K(8000K)
[2024-04-13T02:59:10.031+0800][363806.546s] GC(1459) Pause Young (Normal) (G1 Evacuation Pause) 383M->78M(512M) 2.461ms
[2024-04-13T02:59:10.031+0800][363806.547s] GC(1459) User=0.00s Sys=0.00s Real=0.00s
[2024-04-13T02:59:11.215+0800][363807.731s] GC(1460) Pause Young (Normal) (G1 Evacuation Pause)
[2024-04-13T02:59:11.215+0800][363807.731s] GC(1460) Using 13 workers of 13 for evacuation
[2024-04-13T02:59:11.218+0800][363807.734s] GC(1460)   Pre Evacuate Collection Set: 0.2ms
[2024-04-13T02:59:11.218+0800][363807.734s] GC(1460)   Merge Heap Roots: 0.2ms
[2024-04-13T02:59:11.218+0800][363807.734s] GC(1460)   Evacuate Collection Set: 1.4ms
[2024-04-13T02:59:11.218+0800][363807.734s] GC(1460)   Post Evacuate Collection Set: 0.6ms
[2024-04-13T02:59:11.218+0800][363807.734s] GC(1460)   Other: 0.1ms
[2024-04-13T02:59:11.218+0800][363807.734s] GC(1460) Eden regions: 304->0(305)
[2024-04-13T02:59:11.218+0800][363807.734s] GC(1460) Survivor regions: 3->2(39)
[2024-04-13T02:59:11.218+0800][363807.734s] GC(1460) Old regions: 73->73
[2024-04-13T02:59:11.218+0800][363807.734s] GC(1460) Humongous regions: 4->4
[2024-04-13T02:59:11.218+0800][363807.734s] GC(1460) Metaspace: 69652K(70272K)->69652K(70272K) NonClass: 61909K(62272K)->61909K(62272K) Class: 7743K(8000K)->7743K(8000K)
[2024-04-13T02:59:11.218+0800][363807.734s] GC(1460) Pause Young (Normal) (G1 Evacuation Pause) 382M->77M(512M) 2.603ms
[2024-04-13T02:59:11.218+0800][363807.734s] GC(1460) User=0.00s Sys=0.00s Real=0.00s
[2024-04-13T02:59:12.430+0800][363808.947s] GC(1461) Pause Young (Normal) (G1 Evacuation Pause)
[2024-04-13T02:59:12.430+0800][363808.947s] GC(1461) Using 13 workers of 13 for evacuation
[2024-04-13T02:59:12.433+0800][363808.949s] GC(1461)   Pre Evacuate Collection Set: 0.2ms
[2024-04-13T02:59:12.433+0800][363808.949s] GC(1461)   Merge Heap Roots: 0.1ms
[2024-04-13T02:59:12.433+0800][363808.949s] GC(1461)   Evacuate Collection Set: 1.9ms
[2024-04-13T02:59:12.433+0800][363808.949s] GC(1461)   Post Evacuate Collection Set: 0.5ms
[2024-04-13T02:59:12.433+0800][363808.949s] GC(1461)   Other: 0.1ms
[2024-04-13T02:59:12.433+0800][363808.949s] GC(1461) Eden regions: 305->0(305)
[2024-04-13T02:59:12.433+0800][363808.949s] GC(1461) Survivor regions: 2->2(39)
[2024-04-13T02:59:12.433+0800][363808.949s] GC(1461) Old regions: 73->73
[2024-04-13T02:59:12.433+0800][363808.949s] GC(1461) Humongous regions: 4->4
[2024-04-13T02:59:12.433+0800][363808.949s] GC(1461) Metaspace: 69652K(70272K)->69652K(70272K) NonClass: 61909K(62272K)->61909K(62272K) Class: 7743K(8000K)->7743K(8000K)
[2024-04-13T02:59:12.433+0800][363808.950s] GC(1461) Pause Young (Normal) (G1 Evacuation Pause) 382M->77M(512M) 2.928ms
[2024-04-13T02:59:12.433+0800][363808.950s] GC(1461) User=0.00s Sys=0.00s Real=0.00s
[2024-04-13T02:59:13.646+0800][363810.162s] GC(1462) Pause Young (Normal) (G1 Evacuation Pause)
[2024-04-13T02:59:13.646+0800][363810.162s] GC(1462) Using 13 workers of 13 for evacuation
[2024-04-13T02:59:13.649+0800][363810.165s] GC(1462)   Pre Evacuate Collection Set: 0.2ms
[2024-04-13T02:59:13.649+0800][363810.165s] GC(1462)   Merge Heap Roots: 0.1ms
[2024-04-13T02:59:13.649+0800][363810.165s] GC(1462)   Evacuate Collection Set: 1.4ms
[2024-04-13T02:59:13.649+0800][363810.165s] GC(1462)   Post Evacuate Collection Set: 0.5ms
[2024-04-13T02:59:13.649+0800][363810.165s] GC(1462)   Other: 0.1ms
[2024-04-13T02:59:13.649+0800][363810.165s] GC(1462) Eden regions: 305->0(305)
[2024-04-13T02:59:13.649+0800][363810.165s] GC(1462) Survivor regions: 2->2(39)
[2024-04-13T02:59:13.649+0800][363810.165s] GC(1462) Old regions: 73->73
[2024-04-13T02:59:13.649+0800][363810.165s] GC(1462) Humongous regions: 4->4
[2024-04-13T02:59:13.649+0800][363810.165s] GC(1462) Metaspace: 69652K(70272K)->69652K(70272K) NonClass: 61909K(62272K)->61909K(62272K) Class: 7743K(8000K)->7743K(8000K)
[2024-04-13T02:59:13.649+0800][363810.165s] GC(1462) Pause Young (Normal) (G1 Evacuation Pause) 382M->77M(512M) 2.387ms
[2024-04-13T02:59:13.649+0800][363810.165s] GC(1462) User=0.00s Sys=0.00s Real=0.00s
[2024-04-13T02:59:14.868+0800][363811.384s] GC(1463) Pause Young (Normal) (G1 Evacuation Pause)
[2024-04-13T02:59:14.868+0800][363811.384s] GC(1463) Using 13 workers of 13 for evacuation
[2024-04-13T02:59:14.870+0800][363811.386s] GC(1463)   Pre Evacuate Collection Set: 0.1ms
[2024-04-13T02:59:14.870+0800][363811.386s] GC(1463)   Merge Heap Roots: 0.1ms
[2024-04-13T02:59:14.870+0800][363811.386s] GC(1463)   Evacuate Collection Set: 1.5ms
[2024-04-13T02:59:14.870+0800][363811.386s] GC(1463)   Post Evacuate Collection Set: 0.4ms
[2024-04-13T02:59:14.870+0800][363811.386s] GC(1463)   Other: 0.1ms
[2024-04-13T02:59:14.870+0800][363811.386s] GC(1463) Eden regions: 305->0(305)
[2024-04-13T02:59:14.870+0800][363811.386s] GC(1463) Survivor regions: 2->2(39)
[2024-04-13T02:59:14.870+0800][363811.387s] GC(1463) Old regions: 73->73
[2024-04-13T02:59:14.870+0800][363811.387s] GC(1463) Humongous regions: 4->4
[2024-04-13T02:59:14.870+0800][363811.387s] GC(1463) Metaspace: 69652K(70272K)->69652K(70272K) NonClass: 61909K(62272K)->61909K(62272K) Class: 7743K(8000K)->7743K(8000K)
[2024-04-13T02:59:14.871+0800][363811.387s] GC(1463) Pause Young (Normal) (G1 Evacuation Pause) 382M->77M(512M) 2.455ms
[2024-04-13T02:59:14.871+0800][363811.387s] GC(1463) User=0.00s Sys=0.00s Real=0.00s
[2024-04-13T02:59:16.074+0800][363812.590s] GC(1464) Pause Young (Normal) (G1 Evacuation Pause)
[2024-04-13T02:59:16.074+0800][363812.591s] GC(1464) Using 13 workers of 13 for evacuation
[2024-04-13T02:59:16.077+0800][363812.593s] GC(1464)   Pre Evacuate Collection Set: 0.2ms
[2024-04-13T02:59:16.077+0800][363812.593s] GC(1464)   Merge Heap Roots: 0.1ms
[2024-04-13T02:59:16.077+0800][363812.593s] GC(1464)   Evacuate Collection Set: 1.5ms
[2024-04-13T02:59:16.077+0800][363812.593s] GC(1464)   Post Evacuate Collection Set: 0.5ms
[2024-04-13T02:59:16.077+0800][363812.593s] GC(1464)   Other: 0.1ms
[2024-04-13T02:59:16.077+0800][363812.593s] GC(1464) Eden regions: 305->0(305)
[2024-04-13T02:59:16.077+0800][363812.593s] GC(1464) Survivor regions: 2->2(39)
[2024-04-13T02:59:16.077+0800][363812.593s] GC(1464) Old regions: 73->73
[2024-04-13T02:59:16.077+0800][363812.593s] GC(1464) Humongous regions: 4->4
[2024-04-13T02:59:16.077+0800][363812.593s] GC(1464) Metaspace: 69652K(70272K)->69652K(70272K) NonClass: 61909K(62272K)->61909K(62272K) Class: 7743K(8000K)->7743K(8000K)
[2024-04-13T02:59:16.077+0800][363812.593s] GC(1464) Pause Young (Normal) (G1 Evacuation Pause) 382M->78M(512M) 2.616ms
[2024-04-13T02:59:16.077+0800][363812.593s] GC(1464) User=0.00s Sys=0.00s Real=0.00s
[2024-04-13T02:59:17.279+0800][363813.795s] GC(1465) Pause Young (Normal) (G1 Evacuation Pause)
[2024-04-13T02:59:17.279+0800][363813.795s] GC(1465) Using 13 workers of 13 for evacuation
[2024-04-13T02:59:17.282+0800][363813.798s] GC(1465)   Pre Evacuate Collection Set: 0.2ms
[2024-04-13T02:59:17.282+0800][363813.798s] GC(1465)   Merge Heap Roots: 0.1ms
[2024-04-13T02:59:17.282+0800][363813.798s] GC(1465)   Evacuate Collection Set: 1.6ms
[2024-04-13T02:59:17.282+0800][363813.798s] GC(1465)   Post Evacuate Collection Set: 0.6ms
[2024-04-13T02:59:17.282+0800][363813.798s] GC(1465)   Other: 0.1ms
[2024-04-13T02:59:17.282+0800][363813.798s] GC(1465) Eden regions: 305->0(305)
[2024-04-13T02:59:17.282+0800][363813.798s] GC(1465) Survivor regions: 2->2(39)
[2024-04-13T02:59:17.282+0800][363813.798s] GC(1465) Old regions: 73->73
[2024-04-13T02:59:17.282+0800][363813.798s] GC(1465) Humongous regions: 4->4
[2024-04-13T02:59:17.282+0800][363813.798s] GC(1465) Metaspace: 69652K(70272K)->69652K(70272K) NonClass: 61909K(62272K)->61909K(62272K) Class: 7743K(8000K)->7743K(8000K)
[2024-04-13T02:59:17.282+0800][363813.798s] GC(1465) Pause Young (Normal) (G1 Evacuation Pause) 383M->77M(512M) 2.769ms
[2024-04-13T02:59:17.282+0800][363813.798s] GC(1465) User=0.00s Sys=0.00s Real=0.00s
[2024-04-13T02:59:18.553+0800][363815.069s] GC(1466) Pause Young (Normal) (G1 Evacuation Pause)
[2024-04-13T02:59:18.553+0800][363815.069s] GC(1466) Using 13 workers of 13 for evacuation
[2024-04-13T02:59:18.556+0800][363815.072s] GC(1466)   Pre Evacuate Collection Set: 0.2ms
[2024-04-13T02:59:18.556+0800][363815.072s] GC(1466)   Merge Heap Roots: 0.1ms
[2024-04-13T02:59:18.556+0800][363815.072s] GC(1466)   Evacuate Collection Set: 1.4ms
[2024-04-13T02:59:18.556+0800][363815.072s] GC(1466)   Post Evacuate Collection Set: 0.5ms
[2024-04-13T02:59:18.556+0800][363815.072s] GC(1466)   Other: 0.1ms
[2024-04-13T02:59:18.556+0800][363815.072s] GC(1466) Eden regions: 305->0(304)
[2024-04-13T02:59:18.556+0800][363815.072s] GC(1466) Survivor regions: 2->3(39)
[2024-04-13T02:59:18.556+0800][363815.072s] GC(1466) Old regions: 73->73
[2024-04-13T02:59:18.556+0800][363815.072s] GC(1466) Humongous regions: 4->4
[2024-04-13T02:59:18.556+0800][363815.072s] GC(1466) Metaspace: 69652K(70272K)->69652K(70272K) NonClass: 61909K(62272K)->61909K(62272K) Class: 7743K(8000K)->7743K(8000K)
[2024-04-13T02:59:18.556+0800][363815.072s] GC(1466) Pause Young (Normal) (G1 Evacuation Pause) 382M->78M(512M) 2.455ms
[2024-04-13T02:59:18.556+0800][363815.072s] GC(1466) User=0.00s Sys=0.00s Real=0.00s
[2024-04-13T02:59:19.744+0800][363816.260s] GC(1467) Pause Young (Normal) (G1 Evacuation Pause)
[2024-04-13T02:59:19.744+0800][363816.260s] GC(1467) Using 13 workers of 13 for evacuation
[2024-04-13T02:59:19.746+0800][363816.262s] GC(1467)   Pre Evacuate Collection Set: 0.2ms
[2024-04-13T02:59:19.746+0800][363816.262s] GC(1467)   Merge Heap Roots: 0.1ms
[2024-04-13T02:59:19.746+0800][363816.262s] GC(1467)   Evacuate Collection Set: 1.3ms
[2024-04-13T02:59:19.746+0800][363816.262s] GC(1467)   Post Evacuate Collection Set: 0.5ms
[2024-04-13T02:59:19.746+0800][363816.262s] GC(1467)   Other: 0.1ms
[2024-04-13T02:59:19.746+0800][363816.262s] GC(1467) Eden regions: 304->0(305)
[2024-04-13T02:59:19.746+0800][363816.262s] GC(1467) Survivor regions: 3->2(39)
[2024-04-13T02:59:19.746+0800][363816.262s] GC(1467) Old regions: 73->73
[2024-04-13T02:59:19.746+0800][363816.262s] GC(1467) Humongous regions: 4->4
[2024-04-13T02:59:19.746+0800][363816.262s] GC(1467) Metaspace: 69652K(70272K)->69652K(70272K) NonClass: 61909K(62272K)->61909K(62272K) Class: 7743K(8000K)->7743K(8000K)
[2024-04-13T02:59:19.746+0800][363816.262s] GC(1467) Pause Young (Normal) (G1 Evacuation Pause) 382M->77M(512M) 2.415ms
[2024-04-13T02:59:19.746+0800][363816.262s] GC(1467) User=0.00s Sys=0.00s Real=0.00s
[2024-04-13T02:59:20.975+0800][363817.491s] GC(1468) Pause Young (Normal) (G1 Evacuation Pause)
[2024-04-13T02:59:20.975+0800][363817.491s] GC(1468) Using 13 workers of 13 for evacuation
[2024-04-13T02:59:20.977+0800][363817.493s] GC(1468)   Pre Evacuate Collection Set: 0.2ms
[2024-04-13T02:59:20.977+0800][363817.493s] GC(1468)   Merge Heap Roots: 0.2ms
[2024-04-13T02:59:20.977+0800][363817.493s] GC(1468)   Evacuate Collection Set: 1.4ms
[2024-04-13T02:59:20.977+0800][363817.493s] GC(1468)   Post Evacuate Collection Set: 0.5ms
[2024-04-13T02:59:20.977+0800][363817.493s] GC(1468)   Other: 0.1ms
[2024-04-13T02:59:20.977+0800][363817.493s] GC(1468) Eden regions: 305->0(305)
[2024-04-13T02:59:20.977+0800][363817.493s] GC(1468) Survivor regions: 2->2(39)
[2024-04-13T02:59:20.977+0800][363817.493s] GC(1468) Old regions: 73->73
[2024-04-13T02:59:20.977+0800][363817.493s] GC(1468) Humongous regions: 4->4
[2024-04-13T02:59:20.977+0800][363817.493s] GC(1468) Metaspace: 69652K(70272K)->69652K(70272K) NonClass: 61909K(62272K)->61909K(62272K) Class: 7743K(8000K)->7743K(8000K)
[2024-04-13T02:59:20.977+0800][363817.493s] GC(1468) Pause Young (Normal) (G1 Evacuation Pause) 382M->77M(512M) 2.633ms
[2024-04-13T02:59:20.977+0800][363817.493s] GC(1468) User=0.00s Sys=0.00s Real=0.00s
[2024-04-13T02:59:22.564+0800][363819.080s] GC(1469) Pause Young (Normal) (G1 Evacuation Pause)
[2024-04-13T02:59:22.564+0800][363819.080s] GC(1469) Using 13 workers of 13 for evacuation
[2024-04-13T02:59:22.566+0800][363819.082s] GC(1469)   Pre Evacuate Collection Set: 0.2ms
[2024-04-13T02:59:22.566+0800][363819.082s] GC(1469)   Merge Heap Roots: 0.1ms
[2024-04-13T02:59:22.566+0800][363819.082s] GC(1469)   Evacuate Collection Set: 1.4ms
[2024-04-13T02:59:22.566+0800][363819.082s] GC(1469)   Post Evacuate Collection Set: 0.4ms
[2024-04-13T02:59:22.566+0800][363819.082s] GC(1469)   Other: 0.1ms
[2024-04-13T02:59:22.566+0800][363819.082s] GC(1469) Eden regions: 305->0(305)
[2024-04-13T02:59:22.566+0800][363819.082s] GC(1469) Survivor regions: 2->2(39)
[2024-04-13T02:59:22.566+0800][363819.082s] GC(1469) Old regions: 73->73
[2024-04-13T02:59:22.566+0800][363819.082s] GC(1469) Humongous regions: 4->4
[2024-04-13T02:59:22.566+0800][363819.082s] GC(1469) Metaspace: 69652K(70272K)->69652K(70272K) NonClass: 61909K(62272K)->61909K(62272K) Class: 7743K(8000K)->7743K(8000K)
[2024-04-13T02:59:22.566+0800][363819.082s] GC(1469) Pause Young (Normal) (G1 Evacuation Pause) 382M->77M(512M) 2.434ms
[2024-04-13T02:59:22.566+0800][363819.082s] GC(1469) User=0.20s Sys=0.00s Real=0.00s
[2024-04-13T02:59:23.878+0800][363820.394s] GC(1470) Pause Young (Normal) (G1 Evacuation Pause)
[2024-04-13T02:59:23.878+0800][363820.394s] GC(1470) Using 13 workers of 13 for evacuation
[2024-04-13T02:59:23.880+0800][363820.397s] GC(1470)   Pre Evacuate Collection Set: 0.1ms
[2024-04-13T02:59:23.880+0800][363820.397s] GC(1470)   Merge Heap Roots: 0.0ms
[2024-04-13T02:59:23.880+0800][363820.397s] GC(1470)   Evacuate Collection Set: 1.8ms
[2024-04-13T02:59:23.881+0800][363820.397s] GC(1470)   Post Evacuate Collection Set: 0.5ms
[2024-04-13T02:59:23.881+0800][363820.397s] GC(1470)   Other: 0.1ms
[2024-04-13T02:59:23.881+0800][363820.397s] GC(1470) Eden regions: 305->0(305)
[2024-04-13T02:59:23.881+0800][363820.397s] GC(1470) Survivor regions: 2->2(39)
[2024-04-13T02:59:23.881+0800][363820.397s] GC(1470) Old regions: 73->73
[2024-04-13T02:59:23.881+0800][363820.397s] GC(1470) Humongous regions: 4->4
[2024-04-13T02:59:23.881+0800][363820.397s] GC(1470) Metaspace: 69652K(70272K)->69652K(70272K) NonClass: 61909K(62272K)->61909K(62272K) Class: 7743K(8000K)->7743K(8000K)
[2024-04-13T02:59:23.881+0800][363820.397s] GC(1470) Pause Young (Normal) (G1 Evacuation Pause) 382M->77M(512M) 2.873ms
[2024-04-13T02:59:23.881+0800][363820.397s] GC(1470) User=0.00s Sys=0.00s Real=0.00s
[2024-04-13T02:59:25.169+0800][363821.685s] GC(1471) Pause Young (Normal) (G1 Evacuation Pause)
[2024-04-13T02:59:25.169+0800][363821.685s] GC(1471) Using 13 workers of 13 for evacuation
[2024-04-13T02:59:25.173+0800][363821.689s] GC(1471)   Pre Evacuate Collection Set: 0.3ms
[2024-04-13T02:59:25.173+0800][363821.689s] GC(1471)   Merge Heap Roots: 0.1ms
[2024-04-13T02:59:25.173+0800][363821.689s] GC(1471)   Evacuate Collection Set: 2.2ms
[2024-04-13T02:59:25.173+0800][363821.689s] GC(1471)   Post Evacuate Collection Set: 1.0ms
[2024-04-13T02:59:25.173+0800][363821.689s] GC(1471)   Other: 0.1ms
[2024-04-13T02:59:25.173+0800][363821.689s] GC(1471) Eden regions: 305->0(305)
[2024-04-13T02:59:25.173+0800][363821.689s] GC(1471) Survivor regions: 2->2(39)
[2024-04-13T02:59:25.173+0800][363821.689s] GC(1471) Old regions: 73->73
[2024-04-13T02:59:25.173+0800][363821.689s] GC(1471) Humongous regions: 4->4
[2024-04-13T02:59:25.173+0800][363821.689s] GC(1471) Metaspace: 69652K(70272K)->69652K(70272K) NonClass: 61909K(62272K)->61909K(62272K) Class: 7743K(8000K)->7743K(8000K)
[2024-04-13T02:59:25.173+0800][363821.689s] GC(1471) Pause Young (Normal) (G1 Evacuation Pause) 382M->78M(512M) 3.912ms
[2024-04-13T02:59:25.173+0800][363821.689s] GC(1471) User=0.00s Sys=0.00s Real=0.00s
[2024-04-13T02:59:26.782+0800][363823.298s] GC(1472) Pause Young (Normal) (G1 Evacuation Pause)
[2024-04-13T02:59:26.782+0800][363823.298s] GC(1472) Using 13 workers of 13 for evacuation
[2024-04-13T02:59:26.785+0800][363823.301s] GC(1472)   Pre Evacuate Collection Set: 0.1ms
[2024-04-13T02:59:26.785+0800][363823.301s] GC(1472)   Merge Heap Roots: 0.1ms
[2024-04-13T02:59:26.785+0800][363823.301s] GC(1472)   Evacuate Collection Set: 1.8ms
[2024-04-13T02:59:26.785+0800][363823.301s] GC(1472)   Post Evacuate Collection Set: 0.6ms
[2024-04-13T02:59:26.785+0800][363823.301s] GC(1472)   Other: 0.1ms
[2024-04-13T02:59:26.785+0800][363823.301s] GC(1472) Eden regions: 305->0(305)
[2024-04-13T02:59:26.785+0800][363823.301s] GC(1472) Survivor regions: 2->2(39)
[2024-04-13T02:59:26.785+0800][363823.301s] GC(1472) Old regions: 73->73
[2024-04-13T02:59:26.785+0800][363823.301s] GC(1472) Humongous regions: 4->4
[2024-04-13T02:59:26.785+0800][363823.301s] GC(1472) Metaspace: 69652K(70272K)->69652K(70272K) NonClass: 61909K(62272K)->61909K(62272K) Class: 7743K(8000K)->7743K(8000K)
[2024-04-13T02:59:26.785+0800][363823.301s] GC(1472) Pause Young (Normal) (G1 Evacuation Pause) 383M->77M(512M) 3.045ms
[2024-04-13T02:59:26.785+0800][363823.301s] GC(1472) User=0.02s Sys=0.02s Real=0.00s
[2024-04-13T02:59:28.118+0800][363824.634s] GC(1473) Pause Young (Normal) (G1 Evacuation Pause)
[2024-04-13T02:59:28.118+0800][363824.634s] GC(1473) Using 13 workers of 13 for evacuation
[2024-04-13T02:59:28.120+0800][363824.637s] GC(1473)   Pre Evacuate Collection Set: 0.2ms
[2024-04-13T02:59:28.121+0800][363824.637s] GC(1473)   Merge Heap Roots: 0.1ms
[2024-04-13T02:59:28.121+0800][363824.637s] GC(1473)   Evacuate Collection Set: 1.7ms
[2024-04-13T02:59:28.121+0800][363824.637s] GC(1473)   Post Evacuate Collection Set: 0.5ms
[2024-04-13T02:59:28.121+0800][363824.637s] GC(1473)   Other: 0.1ms
[2024-04-13T02:59:28.121+0800][363824.637s] GC(1473) Eden regions: 305->0(305)
[2024-04-13T02:59:28.121+0800][363824.637s] GC(1473) Survivor regions: 2->2(39)
[2024-04-13T02:59:28.121+0800][363824.637s] GC(1473) Old regions: 73->73
[2024-04-13T02:59:28.121+0800][363824.637s] GC(1473) Humongous regions: 4->4
[2024-04-13T02:59:28.121+0800][363824.637s] GC(1473) Metaspace: 69652K(70272K)->69652K(70272K) NonClass: 61909K(62272K)->61909K(62272K) Class: 7743K(8000K)->7743K(8000K)
[2024-04-13T02:59:28.121+0800][363824.637s] GC(1473) Pause Young (Normal) (G1 Evacuation Pause) 382M->77M(512M) 2.913ms
[2024-04-13T02:59:28.121+0800][363824.637s] GC(1473) User=0.00s Sys=0.00s Real=0.00s
[2024-04-13T02:59:29.420+0800][363825.936s] GC(1474) Pause Young (Normal) (G1 Evacuation Pause)
[2024-04-13T02:59:29.420+0800][363825.936s] GC(1474) Using 13 workers of 13 for evacuation
[2024-04-13T02:59:29.421+0800][363825.938s] GC(1474)   Pre Evacuate Collection Set: 0.2ms
[2024-04-13T02:59:29.421+0800][363825.938s] GC(1474)   Merge Heap Roots: 0.1ms
[2024-04-13T02:59:29.422+0800][363825.938s] GC(1474)   Evacuate Collection Set: 1.1ms
[2024-04-13T02:59:29.422+0800][363825.938s] GC(1474)   Post Evacuate Collection Set: 0.4ms
[2024-04-13T02:59:29.422+0800][363825.938s] GC(1474)   Other: 0.1ms
[2024-04-13T02:59:29.422+0800][363825.938s] GC(1474) Eden regions: 305->0(305)
[2024-04-13T02:59:29.422+0800][363825.938s] GC(1474) Survivor regions: 2->2(39)
[2024-04-13T02:59:29.422+0800][363825.938s] GC(1474) Old regions: 73->73
[2024-04-13T02:59:29.422+0800][363825.938s] GC(1474) Humongous regions: 4->4
[2024-04-13T02:59:29.422+0800][363825.938s] GC(1474) Metaspace: 69652K(70272K)->69652K(70272K) NonClass: 61909K(62272K)->61909K(62272K) Class: 7743K(8000K)->7743K(8000K)
[2024-04-13T02:59:29.422+0800][363825.938s] GC(1474) Pause Young (Normal) (G1 Evacuation Pause) 382M->78M(512M) 2.109ms
[2024-04-13T02:59:29.422+0800][363825.938s] GC(1474) User=0.00s Sys=0.00s Real=0.00s
[2024-04-13T02:59:30.707+0800][363827.223s] GC(1475) Pause Young (Normal) (G1 Evacuation Pause)
[2024-04-13T02:59:30.707+0800][363827.223s] GC(1475) Using 13 workers of 13 for evacuation
[2024-04-13T02:59:30.709+0800][363827.225s] GC(1475)   Pre Evacuate Collection Set: 0.1ms
[2024-04-13T02:59:30.709+0800][363827.225s] GC(1475)   Merge Heap Roots: 0.1ms
[2024-04-13T02:59:30.709+0800][363827.225s] GC(1475)   Evacuate Collection Set: 1.2ms
[2024-04-13T02:59:30.709+0800][363827.225s] GC(1475)   Post Evacuate Collection Set: 0.3ms
[2024-04-13T02:59:30.709+0800][363827.225s] GC(1475)   Other: 0.1ms
[2024-04-13T02:59:30.709+0800][363827.225s] GC(1475) Eden regions: 305->0(305)
[2024-04-13T02:59:30.709+0800][363827.225s] GC(1475) Survivor regions: 2->2(39)
[2024-04-13T02:59:30.709+0800][363827.225s] GC(1475) Old regions: 73->73
[2024-04-13T02:59:30.709+0800][363827.225s] GC(1475) Humongous regions: 4->4
[2024-04-13T02:59:30.709+0800][363827.225s] GC(1475) Metaspace: 69652K(70272K)->69652K(70272K) NonClass: 61909K(62272K)->61909K(62272K) Class: 7743K(8000K)->7743K(8000K)
[2024-04-13T02:59:30.709+0800][363827.225s] GC(1475) Pause Young (Normal) (G1 Evacuation Pause) 383M->77M(512M) 2.025ms
[2024-04-13T02:59:30.709+0800][363827.225s] GC(1475) User=0.00s Sys=0.00s Real=0.00s
[2024-04-13T02:59:32.028+0800][363828.544s] GC(1476) Pause Young (Normal) (G1 Evacuation Pause)
[2024-04-13T02:59:32.028+0800][363828.544s] GC(1476) Using 13 workers of 13 for evacuation
[2024-04-13T02:59:32.031+0800][363828.546s] GC(1476)   Pre Evacuate Collection Set: 0.1ms
[2024-04-13T02:59:32.031+0800][363828.546s] GC(1476)   Merge Heap Roots: 0.1ms
[2024-04-13T02:59:32.031+0800][363828.546s] GC(1476)   Evacuate Collection Set: 1.5ms
[2024-04-13T02:59:32.031+0800][363828.546s] GC(1476)   Post Evacuate Collection Set: 0.5ms
[2024-04-13T02:59:32.031+0800][363828.547s] GC(1476)   Other: 0.1ms
[2024-04-13T02:59:32.031+0800][363828.547s] GC(1476) Eden regions: 305->0(305)
[2024-04-13T02:59:32.031+0800][363828.547s] GC(1476) Survivor regions: 2->2(39)
[2024-04-13T02:59:32.031+0800][363828.547s] GC(1476) Old regions: 73->73
[2024-04-13T02:59:32.031+0800][363828.547s] GC(1476) Humongous regions: 4->4
[2024-04-13T02:59:32.031+0800][363828.547s] GC(1476) Metaspace: 69652K(70272K)->69652K(70272K) NonClass: 61909K(62272K)->61909K(62272K) Class: 7743K(8000K)->7743K(8000K)
[2024-04-13T02:59:32.031+0800][363828.547s] GC(1476) Pause Young (Normal) (G1 Evacuation Pause) 382M->78M(512M) 2.474ms
[2024-04-13T02:59:32.031+0800][363828.547s] GC(1476) User=0.00s Sys=0.00s Real=0.00s
[2024-04-13T02:59:33.332+0800][363829.848s] GC(1477) Pause Young (Normal) (G1 Evacuation Pause)
[2024-04-13T02:59:33.332+0800][363829.848s] GC(1477) Using 13 workers of 13 for evacuation
[2024-04-13T02:59:33.334+0800][363829.850s] GC(1477)   Pre Evacuate Collection Set: 0.1ms
[2024-04-13T02:59:33.334+0800][363829.850s] GC(1477)   Merge Heap Roots: 0.1ms
[2024-04-13T02:59:33.334+0800][363829.850s] GC(1477)   Evacuate Collection Set: 1.3ms
[2024-04-13T02:59:33.334+0800][363829.850s] GC(1477)   Post Evacuate Collection Set: 0.4ms
[2024-04-13T02:59:33.334+0800][363829.850s] GC(1477)   Other: 0.1ms
[2024-04-13T02:59:33.334+0800][363829.850s] GC(1477) Eden regions: 305->0(305)
[2024-04-13T02:59:33.334+0800][363829.850s] GC(1477) Survivor regions: 2->2(39)
[2024-04-13T02:59:33.335+0800][363829.850s] GC(1477) Old regions: 73->73
[2024-04-13T02:59:33.335+0800][363829.850s] GC(1477) Humongous regions: 4->4
[2024-04-13T02:59:33.335+0800][363829.850s] GC(1477) Metaspace: 69652K(70272K)->69652K(70272K) NonClass: 61909K(62272K)->61909K(62272K) Class: 7743K(8000K)->7743K(8000K)
[2024-04-13T02:59:33.335+0800][363829.850s] GC(1477) Pause Young (Normal) (G1 Evacuation Pause) 383M->78M(512M) 2.176ms
[2024-04-13T02:59:33.335+0800][363829.850s] GC(1477) User=0.00s Sys=0.00s Real=0.00s
[2024-04-13T02:59:34.589+0800][363831.105s] GC(1478) Pause Young (Normal) (G1 Evacuation Pause)
[2024-04-13T02:59:34.589+0800][363831.105s] GC(1478) Using 13 workers of 13 for evacuation
[2024-04-13T02:59:34.592+0800][363831.107s] GC(1478)   Pre Evacuate Collection Set: 0.1ms
[2024-04-13T02:59:34.592+0800][363831.107s] GC(1478)   Merge Heap Roots: 0.1ms
[2024-04-13T02:59:34.592+0800][363831.107s] GC(1478)   Evacuate Collection Set: 1.3ms
[2024-04-13T02:59:34.592+0800][363831.107s] GC(1478)   Post Evacuate Collection Set: 0.4ms
[2024-04-13T02:59:34.592+0800][363831.108s] GC(1478)   Other: 0.1ms
[2024-04-13T02:59:34.592+0800][363831.108s] GC(1478) Eden regions: 305->0(305)
[2024-04-13T02:59:34.592+0800][363831.108s] GC(1478) Survivor regions: 2->2(39)
[2024-04-13T02:59:34.592+0800][363831.108s] GC(1478) Old regions: 73->73
[2024-04-13T02:59:34.592+0800][363831.108s] GC(1478) Humongous regions: 4->4
[2024-04-13T02:59:34.592+0800][363831.108s] GC(1478) Metaspace: 69652K(70272K)->69652K(70272K) NonClass: 61909K(62272K)->61909K(62272K) Class: 7743K(8000K)->7743K(8000K)
[2024-04-13T02:59:34.592+0800][363831.108s] GC(1478) Pause Young (Normal) (G1 Evacuation Pause) 383M->77M(512M) 2.245ms
[2024-04-13T02:59:34.592+0800][363831.108s] GC(1478) User=0.00s Sys=0.00s Real=0.00s
[2024-04-13T02:59:35.813+0800][363832.329s] GC(1479) Pause Young (Normal) (G1 Evacuation Pause)
[2024-04-13T02:59:35.813+0800][363832.329s] GC(1479) Using 13 workers of 13 for evacuation
[2024-04-13T02:59:35.815+0800][363832.331s] GC(1479)   Pre Evacuate Collection Set: 0.2ms
[2024-04-13T02:59:35.815+0800][363832.331s] GC(1479)   Merge Heap Roots: 0.1ms
[2024-04-13T02:59:35.815+0800][363832.331s] GC(1479)   Evacuate Collection Set: 1.2ms
[2024-04-13T02:59:35.815+0800][363832.331s] GC(1479)   Post Evacuate Collection Set: 0.6ms
[2024-04-13T02:59:35.815+0800][363832.331s] GC(1479)   Other: 0.1ms
[2024-04-13T02:59:35.815+0800][363832.331s] GC(1479) Eden regions: 305->0(305)
[2024-04-13T02:59:35.815+0800][363832.331s] GC(1479) Survivor regions: 2->2(39)
[2024-04-13T02:59:35.815+0800][363832.331s] GC(1479) Old regions: 73->73
[2024-04-13T02:59:35.815+0800][363832.331s] GC(1479) Humongous regions: 4->4
[2024-04-13T02:59:35.815+0800][363832.331s] GC(1479) Metaspace: 69652K(70272K)->69652K(70272K) NonClass: 61909K(62272K)->61909K(62272K) Class: 7743K(8000K)->7743K(8000K)
[2024-04-13T02:59:35.815+0800][363832.331s] GC(1479) Pause Young (Normal) (G1 Evacuation Pause) 382M->78M(512M) 2.344ms
[2024-04-13T02:59:35.815+0800][363832.331s] GC(1479) User=0.00s Sys=0.00s Real=0.00s
[2024-04-13T02:59:37.261+0800][363833.776s] GC(1480) Pause Young (Normal) (G1 Evacuation Pause)
[2024-04-13T02:59:37.261+0800][363833.777s] GC(1480) Using 13 workers of 13 for evacuation
[2024-04-13T02:59:37.263+0800][363833.779s] GC(1480)   Pre Evacuate Collection Set: 0.2ms
[2024-04-13T02:59:37.263+0800][363833.779s] GC(1480)   Merge Heap Roots: 0.1ms
[2024-04-13T02:59:37.263+0800][363833.779s] GC(1480)   Evacuate Collection Set: 1.3ms
[2024-04-13T02:59:37.263+0800][363833.779s] GC(1480)   Post Evacuate Collection Set: 0.7ms
[2024-04-13T02:59:37.263+0800][363833.779s] GC(1480)   Other: 0.1ms
[2024-04-13T02:59:37.263+0800][363833.779s] GC(1480) Eden regions: 305->0(305)
[2024-04-13T02:59:37.263+0800][363833.779s] GC(1480) Survivor regions: 2->2(39)
[2024-04-13T02:59:37.263+0800][363833.779s] GC(1480) Old regions: 73->73
[2024-04-13T02:59:37.263+0800][363833.779s] GC(1480) Humongous regions: 4->4
[2024-04-13T02:59:37.263+0800][363833.779s] GC(1480) Metaspace: 69652K(70272K)->69652K(70272K) NonClass: 61909K(62272K)->61909K(62272K) Class: 7743K(8000K)->7743K(8000K)
[2024-04-13T02:59:37.263+0800][363833.779s] GC(1480) Pause Young (Normal) (G1 Evacuation Pause) 383M->77M(512M) 2.847ms
[2024-04-13T02:59:37.263+0800][363833.779s] GC(1480) User=0.00s Sys=0.00s Real=0.00s
[2024-04-13T02:59:38.636+0800][363835.152s] GC(1481) Pause Young (Normal) (G1 Evacuation Pause)
[2024-04-13T02:59:38.636+0800][363835.152s] GC(1481) Using 13 workers of 13 for evacuation
[2024-04-13T02:59:38.638+0800][363835.154s] GC(1481)   Pre Evacuate Collection Set: 0.2ms
[2024-04-13T02:59:38.638+0800][363835.154s] GC(1481)   Merge Heap Roots: 0.1ms
[2024-04-13T02:59:38.638+0800][363835.154s] GC(1481)   Evacuate Collection Set: 1.2ms
[2024-04-13T02:59:38.638+0800][363835.154s] GC(1481)   Post Evacuate Collection Set: 0.4ms
[2024-04-13T02:59:38.638+0800][363835.154s] GC(1481)   Other: 0.1ms
[2024-04-13T02:59:38.638+0800][363835.154s] GC(1481) Eden regions: 305->0(305)
[2024-04-13T02:59:38.638+0800][363835.154s] GC(1481) Survivor regions: 2->2(39)
[2024-04-13T02:59:38.638+0800][363835.154s] GC(1481) Old regions: 73->73
[2024-04-13T02:59:38.638+0800][363835.154s] GC(1481) Humongous regions: 4->4
[2024-04-13T02:59:38.638+0800][363835.154s] GC(1481) Metaspace: 69652K(70272K)->69652K(70272K) NonClass: 61909K(62272K)->61909K(62272K) Class: 7743K(8000K)->7743K(8000K)
[2024-04-13T02:59:38.638+0800][363835.154s] GC(1481) Pause Young (Normal) (G1 Evacuation Pause) 382M->78M(512M) 2.139ms
[2024-04-13T02:59:38.638+0800][363835.154s] GC(1481) User=0.00s Sys=0.00s Real=0.00s
[2024-04-13T02:59:39.997+0800][363836.513s] GC(1482) Pause Young (Normal) (G1 Evacuation Pause)
[2024-04-13T02:59:39.997+0800][363836.513s] GC(1482) Using 13 workers of 13 for evacuation
[2024-04-13T02:59:39.999+0800][363836.515s] GC(1482)   Pre Evacuate Collection Set: 0.2ms
[2024-04-13T02:59:39.999+0800][363836.515s] GC(1482)   Merge Heap Roots: 0.1ms
[2024-04-13T02:59:39.999+0800][363836.515s] GC(1482)   Evacuate Collection Set: 1.4ms
[2024-04-13T02:59:39.999+0800][363836.515s] GC(1482)   Post Evacuate Collection Set: 0.5ms
[2024-04-13T02:59:39.999+0800][363836.515s] GC(1482)   Other: 0.1ms
[2024-04-13T02:59:39.999+0800][363836.515s] GC(1482) Eden regions: 305->0(304)
[2024-04-13T02:59:39.999+0800][363836.515s] GC(1482) Survivor regions: 2->3(39)
[2024-04-13T02:59:39.999+0800][363836.515s] GC(1482) Old regions: 73->73
[2024-04-13T02:59:39.999+0800][363836.515s] GC(1482) Humongous regions: 4->4
[2024-04-13T02:59:39.999+0800][363836.515s] GC(1482) Metaspace: 69652K(70272K)->69652K(70272K) NonClass: 61909K(62272K)->61909K(62272K) Class: 7743K(8000K)->7743K(8000K)
[2024-04-13T02:59:39.999+0800][363836.515s] GC(1482) Pause Young (Normal) (G1 Evacuation Pause) 383M->78M(512M) 2.596ms
[2024-04-13T02:59:39.999+0800][363836.515s] GC(1482) User=0.00s Sys=0.00s Real=0.00s
[2024-04-13T02:59:41.378+0800][363837.894s] GC(1483) Pause Young (Normal) (G1 Evacuation Pause)
[2024-04-13T02:59:41.378+0800][363837.894s] GC(1483) Using 13 workers of 13 for evacuation
[2024-04-13T02:59:41.380+0800][363837.896s] GC(1483)   Pre Evacuate Collection Set: 0.1ms
[2024-04-13T02:59:41.380+0800][363837.896s] GC(1483)   Merge Heap Roots: 0.1ms
[2024-04-13T02:59:41.380+0800][363837.896s] GC(1483)   Evacuate Collection Set: 1.8ms
[2024-04-13T02:59:41.380+0800][363837.896s] GC(1483)   Post Evacuate Collection Set: 0.3ms
[2024-04-13T02:59:41.380+0800][363837.896s] GC(1483)   Other: 0.1ms
[2024-04-13T02:59:41.380+0800][363837.896s] GC(1483) Eden regions: 304->0(305)
[2024-04-13T02:59:41.380+0800][363837.897s] GC(1483) Survivor regions: 3->2(39)
[2024-04-13T02:59:41.380+0800][363837.897s] GC(1483) Old regions: 73->73
[2024-04-13T02:59:41.381+0800][363837.897s] GC(1483) Humongous regions: 4->4
[2024-04-13T02:59:41.381+0800][363837.897s] GC(1483) Metaspace: 69653K(70272K)->69653K(70272K) NonClass: 61910K(62272K)->61910K(62272K) Class: 7743K(8000K)->7743K(8000K)
[2024-04-13T02:59:41.381+0800][363837.897s] GC(1483) Pause Young (Normal) (G1 Evacuation Pause) 382M->78M(512M) 2.623ms
[2024-04-13T02:59:41.381+0800][363837.897s] GC(1483) User=0.00s Sys=0.00s Real=0.00s
[2024-04-13T02:59:42.684+0800][363839.200s] GC(1484) Pause Young (Normal) (G1 Evacuation Pause)
[2024-04-13T02:59:42.684+0800][363839.200s] GC(1484) Using 13 workers of 13 for evacuation
[2024-04-13T02:59:42.687+0800][363839.203s] GC(1484)   Pre Evacuate Collection Set: 0.2ms
[2024-04-13T02:59:42.687+0800][363839.203s] GC(1484)   Merge Heap Roots: 0.1ms
[2024-04-13T02:59:42.687+0800][363839.203s] GC(1484)   Evacuate Collection Set: 1.7ms
[2024-04-13T02:59:42.687+0800][363839.203s] GC(1484)   Post Evacuate Collection Set: 0.4ms
[2024-04-13T02:59:42.687+0800][363839.203s] GC(1484)   Other: 0.1ms
[2024-04-13T02:59:42.687+0800][363839.203s] GC(1484) Eden regions: 305->0(305)
[2024-04-13T02:59:42.687+0800][363839.203s] GC(1484) Survivor regions: 2->2(39)
[2024-04-13T02:59:42.687+0800][363839.203s] GC(1484) Old regions: 73->73
[2024-04-13T02:59:42.687+0800][363839.203s] GC(1484) Humongous regions: 4->4
[2024-04-13T02:59:42.687+0800][363839.203s] GC(1484) Metaspace: 69653K(70272K)->69653K(70272K) NonClass: 61910K(62272K)->61910K(62272K) Class: 7743K(8000K)->7743K(8000K)
[2024-04-13T02:59:42.687+0800][363839.203s] GC(1484) Pause Young (Normal) (G1 Evacuation Pause) 383M->78M(512M) 2.834ms
[2024-04-13T02:59:42.687+0800][363839.203s] GC(1484) User=0.00s Sys=0.00s Real=0.00s
[2024-04-13T02:59:44.045+0800][363840.561s] GC(1485) Pause Young (Normal) (G1 Evacuation Pause)
[2024-04-13T02:59:44.045+0800][363840.561s] GC(1485) Using 13 workers of 13 for evacuation
[2024-04-13T02:59:44.046+0800][363840.562s] GC(1485)   Pre Evacuate Collection Set: 0.1ms
[2024-04-13T02:59:44.046+0800][363840.562s] GC(1485)   Merge Heap Roots: 0.1ms
[2024-04-13T02:59:44.046+0800][363840.562s] GC(1485)   Evacuate Collection Set: 1.1ms
[2024-04-13T02:59:44.046+0800][363840.563s] GC(1485)   Post Evacuate Collection Set: 0.3ms
[2024-04-13T02:59:44.046+0800][363840.563s] GC(1485)   Other: 0.1ms
[2024-04-13T02:59:44.046+0800][363840.563s] GC(1485) Eden regions: 305->0(305)
[2024-04-13T02:59:44.046+0800][363840.563s] GC(1485) Survivor regions: 2->2(39)
[2024-04-13T02:59:44.047+0800][363840.563s] GC(1485) Old regions: 73->73
[2024-04-13T02:59:44.047+0800][363840.563s] GC(1485) Humongous regions: 4->4
[2024-04-13T02:59:44.047+0800][363840.563s] GC(1485) Metaspace: 69653K(70272K)->69653K(70272K) NonClass: 61910K(62272K)->61910K(62272K) Class: 7743K(8000K)->7743K(8000K)
[2024-04-13T02:59:44.047+0800][363840.563s] GC(1485) Pause Young (Normal) (G1 Evacuation Pause) 383M->78M(512M) 1.865ms
[2024-04-13T02:59:44.047+0800][363840.563s] GC(1485) User=0.00s Sys=0.00s Real=0.00s
[2024-04-13T02:59:45.460+0800][363841.976s] GC(1486) Pause Young (Normal) (G1 Evacuation Pause)
[2024-04-13T02:59:45.460+0800][363841.976s] GC(1486) Using 13 workers of 13 for evacuation
[2024-04-13T02:59:45.462+0800][363841.978s] GC(1486)   Pre Evacuate Collection Set: 0.2ms
[2024-04-13T02:59:45.462+0800][363841.978s] GC(1486)   Merge Heap Roots: 0.1ms
[2024-04-13T02:59:45.462+0800][363841.978s] GC(1486)   Evacuate Collection Set: 1.4ms
[2024-04-13T02:59:45.462+0800][363841.978s] GC(1486)   Post Evacuate Collection Set: 0.5ms
[2024-04-13T02:59:45.462+0800][363841.978s] GC(1486)   Other: 0.1ms
[2024-04-13T02:59:45.462+0800][363841.978s] GC(1486) Eden regions: 305->0(305)
[2024-04-13T02:59:45.462+0800][363841.978s] GC(1486) Survivor regions: 2->2(39)
[2024-04-13T02:59:45.462+0800][363841.978s] GC(1486) Old regions: 73->73
[2024-04-13T02:59:45.462+0800][363841.978s] GC(1486) Humongous regions: 4->4
[2024-04-13T02:59:45.462+0800][363841.978s] GC(1486) Metaspace: 69653K(70272K)->69653K(70272K) NonClass: 61910K(62272K)->61910K(62272K) Class: 7743K(8000K)->7743K(8000K)
[2024-04-13T02:59:45.462+0800][363841.978s] GC(1486) Pause Young (Normal) (G1 Evacuation Pause) 383M->78M(512M) 2.454ms
[2024-04-13T02:59:45.462+0800][363841.978s] GC(1486) User=0.00s Sys=0.00s Real=0.00s
[2024-04-13T02:59:46.749+0800][363843.265s] GC(1487) Pause Young (Normal) (G1 Evacuation Pause)
[2024-04-13T02:59:46.749+0800][363843.265s] GC(1487) Using 13 workers of 13 for evacuation
[2024-04-13T02:59:46.751+0800][363843.267s] GC(1487)   Pre Evacuate Collection Set: 0.1ms
[2024-04-13T02:59:46.751+0800][363843.267s] GC(1487)   Merge Heap Roots: 0.1ms
[2024-04-13T02:59:46.751+0800][363843.267s] GC(1487)   Evacuate Collection Set: 1.2ms
[2024-04-13T02:59:46.751+0800][363843.267s] GC(1487)   Post Evacuate Collection Set: 0.4ms
[2024-04-13T02:59:46.751+0800][363843.267s] GC(1487)   Other: 0.1ms
[2024-04-13T02:59:46.751+0800][363843.267s] GC(1487) Eden regions: 305->0(305)
[2024-04-13T02:59:46.751+0800][363843.267s] GC(1487) Survivor regions: 2->2(39)
[2024-04-13T02:59:46.751+0800][363843.267s] GC(1487) Old regions: 73->73
[2024-04-13T02:59:46.751+0800][363843.267s] GC(1487) Humongous regions: 4->4
[2024-04-13T02:59:46.751+0800][363843.267s] GC(1487) Metaspace: 69653K(70272K)->69653K(70272K) NonClass: 61910K(62272K)->61910K(62272K) Class: 7743K(8000K)->7743K(8000K)
[2024-04-13T02:59:46.751+0800][363843.267s] GC(1487) Pause Young (Normal) (G1 Evacuation Pause) 383M->78M(512M) 2.135ms
[2024-04-13T02:59:46.751+0800][363843.267s] GC(1487) User=0.00s Sys=0.00s Real=0.00s
[2024-04-13T02:59:48.085+0800][363844.600s] GC(1488) Pause Young (Normal) (G1 Evacuation Pause)
[2024-04-13T02:59:48.085+0800][363844.600s] GC(1488) Using 13 workers of 13 for evacuation
[2024-04-13T02:59:48.087+0800][363844.603s] GC(1488)   Pre Evacuate Collection Set: 0.1ms
[2024-04-13T02:59:48.087+0800][363844.603s] GC(1488)   Merge Heap Roots: 0.1ms
[2024-04-13T02:59:48.087+0800][363844.603s] GC(1488)   Evacuate Collection Set: 1.3ms
[2024-04-13T02:59:48.087+0800][363844.603s] GC(1488)   Post Evacuate Collection Set: 0.5ms
[2024-04-13T02:59:48.087+0800][363844.603s] GC(1488)   Other: 0.1ms
[2024-04-13T02:59:48.087+0800][363844.603s] GC(1488) Eden regions: 305->0(305)
[2024-04-13T02:59:48.087+0800][363844.603s] GC(1488) Survivor regions: 2->2(39)
[2024-04-13T02:59:48.087+0800][363844.603s] GC(1488) Old regions: 73->73
[2024-04-13T02:59:48.087+0800][363844.603s] GC(1488) Humongous regions: 4->4
[2024-04-13T02:59:48.087+0800][363844.603s] GC(1488) Metaspace: 69653K(70272K)->69653K(70272K) NonClass: 61910K(62272K)->61910K(62272K) Class: 7743K(8000K)->7743K(8000K)
[2024-04-13T02:59:48.087+0800][363844.603s] GC(1488) Pause Young (Normal) (G1 Evacuation Pause) 383M->78M(512M) 2.404ms
[2024-04-13T02:59:48.087+0800][363844.603s] GC(1488) User=0.00s Sys=0.00s Real=0.00s
[2024-04-13T02:59:49.280+0800][363845.796s] GC(1489) Pause Young (Normal) (G1 Evacuation Pause)
[2024-04-13T02:59:49.280+0800][363845.796s] GC(1489) Using 13 workers of 13 for evacuation
[2024-04-13T02:59:49.283+0800][363845.798s] GC(1489)   Pre Evacuate Collection Set: 0.3ms
[2024-04-13T02:59:49.283+0800][363845.798s] GC(1489)   Merge Heap Roots: 0.1ms
[2024-04-13T02:59:49.283+0800][363845.798s] GC(1489)   Evacuate Collection Set: 1.3ms
[2024-04-13T02:59:49.283+0800][363845.798s] GC(1489)   Post Evacuate Collection Set: 0.5ms
[2024-04-13T02:59:49.283+0800][363845.798s] GC(1489)   Other: 0.1ms
[2024-04-13T02:59:49.283+0800][363845.799s] GC(1489) Eden regions: 305->0(304)
[2024-04-13T02:59:49.283+0800][363845.799s] GC(1489) Survivor regions: 2->3(39)
[2024-04-13T02:59:49.283+0800][363845.799s] GC(1489) Old regions: 73->73
[2024-04-13T02:59:49.283+0800][363845.799s] GC(1489) Humongous regions: 4->4
[2024-04-13T02:59:49.283+0800][363845.799s] GC(1489) Metaspace: 69653K(70272K)->69653K(70272K) NonClass: 61910K(62272K)->61910K(62272K) Class: 7743K(8000K)->7743K(8000K)
[2024-04-13T02:59:49.283+0800][363845.799s] GC(1489) Pause Young (Normal) (G1 Evacuation Pause) 383M->79M(512M) 2.519ms
[2024-04-13T02:59:49.283+0800][363845.799s] GC(1489) User=0.00s Sys=0.00s Real=0.00s
[2024-04-13T02:59:50.666+0800][363847.181s] GC(1490) Pause Young (Normal) (G1 Evacuation Pause)
[2024-04-13T02:59:50.666+0800][363847.181s] GC(1490) Using 13 workers of 13 for evacuation
[2024-04-13T02:59:50.668+0800][363847.183s] GC(1490)   Pre Evacuate Collection Set: 0.1ms
[2024-04-13T02:59:50.668+0800][363847.183s] GC(1490)   Merge Heap Roots: 0.1ms
[2024-04-13T02:59:50.668+0800][363847.183s] GC(1490)   Evacuate Collection Set: 1.2ms
[2024-04-13T02:59:50.668+0800][363847.183s] GC(1490)   Post Evacuate Collection Set: 0.6ms
[2024-04-13T02:59:50.668+0800][363847.184s] GC(1490)   Other: 0.1ms
[2024-04-13T02:59:50.668+0800][363847.184s] GC(1490) Eden regions: 304->0(305)
[2024-04-13T02:59:50.668+0800][363847.184s] GC(1490) Survivor regions: 3->2(39)
[2024-04-13T02:59:50.668+0800][363847.184s] GC(1490) Old regions: 73->73
[2024-04-13T02:59:50.668+0800][363847.184s] GC(1490) Humongous regions: 4->4
[2024-04-13T02:59:50.668+0800][363847.184s] GC(1490) Metaspace: 69653K(70272K)->69653K(70272K) NonClass: 61910K(62272K)->61910K(62272K) Class: 7743K(8000K)->7743K(8000K)
[2024-04-13T02:59:50.668+0800][363847.184s] GC(1490) Pause Young (Normal) (G1 Evacuation Pause) 383M->78M(512M) 2.226ms
[2024-04-13T02:59:50.668+0800][363847.184s] GC(1490) User=0.00s Sys=0.00s Real=0.00s
[2024-04-13T02:59:51.967+0800][363848.483s] GC(1491) Pause Young (Normal) (G1 Evacuation Pause)
[2024-04-13T02:59:51.967+0800][363848.483s] GC(1491) Using 13 workers of 13 for evacuation
[2024-04-13T02:59:51.969+0800][363848.485s] GC(1491)   Pre Evacuate Collection Set: 0.2ms
[2024-04-13T02:59:51.969+0800][363848.485s] GC(1491)   Merge Heap Roots: 0.1ms
[2024-04-13T02:59:51.969+0800][363848.485s] GC(1491)   Evacuate Collection Set: 1.4ms
[2024-04-13T02:59:51.969+0800][363848.485s] GC(1491)   Post Evacuate Collection Set: 0.5ms
[2024-04-13T02:59:51.969+0800][363848.485s] GC(1491)   Other: 0.1ms
[2024-04-13T02:59:51.969+0800][363848.485s] GC(1491) Eden regions: 305->0(305)
[2024-04-13T02:59:51.969+0800][363848.485s] GC(1491) Survivor regions: 2->2(39)
[2024-04-13T02:59:51.969+0800][363848.485s] GC(1491) Old regions: 73->73
[2024-04-13T02:59:51.969+0800][363848.485s] GC(1491) Humongous regions: 4->4
[2024-04-13T02:59:51.969+0800][363848.485s] GC(1491) Metaspace: 69653K(70272K)->69653K(70272K) NonClass: 61910K(62272K)->61910K(62272K) Class: 7743K(8000K)->7743K(8000K)
[2024-04-13T02:59:51.969+0800][363848.485s] GC(1491) Pause Young (Normal) (G1 Evacuation Pause) 383M->78M(512M) 2.645ms
[2024-04-13T02:59:51.969+0800][363848.485s] GC(1491) User=0.00s Sys=0.00s Real=0.00s
[2024-04-13T02:59:53.181+0800][363849.697s] GC(1492) Pause Young (Normal) (G1 Evacuation Pause)
[2024-04-13T02:59:53.181+0800][363849.697s] GC(1492) Using 13 workers of 13 for evacuation
[2024-04-13T02:59:53.183+0800][363849.700s] GC(1492)   Pre Evacuate Collection Set: 0.2ms
[2024-04-13T02:59:53.183+0800][363849.700s] GC(1492)   Merge Heap Roots: 0.1ms
[2024-04-13T02:59:53.183+0800][363849.700s] GC(1492)   Evacuate Collection Set: 1.4ms
[2024-04-13T02:59:53.183+0800][363849.700s] GC(1492)   Post Evacuate Collection Set: 0.5ms
[2024-04-13T02:59:53.183+0800][363849.700s] GC(1492)   Other: 0.1ms
[2024-04-13T02:59:53.183+0800][363849.700s] GC(1492) Eden regions: 305->0(305)
[2024-04-13T02:59:53.183+0800][363849.700s] GC(1492) Survivor regions: 2->2(39)
[2024-04-13T02:59:53.183+0800][363849.700s] GC(1492) Old regions: 73->74
[2024-04-13T02:59:53.183+0800][363849.700s] GC(1492) Humongous regions: 4->4
[2024-04-13T02:59:53.183+0800][363849.700s] GC(1492) Metaspace: 69653K(70272K)->69653K(70272K) NonClass: 61910K(62272K)->61910K(62272K) Class: 7743K(8000K)->7743K(8000K)
[2024-04-13T02:59:53.184+0800][363849.700s] GC(1492) Pause Young (Normal) (G1 Evacuation Pause) 383M->78M(512M) 2.683ms
[2024-04-13T02:59:53.184+0800][363849.700s] GC(1492) User=0.00s Sys=0.00s Real=0.00s
[2024-04-13T02:59:54.579+0800][363851.096s] GC(1493) Pause Young (Normal) (G1 Evacuation Pause)
[2024-04-13T02:59:54.579+0800][363851.096s] GC(1493) Using 13 workers of 13 for evacuation
[2024-04-13T02:59:54.582+0800][363851.098s] GC(1493)   Pre Evacuate Collection Set: 0.1ms
[2024-04-13T02:59:54.582+0800][363851.098s] GC(1493)   Merge Heap Roots: 0.1ms
[2024-04-13T02:59:54.582+0800][363851.098s] GC(1493)   Evacuate Collection Set: 1.2ms
[2024-04-13T02:59:54.582+0800][363851.098s] GC(1493)   Post Evacuate Collection Set: 0.5ms
[2024-04-13T02:59:54.582+0800][363851.098s] GC(1493)   Other: 0.1ms
[2024-04-13T02:59:54.582+0800][363851.098s] GC(1493) Eden regions: 305->0(305)
[2024-04-13T02:59:54.582+0800][363851.098s] GC(1493) Survivor regions: 2->2(39)
[2024-04-13T02:59:54.582+0800][363851.098s] GC(1493) Old regions: 74->74
[2024-04-13T02:59:54.582+0800][363851.098s] GC(1493) Humongous regions: 4->4
[2024-04-13T02:59:54.582+0800][363851.098s] GC(1493) Metaspace: 69653K(70272K)->69653K(70272K) NonClass: 61910K(62272K)->61910K(62272K) Class: 7743K(8000K)->7743K(8000K)
[2024-04-13T02:59:54.582+0800][363851.098s] GC(1493) Pause Young (Normal) (G1 Evacuation Pause) 383M->78M(512M) 2.291ms
[2024-04-13T02:59:54.582+0800][363851.098s] GC(1493) User=0.05s Sys=0.00s Real=0.00s
[2024-04-13T02:59:55.859+0800][363852.375s] GC(1494) Pause Young (Normal) (G1 Evacuation Pause)
[2024-04-13T02:59:55.859+0800][363852.375s] GC(1494) Using 13 workers of 13 for evacuation
[2024-04-13T02:59:55.861+0800][363852.377s] GC(1494)   Pre Evacuate Collection Set: 0.2ms
[2024-04-13T02:59:55.861+0800][363852.377s] GC(1494)   Merge Heap Roots: 0.1ms
[2024-04-13T02:59:55.861+0800][363852.377s] GC(1494)   Evacuate Collection Set: 1.4ms
[2024-04-13T02:59:55.861+0800][363852.377s] GC(1494)   Post Evacuate Collection Set: 0.5ms
[2024-04-13T02:59:55.861+0800][363852.377s] GC(1494)   Other: 0.1ms
[2024-04-13T02:59:55.861+0800][363852.377s] GC(1494) Eden regions: 305->0(305)
[2024-04-13T02:59:55.861+0800][363852.377s] GC(1494) Survivor regions: 2->2(39)
[2024-04-13T02:59:55.861+0800][363852.377s] GC(1494) Old regions: 74->74
[2024-04-13T02:59:55.861+0800][363852.377s] GC(1494) Humongous regions: 4->4
[2024-04-13T02:59:55.861+0800][363852.377s] GC(1494) Metaspace: 69653K(70272K)->69653K(70272K) NonClass: 61910K(62272K)->61910K(62272K) Class: 7743K(8000K)->7743K(8000K)
[2024-04-13T02:59:55.861+0800][363852.377s] GC(1494) Pause Young (Normal) (G1 Evacuation Pause) 383M->78M(512M) 2.399ms
[2024-04-13T02:59:55.861+0800][363852.377s] GC(1494) User=0.00s Sys=0.00s Real=0.00s
[2024-04-13T02:59:57.117+0800][363853.633s] GC(1495) Pause Young (Normal) (G1 Evacuation Pause)
[2024-04-13T02:59:57.117+0800][363853.633s] GC(1495) Using 13 workers of 13 for evacuation
[2024-04-13T02:59:57.119+0800][363853.635s] GC(1495)   Pre Evacuate Collection Set: 0.1ms
[2024-04-13T02:59:57.119+0800][363853.635s] GC(1495)   Merge Heap Roots: 0.1ms
[2024-04-13T02:59:57.119+0800][363853.635s] GC(1495)   Evacuate Collection Set: 1.2ms
[2024-04-13T02:59:57.119+0800][363853.635s] GC(1495)   Post Evacuate Collection Set: 0.3ms
[2024-04-13T02:59:57.119+0800][363853.635s] GC(1495)   Other: 0.1ms
[2024-04-13T02:59:57.119+0800][363853.635s] GC(1495) Eden regions: 305->0(305)
[2024-04-13T02:59:57.119+0800][363853.635s] GC(1495) Survivor regions: 2->2(39)
[2024-04-13T02:59:57.119+0800][363853.635s] GC(1495) Old regions: 74->74
[2024-04-13T02:59:57.119+0800][363853.635s] GC(1495) Humongous regions: 4->4
[2024-04-13T02:59:57.119+0800][363853.635s] GC(1495) Metaspace: 69653K(70272K)->69653K(70272K) NonClass: 61910K(62272K)->61910K(62272K) Class: 7743K(8000K)->7743K(8000K)
[2024-04-13T02:59:57.119+0800][363853.635s] GC(1495) Pause Young (Normal) (G1 Evacuation Pause) 383M->78M(512M) 2.057ms
[2024-04-13T02:59:57.119+0800][363853.635s] GC(1495) User=0.00s Sys=0.00s Real=0.00s
[2024-04-13T02:59:58.426+0800][363854.942s] GC(1496) Pause Young (Normal) (G1 Evacuation Pause)
[2024-04-13T02:59:58.426+0800][363854.942s] GC(1496) Using 13 workers of 13 for evacuation
[2024-04-13T02:59:58.428+0800][363854.945s] GC(1496)   Pre Evacuate Collection Set: 0.2ms
[2024-04-13T02:59:58.428+0800][363854.945s] GC(1496)   Merge Heap Roots: 0.1ms
[2024-04-13T02:59:58.428+0800][363854.945s] GC(1496)   Evacuate Collection Set: 1.9ms
[2024-04-13T02:59:58.428+0800][363854.945s] GC(1496)   Post Evacuate Collection Set: 0.5ms
[2024-04-13T02:59:58.428+0800][363854.945s] GC(1496)   Other: 0.1ms
[2024-04-13T02:59:58.428+0800][363854.945s] GC(1496) Eden regions: 305->0(305)
[2024-04-13T02:59:58.428+0800][363854.945s] GC(1496) Survivor regions: 2->2(39)
[2024-04-13T02:59:58.428+0800][363854.945s] GC(1496) Old regions: 74->74
[2024-04-13T02:59:58.428+0800][363854.945s] GC(1496) Humongous regions: 4->4
[2024-04-13T02:59:58.428+0800][363854.945s] GC(1496) Metaspace: 69653K(70272K)->69653K(70272K) NonClass: 61910K(62272K)->61910K(62272K) Class: 7743K(8000K)->7743K(8000K)
[2024-04-13T02:59:58.429+0800][363854.945s] GC(1496) Pause Young (Normal) (G1 Evacuation Pause) 383M->78M(512M) 2.939ms
[2024-04-13T02:59:58.429+0800][363854.945s] GC(1496) User=0.00s Sys=0.00s Real=0.00s
[2024-04-13T02:59:59.663+0800][363856.179s] GC(1497) Pause Young (Normal) (G1 Evacuation Pause)
[2024-04-13T02:59:59.663+0800][363856.179s] GC(1497) Using 13 workers of 13 for evacuation
[2024-04-13T02:59:59.665+0800][363856.181s] GC(1497)   Pre Evacuate Collection Set: 0.2ms
[2024-04-13T02:59:59.665+0800][363856.181s] GC(1497)   Merge Heap Roots: 0.1ms
[2024-04-13T02:59:59.665+0800][363856.181s] GC(1497)   Evacuate Collection Set: 1.2ms
[2024-04-13T02:59:59.665+0800][363856.181s] GC(1497)   Post Evacuate Collection Set: 0.5ms
[2024-04-13T02:59:59.666+0800][363856.181s] GC(1497)   Other: 0.1ms
[2024-04-13T02:59:59.666+0800][363856.181s] GC(1497) Eden regions: 305->0(305)
[2024-04-13T02:59:59.666+0800][363856.181s] GC(1497) Survivor regions: 2->2(39)
[2024-04-13T02:59:59.666+0800][363856.181s] GC(1497) Old regions: 74->74
[2024-04-13T02:59:59.666+0800][363856.181s] GC(1497) Humongous regions: 4->4
[2024-04-13T02:59:59.666+0800][363856.181s] GC(1497) Metaspace: 69653K(70272K)->69653K(70272K) NonClass: 61910K(62272K)->61910K(62272K) Class: 7743K(8000K)->7743K(8000K)
[2024-04-13T02:59:59.666+0800][363856.182s] GC(1497) Pause Young (Normal) (G1 Evacuation Pause) 383M->78M(512M) 2.268ms
[2024-04-13T02:59:59.666+0800][363856.182s] GC(1497) User=0.00s Sys=0.00s Real=0.00s
[2024-04-13T03:00:00.984+0800][363857.499s] GC(1498) Pause Young (Normal) (G1 Evacuation Pause)
[2024-04-13T03:00:00.984+0800][363857.499s] GC(1498) Using 13 workers of 13 for evacuation
[2024-04-13T03:00:00.985+0800][363857.501s] GC(1498)   Pre Evacuate Collection Set: 0.1ms
[2024-04-13T03:00:00.985+0800][363857.501s] GC(1498)   Merge Heap Roots: 0.1ms
[2024-04-13T03:00:00.985+0800][363857.501s] GC(1498)   Evacuate Collection Set: 0.7ms
[2024-04-13T03:00:00.985+0800][363857.501s] GC(1498)   Post Evacuate Collection Set: 0.4ms
[2024-04-13T03:00:00.985+0800][363857.501s] GC(1498)   Other: 0.1ms
[2024-04-13T03:00:00.985+0800][363857.501s] GC(1498) Eden regions: 305->0(305)
[2024-04-13T03:00:00.985+0800][363857.501s] GC(1498) Survivor regions: 2->2(39)
[2024-04-13T03:00:00.985+0800][363857.501s] GC(1498) Old regions: 74->74
[2024-04-13T03:00:00.985+0800][363857.501s] GC(1498) Humongous regions: 4->4
[2024-04-13T03:00:00.985+0800][363857.501s] GC(1498) Metaspace: 69653K(70272K)->69653K(70272K) NonClass: 61910K(62272K)->61910K(62272K) Class: 7743K(8000K)->7743K(8000K)
[2024-04-13T03:00:00.985+0800][363857.501s] GC(1498) Pause Young (Normal) (G1 Evacuation Pause) 383M->78M(512M) 1.586ms
[2024-04-13T03:00:00.985+0800][363857.501s] GC(1498) User=0.00s Sys=0.00s Real=0.00s
[2024-04-13T03:00:02.233+0800][363858.749s] GC(1499) Pause Young (Normal) (G1 Evacuation Pause)
[2024-04-13T03:00:02.233+0800][363858.749s] GC(1499) Using 13 workers of 13 for evacuation
[2024-04-13T03:00:02.235+0800][363858.751s] GC(1499)   Pre Evacuate Collection Set: 0.2ms
[2024-04-13T03:00:02.235+0800][363858.751s] GC(1499)   Merge Heap Roots: 0.1ms
[2024-04-13T03:00:02.235+0800][363858.751s] GC(1499)   Evacuate Collection Set: 1.2ms
[2024-04-13T03:00:02.235+0800][363858.751s] GC(1499)   Post Evacuate Collection Set: 0.4ms
[2024-04-13T03:00:02.235+0800][363858.751s] GC(1499)   Other: 0.1ms
[2024-04-13T03:00:02.235+0800][363858.751s] GC(1499) Eden regions: 305->0(305)
[2024-04-13T03:00:02.235+0800][363858.751s] GC(1499) Survivor regions: 2->2(39)
[2024-04-13T03:00:02.235+0800][363858.751s] GC(1499) Old regions: 74->74
[2024-04-13T03:00:02.235+0800][363858.751s] GC(1499) Humongous regions: 4->4
[2024-04-13T03:00:02.235+0800][363858.751s] GC(1499) Metaspace: 69653K(70272K)->69653K(70272K) NonClass: 61910K(62272K)->61910K(62272K) Class: 7743K(8000K)->7743K(8000K)
[2024-04-13T03:00:02.235+0800][363858.751s] GC(1499) Pause Young (Normal) (G1 Evacuation Pause) 383M->78M(512M) 2.163ms
[2024-04-13T03:00:02.235+0800][363858.751s] GC(1499) User=0.00s Sys=0.00s Real=0.00s
[2024-04-13T03:00:03.529+0800][363860.045s] GC(1500) Pause Young (Normal) (G1 Evacuation Pause)
[2024-04-13T03:00:03.529+0800][363860.045s] GC(1500) Using 13 workers of 13 for evacuation
[2024-04-13T03:00:03.531+0800][363860.047s] GC(1500)   Pre Evacuate Collection Set: 0.2ms
[2024-04-13T03:00:03.531+0800][363860.047s] GC(1500)   Merge Heap Roots: 0.1ms
[2024-04-13T03:00:03.531+0800][363860.047s] GC(1500)   Evacuate Collection Set: 1.1ms
[2024-04-13T03:00:03.531+0800][363860.047s] GC(1500)   Post Evacuate Collection Set: 0.4ms
[2024-04-13T03:00:03.531+0800][363860.047s] GC(1500)   Other: 0.1ms
[2024-04-13T03:00:03.531+0800][363860.047s] GC(1500) Eden regions: 305->0(305)
[2024-04-13T03:00:03.531+0800][363860.047s] GC(1500) Survivor regions: 2->2(39)
[2024-04-13T03:00:03.531+0800][363860.047s] GC(1500) Old regions: 74->74
[2024-04-13T03:00:03.531+0800][363860.047s] GC(1500) Humongous regions: 4->4
[2024-04-13T03:00:03.531+0800][363860.047s] GC(1500) Metaspace: 69653K(70272K)->69653K(70272K) NonClass: 61910K(62272K)->61910K(62272K) Class: 7743K(8000K)->7743K(8000K)
[2024-04-13T03:00:03.531+0800][363860.047s] GC(1500) Pause Young (Normal) (G1 Evacuation Pause) 383M->78M(512M) 2.016ms
[2024-04-13T03:00:03.531+0800][363860.047s] GC(1500) User=0.00s Sys=0.00s Real=0.00s
[2024-04-13T03:00:04.768+0800][363861.284s] GC(1501) Pause Young (Normal) (G1 Evacuation Pause)
[2024-04-13T03:00:04.768+0800][363861.284s] GC(1501) Using 13 workers of 13 for evacuation
[2024-04-13T03:00:04.770+0800][363861.286s] GC(1501)   Pre Evacuate Collection Set: 0.2ms
[2024-04-13T03:00:04.770+0800][363861.286s] GC(1501)   Merge Heap Roots: 0.1ms
[2024-04-13T03:00:04.770+0800][363861.286s] GC(1501)   Evacuate Collection Set: 1.3ms
[2024-04-13T03:00:04.770+0800][363861.286s] GC(1501)   Post Evacuate Collection Set: 0.5ms
[2024-04-13T03:00:04.770+0800][363861.286s] GC(1501)   Other: 0.1ms
[2024-04-13T03:00:04.770+0800][363861.286s] GC(1501) Eden regions: 305->0(305)
[2024-04-13T03:00:04.770+0800][363861.286s] GC(1501) Survivor regions: 2->2(39)
[2024-04-13T03:00:04.770+0800][363861.286s] GC(1501) Old regions: 74->74
[2024-04-13T03:00:04.770+0800][363861.286s] GC(1501) Humongous regions: 4->4
[2024-04-13T03:00:04.770+0800][363861.286s] GC(1501) Metaspace: 69653K(70272K)->69653K(70272K) NonClass: 61910K(62272K)->61910K(62272K) Class: 7743K(8000K)->7743K(8000K)
[2024-04-13T03:00:04.770+0800][363861.286s] GC(1501) Pause Young (Normal) (G1 Evacuation Pause) 383M->78M(512M) 2.425ms
[2024-04-13T03:00:04.770+0800][363861.286s] GC(1501) User=0.08s Sys=0.02s Real=0.00s
[2024-04-13T03:00:06.026+0800][363862.542s] GC(1502) Pause Young (Normal) (G1 Evacuation Pause)
[2024-04-13T03:00:06.026+0800][363862.542s] GC(1502) Using 13 workers of 13 for evacuation
[2024-04-13T03:00:06.028+0800][363862.544s] GC(1502)   Pre Evacuate Collection Set: 0.2ms
[2024-04-13T03:00:06.028+0800][363862.544s] GC(1502)   Merge Heap Roots: 0.2ms
[2024-04-13T03:00:06.028+0800][363862.544s] GC(1502)   Evacuate Collection Set: 1.5ms
[2024-04-13T03:00:06.028+0800][363862.544s] GC(1502)   Post Evacuate Collection Set: 0.7ms
[2024-04-13T03:00:06.028+0800][363862.544s] GC(1502)   Other: 0.1ms
[2024-04-13T03:00:06.028+0800][363862.544s] GC(1502) Eden regions: 305->0(305)
[2024-04-13T03:00:06.028+0800][363862.544s] GC(1502) Survivor regions: 2->2(39)
[2024-04-13T03:00:06.028+0800][363862.544s] GC(1502) Old regions: 74->74
[2024-04-13T03:00:06.028+0800][363862.544s] GC(1502) Humongous regions: 4->4
[2024-04-13T03:00:06.028+0800][363862.544s] GC(1502) Metaspace: 69653K(70272K)->69653K(70272K) NonClass: 61910K(62272K)->61910K(62272K) Class: 7743K(8000K)->7743K(8000K)
[2024-04-13T03:00:06.028+0800][363862.544s] GC(1502) Pause Young (Normal) (G1 Evacuation Pause) 383M->79M(512M) 2.766ms
[2024-04-13T03:00:06.028+0800][363862.544s] GC(1502) User=0.00s Sys=0.00s Real=0.00s
[2024-04-13T03:00:07.354+0800][363863.870s] GC(1503) Pause Young (Normal) (G1 Evacuation Pause)
[2024-04-13T03:00:07.354+0800][363863.870s] GC(1503) Using 13 workers of 13 for evacuation
[2024-04-13T03:00:07.356+0800][363863.872s] GC(1503)   Pre Evacuate Collection Set: 0.2ms
[2024-04-13T03:00:07.356+0800][363863.872s] GC(1503)   Merge Heap Roots: 0.1ms
[2024-04-13T03:00:07.356+0800][363863.872s] GC(1503)   Evacuate Collection Set: 1.3ms
[2024-04-13T03:00:07.356+0800][363863.872s] GC(1503)   Post Evacuate Collection Set: 0.4ms
[2024-04-13T03:00:07.356+0800][363863.872s] GC(1503)   Other: 0.1ms
[2024-04-13T03:00:07.356+0800][363863.872s] GC(1503) Eden regions: 305->0(305)
[2024-04-13T03:00:07.356+0800][363863.872s] GC(1503) Survivor regions: 2->2(39)
[2024-04-13T03:00:07.356+0800][363863.872s] GC(1503) Old regions: 74->74
[2024-04-13T03:00:07.356+0800][363863.872s] GC(1503) Humongous regions: 4->4
[2024-04-13T03:00:07.356+0800][363863.872s] GC(1503) Metaspace: 69653K(70272K)->69653K(70272K) NonClass: 61910K(62272K)->61910K(62272K) Class: 7743K(8000K)->7743K(8000K)
[2024-04-13T03:00:07.356+0800][363863.872s] GC(1503) Pause Young (Normal) (G1 Evacuation Pause) 384M->78M(512M) 2.182ms
[2024-04-13T03:00:07.356+0800][363863.872s] GC(1503) User=0.00s Sys=0.00s Real=0.00s
[2024-04-13T03:00:08.675+0800][363865.191s] GC(1504) Pause Young (Normal) (G1 Evacuation Pause)
[2024-04-13T03:00:08.676+0800][363865.192s] GC(1504) Using 13 workers of 13 for evacuation
[2024-04-13T03:00:08.678+0800][363865.194s] GC(1504)   Pre Evacuate Collection Set: 0.2ms
[2024-04-13T03:00:08.678+0800][363865.194s] GC(1504)   Merge Heap Roots: 0.1ms
[2024-04-13T03:00:08.678+0800][363865.194s] GC(1504)   Evacuate Collection Set: 1.8ms
[2024-04-13T03:00:08.678+0800][363865.194s] GC(1504)   Post Evacuate Collection Set: 0.3ms
[2024-04-13T03:00:08.678+0800][363865.194s] GC(1504)   Other: 0.1ms
[2024-04-13T03:00:08.678+0800][363865.194s] GC(1504) Eden regions: 305->0(305)
[2024-04-13T03:00:08.678+0800][363865.194s] GC(1504) Survivor regions: 2->2(39)
[2024-04-13T03:00:08.678+0800][363865.194s] GC(1504) Old regions: 74->74
[2024-04-13T03:00:08.678+0800][363865.194s] GC(1504) Humongous regions: 4->4
[2024-04-13T03:00:08.678+0800][363865.194s] GC(1504) Metaspace: 69653K(70272K)->69653K(70272K) NonClass: 61910K(62272K)->61910K(62272K) Class: 7743K(8000K)->7743K(8000K)
[2024-04-13T03:00:08.678+0800][363865.194s] GC(1504) Pause Young (Normal) (G1 Evacuation Pause) 383M->78M(512M) 2.931ms
[2024-04-13T03:00:08.678+0800][363865.194s] GC(1504) User=0.00s Sys=0.00s Real=0.00s
[2024-04-13T03:00:10.006+0800][363866.522s] GC(1505) Pause Young (Normal) (G1 Evacuation Pause)
[2024-04-13T03:00:10.006+0800][363866.522s] GC(1505) Using 13 workers of 13 for evacuation
[2024-04-13T03:00:10.009+0800][363866.524s] GC(1505)   Pre Evacuate Collection Set: 0.1ms
[2024-04-13T03:00:10.009+0800][363866.524s] GC(1505)   Merge Heap Roots: 0.1ms
[2024-04-13T03:00:10.009+0800][363866.525s] GC(1505)   Evacuate Collection Set: 1.7ms
[2024-04-13T03:00:10.009+0800][363866.525s] GC(1505)   Post Evacuate Collection Set: 0.4ms
[2024-04-13T03:00:10.009+0800][363866.525s] GC(1505)   Other: 0.1ms
[2024-04-13T03:00:10.009+0800][363866.525s] GC(1505) Eden regions: 305->0(305)
[2024-04-13T03:00:10.009+0800][363866.525s] GC(1505) Survivor regions: 2->2(39)
[2024-04-13T03:00:10.009+0800][363866.525s] GC(1505) Old regions: 74->74
[2024-04-13T03:00:10.009+0800][363866.525s] GC(1505) Humongous regions: 4->4
[2024-04-13T03:00:10.009+0800][363866.525s] GC(1505) Metaspace: 69653K(70272K)->69653K(70272K) NonClass: 61910K(62272K)->61910K(62272K) Class: 7743K(8000K)->7743K(8000K)
[2024-04-13T03:00:10.009+0800][363866.525s] GC(1505) Pause Young (Normal) (G1 Evacuation Pause) 383M->78M(512M) 2.635ms
[2024-04-13T03:00:10.009+0800][363866.525s] GC(1505) User=0.00s Sys=0.00s Real=0.00s
[2024-04-13T03:00:11.355+0800][363867.871s] GC(1506) Pause Young (Normal) (G1 Evacuation Pause)
[2024-04-13T03:00:11.355+0800][363867.871s] GC(1506) Using 13 workers of 13 for evacuation
[2024-04-13T03:00:11.357+0800][363867.873s] GC(1506)   Pre Evacuate Collection Set: 0.2ms
[2024-04-13T03:00:11.357+0800][363867.873s] GC(1506)   Merge Heap Roots: 0.1ms
[2024-04-13T03:00:11.357+0800][363867.873s] GC(1506)   Evacuate Collection Set: 1.3ms
[2024-04-13T03:00:11.357+0800][363867.873s] GC(1506)   Post Evacuate Collection Set: 0.4ms
[2024-04-13T03:00:11.357+0800][363867.873s] GC(1506)   Other: 0.1ms
[2024-04-13T03:00:11.357+0800][363867.873s] GC(1506) Eden regions: 305->0(305)
[2024-04-13T03:00:11.357+0800][363867.873s] GC(1506) Survivor regions: 2->2(39)
[2024-04-13T03:00:11.357+0800][363867.873s] GC(1506) Old regions: 74->74
[2024-04-13T03:00:11.357+0800][363867.873s] GC(1506) Humongous regions: 4->4
[2024-04-13T03:00:11.357+0800][363867.873s] GC(1506) Metaspace: 69653K(70272K)->69653K(70272K) NonClass: 61910K(62272K)->61910K(62272K) Class: 7743K(8000K)->7743K(8000K)
[2024-04-13T03:00:11.357+0800][363867.873s] GC(1506) Pause Young (Normal) (G1 Evacuation Pause) 383M->79M(512M) 2.246ms
[2024-04-13T03:00:11.357+0800][363867.873s] GC(1506) User=0.00s Sys=0.00s Real=0.00s
[2024-04-13T03:00:12.652+0800][363869.168s] GC(1507) Pause Young (Normal) (G1 Evacuation Pause)
[2024-04-13T03:00:12.652+0800][363869.168s] GC(1507) Using 13 workers of 13 for evacuation
[2024-04-13T03:00:12.654+0800][363869.170s] GC(1507)   Pre Evacuate Collection Set: 0.2ms
[2024-04-13T03:00:12.655+0800][363869.171s] GC(1507)   Merge Heap Roots: 0.1ms
[2024-04-13T03:00:12.655+0800][363869.171s] GC(1507)   Evacuate Collection Set: 1.2ms
[2024-04-13T03:00:12.655+0800][363869.171s] GC(1507)   Post Evacuate Collection Set: 0.5ms
[2024-04-13T03:00:12.655+0800][363869.171s] GC(1507)   Other: 0.1ms
[2024-04-13T03:00:12.655+0800][363869.171s] GC(1507) Eden regions: 305->0(305)
[2024-04-13T03:00:12.655+0800][363869.171s] GC(1507) Survivor regions: 2->2(39)
[2024-04-13T03:00:12.655+0800][363869.171s] GC(1507) Old regions: 74->74
[2024-04-13T03:00:12.655+0800][363869.171s] GC(1507) Humongous regions: 4->4
[2024-04-13T03:00:12.655+0800][363869.171s] GC(1507) Metaspace: 69653K(70272K)->69653K(70272K) NonClass: 61910K(62272K)->61910K(62272K) Class: 7743K(8000K)->7743K(8000K)
[2024-04-13T03:00:12.655+0800][363869.171s] GC(1507) Pause Young (Normal) (G1 Evacuation Pause) 384M->78M(512M) 2.413ms
[2024-04-13T03:00:12.655+0800][363869.171s] GC(1507) User=0.00s Sys=0.00s Real=0.00s
[2024-04-13T03:00:13.890+0800][363870.406s] GC(1508) Pause Young (Normal) (G1 Evacuation Pause)
[2024-04-13T03:00:13.891+0800][363870.406s] GC(1508) Using 13 workers of 13 for evacuation
[2024-04-13T03:00:13.893+0800][363870.409s] GC(1508)   Pre Evacuate Collection Set: 0.2ms
[2024-04-13T03:00:13.893+0800][363870.409s] GC(1508)   Merge Heap Roots: 0.2ms
[2024-04-13T03:00:13.893+0800][363870.409s] GC(1508)   Evacuate Collection Set: 1.7ms
[2024-04-13T03:00:13.893+0800][363870.409s] GC(1508)   Post Evacuate Collection Set: 0.5ms
[2024-04-13T03:00:13.893+0800][363870.409s] GC(1508)   Other: 0.1ms
[2024-04-13T03:00:13.893+0800][363870.409s] GC(1508) Eden regions: 305->0(305)
[2024-04-13T03:00:13.893+0800][363870.409s] GC(1508) Survivor regions: 2->2(39)
[2024-04-13T03:00:13.893+0800][363870.409s] GC(1508) Old regions: 74->74
[2024-04-13T03:00:13.893+0800][363870.409s] GC(1508) Humongous regions: 4->4
[2024-04-13T03:00:13.893+0800][363870.409s] GC(1508) Metaspace: 69653K(70272K)->69653K(70272K) NonClass: 61910K(62272K)->61910K(62272K) Class: 7743K(8000K)->7743K(8000K)
[2024-04-13T03:00:13.893+0800][363870.409s] GC(1508) Pause Young (Normal) (G1 Evacuation Pause) 383M->79M(512M) 2.883ms
[2024-04-13T03:00:13.893+0800][363870.409s] GC(1508) User=0.00s Sys=0.00s Real=0.00s
[2024-04-13T03:00:15.232+0800][363871.748s] GC(1509) Pause Young (Normal) (G1 Evacuation Pause)
[2024-04-13T03:00:15.232+0800][363871.748s] GC(1509) Using 13 workers of 13 for evacuation
[2024-04-13T03:00:15.235+0800][363871.751s] GC(1509)   Pre Evacuate Collection Set: 0.2ms
[2024-04-13T03:00:15.235+0800][363871.751s] GC(1509)   Merge Heap Roots: 0.1ms
[2024-04-13T03:00:15.235+0800][363871.751s] GC(1509)   Evacuate Collection Set: 1.4ms
[2024-04-13T03:00:15.235+0800][363871.751s] GC(1509)   Post Evacuate Collection Set: 0.6ms
[2024-04-13T03:00:15.235+0800][363871.751s] GC(1509)   Other: 0.1ms
[2024-04-13T03:00:15.235+0800][363871.751s] GC(1509) Eden regions: 305->0(305)
[2024-04-13T03:00:15.235+0800][363871.751s] GC(1509) Survivor regions: 2->2(39)
[2024-04-13T03:00:15.235+0800][363871.751s] GC(1509) Old regions: 74->74
[2024-04-13T03:00:15.235+0800][363871.751s] GC(1509) Humongous regions: 4->4
[2024-04-13T03:00:15.235+0800][363871.751s] GC(1509) Metaspace: 69653K(70272K)->69653K(70272K) NonClass: 61910K(62272K)->61910K(62272K) Class: 7743K(8000K)->7743K(8000K)
[2024-04-13T03:00:15.235+0800][363871.751s] GC(1509) Pause Young (Normal) (G1 Evacuation Pause) 384M->78M(512M) 2.617ms
[2024-04-13T03:00:15.235+0800][363871.751s] GC(1509) User=0.00s Sys=0.00s Real=0.00s
[2024-04-13T03:00:16.644+0800][363873.161s] GC(1510) Pause Young (Normal) (G1 Evacuation Pause)
[2024-04-13T03:00:16.644+0800][363873.161s] GC(1510) Using 13 workers of 13 for evacuation
[2024-04-13T03:00:16.646+0800][363873.163s] GC(1510)   Pre Evacuate Collection Set: 0.2ms
[2024-04-13T03:00:16.646+0800][363873.163s] GC(1510)   Merge Heap Roots: 0.1ms
[2024-04-13T03:00:16.646+0800][363873.163s] GC(1510)   Evacuate Collection Set: 1.4ms
[2024-04-13T03:00:16.646+0800][363873.163s] GC(1510)   Post Evacuate Collection Set: 0.3ms
[2024-04-13T03:00:16.646+0800][363873.163s] GC(1510)   Other: 0.1ms
[2024-04-13T03:00:16.646+0800][363873.163s] GC(1510) Eden regions: 305->0(305)
[2024-04-13T03:00:16.646+0800][363873.163s] GC(1510) Survivor regions: 2->2(39)
[2024-04-13T03:00:16.647+0800][363873.163s] GC(1510) Old regions: 74->74
[2024-04-13T03:00:16.647+0800][363873.163s] GC(1510) Humongous regions: 4->4
[2024-04-13T03:00:16.647+0800][363873.163s] GC(1510) Metaspace: 69653K(70272K)->69653K(70272K) NonClass: 61910K(62272K)->61910K(62272K) Class: 7743K(8000K)->7743K(8000K)
[2024-04-13T03:00:16.647+0800][363873.163s] GC(1510) Pause Young (Normal) (G1 Evacuation Pause) 383M->79M(512M) 2.324ms
[2024-04-13T03:00:16.647+0800][363873.163s] GC(1510) User=0.00s Sys=0.00s Real=0.00s
[2024-04-13T03:00:17.938+0800][363874.454s] GC(1511) Pause Young (Normal) (G1 Evacuation Pause)
[2024-04-13T03:00:17.938+0800][363874.454s] GC(1511) Using 13 workers of 13 for evacuation
[2024-04-13T03:00:17.940+0800][363874.456s] GC(1511)   Pre Evacuate Collection Set: 0.1ms
[2024-04-13T03:00:17.940+0800][363874.456s] GC(1511)   Merge Heap Roots: 0.1ms
[2024-04-13T03:00:17.940+0800][363874.456s] GC(1511)   Evacuate Collection Set: 1.4ms
[2024-04-13T03:00:17.940+0800][363874.456s] GC(1511)   Post Evacuate Collection Set: 0.5ms
[2024-04-13T03:00:17.940+0800][363874.456s] GC(1511)   Other: 0.1ms
[2024-04-13T03:00:17.940+0800][363874.456s] GC(1511) Eden regions: 305->0(305)
[2024-04-13T03:00:17.940+0800][363874.456s] GC(1511) Survivor regions: 2->2(39)
[2024-04-13T03:00:17.940+0800][363874.456s] GC(1511) Old regions: 74->74
[2024-04-13T03:00:17.940+0800][363874.456s] GC(1511) Humongous regions: 4->4
[2024-04-13T03:00:17.940+0800][363874.456s] GC(1511) Metaspace: 69653K(70272K)->69653K(70272K) NonClass: 61910K(62272K)->61910K(62272K) Class: 7743K(8000K)->7743K(8000K)
[2024-04-13T03:00:17.940+0800][363874.456s] GC(1511) Pause Young (Normal) (G1 Evacuation Pause) 384M->79M(512M) 2.323ms
[2024-04-13T03:00:17.940+0800][363874.456s] GC(1511) User=0.00s Sys=0.00s Real=0.00s
[2024-04-13T03:00:19.192+0800][363875.708s] GC(1512) Pause Young (Normal) (G1 Evacuation Pause)
[2024-04-13T03:00:19.192+0800][363875.708s] GC(1512) Using 13 workers of 13 for evacuation
[2024-04-13T03:00:19.195+0800][363875.710s] GC(1512)   Pre Evacuate Collection Set: 0.1ms
[2024-04-13T03:00:19.195+0800][363875.710s] GC(1512)   Merge Heap Roots: 0.1ms
[2024-04-13T03:00:19.195+0800][363875.710s] GC(1512)   Evacuate Collection Set: 1.4ms
[2024-04-13T03:00:19.195+0800][363875.710s] GC(1512)   Post Evacuate Collection Set: 0.5ms
[2024-04-13T03:00:19.195+0800][363875.710s] GC(1512)   Other: 0.1ms
[2024-04-13T03:00:19.195+0800][363875.710s] GC(1512) Eden regions: 305->0(305)
[2024-04-13T03:00:19.195+0800][363875.710s] GC(1512) Survivor regions: 2->2(39)
[2024-04-13T03:00:19.195+0800][363875.710s] GC(1512) Old regions: 74->74
[2024-04-13T03:00:19.195+0800][363875.710s] GC(1512) Humongous regions: 4->4
[2024-04-13T03:00:19.195+0800][363875.710s] GC(1512) Metaspace: 69653K(70272K)->69653K(70272K) NonClass: 61910K(62272K)->61910K(62272K) Class: 7743K(8000K)->7743K(8000K)
[2024-04-13T03:00:19.195+0800][363875.710s] GC(1512) Pause Young (Normal) (G1 Evacuation Pause) 384M->79M(512M) 2.383ms
[2024-04-13T03:00:19.195+0800][363875.711s] GC(1512) User=0.00s Sys=0.00s Real=0.00s
[2024-04-13T03:00:20.495+0800][363877.011s] GC(1513) Pause Young (Normal) (G1 Evacuation Pause)
[2024-04-13T03:00:20.495+0800][363877.011s] GC(1513) Using 13 workers of 13 for evacuation
[2024-04-13T03:00:20.497+0800][363877.013s] GC(1513)   Pre Evacuate Collection Set: 0.1ms
[2024-04-13T03:00:20.497+0800][363877.013s] GC(1513)   Merge Heap Roots: 0.1ms
[2024-04-13T03:00:20.497+0800][363877.013s] GC(1513)   Evacuate Collection Set: 1.1ms
[2024-04-13T03:00:20.497+0800][363877.013s] GC(1513)   Post Evacuate Collection Set: 0.4ms
[2024-04-13T03:00:20.497+0800][363877.013s] GC(1513)   Other: 0.1ms
[2024-04-13T03:00:20.497+0800][363877.013s] GC(1513) Eden regions: 305->0(305)
[2024-04-13T03:00:20.497+0800][363877.013s] GC(1513) Survivor regions: 2->2(39)
[2024-04-13T03:00:20.497+0800][363877.013s] GC(1513) Old regions: 74->74
[2024-04-13T03:00:20.497+0800][363877.013s] GC(1513) Humongous regions: 4->4
[2024-04-13T03:00:20.497+0800][363877.013s] GC(1513) Metaspace: 69653K(70272K)->69653K(70272K) NonClass: 61910K(62272K)->61910K(62272K) Class: 7743K(8000K)->7743K(8000K)
[2024-04-13T03:00:20.497+0800][363877.013s] GC(1513) Pause Young (Normal) (G1 Evacuation Pause) 384M->78M(512M) 2.087ms
[2024-04-13T03:00:20.497+0800][363877.013s] GC(1513) User=0.00s Sys=0.00s Real=0.00s
[2024-04-13T03:00:21.690+0800][363878.206s] GC(1514) Pause Young (Normal) (G1 Evacuation Pause)
[2024-04-13T03:00:21.690+0800][363878.206s] GC(1514) Using 13 workers of 13 for evacuation
[2024-04-13T03:00:21.693+0800][363878.209s] GC(1514)   Pre Evacuate Collection Set: 0.2ms
[2024-04-13T03:00:21.693+0800][363878.209s] GC(1514)   Merge Heap Roots: 0.1ms
[2024-04-13T03:00:21.693+0800][363878.209s] GC(1514)   Evacuate Collection Set: 1.8ms
[2024-04-13T03:00:21.693+0800][363878.209s] GC(1514)   Post Evacuate Collection Set: 0.6ms
[2024-04-13T03:00:21.693+0800][363878.209s] GC(1514)   Other: 0.1ms
[2024-04-13T03:00:21.693+0800][363878.209s] GC(1514) Eden regions: 305->0(305)
[2024-04-13T03:00:21.693+0800][363878.209s] GC(1514) Survivor regions: 2->2(39)
[2024-04-13T03:00:21.693+0800][363878.209s] GC(1514) Old regions: 74->74
[2024-04-13T03:00:21.693+0800][363878.209s] GC(1514) Humongous regions: 4->4
[2024-04-13T03:00:21.693+0800][363878.209s] GC(1514) Metaspace: 69653K(70272K)->69653K(70272K) NonClass: 61910K(62272K)->61910K(62272K) Class: 7743K(8000K)->7743K(8000K)
[2024-04-13T03:00:21.693+0800][363878.209s] GC(1514) Pause Young (Normal) (G1 Evacuation Pause) 383M->79M(512M) 2.932ms
[2024-04-13T03:00:21.693+0800][363878.209s] GC(1514) User=0.05s Sys=0.02s Real=0.00s
[2024-04-13T03:00:23.012+0800][363879.528s] GC(1515) Pause Young (Normal) (G1 Evacuation Pause)
[2024-04-13T03:00:23.012+0800][363879.529s] GC(1515) Using 13 workers of 13 for evacuation
[2024-04-13T03:00:23.016+0800][363879.532s] GC(1515)   Pre Evacuate Collection Set: 0.3ms
[2024-04-13T03:00:23.017+0800][363879.533s] GC(1515)   Merge Heap Roots: 0.1ms
[2024-04-13T03:00:23.017+0800][363879.533s] GC(1515)   Evacuate Collection Set: 2.8ms
[2024-04-13T03:00:23.017+0800][363879.533s] GC(1515)   Post Evacuate Collection Set: 0.7ms
[2024-04-13T03:00:23.017+0800][363879.533s] GC(1515)   Other: 0.1ms
[2024-04-13T03:00:23.017+0800][363879.533s] GC(1515) Eden regions: 305->0(304)
[2024-04-13T03:00:23.017+0800][363879.533s] GC(1515) Survivor regions: 2->3(39)
[2024-04-13T03:00:23.017+0800][363879.533s] GC(1515) Old regions: 74->74
[2024-04-13T03:00:23.017+0800][363879.533s] GC(1515) Humongous regions: 4->4
[2024-04-13T03:00:23.017+0800][363879.533s] GC(1515) Metaspace: 69653K(70272K)->69653K(70272K) NonClass: 61910K(62272K)->61910K(62272K) Class: 7743K(8000K)->7743K(8000K)
[2024-04-13T03:00:23.017+0800][363879.533s] GC(1515) Pause Young (Normal) (G1 Evacuation Pause) 384M->79M(512M) 4.222ms
[2024-04-13T03:00:23.017+0800][363879.533s] GC(1515) User=0.00s Sys=0.00s Real=0.00s
[2024-04-13T03:00:24.266+0800][363880.782s] GC(1516) Pause Young (Normal) (G1 Evacuation Pause)
[2024-04-13T03:00:24.266+0800][363880.782s] GC(1516) Using 13 workers of 13 for evacuation
[2024-04-13T03:00:24.269+0800][363880.785s] GC(1516)   Pre Evacuate Collection Set: 0.2ms
[2024-04-13T03:00:24.269+0800][363880.785s] GC(1516)   Merge Heap Roots: 0.1ms
[2024-04-13T03:00:24.269+0800][363880.785s] GC(1516)   Evacuate Collection Set: 1.6ms
[2024-04-13T03:00:24.269+0800][363880.785s] GC(1516)   Post Evacuate Collection Set: 0.5ms
[2024-04-13T03:00:24.269+0800][363880.785s] GC(1516)   Other: 0.1ms
[2024-04-13T03:00:24.269+0800][363880.785s] GC(1516) Eden regions: 304->0(305)
[2024-04-13T03:00:24.269+0800][363880.785s] GC(1516) Survivor regions: 3->2(39)
[2024-04-13T03:00:24.269+0800][363880.785s] GC(1516) Old regions: 74->74
[2024-04-13T03:00:24.269+0800][363880.785s] GC(1516) Humongous regions: 4->4
[2024-04-13T03:00:24.269+0800][363880.785s] GC(1516) Metaspace: 69653K(70272K)->69653K(70272K) NonClass: 61910K(62272K)->61910K(62272K) Class: 7743K(8000K)->7743K(8000K)
[2024-04-13T03:00:24.269+0800][363880.785s] GC(1516) Pause Young (Normal) (G1 Evacuation Pause) 383M->78M(512M) 2.832ms
[2024-04-13T03:00:24.269+0800][363880.785s] GC(1516) User=0.02s Sys=0.00s Real=0.00s
[2024-04-13T03:00:25.682+0800][363882.199s] GC(1517) Pause Young (Normal) (G1 Evacuation Pause)
[2024-04-13T03:00:25.682+0800][363882.199s] GC(1517) Using 13 workers of 13 for evacuation
[2024-04-13T03:00:25.685+0800][363882.201s] GC(1517)   Pre Evacuate Collection Set: 0.3ms
[2024-04-13T03:00:25.685+0800][363882.202s] GC(1517)   Merge Heap Roots: 0.1ms
[2024-04-13T03:00:25.685+0800][363882.202s] GC(1517)   Evacuate Collection Set: 1.7ms
[2024-04-13T03:00:25.685+0800][363882.202s] GC(1517)   Post Evacuate Collection Set: 0.5ms
[2024-04-13T03:00:25.685+0800][363882.202s] GC(1517)   Other: 0.1ms
[2024-04-13T03:00:25.685+0800][363882.202s] GC(1517) Eden regions: 305->0(305)
[2024-04-13T03:00:25.685+0800][363882.202s] GC(1517) Survivor regions: 2->2(39)
[2024-04-13T03:00:25.685+0800][363882.202s] GC(1517) Old regions: 74->74
[2024-04-13T03:00:25.685+0800][363882.202s] GC(1517) Humongous regions: 4->4
[2024-04-13T03:00:25.685+0800][363882.202s] GC(1517) Metaspace: 69653K(70272K)->69653K(70272K) NonClass: 61910K(62272K)->61910K(62272K) Class: 7743K(8000K)->7743K(8000K)
[2024-04-13T03:00:25.685+0800][363882.202s] GC(1517) Pause Young (Normal) (G1 Evacuation Pause) 383M->79M(512M) 2.997ms
[2024-04-13T03:00:25.685+0800][363882.202s] GC(1517) User=0.00s Sys=0.00s Real=0.00s
[2024-04-13T03:00:26.991+0800][363883.507s] GC(1518) Pause Young (Normal) (G1 Evacuation Pause)
[2024-04-13T03:00:26.992+0800][363883.507s] GC(1518) Using 13 workers of 13 for evacuation
[2024-04-13T03:00:26.993+0800][363883.509s] GC(1518)   Pre Evacuate Collection Set: 0.1ms
[2024-04-13T03:00:26.993+0800][363883.509s] GC(1518)   Merge Heap Roots: 0.1ms
[2024-04-13T03:00:26.993+0800][363883.509s] GC(1518)   Evacuate Collection Set: 1.2ms
[2024-04-13T03:00:26.993+0800][363883.509s] GC(1518)   Post Evacuate Collection Set: 0.3ms
[2024-04-13T03:00:26.993+0800][363883.509s] GC(1518)   Other: 0.1ms
[2024-04-13T03:00:26.993+0800][363883.509s] GC(1518) Eden regions: 305->0(304)
[2024-04-13T03:00:26.993+0800][363883.509s] GC(1518) Survivor regions: 2->3(39)
[2024-04-13T03:00:26.993+0800][363883.509s] GC(1518) Old regions: 74->74
[2024-04-13T03:00:26.993+0800][363883.509s] GC(1518) Humongous regions: 4->4
[2024-04-13T03:00:26.993+0800][363883.509s] GC(1518) Metaspace: 69653K(70272K)->69653K(70272K) NonClass: 61910K(62272K)->61910K(62272K) Class: 7743K(8000K)->7743K(8000K)
[2024-04-13T03:00:26.993+0800][363883.509s] GC(1518) Pause Young (Normal) (G1 Evacuation Pause) 384M->79M(512M) 1.955ms
[2024-04-13T03:00:26.993+0800][363883.509s] GC(1518) User=0.00s Sys=0.00s Real=0.00s
[2024-04-13T03:00:28.293+0800][363884.809s] GC(1519) Pause Young (Normal) (G1 Evacuation Pause)
[2024-04-13T03:00:28.293+0800][363884.809s] GC(1519) Using 13 workers of 13 for evacuation
[2024-04-13T03:00:28.295+0800][363884.811s] GC(1519)   Pre Evacuate Collection Set: 0.2ms
[2024-04-13T03:00:28.295+0800][363884.811s] GC(1519)   Merge Heap Roots: 0.1ms
[2024-04-13T03:00:28.295+0800][363884.811s] GC(1519)   Evacuate Collection Set: 1.1ms
[2024-04-13T03:00:28.295+0800][363884.811s] GC(1519)   Post Evacuate Collection Set: 0.5ms
[2024-04-13T03:00:28.295+0800][363884.811s] GC(1519)   Other: 0.1ms
[2024-04-13T03:00:28.295+0800][363884.811s] GC(1519) Eden regions: 304->0(305)
[2024-04-13T03:00:28.295+0800][363884.811s] GC(1519) Survivor regions: 3->2(39)
[2024-04-13T03:00:28.295+0800][363884.811s] GC(1519) Old regions: 74->74
[2024-04-13T03:00:28.295+0800][363884.811s] GC(1519) Humongous regions: 4->4
[2024-04-13T03:00:28.295+0800][363884.811s] GC(1519) Metaspace: 69653K(70272K)->69653K(70272K) NonClass: 61910K(62272K)->61910K(62272K) Class: 7743K(8000K)->7743K(8000K)
[2024-04-13T03:00:28.295+0800][363884.811s] GC(1519) Pause Young (Normal) (G1 Evacuation Pause) 383M->79M(512M) 2.324ms
[2024-04-13T03:00:28.295+0800][363884.811s] GC(1519) User=0.00s Sys=0.00s Real=0.00s
[2024-04-13T03:00:29.561+0800][363886.077s] GC(1520) Pause Young (Normal) (G1 Evacuation Pause)
[2024-04-13T03:00:29.561+0800][363886.077s] GC(1520) Using 13 workers of 13 for evacuation
[2024-04-13T03:00:29.564+0800][363886.080s] GC(1520)   Pre Evacuate Collection Set: 0.2ms
[2024-04-13T03:00:29.564+0800][363886.080s] GC(1520)   Merge Heap Roots: 0.1ms
[2024-04-13T03:00:29.564+0800][363886.080s] GC(1520)   Evacuate Collection Set: 1.4ms
[2024-04-13T03:00:29.564+0800][363886.080s] GC(1520)   Post Evacuate Collection Set: 0.6ms
[2024-04-13T03:00:29.564+0800][363886.080s] GC(1520)   Other: 0.1ms
[2024-04-13T03:00:29.564+0800][363886.080s] GC(1520) Eden regions: 305->0(304)
[2024-04-13T03:00:29.564+0800][363886.080s] GC(1520) Survivor regions: 2->3(39)
[2024-04-13T03:00:29.564+0800][363886.080s] GC(1520) Old regions: 74->74
[2024-04-13T03:00:29.564+0800][363886.080s] GC(1520) Humongous regions: 4->4
[2024-04-13T03:00:29.564+0800][363886.080s] GC(1520) Metaspace: 69653K(70272K)->69653K(70272K) NonClass: 61910K(62272K)->61910K(62272K) Class: 7743K(8000K)->7743K(8000K)
[2024-04-13T03:00:29.564+0800][363886.080s] GC(1520) Pause Young (Normal) (G1 Evacuation Pause) 384M->79M(512M) 2.580ms
[2024-04-13T03:00:29.564+0800][363886.080s] GC(1520) User=0.00s Sys=0.00s Real=0.00s
[2024-04-13T03:00:30.843+0800][363887.359s] GC(1521) Pause Young (Normal) (G1 Evacuation Pause)
[2024-04-13T03:00:30.843+0800][363887.359s] GC(1521) Using 13 workers of 13 for evacuation
[2024-04-13T03:00:30.846+0800][363887.362s] GC(1521)   Pre Evacuate Collection Set: 0.3ms
[2024-04-13T03:00:30.847+0800][363887.363s] GC(1521)   Merge Heap Roots: 0.1ms
[2024-04-13T03:00:30.847+0800][363887.363s] GC(1521)   Evacuate Collection Set: 2.2ms
[2024-04-13T03:00:30.847+0800][363887.363s] GC(1521)   Post Evacuate Collection Set: 0.6ms
[2024-04-13T03:00:30.847+0800][363887.363s] GC(1521)   Other: 0.2ms
[2024-04-13T03:00:30.847+0800][363887.363s] GC(1521) Eden regions: 304->0(304)
[2024-04-13T03:00:30.847+0800][363887.363s] GC(1521) Survivor regions: 3->3(39)
[2024-04-13T03:00:30.847+0800][363887.363s] GC(1521) Old regions: 74->74
[2024-04-13T03:00:30.847+0800][363887.363s] GC(1521) Humongous regions: 4->4
[2024-04-13T03:00:30.847+0800][363887.363s] GC(1521) Metaspace: 69653K(70272K)->69653K(70272K) NonClass: 61910K(62272K)->61910K(62272K) Class: 7743K(8000K)->7743K(8000K)
[2024-04-13T03:00:30.847+0800][363887.363s] GC(1521) Pause Young (Normal) (G1 Evacuation Pause) 383M->79M(512M) 3.827ms
[2024-04-13T03:00:30.847+0800][363887.363s] GC(1521) User=0.00s Sys=0.02s Real=0.00s
[2024-04-13T03:00:32.140+0800][363888.656s] GC(1522) Pause Young (Normal) (G1 Evacuation Pause)
[2024-04-13T03:00:32.140+0800][363888.656s] GC(1522) Using 13 workers of 13 for evacuation
[2024-04-13T03:00:32.142+0800][363888.658s] GC(1522)   Pre Evacuate Collection Set: 0.1ms
[2024-04-13T03:00:32.142+0800][363888.658s] GC(1522)   Merge Heap Roots: 0.1ms
[2024-04-13T03:00:32.142+0800][363888.658s] GC(1522)   Evacuate Collection Set: 1.4ms
[2024-04-13T03:00:32.142+0800][363888.658s] GC(1522)   Post Evacuate Collection Set: 0.4ms
[2024-04-13T03:00:32.142+0800][363888.658s] GC(1522)   Other: 0.1ms
[2024-04-13T03:00:32.142+0800][363888.658s] GC(1522) Eden regions: 304->0(305)
[2024-04-13T03:00:32.142+0800][363888.658s] GC(1522) Survivor regions: 3->2(39)
[2024-04-13T03:00:32.142+0800][363888.658s] GC(1522) Old regions: 74->74
[2024-04-13T03:00:32.142+0800][363888.658s] GC(1522) Humongous regions: 4->4
[2024-04-13T03:00:32.142+0800][363888.658s] GC(1522) Metaspace: 69653K(70272K)->69653K(70272K) NonClass: 61910K(62272K)->61910K(62272K) Class: 7743K(8000K)->7743K(8000K)
[2024-04-13T03:00:32.142+0800][363888.658s] GC(1522) Pause Young (Normal) (G1 Evacuation Pause) 383M->79M(512M) 2.280ms
[2024-04-13T03:00:32.142+0800][363888.658s] GC(1522) User=0.00s Sys=0.00s Real=0.00s
[2024-04-13T03:00:33.412+0800][363889.928s] GC(1523) Pause Young (Normal) (G1 Evacuation Pause)
[2024-04-13T03:00:33.412+0800][363889.928s] GC(1523) Using 13 workers of 13 for evacuation
[2024-04-13T03:00:33.414+0800][363889.930s] GC(1523)   Pre Evacuate Collection Set: 0.1ms
[2024-04-13T03:00:33.414+0800][363889.930s] GC(1523)   Merge Heap Roots: 0.1ms
[2024-04-13T03:00:33.414+0800][363889.930s] GC(1523)   Evacuate Collection Set: 1.3ms
[2024-04-13T03:00:33.414+0800][363889.930s] GC(1523)   Post Evacuate Collection Set: 0.4ms
[2024-04-13T03:00:33.414+0800][363889.930s] GC(1523)   Other: 0.1ms
[2024-04-13T03:00:33.414+0800][363889.930s] GC(1523) Eden regions: 305->0(305)
[2024-04-13T03:00:33.414+0800][363889.930s] GC(1523) Survivor regions: 2->2(39)
[2024-04-13T03:00:33.414+0800][363889.930s] GC(1523) Old regions: 74->74
[2024-04-13T03:00:33.414+0800][363889.930s] GC(1523) Humongous regions: 4->4
[2024-04-13T03:00:33.414+0800][363889.930s] GC(1523) Metaspace: 69653K(70272K)->69653K(70272K) NonClass: 61910K(62272K)->61910K(62272K) Class: 7743K(8000K)->7743K(8000K)
[2024-04-13T03:00:33.414+0800][363889.930s] GC(1523) Pause Young (Normal) (G1 Evacuation Pause) 384M->79M(512M) 2.169ms
[2024-04-13T03:00:33.414+0800][363889.930s] GC(1523) User=0.00s Sys=0.00s Real=0.00s
[2024-04-13T03:00:34.629+0800][363891.146s] GC(1524) Pause Young (Normal) (G1 Evacuation Pause)
[2024-04-13T03:00:34.629+0800][363891.146s] GC(1524) Using 13 workers of 13 for evacuation
[2024-04-13T03:00:34.631+0800][363891.148s] GC(1524)   Pre Evacuate Collection Set: 0.1ms
[2024-04-13T03:00:34.632+0800][363891.148s] GC(1524)   Merge Heap Roots: 0.1ms
[2024-04-13T03:00:34.632+0800][363891.148s] GC(1524)   Evacuate Collection Set: 1.4ms
[2024-04-13T03:00:34.632+0800][363891.148s] GC(1524)   Post Evacuate Collection Set: 0.4ms
[2024-04-13T03:00:34.632+0800][363891.148s] GC(1524)   Other: 0.1ms
[2024-04-13T03:00:34.632+0800][363891.148s] GC(1524) Eden regions: 305->0(305)
[2024-04-13T03:00:34.632+0800][363891.148s] GC(1524) Survivor regions: 2->2(39)
[2024-04-13T03:00:34.632+0800][363891.148s] GC(1524) Old regions: 74->74
[2024-04-13T03:00:34.632+0800][363891.148s] GC(1524) Humongous regions: 4->4
[2024-04-13T03:00:34.632+0800][363891.148s] GC(1524) Metaspace: 69653K(70272K)->69653K(70272K) NonClass: 61910K(62272K)->61910K(62272K) Class: 7743K(8000K)->7743K(8000K)
[2024-04-13T03:00:34.632+0800][363891.148s] GC(1524) Pause Young (Normal) (G1 Evacuation Pause) 384M->79M(512M) 2.267ms
[2024-04-13T03:00:34.632+0800][363891.148s] GC(1524) User=0.00s Sys=0.00s Real=0.00s
[2024-04-13T03:00:35.877+0800][363892.393s] GC(1525) Pause Young (Normal) (G1 Evacuation Pause)
[2024-04-13T03:00:35.877+0800][363892.393s] GC(1525) Using 13 workers of 13 for evacuation
[2024-04-13T03:00:35.880+0800][363892.395s] GC(1525)   Pre Evacuate Collection Set: 0.2ms
[2024-04-13T03:00:35.880+0800][363892.396s] GC(1525)   Merge Heap Roots: 0.1ms
[2024-04-13T03:00:35.880+0800][363892.396s] GC(1525)   Evacuate Collection Set: 1.3ms
[2024-04-13T03:00:35.880+0800][363892.396s] GC(1525)   Post Evacuate Collection Set: 0.5ms
[2024-04-13T03:00:35.880+0800][363892.396s] GC(1525)   Other: 0.1ms
[2024-04-13T03:00:35.880+0800][363892.396s] GC(1525) Eden regions: 305->0(305)
[2024-04-13T03:00:35.880+0800][363892.396s] GC(1525) Survivor regions: 2->2(39)
[2024-04-13T03:00:35.880+0800][363892.396s] GC(1525) Old regions: 74->74
[2024-04-13T03:00:35.880+0800][363892.396s] GC(1525) Humongous regions: 4->4
[2024-04-13T03:00:35.880+0800][363892.396s] GC(1525) Metaspace: 69653K(70272K)->69653K(70272K) NonClass: 61910K(62272K)->61910K(62272K) Class: 7743K(8000K)->7743K(8000K)
[2024-04-13T03:00:35.880+0800][363892.396s] GC(1525) Pause Young (Normal) (G1 Evacuation Pause) 384M->79M(512M) 2.335ms
[2024-04-13T03:00:35.880+0800][363892.396s] GC(1525) User=0.00s Sys=0.00s Real=0.00s
[2024-04-13T03:00:37.135+0800][363893.651s] GC(1526) Pause Young (Normal) (G1 Evacuation Pause)
[2024-04-13T03:00:37.135+0800][363893.651s] GC(1526) Using 13 workers of 13 for evacuation
[2024-04-13T03:00:37.137+0800][363893.653s] GC(1526)   Pre Evacuate Collection Set: 0.1ms
[2024-04-13T03:00:37.137+0800][363893.653s] GC(1526)   Merge Heap Roots: 0.1ms
[2024-04-13T03:00:37.137+0800][363893.653s] GC(1526)   Evacuate Collection Set: 1.3ms
[2024-04-13T03:00:37.137+0800][363893.653s] GC(1526)   Post Evacuate Collection Set: 0.5ms
[2024-04-13T03:00:37.137+0800][363893.653s] GC(1526)   Other: 0.1ms
[2024-04-13T03:00:37.137+0800][363893.653s] GC(1526) Eden regions: 305->0(305)
[2024-04-13T03:00:37.137+0800][363893.653s] GC(1526) Survivor regions: 2->2(39)
[2024-04-13T03:00:37.137+0800][363893.653s] GC(1526) Old regions: 74->74
[2024-04-13T03:00:37.137+0800][363893.653s] GC(1526) Humongous regions: 4->4
[2024-04-13T03:00:37.137+0800][363893.653s] GC(1526) Metaspace: 69653K(70272K)->69653K(70272K) NonClass: 61910K(62272K)->61910K(62272K) Class: 7743K(8000K)->7743K(8000K)
[2024-04-13T03:00:37.137+0800][363893.653s] GC(1526) Pause Young (Normal) (G1 Evacuation Pause) 384M->79M(512M) 2.378ms
[2024-04-13T03:00:37.137+0800][363893.653s] GC(1526) User=0.00s Sys=0.00s Real=0.00s
[2024-04-13T03:00:38.378+0800][363894.894s] GC(1527) Pause Young (Normal) (G1 Evacuation Pause)
[2024-04-13T03:00:38.378+0800][363894.894s] GC(1527) Using 13 workers of 13 for evacuation
[2024-04-13T03:00:38.381+0800][363894.896s] GC(1527)   Pre Evacuate Collection Set: 0.1ms
[2024-04-13T03:00:38.381+0800][363894.896s] GC(1527)   Merge Heap Roots: 0.1ms
[2024-04-13T03:00:38.381+0800][363894.896s] GC(1527)   Evacuate Collection Set: 1.9ms
[2024-04-13T03:00:38.381+0800][363894.896s] GC(1527)   Post Evacuate Collection Set: 0.5ms
[2024-04-13T03:00:38.381+0800][363894.896s] GC(1527)   Other: 0.1ms
[2024-04-13T03:00:38.381+0800][363894.896s] GC(1527) Eden regions: 305->0(305)
[2024-04-13T03:00:38.381+0800][363894.897s] GC(1527) Survivor regions: 2->2(39)
[2024-04-13T03:00:38.381+0800][363894.897s] GC(1527) Old regions: 74->74
[2024-04-13T03:00:38.381+0800][363894.897s] GC(1527) Humongous regions: 4->4
[2024-04-13T03:00:38.381+0800][363894.897s] GC(1527) Metaspace: 69653K(70272K)->69653K(70272K) NonClass: 61910K(62272K)->61910K(62272K) Class: 7743K(8000K)->7743K(8000K)
[2024-04-13T03:00:38.381+0800][363894.897s] GC(1527) Pause Young (Normal) (G1 Evacuation Pause) 384M->79M(512M) 2.938ms
[2024-04-13T03:00:38.381+0800][363894.897s] GC(1527) User=0.05s Sys=0.00s Real=0.00s
[2024-04-13T03:00:39.593+0800][363896.108s] GC(1528) Pause Young (Normal) (G1 Evacuation Pause)
[2024-04-13T03:00:39.593+0800][363896.109s] GC(1528) Using 13 workers of 13 for evacuation
[2024-04-13T03:00:39.595+0800][363896.111s] GC(1528)   Pre Evacuate Collection Set: 0.2ms
[2024-04-13T03:00:39.595+0800][363896.111s] GC(1528)   Merge Heap Roots: 0.1ms
[2024-04-13T03:00:39.595+0800][363896.111s] GC(1528)   Evacuate Collection Set: 1.3ms
[2024-04-13T03:00:39.595+0800][363896.111s] GC(1528)   Post Evacuate Collection Set: 0.5ms
[2024-04-13T03:00:39.595+0800][363896.111s] GC(1528)   Other: 0.1ms
[2024-04-13T03:00:39.595+0800][363896.111s] GC(1528) Eden regions: 305->0(305)
[2024-04-13T03:00:39.595+0800][363896.111s] GC(1528) Survivor regions: 2->2(39)
[2024-04-13T03:00:39.595+0800][363896.111s] GC(1528) Old regions: 74->74
[2024-04-13T03:00:39.595+0800][363896.111s] GC(1528) Humongous regions: 4->4
[2024-04-13T03:00:39.595+0800][363896.111s] GC(1528) Metaspace: 69653K(70272K)->69653K(70272K) NonClass: 61910K(62272K)->61910K(62272K) Class: 7743K(8000K)->7743K(8000K)
[2024-04-13T03:00:39.595+0800][363896.111s] GC(1528) Pause Young (Normal) (G1 Evacuation Pause) 384M->79M(512M) 2.291ms
[2024-04-13T03:00:39.595+0800][363896.111s] GC(1528) User=0.00s Sys=0.00s Real=0.00s
[2024-04-13T03:00:40.844+0800][363897.360s] GC(1529) Pause Young (Normal) (G1 Evacuation Pause)
[2024-04-13T03:00:40.844+0800][363897.360s] GC(1529) Using 13 workers of 13 for evacuation
[2024-04-13T03:00:40.847+0800][363897.363s] GC(1529)   Pre Evacuate Collection Set: 0.2ms
[2024-04-13T03:00:40.847+0800][363897.363s] GC(1529)   Merge Heap Roots: 0.1ms
[2024-04-13T03:00:40.847+0800][363897.363s] GC(1529)   Evacuate Collection Set: 1.3ms
[2024-04-13T03:00:40.847+0800][363897.363s] GC(1529)   Post Evacuate Collection Set: 0.6ms
[2024-04-13T03:00:40.847+0800][363897.363s] GC(1529)   Other: 0.1ms
[2024-04-13T03:00:40.847+0800][363897.363s] GC(1529) Eden regions: 305->0(305)
[2024-04-13T03:00:40.847+0800][363897.363s] GC(1529) Survivor regions: 2->2(39)
[2024-04-13T03:00:40.847+0800][363897.363s] GC(1529) Old regions: 74->74
[2024-04-13T03:00:40.847+0800][363897.363s] GC(1529) Humongous regions: 4->4
[2024-04-13T03:00:40.847+0800][363897.363s] GC(1529) Metaspace: 69653K(70272K)->69653K(70272K) NonClass: 61910K(62272K)->61910K(62272K) Class: 7743K(8000K)->7743K(8000K)
[2024-04-13T03:00:40.847+0800][363897.363s] GC(1529) Pause Young (Normal) (G1 Evacuation Pause) 384M->79M(512M) 2.462ms
[2024-04-13T03:00:40.847+0800][363897.363s] GC(1529) User=0.00s Sys=0.00s Real=0.00s
[2024-04-13T03:00:42.068+0800][363898.584s] GC(1530) Pause Young (Normal) (G1 Evacuation Pause)
[2024-04-13T03:00:42.068+0800][363898.584s] GC(1530) Using 13 workers of 13 for evacuation
[2024-04-13T03:00:42.070+0800][363898.586s] GC(1530)   Pre Evacuate Collection Set: 0.1ms
[2024-04-13T03:00:42.070+0800][363898.586s] GC(1530)   Merge Heap Roots: 0.1ms
[2024-04-13T03:00:42.070+0800][363898.586s] GC(1530)   Evacuate Collection Set: 1.2ms
[2024-04-13T03:00:42.070+0800][363898.586s] GC(1530)   Post Evacuate Collection Set: 0.5ms
[2024-04-13T03:00:42.070+0800][363898.586s] GC(1530)   Other: 0.1ms
[2024-04-13T03:00:42.070+0800][363898.586s] GC(1530) Eden regions: 305->0(305)
[2024-04-13T03:00:42.070+0800][363898.586s] GC(1530) Survivor regions: 2->2(39)
[2024-04-13T03:00:42.070+0800][363898.586s] GC(1530) Old regions: 74->74
[2024-04-13T03:00:42.070+0800][363898.586s] GC(1530) Humongous regions: 4->4
[2024-04-13T03:00:42.070+0800][363898.586s] GC(1530) Metaspace: 69653K(70272K)->69653K(70272K) NonClass: 61910K(62272K)->61910K(62272K) Class: 7743K(8000K)->7743K(8000K)
[2024-04-13T03:00:42.070+0800][363898.586s] GC(1530) Pause Young (Normal) (G1 Evacuation Pause) 384M->79M(512M) 2.162ms
[2024-04-13T03:00:42.070+0800][363898.586s] GC(1530) User=0.00s Sys=0.00s Real=0.00s
[2024-04-13T03:00:43.252+0800][363899.768s] GC(1531) Pause Young (Normal) (G1 Evacuation Pause)
[2024-04-13T03:00:43.252+0800][363899.768s] GC(1531) Using 13 workers of 13 for evacuation
[2024-04-13T03:00:43.254+0800][363899.770s] GC(1531)   Pre Evacuate Collection Set: 0.2ms
[2024-04-13T03:00:43.254+0800][363899.770s] GC(1531)   Merge Heap Roots: 0.1ms
[2024-04-13T03:00:43.254+0800][363899.770s] GC(1531)   Evacuate Collection Set: 1.2ms
[2024-04-13T03:00:43.254+0800][363899.770s] GC(1531)   Post Evacuate Collection Set: 0.5ms
[2024-04-13T03:00:43.254+0800][363899.770s] GC(1531)   Other: 0.1ms
[2024-04-13T03:00:43.254+0800][363899.770s] GC(1531) Eden regions: 305->0(305)
[2024-04-13T03:00:43.254+0800][363899.770s] GC(1531) Survivor regions: 2->2(39)
[2024-04-13T03:00:43.254+0800][363899.770s] GC(1531) Old regions: 74->74
[2024-04-13T03:00:43.254+0800][363899.770s] GC(1531) Humongous regions: 4->4
[2024-04-13T03:00:43.254+0800][363899.770s] GC(1531) Metaspace: 69653K(70272K)->69653K(70272K) NonClass: 61910K(62272K)->61910K(62272K) Class: 7743K(8000K)->7743K(8000K)
[2024-04-13T03:00:43.254+0800][363899.770s] GC(1531) Pause Young (Normal) (G1 Evacuation Pause) 384M->79M(512M) 2.232ms
[2024-04-13T03:00:43.254+0800][363899.771s] GC(1531) User=0.02s Sys=0.00s Real=0.00s
[2024-04-13T03:00:44.539+0800][363901.055s] GC(1532) Pause Young (Normal) (G1 Evacuation Pause)
[2024-04-13T03:00:44.539+0800][363901.055s] GC(1532) Using 13 workers of 13 for evacuation
[2024-04-13T03:00:44.541+0800][363901.057s] GC(1532)   Pre Evacuate Collection Set: 0.1ms
[2024-04-13T03:00:44.541+0800][363901.057s] GC(1532)   Merge Heap Roots: 0.1ms
[2024-04-13T03:00:44.541+0800][363901.057s] GC(1532)   Evacuate Collection Set: 1.1ms
[2024-04-13T03:00:44.541+0800][363901.057s] GC(1532)   Post Evacuate Collection Set: 0.4ms
[2024-04-13T03:00:44.541+0800][363901.057s] GC(1532)   Other: 0.1ms
[2024-04-13T03:00:44.541+0800][363901.057s] GC(1532) Eden regions: 305->0(305)
[2024-04-13T03:00:44.541+0800][363901.057s] GC(1532) Survivor regions: 2->2(39)
[2024-04-13T03:00:44.541+0800][363901.057s] GC(1532) Old regions: 74->74
[2024-04-13T03:00:44.541+0800][363901.057s] GC(1532) Humongous regions: 4->4
[2024-04-13T03:00:44.541+0800][363901.057s] GC(1532) Metaspace: 69653K(70272K)->69653K(70272K) NonClass: 61910K(62272K)->61910K(62272K) Class: 7743K(8000K)->7743K(8000K)
[2024-04-13T03:00:44.541+0800][363901.057s] GC(1532) Pause Young (Normal) (G1 Evacuation Pause) 384M->79M(512M) 1.965ms
[2024-04-13T03:00:44.541+0800][363901.057s] GC(1532) User=0.00s Sys=0.00s Real=0.00s
[2024-04-13T03:00:45.837+0800][363902.353s] GC(1533) Pause Young (Normal) (G1 Evacuation Pause)
[2024-04-13T03:00:45.837+0800][363902.353s] GC(1533) Using 13 workers of 13 for evacuation
[2024-04-13T03:00:45.840+0800][363902.355s] GC(1533)   Pre Evacuate Collection Set: 0.2ms
[2024-04-13T03:00:45.840+0800][363902.355s] GC(1533)   Merge Heap Roots: 0.1ms
[2024-04-13T03:00:45.840+0800][363902.355s] GC(1533)   Evacuate Collection Set: 1.3ms
[2024-04-13T03:00:45.840+0800][363902.355s] GC(1533)   Post Evacuate Collection Set: 0.5ms
[2024-04-13T03:00:45.840+0800][363902.355s] GC(1533)   Other: 0.1ms
[2024-04-13T03:00:45.840+0800][363902.355s] GC(1533) Eden regions: 305->0(305)
[2024-04-13T03:00:45.840+0800][363902.355s] GC(1533) Survivor regions: 2->2(39)
[2024-04-13T03:00:45.840+0800][363902.355s] GC(1533) Old regions: 74->75
[2024-04-13T03:00:45.840+0800][363902.355s] GC(1533) Humongous regions: 4->4
[2024-04-13T03:00:45.840+0800][363902.355s] GC(1533) Metaspace: 69653K(70272K)->69653K(70272K) NonClass: 61910K(62272K)->61910K(62272K) Class: 7743K(8000K)->7743K(8000K)
[2024-04-13T03:00:45.840+0800][363902.355s] GC(1533) Pause Young (Normal) (G1 Evacuation Pause) 384M->79M(512M) 2.405ms
[2024-04-13T03:00:45.840+0800][363902.355s] GC(1533) User=0.00s Sys=0.00s Real=0.00s
[2024-04-13T03:00:47.089+0800][363903.605s] GC(1534) Pause Young (Normal) (G1 Evacuation Pause)
[2024-04-13T03:00:47.090+0800][363903.605s] GC(1534) Using 13 workers of 13 for evacuation
[2024-04-13T03:00:47.093+0800][363903.609s] GC(1534)   Pre Evacuate Collection Set: 0.3ms
[2024-04-13T03:00:47.093+0800][363903.609s] GC(1534)   Merge Heap Roots: 0.2ms
[2024-04-13T03:00:47.093+0800][363903.609s] GC(1534)   Evacuate Collection Set: 1.8ms
[2024-04-13T03:00:47.093+0800][363903.609s] GC(1534)   Post Evacuate Collection Set: 1.1ms
[2024-04-13T03:00:47.093+0800][363903.609s] GC(1534)   Other: 0.1ms
[2024-04-13T03:00:47.093+0800][363903.609s] GC(1534) Eden regions: 305->0(305)
[2024-04-13T03:00:47.093+0800][363903.609s] GC(1534) Survivor regions: 2->2(39)
[2024-04-13T03:00:47.093+0800][363903.609s] GC(1534) Old regions: 75->75
[2024-04-13T03:00:47.093+0800][363903.609s] GC(1534) Humongous regions: 4->4
[2024-04-13T03:00:47.093+0800][363903.609s] GC(1534) Metaspace: 69653K(70272K)->69653K(70272K) NonClass: 61910K(62272K)->61910K(62272K) Class: 7743K(8000K)->7743K(8000K)
[2024-04-13T03:00:47.093+0800][363903.609s] GC(1534) Pause Young (Normal) (G1 Evacuation Pause) 384M->79M(512M) 3.729ms
[2024-04-13T03:00:47.093+0800][363903.609s] GC(1534) User=0.00s Sys=0.00s Real=0.00s
[2024-04-13T03:00:48.455+0800][363904.971s] GC(1535) Pause Young (Normal) (G1 Evacuation Pause)
[2024-04-13T03:00:48.455+0800][363904.971s] GC(1535) Using 13 workers of 13 for evacuation
[2024-04-13T03:00:48.457+0800][363904.973s] GC(1535)   Pre Evacuate Collection Set: 0.1ms
[2024-04-13T03:00:48.457+0800][363904.973s] GC(1535)   Merge Heap Roots: 0.1ms
[2024-04-13T03:00:48.457+0800][363904.973s] GC(1535)   Evacuate Collection Set: 1.5ms
[2024-04-13T03:00:48.457+0800][363904.973s] GC(1535)   Post Evacuate Collection Set: 0.4ms
[2024-04-13T03:00:48.457+0800][363904.973s] GC(1535)   Other: 0.1ms
[2024-04-13T03:00:48.457+0800][363904.973s] GC(1535) Eden regions: 305->0(305)
[2024-04-13T03:00:48.457+0800][363904.973s] GC(1535) Survivor regions: 2->2(39)
[2024-04-13T03:00:48.457+0800][363904.973s] GC(1535) Old regions: 75->75
[2024-04-13T03:00:48.457+0800][363904.973s] GC(1535) Humongous regions: 4->4
[2024-04-13T03:00:48.457+0800][363904.973s] GC(1535) Metaspace: 69653K(70272K)->69653K(70272K) NonClass: 61910K(62272K)->61910K(62272K) Class: 7743K(8000K)->7743K(8000K)
[2024-04-13T03:00:48.457+0800][363904.973s] GC(1535) Pause Young (Normal) (G1 Evacuation Pause) 384M->79M(512M) 2.427ms
[2024-04-13T03:00:48.457+0800][363904.973s] GC(1535) User=0.03s Sys=0.00s Real=0.00s
[2024-04-13T03:00:49.800+0800][363906.316s] GC(1536) Pause Young (Normal) (G1 Evacuation Pause)
[2024-04-13T03:00:49.800+0800][363906.316s] GC(1536) Using 13 workers of 13 for evacuation
[2024-04-13T03:00:49.802+0800][363906.318s] GC(1536)   Pre Evacuate Collection Set: 0.1ms
[2024-04-13T03:00:49.802+0800][363906.318s] GC(1536)   Merge Heap Roots: 0.1ms
[2024-04-13T03:00:49.802+0800][363906.318s] GC(1536)   Evacuate Collection Set: 1.3ms
[2024-04-13T03:00:49.802+0800][363906.318s] GC(1536)   Post Evacuate Collection Set: 0.3ms
[2024-04-13T03:00:49.802+0800][363906.318s] GC(1536)   Other: 0.1ms
[2024-04-13T03:00:49.802+0800][363906.318s] GC(1536) Eden regions: 305->0(304)
[2024-04-13T03:00:49.802+0800][363906.318s] GC(1536) Survivor regions: 2->3(39)
[2024-04-13T03:00:49.802+0800][363906.318s] GC(1536) Old regions: 75->75
[2024-04-13T03:00:49.802+0800][363906.318s] GC(1536) Humongous regions: 4->4
[2024-04-13T03:00:49.802+0800][363906.318s] GC(1536) Metaspace: 69653K(70272K)->69653K(70272K) NonClass: 61910K(62272K)->61910K(62272K) Class: 7743K(8000K)->7743K(8000K)
[2024-04-13T03:00:49.802+0800][363906.318s] GC(1536) Pause Young (Normal) (G1 Evacuation Pause) 384M->80M(512M) 2.045ms
[2024-04-13T03:00:49.802+0800][363906.318s] GC(1536) User=0.03s Sys=0.02s Real=0.00s
[2024-04-13T03:00:51.046+0800][363907.562s] GC(1537) Pause Young (Normal) (G1 Evacuation Pause)
[2024-04-13T03:00:51.046+0800][363907.562s] GC(1537) Using 13 workers of 13 for evacuation
[2024-04-13T03:00:51.048+0800][363907.564s] GC(1537)   Pre Evacuate Collection Set: 0.1ms
[2024-04-13T03:00:51.048+0800][363907.564s] GC(1537)   Merge Heap Roots: 0.1ms
[2024-04-13T03:00:51.048+0800][363907.564s] GC(1537)   Evacuate Collection Set: 1.4ms
[2024-04-13T03:00:51.048+0800][363907.564s] GC(1537)   Post Evacuate Collection Set: 0.6ms
[2024-04-13T03:00:51.048+0800][363907.564s] GC(1537)   Other: 0.1ms
[2024-04-13T03:00:51.048+0800][363907.564s] GC(1537) Eden regions: 304->0(305)
[2024-04-13T03:00:51.048+0800][363907.564s] GC(1537) Survivor regions: 3->2(39)
[2024-04-13T03:00:51.048+0800][363907.564s] GC(1537) Old regions: 75->75
[2024-04-13T03:00:51.048+0800][363907.564s] GC(1537) Humongous regions: 4->4
[2024-04-13T03:00:51.048+0800][363907.564s] GC(1537) Metaspace: 69653K(70272K)->69653K(70272K) NonClass: 61910K(62272K)->61910K(62272K) Class: 7743K(8000K)->7743K(8000K)
[2024-04-13T03:00:51.048+0800][363907.564s] GC(1537) Pause Young (Normal) (G1 Evacuation Pause) 384M->79M(512M) 2.506ms
[2024-04-13T03:00:51.048+0800][363907.564s] GC(1537) User=0.00s Sys=0.00s Real=0.00s
[2024-04-13T03:00:52.340+0800][363908.856s] GC(1538) Pause Young (Normal) (G1 Evacuation Pause)
[2024-04-13T03:00:52.340+0800][363908.856s] GC(1538) Using 13 workers of 13 for evacuation
[2024-04-13T03:00:52.343+0800][363908.858s] GC(1538)   Pre Evacuate Collection Set: 0.2ms
[2024-04-13T03:00:52.343+0800][363908.858s] GC(1538)   Merge Heap Roots: 0.1ms
[2024-04-13T03:00:52.343+0800][363908.858s] GC(1538)   Evacuate Collection Set: 1.5ms
[2024-04-13T03:00:52.343+0800][363908.858s] GC(1538)   Post Evacuate Collection Set: 0.5ms
[2024-04-13T03:00:52.343+0800][363908.858s] GC(1538)   Other: 0.1ms
[2024-04-13T03:00:52.343+0800][363908.858s] GC(1538) Eden regions: 305->0(305)
[2024-04-13T03:00:52.343+0800][363908.858s] GC(1538) Survivor regions: 2->2(39)
[2024-04-13T03:00:52.343+0800][363908.858s] GC(1538) Old regions: 75->75
[2024-04-13T03:00:52.343+0800][363908.858s] GC(1538) Humongous regions: 4->4
[2024-04-13T03:00:52.343+0800][363908.858s] GC(1538) Metaspace: 69653K(70272K)->69653K(70272K) NonClass: 61910K(62272K)->61910K(62272K) Class: 7743K(8000K)->7743K(8000K)
[2024-04-13T03:00:52.343+0800][363908.858s] GC(1538) Pause Young (Normal) (G1 Evacuation Pause) 384M->80M(512M) 2.612ms
[2024-04-13T03:00:52.343+0800][363908.858s] GC(1538) User=0.00s Sys=0.00s Real=0.00s
[2024-04-13T03:00:53.519+0800][363910.035s] GC(1539) Pause Young (Normal) (G1 Evacuation Pause)
[2024-04-13T03:00:53.519+0800][363910.035s] GC(1539) Using 13 workers of 13 for evacuation
[2024-04-13T03:00:53.522+0800][363910.038s] GC(1539)   Pre Evacuate Collection Set: 0.2ms
[2024-04-13T03:00:53.522+0800][363910.038s] GC(1539)   Merge Heap Roots: 0.2ms
[2024-04-13T03:00:53.522+0800][363910.038s] GC(1539)   Evacuate Collection Set: 1.6ms
[2024-04-13T03:00:53.522+0800][363910.038s] GC(1539)   Post Evacuate Collection Set: 0.6ms
[2024-04-13T03:00:53.522+0800][363910.038s] GC(1539)   Other: 0.1ms
[2024-04-13T03:00:53.522+0800][363910.038s] GC(1539) Eden regions: 305->0(305)
[2024-04-13T03:00:53.522+0800][363910.038s] GC(1539) Survivor regions: 2->2(39)
[2024-04-13T03:00:53.522+0800][363910.038s] GC(1539) Old regions: 75->75
[2024-04-13T03:00:53.522+0800][363910.038s] GC(1539) Humongous regions: 4->4
[2024-04-13T03:00:53.522+0800][363910.038s] GC(1539) Metaspace: 69653K(70272K)->69653K(70272K) NonClass: 61910K(62272K)->61910K(62272K) Class: 7743K(8000K)->7743K(8000K)
[2024-04-13T03:00:53.522+0800][363910.038s] GC(1539) Pause Young (Normal) (G1 Evacuation Pause) 385M->79M(512M) 2.896ms
[2024-04-13T03:00:53.522+0800][363910.038s] GC(1539) User=0.00s Sys=0.00s Real=0.00s
[2024-04-13T03:00:54.725+0800][363911.241s] GC(1540) Pause Young (Normal) (G1 Evacuation Pause)
[2024-04-13T03:00:54.725+0800][363911.241s] GC(1540) Using 13 workers of 13 for evacuation
[2024-04-13T03:00:54.728+0800][363911.243s] GC(1540)   Pre Evacuate Collection Set: 0.2ms
[2024-04-13T03:00:54.728+0800][363911.244s] GC(1540)   Merge Heap Roots: 0.2ms
[2024-04-13T03:00:54.728+0800][363911.244s] GC(1540)   Evacuate Collection Set: 1.8ms
[2024-04-13T03:00:54.728+0800][363911.244s] GC(1540)   Post Evacuate Collection Set: 0.6ms
[2024-04-13T03:00:54.728+0800][363911.244s] GC(1540)   Other: 0.1ms
[2024-04-13T03:00:54.728+0800][363911.244s] GC(1540) Eden regions: 305->0(305)
[2024-04-13T03:00:54.728+0800][363911.244s] GC(1540) Survivor regions: 2->2(39)
[2024-04-13T03:00:54.728+0800][363911.244s] GC(1540) Old regions: 75->75
[2024-04-13T03:00:54.728+0800][363911.244s] GC(1540) Humongous regions: 4->4
[2024-04-13T03:00:54.728+0800][363911.244s] GC(1540) Metaspace: 69653K(70272K)->69653K(70272K) NonClass: 61910K(62272K)->61910K(62272K) Class: 7743K(8000K)->7743K(8000K)
[2024-04-13T03:00:54.728+0800][363911.244s] GC(1540) Pause Young (Normal) (G1 Evacuation Pause) 384M->79M(512M) 3.025ms
[2024-04-13T03:00:54.728+0800][363911.244s] GC(1540) User=0.00s Sys=0.00s Real=0.00s
[2024-04-13T03:00:55.912+0800][363912.428s] GC(1541) Pause Young (Normal) (G1 Evacuation Pause)
[2024-04-13T03:00:55.912+0800][363912.428s] GC(1541) Using 13 workers of 13 for evacuation
[2024-04-13T03:00:55.914+0800][363912.430s] GC(1541)   Pre Evacuate Collection Set: 0.2ms
[2024-04-13T03:00:55.914+0800][363912.430s] GC(1541)   Merge Heap Roots: 0.1ms
[2024-04-13T03:00:55.914+0800][363912.430s] GC(1541)   Evacuate Collection Set: 1.2ms
[2024-04-13T03:00:55.914+0800][363912.430s] GC(1541)   Post Evacuate Collection Set: 0.6ms
[2024-04-13T03:00:55.914+0800][363912.430s] GC(1541)   Other: 0.1ms
[2024-04-13T03:00:55.914+0800][363912.430s] GC(1541) Eden regions: 305->0(305)
[2024-04-13T03:00:55.914+0800][363912.430s] GC(1541) Survivor regions: 2->2(39)
[2024-04-13T03:00:55.914+0800][363912.430s] GC(1541) Old regions: 75->75
[2024-04-13T03:00:55.914+0800][363912.430s] GC(1541) Humongous regions: 4->4
[2024-04-13T03:00:55.914+0800][363912.431s] GC(1541) Metaspace: 69653K(70272K)->69653K(70272K) NonClass: 61910K(62272K)->61910K(62272K) Class: 7743K(8000K)->7743K(8000K)
[2024-04-13T03:00:55.914+0800][363912.431s] GC(1541) Pause Young (Normal) (G1 Evacuation Pause) 384M->79M(512M) 2.343ms
[2024-04-13T03:00:55.914+0800][363912.431s] GC(1541) User=0.00s Sys=0.00s Real=0.00s
[2024-04-13T03:00:57.151+0800][363913.667s] GC(1542) Pause Young (Normal) (G1 Evacuation Pause)
[2024-04-13T03:00:57.151+0800][363913.667s] GC(1542) Using 13 workers of 13 for evacuation
[2024-04-13T03:00:57.153+0800][363913.669s] GC(1542)   Pre Evacuate Collection Set: 0.2ms
[2024-04-13T03:00:57.153+0800][363913.669s] GC(1542)   Merge Heap Roots: 0.1ms
[2024-04-13T03:00:57.153+0800][363913.669s] GC(1542)   Evacuate Collection Set: 1.3ms
[2024-04-13T03:00:57.153+0800][363913.669s] GC(1542)   Post Evacuate Collection Set: 0.5ms
[2024-04-13T03:00:57.153+0800][363913.669s] GC(1542)   Other: 0.1ms
[2024-04-13T03:00:57.153+0800][363913.669s] GC(1542) Eden regions: 305->0(305)
[2024-04-13T03:00:57.153+0800][363913.669s] GC(1542) Survivor regions: 2->2(39)
[2024-04-13T03:00:57.153+0800][363913.669s] GC(1542) Old regions: 75->75
[2024-04-13T03:00:57.153+0800][363913.669s] GC(1542) Humongous regions: 4->4
[2024-04-13T03:00:57.153+0800][363913.669s] GC(1542) Metaspace: 69653K(70272K)->69653K(70272K) NonClass: 61910K(62272K)->61910K(62272K) Class: 7743K(8000K)->7743K(8000K)
[2024-04-13T03:00:57.153+0800][363913.669s] GC(1542) Pause Young (Normal) (G1 Evacuation Pause) 384M->80M(512M) 2.344ms
[2024-04-13T03:00:57.153+0800][363913.669s] GC(1542) User=0.00s Sys=0.00s Real=0.00s
[2024-04-13T03:00:58.391+0800][363914.907s] GC(1543) Pause Young (Normal) (G1 Evacuation Pause)
[2024-04-13T03:00:58.391+0800][363914.907s] GC(1543) Using 13 workers of 13 for evacuation
[2024-04-13T03:00:58.394+0800][363914.909s] GC(1543)   Pre Evacuate Collection Set: 0.2ms
[2024-04-13T03:00:58.394+0800][363914.910s] GC(1543)   Merge Heap Roots: 0.1ms
[2024-04-13T03:00:58.394+0800][363914.910s] GC(1543)   Evacuate Collection Set: 1.3ms
[2024-04-13T03:00:58.394+0800][363914.910s] GC(1543)   Post Evacuate Collection Set: 0.5ms
[2024-04-13T03:00:58.394+0800][363914.910s] GC(1543)   Other: 0.1ms
[2024-04-13T03:00:58.394+0800][363914.910s] GC(1543) Eden regions: 305->0(305)
[2024-04-13T03:00:58.394+0800][363914.910s] GC(1543) Survivor regions: 2->2(39)
[2024-04-13T03:00:58.394+0800][363914.910s] GC(1543) Old regions: 75->75
[2024-04-13T03:00:58.394+0800][363914.910s] GC(1543) Humongous regions: 4->4
[2024-04-13T03:00:58.394+0800][363914.910s] GC(1543) Metaspace: 69653K(70272K)->69653K(70272K) NonClass: 61910K(62272K)->61910K(62272K) Class: 7743K(8000K)->7743K(8000K)
[2024-04-13T03:00:58.394+0800][363914.910s] GC(1543) Pause Young (Normal) (G1 Evacuation Pause) 385M->79M(512M) 2.388ms
[2024-04-13T03:00:58.394+0800][363914.910s] GC(1543) User=0.00s Sys=0.00s Real=0.00s
[2024-04-13T03:00:59.625+0800][363916.141s] GC(1544) Pause Young (Normal) (G1 Evacuation Pause)
[2024-04-13T03:00:59.625+0800][363916.141s] GC(1544) Using 13 workers of 13 for evacuation
[2024-04-13T03:00:59.627+0800][363916.143s] GC(1544)   Pre Evacuate Collection Set: 0.1ms
[2024-04-13T03:00:59.627+0800][363916.143s] GC(1544)   Merge Heap Roots: 0.1ms
[2024-04-13T03:00:59.627+0800][363916.143s] GC(1544)   Evacuate Collection Set: 1.2ms
[2024-04-13T03:00:59.627+0800][363916.143s] GC(1544)   Post Evacuate Collection Set: 0.4ms
[2024-04-13T03:00:59.627+0800][363916.143s] GC(1544)   Other: 0.1ms
[2024-04-13T03:00:59.627+0800][363916.143s] GC(1544) Eden regions: 305->0(305)
[2024-04-13T03:00:59.627+0800][363916.143s] GC(1544) Survivor regions: 2->2(39)
[2024-04-13T03:00:59.627+0800][363916.143s] GC(1544) Old regions: 75->75
[2024-04-13T03:00:59.627+0800][363916.143s] GC(1544) Humongous regions: 4->4
[2024-04-13T03:00:59.627+0800][363916.143s] GC(1544) Metaspace: 69653K(70272K)->69653K(70272K) NonClass: 61910K(62272K)->61910K(62272K) Class: 7743K(8000K)->7743K(8000K)
[2024-04-13T03:00:59.627+0800][363916.143s] GC(1544) Pause Young (Normal) (G1 Evacuation Pause) 384M->79M(512M) 2.065ms
[2024-04-13T03:00:59.627+0800][363916.143s] GC(1544) User=0.00s Sys=0.00s Real=0.00s
[2024-04-13T03:01:00.757+0800][363917.273s] GC(1545) Pause Young (Normal) (G1 Evacuation Pause)
[2024-04-13T03:01:00.757+0800][363917.273s] GC(1545) Using 13 workers of 13 for evacuation
[2024-04-13T03:01:00.758+0800][363917.274s] GC(1545)   Pre Evacuate Collection Set: 0.1ms
[2024-04-13T03:01:00.758+0800][363917.274s] GC(1545)   Merge Heap Roots: 0.1ms
[2024-04-13T03:01:00.758+0800][363917.274s] GC(1545)   Evacuate Collection Set: 1.2ms
[2024-04-13T03:01:00.758+0800][363917.274s] GC(1545)   Post Evacuate Collection Set: 0.3ms
[2024-04-13T03:01:00.759+0800][363917.274s] GC(1545)   Other: 0.1ms
[2024-04-13T03:01:00.759+0800][363917.274s] GC(1545) Eden regions: 305->0(305)
[2024-04-13T03:01:00.759+0800][363917.274s] GC(1545) Survivor regions: 2->2(39)
[2024-04-13T03:01:00.759+0800][363917.274s] GC(1545) Old regions: 75->75
[2024-04-13T03:01:00.759+0800][363917.275s] GC(1545) Humongous regions: 4->4
[2024-04-13T03:01:00.759+0800][363917.275s] GC(1545) Metaspace: 69653K(70272K)->69653K(70272K) NonClass: 61910K(62272K)->61910K(62272K) Class: 7743K(8000K)->7743K(8000K)
[2024-04-13T03:01:00.759+0800][363917.275s] GC(1545) Pause Young (Normal) (G1 Evacuation Pause) 384M->79M(512M) 1.896ms
[2024-04-13T03:01:00.759+0800][363917.275s] GC(1545) User=0.00s Sys=0.00s Real=0.00s
[2024-04-13T03:01:01.990+0800][363918.506s] GC(1546) Pause Young (Normal) (G1 Evacuation Pause)
[2024-04-13T03:01:01.990+0800][363918.506s] GC(1546) Using 13 workers of 13 for evacuation
[2024-04-13T03:01:01.992+0800][363918.508s] GC(1546)   Pre Evacuate Collection Set: 0.1ms
[2024-04-13T03:01:01.992+0800][363918.508s] GC(1546)   Merge Heap Roots: 0.1ms
[2024-04-13T03:01:01.992+0800][363918.508s] GC(1546)   Evacuate Collection Set: 1.3ms
[2024-04-13T03:01:01.992+0800][363918.508s] GC(1546)   Post Evacuate Collection Set: 0.3ms
[2024-04-13T03:01:01.992+0800][363918.508s] GC(1546)   Other: 0.1ms
[2024-04-13T03:01:01.992+0800][363918.508s] GC(1546) Eden regions: 305->0(305)
[2024-04-13T03:01:01.992+0800][363918.508s] GC(1546) Survivor regions: 2->2(39)
[2024-04-13T03:01:01.992+0800][363918.508s] GC(1546) Old regions: 75->75
[2024-04-13T03:01:01.992+0800][363918.508s] GC(1546) Humongous regions: 4->4
[2024-04-13T03:01:01.992+0800][363918.508s] GC(1546) Metaspace: 69653K(70272K)->69653K(70272K) NonClass: 61910K(62272K)->61910K(62272K) Class: 7743K(8000K)->7743K(8000K)
[2024-04-13T03:01:01.992+0800][363918.508s] GC(1546) Pause Young (Normal) (G1 Evacuation Pause) 384M->80M(512M) 2.177ms
[2024-04-13T03:01:01.992+0800][363918.508s] GC(1546) User=0.00s Sys=0.00s Real=0.00s
[2024-04-13T03:01:03.260+0800][363919.776s] GC(1547) Pause Young (Normal) (G1 Evacuation Pause)
[2024-04-13T03:01:03.260+0800][363919.776s] GC(1547) Using 13 workers of 13 for evacuation
[2024-04-13T03:01:03.263+0800][363919.779s] GC(1547)   Pre Evacuate Collection Set: 0.2ms
[2024-04-13T03:01:03.263+0800][363919.779s] GC(1547)   Merge Heap Roots: 0.1ms
[2024-04-13T03:01:03.263+0800][363919.779s] GC(1547)   Evacuate Collection Set: 1.6ms
[2024-04-13T03:01:03.263+0800][363919.779s] GC(1547)   Post Evacuate Collection Set: 0.4ms
[2024-04-13T03:01:03.263+0800][363919.779s] GC(1547)   Other: 0.1ms
[2024-04-13T03:01:03.263+0800][363919.779s] GC(1547) Eden regions: 305->0(305)
[2024-04-13T03:01:03.263+0800][363919.779s] GC(1547) Survivor regions: 2->2(39)
[2024-04-13T03:01:03.263+0800][363919.779s] GC(1547) Old regions: 75->75
[2024-04-13T03:01:03.263+0800][363919.779s] GC(1547) Humongous regions: 4->4
[2024-04-13T03:01:03.263+0800][363919.779s] GC(1547) Metaspace: 69653K(70272K)->69653K(70272K) NonClass: 61910K(62272K)->61910K(62272K) Class: 7743K(8000K)->7743K(8000K)
[2024-04-13T03:01:03.263+0800][363919.779s] GC(1547) Pause Young (Normal) (G1 Evacuation Pause) 385M->79M(512M) 2.637ms
[2024-04-13T03:01:03.263+0800][363919.779s] GC(1547) User=0.00s Sys=0.00s Real=0.00s
[2024-04-13T03:01:04.576+0800][363921.092s] GC(1548) Pause Young (Normal) (G1 Evacuation Pause)
[2024-04-13T03:01:04.576+0800][363921.092s] GC(1548) Using 13 workers of 13 for evacuation
[2024-04-13T03:01:04.579+0800][363921.094s] GC(1548)   Pre Evacuate Collection Set: 0.1ms
[2024-04-13T03:01:04.579+0800][363921.094s] GC(1548)   Merge Heap Roots: 0.1ms
[2024-04-13T03:01:04.579+0800][363921.094s] GC(1548)   Evacuate Collection Set: 1.4ms
[2024-04-13T03:01:04.579+0800][363921.094s] GC(1548)   Post Evacuate Collection Set: 0.6ms
[2024-04-13T03:01:04.579+0800][363921.094s] GC(1548)   Other: 0.1ms
[2024-04-13T03:01:04.579+0800][363921.094s] GC(1548) Eden regions: 305->0(305)
[2024-04-13T03:01:04.579+0800][363921.094s] GC(1548) Survivor regions: 2->2(39)
[2024-04-13T03:01:04.579+0800][363921.094s] GC(1548) Old regions: 75->75
[2024-04-13T03:01:04.579+0800][363921.094s] GC(1548) Humongous regions: 4->4
[2024-04-13T03:01:04.579+0800][363921.095s] GC(1548) Metaspace: 69653K(70272K)->69653K(70272K) NonClass: 61910K(62272K)->61910K(62272K) Class: 7743K(8000K)->7743K(8000K)
[2024-04-13T03:01:04.579+0800][363921.095s] GC(1548) Pause Young (Normal) (G1 Evacuation Pause) 384M->80M(512M) 2.491ms
[2024-04-13T03:01:04.579+0800][363921.095s] GC(1548) User=0.00s Sys=0.00s Real=0.00s
[2024-04-13T03:01:05.886+0800][363922.402s] GC(1549) Pause Young (Normal) (G1 Evacuation Pause)
[2024-04-13T03:01:05.886+0800][363922.402s] GC(1549) Using 13 workers of 13 for evacuation
[2024-04-13T03:01:05.888+0800][363922.404s] GC(1549)   Pre Evacuate Collection Set: 0.2ms
[2024-04-13T03:01:05.888+0800][363922.404s] GC(1549)   Merge Heap Roots: 0.1ms
[2024-04-13T03:01:05.888+0800][363922.404s] GC(1549)   Evacuate Collection Set: 1.3ms
[2024-04-13T03:01:05.888+0800][363922.404s] GC(1549)   Post Evacuate Collection Set: 0.5ms
[2024-04-13T03:01:05.888+0800][363922.404s] GC(1549)   Other: 0.1ms
[2024-04-13T03:01:05.888+0800][363922.404s] GC(1549) Eden regions: 305->0(305)
[2024-04-13T03:01:05.888+0800][363922.404s] GC(1549) Survivor regions: 2->2(39)
[2024-04-13T03:01:05.888+0800][363922.404s] GC(1549) Old regions: 75->75
[2024-04-13T03:01:05.888+0800][363922.404s] GC(1549) Humongous regions: 4->4
[2024-04-13T03:01:05.888+0800][363922.404s] GC(1549) Metaspace: 69653K(70272K)->69653K(70272K) NonClass: 61910K(62272K)->61910K(62272K) Class: 7743K(8000K)->7743K(8000K)
[2024-04-13T03:01:05.888+0800][363922.404s] GC(1549) Pause Young (Normal) (G1 Evacuation Pause) 385M->79M(512M) 2.376ms
[2024-04-13T03:01:05.888+0800][363922.404s] GC(1549) User=0.00s Sys=0.00s Real=0.00s
[2024-04-13T03:01:07.208+0800][363923.724s] GC(1550) Pause Young (Normal) (G1 Evacuation Pause)
[2024-04-13T03:01:07.208+0800][363923.724s] GC(1550) Using 13 workers of 13 for evacuation
[2024-04-13T03:01:07.210+0800][363923.726s] GC(1550)   Pre Evacuate Collection Set: 0.1ms
[2024-04-13T03:01:07.210+0800][363923.726s] GC(1550)   Merge Heap Roots: 0.1ms
[2024-04-13T03:01:07.210+0800][363923.726s] GC(1550)   Evacuate Collection Set: 1.3ms
[2024-04-13T03:01:07.210+0800][363923.726s] GC(1550)   Post Evacuate Collection Set: 0.3ms
[2024-04-13T03:01:07.210+0800][363923.726s] GC(1550)   Other: 0.1ms
[2024-04-13T03:01:07.210+0800][363923.726s] GC(1550) Eden regions: 305->0(305)
[2024-04-13T03:01:07.210+0800][363923.726s] GC(1550) Survivor regions: 2->2(39)
[2024-04-13T03:01:07.210+0800][363923.726s] GC(1550) Old regions: 75->75
[2024-04-13T03:01:07.210+0800][363923.726s] GC(1550) Humongous regions: 4->4
[2024-04-13T03:01:07.210+0800][363923.726s] GC(1550) Metaspace: 69653K(70272K)->69653K(70272K) NonClass: 61910K(62272K)->61910K(62272K) Class: 7743K(8000K)->7743K(8000K)
[2024-04-13T03:01:07.210+0800][363923.726s] GC(1550) Pause Young (Normal) (G1 Evacuation Pause) 384M->79M(512M) 2.098ms
[2024-04-13T03:01:07.210+0800][363923.726s] GC(1550) User=0.00s Sys=0.00s Real=0.00s
[2024-04-13T03:01:08.615+0800][363925.131s] GC(1551) Pause Young (Normal) (G1 Evacuation Pause)
[2024-04-13T03:01:08.615+0800][363925.131s] GC(1551) Using 13 workers of 13 for evacuation
[2024-04-13T03:01:08.617+0800][363925.133s] GC(1551)   Pre Evacuate Collection Set: 0.2ms
[2024-04-13T03:01:08.617+0800][363925.133s] GC(1551)   Merge Heap Roots: 0.1ms
[2024-04-13T03:01:08.617+0800][363925.133s] GC(1551)   Evacuate Collection Set: 1.6ms
[2024-04-13T03:01:08.617+0800][363925.133s] GC(1551)   Post Evacuate Collection Set: 0.6ms
[2024-04-13T03:01:08.617+0800][363925.133s] GC(1551)   Other: 0.1ms
[2024-04-13T03:01:08.617+0800][363925.133s] GC(1551) Eden regions: 305->0(305)
[2024-04-13T03:01:08.617+0800][363925.134s] GC(1551) Survivor regions: 2->2(39)
[2024-04-13T03:01:08.617+0800][363925.134s] GC(1551) Old regions: 75->75
[2024-04-13T03:01:08.617+0800][363925.134s] GC(1551) Humongous regions: 4->4
[2024-04-13T03:01:08.617+0800][363925.134s] GC(1551) Metaspace: 69653K(70272K)->69653K(70272K) NonClass: 61910K(62272K)->61910K(62272K) Class: 7743K(8000K)->7743K(8000K)
[2024-04-13T03:01:08.617+0800][363925.134s] GC(1551) Pause Young (Normal) (G1 Evacuation Pause) 384M->79M(512M) 2.818ms
[2024-04-13T03:01:08.617+0800][363925.134s] GC(1551) User=0.00s Sys=0.00s Real=0.00s
[2024-04-13T03:01:09.826+0800][363926.342s] GC(1552) Pause Young (Normal) (G1 Evacuation Pause)
[2024-04-13T03:01:09.826+0800][363926.342s] GC(1552) Using 13 workers of 13 for evacuation
[2024-04-13T03:01:09.828+0800][363926.344s] GC(1552)   Pre Evacuate Collection Set: 0.1ms
[2024-04-13T03:01:09.828+0800][363926.344s] GC(1552)   Merge Heap Roots: 0.1ms
[2024-04-13T03:01:09.828+0800][363926.344s] GC(1552)   Evacuate Collection Set: 1.1ms
[2024-04-13T03:01:09.828+0800][363926.344s] GC(1552)   Post Evacuate Collection Set: 0.3ms
[2024-04-13T03:01:09.828+0800][363926.344s] GC(1552)   Other: 0.1ms
[2024-04-13T03:01:09.828+0800][363926.344s] GC(1552) Eden regions: 305->0(305)
[2024-04-13T03:01:09.828+0800][363926.344s] GC(1552) Survivor regions: 2->2(39)
[2024-04-13T03:01:09.828+0800][363926.344s] GC(1552) Old regions: 75->75
[2024-04-13T03:01:09.828+0800][363926.344s] GC(1552) Humongous regions: 4->4
[2024-04-13T03:01:09.828+0800][363926.344s] GC(1552) Metaspace: 69653K(70272K)->69653K(70272K) NonClass: 61910K(62272K)->61910K(62272K) Class: 7743K(8000K)->7743K(8000K)
[2024-04-13T03:01:09.828+0800][363926.344s] GC(1552) Pause Young (Normal) (G1 Evacuation Pause) 384M->79M(512M) 1.839ms
[2024-04-13T03:01:09.828+0800][363926.344s] GC(1552) User=0.00s Sys=0.00s Real=0.00s
[2024-04-13T03:01:11.321+0800][363927.837s] GC(1553) Pause Young (Normal) (G1 Evacuation Pause)
[2024-04-13T03:01:11.321+0800][363927.837s] GC(1553) Using 13 workers of 13 for evacuation
[2024-04-13T03:01:11.323+0800][363927.839s] GC(1553)   Pre Evacuate Collection Set: 0.2ms
[2024-04-13T03:01:11.323+0800][363927.839s] GC(1553)   Merge Heap Roots: 0.1ms
[2024-04-13T03:01:11.323+0800][363927.839s] GC(1553)   Evacuate Collection Set: 1.2ms
[2024-04-13T03:01:11.323+0800][363927.839s] GC(1553)   Post Evacuate Collection Set: 0.4ms
[2024-04-13T03:01:11.323+0800][363927.839s] GC(1553)   Other: 0.1ms
[2024-04-13T03:01:11.323+0800][363927.839s] GC(1553) Eden regions: 305->0(305)
[2024-04-13T03:01:11.323+0800][363927.839s] GC(1553) Survivor regions: 2->2(39)
[2024-04-13T03:01:11.323+0800][363927.839s] GC(1553) Old regions: 75->75
[2024-04-13T03:01:11.323+0800][363927.839s] GC(1553) Humongous regions: 4->4
[2024-04-13T03:01:11.323+0800][363927.839s] GC(1553) Metaspace: 69653K(70272K)->69653K(70272K) NonClass: 61910K(62272K)->61910K(62272K) Class: 7743K(8000K)->7743K(8000K)
[2024-04-13T03:01:11.323+0800][363927.839s] GC(1553) Pause Young (Normal) (G1 Evacuation Pause) 384M->79M(512M) 2.065ms
[2024-04-13T03:01:11.323+0800][363927.839s] GC(1553) User=0.00s Sys=0.00s Real=0.00s
[2024-04-13T03:01:12.532+0800][363929.048s] GC(1554) Pause Young (Normal) (G1 Evacuation Pause)
[2024-04-13T03:01:12.532+0800][363929.048s] GC(1554) Using 13 workers of 13 for evacuation
[2024-04-13T03:01:12.534+0800][363929.049s] GC(1554)   Pre Evacuate Collection Set: 0.1ms
[2024-04-13T03:01:12.534+0800][363929.049s] GC(1554)   Merge Heap Roots: 0.1ms
[2024-04-13T03:01:12.534+0800][363929.049s] GC(1554)   Evacuate Collection Set: 1.3ms
[2024-04-13T03:01:12.534+0800][363929.049s] GC(1554)   Post Evacuate Collection Set: 0.3ms
[2024-04-13T03:01:12.534+0800][363929.049s] GC(1554)   Other: 0.1ms
[2024-04-13T03:01:12.534+0800][363929.050s] GC(1554) Eden regions: 305->0(304)
[2024-04-13T03:01:12.534+0800][363929.050s] GC(1554) Survivor regions: 2->3(39)
[2024-04-13T03:01:12.534+0800][363929.050s] GC(1554) Old regions: 75->75
[2024-04-13T03:01:12.534+0800][363929.050s] GC(1554) Humongous regions: 4->4
[2024-04-13T03:01:12.534+0800][363929.050s] GC(1554) Metaspace: 69653K(70272K)->69653K(70272K) NonClass: 61910K(62272K)->61910K(62272K) Class: 7743K(8000K)->7743K(8000K)
[2024-04-13T03:01:12.534+0800][363929.050s] GC(1554) Pause Young (Normal) (G1 Evacuation Pause) 384M->80M(512M) 2.063ms
[2024-04-13T03:01:12.534+0800][363929.050s] GC(1554) User=0.00s Sys=0.00s Real=0.00s
[2024-04-13T03:01:13.776+0800][363930.291s] GC(1555) Pause Young (Normal) (G1 Evacuation Pause)
[2024-04-13T03:01:13.776+0800][363930.291s] GC(1555) Using 13 workers of 13 for evacuation
[2024-04-13T03:01:13.778+0800][363930.293s] GC(1555)   Pre Evacuate Collection Set: 0.1ms
[2024-04-13T03:01:13.778+0800][363930.294s] GC(1555)   Merge Heap Roots: 0.1ms
[2024-04-13T03:01:13.778+0800][363930.294s] GC(1555)   Evacuate Collection Set: 1.2ms
[2024-04-13T03:01:13.778+0800][363930.294s] GC(1555)   Post Evacuate Collection Set: 0.5ms
[2024-04-13T03:01:13.778+0800][363930.294s] GC(1555)   Other: 0.1ms
[2024-04-13T03:01:13.778+0800][363930.294s] GC(1555) Eden regions: 304->0(305)
[2024-04-13T03:01:13.778+0800][363930.294s] GC(1555) Survivor regions: 3->2(39)
[2024-04-13T03:01:13.778+0800][363930.294s] GC(1555) Old regions: 75->75
[2024-04-13T03:01:13.778+0800][363930.294s] GC(1555) Humongous regions: 4->4
[2024-04-13T03:01:13.778+0800][363930.294s] GC(1555) Metaspace: 69653K(70272K)->69653K(70272K) NonClass: 61910K(62272K)->61910K(62272K) Class: 7743K(8000K)->7743K(8000K)
[2024-04-13T03:01:13.778+0800][363930.294s] GC(1555) Pause Young (Normal) (G1 Evacuation Pause) 384M->80M(512M) 2.229ms
[2024-04-13T03:01:13.778+0800][363930.294s] GC(1555) User=0.00s Sys=0.00s Real=0.00s
[2024-04-13T03:01:14.974+0800][363931.490s] GC(1556) Pause Young (Normal) (G1 Evacuation Pause)
[2024-04-13T03:01:14.974+0800][363931.490s] GC(1556) Using 13 workers of 13 for evacuation
[2024-04-13T03:01:14.976+0800][363931.492s] GC(1556)   Pre Evacuate Collection Set: 0.1ms
[2024-04-13T03:01:14.976+0800][363931.492s] GC(1556)   Merge Heap Roots: 0.1ms
[2024-04-13T03:01:14.976+0800][363931.492s] GC(1556)   Evacuate Collection Set: 1.2ms
[2024-04-13T03:01:14.976+0800][363931.492s] GC(1556)   Post Evacuate Collection Set: 0.4ms
[2024-04-13T03:01:14.976+0800][363931.492s] GC(1556)   Other: 0.1ms
[2024-04-13T03:01:14.976+0800][363931.492s] GC(1556) Eden regions: 305->0(304)
[2024-04-13T03:01:14.976+0800][363931.492s] GC(1556) Survivor regions: 2->3(39)
[2024-04-13T03:01:14.976+0800][363931.492s] GC(1556) Old regions: 75->75
[2024-04-13T03:01:14.976+0800][363931.492s] GC(1556) Humongous regions: 4->4
[2024-04-13T03:01:14.976+0800][363931.492s] GC(1556) Metaspace: 69653K(70272K)->69653K(70272K) NonClass: 61910K(62272K)->61910K(62272K) Class: 7743K(8000K)->7743K(8000K)
[2024-04-13T03:01:14.976+0800][363931.492s] GC(1556) Pause Young (Normal) (G1 Evacuation Pause) 385M->80M(512M) 2.137ms
[2024-04-13T03:01:14.976+0800][363931.492s] GC(1556) User=0.00s Sys=0.00s Real=0.00s
[2024-04-13T03:01:16.193+0800][363932.709s] GC(1557) Pause Young (Normal) (G1 Evacuation Pause)
[2024-04-13T03:01:16.193+0800][363932.709s] GC(1557) Using 13 workers of 13 for evacuation
[2024-04-13T03:01:16.196+0800][363932.711s] GC(1557)   Pre Evacuate Collection Set: 0.2ms
[2024-04-13T03:01:16.196+0800][363932.711s] GC(1557)   Merge Heap Roots: 0.1ms
[2024-04-13T03:01:16.196+0800][363932.711s] GC(1557)   Evacuate Collection Set: 1.3ms
[2024-04-13T03:01:16.196+0800][363932.711s] GC(1557)   Post Evacuate Collection Set: 0.5ms
[2024-04-13T03:01:16.196+0800][363932.711s] GC(1557)   Other: 0.1ms
[2024-04-13T03:01:16.196+0800][363932.711s] GC(1557) Eden regions: 304->0(305)
[2024-04-13T03:01:16.196+0800][363932.711s] GC(1557) Survivor regions: 3->2(39)
[2024-04-13T03:01:16.196+0800][363932.711s] GC(1557) Old regions: 75->75
[2024-04-13T03:01:16.196+0800][363932.711s] GC(1557) Humongous regions: 4->4
[2024-04-13T03:01:16.196+0800][363932.711s] GC(1557) Metaspace: 69653K(70272K)->69653K(70272K) NonClass: 61910K(62272K)->61910K(62272K) Class: 7743K(8000K)->7743K(8000K)
[2024-04-13T03:01:16.196+0800][363932.711s] GC(1557) Pause Young (Normal) (G1 Evacuation Pause) 384M->80M(512M) 2.405ms
[2024-04-13T03:01:16.196+0800][363932.711s] GC(1557) User=0.00s Sys=0.00s Real=0.00s
[2024-04-13T03:01:17.409+0800][363933.926s] GC(1558) Pause Young (Normal) (G1 Evacuation Pause)
[2024-04-13T03:01:17.409+0800][363933.926s] GC(1558) Using 13 workers of 13 for evacuation
[2024-04-13T03:01:17.413+0800][363933.928s] GC(1558)   Pre Evacuate Collection Set: 0.2ms
[2024-04-13T03:01:17.413+0800][363933.928s] GC(1558)   Merge Heap Roots: 0.1ms
[2024-04-13T03:01:17.413+0800][363933.928s] GC(1558)   Evacuate Collection Set: 1.6ms
[2024-04-13T03:01:17.413+0800][363933.928s] GC(1558)   Post Evacuate Collection Set: 0.6ms
[2024-04-13T03:01:17.413+0800][363933.928s] GC(1558)   Other: 0.1ms
[2024-04-13T03:01:17.413+0800][363933.928s] GC(1558) Eden regions: 305->0(304)
[2024-04-13T03:01:17.413+0800][363933.928s] GC(1558) Survivor regions: 2->3(39)
[2024-04-13T03:01:17.413+0800][363933.928s] GC(1558) Old regions: 75->75
[2024-04-13T03:01:17.413+0800][363933.928s] GC(1558) Humongous regions: 4->4
[2024-04-13T03:01:17.413+0800][363933.928s] GC(1558) Metaspace: 69653K(70272K)->69653K(70272K) NonClass: 61910K(62272K)->61910K(62272K) Class: 7743K(8000K)->7743K(8000K)
[2024-04-13T03:01:17.413+0800][363933.928s] GC(1558) Pause Young (Normal) (G1 Evacuation Pause) 385M->80M(512M) 2.779ms
[2024-04-13T03:01:17.413+0800][363933.928s] GC(1558) User=0.00s Sys=0.00s Real=0.00s
[2024-04-13T03:01:18.613+0800][363935.129s] GC(1559) Pause Young (Normal) (G1 Evacuation Pause)
[2024-04-13T03:01:18.613+0800][363935.129s] GC(1559) Using 13 workers of 13 for evacuation
[2024-04-13T03:01:18.615+0800][363935.131s] GC(1559)   Pre Evacuate Collection Set: 0.1ms
[2024-04-13T03:01:18.615+0800][363935.131s] GC(1559)   Merge Heap Roots: 0.1ms
[2024-04-13T03:01:18.615+0800][363935.131s] GC(1559)   Evacuate Collection Set: 1.3ms
[2024-04-13T03:01:18.615+0800][363935.131s] GC(1559)   Post Evacuate Collection Set: 0.4ms
[2024-04-13T03:01:18.615+0800][363935.131s] GC(1559)   Other: 0.1ms
[2024-04-13T03:01:18.615+0800][363935.131s] GC(1559) Eden regions: 304->0(305)
[2024-04-13T03:01:18.615+0800][363935.131s] GC(1559) Survivor regions: 3->2(39)
[2024-04-13T03:01:18.615+0800][363935.131s] GC(1559) Old regions: 75->75
[2024-04-13T03:01:18.615+0800][363935.131s] GC(1559) Humongous regions: 4->4
[2024-04-13T03:01:18.615+0800][363935.131s] GC(1559) Metaspace: 69653K(70272K)->69653K(70272K) NonClass: 61910K(62272K)->61910K(62272K) Class: 7743K(8000K)->7743K(8000K)
[2024-04-13T03:01:18.615+0800][363935.131s] GC(1559) Pause Young (Normal) (G1 Evacuation Pause) 384M->80M(512M) 2.296ms
[2024-04-13T03:01:18.615+0800][363935.131s] GC(1559) User=0.00s Sys=0.00s Real=0.00s
[2024-04-13T03:01:19.845+0800][363936.361s] GC(1560) Pause Young (Normal) (G1 Evacuation Pause)
[2024-04-13T03:01:19.845+0800][363936.362s] GC(1560) Using 13 workers of 13 for evacuation
[2024-04-13T03:01:19.847+0800][363936.364s] GC(1560)   Pre Evacuate Collection Set: 0.1ms
[2024-04-13T03:01:19.847+0800][363936.364s] GC(1560)   Merge Heap Roots: 0.1ms
[2024-04-13T03:01:19.847+0800][363936.364s] GC(1560)   Evacuate Collection Set: 1.3ms
[2024-04-13T03:01:19.847+0800][363936.364s] GC(1560)   Post Evacuate Collection Set: 0.4ms
[2024-04-13T03:01:19.847+0800][363936.364s] GC(1560)   Other: 0.1ms
[2024-04-13T03:01:19.847+0800][363936.364s] GC(1560) Eden regions: 305->0(305)
[2024-04-13T03:01:19.847+0800][363936.364s] GC(1560) Survivor regions: 2->2(39)
[2024-04-13T03:01:19.847+0800][363936.364s] GC(1560) Old regions: 75->75
[2024-04-13T03:01:19.847+0800][363936.364s] GC(1560) Humongous regions: 4->4
[2024-04-13T03:01:19.847+0800][363936.364s] GC(1560) Metaspace: 69653K(70272K)->69653K(70272K) NonClass: 61910K(62272K)->61910K(62272K) Class: 7743K(8000K)->7743K(8000K)
[2024-04-13T03:01:19.847+0800][363936.364s] GC(1560) Pause Young (Normal) (G1 Evacuation Pause) 385M->79M(512M) 2.230ms
[2024-04-13T03:01:19.847+0800][363936.364s] GC(1560) User=0.03s Sys=0.00s Real=0.00s
[2024-04-13T03:01:21.138+0800][363937.655s] GC(1561) Pause Young (Normal) (G1 Evacuation Pause)
[2024-04-13T03:01:21.138+0800][363937.655s] GC(1561) Using 13 workers of 13 for evacuation
[2024-04-13T03:01:21.142+0800][363937.659s] GC(1561)   Pre Evacuate Collection Set: 0.1ms
[2024-04-13T03:01:21.142+0800][363937.659s] GC(1561)   Merge Heap Roots: 0.1ms
[2024-04-13T03:01:21.142+0800][363937.659s] GC(1561)   Evacuate Collection Set: 3.2ms
[2024-04-13T03:01:21.142+0800][363937.659s] GC(1561)   Post Evacuate Collection Set: 0.4ms
[2024-04-13T03:01:21.142+0800][363937.659s] GC(1561)   Other: 0.1ms
[2024-04-13T03:01:21.142+0800][363937.659s] GC(1561) Eden regions: 305->0(305)
[2024-04-13T03:01:21.142+0800][363937.659s] GC(1561) Survivor regions: 2->2(39)
[2024-04-13T03:01:21.142+0800][363937.659s] GC(1561) Old regions: 75->75
[2024-04-13T03:01:21.142+0800][363937.659s] GC(1561) Humongous regions: 4->4
[2024-04-13T03:01:21.142+0800][363937.659s] GC(1561) Metaspace: 69653K(70272K)->69653K(70272K) NonClass: 61910K(62272K)->61910K(62272K) Class: 7743K(8000K)->7743K(8000K)
[2024-04-13T03:01:21.142+0800][363937.659s] GC(1561) Pause Young (Normal) (G1 Evacuation Pause) 384M->79M(512M) 4.207ms
[2024-04-13T03:01:21.142+0800][363937.659s] GC(1561) User=0.00s Sys=0.00s Real=0.00s
[2024-04-13T03:01:22.388+0800][363938.904s] GC(1562) Pause Young (Normal) (G1 Evacuation Pause)
[2024-04-13T03:01:22.388+0800][363938.904s] GC(1562) Using 13 workers of 13 for evacuation
[2024-04-13T03:01:22.390+0800][363938.906s] GC(1562)   Pre Evacuate Collection Set: 0.1ms
[2024-04-13T03:01:22.390+0800][363938.906s] GC(1562)   Merge Heap Roots: 0.1ms
[2024-04-13T03:01:22.390+0800][363938.906s] GC(1562)   Evacuate Collection Set: 1.3ms
[2024-04-13T03:01:22.390+0800][363938.906s] GC(1562)   Post Evacuate Collection Set: 0.4ms
[2024-04-13T03:01:22.390+0800][363938.907s] GC(1562)   Other: 0.1ms
[2024-04-13T03:01:22.390+0800][363938.907s] GC(1562) Eden regions: 305->0(305)
[2024-04-13T03:01:22.390+0800][363938.907s] GC(1562) Survivor regions: 2->2(39)
[2024-04-13T03:01:22.390+0800][363938.907s] GC(1562) Old regions: 75->75
[2024-04-13T03:01:22.390+0800][363938.907s] GC(1562) Humongous regions: 4->4
[2024-04-13T03:01:22.390+0800][363938.907s] GC(1562) Metaspace: 69653K(70272K)->69653K(70272K) NonClass: 61910K(62272K)->61910K(62272K) Class: 7743K(8000K)->7743K(8000K)
[2024-04-13T03:01:22.390+0800][363938.907s] GC(1562) Pause Young (Normal) (G1 Evacuation Pause) 384M->80M(512M) 2.180ms
[2024-04-13T03:01:22.390+0800][363938.907s] GC(1562) User=0.00s Sys=0.00s Real=0.00s
[2024-04-13T03:01:23.634+0800][363940.150s] GC(1563) Pause Young (Normal) (G1 Evacuation Pause)
[2024-04-13T03:01:23.634+0800][363940.151s] GC(1563) Using 13 workers of 13 for evacuation
[2024-04-13T03:01:23.637+0800][363940.153s] GC(1563)   Pre Evacuate Collection Set: 0.2ms
[2024-04-13T03:01:23.637+0800][363940.154s] GC(1563)   Merge Heap Roots: 0.1ms
[2024-04-13T03:01:23.637+0800][363940.154s] GC(1563)   Evacuate Collection Set: 2.0ms
[2024-04-13T03:01:23.637+0800][363940.154s] GC(1563)   Post Evacuate Collection Set: 0.5ms
[2024-04-13T03:01:23.637+0800][363940.154s] GC(1563)   Other: 0.1ms
[2024-04-13T03:01:23.637+0800][363940.154s] GC(1563) Eden regions: 305->0(305)
[2024-04-13T03:01:23.637+0800][363940.154s] GC(1563) Survivor regions: 2->2(39)
[2024-04-13T03:01:23.637+0800][363940.154s] GC(1563) Old regions: 75->75
[2024-04-13T03:01:23.637+0800][363940.154s] GC(1563) Humongous regions: 4->4
[2024-04-13T03:01:23.637+0800][363940.154s] GC(1563) Metaspace: 69653K(70272K)->69653K(70272K) NonClass: 61910K(62272K)->61910K(62272K) Class: 7743K(8000K)->7743K(8000K)
[2024-04-13T03:01:23.637+0800][363940.154s] GC(1563) Pause Young (Normal) (G1 Evacuation Pause) 385M->80M(512M) 3.143ms
[2024-04-13T03:01:23.638+0800][363940.154s] GC(1563) User=0.00s Sys=0.00s Real=0.00s
[2024-04-13T03:01:24.929+0800][363941.445s] GC(1564) Pause Young (Normal) (G1 Evacuation Pause)
[2024-04-13T03:01:24.929+0800][363941.445s] GC(1564) Using 13 workers of 13 for evacuation
[2024-04-13T03:01:24.932+0800][363941.448s] GC(1564)   Pre Evacuate Collection Set: 0.2ms
[2024-04-13T03:01:24.932+0800][363941.448s] GC(1564)   Merge Heap Roots: 0.1ms
[2024-04-13T03:01:24.932+0800][363941.448s] GC(1564)   Evacuate Collection Set: 1.7ms
[2024-04-13T03:01:24.932+0800][363941.448s] GC(1564)   Post Evacuate Collection Set: 0.6ms
[2024-04-13T03:01:24.932+0800][363941.448s] GC(1564)   Other: 0.1ms
[2024-04-13T03:01:24.932+0800][363941.448s] GC(1564) Eden regions: 305->0(305)
[2024-04-13T03:01:24.932+0800][363941.448s] GC(1564) Survivor regions: 2->2(39)
[2024-04-13T03:01:24.932+0800][363941.448s] GC(1564) Old regions: 75->75
[2024-04-13T03:01:24.932+0800][363941.448s] GC(1564) Humongous regions: 4->4
[2024-04-13T03:01:24.932+0800][363941.448s] GC(1564) Metaspace: 69653K(70272K)->69653K(70272K) NonClass: 61910K(62272K)->61910K(62272K) Class: 7743K(8000K)->7743K(8000K)
[2024-04-13T03:01:24.932+0800][363941.448s] GC(1564) Pause Young (Normal) (G1 Evacuation Pause) 385M->80M(512M) 2.822ms
[2024-04-13T03:01:24.932+0800][363941.448s] GC(1564) User=0.00s Sys=0.00s Real=0.00s
[2024-04-13T03:01:26.140+0800][363942.656s] GC(1565) Pause Young (Normal) (G1 Evacuation Pause)
[2024-04-13T03:01:26.140+0800][363942.656s] GC(1565) Using 13 workers of 13 for evacuation
[2024-04-13T03:01:26.143+0800][363942.659s] GC(1565)   Pre Evacuate Collection Set: 0.2ms
[2024-04-13T03:01:26.143+0800][363942.659s] GC(1565)   Merge Heap Roots: 0.1ms
[2024-04-13T03:01:26.143+0800][363942.659s] GC(1565)   Evacuate Collection Set: 2.2ms
[2024-04-13T03:01:26.143+0800][363942.659s] GC(1565)   Post Evacuate Collection Set: 0.5ms
[2024-04-13T03:01:26.143+0800][363942.659s] GC(1565)   Other: 0.1ms
[2024-04-13T03:01:26.143+0800][363942.659s] GC(1565) Eden regions: 305->0(305)
[2024-04-13T03:01:26.143+0800][363942.659s] GC(1565) Survivor regions: 2->2(39)
[2024-04-13T03:01:26.143+0800][363942.659s] GC(1565) Old regions: 75->75
[2024-04-13T03:01:26.143+0800][363942.659s] GC(1565) Humongous regions: 4->4
[2024-04-13T03:01:26.143+0800][363942.659s] GC(1565) Metaspace: 69653K(70272K)->69653K(70272K) NonClass: 61910K(62272K)->61910K(62272K) Class: 7743K(8000K)->7743K(8000K)
[2024-04-13T03:01:26.143+0800][363942.659s] GC(1565) Pause Young (Normal) (G1 Evacuation Pause) 385M->80M(512M) 3.298ms
[2024-04-13T03:01:26.143+0800][363942.659s] GC(1565) User=0.00s Sys=0.00s Real=0.00s
[2024-04-13T03:01:27.497+0800][363944.013s] GC(1566) Pause Young (Normal) (G1 Evacuation Pause)
[2024-04-13T03:01:27.497+0800][363944.013s] GC(1566) Using 13 workers of 13 for evacuation
[2024-04-13T03:01:27.500+0800][363944.016s] GC(1566)   Pre Evacuate Collection Set: 0.2ms
[2024-04-13T03:01:27.500+0800][363944.016s] GC(1566)   Merge Heap Roots: 0.1ms
[2024-04-13T03:01:27.500+0800][363944.016s] GC(1566)   Evacuate Collection Set: 1.5ms
[2024-04-13T03:01:27.500+0800][363944.016s] GC(1566)   Post Evacuate Collection Set: 0.5ms
[2024-04-13T03:01:27.500+0800][363944.016s] GC(1566)   Other: 0.1ms
[2024-04-13T03:01:27.500+0800][363944.016s] GC(1566) Eden regions: 305->0(305)
[2024-04-13T03:01:27.500+0800][363944.016s] GC(1566) Survivor regions: 2->2(39)
[2024-04-13T03:01:27.500+0800][363944.016s] GC(1566) Old regions: 75->75
[2024-04-13T03:01:27.500+0800][363944.016s] GC(1566) Humongous regions: 4->4
[2024-04-13T03:01:27.500+0800][363944.016s] GC(1566) Metaspace: 69653K(70272K)->69653K(70272K) NonClass: 61910K(62272K)->61910K(62272K) Class: 7743K(8000K)->7743K(8000K)
[2024-04-13T03:01:27.500+0800][363944.016s] GC(1566) Pause Young (Normal) (G1 Evacuation Pause) 385M->80M(512M) 2.582ms
[2024-04-13T03:01:27.500+0800][363944.016s] GC(1566) User=0.00s Sys=0.00s Real=0.00s
[2024-04-13T03:01:28.796+0800][363945.312s] GC(1567) Pause Young (Normal) (G1 Evacuation Pause)
[2024-04-13T03:01:28.796+0800][363945.312s] GC(1567) Using 13 workers of 13 for evacuation
[2024-04-13T03:01:28.798+0800][363945.314s] GC(1567)   Pre Evacuate Collection Set: 0.2ms
[2024-04-13T03:01:28.798+0800][363945.314s] GC(1567)   Merge Heap Roots: 0.1ms
[2024-04-13T03:01:28.798+0800][363945.314s] GC(1567)   Evacuate Collection Set: 1.2ms
[2024-04-13T03:01:28.798+0800][363945.314s] GC(1567)   Post Evacuate Collection Set: 0.5ms
[2024-04-13T03:01:28.798+0800][363945.314s] GC(1567)   Other: 0.1ms
[2024-04-13T03:01:28.798+0800][363945.314s] GC(1567) Eden regions: 305->0(304)
[2024-04-13T03:01:28.798+0800][363945.314s] GC(1567) Survivor regions: 2->3(39)
[2024-04-13T03:01:28.798+0800][363945.314s] GC(1567) Old regions: 75->75
[2024-04-13T03:01:28.798+0800][363945.314s] GC(1567) Humongous regions: 4->4
[2024-04-13T03:01:28.798+0800][363945.314s] GC(1567) Metaspace: 69653K(70272K)->69653K(70272K) NonClass: 61910K(62272K)->61910K(62272K) Class: 7743K(8000K)->7743K(8000K)
[2024-04-13T03:01:28.798+0800][363945.314s] GC(1567) Pause Young (Normal) (G1 Evacuation Pause) 385M->81M(512M) 2.249ms
[2024-04-13T03:01:28.798+0800][363945.314s] GC(1567) User=0.00s Sys=0.00s Real=0.00s
[2024-04-13T03:01:30.113+0800][363946.629s] GC(1568) Pause Young (Normal) (G1 Evacuation Pause)
[2024-04-13T03:01:30.113+0800][363946.629s] GC(1568) Using 13 workers of 13 for evacuation
[2024-04-13T03:01:30.116+0800][363946.632s] GC(1568)   Pre Evacuate Collection Set: 0.1ms
[2024-04-13T03:01:30.116+0800][363946.632s] GC(1568)   Merge Heap Roots: 0.1ms
[2024-04-13T03:01:30.116+0800][363946.632s] GC(1568)   Evacuate Collection Set: 2.2ms
[2024-04-13T03:01:30.116+0800][363946.632s] GC(1568)   Post Evacuate Collection Set: 0.4ms
[2024-04-13T03:01:30.116+0800][363946.632s] GC(1568)   Other: 0.1ms
[2024-04-13T03:01:30.116+0800][363946.632s] GC(1568) Eden regions: 304->0(305)
[2024-04-13T03:01:30.116+0800][363946.632s] GC(1568) Survivor regions: 3->2(39)
[2024-04-13T03:01:30.116+0800][363946.632s] GC(1568) Old regions: 75->75
[2024-04-13T03:01:30.116+0800][363946.632s] GC(1568) Humongous regions: 4->4
[2024-04-13T03:01:30.116+0800][363946.632s] GC(1568) Metaspace: 69653K(70272K)->69653K(70272K) NonClass: 61910K(62272K)->61910K(62272K) Class: 7743K(8000K)->7743K(8000K)
[2024-04-13T03:01:30.116+0800][363946.632s] GC(1568) Pause Young (Normal) (G1 Evacuation Pause) 385M->80M(512M) 3.097ms
[2024-04-13T03:01:30.116+0800][363946.632s] GC(1568) User=0.00s Sys=0.00s Real=0.00s
[2024-04-13T03:01:31.368+0800][363947.884s] GC(1569) Pause Young (Normal) (G1 Evacuation Pause)
[2024-04-13T03:01:31.368+0800][363947.884s] GC(1569) Using 13 workers of 13 for evacuation
[2024-04-13T03:01:31.371+0800][363947.887s] GC(1569)   Pre Evacuate Collection Set: 0.1ms
[2024-04-13T03:01:31.371+0800][363947.887s] GC(1569)   Merge Heap Roots: 0.1ms
[2024-04-13T03:01:31.371+0800][363947.887s] GC(1569)   Evacuate Collection Set: 2.1ms
[2024-04-13T03:01:31.371+0800][363947.887s] GC(1569)   Post Evacuate Collection Set: 0.4ms
[2024-04-13T03:01:31.371+0800][363947.887s] GC(1569)   Other: 0.1ms
[2024-04-13T03:01:31.371+0800][363947.887s] GC(1569) Eden regions: 305->0(305)
[2024-04-13T03:01:31.371+0800][363947.887s] GC(1569) Survivor regions: 2->2(39)
[2024-04-13T03:01:31.371+0800][363947.887s] GC(1569) Old regions: 75->75
[2024-04-13T03:01:31.371+0800][363947.887s] GC(1569) Humongous regions: 4->4
[2024-04-13T03:01:31.371+0800][363947.887s] GC(1569) Metaspace: 69653K(70272K)->69653K(70272K) NonClass: 61910K(62272K)->61910K(62272K) Class: 7743K(8000K)->7743K(8000K)
[2024-04-13T03:01:31.371+0800][363947.887s] GC(1569) Pause Young (Normal) (G1 Evacuation Pause) 385M->80M(512M) 2.963ms
[2024-04-13T03:01:31.371+0800][363947.887s] GC(1569) User=0.00s Sys=0.00s Real=0.00s
[2024-04-13T03:01:32.549+0800][363949.065s] GC(1570) Pause Young (Normal) (G1 Evacuation Pause)
[2024-04-13T03:01:32.549+0800][363949.065s] GC(1570) Using 13 workers of 13 for evacuation
[2024-04-13T03:01:32.551+0800][363949.067s] GC(1570)   Pre Evacuate Collection Set: 0.1ms
[2024-04-13T03:01:32.551+0800][363949.067s] GC(1570)   Merge Heap Roots: 0.1ms
[2024-04-13T03:01:32.551+0800][363949.067s] GC(1570)   Evacuate Collection Set: 1.3ms
[2024-04-13T03:01:32.551+0800][363949.067s] GC(1570)   Post Evacuate Collection Set: 0.5ms
[2024-04-13T03:01:32.551+0800][363949.067s] GC(1570)   Other: 0.1ms
[2024-04-13T03:01:32.551+0800][363949.067s] GC(1570) Eden regions: 305->0(305)
[2024-04-13T03:01:32.551+0800][363949.067s] GC(1570) Survivor regions: 2->2(39)
[2024-04-13T03:01:32.551+0800][363949.067s] GC(1570) Old regions: 75->75
[2024-04-13T03:01:32.551+0800][363949.067s] GC(1570) Humongous regions: 4->4
[2024-04-13T03:01:32.551+0800][363949.067s] GC(1570) Metaspace: 69653K(70272K)->69653K(70272K) NonClass: 61910K(62272K)->61910K(62272K) Class: 7743K(8000K)->7743K(8000K)
[2024-04-13T03:01:32.551+0800][363949.067s] GC(1570) Pause Young (Normal) (G1 Evacuation Pause) 385M->80M(512M) 2.319ms
[2024-04-13T03:01:32.551+0800][363949.067s] GC(1570) User=0.06s Sys=0.02s Real=0.00s
[2024-04-13T03:01:33.784+0800][363950.300s] GC(1571) Pause Young (Normal) (G1 Evacuation Pause)
[2024-04-13T03:01:33.784+0800][363950.300s] GC(1571) Using 13 workers of 13 for evacuation
[2024-04-13T03:01:33.787+0800][363950.302s] GC(1571)   Pre Evacuate Collection Set: 0.2ms
[2024-04-13T03:01:33.787+0800][363950.302s] GC(1571)   Merge Heap Roots: 0.2ms
[2024-04-13T03:01:33.787+0800][363950.302s] GC(1571)   Evacuate Collection Set: 1.3ms
[2024-04-13T03:01:33.787+0800][363950.302s] GC(1571)   Post Evacuate Collection Set: 0.5ms
[2024-04-13T03:01:33.787+0800][363950.302s] GC(1571)   Other: 0.1ms
[2024-04-13T03:01:33.787+0800][363950.302s] GC(1571) Eden regions: 305->0(305)
[2024-04-13T03:01:33.787+0800][363950.302s] GC(1571) Survivor regions: 2->2(39)
[2024-04-13T03:01:33.787+0800][363950.302s] GC(1571) Old regions: 75->76
[2024-04-13T03:01:33.787+0800][363950.302s] GC(1571) Humongous regions: 4->4
[2024-04-13T03:01:33.787+0800][363950.302s] GC(1571) Metaspace: 69653K(70272K)->69653K(70272K) NonClass: 61910K(62272K)->61910K(62272K) Class: 7743K(8000K)->7743K(8000K)
[2024-04-13T03:01:33.787+0800][363950.302s] GC(1571) Pause Young (Normal) (G1 Evacuation Pause) 385M->80M(512M) 2.432ms
[2024-04-13T03:01:33.787+0800][363950.302s] GC(1571) User=0.11s Sys=0.00s Real=0.00s
[2024-04-13T03:01:35.025+0800][363951.541s] GC(1572) Pause Young (Normal) (G1 Evacuation Pause)
[2024-04-13T03:01:35.025+0800][363951.541s] GC(1572) Using 13 workers of 13 for evacuation
[2024-04-13T03:01:35.028+0800][363951.543s] GC(1572)   Pre Evacuate Collection Set: 0.2ms
[2024-04-13T03:01:35.028+0800][363951.543s] GC(1572)   Merge Heap Roots: 0.2ms
[2024-04-13T03:01:35.028+0800][363951.543s] GC(1572)   Evacuate Collection Set: 1.6ms
[2024-04-13T03:01:35.028+0800][363951.543s] GC(1572)   Post Evacuate Collection Set: 0.7ms
[2024-04-13T03:01:35.028+0800][363951.544s] GC(1572)   Other: 0.1ms
[2024-04-13T03:01:35.028+0800][363951.544s] GC(1572) Eden regions: 305->0(305)
[2024-04-13T03:01:35.028+0800][363951.544s] GC(1572) Survivor regions: 2->2(39)
[2024-04-13T03:01:35.028+0800][363951.544s] GC(1572) Old regions: 76->76
[2024-04-13T03:01:35.028+0800][363951.544s] GC(1572) Humongous regions: 4->4
[2024-04-13T03:01:35.028+0800][363951.544s] GC(1572) Metaspace: 69653K(70272K)->69653K(70272K) NonClass: 61910K(62272K)->61910K(62272K) Class: 7743K(8000K)->7743K(8000K)
[2024-04-13T03:01:35.028+0800][363951.544s] GC(1572) Pause Young (Normal) (G1 Evacuation Pause) 385M->80M(512M) 2.900ms
[2024-04-13T03:01:35.028+0800][363951.544s] GC(1572) User=0.00s Sys=0.00s Real=0.00s
[2024-04-13T03:01:36.305+0800][363952.821s] GC(1573) Pause Young (Normal) (G1 Evacuation Pause)
[2024-04-13T03:01:36.305+0800][363952.821s] GC(1573) Using 13 workers of 13 for evacuation
[2024-04-13T03:01:36.307+0800][363952.823s] GC(1573)   Pre Evacuate Collection Set: 0.1ms
[2024-04-13T03:01:36.307+0800][363952.823s] GC(1573)   Merge Heap Roots: 0.1ms
[2024-04-13T03:01:36.307+0800][363952.823s] GC(1573)   Evacuate Collection Set: 1.4ms
[2024-04-13T03:01:36.307+0800][363952.823s] GC(1573)   Post Evacuate Collection Set: 0.4ms
[2024-04-13T03:01:36.307+0800][363952.823s] GC(1573)   Other: 0.1ms
[2024-04-13T03:01:36.307+0800][363952.823s] GC(1573) Eden regions: 305->0(304)
[2024-04-13T03:01:36.307+0800][363952.823s] GC(1573) Survivor regions: 2->3(39)
[2024-04-13T03:01:36.307+0800][363952.823s] GC(1573) Old regions: 76->76
[2024-04-13T03:01:36.307+0800][363952.823s] GC(1573) Humongous regions: 4->4
[2024-04-13T03:01:36.307+0800][363952.823s] GC(1573) Metaspace: 69653K(70272K)->69653K(70272K) NonClass: 61910K(62272K)->61910K(62272K) Class: 7743K(8000K)->7743K(8000K)
[2024-04-13T03:01:36.307+0800][363952.823s] GC(1573) Pause Young (Normal) (G1 Evacuation Pause) 385M->81M(512M) 2.273ms
[2024-04-13T03:01:36.307+0800][363952.823s] GC(1573) User=0.00s Sys=0.00s Real=0.00s
[2024-04-13T03:01:37.508+0800][363954.024s] GC(1574) Pause Young (Normal) (G1 Evacuation Pause)
[2024-04-13T03:01:37.508+0800][363954.024s] GC(1574) Using 13 workers of 13 for evacuation
[2024-04-13T03:01:37.510+0800][363954.026s] GC(1574)   Pre Evacuate Collection Set: 0.1ms
[2024-04-13T03:01:37.510+0800][363954.026s] GC(1574)   Merge Heap Roots: 0.1ms
[2024-04-13T03:01:37.510+0800][363954.026s] GC(1574)   Evacuate Collection Set: 1.4ms
[2024-04-13T03:01:37.510+0800][363954.026s] GC(1574)   Post Evacuate Collection Set: 0.3ms
[2024-04-13T03:01:37.510+0800][363954.026s] GC(1574)   Other: 0.1ms
[2024-04-13T03:01:37.510+0800][363954.026s] GC(1574) Eden regions: 304->0(305)
[2024-04-13T03:01:37.510+0800][363954.026s] GC(1574) Survivor regions: 3->2(39)
[2024-04-13T03:01:37.510+0800][363954.026s] GC(1574) Old regions: 76->76
[2024-04-13T03:01:37.510+0800][363954.026s] GC(1574) Humongous regions: 4->4
[2024-04-13T03:01:37.510+0800][363954.026s] GC(1574) Metaspace: 69653K(70272K)->69653K(70272K) NonClass: 61910K(62272K)->61910K(62272K) Class: 7743K(8000K)->7743K(8000K)
[2024-04-13T03:01:37.510+0800][363954.026s] GC(1574) Pause Young (Normal) (G1 Evacuation Pause) 385M->81M(512M) 2.207ms
[2024-04-13T03:01:37.510+0800][363954.026s] GC(1574) User=0.00s Sys=0.00s Real=0.00s
[2024-04-13T03:01:38.763+0800][363955.279s] GC(1575) Pause Young (Normal) (G1 Evacuation Pause)
[2024-04-13T03:01:38.763+0800][363955.279s] GC(1575) Using 13 workers of 13 for evacuation
[2024-04-13T03:01:38.766+0800][363955.282s] GC(1575)   Pre Evacuate Collection Set: 0.2ms
[2024-04-13T03:01:38.766+0800][363955.282s] GC(1575)   Merge Heap Roots: 0.1ms
[2024-04-13T03:01:38.766+0800][363955.282s] GC(1575)   Evacuate Collection Set: 1.5ms
[2024-04-13T03:01:38.766+0800][363955.282s] GC(1575)   Post Evacuate Collection Set: 0.6ms
[2024-04-13T03:01:38.766+0800][363955.282s] GC(1575)   Other: 0.1ms
[2024-04-13T03:01:38.766+0800][363955.282s] GC(1575) Eden regions: 305->0(305)
[2024-04-13T03:01:38.766+0800][363955.282s] GC(1575) Survivor regions: 2->2(39)
[2024-04-13T03:01:38.766+0800][363955.282s] GC(1575) Old regions: 76->76
[2024-04-13T03:01:38.766+0800][363955.282s] GC(1575) Humongous regions: 4->4
[2024-04-13T03:01:38.766+0800][363955.282s] GC(1575) Metaspace: 69653K(70272K)->69653K(70272K) NonClass: 61910K(62272K)->61910K(62272K) Class: 7743K(8000K)->7743K(8000K)
[2024-04-13T03:01:38.766+0800][363955.282s] GC(1575) Pause Young (Normal) (G1 Evacuation Pause) 386M->80M(512M) 2.670ms
[2024-04-13T03:01:38.766+0800][363955.282s] GC(1575) User=0.00s Sys=0.00s Real=0.00s
[2024-04-13T03:01:40.017+0800][363956.533s] GC(1576) Pause Young (Normal) (G1 Evacuation Pause)
[2024-04-13T03:01:40.017+0800][363956.533s] GC(1576) Using 13 workers of 13 for evacuation
[2024-04-13T03:01:40.020+0800][363956.536s] GC(1576)   Pre Evacuate Collection Set: 0.2ms
[2024-04-13T03:01:40.020+0800][363956.536s] GC(1576)   Merge Heap Roots: 0.1ms
[2024-04-13T03:01:40.020+0800][363956.536s] GC(1576)   Evacuate Collection Set: 1.4ms
[2024-04-13T03:01:40.020+0800][363956.536s] GC(1576)   Post Evacuate Collection Set: 0.7ms
[2024-04-13T03:01:40.020+0800][363956.536s] GC(1576)   Other: 0.1ms
[2024-04-13T03:01:40.020+0800][363956.536s] GC(1576) Eden regions: 305->0(305)
[2024-04-13T03:01:40.020+0800][363956.536s] GC(1576) Survivor regions: 2->2(39)
[2024-04-13T03:01:40.020+0800][363956.536s] GC(1576) Old regions: 76->76
[2024-04-13T03:01:40.020+0800][363956.536s] GC(1576) Humongous regions: 4->4
[2024-04-13T03:01:40.020+0800][363956.536s] GC(1576) Metaspace: 69653K(70272K)->69653K(70272K) NonClass: 61910K(62272K)->61910K(62272K) Class: 7743K(8000K)->7743K(8000K)
[2024-04-13T03:01:40.020+0800][363956.536s] GC(1576) Pause Young (Normal) (G1 Evacuation Pause) 385M->80M(512M) 2.763ms
[2024-04-13T03:01:40.020+0800][363956.536s] GC(1576) User=0.03s Sys=0.00s Real=0.00s
[2024-04-13T03:01:41.213+0800][363957.729s] GC(1577) Pause Young (Normal) (G1 Evacuation Pause)
[2024-04-13T03:01:41.213+0800][363957.729s] GC(1577) Using 13 workers of 13 for evacuation
[2024-04-13T03:01:41.216+0800][363957.732s] GC(1577)   Pre Evacuate Collection Set: 0.2ms
[2024-04-13T03:01:41.216+0800][363957.732s] GC(1577)   Merge Heap Roots: 0.1ms
[2024-04-13T03:01:41.216+0800][363957.732s] GC(1577)   Evacuate Collection Set: 1.6ms
[2024-04-13T03:01:41.216+0800][363957.732s] GC(1577)   Post Evacuate Collection Set: 0.7ms
[2024-04-13T03:01:41.216+0800][363957.732s] GC(1577)   Other: 0.1ms
[2024-04-13T03:01:41.216+0800][363957.732s] GC(1577) Eden regions: 305->0(305)
[2024-04-13T03:01:41.216+0800][363957.732s] GC(1577) Survivor regions: 2->2(39)
[2024-04-13T03:01:41.216+0800][363957.732s] GC(1577) Old regions: 76->76
[2024-04-13T03:01:41.216+0800][363957.732s] GC(1577) Humongous regions: 4->4
[2024-04-13T03:01:41.216+0800][363957.732s] GC(1577) Metaspace: 69653K(70272K)->69653K(70272K) NonClass: 61910K(62272K)->61910K(62272K) Class: 7743K(8000K)->7743K(8000K)
[2024-04-13T03:01:41.216+0800][363957.732s] GC(1577) Pause Young (Normal) (G1 Evacuation Pause) 385M->80M(512M) 2.808ms
[2024-04-13T03:01:41.216+0800][363957.732s] GC(1577) User=0.00s Sys=0.00s Real=0.00s
[2024-04-13T03:01:42.463+0800][363958.979s] GC(1578) Pause Young (Normal) (G1 Evacuation Pause)
[2024-04-13T03:01:42.463+0800][363958.979s] GC(1578) Using 13 workers of 13 for evacuation
[2024-04-13T03:01:42.465+0800][363958.981s] GC(1578)   Pre Evacuate Collection Set: 0.1ms
[2024-04-13T03:01:42.465+0800][363958.981s] GC(1578)   Merge Heap Roots: 0.1ms
[2024-04-13T03:01:42.465+0800][363958.981s] GC(1578)   Evacuate Collection Set: 1.2ms
[2024-04-13T03:01:42.465+0800][363958.981s] GC(1578)   Post Evacuate Collection Set: 0.5ms
[2024-04-13T03:01:42.465+0800][363958.981s] GC(1578)   Other: 0.1ms
[2024-04-13T03:01:42.465+0800][363958.981s] GC(1578) Eden regions: 305->0(305)
[2024-04-13T03:01:42.465+0800][363958.981s] GC(1578) Survivor regions: 2->2(39)
[2024-04-13T03:01:42.465+0800][363958.981s] GC(1578) Old regions: 76->76
[2024-04-13T03:01:42.465+0800][363958.981s] GC(1578) Humongous regions: 4->4
[2024-04-13T03:01:42.465+0800][363958.981s] GC(1578) Metaspace: 69653K(70272K)->69653K(70272K) NonClass: 61910K(62272K)->61910K(62272K) Class: 7743K(8000K)->7743K(8000K)
[2024-04-13T03:01:42.465+0800][363958.981s] GC(1578) Pause Young (Normal) (G1 Evacuation Pause) 385M->80M(512M) 2.131ms
[2024-04-13T03:01:42.465+0800][363958.981s] GC(1578) User=0.00s Sys=0.00s Real=0.00s
[2024-04-13T03:01:43.678+0800][363960.194s] GC(1579) Pause Young (Normal) (G1 Evacuation Pause)
[2024-04-13T03:01:43.678+0800][363960.194s] GC(1579) Using 13 workers of 13 for evacuation
[2024-04-13T03:01:43.680+0800][363960.196s] GC(1579)   Pre Evacuate Collection Set: 0.2ms
[2024-04-13T03:01:43.680+0800][363960.196s] GC(1579)   Merge Heap Roots: 0.1ms
[2024-04-13T03:01:43.680+0800][363960.196s] GC(1579)   Evacuate Collection Set: 1.4ms
[2024-04-13T03:01:43.680+0800][363960.196s] GC(1579)   Post Evacuate Collection Set: 0.4ms
[2024-04-13T03:01:43.680+0800][363960.196s] GC(1579)   Other: 0.1ms
[2024-04-13T03:01:43.680+0800][363960.196s] GC(1579) Eden regions: 305->0(305)
[2024-04-13T03:01:43.680+0800][363960.196s] GC(1579) Survivor regions: 2->2(39)
[2024-04-13T03:01:43.680+0800][363960.196s] GC(1579) Old regions: 76->76
[2024-04-13T03:01:43.680+0800][363960.196s] GC(1579) Humongous regions: 4->4
[2024-04-13T03:01:43.681+0800][363960.196s] GC(1579) Metaspace: 69653K(70272K)->69653K(70272K) NonClass: 61910K(62272K)->61910K(62272K) Class: 7743K(8000K)->7743K(8000K)
[2024-04-13T03:01:43.681+0800][363960.196s] GC(1579) Pause Young (Normal) (G1 Evacuation Pause) 385M->80M(512M) 2.393ms
[2024-04-13T03:01:43.681+0800][363960.196s] GC(1579) User=0.00s Sys=0.00s Real=0.00s
[2024-04-13T03:01:44.921+0800][363961.437s] GC(1580) Pause Young (Normal) (G1 Evacuation Pause)
[2024-04-13T03:01:44.921+0800][363961.437s] GC(1580) Using 13 workers of 13 for evacuation
[2024-04-13T03:01:44.923+0800][363961.439s] GC(1580)   Pre Evacuate Collection Set: 0.2ms
[2024-04-13T03:01:44.923+0800][363961.439s] GC(1580)   Merge Heap Roots: 0.1ms
[2024-04-13T03:01:44.923+0800][363961.439s] GC(1580)   Evacuate Collection Set: 1.2ms
[2024-04-13T03:01:44.923+0800][363961.439s] GC(1580)   Post Evacuate Collection Set: 0.5ms
[2024-04-13T03:01:44.923+0800][363961.439s] GC(1580)   Other: 0.1ms
[2024-04-13T03:01:44.923+0800][363961.439s] GC(1580) Eden regions: 305->0(305)
[2024-04-13T03:01:44.923+0800][363961.439s] GC(1580) Survivor regions: 2->2(39)
[2024-04-13T03:01:44.923+0800][363961.439s] GC(1580) Old regions: 76->76
[2024-04-13T03:01:44.923+0800][363961.439s] GC(1580) Humongous regions: 4->4
[2024-04-13T03:01:44.923+0800][363961.439s] GC(1580) Metaspace: 69653K(70272K)->69653K(70272K) NonClass: 61910K(62272K)->61910K(62272K) Class: 7743K(8000K)->7743K(8000K)
[2024-04-13T03:01:44.923+0800][363961.439s] GC(1580) Pause Young (Normal) (G1 Evacuation Pause) 385M->81M(512M) 2.289ms
[2024-04-13T03:01:44.923+0800][363961.439s] GC(1580) User=0.00s Sys=0.00s Real=0.00s
[2024-04-13T03:01:46.144+0800][363962.660s] GC(1581) Pause Young (Normal) (G1 Evacuation Pause)
[2024-04-13T03:01:46.144+0800][363962.660s] GC(1581) Using 13 workers of 13 for evacuation
[2024-04-13T03:01:46.146+0800][363962.662s] GC(1581)   Pre Evacuate Collection Set: 0.1ms
[2024-04-13T03:01:46.146+0800][363962.662s] GC(1581)   Merge Heap Roots: 0.1ms
[2024-04-13T03:01:46.146+0800][363962.662s] GC(1581)   Evacuate Collection Set: 1.4ms
[2024-04-13T03:01:46.146+0800][363962.662s] GC(1581)   Post Evacuate Collection Set: 0.4ms
[2024-04-13T03:01:46.146+0800][363962.662s] GC(1581)   Other: 0.1ms
[2024-04-13T03:01:46.146+0800][363962.662s] GC(1581) Eden regions: 305->0(305)
[2024-04-13T03:01:46.146+0800][363962.662s] GC(1581) Survivor regions: 2->2(39)
[2024-04-13T03:01:46.146+0800][363962.662s] GC(1581) Old regions: 76->76
[2024-04-13T03:01:46.146+0800][363962.662s] GC(1581) Humongous regions: 4->4
[2024-04-13T03:01:46.146+0800][363962.662s] GC(1581) Metaspace: 69653K(70272K)->69653K(70272K) NonClass: 61910K(62272K)->61910K(62272K) Class: 7743K(8000K)->7743K(8000K)
[2024-04-13T03:01:46.146+0800][363962.662s] GC(1581) Pause Young (Normal) (G1 Evacuation Pause) 386M->80M(512M) 2.266ms
[2024-04-13T03:01:46.146+0800][363962.662s] GC(1581) User=0.00s Sys=0.00s Real=0.00s
[2024-04-13T03:01:47.349+0800][363963.865s] GC(1582) Pause Young (Normal) (G1 Evacuation Pause)
[2024-04-13T03:01:47.349+0800][363963.865s] GC(1582) Using 13 workers of 13 for evacuation
[2024-04-13T03:01:47.351+0800][363963.867s] GC(1582)   Pre Evacuate Collection Set: 0.2ms
[2024-04-13T03:01:47.351+0800][363963.867s] GC(1582)   Merge Heap Roots: 0.1ms
[2024-04-13T03:01:47.351+0800][363963.867s] GC(1582)   Evacuate Collection Set: 1.4ms
[2024-04-13T03:01:47.351+0800][363963.867s] GC(1582)   Post Evacuate Collection Set: 0.5ms
[2024-04-13T03:01:47.352+0800][363963.867s] GC(1582)   Other: 0.1ms
[2024-04-13T03:01:47.352+0800][363963.867s] GC(1582) Eden regions: 305->0(305)
[2024-04-13T03:01:47.352+0800][363963.867s] GC(1582) Survivor regions: 2->2(39)
[2024-04-13T03:01:47.352+0800][363963.867s] GC(1582) Old regions: 76->76
[2024-04-13T03:01:47.352+0800][363963.867s] GC(1582) Humongous regions: 4->4
[2024-04-13T03:01:47.352+0800][363963.868s] GC(1582) Metaspace: 69653K(70272K)->69653K(70272K) NonClass: 61910K(62272K)->61910K(62272K) Class: 7743K(8000K)->7743K(8000K)
[2024-04-13T03:01:47.352+0800][363963.868s] GC(1582) Pause Young (Normal) (G1 Evacuation Pause) 385M->81M(512M) 2.446ms
[2024-04-13T03:01:47.352+0800][363963.868s] GC(1582) User=0.00s Sys=0.00s Real=0.00s
[2024-04-13T03:01:48.579+0800][363965.096s] GC(1583) Pause Young (Normal) (G1 Evacuation Pause)
[2024-04-13T03:01:48.580+0800][363965.096s] GC(1583) Using 13 workers of 13 for evacuation
[2024-04-13T03:01:48.582+0800][363965.098s] GC(1583)   Pre Evacuate Collection Set: 0.2ms
[2024-04-13T03:01:48.582+0800][363965.098s] GC(1583)   Merge Heap Roots: 0.1ms
[2024-04-13T03:01:48.582+0800][363965.098s] GC(1583)   Evacuate Collection Set: 1.4ms
[2024-04-13T03:01:48.582+0800][363965.098s] GC(1583)   Post Evacuate Collection Set: 0.5ms
[2024-04-13T03:01:48.582+0800][363965.098s] GC(1583)   Other: 0.1ms
[2024-04-13T03:01:48.582+0800][363965.098s] GC(1583) Eden regions: 305->0(305)
[2024-04-13T03:01:48.582+0800][363965.098s] GC(1583) Survivor regions: 2->2(39)
[2024-04-13T03:01:48.582+0800][363965.098s] GC(1583) Old regions: 76->76
[2024-04-13T03:01:48.582+0800][363965.098s] GC(1583) Humongous regions: 4->4
[2024-04-13T03:01:48.582+0800][363965.098s] GC(1583) Metaspace: 69653K(70272K)->69653K(70272K) NonClass: 61910K(62272K)->61910K(62272K) Class: 7743K(8000K)->7743K(8000K)
[2024-04-13T03:01:48.582+0800][363965.098s] GC(1583) Pause Young (Normal) (G1 Evacuation Pause) 386M->80M(512M) 2.456ms
[2024-04-13T03:01:48.582+0800][363965.098s] GC(1583) User=0.20s Sys=0.00s Real=0.00s
[2024-04-13T03:01:49.762+0800][363966.278s] GC(1584) Pause Young (Normal) (G1 Evacuation Pause)
[2024-04-13T03:01:49.762+0800][363966.278s] GC(1584) Using 13 workers of 13 for evacuation
[2024-04-13T03:01:49.764+0800][363966.280s] GC(1584)   Pre Evacuate Collection Set: 0.2ms
[2024-04-13T03:01:49.764+0800][363966.280s] GC(1584)   Merge Heap Roots: 0.1ms
[2024-04-13T03:01:49.764+0800][363966.280s] GC(1584)   Evacuate Collection Set: 1.2ms
[2024-04-13T03:01:49.764+0800][363966.280s] GC(1584)   Post Evacuate Collection Set: 0.4ms
[2024-04-13T03:01:49.764+0800][363966.280s] GC(1584)   Other: 0.1ms
[2024-04-13T03:01:49.764+0800][363966.280s] GC(1584) Eden regions: 305->0(305)
[2024-04-13T03:01:49.764+0800][363966.280s] GC(1584) Survivor regions: 2->2(39)
[2024-04-13T03:01:49.764+0800][363966.280s] GC(1584) Old regions: 76->76
[2024-04-13T03:01:49.764+0800][363966.280s] GC(1584) Humongous regions: 4->4
[2024-04-13T03:01:49.764+0800][363966.280s] GC(1584) Metaspace: 69653K(70272K)->69653K(70272K) NonClass: 61910K(62272K)->61910K(62272K) Class: 7743K(8000K)->7743K(8000K)
[2024-04-13T03:01:49.764+0800][363966.280s] GC(1584) Pause Young (Normal) (G1 Evacuation Pause) 385M->81M(512M) 2.202ms
[2024-04-13T03:01:49.764+0800][363966.280s] GC(1584) User=0.00s Sys=0.00s Real=0.00s
[2024-04-13T03:01:50.982+0800][363967.499s] GC(1585) Pause Young (Normal) (G1 Evacuation Pause)
[2024-04-13T03:01:50.982+0800][363967.499s] GC(1585) Using 13 workers of 13 for evacuation
[2024-04-13T03:01:50.985+0800][363967.501s] GC(1585)   Pre Evacuate Collection Set: 0.2ms
[2024-04-13T03:01:50.985+0800][363967.501s] GC(1585)   Merge Heap Roots: 0.1ms
[2024-04-13T03:01:50.985+0800][363967.501s] GC(1585)   Evacuate Collection Set: 1.6ms
[2024-04-13T03:01:50.985+0800][363967.501s] GC(1585)   Post Evacuate Collection Set: 0.4ms
[2024-04-13T03:01:50.985+0800][363967.501s] GC(1585)   Other: 0.1ms
[2024-04-13T03:01:50.985+0800][363967.501s] GC(1585) Eden regions: 305->0(305)
[2024-04-13T03:01:50.985+0800][363967.501s] GC(1585) Survivor regions: 2->2(39)
[2024-04-13T03:01:50.985+0800][363967.501s] GC(1585) Old regions: 76->76
[2024-04-13T03:01:50.985+0800][363967.501s] GC(1585) Humongous regions: 4->4
[2024-04-13T03:01:50.985+0800][363967.501s] GC(1585) Metaspace: 69653K(70272K)->69653K(70272K) NonClass: 61910K(62272K)->61910K(62272K) Class: 7743K(8000K)->7743K(8000K)
[2024-04-13T03:01:50.985+0800][363967.501s] GC(1585) Pause Young (Normal) (G1 Evacuation Pause) 386M->81M(512M) 2.521ms
[2024-04-13T03:01:50.985+0800][363967.501s] GC(1585) User=0.00s Sys=0.00s Real=0.00s
[2024-04-13T03:01:52.308+0800][363968.825s] GC(1586) Pause Young (Normal) (G1 Evacuation Pause)
[2024-04-13T03:01:52.308+0800][363968.825s] GC(1586) Using 13 workers of 13 for evacuation
[2024-04-13T03:01:52.311+0800][363968.827s] GC(1586)   Pre Evacuate Collection Set: 0.1ms
[2024-04-13T03:01:52.311+0800][363968.827s] GC(1586)   Merge Heap Roots: 0.1ms
[2024-04-13T03:01:52.311+0800][363968.827s] GC(1586)   Evacuate Collection Set: 1.4ms
[2024-04-13T03:01:52.311+0800][363968.827s] GC(1586)   Post Evacuate Collection Set: 0.4ms
[2024-04-13T03:01:52.311+0800][363968.827s] GC(1586)   Other: 0.1ms
[2024-04-13T03:01:52.311+0800][363968.827s] GC(1586) Eden regions: 305->0(305)
[2024-04-13T03:01:52.311+0800][363968.827s] GC(1586) Survivor regions: 2->2(39)
[2024-04-13T03:01:52.311+0800][363968.827s] GC(1586) Old regions: 76->76
[2024-04-13T03:01:52.311+0800][363968.827s] GC(1586) Humongous regions: 4->4
[2024-04-13T03:01:52.311+0800][363968.827s] GC(1586) Metaspace: 69653K(70272K)->69653K(70272K) NonClass: 61910K(62272K)->61910K(62272K) Class: 7743K(8000K)->7743K(8000K)
[2024-04-13T03:01:52.311+0800][363968.827s] GC(1586) Pause Young (Normal) (G1 Evacuation Pause) 386M->80M(512M) 2.273ms
[2024-04-13T03:01:52.311+0800][363968.827s] GC(1586) User=0.00s Sys=0.00s Real=0.00s
[2024-04-13T03:01:53.626+0800][363970.143s] GC(1587) Pause Young (Normal) (G1 Evacuation Pause)
[2024-04-13T03:01:53.626+0800][363970.143s] GC(1587) Using 13 workers of 13 for evacuation
[2024-04-13T03:01:53.628+0800][363970.145s] GC(1587)   Pre Evacuate Collection Set: 0.1ms
[2024-04-13T03:01:53.628+0800][363970.145s] GC(1587)   Merge Heap Roots: 0.1ms
[2024-04-13T03:01:53.628+0800][363970.145s] GC(1587)   Evacuate Collection Set: 1.4ms
[2024-04-13T03:01:53.628+0800][363970.145s] GC(1587)   Post Evacuate Collection Set: 0.4ms
[2024-04-13T03:01:53.628+0800][363970.145s] GC(1587)   Other: 0.1ms
[2024-04-13T03:01:53.628+0800][363970.145s] GC(1587) Eden regions: 305->0(304)
[2024-04-13T03:01:53.628+0800][363970.145s] GC(1587) Survivor regions: 2->3(39)
[2024-04-13T03:01:53.628+0800][363970.145s] GC(1587) Old regions: 76->76
[2024-04-13T03:01:53.628+0800][363970.145s] GC(1587) Humongous regions: 4->4
[2024-04-13T03:01:53.628+0800][363970.145s] GC(1587) Metaspace: 69653K(70272K)->69653K(70272K) NonClass: 61910K(62272K)->61910K(62272K) Class: 7743K(8000K)->7743K(8000K)
[2024-04-13T03:01:53.628+0800][363970.145s] GC(1587) Pause Young (Normal) (G1 Evacuation Pause) 385M->81M(512M) 2.236ms
[2024-04-13T03:01:53.628+0800][363970.145s] GC(1587) User=0.03s Sys=0.00s Real=0.00s
[2024-04-13T03:01:54.974+0800][363971.490s] GC(1588) Pause Young (Normal) (G1 Evacuation Pause)
[2024-04-13T03:01:54.974+0800][363971.490s] GC(1588) Using 13 workers of 13 for evacuation
[2024-04-13T03:01:54.977+0800][363971.493s] GC(1588)   Pre Evacuate Collection Set: 0.1ms
[2024-04-13T03:01:54.977+0800][363971.493s] GC(1588)   Merge Heap Roots: 0.1ms
[2024-04-13T03:01:54.977+0800][363971.493s] GC(1588)   Evacuate Collection Set: 2.3ms
[2024-04-13T03:01:54.977+0800][363971.493s] GC(1588)   Post Evacuate Collection Set: 0.5ms
[2024-04-13T03:01:54.977+0800][363971.493s] GC(1588)   Other: 0.1ms
[2024-04-13T03:01:54.977+0800][363971.493s] GC(1588) Eden regions: 304->0(305)
[2024-04-13T03:01:54.977+0800][363971.493s] GC(1588) Survivor regions: 3->2(39)
[2024-04-13T03:01:54.977+0800][363971.493s] GC(1588) Old regions: 76->76
[2024-04-13T03:01:54.977+0800][363971.493s] GC(1588) Humongous regions: 4->4
[2024-04-13T03:01:54.977+0800][363971.493s] GC(1588) Metaspace: 69653K(70272K)->69653K(70272K) NonClass: 61910K(62272K)->61910K(62272K) Class: 7743K(8000K)->7743K(8000K)
[2024-04-13T03:01:54.977+0800][363971.493s] GC(1588) Pause Young (Normal) (G1 Evacuation Pause) 385M->80M(512M) 3.392ms
[2024-04-13T03:01:54.977+0800][363971.493s] GC(1588) User=0.00s Sys=0.00s Real=0.00s
[2024-04-13T03:01:56.258+0800][363972.774s] GC(1589) Pause Young (Normal) (G1 Evacuation Pause)
[2024-04-13T03:01:56.258+0800][363972.774s] GC(1589) Using 13 workers of 13 for evacuation
[2024-04-13T03:01:56.261+0800][363972.777s] GC(1589)   Pre Evacuate Collection Set: 0.1ms
[2024-04-13T03:01:56.261+0800][363972.777s] GC(1589)   Merge Heap Roots: 0.1ms
[2024-04-13T03:01:56.261+0800][363972.777s] GC(1589)   Evacuate Collection Set: 1.4ms
[2024-04-13T03:01:56.261+0800][363972.777s] GC(1589)   Post Evacuate Collection Set: 0.6ms
[2024-04-13T03:01:56.261+0800][363972.777s] GC(1589)   Other: 0.1ms
[2024-04-13T03:01:56.261+0800][363972.777s] GC(1589) Eden regions: 305->0(305)
[2024-04-13T03:01:56.261+0800][363972.777s] GC(1589) Survivor regions: 2->2(39)
[2024-04-13T03:01:56.261+0800][363972.777s] GC(1589) Old regions: 76->76
[2024-04-13T03:01:56.261+0800][363972.777s] GC(1589) Humongous regions: 4->4
[2024-04-13T03:01:56.261+0800][363972.777s] GC(1589) Metaspace: 69653K(70272K)->69653K(70272K) NonClass: 61910K(62272K)->61910K(62272K) Class: 7743K(8000K)->7743K(8000K)
[2024-04-13T03:01:56.261+0800][363972.777s] GC(1589) Pause Young (Normal) (G1 Evacuation Pause) 385M->80M(512M) 2.550ms
[2024-04-13T03:01:56.261+0800][363972.777s] GC(1589) User=0.00s Sys=0.00s Real=0.00s
[2024-04-13T03:01:57.483+0800][363973.999s] GC(1590) Pause Young (Normal) (G1 Evacuation Pause)
[2024-04-13T03:01:57.483+0800][363973.999s] GC(1590) Using 13 workers of 13 for evacuation
[2024-04-13T03:01:57.485+0800][363974.001s] GC(1590)   Pre Evacuate Collection Set: 0.2ms
[2024-04-13T03:01:57.485+0800][363974.001s] GC(1590)   Merge Heap Roots: 0.1ms
[2024-04-13T03:01:57.485+0800][363974.001s] GC(1590)   Evacuate Collection Set: 1.0ms
[2024-04-13T03:01:57.485+0800][363974.001s] GC(1590)   Post Evacuate Collection Set: 0.4ms
[2024-04-13T03:01:57.485+0800][363974.001s] GC(1590)   Other: 0.1ms
[2024-04-13T03:01:57.485+0800][363974.001s] GC(1590) Eden regions: 305->0(305)
[2024-04-13T03:01:57.485+0800][363974.001s] GC(1590) Survivor regions: 2->2(39)
[2024-04-13T03:01:57.485+0800][363974.001s] GC(1590) Old regions: 76->76
[2024-04-13T03:01:57.485+0800][363974.001s] GC(1590) Humongous regions: 4->4
[2024-04-13T03:01:57.485+0800][363974.001s] GC(1590) Metaspace: 69653K(70272K)->69653K(70272K) NonClass: 61910K(62272K)->61910K(62272K) Class: 7743K(8000K)->7743K(8000K)
[2024-04-13T03:01:57.485+0800][363974.001s] GC(1590) Pause Young (Normal) (G1 Evacuation Pause) 385M->80M(512M) 1.941ms
[2024-04-13T03:01:57.485+0800][363974.001s] GC(1590) User=0.00s Sys=0.00s Real=0.00s
[2024-04-13T03:01:58.693+0800][363975.208s] GC(1591) Pause Young (Normal) (G1 Evacuation Pause)
[2024-04-13T03:01:58.693+0800][363975.209s] GC(1591) Using 13 workers of 13 for evacuation
[2024-04-13T03:01:58.695+0800][363975.211s] GC(1591)   Pre Evacuate Collection Set: 0.2ms
[2024-04-13T03:01:58.695+0800][363975.211s] GC(1591)   Merge Heap Roots: 0.1ms
[2024-04-13T03:01:58.695+0800][363975.211s] GC(1591)   Evacuate Collection Set: 1.6ms
[2024-04-13T03:01:58.695+0800][363975.211s] GC(1591)   Post Evacuate Collection Set: 0.5ms
[2024-04-13T03:01:58.695+0800][363975.211s] GC(1591)   Other: 0.1ms
[2024-04-13T03:01:58.695+0800][363975.211s] GC(1591) Eden regions: 305->0(304)
[2024-04-13T03:01:58.695+0800][363975.211s] GC(1591) Survivor regions: 2->3(39)
[2024-04-13T03:01:58.695+0800][363975.211s] GC(1591) Old regions: 76->76
[2024-04-13T03:01:58.695+0800][363975.211s] GC(1591) Humongous regions: 4->4
[2024-04-13T03:01:58.695+0800][363975.211s] GC(1591) Metaspace: 69653K(70272K)->69653K(70272K) NonClass: 61910K(62272K)->61910K(62272K) Class: 7743K(8000K)->7743K(8000K)
[2024-04-13T03:01:58.695+0800][363975.211s] GC(1591) Pause Young (Normal) (G1 Evacuation Pause) 385M->81M(512M) 2.698ms
[2024-04-13T03:01:58.695+0800][363975.211s] GC(1591) User=0.00s Sys=0.00s Real=0.00s
[2024-04-13T03:01:59.914+0800][363976.430s] GC(1592) Pause Young (Normal) (G1 Evacuation Pause)
[2024-04-13T03:01:59.914+0800][363976.430s] GC(1592) Using 13 workers of 13 for evacuation
[2024-04-13T03:01:59.916+0800][363976.432s] GC(1592)   Pre Evacuate Collection Set: 0.2ms
[2024-04-13T03:01:59.916+0800][363976.432s] GC(1592)   Merge Heap Roots: 0.1ms
[2024-04-13T03:01:59.916+0800][363976.432s] GC(1592)   Evacuate Collection Set: 1.2ms
[2024-04-13T03:01:59.916+0800][363976.432s] GC(1592)   Post Evacuate Collection Set: 0.5ms
[2024-04-13T03:01:59.916+0800][363976.432s] GC(1592)   Other: 0.1ms
[2024-04-13T03:01:59.916+0800][363976.432s] GC(1592) Eden regions: 304->0(305)
[2024-04-13T03:01:59.916+0800][363976.432s] GC(1592) Survivor regions: 3->2(39)
[2024-04-13T03:01:59.916+0800][363976.432s] GC(1592) Old regions: 76->76
[2024-04-13T03:01:59.916+0800][363976.432s] GC(1592) Humongous regions: 4->4
[2024-04-13T03:01:59.916+0800][363976.432s] GC(1592) Metaspace: 69653K(70272K)->69653K(70272K) NonClass: 61910K(62272K)->61910K(62272K) Class: 7743K(8000K)->7743K(8000K)
[2024-04-13T03:01:59.916+0800][363976.432s] GC(1592) Pause Young (Normal) (G1 Evacuation Pause) 385M->81M(512M) 2.297ms
[2024-04-13T03:01:59.916+0800][363976.432s] GC(1592) User=0.00s Sys=0.00s Real=0.00s
[2024-04-13T03:02:01.117+0800][363977.633s] GC(1593) Pause Young (Normal) (G1 Evacuation Pause)
[2024-04-13T03:02:01.117+0800][363977.633s] GC(1593) Using 13 workers of 13 for evacuation
[2024-04-13T03:02:01.120+0800][363977.635s] GC(1593)   Pre Evacuate Collection Set: 0.2ms
[2024-04-13T03:02:01.120+0800][363977.635s] GC(1593)   Merge Heap Roots: 0.1ms
[2024-04-13T03:02:01.120+0800][363977.635s] GC(1593)   Evacuate Collection Set: 1.7ms
[2024-04-13T03:02:01.120+0800][363977.635s] GC(1593)   Post Evacuate Collection Set: 0.6ms
[2024-04-13T03:02:01.120+0800][363977.635s] GC(1593)   Other: 0.1ms
[2024-04-13T03:02:01.120+0800][363977.635s] GC(1593) Eden regions: 305->0(304)
[2024-04-13T03:02:01.120+0800][363977.635s] GC(1593) Survivor regions: 2->3(39)
[2024-04-13T03:02:01.120+0800][363977.635s] GC(1593) Old regions: 76->76
[2024-04-13T03:02:01.120+0800][363977.635s] GC(1593) Humongous regions: 4->4
[2024-04-13T03:02:01.120+0800][363977.635s] GC(1593) Metaspace: 69653K(70272K)->69653K(70272K) NonClass: 61910K(62272K)->61910K(62272K) Class: 7743K(8000K)->7743K(8000K)
[2024-04-13T03:02:01.120+0800][363977.636s] GC(1593) Pause Young (Normal) (G1 Evacuation Pause) 386M->81M(512M) 2.901ms
[2024-04-13T03:02:01.120+0800][363977.636s] GC(1593) User=0.00s Sys=0.00s Real=0.00s
[2024-04-13T03:02:02.334+0800][363978.850s] GC(1594) Pause Young (Normal) (G1 Evacuation Pause)
[2024-04-13T03:02:02.334+0800][363978.850s] GC(1594) Using 13 workers of 13 for evacuation
[2024-04-13T03:02:02.336+0800][363978.852s] GC(1594)   Pre Evacuate Collection Set: 0.1ms
[2024-04-13T03:02:02.336+0800][363978.852s] GC(1594)   Merge Heap Roots: 0.1ms
[2024-04-13T03:02:02.336+0800][363978.852s] GC(1594)   Evacuate Collection Set: 1.2ms
[2024-04-13T03:02:02.336+0800][363978.852s] GC(1594)   Post Evacuate Collection Set: 0.4ms
[2024-04-13T03:02:02.336+0800][363978.852s] GC(1594)   Other: 0.1ms
[2024-04-13T03:02:02.336+0800][363978.852s] GC(1594) Eden regions: 304->0(305)
[2024-04-13T03:02:02.336+0800][363978.852s] GC(1594) Survivor regions: 3->2(39)
[2024-04-13T03:02:02.336+0800][363978.852s] GC(1594) Old regions: 76->76
