[2024-03-31T22:09:24.491+0800][0.039s] CardTable entry size: 512
[2024-03-31T22:09:24.492+0800][0.040s] Using G1
[2024-03-31T22:09:24.888+0800][0.436s] Version: 21.0.2+13-LTS-58 (release)
[2024-03-31T22:09:24.889+0800][0.437s] CPUs: 16 total, 16 available
[2024-03-31T22:09:24.889+0800][0.437s] Memory: 16158M
[2024-03-31T22:09:24.889+0800][0.437s] Large Page Support: Disabled
[2024-03-31T22:09:24.889+0800][0.437s] NUMA Support: Disabled
[2024-03-31T22:09:24.889+0800][0.437s] Compressed Oops: Enabled (32-bit)
[2024-03-31T22:09:24.889+0800][0.437s] Heap Region Size: 1M
[2024-03-31T22:09:24.889+0800][0.437s] Heap Min Capacity: 512M
[2024-03-31T22:09:24.889+0800][0.437s] Heap Initial Capacity: 512M
[2024-03-31T22:09:24.889+0800][0.437s] Heap Max Capacity: 512M
[2024-03-31T22:09:24.889+0800][0.437s] Pre-touch: Enabled
[2024-03-31T22:09:24.889+0800][0.437s] Parallel Workers: 13
[2024-03-31T22:09:24.889+0800][0.437s] Concurrent Workers: 3
[2024-03-31T22:09:24.889+0800][0.437s] Concurrent Refinement Workers: 13
[2024-03-31T22:09:24.889+0800][0.437s] Periodic GC: Disabled
[2024-03-31T22:09:24.905+0800][0.453s] CDS archive(s) mapped at: [0x000001c498000000-0x000001c498c90000-0x000001c498c90000), size 13172736, SharedBaseAddress: 0x000001c498000000, ArchiveRelocationMode: 1.
[2024-03-31T22:09:24.905+0800][0.453s] Compressed class space mapped at: 0x000001c499000000-0x000001c4d9000000, reserved size: 1073741824
[2024-03-31T22:09:24.905+0800][0.453s] Narrow klass base: 0x000001c498000000, Narrow klass shift: 0, Narrow klass range: 0x100000000
[2024-03-31T22:09:26.326+0800][1.874s] GC(0) Pause Young (Normal) (G1 Evacuation Pause)
[2024-03-31T22:09:26.327+0800][1.875s] GC(0) Using 12 workers of 13 for evacuation
[2024-03-31T22:09:26.330+0800][1.878s] GC(0)   Pre Evacuate Collection Set: 0.2ms
[2024-03-31T22:09:26.330+0800][1.878s] GC(0)   Merge Heap Roots: 0.1ms
[2024-03-31T22:09:26.330+0800][1.878s] GC(0)   Evacuate Collection Set: 2.5ms
[2024-03-31T22:09:26.330+0800][1.878s] GC(0)   Post Evacuate Collection Set: 0.6ms
[2024-03-31T22:09:26.330+0800][1.878s] GC(0)   Other: 0.8ms
[2024-03-31T22:09:26.330+0800][1.878s] GC(0) Eden regions: 29->0(42)
[2024-03-31T22:09:26.330+0800][1.878s] GC(0) Survivor regions: 0->4(4)
[2024-03-31T22:09:26.330+0800][1.878s] GC(0) Old regions: 0->0
[2024-03-31T22:09:26.330+0800][1.878s] GC(0) Humongous regions: 0->0
[2024-03-31T22:09:26.330+0800][1.878s] GC(0) Metaspace: 6791K(6976K)->6791K(6976K) NonClass: 6022K(6080K)->6022K(6080K) Class: 768K(896K)->768K(896K)
[2024-03-31T22:09:26.330+0800][1.878s] GC(0) Pause Young (Normal) (G1 Evacuation Pause) 29M->3M(512M) 4.564ms
[2024-03-31T22:09:26.330+0800][1.878s] GC(0) User=0.00s Sys=0.00s Real=0.00s
[2024-03-31T22:09:27.895+0800][3.443s] GC(1) Pause Young (Normal) (G1 Evacuation Pause)
[2024-03-31T22:09:27.896+0800][3.443s] GC(1) Using 13 workers of 13 for evacuation
[2024-03-31T22:09:27.906+0800][3.454s] GC(1)   Pre Evacuate Collection Set: 0.2ms
[2024-03-31T22:09:27.906+0800][3.454s] GC(1)   Merge Heap Roots: 0.1ms
[2024-03-31T22:09:27.906+0800][3.454s] GC(1)   Evacuate Collection Set: 9.2ms
[2024-03-31T22:09:27.906+0800][3.454s] GC(1)   Post Evacuate Collection Set: 0.9ms
[2024-03-31T22:09:27.906+0800][3.454s] GC(1)   Other: 0.3ms
[2024-03-31T22:09:27.906+0800][3.454s] GC(1) Eden regions: 42->0(167)
[2024-03-31T22:09:27.906+0800][3.454s] GC(1) Survivor regions: 4->6(6)
[2024-03-31T22:09:27.906+0800][3.454s] GC(1) Old regions: 0->9
[2024-03-31T22:09:27.906+0800][3.454s] GC(1) Humongous regions: 4->4
[2024-03-31T22:09:27.906+0800][3.454s] GC(1) Metaspace: 18656K(19008K)->18656K(19008K) NonClass: 16531K(16704K)->16531K(16704K) Class: 2124K(2304K)->2124K(2304K)
[2024-03-31T22:09:27.906+0800][3.454s] GC(1) Pause Young (Normal) (G1 Evacuation Pause) 49M->18M(512M) 11.034ms
[2024-03-31T22:09:27.906+0800][3.454s] GC(1) User=0.14s Sys=0.00s Real=0.01s
[2024-03-31T22:09:29.137+0800][4.684s] GC(2) Pause Young (Normal) (G1 Evacuation Pause)
[2024-03-31T22:09:29.137+0800][4.685s] GC(2) Using 13 workers of 13 for evacuation
[2024-03-31T22:09:29.141+0800][4.689s] GC(2)   Pre Evacuate Collection Set: 0.1ms
[2024-03-31T22:09:29.141+0800][4.689s] GC(2)   Merge Heap Roots: 0.1ms
[2024-03-31T22:09:29.142+0800][4.689s] GC(2)   Evacuate Collection Set: 3.1ms
[2024-03-31T22:09:29.142+0800][4.689s] GC(2)   Post Evacuate Collection Set: 0.8ms
[2024-03-31T22:09:29.142+0800][4.689s] GC(2)   Other: 0.2ms
[2024-03-31T22:09:29.142+0800][4.689s] GC(2) Eden regions: 167->0(296)
[2024-03-31T22:09:29.142+0800][4.689s] GC(2) Survivor regions: 6->11(22)
[2024-03-31T22:09:29.142+0800][4.689s] GC(2) Old regions: 9->9
[2024-03-31T22:09:29.142+0800][4.689s] GC(2) Humongous regions: 4->4
[2024-03-31T22:09:29.142+0800][4.689s] GC(2) Metaspace: 19884K(20288K)->19884K(20288K) NonClass: 17627K(17856K)->17627K(17856K) Class: 2257K(2432K)->2257K(2432K)
[2024-03-31T22:09:29.142+0800][4.689s] GC(2) Pause Young (Normal) (G1 Evacuation Pause) 185M->23M(512M) 4.813ms
[2024-03-31T22:09:29.142+0800][4.689s] GC(2) User=0.00s Sys=0.00s Real=0.00s
[2024-03-31T22:09:29.386+0800][4.934s] GC(3) Pause Young (Concurrent Start) (Metadata GC Threshold)
[2024-03-31T22:09:29.386+0800][4.934s] GC(3) Using 13 workers of 13 for evacuation
[2024-03-31T22:09:29.391+0800][4.939s] GC(3)   Pre Evacuate Collection Set: 0.2ms
[2024-03-31T22:09:29.391+0800][4.939s] GC(3)   Merge Heap Roots: 0.1ms
[2024-03-31T22:09:29.391+0800][4.939s] GC(3)   Evacuate Collection Set: 3.8ms
[2024-03-31T22:09:29.391+0800][4.939s] GC(3)   Post Evacuate Collection Set: 0.7ms
[2024-03-31T22:09:29.391+0800][4.939s] GC(3)   Other: 0.1ms
[2024-03-31T22:09:29.391+0800][4.939s] GC(3) Eden regions: 24->0(295)
[2024-03-31T22:09:29.391+0800][4.939s] GC(3) Survivor regions: 11->12(39)
[2024-03-31T22:09:29.391+0800][4.939s] GC(3) Old regions: 9->9
[2024-03-31T22:09:29.392+0800][4.939s] GC(3) Humongous regions: 4->4
[2024-03-31T22:09:29.392+0800][4.939s] GC(3) Metaspace: 21048K(21504K)->21048K(21504K) NonClass: 18660K(18880K)->18660K(18880K) Class: 2387K(2624K)->2387K(2624K)
[2024-03-31T22:09:29.392+0800][4.939s] GC(3) Pause Young (Concurrent Start) (Metadata GC Threshold) 46M->23M(512M) 5.305ms
[2024-03-31T22:09:29.392+0800][4.939s] GC(4) Concurrent Mark Cycle
[2024-03-31T22:09:29.392+0800][4.939s] GC(3) User=0.00s Sys=0.00s Real=0.01s
[2024-03-31T22:09:29.392+0800][4.939s] GC(4) Concurrent Scan Root Regions
[2024-03-31T22:09:29.395+0800][4.943s] GC(4) Concurrent Scan Root Regions 3.367ms
[2024-03-31T22:09:29.395+0800][4.943s] GC(4) Concurrent Mark
[2024-03-31T22:09:29.395+0800][4.943s] GC(4) Concurrent Mark From Roots
[2024-03-31T22:09:29.395+0800][4.943s] GC(4) Using 3 workers of 3 for marking
[2024-03-31T22:09:29.406+0800][4.953s] GC(4) Concurrent Mark From Roots 10.450ms
[2024-03-31T22:09:29.406+0800][4.953s] GC(4) Concurrent Preclean
[2024-03-31T22:09:29.406+0800][4.953s] GC(4) Concurrent Preclean 0.098ms
[2024-03-31T22:09:29.407+0800][4.954s] GC(4) Pause Remark
[2024-03-31T22:09:29.409+0800][4.957s] GC(4) Pause Remark 24M->24M(512M) 2.735ms
[2024-03-31T22:09:29.409+0800][4.957s] GC(4) User=0.00s Sys=0.00s Real=0.00s
[2024-03-31T22:09:29.409+0800][4.957s] GC(4) Concurrent Mark 14.220ms
[2024-03-31T22:09:29.409+0800][4.957s] GC(4) Concurrent Rebuild Remembered Sets and Scrub Regions
[2024-03-31T22:09:29.413+0800][4.961s] GC(4) Concurrent Rebuild Remembered Sets and Scrub Regions 3.606ms
[2024-03-31T22:09:29.413+0800][4.961s] GC(4) Pause Cleanup
[2024-03-31T22:09:29.413+0800][4.961s] GC(4) Pause Cleanup 24M->24M(512M) 0.130ms
[2024-03-31T22:09:29.413+0800][4.961s] GC(4) User=0.00s Sys=0.00s Real=0.00s
[2024-03-31T22:09:29.413+0800][4.961s] GC(4) Concurrent Clear Claimed Marks
[2024-03-31T22:09:29.413+0800][4.961s] GC(4) Concurrent Clear Claimed Marks 0.063ms
[2024-03-31T22:09:29.413+0800][4.961s] GC(4) Concurrent Cleanup for Next Mark
[2024-03-31T22:09:29.414+0800][4.962s] GC(4) Concurrent Cleanup for Next Mark 0.753ms
[2024-03-31T22:09:29.414+0800][4.962s] GC(4) Concurrent Mark Cycle 22.588ms
[2024-03-31T22:09:31.837+0800][7.385s] GC(5) Pause Young (Concurrent Start) (Metadata GC Threshold)
[2024-03-31T22:09:31.837+0800][7.385s] GC(5) Using 13 workers of 13 for evacuation
[2024-03-31T22:09:31.844+0800][7.392s] GC(5)   Pre Evacuate Collection Set: 0.2ms
[2024-03-31T22:09:31.844+0800][7.392s] GC(5)   Merge Heap Roots: 0.1ms
[2024-03-31T22:09:31.844+0800][7.392s] GC(5)   Evacuate Collection Set: 5.9ms
[2024-03-31T22:09:31.844+0800][7.392s] GC(5)   Post Evacuate Collection Set: 0.7ms
[2024-03-31T22:09:31.844+0800][7.392s] GC(5)   Other: 0.1ms
[2024-03-31T22:09:31.844+0800][7.392s] GC(5) Eden regions: 100->0(291)
[2024-03-31T22:09:31.844+0800][7.392s] GC(5) Survivor regions: 12->16(39)
[2024-03-31T22:09:31.844+0800][7.392s] GC(5) Old regions: 9->9
[2024-03-31T22:09:31.844+0800][7.392s] GC(5) Humongous regions: 4->4
[2024-03-31T22:09:31.844+0800][7.392s] GC(5) Metaspace: 35894K(36288K)->35894K(36288K) NonClass: 31909K(32128K)->31909K(32128K) Class: 3984K(4160K)->3984K(4160K)
[2024-03-31T22:09:31.844+0800][7.392s] GC(5) Pause Young (Concurrent Start) (Metadata GC Threshold) 123M->27M(512M) 7.395ms
[2024-03-31T22:09:31.845+0800][7.392s] GC(5) User=0.20s Sys=0.00s Real=0.01s
[2024-03-31T22:09:31.845+0800][7.392s] GC(6) Concurrent Mark Cycle
[2024-03-31T22:09:31.845+0800][7.392s] GC(6) Concurrent Scan Root Regions
[2024-03-31T22:09:31.849+0800][7.396s] GC(6) Concurrent Scan Root Regions 3.861ms
[2024-03-31T22:09:31.849+0800][7.396s] GC(6) Concurrent Mark
[2024-03-31T22:09:31.849+0800][7.396s] GC(6) Concurrent Mark From Roots
[2024-03-31T22:09:31.849+0800][7.396s] GC(6) Using 3 workers of 3 for marking
[2024-03-31T22:09:31.856+0800][7.404s] GC(6) Concurrent Mark From Roots 7.405ms
[2024-03-31T22:09:31.856+0800][7.404s] GC(6) Concurrent Preclean
[2024-03-31T22:09:31.856+0800][7.404s] GC(6) Concurrent Preclean 0.091ms
[2024-03-31T22:09:31.856+0800][7.404s] GC(6) Pause Remark
[2024-03-31T22:09:31.860+0800][7.408s] GC(6) Pause Remark 28M->28M(512M) 3.824ms
[2024-03-31T22:09:31.860+0800][7.408s] GC(6) User=0.00s Sys=0.00s Real=0.00s
[2024-03-31T22:09:31.860+0800][7.408s] GC(6) Concurrent Mark 11.784ms
[2024-03-31T22:09:31.860+0800][7.408s] GC(6) Concurrent Rebuild Remembered Sets and Scrub Regions
[2024-03-31T22:09:31.864+0800][7.412s] GC(6) Concurrent Rebuild Remembered Sets and Scrub Regions 3.484ms
[2024-03-31T22:09:31.864+0800][7.412s] GC(6) Pause Cleanup
[2024-03-31T22:09:31.864+0800][7.412s] GC(6) Pause Cleanup 28M->28M(512M) 0.223ms
[2024-03-31T22:09:31.864+0800][7.412s] GC(6) User=0.00s Sys=0.00s Real=0.00s
[2024-03-31T22:09:31.864+0800][7.412s] GC(6) Concurrent Clear Claimed Marks
[2024-03-31T22:09:31.864+0800][7.412s] GC(6) Concurrent Clear Claimed Marks 0.076ms
[2024-03-31T22:09:31.864+0800][7.412s] GC(6) Concurrent Cleanup for Next Mark
[2024-03-31T22:09:31.866+0800][7.413s] GC(6) Concurrent Cleanup for Next Mark 1.355ms
[2024-03-31T22:09:31.866+0800][7.413s] GC(6) Concurrent Mark Cycle 21.351ms
[2024-03-31T22:09:50.220+0800][25.767s] GC(7) Pause Young (Normal) (G1 Evacuation Pause)
[2024-03-31T22:09:50.220+0800][25.767s] GC(7) Using 13 workers of 13 for evacuation
[2024-03-31T22:09:50.237+0800][25.784s] GC(7)   Pre Evacuate Collection Set: 0.1ms
[2024-03-31T22:09:50.237+0800][25.785s] GC(7)   Merge Heap Roots: 0.1ms
[2024-03-31T22:09:50.237+0800][25.785s] GC(7)   Evacuate Collection Set: 15.5ms
[2024-03-31T22:09:50.237+0800][25.785s] GC(7)   Post Evacuate Collection Set: 1.3ms
[2024-03-31T22:09:50.237+0800][25.785s] GC(7)   Other: 0.2ms
[2024-03-31T22:09:50.237+0800][25.785s] GC(7) Eden regions: 291->0(273)
[2024-03-31T22:09:50.237+0800][25.785s] GC(7) Survivor regions: 16->34(39)
[2024-03-31T22:09:50.237+0800][25.785s] GC(7) Old regions: 9->9
[2024-03-31T22:09:50.237+0800][25.785s] GC(7) Humongous regions: 4->4
[2024-03-31T22:09:50.237+0800][25.785s] GC(7) Metaspace: 59010K(59648K)->59010K(59648K) NonClass: 51907K(52224K)->51907K(52224K) Class: 7103K(7424K)->7103K(7424K)
[2024-03-31T22:09:50.237+0800][25.785s] GC(7) Pause Young (Normal) (G1 Evacuation Pause) 318M->45M(512M) 17.523ms
[2024-03-31T22:09:50.237+0800][25.785s] GC(7) User=0.20s Sys=0.00s Real=0.02s
[2024-03-31T22:09:50.884+0800][26.432s] GC(8) Pause Young (Concurrent Start) (Metadata GC Threshold)
[2024-03-31T22:09:50.884+0800][26.432s] GC(8) Using 13 workers of 13 for evacuation
[2024-03-31T22:09:50.898+0800][26.446s] GC(8)   Pre Evacuate Collection Set: 0.2ms
[2024-03-31T22:09:50.899+0800][26.446s] GC(8)   Merge Heap Roots: 0.1ms
[2024-03-31T22:09:50.899+0800][26.446s] GC(8)   Evacuate Collection Set: 12.5ms
[2024-03-31T22:09:50.899+0800][26.446s] GC(8)   Post Evacuate Collection Set: 1.2ms
[2024-03-31T22:09:50.899+0800][26.446s] GC(8)   Other: 0.1ms
[2024-03-31T22:09:50.899+0800][26.446s] GC(8) Eden regions: 144->0(287)
[2024-03-31T22:09:50.899+0800][26.446s] GC(8) Survivor regions: 34->20(39)
[2024-03-31T22:09:50.899+0800][26.446s] GC(8) Old regions: 9->23
[2024-03-31T22:09:50.899+0800][26.446s] GC(8) Humongous regions: 4->4
[2024-03-31T22:09:50.899+0800][26.446s] GC(8) Metaspace: 60444K(61056K)->60444K(61056K) NonClass: 53209K(53504K)->53209K(53504K) Class: 7234K(7552K)->7234K(7552K)
[2024-03-31T22:09:50.899+0800][26.446s] GC(8) Pause Young (Concurrent Start) (Metadata GC Threshold) 189M->46M(512M) 14.520ms
[2024-03-31T22:09:50.899+0800][26.446s] GC(9) Concurrent Mark Cycle
[2024-03-31T22:09:50.899+0800][26.446s] GC(8) User=0.20s Sys=0.00s Real=0.01s
[2024-03-31T22:09:50.899+0800][26.446s] GC(9) Concurrent Scan Root Regions
[2024-03-31T22:09:50.909+0800][26.457s] GC(9) Concurrent Scan Root Regions 10.423ms
[2024-03-31T22:09:50.909+0800][26.457s] GC(9) Concurrent Mark
[2024-03-31T22:09:50.909+0800][26.457s] GC(9) Concurrent Mark From Roots
[2024-03-31T22:09:50.909+0800][26.457s] GC(9) Using 3 workers of 3 for marking
[2024-03-31T22:09:50.918+0800][26.465s] GC(9) Concurrent Mark From Roots 8.533ms
[2024-03-31T22:09:50.918+0800][26.466s] GC(9) Concurrent Preclean
[2024-03-31T22:09:50.918+0800][26.466s] GC(9) Concurrent Preclean 0.071ms
[2024-03-31T22:09:50.918+0800][26.466s] GC(9) Pause Remark
[2024-03-31T22:09:50.923+0800][26.471s] GC(9) Pause Remark 47M->47M(512M) 4.959ms
[2024-03-31T22:09:50.923+0800][26.471s] GC(9) User=0.00s Sys=0.00s Real=0.01s
[2024-03-31T22:09:50.923+0800][26.471s] GC(9) Concurrent Mark 13.921ms
[2024-03-31T22:09:50.923+0800][26.471s] GC(9) Concurrent Rebuild Remembered Sets and Scrub Regions
[2024-03-31T22:09:50.931+0800][26.478s] GC(9) Concurrent Rebuild Remembered Sets and Scrub Regions 7.564ms
[2024-03-31T22:09:50.931+0800][26.479s] GC(9) Pause Cleanup
[2024-03-31T22:09:50.931+0800][26.479s] GC(9) Pause Cleanup 47M->47M(512M) 0.194ms
[2024-03-31T22:09:50.931+0800][26.479s] GC(9) User=0.00s Sys=0.00s Real=0.00s
[2024-03-31T22:09:50.931+0800][26.479s] GC(9) Concurrent Clear Claimed Marks
[2024-03-31T22:09:50.931+0800][26.479s] GC(9) Concurrent Clear Claimed Marks 0.122ms
[2024-03-31T22:09:50.931+0800][26.479s] GC(9) Concurrent Cleanup for Next Mark
[2024-03-31T22:09:50.933+0800][26.480s] GC(9) Concurrent Cleanup for Next Mark 1.093ms
[2024-03-31T22:09:50.933+0800][26.480s] GC(9) Concurrent Mark Cycle 33.811ms
